03-11 15:56:44.613 D/dalvikvm(  647): GC_EXPLICIT freed 2464K, 15% free 16448K/19316K, paused 2ms+5ms, total 78ms
03-11 15:56:44.613 I/MediaFocusControl(  647):   Remote Control   unregisterMediaButtonIntent() for PendingIntent{42858988: PendingIntentRecord{42896288 com.google.android.apps.magazines broadcastIntent}}
03-11 15:56:44.623 D/NdefPushServer(  939): start, thread = null
03-11 15:56:44.623 D/NdefPushServer(  939): starting new server thread
03-11 15:56:44.623 D/NdefPushServer(  939): about create LLCP service socket
03-11 15:56:44.623 D/NdefPushServer(  939): created LLCP service socket
03-11 15:56:44.623 D/NdefPushServer(  939): about to accept
03-11 15:56:44.633 I/wpa_supplicant(  754): wlan0: Associated with 08:1f:f3:b2:d0:ae
03-11 15:56:44.633 I/wpa_supplicant(  754): wlan0: CTRL-EVENT-CONNECTED - Connection to 08:1f:f3:b2:d0:ae completed (auth) [id=1 id_str=]
03-11 15:56:44.633 D/NfcService(  939): NFC-EE OFF
03-11 15:56:44.633 E/BrcmNfcJni(  939): nfcManager_doDeselectSecureElement: already deselected
03-11 15:56:44.633 D/NfcService(  939): NFC-C OFF
03-11 15:56:44.643 D/Tethering(  647): sendTetherStateChangedBroadcast 1, 0, 0
03-11 15:56:44.673 E/WifiStateMachine(  647): Unexpected BatchedScanResults :OK
03-11 15:56:44.703 D/BluetoothAdapter(  869): 1105864416: getState() :  mService = null. Returning STATE_OFF
03-11 15:56:44.713 D/dalvikvm( 1103): GC_CONCURRENT freed 433K, 5% free 10065K/10532K, paused 2ms+2ms, total 18ms
03-11 15:56:44.713 D/dalvikvm( 1103): WAIT_FOR_CONCURRENT_GC blocked 7ms
03-11 15:56:44.713 D/dalvikvm( 1103): WAIT_FOR_CONCURRENT_GC blocked 4ms
03-11 15:56:44.723 I/MultiDex( 1058): load(/data/app/com.google.android.gms-2.apk, forceReload=false)
03-11 15:56:44.743 D/dalvikvm( 1016): GC_CONCURRENT freed 241K, 3% free 9459K/9736K, paused 3ms+5ms, total 23ms
03-11 15:56:44.783 D/dalvikvm( 1058): GC_EXPLICIT freed 215K, 3% free 9514K/9724K, paused 4ms+5ms, total 33ms
03-11 15:56:44.783 V/BufferedAnalyticsState( 1103): Not ready for upload, 571 seconds left.
03-11 15:56:44.793 I/MultiDex( 1058): Need extracted file /data/data/com.google.android.gms/files/secondary-dexes/com.google.android.gms-2.apk.classes2.zip
03-11 15:56:44.793 I/MultiDex( 1058): No extraction needed for /data/data/com.google.android.gms/files/secondary-dexes/com.google.android.gms-2.apk.classes2.zip of size 1430457
03-11 15:56:44.803 D/GCM     ( 1058): COMPAT: Multi user ser=0 current=0
03-11 15:56:44.803 I/GCoreUlr( 1103): Ensuring that reporting is stopped because of reasons: {account#-17#=[InactiveReason{mVersionCode=0, mIdentifier=6, mName='ReportingNotSelected'}]}
03-11 15:56:44.803 D/GCoreFlp( 1103): Unknown pending intent to remove.
03-11 15:56:44.803 I/GCoreUlr( 1103): Unbound from all location providers
03-11 15:56:44.813 I/ActivityManager(  647): Start proc com.facebook.katana:dash_service for broadcast com.facebook.katana/com.facebook.keyguardservice.KeyguardServiceBooter: pid=1243 uid=10114 gids={50114, 1028, 1015, 3003}
03-11 15:56:44.873 W/GCM     ( 1058): Using fallback http
03-11 15:56:44.873 I/GoogleHttpClient( 1058): Falling back to old http client 0 java.lang.NoSuchMethodException: <init> [class android.content.Context, class java.lang.String, boolean]
03-11 15:56:44.973 I/GCM     ( 1058): GCM config loaded
03-11 15:56:44.973 D/GCM     ( 1058): GcmService start Intent { act=com.google.android.gms.INITIALIZE flg=0x10 pkg=com.google.android.gms cmp=com.google.android.gms/.gcm.GcmService } com.google.android.gms.INITIALIZE
03-11 15:56:44.983 D/CatchMeIfYouCan( 1243): Process (dash_service) ca: '/data/data/com.facebook.katana/app_cmiyc/FC3D6AF0DCAD751E9720A8A1538A89840AD3817701'
03-11 15:56:44.983 D/CatchMeIfYouCan( 1243): Process (dash_service) fc: '/data/data/com.facebook.katana/app_cmiyc/FC3D6AF0DCAD751E9720A8A1538A89840AD3817702'
03-11 15:56:44.983 D/CatchMeIfYouCan( 1243): Process (dash_service) cp: '('default', 3, 120000, silent [true], restart [false], logout [false])'
03-11 15:56:45.003 D/dalvikvm( 1058): GC_CONCURRENT freed 285K, 4% free 9702K/10084K, paused 3ms+4ms, total 22ms
03-11 15:56:45.013 D/ACRA    ( 1243): ACRA is enabled for com.facebook.katana, intializing...
03-11 15:56:45.023 D/ACRA    ( 1243): Looking for error files in /data/data/com.facebook.katana/app_acra-reports
03-11 15:56:45.023 D/ACRA    ( 1243): Looking for error files in /data/data/com.facebook.katana/app_minidumps
03-11 15:56:45.033 D/dalvikvm( 1243): Trying to load lib /data/app-lib/com.facebook.katana-2/libfb_stl_shared.so 0x41e9c5a8
03-11 15:56:45.033 D/dalvikvm( 1243): Added shared lib /data/app-lib/com.facebook.katana-2/libfb_stl_shared.so 0x41e9c5a8
03-11 15:56:45.033 D/dalvikvm( 1243): No JNI_OnLoad found in /data/app-lib/com.facebook.katana-2/libfb_stl_shared.so 0x41e9c5a8, skipping init
03-11 15:56:45.033 D/dalvikvm( 1243): Trying to load lib /data/app-lib/com.facebook.katana-2/libfb_breakpad_client.so 0x41e9c5a8
03-11 15:56:45.033 D/dalvikvm( 1243): Added shared lib /data/app-lib/com.facebook.katana-2/libfb_breakpad_client.so 0x41e9c5a8
03-11 15:56:45.033 D/ConnectivityService(  647): handleInetConditionChange: no active default network - ignore
03-11 15:56:45.053 W/SystemClassLoaderAdder( 1243): Could not find zipFile entry corresponding to path /data/app/com.facebook.katana-2.apk
03-11 15:56:45.053 V/DexLibLoader( 1243): Preparing secondary program dexes.
03-11 15:56:45.053 V/DexLibLoader( 1243): Loaded 2 raw lines of metadata.
03-11 15:56:45.053 V/DexLibLoader( 1243): Secondary program dex metadata: secondary-1.dex.jar.xz 188f1cf98e7929d7457e2cdf72a0777981e1fc27 secondary.dex01.Canary
03-11 15:56:45.053 V/DexLibLoader( 1243): Secondary program dex metadata: secondary-2.dex.jar.xz 14314443648960c2f9d1e4924306d1af2de75315 secondary.dex02.Canary
03-11 15:56:45.063 W/DexLibLoader( 1243): Unexpected file in program dex directory: /data/data/com.facebook.katana/app_secondary_program_dex/temp_dex_lock
03-11 15:56:45.063 V/DexLibLoader( 1243): Preparing to extract secondary-1.dex.jar.xz to /data/data/com.facebook.katana/app_secondary_program_dex/program-188f1cf98e7929d7457e2cdf72a0777981e1fc2731a2345d.dex.jar
03-11 15:56:45.063 V/DexLibLoader( 1243): Dex already copied
03-11 15:56:45.063 D/OdexVerifier( 1243): Odex verification is skipped.
03-11 15:56:45.063 V/DexLibLoader( 1243): Creating class loader
03-11 15:56:45.073 V/DexLibLoader( 1243): Finished creating class loader
03-11 15:56:45.073 D/dalvikvm( 1243): GC_CONCURRENT freed 269K, 4% free 9140K/9444K, paused 2ms+2ms, total 21ms
03-11 15:56:45.073 V/DexLibLoader( 1243): Preparing to extract secondary-2.dex.jar.xz to /data/data/com.facebook.katana/app_secondary_program_dex/program-14314443648960c2f9d1e4924306d1af2de7531531a2345d.dex.jar
03-11 15:56:45.073 V/DexLibLoader( 1243): Dex already copied
03-11 15:56:45.073 D/OdexVerifier( 1243): Odex verification is skipped.
03-11 15:56:45.073 V/DexLibLoader( 1243): Creating class loader
03-11 15:56:45.083 V/DexLibLoader( 1243): Finished creating class loader
03-11 15:56:45.083 V/DexLibLoader( 1243): Verifying classes from secondary dexes.
03-11 15:56:45.103 D/DexLibLoader( 1243): DexLibLoader.ensureDexLoaded took 62 ms
03-11 15:56:45.384 D/dalvikvm( 1243): GC_CONCURRENT freed 401K, 5% free 9232K/9668K, paused 1ms+2ms, total 26ms
03-11 15:56:45.474 D/dalvikvm( 1243): GC_CONCURRENT freed 291K, 4% free 9377K/9700K, paused 2ms+2ms, total 18ms
03-11 15:56:45.554 D/dalvikvm( 1243): GC_CONCURRENT freed 279K, 4% free 9541K/9852K, paused 2ms+3ms, total 23ms
03-11 15:56:45.654 D/dalvikvm( 1243): GC_CONCURRENT freed 322K, 4% free 9707K/10064K, paused 1ms+3ms, total 21ms
03-11 15:56:45.744 D/dalvikvm( 1243): GC_CONCURRENT freed 308K, 4% free 9892K/10232K, paused 2ms+4ms, total 28ms
03-11 15:56:45.844 D/dalvikvm( 1243): GC_CONCURRENT freed 306K, 4% free 10030K/10368K, paused 2ms+2ms, total 22ms
03-11 15:56:45.934 D/dalvikvm( 1243): GC_CONCURRENT freed 363K, 4% free 10172K/10568K, paused 2ms+4ms, total 30ms
03-11 15:56:45.954 D/BluetoothManagerService(  647): Message: 30
03-11 15:56:45.964 D/BluetoothManagerService(  647): Message: 30
03-11 15:56:45.964 W/ContextImpl(  647): Calling a method in the system process without a qualified user: android.app.ContextImpl.bindService:1543 android.bluetooth.BluetoothHeadset.doBind:283 android.bluetooth.BluetoothHeadset.<init>:276 android.bluetooth.BluetoothAdapter.getProfileProxy:1181 android.media.AudioService.getBluetoothHeadset:2245 
03-11 15:56:45.964 W/ContextImpl(  647): Calling a method in the system process without a qualified user: android.app.ContextImpl.bindService:1543 android.bluetooth.BluetoothA2dp.doBind:165 android.bluetooth.BluetoothA2dp.<init>:158 android.bluetooth.BluetoothAdapter.getProfileProxy:1184 android.media.AudioService$AudioServiceBroadcastReceiver.onReceive:4166 
03-11 15:56:45.964 V/WiredAccessoryManager(  647): init()
03-11 15:56:45.984 I/PowerManagerService(  647): Boot animation finished.
03-11 15:56:46.004 I/ActivityManager(  647): Start proc com.android.providers.calendar for broadcast com.android.providers.calendar/.CalendarReceiver: pid=1292 uid=10008 gids={50008, 3003, 1028, 1015}
03-11 15:56:46.024 I/RecoverySystem(  647): No recovery log file
03-11 15:56:46.044 I/ActivityManager(  647): Start proc com.facebook.katana for content provider com.facebook.katana/.provider.orca.FbSharedPreferencesContentProvider: pid=1317 uid=10114 gids={50114, 1028, 1015, 3003}
03-11 15:56:46.124 I/CalendarProvider2( 1292): Created com.android.providers.calendar.CalendarAlarmManager@41eb2430(com.android.providers.calendar.CalendarProvider2@41eaa100)
03-11 15:56:46.124 I/BootReceiver(  647): Copying /proc/last_kmsg to DropBox (SYSTEM_LAST_KMSG)
03-11 15:56:46.144 D/CatchMeIfYouCan( 1317): Process (<default>) ca: '/data/user/0/com.facebook.katana/app_cmiyc/A1657CCD543F12E66E587EE52ED9D802E22AAC4701'
03-11 15:56:46.144 D/CatchMeIfYouCan( 1317): Process (<default>) fc: '/data/user/0/com.facebook.katana/app_cmiyc/A1657CCD543F12E66E587EE52ED9D802E22AAC4702'
03-11 15:56:46.144 D/CatchMeIfYouCan( 1317): Process (<default>) cp: '('default', 3, 120000, silent [true], restart [false], logout [false])'
03-11 15:56:46.144 D/ACRA    ( 1317): ACRA is enabled for com.facebook.katana, intializing...
03-11 15:56:46.154 D/ACRA    ( 1317): Looking for error files in /data/user/0/com.facebook.katana/app_acra-reports
03-11 15:56:46.154 D/ACRA    ( 1317): Looking for error files in /data/user/0/com.facebook.katana/app_minidumps
03-11 15:56:46.154 I/ActivityManager(  647): Delay finish: com.android.providers.calendar/.CalendarReceiver
03-11 15:56:46.154 I/BootReceiver(  647): Copying audit failures to DropBox
03-11 15:56:46.164 D/dalvikvm( 1317): Trying to load lib /data/app-lib/com.facebook.katana-2/libfb_stl_shared.so 0x41ea9f18
03-11 15:56:46.174 D/dalvikvm( 1317): Added shared lib /data/app-lib/com.facebook.katana-2/libfb_stl_shared.so 0x41ea9f18
03-11 15:56:46.174 D/dalvikvm( 1317): No JNI_OnLoad found in /data/app-lib/com.facebook.katana-2/libfb_stl_shared.so 0x41ea9f18, skipping init
03-11 15:56:46.174 D/dalvikvm( 1317): Trying to load lib /data/app-lib/com.facebook.katana-2/libfb_breakpad_client.so 0x41ea9f18
03-11 15:56:46.174 D/dalvikvm( 1317): Added shared lib /data/app-lib/com.facebook.katana-2/libfb_breakpad_client.so 0x41ea9f18
03-11 15:56:46.174 I/BootReceiver(  647): Copied 2370 worth of audits to DropBox
03-11 15:56:46.174 I/BootReceiver(  647): Checking for fsck errors
03-11 15:56:46.184 D/dalvikvm( 1317): GC_CONCURRENT freed 236K, 3% free 9148K/9420K, paused 2ms+7ms, total 25ms
03-11 15:56:46.244 D/dalvikvm(  647): GC_CONCURRENT freed 1527K, 14% free 16793K/19316K, paused 2ms+5ms, total 70ms
03-11 15:56:46.244 D/dalvikvm(  647): WAIT_FOR_CONCURRENT_GC blocked 51ms
03-11 15:56:46.244 D/dalvikvm(  647): WAIT_FOR_CONCURRENT_GC blocked 54ms
03-11 15:56:46.244 D/dalvikvm(  647): WAIT_FOR_CONCURRENT_GC blocked 52ms
03-11 15:56:46.244 W/SystemClassLoaderAdder( 1317): Could not find zipFile entry corresponding to path /data/app/com.facebook.katana-2.apk
03-11 15:56:46.244 V/DexLibLoader( 1317): Preparing secondary program dexes.
03-11 15:56:46.244 V/DexLibLoader( 1317): Loaded 2 raw lines of metadata.
03-11 15:56:46.244 V/DexLibLoader( 1317): Secondary program dex metadata: secondary-1.dex.jar.xz 188f1cf98e7929d7457e2cdf72a0777981e1fc27 secondary.dex01.Canary
03-11 15:56:46.244 V/DexLibLoader( 1317): Secondary program dex metadata: secondary-2.dex.jar.xz 14314443648960c2f9d1e4924306d1af2de75315 secondary.dex02.Canary
03-11 15:56:46.244 W/DexLibLoader( 1317): Unexpected file in program dex directory: /data/user/0/com.facebook.katana/app_secondary_program_dex/temp_dex_lock
03-11 15:56:46.254 V/DexLibLoader( 1317): Preparing to extract secondary-1.dex.jar.xz to /data/user/0/com.facebook.katana/app_secondary_program_dex/program-188f1cf98e7929d7457e2cdf72a0777981e1fc2731a2345d.dex.jar
03-11 15:56:46.254 V/DexLibLoader( 1317): Dex already copied
03-11 15:56:46.254 D/OdexVerifier( 1317): Odex verification is skipped.
03-11 15:56:46.254 V/DexLibLoader( 1317): Creating class loader
03-11 15:56:46.254 V/DexLibLoader( 1317): Finished creating class loader
03-11 15:56:46.254 V/DexLibLoader( 1317): Preparing to extract secondary-2.dex.jar.xz to /data/user/0/com.facebook.katana/app_secondary_program_dex/program-14314443648960c2f9d1e4924306d1af2de7531531a2345d.dex.jar
03-11 15:56:46.254 V/DexLibLoader( 1317): Dex already copied
03-11 15:56:46.254 D/OdexVerifier( 1317): Odex verification is skipped.
03-11 15:56:46.254 V/DexLibLoader( 1317): Creating class loader
03-11 15:56:46.254 V/DexLibLoader( 1317): Finished creating class loader
03-11 15:56:46.254 V/DexLibLoader( 1317): Verifying classes from secondary dexes.
03-11 15:56:46.254 D/DexLibLoader( 1317): DexLibLoader.ensureDexLoaded took 79 ms
03-11 15:56:46.344 D/dalvikvm( 1317): GC_CONCURRENT freed 277K, 4% free 9275K/9588K, paused 3ms+3ms, total 18ms
03-11 15:56:46.415 D/dalvikvm( 1317): GC_CONCURRENT freed 325K, 4% free 9390K/9748K, paused 3ms+2ms, total 16ms
03-11 15:56:46.485 D/WifiStateMachine(  647): VerifyingLinkState enter
03-11 15:56:46.495 D/WifiStateMachine(  647): VerifyingLinkState GOOD_LINK_DETECTED: transition to captive portal check
03-11 15:56:46.495 D/WifiStateMachine(  647): CaptivePortalCheckState enter
03-11 15:56:46.495 D/WifiStateMachine(  647): CaptivePortalCheckState CMD_CAPTIVE_CHECK_COMPLETE
03-11 15:56:46.495 D/ConnectivityService(  647): Captive portal check NetworkInfo: type: WIFI[], state: CONNECTING/CAPTIVE_PORTAL_CHECK, reason: (unspecified), extra: "aalto open", roaming: false, failover: false, isAvailable: true, isConnectedToProvisioningNetwork: false
03-11 15:56:46.495 D/ConnectivityService(  647): handleCaptivePortalTrackerCheck: call captivePortalCheckComplete ni=NetworkInfo: type: WIFI[], state: CONNECTING/CAPTIVE_PORTAL_CHECK, reason: (unspecified), extra: "aalto open", roaming: false, failover: false, isAvailable: true, isConnectedToProvisioningNetwork: false
03-11 15:56:46.505 D/ConnectivityService(  647): ConnectivityChange for WIFI: CONNECTED/CONNECTED
03-11 15:56:46.515 E/ConnectivityService(  647): Unexpected mtu value: android.net.wifi.WifiStateTracker@42545530
03-11 15:56:46.525 D/Nat464Xlat(  647): requiresClat: netType=1, hasIPv4Address=true
03-11 15:56:46.535 D/dalvikvm( 1317): GC_CONCURRENT freed 336K, 4% free 9568K/9936K, paused 1ms+5ms, total 62ms
03-11 15:56:46.535 D/dalvikvm( 1317): WAIT_FOR_CONCURRENT_GC blocked 21ms
03-11 15:56:46.535 D/dalvikvm( 1317): WAIT_FOR_CONCURRENT_GC blocked 19ms
03-11 15:56:46.535 D/dalvikvm( 1317): WAIT_FOR_CONCURRENT_GC blocked 27ms
03-11 15:56:46.635 D/dalvikvm( 1317): GC_CONCURRENT freed 273K, 4% free 9750K/10056K, paused 3ms+2ms, total 20ms
03-11 15:56:46.735 D/dalvikvm( 1317): GC_CONCURRENT freed 337K, 4% free 9874K/10244K, paused 2ms+3ms, total 23ms
03-11 15:56:46.835 D/dalvikvm( 1317): GC_CONCURRENT freed 298K, 4% free 10054K/10384K, paused 2ms+3ms, total 27ms
03-11 15:56:46.915 D/dalvikvm( 1317): GC_CONCURRENT freed 313K, 4% free 10224K/10572K, paused 1ms+3ms, total 22ms
03-11 15:56:46.945 W/dalvikvm( 1317): method Lcom/facebook/reflex/view/AbstractListView;.invalidate incorrectly overrides package-private method with same name in Landroid/view/View;
03-11 15:56:46.945 W/dalvikvm( 1317): method Lcom/facebook/reflex/view/GalleryViewAutoReflex;.invalidate incorrectly overrides package-private method with same name in Landroid/view/View;
03-11 15:56:46.945 W/dalvikvm( 1317): method Lcom/facebook/reflex/view/HorizontalScrollViewAutoReflex;.invalidate incorrectly overrides package-private method with same name in Landroid/view/View;
03-11 15:56:46.945 W/dalvikvm( 1317): method Lcom/facebook/reflex/view/ImageViewAutoReflex;.invalidate incorrectly overrides package-private method with same name in Landroid/view/View;
03-11 15:56:46.955 W/dalvikvm( 1317): method Lcom/facebook/reflex/view/ScrollViewAutoReflex;.invalidate incorrectly overrides package-private method with same name in Landroid/view/View;
03-11 15:56:46.955 W/dalvikvm( 1317): method Lcom/facebook/reflex/view/ViewPagerAutoReflex;.invalidate incorrectly overrides package-private method with same name in Landroid/view/View;
03-11 15:56:47.025 D/dalvikvm( 1317): GC_CONCURRENT freed 325K, 4% free 10412K/10768K, paused 2ms+3ms, total 30ms
03-11 15:56:47.025 D/dalvikvm( 1317): WAIT_FOR_CONCURRENT_GC blocked 9ms
03-11 15:56:47.115 D/dalvikvm( 1317): GC_CONCURRENT freed 293K, 3% free 10597K/10924K, paused 2ms+2ms, total 31ms
03-11 15:56:47.115 D/dalvikvm( 1317): WAIT_FOR_CONCURRENT_GC blocked 16ms
03-11 15:56:47.145 I/CalendarProvider2( 1292): Sending notification intent: Intent { act=android.intent.action.PROVIDER_CHANGED dat=content://com.android.calendar }
03-11 15:56:47.145 W/ContentResolver( 1292): Failed to get type for: content://com.android.calendar (Unknown URL content://com.android.calendar)
03-11 15:56:47.145 I/ActivityManager(  647): Resuming delayed broadcast
03-11 15:56:47.155 I/ActivityManager(  647): Start proc com.google.android.configupdater for broadcast com.google.android.configupdater/.CertPin.CertPinUpdateRequestReceiver: pid=1383 uid=10011 gids={50011, 3003, 2001}
03-11 15:56:47.175 D/dalvikvm(  185): GC_EXPLICIT freed 42K, 1% free 8980K/9056K, paused 1ms+5ms, total 24ms
03-11 15:56:47.195 D/dalvikvm(  185): GC_EXPLICIT freed <1K, 1% free 8980K/9056K, paused 1ms+2ms, total 17ms
03-11 15:56:47.205 D/dalvikvm(  185): GC_EXPLICIT freed <1K, 1% free 8980K/9056K, paused 1ms+2ms, total 17ms
03-11 15:56:47.235 D/dalvikvm( 1317): GC_CONCURRENT freed 276K, 3% free 10864K/11172K, paused 3ms+3ms, total 33ms
03-11 15:56:47.235 D/dalvikvm( 1317): WAIT_FOR_CONCURRENT_GC blocked 5ms
03-11 15:56:47.235 E/UpdateRequestReceiver( 1383): ignoring update request
03-11 15:56:47.235 E/UpdateRequestReceiver( 1383): ignoring update request
03-11 15:56:47.245 E/UpdateRequestReceiver( 1383): ignoring update request
03-11 15:56:47.255 E/UpdateRequestReceiver( 1383): ignoring update request
03-11 15:56:47.265 E/UpdateRequestReceiver( 1383): ignoring update request
03-11 15:56:47.275 D/dalvikvm( 1383): GC_CONCURRENT freed 329K, 4% free 9076K/9440K, paused 3ms+2ms, total 32ms
03-11 15:56:47.285 E/UpdateRequestReceiver( 1383): ignoring update request
03-11 15:56:47.285 I/ActivityManager(  647): Delay finish: com.android.providers.downloads/.DownloadReceiver
03-11 15:56:47.305 I/ActivityManager(  647): Resuming delayed broadcast
03-11 15:56:47.315 I/ActivityManager(  647): Start proc com.google.android.onetimeinitializer for broadcast com.google.android.onetimeinitializer/.OneTimeInitializerReceiver: pid=1410 uid=10027 gids={50027}
03-11 15:56:47.335 V/OneTimeInitializerReceiver( 1410): OneTimeInitializerReceiver.onReceive
03-11 15:56:47.335 I/ActivityManager(  647): Delay finish: com.google.android.onetimeinitializer/.OneTimeInitializerReceiver
03-11 15:56:47.345 V/OneTimeService( 1410): OneTimeService.onHandleIntent
03-11 15:56:47.345 I/ActivityManager(  647): Resuming delayed broadcast
03-11 15:56:47.355 I/ActivityManager(  647): Delay finish: com.google.android.partnersetup/.GooglePartnerSetup
03-11 15:56:47.385 D/dalvikvm( 1317): GC_CONCURRENT freed 339K, 4% free 11119K/11492K, paused 3ms+11ms, total 37ms
03-11 15:56:47.566 I/ActivityManager(  647): Resuming delayed broadcast
03-11 15:56:47.576 I/ActivityManager(  647): Delay finish: com.google.android.partnersetup/.RlzPingBroadcastReceiver
03-11 15:56:47.606 D/dalvikvm( 1317): GC_CONCURRENT freed 503K, 5% free 11320K/11856K, paused 3ms+5ms, total 42ms
03-11 15:56:47.616 W/dalvikvm( 1317): method Lcom/facebook/reflex/view/FrameLayoutAutoReflex;.invalidate incorrectly overrides package-private method with same name in Landroid/view/View;
03-11 15:56:47.636 I/RlzPingService( 1200): Setting next ping for 1395151007650
03-11 15:56:47.656 I/ActivityManager(  647): Resuming delayed broadcast
03-11 15:56:47.656 I/ActivityManager(  647): Delay finish: com.google.android.gsf/.checkin.CheckinService$Receiver
03-11 15:56:47.666 D/dalvikvm( 1200): GC_CONCURRENT freed 283K, 4% free 9104K/9424K, paused 2ms+2ms, total 21ms
03-11 15:56:47.676 I/ActivityManager(  647): Resuming delayed broadcast
03-11 15:56:47.686 W/dalvikvm( 1317): method Lcom/facebook/messaging/reflex/SwipableOverlayLayoutAutoReflex;.invalidate incorrectly overrides package-private method with same name in Landroid/view/View;
03-11 15:56:47.696 I/ActivityManager(  647): Delay finish: com.google.android.gsf/.update.SystemUpdateService$Receiver
03-11 15:56:47.696 I/SystemUpdateService( 1058): cancelUpdate (empty URL)
03-11 15:56:47.716 I/SystemUpdateService( 1058): cancelUpdate (empty URL)
03-11 15:56:47.726 D/dalvikvm(  840): GC_CONCURRENT freed 202K, 3% free 9164K/9396K, paused 2ms+3ms, total 22ms
03-11 15:56:47.726 I/ActivityManager(  647): Resuming delayed broadcast
03-11 15:56:47.746 I/ActivityManager(  647): Delay finish: com.android.providers.media/.MediaScannerReceiver
03-11 15:56:47.756 D/dalvikvm( 1058): GC_CONCURRENT freed 621K, 8% free 9502K/10220K, paused 1ms+1ms, total 19ms
03-11 15:56:47.766 D/dalvikvm( 1317): GC_CONCURRENT freed 490K, 5% free 11614K/12136K, paused 4ms+3ms, total 44ms
03-11 15:56:47.766 D/dalvikvm( 1317): WAIT_FOR_CONCURRENT_GC blocked 18ms
03-11 15:56:47.816 E/FbInjectorInitializer( 1317): Multi-binding Key[type=com.facebook.common.init.INeedInit, annotation=[none]] wasn't declared.
03-11 15:56:47.926 D/dalvikvm( 1317): GC_CONCURRENT freed 586K, 5% free 11963K/12528K, paused 2ms+2ms, total 48ms
03-11 15:56:48.006 D/ConnectivityService(  647): handleConnectivityChange: addresses changed linkProperty[1]: resetMask=0
03-11 15:56:48.006 D/ConnectivityService(  647):    car=removed=[] added=[fe80::beee:7bff:fe4c:a773/64,]
03-11 15:56:48.006 D/Nat464Xlat(  647): requiresClat: netType=1, hasIPv4Address=true
03-11 15:56:48.066 W/fb4a(:<default>):BaseAnalyticsConfig( 1317): willEventBeLogged() called before shared prefs were initialized! Defaulting to true.
03-11 15:56:48.076 W/fb4a(:<default>):BaseAnalyticsConfig( 1317): willEventBeLogged() called before shared prefs were initialized! Defaulting to true.
03-11 15:56:48.156 D/dalvikvm( 1317): GC_CONCURRENT freed 776K, 7% free 12183K/12992K, paused 4ms+3ms, total 52ms
03-11 15:56:48.156 D/dalvikvm( 1317): WAIT_FOR_CONCURRENT_GC blocked 7ms
03-11 15:56:48.206 D/dalvikvm(  840): GC_CONCURRENT freed 260K, 4% free 9301K/9592K, paused 1ms+2ms, total 15ms
03-11 15:56:48.266 V/MediaScanner(  840): pruneDeadThumbnailFiles... android.database.sqlite.SQLiteCursor@41efe520
03-11 15:56:48.266 V/MediaScanner(  840): /pruneDeadThumbnailFiles... android.database.sqlite.SQLiteCursor@41efe520
03-11 15:56:48.276 I/ActivityManager(  647): Resuming delayed broadcast
03-11 15:56:48.296 D/MtpService(  840): updating state; isCurrentUser=true, mMtpLocked=false
03-11 15:56:48.296 I/ActivityManager(  647): Start proc com.google.android.nfcprovision for broadcast com.google.android.nfcprovision/.BootReceiver: pid=1453 uid=10046 gids={50046, 1028, 3002, 3001, 3003}
03-11 15:56:48.356 I/ActivityManager(  647): Start proc com.google.android.deskclock for broadcast com.google.android.deskclock/com.android.deskclock.AlarmInitReceiver: pid=1466 uid=10015 gids={50015, 1028}
03-11 15:56:48.396 V/AlarmClock( 1466): AlarmInitReceiver android.intent.action.BOOT_COMPLETED
03-11 15:56:48.416 V/AlarmClock( 1466): AlarmInitReceiver - Reset timers and clear stopwatch data
03-11 15:56:48.447 I/AlarmClock( 1466): Displaying next alarm time: ''
03-11 15:56:48.457 V/AlarmClock( 1466): AlarmInitReceiver finished
03-11 15:56:48.467 I/ActivityManager(  647): Start proc com.google.android.email for broadcast com.google.android.email/com.android.email.service.EmailBroadcastReceiver: pid=1483 uid=10018 gids={50018, 3003, 1028, 1015}
03-11 15:56:48.557 D/dalvikvm( 1243): GC_CONCURRENT freed 267K, 3% free 10415K/10716K, paused 3ms+2ms, total 24ms
03-11 15:56:48.607 D/ActivityThread( 1483): Loading provider com.google.android.email.provider;com.google.android.email.notifier: com.android.email.provider.EmailProvider
03-11 15:56:48.637 D/ActivityThread( 1483): Loading provider com.google.android.email.provider;com.google.android.email.notifier: com.android.email.provider.EmailProvider
03-11 15:56:48.647 E/dalvikvm( 1243): Could not find class 'org.apache.harmony.xnet.provider.jsse.OpenSSLSocketImpl', referenced from method com.facebook.ssl.openssl.check.CheckOpenSSLImplHasRequiredMethods.<clinit>
03-11 15:56:48.647 W/dalvikvm( 1243): VFY: unable to resolve const-class 13583 (Lorg/apache/harmony/xnet/provider/jsse/OpenSSLSocketImpl;) in Lcom/facebook/ssl/openssl/check/CheckOpenSSLImplHasRequiredMethods;
03-11 15:56:48.647 D/dalvikvm( 1243): VFY: replacing opcode 0x1c at 0x000d
03-11 15:56:48.647 E/dalvikvm( 1243): Could not find class 'org.apache.harmony.xnet.provider.jsse.OpenSSLSocketFactoryImpl', referenced from method com.facebook.ssl.openssl.reflect.SSLParametersGetter.<clinit>
03-11 15:56:48.647 W/dalvikvm( 1243): VFY: unable to resolve const-class 13582 (Lorg/apache/harmony/xnet/provider/jsse/OpenSSLSocketFactoryImpl;) in Lcom/facebook/ssl/openssl/reflect/SSLParametersGetter;
03-11 15:56:48.647 D/dalvikvm( 1243): VFY: replacing opcode 0x1c at 0x000d
03-11 15:56:48.647 D/dalvikvm( 1243): GC_CONCURRENT freed 356K, 4% free 10572K/10960K, paused 1ms+2ms, total 21ms
03-11 15:56:48.647 D/dalvikvm( 1243): WAIT_FOR_CONCURRENT_GC blocked 3ms
03-11 15:56:48.647 E/dalvikvm( 1243): Could not find class 'org.apache.harmony.xnet.provider.jsse.SSLParametersImpl', referenced from method com.facebook.ssl.openssl.reflect.SSLParametersGetter.a
03-11 15:56:48.647 W/dalvikvm( 1243): VFY: unable to resolve check-cast 13585 (Lorg/apache/harmony/xnet/provider/jsse/SSLParametersImpl;) in Lcom/facebook/ssl/openssl/reflect/SSLParametersGetter;
03-11 15:56:48.647 D/dalvikvm( 1243): VFY: replacing opcode 0x1f at 0x0006
03-11 15:56:48.657 E/dalvikvm( 1243): Could not find class 'org.apache.harmony.xnet.provider.jsse.SSLParametersImpl', referenced from method com.facebook.ssl.openssl.reflect.SSLSessionTimeoutSetter.<clinit>
03-11 15:56:48.657 W/dalvikvm( 1243): VFY: unable to resolve const-class 13585 (Lorg/apache/harmony/xnet/provider/jsse/SSLParametersImpl;) in Lcom/facebook/ssl/openssl/reflect/SSLSessionTimeoutSetter;
03-11 15:56:48.657 D/dalvikvm( 1243): VFY: replacing opcode 0x1c at 0x000d
03-11 15:56:48.657 W/dalvikvm( 1243): VFY: unable to find class referenced in signature (Lorg/apache/harmony/xnet/provider/jsse/SSLParametersImpl;)
03-11 15:56:48.657 E/dalvikvm( 1243): Could not find class 'org.apache.harmony.xnet.provider.jsse.ClientSessionContext', referenced from method com.facebook.ssl.openssl.reflect.SSLSessionTimeoutSetter.a
03-11 15:56:48.657 W/dalvikvm( 1243): VFY: unable to resolve check-cast 13581 (Lorg/apache/harmony/xnet/provider/jsse/ClientSessionContext;) in Lcom/facebook/ssl/openssl/reflect/SSLSessionTimeoutSetter;
03-11 15:56:48.657 D/dalvikvm( 1243): VFY: replacing opcode 0x1f at 0x0006
03-11 15:56:48.657 W/dalvikvm( 1243): VFY: unable to find class referenced in signature (Lorg/apache/harmony/xnet/provider/jsse/SSLParametersImpl;)
03-11 15:56:48.657 W/dalvikvm( 1243): Unable to resolve superclass of Lcom/facebook/ssl/openssl/TicketEnabledOpenSSLSocketImplWrapper; (13584)
03-11 15:56:48.657 W/dalvikvm( 1243): Link of class 'Lcom/facebook/ssl/openssl/TicketEnabledOpenSSLSocketImplWrapper;' failed
03-11 15:56:48.657 E/dalvikvm( 1243): Could not find class 'com.facebook.ssl.openssl.TicketEnabledOpenSSLSocketImplWrapper', referenced from method com.facebook.ssl.openssl.TicketEnabledOpenSSLSocketFactoryHelper.a
03-11 15:56:48.657 W/dalvikvm( 1243): VFY: unable to resolve new-instance 10322 (Lcom/facebook/ssl/openssl/TicketEnabledOpenSSLSocketImplWrapper;) in Lcom/facebook/ssl/openssl/TicketEnabledOpenSSLSocketFactoryHelper;
03-11 15:56:48.657 D/dalvikvm( 1243): VFY: replacing opcode 0x22 at 0x0000
03-11 15:56:48.657 W/dalvikvm( 1243): Unable to resolve superclass of Lcom/facebook/ssl/openssl/TicketEnabledOpenSSLSocketImplWrapper; (13584)
03-11 15:56:48.657 W/dalvikvm( 1243): Link of class 'Lcom/facebook/ssl/openssl/TicketEnabledOpenSSLSocketImplWrapper;' failed
03-11 15:56:48.657 D/dalvikvm( 1243): DexOpt: unable to opt direct call 0xaa3b at 0x08 in Lcom/facebook/ssl/openssl/TicketEnabledOpenSSLSocketFactoryHelper;.a
03-11 15:56:48.667 I/ActivityManager(  647): Delay finish: com.google.android.syncadapters.contacts/.ContactsSyncAdapterBroadcastReceiver
03-11 15:56:48.717 D/dalvikvm( 1317): GC_CONCURRENT freed 515K, 5% free 12722K/13272K, paused 3ms+3ms, total 40ms
03-11 15:56:48.757 D/dalvikvm(  647): GC_EXPLICIT freed 665K, 14% free 16716K/19316K, paused 2ms+6ms, total 71ms
03-11 15:56:48.757 D/dalvikvm( 1483): GC_CONCURRENT freed 201K, 3% free 9193K/9428K, paused 3ms+6ms, total 56ms
03-11 15:56:48.767 D/dalvikvm( 1243): GC_CONCURRENT freed 288K, 4% free 10744K/11080K, paused 3ms+2ms, total 41ms
03-11 15:56:48.767 I/LauncherIconVisibilityManager(  859): Boot has been completed
03-11 15:56:48.767 E/dalvikvm( 1317): Could not find class 'org.apache.harmony.xnet.provider.jsse.OpenSSLSocketImpl', referenced from method com.facebook.ssl.openssl.check.CheckOpenSSLImplHasRequiredMethods.<clinit>
03-11 15:56:48.767 W/dalvikvm( 1317): VFY: unable to resolve const-class 13583 (Lorg/apache/harmony/xnet/provider/jsse/OpenSSLSocketImpl;) in Lcom/facebook/ssl/openssl/check/CheckOpenSSLImplHasRequiredMethods;
03-11 15:56:48.767 D/dalvikvm( 1317): VFY: replacing opcode 0x1c at 0x000d
03-11 15:56:48.767 I/LauncherIconVisibilityManager(  859): Activity has already been disabled: ComponentInfo{com.google.android.inputmethod.latin/com.android.inputmethod.latin.setup.SetupActivity}
03-11 15:56:48.767 E/dalvikvm( 1317): Could not find class 'org.apache.harmony.xnet.provider.jsse.OpenSSLSocketFactoryImpl', referenced from method com.facebook.ssl.openssl.reflect.SSLParametersGetter.<clinit>
03-11 15:56:48.767 W/dalvikvm( 1317): VFY: unable to resolve const-class 13582 (Lorg/apache/harmony/xnet/provider/jsse/OpenSSLSocketFactoryImpl;) in Lcom/facebook/ssl/openssl/reflect/SSLParametersGetter;
03-11 15:56:48.767 D/dalvikvm( 1317): VFY: replacing opcode 0x1c at 0x000d
03-11 15:56:48.767 I/ActivityManager(  647): Resuming delayed broadcast
03-11 15:56:48.777 E/dalvikvm( 1317): Could not find class 'org.apache.harmony.xnet.provider.jsse.SSLParametersImpl', referenced from method com.facebook.ssl.openssl.reflect.SSLParametersGetter.a
03-11 15:56:48.777 W/dalvikvm( 1317): VFY: unable to resolve check-cast 13585 (Lorg/apache/harmony/xnet/provider/jsse/SSLParametersImpl;) in Lcom/facebook/ssl/openssl/reflect/SSLParametersGetter;
03-11 15:56:48.777 D/dalvikvm( 1317): VFY: replacing opcode 0x1f at 0x0006
03-11 15:56:48.777 E/dalvikvm( 1317): Could not find class 'org.apache.harmony.xnet.provider.jsse.SSLParametersImpl', referenced from method com.facebook.ssl.openssl.reflect.SSLSessionTimeoutSetter.<clinit>
03-11 15:56:48.777 W/dalvikvm( 1317): VFY: unable to resolve const-class 13585 (Lorg/apache/harmony/xnet/provider/jsse/SSLParametersImpl;) in Lcom/facebook/ssl/openssl/reflect/SSLSessionTimeoutSetter;
03-11 15:56:48.777 D/dalvikvm( 1317): VFY: replacing opcode 0x1c at 0x000d
03-11 15:56:48.777 W/dalvikvm( 1317): VFY: unable to find class referenced in signature (Lorg/apache/harmony/xnet/provider/jsse/SSLParametersImpl;)
03-11 15:56:48.777 E/dalvikvm( 1317): Could not find class 'org.apache.harmony.xnet.provider.jsse.ClientSessionContext', referenced from method com.facebook.ssl.openssl.reflect.SSLSessionTimeoutSetter.a
03-11 15:56:48.777 W/dalvikvm( 1317): VFY: unable to resolve check-cast 13581 (Lorg/apache/harmony/xnet/provider/jsse/ClientSessionContext;) in Lcom/facebook/ssl/openssl/reflect/SSLSessionTimeoutSetter;
03-11 15:56:48.777 D/dalvikvm( 1317): VFY: replacing opcode 0x1f at 0x0006
03-11 15:56:48.777 W/dalvikvm( 1317): VFY: unable to find class referenced in signature (Lorg/apache/harmony/xnet/provider/jsse/SSLParametersImpl;)
03-11 15:56:48.777 W/dalvikvm( 1317): Unable to resolve superclass of Lcom/facebook/ssl/openssl/TicketEnabledOpenSSLSocketImplWrapper; (13584)
03-11 15:56:48.777 W/dalvikvm( 1317): Link of class 'Lcom/facebook/ssl/openssl/TicketEnabledOpenSSLSocketImplWrapper;' failed
03-11 15:56:48.777 E/dalvikvm( 1317): Could not find class 'com.facebook.ssl.openssl.TicketEnabledOpenSSLSocketImplWrapper', referenced from method com.facebook.ssl.openssl.TicketEnabledOpenSSLSocketFactoryHelper.a
03-11 15:56:48.777 W/dalvikvm( 1317): VFY: unable to resolve new-instance 10322 (Lcom/facebook/ssl/openssl/TicketEnabledOpenSSLSocketImplWrapper;) in Lcom/facebook/ssl/openssl/TicketEnabledOpenSSLSocketFactoryHelper;
03-11 15:56:48.777 D/dalvikvm( 1317): VFY: replacing opcode 0x22 at 0x0000
03-11 15:56:48.777 W/dalvikvm( 1317): Unable to resolve superclass of Lcom/facebook/ssl/openssl/TicketEnabledOpenSSLSocketImplWrapper; (13584)
03-11 15:56:48.777 W/dalvikvm( 1317): Link of class 'Lcom/facebook/ssl/openssl/TicketEnabledOpenSSLSocketImplWrapper;' failed
03-11 15:56:48.777 D/dalvikvm( 1317): DexOpt: unable to opt direct call 0xaa3b at 0x08 in Lcom/facebook/ssl/openssl/TicketEnabledOpenSSLSocketFactoryHelper;.a
03-11 15:56:48.807 I/ActivityManager(  647): Start proc com.android.vending for broadcast com.android.vending/com.google.android.finsky.receivers.BootCompletedReceiver: pid=1523 uid=10052 gids={50052, 3003, 1028, 1015}
03-11 15:56:48.877 I/ActivityManager(  647): Start proc com.google.android.exchange for service com.google.android.exchange/com.android.exchange.service.EmailSyncAdapterService: pid=1537 uid=10019 gids={50019, 3003, 1028, 1015}
03-11 15:56:48.917 I/Email   ( 1483): Observing account changes for notifications
03-11 15:56:48.917 W/ActivityManager(  647): Unable to start service Intent { cmp=com.google.android.email/com.android.email.service.AttachmentDownloadService } U=0: not found
03-11 15:56:48.927 D/dalvikvm( 1317): GC_CONCURRENT freed 817K, 7% free 13138K/13988K, paused 4ms+4ms, total 62ms
03-11 15:56:48.927 D/dalvikvm( 1317): WAIT_FOR_CONCURRENT_GC blocked 38ms
03-11 15:56:48.927 W/ActivityManager(  647): Unable to start service Intent { cmp=com.google.android.email/com.android.email.service.AttachmentDownloadService } U=0: not found
03-11 15:56:48.947 W/ActivityManager(  647): Unable to start service Intent { cmp=com.google.android.email/com.android.email.service.AttachmentDownloadService } U=0: not found
03-11 15:56:49.067 D/Finsky  ( 1523): [1] FinskyApp.onCreate: Initializing network with DFE https://android.clients.google.com/fdfe/
03-11 15:56:49.087 D/dalvikvm( 1523): GC_CONCURRENT freed 243K, 3% free 9165K/9440K, paused 1ms+3ms, total 22ms
03-11 15:56:49.107 W/fb4a(:<default>):MqttPushService( 1317): Attempt to start service that is already started
03-11 15:56:49.127 D/Finsky  ( 1523): [1] DailyHygiene.goMakeHygieneIfDirty: No need to run daily hygiene.
03-11 15:56:49.137 W/Settings( 1523): Setting download_manager_max_bytes_over_mobile has moved from android.provider.Settings.Secure to android.provider.Settings.Global.
03-11 15:56:49.137 W/Settings( 1523): Setting download_manager_recommended_max_bytes_over_mobile has moved from android.provider.Settings.Secure to android.provider.Settings.Global.
03-11 15:56:49.147 D/GCoreFlp( 1103): Unknown pending intent to remove.
03-11 15:56:49.167 D/dalvikvm( 1523): GC_CONCURRENT freed 255K, 3% free 9334K/9620K, paused 2ms+2ms, total 16ms
03-11 15:56:49.187 D/Volley  ( 1523): [94] DiskBasedCache.clear: Cache cleared.
03-11 15:56:49.187 D/Volley  ( 1523): [98] DiskBasedCache.clear: Cache cleared.
03-11 15:56:49.197 I/ActivityManager(  647): Delay finish: com.google.android.gms/.app.receiver.SystemBroadcastReceiver
03-11 15:56:49.197 I/ActivityManager(  647): Resuming delayed broadcast
03-11 15:56:49.197 I/ActivityManager(  647): Delay finish: com.google.android.keep/.notification.AlertReceiver
03-11 15:56:49.207 D/GCM     ( 1016): COMPAT: Multi user ser=0 current=0
03-11 15:56:49.207 D/Finsky  ( 1523): [1] GmsCoreHelper.cleanupNlp: result=false type=4
03-11 15:56:49.207 D/GCM     ( 1058): GcmService start Intent { act=android.intent.action.BOOT_COMPLETED flg=0x8000010 cmp=com.google.android.gms/.gcm.GcmService (has extras) } android.intent.action.BOOT_COMPLETED
03-11 15:56:49.207 V/KeepAlert( 1035): Action android.intent.action.BOOT_COMPLETED
03-11 15:56:49.207 I/ActivityManager(  647): Resuming delayed broadcast
03-11 15:56:49.207 I/ActivityManager(  647): Delay finish: com.google.android.keep/.syncadapter.RefreshSyncReceiver
03-11 15:56:49.217 I/ActivityManager(  647): Start proc com.google.android.gms.ui for service com.google.android.gms/.auth.authzen.GcmReceiverService: pid=1586 uid=10023 gids={50023, 3003, 1007, 3002, 3001, 1028, 1015, 3007, 2001, 3006}
03-11 15:56:49.247 I/MultiDex( 1586): load(/data/app/com.google.android.gms-2.apk, forceReload=false)
03-11 15:56:49.257 I/GCoreUlr( 1016): Starting service, intent=Intent { cmp=com.google.android.gms/com.google.android.location.reporting.service.DispatchingService (has extras) }, extras=Bundle[{intentType=2, receiverAction=android.intent.action.BOOT_COMPLETED}]
03-11 15:56:49.257 I/GCoreUlr( 1103): WorldUpdater received intent Intent { cmp=com.google.android.gms/com.google.android.location.reporting.service.DispatchingService (has extras) } with receiverAction android.intent.action.BOOT_COMPLETED, forceUpdate false
03-11 15:56:49.277 D/dalvikvm( 1016): Trying to load lib /data/app-lib/com.google.android.gms-2/libAppDataSearch.so 0x41e99ea0
03-11 15:56:49.277 D/dalvikvm( 1016): Added shared lib /data/app-lib/com.google.android.gms-2/libAppDataSearch.so 0x41e99ea0
03-11 15:56:49.277 D/dalvikvm( 1016): No JNI_OnLoad found in /data/app-lib/com.google.android.gms-2/libAppDataSearch.so 0x41e99ea0, skipping init
03-11 15:56:49.277 I/ActivityManager(  647): Resuming delayed broadcast
03-11 15:56:49.287 I/ActivityManager(  647): Start proc com.google.android.calendar for broadcast com.google.android.calendar/com.android.calendar.alerts.AlertReceiver: pid=1603 uid=10007 gids={50007, 3003}
03-11 15:56:49.297 D/dalvikvm( 1586): GC_CONCURRENT freed 173K, 3% free 9309K/9520K, paused 1ms+1ms, total 20ms
03-11 15:56:49.297 D/dalvikvm( 1586): WAIT_FOR_CONCURRENT_GC blocked 4ms
03-11 15:56:49.307 I/MultiDex( 1586): Need extracted file /data/data/com.google.android.gms/files/secondary-dexes/com.google.android.gms-2.apk.classes2.zip
03-11 15:56:49.307 I/MultiDex( 1586): No extraction needed for /data/data/com.google.android.gms/files/secondary-dexes/com.google.android.gms-2.apk.classes2.zip of size 1430457
03-11 15:56:49.307 V/AuthZen ( 1586): Received a GCM message.
03-11 15:56:49.317 V/AuthZen ( 1586): [DefaultAuthzenGcmReceiverDelegateService] Received an Authzen GCM message.
03-11 15:56:49.325 I/ActivityManager(  647): Start proc com.chrome.beta for service com.chrome.beta/com.google.android.apps.chrome.sync.ChromeBrowserSyncAdapterService: pid=1642 uid=10110 gids={50110, 3003, 1028, 1015}
03-11 15:56:49.327 D/dalvikvm( 1523): GC_CONCURRENT freed 188K, 3% free 9582K/9804K, paused 1ms+1ms, total 20ms
03-11 15:56:49.347 W/GAV2    ( 1153): Thread[GAThread,5,main]: Service unavailable (code=1), will retry.
03-11 15:56:49.347 W/ActivityManager(  647): Unable to start service Intent { act=com.google.android.gms.analytics.service.START cmp=com.google.android.gms/.analytics.service.AnalyticsService (has extras) } U=0: not found
03-11 15:56:49.367 I/GAV2    ( 1153): Thread[GAThread,5,main]: No campaign data found.
03-11 15:56:49.377 D/Finsky  ( 1523): [1] 2.run: Loaded library for account: [h8oDSybNDDZzpp4iys_x3qq36Xs]
03-11 15:56:49.377 D/Finsky  ( 1523): [1] 2.run: Finished loading 1 libraries.
03-11 15:56:49.377 D/Finsky  ( 1523): [1] RestoreTracker.stopServiceIfDone: Restore complete with 0 success and 0 failed.
03-11 15:56:49.387 D/dalvikvm( 1016): GC_CONCURRENT freed 631K, 7% free 9243K/9908K, paused 1ms+3ms, total 15ms
03-11 15:56:49.397 D/AlertReceiver( 1603): onReceive: a=android.intent.action.BOOT_COMPLETED Intent { act=android.intent.action.BOOT_COMPLETED flg=0x8000010 cmp=com.google.android.calendar/com.android.calendar.alerts.AlertReceiver (has extras) }
03-11 15:56:49.407 D/AlertService( 1603): 0 Action = android.intent.action.BOOT_COMPLETED
03-11 15:56:49.407 D/AlertService( 1603): Scheduling next alarm with AlarmScheduler. sEventReminderReceived: null
03-11 15:56:49.407 I/GCoreUlr( 1103): Ensuring that reporting is stopped because of reasons: {account#-17#=[InactiveReason{mVersionCode=0, mIdentifier=6, mName='ReportingNotSelected'}]}
03-11 15:56:49.407 I/ActivityManager(  647): Start proc com.google.android.youtube for broadcast com.google.android.youtube/com.google.android.apps.youtube.core.transfer.DownloadService$BootReceiver: pid=1627 uid=10066 gids={50066, 3003, 1028, 1015}
03-11 15:56:49.417 D/GCoreFlp( 1103): Unknown pending intent to remove.
03-11 15:56:49.417 I/GCoreUlr( 1103): Unbound from all location providers
03-11 15:56:49.417 I/AuthZen ( 1586): Fetching signing key...
03-11 15:56:49.427 D/AlarmScheduler( 1603): Query result count for events starting within 1 week: 3
03-11 15:56:49.447 I/AuthZen ( 1586): Signing key fetched successfuly!
03-11 15:56:49.475 I/ActivityManager(  647): Killing 882:android.process.acore/u0a0 (adj 15): empty #17
03-11 15:56:49.528 D/Tethering(  647): MasterInitialState.processMessage what=3
03-11 15:56:49.528 D/CaptivePortalTracker(  647): NoActiveNetworkState{ when=0 what=1 obj=NetworkInfo: type: WIFI[], state: CONNECTED/CONNECTED, reason: (unspecified), extra: "aalto open", roaming: false, failover: false, isAvailable: true, isConnectedToProvisioningNetwork: false target=com.android.internal.util.StateMachine$SmHandler }
03-11 15:56:49.305 D/dalvikvm( 1243): GC_CONCURRENT freed 352K, 4% free 10861K/11244K, paused 1ms+2ms, total 28ms
03-11 15:56:49.325 D/dalvikvm( 1317): GC_CONCURRENT freed 1033K, 8% free 13495K/14560K, paused 5ms+4ms, total 74ms
03-11 15:56:49.335 D/dalvikvm( 1317): WAIT_FOR_CONCURRENT_GC blocked 22ms
03-11 15:56:49.335 D/dalvikvm( 1317): WAIT_FOR_CONCURRENT_GC blocked 14ms
03-11 15:56:49.405 D/GpsLocationProvider(  647): NTP server returned: 1394546206313 (Tue Mar 11 15:56:46 EET 2014) reference: 30025 certainty: 21 system time offset: -3093
03-11 15:56:49.405 D/YouTube ( 1627): apps.youtube.core.utils.bh.a:41 HttpClient.UserAgent: com.google.android.youtube/5.3.32(Linux; U; Android 4.4.2; en_US; Nexus 7 Build/KOT49H)
03-11 15:56:49.425 D/dalvikvm( 1627): GC_CONCURRENT freed 253K, 3% free 9239K/9524K, paused 2ms+1ms, total 17ms
03-11 15:56:49.425 D/dalvikvm( 1627): WAIT_FOR_CONCURRENT_GC blocked 3ms
03-11 15:56:49.465 D/YouTube ( 1627): apps.youtube.core.utils.bh.a:41 HttpClient.UserAgent: com.google.android.youtube/5.3.32(Linux; U; Android 4.4.2; en_US; Nexus 7 Build/KOT49H)
03-11 15:56:49.465 D/DelayedSyncController( 1642): Delaying sync.
03-11 15:56:49.528 D/        (  647): Setting time of day to sec=1394546209
03-11 15:56:49.555 D/YouTube ( 1627): apps.youtube.core.client.y.a:114 event [version=5.3.32-s2000, action=Startup, label=NORMAL_STARTUP, value=-1]
03-11 15:56:49.555 D/dalvikvm( 1627): GC_CONCURRENT freed 315K, 4% free 9344K/9692K, paused 1ms+3ms, total 14ms
03-11 15:56:49.605 D/dalvikvm( 1627): GC_CONCURRENT freed 267K, 4% free 9589K/9888K, paused 2ms+1ms, total 20ms
03-11 15:56:49.605 D/dalvikvm( 1627): WAIT_FOR_CONCURRENT_GC blocked 12ms
03-11 15:56:49.605 D/dalvikvm( 1627): WAIT_FOR_CONCURRENT_GC blocked 12ms
03-11 15:56:49.605 D/dalvikvm( 1627): WAIT_FOR_CONCURRENT_GC blocked 13ms
03-11 15:56:49.655 D/dalvikvm( 1627): GC_CONCURRENT freed 288K, 4% free 9812K/10132K, paused 3ms+2ms, total 27ms
03-11 15:56:49.655 D/dalvikvm( 1627): WAIT_FOR_CONCURRENT_GC blocked 13ms
03-11 15:56:49.655 D/dalvikvm( 1627): WAIT_FOR_CONCURRENT_GC blocked 13ms
03-11 15:56:49.655 D/dalvikvm( 1627): WAIT_FOR_CONCURRENT_GC blocked 13ms
03-11 15:56:49.655 D/dalvikvm( 1627): WAIT_FOR_CONCURRENT_GC blocked 11ms
03-11 15:56:49.655 D/dalvikvm( 1627): WAIT_FOR_CONCURRENT_GC blocked 13ms
03-11 15:56:49.675 D/dalvikvm( 1627): DexOpt: --- BEGIN 'ads-2088235309.jar' (bootstrap=0) ---
03-11 15:56:49.695 D/dalvikvm( 1627): GC_CONCURRENT freed 316K, 4% free 9980K/10328K, paused 1ms+3ms, total 21ms
03-11 15:56:49.725 D/dalvikvm( 1678): DexOpt: load 3ms, verify+opt 6ms, 158252 bytes
03-11 15:56:49.725 D/dalvikvm( 1627): GC_CONCURRENT freed 421K, 5% free 10071K/10524K, paused 2ms+1ms, total 18ms
03-11 15:56:49.725 D/dalvikvm( 1627): WAIT_FOR_CONCURRENT_GC blocked 12ms
03-11 15:56:49.725 D/dalvikvm( 1627): WAIT_FOR_CONCURRENT_GC blocked 12ms
03-11 15:56:49.725 D/dalvikvm( 1627): WAIT_FOR_CONCURRENT_GC blocked 11ms
03-11 15:56:49.725 D/dalvikvm( 1627): WAIT_FOR_CONCURRENT_GC blocked 11ms
03-11 15:56:49.735 D/dalvikvm( 1627): DexOpt: --- END 'ads-2088235309.jar' (success) ---
03-11 15:56:49.735 D/dalvikvm( 1627): DEX prep '/data/data/com.google.android.youtube/cache/ads-2088235309.jar': unzip in 0ms, rewrite 65ms
03-11 15:56:49.765 D/dalvikvm( 1627): GC_CONCURRENT freed 418K, 5% free 10166K/10616K, paused 3ms+1ms, total 21ms
03-11 15:56:49.765 D/dalvikvm( 1627): WAIT_FOR_CONCURRENT_GC blocked 11ms
03-11 15:56:49.775 D/dalvikvm( 1627): WAIT_FOR_CONCURRENT_GC blocked 14ms
03-11 15:56:49.775 D/dalvikvm( 1627): WAIT_FOR_CONCURRENT_GC blocked 14ms
03-11 15:56:49.775 D/dalvikvm( 1627): WAIT_FOR_CONCURRENT_GC blocked 14ms
03-11 15:56:49.775 D/dalvikvm( 1627): WAIT_FOR_CONCURRENT_GC blocked 14ms
03-11 15:56:49.815 D/dalvikvm( 1627): GC_CONCURRENT freed 235K, 3% free 10434K/10712K, paused 2ms+2ms, total 21ms
03-11 15:56:49.815 D/dalvikvm( 1627): WAIT_FOR_CONCURRENT_GC blocked 14ms
03-11 15:56:49.815 D/dalvikvm( 1627): WAIT_FOR_CONCURRENT_GC blocked 14ms
03-11 15:56:49.815 D/dalvikvm( 1627): WAIT_FOR_CONCURRENT_GC blocked 14ms
03-11 15:56:49.815 D/dalvikvm( 1627): WAIT_FOR_CONCURRENT_GC blocked 14ms
03-11 15:56:49.815 D/dalvikvm( 1627): WAIT_FOR_CONCURRENT_GC blocked 14ms
03-11 15:56:49.815 D/dalvikvm( 1627): WAIT_FOR_CONCURRENT_GC blocked 14ms
03-11 15:56:49.845 D/YouTube ( 1627): apps.youtube.core.cache.f.run:163 Cache is below limit, no need to shrink: [size=20959091, limit=20971520]
03-11 15:56:49.865 D/dalvikvm( 1627): GC_CONCURRENT freed 454K, 5% free 10486K/10980K, paused 6ms+2ms, total 26ms
03-11 15:56:49.865 D/dalvikvm( 1627): WAIT_FOR_CONCURRENT_GC blocked 14ms
03-11 15:56:49.865 D/dalvikvm( 1627): WAIT_FOR_CONCURRENT_GC blocked 14ms
03-11 15:56:49.865 D/dalvikvm( 1627): WAIT_FOR_CONCURRENT_GC blocked 14ms
03-11 15:56:49.875 D/dalvikvm( 1627): WAIT_FOR_CONCURRENT_GC blocked 24ms
03-11 15:56:49.875 D/dalvikvm( 1627): WAIT_FOR_CONCURRENT_GC blocked 24ms
03-11 15:56:49.895 D/dalvikvm( 1627): GC_CONCURRENT freed 482K, 6% free 10470K/11032K, paused 2ms+1ms, total 20ms
03-11 15:56:49.895 D/dalvikvm( 1627): WAIT_FOR_CONCURRENT_GC blocked 15ms
03-11 15:56:49.895 D/dalvikvm( 1627): WAIT_FOR_CONCURRENT_GC blocked 15ms
03-11 15:56:49.895 D/dalvikvm( 1627): WAIT_FOR_CONCURRENT_GC blocked 15ms
03-11 15:56:49.895 D/dalvikvm( 1627): WAIT_FOR_CONCURRENT_GC blocked 14ms
03-11 15:56:49.935 D/dalvikvm( 1627): GC_CONCURRENT freed 353K, 4% free 10612K/11032K, paused 3ms+3ms, total 22ms
03-11 15:56:49.935 D/dalvikvm( 1627): WAIT_FOR_CONCURRENT_GC blocked 14ms
03-11 15:56:49.935 D/dalvikvm( 1627): WAIT_FOR_CONCURRENT_GC blocked 14ms
03-11 15:56:49.935 D/dalvikvm( 1627): WAIT_FOR_CONCURRENT_GC blocked 14ms
03-11 15:56:49.935 D/dalvikvm( 1627): WAIT_FOR_CONCURRENT_GC blocked 14ms
03-11 15:56:49.935 D/dalvikvm( 1627): WAIT_FOR_CONCURRENT_GC blocked 13ms
03-11 15:56:49.935 I/GoogleConversionPing( 1627): Pinging: http://www.googleadservices.com/pagead/conversion/1001680686/?label=4dahCKKczAYQrt7R3QM&value=&muid=3d7Kar_rtkE_kqQoEbYVwg&bundleid=com.google.android.youtube&appversion=5.3.32&osversion=4.4.2&sdkversion=ct-sdk-a-v1.1.0&remarketing_only=1&timestamp=1394546209&data=screen_name%3D%3CAndroid_YT_Open_App%3E
03-11 15:56:49.975 D/dalvikvm( 1627): GC_CONCURRENT freed 425K, 5% free 10733K/11192K, paused 2ms+2ms, total 22ms
03-11 15:56:49.975 D/dalvikvm( 1627): WAIT_FOR_CONCURRENT_GC blocked 11ms
03-11 15:56:49.975 D/dalvikvm( 1627): WAIT_FOR_CONCURRENT_GC blocked 13ms
03-11 15:56:49.975 D/dalvikvm( 1627): WAIT_FOR_CONCURRENT_GC blocked 11ms
03-11 15:56:49.975 D/dalvikvm( 1627): WAIT_FOR_CONCURRENT_GC blocked 11ms
03-11 15:56:50.025 D/dalvikvm( 1627): GC_CONCURRENT freed 423K, 5% free 10793K/11304K, paused 2ms+3ms, total 23ms
03-11 15:56:50.035 D/YouTube ( 1627): apps.youtube.core.transfer.DownloadService$BootReceiver.onReceive:97 boot completed, starting download service
03-11 15:56:50.035 I/GoogleConversionPing( 1627): Ping responded with response code 200
03-11 15:56:50.035 D/YouTube ( 1627): apps.youtube.core.transfer.TransferService.onCreate:108 creating transfer service
03-11 15:56:50.045 D/YouTube ( 1627): apps.youtube.app.prefetch.PrefetchService$DeviceStateReceiver.onReceive:565 Got device state change intent: android.intent.action.BOOT_COMPLETED
