--------- beginning of /dev/log/main
03-11 15:56:23.512 I/irsc_util(  191): irsc tool created:0xb7dad020
03-11 15:56:23.512 I/irsc_util(  191): Starting irsc tool
03-11 15:56:23.512 I/irsc_util(  191): Trying to open sec config file
03-11 15:56:23.522 I/irsc_util(  191): file_parser Number of element :0
03-11 15:56:23.522 I/irsc_util(  191): file_parser Invalid Format or Comment - '/* IPC Security Config */
03-11 15:56:23.522 I/irsc_util(  191): '
03-11 15:56:23.522 I/irsc_util(  191): file_parser Number of element :0
03-11 15:56:23.522 I/irsc_util(  191): file_parser Invalid Format or Comment - '/* <GPS QMI Service ID - 16>:<GPS QMI Instance ID - all instances>:<Client Group ID> */
03-11 15:56:23.522 I/irsc_util(  191): '
03-11 15:56:23.522 I/irsc_util(  191): file_parser Number of element :3
03-11 15:56:23.522 I/irsc_util(  191): file_parser Number of element :0
03-11 15:56:23.522 I/irsc_util(  191): file_parser Invalid Format or Comment - '/* IPC Security Config */
03-11 15:56:23.522 I/irsc_util(  191): '
03-11 15:56:23.522 I/irsc_util(  191): file_parser Number of element :0
03-11 15:56:23.522 I/irsc_util(  191): file_parser Invalid Format or Comment - '/* <GPS QMI Service ID - 16>:<GPS QMI Instance ID - all instances>:<Client Group ID> */
03-11 15:56:23.522 I/irsc_util(  191): '
03-11 15:56:23.522 I/irsc_util(  191): file_parser Number of element :3
03-11 15:56:23.522 I/irsc_util(  191): Feed the sec config info to the router
03-11 15:56:23.522 I/irsc_util(  191): Num of entries:1
03-11 15:56:23.532 I/bdAddrLoader(  199): option : f=/persist/bluetooth/.bdaddr
03-11 15:56:23.532 I/bdAddrLoader(  199): option : h
03-11 15:56:23.532 I/bdAddrLoader(  199): option : x
03-11 15:56:23.532 I/bdAddrLoader(  199): Read From /persist/bluetooth/.bdaddr by Path type(0x11), Data type (0x21)
03-11 15:56:23.642 E/Sensors (  204): sns_fsa_la.c(386):fsa: fflush failed, 9
03-11 15:56:23.642 E/Sensors (  204): sns_fsa_la.c(386):fsa: fflush failed, 9
03-11 15:56:23.663 I/installd(  188): installd firing up
03-11 15:56:23.663 I/DEBUG   (  182): debuggerd: Dec  4 2013 23:13:03
03-11 15:56:23.753 W/Sensors (  204): sns_smr_la.c(446):smr_la: smr_apps_la_thread_main is starting, fd=15, sns_smr.en_rx_msg_ptr=b6fe09d0
03-11 15:56:23.783 I/bdAddrLoader(  199): Output Data type(0x22), bPrintout(1), bPath((null))
03-11 15:56:23.783 I/bdAddrLoader(  199): Loaded Data type(0x21)
03-11 15:56:23.783 I/bdAddrLoader(  199): hex_to_ascii() - converted Data (BCEE7B4CA772)
03-11 15:56:23.783 I/Netd    (  181): Netd 1.0 starting
03-11 15:56:23.783 W/InterfaceController(  181): Warning (dlopen failed: library "/system/lib/libnetcmdiface.so" not found) while opening the net interface command library
03-11 15:56:23.803 E/WifiUtil(  218): nv bin : /system/etc/wifi/WCNSS_qcom_wlan_nv_deb.bin
03-11 15:56:23.803 I/ANDR-PERF-LOCK(  197): Listener starting
03-11 15:56:23.803 I/MP-Decision(  197): MPDecision server starting
03-11 15:56:23.803 I/MP-Decision(  197): OPTION ENABLED: Control sleep modes
03-11 15:56:23.803 I/MP-Decision(  197): OPTION ENABLED: Adjusting average
03-11 15:56:23.803 I/MP-Decision(  197): Decision parameters CPU 0: Nw=0.000000, Tw=0, Ns=0.000000, Ts=0
03-11 15:56:23.803 I/MP-Decision(  197): util_h_and=0, util_h_or=0, util_low=0
03-11 15:56:23.803 I/MP-Decision(  197): Decision parameters CPU 1: Nw=1.900000, Tw=140, Ns=1.100000, Ts=190
03-11 15:56:23.803 I/MP-Decision(  197): util_h_and=35, util_h_or=75, util_low=20
03-11 15:56:23.803 I/MP-Decision(  197): Decision parameters CPU 2: Nw=2.700000, Tw=90, Ns=2.100000, Ts=240
03-11 15:56:23.803 I/MP-Decision(  197): util_h_and=0, util_h_or=400, util_low=0
03-11 15:56:23.803 I/MP-Decision(  197): Decision parameters CPU 3: Nw=3.500000, Tw=90, Ns=3.100000, Ts=240
03-11 15:56:23.803 I/MP-Decision(  197): util_h_and=0, util_h_or=400, util_low=0
03-11 15:56:23.803 I/MP-Decision(  197): Decision parameters: poll_ms: 9 decision_ms: 50
--------- beginning of /dev/log/system
03-11 15:56:23.803 I/Vold    (  179): Vold 2.1 (the revenge) firing up
03-11 15:56:23.813 I/WifiUtil(  218): Intf0MacAddress=000AF58989FF
03-11 15:56:23.813 E/WifiUtil(  218): Change Intf0MacAddress=BCEE7B4CA773
03-11 15:56:23.813 D/QSEECOMD: (  207): qseecom listener services process entry PPID = 1
03-11 15:56:23.813 D/QSEECOMD: (  207): Parent qseecom daemon process paused!! 
03-11 15:56:23.813 D/QSEECOMD: (  263): QSEECOM DAEMON RUNNING 
03-11 15:56:23.813 D/QSEECOMD: (  263): qseecom listener service threads starting!!! 
03-11 15:56:23.813 D/QSEECOMD: (  263): Total listener services to start = 2
03-11 15:56:23.843 D/QSEECOMAPI: (  190): QSEECom_start_app sb_length = 0x2000
03-11 15:56:23.843 D/QSEECOMAPI: (  190): App is not loaded in QSEE
03-11 15:56:23.853 I/rmt_storage(  192): Target is APQ8064: -1225184310
03-11 15:56:23.853 D/ThermalDaemon(  196): Thermal daemon started
03-11 15:56:23.853 I/rmt_storage(  192): No EBR found
03-11 15:56:23.853 I/rmt_storage(  192): Error (-1) parsing MBR partitions
03-11 15:56:23.853 I/rmt_storage(  192): Registering modemst1: 0x4a /boot/modem_fs1
03-11 15:56:23.853 I/rmt_storage(  192): Registering modemst2: 0x4b /boot/modem_fs2
03-11 15:56:23.853 I/rmt_storage(  192): Registering fsg: 0x58 /boot/modem_fsg
03-11 15:56:23.853 I/rmt_storage(  192): Registering ssd: 0x5d ssd
03-11 15:56:23.853 I/rmt_storage(  192): 4 GPT partitions found
03-11 15:56:23.883 D/QSEECOMD: (  263): Init dlopen(libdrmtime.so, RTLD_NOW) succeeds
03-11 15:56:23.883 D/QSEECOMD: (  263): Init::Init dlsym(g_FSHandle atime_start) succeeds
03-11 15:56:23.883 D/QSEECOMAPI: (  263): QSEECom_register_listener 11 sb_length = 0x5000
03-11 15:56:23.883 D/QSEECOMD: (  263): Init atime_start ret = 0
03-11 15:56:23.883 D/QSEECOMD: (  263): time services: Started
03-11 15:56:23.883 D/QSEECOMD: (  263): Init dlopen(libdrmfs.so, RTLD_NOW) succeeds
03-11 15:56:23.883 D/QSEECOMD: (  263): Init::Init dlsym(g_FSHandle fs_start) succeeds
03-11 15:56:23.883 D/QSEECOMAPI: (  263): QSEECom_register_listener 10 sb_length = 0x5000
03-11 15:56:23.893 D/QSEECOMD: (  263): Init fs_start ret = 0
03-11 15:56:23.893 D/QSEECOMD: (  263): file system services: Started
03-11 15:56:23.923 D/ThermalDaemon(  196): Number of gpus :1
03-11 15:56:23.923 D/ThermalDaemon(  196): adc_sensors_setup: Error opening /sys/devices/platform/msm_ssbi.0/pm8921-core/pm8xxx-adc/pa_therm0
03-11 15:56:23.933 E/mm-camera(  206): isp_util_gen_hws_caps: integrating kernel vfe is pending
03-11 15:56:23.943 E/mm-camera(  206): is_module_init: Enter
03-11 15:56:23.943 E/mm-camera(  206): cpp_hardware_find_subdev:805: no cpp device found.
03-11 15:56:23.943 E/mm-camera(  206): cpp_hardware_create:38: error: cannot find cpp subdev
03-11 15:56:23.943 E/mm-camera(  206): cpp_module_create_cpp_ctrl:163, failed, cannnot create cpp hardware instance
03-11 15:56:23.943 E/mm-camera(  206): cpp_module_init:53 failed
03-11 15:56:23.943 E/mm-camera(  206): module_cac_init:942] 
03-11 15:56:23.943 E/mm-camera(  206): module_cac_init:962] 
03-11 15:56:23.943 E/mm-camera-img(  206): img_core_get_comp:37] role 3 name qcom.cac
03-11 15:56:23.943 E/mm-camera-img(  206): img_core_get_comp:42] comp_index[0] role 0 name qcom.wavelet
03-11 15:56:23.943 E/mm-camera-img(  206): img_core_get_comp:42] comp_index[1] role 1 name qcom.hdr
03-11 15:56:23.943 E/mm-camera-img(  206): img_core_get_comp:42] comp_index[2] role 2 name qcom.faceproc
03-11 15:56:23.943 E/mm-camera-img(  206): img_core_get_comp:42] comp_index[3] role 3 name qcom.cac
03-11 15:56:23.943 E/mm-camera-img(  206): img_core_get_comp:47] find component role 3 name qcom.cac
03-11 15:56:23.943 E/mm-camera-img(  206): cac_comp_load:694] Error opening CAC library
03-11 15:56:23.943 E/mm-camera(  206): module_cac_init:972] Error rc -6
03-11 15:56:23.943 E/mm-camera(  206): module_cac_deinit:816 lib_ref_cnt 0
03-11 15:56:23.943 E/mm-camera(  206): pproc_module_init:1907] cac module create failed
03-11 15:56:23.943 E/mm-camera(  206): module_faceproc_init:1540] 
03-11 15:56:23.943 E/mm-camera(  206): module_faceproc_init:1559] 
03-11 15:56:23.943 E/mm-camera-img(  206): img_core_get_comp:37] role 2 name qcom.faceproc
03-11 15:56:23.943 E/mm-camera-img(  206): img_core_get_comp:42] comp_index[0] role 0 name qcom.wavelet
03-11 15:56:23.943 E/mm-camera-img(  206): img_core_get_comp:42] comp_index[1] role 1 name qcom.hdr
03-11 15:56:23.943 E/mm-camera-img(  206): img_core_get_comp:42] comp_index[2] role 2 name qcom.faceproc
03-11 15:56:23.943 E/mm-camera-img(  206): img_core_get_comp:47] find component role 2 name qcom.faceproc
03-11 15:56:23.963 D/QSEECOMAPI: (  190): Loaded image: APP id = 1
03-11 15:56:23.963 W/linker  (  206): libmmcamera_faceproc.so has text relocations. This is wasting memory and is a security risk. Please fix.
03-11 15:56:23.963 E/mm-camera(  206): module_faceproc_init:1575] 
03-11 15:56:23.963 E/mm-camera(  206): module_faceproc_create_port:1428 portname faceproc_d2_i0
03-11 15:56:23.963 E/mm-camera(  206): module_faceproc_create_port:1456 
03-11 15:56:23.963 E/mm-camera(  206): module_faceproc_init:1594] 
03-11 15:56:23.963 I/SurfaceFlinger(  184): SurfaceFlinger is starting
03-11 15:56:23.963 I/SurfaceFlinger(  184): SurfaceFlinger's main thread ready to run. Initializing graphics H/W...
03-11 15:56:23.963 I/WifiUtil(  218): We don't need to write the default value for NvFilelds
03-11 15:56:23.983 D/ThermalDaemon(  196): Maximum CPU[2] frequency 1512000 KHz
03-11 15:56:23.983 D/ThermalDaemon(  196): Maximum CPU[3] frequency 1512000 KHz
03-11 15:56:24.023 I/kickstart-qcks(  314): PARAMETER VALUES
03-11 15:56:24.023 I/kickstart-qcks(  314): COMPORT_DLOAD=/dev/ttyHSL1
03-11 15:56:24.023 I/kickstart-qcks(  314): COMPORT_SAHARA=/dev/ks_hsic_bridge
03-11 15:56:24.023 I/kickstart-qcks(  314): PATHTOIMAGES=/firmware/image/
03-11 15:56:24.023 I/kickstart-qcks(  314): PATHFORRAMDUMP=/data/tombstones/mdm/
03-11 15:56:24.023 I/kickstart-qcks(  314): EFSRAW1=/dev/block/platform/msm_sdcc.1/by-name/m9kefs1
03-11 15:56:24.023 I/kickstart-qcks(  314): EFSRAW2=/dev/block/platform/msm_sdcc.1/by-name/m9kefs2
03-11 15:56:24.023 I/kickstart-qcks(  314): EFSRAW3=/dev/block/platform/msm_sdcc.1/by-name/m9kefs3
03-11 15:56:24.023 I/kickstart-qcks(  314): Header1=efs1.mbn
03-11 15:56:24.023 I/kickstart-qcks(  314): Header2=efs2.mbn
03-11 15:56:24.023 I/kickstart-qcks(  314): Header3=efs3.mbn
03-11 15:56:24.023 I/kickstart-qcks(  314): Testing if port "/dev/mdm" exists
03-11 15:56:24.023 I/kickstart-qcks(  314): Trying to bring MDM9K out of reset
03-11 15:56:24.023 D/libEGL  (  184): loaded /system/lib/egl/libEGL_adreno.so
03-11 15:56:24.033 D/libEGL  (  184): loaded /system/lib/egl/libGLESv1_CM_adreno.so
03-11 15:56:24.063 D/libEGL  (  184): loaded /system/lib/egl/libGLESv2_adreno.so
03-11 15:56:24.133 I/recovery(  360): Recovery image already installed 
03-11 15:56:24.223 I/mediaserver(  187): ServiceManager: 0xb7f37460
03-11 15:56:24.223 I/AudioFlinger(  187): Using default 3000 mSec as standby time.
03-11 15:56:24.223 I/CameraService(  187): CameraService started (pid=187)
03-11 15:56:24.233 I/CameraService(  187): Loaded "QCamera Module" camera module
03-11 15:56:24.233 I/AudioPolicyManagerBase(  187): loadAudioPolicyConfig() loaded /system/etc/audio_policy.conf
03-11 15:56:24.243 D/audio_hw_primary(  187): adev_open: enter
03-11 15:56:24.323 D/ACDB-LOADER(  187): ACDB -> ACDB_CMD_INITIALIZE
03-11 15:56:24.323 E/        (  187): [ACDB RTC]->rtc init done!->result [0]
03-11 15:56:24.323 D/Diag_Lib(  187): actp_diag_init: call diag init function with B609F209
03-11 15:56:24.323 E/Diag_Lib(  187):  Diag_LSM_Init: Failed to open handle to diag driver, error = 13
03-11 15:56:24.323 E/Diag_Lib(  187): actp_diag_init: diag init failed
03-11 15:56:24.323 E/        (  187): [ACDB ACPH]->actp diag init done!
03-11 15:56:24.323 D/ACDB-LOADER(  187): No existing ION info in ACDB driver
03-11 15:56:24.323 D/ACDB-LOADER(  187): ACDB -> ION_IOC_ALLOC
03-11 15:56:24.323 D/ACDB-LOADER(  187): ACDB -> ION_IOC_SHARE
03-11 15:56:24.323 D/ACDB-LOADER(  187): ACDB -> MMAP ADDR
03-11 15:56:24.323 D/ACDB-LOADER(  187): ACDB -> register MEM to ACDB driver: 0xb5ea5000
03-11 15:56:24.323 D/ACDB-LOADER(  187): ACDB -> send_asm_topology
03-11 15:56:24.323 D/ACDB-LOADER(  187): ACDB -> ACDB_CMD_GET_AUDPROC_STREAM_TOPOLOGY_ID
03-11 15:56:24.323 D/ACDB-LOADER(  187): send mbhc data
03-11 15:56:24.333 D/ACDB-LOADER(  187): send tabla anc data
03-11 15:56:24.333 D/ACDB-LOADER(  187): ACDB -> ACDB_CMD_GET_ANC_SETTING
03-11 15:56:24.333 D/ACDB-LOADER(  187): done with conversion, anc config size is 148
03-11 15:56:24.333 D/ACDB-LOADER(  187): ACDB -> ACDB_CMD_GET_ANC_SETTING
03-11 15:56:24.333 D/ACDB-LOADER(  187): done with conversion, anc config size is 148
03-11 15:56:24.333 D/ACDB-LOADER(  187): ACDB -> ACDB_CMD_GET_ANC_SETTING
03-11 15:56:24.333 D/ACDB-LOADER(  187): done with conversion, anc config size is 148
03-11 15:56:24.333 D/ACDB-LOADER(  187): ACDB -> ACDB_CMD_GET_ANC_SETTING
03-11 15:56:24.333 D/ACDB-LOADER(  187): done with conversion, anc config size is 148
03-11 15:56:24.333 D/ACDB-LOADER(  187): ACDB -> ACDB_CMD_GET_ANC_SETTING
03-11 15:56:24.333 D/ACDB-LOADER(  187): done with conversion, anc config size is 74
03-11 15:56:24.333 D/ACDB-LOADER(  187): ACDB -> ACDB_CMD_GET_ANC_SETTING
03-11 15:56:24.333 D/ACDB-LOADER(  187): done with conversion, anc config size is 74
03-11 15:56:24.333 D/ACDB-LOADER(  187): ACDB -> init done!
03-11 15:56:24.343 D/        (  187): csd_client_init
03-11 15:56:24.343 E/        (  187): csd_client_service_init: Invalid rx device 0, setting to handset
03-11 15:56:24.343 E/        (  187): csd_client_service_init: Invalid tx device 0, setting to handset
03-11 15:56:24.343 E/Diag_Lib(  187):  Diag_LSM_Init: Failed to open handle to diag driver, error = 13
03-11 15:56:24.383 I/Adreno-EGL(  184): <qeglDrvAPI_eglInitialize:320>: EGL 1.4 QUALCOMM Build: I0404c4692afb8623f95c43aeb6d5e13ed4b30ddbDate: 11/06/13
03-11 15:56:24.403 I/qdgralloc(  184): using (fd=16)
03-11 15:56:24.403 I/qdgralloc(  184): id           = msmfb44_90701
03-11 15:56:24.403 I/qdgralloc(  184): xres         = 1200 px
03-11 15:56:24.403 I/qdgralloc(  184): yres         = 1920 px
03-11 15:56:24.403 I/qdgralloc(  184): xres_virtual = 1200 px
03-11 15:56:24.403 I/qdgralloc(  184): yres_virtual = 5760 px
03-11 15:56:24.403 I/qdgralloc(  184): bpp          = 32
03-11 15:56:24.403 I/qdgralloc(  184): r            = 24:8
03-11 15:56:24.403 I/qdgralloc(  184): g            = 16:8
03-11 15:56:24.403 I/qdgralloc(  184): b            =  8:8
03-11 15:56:24.403 I/qdgralloc(  184): width        = 95 mm (320.842102 dpi)
03-11 15:56:24.403 I/qdgralloc(  184): height       = 151 mm (322.966888 dpi)
03-11 15:56:24.403 I/qdgralloc(  184): refresh rate = 60.00 Hz
03-11 15:56:24.403 D/qdutils (  184): DEBUG_CALC_FPS: 0
03-11 15:56:24.403 D/qdutils (  184): period: 10
03-11 15:56:24.403 D/qdutils (  184): ignorethresh_us: 500000
03-11 15:56:24.403 D/qdutils (  184): DEBUG_CALC_FPS: 0
03-11 15:56:24.403 D/qdutils (  184): period: 10
03-11 15:56:24.403 D/qdutils (  184): ignorethresh_us: 500000
03-11 15:56:24.573 D/qdoverlay(  184): initoverlay:: opening the device:: /dev/graphics/fb0
03-11 15:56:24.573 D/qdoverlay(  184): initoverlay:: opening the device:: /dev/graphics/fb1
03-11 15:56:24.573 D/qdoverlay(  184): initoverlay:: opening the device:: /dev/graphics/fb2
03-11 15:56:24.573 E/qdoverlay(  184): cannot open framebuffer(2)
03-11 15:56:24.573 D/qdoverlay(  184): initoverlay:: opening the device:: /dev/graphics/fb0
03-11 15:56:24.573 D/qdoverlay(  184): initoverlay:: opening the device:: /dev/graphics/fb1
03-11 15:56:24.573 D/qdoverlay(  184): initoverlay:: opening the device:: /dev/graphics/fb2
03-11 15:56:24.573 E/qdoverlay(  184): cannot open framebuffer(2)
03-11 15:56:24.583 I/qdhwcomposer(  184): Initializing Qualcomm Hardware Composer
03-11 15:56:24.583 I/qdhwcomposer(  184): MDP version: 440
03-11 15:56:24.583 D/qdhwcomposer(  184): connectPPDaemon: CABL is enabled
03-11 15:56:24.583 D/qdhwcomposer(  184): connectPPDaemon: CABL is in video only mode
03-11 15:56:24.583 E/qdhwcomposer(  184): setsockopt failed
03-11 15:56:24.583 I/SurfaceFlinger(  184): Using composer version 1.2
03-11 15:56:24.583 I/qdhwcomposer(  184): hwc_registerProcs
03-11 15:56:24.583 I/qdhwcomposer(  184): Initializing UEVENT Thread
03-11 15:56:24.583 I/qdhwcomposer(  184): Initializing VSYNC Thread
03-11 15:56:24.583 D/qdhwcomposer(  184): hwc_getDisplayAttributes disp = 0, width = 1200
03-11 15:56:24.583 D/qdhwcomposer(  184): hwc_getDisplayAttributes disp = 0, height = 1920
03-11 15:56:24.583 I/SurfaceFlinger(  184): EGL informations:
03-11 15:56:24.583 I/SurfaceFlinger(  184): vendor    : Android
03-11 15:56:24.583 I/SurfaceFlinger(  184): version   : 1.4 Android META-EGL
03-11 15:56:24.583 I/SurfaceFlinger(  184): extensions: EGL_KHR_get_all_proc_addresses EGL_ANDROID_presentation_time EGL_KHR_image EGL_KHR_image_base EGL_KHR_lock_surface EGL_KHR_gl_texture_2D_image EGL_KHR_gl_texture_cubemap_image EGL_KHR_gl_renderbuffer_image EGL_KHR_fence_sync EGL_KHR_create_context EGL_EXT_create_context_robustness EGL_ANDROID_image_native_buffer EGL_KHR_wait_sync EGL_ANDROID_recordable 
03-11 15:56:24.583 I/SurfaceFlinger(  184): Client API: OpenGL_ES
03-11 15:56:24.583 I/SurfaceFlinger(  184): EGLSurface: 8-8-8-8, config=0x5
03-11 15:56:24.703 V/NatController(  181): runCmd(/system/bin/iptables -F natctrl_FORWARD) res=0
03-11 15:56:24.703 V/NatController(  181): runCmd(/system/bin/iptables -A natctrl_FORWARD -j DROP) res=0
03-11 15:56:24.703 V/NatController(  181): runCmd(/system/bin/iptables -t nat -F natctrl_nat_POSTROUTING) res=0
03-11 15:56:24.723 I/SurfaceFlinger(  184): OpenGL ES informations:
03-11 15:56:24.723 I/SurfaceFlinger(  184): vendor    : Qualcomm
03-11 15:56:24.723 I/SurfaceFlinger(  184): renderer  : Adreno (TM) 320
03-11 15:56:24.723 I/SurfaceFlinger(  184): version   : OpenGL ES 3.0 V@53.0 AU@  (CL@)
03-11 15:56:24.723 I/SurfaceFlinger(  184): extensions: GL_AMD_compressed_ATC_texture GL_AMD_performance_monitor GL_AMD_program_binary_Z400 GL_EXT_debug_label GL_EXT_debug_marker GL_EXT_discard_framebuffer GL_EXT_robustness GL_EXT_texture_format_BGRA8888 GL_EXT_texture_type_2_10_10_10_REV GL_NV_fence GL_OES_compressed_ETC1_RGB8_texture GL_OES_depth_texture GL_OES_depth24 GL_OES_EGL_image GL_OES_EGL_image_external GL_OES_element_index_uint GL_OES_fbo_render_mipmap GL_OES_fragment_precision_high GL_OES_get_program_binary GL_OES_packed_depth_stencil GL_OES_depth_texture_cube_map GL_OES_rgb8_rgba8 GL_OES_standard_derivatives GL_OES_texture_3D GL_OES_texture_float GL_OES_texture_half_float GL_OES_texture_half_float_linear GL_OES_texture_npot GL_OES_vertex_half_float GL_OES_vertex_type_10_10_10_2 GL_OES_vertex_array_object GL_QCOM_alpha_test GL_QCOM_binning_control GL_QCOM_driver_control GL_QCOM_perfmon_global_mode GL_QCOM_extended_get GL_QCOM_extended_get2 GL_QCOM_tiled_rendering GL_QCOM_writeonly_rendering GL_EXT_sRGB GL_EXT_texture_filter_anisotropic GL_
03-11 15:56:24.723 I/SurfaceFlinger(  184): GL_MAX_TEXTURE_SIZE = 4096
03-11 15:56:24.723 I/SurfaceFlinger(  184): GL_MAX_VIEWPORT_DIMS = 4096
03-11 15:56:24.783 V/NatController(  181): runCmd(/system/bin/ip rule flush) res=0
03-11 15:56:24.783 W/Sensors (  204): sns_sam_app.c(6827):sns_sam_reg_algo: Registering algo service 16, err 0
03-11 15:56:24.783 D/SurfaceFlinger(  184): Screen acquired, type=0 flinger=0xb8d71450
03-11 15:56:24.783 V/NatController(  181): runCmd(/system/bin/ip -6 rule flush) res=0
03-11 15:56:24.803 V/NatController(  181): runCmd(/system/bin/ip rule add from all lookup default prio 32767) res=0
03-11 15:56:24.823 E/Sensors (  204): sns_debug_main.c(565):Debug Config File missing in EFS!
03-11 15:56:24.834 V/NatController(  181): runCmd(/system/bin/ip rule add from all lookup main prio 32766) res=0
03-11 15:56:24.854 V/NatController(  181): runCmd(/system/bin/ip -6 rule add from all lookup default prio 32767) res=0
03-11 15:56:24.864 V/NatController(  181): runCmd(/system/bin/ip -6 rule add from all lookup main prio 32766) res=0
03-11 15:56:24.874 V/NatController(  181): runCmd(/system/bin/ip route flush cache) res=0
03-11 15:56:24.874 V/NatController(  181): runCmd(/system/bin/iptables -F natctrl_tether_counters) res=1
03-11 15:56:24.884 V/NatController(  181): runCmd(/system/bin/iptables -X natctrl_tether_counters) res=1
03-11 15:56:24.884 V/NatController(  181): runCmd(/system/bin/iptables -N natctrl_tether_counters) res=0
03-11 15:56:24.894 D/libEGL  (  535): loaded /system/lib/egl/libEGL_adreno.so
03-11 15:56:24.894 D/libEGL  (  535): loaded /system/lib/egl/libGLESv1_CM_adreno.so
03-11 15:56:24.894 D/libEGL  (  535): loaded /system/lib/egl/libGLESv2_adreno.so
03-11 15:56:24.894 I/Adreno-EGL(  535): <qeglDrvAPI_eglInitialize:320>: EGL 1.4 QUALCOMM Build: I0404c4692afb8623f95c43aeb6d5e13ed4b30ddbDate: 11/06/13
03-11 15:56:24.904 D/AndroidRuntime(  185): 
03-11 15:56:24.904 D/AndroidRuntime(  185): >>>>>> AndroidRuntime START com.android.internal.os.ZygoteInit <<<<<<
03-11 15:56:24.914 D/AndroidRuntime(  185): CheckJNI is OFF
03-11 15:56:25.124 D/dalvikvm(  185): Trying to load lib libjavacore.so 0x0
03-11 15:56:25.134 D/dalvikvm(  185): Added shared lib libjavacore.so 0x0
03-11 15:56:25.154 D/dalvikvm(  185): Trying to load lib libnativehelper.so 0x0
03-11 15:56:25.154 D/dalvikvm(  185): Added shared lib libnativehelper.so 0x0
03-11 15:56:25.154 D/dalvikvm(  185): No JNI_OnLoad found in libnativehelper.so 0x0, skipping init
03-11 15:56:25.184 D/MDnsDS  (  181): MDnsSdListener::Hander starting up
03-11 15:56:25.184 D/MDnsDS  (  181): MDnsSdListener starting to monitor
03-11 15:56:25.184 D/MDnsDS  (  181): Going to poll with pollCount 1
03-11 15:56:25.314 D/dalvikvm(  185): Note: class Landroid/app/ActivityManagerNative; has 179 unimplemented (abstract) methods
03-11 15:56:25.564 I/SamplingProfilerIntegration(  185): Profiling disabled.
03-11 15:56:25.574 I/Zygote  (  185): Preloading classes...
03-11 15:56:25.574 D/dalvikvm(  185): GC_EXPLICIT freed 39K, 8% free 520K/564K, paused 0ms+0ms, total 2ms
03-11 15:56:25.594 D/dalvikvm(  185): GC_EXPLICIT freed 3K, 4% free 596K/616K, paused 1ms+1ms, total 3ms
03-11 15:56:25.644 D/dalvikvm(  185): GC_EXPLICIT freed 16K, 3% free 640K/660K, paused 0ms+1ms, total 3ms
03-11 15:56:25.704 D/dalvikvm(  185): GC_EXPLICIT freed 20K, 4% free 673K/696K, paused 0ms+1ms, total 3ms
03-11 15:56:25.754 D/dalvikvm(  185): GC_EXPLICIT freed 10K, 2% free 718K/732K, paused 1ms+0ms, total 3ms
03-11 15:56:25.774 D/dalvikvm(  185): GC_EXPLICIT freed 27K, 4% free 746K/776K, paused 0ms+1ms, total 3ms
03-11 15:56:25.935 D/dalvikvm(  185): GC_EXPLICIT freed 35K, 5% free 816K/856K, paused 0ms+0ms, total 3ms
03-11 15:56:26.025 I/kickstart-qcks(  314): EFS Prepend
03-11 15:56:26.035 I/kickstart-qcks(  314): File:'/firmware/image/efs1.mbn' is available for reading
03-11 15:56:26.035 I/kickstart-qcks(  314): File:'/firmware/image/efs2.mbn' is available for reading
03-11 15:56:26.035 I/kickstart-qcks(  314): File:'/dev/block/platform/msm_sdcc.1/by-name/m9kefs1' is available for reading
03-11 15:56:26.035 I/kickstart-qcks(  314): File:'/dev/block/platform/msm_sdcc.1/by-name/m9kefs2' is available for reading
03-11 15:56:26.035 I/kickstart-qcks(  314): File:'/firmware/image/acdb.mbn' is available for reading
03-11 15:56:26.035 I/kickstart-qcks(  314): File:'/firmware/image/mdm_acdb.img' is available for reading
03-11 15:56:26.035 I/kickstart-qcks(  314): Reading RAW EFS1 partition
03-11 15:56:26.035 I/kickstart-qcks(  314): Running dd if=/dev/block/platform/msm_sdcc.1/by-name/m9kefs1 of=/data/qcks/temp.dump bs=1024 count=3072
03-11 15:56:26.155 D/dalvikvm(  185): GC_EXPLICIT freed 29K, 4% free 843K/876K, paused 0ms+0ms, total 4ms
03-11 15:56:26.165 I/kickstart-qcks(  314): Combining Header1 with RAW EFS1 partition
03-11 15:56:26.165 I/kickstart-qcks(  314): Running cat /firmware/image/efs1.mbn /data/qcks/temp.dump > /data/qcks/efs1.bin
03-11 15:56:26.215 I/kickstart-qcks(  314): Reading RAW EFS2 partition
03-11 15:56:26.215 I/kickstart-qcks(  314): Running dd if=/dev/block/platform/msm_sdcc.1/by-name/m9kefs2 of=/data/qcks/temp.dump bs=1024 count=3072
03-11 15:56:26.275 D/TextLayoutCache(  185): Using debug level = 0 - Debug Enabled = 0
03-11 15:56:26.275 I/kickstart-qcks(  314): Combining Header2 with RAW EFS2 partition
03-11 15:56:26.275 I/kickstart-qcks(  314): Running cat /firmware/image/efs2.mbn /data/qcks/temp.dump > /data/qcks/efs2.bin
03-11 15:56:26.295 I/kickstart-qcks(  314): Reading RAW EFS3 partition
03-11 15:56:26.295 I/kickstart-qcks(  314): Running dd if=/dev/block/platform/msm_sdcc.1/by-name/m9kefs3 of=/data/qcks/temp.dump bs=1024 count=3072
03-11 15:56:26.295 D/dalvikvm(  185): GC_EXPLICIT freed 19K, 3% free 884K/908K, paused 0ms+1ms, total 3ms
03-11 15:56:26.355 I/kickstart-qcks(  314): Combining Header3 with RAW EFS3 partition
03-11 15:56:26.355 I/kickstart-qcks(  314): Running cat /firmware/image/efs3.mbn /data/qcks/temp.dump > /data/qcks/efs3.bin
03-11 15:56:26.395 I/kickstart-qcks(  314): Combining ACDB Header with ACDB binary
03-11 15:56:26.395 I/kickstart-qcks(  314): Running cat /firmware/image/acdb.mbn /firmware/image/mdm_acdb.img > /data/qcks/acdb.bin
03-11 15:56:26.455 I/kickstart-qcks(  314): Loading Sahara images
03-11 15:56:26.455 I/kickstart-qcks(  314): Testing if port "/dev/ks_hsic_bridge" exists
03-11 15:56:26.455 E/kickstart-qcks(  314): RUNNING:	/system/bin/ks  -w /data/tombstones/mdm/ -p /dev/ks_hsic_bridge -r 21 -s 2:/firmware/image/amss.mbn -s 6:/firmware/image/apps.mbn -s 8:/firmware/image/dsp1.mbn -s 11:/firmware/image/osbl.mbn -s 12:/firmware/image/dsp2.mbn -s 21:/firmware/image/sbl1.mbn -s 22:/firmware/image/sbl2.mbn -s 23:/firmware/image/rpm.mbn -s 28:/firmware/image/dsp3.mbn -s 16:/data/qcks/efs1.bin -s 17:/data/qcks/efs2.bin -s 20:/data/qcks/efs3.bin -s 29:/data/qcks/acdb.bin
03-11 15:56:26.465 I/dalvikvm(  185): threadid=1: recursive native library load attempt (/system/lib/libmedia_jni.so)
03-11 15:56:26.475 D/MtpDeviceJNI(  185): register_android_mtp_MtpDevice
03-11 15:56:26.475 I/dalvikvm(  185): threadid=1: recursive native library load attempt (/system/lib/libmedia_jni.so)
03-11 15:56:26.475 I/dalvikvm(  185): threadid=1: recursive native library load attempt (/system/lib/libmedia_jni.so)
03-11 15:56:26.475 I/dalvikvm(  185): threadid=1: recursive native library load attempt (/system/lib/libmedia_jni.so)
03-11 15:56:26.485 D/dalvikvm(  185): GC_EXPLICIT freed 19K, 3% free 919K/940K, paused 1ms+0ms, total 4ms
03-11 15:56:26.485 E/kickstart(  643): Wrote to /sys/power/wake_lock
03-11 15:56:26.495 E/kickstart(  643): Requested ID 21, file "/firmware/image/sbl1.mbn"
03-11 15:56:26.545 D/dalvikvm(  185): GC_EXPLICIT freed 21K, 3% free 955K/980K, paused 1ms+0ms, total 4ms
03-11 15:56:26.595 D/dalvikvm(  185): GC_EXPLICIT freed 14K, 2% free 994K/1012K, paused 0ms+0ms, total 5ms
03-11 15:56:26.625 E/kickstart(  643): 91300 bytes transferred in 0.132s (0.66 MBps)
03-11 15:56:26.625 E/kickstart(  643): Wrote to /sys/power/wake_unlock
03-11 15:56:26.645 D/dalvikvm(  185): GC_EXPLICIT freed 28K, 4% free 1020K/1052K, paused 0ms+0ms, total 4ms
03-11 15:56:26.655 D/dalvikvm(  185): GC_EXPLICIT freed 16K, 2% free 1074K/1092K, paused 0ms+0ms, total 4ms
03-11 15:56:26.675 E/EmojiFactory_jni(  185): Failed to load libemoji.so: dlopen failed: library "libemoji.so" not found
03-11 15:56:26.715 D/dalvikvm(  185): GC_EXPLICIT freed 30K, 3% free 1389K/1424K, paused 1ms+0ms, total 7ms
03-11 15:56:26.745 D/dalvikvm(  185): GC_EXPLICIT freed 35K, 3% free 1413K/1452K, paused 1ms+1ms, total 8ms
03-11 15:56:26.785 D/dalvikvm(  185): GC_EXPLICIT freed 30K, 3% free 1438K/1472K, paused 0ms+0ms, total 7ms
03-11 15:56:26.795 E/kickstart(  643): Wrote to /sys/power/wake_lock
03-11 15:56:26.805 E/kickstart(  643): Requested ID 23, file "/firmware/image/rpm.mbn"
03-11 15:56:26.815 E/kickstart(  643): 105728 bytes transferred in 0.016s (6.32 MBps)
03-11 15:56:26.815 E/kickstart(  643): Wrote to /sys/power/wake_unlock
03-11 15:56:26.815 E/kickstart(  643): Wrote to /sys/power/wake_lock
03-11 15:56:26.825 E/kickstart(  643): Requested ID 22, file "/firmware/image/sbl2.mbn"
03-11 15:56:26.835 D/dalvikvm(  185): GC_EXPLICIT freed 37K, 3% free 1455K/1496K, paused 0ms+0ms, total 7ms
03-11 15:56:26.845 E/kickstart(  643): 264224 bytes transferred in 0.024s (10.55 MBps)
03-11 15:56:26.845 E/kickstart(  643): Wrote to /sys/power/wake_unlock
03-11 15:56:26.865 E/kickstart(  643): Wrote to /sys/power/wake_lock
03-11 15:56:26.865 E/kickstart(  643): Requested ID 16, file "/data/qcks/efs1.bin"
03-11 15:56:26.875 I/LibraryLoader(  185): loading: webviewchromium
03-11 15:56:26.956 E/kickstart(  643): 786472 bytes transferred in 0.092s (8.16 MBps)
03-11 15:56:26.956 E/kickstart(  643): Wrote to /sys/power/wake_unlock
03-11 15:56:26.956 E/kickstart(  643): Wrote to /sys/power/wake_lock
03-11 15:56:26.966 E/kickstart(  643): Requested ID 17, file "/data/qcks/efs2.bin"
03-11 15:56:27.006 E/kickstart(  643): 786472 bytes transferred in 0.044s (17.07 MBps)
03-11 15:56:27.006 E/kickstart(  643): Wrote to /sys/power/wake_unlock
03-11 15:56:27.006 E/kickstart(  643): Wrote to /sys/power/wake_lock
03-11 15:56:27.016 E/kickstart(  643): Requested ID 20, file "/data/qcks/efs3.bin"
03-11 15:56:27.056 I/LibraryLoader(  185): loaded: webviewchromium
03-11 15:56:27.056 E/kickstart(  643): 786472 bytes transferred in 0.044s (17.07 MBps)
03-11 15:56:27.056 E/kickstart(  643): Wrote to /sys/power/wake_unlock
03-11 15:56:27.056 E/kickstart(  643): Wrote to /sys/power/wake_lock
03-11 15:56:27.056 E/kickstart(  643): Requested ID 29, file "/data/qcks/acdb.bin"
03-11 15:56:27.086 D/dalvikvm(  185): GC_EXPLICIT freed 16K, 2% free 1498K/1516K, paused 1ms+1ms, total 7ms
03-11 15:56:27.156 E/kickstart(  643): 2097192 bytes transferred in 0.100s (20.01 MBps)
03-11 15:56:27.156 E/kickstart(  643): Wrote to /sys/power/wake_unlock
03-11 15:56:27.156 E/kickstart(  643): Wrote to /sys/power/wake_lock
03-11 15:56:27.166 E/kickstart(  643): Requested ID 12, file "/firmware/image/dsp2.mbn"
03-11 15:56:27.206 D/dalvikvm(  185): GC_EXPLICIT freed 24K, 2% free 1526K/1556K, paused 1ms+1ms, total 7ms
03-11 15:56:27.266 D/dalvikvm(  185): GC_EXPLICIT freed 81K, 6% free 1572K/1656K, paused 1ms+0ms, total 8ms
03-11 15:56:27.296 D/dalvikvm(  185): GC_EXPLICIT freed 36K, 4% free 1591K/1656K, paused 1ms+1ms, total 8ms
03-11 15:56:27.326 D/dalvikvm(  185): GC_EXPLICIT freed 31K, 3% free 1616K/1656K, paused 1ms+0ms, total 9ms
03-11 15:56:27.346 D/dalvikvm(  185): GC_EXPLICIT freed 19K, 2% free 1679K/1700K, paused 1ms+1ms, total 9ms
03-11 15:56:27.376 D/dalvikvm(  185): GC_EXPLICIT freed 23K, 2% free 1710K/1740K, paused 1ms+1ms, total 9ms
03-11 15:56:27.396 D/dalvikvm(  185): GC_EXPLICIT freed 33K, 3% free 1730K/1768K, paused 1ms+1ms, total 10ms
03-11 15:56:27.456 D/dalvikvm(  185): GC_FOR_ALLOC freed 253K, 12% free 1988K/2244K, paused 12ms, total 12ms
03-11 15:56:27.506 D/dalvikvm(  185): GC_EXPLICIT freed 217K, 10% free 2117K/2340K, paused 1ms+1ms, total 12ms
03-11 15:56:27.526 D/dalvikvm(  185): GC_EXPLICIT freed 35K, 9% free 2136K/2340K, paused 1ms+1ms, total 11ms
03-11 15:56:27.546 D/dalvikvm(  185): GC_EXPLICIT freed 25K, 8% free 2169K/2348K, paused 1ms+1ms, total 11ms
03-11 15:56:27.546 W/Zygote  (  185): Class not found for preloading: java.lang.UnsafeByteSequence
03-11 15:56:27.566 D/dalvikvm(  185): GC_EXPLICIT freed 36K, 7% free 2189K/2348K, paused 1ms+1ms, total 11ms
03-11 15:56:27.586 D/dalvikvm(  185): GC_EXPLICIT freed 40K, 7% free 2206K/2348K, paused 1ms+1ms, total 11ms
03-11 15:56:27.606 D/dalvikvm(  185): GC_EXPLICIT freed 42K, 6% free 2219K/2348K, paused 1ms+1ms, total 12ms
03-11 15:56:27.696 I/System  (  185): Loaded time zone names for "" in 77ms (73ms in ICU)
03-11 15:56:27.776 I/System  (  185): Loaded time zone names for "en_US" in 82ms (74ms in ICU)
03-11 15:56:27.786 D/dalvikvm(  185): GC_EXPLICIT freed 203K, 9% free 2387K/2608K, paused 1ms+1ms, total 13ms
03-11 15:56:27.806 D/dalvikvm(  185): GC_EXPLICIT freed 14K, 7% free 2450K/2608K, paused 1ms+1ms, total 12ms
03-11 15:56:27.836 D/dalvikvm(  185): GC_EXPLICIT freed 30K, 6% free 2476K/2608K, paused 1ms+3ms, total 17ms
03-11 15:56:27.856 D/dalvikvm(  185): GC_EXPLICIT freed 34K, 5% free 2496K/2608K, paused 1ms+1ms, total 12ms
03-11 15:56:27.876 D/dalvikvm(  185): GC_EXPLICIT freed 32K, 4% free 2518K/2608K, paused 1ms+1ms, total 15ms
03-11 15:56:27.906 D/dalvikvm(  185): GC_EXPLICIT freed 29K, 3% free 2543K/2608K, paused 1ms+1ms, total 15ms
03-11 15:56:27.906 I/Zygote  (  185): ...preloaded 2777 classes in 2330ms.
03-11 15:56:28.177 D/dalvikvm(  185): GC_EXPLICIT freed 17K, 3% free 2546K/2608K, paused 2ms+2ms, total 14ms
03-11 15:56:28.177 I/Zygote  (  185): Preloading resources...
03-11 15:56:28.197 D/dalvikvm(  185): GC_EXPLICIT freed 1K, 3% free 2607K/2664K, paused 1ms+2ms, total 14ms
03-11 15:56:28.217 D/dalvikvm(  185): GC_EXPLICIT freed 1K, 3% free 2656K/2724K, paused 1ms+1ms, total 13ms
03-11 15:56:28.237 D/dalvikvm(  185): GC_EXPLICIT freed 1K, 3% free 2706K/2764K, paused 1ms+1ms, total 16ms
03-11 15:56:28.257 D/dalvikvm(  185): GC_EXPLICIT freed 1K, 2% free 2755K/2804K, paused 1ms+1ms, total 14ms
03-11 15:56:28.277 D/dalvikvm(  185): GC_EXPLICIT freed 1K, 3% free 2805K/2864K, paused 1ms+1ms, total 12ms
03-11 15:56:28.287 D/dalvikvm(  185): GC_EXPLICIT freed 1K, 2% free 2854K/2904K, paused 1ms+1ms, total 13ms
03-11 15:56:28.307 D/dalvikvm(  185): GC_EXPLICIT freed 1K, 3% free 2904K/2964K, paused 1ms+1ms, total 13ms
03-11 15:56:28.327 D/dalvikvm(  185): GC_EXPLICIT freed 2K, 2% free 2961K/3004K, paused 1ms+1ms, total 14ms
03-11 15:56:28.347 D/dalvikvm(  185): GC_EXPLICIT freed 1K, 2% free 3010K/3044K, paused 1ms+1ms, total 13ms
03-11 15:56:28.377 D/dalvikvm(  185): GC_EXPLICIT freed 2K, 2% free 3060K/3104K, paused 1ms+2ms, total 14ms
03-11 15:56:28.397 D/dalvikvm(  185): GC_EXPLICIT freed 1K, 2% free 3110K/3144K, paused 1ms+2ms, total 14ms
03-11 15:56:28.417 D/dalvikvm(  185): GC_EXPLICIT freed 1K, 2% free 3159K/3204K, paused 1ms+2ms, total 15ms
03-11 15:56:28.437 D/dalvikvm(  185): GC_EXPLICIT freed 1K, 2% free 3209K/3244K, paused 1ms+2ms, total 14ms
03-11 15:56:28.457 D/dalvikvm(  185): GC_EXPLICIT freed 1K, 1% free 3258K/3284K, paused 1ms+1ms, total 13ms
03-11 15:56:28.477 D/dalvikvm(  185): GC_EXPLICIT freed 1K, 2% free 3313K/3348K, paused 1ms+1ms, total 15ms
03-11 15:56:28.507 D/dalvikvm(  185): GC_EXPLICIT freed 1K, 1% free 3367K/3396K, paused 1ms+1ms, total 14ms
03-11 15:56:28.527 D/dalvikvm(  185): GC_EXPLICIT freed 2K, 1% free 3431K/3448K, paused 1ms+1ms, total 14ms
03-11 15:56:28.547 D/dalvikvm(  185): GC_EXPLICIT freed 1K, 1% free 3481K/3508K, paused 1ms+1ms, total 14ms
03-11 15:56:28.567 D/dalvikvm(  185): GC_EXPLICIT freed 3K, 1% free 3532K/3552K, paused 1ms+1ms, total 17ms
03-11 15:56:28.587 D/dalvikvm(  185): GC_EXPLICIT freed 1K, 1% free 3585K/3612K, paused 1ms+1ms, total 14ms
03-11 15:56:28.607 D/dalvikvm(  185): GC_EXPLICIT freed 1K, 1% free 3634K/3652K, paused 1ms+2ms, total 15ms
03-11 15:56:28.627 D/dalvikvm(  185): GC_EXPLICIT freed 1K, 1% free 3683K/3712K, paused 1ms+3ms, total 19ms
03-11 15:56:28.647 D/dalvikvm(  185): GC_EXPLICIT freed 1K, 1% free 3733K/3752K, paused 1ms+2ms, total 14ms
03-11 15:56:28.667 D/dalvikvm(  185): GC_EXPLICIT freed 2K, 1% free 3791K/3816K, paused 1ms+1ms, total 14ms
03-11 15:56:28.677 D/dalvikvm(  185): GC_EXPLICIT freed 2K, 1% free 3845K/3864K, paused 1ms+1ms, total 13ms
03-11 15:56:28.697 D/dalvikvm(  185): GC_EXPLICIT freed 1K, 1% free 3900K/3928K, paused 1ms+2ms, total 14ms
03-11 15:56:28.727 D/dalvikvm(  185): GC_EXPLICIT freed 1K, 1% free 3955K/3976K, paused 1ms+1ms, total 17ms
03-11 15:56:28.737 D/dalvikvm(  185): GC_EXPLICIT freed 1K, 1% free 4010K/4040K, paused 1ms+2ms, total 15ms
03-11 15:56:28.777 D/dalvikvm(  185): GC_EXPLICIT freed 4K, 1% free 4156K/4188K, paused 1ms+1ms, total 14ms
03-11 15:56:28.797 D/dalvikvm(  185): GC_EXPLICIT freed 4K, 1% free 4294K/4316K, paused 1ms+2ms, total 16ms
03-11 15:56:28.837 D/dalvikvm(  185): GC_EXPLICIT freed 2K, 1% free 4380K/4404K, paused 1ms+1ms, total 16ms
03-11 15:56:28.847 D/dalvikvm(  185): GC_EXPLICIT freed 5K, 1% free 4431K/4452K, paused 1ms+1ms, total 15ms
03-11 15:56:28.877 D/dalvikvm(  185): WAIT_FOR_CONCURRENT_GC blocked 1ms
03-11 15:56:28.897 D/dalvikvm(  185): GC_EXPLICIT freed 1K, 1% free 4483K/4500K, paused 1ms+2ms, total 16ms
03-11 15:56:28.917 D/dalvikvm(  185): GC_EXPLICIT freed 4K, 1% free 4553K/4580K, paused 1ms+1ms, total 16ms
03-11 15:56:28.937 D/dalvikvm(  185): GC_EXPLICIT freed 2K, 1% free 4622K/4656K, paused 1ms+1ms, total 15ms
03-11 15:56:28.947 D/dalvikvm(  185): GC_EXPLICIT freed <1K, 1% free 4687K/4728K, paused 1ms+2ms, total 14ms
03-11 15:56:28.978 D/dalvikvm(  185): GC_EXPLICIT freed 1K, 1% free 4821K/4864K, paused 1ms+2ms, total 17ms
03-11 15:56:28.988 E/kickstart(  643): 29874990 bytes transferred in 1.824s (15.62 MBps)
03-11 15:56:28.988 E/kickstart(  643): Wrote to /sys/power/wake_unlock
03-11 15:56:29.008 E/kickstart(  643): Wrote to /sys/power/wake_lock
03-11 15:56:29.008 E/kickstart(  643): Requested ID 28, file "/firmware/image/dsp3.mbn"
03-11 15:56:29.018 D/dalvikvm(  185): GC_EXPLICIT freed 1K, 1% free 5921K/5968K, paused 1ms+2ms, total 16ms
03-11 15:56:29.058 D/dalvikvm(  185): GC_EXPLICIT freed 1K, 1% free 6003K/6048K, paused 1ms+2ms, total 16ms
03-11 15:56:29.078 D/dalvikvm(  185): GC_EXPLICIT freed <1K, 1% free 6094K/6140K, paused 1ms+2ms, total 15ms
03-11 15:56:29.098 D/dalvikvm(  185): GC_EXPLICIT freed <1K, 1% free 6184K/6232K, paused 2ms+2ms, total 15ms
03-11 15:56:29.128 D/dalvikvm(  185): GC_EXPLICIT freed 4K, 1% free 7425K/7448K, paused 1ms+2ms, total 15ms
03-11 15:56:29.158 D/dalvikvm(  185): GC_EXPLICIT freed 8K, 1% free 7500K/7524K, paused 2ms+2ms, total 18ms
03-11 15:56:29.178 D/dalvikvm(  185): GC_EXPLICIT freed 9K, 1% free 7542K/7572K, paused 1ms+2ms, total 16ms
03-11 15:56:29.198 D/dalvikvm(  185): GC_EXPLICIT freed 3K, 1% free 7589K/7620K, paused 1ms+2ms, total 16ms
03-11 15:56:29.218 D/dalvikvm(  185): GC_EXPLICIT freed 3K, 1% free 7636K/7656K, paused 1ms+2ms, total 16ms
03-11 15:56:29.238 D/dalvikvm(  185): GC_EXPLICIT freed 3K, 1% free 7683K/7712K, paused 1ms+2ms, total 16ms
03-11 15:56:29.258 D/dalvikvm(  185): GC_EXPLICIT freed 3K, 1% free 7735K/7756K, paused 1ms+1ms, total 16ms
03-11 15:56:29.278 D/dalvikvm(  185): GC_EXPLICIT freed 2K, 1% free 7783K/7816K, paused 1ms+2ms, total 18ms
03-11 15:56:29.298 D/dalvikvm(  185): GC_EXPLICIT freed 1K, 1% free 7834K/7856K, paused 1ms+1ms, total 15ms
03-11 15:56:29.318 D/dalvikvm(  185): GC_EXPLICIT freed 3K, 1% free 7886K/7916K, paused 2ms+2ms, total 17ms
03-11 15:56:29.368 D/dalvikvm(  185): GC_EXPLICIT freed 2K, 1% free 7953K/7976K, paused 2ms+2ms, total 18ms
03-11 15:56:29.388 D/dalvikvm(  185): GC_EXPLICIT freed 2K, 1% free 8001K/8016K, paused 1ms+2ms, total 15ms
03-11 15:56:29.408 D/dalvikvm(  185): GC_EXPLICIT freed <1K, 1% free 8069K/8088K, paused 2ms+2ms, total 16ms
03-11 15:56:29.418 D/dalvikvm(  185): GC_EXPLICIT freed <1K, 1% free 8129K/8152K, paused 1ms+1ms, total 15ms
03-11 15:56:29.438 E/kickstart(  643): 6914542 bytes transferred in 0.432s (15.27 MBps)
03-11 15:56:29.438 E/kickstart(  643): Wrote to /sys/power/wake_unlock
03-11 15:56:29.438 E/kickstart(  643): Wrote to /sys/power/wake_lock
03-11 15:56:29.438 D/dalvikvm(  185): GC_EXPLICIT freed <1K, 1% free 8190K/8216K, paused 1ms+2ms, total 16ms
03-11 15:56:29.438 E/kickstart(  643): Requested ID 8, file "/firmware/image/dsp1.mbn"
03-11 15:56:29.458 D/dalvikvm(  185): GC_EXPLICIT freed <1K, 1% free 8239K/8272K, paused 1ms+2ms, total 16ms
03-11 15:56:29.478 D/dalvikvm(  185): GC_EXPLICIT freed 6K, 1% free 8312K/8344K, paused 1ms+2ms, total 15ms
03-11 15:56:29.498 D/dalvikvm(  185): GC_EXPLICIT freed 1K, 1% free 8365K/8388K, paused 1ms+1ms, total 15ms
03-11 15:56:29.528 D/dalvikvm(  185): GC_EXPLICIT freed 2K, 1% free 8423K/8448K, paused 1ms+3ms, total 17ms
03-11 15:56:29.548 D/dalvikvm(  185): GC_EXPLICIT freed 2K, 1% free 8471K/8488K, paused 1ms+2ms, total 16ms
03-11 15:56:29.558 D/dalvikvm(  185): GC_EXPLICIT freed 1K, 1% free 8523K/8544K, paused 1ms+2ms, total 16ms
03-11 15:56:29.578 D/dalvikvm(  185): GC_EXPLICIT freed 1K, 1% free 8611K/8632K, paused 1ms+2ms, total 16ms
03-11 15:56:29.598 D/dalvikvm(  185): GC_EXPLICIT freed 1K, 1% free 8695K/8720K, paused 1ms+2ms, total 16ms
03-11 15:56:29.618 D/dalvikvm(  185): GC_EXPLICIT freed 1K, 1% free 8783K/8808K, paused 1ms+2ms, total 17ms
03-11 15:56:29.638 D/dalvikvm(  185): GC_EXPLICIT freed 1K, 1% free 8867K/8896K, paused 1ms+2ms, total 16ms
03-11 15:56:29.648 E/kickstart(  643): 2689311 bytes transferred in 0.208s (12.33 MBps)
03-11 15:56:29.648 E/kickstart(  643): Wrote to /sys/power/wake_unlock
03-11 15:56:29.648 E/kickstart(  643): Wrote to /sys/power/wake_lock
03-11 15:56:29.658 E/kickstart(  643): Requested ID 6, file "/firmware/image/apps.mbn"
03-11 15:56:29.668 D/dalvikvm(  185): GC_EXPLICIT freed 5K, 1% free 8936K/8960K, paused 2ms+2ms, total 17ms
03-11 15:56:29.668 I/Zygote  (  185): ...preloaded 274 resources in 1493ms.
03-11 15:56:29.698 D/dalvikvm(  185): GC_EXPLICIT freed 13K, 1% free 8976K/9000K, paused 1ms+2ms, total 18ms
03-11 15:56:29.698 I/Zygote  (  185): ...preloaded 31 resources in 31ms.
03-11 15:56:29.698 D/libEGL  (  185): loaded /system/lib/egl/libEGL_adreno.so
03-11 15:56:29.708 D/libEGL  (  185): loaded /system/lib/egl/libGLESv1_CM_adreno.so
03-11 15:56:29.708 D/libEGL  (  185): loaded /system/lib/egl/libGLESv2_adreno.so
03-11 15:56:29.738 D/dalvikvm(  185): GC_EXPLICIT freed 10K, 1% free 8971K/9000K, paused 2ms+3ms, total 26ms
03-11 15:56:29.758 D/dalvikvm(  185): GC_EXPLICIT freed 3K, 1% free 8968K/9000K, paused 3ms+3ms, total 23ms
03-11 15:56:29.778 D/dalvikvm(  185): GC_EXPLICIT freed <1K, 1% free 8968K/9000K, paused 1ms+3ms, total 21ms
03-11 15:56:29.788 I/dalvikvm(  185): System server process 647 has been created
03-11 15:56:29.788 I/Zygote  (  185): Accepting command socket connections
03-11 15:56:29.848 D/SensorService(  647): nuSensorService starting...
03-11 15:56:29.848 I/SystemServer(  647): Entered the Android system server!
03-11 15:56:29.858 I/SensorService(  647): MPL Accelerometer
03-11 15:56:29.858 I/SensorService(  647): AKM Magnetic Field
03-11 15:56:29.858 I/SensorService(  647): Orientation
03-11 15:56:29.858 I/SensorService(  647): Lite-On Ambient Light Sensor
03-11 15:56:29.858 I/SensorService(  647): MPL Gyroscope
03-11 15:56:29.858 I/SensorService(  647): AKM Magnetic Field
03-11 15:56:29.858 I/SensorService(  647): MPL Gyroscope
03-11 15:56:29.858 I/SensorService(  647): Gravity
03-11 15:56:29.858 I/SensorService(  647): Linear Acceleration
03-11 15:56:29.858 I/SensorService(  647): Rotation Vector
03-11 15:56:29.858 I/SensorService(  647): Significant Motion
03-11 15:56:29.858 I/SensorService(  647): Game Rotation Vector
03-11 15:56:29.858 D/SensorService(  647): Max socket buffer size 1048576
03-11 15:56:29.858 D/SensorService(  647): nuSensorService thread starting...
03-11 15:56:29.858 I/installd(  188): new connection
03-11 15:56:29.858 I/SystemServer(  647): Waiting for installd to be ready.
03-11 15:56:29.858 I/Installer(  647): connecting...
03-11 15:56:29.858 I/SystemServer(  647): Power Manager
03-11 15:56:29.868 I/PowerHAL(  647): power_init
03-11 15:56:29.868 E/kickstart(  643): 2560424 bytes transferred in 0.216s (11.31 MBps)
03-11 15:56:29.868 E/kickstart(  643): Wrote to /sys/power/wake_unlock
03-11 15:56:29.868 E/kickstart(  643): Sahara protocol completed
03-11 15:56:29.868 E/kickstart(  643): Removing linked list of input files
03-11 15:56:29.868 E/kickstart(  643): Removing linked list of input files
03-11 15:56:29.868 I/kickstart-qcks(  314): RetCode = 0
03-11 15:56:29.868 E/kickstart-qcks(  314): Sahara transfer completed successfully
03-11 15:56:29.868 E/kickstart-qcks(  314): Spawning efsks
03-11 15:56:29.868 I/SystemServer(  647): Activity Manager
03-11 15:56:29.878 I/kickstart-efsks(  663): EFS_TTY='/dev/efs_hsic_bridge'
03-11 15:56:29.878 I/kickstart-efsks(  663): Parsing 'where to save memorydump' options
03-11 15:56:29.878 I/kickstart-efsks(  663): PathToSaveFiles='/dev/block/platform/msm_sdcc.1/by-name/'
03-11 15:56:29.878 I/kickstart-efsks(  663): EFSKS parameters
03-11 15:56:29.878 I/kickstart-efsks(  663): EFS_TTY='/dev/efs_hsic_bridge'
03-11 15:56:29.878 I/kickstart-efsks(  663): ks_path='/system/bin/ks'
03-11 15:56:29.878 I/kickstart-efsks(  663): PathToSaveFiles='/dev/block/platform/msm_sdcc.1/by-name/'
03-11 15:56:29.878 I/kickstart-efsks(  663): RX_Timeout=-1
03-11 15:56:29.878 E/kickstart-efsks(  663): File '/dev/efs_hsic_bridge' was not found
03-11 15:56:29.878 E/kickstart-efsks(  663): /dev/efs_hsic_bridge does not exist.
03-11 15:56:29.878 I/ActivityManager(  647): Memory class: 192
03-11 15:56:29.918 D/dalvikvm(  647): GC_CONCURRENT freed 61K, 1% free 9413K/9504K, paused 2ms+3ms, total 21ms
03-11 15:56:29.928 W/UsageStats(  647): Usage stats version changed; dropping
03-11 15:56:30.009 D/dalvikvm(  647): GC_CONCURRENT freed 323K, 4% free 9542K/9896K, paused 1ms+1ms, total 15ms
03-11 15:56:30.039 I/IntentFirewall(  647): Read new rules (A:0 B:0 S:0)
03-11 15:56:30.049 I/SystemServer(  647): Display Manager
03-11 15:56:30.049 I/SystemServer(  647): Telephony Registry
03-11 15:56:30.049 I/SystemServer(  647): Scheduling Policy
03-11 15:56:30.049 I/DisplayManagerService(  647): Display device added: DisplayDeviceInfo{"Built-in Screen": 1200 x 1920, 60.0 fps, density 320, 320.842 x 322.966 dpi, touch INTERNAL, rotation 0, type BUILT_IN, FLAG_DEFAULT_DISPLAY, FLAG_ROTATES_WITH_CONTENT, FLAG_SECURE, FLAG_SUPPORTS_PROTECTED_BUFFERS}
03-11 15:56:30.049 I/SystemServer(  647): Package Manager
03-11 15:56:30.089 D/dalvikvm(  647): GC_CONCURRENT freed 370K, 4% free 9682K/10084K, paused 2ms+2ms, total 16ms
03-11 15:56:30.089 D/dalvikvm(  647): WAIT_FOR_CONCURRENT_GC blocked 7ms
03-11 15:56:30.119 D/dalvikvm(  647): GC_CONCURRENT freed 402K, 6% free 9692K/10208K, paused 2ms+1ms, total 16ms
03-11 15:56:30.119 D/dalvikvm(  647): WAIT_FOR_CONCURRENT_GC blocked 13ms
03-11 15:56:30.129 D/SELinuxMMAC(  647): Couldn't find install policy /data/security/mac_permissions.xml
03-11 15:56:30.129 D/SELinuxMMAC(  647): Using install policy file /system/etc/security/mac_permissions.xml
03-11 15:56:30.229 D/dalvikvm(  647): GC_CONCURRENT freed 254K, 4% free 9890K/10208K, paused 3ms+3ms, total 25ms
03-11 15:56:30.429 D/dalvikvm(  647): GC_CONCURRENT freed 267K, 3% free 10122K/10388K, paused 16ms+1ms, total 40ms
03-11 15:56:30.589 D/dalvikvm(  647): GC_CONCURRENT freed 263K, 3% free 10294K/10588K, paused 1ms+2ms, total 22ms
03-11 15:56:30.609 W/PackageParser(  647): No actions in intent filter at /system/priv-app/Contacts.apk Binary XML file line #375
03-11 15:56:30.779 W/ResourceType(  647): Failure getting entry for 0x7f050000 (t=4 e=0) in package 0 (error -75)
03-11 15:56:30.779 D/dalvikvm(  647): GC_CONCURRENT freed 173K, 2% free 10536K/10732K, paused 2ms+2ms, total 26ms
03-11 15:56:30.869 I/PackageManager(  647): Package com.android.vending at /system/priv-app/Phonesky.apk ignored: updated version 80250010 better than this 80240022
03-11 15:56:30.939 I/PackageManager(  647): Package com.google.android.gms at /system/priv-app/PrebuiltGmsCore.apk ignored: updated version 4243036 better than this 4033536
03-11 15:56:31.040 D/dalvikvm(  647): GC_CONCURRENT freed 201K, 3% free 10810K/11044K, paused 2ms+2ms, total 24ms
03-11 15:56:31.090 W/PackageParser(  647): No actions in intent filter at /system/priv-app/SetupWizard.apk Binary XML file line #117
03-11 15:56:31.260 I/PackageManager(  647): Package com.google.android.googlequicksearchbox at /system/priv-app/Velvet.apk ignored: updated version 300302170 better than this 300301080
03-11 15:56:31.280 D/dalvikvm(  647): GC_CONCURRENT freed 216K, 3% free 11022K/11272K, paused 1ms+2ms, total 25ms
03-11 15:56:31.310 I/PackageManager(  647): Package com.google.android.apps.cloudprint at /system/app/CloudPrint2.apk ignored: updated version 52 better than this 45
03-11 15:56:31.340 W/ResourceType(  647): Failure getting entry for 0x7f040012 (t=3 e=18) in package 0 (error -75)
03-11 15:56:31.340 W/ResourceType(  647): Failure getting entry for 0x7f040012 (t=3 e=18) in package 0 (error -75)
03-11 15:56:31.350 I/PackageManager(  647): Package com.google.android.tts at /system/app/GoogleTTS.apk ignored: updated version 210030010 better than this 210020403
03-11 15:56:31.370 W/PackageParser(  647): No actions in intent filter at /system/app/Bluetooth.apk Binary XML file line #210
03-11 15:56:31.400 W/Resources(  647): Converting to boolean: TypedValue{t=0x3/d=0x3e0 "true" a=2 r=0x7f090005}
03-11 15:56:31.400 I/PackageManager(  647): Package com.google.android.apps.books at /system/app/Books.apk ignored: updated version 30133 better than this 30015
03-11 15:56:31.440 I/PackageManager(  647): Package com.google.android.calendar at /system/app/CalendarGoogle.apk ignored: updated version 201308023 better than this 201308021
03-11 15:56:31.450 I/PackageManager(  647): Package com.hp.android.printservice at /system/app/HPPrintPlugin.apk ignored: updated version 43 better than this 39
03-11 15:56:31.490 I/PackageManager(  647): Package com.android.chrome at /system/app/Chrome.apk ignored: updated version 1750136 better than this 1599105
03-11 15:56:31.550 I/PackageManager(  647): Package com.quickoffice.android at /system/app/QuickOffice.apk ignored: updated version 140210 better than this 131106
03-11 15:56:31.570 D/dalvikvm(  647): GC_CONCURRENT freed 220K, 3% free 11212K/11464K, paused 1ms+2ms, total 27ms
03-11 15:56:31.580 I/PackageManager(  647): Package com.google.android.apps.currents at /system/app/Currents.apk ignored: updated version 140231633 better than this 131711853
