03-11 15:59:58.178 D/dalvikvm( 2554): Trying to load lib libjavacore.so 0x0
03-11 15:59:58.178 D/dalvikvm( 2554): Added shared lib libjavacore.so 0x0
03-11 15:59:58.188 D/dalvikvm( 2554): Trying to load lib libnativehelper.so 0x0
03-11 15:59:58.188 D/dalvikvm( 2554): Added shared lib libnativehelper.so 0x0
03-11 15:59:58.188 D/dalvikvm( 2554): No JNI_OnLoad found in libnativehelper.so 0x0, skipping init
03-11 15:59:58.218 D/dalvikvm( 2554): Note: class Landroid/app/ActivityManagerNative; has 179 unimplemented (abstract) methods
03-11 15:59:58.408 D/AndroidRuntime( 2554): Calling main entry com.android.commands.am.Am
03-11 15:59:58.428 I/ActivityManager(  647): START u0 {flg=0x10000000 cmp=com.android.helloworldminimal/.HelloWorld} from pid 2554
03-11 15:59:58.729 I/WindowManager(  647): Screenshot max retries 4 of Token{425ea9d0 ActivityRecord{425ea758 u0 com.android.launcher/com.android.launcher2.Launcher t1}} appWin=Window{4258a2f8 u0 com.android.launcher/com.android.launcher2.Launcher} drawState=4
03-11 15:59:58.729 W/WindowManager(  647): Screenshot failure taking screenshot for (1200x1920) to layer 21000
03-11 15:59:58.749 D/AndroidRuntime( 2554): Shutting down VM
03-11 15:59:58.759 D/dalvikvm( 2554): GC_CONCURRENT freed 95K, 15% free 586K/684K, paused 0ms+0ms, total 5ms
03-11 15:59:58.789 I/ActivityManager(  647): Start proc com.android.helloworldminimal for activity com.android.helloworldminimal/.HelloWorld: pid=2571 uid=10122 gids={50122}
03-11 15:59:58.839 D/dalvikvm(  185): GC_EXPLICIT freed 41K, 1% free 8980K/9056K, paused 3ms+2ms, total 64ms
03-11 15:59:58.869 D/dalvikvm(  185): GC_EXPLICIT freed <1K, 1% free 8980K/9056K, paused 2ms+2ms, total 37ms
03-11 15:59:58.889 D/dalvikvm(  185): GC_EXPLICIT freed <1K, 1% free 8980K/9056K, paused 1ms+1ms, total 16ms
03-11 15:59:58.969 D/dalvikvm(  647): GC_EXPLICIT freed 988K, 10% free 17468K/19316K, paused 23ms+8ms, total 119ms
03-11 15:59:59.049 D/dalvikvm( 2571): GC_CONCURRENT freed 209K, 3% free 9215K/9456K, paused 4ms+2ms, total 26ms
03-11 15:59:59.189 D/dalvikvm( 2571): GC_CONCURRENT freed 224K, 3% free 9428K/9684K, paused 3ms+4ms, total 30ms
03-11 15:59:59.329 D/dalvikvm( 2571): GC_CONCURRENT freed 227K, 3% free 9650K/9912K, paused 3ms+3ms, total 21ms
03-11 15:59:59.449 D/dalvikvm( 2571): GC_CONCURRENT freed 227K, 3% free 9873K/10132K, paused 1ms+3ms, total 23ms
03-11 15:59:59.620 D/dalvikvm( 2571): GC_CONCURRENT freed 317K, 4% free 10005K/10360K, paused 2ms+3ms, total 31ms
03-11 15:59:59.760 D/dalvikvm( 2571): GC_CONCURRENT freed 339K, 4% free 10122K/10504K, paused 1ms+2ms, total 26ms
03-11 15:59:59.820 I/dalvikvm( 2571): Could not find method java.beans.Introspector.getBeanInfo, referenced from method clojure.core$bean.invoke
03-11 15:59:59.820 W/dalvikvm( 2571): VFY: unable to resolve static method 13119: Ljava/beans/Introspector;.getBeanInfo (Ljava/lang/Class;)Ljava/beans/BeanInfo;
03-11 15:59:59.820 D/dalvikvm( 2571): VFY: replacing opcode 0x71 at 0x0021
03-11 15:59:59.900 D/dalvikvm( 2571): GC_CONCURRENT freed 354K, 4% free 10282K/10668K, paused 3ms+2ms, total 34ms
03-11 15:59:59.900 D/dalvikvm( 2571): WAIT_FOR_CONCURRENT_GC blocked 6ms
03-11 16:00:00.020 D/dalvikvm( 2571): GC_CONCURRENT freed 395K, 4% free 10402K/10828K, paused 3ms+3ms, total 42ms
03-11 16:00:00.020 D/dalvikvm( 2571): WAIT_FOR_CONCURRENT_GC blocked 17ms
03-11 16:00:00.120 D/dalvikvm( 2571): GC_CONCURRENT freed 445K, 5% free 10444K/10924K, paused 1ms+2ms, total 27ms
03-11 16:00:00.230 D/dalvikvm( 2571): GC_CONCURRENT freed 452K, 5% free 10504K/10988K, paused 1ms+1ms, total 28ms
03-11 16:00:00.230 D/dalvikvm( 2571): WAIT_FOR_CONCURRENT_GC blocked 6ms
03-11 16:00:00.330 D/dalvikvm( 2571): GC_CONCURRENT freed 457K, 5% free 10554K/11044K, paused 2ms+3ms, total 34ms
03-11 16:00:00.430 D/dalvikvm( 2571): GC_CONCURRENT freed 515K, 5% free 10566K/11112K, paused 2ms+2ms, total 35ms
03-11 16:00:00.430 D/dalvikvm( 2571): WAIT_FOR_CONCURRENT_GC blocked 11ms
03-11 16:00:00.551 D/dalvikvm( 2571): GC_CONCURRENT freed 471K, 5% free 10626K/11128K, paused 2ms+2ms, total 34ms
03-11 16:00:00.551 D/dalvikvm( 2571): WAIT_FOR_CONCURRENT_GC blocked 11ms
03-11 16:00:00.661 D/dalvikvm( 2571): GC_CONCURRENT freed 481K, 5% free 10691K/11204K, paused 1ms+3ms, total 31ms
03-11 16:00:00.781 D/dalvikvm( 2571): GC_CONCURRENT freed 550K, 6% free 10715K/11296K, paused 2ms+2ms, total 34ms
03-11 16:00:00.781 D/dalvikvm( 2571): WAIT_FOR_CONCURRENT_GC blocked 7ms
03-11 16:00:00.921 D/dalvikvm( 2571): GC_CONCURRENT freed 459K, 5% free 10799K/11324K, paused 2ms+2ms, total 36ms
03-11 16:00:00.921 D/dalvikvm( 2571): WAIT_FOR_CONCURRENT_GC blocked 27ms
03-11 16:00:01.071 D/dalvikvm( 2571): GC_CONCURRENT freed 482K, 5% free 10927K/11440K, paused 1ms+2ms, total 38ms
03-11 16:00:01.071 D/dalvikvm( 2571): WAIT_FOR_CONCURRENT_GC blocked 5ms
03-11 16:00:01.191 D/dalvikvm( 2571): GC_CONCURRENT freed 572K, 6% free 11009K/11612K, paused 3ms+2ms, total 34ms
03-11 16:00:01.191 D/dalvikvm( 2571): WAIT_FOR_CONCURRENT_GC blocked 17ms
03-11 16:00:01.301 D/dalvikvm( 2571): GC_CONCURRENT freed 615K, 6% free 11073K/11720K, paused 2ms+2ms, total 36ms
03-11 16:00:01.301 D/dalvikvm( 2571): WAIT_FOR_CONCURRENT_GC blocked 20ms
03-11 16:00:01.421 D/dalvikvm( 2571): GC_CONCURRENT freed 535K, 6% free 11156K/11776K, paused 2ms+2ms, total 34ms
03-11 16:00:01.421 D/dalvikvm( 2571): WAIT_FOR_CONCURRENT_GC blocked 25ms
03-11 16:00:01.441 I/Adreno-EGL( 2571): <qeglDrvAPI_eglInitialize:320>: EGL 1.4 QUALCOMM Build: I0404c4692afb8623f95c43aeb6d5e13ed4b30ddbDate: 11/06/13
03-11 16:00:01.471 D/OpenGLRenderer( 2571): Enabling debug mode 0
03-11 16:00:01.572 I/ActivityManager(  647): Displayed com.android.helloworldminimal/.HelloWorld: +2s829ms
03-11 16:00:19.319 D/AndroidRuntime( 2605): 
03-11 16:00:19.319 D/AndroidRuntime( 2605): >>>>>> AndroidRuntime START com.android.internal.os.RuntimeInit <<<<<<
03-11 16:00:19.319 D/AndroidRuntime( 2605): CheckJNI is OFF
03-11 16:00:19.329 D/dalvikvm( 2605): Trying to load lib libjavacore.so 0x0
03-11 16:00:19.339 D/dalvikvm( 2605): Added shared lib libjavacore.so 0x0
03-11 16:00:19.339 D/dalvikvm( 2605): Trying to load lib libnativehelper.so 0x0
03-11 16:00:19.339 D/dalvikvm( 2605): Added shared lib libnativehelper.so 0x0
03-11 16:00:19.339 D/dalvikvm( 2605): No JNI_OnLoad found in libnativehelper.so 0x0, skipping init
03-11 16:00:19.379 D/dalvikvm( 2605): Note: class Landroid/app/ActivityManagerNative; has 179 unimplemented (abstract) methods
03-11 16:00:19.599 D/AndroidRuntime( 2605): Calling main entry com.android.commands.pm.Pm
03-11 16:00:19.609 I/ActivityManager(  647): Force stopping com.android.helloworldminimal appid=10122 user=0: clear data
03-11 16:00:19.609 I/ActivityManager(  647): Killing 2571:com.android.helloworldminimal/u0a122 (adj 0): stop com.android.helloworldminimal
03-11 16:00:19.619 W/InputDispatcher(  647): channel '42491698 com.android.helloworldminimal/com.android.helloworldminimal.HelloWorld (server)' ~ Consumer closed input channel or an error occurred.  events=0x9
03-11 16:00:19.619 E/InputDispatcher(  647): channel '42491698 com.android.helloworldminimal/com.android.helloworldminimal.HelloWorld (server)' ~ Channel is unrecoverably broken and will be disposed!
03-11 16:00:19.619 W/InputDispatcher(  647): Attempted to unregister already unregistered input channel '42491698 com.android.helloworldminimal/com.android.helloworldminimal.HelloWorld (server)'
03-11 16:00:19.619 W/ActivityManager(  647): Force removing ActivityRecord{427718a8 u0 com.android.helloworldminimal/.HelloWorld t6}: app died, no saved state
03-11 16:00:19.619 I/WindowState(  647): WIN DEATH: Window{42491698 u0 com.android.helloworldminimal/com.android.helloworldminimal.HelloWorld}
03-11 16:00:19.639 D/keystore(  190): calling clear_uid in state: 3
03-11 16:00:19.659 D/PackageBroadcastService( 1016): Received broadcast action=android.intent.action.PACKAGE_DATA_CLEARED and uri=com.android.helloworldminimal
03-11 16:00:19.659 D/Documents( 2244): Used cached roots for com.android.providers.downloads.documents
03-11 16:00:19.659 D/Documents( 2244): Used cached roots for com.android.externalstorage.documents
03-11 16:00:19.659 D/Documents( 2244): Used cached roots for com.android.providers.media.documents
03-11 16:00:19.659 D/Documents( 2244): Used cached roots for com.google.android.apps.docs.storage
03-11 16:00:19.659 D/Documents( 2244): Update found 7 roots in 19ms
03-11 16:00:19.669 D/AndroidRuntime( 2605): Shutting down VM
03-11 16:00:19.669 D/dalvikvm( 2605): GC_CONCURRENT freed 94K, 15% free 558K/656K, paused 0ms+0ms, total 2ms
03-11 16:00:19.669 I/Icing   ( 1016): doRemovePackageData com.android.helloworldminimal
03-11 16:00:21.221 D/AndroidRuntime( 2625): 
03-11 16:00:21.221 D/AndroidRuntime( 2625): >>>>>> AndroidRuntime START com.android.internal.os.RuntimeInit <<<<<<
03-11 16:00:21.221 D/AndroidRuntime( 2625): CheckJNI is OFF
03-11 16:00:21.241 D/dalvikvm( 2625): Trying to load lib libjavacore.so 0x0
03-11 16:00:21.241 D/dalvikvm( 2625): Added shared lib libjavacore.so 0x0
03-11 16:00:21.251 D/dalvikvm( 2625): Trying to load lib libnativehelper.so 0x0
03-11 16:00:21.251 D/dalvikvm( 2625): Added shared lib libnativehelper.so 0x0
03-11 16:00:21.251 D/dalvikvm( 2625): No JNI_OnLoad found in libnativehelper.so 0x0, skipping init
03-11 16:00:21.281 D/dalvikvm( 2625): Note: class Landroid/app/ActivityManagerNative; has 179 unimplemented (abstract) methods
03-11 16:00:21.481 D/AndroidRuntime( 2625): Calling main entry com.android.commands.am.Am
03-11 16:00:21.491 I/ActivityManager(  647): START u0 {flg=0x10000000 cmp=com.android.helloworldminimal/.HelloWorld} from pid 2625
03-11 16:00:21.801 I/WindowManager(  647): Screenshot max retries 4 of Token{425ea9d0 ActivityRecord{425ea758 u0 com.android.launcher/com.android.launcher2.Launcher t1}} appWin=Window{4258a2f8 u0 com.android.launcher/com.android.launcher2.Launcher} drawState=4
03-11 16:00:21.801 W/WindowManager(  647): Screenshot failure taking screenshot for (1200x1920) to layer 21000
03-11 16:00:21.811 D/AndroidRuntime( 2625): Shutting down VM
03-11 16:00:21.821 D/dalvikvm( 2625): GC_CONCURRENT freed 95K, 15% free 586K/684K, paused 0ms+0ms, total 4ms
03-11 16:00:21.831 I/ActivityManager(  647): Start proc com.android.helloworldminimal for activity com.android.helloworldminimal/.HelloWorld: pid=2649 uid=10122 gids={50122}
03-11 16:00:21.961 D/dalvikvm( 2649): GC_CONCURRENT freed 184K, 3% free 9223K/9440K, paused 3ms+1ms, total 19ms
03-11 16:00:22.092 D/dalvikvm( 2649): GC_CONCURRENT freed 223K, 3% free 9442K/9700K, paused 3ms+2ms, total 21ms
03-11 16:00:22.192 D/dalvikvm( 2649): GC_CONCURRENT freed 235K, 3% free 9666K/9936K, paused 1ms+3ms, total 24ms
03-11 16:00:22.322 D/dalvikvm( 2649): GC_CONCURRENT freed 231K, 3% free 9897K/10160K, paused 2ms+3ms, total 25ms
03-11 16:00:22.492 D/dalvikvm( 2649): GC_CONCURRENT freed 315K, 4% free 10009K/10368K, paused 3ms+3ms, total 22ms
03-11 16:00:22.622 D/dalvikvm( 2649): GC_CONCURRENT freed 340K, 4% free 10130K/10512K, paused 3ms+4ms, total 30ms
03-11 16:00:22.662 I/dalvikvm( 2649): Could not find method java.beans.Introspector.getBeanInfo, referenced from method clojure.core$bean.invoke
03-11 16:00:22.662 W/dalvikvm( 2649): VFY: unable to resolve static method 13119: Ljava/beans/Introspector;.getBeanInfo (Ljava/lang/Class;)Ljava/beans/BeanInfo;
03-11 16:00:22.662 D/dalvikvm( 2649): VFY: replacing opcode 0x71 at 0x0021
03-11 16:00:22.752 D/dalvikvm( 2649): GC_CONCURRENT freed 340K, 4% free 10297K/10672K, paused 2ms+3ms, total 30ms
03-11 16:00:22.752 D/dalvikvm( 2649): WAIT_FOR_CONCURRENT_GC blocked 7ms
03-11 16:00:22.852 D/dalvikvm( 2649): GC_CONCURRENT freed 395K, 4% free 10408K/10832K, paused 2ms+2ms, total 25ms
03-11 16:00:22.942 D/dalvikvm( 2649): GC_CONCURRENT freed 447K, 5% free 10446K/10928K, paused 3ms+2ms, total 33ms
03-11 16:00:23.062 D/dalvikvm( 2649): GC_CONCURRENT freed 455K, 5% free 10506K/10992K, paused 2ms+2ms, total 30ms
03-11 16:00:23.062 D/dalvikvm( 2649): WAIT_FOR_CONCURRENT_GC blocked 8ms
03-11 16:00:23.153 D/dalvikvm( 2649): GC_CONCURRENT freed 443K, 5% free 10554K/11028K, paused 1ms+3ms, total 26ms
03-11 16:00:23.263 D/dalvikvm( 2649): GC_CONCURRENT freed 510K, 5% free 10658K/11108K, paused 1ms+3ms, total 44ms
03-11 16:00:23.383 D/dalvikvm( 2649): GC_CONCURRENT freed 588K, 6% free 10633K/11252K, paused 3ms+3ms, total 33ms
03-11 16:00:23.383 D/dalvikvm( 2649): WAIT_FOR_CONCURRENT_GC blocked 10ms
03-11 16:00:23.483 D/dalvikvm( 2649): GC_CONCURRENT freed 502K, 6% free 10684K/11252K, paused 1ms+2ms, total 31ms
03-11 16:00:23.483 D/dalvikvm( 2649): WAIT_FOR_CONCURRENT_GC blocked 7ms
03-11 16:00:23.593 D/dalvikvm( 2649): GC_CONCURRENT freed 531K, 5% free 10725K/11288K, paused 2ms+3ms, total 39ms
03-11 16:00:23.593 D/dalvikvm( 2649): WAIT_FOR_CONCURRENT_GC blocked 16ms
03-11 16:00:23.723 D/dalvikvm( 2649): GC_CONCURRENT freed 427K, 5% free 10885K/11344K, paused 2ms+3ms, total 33ms
03-11 16:00:23.723 D/dalvikvm( 2649): WAIT_FOR_CONCURRENT_GC blocked 17ms
03-11 16:00:23.863 D/dalvikvm( 2649): GC_CONCURRENT freed 585K, 6% free 10939K/11556K, paused 2ms+2ms, total 33ms
03-11 16:00:23.863 D/dalvikvm( 2649): WAIT_FOR_CONCURRENT_GC blocked 10ms
03-11 16:00:23.983 D/dalvikvm( 2649): GC_CONCURRENT freed 561K, 6% free 11035K/11628K, paused 2ms+2ms, total 40ms
03-11 16:00:23.983 D/dalvikvm( 2649): WAIT_FOR_CONCURRENT_GC blocked 25ms
03-11 16:00:24.083 D/dalvikvm( 2649): GC_CONCURRENT freed 632K, 6% free 11092K/11756K, paused 1ms+2ms, total 36ms
03-11 16:00:24.083 D/dalvikvm( 2649): WAIT_FOR_CONCURRENT_GC blocked 20ms
03-11 16:00:24.174 D/dalvikvm( 2649): GC_FOR_ALLOC freed 348K, 6% free 11153K/11812K, paused 32ms, total 32ms
03-11 16:00:24.194 I/Adreno-EGL( 2649): <qeglDrvAPI_eglInitialize:320>: EGL 1.4 QUALCOMM Build: I0404c4692afb8623f95c43aeb6d5e13ed4b30ddbDate: 11/06/13
03-11 16:00:24.224 D/OpenGLRenderer( 2649): Enabling debug mode 0
03-11 16:00:24.334 I/ActivityManager(  647): Displayed com.android.helloworldminimal/.HelloWorld: +2s522ms
03-11 16:00:42.371 D/AndroidRuntime( 2683): 
03-11 16:00:42.371 D/AndroidRuntime( 2683): >>>>>> AndroidRuntime START com.android.internal.os.RuntimeInit <<<<<<
03-11 16:00:42.371 D/AndroidRuntime( 2683): CheckJNI is OFF
03-11 16:00:42.391 D/dalvikvm( 2683): Trying to load lib libjavacore.so 0x0
03-11 16:00:42.391 D/dalvikvm( 2683): Added shared lib libjavacore.so 0x0
03-11 16:00:42.401 D/dalvikvm( 2683): Trying to load lib libnativehelper.so 0x0
03-11 16:00:42.401 D/dalvikvm( 2683): Added shared lib libnativehelper.so 0x0
03-11 16:00:42.401 D/dalvikvm( 2683): No JNI_OnLoad found in libnativehelper.so 0x0, skipping init
03-11 16:00:42.431 D/dalvikvm( 2683): Note: class Landroid/app/ActivityManagerNative; has 179 unimplemented (abstract) methods
03-11 16:00:42.622 D/AndroidRuntime( 2683): Calling main entry com.android.commands.pm.Pm
03-11 16:00:42.632 I/ActivityManager(  647): Force stopping com.android.helloworldminimal appid=10122 user=0: clear data
03-11 16:00:42.632 I/ActivityManager(  647): Killing 2649:com.android.helloworldminimal/u0a122 (adj 0): stop com.android.helloworldminimal
03-11 16:00:42.642 W/InputDispatcher(  647): channel '42608590 com.android.helloworldminimal/com.android.helloworldminimal.HelloWorld (server)' ~ Consumer closed input channel or an error occurred.  events=0x9
03-11 16:00:42.642 E/InputDispatcher(  647): channel '42608590 com.android.helloworldminimal/com.android.helloworldminimal.HelloWorld (server)' ~ Channel is unrecoverably broken and will be disposed!
03-11 16:00:42.642 W/InputDispatcher(  647): Attempted to unregister already unregistered input channel '42608590 com.android.helloworldminimal/com.android.helloworldminimal.HelloWorld (server)'
03-11 16:00:42.642 W/ActivityManager(  647): Force removing ActivityRecord{425c0b70 u0 com.android.helloworldminimal/.HelloWorld t7}: app died, no saved state
03-11 16:00:42.642 I/WindowState(  647): WIN DEATH: Window{42608590 u0 com.android.helloworldminimal/com.android.helloworldminimal.HelloWorld}
03-11 16:00:42.662 D/keystore(  190): calling clear_uid in state: 3
03-11 16:00:42.662 D/Documents( 2244): Used cached roots for com.android.providers.downloads.documents
03-11 16:00:42.662 D/Documents( 2244): Used cached roots for com.android.externalstorage.documents
03-11 16:00:42.672 D/Documents( 2244): Used cached roots for com.android.providers.media.documents
03-11 16:00:42.672 D/Documents( 2244): Used cached roots for com.google.android.apps.docs.storage
03-11 16:00:42.672 D/Documents( 2244): Update found 7 roots in 8ms
03-11 16:00:42.682 D/PackageBroadcastService( 1016): Received broadcast action=android.intent.action.PACKAGE_DATA_CLEARED and uri=com.android.helloworldminimal
03-11 16:00:42.682 I/Icing   ( 1016): doRemovePackageData com.android.helloworldminimal
03-11 16:00:42.692 D/AndroidRuntime( 2683): Shutting down VM
03-11 16:00:42.692 D/dalvikvm( 2683): GC_CONCURRENT freed 94K, 15% free 558K/656K, paused 0ms+0ms, total 3ms
03-11 16:00:44.243 D/AndroidRuntime( 2709): 
03-11 16:00:44.243 D/AndroidRuntime( 2709): >>>>>> AndroidRuntime START com.android.internal.os.RuntimeInit <<<<<<
03-11 16:00:44.243 D/AndroidRuntime( 2709): CheckJNI is OFF
03-11 16:00:44.253 D/dalvikvm( 2709): Trying to load lib libjavacore.so 0x0
03-11 16:00:44.263 D/dalvikvm( 2709): Added shared lib libjavacore.so 0x0
03-11 16:00:44.263 D/dalvikvm( 2709): Trying to load lib libnativehelper.so 0x0
03-11 16:00:44.263 D/dalvikvm( 2709): Added shared lib libnativehelper.so 0x0
03-11 16:00:44.263 D/dalvikvm( 2709): No JNI_OnLoad found in libnativehelper.so 0x0, skipping init
03-11 16:00:44.303 D/dalvikvm( 2709): Note: class Landroid/app/ActivityManagerNative; has 179 unimplemented (abstract) methods
03-11 16:00:44.513 D/AndroidRuntime( 2709): Calling main entry com.android.commands.am.Am
03-11 16:00:44.523 I/ActivityManager(  647): START u0 {flg=0x10000000 cmp=com.android.helloworldminimal/.HelloWorld} from pid 2709
03-11 16:00:44.834 I/WindowManager(  647): Screenshot max retries 4 of Token{425ea9d0 ActivityRecord{425ea758 u0 com.android.launcher/com.android.launcher2.Launcher t1}} appWin=Window{4258a2f8 u0 com.android.launcher/com.android.launcher2.Launcher} drawState=4
03-11 16:00:44.834 W/WindowManager(  647): Screenshot failure taking screenshot for (1200x1920) to layer 21000
03-11 16:00:44.844 D/AndroidRuntime( 2709): Shutting down VM
03-11 16:00:44.854 D/dalvikvm( 2709): GC_CONCURRENT freed 95K, 15% free 586K/684K, paused 1ms+1ms, total 6ms
03-11 16:00:44.874 I/ActivityManager(  647): Start proc com.android.helloworldminimal for activity com.android.helloworldminimal/.HelloWorld: pid=2726 uid=10122 gids={50122}
03-11 16:00:45.014 D/dalvikvm( 2726): GC_CONCURRENT freed 202K, 3% free 9249K/9476K, paused 12ms+2ms, total 41ms
03-11 16:00:45.144 D/dalvikvm( 2726): GC_CONCURRENT freed 210K, 3% free 9445K/9688K, paused 2ms+1ms, total 20ms
03-11 16:00:45.254 D/dalvikvm( 2726): GC_CONCURRENT freed 242K, 3% free 9679K/9952K, paused 2ms+4ms, total 28ms
03-11 16:00:45.374 D/dalvikvm( 2726): GC_CONCURRENT freed 226K, 3% free 9905K/10164K, paused 3ms+4ms, total 26ms
03-11 16:00:45.554 D/dalvikvm( 2726): GC_CONCURRENT freed 339K, 4% free 10037K/10408K, paused 2ms+4ms, total 36ms
03-11 16:00:45.675 D/dalvikvm( 2726): GC_CONCURRENT freed 335K, 4% free 10135K/10516K, paused 2ms+2ms, total 23ms
03-11 16:00:45.725 I/dalvikvm( 2726): Could not find method java.beans.Introspector.getBeanInfo, referenced from method clojure.core$bean.invoke
03-11 16:00:45.725 W/dalvikvm( 2726): VFY: unable to resolve static method 13119: Ljava/beans/Introspector;.getBeanInfo (Ljava/lang/Class;)Ljava/beans/BeanInfo;
03-11 16:00:45.725 D/dalvikvm( 2726): VFY: replacing opcode 0x71 at 0x0021
03-11 16:00:45.805 D/dalvikvm( 2726): GC_CONCURRENT freed 311K, 4% free 10289K/10632K, paused 1ms+2ms, total 24ms
03-11 16:00:45.925 D/dalvikvm( 2726): GC_CONCURRENT freed 399K, 4% free 10402K/10832K, paused 3ms+2ms, total 30ms
03-11 16:00:45.925 D/dalvikvm( 2726): WAIT_FOR_CONCURRENT_GC blocked 6ms
03-11 16:00:46.035 D/dalvikvm( 2726): GC_CONCURRENT freed 452K, 5% free 10461K/10932K, paused 2ms+3ms, total 42ms
03-11 16:00:46.135 D/dalvikvm( 2726): GC_CONCURRENT freed 449K, 5% free 10506K/10988K, paused 2ms+2ms, total 27ms
03-11 16:00:46.235 D/dalvikvm( 2726): GC_CONCURRENT freed 449K, 5% free 10556K/11036K, paused 1ms+3ms, total 29ms
03-11 16:00:46.335 D/dalvikvm( 2726): GC_CONCURRENT freed 518K, 5% free 10566K/11116K, paused 3ms+3ms, total 36ms
03-11 16:00:46.335 D/dalvikvm( 2726): WAIT_FOR_CONCURRENT_GC blocked 12ms
03-11 16:00:46.455 D/dalvikvm( 2726): GC_CONCURRENT freed 470K, 5% free 10626K/11128K, paused 2ms+2ms, total 29ms
03-11 16:00:46.455 D/dalvikvm( 2726): WAIT_FOR_CONCURRENT_GC blocked 6ms
03-11 16:00:46.555 D/dalvikvm( 2726): GC_CONCURRENT freed 479K, 5% free 10696K/11208K, paused 2ms+4ms, total 31ms
03-11 16:00:46.665 D/dalvikvm( 2726): GC_CONCURRENT freed 556K, 6% free 10716K/11304K, paused 2ms+2ms, total 33ms
03-11 16:00:46.665 D/dalvikvm( 2726): WAIT_FOR_CONCURRENT_GC blocked 9ms
03-11 16:00:46.796 D/dalvikvm( 2726): GC_CONCURRENT freed 444K, 5% free 10802K/11328K, paused 2ms+3ms, total 41ms
03-11 16:00:46.796 D/dalvikvm( 2726): WAIT_FOR_CONCURRENT_GC blocked 34ms
03-11 16:00:46.956 D/dalvikvm( 2726): GC_CONCURRENT freed 486K, 5% free 10927K/11444K, paused 3ms+2ms, total 39ms
03-11 16:00:46.956 D/dalvikvm( 2726): WAIT_FOR_CONCURRENT_GC blocked 14ms
03-11 16:00:47.076 D/dalvikvm( 2726): GC_CONCURRENT freed 573K, 6% free 11008K/11612K, paused 2ms+2ms, total 36ms
03-11 16:00:47.076 D/dalvikvm( 2726): WAIT_FOR_CONCURRENT_GC blocked 21ms
03-11 16:00:47.186 D/dalvikvm( 2726): GC_CONCURRENT freed 617K, 6% free 11072K/11720K, paused 1ms+3ms, total 46ms
03-11 16:00:47.186 D/dalvikvm( 2726): WAIT_FOR_CONCURRENT_GC blocked 29ms
03-11 16:00:47.296 D/dalvikvm( 2726): GC_CONCURRENT freed 533K, 6% free 11154K/11776K, paused 2ms+1ms, total 35ms
03-11 16:00:47.296 D/dalvikvm( 2726): WAIT_FOR_CONCURRENT_GC blocked 28ms
03-11 16:00:47.316 I/Adreno-EGL( 2726): <qeglDrvAPI_eglInitialize:320>: EGL 1.4 QUALCOMM Build: I0404c4692afb8623f95c43aeb6d5e13ed4b30ddbDate: 11/06/13
03-11 16:00:47.346 D/OpenGLRenderer( 2726): Enabling debug mode 0
03-11 16:00:47.446 I/ActivityManager(  647): Displayed com.android.helloworldminimal/.HelloWorld: +2s614ms
03-11 16:01:05.374 D/AndroidRuntime( 2752): 
03-11 16:01:05.374 D/AndroidRuntime( 2752): >>>>>> AndroidRuntime START com.android.internal.os.RuntimeInit <<<<<<
03-11 16:01:05.374 D/AndroidRuntime( 2752): CheckJNI is OFF
03-11 16:01:05.394 D/dalvikvm( 2752): Trying to load lib libjavacore.so 0x0
03-11 16:01:05.394 D/dalvikvm( 2752): Added shared lib libjavacore.so 0x0
03-11 16:01:05.404 D/dalvikvm( 2752): Trying to load lib libnativehelper.so 0x0
03-11 16:01:05.404 D/dalvikvm( 2752): Added shared lib libnativehelper.so 0x0
03-11 16:01:05.404 D/dalvikvm( 2752): No JNI_OnLoad found in libnativehelper.so 0x0, skipping init
03-11 16:01:05.434 D/dalvikvm( 2752): Note: class Landroid/app/ActivityManagerNative; has 179 unimplemented (abstract) methods
03-11 16:01:05.634 D/AndroidRuntime( 2752): Calling main entry com.android.commands.pm.Pm
03-11 16:01:05.634 I/ActivityManager(  647): Force stopping com.android.helloworldminimal appid=10122 user=0: clear data
03-11 16:01:05.634 I/ActivityManager(  647): Killing 2726:com.android.helloworldminimal/u0a122 (adj 0): stop com.android.helloworldminimal
03-11 16:01:05.644 W/ActivityManager(  647): Force removing ActivityRecord{425c1838 u0 com.android.helloworldminimal/.HelloWorld t8}: app died, no saved state
03-11 16:01:05.644 I/WindowState(  647): WIN DEATH: Window{427e3100 u0 com.android.helloworldminimal/com.android.helloworldminimal.HelloWorld}
03-11 16:01:05.664 D/keystore(  190): calling clear_uid in state: 3
03-11 16:01:05.664 D/Documents( 2244): Used cached roots for com.android.providers.downloads.documents
03-11 16:01:05.664 D/Documents( 2244): Used cached roots for com.android.externalstorage.documents
03-11 16:01:05.664 D/Documents( 2244): Used cached roots for com.android.providers.media.documents
03-11 16:01:05.664 D/Documents( 2244): Used cached roots for com.google.android.apps.docs.storage
03-11 16:01:05.664 D/Documents( 2244): Update found 7 roots in 3ms
03-11 16:01:05.684 D/PackageBroadcastService( 1016): Received broadcast action=android.intent.action.PACKAGE_DATA_CLEARED and uri=com.android.helloworldminimal
03-11 16:01:05.694 I/Icing   ( 1016): doRemovePackageData com.android.helloworldminimal
03-11 16:01:05.694 D/AndroidRuntime( 2752): Shutting down VM
03-11 16:01:05.704 D/dalvikvm( 2752): GC_CONCURRENT freed 94K, 15% free 558K/656K, paused 0ms+0ms, total 2ms
03-11 16:01:07.246 D/AndroidRuntime( 2772): 
03-11 16:01:07.246 D/AndroidRuntime( 2772): >>>>>> AndroidRuntime START com.android.internal.os.RuntimeInit <<<<<<
03-11 16:01:07.246 D/AndroidRuntime( 2772): CheckJNI is OFF
03-11 16:01:07.266 D/dalvikvm( 2772): Trying to load lib libjavacore.so 0x0
03-11 16:01:07.266 D/dalvikvm( 2772): Added shared lib libjavacore.so 0x0
03-11 16:01:07.276 D/dalvikvm( 2772): Trying to load lib libnativehelper.so 0x0
03-11 16:01:07.276 D/dalvikvm( 2772): Added shared lib libnativehelper.so 0x0
03-11 16:01:07.276 D/dalvikvm( 2772): No JNI_OnLoad found in libnativehelper.so 0x0, skipping init
03-11 16:01:07.306 D/dalvikvm( 2772): Note: class Landroid/app/ActivityManagerNative; has 179 unimplemented (abstract) methods
03-11 16:01:07.506 D/AndroidRuntime( 2772): Calling main entry com.android.commands.am.Am
03-11 16:01:07.516 I/ActivityManager(  647): START u0 {flg=0x10000000 cmp=com.android.helloworldminimal/.HelloWorld} from pid 2772
03-11 16:01:07.826 I/WindowManager(  647): Screenshot max retries 4 of Token{425ea9d0 ActivityRecord{425ea758 u0 com.android.launcher/com.android.launcher2.Launcher t1}} appWin=Window{4258a2f8 u0 com.android.launcher/com.android.launcher2.Launcher} drawState=4
03-11 16:01:07.826 W/WindowManager(  647): Screenshot failure taking screenshot for (1200x1920) to layer 21000
03-11 16:01:07.836 D/AndroidRuntime( 2772): Shutting down VM
03-11 16:01:07.846 D/dalvikvm( 2772): GC_CONCURRENT freed 95K, 15% free 586K/684K, paused 1ms+0ms, total 5ms
03-11 16:01:07.866 I/ActivityManager(  647): Start proc com.android.helloworldminimal for activity com.android.helloworldminimal/.HelloWorld: pid=2789 uid=10122 gids={50122}
03-11 16:01:08.006 D/dalvikvm( 2789): GC_CONCURRENT freed 172K, 3% free 9209K/9416K, paused 3ms+3ms, total 35ms
03-11 16:01:08.146 D/dalvikvm( 2789): GC_CONCURRENT freed 224K, 3% free 9423K/9680K, paused 1ms+1ms, total 20ms
03-11 16:01:08.257 D/dalvikvm( 2789): GC_CONCURRENT freed 233K, 3% free 9648K/9916K, paused 2ms+3ms, total 23ms
03-11 16:01:08.377 D/dalvikvm( 2789): GC_CONCURRENT freed 236K, 3% free 9877K/10144K, paused 3ms+2ms, total 28ms
03-11 16:01:08.547 D/dalvikvm( 2789): GC_CONCURRENT freed 317K, 4% free 10008K/10368K, paused 3ms+3ms, total 32ms
03-11 16:01:08.697 D/dalvikvm( 2789): GC_CONCURRENT freed 346K, 4% free 10158K/10516K, paused 1ms+3ms, total 39ms
03-11 16:01:08.737 I/dalvikvm( 2789): Could not find method java.beans.Introspector.getBeanInfo, referenced from method clojure.core$bean.invoke
03-11 16:01:08.737 W/dalvikvm( 2789): VFY: unable to resolve static method 13119: Ljava/beans/Introspector;.getBeanInfo (Ljava/lang/Class;)Ljava/beans/BeanInfo;
03-11 16:01:08.737 D/dalvikvm( 2789): VFY: replacing opcode 0x71 at 0x0021
03-11 16:01:08.837 D/dalvikvm( 2789): GC_CONCURRENT freed 360K, 4% free 10312K/10704K, paused 2ms+3ms, total 34ms
03-11 16:01:08.837 D/dalvikvm( 2789): WAIT_FOR_CONCURRENT_GC blocked 11ms
03-11 16:01:08.937 D/dalvikvm( 2789): GC_CONCURRENT freed 419K, 5% free 10405K/10856K, paused 2ms+2ms, total 27ms
03-11 16:01:08.937 D/dalvikvm( 2789): WAIT_FOR_CONCURRENT_GC blocked 4ms
03-11 16:01:09.047 D/dalvikvm( 2789): GC_CONCURRENT freed 428K, 5% free 10464K/10912K, paused 2ms+2ms, total 42ms
03-11 16:01:09.157 D/dalvikvm( 2789): GC_CONCURRENT freed 469K, 5% free 10507K/11008K, paused 3ms+2ms, total 38ms
03-11 16:01:09.157 D/dalvikvm( 2789): WAIT_FOR_CONCURRENT_GC blocked 14ms
03-11 16:01:09.248 D/dalvikvm( 2789): GC_CONCURRENT freed 472K, 5% free 10535K/11040K, paused 2ms+1ms, total 28ms
03-11 16:01:09.348 D/dalvikvm( 2789): GC_CONCURRENT freed 484K, 5% free 10569K/11084K, paused 3ms+3ms, total 31ms
03-11 16:01:09.468 D/dalvikvm( 2789): GC_CONCURRENT freed 472K, 5% free 10628K/11132K, paused 2ms+2ms, total 31ms
03-11 16:01:09.468 D/dalvikvm( 2789): WAIT_FOR_CONCURRENT_GC blocked 8ms
03-11 16:01:09.568 D/dalvikvm( 2789): GC_CONCURRENT freed 480K, 5% free 10701K/11212K, paused 1ms+2ms, total 33ms
03-11 16:01:09.568 D/dalvikvm( 2789): WAIT_FOR_CONCURRENT_GC blocked 8ms
03-11 16:01:09.678 D/dalvikvm( 2789): GC_CONCURRENT freed 559K, 6% free 10718K/11308K, paused 3ms+2ms, total 34ms
03-11 16:01:09.678 D/dalvikvm( 2789): WAIT_FOR_CONCURRENT_GC blocked 8ms
03-11 16:01:09.808 D/dalvikvm( 2789): GC_CONCURRENT freed 420K, 5% free 10802K/11332K, paused 2ms+2ms, total 33ms
03-11 16:01:09.808 D/dalvikvm( 2789): WAIT_FOR_CONCURRENT_GC blocked 26ms
03-11 16:01:09.948 D/dalvikvm( 2789): GC_CONCURRENT freed 485K, 5% free 10928K/11444K, paused 2ms+3ms, total 39ms
03-11 16:01:09.948 D/dalvikvm( 2789): WAIT_FOR_CONCURRENT_GC blocked 14ms
03-11 16:01:10.078 D/dalvikvm( 2789): GC_CONCURRENT freed 573K, 6% free 11007K/11612K, paused 4ms+3ms, total 46ms
03-11 16:01:10.078 D/dalvikvm( 2789): WAIT_FOR_CONCURRENT_GC blocked 29ms
03-11 16:01:10.178 D/dalvikvm( 2789): GC_CONCURRENT freed 613K, 6% free 11071K/11716K, paused 1ms+2ms, total 35ms
03-11 16:01:10.178 D/dalvikvm( 2789): WAIT_FOR_CONCURRENT_GC blocked 19ms
03-11 16:01:10.289 D/dalvikvm( 2789): GC_CONCURRENT freed 535K, 6% free 11156K/11772K, paused 2ms+2ms, total 36ms
03-11 16:01:10.289 D/dalvikvm( 2789): WAIT_FOR_CONCURRENT_GC blocked 26ms
03-11 16:01:10.309 I/Adreno-EGL( 2789): <qeglDrvAPI_eglInitialize:320>: EGL 1.4 QUALCOMM Build: I0404c4692afb8623f95c43aeb6d5e13ed4b30ddbDate: 11/06/13
03-11 16:01:10.339 D/OpenGLRenderer( 2789): Enabling debug mode 0
03-11 16:01:10.439 I/ActivityManager(  647): Displayed com.android.helloworldminimal/.HelloWorld: +2s605ms
03-11 16:01:28.396 D/AndroidRuntime( 2816): 
03-11 16:01:28.396 D/AndroidRuntime( 2816): >>>>>> AndroidRuntime START com.android.internal.os.RuntimeInit <<<<<<
03-11 16:01:28.396 D/AndroidRuntime( 2816): CheckJNI is OFF
03-11 16:01:28.416 D/dalvikvm( 2816): Trying to load lib libjavacore.so 0x0
03-11 16:01:28.416 D/dalvikvm( 2816): Added shared lib libjavacore.so 0x0
03-11 16:01:28.416 D/dalvikvm( 2816): Trying to load lib libnativehelper.so 0x0
03-11 16:01:28.416 D/dalvikvm( 2816): Added shared lib libnativehelper.so 0x0
03-11 16:01:28.416 D/dalvikvm( 2816): No JNI_OnLoad found in libnativehelper.so 0x0, skipping init
03-11 16:01:28.456 D/dalvikvm( 2816): Note: class Landroid/app/ActivityManagerNative; has 179 unimplemented (abstract) methods
03-11 16:01:28.636 D/AndroidRuntime( 2816): Calling main entry com.android.commands.pm.Pm
03-11 16:01:28.646 I/ActivityManager(  647): Force stopping com.android.helloworldminimal appid=10122 user=0: clear data
03-11 16:01:28.646 I/ActivityManager(  647): Killing 2789:com.android.helloworldminimal/u0a122 (adj 0): stop com.android.helloworldminimal
03-11 16:01:28.656 I/WindowState(  647): WIN DEATH: Window{4280d090 u0 com.android.helloworldminimal/com.android.helloworldminimal.HelloWorld}
03-11 16:01:28.656 W/ActivityManager(  647): Force removing ActivityRecord{42622630 u0 com.android.helloworldminimal/.HelloWorld t9}: app died, no saved state
03-11 16:01:28.686 D/keystore(  190): calling clear_uid in state: 3
03-11 16:01:28.686 D/Documents( 2244): Used cached roots for com.android.providers.downloads.documents
03-11 16:01:28.686 D/Documents( 2244): Used cached roots for com.android.externalstorage.documents
03-11 16:01:28.697 D/PackageBroadcastService( 1016): Received broadcast action=android.intent.action.PACKAGE_DATA_CLEARED and uri=com.android.helloworldminimal
03-11 16:01:28.697 I/Icing   ( 1016): doRemovePackageData com.android.helloworldminimal
03-11 16:01:28.697 D/Documents( 2244): Used cached roots for com.android.providers.media.documents
03-11 16:01:28.707 D/Documents( 2244): Used cached roots for com.google.android.apps.docs.storage
03-11 16:01:28.707 D/Documents( 2244): Update found 7 roots in 21ms
03-11 16:01:28.717 D/AndroidRuntime( 2816): Shutting down VM
03-11 16:01:28.717 D/dalvikvm( 2816): GC_CONCURRENT freed 94K, 15% free 558K/656K, paused 0ms+0ms, total 2ms
03-11 16:01:30.268 D/AndroidRuntime( 2847): 
03-11 16:01:30.268 D/AndroidRuntime( 2847): >>>>>> AndroidRuntime START com.android.internal.os.RuntimeInit <<<<<<
03-11 16:01:30.268 D/AndroidRuntime( 2847): CheckJNI is OFF
03-11 16:01:30.288 D/dalvikvm( 2847): Trying to load lib libjavacore.so 0x0
03-11 16:01:30.288 D/dalvikvm( 2847): Added shared lib libjavacore.so 0x0
03-11 16:01:30.288 D/dalvikvm( 2847): Trying to load lib libnativehelper.so 0x0
03-11 16:01:30.288 D/dalvikvm( 2847): Added shared lib libnativehelper.so 0x0
03-11 16:01:30.288 D/dalvikvm( 2847): No JNI_OnLoad found in libnativehelper.so 0x0, skipping init
03-11 16:01:30.328 D/dalvikvm( 2847): Note: class Landroid/app/ActivityManagerNative; has 179 unimplemented (abstract) methods
03-11 16:01:30.518 D/AndroidRuntime( 2847): Calling main entry com.android.commands.am.Am
03-11 16:01:30.538 I/ActivityManager(  647): START u0 {flg=0x10000000 cmp=com.android.helloworldminimal/.HelloWorld} from pid 2847
03-11 16:01:30.839 I/WindowManager(  647): Screenshot max retries 4 of Token{425ea9d0 ActivityRecord{425ea758 u0 com.android.launcher/com.android.launcher2.Launcher t1}} appWin=Window{4258a2f8 u0 com.android.launcher/com.android.launcher2.Launcher} drawState=4
03-11 16:01:30.839 W/WindowManager(  647): Screenshot failure taking screenshot for (1200x1920) to layer 21000
03-11 16:01:30.859 D/AndroidRuntime( 2847): Shutting down VM
03-11 16:01:30.869 D/dalvikvm( 2847): GC_CONCURRENT freed 95K, 15% free 586K/684K, paused 1ms+0ms, total 6ms
03-11 16:01:30.889 I/ActivityManager(  647): Start proc com.android.helloworldminimal for activity com.android.helloworldminimal/.HelloWorld: pid=2864 uid=10122 gids={50122}
03-11 16:01:31.019 D/dalvikvm( 2864): GC_CONCURRENT freed 188K, 3% free 9218K/9440K, paused 2ms+2ms, total 20ms
03-11 16:01:31.139 D/dalvikvm( 2864): GC_CONCURRENT freed 220K, 3% free 9430K/9684K, paused 2ms+3ms, total 18ms
03-11 16:01:31.249 D/dalvikvm( 2864): GC_CONCURRENT freed 233K, 3% free 9657K/9924K, paused 1ms+3ms, total 25ms
03-11 16:01:31.359 D/dalvikvm( 2864): GC_CONCURRENT freed 228K, 3% free 9878K/10140K, paused 3ms+2ms, total 24ms
03-11 16:01:31.529 D/dalvikvm( 2864): GC_CONCURRENT freed 319K, 4% free 10008K/10368K, paused 2ms+3ms, total 29ms
03-11 16:01:31.669 D/dalvikvm( 2864): GC_CONCURRENT freed 349K, 4% free 10131K/10524K, paused 3ms+4ms, total 34ms
03-11 16:01:31.719 I/dalvikvm( 2864): Could not find method java.beans.Introspector.getBeanInfo, referenced from method clojure.core$bean.invoke
03-11 16:01:31.719 W/dalvikvm( 2864): VFY: unable to resolve static method 13119: Ljava/beans/Introspector;.getBeanInfo (Ljava/lang/Class;)Ljava/beans/BeanInfo;
03-11 16:01:31.719 D/dalvikvm( 2864): VFY: replacing opcode 0x71 at 0x0021
03-11 16:01:31.810 D/dalvikvm( 2864): GC_CONCURRENT freed 324K, 4% free 10272K/10628K, paused 2ms+2ms, total 32ms
03-11 16:01:31.910 D/dalvikvm( 2864): GC_CONCURRENT freed 384K, 4% free 10401K/10816K, paused 3ms+3ms, total 33ms
03-11 16:01:31.910 D/dalvikvm( 2864): WAIT_FOR_CONCURRENT_GC blocked 9ms
03-11 16:01:32.010 D/dalvikvm( 2864): GC_CONCURRENT freed 462K, 5% free 10444K/10940K, paused 2ms+3ms, total 34ms
03-11 16:01:32.130 D/dalvikvm( 2864): GC_CONCURRENT freed 452K, 5% free 10504K/10988K, paused 1ms+2ms, total 28ms
03-11 16:01:32.130 D/dalvikvm( 2864): WAIT_FOR_CONCURRENT_GC blocked 7ms
03-11 16:01:32.240 D/dalvikvm( 2864): GC_CONCURRENT freed 436K, 4% free 10626K/11024K, paused 3ms+2ms, total 42ms
03-11 16:01:32.350 D/dalvikvm( 2864): GC_CONCURRENT freed 605K, 6% free 10572K/11208K, paused 2ms+2ms, total 37ms
03-11 16:01:32.350 D/dalvikvm( 2864): WAIT_FOR_CONCURRENT_GC blocked 13ms
03-11 16:01:32.460 D/dalvikvm( 2864): GC_CONCURRENT freed 475K, 6% free 10630K/11208K, paused 2ms+2ms, total 31ms
03-11 16:01:32.460 D/dalvikvm( 2864): WAIT_FOR_CONCURRENT_GC blocked 9ms
03-11 16:01:32.570 D/dalvikvm( 2864): GC_CONCURRENT freed 503K, 5% free 10681K/11216K, paused 2ms+3ms, total 36ms
03-11 16:01:32.570 D/dalvikvm( 2864): WAIT_FOR_CONCURRENT_GC blocked 10ms
03-11 16:01:32.680 D/dalvikvm( 2864): GC_CONCURRENT freed 531K, 5% free 10722K/11284K, paused 2ms+1ms, total 30ms
03-11 16:01:32.680 D/dalvikvm( 2864): WAIT_FOR_CONCURRENT_GC blocked 5ms
03-11 16:01:32.811 D/dalvikvm( 2864): GC_CONCURRENT freed 434K, 5% free 10870K/11336K, paused 1ms+3ms, total 36ms
03-11 16:01:32.811 D/dalvikvm( 2864): WAIT_FOR_CONCURRENT_GC blocked 22ms
03-11 16:01:32.961 D/dalvikvm( 2864): GC_CONCURRENT freed 569K, 6% free 10936K/11536K, paused 1ms+3ms, total 40ms
03-11 16:01:32.961 D/dalvikvm( 2864): WAIT_FOR_CONCURRENT_GC blocked 19ms
03-11 16:01:33.081 D/dalvikvm( 2864): GC_CONCURRENT freed 558K, 6% free 11034K/11624K, paused 2ms+2ms, total 37ms
03-11 16:01:33.081 D/dalvikvm( 2864): WAIT_FOR_CONCURRENT_GC blocked 18ms
03-11 16:01:33.181 D/dalvikvm( 2864): GC_CONCURRENT freed 635K, 6% free 11085K/11752K, paused 3ms+2ms, total 38ms
03-11 16:01:33.181 D/dalvikvm( 2864): WAIT_FOR_CONCURRENT_GC blocked 20ms
03-11 16:01:33.291 D/dalvikvm( 2864): GC_FOR_ALLOC freed 395K, 6% free 11153K/11800K, paused 39ms, total 39ms
03-11 16:01:33.321 I/Adreno-EGL( 2864): <qeglDrvAPI_eglInitialize:320>: EGL 1.4 QUALCOMM Build: I0404c4692afb8623f95c43aeb6d5e13ed4b30ddbDate: 11/06/13
03-11 16:01:33.351 D/OpenGLRenderer( 2864): Enabling debug mode 0
03-11 16:01:33.471 I/ActivityManager(  647): Displayed com.android.helloworldminimal/.HelloWorld: +2s626ms
03-11 16:01:50.428 D/dalvikvm( 1317): GC_CONCURRENT freed 1594K, 11% free 14471K/16096K, paused 3ms+5ms, total 58ms
03-11 16:01:50.428 D/dalvikvm( 1317): WAIT_FOR_CONCURRENT_GC blocked 44ms
03-11 16:01:50.648 D/dalvikvm( 1317): GC_CONCURRENT freed 1633K, 11% free 14672K/16336K, paused 4ms+4ms, total 61ms
03-11 16:01:50.648 D/dalvikvm( 1317): WAIT_FOR_CONCURRENT_GC blocked 50ms
03-11 16:01:50.878 D/dalvikvm( 1317): GC_CONCURRENT freed 2072K, 13% free 14500K/16604K, paused 4ms+4ms, total 74ms
03-11 16:01:50.878 D/dalvikvm( 1317): WAIT_FOR_CONCURRENT_GC blocked 62ms
03-11 16:01:51.409 D/AndroidRuntime( 2901): 
03-11 16:01:51.409 D/AndroidRuntime( 2901): >>>>>> AndroidRuntime START com.android.internal.os.RuntimeInit <<<<<<
03-11 16:01:51.409 D/AndroidRuntime( 2901): CheckJNI is OFF
03-11 16:01:51.419 D/dalvikvm( 2901): Trying to load lib libjavacore.so 0x0
03-11 16:01:51.429 D/dalvikvm( 2901): Added shared lib libjavacore.so 0x0
03-11 16:01:51.429 D/dalvikvm( 2901): Trying to load lib libnativehelper.so 0x0
03-11 16:01:51.429 D/dalvikvm( 2901): Added shared lib libnativehelper.so 0x0
03-11 16:01:51.429 D/dalvikvm( 2901): No JNI_OnLoad found in libnativehelper.so 0x0, skipping init
03-11 16:01:51.459 D/dalvikvm( 2901): Note: class Landroid/app/ActivityManagerNative; has 179 unimplemented (abstract) methods
03-11 16:01:51.659 D/AndroidRuntime( 2901): Calling main entry com.android.commands.pm.Pm
03-11 16:01:51.669 I/ActivityManager(  647): Force stopping com.android.helloworldminimal appid=10122 user=0: clear data
03-11 16:01:51.669 I/ActivityManager(  647): Killing 2864:com.android.helloworldminimal/u0a122 (adj 0): stop com.android.helloworldminimal
03-11 16:01:51.669 W/ActivityManager(  647): Force removing ActivityRecord{4281c340 u0 com.android.helloworldminimal/.HelloWorld t10}: app died, no saved state
03-11 16:01:51.679 W/WindowManager(  647): Rebuild removed 2 windows but added 1
03-11 16:01:51.679 W/WindowManager(  647): java.lang.RuntimeException: here
03-11 16:01:51.679 W/WindowManager(  647): 	at com.android.server.wm.WindowManagerService.rebuildAppWindowListLocked(WindowManagerService.java:8011)
03-11 16:01:51.679 W/WindowManager(  647): 	at com.android.server.wm.WindowManagerService.rebuildAppWindowListLocked(WindowManagerService.java:7947)
03-11 16:01:51.679 W/WindowManager(  647): 	at com.android.server.wm.WindowManagerService.handleAppTransitionReadyLocked(WindowManagerService.java:8430)
03-11 16:01:51.679 W/WindowManager(  647): 	at com.android.server.wm.WindowManagerService.performLayoutAndPlaceSurfacesLockedInner(WindowManagerService.java:9193)
03-11 16:01:51.679 W/WindowManager(  647): 	at com.android.server.wm.WindowManagerService.performLayoutAndPlaceSurfacesLockedLoop(WindowManagerService.java:8163)
03-11 16:01:51.679 W/WindowManager(  647): 	at com.android.server.wm.WindowManagerService.performLayoutAndPlaceSurfacesLocked(WindowManagerService.java:8105)
03-11 16:01:51.679 W/WindowManager(  647): 	at com.android.server.wm.WindowManagerService.executeAppTransition(WindowManagerService.java:3918)
03-11 16:01:51.679 W/WindowManager(  647): 	at com.android.server.am.ActivityStackSupervisor.reportResumedActivityLocked(ActivityStackSupervisor.java:2241)
03-11 16:01:51.679 W/WindowManager(  647): 	at com.android.server.am.ActivityStack.completeResumeLocked(ActivityStack.java:968)
03-11 16:01:51.679 W/WindowManager(  647): 	at com.android.server.am.ActivityStack.resumeTopActivityLocked(ActivityStack.java:1631)
03-11 16:01:51.679 W/WindowManager(  647): 	at com.android.server.am.ActivityStackSupervisor.resumeTopActivitiesLocked(ActivityStackSupervisor.java:2022)
03-11 16:01:51.679 W/WindowManager(  647): 	at com.android.server.am.ActivityStackSupervisor.resumeTopActivitiesLocked(ActivityStackSupervisor.java:2009)
03-11 16:01:51.679 W/WindowManager(  647): 	at com.android.server.am.ActivityManagerService.forceStopPackageLocked(ActivityManagerService.java:4750)
03-11 16:01:51.679 W/WindowManager(  647): 	at com.android.server.am.ActivityManagerService.forceStopPackageLocked(ActivityManagerService.java:4496)
03-11 16:01:51.679 W/WindowManager(  647): 	at com.android.server.am.ActivityManagerService.clearApplicationUserData(ActivityManagerService.java:4176)
03-11 16:01:51.679 W/WindowManager(  647): 	at android.app.ActivityManagerNative.onTransact(ActivityManagerNative.java:1114)
03-11 16:01:51.679 W/WindowManager(  647): 	at com.android.server.am.ActivityManagerService.onTransact(ActivityManagerService.java:2071)
03-11 16:01:51.679 W/WindowManager(  647): 	at android.os.Binder.execTransact(Binder.java:404)
03-11 16:01:51.679 W/WindowManager(  647): 	at dalvik.system.NativeStart.run(Native Method)
03-11 16:01:51.679 W/WindowManager(  647): This window was lost: Window{4285c8b8 u0 com.android.helloworldminimal/com.android.helloworldminimal.HelloWorld}
03-11 16:01:51.679 W/WindowManager(  647): mDisplayId=0 mSession=Session{427aa710 2864:u0a10122} mClient=android.os.BinderProxy@42881c70
03-11 16:01:51.679 W/WindowManager(  647): mOwnerUid=10122 mShowToOwnerOnly=true package=com.android.helloworldminimal appop=NONE
03-11 16:01:51.679 W/WindowManager(  647): mAttrs=WM.LayoutParams{(0,0)(fillxfill) sim=#120 ty=1 fl=#1810100 pfl=0x8 wanim=0x10302f5}
03-11 16:01:51.679 W/WindowManager(  647): Requested w=1200 h=1824 mLayoutSeq=191
03-11 16:01:51.679 W/WindowManager(  647): mBaseLayer=21000 mSubLayer=0 mAnimLayer=21005+0=21005 mLastLayer=0
03-11 16:01:51.679 W/WindowManager(  647): mToken=AppWindowToken{4274d618 token=Token{4280c7c0 ActivityRecord{4281c340 u0 com.android.helloworldminimal/.HelloWorld t10}}}
03-11 16:01:51.679 W/WindowManager(  647): mRootToken=AppWindowToken{4274d618 token=Token{4280c7c0 ActivityRecord{4281c340 u0 com.android.helloworldminimal/.HelloWorld t10}}}
03-11 16:01:51.679 W/WindowManager(  647): mAppToken=AppWindowToken{4274d618 token=Token{4280c7c0 ActivityRecord{4281c340 u0 com.android.helloworldminimal/.HelloWorld t10}}}
03-11 16:01:51.679 W/WindowManager(  647): mViewVisibility=0x0 mHaveFrame=true mObscured=true
03-11 16:01:51.679 W/WindowManager(  647): mSeq=0 mSystemUiVisibility=0x0
03-11 16:01:51.679 W/WindowManager(  647): mPolicyVisibility=false mPolicyVisibilityAfterAnim=false mAppOpVisibility=true mAttachedHidden=false
03-11 16:01:51.679 W/WindowManager(  647): mGivenContentInsets=[0,0][0,0] mGivenVisibleInsets=[0,0][0,0]
03-11 16:01:51.679 W/WindowManager(  647): mConfiguration={1.0 ?mcc?mnc en_US ldltr sw600dp w600dp h887dp 320dpi lrg port finger -keyb/v/h -nav/h s.4}
03-11 16:01:51.679 W/WindowManager(  647): mHasSurface=true mShownFrame=[0.0,0.0][1200.0,1824.0] isReadyForDisplay()=false
03-11 16:01:51.679 W/WindowManager(  647): mFrame=[0,0][1200,1824] last=[0,0][1200,1824]
03-11 16:01:51.679 W/WindowManager(  647): mSystemDecorRect=[0,0][1200,1824] last=[0,0][1200,1824]
03-11 16:01:51.679 W/WindowManager(  647): Frames: containing=[0,0][1200,1824] parent=[0,0][1200,1824]
03-11 16:01:51.679 W/WindowManager(  647):     display=[0,0][1200,1824] overscan=[0,0][1200,1920]
03-11 16:01:51.679 W/WindowManager(  647):     content=[0,50][1200,1824] visible=[0,50][1200,1824]
03-11 16:01:51.679 W/WindowManager(  647):     decor=[0,0][1200,1920]
03-11 16:01:51.679 W/WindowManager(  647): Cur insets: overscan=[0,0][0,0] content=[0,50][0,0] visible=[0,50][0,0]
03-11 16:01:51.679 W/WindowManager(  647): Lst insets: overscan=[0,0][0,0] content=[0,50][0,0] visible=[0,50][0,0]
03-11 16:01:51.679 W/WindowManager(  647): WindowStateAnimator{4278ee58 com.android.helloworldminimal/com.android.helloworldminimal.HelloWorld}:
03-11 16:01:51.679 W/WindowManager(  647):   mSurface=Surface(name=com.android.helloworldminimal/com.android.helloworldminimal.HelloWorld)
03-11 16:01:51.679 W/WindowManager(  647):   mDrawState=HAS_DRAWN mLastHidden=true
03-11 16:01:51.679 W/WindowManager(  647):   Surface: shown=false layer=21005 alpha=0.0 rect=(0.0,0.0) 1200.0 x 1824.0
03-11 16:01:51.679 W/WindowManager(  647):   mShownAlpha=1.0 mAlpha=1.0 mLastAlpha=-1.0
03-11 16:01:51.679 W/WindowManager(  647): Current app token list:
03-11 16:01:51.679 V/WindowManager(  647):   Display 0
03-11 16:01:51.679 V/WindowManager(  647):   #0: Token{425ea9d0 ActivityRecord{425ea758 u0 com.android.launcher/com.android.launcher2.Launcher t1}}
03-11 16:01:51.679 W/WindowManager(  647): Final window list:
03-11 16:01:51.679 V/WindowManager(  647):   #0: Window{42837698 u0 SearchPanel}
03-11 16:01:51.679 V/WindowManager(  647):   #1: Window{42574ae0 u0 NavigationBar}
03-11 16:01:51.679 V/WindowManager(  647):   #2: Window{42647568 u0 StatusBar}
03-11 16:01:51.679 V/WindowManager(  647):   #3: Window{4289a830 u0 Keyguard}
03-11 16:01:51.679 V/WindowManager(  647):   #4: Window{4259bb80 u0 KeyguardScrim}
03-11 16:01:51.679 V/WindowManager(  647):   #5: Window{4258a2f8 u0 com.android.launcher/com.android.launcher2.Launcher}
03-11 16:01:51.679 V/WindowManager(  647):   #6: Window{424d5230 u0 com.android.systemui.ImageWallpaper}
03-11 16:01:51.689 W/InputDispatcher(  647): channel '4285c8b8 com.android.helloworldminimal/com.android.helloworldminimal.HelloWorld (server)' ~ Consumer closed input channel or an error occurred.  events=0x9
03-11 16:01:51.689 E/InputDispatcher(  647): channel '4285c8b8 com.android.helloworldminimal/com.android.helloworldminimal.HelloWorld (server)' ~ Channel is unrecoverably broken and will be disposed!
03-11 16:01:51.689 W/InputDispatcher(  647): Attempted to unregister already unregistered input channel '4285c8b8 com.android.helloworldminimal/com.android.helloworldminimal.HelloWorld (server)'
03-11 16:01:51.689 D/keystore(  190): calling clear_uid in state: 3
03-11 16:01:51.689 I/WindowState(  647): WIN DEATH: Window{4285c8b8 u0 com.android.helloworldminimal/com.android.helloworldminimal.HelloWorld}
03-11 16:01:51.699 D/Documents( 2244): Used cached roots for com.android.providers.downloads.documents
03-11 16:01:51.699 D/Documents( 2244): Used cached roots for com.android.externalstorage.documents
03-11 16:01:51.709 D/Documents( 2244): Used cached roots for com.android.providers.media.documents
03-11 16:01:51.709 D/Documents( 2244): Used cached roots for com.google.android.apps.docs.storage
03-11 16:01:51.709 D/Documents( 2244): Update found 7 roots in 5ms
03-11 16:01:51.719 D/AndroidRuntime( 2901): Shutting down VM
03-11 16:01:51.719 D/PackageBroadcastService( 1016): Received broadcast action=android.intent.action.PACKAGE_DATA_CLEARED and uri=com.android.helloworldminimal
03-11 16:01:51.719 D/dalvikvm( 2901): GC_CONCURRENT freed 94K, 15% free 558K/656K, paused 0ms+0ms, total 2ms
03-11 16:01:51.729 I/Icing   ( 1016): doRemovePackageData com.android.helloworldminimal
03-11 16:01:53.270 D/AndroidRuntime( 2921): 
03-11 16:01:53.270 D/AndroidRuntime( 2921): >>>>>> AndroidRuntime START com.android.internal.os.RuntimeInit <<<<<<
03-11 16:01:53.280 D/AndroidRuntime( 2921): CheckJNI is OFF
03-11 16:01:53.290 D/dalvikvm( 2921): Trying to load lib libjavacore.so 0x0
03-11 16:01:53.301 D/dalvikvm( 2921): Added shared lib libjavacore.so 0x0
03-11 16:01:53.301 D/dalvikvm( 2921): Trying to load lib libnativehelper.so 0x0
03-11 16:01:53.301 D/dalvikvm( 2921): Added shared lib libnativehelper.so 0x0
03-11 16:01:53.301 D/dalvikvm( 2921): No JNI_OnLoad found in libnativehelper.so 0x0, skipping init
03-11 16:01:53.341 D/dalvikvm( 2921): Note: class Landroid/app/ActivityManagerNative; has 179 unimplemented (abstract) methods
03-11 16:01:53.541 D/AndroidRuntime( 2921): Calling main entry com.android.commands.am.Am
03-11 16:01:53.551 I/ActivityManager(  647): START u0 {flg=0x10000000 cmp=com.android.helloworldminimal/.HelloWorld} from pid 2921
03-11 16:01:53.861 I/WindowManager(  647): Screenshot max retries 4 of Token{425ea9d0 ActivityRecord{425ea758 u0 com.android.launcher/com.android.launcher2.Launcher t1}} appWin=Window{4258a2f8 u0 com.android.launcher/com.android.launcher2.Launcher} drawState=4
03-11 16:01:53.861 W/WindowManager(  647): Screenshot failure taking screenshot for (1200x1920) to layer 21000
03-11 16:01:53.881 D/AndroidRuntime( 2921): Shutting down VM
