03-11 15:18:34.200 I/ActivityManager(  769): Start proc com.google.android.configupdater for broadcast com.google.android.configupdater/.CertPin.CertPinUpdateRequestReceiver: pid=1476 uid=10002 gids={50002, 3003, 2001}
03-11 15:18:34.210 V/DexLibLoader( 1415): Loaded 2 raw lines of metadata.
03-11 15:18:34.210 V/DexLibLoader( 1415): Secondary program dex metadata: secondary-1.dex.jar.xz 188f1cf98e7929d7457e2cdf72a0777981e1fc27 secondary.dex01.Canary
03-11 15:18:34.210 V/DexLibLoader( 1415): Secondary program dex metadata: secondary-2.dex.jar.xz 14314443648960c2f9d1e4924306d1af2de75315 secondary.dex02.Canary
03-11 15:18:34.210 W/DexLibLoader( 1415): Unexpected file in program dex directory: /data/user/0/com.facebook.katana/app_secondary_program_dex/temp_dex_lock
03-11 15:18:34.210 V/DexLibLoader( 1415): Preparing to extract secondary-1.dex.jar.xz to /data/user/0/com.facebook.katana/app_secondary_program_dex/program-188f1cf98e7929d7457e2cdf72a0777981e1fc2731a2345d.dex.jar
03-11 15:18:34.210 V/DexLibLoader( 1415): Dex already copied
03-11 15:18:34.210 D/OdexVerifier( 1415): Odex verification is skipped.
03-11 15:18:34.210 V/DexLibLoader( 1415): Creating class loader
03-11 15:18:34.210 V/DexLibLoader( 1415): Finished creating class loader
03-11 15:18:34.210 V/DexLibLoader( 1415): Preparing to extract secondary-2.dex.jar.xz to /data/user/0/com.facebook.katana/app_secondary_program_dex/program-14314443648960c2f9d1e4924306d1af2de7531531a2345d.dex.jar
03-11 15:18:34.210 V/DexLibLoader( 1415): Dex already copied
03-11 15:18:34.210 D/OdexVerifier( 1415): Odex verification is skipped.
03-11 15:18:34.210 V/DexLibLoader( 1415): Creating class loader
03-11 15:18:34.210 V/DexLibLoader( 1415): Finished creating class loader
03-11 15:18:34.210 V/DexLibLoader( 1415): Verifying classes from secondary dexes.
03-11 15:18:34.210 D/DexLibLoader( 1415): DexLibLoader.ensureDexLoaded took 32 ms
03-11 15:18:34.210 D/dalvikvm( 1415): GC_CONCURRENT freed 249K, 2% free 16942K/17228K, paused 2ms+9ms, total 41ms
03-11 15:18:34.220 D/dalvikvm(  182): GC_EXPLICIT freed <1K, 1% free 16691K/16768K, paused 1ms+1ms, total 13ms
03-11 15:18:34.222 D/dalvikvm( 1415): GC_CONCURRENT freed 333K, 3% free 17507K/17872K, paused 3ms+2ms, total 20ms
03-11 15:18:34.222 D/dalvikvm( 1415): WAIT_FOR_CONCURRENT_GC blocked 7ms
03-11 15:18:34.230 D/dalvikvm(  182): GC_EXPLICIT freed <1K, 1% free 16691K/16768K, paused 1ms+1ms, total 12ms
03-11 15:18:34.270 E/UpdateRequestReceiver( 1476): ignoring update request
03-11 15:18:34.270 I/ActivityManager(  769): Delay finish: com.google.android.configupdater/.CertPin.CertPinUpdateRequestReceiver
03-11 15:18:34.280 D/AlarmManagerService(  769): Kernel timezone updated to -120 minutes west of GMT
03-11 15:18:34.280 D/        ( 1018): Setting time of day to sec=1394543914
03-11 15:18:34.292 D/dalvikvm( 1415): GC_CONCURRENT freed 343K, 3% free 17677K/18052K, paused 2ms+2ms, total 22ms
03-11 15:18:34.292 D/dalvikvm( 1415): WAIT_FOR_CONCURRENT_GC blocked 7ms
03-11 15:18:34.342 D/dalvikvm( 1415): GC_CONCURRENT freed 289K, 2% free 17845K/18168K, paused 2ms+2ms, total 15ms
03-11 15:18:34.412 W/dalvikvm( 1415): method Lcom/facebook/reflex/view/AbstractListView;.invalidate incorrectly overrides package-private method with same name in Landroid/view/View;
03-11 15:18:34.412 W/dalvikvm( 1415): method Lcom/facebook/reflex/view/GalleryViewAutoReflex;.invalidate incorrectly overrides package-private method with same name in Landroid/view/View;
03-11 15:18:34.422 W/dalvikvm( 1415): method Lcom/facebook/reflex/view/HorizontalScrollViewAutoReflex;.invalidate incorrectly overrides package-private method with same name in Landroid/view/View;
03-11 15:18:34.422 W/dalvikvm( 1415): method Lcom/facebook/reflex/view/ImageViewAutoReflex;.invalidate incorrectly overrides package-private method with same name in Landroid/view/View;
03-11 15:18:34.422 W/dalvikvm( 1415): method Lcom/facebook/reflex/view/ScrollViewAutoReflex;.invalidate incorrectly overrides package-private method with same name in Landroid/view/View;
03-11 15:18:34.422 W/dalvikvm( 1415): method Lcom/facebook/reflex/view/ViewPagerAutoReflex;.invalidate incorrectly overrides package-private method with same name in Landroid/view/View;
03-11 15:18:34.432 D/dalvikvm( 1415): GC_CONCURRENT freed 288K, 2% free 17990K/18312K, paused 2ms+5ms, total 23ms
03-11 15:18:34.492 D/dalvikvm( 1415): GC_CONCURRENT freed 306K, 2% free 18186K/18524K, paused 2ms+2ms, total 17ms
03-11 15:18:34.542 D/dalvikvm( 1415): GC_CONCURRENT freed 284K, 2% free 18415K/18732K, paused 3ms+2ms, total 28ms
03-11 15:18:34.542 D/dalvikvm( 1415): WAIT_FOR_CONCURRENT_GC blocked 12ms
03-11 15:18:34.622 D/dalvikvm( 1415): GC_CONCURRENT freed 326K, 2% free 18666K/19024K, paused 2ms+3ms, total 31ms
03-11 15:18:34.622 D/dalvikvm( 1415): WAIT_FOR_CONCURRENT_GC blocked 16ms
03-11 15:18:34.722 D/dalvikvm( 1415): GC_CONCURRENT freed 433K, 3% free 18894K/19360K, paused 2ms+1ms, total 22ms
03-11 15:18:34.722 D/dalvikvm( 1415): WAIT_FOR_CONCURRENT_GC blocked 4ms
03-11 15:18:34.782 W/dalvikvm( 1415): method Lcom/facebook/reflex/view/FrameLayoutAutoReflex;.invalidate incorrectly overrides package-private method with same name in Landroid/view/View;
03-11 15:18:34.822 D/dalvikvm( 1415): GC_CONCURRENT freed 473K, 3% free 19151K/19656K, paused 2ms+1ms, total 21ms
03-11 15:18:34.852 W/dalvikvm( 1415): method Lcom/facebook/messaging/reflex/SwipableOverlayLayoutAutoReflex;.invalidate incorrectly overrides package-private method with same name in Landroid/view/View;
03-11 15:18:34.892 D/AlarmManagerService(  769): Kernel timezone updated to -120 minutes west of GMT
03-11 15:18:34.902 D/MobileDataStateTracker(  769): fota: Broadcast received: android.intent.action.ANY_DATA_STATE apnType=fota
03-11 15:18:34.902 D/MobileDataStateTracker(  769): fota: Received state=DISCONNECTED, old=DISCONNECTED, reason=dataAttached
03-11 15:18:34.902 D/MobileDataStateTracker(  769): dun: Broadcast received: android.intent.action.ANY_DATA_STATE apnType=dun
03-11 15:18:34.902 D/MobileDataStateTracker(  769): dun: Received state=DISCONNECTED, old=DISCONNECTED, reason=dataAttached
03-11 15:18:34.902 D/MobileDataStateTracker(  769): ia: Broadcast received: android.intent.action.ANY_DATA_STATE apnType=ia
03-11 15:18:34.912 D/MobileDataStateTracker(  769): ia: Received state=DISCONNECTED, old=DISCONNECTED, reason=dataAttached
03-11 15:18:34.912 D/MobileDataStateTracker(  769): supl: Broadcast received: android.intent.action.ANY_DATA_STATE apnType=supl
03-11 15:18:34.912 D/MobileDataStateTracker(  769): supl: Received state=DISCONNECTED, old=DISCONNECTED, reason=dataAttached
03-11 15:18:34.912 D/MobileDataStateTracker(  769): hipri: Broadcast received: android.intent.action.ANY_DATA_STATE apnType=hipri
03-11 15:18:34.912 D/MobileDataStateTracker(  769): hipri: Received state=DISCONNECTED, old=DISCONNECTED, reason=dataAttached
03-11 15:18:34.912 D/MobileDataStateTracker(  769): ims: Broadcast received: android.intent.action.ANY_DATA_STATE apnType=ims
03-11 15:18:34.912 D/MobileDataStateTracker(  769): ims: Received state=DISCONNECTED, old=DISCONNECTED, reason=dataAttached
03-11 15:18:34.912 D/MobileDataStateTracker(  769): mms: Broadcast received: android.intent.action.ANY_DATA_STATE apnType=mms
03-11 15:18:34.912 D/MobileDataStateTracker(  769): mms: Received state=DISCONNECTED, old=DISCONNECTED, reason=dataAttached
03-11 15:18:34.912 D/MobileDataStateTracker(  769): cbs: Broadcast received: android.intent.action.ANY_DATA_STATE apnType=cbs
03-11 15:18:34.912 D/MobileDataStateTracker(  769): cbs: Received state=DISCONNECTED, old=DISCONNECTED, reason=dataAttached
03-11 15:18:34.922 D/MobileDataStateTracker(  769): default: Broadcast received: android.intent.action.ANY_DATA_STATE apnType=default
03-11 15:18:34.922 D/MobileDataStateTracker(  769): default: Received state=CONNECTING, old=DISCONNECTED, reason=dataAttached
03-11 15:18:34.922 D/MobileDataStateTracker(  769): default: setDetailed state, old =IDLE and new state=CONNECTING
03-11 15:18:34.922 D/MobileDataStateTracker(  769): fota: Broadcast received: android.intent.action.ANY_DATA_STATE apnType=fota
03-11 15:18:34.922 D/MobileDataStateTracker(  769): fota: Received state=DISCONNECTED, old=DISCONNECTED, reason=dataAttached
03-11 15:18:34.922 D/MobileDataStateTracker(  769): dun: Broadcast received: android.intent.action.ANY_DATA_STATE apnType=dun
03-11 15:18:34.932 I/CalendarProvider2( 1436): Sending notification intent: Intent { act=android.intent.action.PROVIDER_CHANGED dat=content://com.android.calendar }
03-11 15:18:34.932 W/ContentResolver( 1436): Failed to get type for: content://com.android.calendar (Unknown URL content://com.android.calendar)
03-11 15:18:34.932 D/MobileDataStateTracker(  769): dun: Received state=DISCONNECTED, old=DISCONNECTED, reason=dataAttached
03-11 15:18:34.932 D/MobileDataStateTracker(  769): ia: Broadcast received: android.intent.action.ANY_DATA_STATE apnType=ia
03-11 15:18:34.932 D/MobileDataStateTracker(  769): ia: Received state=DISCONNECTED, old=DISCONNECTED, reason=dataAttached
03-11 15:18:34.932 D/MobileDataStateTracker(  769): supl: Broadcast received: android.intent.action.ANY_DATA_STATE apnType=supl
03-11 15:18:34.932 D/MobileDataStateTracker(  769): supl: Received state=DISCONNECTED, old=DISCONNECTED, reason=dataAttached
03-11 15:18:34.932 D/MobileDataStateTracker(  769): hipri: Broadcast received: android.intent.action.ANY_DATA_STATE apnType=hipri
03-11 15:18:34.932 D/MobileDataStateTracker(  769): hipri: Received state=DISCONNECTED, old=DISCONNECTED, reason=dataAttached
03-11 15:18:34.932 D/MobileDataStateTracker(  769): ims: Broadcast received: android.intent.action.ANY_DATA_STATE apnType=ims
03-11 15:18:34.932 D/MobileDataStateTracker(  769): ims: Received state=DISCONNECTED, old=DISCONNECTED, reason=dataAttached
03-11 15:18:34.932 D/MobileDataStateTracker(  769): mms: Broadcast received: android.intent.action.ANY_DATA_STATE apnType=mms
03-11 15:18:34.932 D/MobileDataStateTracker(  769): mms: Received state=DISCONNECTED, old=DISCONNECTED, reason=dataAttached
03-11 15:18:34.932 D/MobileDataStateTracker(  769): cbs: Broadcast received: android.intent.action.ANY_DATA_STATE apnType=cbs
03-11 15:18:34.932 D/MobileDataStateTracker(  769): cbs: Received state=DISCONNECTED, old=DISCONNECTED, reason=dataAttached
03-11 15:18:34.932 I/ActivityManager(  769): Resuming delayed broadcast
03-11 15:18:34.952 E/UpdateRequestReceiver( 1476): ignoring update request
03-11 15:18:34.952 E/UpdateRequestReceiver( 1476): ignoring update request
03-11 15:18:34.962 E/FbInjectorInitializer( 1415): Multi-binding Key[type=com.facebook.common.init.INeedInit, annotation=[none]] wasn't declared.
03-11 15:18:34.972 E/UpdateRequestReceiver( 1476): ignoring update request
03-11 15:18:34.982 D/dalvikvm( 1476): GC_CONCURRENT freed 278K, 2% free 16830K/17140K, paused 3ms+1ms, total 15ms
03-11 15:18:34.982 E/UpdateRequestReceiver( 1476): ignoring update request
03-11 15:18:34.982 E/UpdateRequestReceiver( 1476): ignoring update request
03-11 15:18:34.982 D/dalvikvm( 1415): GC_CONCURRENT freed 524K, 3% free 19451K/20008K, paused 2ms+1ms, total 31ms
03-11 15:18:34.982 D/dalvikvm( 1415): WAIT_FOR_CONCURRENT_GC blocked 13ms
03-11 15:18:34.982 I/ActivityManager(  769): Delay finish: com.android.providers.downloads/.DownloadReceiver
03-11 15:18:34.992 I/ActivityManager(  769): Resuming delayed broadcast
03-11 15:18:35.002 I/ActivityManager(  769): Start proc com.google.android.onetimeinitializer for broadcast com.google.android.onetimeinitializer/.OneTimeInitializerReceiver: pid=1553 uid=10010 gids={50010}
03-11 15:18:35.012 V/OneTimeInitializerReceiver( 1553): OneTimeInitializerReceiver.onReceive
03-11 15:18:35.012 V/OneTimeService( 1553): OneTimeService.onHandleIntent
03-11 15:18:35.012 I/ActivityManager(  769): Delay finish: com.google.android.onetimeinitializer/.OneTimeInitializerReceiver
03-11 15:18:35.022 I/ActivityManager(  769): Resuming delayed broadcast
03-11 15:18:35.032 I/ActivityManager(  769): Start proc com.google.android.partnersetup for broadcast com.google.android.partnersetup/.GooglePartnerSetup: pid=1572 uid=10011 gids={50011, 3003}
03-11 15:18:35.062 I/ActivityManager(  769): Delay finish: com.google.android.partnersetup/.GooglePartnerSetup
03-11 15:18:35.132 D/dalvikvm( 1415): GC_CONCURRENT freed 646K, 4% free 19725K/20408K, paused 3ms+2ms, total 36ms
03-11 15:18:35.132 D/dalvikvm( 1415): WAIT_FOR_CONCURRENT_GC blocked 10ms
03-11 15:18:35.222 W/fb4a(:<default>):BaseAnalyticsConfig( 1415): willEventBeLogged() called before shared prefs were initialized! Defaulting to true.
03-11 15:18:35.222 W/fb4a(:<default>):BaseAnalyticsConfig( 1415): willEventBeLogged() called before shared prefs were initialized! Defaulting to true.
03-11 15:18:35.232 I/ActivityManager(  769): Resuming delayed broadcast
03-11 15:18:35.232 I/ActivityManager(  769): Delay finish: com.google.android.partnersetup/.RlzPingBroadcastReceiver
03-11 15:18:35.272 I/RlzPingService( 1572): Setting next ping for 1395148715283
03-11 15:18:35.272 I/ActivityManager(  769): Resuming delayed broadcast
03-11 15:18:35.282 I/ActivityManager(  769): Delay finish: com.google.android.gsf/.checkin.CheckinService$Receiver
03-11 15:18:35.282 I/ActivityManager(  769): Resuming delayed broadcast
03-11 15:18:35.302 I/ActivityManager(  769): Delay finish: com.google.android.gsf/.update.SystemUpdateService$Receiver
03-11 15:18:35.302 I/SystemUpdateService( 1193): cancelUpdate (empty URL)
03-11 15:18:35.312 I/SystemUpdateService( 1193): cancelUpdate (empty URL)
03-11 15:18:35.312 I/ActivityManager(  769): Resuming delayed broadcast
03-11 15:18:35.332 W/fb4a(:<default>):UserScope( 1415): Called user scoped provider with no viewer. ViewerContextManager was created with no ViewerContext. Using EmptyViewerContextManager to return fake logged in instance.
03-11 15:18:35.332 W/fb4a(:<default>):ViewerContextManagerForUserScope( 1415): User no longer logged in. Original uid: 0, viewer context: null, is_logged_in: false. Returning original viewer context.
03-11 15:18:35.332 I/ActivityManager(  769): Delay finish: com.android.providers.media/.MediaScannerReceiver
03-11 15:18:35.342 D/dalvikvm( 1193): GC_CONCURRENT freed 603K, 4% free 17223K/17928K, paused 2ms+2ms, total 17ms
03-11 15:18:35.352 W/fb4a(:dash_service):UserScope( 1374): Called user scoped provider with no viewer. ViewerContextManager was created with no ViewerContext. Using EmptyViewerContextManager to return fake logged in instance.
03-11 15:18:35.352 W/fb4a(:dash_service):ViewerContextManagerForUserScope( 1374): User no longer logged in. Original uid: 0, viewer context: null, is_logged_in: false. Returning original viewer context.
03-11 15:18:35.352 W/fb4a(:<default>):UserScope( 1415): Called user scoped provider with no viewer. ViewerContextManager was created with no ViewerContext. Using EmptyViewerContextManager to return fake logged in instance.
03-11 15:18:35.362 W/fb4a(:dash_service):UserScope( 1374): Called user scoped provider with no viewer. ViewerContextManager was created with no ViewerContext. Using EmptyViewerContextManager to return fake logged in instance.
03-11 15:18:35.362 D/dalvikvm( 1374): GC_CONCURRENT freed 292K, 2% free 17970K/18296K, paused 2ms+1ms, total 17ms
03-11 15:18:35.372 D/dalvikvm( 1415): GC_CONCURRENT freed 652K, 4% free 20032K/20716K, paused 3ms+3ms, total 33ms
03-11 15:18:35.372 I/ActivityManager(  769): Resuming delayed broadcast
03-11 15:18:35.402 E/dalvikvm( 1415): Could not find class 'org.apache.harmony.xnet.provider.jsse.OpenSSLSocketImpl', referenced from method com.facebook.ssl.openssl.check.CheckOpenSSLImplHasRequiredMethods.<clinit>
03-11 15:18:35.402 W/dalvikvm( 1415): VFY: unable to resolve const-class 13583 (Lorg/apache/harmony/xnet/provider/jsse/OpenSSLSocketImpl;) in Lcom/facebook/ssl/openssl/check/CheckOpenSSLImplHasRequiredMethods;
03-11 15:18:35.402 D/dalvikvm( 1415): VFY: replacing opcode 0x1c at 0x000d
03-11 15:18:35.402 E/dalvikvm( 1415): Could not find class 'org.apache.harmony.xnet.provider.jsse.OpenSSLSocketFactoryImpl', referenced from method com.facebook.ssl.openssl.reflect.SSLParametersGetter.<clinit>
03-11 15:18:35.402 W/dalvikvm( 1415): VFY: unable to resolve const-class 13582 (Lorg/apache/harmony/xnet/provider/jsse/OpenSSLSocketFactoryImpl;) in Lcom/facebook/ssl/openssl/reflect/SSLParametersGetter;
03-11 15:18:35.402 D/dalvikvm( 1415): VFY: replacing opcode 0x1c at 0x000d
03-11 15:18:35.402 E/dalvikvm( 1415): Could not find class 'org.apache.harmony.xnet.provider.jsse.SSLParametersImpl', referenced from method com.facebook.ssl.openssl.reflect.SSLParametersGetter.a
03-11 15:18:35.402 W/dalvikvm( 1415): VFY: unable to resolve check-cast 13585 (Lorg/apache/harmony/xnet/provider/jsse/SSLParametersImpl;) in Lcom/facebook/ssl/openssl/reflect/SSLParametersGetter;
03-11 15:18:35.402 D/dalvikvm( 1415): VFY: replacing opcode 0x1f at 0x0006
03-11 15:18:35.412 E/dalvikvm( 1415): Could not find class 'org.apache.harmony.xnet.provider.jsse.SSLParametersImpl', referenced from method com.facebook.ssl.openssl.reflect.SSLSessionTimeoutSetter.<clinit>
03-11 15:18:35.412 W/dalvikvm( 1415): VFY: unable to resolve const-class 13585 (Lorg/apache/harmony/xnet/provider/jsse/SSLParametersImpl;) in Lcom/facebook/ssl/openssl/reflect/SSLSessionTimeoutSetter;
03-11 15:18:35.412 D/dalvikvm( 1415): VFY: replacing opcode 0x1c at 0x000d
03-11 15:18:35.412 W/dalvikvm( 1415): VFY: unable to find class referenced in signature (Lorg/apache/harmony/xnet/provider/jsse/SSLParametersImpl;)
03-11 15:18:35.412 E/dalvikvm( 1415): Could not find class 'org.apache.harmony.xnet.provider.jsse.ClientSessionContext', referenced from method com.facebook.ssl.openssl.reflect.SSLSessionTimeoutSetter.a
03-11 15:18:35.412 W/dalvikvm( 1415): VFY: unable to resolve check-cast 13581 (Lorg/apache/harmony/xnet/provider/jsse/ClientSessionContext;) in Lcom/facebook/ssl/openssl/reflect/SSLSessionTimeoutSetter;
03-11 15:18:35.412 D/dalvikvm( 1415): VFY: replacing opcode 0x1f at 0x0006
03-11 15:18:35.412 E/dalvikvm( 1374): Could not find class 'org.apache.harmony.xnet.provider.jsse.OpenSSLSocketImpl', referenced from method com.facebook.ssl.openssl.check.CheckOpenSSLImplHasRequiredMethods.<clinit>
03-11 15:18:35.412 W/dalvikvm( 1374): VFY: unable to resolve const-class 13583 (Lorg/apache/harmony/xnet/provider/jsse/OpenSSLSocketImpl;) in Lcom/facebook/ssl/openssl/check/CheckOpenSSLImplHasRequiredMethods;
03-11 15:18:35.412 D/dalvikvm( 1374): VFY: replacing opcode 0x1c at 0x000d
03-11 15:18:35.412 W/dalvikvm( 1415): VFY: unable to find class referenced in signature (Lorg/apache/harmony/xnet/provider/jsse/SSLParametersImpl;)
03-11 15:18:35.412 W/dalvikvm( 1415): Unable to resolve superclass of Lcom/facebook/ssl/openssl/TicketEnabledOpenSSLSocketImplWrapper; (13584)
03-11 15:18:35.412 W/dalvikvm( 1415): Link of class 'Lcom/facebook/ssl/openssl/TicketEnabledOpenSSLSocketImplWrapper;' failed
03-11 15:18:35.412 E/dalvikvm( 1415): Could not find class 'com.facebook.ssl.openssl.TicketEnabledOpenSSLSocketImplWrapper', referenced from method com.facebook.ssl.openssl.TicketEnabledOpenSSLSocketFactoryHelper.a
03-11 15:18:35.412 W/dalvikvm( 1415): VFY: unable to resolve new-instance 10322 (Lcom/facebook/ssl/openssl/TicketEnabledOpenSSLSocketImplWrapper;) in Lcom/facebook/ssl/openssl/TicketEnabledOpenSSLSocketFactoryHelper;
03-11 15:18:35.412 D/dalvikvm( 1415): VFY: replacing opcode 0x22 at 0x0000
03-11 15:18:35.412 E/dalvikvm( 1374): Could not find class 'org.apache.harmony.xnet.provider.jsse.OpenSSLSocketFactoryImpl', referenced from method com.facebook.ssl.openssl.reflect.SSLParametersGetter.<clinit>
03-11 15:18:35.412 W/dalvikvm( 1374): VFY: unable to resolve const-class 13582 (Lorg/apache/harmony/xnet/provider/jsse/OpenSSLSocketFactoryImpl;) in Lcom/facebook/ssl/openssl/reflect/SSLParametersGetter;
03-11 15:18:35.412 D/dalvikvm( 1374): VFY: replacing opcode 0x1c at 0x000d
03-11 15:18:35.412 W/dalvikvm( 1415): Unable to resolve superclass of Lcom/facebook/ssl/openssl/TicketEnabledOpenSSLSocketImplWrapper; (13584)
03-11 15:18:35.412 W/dalvikvm( 1415): Link of class 'Lcom/facebook/ssl/openssl/TicketEnabledOpenSSLSocketImplWrapper;' failed
03-11 15:18:35.412 D/dalvikvm( 1415): DexOpt: unable to opt direct call 0xaa3b at 0x08 in Lcom/facebook/ssl/openssl/TicketEnabledOpenSSLSocketFactoryHelper;.a
03-11 15:18:35.412 E/dalvikvm( 1374): Could not find class 'org.apache.harmony.xnet.provider.jsse.SSLParametersImpl', referenced from method com.facebook.ssl.openssl.reflect.SSLParametersGetter.a
03-11 15:18:35.412 W/dalvikvm( 1374): VFY: unable to resolve check-cast 13585 (Lorg/apache/harmony/xnet/provider/jsse/SSLParametersImpl;) in Lcom/facebook/ssl/openssl/reflect/SSLParametersGetter;
03-11 15:18:35.412 D/dalvikvm( 1374): VFY: replacing opcode 0x1f at 0x0006
03-11 15:18:35.422 E/dalvikvm( 1374): Could not find class 'org.apache.harmony.xnet.provider.jsse.SSLParametersImpl', referenced from method com.facebook.ssl.openssl.reflect.SSLSessionTimeoutSetter.<clinit>
03-11 15:18:35.422 W/dalvikvm( 1374): VFY: unable to resolve const-class 13585 (Lorg/apache/harmony/xnet/provider/jsse/SSLParametersImpl;) in Lcom/facebook/ssl/openssl/reflect/SSLSessionTimeoutSetter;
03-11 15:18:35.422 D/dalvikvm( 1374): VFY: replacing opcode 0x1c at 0x000d
03-11 15:18:35.422 W/dalvikvm( 1374): VFY: unable to find class referenced in signature (Lorg/apache/harmony/xnet/provider/jsse/SSLParametersImpl;)
03-11 15:18:35.422 E/dalvikvm( 1374): Could not find class 'org.apache.harmony.xnet.provider.jsse.ClientSessionContext', referenced from method com.facebook.ssl.openssl.reflect.SSLSessionTimeoutSetter.a
03-11 15:18:35.422 W/dalvikvm( 1374): VFY: unable to resolve check-cast 13581 (Lorg/apache/harmony/xnet/provider/jsse/ClientSessionContext;) in Lcom/facebook/ssl/openssl/reflect/SSLSessionTimeoutSetter;
03-11 15:18:35.422 D/dalvikvm( 1374): VFY: replacing opcode 0x1f at 0x0006
03-11 15:18:35.432 D/dalvikvm( 1374): GC_CONCURRENT freed 319K, 2% free 18135K/18488K, paused 2ms+2ms, total 18ms
03-11 15:18:35.432 W/dalvikvm( 1374): VFY: unable to find class referenced in signature (Lorg/apache/harmony/xnet/provider/jsse/SSLParametersImpl;)
03-11 15:18:35.432 W/dalvikvm( 1374): Unable to resolve superclass of Lcom/facebook/ssl/openssl/TicketEnabledOpenSSLSocketImplWrapper; (13584)
03-11 15:18:35.432 W/dalvikvm( 1374): Link of class 'Lcom/facebook/ssl/openssl/TicketEnabledOpenSSLSocketImplWrapper;' failed
03-11 15:18:35.432 E/dalvikvm( 1374): Could not find class 'com.facebook.ssl.openssl.TicketEnabledOpenSSLSocketImplWrapper', referenced from method com.facebook.ssl.openssl.TicketEnabledOpenSSLSocketFactoryHelper.a
03-11 15:18:35.432 W/dalvikvm( 1374): VFY: unable to resolve new-instance 10322 (Lcom/facebook/ssl/openssl/TicketEnabledOpenSSLSocketImplWrapper;) in Lcom/facebook/ssl/openssl/TicketEnabledOpenSSLSocketFactoryHelper;
03-11 15:18:35.432 D/dalvikvm( 1374): VFY: replacing opcode 0x22 at 0x0000
03-11 15:18:35.432 W/dalvikvm( 1374): Unable to resolve superclass of Lcom/facebook/ssl/openssl/TicketEnabledOpenSSLSocketImplWrapper; (13584)
03-11 15:18:35.432 W/dalvikvm( 1374): Link of class 'Lcom/facebook/ssl/openssl/TicketEnabledOpenSSLSocketImplWrapper;' failed
03-11 15:18:35.432 D/dalvikvm( 1374): DexOpt: unable to opt direct call 0xaa3b at 0x08 in Lcom/facebook/ssl/openssl/TicketEnabledOpenSSLSocketFactoryHelper;.a
03-11 15:18:35.452 I/ActivityManager(  769): Start proc com.android.cellbroadcastreceiver for broadcast com.android.cellbroadcastreceiver/.CellBroadcastReceiver: pid=1628 uid=10029 gids={50029}
03-11 15:18:35.472 D/dalvikvm(  958): GC_CONCURRENT freed 199K, 2% free 16869K/17100K, paused 5ms+1ms, total 14ms
03-11 15:18:35.512 D/dalvikvm(  769): GC_EXPLICIT freed 1245K, 11% free 22902K/25620K, paused 1ms+4ms, total 45ms
03-11 15:18:35.542 D/dalvikvm( 1018): GC_CONCURRENT freed 388K, 3% free 17227K/17648K, paused 2ms+1ms, total 11ms
03-11 15:18:35.542 D/dalvikvm( 1374): GC_CONCURRENT freed 266K, 2% free 18323K/18624K, paused 2ms+3ms, total 27ms
03-11 15:18:35.552 D/CellBroadcastReceiver( 1628): onReceive Intent { act=android.intent.action.BOOT_COMPLETED flg=0x8000010 cmp=com.android.cellbroadcastreceiver/.CellBroadcastReceiver (has extras) }
03-11 15:18:35.552 D/CellBroadcastReceiver( 1628): Registering for ServiceState updates
03-11 15:18:35.552 D/CellBroadcastReceiver( 1628): Service state changed! 0 Full: 0 0 home Saunalahti Saunalahti 24405  UMTS UMTS CSS not supported -1 -1 RoamInd=-1 DefRoamInd=-1 EmergOnly=false
03-11 15:18:35.562 D/dalvikvm( 1415): GC_CONCURRENT freed 607K, 4% free 20540K/21180K, paused 3ms+2ms, total 41ms
03-11 15:18:35.562 D/dalvikvm( 1415): WAIT_FOR_CONCURRENT_GC blocked 32ms
03-11 15:18:35.562 D/dalvikvm( 1415): WAIT_FOR_CONCURRENT_GC blocked 3ms
03-11 15:18:35.562 D/dalvikvm( 1415): WAIT_FOR_CONCURRENT_GC blocked 33ms
03-11 15:18:35.562 D/dalvikvm( 1415): WAIT_FOR_CONCURRENT_GC blocked 8ms
03-11 15:18:35.572 I/ActivityManager(  769): Start proc com.google.android.deskclock for broadcast com.google.android.deskclock/com.android.deskclock.AlarmInitReceiver: pid=1650 uid=10033 gids={50033, 1028}
03-11 15:18:35.592 D/CellBroadcastConfigService( 1628): enabling emergency cell broadcast channels
03-11 15:18:35.592 D/IccSmsInterfaceManager( 1018): [IccSmsInterfaceManager] enableGsmBroadcastRange
03-11 15:18:35.592 D/IccSmsInterfaceManager( 1018): [IccSmsInterfaceManager] Calling setGsmBroadcastConfig with 1 configurations
03-11 15:18:35.622 V/AlarmClock( 1650): AlarmInitReceiver android.intent.action.BOOT_COMPLETED
03-11 15:18:35.622 D/GCoreFlp( 1140): Unknown pending intent to remove.
03-11 15:18:35.632 V/AlarmClock( 1650): AlarmInitReceiver - Reset timers and clear stopwatch data
03-11 15:18:35.652 I/AlarmClock( 1650): Displaying next alarm time: ''
03-11 15:18:35.652 V/AlarmClock( 1650): AlarmInitReceiver finished
03-11 15:18:35.652 I/ActivityManager(  769): Delay finish: com.google.android.deskclock/com.android.deskclock.AlarmInitReceiver
03-11 15:18:35.792 D/dalvikvm(  958): GC_CONCURRENT freed 299K, 2% free 16957K/17288K, paused 2ms+1ms, total 9ms
03-11 15:18:35.912 D/dalvikvm(  958): GC_CONCURRENT freed 304K, 2% free 17062K/17396K, paused 2ms+3ms, total 19ms
03-11 15:18:36.022 D/IccSmsInterfaceManager( 1018): [IccSmsInterfaceManager] Added cell broadcast subscription for MID range 4352 to 4354 from client com.android.cellbroadcastreceiver
03-11 15:18:36.022 D/IccSmsInterfaceManager( 1018): [IccSmsInterfaceManager] Calling setCellBroadcastActivation(true)
03-11 15:18:36.022 D/IccSmsInterfaceManager( 1018): [IccSmsInterfaceManager] enableGsmBroadcastRange
03-11 15:18:36.032 D/IccSmsInterfaceManager( 1018): [IccSmsInterfaceManager] Calling setGsmBroadcastConfig with 2 configurations
03-11 15:18:36.192 D/dalvikvm(  958): GC_CONCURRENT freed 396K, 3% free 17052K/17480K, paused 2ms+1ms, total 12ms
03-11 15:18:36.292 D/dalvikvm(  958): GC_CONCURRENT freed 409K, 3% free 17038K/17480K, paused 2ms+1ms, total 11ms
03-11 15:18:36.292 I/ActivityManager(  769): Resuming delayed broadcast
03-11 15:18:36.302 I/ActivityManager(  769): Start proc com.google.android.email for broadcast com.google.android.email/com.android.email.service.EmailBroadcastReceiver: pid=1685 uid=10036 gids={50036, 3003, 1028, 1015}
03-11 15:18:36.402 D/ActivityThread( 1685): Loading provider com.google.android.email.provider;com.google.android.email.notifier: com.android.email.provider.EmailProvider
03-11 15:18:36.422 D/ActivityThread( 1685): Loading provider com.google.android.email.provider;com.google.android.email.notifier: com.android.email.provider.EmailProvider
03-11 15:18:36.422 I/ActivityManager(  769): Delay finish: com.google.android.email/com.android.email.service.EmailBroadcastReceiver
03-11 15:18:36.442 D/dalvikvm( 1685): GC_CONCURRENT freed 218K, 2% free 16884K/17136K, paused 3ms+2ms, total 16ms
03-11 15:18:36.482 W/ActivityManager(  769): Unable to start service Intent { cmp=com.google.android.email/com.android.email.service.AttachmentDownloadService } U=0: not found
03-11 15:18:36.482 W/ActivityManager(  769): Unable to start service Intent { cmp=com.google.android.email/com.android.email.service.AttachmentDownloadService } U=0: not found
03-11 15:18:36.492 I/Email   ( 1685): Observing account changes for notifications
03-11 15:18:36.492 W/ActivityManager(  769): Unable to start service Intent { cmp=com.google.android.email/com.android.email.service.AttachmentDownloadService } U=0: not found
03-11 15:18:36.502 I/ActivityManager(  769): Delaying start of: ServiceRecord{42eb6858 u0 com.google.android.exchange/com.android.exchange.service.EmailSyncAdapterService}
03-11 15:18:36.502 I/ActivityManager(  769): Start proc com.google.android.exchange for service com.google.android.exchange/com.android.exchange.service.EmailSyncAdapterService: pid=1706 uid=10037 gids={50037, 3003, 1028, 1015}
03-11 15:18:36.562 I/ActivityManager(  769): Resuming delayed broadcast
03-11 15:18:36.572 I/ActivityManager(  769): Start proc com.google.android.apps.genie.geniewidget for broadcast com.google.android.apps.genie.geniewidget/.miniwidget.MiniWidgetProvider: pid=1719 uid=10040 gids={50040, 3003, 1028, 1015}
03-11 15:18:36.612 I/System.out( 1719): [INFO:4]: LogSource: Logging disabled
03-11 15:18:36.612 W/Genie   ( 1719): Cache file not found: java.io.FileNotFoundException: /data/data/com.google.android.apps.genie.geniewidget/cache/genie_masfcache: open failed: ENOENT (No such file or directory)
03-11 15:18:36.612 W/Genie   ( 1719): Cache file not found: java.io.FileNotFoundException: /data/data/com.google.android.apps.genie.geniewidget/cache/genie_iconcache: open failed: ENOENT (No such file or directory)
03-11 15:18:36.612 I/Genie   ( 1719): MiniWidgetModel()
03-11 15:18:36.622 V/Genie   ( 1719): onReceive: intent action=android.intent.action.BOOT_COMPLETED
03-11 15:18:36.622 I/Genie   ( 1719): ignoring BOOT_COMPLETE since app has never been started
03-11 15:18:36.622 I/ActivityManager(  769): Killing 971:android.process.acore/u0a3 (adj 15): empty #17
03-11 15:18:36.622 I/ActivityManager(  769): Delay finish: com.google.android.syncadapters.contacts/.ContactsSyncAdapterBroadcastReceiver
03-11 15:18:36.632 I/ActivityThread( 1193): Removing dead content provider:android.content.ContentProviderProxy@428f1e00
03-11 15:18:36.632 I/ActivityThread( 1193): Removing dead content provider:android.content.ContentProviderProxy@428f1e00
03-11 15:18:36.632 I/ActivityManager(  769): Start proc android.process.acore for content provider com.android.providers.contacts/.ContactsProvider2: pid=1738 uid=10003 gids={50003, 3003, 1028, 1015}
03-11 15:18:36.692 D/dalvikvm( 1738): GC_CONCURRENT freed 265K, 2% free 16924K/17220K, paused 1ms+2ms, total 15ms
03-11 15:18:36.742 I/ContactLocale( 1738): AddressBook Labels [en_US]: [, A, B, C, D, E, F, G, H, I, J, K, L, M, N, O, P, Q, R, S, T, U, V, W, X, Y, Z, Α, Β, Γ, Δ, Ε, Ζ, Η, Θ, Ι, Κ, Λ, Μ, Ν, Ξ, Ο, Π, Ρ, Σ, Τ, Υ, Φ, Χ, Ψ, Ω, , А, Б, В, Г, Д, Е, Є, Ж, З, И, І, Ї, Й, К, Л, М, Н, О, П, Р, С, Т, У, Ф, Х, Ц, Ч, Ш, Щ, Ю, Я, , א, ב, ג, ד, ה, ו, ז, ח, ט, י, כ, ל, מ, נ, ס, ע, פ, צ, ק, ר, ש, ת, , ا, ب, ت, ث, ج, ح, خ, د, ذ, ر, ز, س, ش, ص, ض, ط, ظ, ع, غ, ف, ق, ك, ل, م, ن, ه, و, ي, , ก, ข, ฃ, ค, ฅ, ฆ, ง, จ, ฉ, ช, ซ, ฌ, ญ, ฎ, ฏ, ฐ, ฑ, ฒ, ณ, ด, ต, ถ, ท, ธ, น, บ, ป, ผ, ฝ, พ, ฟ, ภ, ม, ย, ร, ฤ, ล, ฦ, ว, ศ, ษ, ส, ห, ฬ, อ, ฮ, , ㄱ, ㄴ, ㄷ, ㄹ, ㅁ, ㅂ, ㅅ, ㅇ, ㅈ, ㅊ, ㅋ, ㅌ, ㅍ, ㅎ, , あ, か, さ, た, な, は, ま, や, ら, わ, #, ]
03-11 15:18:36.782 I/ActivityManager(  769): Killing 1304:com.google.android.apps.magazines/u0a56 (adj 15): empty #17
03-11 15:18:36.812 I/LauncherIconVisibilityManager(  983): Boot has been completed
03-11 15:18:36.812 I/LauncherIconVisibilityManager(  983): Activity has already been disabled: ComponentInfo{com.google.android.inputmethod.latin/com.android.inputmethod.latin.setup.SetupActivity}
03-11 15:18:36.812 I/ActivityManager(  769): Resuming delayed broadcast
03-11 15:18:36.832 I/ActivityManager(  769): Start proc com.lge.SprintHiddenMenu for broadcast com.lge.SprintHiddenMenu/.sprintspec.data.UaproflieSettingReceiver: pid=1753 uid=1000 gids={41000, 1028, 1015, 3002, 3001, 3003}
03-11 15:18:36.852 I/ActivityManager(  769): Killing 1278:com.android.settings/1000 (adj 15): empty #17
03-11 15:18:36.872 I/ActivityManager(  769): Start proc com.qualcomm.qcrilmsgtunnel for broadcast com.qualcomm.qcrilmsgtunnel/.QcrilMsgTunnelAutoboot: pid=1766 uid=1001 gids={41001, 3002, 3001, 3003, 2001, 1028, 1015}
03-11 15:18:36.882 D/QcrilMsgTunnelAutoboot( 1766): ComponentInfo{com.qualcomm.qcrilmsgtunnel/com.qualcomm.qcrilmsgtunnel.QcrilMsgTunnelService} started successfully
03-11 15:18:36.882 D/QcrilMsgTunnelService( 1766): onCreate method
03-11 15:18:36.882 D/QcrilMsgTunnelIfaceManager( 1766): : Instantiated
03-11 15:18:36.882 V/QcrilMsgTunnelSocket( 1766): Starting QcRilReceiver
03-11 15:18:36.882 D/QcrilMsgTunnelIfaceManager( 1766):  Registered for UNSOL OEM HOOK Responses to deliver external apps
03-11 15:18:36.882 D/QcrilMsgTunnelSocket( 1766): Connecting to socket android.net.LocalSocket@428cef68 impl:android.net.LocalSocketImpl@428cef90 fd:FileDescriptor[44]
03-11 15:18:36.882 I/QcrilMsgTunnelSocket( 1766): Connected to 'qmux_radio/rild_oem0' socket
03-11 15:18:36.882 V/QcrilMsgTunnelSocket( 1766): Before reading offset = 0 remaining = 4 countRead = 0
03-11 15:18:36.882 I/ActivityManager(  769): Delay finish: com.qualcomm.qcrilmsgtunnel/.QcrilMsgTunnelAutoboot
03-11 15:18:37.052 E/ThermalEngine(  194): TM Id 'SKIN_THERMAL_management_1' Sensor 'xo_therm_pu2' - alarm raised 1 at 40.0 degC
03-11 15:18:37.052 E/ThermalEngine(  194): ACTION: LCD - Setting max LCD brightness to 229
03-11 15:18:37.431 D/IccSmsInterfaceManager( 1018): [IccSmsInterfaceManager] Added cell broadcast subscription for MID range 4356 to 4356 from client com.android.cellbroadcastreceiver
03-11 15:18:37.431 D/IccSmsInterfaceManager( 1018): [IccSmsInterfaceManager] Calling setCellBroadcastActivation(true)
03-11 15:18:37.431 D/IccSmsInterfaceManager( 1018): [IccSmsInterfaceManager] enableGsmBroadcastRange
03-11 15:18:37.431 D/IccSmsInterfaceManager( 1018): [IccSmsInterfaceManager] Calling setGsmBroadcastConfig with 3 configurations
03-11 15:18:38.042 V/QcrilMsgTunnelSocket( 1766): After reading offset = 0 remaining = 4 countRead = 4
03-11 15:18:38.042 D/QcrilMsgTunnelSocket( 1766): messageLength extracted from first 4 inputStream reads = 29
03-11 15:18:38.042 V/QcrilMsgTunnelSocket( 1766): offset = 0 remaining = 29 countRead = 0
03-11 15:18:38.062 V/QcrilMsgTunnelSocket( 1766): offset = 0 remaining = 29 countRead = 29
03-11 15:18:38.062 D/QcrilMsgTunnelSocket( 1766): readRilMessage: Buffer = [B@428ccc38 HexData = [0100000004040000110000005155414c434f4d4def0308000100000002]
03-11 15:18:38.062 V/QcrilMsgTunnelSocket( 1766): Read packet: 29 bytes. Data Available = 32 Position = 0
03-11 15:18:38.062 D/QcrilMsgTunnelSocket( 1766): processResponse. message type = 1. Data Available = 28
03-11 15:18:38.062 D/QcrilMsgTunnelSocket( 1766): ByteArray from parcel = 5155414c434f4d4def0308000100000002
03-11 15:18:38.062 D/QcrilMsgTunnelSocket( 1766): Received RIL_UNSOL_OEM_HOOK_RAW message
03-11 15:18:38.062 D/QcrilMsgTunnelSocket( 1766): Oem ID in RIL_UNSOL_OEM_HOOK_RAW is QUALCOMM
03-11 15:18:38.062 D/QcrilMsgTunnelSocket( 1766): OEM ID check Passed
03-11 15:18:38.062 D/QcrilMsgTunnelSocket( 1766): Response ID in RIL_UNSOL_OEM_HOOK_RAW is 525295
03-11 15:18:38.062 D/QcrilMsgTunnelSocket( 1766): Response ID 525295is not served in this process.
03-11 15:18:38.062 D/QcrilMsgTunnelSocket( 1766): To broadcast an Intent via the notifier to external apps
03-11 15:18:38.062 V/QcrilMsgTunnelSocket( 1766): Before reading offset = 0 remaining = 4 countRead = 0
03-11 15:18:38.062 D/QcrilMsgTunnelIfaceManager( 1766): handleMessage what=0
03-11 15:18:38.062 D/QcrilMsgTunnelIfaceManager( 1766): Broadcasting intent ACTION_UNSOL_RESPONSE_OEM_HOOK_RAW
03-11 15:18:38.812 D/dalvikvm( 1415): GC_CONCURRENT freed 936K, 5% free 20892K/21860K, paused 3ms+12ms, total 52ms
03-11 15:18:38.812 D/dalvikvm( 1415): WAIT_FOR_CONCURRENT_GC blocked 3ms
03-11 15:18:38.842 W/fb4a(:<default>):UserScope( 1415): Called user scoped provider with no viewer. ViewerContextManager was created with no ViewerContext. Using EmptyViewerContextManager to return fake logged in instance.
03-11 15:18:38.852 W/fb4a(:<default>):UserScope( 1415): Called user scoped provider with no viewer. ViewerContextManager was created with no ViewerContext. Using EmptyViewerContextManager to return fake logged in instance.
03-11 15:18:38.862 D/IccSmsInterfaceManager( 1018): [IccSmsInterfaceManager] Added cell broadcast subscription for MID range 4371 to 4372 from client com.android.cellbroadcastreceiver
03-11 15:18:38.862 D/IccSmsInterfaceManager( 1018): [IccSmsInterfaceManager] Calling setCellBroadcastActivation(true)
03-11 15:18:38.862 D/IccSmsInterfaceManager( 1018): [IccSmsInterfaceManager] enableGsmBroadcastRange
03-11 15:18:38.862 D/IccSmsInterfaceManager( 1018): [IccSmsInterfaceManager] Calling setGsmBroadcastConfig with 4 configurations
03-11 15:18:38.982 E/fb4a(:<default>):LocalFbBroadcastManager( 1415): Called registerBroadcastReceiver twice.
03-11 15:18:39.111 V/QcrilMsgTunnelSocket( 1766): After reading offset = 0 remaining = 4 countRead = 4
03-11 15:18:39.111 D/QcrilMsgTunnelSocket( 1766): messageLength extracted from first 4 inputStream reads = 29
03-11 15:18:39.111 V/QcrilMsgTunnelSocket( 1766): offset = 0 remaining = 29 countRead = 0
03-11 15:18:39.111 V/QcrilMsgTunnelSocket( 1766): offset = 0 remaining = 29 countRead = 29
03-11 15:18:39.111 D/QcrilMsgTunnelSocket( 1766): readRilMessage: Buffer = [B@428ccc38 HexData = [0100000004040000110000005155414c434f4d4def0308000100000002]
03-11 15:18:39.111 V/QcrilMsgTunnelSocket( 1766): Read packet: 29 bytes. Data Available = 32 Position = 0
03-11 15:18:39.111 D/QcrilMsgTunnelSocket( 1766): processResponse. message type = 1. Data Available = 28
03-11 15:18:39.111 D/QcrilMsgTunnelSocket( 1766): ByteArray from parcel = 5155414c434f4d4def0308000100000002
03-11 15:18:39.111 D/QcrilMsgTunnelSocket( 1766): Received RIL_UNSOL_OEM_HOOK_RAW message
03-11 15:18:39.111 D/QcrilMsgTunnelSocket( 1766): Oem ID in RIL_UNSOL_OEM_HOOK_RAW is QUALCOMM
03-11 15:18:39.111 D/QcrilMsgTunnelSocket( 1766): OEM ID check Passed
03-11 15:18:39.111 D/QcrilMsgTunnelSocket( 1766): Response ID in RIL_UNSOL_OEM_HOOK_RAW is 525295
03-11 15:18:39.111 D/QcrilMsgTunnelSocket( 1766): Response ID 525295is not served in this process.
03-11 15:18:39.111 D/QcrilMsgTunnelSocket( 1766): To broadcast an Intent via the notifier to external apps
03-11 15:18:39.111 V/QcrilMsgTunnelSocket( 1766): Before reading offset = 0 remaining = 4 countRead = 0
03-11 15:18:39.111 V/QcrilMsgTunnelSocket( 1766): After reading offset = 0 remaining = 4 countRead = 4
03-11 15:18:39.111 D/QcrilMsgTunnelSocket( 1766): messageLength extracted from first 4 inputStream reads = 29
03-11 15:18:39.111 V/QcrilMsgTunnelSocket( 1766): offset = 0 remaining = 29 countRead = 0
03-11 15:18:39.111 V/QcrilMsgTunnelSocket( 1766): offset = 0 remaining = 29 countRead = 29
03-11 15:18:39.111 D/QcrilMsgTunnelSocket( 1766): readRilMessage: Buffer = [B@428ccc38 HexData = [0100000004040000110000005155414c434f4d4def0308000100000002]
03-11 15:18:39.111 V/QcrilMsgTunnelSocket( 1766): Read packet: 29 bytes. Data Available = 32 Position = 0
03-11 15:18:39.111 D/QcrilMsgTunnelSocket( 1766): processResponse. message type = 1. Data Available = 28
03-11 15:18:39.111 D/QcrilMsgTunnelSocket( 1766): ByteArray from parcel = 5155414c434f4d4def0308000100000002
03-11 15:18:39.111 D/QcrilMsgTunnelSocket( 1766): Received RIL_UNSOL_OEM_HOOK_RAW message
03-11 15:18:39.111 D/QcrilMsgTunnelSocket( 1766): Oem ID in RIL_UNSOL_OEM_HOOK_RAW is QUALCOMM
03-11 15:18:39.111 D/QcrilMsgTunnelSocket( 1766): OEM ID check Passed
03-11 15:18:39.111 D/QcrilMsgTunnelSocket( 1766): Response ID in RIL_UNSOL_OEM_HOOK_RAW is 525295
03-11 15:18:39.111 D/QcrilMsgTunnelSocket( 1766): Response ID 525295is not served in this process.
03-11 15:18:39.111 D/QcrilMsgTunnelSocket( 1766): To broadcast an Intent via the notifier to external apps
03-11 15:18:39.111 V/QcrilMsgTunnelSocket( 1766): Before reading offset = 0 remaining = 4 countRead = 0
03-11 15:18:39.111 D/QcrilMsgTunnelIfaceManager( 1766): handleMessage what=0
03-11 15:18:39.111 D/QcrilMsgTunnelIfaceManager( 1766): Broadcasting intent ACTION_UNSOL_RESPONSE_OEM_HOOK_RAW
03-11 15:18:39.111 D/QcrilMsgTunnelIfaceManager( 1766): handleMessage what=0
03-11 15:18:39.111 D/QcrilMsgTunnelIfaceManager( 1766): Broadcasting intent ACTION_UNSOL_RESPONSE_OEM_HOOK_RAW
03-11 15:18:39.451 D/MobileDataStateTracker(  769): default: Broadcast received: android.intent.action.ANY_DATA_STATE apnType=default
03-11 15:18:39.451 D/MobileDataStateTracker(  769): default: Received state=CONNECTING, old=CONNECTING, reason=(unspecified)
03-11 15:18:40.131 D/MobileDataStateTracker(  769): default: Broadcast received: android.intent.action.ANY_DATA_STATE apnType=default
03-11 15:18:40.141 D/MobileDataStateTracker(  769): default: Received state=CONNECTED, old=CONNECTING, reason=connected
03-11 15:18:40.141 D/MobileDataStateTracker(  769): default: setDetailed state, old =CONNECTING and new state=CONNECTED
03-11 15:18:40.141 D/ConnectivityService(  769): ConnectivityChange for mobile: CONNECTED/CONNECTED
03-11 15:18:40.141 D/ConnectivityService(  769): ConnectivityChange checkMobileProvisioning for TYPE_MOBILE or ProvisioningNetwork
03-11 15:18:40.141 D/ConnectivityService(  769): checkMobileProvisioning: E suggestedTimeOutMs=60000
03-11 15:18:40.141 D/ConnectivityService(  769): setProvNotificationVisible: E visible=false networkType=5 extraInfo=null url=null
03-11 15:18:40.141 D/ConnectivityService(  769): checkMobileProvisioning: params={ url=http://clients3.google.com/generate_204 mTimeOutMs=60000 mCb=com.android.server.ConnectivityService$5@42fe1730}
03-11 15:18:40.151 D/dalvikvm( 1018): GC_CONCURRENT freed 387K, 3% free 17312K/17732K, paused 4ms+21ms, total 42ms
03-11 15:18:40.151 D/ConnectivityService(  769): checkMobileProvisioning: X
03-11 15:18:40.171 I/dalvikvm(  769): Jit: resizing JitTable from 4096 to 8192
03-11 15:18:40.171 D/Nat464Xlat(  769): requiresClat: netType=0, hasIPv4Address=true
03-11 15:18:40.181 D/MobileDataStateTracker(  769): default: isProvisioningNetwork: retVal=false
03-11 15:18:40.181 D/ConnectivityService(  769): [CheckMp] isMobileOk: isDefaultProvisioning=false
03-11 15:18:40.191 D/MobileDataStateTracker(  769): hipri: isProvisioningNetwork: retVal=false
03-11 15:18:40.191 D/ConnectivityService(  769): [CheckMp] isMobileOk: isHipriProvisioning=false
03-11 15:18:40.191 D/ConnectivityService(  769): [CheckMp] isMobileOk: start hipri url=http://clients3.google.com/generate_204
03-11 15:18:40.191 D/ConnectivityService(  769): startUsingNetworkFeature reconnecting to 0: enableHIPRI
03-11 15:18:40.191 D/MobileDataStateTracker(  769): hipri: Broadcast received: android.intent.action.ANY_DATA_STATE apnType=hipri
03-11 15:18:40.191 D/MobileDataStateTracker(  769): hipri: Received state=CONNECTING, old=DISCONNECTED, reason=dataEnabled
03-11 15:18:40.191 D/MobileDataStateTracker(  769): hipri: setDetailed state, old =IDLE and new state=CONNECTING
03-11 15:18:40.191 D/MobileDataStateTracker(  769): fota: Broadcast received: android.intent.action.ANY_DATA_STATE apnType=fota
03-11 15:18:40.201 D/MobileDataStateTracker(  769): fota: Received state=DISCONNECTED, old=DISCONNECTED, reason=dataEnabled
03-11 15:18:40.201 D/MobileDataStateTracker(  769): dun: Broadcast received: android.intent.action.ANY_DATA_STATE apnType=dun
03-11 15:18:40.201 D/ConnectivityService(  769): startUsingNetworkFeature X: return APN_REQUEST_STARTED
03-11 15:18:40.201 D/ConnectivityService(  769): [CheckMp] isMobileOk: hipri started
03-11 15:18:40.201 D/ConnectivityService(  769): [CheckMp] isMobileOk: not connected ni=NetworkInfo: type: mobile_hipri[HSPA+], state: DISCONNECTED/IDLE, reason: (unspecified), extra: (none), roaming: false, failover: false, isAvailable: true, isConnectedToProvisioningNetwork: false
03-11 15:18:40.201 D/MobileDataStateTracker(  769): dun: Received state=DISCONNECTED, old=DISCONNECTED, reason=dataEnabled
03-11 15:18:40.201 D/MobileDataStateTracker(  769): ia: Broadcast received: android.intent.action.ANY_DATA_STATE apnType=ia
03-11 15:18:40.201 D/MobileDataStateTracker(  769): ia: Received state=DISCONNECTED, old=DISCONNECTED, reason=dataEnabled
03-11 15:18:40.201 D/MobileDataStateTracker(  769): supl: Broadcast received: android.intent.action.ANY_DATA_STATE apnType=supl
03-11 15:18:40.201 D/MobileDataStateTracker(  769): supl: Received state=DISCONNECTED, old=DISCONNECTED, reason=dataEnabled
03-11 15:18:40.201 D/MobileDataStateTracker(  769): ims: Broadcast received: android.intent.action.ANY_DATA_STATE apnType=ims
03-11 15:18:40.201 D/MobileDataStateTracker(  769): ims: Received state=DISCONNECTED, old=DISCONNECTED, reason=dataEnabled
03-11 15:18:40.201 D/MobileDataStateTracker(  769): mms: Broadcast received: android.intent.action.ANY_DATA_STATE apnType=mms
03-11 15:18:40.201 D/MobileDataStateTracker(  769): mms: Received state=DISCONNECTED, old=DISCONNECTED, reason=dataEnabled
03-11 15:18:40.201 D/MobileDataStateTracker(  769): cbs: Broadcast received: android.intent.action.ANY_DATA_STATE apnType=cbs
03-11 15:18:40.211 D/MobileDataStateTracker(  769): cbs: Received state=DISCONNECTED, old=DISCONNECTED, reason=dataEnabled
03-11 15:18:40.211 D/MobileDataStateTracker(  769): hipri: Broadcast received: android.intent.action.ANY_DATA_STATE apnType=hipri
03-11 15:18:40.211 D/MobileDataStateTracker(  769): hipri: Received state=CONNECTED, old=CONNECTING, reason=dataEnabled
03-11 15:18:40.211 D/MobileDataStateTracker(  769): hipri: setDetailed state, old =IDLE and new state=CONNECTED
03-11 15:18:40.211 D/ConnectivityService(  769): ConnectivityChange for mobile_hipri: CONNECTED/CONNECTED
03-11 15:18:40.261 D/Nat464Xlat(  769): requiresClat: netType=5, hasIPv4Address=true
03-11 15:18:40.301 D/MobileDataStateTracker(  769): default: setPolicyDataEnable(enabled=true)
03-11 15:18:40.301 W/NetworkPolicy(  769): shared quota unsupported; generating rule for each iface
03-11 15:18:40.441 D/MobileDataStateTracker(  769): default: setPolicyDataEnable(enabled=true)
03-11 15:18:40.441 D/MobileDataStateTracker(  769): default: setPolicyDataEnable(enabled=true)
03-11 15:18:40.441 W/NetworkPolicy(  769): shared quota unsupported; generating rule for each iface
03-11 15:18:40.641 D/IccSmsInterfaceManager( 1018): [IccSmsInterfaceManager] Added cell broadcast subscription for MID range 4373 to 4378 from client com.android.cellbroadcastreceiver
03-11 15:18:40.641 D/IccSmsInterfaceManager( 1018): [IccSmsInterfaceManager] Calling setCellBroadcastActivation(true)
03-11 15:18:40.641 D/IccSmsInterfaceManager( 1018): [IccSmsInterfaceManager] enableGsmBroadcastRange
03-11 15:18:40.651 D/IccSmsInterfaceManager( 1018): [IccSmsInterfaceManager] Calling setGsmBroadcastConfig with 4 configurations
03-11 15:18:40.721 D/MobileDataStateTracker(  769): default: setPolicyDataEnable(enabled=true)
03-11 15:18:41.201 D/MobileDataStateTracker(  769): hipri: isProvisioningNetwork: retVal=false
03-11 15:18:41.201 D/ConnectivityService(  769): [CheckMp] isMobileOk: isProvisioningNetwork is false, continue
03-11 15:18:41.261 D/ConnectivityService(  769): [CheckMp] isMobileOk: addresses=clients3.google.com/193.229.108.44,clients3.google.com/193.229.108.40,clients3.google.com/193.229.108.30,clients3.google.com/193.229.108.39,clients3.google.com/193.229.108.50,clients3.google.com/193.229.108.49,clients3.google.com/193.229.108.59,clients3.google.com/193.229.108.35,clients3.google.com/193.229.108.24,clients3.google.com/193.229.108.45,clients3.google.com/193.229.108.25,clients3.google.com/193.229.108.34,clients3.google.com/193.229.108.54,clients3.google.com/193.229.108.20,clients3.google.com/193.229.108.29,clients3.google.com/193.229.108.55
03-11 15:18:41.261 D/ConnectivityService(  769): [CheckMp] isMobileOk: linkHasIpv4=true linkHasIpv6=false
03-11 15:18:41.301 D/ConnectivityService(  769): requestRouteToHostAddress ok=true
03-11 15:18:41.301 D/ConnectivityService(  769): [CheckMp] isMobileOk: wait to establish route to hostAddr=clients3.google.com/193.229.108.49
03-11 15:18:42.571 D/IccSmsInterfaceManager( 1018): [IccSmsInterfaceManager] Added cell broadcast subscription for MID range 4379 to 4379 from client com.android.cellbroadcastreceiver
03-11 15:18:42.571 D/IccSmsInterfaceManager( 1018): [IccSmsInterfaceManager] Calling setCellBroadcastActivation(true)
03-11 15:18:42.581 D/IccSmsInterfaceManager( 1018): [IccSmsInterfaceManager] enableGsmBroadcastRange
03-11 15:18:42.581 D/IccSmsInterfaceManager( 1018): [IccSmsInterfaceManager] Calling setGsmBroadcastConfig with 4 configurations
03-11 15:18:43.191 D/Tethering(  769): MasterInitialState.processMessage what=3
03-11 15:18:43.191 D/CaptivePortalTracker(  769): NoActiveNetworkState{ when=-2ms what=1 obj=NetworkInfo: type: mobile[HSPA+], state: CONNECTED/CONNECTED, reason: connected, extra: internet.saunalahti, roaming: false, failover: false, isAvailable: true, isConnectedToProvisioningNetwork: false target=com.android.internal.util.StateMachine$SmHandler }
03-11 15:18:43.191 D/CaptivePortalTracker(  769): NoActiveNetworkState not a wifi connectivity change, ignore
03-11 15:18:43.261 D/GpsLocationProvider(  769): NTP server returned: 1394543920533 (Tue Mar 11 15:18:40 EET 2014) reference: 28030 certainty: 30 system time offset: -2739
03-11 15:18:43.271 D/Tethering(  769): MasterInitialState.processMessage what=3
