03-11 15:18:49.071 D/dalvikvm(  769): WAIT_FOR_CONCURRENT_GC blocked 25ms
03-11 15:18:49.071 V/KeepAlert( 1999): Action android.intent.action.TIME_SET
03-11 15:18:49.101 I/ActivityManager(  769): Killing 1965:com.google.android.gms.ui/u0a7 (adj 15): empty #17
03-11 15:18:49.111 D/AlertReceiver( 2222): onReceive: a=android.intent.action.PROVIDER_CHANGED Intent { act=android.intent.action.PROVIDER_CHANGED dat=content://com.android.calendar flg=0x10 cmp=com.google.android.calendar/com.android.calendar.alerts.AlertReceiver }
03-11 15:18:49.111 D/AlertService( 2222): 0 Action = android.intent.action.PROVIDER_CHANGED
03-11 15:18:49.131 I/ActivityManager(  769): Start proc com.google.android.music:main for broadcast com.google.android.music/.store.MediaStoreImportService$Receiver: pid=2599 uid=10058 gids={50058, 3003, 1028, 1015}
03-11 15:18:49.231 I/MusicStore( 2599): Database version: 85
03-11 15:18:49.251 W/ContextImpl( 2599): Implicit intents with startService are not safe: Intent { act=com.google.android.music.PREFERENCE_SERVICE } android.content.ContextWrapper.bindService:517 com.google.android.music.utils.SafeServiceConnection$ServiceConnectionImp.bindService:98 com.google.android.music.utils.SafeServiceConnection.bindService:259 
03-11 15:18:49.251 D/dalvikvm( 2599): GC_CONCURRENT freed 215K, 2% free 16910K/17160K, paused 1ms+1ms, total 14ms
03-11 15:18:49.301 D/dalvikvm(  769): GC_CONCURRENT freed 1873K, 11% free 24098K/26804K, paused 2ms+5ms, total 71ms
03-11 15:18:49.301 D/dalvikvm(  769): WAIT_FOR_CONCURRENT_GC blocked 48ms
03-11 15:18:49.301 D/dalvikvm(  769): WAIT_FOR_CONCURRENT_GC blocked 60ms
03-11 15:18:49.321 W/ContextImpl( 2599): Implicit intents with startService are not safe: Intent { act=com.google.android.music.NETWORK_MONITOR_SERVICE } android.content.ContextWrapper.bindService:517 com.google.android.music.utils.SafeServiceConnection$ServiceConnectionImp.bindService:98 com.google.android.music.utils.SafeServiceConnection.bindService:259 
03-11 15:18:49.371 D/dalvikvm( 2599): GC_CONCURRENT freed 328K, 3% free 17096K/17456K, paused 3ms+2ms, total 29ms
03-11 15:18:49.371 D/dalvikvm( 2599): WAIT_FOR_CONCURRENT_GC blocked 9ms
03-11 15:18:49.411 I/MediaRouter( 2599): Found default route: MediaRouter.RouteInfo{ uniqueId=android/.support.v7.media.SystemMediaRouteProvider:DEFAULT_ROUTE, name=Phone, description=null, enabled=true, connecting=false, playbackType=0, playbackStream=3, volumeHandling=1, volume=6, volumeMax=15, presentationDisplayId=-1, extras=null, providerPackageName=android }
03-11 15:18:49.421 I/ActivityManager(  769): Delay finish: com.google.android.music/.store.MediaStoreImportService$Receiver
03-11 15:18:49.441 I/CastUtils( 2599): Removing provider: MediaRouter.RouteProviderInfo{ packageName=com.google.android.gms }
03-11 15:18:49.441 I/ActivityManager(  769): Resuming delayed broadcast
03-11 15:18:49.451 I/ActivityManager(  769): Delay finish: com.google.android.music/.store.MediaStoreImportService$Receiver
03-11 15:18:49.451 I/ActivityManager(  769): Resuming delayed broadcast
03-11 15:18:49.461 I/ActivityManager(  769): Delay finish: com.google.android.music/.store.MediaStoreImportService$Receiver
03-11 15:18:49.521 D/dalvikvm(  769): GC_CONCURRENT freed 1858K, 11% free 24098K/26804K, paused 2ms+3ms, total 45ms
03-11 15:18:49.521 D/dalvikvm(  769): WAIT_FOR_CONCURRENT_GC blocked 11ms
03-11 15:18:49.521 D/dalvikvm(  769): WAIT_FOR_CONCURRENT_GC blocked 28ms
03-11 15:18:49.521 D/dalvikvm(  769): WAIT_FOR_CONCURRENT_GC blocked 26ms
03-11 15:18:49.521 D/dalvikvm(  769): WAIT_FOR_CONCURRENT_GC blocked 26ms
03-11 15:18:49.521 D/dalvikvm(  769): WAIT_FOR_CONCURRENT_GC blocked 27ms
03-11 15:18:49.551 D/dalvikvm( 1006): GC_CONCURRENT freed 388K, 3% free 17149K/17628K, paused 4ms+1ms, total 14ms
03-11 15:18:49.561 D/dalvikvm( 2599): GC_CONCURRENT freed 216K, 2% free 17359K/17608K, paused 5ms+3ms, total 23ms
03-11 15:18:49.561 D/dalvikvm( 2599): WAIT_FOR_CONCURRENT_GC blocked 16ms
03-11 15:18:49.591 I/MediaStoreImporter( 2599): Update: incremental Added music: 0 Updated music: 0 Deleted music: 0 Created playlists: 0 Updated playlists: 0 Deleted playlists: 0 Inserted playlist items: 0 Deleted playlist items: 0 Removed orphaned playlist items: 0
03-11 15:18:49.591 I/ActivityManager(  769): Resuming delayed broadcast
03-11 15:18:49.601 I/ActivityManager(  769): Start proc com.google.android.email for broadcast com.google.android.email/com.android.email.provider.WidgetProvider: pid=2631 uid=10036 gids={50036, 3003, 1028, 1015}
03-11 15:18:49.601 I/ActivityManager(  769): Killing 958:android.process.media/u0a5 (adj 15): empty #17
03-11 15:18:49.641 D/ActivityThread( 2631): Loading provider com.google.android.email.provider;com.google.android.email.notifier: com.android.email.provider.EmailProvider
03-11 15:18:49.671 I/ActivityManager(  769): Killing 2060:com.google.android.talk/u0a51 (adj 15): empty #17
03-11 15:18:49.681 D/MobileDataStateTracker(  769): default: setPolicyDataEnable(enabled=true)
03-11 15:18:49.681 I/ActivityManager(  769): Delay finish: com.android.providers.calendar/.CalendarProviderBroadcastReceiver
03-11 15:18:49.701 D/dalvikvm( 2631): GC_CONCURRENT freed 264K, 2% free 16861K/17160K, paused 2ms+1ms, total 24ms
03-11 15:18:49.721 I/ActivityManager(  769): Resuming delayed broadcast
03-11 15:18:49.751 D/dalvikvm(  769): GC_CONCURRENT freed 1837K, 11% free 24117K/26804K, paused 2ms+3ms, total 47ms
03-11 15:18:49.751 D/dalvikvm(  769): WAIT_FOR_CONCURRENT_GC blocked 8ms
03-11 15:18:49.751 D/dalvikvm(  769): WAIT_FOR_CONCURRENT_GC blocked 31ms
03-11 15:18:49.751 D/dalvikvm(  769): WAIT_FOR_CONCURRENT_GC blocked 9ms
03-11 15:18:49.751 D/dalvikvm(  769): WAIT_FOR_CONCURRENT_GC blocked 32ms
03-11 15:18:49.761 I/Email   ( 2631): Observing account changes for notifications
03-11 15:18:49.761 W/ActivityManager(  769): Unable to start service Intent { cmp=com.google.android.email/com.android.email.service.AttachmentDownloadService } U=0: not found
03-11 15:18:49.811 I/ActivityManager(  769): Start proc android.process.media for broadcast com.android.providers.downloads/.DownloadReceiver: pid=2652 uid=10005 gids={50005, 1028, 1015, 1023, 1024, 2001, 3003, 3007}
03-11 15:18:49.811 W/ActivityManager(  769): Unable to start service Intent { cmp=com.google.android.email/com.android.email.service.AttachmentDownloadService } U=0: not found
03-11 15:18:49.891 D/ConnectivityService(  769): [CheckMp] isMobileOk: X result=1
03-11 15:18:49.901 D/GCM     ( 1193): GcmService start Intent { act=android.net.conn.CONNECTIVITY_CHANGE flg=0x4000010 cmp=com.google.android.gms/.gcm.GcmService (has extras) } android.net.conn.CONNECTIVITY_CHANGE
03-11 15:18:49.901 D/ConnectivityService(  769): [CheckMp] onPostExecute: result=1
03-11 15:18:49.901 D/ConnectivityService(  769): CheckMp.onComplete: result=1
03-11 15:18:49.901 D/ConnectivityService(  769): CheckMp.onComplete: ignore, connected or no connection
03-11 15:18:49.911 I/ActivityManager(  769): Start proc com.google.android.apps.magazines for broadcast com.google.android.apps.magazines/com.google.apps.dots.android.newsstand.appwidget.NewsWidgetProvider: pid=2672 uid=10056 gids={50056, 3003, 1028, 1015}
03-11 15:18:49.911 I/ActivityManager(  769): Killing 2088:eu.chainfire.supersu/u0a74 (adj 15): empty #17
03-11 15:18:49.941 V/WebViewChromium( 2672): Binding Chromium to the background looper Looper (main, tid 1) {428c3a28}
03-11 15:18:49.941 I/chromium( 2672): [INFO:library_loader_hooks.cc(112)] Chromium logging enabled: level = 0, default verbosity = 0
03-11 15:18:49.951 I/BrowserProcessMain( 2672): Initializing chromium process, renderers=0
03-11 15:18:49.951 W/chromium( 2672): [WARNING:proxy_service.cc(888)] PAC support disabled because there is no system implementation
03-11 15:18:49.961 I/Adreno-EGL( 2672): <qeglDrvAPI_eglInitialize:320>: EGL 1.4 QUALCOMM Build: I0404c4692afb8623f95c43aeb6d5e13ed4b30ddbDate: 11/06/13
03-11 15:18:50.011 W/GAV2    ( 2672): Thread[main,5,main]: Need to call initialize() and be in fallback mode to start dispatch.
03-11 15:18:50.021 D/dalvikvm( 2672): GC_CONCURRENT freed 284K, 2% free 16861K/17180K, paused 2ms+2ms, total 19ms
03-11 15:18:50.091 D/dalvikvm( 2672): GC_CONCURRENT freed 217K, 2% free 17097K/17348K, paused 1ms+1ms, total 15ms
03-11 15:18:50.101 I/NSApplication( 2672): Starting up...
03-11 15:18:50.111 D/YouTube ( 2104): apps.youtube.app.prefetch.PrefetchService$DeviceStateReceiver.onReceive:565 Got device state change intent: android.net.conn.CONNECTIVITY_CHANGE
03-11 15:18:50.121 D/YouTube ( 2104): apps.youtube.app.prefetch.PrefetchService.onStartCommand:167 PrefetchService started at 11 Mar 2014 13:18:50 GMT
03-11 15:18:50.131 D/YouTube ( 2104): apps.youtube.app.prefetch.PrefetchService.p_:245 Download snapshot restored
03-11 15:18:50.131 I/ActivityManager(  769): Start proc com.google.android.apps.plus for broadcast com.google.android.apps.plus/.service.ConnectivityReceiver: pid=2712 uid=10063 gids={50063, 3003, 3002, 1028, 1015}
03-11 15:18:50.141 D/YouTube ( 2104): apps.youtube.app.prefetch.PrefetchService.onDestroy:215 PrefetchService destroyed at 11 Mar 2014 13:18:50 GMT
03-11 15:18:50.141 D/dalvikvm(  182): GC_EXPLICIT freed 42K, 1% free 16691K/16768K, paused 1ms+2ms, total 18ms
03-11 15:18:50.141 I/ActivityManager(  769): Killing 1572:com.google.android.partnersetup/u0a11 (adj 15): empty #17
03-11 15:18:50.161 D/dalvikvm(  182): GC_EXPLICIT freed <1K, 1% free 16691K/16768K, paused 2ms+2ms, total 16ms
03-11 15:18:50.171 D/dalvikvm( 2672): GC_CONCURRENT freed 304K, 2% free 17218K/17556K, paused 2ms+2ms, total 15ms
03-11 15:18:50.171 D/dalvikvm(  182): GC_EXPLICIT freed <1K, 1% free 16691K/16768K, paused 1ms+2ms, total 16ms
03-11 15:18:50.241 D/GCM     ( 1193): Connected
03-11 15:18:50.281 I/GCM     ( 1193): GCM message com.google.android.gsf.gtalkservice 
03-11 15:18:50.311 D/GCM     ( 1193): Message class hwi
03-11 15:18:50.321 I/GCM     ( 1193): GCM message com.google.android.talk 0:1394543923247003%5a539273d1d407ce
03-11 15:18:50.331 D/dalvikvm( 2712): Trying to load lib /data/app-lib/com.google.android.apps.plus-1/libcrashreporter.so 0x428ccc58
03-11 15:18:50.331 D/dalvikvm( 2712): Added shared lib /data/app-lib/com.google.android.apps.plus-1/libcrashreporter.so 0x428ccc58
03-11 15:18:50.351 I/GCM     ( 1193): GCM message com.google.android.talk 0:1394543888413677%5a539273f9fd7ecd
03-11 15:18:50.371 D/dalvikvm( 2712): GC_CONCURRENT freed 303K, 2% free 16888K/17228K, paused 3ms+2ms, total 25ms
03-11 15:18:50.371 D/dalvikvm( 2712): WAIT_FOR_CONCURRENT_GC blocked 3ms
03-11 15:18:50.431 D/dalvikvm( 2712): GC_CONCURRENT freed 213K, 2% free 17187K/17432K, paused 1ms+2ms, total 13ms
03-11 15:18:50.431 D/dalvikvm( 2712): WAIT_FOR_CONCURRENT_GC blocked 8ms
03-11 15:18:50.431 D/dalvikvm( 2712): WAIT_FOR_CONCURRENT_GC blocked 6ms
03-11 15:18:50.441 I/ImageResourceManager( 2712): ImageResourceManager: uninitalized
03-11 15:18:50.441 I/iu.Environment( 2712): update battery state; isPlugged? true*
03-11 15:18:50.451 I/iu.Environment( 2712): update connectivity state; isNetworkMetered? true*, isRoaming? false, isBackgroundDataAllowed? true*
03-11 15:18:50.451 I/iu.Environment( 2712): update connectivity state; isNetworkMetered? true, isRoaming? false, isBackgroundDataAllowed? true
03-11 15:18:50.471 I/ActivityManager(  769): Start proc com.facebook.katana for broadcast com.facebook.katana/com.facebook.vault.service.VaultConnectivityChangeReceiver: pid=2739 uid=10077 gids={50077, 1028, 1015, 3003}
03-11 15:18:50.471 I/ActivityManager(  769): Killing 2254:com.google.android.googlequicksearchbox:search/u0a19 (adj 15): empty #17
03-11 15:18:50.481 D/dalvikvm( 2712): GC_FOR_ALLOC freed 100K, 2% free 17169K/17432K, paused 9ms, total 10ms
03-11 15:18:50.481 I/dalvikvm-heap( 2712): Grow heap (frag case) to 20.706MB for 4099024-byte allocation
03-11 15:18:50.501 D/dalvikvm( 2712): GC_FOR_ALLOC freed <1K, 2% free 21171K/21436K, paused 13ms, total 13ms
03-11 15:18:50.511 D/dalvikvm( 2712): GC_CONCURRENT freed 54K, 2% free 21186K/21436K, paused 2ms+2ms, total 13ms
03-11 15:18:50.511 D/dalvikvm( 2712): WAIT_FOR_CONCURRENT_GC blocked 8ms
03-11 15:18:50.511 I/dalvikvm-heap( 2712): Grow heap (frag case) to 24.628MB for 4099024-byte allocation
03-11 15:18:50.531 D/dalvikvm( 2712): GC_FOR_ALLOC freed <1K, 1% free 25188K/25440K, paused 11ms, total 12ms
03-11 15:18:50.531 I/iu.UploadsManager( 2712): #reloadSettings(); account: null; pageID: none; IU: disabled; IS: disabled; photoWiFi: true; videoWiFi: true; roam: false; battery: true; size: FULL; maxMobile: 157286400
03-11 15:18:50.561 D/CatchMeIfYouCan( 2739): Process (<default>) ca: '/data/data/com.facebook.katana/app_cmiyc/A1657CCD543F12E66E587EE52ED9D802E22AAC4701'
03-11 15:18:50.561 D/CatchMeIfYouCan( 2739): Process (<default>) fc: '/data/data/com.facebook.katana/app_cmiyc/A1657CCD543F12E66E587EE52ED9D802E22AAC4702'
03-11 15:18:50.561 D/CatchMeIfYouCan( 2739): Process (<default>) cp: '('default', 3, 120000, silent [true], restart [false], logout [false])'
03-11 15:18:50.561 D/ACRA    ( 2739): ACRA is enabled for com.facebook.katana, intializing...
03-11 15:18:50.571 D/ACRA    ( 2739): Looking for error files in /data/data/com.facebook.katana/app_acra-reports
03-11 15:18:50.571 D/ACRA    ( 2739): Looking for error files in /data/data/com.facebook.katana/app_minidumps
03-11 15:18:50.571 D/dalvikvm( 2739): Trying to load lib /data/app-lib/com.facebook.katana-1/libfb_stl_shared.so 0x428cbe38
03-11 15:18:50.571 D/dalvikvm( 2739): Added shared lib /data/app-lib/com.facebook.katana-1/libfb_stl_shared.so 0x428cbe38
03-11 15:18:50.571 D/dalvikvm( 2739): No JNI_OnLoad found in /data/app-lib/com.facebook.katana-1/libfb_stl_shared.so 0x428cbe38, skipping init
03-11 15:18:50.571 D/dalvikvm( 2739): Trying to load lib /data/app-lib/com.facebook.katana-1/libfb_breakpad_client.so 0x428cbe38
03-11 15:18:50.571 D/dalvikvm( 2739): Added shared lib /data/app-lib/com.facebook.katana-1/libfb_breakpad_client.so 0x428cbe38
03-11 15:18:50.571 I/iu.UploadsManager( 2712): End new media; added: 0, uploading: 0, time: 41 ms
03-11 15:18:50.581 W/SystemClassLoaderAdder( 2739): Could not find zipFile entry corresponding to path /data/app/com.facebook.katana-1.apk
03-11 15:18:50.581 V/DexLibLoader( 2739): Preparing secondary program dexes.
03-11 15:18:50.581 V/DexLibLoader( 2739): Loaded 2 raw lines of metadata.
03-11 15:18:50.581 V/DexLibLoader( 2739): Secondary program dex metadata: secondary-1.dex.jar.xz 188f1cf98e7929d7457e2cdf72a0777981e1fc27 secondary.dex01.Canary
03-11 15:18:50.581 V/DexLibLoader( 2739): Secondary program dex metadata: secondary-2.dex.jar.xz 14314443648960c2f9d1e4924306d1af2de75315 secondary.dex02.Canary
03-11 15:18:50.581 W/DexLibLoader( 2739): Unexpected file in program dex directory: /data/data/com.facebook.katana/app_secondary_program_dex/temp_dex_lock
03-11 15:18:50.581 V/DexLibLoader( 2739): Preparing to extract secondary-1.dex.jar.xz to /data/data/com.facebook.katana/app_secondary_program_dex/program-188f1cf98e7929d7457e2cdf72a0777981e1fc2731a2345d.dex.jar
03-11 15:18:50.581 V/DexLibLoader( 2739): Dex already copied
03-11 15:18:50.581 D/OdexVerifier( 2739): Odex verification is skipped.
03-11 15:18:50.581 V/DexLibLoader( 2739): Creating class loader
03-11 15:18:50.581 V/DexLibLoader( 2739): Finished creating class loader
03-11 15:18:50.581 V/DexLibLoader( 2739): Preparing to extract secondary-2.dex.jar.xz to /data/data/com.facebook.katana/app_secondary_program_dex/program-14314443648960c2f9d1e4924306d1af2de7531531a2345d.dex.jar
03-11 15:18:50.581 V/DexLibLoader( 2739): Dex already copied
03-11 15:18:50.581 D/OdexVerifier( 2739): Odex verification is skipped.
03-11 15:18:50.581 V/DexLibLoader( 2739): Creating class loader
03-11 15:18:50.581 V/DexLibLoader( 2739): Finished creating class loader
03-11 15:18:50.591 V/DexLibLoader( 2739): Verifying classes from secondary dexes.
03-11 15:18:50.591 D/DexLibLoader( 2739): DexLibLoader.ensureDexLoaded took 13 ms
03-11 15:18:50.591 D/dalvikvm( 2739): GC_CONCURRENT freed 292K, 2% free 16878K/17204K, paused 2ms+1ms, total 14ms
03-11 15:18:50.601 I/iu.FingerprintManager( 2712): Start processing all media
03-11 15:18:50.611 I/iu.FingerprintManager( 2712): Start processing media store URI: content://media/external/images/media
03-11 15:18:50.631 I/iu.FingerprintManager( 2712): Start processing media store URI: content://media/external/video/media
03-11 15:18:50.641 I/iu.FingerprintManager( 2712): Start processing media store URI: content://media/phoneStorage/images/media
03-11 15:18:50.641 I/iu.FingerprintManager( 2712): Start processing media store URI: content://media/phoneStorage/video/media
03-11 15:18:50.651 I/iu.FingerprintManager( 2712): Finished generating fingerprints; 0.050 seconds
03-11 15:18:50.651 I/iu.FingerprintManager( 2712):   numSeen=178 numGenerated=0 numDeleted=0 numFailed=0
03-11 15:18:50.661 I/Icing   ( 1006): Indexing DFBA040CFE63555BF40C028A21AB1505A9843DE0 from com.google.android.music
03-11 15:18:50.681 D/dalvikvm( 2739): GC_CONCURRENT freed 264K, 2% free 17001K/17300K, paused 2ms+1ms, total 12ms
03-11 15:18:50.701 D/dalvikvm(  769): GC_CONCURRENT freed 1712K, 10% free 24140K/26804K, paused 2ms+3ms, total 45ms
03-11 15:18:50.731 D/dalvikvm( 2739): GC_CONCURRENT freed 323K, 3% free 17129K/17484K, paused 1ms+2ms, total 12ms
03-11 15:18:50.751 I/Icing   ( 1006): Indexing done DFBA040CFE63555BF40C028A21AB1505A9843DE0
03-11 15:18:50.751 D/ConnectivityService(  769): handleInetConditionHoldEnd: net=0, condition=100, published condition=0
03-11 15:18:50.781 D/dalvikvm( 2739): GC_CONCURRENT freed 300K, 2% free 17299K/17632K, paused 1ms+1ms, total 11ms
03-11 15:18:50.841 D/dalvikvm( 2739): GC_CONCURRENT freed 296K, 2% free 17484K/17812K, paused 2ms+1ms, total 14ms
03-11 15:18:50.911 D/dalvikvm( 2739): GC_CONCURRENT freed 360K, 3% free 17635K/18028K, paused 1ms+3ms, total 20ms
03-11 15:18:50.911 D/dalvikvm( 2739): WAIT_FOR_CONCURRENT_GC blocked 6ms
03-11 15:18:50.991 D/dalvikvm( 2739): GC_CONCURRENT freed 268K, 2% free 17792K/18092K, paused 2ms+4ms, total 26ms
03-11 15:18:51.081 D/dalvikvm( 2739): GC_CONCURRENT freed 337K, 3% free 17966K/18336K, paused 2ms+2ms, total 24ms
03-11 15:18:51.081 D/dalvikvm( 2739): WAIT_FOR_CONCURRENT_GC blocked 9ms
03-11 15:18:51.091 W/dalvikvm( 2739): method Lcom/facebook/reflex/view/AbstractListView;.invalidate incorrectly overrides package-private method with same name in Landroid/view/View;
03-11 15:18:51.091 W/dalvikvm( 2739): method Lcom/facebook/reflex/view/GalleryViewAutoReflex;.invalidate incorrectly overrides package-private method with same name in Landroid/view/View;
03-11 15:18:51.091 W/dalvikvm( 2739): method Lcom/facebook/reflex/view/HorizontalScrollViewAutoReflex;.invalidate incorrectly overrides package-private method with same name in Landroid/view/View;
03-11 15:18:51.101 W/dalvikvm( 2739): method Lcom/facebook/reflex/view/ImageViewAutoReflex;.invalidate incorrectly overrides package-private method with same name in Landroid/view/View;
03-11 15:18:51.101 W/dalvikvm( 2739): method Lcom/facebook/reflex/view/ScrollViewAutoReflex;.invalidate incorrectly overrides package-private method with same name in Landroid/view/View;
03-11 15:18:51.101 W/dalvikvm( 2739): method Lcom/facebook/reflex/view/ViewPagerAutoReflex;.invalidate incorrectly overrides package-private method with same name in Landroid/view/View;
03-11 15:18:51.161 D/dalvikvm( 2739): GC_CONCURRENT freed 315K, 2% free 18165K/18512K, paused 1ms+3ms, total 23ms
03-11 15:18:51.161 D/dalvikvm( 2739): WAIT_FOR_CONCURRENT_GC blocked 9ms
03-11 15:18:51.231 D/dalvikvm( 2739): GC_CONCURRENT freed 277K, 2% free 18402K/18712K, paused 3ms+2ms, total 28ms
03-11 15:18:51.231 D/dalvikvm( 2739): WAIT_FOR_CONCURRENT_GC blocked 18ms
03-11 15:18:51.301 D/dalvikvm( 2739): GC_CONCURRENT freed 334K, 2% free 18642K/19008K, paused 2ms+1ms, total 28ms
03-11 15:18:51.301 D/dalvikvm( 2739): WAIT_FOR_CONCURRENT_GC blocked 11ms
03-11 15:18:51.351 W/GAV2    ( 2337): Thread[GAThread,5,main]: Service unavailable (code=1), will retry.
03-11 15:18:51.351 I/GAV2    ( 2337): Thread[GAThread,5,main]: No campaign data found.
03-11 15:18:51.351 W/ActivityManager(  769): Unable to start service Intent { act=com.google.android.gms.analytics.service.START cmp=com.google.android.gms/.analytics.service.AnalyticsService (has extras) } U=0: not found
03-11 15:18:51.411 D/dalvikvm( 2739): GC_CONCURRENT freed 397K, 3% free 18858K/19292K, paused 3ms+3ms, total 31ms
03-11 15:18:51.501 W/dalvikvm( 2739): method Lcom/facebook/reflex/view/FrameLayoutAutoReflex;.invalidate incorrectly overrides package-private method with same name in Landroid/view/View;
03-11 15:18:51.521 D/dalvikvm( 2739): GC_CONCURRENT freed 475K, 3% free 19109K/19616K, paused 2ms+1ms, total 25ms
03-11 15:18:51.521 D/dalvikvm( 2739): WAIT_FOR_CONCURRENT_GC blocked 5ms
03-11 15:18:51.561 D/dalvikvm( 1140): GC_CONCURRENT freed 345K, 3% free 17888K/18268K, paused 2ms+3ms, total 18ms
03-11 15:18:51.581 W/dalvikvm( 2739): method Lcom/facebook/messaging/reflex/SwipableOverlayLayoutAutoReflex;.invalidate incorrectly overrides package-private method with same name in Landroid/view/View;
03-11 15:18:51.671 D/dalvikvm( 2739): GC_CONCURRENT freed 505K, 3% free 19414K/19952K, paused 3ms+3ms, total 35ms
03-11 15:18:51.671 D/dalvikvm( 2739): WAIT_FOR_CONCURRENT_GC blocked 13ms
03-11 15:18:51.681 E/FbInjectorInitializer( 2739): Multi-binding Key[type=com.facebook.common.init.INeedInit, annotation=[none]] wasn't declared.
03-11 15:18:51.811 D/dalvikvm( 2739): GC_CONCURRENT freed 629K, 4% free 19686K/20356K, paused 2ms+2ms, total 33ms
03-11 15:18:51.811 D/dalvikvm( 2739): WAIT_FOR_CONCURRENT_GC blocked 16ms
03-11 15:18:51.881 W/fb4a(:<default>):BaseAnalyticsConfig( 2739): willEventBeLogged() called before shared prefs were initialized! Defaulting to true.
03-11 15:18:51.881 W/fb4a(:<default>):BaseAnalyticsConfig( 2739): willEventBeLogged() called before shared prefs were initialized! Defaulting to true.
03-11 15:18:51.881 I/ActivityManager(  769): Waited long enough for: ServiceRecord{42e872e8 u0 com.qualcomm.qcrilmsgtunnel/.QcrilMsgTunnelService}
03-11 15:18:51.921 I/ActivityManager(  769): Start proc com.devhd.feedly for broadcast com.devhd.feedly/.widget.FeedlyWidgetProvider: pid=2766 uid=10088 gids={50088, 3003, 1028, 1015}
03-11 15:18:51.921 I/ActivityManager(  769): Killing 2385:org.mozilla.fennec/u0a75 (adj 15): empty #17
03-11 15:18:51.981 D/dalvikvm( 2739): GC_CONCURRENT freed 686K, 4% free 19969K/20692K, paused 3ms+2ms, total 30ms
03-11 15:18:51.991 W/fb4a(:<default>):UserScope( 2739): Called user scoped provider with no viewer. ViewerContextManager was created with no ViewerContext. Using EmptyViewerContextManager to return fake logged in instance.
03-11 15:18:51.991 W/fb4a(:<default>):ViewerContextManagerForUserScope( 2739): User no longer logged in. Original uid: 0, viewer context: null, is_logged_in: false. Returning original viewer context.
03-11 15:18:52.011 W/fb4a(:<default>):UserScope( 2739): Called user scoped provider with no viewer. ViewerContextManager was created with no ViewerContext. Using EmptyViewerContextManager to return fake logged in instance.
03-11 15:18:52.031 I/widget.provider( 2766): com.devhd.feedly.widget.FeedlyWidgetProvider onReceive: android.net.conn.CONNECTIVITY_CHANGE
03-11 15:18:52.031 W/widget.data( 2766): **** creating widget[0] data model object ****
03-11 15:18:52.051 E/dalvikvm( 2739): Could not find class 'org.apache.harmony.xnet.provider.jsse.OpenSSLSocketImpl', referenced from method com.facebook.ssl.openssl.check.CheckOpenSSLImplHasRequiredMethods.<clinit>
03-11 15:18:52.051 W/dalvikvm( 2739): VFY: unable to resolve const-class 13583 (Lorg/apache/harmony/xnet/provider/jsse/OpenSSLSocketImpl;) in Lcom/facebook/ssl/openssl/check/CheckOpenSSLImplHasRequiredMethods;
03-11 15:18:52.051 D/dalvikvm( 2739): VFY: replacing opcode 0x1c at 0x000d
03-11 15:18:52.061 E/dalvikvm( 2739): Could not find class 'org.apache.harmony.xnet.provider.jsse.OpenSSLSocketFactoryImpl', referenced from method com.facebook.ssl.openssl.reflect.SSLParametersGetter.<clinit>
03-11 15:18:52.061 W/dalvikvm( 2739): VFY: unable to resolve const-class 13582 (Lorg/apache/harmony/xnet/provider/jsse/OpenSSLSocketFactoryImpl;) in Lcom/facebook/ssl/openssl/reflect/SSLParametersGetter;
03-11 15:18:52.061 D/dalvikvm( 2739): VFY: replacing opcode 0x1c at 0x000d
03-11 15:18:52.061 E/dalvikvm( 2739): Could not find class 'org.apache.harmony.xnet.provider.jsse.SSLParametersImpl', referenced from method com.facebook.ssl.openssl.reflect.SSLParametersGetter.a
03-11 15:18:52.061 W/dalvikvm( 2739): VFY: unable to resolve check-cast 13585 (Lorg/apache/harmony/xnet/provider/jsse/SSLParametersImpl;) in Lcom/facebook/ssl/openssl/reflect/SSLParametersGetter;
03-11 15:18:52.061 D/dalvikvm( 2739): VFY: replacing opcode 0x1f at 0x0006
03-11 15:18:52.061 D/GCM     ( 1193): GcmService start Intent { act=android.net.conn.CONNECTIVITY_CHANGE flg=0x4000010 cmp=com.google.android.gms/.gcm.GcmService (has extras) } android.net.conn.CONNECTIVITY_CHANGE
03-11 15:18:52.061 I/GCM     ( 1193): requestRouteToHost: failed!
03-11 15:18:52.061 D/YouTube ( 2104): apps.youtube.app.prefetch.PrefetchService$DeviceStateReceiver.onReceive:565 Got device state change intent: android.net.conn.CONNECTIVITY_CHANGE
03-11 15:18:52.061 E/dalvikvm( 2739): Could not find class 'org.apache.harmony.xnet.provider.jsse.SSLParametersImpl', referenced from method com.facebook.ssl.openssl.reflect.SSLSessionTimeoutSetter.<clinit>
03-11 15:18:52.061 W/dalvikvm( 2739): VFY: unable to resolve const-class 13585 (Lorg/apache/harmony/xnet/provider/jsse/SSLParametersImpl;) in Lcom/facebook/ssl/openssl/reflect/SSLSessionTimeoutSetter;
03-11 15:18:52.061 D/dalvikvm( 2739): VFY: replacing opcode 0x1c at 0x000d
03-11 15:18:52.061 W/dalvikvm( 2739): VFY: unable to find class referenced in signature (Lorg/apache/harmony/xnet/provider/jsse/SSLParametersImpl;)
03-11 15:18:52.061 E/dalvikvm( 2739): Could not find class 'org.apache.harmony.xnet.provider.jsse.ClientSessionContext', referenced from method com.facebook.ssl.openssl.reflect.SSLSessionTimeoutSetter.a
03-11 15:18:52.061 W/dalvikvm( 2739): VFY: unable to resolve check-cast 13581 (Lorg/apache/harmony/xnet/provider/jsse/ClientSessionContext;) in Lcom/facebook/ssl/openssl/reflect/SSLSessionTimeoutSetter;
03-11 15:18:52.061 D/dalvikvm( 2739): VFY: replacing opcode 0x1f at 0x0006
03-11 15:18:52.061 W/dalvikvm( 2739): VFY: unable to find class referenced in signature (Lorg/apache/harmony/xnet/provider/jsse/SSLParametersImpl;)
03-11 15:18:52.061 W/dalvikvm( 2739): Unable to resolve superclass of Lcom/facebook/ssl/openssl/TicketEnabledOpenSSLSocketImplWrapper; (13584)
03-11 15:18:52.061 W/dalvikvm( 2739): Link of class 'Lcom/facebook/ssl/openssl/TicketEnabledOpenSSLSocketImplWrapper;' failed
03-11 15:18:52.061 E/dalvikvm( 2739): Could not find class 'com.facebook.ssl.openssl.TicketEnabledOpenSSLSocketImplWrapper', referenced from method com.facebook.ssl.openssl.TicketEnabledOpenSSLSocketFactoryHelper.a
03-11 15:18:52.061 W/dalvikvm( 2739): VFY: unable to resolve new-instance 10322 (Lcom/facebook/ssl/openssl/TicketEnabledOpenSSLSocketImplWrapper;) in Lcom/facebook/ssl/openssl/TicketEnabledOpenSSLSocketFactoryHelper;
03-11 15:18:52.061 D/dalvikvm( 2739): VFY: replacing opcode 0x22 at 0x0000
03-11 15:18:52.061 W/dalvikvm( 2739): Unable to resolve superclass of Lcom/facebook/ssl/openssl/TicketEnabledOpenSSLSocketImplWrapper; (13584)
03-11 15:18:52.061 W/dalvikvm( 2739): Link of class 'Lcom/facebook/ssl/openssl/TicketEnabledOpenSSLSocketImplWrapper;' failed
03-11 15:18:52.061 D/dalvikvm( 2739): DexOpt: unable to opt direct call 0xaa3b at 0x08 in Lcom/facebook/ssl/openssl/TicketEnabledOpenSSLSocketFactoryHelper;.a
03-11 15:18:52.081 D/dalvikvm( 2652): GC_CONCURRENT freed 231K, 2% free 16863K/17128K, paused 2ms+1ms, total 42ms
03-11 15:18:52.081 D/YouTube ( 2104): apps.youtube.app.prefetch.PrefetchService.onStartCommand:167 PrefetchService started at 11 Mar 2014 13:18:52 GMT
03-11 15:18:52.081 I/iu.Environment( 2712): update connectivity state; isNetworkMetered? true, isRoaming? false, isBackgroundDataAllowed? true
03-11 15:18:52.081 D/YouTube ( 2104): apps.youtube.app.prefetch.PrefetchService.p_:245 Download snapshot restored
03-11 15:18:52.091 D/YouTube ( 2104): apps.youtube.app.prefetch.PrefetchService.onDestroy:215 PrefetchService destroyed at 11 Mar 2014 13:18:52 GMT
03-11 15:18:52.131 W/BroadcastQueue(  769): Permission Denial: broadcasting Intent { act=android.net.conn.INET_CONDITION_ACTION flg=0x4000010 (has extras) } from null (pid=-1, uid=-1) requires com.facebook.permission.prod.FB_APP_COMMUNICATION due to registered receiver BroadcastFilter{430a3168 u0 ReceiverList{430b4b58 2739 com.facebook.katana/10077/u0 remote:42d7c6f8}}
03-11 15:18:52.131 W/BroadcastQueue(  769): Permission Denial: broadcasting Intent { act=android.net.conn.CONNECTIVITY_CHANGE flg=0x4000010 (has extras) } from null (pid=-1, uid=-1) requires com.facebook.permission.prod.FB_APP_COMMUNICATION due to registered receiver BroadcastFilter{430a3168 u0 ReceiverList{430b4b58 2739 com.facebook.katana/10077/u0 remote:42d7c6f8}}
03-11 15:18:52.131 W/BroadcastQueue(  769): Permission Denial: broadcasting Intent { act=android.net.conn.CONNECTIVITY_CHANGE flg=0x4000010 (has extras) } from null (pid=-1, uid=-1) requires com.facebook.permission.prod.FB_APP_COMMUNICATION due to registered receiver BroadcastFilter{43016f58 u0 ReceiverList{4301a0e0 2739 com.facebook.katana/10077/u0 remote:43053408}}
03-11 15:18:52.151 D/dalvikvm( 2739): GC_CONCURRENT freed 654K, 4% free 20409K/21096K, paused 3ms+2ms, total 30ms
03-11 15:18:52.151 D/dalvikvm( 2739): WAIT_FOR_CONCURRENT_GC blocked 25ms
03-11 15:18:52.161 D/dalvikvm( 2739): WAIT_FOR_CONCURRENT_GC blocked 18ms
03-11 15:18:52.161 D/dalvikvm( 2739): WAIT_FOR_CONCURRENT_GC blocked 19ms
03-11 15:18:52.201 I/widget.provider( 2766): com.devhd.feedly.widget.FeedlyWidgetProvider onReceive: android.net.conn.CONNECTIVITY_CHANGE
03-11 15:18:52.201 D/GCoreFlp( 1140): Unknown pending intent to remove.
03-11 15:18:52.201 I/ActivityManager(  769): Killing 2430:com.laurencedawson.reddit_sync:remote/u0a80 (adj 15): empty #17
03-11 15:18:52.211 D/GCM     ( 1193): GcmService start Intent { act=com.google.android.gms.INITIALIZE flg=0x10 pkg=com.google.android.gms cmp=com.google.android.gms/.gcm.GcmService } com.google.android.gms.INITIALIZE
03-11 15:18:52.221 I/ActivityManager(  769): Start proc com.google.android.talk for broadcast com.google.android.talk/com.google.android.apps.babel.realtimechat.RealTimeChatService$AlarmReceiver: pid=2800 uid=10051 gids={50051, 3003, 1028, 1015, 3002}
03-11 15:18:52.281 I/MmsConfig( 2800): MmsConfig.init: mnc/mcc: 244/21
03-11 15:18:52.281 D/dalvikvm( 2800): GC_CONCURRENT freed 335K, 3% free 16865K/17232K, paused 3ms+3ms, total 21ms
03-11 15:18:52.281 W/Settings( 2800): Setting airplane_mode_on has moved from android.provider.Settings.System to android.provider.Settings.Global, returning read-only value.
03-11 15:18:52.281 I/Babel   ( 2800): ### loadDeviceMmsSettings from API: mUserAgent=Nexus5, mUaProfUrl=http://gsm.lge.com/html/gsm/Nexus5-M3.xml
03-11 15:18:52.281 V/MmsConfig( 2800): tag: bool value: enabledMMS - true
03-11 15:18:52.281 V/MmsConfig( 2800): tag: int value: maxMessageSize - 307200
03-11 15:18:52.281 V/MmsConfig( 2800): tag: int value: maxImageHeight - 480
03-11 15:18:52.281 V/MmsConfig( 2800): tag: int value: maxImageWidth - 640
03-11 15:18:52.281 V/MmsConfig( 2800): tag: int value: recipientLimit - -1
03-11 15:18:52.281 V/MmsConfig( 2800): tag: bool value: enableMultipartSMS - true
03-11 15:18:52.281 V/MmsConfig( 2800): tag: int value: smsToMmsTextThreshold - -1
03-11 15:18:52.281 V/MmsConfig( 2800): tag: int value: maxMessageTextSize - -1
03-11 15:18:52.281 I/Babel   ( 2800): ### loadMmsSettings: mUserAgent=Nexus5, mUaProfUrl=http://gsm.lge.com/html/gsm/Nexus5-M3.xml
03-11 15:18:52.321 D/AlertReceiver( 2222): onReceive: a=android.intent.action.PROVIDER_CHANGED Intent { act=android.intent.action.PROVIDER_CHANGED dat=content://com.android.calendar flg=0x10 cmp=com.google.android.calendar/com.android.calendar.alerts.AlertReceiver }
03-11 15:18:52.351 I/ActivityManager(  769): Start proc org.mozilla.fennec for broadcast org.mozilla.fennec/org.mozilla.gecko.background.announcements.AnnouncementsBroadcastReceiver: pid=2832 uid=10075 gids={50075, 3003, 1028, 1015}
03-11 15:18:52.361 I/NotifUtils( 2337): Validating Notification, mapSize: 0 getAttention: true ignoreUnobtrusive: false
03-11 15:18:52.361 D/dalvikvm( 2800): GC_CONCURRENT freed 389K, 3% free 16913K/17336K, paused 3ms+7ms, total 22ms
03-11 15:18:52.361 I/NotifUtils( 2337): validateNotifications - cancelling account -2040901717 / folder 3019
03-11 15:18:52.391 D/dalvikvm( 2832): Trying to load lib /data/app-lib/org.mozilla.fennec-1/libmozglue.so 0x428c4ee0
03-11 15:18:52.401 D/dalvikvm( 2832): Added shared lib /data/app-lib/org.mozilla.fennec-1/libmozglue.so 0x428c4ee0
03-11 15:18:52.401 D/dalvikvm( 2832): No JNI_OnLoad found in /data/app-lib/org.mozilla.fennec-1/libmozglue.so 0x428c4ee0, skipping init
03-11 15:18:52.401 I/GeckoAnnounce( 2832): fennec :: AnnounceBrSvc :: Registering AnnouncementsService.
03-11 15:18:52.401 I/ActivityManager(  769): Delay finish: org.mozilla.fennec/org.mozilla.gecko.background.announcements.AnnouncementsBroadcastReceiver
03-11 15:18:52.411 I/GeckoAnnounce( 2832): fennec :: BackgroundService :: Setting inexact repeating alarm for interval 43200000
03-11 15:18:52.421 I/GeckoHealth( 2832): fennec :: HealthReportBroadcastService :: Registering HealthReportUploadService.
03-11 15:18:52.421 I/GeckoHealth( 2832): fennec :: BackgroundService :: Setting inexact repeating alarm for interval 3600000
03-11 15:18:52.421 I/ActivityManager(  769): Resuming delayed broadcast
03-11 15:18:52.421 I/ActivityManager(  769): Delay finish: org.mozilla.fennec/org.mozilla.gecko.background.healthreport.HealthReportBroadcastReceiver
03-11 15:18:52.421 I/ActivityManager(  769): Resuming delayed broadcast
03-11 15:18:52.431 I/GeckoHealth( 2832): fennec :: HealthReportBroadcastService :: Registering HealthReportPruneService.
03-11 15:18:52.431 I/GeckoHealth( 2832): fennec :: BackgroundService :: Setting inexact repeating alarm for interval 86400000
03-11 15:18:52.431 I/ActivityManager(  769): Delay finish: org.mozilla.fennec/org.mozilla.gecko.background.healthreport.HealthReportBroadcastReceiver
03-11 15:18:52.431 I/ActivityManager(  769): Resuming delayed broadcast
03-11 15:18:52.431 I/ActivityManager(  769): Killing 2461:com.laurencedawson.reddit_sync/u0a80 (adj 15): empty #17
03-11 15:18:52.441 D/PackageBroadcastService( 1006): Received broadcast action=android.intent.action.PACKAGE_CHANGED and uri=com.android.stk
03-11 15:18:52.451 I/ActivityManager(  769): Delay finish: com.google.android.apps.plus/.service.PackagesMediaMonitor
03-11 15:18:52.461 D/dalvikvm( 2024): GC_CONCURRENT freed 362K, 3% free 17476K/17872K, paused 1ms+1ms, total 13ms
03-11 15:18:52.461 I/ActivityManager(  769): Resuming delayed broadcast
03-11 15:18:52.471 D/dalvikvm( 1006): GC_CONCURRENT freed 389K, 3% free 17159K/17628K, paused 0ms+1ms, total 10ms
03-11 15:18:52.481 I/ActivityManager(  769): Start proc com.google.android.googlequicksearchbox:search for broadcast com.google.android.googlequicksearchbox/com.google.android.search.core.summons.icing.InternalIcingCorporaProvider$CorporaChangedReceiver: pid=2863 uid=10019 gids={50019, 3003, 1028, 3002, 1015}
03-11 15:18:52.491 I/PeopleContactsSync( 1006): CP2 sync disabled
03-11 15:18:52.521 D/dalvikvm( 2800): GC_CONCURRENT freed 319K, 3% free 17050K/17404K, paused 3ms+6ms, total 18ms
03-11 15:18:52.521 I/ActivityManager(  769): Delay finish: com.google.android.googlequicksearchbox/com.google.android.search.core.summons.icing.InternalIcingCorporaProvider$CorporaChangedReceiver
03-11 15:18:52.531 I/Icing.InternalIcingCorporaProvider( 2863): Updating corpora: A: com.android.stk, C: MAYBE
03-11 15:18:52.531 I/ActivityManager(  769): Resuming delayed broadcast
03-11 15:18:52.531 I/ActivityManager(  769): Killing 2490:com.onelouder.baconreader/u0a81 (adj 15): empty #17
03-11 15:18:52.541 W/Launcher( 1065): setApplicationContext called twice! old=com.google.android.velvet.VelvetApplication@428c9e40 new=com.google.android.velvet.VelvetApplication@428c9e40
03-11 15:18:52.561 I/ActivityManager(  769): Start proc com.google.android.partnersetup for content provider com.google.android.partnersetup/.RlzAppProvider: pid=2888 uid=10011 gids={50011, 3003}
03-11 15:18:52.571 D/dalvikvm( 1193): GC_EXPLICIT freed 288K, 4% free 17338K/17924K, paused 2ms+4ms, total 24ms
03-11 15:18:52.591 D/GCM     ( 1193): GcmService start Intent { act=android.net.conn.CONNECTIVITY_CHANGE flg=0x4000010 cmp=com.google.android.gms/.gcm.GcmService (has extras) } android.net.conn.CONNECTIVITY_CHANGE
03-11 15:18:52.601 D/YouTube ( 2104): apps.youtube.app.prefetch.PrefetchService$DeviceStateReceiver.onReceive:565 Got device state change intent: android.net.conn.CONNECTIVITY_CHANGE
03-11 15:18:52.611 D/YouTube ( 2104): apps.youtube.app.prefetch.PrefetchService.onStartCommand:167 PrefetchService started at 11 Mar 2014 13:18:52 GMT
03-11 15:18:52.611 I/iu.Environment( 2712): update connectivity state; isNetworkMetered? true, isRoaming? false, isBackgroundDataAllowed? true
03-11 15:18:52.611 D/YouTube ( 2104): apps.youtube.app.prefetch.PrefetchService.p_:245 Download snapshot restored
03-11 15:18:52.611 I/widget.provider( 2766): com.devhd.feedly.widget.FeedlyWidgetProvider onReceive: android.net.conn.CONNECTIVITY_CHANGE
03-11 15:18:52.621 D/YouTube ( 2104): apps.youtube.app.prefetch.PrefetchService.onDestroy:215 PrefetchService destroyed at 11 Mar 2014 13:18:52 GMT
03-11 15:18:52.631 D/dalvikvm( 2863): GC_CONCURRENT freed 220K, 2% free 16956K/17212K, paused 4ms+4ms, total 35ms
03-11 15:18:52.641 D/GCM     ( 1193): GcmService start Intent { act=android.net.conn.CONNECTIVITY_CHANGE flg=0x4000010 cmp=com.google.android.gms/.gcm.GcmService (has extras) } android.net.conn.CONNECTIVITY_CHANGE
03-11 15:18:52.641 D/YouTube ( 2104): apps.youtube.app.prefetch.PrefetchService$DeviceStateReceiver.onReceive:565 Got device state change intent: android.net.conn.CONNECTIVITY_CHANGE
03-11 15:18:52.651 D/YouTube ( 2104): apps.youtube.app.prefetch.PrefetchService.onStartCommand:167 PrefetchService started at 11 Mar 2014 13:18:52 GMT
03-11 15:18:52.651 I/iu.Environment( 2712): update connectivity state; isNetworkMetered? true, isRoaming? false, isBackgroundDataAllowed? true
03-11 15:18:52.651 D/YouTube ( 2104): apps.youtube.app.prefetch.PrefetchService.p_:245 Download snapshot restored
03-11 15:18:52.651 I/widget.provider( 2766): com.devhd.feedly.widget.FeedlyWidgetProvider onReceive: android.net.conn.CONNECTIVITY_CHANGE
03-11 15:18:52.651 D/YouTube ( 2104): apps.youtube.app.prefetch.PrefetchService.onDestroy:215 PrefetchService destroyed at 11 Mar 2014 13:18:52 GMT
03-11 15:18:52.661 I/ActivityManager(  769): Killing 2526:org.thoughtcrime.securesms/u0a84 (adj 15): empty #17
03-11 15:18:52.681 D/dalvikvm( 2863): GC_CONCURRENT freed 122K, 1% free 17278K/17436K, paused 3ms+2ms, total 15ms
03-11 15:18:52.721 D/dalvikvm(  769): GC_EXPLICIT freed 466K, 10% free 24205K/26804K, paused 2ms+4ms, total 60ms
03-11 15:18:52.741 D/dalvikvm( 2800): GC_FOR_ALLOC freed 220K, 3% free 17186K/17552K, paused 16ms, total 16ms
03-11 15:18:52.751 D/dalvikvm( 2800): GC_FOR_ALLOC freed <1K, 3% free 17330K/17700K, paused 10ms, total 10ms
03-11 15:18:52.751 D/dalvikvm( 2337): GC_CONCURRENT freed 381K, 3% free 17491K/17904K, paused 1ms+1ms, total 13ms
03-11 15:18:52.751 D/dalvikvm( 2337): WAIT_FOR_CONCURRENT_GC blocked 4ms
03-11 15:18:52.761 D/dalvikvm( 2800): GC_FOR_ALLOC freed 6K, 3% free 17468K/17848K, paused 11ms, total 11ms
03-11 15:18:52.781 D/dalvikvm( 2800): GC_FOR_ALLOC freed 11K, 3% free 17631K/17996K, paused 12ms, total 12ms
03-11 15:18:52.791 D/dalvikvm( 2800): GC_FOR_ALLOC freed 4K, 3% free 17771K/18144K, paused 10ms, total 10ms
03-11 15:18:52.801 D/dalvikvm( 2800): GC_FOR_ALLOC freed 7K, 3% free 17911K/18292K, paused 11ms, total 11ms
03-11 15:18:52.811 D/dalvikvm( 2800): GC_FOR_ALLOC freed 3K, 3% free 18054K/18440K, paused 8ms, total 8ms
03-11 15:18:52.821 D/dalvikvm( 2800): GC_FOR_ALLOC freed 1K, 3% free 18199K/18588K, paused 9ms, total 9ms
03-11 15:18:52.821 D/dalvikvm( 1006): GC_CONCURRENT freed 419K, 3% free 17168K/17628K, paused 2ms+1ms, total 12ms
03-11 15:18:52.821 I/ActivityManager(  769): Delay finish: com.google.android.talk/com.google.android.apps.babel.realtimechat.MessagesAvailableReceiver
03-11 15:18:52.831 D/dalvikvm( 2800): GC_FOR_ALLOC freed 7K, 3% free 18351K/18736K, paused 10ms, total 10ms
03-11 15:18:52.841 D/dalvikvm( 2800): GC_FOR_ALLOC freed <1K, 3% free 18495K/18884K, paused 9ms, total 9ms
03-11 15:18:52.851 D/dalvikvm( 2800): GC_FOR_ALLOC freed <1K, 3% free 18639K/19032K, paused 8ms, total 8ms
03-11 15:18:52.861 D/dalvikvm( 2800): GC_FOR_ALLOC freed 2K, 3% free 18781K/19180K, paused 11ms, total 11ms
03-11 15:18:52.871 D/dalvikvm( 2800): GC_FOR_ALLOC freed 1K, 3% free 19072K/19476K, paused 10ms, total 10ms
03-11 15:18:52.881 D/dalvikvm( 2800): GC_FOR_ALLOC freed 0K, 3% free 19361K/19772K, paused 10ms, total 10ms
03-11 15:18:52.891 D/dalvikvm( 2800): GC_FOR_ALLOC freed <1K, 3% free 19794K/20216K, paused 10ms, total 10ms
03-11 15:18:52.901 I/ActivityManager(  769): Resuming delayed broadcast
03-11 15:18:52.911 D/dalvikvm( 2800): GC_FOR_ALLOC freed 3K, 3% free 20372K/20808K, paused 10ms, total 10ms
03-11 15:18:52.921 D/dalvikvm( 2863): GC_CONCURRENT freed 109K, 1% free 17573K/17720K, paused 3ms+4ms, total 20ms
03-11 15:18:52.921 D/dalvikvm( 2800): GC_FOR_ALLOC freed <1K, 3% free 21093K/21548K, paused 8ms, total 8ms
03-11 15:18:52.921 I/ActivityManager(  769): Delay finish: com.google.android.talk/com.google.android.apps.babel.realtimechat.MessagesAvailableReceiver
03-11 15:18:52.981 D/dalvikvm(  769): GC_FOR_ALLOC freed 137K, 8% free 24737K/26804K, paused 39ms, total 39ms
03-11 15:18:52.981 I/dalvikvm-heap(  769): Grow heap (frag case) to 24.333MB for 147472-byte allocation
03-11 15:18:53.021 D/dalvikvm(  769): GC_FOR_ALLOC freed 6K, 8% free 24874K/26952K, paused 38ms, total 38ms
03-11 15:18:53.101 D/dalvikvm(  769): GC_FOR_ALLOC freed 49K, 8% free 24861K/26952K, paused 38ms, total 38ms
03-11 15:18:53.101 I/dalvikvm-heap(  769): Grow heap (frag case) to 24.455MB for 147472-byte allocation
03-11 15:18:53.131 D/dalvikvm(  769): GC_FOR_ALLOC freed 0K, 8% free 25005K/27100K, paused 36ms, total 36ms
03-11 15:18:53.131 D/ConnectivityService(  769): handleInetConditionHoldEnd: net=0, condition=100, published condition=100
03-11 15:18:53.181 D/dalvikvm(  769): GC_FOR_ALLOC freed 1K, 8% free 25008K/27100K, paused 45ms, total 45ms
03-11 15:18:53.181 I/dalvikvm-heap(  769): Grow heap (frag case) to 24.598MB for 147472-byte allocation
03-11 15:18:53.221 D/dalvikvm(  769): GC_FOR_ALLOC freed 0K, 8% free 25152K/27248K, paused 38ms, total 38ms
03-11 15:18:53.261 D/dalvikvm(  769): GC_FOR_ALLOC freed 1K, 8% free 25155K/27248K, paused 37ms, total 37ms
03-11 15:18:53.261 I/dalvikvm-heap(  769): Grow heap (frag case) to 24.742MB for 147472-byte allocation
03-11 15:18:53.291 D/dalvikvm(  769): GC_FOR_ALLOC freed <1K, 8% free 25299K/27396K, paused 38ms, total 38ms
03-11 15:18:53.331 D/dalvikvm(  769): GC_FOR_ALLOC freed 2K, 8% free 25300K/27396K, paused 39ms, total 39ms
03-11 15:18:53.331 I/dalvikvm-heap(  769): Grow heap (frag case) to 24.883MB for 147472-byte allocation
03-11 15:18:53.381 D/dalvikvm(  769): GC_FOR_ALLOC freed <1K, 8% free 25444K/27544K, paused 44ms, total 44ms
03-11 15:18:53.421 I/ActivityManager(  769): Resuming delayed broadcast
03-11 15:18:53.421 E/RemoteViewsAdapter( 1065): Error in updateNotifyDataSetChanged(): null
03-11 15:18:53.451 I/ActivityManager(  769): Killing 2577:com.qualcomm.timeservice/u0a68 (adj 15): empty #17
03-11 15:18:53.571 D/dalvikvm( 1193): GC_EXPLICIT freed 161K, 4% free 17332K/17924K, paused 1ms+2ms, total 16ms
03-11 15:18:54.031 I/ActivityManager(  769): Killing 1999:com.google.android.keep/u0a52 (adj 15): empty #17
03-11 15:18:54.121 D/AlertService( 2222): Beginning updateAlertNotification
03-11 15:18:54.131 D/AlertService( 2222): No fired or scheduled alerts
03-11 15:18:54.151 D/AlertService( 2222): Scheduling next alarm with AlarmScheduler. sEventReminderReceived: null
03-11 15:18:54.161 D/AlarmScheduler( 2222): Query result count for events starting within 1 week: 3
03-11 15:18:54.171 D/AlertService( 2222): 0 Action = android.intent.action.PROVIDER_CHANGED
03-11 15:18:54.411 I/Icing   ( 1006): Indexing 667B6FACEE5159635D04097E2A71E1797FB1DEAB from com.google.android.googlequicksearchbox
03-11 15:18:54.431 W/ContextImpl( 2599): Implicit intents with startService are not safe: Intent { act=com.google.android.music.NETWORK_MONITOR_SERVICE } android.content.ContextWrapper.bindService:517 com.google.android.music.utils.SafeServiceConnection$ServiceConnectionImp.bindService:98 com.google.android.music.utils.SafeServiceConnection.bindService:259 
03-11 15:18:54.431 W/ContextImpl( 2599): Implicit intents with startService are not safe: Intent { act=com.google.android.music.NETWORK_MONITOR_SERVICE } android.content.ContextWrapper.bindService:517 com.google.android.music.utils.SafeServiceConnection$ServiceConnectionImp.bindService:98 com.google.android.music.utils.SafeServiceConnection.bindService:259 
03-11 15:18:54.461 D/CacheService( 2599): onCreate
03-11 15:18:54.481 D/CacheService( 2599): onBind
03-11 15:18:54.531 I/MusicLeanback( 2599): Conditions not met for autocaching.
03-11 15:18:54.531 I/MusicLeanback( 2599): Stop autocaching.
03-11 15:18:54.541 D/CacheService( 2599): onDestroy
03-11 15:18:54.571 I/Icing   ( 1006): Indexing done 667B6FACEE5159635D04097E2A71E1797FB1DEAB
03-11 15:18:54.701 D/dalvikvm( 2739): GC_CONCURRENT freed 826K, 4% free 20779K/21640K, paused 2ms+3ms, total 37ms
03-11 15:18:54.771 W/fb4a(:<default>):UserScope( 2739): Called user scoped provider with no viewer. ViewerContextManager was created with no ViewerContext. Using EmptyViewerContextManager to return fake logged in instance.
03-11 15:18:54.771 W/fb4a(:<default>):UserScope( 2739): Called user scoped provider with no viewer. ViewerContextManager was created with no ViewerContext. Using EmptyViewerContextManager to return fake logged in instance.
03-11 15:18:54.901 E/fb4a(:<default>):LocalFbBroadcastManager( 2739): Called registerBroadcastReceiver twice.
03-11 15:18:55.001 D/dalvikvm( 2739): GC_CONCURRENT freed 931K, 5% free 21126K/22092K, paused 3ms+2ms, total 39ms
03-11 15:18:55.021 W/GAV2    ( 2672): Thread[GAThread,5,main]: Service unavailable (code=1), will retry.
03-11 15:18:55.021 I/GAV2    ( 2672): Thread[GAThread,5,main]: No campaign data found.
03-11 15:18:55.021 W/ActivityManager(  769): Unable to start service Intent { act=com.google.android.gms.analytics.service.START cmp=com.google.android.gms/.analytics.service.AnalyticsService (has extras) } U=0: not found
03-11 15:18:55.391 W/GAV2    ( 2712): Thread[GAThread,5,main]: Service unavailable (code=1), will retry.
03-11 15:18:55.391 W/ActivityManager(  769): Unable to start service Intent { act=com.google.android.gms.analytics.service.START cmp=com.google.android.gms/.analytics.service.AnalyticsService (has extras) } U=0: not found
03-11 15:18:55.391 I/GAV2    ( 2712): Thread[GAThread,5,main]: No campaign data found.
03-11 15:18:56.351 W/GAV2    ( 2337): Thread[Service Reconnect,5,main]: Service unavailable (code=1), using local store.
03-11 15:18:56.351 W/ActivityManager(  769): Unable to start service Intent { act=com.google.android.gms.analytics.service.START cmp=com.google.android.gms/.analytics.service.AnalyticsService (has extras) } U=0: not found
03-11 15:18:56.951 V/QcrilMsgTunnelSocket( 1766): After reading offset = 0 remaining = 4 countRead = 4
03-11 15:18:56.951 D/QcrilMsgTunnelSocket( 1766): messageLength extracted from first 4 inputStream reads = 29
03-11 15:18:56.951 V/QcrilMsgTunnelSocket( 1766): offset = 0 remaining = 29 countRead = 0
03-11 15:18:56.951 V/QcrilMsgTunnelSocket( 1766): offset = 0 remaining = 29 countRead = 29
03-11 15:18:56.951 D/QcrilMsgTunnelSocket( 1766): readRilMessage: Buffer = [B@428ccc38 HexData = [0100000004040000110000005155414c434f4d4def0308000100000002]
03-11 15:18:56.951 V/QcrilMsgTunnelSocket( 1766): Read packet: 29 bytes. Data Available = 32 Position = 0
03-11 15:18:56.951 D/QcrilMsgTunnelSocket( 1766): processResponse. message type = 1. Data Available = 28
03-11 15:18:56.951 D/QcrilMsgTunnelSocket( 1766): ByteArray from parcel = 5155414c434f4d4def0308000100000002
03-11 15:18:56.951 D/QcrilMsgTunnelSocket( 1766): Received RIL_UNSOL_OEM_HOOK_RAW message
03-11 15:18:56.951 D/QcrilMsgTunnelSocket( 1766): Oem ID in RIL_UNSOL_OEM_HOOK_RAW is QUALCOMM
03-11 15:18:56.951 D/QcrilMsgTunnelSocket( 1766): OEM ID check Passed
03-11 15:18:56.951 D/QcrilMsgTunnelSocket( 1766): Response ID in RIL_UNSOL_OEM_HOOK_RAW is 525295
03-11 15:18:56.951 D/QcrilMsgTunnelSocket( 1766): Response ID 525295is not served in this process.
03-11 15:18:56.951 D/QcrilMsgTunnelSocket( 1766): To broadcast an Intent via the notifier to external apps
03-11 15:18:56.951 V/QcrilMsgTunnelSocket( 1766): Before reading offset = 0 remaining = 4 countRead = 0
03-11 15:18:56.951 D/QcrilMsgTunnelIfaceManager( 1766): handleMessage what=0
03-11 15:18:56.951 D/QcrilMsgTunnelIfaceManager( 1766): Broadcasting intent ACTION_UNSOL_RESPONSE_OEM_HOOK_RAW
03-11 15:18:56.961 D/MobileDataStateTracker(  769): default: Broadcast received: android.intent.action.ANY_DATA_STATE apnType=default
03-11 15:18:56.971 D/MobileDataStateTracker(  769): default: Received state=CONNECTED, old=CONNECTED, reason=(unspecified)
03-11 15:18:57.801 V/QcrilMsgTunnelSocket( 1766): After reading offset = 0 remaining = 4 countRead = 4
