03-11 15:18:57.801 D/QcrilMsgTunnelSocket( 1766): messageLength extracted from first 4 inputStream reads = 29
03-11 15:18:57.801 V/QcrilMsgTunnelSocket( 1766): offset = 0 remaining = 29 countRead = 0
03-11 15:18:57.831 V/QcrilMsgTunnelSocket( 1766): offset = 0 remaining = 29 countRead = 29
03-11 15:18:57.831 D/QcrilMsgTunnelSocket( 1766): readRilMessage: Buffer = [B@428ccc38 HexData = [0100000004040000110000005155414c434f4d4def0308000100000002]
03-11 15:18:57.831 V/QcrilMsgTunnelSocket( 1766): Read packet: 29 bytes. Data Available = 32 Position = 0
03-11 15:18:57.831 D/QcrilMsgTunnelSocket( 1766): processResponse. message type = 1. Data Available = 28
03-11 15:18:57.831 D/QcrilMsgTunnelSocket( 1766): ByteArray from parcel = 5155414c434f4d4def0308000100000002
03-11 15:18:57.831 D/QcrilMsgTunnelSocket( 1766): Received RIL_UNSOL_OEM_HOOK_RAW message
03-11 15:18:57.831 D/QcrilMsgTunnelSocket( 1766): Oem ID in RIL_UNSOL_OEM_HOOK_RAW is QUALCOMM
03-11 15:18:57.831 D/QcrilMsgTunnelSocket( 1766): OEM ID check Passed
03-11 15:18:57.831 D/QcrilMsgTunnelSocket( 1766): Response ID in RIL_UNSOL_OEM_HOOK_RAW is 525295
03-11 15:18:57.831 D/QcrilMsgTunnelSocket( 1766): Response ID 525295is not served in this process.
03-11 15:18:57.831 D/QcrilMsgTunnelSocket( 1766): To broadcast an Intent via the notifier to external apps
03-11 15:18:57.831 V/QcrilMsgTunnelSocket( 1766): Before reading offset = 0 remaining = 4 countRead = 0
03-11 15:18:57.831 D/QcrilMsgTunnelIfaceManager( 1766): handleMessage what=0
03-11 15:18:57.831 D/QcrilMsgTunnelIfaceManager( 1766): Broadcasting intent ACTION_UNSOL_RESPONSE_OEM_HOOK_RAW
03-11 15:18:59.171 D/AlertService( 2222): Beginning updateAlertNotification
03-11 15:18:59.211 D/AlertService( 2222): No fired or scheduled alerts
03-11 15:18:59.231 D/AlertService( 2222): Scheduling next alarm with AlarmScheduler. sEventReminderReceived: null
03-11 15:18:59.241 D/AlarmScheduler( 2222): Query result count for events starting within 1 week: 3
03-11 15:18:59.971 I/InputReader(  769): Reconfiguring input devices.  changes=0x00000010
03-11 15:18:59.971 I/PackageManager(  769):   Action: "android.intent.action.SENDTO"
03-11 15:18:59.971 I/PackageManager(  769):   Category: "android.intent.category.DEFAULT"
03-11 15:18:59.971 I/PackageManager(  769):   Scheme: "sms"
03-11 15:18:59.971 I/PackageManager(  769): Adding preferred activity ComponentInfo{org.thoughtcrime.securesms/org.thoughtcrime.securesms.RoutingActivity} for user 0 :
03-11 15:19:00.001 I/PackageManager(  769):   Action: "android.intent.action.SENDTO"
03-11 15:19:00.001 I/PackageManager(  769):   Category: "android.intent.category.DEFAULT"
03-11 15:19:00.001 I/PackageManager(  769):   Scheme: "smsto"
03-11 15:19:00.001 D/dalvikvm( 2863): GC_CONCURRENT freed 384K, 3% free 17576K/17996K, paused 2ms+8ms, total 31ms
03-11 15:19:00.001 I/PackageManager(  769): Adding preferred activity ComponentInfo{org.thoughtcrime.securesms/org.thoughtcrime.securesms.RoutingActivity} for user 0 :
03-11 15:19:00.011 D/Launcher.Model( 1065): 11683562 - loadWorkspaceScreensDb()
03-11 15:19:00.011 D/Launcher.Model( 1065): 11683562 -   screens: { 0: 0 }
03-11 15:19:00.011 D/Launcher.Model( 1065): 11683562 - updateWorkspaceScreenOrder()
03-11 15:19:00.011 D/Launcher.Model( 1065): 11683562 -   screens: 0
03-11 15:19:00.031 I/PackageManager(  769):   Action: "android.intent.action.SENDTO"
03-11 15:19:00.031 I/PackageManager(  769):   Category: "android.intent.category.DEFAULT"
03-11 15:19:00.031 I/PackageManager(  769):   Scheme: "mms"
03-11 15:19:00.031 D/PackageBroadcastService( 1006): Received broadcast action=android.intent.action.PACKAGE_CHANGED and uri=com.android.stk
03-11 15:19:00.031 W/GAV2    ( 2672): Thread[Service Reconnect,5,main]: Service unavailable (code=1), using local store.
03-11 15:19:00.031 W/ActivityManager(  769): Unable to start service Intent { act=com.google.android.gms.analytics.service.START cmp=com.google.android.gms/.analytics.service.AnalyticsService (has extras) } U=0: not found
03-11 15:19:00.031 I/PackageManager(  769): Adding preferred activity ComponentInfo{org.thoughtcrime.securesms/org.thoughtcrime.securesms.RoutingActivity} for user 0 :
03-11 15:19:00.051 I/PackageManager(  769):   Action: "android.intent.action.SENDTO"
03-11 15:19:00.051 I/PackageManager(  769):   Category: "android.intent.category.DEFAULT"
03-11 15:19:00.051 I/PackageManager(  769):   Scheme: "mmsto"
03-11 15:19:00.051 I/ActivityManager(  769): Waited long enough for: ServiceRecord{42ec1b40 u0 com.google.android.calendar/com.android.calendar.alerts.InitAlarmsService}
03-11 15:19:00.051 I/PackageManager(  769): Adding preferred activity ComponentInfo{org.thoughtcrime.securesms/org.thoughtcrime.securesms.RoutingActivity} for user 0 :
03-11 15:19:00.081 I/PeopleContactsSync( 1006): CP2 sync disabled
03-11 15:19:00.081 I/PackageManager(  769):   Action: "android.intent.action.SENDTO"
03-11 15:19:00.081 I/PackageManager(  769):   Category: "android.intent.category.DEFAULT"
03-11 15:19:00.081 I/PackageManager(  769):   Scheme: "sms"
03-11 15:19:00.081 I/PackageManager(  769): Adding preferred activity ComponentInfo{org.thoughtcrime.securesms/org.thoughtcrime.securesms.RoutingActivity} for user 0 :
03-11 15:19:00.101 D/Launcher( 1065): 11683562 - bindAddScreens()
03-11 15:19:00.101 D/Launcher( 1065): 11683562 -   orderedScreenIds: 
03-11 15:19:00.101 D/Launcher.Workspace( 1065): 11683562 - removeExtraEmptyScreen()
03-11 15:19:00.101 D/Launcher.Workspace( 1065): 11683562 - convertFinalScreenToEmptyScreenIfNecessary()
03-11 15:19:00.101 I/PackageManager(  769):   Action: "android.intent.action.SENDTO"
03-11 15:19:00.101 I/PackageManager(  769):   Category: "android.intent.category.DEFAULT"
03-11 15:19:00.101 I/PackageManager(  769):   Scheme: "smsto"
03-11 15:19:00.101 I/PackageManager(  769): Adding preferred activity ComponentInfo{org.thoughtcrime.securesms/org.thoughtcrime.securesms.RoutingActivity} for user 0 :
03-11 15:19:00.131 I/PackageManager(  769):   Action: "android.intent.action.SENDTO"
03-11 15:19:00.131 I/PackageManager(  769):   Category: "android.intent.category.DEFAULT"
03-11 15:19:00.131 I/PackageManager(  769):   Scheme: "mms"
03-11 15:19:00.131 I/PackageManager(  769): Adding preferred activity ComponentInfo{org.thoughtcrime.securesms/org.thoughtcrime.securesms.RoutingActivity} for user 0 :
03-11 15:19:00.151 I/PackageManager(  769):   Action: "android.intent.action.SENDTO"
03-11 15:19:00.151 I/PackageManager(  769):   Category: "android.intent.category.DEFAULT"
03-11 15:19:00.151 I/PackageManager(  769):   Scheme: "mmsto"
03-11 15:19:00.151 I/PackageManager(  769): Adding preferred activity ComponentInfo{org.thoughtcrime.securesms/org.thoughtcrime.securesms.RoutingActivity} for user 0 :
03-11 15:19:00.161 D/dalvikvm( 1018): GC_CONCURRENT freed 385K, 3% free 17296K/17788K, paused 1ms+1ms, total 11ms
03-11 15:19:00.181 I/Icing.InternalIcingCorporaProvider( 2863): Updating corpora: A: com.android.stk, C: MAYBE
03-11 15:19:00.181 E/AppsCustomizePagedView( 1065): Widget ComponentInfo{com.devhd.feedly/com.devhd.feedly.widget.FeedlyWidgetProvider_4_1} has invalid dimensions (0, 0)
03-11 15:19:00.201 W/Launcher( 1065): setApplicationContext called twice! old=com.google.android.velvet.VelvetApplication@428c9e40 new=com.google.android.velvet.VelvetApplication@428c9e40
03-11 15:19:00.391 W/GAV2    ( 2712): Thread[Service Reconnect,5,main]: Service unavailable (code=1), using local store.
03-11 15:19:00.391 W/ActivityManager(  769): Unable to start service Intent { act=com.google.android.gms.analytics.service.START cmp=com.google.android.gms/.analytics.service.AnalyticsService (has extras) } U=0: not found
03-11 15:19:01.241 I/ActivityManager(  769): Start proc com.onelouder.baconreader for service com.onelouder.baconreader/.CheckMessageService: pid=3022 uid=10081 gids={50081, 3003, 1028, 1015}
03-11 15:19:01.281 I/Icing   ( 1006): Indexing 667B6FACEE5159635D04097E2A71E1797FB1DEAB from com.google.android.googlequicksearchbox
03-11 15:19:01.311 I/ErrorAgent( 3022): Registering custom exceptions handler
03-11 15:19:01.331 D/ImageCache( 3022): enabled write through to /storage/emulated/0/Android/data/com.onelouder.baconreader/cache/cachefu/image_cache
03-11 15:19:01.331 D/ImageCache( 3022): sanitize DISK cache
03-11 15:19:01.341 D/dalvikvm( 1006): GC_CONCURRENT freed 382K, 3% free 17203K/17628K, paused 2ms+1ms, total 11ms
03-11 15:19:01.381 I/Icing   ( 1006): Indexing done 667B6FACEE5159635D04097E2A71E1797FB1DEAB
03-11 15:19:01.381 D/dalvikvm( 2863): GC_CONCURRENT freed 398K, 3% free 17585K/18020K, paused 1ms+1ms, total 13ms
03-11 15:19:02.961 W/Babel_RequestWriter( 2800): couldn't find byte array constructor for com.google.android.apps.babel.protocol.ServerResponse$GetChatAclSettingsResponse
03-11 15:19:02.961 W/Babel_RequestWriter( 2800): couldn't find byte array constructor for com.google.android.apps.babel.protocol.ServerResponse$SetChatAclSettingResponse
03-11 15:19:02.961 W/Babel_RequestWriter( 2800): couldn't find byte array constructor for com.google.android.apps.babel.realtimechat.GetProfileOperation$GetProfileResponse
03-11 15:19:02.961 W/Babel_RequestWriter( 2800): couldn't find byte array constructor for com.google.android.apps.babel.protocol.ServerResponse$LoadBlockedPeopleResponse
03-11 15:19:02.961 W/Babel_RequestWriter( 2800): couldn't find byte array constructor for com.google.android.apps.babel.protocol.ServerResponse$BlockUserResponse
03-11 15:19:02.961 W/Babel_RequestWriter( 2800): couldn't find byte array constructor for com.google.android.apps.babel.protocol.ServerResponse$SendSmsResponse
03-11 15:19:02.961 W/Babel_RequestWriter( 2800): couldn't find byte array constructor for com.google.android.apps.babel.protocol.ServerResponse$SendMmsResponse
03-11 15:19:02.961 W/Babel_RequestWriter( 2800): couldn't find byte array constructor for com.google.android.apps.babel.protocol.ServerResponse$RetrieveMmsResponse
03-11 15:19:03.041 W/GLSUser ( 1193): GoogleAccountDataService.getToken()
03-11 15:19:03.061 V/GLSUser ( 1193): DEBUG: loginOption to be added: androidPackageName
03-11 15:19:03.061 V/GLSUser ( 1193): DEBUG: loginOption to be added: clientPackageName
03-11 15:19:03.101 D/dalvikvm( 2800): GC_CONCURRENT freed 810K, 4% free 21645K/22488K, paused 2ms+2ms, total 17ms
03-11 15:19:03.111 D/dalvikvm( 1006): GC_EXPLICIT freed 155K, 4% free 17084K/17628K, paused 1ms+1ms, total 18ms
03-11 15:19:03.121 W/GLSUser ( 1193): GoogleAccountDataService.getToken()
03-11 15:19:03.131 V/GLSUser ( 1193): DEBUG: loginOption to be added: androidPackageName
03-11 15:19:03.131 V/GLSUser ( 1193): DEBUG: loginOption to be added: clientPackageName
03-11 15:19:03.141 D/dalvikvm( 1193): GC_CONCURRENT freed 408K, 4% free 17361K/17924K, paused 1ms+1ms, total 13ms
03-11 15:19:04.511 V/QcrilMsgTunnelSocket( 1766): After reading offset = 0 remaining = 4 countRead = 4
03-11 15:19:04.511 D/QcrilMsgTunnelSocket( 1766): messageLength extracted from first 4 inputStream reads = 29
03-11 15:19:04.511 V/QcrilMsgTunnelSocket( 1766): offset = 0 remaining = 29 countRead = 0
03-11 15:19:04.531 D/MobileDataStateTracker(  769): default: Broadcast received: android.intent.action.ANY_DATA_STATE apnType=default
03-11 15:19:04.531 D/MobileDataStateTracker(  769): default: Received state=CONNECTED, old=CONNECTED, reason=(unspecified)
03-11 15:19:04.541 V/QcrilMsgTunnelSocket( 1766): offset = 0 remaining = 29 countRead = 29
03-11 15:19:04.541 D/QcrilMsgTunnelSocket( 1766): readRilMessage: Buffer = [B@428ccc38 HexData = [0100000004040000110000005155414c434f4d4def0308000100000001]
03-11 15:19:04.541 V/QcrilMsgTunnelSocket( 1766): Read packet: 29 bytes. Data Available = 32 Position = 0
03-11 15:19:04.541 D/QcrilMsgTunnelSocket( 1766): processResponse. message type = 1. Data Available = 28
03-11 15:19:04.541 D/QcrilMsgTunnelSocket( 1766): ByteArray from parcel = 5155414c434f4d4def0308000100000001
03-11 15:19:04.541 D/QcrilMsgTunnelSocket( 1766): Received RIL_UNSOL_OEM_HOOK_RAW message
03-11 15:19:04.541 D/QcrilMsgTunnelSocket( 1766): Oem ID in RIL_UNSOL_OEM_HOOK_RAW is QUALCOMM
03-11 15:19:04.541 D/QcrilMsgTunnelSocket( 1766): OEM ID check Passed
03-11 15:19:04.541 D/QcrilMsgTunnelSocket( 1766): Response ID in RIL_UNSOL_OEM_HOOK_RAW is 525295
03-11 15:19:04.541 D/QcrilMsgTunnelSocket( 1766): Response ID 525295is not served in this process.
03-11 15:19:04.541 D/QcrilMsgTunnelSocket( 1766): To broadcast an Intent via the notifier to external apps
03-11 15:19:04.541 V/QcrilMsgTunnelSocket( 1766): Before reading offset = 0 remaining = 4 countRead = 0
03-11 15:19:04.541 D/QcrilMsgTunnelIfaceManager( 1766): handleMessage what=0
03-11 15:19:04.541 D/QcrilMsgTunnelIfaceManager( 1766): Broadcasting intent ACTION_UNSOL_RESPONSE_OEM_HOOK_RAW
03-11 15:19:04.961 D/dalvikvm( 1193): GC_CONCURRENT freed 461K, 4% free 17367K/17928K, paused 1ms+1ms, total 11ms
03-11 15:19:05.061 W/GLSUser ( 1193): [ank][ank] Permission for com.google.android.talk to access oauth2:https://www.googleapis.com/auth/chat https://www.googleapis.com/auth/plus.me https://www.googleapis.com/auth/hangouts https://www.googleapis.com/auth/chat.native will be managed locally.
03-11 15:19:05.101 W/GLSUser ( 1193): [ank][ank] Permission for com.google.android.talk to access oauth2:https://www.googleapis.com/auth/chat https://www.googleapis.com/auth/plus.me https://www.googleapis.com/auth/hangouts https://www.googleapis.com/auth/chat.native will be managed locally.
03-11 15:19:06.091 D/dalvikvm( 2800): GC_CONCURRENT freed 1266K, 6% free 21934K/23212K, paused 2ms+4ms, total 23ms
03-11 15:19:06.371 I/Babel   ( 2800): Account selfinfo retrieved: Redacted-28
03-11 15:19:06.371 I/Babel   ( 2800): Retrieved account setting:Redacted-28
03-11 15:19:07.221 V/QcrilMsgTunnelSocket( 1766): After reading offset = 0 remaining = 4 countRead = 4
03-11 15:19:07.221 D/QcrilMsgTunnelSocket( 1766): messageLength extracted from first 4 inputStream reads = 29
03-11 15:19:07.221 V/QcrilMsgTunnelSocket( 1766): offset = 0 remaining = 29 countRead = 0
03-11 15:19:07.231 V/QcrilMsgTunnelSocket( 1766): offset = 0 remaining = 29 countRead = 29
03-11 15:19:07.241 D/QcrilMsgTunnelSocket( 1766): readRilMessage: Buffer = [B@428ccc38 HexData = [0100000004040000110000005155414c434f4d4def0308000100000002]
03-11 15:19:07.241 V/QcrilMsgTunnelSocket( 1766): Read packet: 29 bytes. Data Available = 32 Position = 0
03-11 15:19:07.241 D/QcrilMsgTunnelSocket( 1766): processResponse. message type = 1. Data Available = 28
03-11 15:19:07.241 D/QcrilMsgTunnelSocket( 1766): ByteArray from parcel = 5155414c434f4d4def0308000100000002
03-11 15:19:07.241 D/QcrilMsgTunnelSocket( 1766): Received RIL_UNSOL_OEM_HOOK_RAW message
03-11 15:19:07.241 D/QcrilMsgTunnelSocket( 1766): Oem ID in RIL_UNSOL_OEM_HOOK_RAW is QUALCOMM
03-11 15:19:07.241 D/QcrilMsgTunnelSocket( 1766): OEM ID check Passed
03-11 15:19:07.241 D/QcrilMsgTunnelSocket( 1766): Response ID in RIL_UNSOL_OEM_HOOK_RAW is 525295
03-11 15:19:07.241 D/QcrilMsgTunnelSocket( 1766): Response ID 525295is not served in this process.
03-11 15:19:07.241 D/QcrilMsgTunnelSocket( 1766): To broadcast an Intent via the notifier to external apps
03-11 15:19:07.241 D/QcrilMsgTunnelIfaceManager( 1766): handleMessage what=0
03-11 15:19:07.241 D/QcrilMsgTunnelIfaceManager( 1766): Broadcasting intent ACTION_UNSOL_RESPONSE_OEM_HOOK_RAW
03-11 15:19:07.241 V/QcrilMsgTunnelSocket( 1766): Before reading offset = 0 remaining = 4 countRead = 0
03-11 15:19:10.721 V/QcrilMsgTunnelSocket( 1766): After reading offset = 0 remaining = 4 countRead = 4
03-11 15:19:10.721 D/QcrilMsgTunnelSocket( 1766): messageLength extracted from first 4 inputStream reads = 29
03-11 15:19:10.721 V/QcrilMsgTunnelSocket( 1766): offset = 0 remaining = 29 countRead = 0
03-11 15:19:10.772 D/MobileDataStateTracker(  769): default: Broadcast received: android.intent.action.ANY_DATA_STATE apnType=default
03-11 15:19:10.772 D/MobileDataStateTracker(  769): default: Received state=CONNECTED, old=CONNECTED, reason=(unspecified)
03-11 15:19:10.821 D/dalvikvm( 1018): GC_CONCURRENT freed 415K, 3% free 17350K/17788K, paused 1ms+14ms, total 60ms
03-11 15:19:10.821 V/QcrilMsgTunnelSocket( 1766): offset = 0 remaining = 29 countRead = 29
03-11 15:19:10.821 D/QcrilMsgTunnelSocket( 1766): readRilMessage: Buffer = [B@428ccc38 HexData = [0100000004040000110000005155414c434f4d4def0308000100000002]
03-11 15:19:10.821 V/QcrilMsgTunnelSocket( 1766): Read packet: 29 bytes. Data Available = 32 Position = 0
03-11 15:19:10.821 D/QcrilMsgTunnelSocket( 1766): processResponse. message type = 1. Data Available = 28
03-11 15:19:10.821 D/QcrilMsgTunnelSocket( 1766): ByteArray from parcel = 5155414c434f4d4def0308000100000002
03-11 15:19:10.821 D/QcrilMsgTunnelSocket( 1766): Received RIL_UNSOL_OEM_HOOK_RAW message
03-11 15:19:10.821 D/QcrilMsgTunnelSocket( 1766): Oem ID in RIL_UNSOL_OEM_HOOK_RAW is QUALCOMM
03-11 15:19:10.821 D/QcrilMsgTunnelSocket( 1766): OEM ID check Passed
03-11 15:19:10.821 D/QcrilMsgTunnelSocket( 1766): Response ID in RIL_UNSOL_OEM_HOOK_RAW is 525295
03-11 15:19:10.821 D/QcrilMsgTunnelSocket( 1766): Response ID 525295is not served in this process.
03-11 15:19:10.821 D/QcrilMsgTunnelSocket( 1766): To broadcast an Intent via the notifier to external apps
03-11 15:19:10.821 V/QcrilMsgTunnelSocket( 1766): Before reading offset = 0 remaining = 4 countRead = 0
03-11 15:19:10.821 V/QcrilMsgTunnelSocket( 1766): After reading offset = 0 remaining = 4 countRead = 4
03-11 15:19:10.821 D/QcrilMsgTunnelSocket( 1766): messageLength extracted from first 4 inputStream reads = 29
03-11 15:19:10.821 V/QcrilMsgTunnelSocket( 1766): offset = 0 remaining = 29 countRead = 0
03-11 15:19:10.821 D/QcrilMsgTunnelIfaceManager( 1766): handleMessage what=0
03-11 15:19:10.821 D/QcrilMsgTunnelIfaceManager( 1766): Broadcasting intent ACTION_UNSOL_RESPONSE_OEM_HOOK_RAW
03-11 15:19:10.821 V/QcrilMsgTunnelSocket( 1766): offset = 0 remaining = 29 countRead = 29
03-11 15:19:10.821 D/QcrilMsgTunnelSocket( 1766): readRilMessage: Buffer = [B@428ccc38 HexData = [0100000004040000110000005155414c434f4d4def0308000100000002]
03-11 15:19:10.821 V/QcrilMsgTunnelSocket( 1766): Read packet: 29 bytes. Data Available = 32 Position = 0
03-11 15:19:10.821 D/QcrilMsgTunnelSocket( 1766): processResponse. message type = 1. Data Available = 28
03-11 15:19:10.821 D/QcrilMsgTunnelSocket( 1766): ByteArray from parcel = 5155414c434f4d4def0308000100000002
03-11 15:19:10.821 D/QcrilMsgTunnelSocket( 1766): Received RIL_UNSOL_OEM_HOOK_RAW message
03-11 15:19:10.821 D/QcrilMsgTunnelSocket( 1766): Oem ID in RIL_UNSOL_OEM_HOOK_RAW is QUALCOMM
03-11 15:19:10.821 D/QcrilMsgTunnelSocket( 1766): OEM ID check Passed
03-11 15:19:10.821 D/QcrilMsgTunnelSocket( 1766): Response ID in RIL_UNSOL_OEM_HOOK_RAW is 525295
03-11 15:19:10.821 D/QcrilMsgTunnelSocket( 1766): Response ID 525295is not served in this process.
03-11 15:19:10.821 D/QcrilMsgTunnelSocket( 1766): To broadcast an Intent via the notifier to external apps
03-11 15:19:10.821 V/QcrilMsgTunnelSocket( 1766): Before reading offset = 0 remaining = 4 countRead = 0
03-11 15:19:10.821 D/QcrilMsgTunnelIfaceManager( 1766): handleMessage what=0
03-11 15:19:10.821 D/QcrilMsgTunnelIfaceManager( 1766): Broadcasting intent ACTION_UNSOL_RESPONSE_OEM_HOOK_RAW
03-11 15:19:11.071 V/QcrilMsgTunnelSocket( 1766): After reading offset = 0 remaining = 4 countRead = 4
03-11 15:19:11.071 D/QcrilMsgTunnelSocket( 1766): messageLength extracted from first 4 inputStream reads = 29
03-11 15:19:11.071 V/QcrilMsgTunnelSocket( 1766): offset = 0 remaining = 29 countRead = 0
03-11 15:19:11.071 V/QcrilMsgTunnelSocket( 1766): offset = 0 remaining = 29 countRead = 29
03-11 15:19:11.071 D/QcrilMsgTunnelSocket( 1766): readRilMessage: Buffer = [B@428ccc38 HexData = [0100000004040000110000005155414c434f4d4def0308000100000002]
03-11 15:19:11.071 V/QcrilMsgTunnelSocket( 1766): Read packet: 29 bytes. Data Available = 32 Position = 0
03-11 15:19:11.071 D/QcrilMsgTunnelSocket( 1766): processResponse. message type = 1. Data Available = 28
03-11 15:19:11.071 D/QcrilMsgTunnelSocket( 1766): ByteArray from parcel = 5155414c434f4d4def0308000100000002
03-11 15:19:11.071 D/QcrilMsgTunnelSocket( 1766): Received RIL_UNSOL_OEM_HOOK_RAW message
03-11 15:19:11.071 D/QcrilMsgTunnelSocket( 1766): Oem ID in RIL_UNSOL_OEM_HOOK_RAW is QUALCOMM
03-11 15:19:11.071 D/QcrilMsgTunnelSocket( 1766): OEM ID check Passed
03-11 15:19:11.071 D/QcrilMsgTunnelSocket( 1766): Response ID in RIL_UNSOL_OEM_HOOK_RAW is 525295
03-11 15:19:11.071 D/QcrilMsgTunnelSocket( 1766): Response ID 525295is not served in this process.
03-11 15:19:11.071 D/QcrilMsgTunnelSocket( 1766): To broadcast an Intent via the notifier to external apps
03-11 15:19:11.071 V/QcrilMsgTunnelSocket( 1766): Before reading offset = 0 remaining = 4 countRead = 0
03-11 15:19:11.071 D/QcrilMsgTunnelIfaceManager( 1766): handleMessage what=0
03-11 15:19:11.071 D/QcrilMsgTunnelIfaceManager( 1766): Broadcasting intent ACTION_UNSOL_RESPONSE_OEM_HOOK_RAW
03-11 15:19:14.261 W/GLSUser ( 1193): GoogleAccountDataService.getToken()
03-11 15:19:15.011 V/QcrilMsgTunnelSocket( 1766): After reading offset = 0 remaining = 4 countRead = 4
03-11 15:19:15.011 D/QcrilMsgTunnelSocket( 1766): messageLength extracted from first 4 inputStream reads = 29
03-11 15:19:15.041 D/MobileDataStateTracker(  769): default: Broadcast received: android.intent.action.ANY_DATA_STATE apnType=default
03-11 15:19:15.051 D/MobileDataStateTracker(  769): default: Received state=CONNECTED, old=CONNECTED, reason=(unspecified)
03-11 15:19:15.061 D/InitAlarmsService( 2222): Clearing and rescheduling alarms.
03-11 15:19:15.071 V/QcrilMsgTunnelSocket( 1766): offset = 0 remaining = 29 countRead = 0
03-11 15:19:15.081 V/QcrilMsgTunnelSocket( 1766): offset = 0 remaining = 29 countRead = 29
03-11 15:19:15.081 D/QcrilMsgTunnelSocket( 1766): readRilMessage: Buffer = [B@428ccc38 HexData = [0100000004040000110000005155414c434f4d4def0308000100000002]
03-11 15:19:15.081 V/QcrilMsgTunnelSocket( 1766): Read packet: 29 bytes. Data Available = 32 Position = 0
03-11 15:19:15.081 D/QcrilMsgTunnelSocket( 1766): processResponse. message type = 1. Data Available = 28
03-11 15:19:15.081 D/QcrilMsgTunnelSocket( 1766): ByteArray from parcel = 5155414c434f4d4def0308000100000002
03-11 15:19:15.081 D/QcrilMsgTunnelSocket( 1766): Received RIL_UNSOL_OEM_HOOK_RAW message
03-11 15:19:15.081 D/QcrilMsgTunnelSocket( 1766): Oem ID in RIL_UNSOL_OEM_HOOK_RAW is QUALCOMM
03-11 15:19:15.081 D/QcrilMsgTunnelSocket( 1766): OEM ID check Passed
03-11 15:19:15.081 D/QcrilMsgTunnelSocket( 1766): Response ID in RIL_UNSOL_OEM_HOOK_RAW is 525295
03-11 15:19:15.081 D/QcrilMsgTunnelSocket( 1766): Response ID 525295is not served in this process.
03-11 15:19:15.081 D/QcrilMsgTunnelSocket( 1766): To broadcast an Intent via the notifier to external apps
03-11 15:19:15.081 V/QcrilMsgTunnelSocket( 1766): Before reading offset = 0 remaining = 4 countRead = 0
03-11 15:19:15.101 D/QcrilMsgTunnelIfaceManager( 1766): handleMessage what=0
03-11 15:19:15.101 D/QcrilMsgTunnelIfaceManager( 1766): Broadcasting intent ACTION_UNSOL_RESPONSE_OEM_HOOK_RAW
03-11 15:19:15.101 D/dalvikvm(  769): GC_FOR_ALLOC freed 3002K, 13% free 24298K/27676K, paused 52ms, total 53ms
03-11 15:19:15.651 I/qtaguid ( 2024): Failed write_ctrl(u 53) res=-1 errno=22
03-11 15:19:15.651 I/qtaguid ( 2024): Untagging socket 53 failed errno=-22
03-11 15:19:15.651 W/NetworkManagementSocketTagger( 2024): untagSocket(53) failed with errno -22
03-11 15:19:15.811 D/dalvikvm( 2024): GC_CONCURRENT freed 244K, 2% free 17616K/17896K, paused 2ms+0ms, total 12ms
03-11 15:19:15.861 D/dalvikvm( 2024): GC_CONCURRENT freed 117K, 1% free 17894K/18060K, paused 2ms+2ms, total 14ms
03-11 15:19:15.901 D/dalvikvm( 2024): GC_CONCURRENT freed 155K, 2% free 18226K/18436K, paused 2ms+2ms, total 18ms
03-11 15:19:15.921 D/dalvikvm( 2024): GC_FOR_ALLOC freed 237K, 2% free 18348K/18696K, paused 12ms, total 12ms
03-11 15:19:15.941 D/dalvikvm( 2024): GC_FOR_ALLOC freed 183K, 3% free 18411K/18824K, paused 12ms, total 12ms
03-11 15:19:15.951 D/dalvikvm( 2024): GC_FOR_ALLOC freed 241K, 3% free 18536K/19016K, paused 12ms, total 12ms
03-11 15:19:16.001 D/dalvikvm( 2024): GC_CONCURRENT freed 299K, 2% free 18851K/19188K, paused 1ms+2ms, total 14ms
03-11 15:19:16.001 D/dalvikvm( 2024): WAIT_FOR_CONCURRENT_GC blocked 5ms
03-11 15:19:16.061 D/dalvikvm( 2024): GC_CONCURRENT freed 214K, 2% free 19351K/19600K, paused 1ms+1ms, total 17ms
03-11 15:19:16.141 D/dalvikvm( 2024): GC_CONCURRENT freed 525K, 3% free 19684K/20244K, paused 3ms+2ms, total 20ms
03-11 15:19:16.201 D/Finsky  ( 2024): [1] CheckWifiAndAutoUpdate.cancelCheck: Cancelling auto-update wifi check.
03-11 15:19:16.341 W/GLSUser ( 1193): GoogleAccountDataService.getToken()
03-11 15:19:16.351 D/dalvikvm( 2024): GC_CONCURRENT freed 999K, 6% free 19570K/20612K, paused 1ms+2ms, total 38ms
03-11 15:19:16.351 D/dalvikvm( 1193): GC_CONCURRENT freed 380K, 3% free 17429K/17952K, paused 1ms+1ms, total 25ms
03-11 15:19:17.501 I/qtaguid ( 2024): Failed write_ctrl(u 53) res=-1 errno=22
03-11 15:19:17.501 I/qtaguid ( 2024): Untagging socket 53 failed errno=-22
03-11 15:19:17.501 W/NetworkManagementSocketTagger( 2024): untagSocket(53) failed with errno -22
03-11 15:19:17.631 D/Finsky  ( 2024): [1] CheckWifiAndAutoUpdate.scheduleCheck: Scheduling auto-update wifi check.
03-11 15:19:17.661 D/Finsky  ( 2024): [1] DailyHygiene.flushEventLogs: Flushing event logs for [h8oDSybNDDZzpp4iys_x3qq36Xs]
03-11 15:19:17.691 D/dalvikvm( 2024): GC_CONCURRENT freed 388K, 3% free 20027K/20612K, paused 2ms+1ms, total 25ms
03-11 15:19:21.891 V/QcrilMsgTunnelSocket( 1766): After reading offset = 0 remaining = 4 countRead = 4
03-11 15:19:21.891 D/QcrilMsgTunnelSocket( 1766): messageLength extracted from first 4 inputStream reads = 29
03-11 15:19:21.891 V/QcrilMsgTunnelSocket( 1766): offset = 0 remaining = 29 countRead = 0
03-11 15:19:21.891 V/QcrilMsgTunnelSocket( 1766): offset = 0 remaining = 29 countRead = 29
03-11 15:19:21.891 D/QcrilMsgTunnelSocket( 1766): readRilMessage: Buffer = [B@428ccc38 HexData = [0100000004040000110000005155414c434f4d4def0308000100000002]
03-11 15:19:21.891 V/QcrilMsgTunnelSocket( 1766): Read packet: 29 bytes. Data Available = 32 Position = 0
03-11 15:19:21.891 D/QcrilMsgTunnelSocket( 1766): processResponse. message type = 1. Data Available = 28
03-11 15:19:21.891 D/QcrilMsgTunnelSocket( 1766): ByteArray from parcel = 5155414c434f4d4def0308000100000002
03-11 15:19:21.891 D/QcrilMsgTunnelSocket( 1766): Received RIL_UNSOL_OEM_HOOK_RAW message
03-11 15:19:21.891 D/QcrilMsgTunnelSocket( 1766): Oem ID in RIL_UNSOL_OEM_HOOK_RAW is QUALCOMM
03-11 15:19:21.891 D/QcrilMsgTunnelSocket( 1766): OEM ID check Passed
03-11 15:19:21.891 D/QcrilMsgTunnelSocket( 1766): Response ID in RIL_UNSOL_OEM_HOOK_RAW is 525295
03-11 15:19:21.891 D/QcrilMsgTunnelSocket( 1766): Response ID 525295is not served in this process.
03-11 15:19:21.891 D/QcrilMsgTunnelSocket( 1766): To broadcast an Intent via the notifier to external apps
03-11 15:19:21.891 V/QcrilMsgTunnelSocket( 1766): Before reading offset = 0 remaining = 4 countRead = 0
03-11 15:19:21.891 D/QcrilMsgTunnelIfaceManager( 1766): handleMessage what=0
03-11 15:19:21.891 D/QcrilMsgTunnelIfaceManager( 1766): Broadcasting intent ACTION_UNSOL_RESPONSE_OEM_HOOK_RAW
03-11 15:19:21.922 D/MobileDataStateTracker(  769): default: Broadcast received: android.intent.action.ANY_DATA_STATE apnType=default
03-11 15:19:21.922 D/MobileDataStateTracker(  769): default: Received state=CONNECTED, old=CONNECTED, reason=(unspecified)
03-11 15:19:21.942 D/dalvikvm( 1018): GC_CONCURRENT freed 451K, 3% free 17305K/17788K, paused 2ms+1ms, total 32ms
03-11 15:19:21.962 V/QcrilMsgTunnelSocket( 1766): After reading offset = 0 remaining = 4 countRead = 4
03-11 15:19:21.962 D/QcrilMsgTunnelSocket( 1766): messageLength extracted from first 4 inputStream reads = 29
03-11 15:19:21.962 V/QcrilMsgTunnelSocket( 1766): offset = 0 remaining = 29 countRead = 0
03-11 15:19:21.962 V/QcrilMsgTunnelSocket( 1766): offset = 0 remaining = 29 countRead = 29
03-11 15:19:21.962 D/QcrilMsgTunnelSocket( 1766): readRilMessage: Buffer = [B@428ccc38 HexData = [0100000004040000110000005155414c434f4d4def0308000100000002]
03-11 15:19:21.962 V/QcrilMsgTunnelSocket( 1766): Read packet: 29 bytes. Data Available = 32 Position = 0
03-11 15:19:21.962 D/QcrilMsgTunnelSocket( 1766): processResponse. message type = 1. Data Available = 28
03-11 15:19:21.962 D/QcrilMsgTunnelSocket( 1766): ByteArray from parcel = 5155414c434f4d4def0308000100000002
03-11 15:19:21.962 D/QcrilMsgTunnelSocket( 1766): Received RIL_UNSOL_OEM_HOOK_RAW message
03-11 15:19:21.962 D/QcrilMsgTunnelSocket( 1766): Oem ID in RIL_UNSOL_OEM_HOOK_RAW is QUALCOMM
03-11 15:19:21.962 D/QcrilMsgTunnelSocket( 1766): OEM ID check Passed
03-11 15:19:21.962 D/QcrilMsgTunnelSocket( 1766): Response ID in RIL_UNSOL_OEM_HOOK_RAW is 525295
03-11 15:19:21.962 D/QcrilMsgTunnelSocket( 1766): Response ID 525295is not served in this process.
03-11 15:19:21.962 D/QcrilMsgTunnelSocket( 1766): To broadcast an Intent via the notifier to external apps
03-11 15:19:21.962 V/QcrilMsgTunnelSocket( 1766): Before reading offset = 0 remaining = 4 countRead = 0
03-11 15:19:21.962 D/QcrilMsgTunnelIfaceManager( 1766): handleMessage what=0
03-11 15:19:21.962 D/QcrilMsgTunnelIfaceManager( 1766): Broadcasting intent ACTION_UNSOL_RESPONSE_OEM_HOOK_RAW
03-11 15:19:22.611 V/QcrilMsgTunnelSocket( 1766): After reading offset = 0 remaining = 4 countRead = 4
03-11 15:19:22.611 D/QcrilMsgTunnelSocket( 1766): messageLength extracted from first 4 inputStream reads = 29
03-11 15:19:22.611 V/QcrilMsgTunnelSocket( 1766): offset = 0 remaining = 29 countRead = 0
03-11 15:19:22.621 V/QcrilMsgTunnelSocket( 1766): offset = 0 remaining = 29 countRead = 29
03-11 15:19:22.621 D/QcrilMsgTunnelSocket( 1766): readRilMessage: Buffer = [B@428ccc38 HexData = [0100000004040000110000005155414c434f4d4def0308000100000002]
03-11 15:19:22.621 V/QcrilMsgTunnelSocket( 1766): Read packet: 29 bytes. Data Available = 32 Position = 0
03-11 15:19:22.621 D/QcrilMsgTunnelSocket( 1766): processResponse. message type = 1. Data Available = 28
03-11 15:19:22.621 D/QcrilMsgTunnelSocket( 1766): ByteArray from parcel = 5155414c434f4d4def0308000100000002
03-11 15:19:22.621 D/QcrilMsgTunnelSocket( 1766): Received RIL_UNSOL_OEM_HOOK_RAW message
03-11 15:19:22.621 D/QcrilMsgTunnelSocket( 1766): Oem ID in RIL_UNSOL_OEM_HOOK_RAW is QUALCOMM
03-11 15:19:22.621 D/QcrilMsgTunnelSocket( 1766): OEM ID check Passed
03-11 15:19:22.621 D/QcrilMsgTunnelSocket( 1766): Response ID in RIL_UNSOL_OEM_HOOK_RAW is 525295
03-11 15:19:22.621 D/QcrilMsgTunnelSocket( 1766): Response ID 525295is not served in this process.
03-11 15:19:22.621 D/QcrilMsgTunnelSocket( 1766): To broadcast an Intent via the notifier to external apps
03-11 15:19:22.621 V/QcrilMsgTunnelSocket( 1766): Before reading offset = 0 remaining = 4 countRead = 0
03-11 15:19:22.621 D/QcrilMsgTunnelIfaceManager( 1766): handleMessage what=0
03-11 15:19:22.621 D/QcrilMsgTunnelIfaceManager( 1766): Broadcasting intent ACTION_UNSOL_RESPONSE_OEM_HOOK_RAW
03-11 15:19:24.741 D/dalvikvm( 2599): GC_CONCURRENT freed 342K, 3% free 17411K/17788K, paused 2ms+4ms, total 16ms
03-11 15:19:25.781 I/Icing   ( 1006): Indexing DFBA040CFE63555BF40C028A21AB1505A9843DE0 from com.google.android.music
03-11 15:19:25.971 I/Icing   ( 1006): Indexing done DFBA040CFE63555BF40C028A21AB1505A9843DE0
03-11 15:19:28.641 D/ConnectivityService(  769): Sampling interval elapsed, updating statistics ..
03-11 15:19:28.692 D/ConnectivityService(  769): Done.
03-11 15:19:28.692 D/ConnectivityService(  769): Setting timer for 720seconds
03-11 15:19:31.341 D/Finsky  ( 2024): [1] 5.onFinished: Installation state replication succeeded.
03-11 15:19:31.892 I/ActivityManager(  769): Killing 2888:com.google.android.partnersetup/u0a11 (adj 15): empty #17
03-11 15:19:37.102 E/ThermalEngine(  194): TM Id 'SKIN_THERMAL_management_1' Sensor 'xo_therm_pu2' - alarm cleared 1 at 38.0 degC
03-11 15:19:37.112 E/ThermalEngine(  194): ACTION: LCD - Setting max LCD brightness to 255
03-11 15:19:48.412 I/ActivityManager(  769): Killing 2652:android.process.media/u0a5 (adj 15): empty #17
03-11 15:20:01.751 V/QcrilMsgTunnelSocket( 1766): After reading offset = 0 remaining = 4 countRead = 4
03-11 15:20:01.751 D/QcrilMsgTunnelSocket( 1766): messageLength extracted from first 4 inputStream reads = 29
03-11 15:20:01.751 V/QcrilMsgTunnelSocket( 1766): offset = 0 remaining = 29 countRead = 0
03-11 15:20:01.811 V/QcrilMsgTunnelSocket( 1766): offset = 0 remaining = 29 countRead = 29
03-11 15:20:01.811 D/QcrilMsgTunnelSocket( 1766): readRilMessage: Buffer = [B@428ccc38 HexData = [0100000004040000110000005155414c434f4d4def0308000100000001]
03-11 15:20:01.811 V/QcrilMsgTunnelSocket( 1766): Read packet: 29 bytes. Data Available = 32 Position = 0
03-11 15:20:01.811 D/QcrilMsgTunnelSocket( 1766): processResponse. message type = 1. Data Available = 28
03-11 15:20:01.811 D/QcrilMsgTunnelSocket( 1766): ByteArray from parcel = 5155414c434f4d4def0308000100000001
03-11 15:20:01.811 D/QcrilMsgTunnelSocket( 1766): Received RIL_UNSOL_OEM_HOOK_RAW message
03-11 15:20:01.811 D/QcrilMsgTunnelSocket( 1766): Oem ID in RIL_UNSOL_OEM_HOOK_RAW is QUALCOMM
03-11 15:20:01.811 D/QcrilMsgTunnelSocket( 1766): OEM ID check Passed
03-11 15:20:01.811 D/QcrilMsgTunnelSocket( 1766): Response ID in RIL_UNSOL_OEM_HOOK_RAW is 525295
03-11 15:20:01.811 D/QcrilMsgTunnelSocket( 1766): Response ID 525295is not served in this process.
03-11 15:20:01.811 D/QcrilMsgTunnelSocket( 1766): To broadcast an Intent via the notifier to external apps
03-11 15:20:01.811 V/QcrilMsgTunnelSocket( 1766): Before reading offset = 0 remaining = 4 countRead = 0
03-11 15:20:01.811 D/QcrilMsgTunnelIfaceManager( 1766): handleMessage what=0
03-11 15:20:01.811 D/QcrilMsgTunnelIfaceManager( 1766): Broadcasting intent ACTION_UNSOL_RESPONSE_OEM_HOOK_RAW
03-11 15:20:01.821 D/MobileDataStateTracker(  769): default: Broadcast received: android.intent.action.ANY_DATA_STATE apnType=default
03-11 15:20:01.821 D/MobileDataStateTracker(  769): default: Received state=CONNECTED, old=CONNECTED, reason=(unspecified)
03-11 15:20:01.901 I/GCM     ( 1193): GCM message com.google.android.talk 0:1394544000791705%5a539273d1d407ce
03-11 15:20:02.381 I/rmt_storage(  173): rmt_storage_connect_cb: clnt_h=0x8 conn_h=0xb8cea160
03-11 15:20:02.381 I/rmt_storage(  173): rmt_storage_rw_iovec_cb: /boot/modem_fs1: clnt_h=0x1: req_h=0xc msg_id=3: R/W request received
03-11 15:20:02.381 I/rmt_storage(  173): wakelock acquired: 1, error no: 2
03-11 15:20:02.381 I/rmt_storage(  173): rmt_storage_client_thread: /boot/modem_fs1: clnt_h=0x1 Unblock worker thread (th_id: -1194418480)
03-11 15:20:02.401 D/ConnectivityService(  769): handleInetConditionHoldEnd: net=0, condition=100, published condition=100
03-11 15:20:02.511 I/rmt_storage(  173): rmt_storage_client_thread: /boot/modem_fs1: clnt_h=0x1: req_h=0xc msg_id=3: Bytes written = 1572864
03-11 15:20:02.511 I/rmt_storage(  173): rmt_storage_client_thread: /boot/modem_fs1: clnt_h=0x1: req_h=0xc msg_id=3: Send response: res=0 err=0
03-11 15:20:02.511 I/rmt_storage(  173): rmt_storage_client_thread: /boot/modem_fs1: clnt_h=0x1 About to block rmt_storage client thread (th_id: -1194418480) wakelock released: 1, error no: 0
03-11 15:20:02.511 I/rmt_storage(  173): 
03-11 15:20:02.511 I/rmt_storage(  173): rmt_storage_disconnect_cb: clnt_h=0x0x8 conn_h=0x0xb8cea160
03-11 15:20:06.461 V/QcrilMsgTunnelSocket( 1766): After reading offset = 0 remaining = 4 countRead = 4
03-11 15:20:06.461 D/QcrilMsgTunnelSocket( 1766): messageLength extracted from first 4 inputStream reads = 29
03-11 15:20:06.461 V/QcrilMsgTunnelSocket( 1766): offset = 0 remaining = 29 countRead = 0
03-11 15:20:06.461 V/QcrilMsgTunnelSocket( 1766): offset = 0 remaining = 29 countRead = 29
03-11 15:20:06.461 D/QcrilMsgTunnelSocket( 1766): readRilMessage: Buffer = [B@428ccc38 HexData = [0100000004040000110000005155414c434f4d4def0308000100000002]
03-11 15:20:06.461 V/QcrilMsgTunnelSocket( 1766): Read packet: 29 bytes. Data Available = 32 Position = 0
03-11 15:20:06.461 D/QcrilMsgTunnelSocket( 1766): processResponse. message type = 1. Data Available = 28
03-11 15:20:06.461 D/QcrilMsgTunnelSocket( 1766): ByteArray from parcel = 5155414c434f4d4def0308000100000002
03-11 15:20:06.461 D/QcrilMsgTunnelSocket( 1766): Received RIL_UNSOL_OEM_HOOK_RAW message
03-11 15:20:06.461 D/QcrilMsgTunnelSocket( 1766): Oem ID in RIL_UNSOL_OEM_HOOK_RAW is QUALCOMM
03-11 15:20:06.461 D/QcrilMsgTunnelSocket( 1766): OEM ID check Passed
03-11 15:20:06.461 D/QcrilMsgTunnelSocket( 1766): Response ID in RIL_UNSOL_OEM_HOOK_RAW is 525295
03-11 15:20:06.461 D/QcrilMsgTunnelSocket( 1766): Response ID 525295is not served in this process.
03-11 15:20:06.461 D/QcrilMsgTunnelSocket( 1766): To broadcast an Intent via the notifier to external apps
03-11 15:20:06.461 V/QcrilMsgTunnelSocket( 1766): Before reading offset = 0 remaining = 4 countRead = 0
03-11 15:20:06.461 D/QcrilMsgTunnelIfaceManager( 1766): handleMessage what=0
03-11 15:20:06.461 D/QcrilMsgTunnelIfaceManager( 1766): Broadcasting intent ACTION_UNSOL_RESPONSE_OEM_HOOK_RAW
03-11 15:20:06.482 D/MobileDataStateTracker(  769): default: Broadcast received: android.intent.action.ANY_DATA_STATE apnType=default
03-11 15:20:06.482 D/MobileDataStateTracker(  769): default: Received state=CONNECTED, old=CONNECTED, reason=(unspecified)
03-11 15:20:06.492 D/dalvikvm( 1018): GC_CONCURRENT freed 408K, 3% free 17313K/17788K, paused 1ms+1ms, total 30ms
03-11 15:20:06.531 V/QcrilMsgTunnelSocket( 1766): After reading offset = 0 remaining = 4 countRead = 4
03-11 15:20:06.541 D/QcrilMsgTunnelSocket( 1766): messageLength extracted from first 4 inputStream reads = 29
03-11 15:20:06.541 V/QcrilMsgTunnelSocket( 1766): offset = 0 remaining = 29 countRead = 0
03-11 15:20:06.541 V/QcrilMsgTunnelSocket( 1766): offset = 0 remaining = 29 countRead = 29
03-11 15:20:06.541 D/QcrilMsgTunnelSocket( 1766): readRilMessage: Buffer = [B@428ccc38 HexData = [0100000004040000110000005155414c434f4d4def0308000100000002]
03-11 15:20:06.541 V/QcrilMsgTunnelSocket( 1766): Read packet: 29 bytes. Data Available = 32 Position = 0
03-11 15:20:06.541 D/QcrilMsgTunnelSocket( 1766): processResponse. message type = 1. Data Available = 28
03-11 15:20:06.541 D/QcrilMsgTunnelSocket( 1766): ByteArray from parcel = 5155414c434f4d4def0308000100000002
03-11 15:20:06.541 D/QcrilMsgTunnelSocket( 1766): Received RIL_UNSOL_OEM_HOOK_RAW message
03-11 15:20:06.541 D/QcrilMsgTunnelSocket( 1766): Oem ID in RIL_UNSOL_OEM_HOOK_RAW is QUALCOMM
03-11 15:20:06.541 D/QcrilMsgTunnelSocket( 1766): OEM ID check Passed
03-11 15:20:06.541 D/QcrilMsgTunnelSocket( 1766): Response ID in RIL_UNSOL_OEM_HOOK_RAW is 525295
03-11 15:20:06.541 D/QcrilMsgTunnelSocket( 1766): Response ID 525295is not served in this process.
03-11 15:20:06.541 D/QcrilMsgTunnelSocket( 1766): To broadcast an Intent via the notifier to external apps
03-11 15:20:06.541 V/QcrilMsgTunnelSocket( 1766): Before reading offset = 0 remaining = 4 countRead = 0
03-11 15:20:06.541 D/QcrilMsgTunnelIfaceManager( 1766): handleMessage what=0
03-11 15:20:06.541 D/QcrilMsgTunnelIfaceManager( 1766): Broadcasting intent ACTION_UNSOL_RESPONSE_OEM_HOOK_RAW
03-11 15:20:06.751 V/QcrilMsgTunnelSocket( 1766): After reading offset = 0 remaining = 4 countRead = 4
03-11 15:20:06.751 D/QcrilMsgTunnelSocket( 1766): messageLength extracted from first 4 inputStream reads = 29
03-11 15:20:06.751 V/QcrilMsgTunnelSocket( 1766): offset = 0 remaining = 29 countRead = 0
03-11 15:20:06.751 V/QcrilMsgTunnelSocket( 1766): offset = 0 remaining = 29 countRead = 29
03-11 15:20:06.751 D/QcrilMsgTunnelSocket( 1766): readRilMessage: Buffer = [B@428ccc38 HexData = [0100000004040000110000005155414c434f4d4def0308000100000002]
03-11 15:20:06.751 V/QcrilMsgTunnelSocket( 1766): Read packet: 29 bytes. Data Available = 32 Position = 0
03-11 15:20:06.751 D/QcrilMsgTunnelSocket( 1766): processResponse. message type = 1. Data Available = 28
03-11 15:20:06.751 D/QcrilMsgTunnelSocket( 1766): ByteArray from parcel = 5155414c434f4d4def0308000100000002
03-11 15:20:06.751 D/QcrilMsgTunnelSocket( 1766): Received RIL_UNSOL_OEM_HOOK_RAW message
03-11 15:20:06.751 D/QcrilMsgTunnelSocket( 1766): Oem ID in RIL_UNSOL_OEM_HOOK_RAW is QUALCOMM
03-11 15:20:06.751 D/QcrilMsgTunnelSocket( 1766): OEM ID check Passed
03-11 15:20:06.751 D/QcrilMsgTunnelSocket( 1766): Response ID in RIL_UNSOL_OEM_HOOK_RAW is 525295
03-11 15:20:06.751 D/QcrilMsgTunnelSocket( 1766): Response ID 525295is not served in this process.
03-11 15:20:06.751 D/QcrilMsgTunnelSocket( 1766): To broadcast an Intent via the notifier to external apps
03-11 15:20:06.751 V/QcrilMsgTunnelSocket( 1766): Before reading offset = 0 remaining = 4 countRead = 0
03-11 15:20:06.751 D/QcrilMsgTunnelIfaceManager( 1766): handleMessage what=0
03-11 15:20:06.751 D/QcrilMsgTunnelIfaceManager( 1766): Broadcasting intent ACTION_UNSOL_RESPONSE_OEM_HOOK_RAW
03-11 15:20:12.031 W/GLSUser ( 1193): GoogleAccountDataService.getToken()
03-11 15:20:12.051 V/GLSUser ( 1193): DEBUG: loginOption to be added: androidPackageName
03-11 15:20:12.051 V/GLSUser ( 1193): DEBUG: loginOption to be added: clientPackageName
03-11 15:20:12.731 V/QcrilMsgTunnelSocket( 1766): After reading offset = 0 remaining = 4 countRead = 4
03-11 15:20:12.731 D/QcrilMsgTunnelSocket( 1766): messageLength extracted from first 4 inputStream reads = 29
03-11 15:20:12.731 V/QcrilMsgTunnelSocket( 1766): offset = 0 remaining = 29 countRead = 0
03-11 15:20:12.731 V/QcrilMsgTunnelSocket( 1766): offset = 0 remaining = 29 countRead = 29
03-11 15:20:12.731 D/QcrilMsgTunnelSocket( 1766): readRilMessage: Buffer = [B@428ccc38 HexData = [0100000004040000110000005155414c434f4d4def0308000100000001]
03-11 15:20:12.731 V/QcrilMsgTunnelSocket( 1766): Read packet: 29 bytes. Data Available = 32 Position = 0
03-11 15:20:12.731 D/QcrilMsgTunnelSocket( 1766): processResponse. message type = 1. Data Available = 28
03-11 15:20:12.731 D/QcrilMsgTunnelSocket( 1766): ByteArray from parcel = 5155414c434f4d4def0308000100000001
03-11 15:20:12.731 D/QcrilMsgTunnelSocket( 1766): Received RIL_UNSOL_OEM_HOOK_RAW message
03-11 15:20:12.731 D/QcrilMsgTunnelSocket( 1766): Oem ID in RIL_UNSOL_OEM_HOOK_RAW is QUALCOMM
03-11 15:20:12.731 D/QcrilMsgTunnelSocket( 1766): OEM ID check Passed
03-11 15:20:12.731 D/QcrilMsgTunnelSocket( 1766): Response ID in RIL_UNSOL_OEM_HOOK_RAW is 525295
03-11 15:20:12.731 D/QcrilMsgTunnelSocket( 1766): Response ID 525295is not served in this process.
03-11 15:20:12.731 D/QcrilMsgTunnelSocket( 1766): To broadcast an Intent via the notifier to external apps
03-11 15:20:12.731 V/QcrilMsgTunnelSocket( 1766): Before reading offset = 0 remaining = 4 countRead = 0
03-11 15:20:12.731 D/QcrilMsgTunnelIfaceManager( 1766): handleMessage what=0
03-11 15:20:12.731 D/QcrilMsgTunnelIfaceManager( 1766): Broadcasting intent ACTION_UNSOL_RESPONSE_OEM_HOOK_RAW
03-11 15:20:12.761 D/MobileDataStateTracker(  769): default: Broadcast received: android.intent.action.ANY_DATA_STATE apnType=default
03-11 15:20:12.771 D/MobileDataStateTracker(  769): default: Received state=CONNECTED, old=CONNECTED, reason=(unspecified)
03-11 15:20:12.811 D/dalvikvm( 1018): GC_CONCURRENT freed 432K, 3% free 17323K/17788K, paused 3ms+1ms, total 75ms
03-11 15:20:12.811 D/dalvikvm( 1029): GC_CONCURRENT freed 332K, 3% free 16738K/17100K, paused 3ms+0ms, total 49ms
03-11 15:20:12.981 W/GLSUser ( 1193): [ank][ank] Permission for com.google.android.talk to access oauth2:https://www.googleapis.com/auth/chat https://www.googleapis.com/auth/plus.me https://www.googleapis.com/auth/hangouts https://www.googleapis.com/auth/chat.native will be managed locally.
03-11 15:20:13.851 D/dalvikvm( 2800): GC_CONCURRENT freed 1706K, 8% free 21976K/23716K, paused 7ms+6ms, total 58ms
03-11 15:20:13.881 I/Babel   ( 2800): Account selfinfo retrieved: Redacted-28
03-11 15:20:13.881 I/Babel   ( 2800): Retrieved account setting:Redacted-28
03-11 15:20:18.201 V/QcrilMsgTunnelSocket( 1766): After reading offset = 0 remaining = 4 countRead = 4
03-11 15:20:18.201 D/QcrilMsgTunnelSocket( 1766): messageLength extracted from first 4 inputStream reads = 29
03-11 15:20:18.201 V/QcrilMsgTunnelSocket( 1766): offset = 0 remaining = 29 countRead = 0
03-11 15:20:18.251 V/QcrilMsgTunnelSocket( 1766): offset = 0 remaining = 29 countRead = 29
03-11 15:20:18.251 D/QcrilMsgTunnelSocket( 1766): readRilMessage: Buffer = [B@428ccc38 HexData = [0100000004040000110000005155414c434f4d4def0308000100000002]
03-11 15:20:18.251 V/QcrilMsgTunnelSocket( 1766): Read packet: 29 bytes. Data Available = 32 Position = 0
03-11 15:20:18.251 D/QcrilMsgTunnelSocket( 1766): processResponse. message type = 1. Data Available = 28
03-11 15:20:18.251 D/QcrilMsgTunnelSocket( 1766): ByteArray from parcel = 5155414c434f4d4def0308000100000002
03-11 15:20:18.251 D/QcrilMsgTunnelSocket( 1766): Received RIL_UNSOL_OEM_HOOK_RAW message
03-11 15:20:18.251 D/QcrilMsgTunnelSocket( 1766): Oem ID in RIL_UNSOL_OEM_HOOK_RAW is QUALCOMM
03-11 15:20:18.251 D/QcrilMsgTunnelSocket( 1766): OEM ID check Passed
03-11 15:20:18.251 D/QcrilMsgTunnelSocket( 1766): Response ID in RIL_UNSOL_OEM_HOOK_RAW is 525295
03-11 15:20:18.251 D/QcrilMsgTunnelSocket( 1766): Response ID 525295is not served in this process.
03-11 15:20:18.251 D/QcrilMsgTunnelSocket( 1766): To broadcast an Intent via the notifier to external apps
03-11 15:20:18.251 V/QcrilMsgTunnelSocket( 1766): Before reading offset = 0 remaining = 4 countRead = 0
03-11 15:20:18.261 D/MobileDataStateTracker(  769): default: Broadcast received: android.intent.action.ANY_DATA_STATE apnType=default
03-11 15:20:18.261 D/MobileDataStateTracker(  769): default: Received state=CONNECTED, old=CONNECTED, reason=(unspecified)
03-11 15:20:18.281 D/QcrilMsgTunnelIfaceManager( 1766): handleMessage what=0
03-11 15:20:18.281 D/QcrilMsgTunnelIfaceManager( 1766): Broadcasting intent ACTION_UNSOL_RESPONSE_OEM_HOOK_RAW
03-11 15:20:18.291 V/QcrilMsgTunnelSocket( 1766): After reading offset = 0 remaining = 4 countRead = 4
03-11 15:20:18.291 D/QcrilMsgTunnelSocket( 1766): messageLength extracted from first 4 inputStream reads = 29
03-11 15:20:18.291 V/QcrilMsgTunnelSocket( 1766): offset = 0 remaining = 29 countRead = 0
03-11 15:20:18.291 V/QcrilMsgTunnelSocket( 1766): offset = 0 remaining = 29 countRead = 29
03-11 15:20:18.291 D/QcrilMsgTunnelSocket( 1766): readRilMessage: Buffer = [B@428ccc38 HexData = [0100000004040000110000005155414c434f4d4def0308000100000002]
03-11 15:20:18.291 V/QcrilMsgTunnelSocket( 1766): Read packet: 29 bytes. Data Available = 32 Position = 0
03-11 15:20:18.291 D/QcrilMsgTunnelSocket( 1766): processResponse. message type = 1. Data Available = 28
03-11 15:20:18.291 D/QcrilMsgTunnelSocket( 1766): ByteArray from parcel = 5155414c434f4d4def0308000100000002
03-11 15:20:18.291 D/QcrilMsgTunnelSocket( 1766): Received RIL_UNSOL_OEM_HOOK_RAW message
03-11 15:20:18.291 D/QcrilMsgTunnelSocket( 1766): Oem ID in RIL_UNSOL_OEM_HOOK_RAW is QUALCOMM
03-11 15:20:18.291 D/QcrilMsgTunnelSocket( 1766): OEM ID check Passed
03-11 15:20:18.291 D/QcrilMsgTunnelSocket( 1766): Response ID in RIL_UNSOL_OEM_HOOK_RAW is 525295
03-11 15:20:18.291 D/QcrilMsgTunnelSocket( 1766): Response ID 525295is not served in this process.
03-11 15:20:18.291 D/QcrilMsgTunnelSocket( 1766): To broadcast an Intent via the notifier to external apps
03-11 15:20:18.291 V/QcrilMsgTunnelSocket( 1766): Before reading offset = 0 remaining = 4 countRead = 0
03-11 15:20:18.291 D/QcrilMsgTunnelIfaceManager( 1766): handleMessage what=0
03-11 15:20:18.291 D/QcrilMsgTunnelIfaceManager( 1766): Broadcasting intent ACTION_UNSOL_RESPONSE_OEM_HOOK_RAW
03-11 15:20:18.791 D/AndroidRuntime( 3412): 
03-11 15:20:18.791 D/AndroidRuntime( 3412): >>>>>> AndroidRuntime START com.android.internal.os.RuntimeInit <<<<<<
03-11 15:20:18.791 D/AndroidRuntime( 3412): CheckJNI is OFF
03-11 15:20:18.801 D/dalvikvm( 3412): Trying to load lib libjavacore.so 0x0
03-11 15:20:18.801 D/dalvikvm( 3412): Added shared lib libjavacore.so 0x0
03-11 15:20:18.801 D/dalvikvm( 3412): Trying to load lib libnativehelper.so 0x0
03-11 15:20:18.801 D/dalvikvm( 3412): Added shared lib libnativehelper.so 0x0
03-11 15:20:18.801 D/dalvikvm( 3412): No JNI_OnLoad found in libnativehelper.so 0x0, skipping init
03-11 15:20:18.831 D/dalvikvm( 3412): Note: class Landroid/app/ActivityManagerNative; has 179 unimplemented (abstract) methods
03-11 15:20:18.911 V/QcrilMsgTunnelSocket( 1766): After reading offset = 0 remaining = 4 countRead = 4
03-11 15:20:18.911 D/QcrilMsgTunnelSocket( 1766): messageLength extracted from first 4 inputStream reads = 29
03-11 15:20:18.911 V/QcrilMsgTunnelSocket( 1766): offset = 0 remaining = 29 countRead = 0
03-11 15:20:18.911 V/QcrilMsgTunnelSocket( 1766): offset = 0 remaining = 29 countRead = 29
03-11 15:20:18.911 D/QcrilMsgTunnelSocket( 1766): readRilMessage: Buffer = [B@428ccc38 HexData = [0100000004040000110000005155414c434f4d4def0308000100000002]
03-11 15:20:18.911 V/QcrilMsgTunnelSocket( 1766): Read packet: 29 bytes. Data Available = 32 Position = 0
03-11 15:20:18.911 D/QcrilMsgTunnelSocket( 1766): processResponse. message type = 1. Data Available = 28
03-11 15:20:18.911 D/QcrilMsgTunnelSocket( 1766): ByteArray from parcel = 5155414c434f4d4def0308000100000002
03-11 15:20:18.911 D/QcrilMsgTunnelSocket( 1766): Received RIL_UNSOL_OEM_HOOK_RAW message
03-11 15:20:18.911 D/QcrilMsgTunnelSocket( 1766): Oem ID in RIL_UNSOL_OEM_HOOK_RAW is QUALCOMM
03-11 15:20:18.911 D/QcrilMsgTunnelSocket( 1766): OEM ID check Passed
03-11 15:20:18.911 D/QcrilMsgTunnelSocket( 1766): Response ID in RIL_UNSOL_OEM_HOOK_RAW is 525295
03-11 15:20:18.911 D/QcrilMsgTunnelSocket( 1766): Response ID 525295is not served in this process.
03-11 15:20:18.911 D/QcrilMsgTunnelSocket( 1766): To broadcast an Intent via the notifier to external apps
