03-11 15:18:30.540 D/dalvikvm(  769): WAIT_FOR_CONCURRENT_GC blocked 31ms
03-11 15:18:30.540 D/dalvikvm(  769): WAIT_FOR_CONCURRENT_GC blocked 31ms
03-11 15:18:30.540 D/dalvikvm(  769): WAIT_FOR_CONCURRENT_GC blocked 31ms
03-11 15:18:30.570 D/dalvikvm( 1065): GC_CONCURRENT freed 218K, 2% free 17153K/17400K, paused 2ms+2ms, total 11ms
03-11 15:18:30.580 D/dalvikvm( 1065): GC_FOR_ALLOC freed 3K, 2% free 17396K/17648K, paused 8ms, total 8ms
03-11 15:18:30.600 D/dalvikvm( 1065): GC_FOR_ALLOC freed 7K, 2% free 17711K/17896K, paused 8ms, total 8ms
03-11 15:18:30.600 V/KeyguardHostView(  882): music state changed: 0
03-11 15:18:30.620 D/MobileDataStateTracker(  769): fota: Broadcast received: android.intent.action.ANY_DATA_STATE apnType=fota
03-11 15:18:30.620 D/MobileDataStateTracker(  769): fota: Received state=DISCONNECTED, old=DISCONNECTED, reason=radioTurnedOff
03-11 15:18:30.620 D/MobileDataStateTracker(  769): dun: Broadcast received: android.intent.action.ANY_DATA_STATE apnType=dun
03-11 15:18:30.630 D/dalvikvm( 1065): GC_FOR_ALLOC freed 11K, 2% free 18050K/18236K, paused 10ms, total 10ms
03-11 15:18:30.630 D/MobileDataStateTracker(  769): dun: Received state=DISCONNECTED, old=DISCONNECTED, reason=radioTurnedOff
03-11 15:18:30.630 D/MobileDataStateTracker(  769): ia: Broadcast received: android.intent.action.ANY_DATA_STATE apnType=ia
03-11 15:18:30.630 D/MobileDataStateTracker(  769): ia: Received state=DISCONNECTED, old=DISCONNECTED, reason=radioTurnedOff
03-11 15:18:30.630 D/MobileDataStateTracker(  769): supl: Broadcast received: android.intent.action.ANY_DATA_STATE apnType=supl
03-11 15:18:30.630 D/MobileDataStateTracker(  769): supl: Received state=DISCONNECTED, old=DISCONNECTED, reason=radioTurnedOff
03-11 15:18:30.630 D/MobileDataStateTracker(  769): hipri: Broadcast received: android.intent.action.ANY_DATA_STATE apnType=hipri
03-11 15:18:30.640 D/MobileDataStateTracker(  769): hipri: Received state=DISCONNECTED, old=DISCONNECTED, reason=radioTurnedOff
03-11 15:18:30.640 D/MobileDataStateTracker(  769): ims: Broadcast received: android.intent.action.ANY_DATA_STATE apnType=ims
03-11 15:18:30.640 D/MobileDataStateTracker(  769): ims: Received state=DISCONNECTED, old=DISCONNECTED, reason=radioTurnedOff
03-11 15:18:30.640 D/MobileDataStateTracker(  769): default: Broadcast received: android.intent.action.ANY_DATA_STATE apnType=default
03-11 15:18:30.640 D/MobileDataStateTracker(  769): default: Received state=DISCONNECTED, old=DISCONNECTED, reason=radioTurnedOff
03-11 15:18:30.640 D/MobileDataStateTracker(  769): mms: Broadcast received: android.intent.action.ANY_DATA_STATE apnType=mms
03-11 15:18:30.640 D/MobileDataStateTracker(  769): mms: Received state=DISCONNECTED, old=DISCONNECTED, reason=radioTurnedOff
03-11 15:18:30.640 D/MobileDataStateTracker(  769): cbs: Broadcast received: android.intent.action.ANY_DATA_STATE apnType=cbs
03-11 15:18:30.650 D/MobileDataStateTracker(  769): cbs: Received state=DISCONNECTED, old=DISCONNECTED, reason=radioTurnedOff
03-11 15:18:30.650 D/MobileDataStateTracker(  769): fota: Broadcast received: android.intent.action.ANY_DATA_STATE apnType=fota
03-11 15:18:30.650 D/MobileDataStateTracker(  769): fota: Received state=DISCONNECTED, old=DISCONNECTED, reason=radioTurnedOff
03-11 15:18:30.650 D/MobileDataStateTracker(  769): dun: Broadcast received: android.intent.action.ANY_DATA_STATE apnType=dun
03-11 15:18:30.650 D/MobileDataStateTracker(  769): dun: Received state=DISCONNECTED, old=DISCONNECTED, reason=radioTurnedOff
03-11 15:18:30.650 D/MobileDataStateTracker(  769): ia: Broadcast received: android.intent.action.ANY_DATA_STATE apnType=ia
03-11 15:18:30.660 D/MobileDataStateTracker(  769): ia: Received state=DISCONNECTED, old=DISCONNECTED, reason=radioTurnedOff
03-11 15:18:30.660 D/MobileDataStateTracker(  769): supl: Broadcast received: android.intent.action.ANY_DATA_STATE apnType=supl
03-11 15:18:30.660 D/MobileDataStateTracker(  769): supl: Received state=DISCONNECTED, old=DISCONNECTED, reason=radioTurnedOff
03-11 15:18:30.660 D/MobileDataStateTracker(  769): hipri: Broadcast received: android.intent.action.ANY_DATA_STATE apnType=hipri
03-11 15:18:30.660 D/MobileDataStateTracker(  769): hipri: Received state=DISCONNECTED, old=DISCONNECTED, reason=radioTurnedOff
03-11 15:18:30.660 D/MobileDataStateTracker(  769): ims: Broadcast received: android.intent.action.ANY_DATA_STATE apnType=ims
03-11 15:18:30.670 D/MobileDataStateTracker(  769): ims: Received state=DISCONNECTED, old=DISCONNECTED, reason=radioTurnedOff
03-11 15:18:30.670 D/MobileDataStateTracker(  769): default: Broadcast received: android.intent.action.ANY_DATA_STATE apnType=default
03-11 15:18:30.670 D/MobileDataStateTracker(  769): default: Received state=DISCONNECTED, old=DISCONNECTED, reason=radioTurnedOff
03-11 15:18:30.670 D/MobileDataStateTracker(  769): mms: Broadcast received: android.intent.action.ANY_DATA_STATE apnType=mms
03-11 15:18:30.680 D/dalvikvm( 1018): GC_CONCURRENT freed 273K, 2% free 17002K/17304K, paused 2ms+1ms, total 19ms
03-11 15:18:30.680 I/MultiDex( 1140): load(/data/app/com.google.android.gms-1.apk, forceReload=false)
03-11 15:18:30.680 D/MobileDataStateTracker(  769): mms: Received state=DISCONNECTED, old=DISCONNECTED, reason=radioTurnedOff
03-11 15:18:30.680 D/MobileDataStateTracker(  769): cbs: Broadcast received: android.intent.action.ANY_DATA_STATE apnType=cbs
03-11 15:18:30.680 D/MobileDataStateTracker(  769): cbs: Received state=DISCONNECTED, old=DISCONNECTED, reason=radioTurnedOff
03-11 15:18:30.680 D/MobileDataStateTracker(  769): fota: Broadcast received: android.intent.action.ANY_DATA_STATE apnType=fota
03-11 15:18:30.680 D/MobileDataStateTracker(  769): fota: Received state=DISCONNECTED, old=DISCONNECTED, reason=dataDetached
03-11 15:18:30.680 D/MobileDataStateTracker(  769): dun: Broadcast received: android.intent.action.ANY_DATA_STATE apnType=dun
03-11 15:18:30.680 D/MobileDataStateTracker(  769): dun: Received state=DISCONNECTED, old=DISCONNECTED, reason=dataDetached
03-11 15:18:30.680 D/MobileDataStateTracker(  769): ia: Broadcast received: android.intent.action.ANY_DATA_STATE apnType=ia
03-11 15:18:30.680 D/MobileDataStateTracker(  769): ia: Received state=DISCONNECTED, old=DISCONNECTED, reason=dataDetached
03-11 15:18:30.680 D/MobileDataStateTracker(  769): supl: Broadcast received: android.intent.action.ANY_DATA_STATE apnType=supl
03-11 15:18:30.680 D/MobileDataStateTracker(  769): supl: Received state=DISCONNECTED, old=DISCONNECTED, reason=dataDetached
03-11 15:18:30.680 V/BackupManagerService(  769): Connected to transport ComponentInfo{com.google.android.backuptransport/com.google.android.backup.BackupTransportService}
03-11 15:18:30.690 D/dalvikvm(  882): GC_FOR_ALLOC freed 88K, 2% free 26935K/27252K, paused 12ms, total 12ms
03-11 15:18:30.690 V/BackupManagerService(  769): Registering transport com.google.android.backuptransport/com.google.android.backup.BackupTransportService::com.google.android.backup/.BackupTransportService = com.android.internal.backup.IBackupTransport$Stub$Proxy@42dfc280
03-11 15:18:30.690 D/MobileDataStateTracker(  769): hipri: Broadcast received: android.intent.action.ANY_DATA_STATE apnType=hipri
03-11 15:18:30.690 D/MobileDataStateTracker(  769): hipri: Received state=DISCONNECTED, old=DISCONNECTED, reason=dataDetached
03-11 15:18:30.690 D/MobileDataStateTracker(  769): ims: Broadcast received: android.intent.action.ANY_DATA_STATE apnType=ims
03-11 15:18:30.690 D/MobileDataStateTracker(  769): ims: Received state=DISCONNECTED, old=DISCONNECTED, reason=dataDetached
03-11 15:18:30.690 D/MobileDataStateTracker(  769): default: Broadcast received: android.intent.action.ANY_DATA_STATE apnType=default
03-11 15:18:30.690 D/MobileDataStateTracker(  769): default: Received state=DISCONNECTED, old=DISCONNECTED, reason=dataDetached
03-11 15:18:30.690 D/MobileDataStateTracker(  769): mms: Broadcast received: android.intent.action.ANY_DATA_STATE apnType=mms
03-11 15:18:30.700 D/MobileDataStateTracker(  769): mms: Received state=DISCONNECTED, old=DISCONNECTED, reason=dataDetached
03-11 15:18:30.700 D/MobileDataStateTracker(  769): cbs: Broadcast received: android.intent.action.ANY_DATA_STATE apnType=cbs
03-11 15:18:30.700 D/MobileDataStateTracker(  769): cbs: Received state=DISCONNECTED, old=DISCONNECTED, reason=dataDetached
03-11 15:18:30.700 D/MobileDataStateTracker(  769): fota: Broadcast received: android.intent.action.ANY_DATA_STATE apnType=fota
03-11 15:18:30.700 D/MobileDataStateTracker(  769): fota: Received state=DISCONNECTED, old=DISCONNECTED, reason=roamingOff
03-11 15:18:30.700 D/MobileDataStateTracker(  769): dun: Broadcast received: android.intent.action.ANY_DATA_STATE apnType=dun
03-11 15:18:30.700 D/MobileDataStateTracker(  769): dun: Received state=DISCONNECTED, old=DISCONNECTED, reason=roamingOff
03-11 15:18:30.700 D/MobileDataStateTracker(  769): ia: Broadcast received: android.intent.action.ANY_DATA_STATE apnType=ia
03-11 15:18:30.710 D/MobileDataStateTracker(  769): ia: Received state=DISCONNECTED, old=DISCONNECTED, reason=roamingOff
03-11 15:18:30.710 D/MobileDataStateTracker(  769): supl: Broadcast received: android.intent.action.ANY_DATA_STATE apnType=supl
03-11 15:18:30.710 D/MobileDataStateTracker(  769): supl: Received state=DISCONNECTED, old=DISCONNECTED, reason=roamingOff
03-11 15:18:30.710 D/MobileDataStateTracker(  769): hipri: Broadcast received: android.intent.action.ANY_DATA_STATE apnType=hipri
03-11 15:18:30.710 D/MobileDataStateTracker(  769): hipri: Received state=DISCONNECTED, old=DISCONNECTED, reason=roamingOff
03-11 15:18:30.710 D/MobileDataStateTracker(  769): ims: Broadcast received: android.intent.action.ANY_DATA_STATE apnType=ims
03-11 15:18:30.710 D/MobileDataStateTracker(  769): ims: Received state=DISCONNECTED, old=DISCONNECTED, reason=roamingOff
03-11 15:18:30.710 D/MobileDataStateTracker(  769): default: Broadcast received: android.intent.action.ANY_DATA_STATE apnType=default
03-11 15:18:30.710 D/MobileDataStateTracker(  769): default: Received state=DISCONNECTED, old=DISCONNECTED, reason=roamingOff
03-11 15:18:30.710 D/MobileDataStateTracker(  769): mms: Broadcast received: android.intent.action.ANY_DATA_STATE apnType=mms
03-11 15:18:30.710 D/MobileDataStateTracker(  769): mms: Received state=DISCONNECTED, old=DISCONNECTED, reason=roamingOff
03-11 15:18:30.710 D/MobileDataStateTracker(  769): cbs: Broadcast received: android.intent.action.ANY_DATA_STATE apnType=cbs
03-11 15:18:30.710 D/MobileDataStateTracker(  769): cbs: Received state=DISCONNECTED, old=DISCONNECTED, reason=roamingOff
03-11 15:18:30.710 D/MobileDataStateTracker(  769): fota: Broadcast received: android.intent.action.ANY_DATA_STATE apnType=fota
03-11 15:18:30.710 D/MobileDataStateTracker(  769): fota: Received state=DISCONNECTED, old=DISCONNECTED, reason=roamingOff
03-11 15:18:30.710 D/MobileDataStateTracker(  769): dun: Broadcast received: android.intent.action.ANY_DATA_STATE apnType=dun
03-11 15:18:30.720 D/dalvikvm( 1065): GC_FOR_ALLOC freed 12K, 1% free 18380K/18468K, paused 9ms, total 9ms
03-11 15:18:30.720 I/dalvikvm-heap(  882): Grow heap (frag case) to 42.150MB for 16588816-byte allocation
03-11 15:18:30.720 D/MobileDataStateTracker(  769): dun: Received state=DISCONNECTED, old=DISCONNECTED, reason=roamingOff
03-11 15:18:30.720 D/MobileDataStateTracker(  769): ia: Broadcast received: android.intent.action.ANY_DATA_STATE apnType=ia
03-11 15:18:30.720 D/MobileDataStateTracker(  769): ia: Received state=DISCONNECTED, old=DISCONNECTED, reason=roamingOff
03-11 15:18:30.720 D/MobileDataStateTracker(  769): supl: Broadcast received: android.intent.action.ANY_DATA_STATE apnType=supl
03-11 15:18:30.720 D/MobileDataStateTracker(  769): supl: Received state=DISCONNECTED, old=DISCONNECTED, reason=roamingOff
03-11 15:18:30.720 D/MobileDataStateTracker(  769): hipri: Broadcast received: android.intent.action.ANY_DATA_STATE apnType=hipri
03-11 15:18:30.720 D/MobileDataStateTracker(  769): hipri: Received state=DISCONNECTED, old=DISCONNECTED, reason=roamingOff
03-11 15:18:30.720 D/MobileDataStateTracker(  769): ims: Broadcast received: android.intent.action.ANY_DATA_STATE apnType=ims
03-11 15:18:30.730 D/TelephonyDebugService( 1018): TelephonyDebugService()
03-11 15:18:30.730 D/dalvikvm( 1140): GC_CONCURRENT freed 246K, 2% free 16830K/17112K, paused 1ms+0ms, total 9ms
03-11 15:18:30.730 D/MobileDataStateTracker(  769): ims: Received state=DISCONNECTED, old=DISCONNECTED, reason=roamingOff
03-11 15:18:30.730 D/MobileDataStateTracker(  769): default: Broadcast received: android.intent.action.ANY_DATA_STATE apnType=default
03-11 15:18:30.730 D/MobileDataStateTracker(  769): default: Received state=DISCONNECTED, old=DISCONNECTED, reason=roamingOff
03-11 15:18:30.730 D/MobileDataStateTracker(  769): mms: Broadcast received: android.intent.action.ANY_DATA_STATE apnType=mms
03-11 15:18:30.730 D/MobileDataStateTracker(  769): mms: Received state=DISCONNECTED, old=DISCONNECTED, reason=roamingOff
03-11 15:18:30.730 D/MobileDataStateTracker(  769): cbs: Broadcast received: android.intent.action.ANY_DATA_STATE apnType=cbs
03-11 15:18:30.730 D/MobileDataStateTracker(  769): cbs: Received state=DISCONNECTED, old=DISCONNECTED, reason=roamingOff
03-11 15:18:30.740 I/dalvikvm-heap( 1065): Grow heap (frag case) to 20.184MB for 2315840-byte allocation
03-11 15:18:30.740 D/dalvikvm(  882): GC_CONCURRENT freed 5K, 1% free 43129K/43456K, paused 2ms+1ms, total 15ms
03-11 15:18:30.740 D/BluetoothManagerService(  769): Message: 30
03-11 15:18:30.740 E/BluetoothPhoneService( 1018): Could not get a handle on Connection object for the call
03-11 15:18:30.740 D/dalvikvm( 1065): GC_CONCURRENT freed 4K, 1% free 20638K/20732K, paused 1ms+1ms, total 8ms
03-11 15:18:30.770 I/MultiDex( 1140): Need extracted file /data/data/com.google.android.gms/files/secondary-dexes/com.google.android.gms-1.apk.classes2.zip
03-11 15:18:30.770 I/MultiDex( 1140): No extraction needed for /data/data/com.google.android.gms/files/secondary-dexes/com.google.android.gms-1.apk.classes2.zip of size 1430457
03-11 15:18:30.780 I/PhoneApp( 1018): Headset phone created, binding local service.
03-11 15:18:30.800 D/dalvikvm( 1140): GC_CONCURRENT freed 165K, 2% free 17054K/17256K, paused 2ms+1ms, total 10ms
03-11 15:18:30.830 I/ActivityManager(  769): Start proc com.google.process.gapps for content provider com.google.android.gsf/.settings.GoogleSettingsProvider: pid=1193 uid=10007 gids={50007, 3003, 1007, 3002, 3001, 1028, 1015, 3007, 2001, 3006}
03-11 15:18:30.870 E/NfcNciHal( 1042): NVM patch version is 11.31
03-11 15:18:30.880 D/dalvikvm( 1065): GC_CONCURRENT freed 87K, 1% free 21772K/21892K, paused 1ms+0ms, total 10ms
03-11 15:18:30.880 D/dalvikvm( 1065): WAIT_FOR_CONCURRENT_GC blocked 4ms
03-11 15:18:30.910 I/GservicesProvider( 1193): Gservices pushing to system: true; secure/global: true
03-11 15:18:30.920 D/Launcher.Model( 1065): 11683562 - loadWorkspace()
03-11 15:18:30.920 D/Launcher.Model( 1065): 11683562 -   loadedOldDb: false
03-11 15:18:30.930 I/GEL     ( 1065): handleIntent(Intent { act=android.intent.action.MAIN cat=[android.intent.category.HOME] flg=0x10000000 cmp=com.google.android.googlequicksearchbox/com.google.android.launcher.GEL })
03-11 15:18:30.980 D/dalvikvm( 1193): GC_CONCURRENT freed 215K, 2% free 16976K/17192K, paused 3ms+2ms, total 29ms
03-11 15:18:30.990 I/Adreno-EGL( 1065): <qeglDrvAPI_eglInitialize:320>: EGL 1.4 QUALCOMM Build: I0404c4692afb8623f95c43aeb6d5e13ed4b30ddbDate: 11/06/13
03-11 15:18:30.990 I/Choreographer(  882): Skipped 30 frames!  The application may be doing too much work on its main thread.
03-11 15:18:31.000 D/dalvikvm( 1065): GC_CONCURRENT freed 407K, 2% free 22950K/23388K, paused 2ms+3ms, total 24ms
03-11 15:18:31.000 D/dalvikvm( 1065): WAIT_FOR_CONCURRENT_GC blocked 17ms
03-11 15:18:31.010 V/GmsNetworkLocationProvi( 1140): onSetRequest: ProviderRequestUnbundled, reportLocation is true and interval is 86400000
03-11 15:18:31.030 D/OpenGLRenderer( 1065): Enabling debug mode 0
03-11 15:18:31.030 D/PhoneStatusBar(  882): disable: < expand icons alerts ticker system_info BACK* HOME* RECENT clock search >
03-11 15:18:31.040 V/KeyguardServiceDelegate(  769): **** SHOWN CALLED ****
03-11 15:18:31.050 E/LocationManagerHelper( 1140): Unable to assign LocationManager blame through WorkSource: java.lang.IllegalArgumentException: argument 1 should have type android.os.WorkSource, got bmu, cause: null
03-11 15:18:31.100 I/ActivityManager(  769): Displayed com.google.android.googlequicksearchbox/com.google.android.launcher.GEL: +1s113ms
03-11 15:18:31.150 V/KeyguardHostView(  882): Initial transport state: 1, pbstate=0
03-11 15:18:31.160 D/dalvikvm( 1140): GC_CONCURRENT freed 468K, 3% free 16973K/17476K, paused 1ms+2ms, total 11ms
03-11 15:18:31.170 I/ANDR-PERF-LOCK( 1225): Listener starting
03-11 15:18:31.170 I/MP-Decision( 1225): MPDecision server starting
03-11 15:18:31.170 I/MP-Decision( 1225): OPTION ENABLED: Control sleep modes
03-11 15:18:31.170 I/MP-Decision( 1225): OPTION ENABLED: Adjusting average
03-11 15:18:31.170 I/MP-Decision( 1225): Decision parameters CPU 0: Nw=0.000000, Tw=0, Ns=0.000000, Ts=0
03-11 15:18:31.170 I/MP-Decision( 1225): util_h_and=0, util_h_or=0, util_low=0
03-11 15:18:31.170 I/MP-Decision( 1225): Decision parameters CPU 1: Nw=1.900000, Tw=140, Ns=1.100000, Ts=190
03-11 15:18:31.170 I/MP-Decision( 1225): util_h_and=35, util_h_or=75, util_low=20
03-11 15:18:31.170 I/MP-Decision( 1225): Decision parameters CPU 2: Nw=2.700000, Tw=90, Ns=2.100000, Ts=240
03-11 15:18:31.170 I/MP-Decision( 1225): util_h_and=0, util_h_or=400, util_low=0
03-11 15:18:31.170 I/MP-Decision( 1225): Decision parameters CPU 3: Nw=3.500000, Tw=90, Ns=3.100000, Ts=240
03-11 15:18:31.170 I/MP-Decision( 1225): util_h_and=0, util_h_or=400, util_low=0
03-11 15:18:31.170 I/MP-Decision( 1225): Decision parameters: poll_ms: 9 decision_ms: 50
03-11 15:18:31.170 I/SurfaceFlinger(  181): Boot is finished (13904 ms)
03-11 15:18:31.190 D/dalvikvm( 1065): GC_CONCURRENT freed 3160K, 13% free 21785K/24976K, paused 2ms+1ms, total 39ms
03-11 15:18:31.190 D/dalvikvm( 1065): WAIT_FOR_CONCURRENT_GC blocked 32ms
03-11 15:18:31.250 V/KeyguardHostView(  882): music state changed: 0
03-11 15:18:31.320 V/ProvidersChangedReceiver( 1140): calling applySettings
03-11 15:18:31.330 V/GmsNetworkLocationProvi( 1140): ENABLE
03-11 15:18:31.330 V/GmsNetworkLocationProvi( 1140): SET-REQUEST
03-11 15:18:31.330 V/GmsNetworkLocationProvi( 1140): in Handler: ProviderRequestUnbundled, reportLocation is true and interval is 86400000
03-11 15:18:31.370 D/dalvikvm( 1140): GC_FOR_ALLOC freed 202K, 3% free 17085K/17516K, paused 10ms, total 10ms
03-11 15:18:31.380 D/dalvikvm( 1065): GC_CONCURRENT freed 672K, 9% free 22782K/24976K, paused 2ms+2ms, total 16ms
03-11 15:18:31.380 D/dalvikvm( 1065): WAIT_FOR_CONCURRENT_GC blocked 3ms
03-11 15:18:31.410 D/Launcher.Model( 1065): 11683562 - loadWorkspaceScreensDb()
03-11 15:18:31.410 D/Launcher.Model( 1065): 11683562 -   screens: { 0: 0 }
03-11 15:18:31.410 D/Launcher.Model( 1065): 11683562 -   sBgWorkspaceScreens: 0
03-11 15:18:31.420 D/Launcher( 1065): 11683562 - bindAddScreens()
03-11 15:18:31.420 D/Launcher( 1065): 11683562 -   orderedScreenIds: 0
03-11 15:18:31.420 D/Launcher.Workspace( 1065): 11683562 - insertNewWorkspaceScreen(): 0 at index: 0
03-11 15:18:31.450 D/dalvikvm( 1140): GC_FOR_ALLOC freed 107K, 2% free 17268K/17572K, paused 10ms, total 10ms
03-11 15:18:31.450 D/PhoneStatusBar(  882): disable: < expand icons alerts ticker system_info BACK HOME RECENT CLOCK* search >
03-11 15:18:31.460 D/dalvikvm( 1140): GC_FOR_ALLOC freed 97K, 3% free 17331K/17740K, paused 9ms, total 9ms
03-11 15:18:31.460 I/dalvikvm-heap( 1140): Grow heap (frag case) to 17.132MB for 186718-byte allocation
03-11 15:18:31.470 D/dalvikvm( 1140): GC_FOR_ALLOC freed <1K, 3% free 17513K/17924K, paused 12ms, total 12ms
03-11 15:18:31.480 D/dalvikvm( 1065): GC_FOR_ALLOC freed 500K, 4% free 24102K/24976K, paused 10ms, total 11ms
03-11 15:18:31.490 D/MccTable( 1018): updateMccMncConfiguration: mcc=244, mnc=21
03-11 15:18:31.490 D/MccTable( 1018): getLocaleFromMcc to null_fi mcc=244
03-11 15:18:31.490 D/MccTable( 1018): getLocaleForLanguageCountry: skipping no language
03-11 15:18:31.490 D/MccTable( 1018): WIFI_COUNTRY_CODE set to fi
03-11 15:18:31.490 I/WifiService(  769): WifiService trying to set country code to fi with persist set to true
03-11 15:18:31.490 D/MccTable( 1018): updateMccMncConfiguration updateConfig config={1.0 244mcc21mnc ?locale ?layoutDir ?swdp ?wdp ?hdp ?density ?lsize ?long ?orien ?uimode ?night ?touch ?keyb/?/? ?nav/?}
03-11 15:18:31.490 I/ActivityManager(  769): Config changes=3 {1.0 244mcc21mnc en_US ldltr sw360dp w360dp h567dp 480dpi nrml port finger -keyb/v/h -nav/h s.5}
03-11 15:18:31.500 D/PermissionCache(  181): checking android.permission.READ_FRAME_BUFFER for uid=1000 => granted (173 us)
03-11 15:18:31.510 D/PhoneStatusBar(  882): mSettingsPanelGravity = 55
03-11 15:18:31.530 D/dalvikvm( 1140): GC_CONCURRENT freed 480K, 3% free 17470K/17988K, paused 0ms+1ms, total 10ms
03-11 15:18:31.580 W/Launcher.Model( 1065): LoaderTask running with no launcher (loadAllApps)
03-11 15:18:31.590 D/dalvikvm( 1140): GC_CONCURRENT freed 647K, 4% free 17269K/17988K, paused 1ms+3ms, total 15ms
03-11 15:18:31.660 V/KeyguardHostView(  882): Initial transport state: 1, pbstate=0
03-11 15:18:31.690 D/dalvikvm( 1140): GC_FOR_ALLOC freed 136K, 4% free 17408K/17988K, paused 9ms, total 9ms
03-11 15:18:31.700 D/dalvikvm( 1140): GC_FOR_ALLOC freed 33K, 4% free 17396K/17988K, paused 8ms, total 8ms
03-11 15:18:31.700 I/GCoreUlr( 1140): Starting service, intent=Intent { cmp=com.google.android.gms/com.google.android.location.reporting.service.DispatchingService (has extras) }, extras=Bundle[{intentType=2, receiverAction=android.location.PROVIDERS_CHANGED}]
03-11 15:18:31.710 V/KeyguardHostView(  882): music state changed: 0
03-11 15:18:31.720 I/ActivityManager(  769): Start proc com.android.settings for broadcast com.android.settings/.widget.SettingsAppWidgetProvider: pid=1278 uid=1000 gids={41000, 1028, 1015, 3002, 3001, 3003}
03-11 15:18:31.730 D/dalvikvm( 1140): GC_FOR_ALLOC freed 85K, 4% free 17417K/17988K, paused 9ms, total 10ms
03-11 15:18:31.740 D/dalvikvm( 1140): GC_FOR_ALLOC freed 40K, 4% free 17415K/17988K, paused 11ms, total 11ms
03-11 15:18:31.740 W/Launcher( 1065): setApplicationContext called twice! old=com.google.android.velvet.VelvetApplication@428c9e40 new=com.google.android.velvet.VelvetApplication@428c9e40
03-11 15:18:31.760 D/dalvikvm( 1140): GC_FOR_ALLOC freed 67K, 3% free 17453K/17988K, paused 15ms, total 15ms
03-11 15:18:31.770 I/BrcmNfcNfa( 1042): GKI TASK_DEAD received. exit thread 3...
03-11 15:18:31.770 D/dalvikvm( 1140): GC_FOR_ALLOC freed 28K, 3% free 17466K/17988K, paused 14ms, total 14ms
03-11 15:18:31.790 I/GCoreUlr( 1140): DispatchingService.onCreate()
03-11 15:18:31.820 D/dalvikvm( 1140): GC_FOR_ALLOC freed 182K, 3% free 17619K/18008K, paused 16ms, total 16ms
03-11 15:18:31.830 D/dalvikvm( 1065): GC_FOR_ALLOC freed 354K, 3% free 24655K/25336K, paused 13ms, total 13ms
03-11 15:18:31.830 D/BluetoothManagerService(  769): Message: 20
03-11 15:18:31.830 D/BluetoothManagerService(  769): Added callback: android.bluetooth.IBluetoothManagerCallback$Stub$Proxy@42e21f20:true
03-11 15:18:31.830 D/BluetoothAdapter( 1278): 1116532056: getState() :  mService = null. Returning STATE_OFF
03-11 15:18:31.830 D/BluetoothManagerService(  769): Message: 30
03-11 15:18:31.840 I/dalvikvm-heap( 1065): Grow heap (frag case) to 26.311MB for 2315840-byte allocation
03-11 15:18:31.840 D/BluetoothManagerService(  769): Message: 30
03-11 15:18:31.840 D/LocalBluetoothProfileManager( 1278): Adding local MAP profile
03-11 15:18:31.840 D/BluetoothMap( 1278): Create BluetoothMap proxy object
03-11 15:18:31.840 D/BluetoothManagerService(  769): Message: 30
03-11 15:18:31.840 W/ContextImpl( 1278): Calling a method in the system process without a qualified user: android.app.ContextImpl.bindService:1543 android.content.ContextWrapper.bindService:517 android.bluetooth.BluetoothInputDevice.doBind:245 android.bluetooth.BluetoothInputDevice.<init>:238 android.bluetooth.BluetoothAdapter.getProfileProxy:1187 
03-11 15:18:31.840 W/ContextImpl( 1278): Calling a method in the system process without a qualified user: android.app.ContextImpl.bindService:1543 android.content.ContextWrapper.bindService:517 android.bluetooth.BluetoothPan.doBind:149 android.bluetooth.BluetoothPan.<init>:141 android.bluetooth.BluetoothAdapter.getProfileProxy:1190 
03-11 15:18:31.850 D/dalvikvm( 1065): GC_FOR_ALLOC freed 56K, 3% free 26860K/27600K, paused 12ms, total 12ms
03-11 15:18:31.850 W/ContextImpl( 1278): Calling a method in the system process without a qualified user: android.app.ContextImpl.bindService:1543 android.content.ContextWrapper.bindService:517 android.bluetooth.BluetoothMap.doBind:109 android.bluetooth.BluetoothMap.<init>:102 android.bluetooth.BluetoothAdapter.getProfileProxy:1196 
03-11 15:18:31.860 D/BluetoothManagerService(  769): Message: 30
03-11 15:18:31.860 D/dalvikvm( 1018): GC_CONCURRENT freed 317K, 2% free 17135K/17484K, paused 2ms+2ms, total 18ms
03-11 15:18:31.870 D/LocalBluetoothProfileManager( 1278): LocalBluetoothProfileManager construction complete
03-11 15:18:31.870 D/BluetoothAdapter( 1278): 1116532056: getState() :  mService = null. Returning STATE_OFF
03-11 15:18:31.870 D/BluetoothAdapter( 1278): 1116532056: getState() :  mService = null. Returning STATE_OFF
03-11 15:18:31.870 W/ContextImpl( 1278): Calling a method in the system process without a qualified user: android.app.ContextImpl.bindService:1543 android.content.ContextWrapper.bindService:517 android.bluetooth.BluetoothPbap.doBind:164 android.bluetooth.BluetoothPbap.<init>:157 com.android.settings.bluetooth.PbapServerProfile.<init>:68 
03-11 15:18:31.890 D/dalvikvm( 1140): GC_CONCURRENT freed 341K, 3% free 17733K/18108K, paused 2ms+2ms, total 13ms
03-11 15:18:31.890 W/Settings( 1140): Setting airplane_mode_on has moved from android.provider.Settings.System to android.provider.Settings.Global, returning read-only value.
03-11 15:18:31.920 I/GCoreUlr( 1140): WorldUpdater received intent Intent { cmp=com.google.android.gms/com.google.android.location.reporting.service.DispatchingService (has extras) } with receiverAction android.location.PROVIDERS_CHANGED, forceUpdate false
03-11 15:18:31.930 D/GeofencerStateMachine( 1140): Creating GeofencerStateMachine
03-11 15:18:31.930 D/dalvikvm(  769): GC_EXPLICIT freed 2691K, 12% free 22678K/25620K, paused 1ms+4ms, total 52ms
03-11 15:18:31.950 I/GEL     ( 1065): handleIntent(Intent { act=android.intent.action.MAIN cat=[android.intent.category.HOME] flg=0x10000000 cmp=com.google.android.googlequicksearchbox/com.google.android.launcher.GEL })
03-11 15:18:31.980 D/Launcher.Model( 1065): Reload apps on config change. curr_mcc:244 prevmcc:0
03-11 15:18:32.000 V/GeofencerHelper( 1140): Initializing geofence's system cache.
03-11 15:18:32.000 V/PlaceSubscriptionManager( 1140): Initializing PlaceSubscriptionManager's system cache.
03-11 15:18:32.010 D/Launcher.Model( 1065): 11683562 - loadWorkspace()
03-11 15:18:32.010 D/Launcher.Model( 1065): 11683562 -   loadedOldDb: false
03-11 15:18:32.010 D/GeofenceStateCache( 1140): Recovered 0 geofences.
03-11 15:18:32.020 D/Launcher.Model( 1065): 11683562 - loadWorkspace()
03-11 15:18:32.020 D/Launcher.Model( 1065): 11683562 -   loadedOldDb: false
03-11 15:18:32.060 I/ActivityManager(  769): Start proc com.google.android.apps.magazines for broadcast com.google.android.apps.magazines/com.google.apps.dots.android.newsstand.audio.MediaButtonIntentReceiver: pid=1304 uid=10056 gids={50056, 3003, 1028, 1015}
03-11 15:18:32.110 I/WindowManager(  769): Screen frozen for +611ms due to AppWindowToken{42e9ecb8 token=Token{42e9d420 ActivityRecord{42e9d1a8 u0 com.google.android.googlequicksearchbox/com.google.android.launcher.GEL t1}}}
03-11 15:18:32.170 D/dalvikvm( 1140): GC_CONCURRENT freed 345K, 3% free 17775K/18156K, paused 2ms+1ms, total 17ms
03-11 15:18:32.170 D/AlarmManagerService(  769): Kernel timezone updated to -120 minutes west of GMT
03-11 15:18:32.180 D/AlarmManagerService(  769): Kernel timezone updated to -120 minutes west of GMT
03-11 15:18:32.200 I/GCoreUlr( 1140): Ensuring that reporting is stopped because of reasons: {account#-17#=[InactiveReason{mVersionCode=0, mIdentifier=6, mName='ReportingNotSelected'}]}
03-11 15:18:32.200 D/GCoreFlp( 1140): Unknown pending intent to remove.
03-11 15:18:32.200 I/GCoreUlr( 1140): Unbound from all location providers
03-11 15:18:32.220 D/dalvikvm( 1065): GC_CONCURRENT freed 3690K, 13% free 26562K/30280K, paused 2ms+3ms, total 20ms
03-11 15:18:32.220 D/dalvikvm( 1065): WAIT_FOR_CONCURRENT_GC blocked 15ms
03-11 15:18:32.220 V/WebViewChromium( 1304): Binding Chromium to the background looper Looper (main, tid 1) {428bef90}
03-11 15:18:32.220 I/chromium( 1304): [INFO:library_loader_hooks.cc(112)] Chromium logging enabled: level = 0, default verbosity = 0
03-11 15:18:32.220 I/BrowserProcessMain( 1304): Initializing chromium process, renderers=0
03-11 15:18:32.250 W/chromium( 1304): [WARNING:proxy_service.cc(888)] PAC support disabled because there is no system implementation
03-11 15:18:32.270 I/Adreno-EGL( 1304): <qeglDrvAPI_eglInitialize:320>: EGL 1.4 QUALCOMM Build: I0404c4692afb8623f95c43aeb6d5e13ed4b30ddbDate: 11/06/13
03-11 15:18:32.300 D/Launcher.Model( 1065): 11683562 - loadWorkspaceScreensDb()
03-11 15:18:32.300 D/Launcher.Model( 1065): 11683562 -   screens: { 0: 0 }
03-11 15:18:32.300 D/Launcher.Model( 1065): 11683562 -   sBgWorkspaceScreens: 0
03-11 15:18:32.320 D/Launcher( 1065): 11683562 - bindAddScreens()
03-11 15:18:32.320 D/Launcher( 1065): 11683562 -   orderedScreenIds: 0
03-11 15:18:32.320 D/Launcher.Workspace( 1065): 11683562 - insertNewWorkspaceScreen(): 0 at index: 0
03-11 15:18:32.400 W/GAV2    ( 1304): Thread[main,5,main]: Need to call initialize() and be in fallback mode to start dispatch.
03-11 15:18:32.400 D/dalvikvm( 1304): GC_CONCURRENT freed 230K, 2% free 16861K/17116K, paused 2ms+2ms, total 15ms
03-11 15:18:32.470 D/dalvikvm( 1304): GC_CONCURRENT freed 198K, 2% free 17071K/17304K, paused 3ms+1ms, total 13ms
03-11 15:18:32.480 D/dalvikvm( 1065): GC_CONCURRENT freed 4934K, 18% free 24919K/30280K, paused 2ms+4ms, total 28ms
03-11 15:18:32.480 D/dalvikvm( 1065): WAIT_FOR_CONCURRENT_GC blocked 13ms
03-11 15:18:32.480 D/dalvikvm( 1065): WAIT_FOR_CONCURRENT_GC blocked 14ms
03-11 15:18:32.510 I/NSApplication( 1304): Starting up...
03-11 15:18:32.540 D/BluetoothAdapter( 1278): 1116532056: getState() :  mService = null. Returning STATE_OFF
03-11 15:18:32.560 I/ActivityManager(  769): Start proc com.google.android.keep for broadcast com.google.android.keep/.notification.AlertReceiver: pid=1342 uid=10052 gids={50052, 3003, 1028, 1015}
03-11 15:18:32.590 D/dalvikvm( 1304): GC_CONCURRENT freed 284K, 2% free 17208K/17520K, paused 3ms+17ms, total 37ms
03-11 15:18:32.590 I/MediaFocusControl(  769):  AudioFocus  abandonAudioFocus() from android.media.AudioManager@429765b0com.google.apps.dots.android.newsstand.audio.AudioPlayerService$3@429027d8
03-11 15:18:32.590 D/MobileDataStateTracker(  769): fota: Broadcast received: android.intent.action.ANY_DATA_STATE apnType=fota
03-11 15:18:32.590 D/MobileDataStateTracker(  769): fota: Received state=DISCONNECTED, old=DISCONNECTED, reason=simLoaded
03-11 15:18:32.590 D/MobileDataStateTracker(  769): dun: Broadcast received: android.intent.action.ANY_DATA_STATE apnType=dun
03-11 15:18:32.600 I/MediaFocusControl(  769):   Remote Control   unregisterMediaButtonIntent() for PendingIntent{430acb60: PendingIntentRecord{430ebf30 com.google.android.apps.magazines broadcastIntent}}
03-11 15:18:32.600 D/MobileDataStateTracker(  769): dun: Received state=DISCONNECTED, old=DISCONNECTED, reason=simLoaded
03-11 15:18:32.600 D/MobileDataStateTracker(  769): ia: Broadcast received: android.intent.action.ANY_DATA_STATE apnType=ia
03-11 15:18:32.600 D/MobileDataStateTracker(  769): ia: Received state=DISCONNECTED, old=DISCONNECTED, reason=simLoaded
03-11 15:18:32.600 D/MobileDataStateTracker(  769): supl: Broadcast received: android.intent.action.ANY_DATA_STATE apnType=supl
03-11 15:18:32.600 D/MobileDataStateTracker(  769): supl: Received state=DISCONNECTED, old=DISCONNECTED, reason=simLoaded
03-11 15:18:32.600 D/MobileDataStateTracker(  769): hipri: Broadcast received: android.intent.action.ANY_DATA_STATE apnType=hipri
03-11 15:18:32.600 D/MobileDataStateTracker(  769): hipri: Received state=DISCONNECTED, old=DISCONNECTED, reason=simLoaded
03-11 15:18:32.600 D/MobileDataStateTracker(  769): ims: Broadcast received: android.intent.action.ANY_DATA_STATE apnType=ims
03-11 15:18:32.600 D/MobileDataStateTracker(  769): ims: Received state=DISCONNECTED, old=DISCONNECTED, reason=simLoaded
03-11 15:18:32.610 D/MobileDataStateTracker(  769): default: Broadcast received: android.intent.action.ANY_DATA_STATE apnType=default
03-11 15:18:32.610 D/MobileDataStateTracker(  769): default: Received state=DISCONNECTED, old=DISCONNECTED, reason=simLoaded
03-11 15:18:32.610 D/MobileDataStateTracker(  769): mms: Broadcast received: android.intent.action.ANY_DATA_STATE apnType=mms
03-11 15:18:32.610 D/MobileDataStateTracker(  769): mms: Received state=DISCONNECTED, old=DISCONNECTED, reason=simLoaded
03-11 15:18:32.610 D/MobileDataStateTracker(  769): cbs: Broadcast received: android.intent.action.ANY_DATA_STATE apnType=cbs
03-11 15:18:32.610 D/MobileDataStateTracker(  769): cbs: Received state=DISCONNECTED, old=DISCONNECTED, reason=simLoaded
03-11 15:18:32.610 D/MobileDataStateTracker(  769): fota: Broadcast received: android.intent.action.ANY_DATA_STATE apnType=fota
03-11 15:18:32.610 D/MobileDataStateTracker(  769): fota: Received state=DISCONNECTED, old=DISCONNECTED, reason=simLoaded
03-11 15:18:32.610 D/MobileDataStateTracker(  769): dun: Broadcast received: android.intent.action.ANY_DATA_STATE apnType=dun
03-11 15:18:32.610 D/MobileDataStateTracker(  769): dun: Received state=DISCONNECTED, old=DISCONNECTED, reason=simLoaded
03-11 15:18:32.610 D/MobileDataStateTracker(  769): ia: Broadcast received: android.intent.action.ANY_DATA_STATE apnType=ia
03-11 15:18:32.610 D/MobileDataStateTracker(  769): ia: Received state=DISCONNECTED, old=DISCONNECTED, reason=simLoaded
03-11 15:18:32.610 D/MobileDataStateTracker(  769): supl: Broadcast received: android.intent.action.ANY_DATA_STATE apnType=supl
03-11 15:18:32.620 D/MobileDataStateTracker(  769): supl: Received state=DISCONNECTED, old=DISCONNECTED, reason=simLoaded
03-11 15:18:32.620 D/MobileDataStateTracker(  769): hipri: Broadcast received: android.intent.action.ANY_DATA_STATE apnType=hipri
03-11 15:18:32.620 D/MobileDataStateTracker(  769): hipri: Received state=DISCONNECTED, old=DISCONNECTED, reason=simLoaded
03-11 15:18:32.620 D/MobileDataStateTracker(  769): ims: Broadcast received: android.intent.action.ANY_DATA_STATE apnType=ims
03-11 15:18:32.620 D/MobileDataStateTracker(  769): ims: Received state=DISCONNECTED, old=DISCONNECTED, reason=simLoaded
03-11 15:18:32.620 D/MobileDataStateTracker(  769): default: Broadcast received: android.intent.action.ANY_DATA_STATE apnType=default
03-11 15:18:32.620 D/MobileDataStateTracker(  769): default: Received state=DISCONNECTED, old=DISCONNECTED, reason=simLoaded
03-11 15:18:32.620 D/MobileDataStateTracker(  769): mms: Broadcast received: android.intent.action.ANY_DATA_STATE apnType=mms
03-11 15:18:32.630 D/MobileDataStateTracker(  769): mms: Received state=DISCONNECTED, old=DISCONNECTED, reason=simLoaded
03-11 15:18:32.630 D/MobileDataStateTracker(  769): cbs: Broadcast received: android.intent.action.ANY_DATA_STATE apnType=cbs
03-11 15:18:32.630 D/MobileDataStateTracker(  769): cbs: Received state=DISCONNECTED, old=DISCONNECTED, reason=simLoaded
03-11 15:18:32.680 D/dalvikvm( 1065): GC_CONCURRENT freed 1060K, 13% free 26498K/30280K, paused 1ms+2ms, total 17ms
03-11 15:18:32.680 D/dalvikvm( 1065): WAIT_FOR_CONCURRENT_GC blocked 15ms
03-11 15:18:32.690 E/KeepSync( 1342): Try to add invalid account
03-11 15:18:32.690 E/KeepSync( 1342): Try to force sync on a null account
03-11 15:18:32.750 V/ProvidersChangedReceiver( 1140): calling applySettings
03-11 15:18:32.760 V/KeepAlert( 1342): Action android.net.wifi.WIFI_STATE_CHANGED
03-11 15:18:32.760 I/GCoreUlr( 1140): Starting service, intent=Intent { cmp=com.google.android.gms/com.google.android.location.reporting.service.DispatchingService (has extras) }, extras=Bundle[{intentType=2, receiverAction=android.location.PROVIDERS_CHANGED}]
03-11 15:18:32.760 I/GCoreUlr( 1140): WorldUpdater received intent Intent { cmp=com.google.android.gms/com.google.android.location.reporting.service.DispatchingService (has extras) } with receiverAction android.location.PROVIDERS_CHANGED, forceUpdate false
03-11 15:18:32.760 D/dalvikvm( 1342): GC_CONCURRENT freed 236K, 2% free 16897K/17164K, paused 4ms+1ms, total 26ms
03-11 15:18:32.770 D/BluetoothAdapter( 1278): 1116532056: getState() :  mService = null. Returning STATE_OFF
03-11 15:18:32.780 D/BluetoothAdapter( 1278): 1116532056: getState() :  mService = null. Returning STATE_OFF
03-11 15:18:32.790 V/KeepAlert( 1342): Action android.net.wifi.WIFI_STATE_CHANGED
03-11 15:18:32.800 D/BluetoothAdapter( 1278): 1116532056: getState() :  mService = null. Returning STATE_OFF
03-11 15:18:32.810 V/KeepAlert( 1342): Action android.net.wifi.WIFI_STATE_CHANGED
03-11 15:18:32.820 I/MultiDex( 1193): load(/data/app/com.google.android.gms-1.apk, forceReload=false)
03-11 15:18:32.830 D/dalvikvm( 1006): GC_CONCURRENT freed 246K, 2% free 17172K/17456K, paused 2ms+2ms, total 13ms
03-11 15:18:32.840 D/dalvikvm( 1065): GC_FOR_ALLOC freed 1265K, 7% free 28273K/30280K, paused 15ms, total 15ms
03-11 15:18:32.850 D/dalvikvm( 1193): GC_EXPLICIT freed 223K, 2% free 17265K/17520K, paused 1ms+10ms, total 32ms
03-11 15:18:32.850 D/dalvikvm( 1193): WAIT_FOR_CONCURRENT_GC blocked 2ms
03-11 15:18:32.860 I/MultiDex( 1193): Need extracted file /data/data/com.google.android.gms/files/secondary-dexes/com.google.android.gms-1.apk.classes2.zip
03-11 15:18:32.860 I/MultiDex( 1193): No extraction needed for /data/data/com.google.android.gms/files/secondary-dexes/com.google.android.gms-1.apk.classes2.zip of size 1430457
03-11 15:18:32.910 I/GCoreUlr( 1140): Ensuring that reporting is stopped because of reasons: {account#-17#=[InactiveReason{mVersionCode=0, mIdentifier=6, mName='ReportingNotSelected'}]}
03-11 15:18:32.910 D/GCoreFlp( 1140): Unknown pending intent to remove.
03-11 15:18:32.910 I/GCoreUlr( 1140): Unbound from all location providers
03-11 15:18:32.930 W/GCM     ( 1193): Using fallback http
03-11 15:18:32.930 I/GoogleHttpClient( 1193): Falling back to old http client 0 java.lang.NoSuchMethodException: <init> [class android.content.Context, class java.lang.String, boolean]
03-11 15:18:32.950 E/AppsCustomizePagedView( 1065): Widget ComponentInfo{com.devhd.feedly/com.devhd.feedly.widget.FeedlyWidgetProvider_4_1} has invalid dimensions (0, 0)
03-11 15:18:32.950 I/GCM     ( 1193): GCM config loaded
03-11 15:18:32.970 D/GCM     ( 1193): GcmService start Intent { act=com.google.android.gms.INITIALIZE flg=0x10 pkg=com.google.android.gms cmp=com.google.android.gms/.gcm.GcmService } com.google.android.gms.INITIALIZE
03-11 15:18:32.970 D/GCM     ( 1193): GcmService start Intent { act=com.google.android.gms.INITIALIZE flg=0x10 pkg=com.google.android.gms cmp=com.google.android.gms/.gcm.GcmService } com.google.android.gms.INITIALIZE
03-11 15:18:32.980 I/ActivityManager(  769): Start proc com.facebook.katana:dash_service for broadcast com.facebook.katana/com.facebook.keyguardservice.KeyguardServiceBooter: pid=1374 uid=10077 gids={50077, 1028, 1015, 3003}
03-11 15:18:32.990 D/dalvikvm( 1193): GC_CONCURRENT freed 278K, 3% free 17395K/17776K, paused 2ms+3ms, total 14ms
03-11 15:18:33.030 D/ConnectivityService(  769): handleInetConditionChange: no active default network - ignore
03-11 15:18:33.180 D/CatchMeIfYouCan( 1374): Process (dash_service) ca: '/data/data/com.facebook.katana/app_cmiyc/FC3D6AF0DCAD751E9720A8A1538A89840AD3817701'
03-11 15:18:33.180 D/CatchMeIfYouCan( 1374): Process (dash_service) fc: '/data/data/com.facebook.katana/app_cmiyc/FC3D6AF0DCAD751E9720A8A1538A89840AD3817702'
03-11 15:18:33.180 D/CatchMeIfYouCan( 1374): Process (dash_service) cp: '('default', 3, 120000, silent [true], restart [false], logout [false])'
03-11 15:18:33.190 D/ACRA    ( 1374): ACRA is enabled for com.facebook.katana, intializing...
03-11 15:18:33.200 D/ACRA    ( 1374): Looking for error files in /data/data/com.facebook.katana/app_acra-reports
03-11 15:18:33.200 D/ACRA    ( 1374): Looking for error files in /data/data/com.facebook.katana/app_minidumps
03-11 15:18:33.230 D/dalvikvm( 1374): Trying to load lib /data/app-lib/com.facebook.katana-1/libfb_stl_shared.so 0x428c5928
03-11 15:18:33.230 D/dalvikvm( 1374): Added shared lib /data/app-lib/com.facebook.katana-1/libfb_stl_shared.so 0x428c5928
03-11 15:18:33.230 D/dalvikvm( 1374): No JNI_OnLoad found in /data/app-lib/com.facebook.katana-1/libfb_stl_shared.so 0x428c5928, skipping init
03-11 15:18:33.230 D/dalvikvm( 1374): Trying to load lib /data/app-lib/com.facebook.katana-1/libfb_breakpad_client.so 0x428c5928
03-11 15:18:33.230 D/dalvikvm( 1374): Added shared lib /data/app-lib/com.facebook.katana-1/libfb_breakpad_client.so 0x428c5928
03-11 15:18:33.240 W/SystemClassLoaderAdder( 1374): Could not find zipFile entry corresponding to path /data/app/com.facebook.katana-1.apk
03-11 15:18:33.240 V/DexLibLoader( 1374): Preparing secondary program dexes.
03-11 15:18:33.250 V/DexLibLoader( 1374): Loaded 2 raw lines of metadata.
03-11 15:18:33.250 V/DexLibLoader( 1374): Secondary program dex metadata: secondary-1.dex.jar.xz 188f1cf98e7929d7457e2cdf72a0777981e1fc27 secondary.dex01.Canary
03-11 15:18:33.250 V/DexLibLoader( 1374): Secondary program dex metadata: secondary-2.dex.jar.xz 14314443648960c2f9d1e4924306d1af2de75315 secondary.dex02.Canary
03-11 15:18:33.260 W/DexLibLoader( 1374): Unexpected file in program dex directory: /data/data/com.facebook.katana/app_secondary_program_dex/temp_dex_lock
03-11 15:18:33.260 V/DexLibLoader( 1374): Preparing to extract secondary-1.dex.jar.xz to /data/data/com.facebook.katana/app_secondary_program_dex/program-188f1cf98e7929d7457e2cdf72a0777981e1fc2731a2345d.dex.jar
03-11 15:18:33.260 V/DexLibLoader( 1374): Dex already copied
03-11 15:18:33.260 D/OdexVerifier( 1374): Odex verification is skipped.
03-11 15:18:33.260 V/DexLibLoader( 1374): Creating class loader
03-11 15:18:33.260 D/dalvikvm( 1374): GC_CONCURRENT freed 261K, 2% free 16851K/17148K, paused 2ms+2ms, total 21ms
03-11 15:18:33.270 V/DexLibLoader( 1374): Finished creating class loader
03-11 15:18:33.270 V/DexLibLoader( 1374): Preparing to extract secondary-2.dex.jar.xz to /data/data/com.facebook.katana/app_secondary_program_dex/program-14314443648960c2f9d1e4924306d1af2de7531531a2345d.dex.jar
03-11 15:18:33.270 V/DexLibLoader( 1374): Dex already copied
03-11 15:18:33.270 D/OdexVerifier( 1374): Odex verification is skipped.
03-11 15:18:33.270 V/DexLibLoader( 1374): Creating class loader
03-11 15:18:33.280 V/DexLibLoader( 1374): Finished creating class loader
03-11 15:18:33.280 V/DexLibLoader( 1374): Verifying classes from secondary dexes.
03-11 15:18:33.300 D/DexLibLoader( 1374): DexLibLoader.ensureDexLoaded took 70 ms
03-11 15:18:33.520 D/dalvikvm( 1374): GC_CONCURRENT freed 381K, 3% free 16931K/17348K, paused 2ms+1ms, total 19ms
03-11 15:18:33.590 D/dalvikvm( 1374): GC_CONCURRENT freed 292K, 2% free 17079K/17404K, paused 2ms+8ms, total 18ms
03-11 15:18:33.650 D/dalvikvm( 1374): GC_CONCURRENT freed 270K, 2% free 17234K/17540K, paused 2ms+6ms, total 19ms
03-11 15:18:33.730 D/dalvikvm( 1374): GC_CONCURRENT freed 303K, 2% free 17398K/17736K, paused 4ms+1ms, total 15ms
03-11 15:18:33.770 D/dalvikvm( 1018): GC_CONCURRENT freed 317K, 2% free 17206K/17556K, paused 2ms+1ms, total 13ms
03-11 15:18:33.800 D/dalvikvm( 1374): GC_CONCURRENT freed 306K, 2% free 17568K/17908K, paused 1ms+2ms, total 14ms
03-11 15:18:33.870 D/dalvikvm( 1374): GC_CONCURRENT freed 290K, 2% free 17724K/18048K, paused 2ms+1ms, total 15ms
03-11 15:18:33.940 D/dalvikvm( 1374): GC_CONCURRENT freed 337K, 3% free 17860K/18236K, paused 3ms+4ms, total 19ms
03-11 15:18:33.970 I/ActivityManager(  769): Start proc com.google.android.dialer for broadcast com.google.android.dialer/com.android.dialer.calllog.CallLogReceiver: pid=1403 uid=10008 gids={50008, 3003, 1028, 1015}
03-11 15:18:34.002 W/        ( 1018): Unable to set rtc to 1394543914: Invalid argument
03-11 15:18:34.010 I/ActivityManager(  769): Start proc com.facebook.katana for content provider com.facebook.katana/.provider.orca.FbSharedPreferencesContentProvider: pid=1415 uid=10077 gids={50077, 1028, 1015, 3003}
03-11 15:18:34.022 D/dalvikvm( 1140): GC_CONCURRENT freed 385K, 3% free 17832K/18252K, paused 3ms+3ms, total 16ms
03-11 15:18:34.030 I/ActivityManager(  769): Delay finish: com.google.android.dialer/com.android.dialer.calllog.CallLogReceiver
03-11 15:18:34.040 I/ActivityManager(  769): Resuming delayed broadcast
03-11 15:18:34.042 V/BufferedAnalyticsState( 1140): Not ready for upload, 578 seconds left.
03-11 15:18:34.050 D/BluetoothManagerService(  769): Message: 30
03-11 15:18:34.052 D/dalvikvm( 1415): GC_CONCURRENT freed 349K, 3% free 17018K/17400K, paused 4ms+1ms, total 13ms
03-11 15:18:34.060 D/BluetoothManagerService(  769): Message: 30
03-11 15:18:34.060 E/WiredAccessoryManager(  769): No state change.
03-11 15:18:34.060 W/ContextImpl(  769): Calling a method in the system process without a qualified user: android.app.ContextImpl.bindService:1543 android.bluetooth.BluetoothHeadset.doBind:283 android.bluetooth.BluetoothHeadset.<init>:276 android.bluetooth.BluetoothAdapter.getProfileProxy:1181 android.media.AudioService.getBluetoothHeadset:2245 
03-11 15:18:34.060 W/ContextImpl(  769): Calling a method in the system process without a qualified user: android.app.ContextImpl.bindService:1543 android.bluetooth.BluetoothA2dp.doBind:165 android.bluetooth.BluetoothA2dp.<init>:158 android.bluetooth.BluetoothAdapter.getProfileProxy:1184 android.media.AudioService$AudioServiceBroadcastReceiver.onReceive:4166 
03-11 15:18:34.060 V/WiredAccessoryManager(  769): notifyWiredAccessoryChanged: when=0 bits= mask=14
03-11 15:18:34.060 V/WiredAccessoryManager(  769): newName=h2w newState=0 headsetState=0 prev headsetState=0
03-11 15:18:34.060 V/WiredAccessoryManager(  769): init()
03-11 15:18:34.060 I/PowerManagerService(  769): Boot animation finished.
03-11 15:18:34.080 I/RecoverySystem(  769): No recovery log file
03-11 15:18:34.090 I/ActivityManager(  769): Start proc com.android.providers.calendar for broadcast com.android.providers.calendar/.CalendarReceiver: pid=1436 uid=10001 gids={50001, 3003, 1028, 1015}
03-11 15:18:34.102 D/dalvikvm( 1415): GC_CONCURRENT freed 326K, 3% free 17142K/17500K, paused 1ms+3ms, total 12ms
03-11 15:18:34.110 D/CatchMeIfYouCan( 1415): Process (<default>) ca: '/data/user/0/com.facebook.katana/app_cmiyc/A1657CCD543F12E66E587EE52ED9D802E22AAC4701'
03-11 15:18:34.110 D/CatchMeIfYouCan( 1415): Process (<default>) fc: '/data/user/0/com.facebook.katana/app_cmiyc/A1657CCD543F12E66E587EE52ED9D802E22AAC4702'
03-11 15:18:34.120 D/CatchMeIfYouCan( 1415): Process (<default>) cp: '('default', 3, 120000, silent [true], restart [false], logout [false])'
03-11 15:18:34.120 D/ACRA    ( 1415): ACRA is enabled for com.facebook.katana, intializing...
03-11 15:18:34.130 I/BootReceiver(  769): Copying /proc/last_kmsg to DropBox (SYSTEM_LAST_KMSG)
03-11 15:18:34.150 D/ACRA    ( 1415): Looking for error files in /data/user/0/com.facebook.katana/app_acra-reports
03-11 15:18:34.150 D/ACRA    ( 1415): Looking for error files in /data/user/0/com.facebook.katana/app_minidumps
03-11 15:18:34.152 D/dalvikvm( 1415): GC_CONCURRENT freed 328K, 3% free 17328K/17688K, paused 1ms+2ms, total 18ms
03-11 15:18:34.152 D/dalvikvm( 1415): WAIT_FOR_CONCURRENT_GC blocked 5ms
03-11 15:18:34.160 I/CalendarProvider2( 1436): Created com.android.providers.calendar.CalendarAlarmManager@428dd5e8(com.android.providers.calendar.CalendarProvider2@428d52b8)
03-11 15:18:34.170 D/dalvikvm(  769): GC_EXPLICIT freed 1062K, 10% free 23119K/25620K, paused 4ms+3ms, total 53ms
03-11 15:18:34.170 D/dalvikvm(  769): WAIT_FOR_CONCURRENT_GC blocked 27ms
03-11 15:18:34.170 D/dalvikvm(  769): WAIT_FOR_CONCURRENT_GC blocked 22ms
03-11 15:18:34.170 D/dalvikvm(  769): WAIT_FOR_CONCURRENT_GC blocked 27ms
03-11 15:18:34.170 D/dalvikvm( 1415): Trying to load lib /data/app-lib/com.facebook.katana-1/libfb_stl_shared.so 0x428d3258
03-11 15:18:34.170 D/dalvikvm( 1415): Added shared lib /data/app-lib/com.facebook.katana-1/libfb_stl_shared.so 0x428d3258
03-11 15:18:34.170 D/dalvikvm( 1415): No JNI_OnLoad found in /data/app-lib/com.facebook.katana-1/libfb_stl_shared.so 0x428d3258, skipping init
03-11 15:18:34.170 I/BootReceiver(  769): Copying audit failures to DropBox
03-11 15:18:34.180 D/dalvikvm( 1415): Trying to load lib /data/app-lib/com.facebook.katana-1/libfb_breakpad_client.so 0x428d3258
03-11 15:18:34.180 D/dalvikvm( 1415): Added shared lib /data/app-lib/com.facebook.katana-1/libfb_breakpad_client.so 0x428d3258
03-11 15:18:34.180 I/BootReceiver(  769): Copied 2047 worth of audits to DropBox
03-11 15:18:34.200 W/SystemClassLoaderAdder( 1415): Could not find zipFile entry corresponding to path /data/app/com.facebook.katana-1.apk
03-11 15:18:34.200 V/DexLibLoader( 1415): Preparing secondary program dexes.
03-11 15:18:34.200 D/dalvikvm(  182): GC_EXPLICIT freed 43K, 1% free 16691K/16768K, paused 1ms+1ms, total 15ms
03-11 15:18:34.200 I/BootReceiver(  769): Checking for fsck errors
