03-10 17:41:06.793 I/GCoreUlr( 1122): Starting service, intent=Intent { cmp=com.google.android.gms/com.google.android.location.reporting.service.DispatchingService (has extras) }, extras=Bundle[{intentType=2, receiverAction=android.location.PROVIDERS_CHANGED}]
03-10 17:41:06.793 D/BluetoothAdapter(  910): 1106126648: getState() :  mService = null. Returning STATE_OFF
03-10 17:41:06.793 I/MediaFocusControl(  658):  AudioFocus  abandonAudioFocus() from android.media.AudioManager@41f80840com.google.apps.dots.android.newsstand.audio.AudioPlayerService$3@41f27720
03-10 17:41:06.793 I/MediaFocusControl(  658):   Remote Control   unregisterMediaButtonIntent() for PendingIntent{4220c1f0: PendingIntentRecord{425ff990 com.google.android.apps.magazines broadcastIntent}}
03-10 17:41:06.798 I/ActivityManager(  658): Start proc com.google.android.nfcprovision for broadcast com.google.android.nfcprovision/.BootReceiver: pid=1555 uid=10046 gids={50046, 1028, 3002, 3001, 3003}
03-10 17:41:06.803 I/ActivityManager(  658): Start proc com.google.android.partnersetup for broadcast com.google.android.partnersetup/.PhoneStateReceiver: pid=1228 uid=10028 gids={50028, 3003}
03-10 17:41:06.843 D/dalvikvm( 1175): GC_CONCURRENT freed 307K, 4% free 9528K/9868K, paused 3ms+1ms, total 15ms
03-10 17:41:06.848 I/ActivityManager(  658): Start proc com.google.android.deskclock for broadcast com.google.android.deskclock/com.android.deskclock.AlarmInitReceiver: pid=1568 uid=10015 gids={50015, 1028}
03-10 17:41:06.853 D/dalvikvm(  658): GC_EXPLICIT freed 2517K, 16% free 16251K/19120K, paused 2ms+5ms, total 69ms
03-10 17:41:06.853 I/GCoreUlr( 1122): WorldUpdater received intent Intent { cmp=com.google.android.gms/com.google.android.location.reporting.service.DispatchingService (has extras) } with receiverAction android.location.PROVIDERS_CHANGED, forceUpdate false
03-10 17:41:06.873 I/MultiDex( 1083): load(/data/app/com.google.android.gms-2.apk, forceReload=false)
03-10 17:41:06.883 D/BrcmNfcJni(  953): RoutingManager::initialize(): try ee register
03-10 17:41:06.883 D/BrcmNfcJni(  953): RoutingManager::nfaEeCallback: NFA_EE_REGISTER_EVT; status=0
03-10 17:41:06.883 D/BrcmNfcJni(  953): nfaEeCallback: NFA_EE_DISCOVER_REQ_EVT; status=0x0; num ee=0
03-10 17:41:06.883 D/BrcmNfcJni(  953): RoutingManager::initialize(): default route is 0x00
03-10 17:41:06.883 D/BrcmNfcJni(  953): RoutingManager::nfaEeCallback: NFA_EE_SET_TECH_CFG_EVT; status=0x0
03-10 17:41:06.883 D/BrcmNfcJni(  953): RoutingManager::nfaEeCallback: NFA_EE_SET_PROTO_CFG_EVT; status=0x0
03-10 17:41:06.883 E/BrcmNfcNfa(  953): UICC[0x0] is not activated
03-10 17:41:06.883 E/BrcmNfcNfa(  953): UICC[0x0] is not activated
03-10 17:41:06.883 D/BrcmNfcJni(  953): RoutingManager::stackCallback: event=0x15
03-10 17:41:06.883 D/BrcmNfcJni(  953): RoutingManager::stackCallback: NFA_CE_REGISTERED_EVT; status=0x0; h=0x302
03-10 17:41:06.893 D/NdefPushServer(  953): start, thread = null
03-10 17:41:06.893 D/NdefPushServer(  953): starting new server thread
03-10 17:41:06.893 D/NdefPushServer(  953): about create LLCP service socket
03-10 17:41:06.893 D/NdefPushServer(  953): created LLCP service socket
03-10 17:41:06.893 D/NdefPushServer(  953): about to accept
03-10 17:41:06.893 D/NfcService(  953): NFC-EE OFF
03-10 17:41:06.893 E/BrcmNfcJni(  953): nfcManager_doDeselectSecureElement: already deselected
03-10 17:41:06.893 D/NfcService(  953): NFC-C OFF
03-10 17:41:06.913 D/dalvikvm( 1024): GC_CONCURRENT freed 244K, 3% free 9439K/9724K, paused 3ms+2ms, total 15ms
03-10 17:41:06.913 D/dalvikvm( 1083): GC_EXPLICIT freed 229K, 3% free 9472K/9732K, paused 2ms+13ms, total 38ms
03-10 17:41:06.938 I/ActivityManager(  658): Delay finish: com.google.android.deskclock/com.android.deskclock.AlarmInitReceiver
03-10 17:41:06.943 I/MultiDex( 1083): Need extracted file /data/data/com.google.android.gms/files/secondary-dexes/com.google.android.gms-2.apk.classes2.zip
03-10 17:41:06.943 I/MultiDex( 1083): No extraction needed for /data/data/com.google.android.gms/files/secondary-dexes/com.google.android.gms-2.apk.classes2.zip of size 1430457
03-10 17:41:06.943 D/GCM     ( 1083): COMPAT: Multi user ser=0 current=0
03-10 17:41:06.973 D/dalvikvm( 1122): GC_CONCURRENT freed 363K, 4% free 10112K/10516K, paused 2ms+2ms, total 20ms
03-10 17:41:06.983 I/ActivityManager(  658): Start proc com.facebook.katana:dash_service for broadcast com.facebook.katana/com.facebook.keyguardservice.KeyguardServiceBooter: pid=1265 uid=10114 gids={50114, 1028, 1015, 3003}
03-10 17:41:07.033 I/GCoreUlr( 1122): Ensuring that reporting is stopped because of reasons: {account#-17#=[InactiveReason{mVersionCode=0, mIdentifier=6, mName='ReportingNotSelected'}]}
03-10 17:41:07.033 D/GCoreFlp( 1122): Unknown pending intent to remove.
03-10 17:41:07.033 I/GCoreUlr( 1122): Unbound from all location providers
03-10 17:41:07.043 W/GCM     ( 1083): Using fallback http
03-10 17:41:07.043 I/GoogleHttpClient( 1083): Falling back to old http client 0 java.lang.NoSuchMethodException: <init> [class android.content.Context, class java.lang.String, boolean]
03-10 17:41:07.063 I/GCM     ( 1083): GCM config loaded
03-10 17:41:07.063 D/GCM     ( 1083): GcmService start Intent { act=com.google.android.gms.INITIALIZE flg=0x10 pkg=com.google.android.gms cmp=com.google.android.gms/.gcm.GcmService } com.google.android.gms.INITIALIZE
03-10 17:41:07.083 D/dalvikvm( 1083): GC_CONCURRENT freed 284K, 4% free 9700K/10080K, paused 1ms+2ms, total 14ms
03-10 17:41:07.083 D/dalvikvm( 1083): WAIT_FOR_CONCURRENT_GC blocked 5ms
03-10 17:41:07.123 D/ConnectivityService(  658): handleInetConditionChange: no active default network - ignore
03-10 17:41:07.153 D/CatchMeIfYouCan( 1265): Process (dash_service) ca: '/data/data/com.facebook.katana/app_cmiyc/FC3D6AF0DCAD751E9720A8A1538A89840AD3817701'
03-10 17:41:07.153 D/CatchMeIfYouCan( 1265): Process (dash_service) fc: '/data/data/com.facebook.katana/app_cmiyc/FC3D6AF0DCAD751E9720A8A1538A89840AD3817702'
03-10 17:41:07.153 D/CatchMeIfYouCan( 1265): Process (dash_service) cp: '('default', 3, 120000, silent [true], restart [false], logout [false])'
03-10 17:41:07.173 D/ACRA    ( 1265): ACRA is enabled for com.facebook.katana, intializing...
03-10 17:41:07.183 D/ACRA    ( 1265): Looking for error files in /data/data/com.facebook.katana/app_acra-reports
03-10 17:41:07.183 D/ACRA    ( 1265): Looking for error files in /data/data/com.facebook.katana/app_minidumps
03-10 17:41:07.193 D/dalvikvm( 1265): Trying to load lib /data/app-lib/com.facebook.katana-2/libfb_stl_shared.so 0x41edb640
03-10 17:41:07.203 D/dalvikvm( 1265): Added shared lib /data/app-lib/com.facebook.katana-2/libfb_stl_shared.so 0x41edb640
03-10 17:41:07.203 D/dalvikvm( 1265): No JNI_OnLoad found in /data/app-lib/com.facebook.katana-2/libfb_stl_shared.so 0x41edb640, skipping init
03-10 17:41:07.203 D/dalvikvm( 1265): Trying to load lib /data/app-lib/com.facebook.katana-2/libfb_breakpad_client.so 0x41edb640
03-10 17:41:07.203 D/dalvikvm( 1265): Added shared lib /data/app-lib/com.facebook.katana-2/libfb_breakpad_client.so 0x41edb640
03-10 17:41:07.213 W/SystemClassLoaderAdder( 1265): Could not find zipFile entry corresponding to path /data/app/com.facebook.katana-2.apk
03-10 17:41:07.213 V/DexLibLoader( 1265): Preparing secondary program dexes.
03-10 17:41:07.213 V/DexLibLoader( 1265): Loaded 2 raw lines of metadata.
03-10 17:41:07.213 V/DexLibLoader( 1265): Secondary program dex metadata: secondary-1.dex.jar.xz 188f1cf98e7929d7457e2cdf72a0777981e1fc27 secondary.dex01.Canary
03-10 17:41:07.223 V/DexLibLoader( 1265): Secondary program dex metadata: secondary-2.dex.jar.xz 14314443648960c2f9d1e4924306d1af2de75315 secondary.dex02.Canary
03-10 17:41:07.223 W/DexLibLoader( 1265): Unexpected file in program dex directory: /data/data/com.facebook.katana/app_secondary_program_dex/temp_dex_lock
03-10 17:41:07.223 V/DexLibLoader( 1265): Preparing to extract secondary-1.dex.jar.xz to /data/data/com.facebook.katana/app_secondary_program_dex/program-188f1cf98e7929d7457e2cdf72a0777981e1fc2731a2345d.dex.jar
03-10 17:41:07.223 V/DexLibLoader( 1265): Dex already copied
03-10 17:41:07.223 D/OdexVerifier( 1265): Odex verification is skipped. OS version not supported.
03-10 17:41:07.223 V/DexLibLoader( 1265): Creating class loader
03-10 17:41:07.233 V/DexLibLoader( 1265): Finished creating class loader
03-10 17:41:07.233 V/DexLibLoader( 1265): Preparing to extract secondary-2.dex.jar.xz to /data/data/com.facebook.katana/app_secondary_program_dex/program-14314443648960c2f9d1e4924306d1af2de7531531a2345d.dex.jar
03-10 17:41:07.233 V/DexLibLoader( 1265): Dex already copied
03-10 17:41:07.233 D/OdexVerifier( 1265): Odex verification is skipped. OS version not supported.
03-10 17:41:07.233 V/DexLibLoader( 1265): Creating class loader
03-10 17:41:07.243 D/dalvikvm( 1265): GC_CONCURRENT freed 275K, 4% free 9142K/9448K, paused 2ms+9ms, total 29ms
03-10 17:41:07.243 V/DexLibLoader( 1265): Finished creating class loader
03-10 17:41:07.243 V/DexLibLoader( 1265): Verifying classes from secondary dexes.
03-10 17:41:07.263 D/DexLibLoader( 1265): DexLibLoader.ensureDexLoaded took 63 ms
03-10 17:41:07.328 W/ActivityManager(  658): Unable to start service Intent { act=com.google.android.gms.analytics.service.START cmp=com.google.android.gms/.analytics.service.AnalyticsService (has extras) } U=0: not found
03-10 17:41:07.474 D/WifiStateMachine(  658): VerifyingLinkState enter
03-10 17:41:07.484 D/WifiStateMachine(  658): VerifyingLinkState GOOD_LINK_DETECTED: transition to captive portal check
03-10 17:41:07.484 D/WifiStateMachine(  658): CaptivePortalCheckState enter
03-10 17:41:07.484 D/WifiStateMachine(  658): CaptivePortalCheckState CMD_CAPTIVE_CHECK_COMPLETE
03-10 17:41:07.484 D/ConnectivityService(  658): Captive portal check NetworkInfo: type: WIFI[], state: CONNECTING/CAPTIVE_PORTAL_CHECK, reason: (unspecified), extra: "kariniemi", roaming: false, failover: false, isAvailable: true, isConnectedToProvisioningNetwork: false
03-10 17:41:07.484 D/ConnectivityService(  658): handleCaptivePortalTrackerCheck: call captivePortalCheckComplete ni=NetworkInfo: type: WIFI[], state: CONNECTING/CAPTIVE_PORTAL_CHECK, reason: (unspecified), extra: "kariniemi", roaming: false, failover: false, isAvailable: true, isConnectedToProvisioningNetwork: false
03-10 17:41:07.494 D/ConnectivityService(  658): ConnectivityChange for WIFI: CONNECTED/CONNECTED
03-10 17:41:07.494 E/ConnectivityService(  658): Unexpected mtu value: android.net.wifi.WifiStateTracker@4253e330
03-10 17:41:07.514 D/Nat464Xlat(  658): requiresClat: netType=1, hasIPv4Address=true
03-10 17:41:07.524 W/ProcessCpuTracker(  658): Skipping unknown process pid 782
03-10 17:41:07.524 W/ProcessCpuTracker(  658): Skipping unknown process pid 788
03-10 17:41:07.524 W/ProcessCpuTracker(  658): Skipping unknown process pid 806
03-10 17:41:07.534 W/ProcessCpuTracker(  658): Skipping unknown process pid 1310
03-10 17:41:07.584 D/dalvikvm( 1265): GC_CONCURRENT freed 360K, 5% free 9216K/9612K, paused 2ms+2ms, total 17ms
03-10 17:41:07.674 D/dalvikvm( 1265): GC_CONCURRENT freed 307K, 4% free 9370K/9712K, paused 2ms+2ms, total 17ms
03-10 17:41:07.764 D/dalvikvm( 1265): GC_CONCURRENT freed 295K, 4% free 9539K/9868K, paused 1ms+3ms, total 21ms
03-10 17:41:07.864 D/dalvikvm( 1265): GC_CONCURRENT freed 312K, 4% free 9704K/10048K, paused 2ms+2ms, total 20ms
03-10 17:41:07.954 D/dalvikvm( 1265): GC_CONCURRENT freed 305K, 4% free 9883K/10220K, paused 2ms+3ms, total 24ms
03-10 17:41:08.054 D/dalvikvm( 1265): GC_CONCURRENT freed 295K, 4% free 10024K/10352K, paused 2ms+3ms, total 22ms
03-10 17:41:08.134 D/dalvikvm( 1265): GC_CONCURRENT freed 355K, 4% free 10167K/10556K, paused 2ms+2ms, total 22ms
03-10 17:41:08.164 D/BluetoothManagerService(  658): Message: 30
03-10 17:41:08.184 W/ContextImpl(  658): Calling a method in the system process without a qualified user: android.app.ContextImpl.bindService:1543 android.bluetooth.BluetoothHeadset.doBind:283 android.bluetooth.BluetoothHeadset.<init>:276 android.bluetooth.BluetoothAdapter.getProfileProxy:1181 android.media.AudioService.getBluetoothHeadset:2245 
03-10 17:41:08.184 W/ContextImpl(  658): Calling a method in the system process without a qualified user: android.app.ContextImpl.bindService:1543 android.bluetooth.BluetoothA2dp.doBind:165 android.bluetooth.BluetoothA2dp.<init>:158 android.bluetooth.BluetoothAdapter.getProfileProxy:1184 android.media.AudioService$AudioServiceBroadcastReceiver.onReceive:4166 
03-10 17:41:08.184 V/WiredAccessoryManager(  658): init()
03-10 17:41:08.194 D/BluetoothManagerService(  658): Message: 30
03-10 17:41:08.194 I/PowerManagerService(  658): Boot animation finished.
03-10 17:41:08.219 I/ActivityManager(  658): Resuming delayed broadcast
03-10 17:41:08.224 I/RecoverySystem(  658): No recovery log file
03-10 17:41:08.229 I/ActivityManager(  658): Start proc com.google.android.email for broadcast com.google.android.email/com.android.email.service.EmailBroadcastReceiver: pid=1600 uid=10018 gids={50018, 3003, 1028, 1015}
03-10 17:41:08.234 I/ActivityManager(  658): Start proc com.facebook.katana for content provider com.facebook.katana/.provider.orca.FbSharedPreferencesContentProvider: pid=1329 uid=10114 gids={50114, 1028, 1015, 3003}
03-10 17:41:08.244 I/ActivityManager(  658): Start proc com.android.providers.calendar for broadcast com.android.providers.calendar/.CalendarReceiver: pid=1338 uid=10008 gids={50008, 3003, 1028, 1015}
03-10 17:41:08.294 I/ActivityManager(  658): Start proc com.chrome.beta for service com.chrome.beta/com.google.android.apps.chrome.sync.ChromeBrowserSyncAdapterService: pid=1363 uid=10110 gids={50110, 3003, 1028, 1015}
03-10 17:41:08.314 D/dalvikvm(  185): GC_EXPLICIT freed 42K, 1% free 8980K/9056K, paused 2ms+3ms, total 21ms
03-10 17:41:08.334 D/dalvikvm(  185): GC_EXPLICIT freed <1K, 1% free 8980K/9056K, paused 1ms+3ms, total 17ms
03-10 17:41:08.344 D/dalvikvm(  185): GC_EXPLICIT freed <1K, 1% free 8980K/9056K, paused 2ms+2ms, total 18ms
03-10 17:41:08.349 D/ActivityThread( 1600): Loading provider com.google.android.email.provider;com.google.android.email.notifier: com.android.email.provider.EmailProvider
03-10 17:41:08.354 I/ActivityManager(  658): Start proc com.google.android.apps.plus for service com.google.android.apps.plus/.service.EsSyncAdapterService: pid=1381 uid=10054 gids={50054, 3003, 3002, 1028, 1015}
03-10 17:41:08.385 D/CatchMeIfYouCan( 1329): Process (<default>) ca: '/data/user/0/com.facebook.katana/app_cmiyc/A1657CCD543F12E66E587EE52ED9D802E22AAC4701'
03-10 17:41:08.385 D/CatchMeIfYouCan( 1329): Process (<default>) fc: '/data/user/0/com.facebook.katana/app_cmiyc/A1657CCD543F12E66E587EE52ED9D802E22AAC4702'
03-10 17:41:08.385 D/CatchMeIfYouCan( 1329): Process (<default>) cp: '('default', 3, 120000, silent [true], restart [false], logout [false])'
03-10 17:41:08.385 D/ACRA    ( 1329): ACRA is enabled for com.facebook.katana, intializing...
03-10 17:41:08.389 I/ActivityManager(  658): Delay finish: com.google.android.email/com.android.email.service.EmailBroadcastReceiver
03-10 17:41:08.395 D/ACRA    ( 1329): Looking for error files in /data/user/0/com.facebook.katana/app_acra-reports
03-10 17:41:08.395 D/ACRA    ( 1329): Looking for error files in /data/user/0/com.facebook.katana/app_minidumps
03-10 17:41:08.395 D/dalvikvm( 1329): Trying to load lib /data/app-lib/com.facebook.katana-2/libfb_stl_shared.so 0x41ee8050
03-10 17:41:08.395 D/dalvikvm( 1329): Added shared lib /data/app-lib/com.facebook.katana-2/libfb_stl_shared.so 0x41ee8050
03-10 17:41:08.395 D/dalvikvm( 1329): No JNI_OnLoad found in /data/app-lib/com.facebook.katana-2/libfb_stl_shared.so 0x41ee8050, skipping init
03-10 17:41:08.395 I/BootReceiver(  658): Copying /proc/last_kmsg to DropBox (SYSTEM_LAST_KMSG)
03-10 17:41:08.405 D/dalvikvm( 1329): Trying to load lib /data/app-lib/com.facebook.katana-2/libfb_breakpad_client.so 0x41ee8050
03-10 17:41:08.415 D/dalvikvm( 1329): Added shared lib /data/app-lib/com.facebook.katana-2/libfb_breakpad_client.so 0x41ee8050
03-10 17:41:08.425 D/dalvikvm( 1329): GC_CONCURRENT freed 240K, 3% free 9150K/9424K, paused 2ms+1ms, total 23ms
03-10 17:41:08.425 W/SystemClassLoaderAdder( 1329): Could not find zipFile entry corresponding to path /data/app/com.facebook.katana-2.apk
03-10 17:41:08.425 V/DexLibLoader( 1329): Preparing secondary program dexes.
03-10 17:41:08.425 V/DexLibLoader( 1329): Loaded 2 raw lines of metadata.
03-10 17:41:08.425 V/DexLibLoader( 1329): Secondary program dex metadata: secondary-1.dex.jar.xz 188f1cf98e7929d7457e2cdf72a0777981e1fc27 secondary.dex01.Canary
03-10 17:41:08.425 V/DexLibLoader( 1329): Secondary program dex metadata: secondary-2.dex.jar.xz 14314443648960c2f9d1e4924306d1af2de75315 secondary.dex02.Canary
03-10 17:41:08.425 W/DexLibLoader( 1329): Unexpected file in program dex directory: /data/user/0/com.facebook.katana/app_secondary_program_dex/temp_dex_lock
03-10 17:41:08.425 V/DexLibLoader( 1329): Preparing to extract secondary-1.dex.jar.xz to /data/user/0/com.facebook.katana/app_secondary_program_dex/program-188f1cf98e7929d7457e2cdf72a0777981e1fc2731a2345d.dex.jar
03-10 17:41:08.425 V/DexLibLoader( 1329): Dex already copied
03-10 17:41:08.435 D/OdexVerifier( 1329): Odex verification is skipped.
03-10 17:41:08.435 V/DexLibLoader( 1329): Creating class loader
03-10 17:41:08.435 V/DexLibLoader( 1329): Finished creating class loader
03-10 17:41:08.435 V/DexLibLoader( 1329): Preparing to extract secondary-2.dex.jar.xz to /data/user/0/com.facebook.katana/app_secondary_program_dex/program-14314443648960c2f9d1e4924306d1af2de7531531a2345d.dex.jar
03-10 17:41:08.435 V/DexLibLoader( 1329): Dex already copied
03-10 17:41:08.435 D/OdexVerifier( 1329): Odex verification is skipped.
03-10 17:41:08.435 V/DexLibLoader( 1329): Creating class loader
03-10 17:41:08.435 V/DexLibLoader( 1329): Finished creating class loader
03-10 17:41:08.435 V/DexLibLoader( 1329): Verifying classes from secondary dexes.
03-10 17:41:08.435 D/DexLibLoader( 1329): DexLibLoader.ensureDexLoaded took 18 ms
03-10 17:41:08.465 D/dalvikvm(  658): GC_CONCURRENT freed 1286K, 13% free 16747K/19120K, paused 4ms+4ms, total 66ms
03-10 17:41:08.509 W/ActivityManager(  658): Unable to start service Intent { cmp=com.google.android.email/com.android.email.service.AttachmentDownloadService } U=0: not found
03-10 17:41:08.525 D/ConnectivityService(  658): handleConnectivityChange: addresses changed linkProperty[1]: resetMask=0
03-10 17:41:08.525 D/ConnectivityService(  658):    car=removed=[] added=[fe80::beee:7bff:fe4c:a773/64,]
03-10 17:41:08.525 D/Nat464Xlat(  658): requiresClat: netType=1, hasIPv4Address=true
03-10 17:41:08.529 W/ActivityManager(  658): Unable to start service Intent { cmp=com.google.android.email/com.android.email.service.AttachmentDownloadService } U=0: not found
03-10 17:41:08.535 I/BootReceiver(  658): Copying audit failures to DropBox
03-10 17:41:08.545 I/BootReceiver(  658): Copied 937 worth of audits to DropBox
03-10 17:41:08.555 I/CalendarProvider2( 1338): Created com.android.providers.calendar.CalendarAlarmManager@41ef24c8(com.android.providers.calendar.CalendarProvider2@41eea198)
03-10 17:41:08.555 D/dalvikvm( 1329): GC_CONCURRENT freed 330K, 4% free 9298K/9660K, paused 2ms+3ms, total 27ms
03-10 17:41:08.575 I/ActivityManager(  658): Delay finish: com.android.providers.calendar/.CalendarReceiver
03-10 17:41:08.579 I/ActivityManager(  658): Delaying start of: ServiceRecord{4285adf0 u0 com.google.android.exchange/com.android.exchange.service.EmailSyncAdapterService}
03-10 17:41:08.605 D/dalvikvm( 1381): Trying to load lib /data/app-lib/com.google.android.apps.plus-2/libcrashreporter.so 0x41ed8350
03-10 17:41:08.605 D/dalvikvm( 1381): Added shared lib /data/app-lib/com.google.android.apps.plus-2/libcrashreporter.so 0x41ed8350
03-10 17:41:08.625 D/dalvikvm( 1329): GC_CONCURRENT freed 328K, 4% free 9416K/9780K, paused 2ms+3ms, total 16ms
03-10 17:41:08.625 I/BootReceiver(  658): Checking for fsck errors
03-10 17:41:08.625 I/BootReceiver(  658): Copying /data/tombstones/mdm to DropBox (SYSTEM_TOMBSTONE)
03-10 17:41:08.635 E/BootReceiver(  658): Can't log boot events
03-10 17:41:08.635 E/BootReceiver(  658): java.io.FileNotFoundException: /data/tombstones/mdm: open failed: EISDIR (Is a directory)
03-10 17:41:08.635 E/BootReceiver(  658): 	at libcore.io.IoBridge.open(IoBridge.java:409)
03-10 17:41:08.635 E/BootReceiver(  658): 	at java.io.FileInputStream.<init>(FileInputStream.java:78)
03-10 17:41:08.635 E/BootReceiver(  658): 	at android.os.FileUtils.readTextFile(FileUtils.java:229)
03-10 17:41:08.635 E/BootReceiver(  658): 	at com.android.server.BootReceiver.addFileToDropBox(BootReceiver.java:177)
03-10 17:41:08.635 E/BootReceiver(  658): 	at com.android.server.BootReceiver.logBootEvents(BootReceiver.java:138)
03-10 17:41:08.635 E/BootReceiver(  658): 	at com.android.server.BootReceiver.access$000(BootReceiver.java:42)
03-10 17:41:08.635 E/BootReceiver(  658): 	at com.android.server.BootReceiver$1.run(BootReceiver.java:70)
03-10 17:41:08.635 E/BootReceiver(  658): Caused by: libcore.io.ErrnoException: open failed: EISDIR (Is a directory)
03-10 17:41:08.635 E/BootReceiver(  658): 	at libcore.io.IoBridge.open(IoBridge.java:398)
03-10 17:41:08.635 E/BootReceiver(  658): 	... 6 more
03-10 17:41:08.645 D/dalvikvm( 1381): GC_CONCURRENT freed 205K, 3% free 9166K/9412K, paused 3ms+2ms, total 26ms
03-10 17:41:08.655 D/DelayedSyncController( 1363): Delaying sync.
03-10 17:41:08.705 D/dalvikvm( 1329): GC_CONCURRENT freed 299K, 4% free 9582K/9916K, paused 1ms+2ms, total 15ms
03-10 17:41:08.745 D/dalvikvm( 1381): GC_CONCURRENT freed 270K, 4% free 9398K/9700K, paused 3ms+2ms, total 15ms
03-10 17:41:08.805 D/dalvikvm( 1329): GC_CONCURRENT freed 276K, 4% free 9761K/10068K, paused 2ms+3ms, total 18ms
03-10 17:41:08.815 I/EsSyncAdapterService( 1381): G+ sync (full, periodic) started.
03-10 17:41:08.825 I/EsService( 1381): readResults: read results: 15, lastRequestId: 2658
03-10 17:41:08.889 I/ActivityManager(  658): Start proc com.google.android.exchange for service com.google.android.exchange/com.android.exchange.service.EmailSyncAdapterService: pid=1628 uid=10019 gids={50019, 3003, 1028, 1015}
03-10 17:41:08.905 D/dalvikvm( 1329): GC_CONCURRENT freed 329K, 4% free 9896K/10260K, paused 3ms+3ms, total 24ms
03-10 17:41:08.935 D/dalvikvm( 1381): GC_CONCURRENT freed 251K, 3% free 9555K/9840K, paused 17ms+3ms, total 31ms
03-10 17:41:08.945 I/iu.UploadsManager( 1381): #reloadSettings(); account: null; pageID: none; IU: disabled; IS: disabled; photoWiFi: true; videoWiFi: true; roam: false; battery: true; size: FULL; maxMobile: 157286400
03-10 17:41:08.990 I/ActivityManager(  658): Resuming delayed broadcast
03-10 17:41:09.000 I/ActivityManager(  658): Delay finish: com.google.android.syncadapters.contacts/.ContactsSyncAdapterBroadcastReceiver
03-10 17:41:09.005 D/dalvikvm( 1329): GC_CONCURRENT freed 314K, 3% free 10115K/10420K, paused 3ms+2ms, total 31ms
03-10 17:41:09.020 I/ActivityManager(  658): Resuming delayed broadcast
03-10 17:41:09.035 I/EsSyncAdapterService( 1381): G+ sync (full, periodic) finished. Elapsed time: 212ms
03-10 17:41:09.035 D/dalvikvm(  858): GC_CONCURRENT freed 209K, 3% free 9160K/9400K, paused 2ms+1ms, total 21ms
03-10 17:41:09.035 I/iu.Environment( 1381): update battery state; isPlugged? true*
03-10 17:41:09.035 I/iu.Environment( 1381): update connectivity state; isNetworkMetered? false, isRoaming? false, isBackgroundDataAllowed? true*
03-10 17:41:09.035 I/iu.FingerprintManager( 1381): Start processing all media
03-10 17:41:09.035 I/iu.FingerprintManager( 1381): Start processing media store URI: content://media/external/images/media
03-10 17:41:09.045 I/iu.UploadsManager( 1381): End new media; added: 0, uploading: 0, time: 92 ms
03-10 17:41:09.045 I/iu.FingerprintManager( 1381): Start processing media store URI: content://media/external/video/media
03-10 17:41:09.045 I/iu.FingerprintManager( 1381): Start processing media store URI: content://media/phoneStorage/images/media
03-10 17:41:09.050 I/ActivityManager(  658): Start proc com.android.vending for broadcast com.android.vending/com.google.android.finsky.receivers.BootCompletedReceiver: pid=1644 uid=10052 gids={50052, 3003, 1028, 1015}
03-10 17:41:09.055 I/iu.FingerprintManager( 1381): Start processing media store URI: content://media/phoneStorage/video/media
03-10 17:41:09.055 I/iu.FingerprintManager( 1381): Finished generating fingerprints; 0.019 seconds
03-10 17:41:09.055 I/iu.FingerprintManager( 1381):   numSeen=0 numGenerated=0 numDeleted=0 numFailed=0
03-10 17:41:09.095 D/dalvikvm( 1329): GC_CONCURRENT freed 346K, 4% free 10259K/10636K, paused 2ms+3ms, total 23ms
03-10 17:41:09.105 W/dalvikvm( 1329): method Lcom/facebook/reflex/view/AbstractListView;.invalidate incorrectly overrides package-private method with same name in Landroid/view/View;
03-10 17:41:09.105 W/dalvikvm( 1329): method Lcom/facebook/reflex/view/GalleryViewAutoReflex;.invalidate incorrectly overrides package-private method with same name in Landroid/view/View;
03-10 17:41:09.115 W/dalvikvm( 1329): method Lcom/facebook/reflex/view/HorizontalScrollViewAutoReflex;.invalidate incorrectly overrides package-private method with same name in Landroid/view/View;
03-10 17:41:09.115 W/dalvikvm( 1329): method Lcom/facebook/reflex/view/ImageViewAutoReflex;.invalidate incorrectly overrides package-private method with same name in Landroid/view/View;
03-10 17:41:09.125 W/dalvikvm( 1329): method Lcom/facebook/reflex/view/ScrollViewAutoReflex;.invalidate incorrectly overrides package-private method with same name in Landroid/view/View;
03-10 17:41:09.125 W/dalvikvm( 1329): method Lcom/facebook/reflex/view/ViewPagerAutoReflex;.invalidate incorrectly overrides package-private method with same name in Landroid/view/View;
03-10 17:41:09.215 D/dalvikvm( 1329): GC_CONCURRENT freed 314K, 4% free 10454K/10800K, paused 1ms+2ms, total 23ms
03-10 17:41:09.305 D/dalvikvm( 1329): GC_CONCURRENT freed 277K, 3% free 10691K/11000K, paused 2ms+3ms, total 31ms
03-10 17:41:09.305 D/dalvikvm( 1329): WAIT_FOR_CONCURRENT_GC blocked 15ms
03-10 17:41:09.416 D/dalvikvm( 1329): GC_CONCURRENT freed 333K, 4% free 10931K/11296K, paused 2ms+3ms, total 35ms
03-10 17:41:09.416 D/dalvikvm( 1329): WAIT_FOR_CONCURRENT_GC blocked 12ms
03-10 17:41:09.440 W/ActivityManager(  658): Unable to start service Intent { act=com.google.android.gms.analytics.service.START cmp=com.google.android.gms/.analytics.service.AnalyticsService (has extras) } U=0: not found
03-10 17:41:09.450 I/ActivityManager(  658): Delay finish: com.google.android.gms/.common.status.StatusServiceLauncherBroadcastReceiver
03-10 17:41:09.460 I/ActivityManager(  658): Resuming delayed broadcast
03-10 17:41:09.470 I/ActivityManager(  658): Delay finish: com.google.android.keep/.notification.AlertReceiver
03-10 17:41:09.470 I/ActivityManager(  658): Resuming delayed broadcast
03-10 17:41:09.480 I/ActivityManager(  658): Start proc com.google.android.calendar for broadcast com.google.android.calendar/com.android.calendar.alerts.AlertReceiver: pid=1692 uid=10007 gids={50007, 3003}
03-10 17:41:09.500 I/ActivityManager(  658): Start proc com.google.android.gms.ui for service com.google.android.gms/.auth.authzen.GcmReceiverService: pid=1706 uid=10023 gids={50023, 3003, 1007, 3002, 3001, 1028, 1015, 3007, 2001, 3006}
03-10 17:41:09.566 D/dalvikvm( 1329): GC_CONCURRENT freed 424K, 4% free 11161K/11616K, paused 3ms+3ms, total 44ms
03-10 17:41:09.566 D/dalvikvm( 1329): WAIT_FOR_CONCURRENT_GC blocked 15ms
03-10 17:41:09.576 I/CalendarProvider2( 1338): Sending notification intent: Intent { act=android.intent.action.PROVIDER_CHANGED dat=content://com.android.calendar }
03-10 17:41:09.576 W/ContentResolver( 1338): Failed to get type for: content://com.android.calendar (Unknown URL content://com.android.calendar)
03-10 17:41:09.576 I/ActivityManager(  658): Resuming delayed broadcast
03-10 17:41:09.586 I/ActivityManager(  658): Start proc com.google.android.configupdater for broadcast com.google.android.configupdater/.CertPin.CertPinUpdateRequestReceiver: pid=1446 uid=10011 gids={50011, 3003, 2001}
03-10 17:41:09.656 E/UpdateRequestReceiver( 1446): ignoring update request
03-10 17:41:09.656 E/UpdateRequestReceiver( 1446): ignoring update request
03-10 17:41:09.666 E/UpdateRequestReceiver( 1446): ignoring update request
03-10 17:41:09.666 E/UpdateRequestReceiver( 1446): ignoring update request
03-10 17:41:09.666 E/UpdateRequestReceiver( 1446): ignoring update request
03-10 17:41:09.680 I/ActivityManager(  658): Delay finish: com.google.android.calendar/com.android.calendar.alerts.AlertReceiver
03-10 17:41:09.686 D/dalvikvm( 1446): GC_CONCURRENT freed 341K, 4% free 9032K/9408K, paused 1ms+2ms, total 17ms
03-10 17:41:09.686 E/UpdateRequestReceiver( 1446): ignoring update request
03-10 17:41:09.696 I/ActivityManager(  658): Delay finish: com.android.providers.downloads/.DownloadReceiver
03-10 17:41:09.716 I/ActivityManager(  658): Resuming delayed broadcast
03-10 17:41:09.726 W/dalvikvm( 1329): method Lcom/facebook/reflex/view/FrameLayoutAutoReflex;.invalidate incorrectly overrides package-private method with same name in Landroid/view/View;
03-10 17:41:09.726 I/ActivityManager(  658): Start proc com.google.android.onetimeinitializer for broadcast com.google.android.onetimeinitializer/.OneTimeInitializerReceiver: pid=1473 uid=10027 gids={50027}
03-10 17:41:09.756 V/OneTimeInitializerReceiver( 1473): OneTimeInitializerReceiver.onReceive
03-10 17:41:09.756 I/ActivityManager(  658): Delay finish: com.google.android.onetimeinitializer/.OneTimeInitializerReceiver
03-10 17:41:09.766 V/OneTimeService( 1473): OneTimeService.onHandleIntent
03-10 17:41:09.770 I/ActivityManager(  658): Resuming delayed broadcast
03-10 17:41:09.776 D/dalvikvm( 1329): GC_CONCURRENT freed 478K, 5% free 11414K/11924K, paused 1ms+3ms, total 35ms
03-10 17:41:09.776 D/dalvikvm( 1329): WAIT_FOR_CONCURRENT_GC blocked 7ms
03-10 17:41:09.776 I/ActivityManager(  658): Resuming delayed broadcast
03-10 17:41:09.780 I/ActivityManager(  658): Start proc com.google.android.youtube for broadcast com.google.android.youtube/com.google.android.apps.youtube.core.transfer.DownloadService$BootReceiver: pid=1738 uid=10066 gids={50066, 3003, 1028, 1015}
03-10 17:41:09.780 I/ActivityManager(  658): Killing 1175:com.google.android.apps.magazines/u0a40 (adj 15): empty #17
03-10 17:41:09.786 I/ActivityManager(  658): Delay finish: com.google.android.partnersetup/.GooglePartnerSetup
03-10 17:41:09.846 W/dalvikvm( 1329): method Lcom/facebook/messaging/reflex/SwipableOverlayLayoutAutoReflex;.invalidate incorrectly overrides package-private method with same name in Landroid/view/View;
03-10 17:41:09.986 D/dalvikvm( 1329): GC_CONCURRENT freed 490K, 5% free 11739K/12260K, paused 2ms+3ms, total 37ms
03-10 17:41:09.986 D/dalvikvm( 1329): WAIT_FOR_CONCURRENT_GC blocked 12ms
03-10 17:41:09.986 E/FbInjectorInitializer( 1329): Multi-binding Key[type=com.facebook.common.init.INeedInit, annotation=[none]] wasn't declared.
03-10 17:41:10.016 I/ActivityManager(  658): Resuming delayed broadcast
03-10 17:41:10.026 I/ActivityManager(  658): Delay finish: com.google.android.partnersetup/.RlzPingBroadcastReceiver
03-10 17:41:10.076 I/RlzPingService( 1228): Setting next ping for 1395070870079
03-10 17:41:10.076 I/ActivityManager(  658): Resuming delayed broadcast
03-10 17:41:10.086 D/dalvikvm( 1228): GC_CONCURRENT freed 279K, 4% free 9103K/9420K, paused 2ms+1ms, total 17ms
03-10 17:41:10.086 I/ActivityManager(  658): Delay finish: com.google.android.gsf/.checkin.CheckinService$Receiver
03-10 17:41:10.096 I/ActivityManager(  658): Resuming delayed broadcast
03-10 17:41:10.106 I/ActivityManager(  658): Delay finish: com.google.android.gsf/.update.SystemUpdateService$Receiver
03-10 17:41:10.116 I/SystemUpdateService( 1083): cancelUpdate (empty URL)
03-10 17:41:10.126 I/SystemUpdateService( 1083): cancelUpdate (empty URL)
03-10 17:41:10.166 D/dalvikvm( 1329): GC_CONCURRENT freed 663K, 6% free 11991K/12692K, paused 1ms+2ms, total 32ms
03-10 17:41:10.166 D/dalvikvm( 1329): WAIT_FOR_CONCURRENT_GC blocked 13ms
03-10 17:41:10.196 D/dalvikvm(  658): GC_EXPLICIT freed 1295K, 14% free 16467K/19120K, paused 2ms+5ms, total 71ms
03-10 17:41:10.206 I/ActivityManager(  658): Resuming delayed broadcast
03-10 17:41:10.226 D/dalvikvm( 1083): GC_CONCURRENT freed 657K, 8% free 9482K/10236K, paused 3ms+2ms, total 20ms
03-10 17:41:10.226 I/ActivityManager(  658): Delay finish: com.android.providers.media/.MediaScannerReceiver
03-10 17:41:10.286 W/fb4a(:<default>):BaseAnalyticsConfig( 1329): willEventBeLogged() called before shared prefs were initialized! Defaulting to true.
03-10 17:41:10.286 W/fb4a(:<default>):BaseAnalyticsConfig( 1329): willEventBeLogged() called before shared prefs were initialized! Defaulting to true.
03-10 17:41:10.517 D/CaptivePortalTracker(  658): NoActiveNetworkState{ when=0 what=1 obj=NetworkInfo: type: WIFI[], state: CONNECTED/CONNECTED, reason: (unspecified), extra: "kariniemi", roaming: false, failover: false, isAvailable: true, isConnectedToProvisioningNetwork: false target=com.android.internal.util.StateMachine$SmHandler }
03-10 17:41:06.278 D/Tethering(  658): MasterInitialState.processMessage what=3
03-10 17:41:06.338 D/dalvikvm(  858): GC_CONCURRENT freed 255K, 3% free 9291K/9576K, paused 5ms+2ms, total 24ms
03-10 17:41:06.358 D/MediaProvider(  858): object removed 35
03-10 17:41:06.368 D/MediaProvider(  858): object removed 36
03-10 17:41:06.378 D/MediaProvider(  858): object removed 43
03-10 17:41:06.378 D/MediaProvider(  858): object removed 46
03-10 17:41:06.378 D/MediaProvider(  858): object removed 47
03-10 17:41:06.378 D/MediaProvider(  858): object removed 48
03-10 17:41:06.388 D/MediaProvider(  858): object removed 49
03-10 17:41:06.388 D/MediaProvider(  858): object removed 50
03-10 17:41:06.388 D/MediaProvider(  858): object removed 51
03-10 17:41:06.388 D/MediaProvider(  858): object removed 52
03-10 17:41:06.398 D/MediaProvider(  858): object removed 53
03-10 17:41:06.398 D/GpsLocationProvider(  658): NTP server returned: 1394466063316 (Mon Mar 10 17:41:03 EET 2014) reference: 29522 certainty: 11 system time offset: -3085
03-10 17:41:06.398 D/MediaProvider(  858): object removed 54
03-10 17:41:06.398 D/MediaProvider(  858): object removed 55
03-10 17:41:06.408 D/dalvikvm( 1329): GC_CONCURRENT freed 629K, 6% free 12372K/13032K, paused 2ms+8ms, total 58ms
03-10 17:41:06.408 D/dalvikvm( 1329): WAIT_FOR_CONCURRENT_GC blocked 5ms
03-10 17:41:06.408 D/MediaProvider(  858): object removed 56
03-10 17:41:06.408 D/MediaProvider(  858): object removed 57
03-10 17:41:06.418 D/MediaProvider(  858): object removed 58
03-10 17:41:06.418 D/MediaProvider(  858): object removed 59
03-10 17:41:06.418 D/MediaProvider(  858): object removed 60
03-10 17:41:06.428 D/MediaProvider(  858): object removed 61
03-10 17:41:06.428 D/MediaProvider(  858): object removed 62
03-10 17:41:06.428 D/MediaProvider(  858): object removed 63
03-10 17:41:06.438 I/EsSyncAdapterService( 1381): G+ sync (full, periodic) started.
03-10 17:41:06.438 D/MediaProvider(  858): object removed 64
03-10 17:41:06.448 D/MediaProvider(  858): object removed 65
03-10 17:41:06.448 D/MediaProvider(  858): object removed 66
03-10 17:41:06.448 D/MediaProvider(  858): object removed 67
03-10 17:41:06.458 D/MediaProvider(  858): object removed 68
03-10 17:41:06.458 D/MediaProvider(  858): object removed 69
03-10 17:41:06.458 D/MediaProvider(  858): object removed 70
03-10 17:41:06.468 D/MediaProvider(  858): object removed 71
03-10 17:41:06.468 D/MediaProvider(  858): object removed 72
03-10 17:41:06.468 D/dalvikvm( 1265): GC_CONCURRENT freed 242K, 3% free 10420K/10688K, paused 3ms+2ms, total 26ms
03-10 17:41:06.468 D/MediaProvider(  858): object removed 73
03-10 17:41:06.478 D/MediaProvider(  858): object removed 74
03-10 17:41:06.478 D/MediaProvider(  858): object removed 75
03-10 17:41:06.488 D/MediaProvider(  858): object removed 76
03-10 17:41:06.488 D/MediaProvider(  858): object removed 77
03-10 17:41:06.488 I/EsSyncAdapterService( 1381): G+ sync (full, periodic) finished. Elapsed time: 53ms
03-10 17:41:06.488 D/MediaProvider(  858): object removed 78
03-10 17:41:06.498 D/MediaProvider(  858): object removed 79
03-10 17:41:06.498 D/MediaProvider(  858): object removed 80
03-10 17:41:06.508 D/MediaProvider(  858): object removed 81
03-10 17:41:06.508 D/MediaProvider(  858): object removed 82
03-10 17:41:06.508 D/MediaProvider(  858): object removed 83
03-10 17:41:06.518 D/MediaProvider(  858): object removed 84
03-10 17:41:06.518 D/MediaProvider(  858): object removed 85
03-10 17:41:06.528 D/MediaProvider(  858): object removed 86
03-10 17:41:06.528 D/MediaProvider(  858): object removed 87
03-10 17:41:06.528 D/MediaProvider(  858): object removed 88
03-10 17:41:06.538 D/MediaProvider(  858): object removed 89
03-10 17:41:06.538 D/MediaProvider(  858): object removed 90
03-10 17:41:06.548 D/MediaProvider(  858): object removed 91
03-10 17:41:06.548 D/MediaProvider(  858): object removed 92
03-10 17:41:06.548 D/MediaProvider(  858): object removed 93
03-10 17:41:06.558 D/MediaProvider(  858): object removed 94
03-10 17:41:06.558 D/MediaProvider(  858): object removed 95
03-10 17:41:06.568 D/MediaProvider(  858): object removed 96
03-10 17:41:06.568 D/dalvikvm( 1265): GC_CONCURRENT freed 343K, 4% free 10557K/10932K, paused 2ms+3ms, total 25ms
03-10 17:41:06.568 D/MediaProvider(  858): object removed 97
03-10 17:41:06.568 D/MediaProvider(  858): object removed 98
03-10 17:41:06.578 D/MediaProvider(  858): object removed 99
03-10 17:41:06.578 E/dalvikvm( 1265): Could not find class 'org.apache.harmony.xnet.provider.jsse.OpenSSLSocketImpl', referenced from method com.facebook.ssl.openssl.check.CheckOpenSSLImplHasRequiredMethods.<clinit>
03-10 17:41:06.578 W/dalvikvm( 1265): VFY: unable to resolve const-class 13583 (Lorg/apache/harmony/xnet/provider/jsse/OpenSSLSocketImpl;) in Lcom/facebook/ssl/openssl/check/CheckOpenSSLImplHasRequiredMethods;
03-10 17:41:06.578 D/dalvikvm( 1265): VFY: replacing opcode 0x1c at 0x000d
03-10 17:41:06.588 D/MediaProvider(  858): object removed 100
03-10 17:41:06.588 D/MediaProvider(  858): object removed 101
03-10 17:41:06.588 E/dalvikvm( 1265): Could not find class 'org.apache.harmony.xnet.provider.jsse.OpenSSLSocketFactoryImpl', referenced from method com.facebook.ssl.openssl.reflect.SSLParametersGetter.<clinit>
03-10 17:41:06.588 W/dalvikvm( 1265): VFY: unable to resolve const-class 13582 (Lorg/apache/harmony/xnet/provider/jsse/OpenSSLSocketFactoryImpl;) in Lcom/facebook/ssl/openssl/reflect/SSLParametersGetter;
03-10 17:41:06.588 D/dalvikvm( 1265): VFY: replacing opcode 0x1c at 0x000d
03-10 17:41:06.588 E/dalvikvm( 1265): Could not find class 'org.apache.harmony.xnet.provider.jsse.SSLParametersImpl', referenced from method com.facebook.ssl.openssl.reflect.SSLParametersGetter.a
03-10 17:41:06.588 W/dalvikvm( 1265): VFY: unable to resolve check-cast 13585 (Lorg/apache/harmony/xnet/provider/jsse/SSLParametersImpl;) in Lcom/facebook/ssl/openssl/reflect/SSLParametersGetter;
03-10 17:41:06.588 D/dalvikvm( 1265): VFY: replacing opcode 0x1f at 0x0006
03-10 17:41:06.588 E/dalvikvm( 1265): Could not find class 'org.apache.harmony.xnet.provider.jsse.SSLParametersImpl', referenced from method com.facebook.ssl.openssl.reflect.SSLSessionTimeoutSetter.<clinit>
03-10 17:41:06.588 W/dalvikvm( 1265): VFY: unable to resolve const-class 13585 (Lorg/apache/harmony/xnet/provider/jsse/SSLParametersImpl;) in Lcom/facebook/ssl/openssl/reflect/SSLSessionTimeoutSetter;
03-10 17:41:06.588 D/dalvikvm( 1265): VFY: replacing opcode 0x1c at 0x000d
03-10 17:41:06.588 W/dalvikvm( 1265): VFY: unable to find class referenced in signature (Lorg/apache/harmony/xnet/provider/jsse/SSLParametersImpl;)
03-10 17:41:06.588 E/dalvikvm( 1265): Could not find class 'org.apache.harmony.xnet.provider.jsse.ClientSessionContext', referenced from method com.facebook.ssl.openssl.reflect.SSLSessionTimeoutSetter.a
03-10 17:41:06.588 W/dalvikvm( 1265): VFY: unable to resolve check-cast 13581 (Lorg/apache/harmony/xnet/provider/jsse/ClientSessionContext;) in Lcom/facebook/ssl/openssl/reflect/SSLSessionTimeoutSetter;
03-10 17:41:06.588 D/dalvikvm( 1265): VFY: replacing opcode 0x1f at 0x0006
03-10 17:41:06.588 D/MediaProvider(  858): object removed 102
03-10 17:41:06.588 W/dalvikvm( 1265): VFY: unable to find class referenced in signature (Lorg/apache/harmony/xnet/provider/jsse/SSLParametersImpl;)
03-10 17:41:06.588 W/dalvikvm( 1265): Unable to resolve superclass of Lcom/facebook/ssl/openssl/TicketEnabledOpenSSLSocketImplWrapper; (13584)
03-10 17:41:06.588 W/dalvikvm( 1265): Link of class 'Lcom/facebook/ssl/openssl/TicketEnabledOpenSSLSocketImplWrapper;' failed
03-10 17:41:06.588 E/dalvikvm( 1265): Could not find class 'com.facebook.ssl.openssl.TicketEnabledOpenSSLSocketImplWrapper', referenced from method com.facebook.ssl.openssl.TicketEnabledOpenSSLSocketFactoryHelper.a
03-10 17:41:06.588 W/dalvikvm( 1265): VFY: unable to resolve new-instance 10322 (Lcom/facebook/ssl/openssl/TicketEnabledOpenSSLSocketImplWrapper;) in Lcom/facebook/ssl/openssl/TicketEnabledOpenSSLSocketFactoryHelper;
03-10 17:41:06.588 D/dalvikvm( 1265): VFY: replacing opcode 0x22 at 0x0000
03-10 17:41:06.588 W/dalvikvm( 1265): Unable to resolve superclass of Lcom/facebook/ssl/openssl/TicketEnabledOpenSSLSocketImplWrapper; (13584)
03-10 17:41:06.588 W/dalvikvm( 1265): Link of class 'Lcom/facebook/ssl/openssl/TicketEnabledOpenSSLSocketImplWrapper;' failed
03-10 17:41:06.588 D/MediaProvider(  858): object removed 103
03-10 17:41:06.598 D/dalvikvm( 1265): DexOpt: unable to opt direct call 0xaa3b at 0x08 in Lcom/facebook/ssl/openssl/TicketEnabledOpenSSLSocketFactoryHelper;.a
03-10 17:41:06.598 D/MediaProvider(  858): object removed 104
03-10 17:41:06.618 D/MediaProvider(  858): object removed 105
03-10 17:41:06.618 D/MediaProvider(  858): object removed 106
03-10 17:41:06.618 D/MediaProvider(  858): object removed 107
03-10 17:41:06.618 D/MediaProvider(  858): object removed 108
03-10 17:41:06.618 D/MediaProvider(  858): object removed 109
03-10 17:41:06.618 D/MediaProvider(  858): object removed 110
03-10 17:41:06.618 D/dalvikvm( 1265): GC_CONCURRENT freed 285K, 3% free 10723K/11052K, paused 3ms+2ms, total 24ms
03-10 17:41:06.628 D/MediaProvider(  858): object removed 111
03-10 17:41:06.628 D/dalvikvm( 1329): GC_CONCURRENT freed 705K, 6% free 12800K/13536K, paused 3ms+2ms, total 39ms
03-10 17:41:06.628 D/dalvikvm( 1329): WAIT_FOR_CONCURRENT_GC blocked 21ms
03-10 17:41:06.628 D/dalvikvm( 1329): WAIT_FOR_CONCURRENT_GC blocked 21ms
03-10 17:41:06.628 D/MediaProvider(  858): object removed 112
03-10 17:41:06.638 D/MediaProvider(  858): object removed 113
03-10 17:41:06.638 E/dalvikvm( 1329): Could not find class 'org.apache.harmony.xnet.provider.jsse.OpenSSLSocketImpl', referenced from method com.facebook.ssl.openssl.check.CheckOpenSSLImplHasRequiredMethods.<clinit>
03-10 17:41:06.638 W/dalvikvm( 1329): VFY: unable to resolve const-class 13583 (Lorg/apache/harmony/xnet/provider/jsse/OpenSSLSocketImpl;) in Lcom/facebook/ssl/openssl/check/CheckOpenSSLImplHasRequiredMethods;
03-10 17:41:06.638 D/dalvikvm( 1329): VFY: replacing opcode 0x1c at 0x000d
03-10 17:41:06.638 D/MediaProvider(  858): object removed 114
03-10 17:41:06.638 E/dalvikvm( 1329): Could not find class 'org.apache.harmony.xnet.provider.jsse.OpenSSLSocketFactoryImpl', referenced from method com.facebook.ssl.openssl.reflect.SSLParametersGetter.<clinit>
03-10 17:41:06.638 W/dalvikvm( 1329): VFY: unable to resolve const-class 13582 (Lorg/apache/harmony/xnet/provider/jsse/OpenSSLSocketFactoryImpl;) in Lcom/facebook/ssl/openssl/reflect/SSLParametersGetter;
03-10 17:41:06.638 D/dalvikvm( 1329): VFY: replacing opcode 0x1c at 0x000d
03-10 17:41:06.638 E/dalvikvm( 1329): Could not find class 'org.apache.harmony.xnet.provider.jsse.SSLParametersImpl', referenced from method com.facebook.ssl.openssl.reflect.SSLParametersGetter.a
03-10 17:41:06.638 W/dalvikvm( 1329): VFY: unable to resolve check-cast 13585 (Lorg/apache/harmony/xnet/provider/jsse/SSLParametersImpl;) in Lcom/facebook/ssl/openssl/reflect/SSLParametersGetter;
03-10 17:41:06.638 D/dalvikvm( 1329): VFY: replacing opcode 0x1f at 0x0006
03-10 17:41:06.638 E/dalvikvm( 1329): Could not find class 'org.apache.harmony.xnet.provider.jsse.SSLParametersImpl', referenced from method com.facebook.ssl.openssl.reflect.SSLSessionTimeoutSetter.<clinit>
03-10 17:41:06.638 W/dalvikvm( 1329): VFY: unable to resolve const-class 13585 (Lorg/apache/harmony/xnet/provider/jsse/SSLParametersImpl;) in Lcom/facebook/ssl/openssl/reflect/SSLSessionTimeoutSetter;
03-10 17:41:06.638 D/dalvikvm( 1329): VFY: replacing opcode 0x1c at 0x000d
03-10 17:41:06.638 W/dalvikvm( 1329): VFY: unable to find class referenced in signature (Lorg/apache/harmony/xnet/provider/jsse/SSLParametersImpl;)
03-10 17:41:06.638 E/dalvikvm( 1329): Could not find class 'org.apache.harmony.xnet.provider.jsse.ClientSessionContext', referenced from method com.facebook.ssl.openssl.reflect.SSLSessionTimeoutSetter.a
03-10 17:41:06.638 W/dalvikvm( 1329): VFY: unable to resolve check-cast 13581 (Lorg/apache/harmony/xnet/provider/jsse/ClientSessionContext;) in Lcom/facebook/ssl/openssl/reflect/SSLSessionTimeoutSetter;
03-10 17:41:06.638 D/dalvikvm( 1329): VFY: replacing opcode 0x1f at 0x0006
03-10 17:41:06.638 D/MediaProvider(  858): object removed 115
03-10 17:41:06.638 W/dalvikvm( 1329): VFY: unable to find class referenced in signature (Lorg/apache/harmony/xnet/provider/jsse/SSLParametersImpl;)
03-10 17:41:06.638 W/dalvikvm( 1329): Unable to resolve superclass of Lcom/facebook/ssl/openssl/TicketEnabledOpenSSLSocketImplWrapper; (13584)
03-10 17:41:06.638 W/dalvikvm( 1329): Link of class 'Lcom/facebook/ssl/openssl/TicketEnabledOpenSSLSocketImplWrapper;' failed
03-10 17:41:06.638 E/dalvikvm( 1329): Could not find class 'com.facebook.ssl.openssl.TicketEnabledOpenSSLSocketImplWrapper', referenced from method com.facebook.ssl.openssl.TicketEnabledOpenSSLSocketFactoryHelper.a
03-10 17:41:06.638 W/dalvikvm( 1329): VFY: unable to resolve new-instance 10322 (Lcom/facebook/ssl/openssl/TicketEnabledOpenSSLSocketImplWrapper;) in Lcom/facebook/ssl/openssl/TicketEnabledOpenSSLSocketFactoryHelper;
03-10 17:41:06.638 D/dalvikvm( 1329): VFY: replacing opcode 0x22 at 0x0000
03-10 17:41:06.648 W/dalvikvm( 1329): Unable to resolve superclass of Lcom/facebook/ssl/openssl/TicketEnabledOpenSSLSocketImplWrapper; (13584)
03-10 17:41:06.648 W/dalvikvm( 1329): Link of class 'Lcom/facebook/ssl/openssl/TicketEnabledOpenSSLSocketImplWrapper;' failed
03-10 17:41:06.648 D/dalvikvm( 1329): DexOpt: unable to opt direct call 0xaa3b at 0x08 in Lcom/facebook/ssl/openssl/TicketEnabledOpenSSLSocketFactoryHelper;.a
03-10 17:41:06.648 D/MediaProvider(  858): object removed 116
03-10 17:41:06.648 D/MediaProvider(  858): object removed 117
03-10 17:41:06.648 D/MediaProvider(  858): object removed 118
03-10 17:41:06.658 D/MediaProvider(  858): object removed 119
03-10 17:41:06.658 D/MediaProvider(  858): object removed 120
03-10 17:41:06.668 D/MediaProvider(  858): object removed 121
03-10 17:41:06.668 D/MediaProvider(  858): object removed 122
03-10 17:41:06.668 D/MediaProvider(  858): object removed 123
03-10 17:41:06.678 D/MediaProvider(  858): object removed 124
03-10 17:41:06.678 D/MediaProvider(  858): object removed 125
03-10 17:41:06.688 D/MediaProvider(  858): object removed 126
03-10 17:41:06.688 D/MediaProvider(  858): object removed 127
03-10 17:41:06.688 D/MediaProvider(  858): object removed 128
03-10 17:41:06.698 D/MediaProvider(  858): object removed 129
03-10 17:41:06.698 D/MediaProvider(  858): object removed 130
03-10 17:41:06.708 D/MediaProvider(  858): object removed 131
03-10 17:41:06.708 D/MediaProvider(  858): object removed 132
03-10 17:41:06.718 D/MediaProvider(  858): object removed 133
03-10 17:41:06.718 D/MediaProvider(  858): object removed 134
03-10 17:41:06.718 D/MediaProvider(  858): object removed 135
03-10 17:41:06.728 D/MediaProvider(  858): object removed 136
03-10 17:41:06.728 D/MediaProvider(  858): object removed 137
03-10 17:41:06.728 D/MediaProvider(  858): object removed 138
03-10 17:41:06.738 D/MediaProvider(  858): object removed 139
03-10 17:41:06.738 D/MediaProvider(  858): object removed 140
03-10 17:41:06.748 D/MediaProvider(  858): object removed 141
03-10 17:41:06.748 D/MediaProvider(  858): object removed 142
03-10 17:41:06.758 D/MediaProvider(  858): object removed 143
03-10 17:41:06.788 D/dalvikvm( 1329): GC_CONCURRENT freed 767K, 6% free 13298K/14096K, paused 4ms+4ms, total 47ms
03-10 17:41:06.798 D/MtpService(  858): updating state; isCurrentUser=true, mMtpLocked=false
03-10 17:41:06.808 D/dalvikvm( 1265): GC_CONCURRENT freed 357K, 4% free 10857K/11248K, paused 2ms+20ms, total 53ms
03-10 17:41:06.858 D/MediaProvider(  858): object removed 144
03-10 17:41:06.858 D/MediaProvider(  858): object removed 145
03-10 17:41:06.858 D/MediaProvider(  858): object removed 146
03-10 17:41:06.858 D/MediaProvider(  858): object removed 147
03-10 17:41:06.858 D/MediaProvider(  858): object removed 148
03-10 17:41:06.858 D/MediaProvider(  858): object removed 149
03-10 17:41:06.858 D/MediaProvider(  858): object removed 150
03-10 17:41:06.858 D/MediaProvider(  858): object removed 151
03-10 17:41:06.868 D/MediaProvider(  858): object removed 152
03-10 17:41:06.868 D/MediaProvider(  858): object removed 153
03-10 17:41:06.868 D/MediaProvider(  858): object removed 154
03-10 17:41:06.878 D/MediaProvider(  858): object removed 155
03-10 17:41:06.878 V/AlarmClock( 1568): AlarmInitReceiver android.intent.action.BOOT_COMPLETED
03-10 17:41:06.878 D/MediaProvider(  858): object removed 156
03-10 17:41:06.888 D/MediaProvider(  858): object removed 157
03-10 17:41:06.888 D/MediaProvider(  858): object removed 158
