03-10 17:45:44.979 W/ActivityManager(  658): Force removing ActivityRecord{42815b98 u0 com.android.helloworldjava/.HelloWorld t9}: app died, no saved state
03-10 17:45:44.989 W/InputDispatcher(  658): channel '42707858 com.android.helloworldjava/com.android.helloworldjava.HelloWorld (server)' ~ Consumer closed input channel or an error occurred.  events=0x9
03-10 17:45:44.989 E/InputDispatcher(  658): channel '42707858 com.android.helloworldjava/com.android.helloworldjava.HelloWorld (server)' ~ Channel is unrecoverably broken and will be disposed!
03-10 17:45:44.989 W/WindowManager(  658): Rebuild removed 2 windows but added 1
03-10 17:45:44.989 W/WindowManager(  658): java.lang.RuntimeException: here
03-10 17:45:44.989 W/WindowManager(  658): 	at com.android.server.wm.WindowManagerService.rebuildAppWindowListLocked(WindowManagerService.java:8011)
03-10 17:45:44.989 W/WindowManager(  658): 	at com.android.server.wm.WindowManagerService.rebuildAppWindowListLocked(WindowManagerService.java:7947)
03-10 17:45:44.989 W/WindowManager(  658): 	at com.android.server.wm.WindowManagerService.handleAppTransitionReadyLocked(WindowManagerService.java:8430)
03-10 17:45:44.989 W/WindowManager(  658): 	at com.android.server.wm.WindowManagerService.performLayoutAndPlaceSurfacesLockedInner(WindowManagerService.java:9193)
03-10 17:45:44.989 W/WindowManager(  658): 	at com.android.server.wm.WindowManagerService.performLayoutAndPlaceSurfacesLockedLoop(WindowManagerService.java:8163)
03-10 17:45:44.989 W/WindowManager(  658): 	at com.android.server.wm.WindowManagerService.performLayoutAndPlaceSurfacesLocked(WindowManagerService.java:8105)
03-10 17:45:44.989 W/WindowManager(  658): 	at com.android.server.wm.WindowManagerService.executeAppTransition(WindowManagerService.java:3918)
03-10 17:45:44.989 W/WindowManager(  658): 	at com.android.server.am.ActivityStackSupervisor.reportResumedActivityLocked(ActivityStackSupervisor.java:2241)
03-10 17:45:44.989 W/WindowManager(  658): 	at com.android.server.am.ActivityStack.completeResumeLocked(ActivityStack.java:968)
03-10 17:45:44.989 W/WindowManager(  658): 	at com.android.server.am.ActivityStack.resumeTopActivityLocked(ActivityStack.java:1631)
03-10 17:45:44.989 W/WindowManager(  658): 	at com.android.server.am.ActivityStackSupervisor.resumeTopActivitiesLocked(ActivityStackSupervisor.java:2022)
03-10 17:45:44.989 W/WindowManager(  658): 	at com.android.server.am.ActivityStackSupervisor.resumeTopActivitiesLocked(ActivityStackSupervisor.java:2009)
03-10 17:45:44.989 W/WindowManager(  658): 	at com.android.server.am.ActivityManagerService.forceStopPackageLocked(ActivityManagerService.java:4750)
03-10 17:45:44.989 W/WindowManager(  658): 	at com.android.server.am.ActivityManagerService.forceStopPackageLocked(ActivityManagerService.java:4496)
03-10 17:45:44.989 W/WindowManager(  658): 	at com.android.server.am.ActivityManagerService.forceStopPackage(ActivityManagerService.java:4327)
03-10 17:45:44.989 W/WindowManager(  658): 	at android.app.ActivityManagerNative.onTransact(ActivityManagerNative.java:1365)
03-10 17:45:44.989 W/WindowManager(  658): 	at com.android.server.am.ActivityManagerService.onTransact(ActivityManagerService.java:2071)
03-10 17:45:44.989 W/WindowManager(  658): 	at android.os.Binder.execTransact(Binder.java:404)
03-10 17:45:44.989 W/WindowManager(  658): 	at dalvik.system.NativeStart.run(Native Method)
03-10 17:45:44.989 W/WindowManager(  658): This window was lost: Window{42707858 u0 com.android.helloworldjava/com.android.helloworldjava.HelloWorld}
03-10 17:45:44.989 W/WindowManager(  658): mDisplayId=0 mSession=Session{427073b0 3038:u0a10118} mClient=android.os.BinderProxy@427075e8
03-10 17:45:44.989 W/WindowManager(  658): mOwnerUid=10118 mShowToOwnerOnly=true package=com.android.helloworldjava appop=NONE
03-10 17:45:44.989 W/WindowManager(  658): mAttrs=WM.LayoutParams{(0,0)(fillxfill) sim=#120 ty=1 fl=#40010100 compatible=true pfl=0x88 wanim=0x1030001}
03-10 17:45:44.989 W/WindowManager(  658): Requested w=1200 h=1824 mLayoutSeq=188
03-10 17:45:44.989 W/WindowManager(  658): mBaseLayer=21000 mSubLayer=0 mAnimLayer=21005+0=21005 mLastLayer=0
03-10 17:45:44.989 W/WindowManager(  658): mToken=AppWindowToken{428270a8 token=Token{42815cf8 ActivityRecord{42815b98 u0 com.android.helloworldjava/.HelloWorld t9}}}
03-10 17:45:44.989 W/WindowManager(  658): mRootToken=AppWindowToken{428270a8 token=Token{42815cf8 ActivityRecord{42815b98 u0 com.android.helloworldjava/.HelloWorld t9}}}
03-10 17:45:44.989 W/WindowManager(  658): mAppToken=AppWindowToken{428270a8 token=Token{42815cf8 ActivityRecord{42815b98 u0 com.android.helloworldjava/.HelloWorld t9}}}
03-10 17:45:44.989 W/WindowManager(  658): mViewVisibility=0x0 mHaveFrame=true mObscured=true
03-10 17:45:44.989 W/WindowManager(  658): mSeq=0 mSystemUiVisibility=0x0
03-10 17:45:44.989 W/WindowManager(  658): mPolicyVisibility=false mPolicyVisibilityAfterAnim=false mAppOpVisibility=true mAttachedHidden=false
03-10 17:45:44.989 W/WindowManager(  658): mGivenContentInsets=[0,0][0,0] mGivenVisibleInsets=[0,0][0,0]
03-10 17:45:44.989 W/WindowManager(  658): mConfiguration={1.0 ?mcc?mnc en_US ldltr sw600dp w600dp h887dp 320dpi lrg port finger -keyb/v/h -nav/h s.4}
03-10 17:45:44.989 W/WindowManager(  658): mHasSurface=true mShownFrame=[0.0,0.0][1200.0,1824.0] isReadyForDisplay()=false
03-10 17:45:44.989 W/WindowManager(  658): mFrame=[0,0][1200,1824] last=[0,0][1200,1824]
03-10 17:45:44.989 W/WindowManager(  658): mSystemDecorRect=[0,0][640,973] last=[0,0][640,973]
03-10 17:45:44.989 W/WindowManager(  658): mCompatFrame=[0,0][640,973]
03-10 17:45:44.989 W/WindowManager(  658): Frames: containing=[0,0][1200,1824] parent=[0,0][1200,1824]
03-10 17:45:44.989 W/WindowManager(  658):     display=[0,0][1200,1824] overscan=[0,0][1200,1920]
03-10 17:45:44.989 W/WindowManager(  658):     content=[0,50][1200,1824] visible=[0,50][1200,1824]
03-10 17:45:44.989 W/WindowManager(  658):     decor=[0,0][1200,1920]
03-10 17:45:44.989 W/WindowManager(  658): Cur insets: overscan=[0,0][0,0] content=[0,27][0,0] visible=[0,27][0,0]
03-10 17:45:44.989 W/WindowManager(  658): Lst insets: overscan=[0,0][0,0] content=[0,27][0,0] visible=[0,27][0,0]
03-10 17:45:44.989 W/WindowManager(  658): WindowStateAnimator{42707de8 com.android.helloworldjava/com.android.helloworldjava.HelloWorld}:
03-10 17:45:44.989 W/WindowManager(  658):   mSurface=Surface(name=com.android.helloworldjava/com.android.helloworldjava.HelloWorld)
03-10 17:45:44.989 W/WindowManager(  658):   mDrawState=HAS_DRAWN mLastHidden=true
03-10 17:45:44.989 W/WindowManager(  658):   Surface: shown=false layer=21005 alpha=0.0 rect=(0.0,0.0) 640.0 x 973.0
03-10 17:45:44.989 W/WindowManager(  658):   mShownAlpha=1.0 mAlpha=1.0 mLastAlpha=-1.0
03-10 17:45:44.989 W/WindowManager(  658):   mGlobalScale=1.8746146 mDsDx=1.8746146 mDtDx=0.0 mDsDy=0.0 mDtDy=1.8746146
03-10 17:45:44.989 W/WindowManager(  658): Current app token list:
03-10 17:45:44.989 V/WindowManager(  658):   Display 0
03-10 17:45:44.989 V/WindowManager(  658):   #0: Token{425fc140 ActivityRecord{425fbec8 u0 com.android.launcher/com.android.launcher2.Launcher t1}}
03-10 17:45:44.989 W/WindowManager(  658): Final window list:
03-10 17:45:44.989 V/WindowManager(  658):   #0: Window{425f14e8 u0 SearchPanel}
03-10 17:45:44.989 V/WindowManager(  658):   #1: Window{425aafd8 u0 NavigationBar}
03-10 17:45:44.989 V/WindowManager(  658):   #2: Window{4240ca68 u0 StatusBar}
03-10 17:45:44.989 V/WindowManager(  658):   #3: Window{424a3f10 u0 Keyguard}
03-10 17:45:44.989 V/WindowManager(  658):   #4: Window{42564c18 u0 KeyguardScrim}
03-10 17:45:44.989 V/WindowManager(  658):   #5: Window{424fca28 u0 com.android.launcher/com.android.launcher2.Launcher}
03-10 17:45:44.989 V/WindowManager(  658):   #6: Window{424e6158 u0 com.android.systemui.ImageWallpaper}
03-10 17:45:44.999 W/InputDispatcher(  658): Attempted to unregister already unregistered input channel '42707858 com.android.helloworldjava/com.android.helloworldjava.HelloWorld (server)'
03-10 17:45:44.999 I/WindowState(  658): WIN DEATH: Window{42707858 u0 com.android.helloworldjava/com.android.helloworldjava.HelloWorld}
03-10 17:45:45.009 D/AndroidRuntime( 3062): Shutting down VM
03-10 17:45:45.009 D/dalvikvm( 3062): GC_CONCURRENT freed 93K, 15% free 553K/648K, paused 1ms+0ms, total 3ms
03-10 17:45:46.560 D/AndroidRuntime( 3080): 
03-10 17:45:46.560 D/AndroidRuntime( 3080): >>>>>> AndroidRuntime START com.android.internal.os.RuntimeInit <<<<<<
03-10 17:45:46.560 D/AndroidRuntime( 3080): CheckJNI is OFF
03-10 17:45:46.580 D/dalvikvm( 3080): Trying to load lib libjavacore.so 0x0
03-10 17:45:46.580 D/dalvikvm( 3080): Added shared lib libjavacore.so 0x0
03-10 17:45:46.580 D/dalvikvm( 3080): Trying to load lib libnativehelper.so 0x0
03-10 17:45:46.590 D/dalvikvm( 3080): Added shared lib libnativehelper.so 0x0
03-10 17:45:46.590 D/dalvikvm( 3080): No JNI_OnLoad found in libnativehelper.so 0x0, skipping init
03-10 17:45:46.620 D/dalvikvm( 3080): Note: class Landroid/app/ActivityManagerNative; has 179 unimplemented (abstract) methods
03-10 17:45:46.811 D/AndroidRuntime( 3080): Calling main entry com.android.commands.am.Am
03-10 17:45:46.831 I/ActivityManager(  658): START u0 {flg=0x10000000 cmp=com.android.helloworldjava/.HelloWorld} from pid 3080
03-10 17:45:47.141 I/WindowManager(  658): Screenshot max retries 4 of Token{425fc140 ActivityRecord{425fbec8 u0 com.android.launcher/com.android.launcher2.Launcher t1}} appWin=Window{424fca28 u0 com.android.launcher/com.android.launcher2.Launcher} drawState=4
03-10 17:45:47.141 W/WindowManager(  658): Screenshot failure taking screenshot for (1200x1920) to layer 21000
03-10 17:45:47.151 D/AndroidRuntime( 3080): Shutting down VM
03-10 17:45:47.161 D/dalvikvm( 3080): GC_CONCURRENT freed 95K, 15% free 586K/684K, paused 1ms+1ms, total 6ms
03-10 17:45:47.181 I/ActivityManager(  658): Start proc com.android.helloworldjava for activity com.android.helloworldjava/.HelloWorld: pid=3097 uid=10118 gids={50118, 1028, 1015}
03-10 17:45:47.301 I/ActivityManager(  658): Displayed com.android.helloworldjava/.HelloWorld: +161ms
03-10 17:46:07.711 D/AndroidRuntime( 3121): 
03-10 17:46:07.711 D/AndroidRuntime( 3121): >>>>>> AndroidRuntime START com.android.internal.os.RuntimeInit <<<<<<
03-10 17:46:07.711 D/AndroidRuntime( 3121): CheckJNI is OFF
03-10 17:46:07.731 D/dalvikvm( 3121): Trying to load lib libjavacore.so 0x0
03-10 17:46:07.731 D/dalvikvm( 3121): Added shared lib libjavacore.so 0x0
03-10 17:46:07.741 D/dalvikvm( 3121): Trying to load lib libnativehelper.so 0x0
03-10 17:46:07.741 D/dalvikvm( 3121): Added shared lib libnativehelper.so 0x0
03-10 17:46:07.741 D/dalvikvm( 3121): No JNI_OnLoad found in libnativehelper.so 0x0, skipping init
03-10 17:46:07.771 D/dalvikvm( 3121): Note: class Landroid/app/ActivityManagerNative; has 179 unimplemented (abstract) methods
03-10 17:46:07.961 D/AndroidRuntime( 3121): Calling main entry com.android.commands.am.Am
03-10 17:46:07.961 I/ActivityManager(  658): Force stopping com.android.helloworldjava appid=10118 user=0: from pid 3121
03-10 17:46:07.961 I/ActivityManager(  658): Killing 3097:com.android.helloworldjava/u0a118 (adj 0): stop com.android.helloworldjava
03-10 17:46:07.971 W/ActivityManager(  658): Force removing ActivityRecord{426b84d8 u0 com.android.helloworldjava/.HelloWorld t10}: app died, no saved state
03-10 17:46:07.981 W/InputDispatcher(  658): channel '426b1688 com.android.helloworldjava/com.android.helloworldjava.HelloWorld (server)' ~ Consumer closed input channel or an error occurred.  events=0x9
03-10 17:46:07.981 E/InputDispatcher(  658): channel '426b1688 com.android.helloworldjava/com.android.helloworldjava.HelloWorld (server)' ~ Channel is unrecoverably broken and will be disposed!
03-10 17:46:07.981 W/WindowManager(  658): Rebuild removed 2 windows but added 1
03-10 17:46:07.981 W/WindowManager(  658): java.lang.RuntimeException: here
03-10 17:46:07.981 W/WindowManager(  658): 	at com.android.server.wm.WindowManagerService.rebuildAppWindowListLocked(WindowManagerService.java:8011)
03-10 17:46:07.981 W/WindowManager(  658): 	at com.android.server.wm.WindowManagerService.rebuildAppWindowListLocked(WindowManagerService.java:7947)
03-10 17:46:07.981 W/WindowManager(  658): 	at com.android.server.wm.WindowManagerService.handleAppTransitionReadyLocked(WindowManagerService.java:8430)
03-10 17:46:07.981 W/WindowManager(  658): 	at com.android.server.wm.WindowManagerService.performLayoutAndPlaceSurfacesLockedInner(WindowManagerService.java:9193)
03-10 17:46:07.981 W/WindowManager(  658): 	at com.android.server.wm.WindowManagerService.performLayoutAndPlaceSurfacesLockedLoop(WindowManagerService.java:8163)
03-10 17:46:07.981 W/WindowManager(  658): 	at com.android.server.wm.WindowManagerService.performLayoutAndPlaceSurfacesLocked(WindowManagerService.java:8105)
03-10 17:46:07.981 W/WindowManager(  658): 	at com.android.server.wm.WindowManagerService.executeAppTransition(WindowManagerService.java:3918)
03-10 17:46:07.981 W/WindowManager(  658): 	at com.android.server.am.ActivityStackSupervisor.reportResumedActivityLocked(ActivityStackSupervisor.java:2241)
03-10 17:46:07.981 W/WindowManager(  658): 	at com.android.server.am.ActivityStack.completeResumeLocked(ActivityStack.java:968)
03-10 17:46:07.981 W/WindowManager(  658): 	at com.android.server.am.ActivityStack.resumeTopActivityLocked(ActivityStack.java:1631)
03-10 17:46:07.981 W/WindowManager(  658): 	at com.android.server.am.ActivityStackSupervisor.resumeTopActivitiesLocked(ActivityStackSupervisor.java:2022)
03-10 17:46:07.981 W/WindowManager(  658): 	at com.android.server.am.ActivityStackSupervisor.resumeTopActivitiesLocked(ActivityStackSupervisor.java:2009)
03-10 17:46:07.981 W/WindowManager(  658): 	at com.android.server.am.ActivityManagerService.forceStopPackageLocked(ActivityManagerService.java:4750)
03-10 17:46:07.981 W/WindowManager(  658): 	at com.android.server.am.ActivityManagerService.forceStopPackageLocked(ActivityManagerService.java:4496)
03-10 17:46:07.981 W/WindowManager(  658): 	at com.android.server.am.ActivityManagerService.forceStopPackage(ActivityManagerService.java:4327)
03-10 17:46:07.981 W/WindowManager(  658): 	at android.app.ActivityManagerNative.onTransact(ActivityManagerNative.java:1365)
03-10 17:46:07.981 W/WindowManager(  658): 	at com.android.server.am.ActivityManagerService.onTransact(ActivityManagerService.java:2071)
03-10 17:46:07.981 W/WindowManager(  658): 	at android.os.Binder.execTransact(Binder.java:404)
03-10 17:46:07.981 W/WindowManager(  658): 	at dalvik.system.NativeStart.run(Native Method)
03-10 17:46:07.981 W/WindowManager(  658): This window was lost: Window{426b1688 u0 com.android.helloworldjava/com.android.helloworldjava.HelloWorld}
03-10 17:46:07.981 W/WindowManager(  658): mDisplayId=0 mSession=Session{426b11c0 3097:u0a10118} mClient=android.os.BinderProxy@426b13f8
03-10 17:46:07.981 W/WindowManager(  658): mOwnerUid=10118 mShowToOwnerOnly=true package=com.android.helloworldjava appop=NONE
03-10 17:46:07.981 W/WindowManager(  658): mAttrs=WM.LayoutParams{(0,0)(fillxfill) sim=#120 ty=1 fl=#40010100 compatible=true pfl=0x88 wanim=0x1030001}
03-10 17:46:07.981 W/WindowManager(  658): Requested w=1200 h=1824 mLayoutSeq=210
03-10 17:46:07.981 W/WindowManager(  658): mBaseLayer=21000 mSubLayer=0 mAnimLayer=21005+0=21005 mLastLayer=0
03-10 17:46:07.981 W/WindowManager(  658): mToken=AppWindowToken{426965e0 token=Token{42695e50 ActivityRecord{426b84d8 u0 com.android.helloworldjava/.HelloWorld t10}}}
03-10 17:46:07.981 W/WindowManager(  658): mRootToken=AppWindowToken{426965e0 token=Token{42695e50 ActivityRecord{426b84d8 u0 com.android.helloworldjava/.HelloWorld t10}}}
03-10 17:46:07.981 W/WindowManager(  658): mAppToken=AppWindowToken{426965e0 token=Token{42695e50 ActivityRecord{426b84d8 u0 com.android.helloworldjava/.HelloWorld t10}}}
03-10 17:46:07.981 W/WindowManager(  658): mViewVisibility=0x0 mHaveFrame=true mObscured=true
03-10 17:46:07.981 W/WindowManager(  658): mSeq=0 mSystemUiVisibility=0x0
03-10 17:46:07.981 W/WindowManager(  658): mPolicyVisibility=false mPolicyVisibilityAfterAnim=false mAppOpVisibility=true mAttachedHidden=false
03-10 17:46:07.981 W/WindowManager(  658): mGivenContentInsets=[0,0][0,0] mGivenVisibleInsets=[0,0][0,0]
03-10 17:46:07.981 W/WindowManager(  658): mConfiguration={1.0 ?mcc?mnc en_US ldltr sw600dp w600dp h887dp 320dpi lrg port finger -keyb/v/h -nav/h s.4}
03-10 17:46:07.981 W/WindowManager(  658): mHasSurface=true mShownFrame=[0.0,0.0][1200.0,1824.0] isReadyForDisplay()=false
03-10 17:46:07.981 W/WindowManager(  658): mFrame=[0,0][1200,1824] last=[0,0][1200,1824]
03-10 17:46:07.981 W/WindowManager(  658): mSystemDecorRect=[0,0][640,973] last=[0,0][640,973]
03-10 17:46:07.981 W/WindowManager(  658): mCompatFrame=[0,0][640,973]
03-10 17:46:07.981 W/WindowManager(  658): Frames: containing=[0,0][1200,1824] parent=[0,0][1200,1824]
03-10 17:46:07.981 W/WindowManager(  658):     display=[0,0][1200,1824] overscan=[0,0][1200,1920]
03-10 17:46:07.981 W/WindowManager(  658):     content=[0,50][1200,1824] visible=[0,50][1200,1824]
03-10 17:46:07.981 W/WindowManager(  658):     decor=[0,0][1200,1920]
03-10 17:46:07.981 W/WindowManager(  658): Cur insets: overscan=[0,0][0,0] content=[0,27][0,0] visible=[0,27][0,0]
03-10 17:46:07.981 W/WindowManager(  658): Lst insets: overscan=[0,0][0,0] content=[0,27][0,0] visible=[0,27][0,0]
03-10 17:46:07.981 W/WindowManager(  658): WindowStateAnimator{426b1c48 com.android.helloworldjava/com.android.helloworldjava.HelloWorld}:
03-10 17:46:07.981 W/WindowManager(  658):   mSurface=Surface(name=com.android.helloworldjava/com.android.helloworldjava.HelloWorld)
03-10 17:46:07.981 W/WindowManager(  658):   mDrawState=HAS_DRAWN mLastHidden=true
03-10 17:46:07.981 W/WindowManager(  658):   Surface: shown=false layer=21005 alpha=0.0 rect=(0.0,0.0) 640.0 x 973.0
03-10 17:46:07.981 W/WindowManager(  658):   mShownAlpha=1.0 mAlpha=1.0 mLastAlpha=-1.0
03-10 17:46:07.981 W/WindowManager(  658):   mGlobalScale=1.8746146 mDsDx=1.8746146 mDtDx=0.0 mDsDy=0.0 mDtDy=1.8746146
03-10 17:46:07.991 W/InputDispatcher(  658): Attempted to unregister already unregistered input channel '426b1688 com.android.helloworldjava/com.android.helloworldjava.HelloWorld (server)'
03-10 17:46:07.991 D/AndroidRuntime( 3121): Shutting down VM
03-10 17:46:07.991 W/WindowManager(  658): Current app token list:
03-10 17:46:07.991 V/WindowManager(  658):   Display 0
03-10 17:46:07.991 V/WindowManager(  658):   #0: Token{425fc140 ActivityRecord{425fbec8 u0 com.android.launcher/com.android.launcher2.Launcher t1}}
03-10 17:46:07.991 W/WindowManager(  658): Final window list:
03-10 17:46:07.991 V/WindowManager(  658):   #0: Window{425f14e8 u0 SearchPanel}
03-10 17:46:07.991 V/WindowManager(  658):   #1: Window{425aafd8 u0 NavigationBar}
03-10 17:46:07.991 V/WindowManager(  658):   #2: Window{4240ca68 u0 StatusBar}
03-10 17:46:07.991 V/WindowManager(  658):   #3: Window{424a3f10 u0 Keyguard}
03-10 17:46:07.991 V/WindowManager(  658):   #4: Window{42564c18 u0 KeyguardScrim}
03-10 17:46:07.991 V/WindowManager(  658):   #5: Window{424fca28 u0 com.android.launcher/com.android.launcher2.Launcher}
03-10 17:46:07.991 V/WindowManager(  658):   #6: Window{424e6158 u0 com.android.systemui.ImageWallpaper}
03-10 17:46:07.991 I/WindowState(  658): WIN DEATH: Window{426b1688 u0 com.android.helloworldjava/com.android.helloworldjava.HelloWorld}
03-10 17:46:08.001 D/dalvikvm( 3121): GC_CONCURRENT freed 93K, 15% free 553K/648K, paused 1ms+1ms, total 3ms
03-10 17:46:08.061 D/dalvikvm( 1122): GC_FOR_ALLOC freed 420K, 6% free 10135K/10768K, paused 18ms, total 18ms
03-10 17:46:09.533 D/AndroidRuntime( 3142): 
03-10 17:46:09.533 D/AndroidRuntime( 3142): >>>>>> AndroidRuntime START com.android.internal.os.RuntimeInit <<<<<<
03-10 17:46:09.533 D/AndroidRuntime( 3142): CheckJNI is OFF
03-10 17:46:09.553 D/dalvikvm( 3142): Trying to load lib libjavacore.so 0x0
03-10 17:46:09.553 D/dalvikvm( 3142): Added shared lib libjavacore.so 0x0
03-10 17:46:09.563 D/dalvikvm( 3142): Trying to load lib libnativehelper.so 0x0
03-10 17:46:09.563 D/dalvikvm( 3142): Added shared lib libnativehelper.so 0x0
03-10 17:46:09.563 D/dalvikvm( 3142): No JNI_OnLoad found in libnativehelper.so 0x0, skipping init
03-10 17:46:09.593 D/dalvikvm( 3142): Note: class Landroid/app/ActivityManagerNative; has 179 unimplemented (abstract) methods
03-10 17:46:09.783 D/AndroidRuntime( 3142): Calling main entry com.android.commands.am.Am
03-10 17:46:09.793 I/ActivityManager(  658): START u0 {flg=0x10000000 cmp=com.android.helloworldjava/.HelloWorld} from pid 3142
03-10 17:46:10.103 I/WindowManager(  658): Screenshot max retries 4 of Token{425fc140 ActivityRecord{425fbec8 u0 com.android.launcher/com.android.launcher2.Launcher t1}} appWin=Window{424fca28 u0 com.android.launcher/com.android.launcher2.Launcher} drawState=4
03-10 17:46:10.103 W/WindowManager(  658): Screenshot failure taking screenshot for (1200x1920) to layer 21000
03-10 17:46:10.123 D/AndroidRuntime( 3142): Shutting down VM
03-10 17:46:10.133 D/dalvikvm( 3142): GC_CONCURRENT freed 95K, 15% free 586K/684K, paused 1ms+1ms, total 11ms
03-10 17:46:10.163 I/ActivityManager(  658): Start proc com.android.helloworldjava for activity com.android.helloworldjava/.HelloWorld: pid=3159 uid=10118 gids={50118, 1028, 1015}
03-10 17:46:10.273 I/ActivityManager(  658): Displayed com.android.helloworldjava/.HelloWorld: +164ms
03-10 17:46:11.745 D/dalvikvm( 1122): GC_CONCURRENT freed 405K, 5% free 10242K/10768K, paused 3ms+2ms, total 32ms
03-10 17:46:11.745 D/dalvikvm( 1122): WAIT_FOR_CONCURRENT_GC blocked 16ms
03-10 17:46:30.693 D/AndroidRuntime( 3183): 
03-10 17:46:30.693 D/AndroidRuntime( 3183): >>>>>> AndroidRuntime START com.android.internal.os.RuntimeInit <<<<<<
03-10 17:46:30.703 D/AndroidRuntime( 3183): CheckJNI is OFF
03-10 17:46:30.713 D/dalvikvm( 3183): Trying to load lib libjavacore.so 0x0
03-10 17:46:30.723 D/dalvikvm( 3183): Added shared lib libjavacore.so 0x0
03-10 17:46:30.723 D/dalvikvm( 3183): Trying to load lib libnativehelper.so 0x0
03-10 17:46:30.723 D/dalvikvm( 3183): Added shared lib libnativehelper.so 0x0
03-10 17:46:30.723 D/dalvikvm( 3183): No JNI_OnLoad found in libnativehelper.so 0x0, skipping init
03-10 17:46:30.753 D/dalvikvm( 3183): Note: class Landroid/app/ActivityManagerNative; has 179 unimplemented (abstract) methods
03-10 17:46:30.954 D/AndroidRuntime( 3183): Calling main entry com.android.commands.am.Am
03-10 17:46:30.954 I/ActivityManager(  658): Force stopping com.android.helloworldjava appid=10118 user=0: from pid 3183
03-10 17:46:30.954 I/ActivityManager(  658): Killing 3159:com.android.helloworldjava/u0a118 (adj 0): stop com.android.helloworldjava
03-10 17:46:30.954 W/ActivityManager(  658): Force removing ActivityRecord{427a3ef0 u0 com.android.helloworldjava/.HelloWorld t11}: app died, no saved state
03-10 17:46:30.974 W/InputDispatcher(  658): channel '426e5950 com.android.helloworldjava/com.android.helloworldjava.HelloWorld (server)' ~ Consumer closed input channel or an error occurred.  events=0x9
03-10 17:46:30.974 E/InputDispatcher(  658): channel '426e5950 com.android.helloworldjava/com.android.helloworldjava.HelloWorld (server)' ~ Channel is unrecoverably broken and will be disposed!
03-10 17:46:30.974 W/InputDispatcher(  658): Attempted to unregister already unregistered input channel '426e5950 com.android.helloworldjava/com.android.helloworldjava.HelloWorld (server)'
03-10 17:46:30.974 W/WindowManager(  658): Rebuild removed 2 windows but added 1
03-10 17:46:30.974 W/WindowManager(  658): java.lang.RuntimeException: here
03-10 17:46:30.974 W/WindowManager(  658): 	at com.android.server.wm.WindowManagerService.rebuildAppWindowListLocked(WindowManagerService.java:8011)
03-10 17:46:30.974 W/WindowManager(  658): 	at com.android.server.wm.WindowManagerService.rebuildAppWindowListLocked(WindowManagerService.java:7947)
03-10 17:46:30.974 W/WindowManager(  658): 	at com.android.server.wm.WindowManagerService.handleAppTransitionReadyLocked(WindowManagerService.java:8430)
03-10 17:46:30.974 W/WindowManager(  658): 	at com.android.server.wm.WindowManagerService.performLayoutAndPlaceSurfacesLockedInner(WindowManagerService.java:9193)
03-10 17:46:30.974 W/WindowManager(  658): 	at com.android.server.wm.WindowManagerService.performLayoutAndPlaceSurfacesLockedLoop(WindowManagerService.java:8163)
03-10 17:46:30.974 W/WindowManager(  658): 	at com.android.server.wm.WindowManagerService.performLayoutAndPlaceSurfacesLocked(WindowManagerService.java:8105)
03-10 17:46:30.974 W/WindowManager(  658): 	at com.android.server.wm.WindowManagerService.executeAppTransition(WindowManagerService.java:3918)
03-10 17:46:30.974 W/WindowManager(  658): 	at com.android.server.am.ActivityStackSupervisor.reportResumedActivityLocked(ActivityStackSupervisor.java:2241)
03-10 17:46:30.974 W/WindowManager(  658): 	at com.android.server.am.ActivityStack.completeResumeLocked(ActivityStack.java:968)
03-10 17:46:30.974 W/WindowManager(  658): 	at com.android.server.am.ActivityStack.resumeTopActivityLocked(ActivityStack.java:1631)
03-10 17:46:30.974 W/WindowManager(  658): 	at com.android.server.am.ActivityStackSupervisor.resumeTopActivitiesLocked(ActivityStackSupervisor.java:2022)
03-10 17:46:30.974 W/WindowManager(  658): 	at com.android.server.am.ActivityStackSupervisor.resumeTopActivitiesLocked(ActivityStackSupervisor.java:2009)
03-10 17:46:30.974 W/WindowManager(  658): 	at com.android.server.am.ActivityManagerService.forceStopPackageLocked(ActivityManagerService.java:4750)
03-10 17:46:30.974 W/WindowManager(  658): 	at com.android.server.am.ActivityManagerService.forceStopPackageLocked(ActivityManagerService.java:4496)
03-10 17:46:30.974 W/WindowManager(  658): 	at com.android.server.am.ActivityManagerService.forceStopPackage(ActivityManagerService.java:4327)
03-10 17:46:30.974 W/WindowManager(  658): 	at android.app.ActivityManagerNative.onTransact(ActivityManagerNative.java:1365)
03-10 17:46:30.974 W/WindowManager(  658): 	at com.android.server.am.ActivityManagerService.onTransact(ActivityManagerService.java:2071)
03-10 17:46:30.974 W/WindowManager(  658): 	at android.os.Binder.execTransact(Binder.java:404)
03-10 17:46:30.974 W/WindowManager(  658): 	at dalvik.system.NativeStart.run(Native Method)
03-10 17:46:30.974 W/WindowManager(  658): This window was lost: Window{426e5950 u0 com.android.helloworldjava/com.android.helloworldjava.HelloWorld}
03-10 17:46:30.974 W/WindowManager(  658): mDisplayId=0 mSession=Session{426e5488 3159:u0a10118} mClient=android.os.BinderProxy@426e56c0
03-10 17:46:30.974 W/WindowManager(  658): mOwnerUid=10118 mShowToOwnerOnly=true package=com.android.helloworldjava appop=NONE
03-10 17:46:30.974 W/WindowManager(  658): mAttrs=WM.LayoutParams{(0,0)(fillxfill) sim=#120 ty=1 fl=#40010100 compatible=true pfl=0x88 wanim=0x1030001}
03-10 17:46:30.974 W/WindowManager(  658): Requested w=1200 h=1824 mLayoutSeq=230
03-10 17:46:30.974 W/WindowManager(  658): mBaseLayer=21000 mSubLayer=0 mAnimLayer=21005+0=21005 mLastLayer=0
03-10 17:46:30.974 W/WindowManager(  658): mToken=AppWindowToken{427a4818 token=Token{427a4050 ActivityRecord{427a3ef0 u0 com.android.helloworldjava/.HelloWorld t11}}}
03-10 17:46:30.974 W/WindowManager(  658): mRootToken=AppWindowToken{427a4818 token=Token{427a4050 ActivityRecord{427a3ef0 u0 com.android.helloworldjava/.HelloWorld t11}}}
03-10 17:46:30.974 W/WindowManager(  658): mAppToken=AppWindowToken{427a4818 token=Token{427a4050 ActivityRecord{427a3ef0 u0 com.android.helloworldjava/.HelloWorld t11}}}
03-10 17:46:30.974 W/WindowManager(  658): mViewVisibility=0x0 mHaveFrame=true mObscured=true
03-10 17:46:30.974 W/WindowManager(  658): mSeq=0 mSystemUiVisibility=0x0
03-10 17:46:30.974 W/WindowManager(  658): mPolicyVisibility=false mPolicyVisibilityAfterAnim=false mAppOpVisibility=true mAttachedHidden=false
03-10 17:46:30.974 W/WindowManager(  658): mGivenContentInsets=[0,0][0,0] mGivenVisibleInsets=[0,0][0,0]
03-10 17:46:30.974 W/WindowManager(  658): mConfiguration={1.0 ?mcc?mnc en_US ldltr sw600dp w600dp h887dp 320dpi lrg port finger -keyb/v/h -nav/h s.4}
03-10 17:46:30.974 W/WindowManager(  658): mHasSurface=true mShownFrame=[0.0,0.0][1200.0,1824.0] isReadyForDisplay()=false
03-10 17:46:30.974 W/WindowManager(  658): mFrame=[0,0][1200,1824] last=[0,0][1200,1824]
03-10 17:46:30.974 W/WindowManager(  658): mSystemDecorRect=[0,0][640,973] last=[0,0][640,973]
03-10 17:46:30.974 W/WindowManager(  658): mCompatFrame=[0,0][640,973]
03-10 17:46:30.974 W/WindowManager(  658): Frames: containing=[0,0][1200,1824] parent=[0,0][1200,1824]
03-10 17:46:30.974 W/WindowManager(  658):     display=[0,0][1200,1824] overscan=[0,0][1200,1920]
03-10 17:46:30.974 W/WindowManager(  658):     content=[0,50][1200,1824] visible=[0,50][1200,1824]
03-10 17:46:30.974 W/WindowManager(  658):     decor=[0,0][1200,1920]
03-10 17:46:30.974 W/WindowManager(  658): Cur insets: overscan=[0,0][0,0] content=[0,27][0,0] visible=[0,27][0,0]
03-10 17:46:30.974 W/WindowManager(  658): Lst insets: overscan=[0,0][0,0] content=[0,27][0,0] visible=[0,27][0,0]
03-10 17:46:30.974 W/WindowManager(  658): WindowStateAnimator{426e5f10 com.android.helloworldjava/com.android.helloworldjava.HelloWorld}:
03-10 17:46:30.974 W/WindowManager(  658):   mSurface=Surface(name=com.android.helloworldjava/com.android.helloworldjava.HelloWorld)
03-10 17:46:30.974 W/WindowManager(  658):   mDrawState=HAS_DRAWN mLastHidden=true
03-10 17:46:30.974 W/WindowManager(  658):   Surface: shown=false layer=21005 alpha=0.0 rect=(0.0,0.0) 640.0 x 973.0
03-10 17:46:30.974 W/WindowManager(  658):   mShownAlpha=1.0 mAlpha=1.0 mLastAlpha=-1.0
03-10 17:46:30.974 W/WindowManager(  658):   mGlobalScale=1.8746146 mDsDx=1.8746146 mDtDx=0.0 mDsDy=0.0 mDtDy=1.8746146
03-10 17:46:30.974 W/WindowManager(  658): Current app token list:
03-10 17:46:30.974 V/WindowManager(  658):   Display 0
03-10 17:46:30.974 V/WindowManager(  658):   #0: Token{425fc140 ActivityRecord{425fbec8 u0 com.android.launcher/com.android.launcher2.Launcher t1}}
03-10 17:46:30.974 W/WindowManager(  658): Final window list:
03-10 17:46:30.974 V/WindowManager(  658):   #0: Window{425f14e8 u0 SearchPanel}
03-10 17:46:30.974 V/WindowManager(  658):   #1: Window{425aafd8 u0 NavigationBar}
03-10 17:46:30.974 V/WindowManager(  658):   #2: Window{4240ca68 u0 StatusBar}
03-10 17:46:30.974 V/WindowManager(  658):   #3: Window{424a3f10 u0 Keyguard}
03-10 17:46:30.974 V/WindowManager(  658):   #4: Window{42564c18 u0 KeyguardScrim}
03-10 17:46:30.974 V/WindowManager(  658):   #5: Window{424fca28 u0 com.android.launcher/com.android.launcher2.Launcher}
03-10 17:46:30.974 V/WindowManager(  658):   #6: Window{424e6158 u0 com.android.systemui.ImageWallpaper}
03-10 17:46:30.974 I/WindowState(  658): WIN DEATH: Window{426e5950 u0 com.android.helloworldjava/com.android.helloworldjava.HelloWorld}
03-10 17:46:30.984 D/AndroidRuntime( 3183): Shutting down VM
03-10 17:46:30.984 D/dalvikvm( 3183): GC_CONCURRENT freed 93K, 15% free 553K/648K, paused 0ms+0ms, total 2ms
