03-10 17:41:03.370 I/dalvikvm-heap(  772): Grow heap (frag case) to 12.550MB for 1948832-byte allocation
03-10 17:41:03.390 D/dalvikvm(  772): GC_FOR_ALLOC freed 1K, 2% free 12824K/13072K, paused 13ms, total 13ms
03-10 17:41:03.410 D/dalvikvm(  772): GC_CONCURRENT freed 24K, 2% free 12866K/13072K, paused 7ms+2ms, total 19ms
03-10 17:41:03.410 I/ActivityManager(  658): Start proc android.process.acore for content provider com.android.providers.contacts/.ContactsProvider2: pid=875 uid=10000 gids={50000, 3003, 1028, 1015}
03-10 17:41:03.430 D/PhoneStatusBar(  772): disable: < expand icons alerts ticker system_info back home recent clock search >
03-10 17:41:03.470 W/InputMethodManagerService(  658): Ignoring setImeWindowStatus of uid 1000 token: null
03-10 17:41:03.510 I/ActivityManager(  658): Start proc com.google.android.inputmethod.latin for service com.google.android.inputmethod.latin/com.android.inputmethod.latin.LatinIME: pid=891 uid=10036 gids={50036, 3003, 1028, 1015}
03-10 17:41:03.510 V/InputMethodManagerService(  658): Adding window token: android.os.Binder@42534ea0
03-10 17:41:03.520 D/BluetoothAdapter(  772): 1107742472: getState() :  mService = null. Returning STATE_OFF
03-10 17:41:03.520 D/BluetoothAdapter(  772): 1107742472: getState() :  mService = null. Returning STATE_OFF
03-10 17:41:03.520 E/LocSvc_utils_cfg(  658): W/loc_read_conf: no /etc/sap.conf file found
03-10 17:41:03.520 E/LocSvc_afw(  658): W/get_extension: Invalid interface passed in
03-10 17:41:03.530 D/PhoneStatusBar(  772): heads up is disabled
03-10 17:41:03.530 I/Choreographer(  772): Skipped 32 frames!  The application may be doing too much work on its main thread.
03-10 17:41:03.540 D/MtpService(  858): updating state; isCurrentUser=true, mMtpLocked=true
03-10 17:41:03.580 D/dalvikvm(  875): GC_CONCURRENT freed 252K, 3% free 9231K/9512K, paused 4ms+1ms, total 40ms
03-10 17:41:03.580 D/dalvikvm(  875): WAIT_FOR_CONCURRENT_GC blocked 8ms
03-10 17:41:03.580 D/WifiConfigStore(  658): Loading config and enabling all networks
03-10 17:41:03.590 D/dalvikvm(  875): WAIT_FOR_CONCURRENT_GC blocked 25ms
03-10 17:41:03.590 D/MtpService(  858): updating state; isCurrentUser=true, mMtpLocked=true
03-10 17:41:03.590 I/ActivityManager(  658): Start proc com.android.settings for broadcast com.android.settings/.widget.SettingsAppWidgetProvider: pid=910 uid=1000 gids={41000, 1028, 1015, 3002, 3001, 3003}
03-10 17:41:03.600 D/MtpService(  858): starting MTP server in MTP mode
03-10 17:41:03.640 I/Adreno-EGL(  772): <qeglDrvAPI_eglInitialize:320>: EGL 1.4 QUALCOMM Build: I0404c4692afb8623f95c43aeb6d5e13ed4b30ddbDate: 11/06/13
03-10 17:41:03.650 D/WifiConfigStore(  658): Missing id while parsing configuration
03-10 17:41:03.650 D/WifiConfigStore(  658): Missing id while parsing configuration
03-10 17:41:03.650 D/WifiConfigStore(  658): Missing id while parsing configuration
03-10 17:41:03.650 D/WifiConfigStore(  658): Missing id while parsing configuration
03-10 17:41:03.660 V/FlpHardwareProvider(  658): Callback thread attached: 0x76ccdeb8
03-10 17:41:03.660 D/FlpHardwareProvider(  658): Hardware Device already opened.
03-10 17:41:03.660 D/OpenGLRenderer(  772): Enabling debug mode 0
03-10 17:41:03.660 E/LocationManagerService(  658): No FusedProvider found.
03-10 17:41:03.670 I/LatinIME(  891): Hardware accelerated drawing: true
03-10 17:41:03.680 E/QMI_FW  (  658): QMUXD: Service_id=16 not found over conn_id=0
03-10 17:41:03.680 I/CommonTimeManagementService(  658): No common time service detected on this platform.  Common time services will be unavailable.
03-10 17:41:03.680 I/InputReader(  658): Reconfiguring input devices.  changes=0x00000020
03-10 17:41:03.690 D/CommandListener(  181): Setting iface cfg
03-10 17:41:03.690 D/CommandListener(  181): Trying to bring up p2p0
03-10 17:41:03.690 E/QMI_FW  (  658): QMUXD: Service_id=16 not found over conn_id=0
03-10 17:41:03.690 I/InputReader(  658): Reconfiguring input devices.  changes=0x00000010
03-10 17:41:03.690 D/WifiMonitor(  658): startMonitoring(p2p0) with mConnected = true
03-10 17:41:03.700 I/ActivityManager(  658): Start proc com.nuance.xt9.input for added application com.nuance.xt9.input: pid=933 uid=10065 gids={50065}
03-10 17:41:03.710 E/QMI_FW  (  658): QMUXD: Service_id=16 not found over conn_id=0
03-10 17:41:03.710 I/ActivityManager(  658): Start proc com.android.phone for added application com.android.phone: pid=941 uid=1001 gids={41001, 3002, 3001, 3003, 1028, 1015}
03-10 17:41:03.720 I/ActivityManager(  658): Start proc com.android.nfc for added application com.android.nfc: pid=953 uid=1027 gids={41027, 3002, 3001, 1028, 1015}
03-10 17:41:03.730 D/GpsLocationProvider(  658): set_capabilities_callback: 55u
03-10 17:41:03.730 I/ActivityManager(  658): START u0 {act=android.intent.action.MAIN cat=[android.intent.category.HOME] flg=0x10000000 cmp=com.android.launcher/com.android.launcher2.Launcher} from pid 0
03-10 17:41:03.740 E/QMI_FW  (  658): QMUXD: Service_id=16 not found over conn_id=0
03-10 17:41:03.740 I/ActivityManager(  658): Start proc com.android.launcher for activity com.android.launcher/com.android.launcher2.Launcher: pid=973 uid=10037 gids={50037}
03-10 17:41:03.750 E/QMI_FW  (  658): QMUXD: Service_id=16 not found over conn_id=0
03-10 17:41:03.750 D/PhoneStatusBar(  772): mSettingsPanelGravity = 8388661
03-10 17:41:03.750 D/WifiConfigStore(  658): Loading config and enabling all networks
03-10 17:41:03.760 D/dalvikvm(  185): GC_EXPLICIT freed 38K, 1% free 8980K/9048K, paused 2ms+2ms, total 20ms
03-10 17:41:03.770 D/dalvikvm(  185): GC_EXPLICIT freed <1K, 1% free 8980K/9048K, paused 1ms+2ms, total 16ms
03-10 17:41:03.790 D/dalvikvm(  185): GC_EXPLICIT freed <1K, 1% free 8980K/9048K, paused 2ms+2ms, total 16ms
03-10 17:41:03.790 E/QMI_FW  (  658): QMUXD: Service_id=16 not found over conn_id=0
03-10 17:41:03.810 E/QMI_FW  (  658): QMUXD: Service_id=16 not found over conn_id=0
03-10 17:41:03.830 I/NfcService(  953): Starting NFC service
03-10 17:41:03.830 E/QMI_FW  (  658): QMUXD: Service_id=16 not found over conn_id=0
03-10 17:41:03.840 D/dalvikvm(  891): GC_CONCURRENT freed 277K, 4% free 9159K/9468K, paused 2ms+3ms, total 27ms
03-10 17:41:03.840 I/LatinIME:LogUtils(  891): Dictionary info: dictionary = PersonalizationPredictionDictio ; version = ? ; date = 1393485324
03-10 17:41:03.850 W/InputAttributes(  891): No editor info for this field. Bug?
03-10 17:41:03.850 D/WifiConfigStore(  658): Missing id while parsing configuration
03-10 17:41:03.850 D/WifiConfigStore(  658): Missing id while parsing configuration
03-10 17:41:03.850 D/WifiConfigStore(  658): Missing id while parsing configuration
03-10 17:41:03.850 I/ResourceUtils(  891): Found default value: resource=keypress_vibration_durations build=[HARDWARE=flo MODEL=Nexus 7 BRAND=google MANUFACTURER=asus] default=-1
03-10 17:41:03.850 I/ResourceUtils(  891): Found default value: resource=keypress_volumes build=[HARDWARE=flo MODEL=Nexus 7 BRAND=google MANUFACTURER=asus] default=-1.0f
03-10 17:41:03.860 D/WifiConfigStore(  658): Missing id while parsing configuration
03-10 17:41:03.860 E/QMI_FW  (  658): QMUXD: Service_id=16 not found over conn_id=0
03-10 17:41:03.860 I/LatinIME:LogUtils(  891): Dictionary info: dictionary = personalization.en_US.dict ; version = ? ; date = 1391630706
03-10 17:41:03.870 I/LatinIME:LogUtils(  891): Dictionary info: dictionary = userunigram.en_US.dict ; version = ? ; date = ?
03-10 17:41:03.870 E/QMI_FW  (  658): QMUXD: Service_id=16 not found over conn_id=0
03-10 17:41:03.880 I/LatinIME:LogUtils(  891): Dictionary info: dictionary = UserHistoryDictionary.en_US.dic ; version = ? ; date = 1394457388
03-10 17:41:03.900 D/BluetoothManagerService(  658): Message: 20
03-10 17:41:03.900 D/BluetoothManagerService(  658): Added callback: android.bluetooth.IBluetoothManagerCallback$Stub$Proxy@42094080:true
03-10 17:41:03.900 I/ActivityManager(  658): Start proc com.android.printspooler for service com.android.printspooler/.PrintSpoolerService: pid=998 uid=10105 gids={50105}
03-10 17:41:03.920 D/BrcmNfcJni(  953): JNI_OnLoad: enter
03-10 17:41:03.920 I/BrcmNfcJni(  953): NFC Service: loading nci JNI
03-10 17:41:03.920 D/BrcmNfcJni(  953): register_com_android_nfc_NativeNfcManager: enter
03-10 17:41:03.920 D/BrcmNfcJni(  953): PowerSwitch::initialize: level=PS-UNKNOWN (0)
03-10 17:41:03.920 I/Choreographer(  658): Skipped 78 frames!  The application may be doing too much work on its main thread.
03-10 17:41:03.920 D/CommandListener(  181): Setting iface cfg
03-10 17:41:03.920 D/CommandListener(  181): Trying to bring up p2p0
03-10 17:41:03.920 D/NfcAdaptation(  953): bool CNfcConfig::readConfig(const char*, bool) Opened base config /etc/libnfc-brcm.conf
03-10 17:41:03.920 D/WifiMonitor(  658): startMonitoring(p2p0) with mConnected = true
03-10 17:41:03.920 V/KeyguardServiceDelegate(  658): *** Keyguard connected (yay!)
03-10 17:41:03.920 W/InputMethodManagerService(  658): Focus gain on non-focused client android.view.inputmethod.InputMethodManager$1@425b3360 (uid=1000 pid=658)
03-10 17:41:03.930 D/BluetoothAdapter(  910): 1106126648: getState() :  mService = null. Returning STATE_OFF
03-10 17:41:03.930 D/BluetoothManagerService(  658): Message: 30
03-10 17:41:03.940 D/BrcmNfcJni(  953): PowerSwitch::initialize: desired screen-off state=0
03-10 17:41:03.940 D/BrcmNfcJni(  953): register_com_android_nfc_NativeNfcManager: exit
03-10 17:41:03.940 D/BrcmNfcJni(  953): register_com_android_nfc_NativeNfcTag
03-10 17:41:03.940 D/BrcmNfcJni(  953): JNI_OnLoad: exit
03-10 17:41:03.940 D/BrcmNfcJni(  953): nfcManager_initNativeStruc: enter
03-10 17:41:03.940 D/BrcmNfcJni(  953): nfcManager_initNativeStruc: exit
03-10 17:41:03.940 I/PrintSpoolerService(  998): No existing print spooler state.
03-10 17:41:03.950 D/BluetoothManagerService(  658): Message: 20
03-10 17:41:03.950 D/BluetoothManagerService(  658): Added callback: android.bluetooth.IBluetoothManagerCallback$Stub$Proxy@42002490:true
03-10 17:41:03.950 D/BluetoothManagerService(  658): Message: 300
03-10 17:41:03.950 D/BluetoothManagerService(  658): MESSAGE_USER_SWITCHED
03-10 17:41:03.960 W/Settings(  953): Setting device_provisioned has moved from android.provider.Settings.Secure to android.provider.Settings.Global.
03-10 17:41:03.970 I/LatinIME:LogUtils(  891): Dictionary info: dictionary = main:en_us ; version = 39 ; date = 1380099174
03-10 17:41:03.980 V/StatusBar(  772): userId 0 is in the house
03-10 17:41:03.980 W/ContextImpl(  910): Calling a method in the system process without a qualified user: android.app.ContextImpl.bindService:1543 android.content.ContextWrapper.bindService:517 android.bluetooth.BluetoothInputDevice.doBind:245 android.bluetooth.BluetoothInputDevice.<init>:238 android.bluetooth.BluetoothAdapter.getProfileProxy:1187 
03-10 17:41:03.990 D/BluetoothManagerService(  658): Message: 30
03-10 17:41:03.990 D/LocalBluetoothProfileManager(  910): Adding local MAP profile
03-10 17:41:03.990 D/BluetoothMap(  910): Create BluetoothMap proxy object
03-10 17:41:03.990 D/BluetoothManagerService(  658): Message: 30
03-10 17:41:03.990 W/ContextImpl(  910): Calling a method in the system process without a qualified user: android.app.ContextImpl.bindService:1543 android.content.ContextWrapper.bindService:517 android.bluetooth.BluetoothPan.doBind:149 android.bluetooth.BluetoothPan.<init>:141 android.bluetooth.BluetoothAdapter.getProfileProxy:1190 
03-10 17:41:04.000 D/BluetoothManagerService(  658): Message: 30
03-10 17:41:04.000 D/LocalBluetoothProfileManager(  910): LocalBluetoothProfileManager construction complete
03-10 17:41:04.000 D/BluetoothAdapter(  910): 1106126648: getState() :  mService = null. Returning STATE_OFF
03-10 17:41:04.000 D/BluetoothAdapter(  910): 1106126648: getState() :  mService = null. Returning STATE_OFF
03-10 17:41:04.000 W/ContextImpl(  910): Calling a method in the system process without a qualified user: android.app.ContextImpl.bindService:1543 android.content.ContextWrapper.bindService:517 android.bluetooth.BluetoothMap.doBind:109 android.bluetooth.BluetoothMap.<init>:102 android.bluetooth.BluetoothAdapter.getProfileProxy:1196 
03-10 17:41:04.000 W/ContextImpl(  910): Calling a method in the system process without a qualified user: android.app.ContextImpl.bindService:1543 android.content.ContextWrapper.bindService:517 android.bluetooth.BluetoothPbap.doBind:164 android.bluetooth.BluetoothPbap.<init>:157 com.android.settings.bluetooth.PbapServerProfile.<init>:68 
03-10 17:41:04.010 V/BackupManagerService(  658): Connected to transport ComponentInfo{android/com.android.internal.backup.LocalTransportService}
03-10 17:41:04.010 V/BackupManagerService(  658): Registering transport android/com.android.internal.backup.LocalTransportService::android/com.android.internal.backup.LocalTransport = com.android.internal.backup.LocalTransport@42849010
03-10 17:41:04.020 D/dalvikvm(  973): GC_CONCURRENT freed 212K, 3% free 9193K/9436K, paused 3ms+1ms, total 23ms
03-10 17:41:04.030 I/ActivityManager(  658): Start proc com.google.android.gms for service com.google.android.gms/.cast.media.CastRemoteDisplayProviderService: pid=1024 uid=10023 gids={50023, 3003, 1007, 3002, 3001, 1028, 1015, 3007, 2001, 3006}
03-10 17:41:04.040 I/ActivityManager(  658): Start proc com.google.android.keep for broadcast com.google.android.keep/.notification.AlertReceiver: pid=1037 uid=10034 gids={50034, 3003, 1028, 1015}
03-10 17:41:04.050 D/PhoneStatusBar(  772): disable: < expand icons alerts ticker system_info back home RECENT* clock search >
03-10 17:41:04.050 W/NfceeAccess(  953): could not find /etc/nfcee_access.xml, no NFCEE access allowed
03-10 17:41:04.050 I/NfceeAccess(  953): read 0 signature(s) for NFCEE access
03-10 17:41:04.050 W/Settings(  953): Setting airplane_mode_radios has moved from android.provider.Settings.System to android.provider.Settings.Global, returning read-only value.
03-10 17:41:04.050 W/Settings(  953): Setting airplane_mode_toggleable_radios has moved from android.provider.Settings.System to android.provider.Settings.Global, returning read-only value.
03-10 17:41:04.070 E/LocSvc_ApiV02(  658): W/virtual loc_api_adapter_err LocApiV02::setAGLONASSProtocol(long unsigned int):1553]: Error status = eLOC_CLIENT_FAILURE_INVALID_PARAMETER, ind..status = eQMI_LOC_SUCCESS_V02 
03-10 17:41:04.090 E/LocSvc_eng(  658): W/int loc_eng_init(loc_eng_data_s_type&, LocCallbacks*, LOC_API_ADAPTER_EVENT_MASK_T): log_eng state error: instance already initialized
03-10 17:41:04.090 E/LocSvc_eng(  658): W/void loc_eng_agps_init(loc_eng_data_s_type&, AGpsExtCallbacks*): log_eng state error: agps instance already initialized
03-10 17:41:04.110 D/dalvikvm(  953): GC_CONCURRENT freed 221K, 3% free 9263K/9512K, paused 2ms+1ms, total 16ms
03-10 17:41:04.110 D/dalvikvm(  953): WAIT_FOR_CONCURRENT_GC blocked 6ms
03-10 17:41:04.110 D/NfcService(  953): checking on firmware download
03-10 17:41:04.110 W/Settings(  953): Setting airplane_mode_on has moved from android.provider.Settings.System to android.provider.Settings.Global, returning read-only value.
03-10 17:41:04.110 D/NfcService(  953): NFC is on. Doing normal stuff
03-10 17:41:04.110 I/NfcService(  953): Enabling NFC
03-10 17:41:04.110 D/BrcmNfcJni(  953): nfcManager_doInitialize: enter; ver=NFCDROID_MI_422.10.0.15 nfa=NFA_MI_1.03.62+ NCI_VERSION=0x10
03-10 17:41:04.110 D/BrcmNfcJni(  953): PowerSwitch::initialize: level=PS-FULL (1)
03-10 17:41:04.110 D/BrcmNfcJni(  953): PowerSwitch::initialize: desired screen-off state=0
03-10 17:41:04.110 D/NfcAdaptation(  953): NfcAdaptation::Initialize: enter
03-10 17:41:04.110 E/NfcAdaptation(  953): NfcAdaptation::Initialize: ver=NFCDROID_MI_422.10.0.15 nfa=NFA_MI_1.03.62+
03-10 17:41:04.110 D/NfcAdaptation(  953): const CNfcParam* CNfcConfig::find(const char*) const found NFA_STORAGE=/data/nfc
03-10 17:41:04.110 D/NfcAdaptation(  953): const CNfcParam* CNfcConfig::find(const char*) const found PROTOCOL_TRACE_LEVEL=(0x0)
03-10 17:41:04.110 D/NfcAdaptation(  953): const CNfcParam* CNfcConfig::find(const char*) const found APPL_TRACE_LEVEL=(0x1)
03-10 17:41:04.130 I/MultiDex( 1024): load(/data/app/com.google.android.gms-2.apk, forceReload=false)
03-10 17:41:04.130 D/dalvikvm(  658): GC_EXPLICIT freed 3059K, 17% free 16023K/19120K, paused 3ms+5ms, total 69ms
03-10 17:41:04.140 I/BrcmNfcNfa(  953): NFC_TASK started.
03-10 17:41:04.140 D/NfcNciHal(  953): nfc_open: enter; name=nci
03-10 17:41:04.140 D/NfcNciHal(  953): HaiInitializeLibrary: enter
03-10 17:41:04.140 E/NfcNciHal(  953): HaiInitializeLibrary: ver=NFCDROID_MI_422.10.0.15 nfa=NFA_MI_1.03.62+
03-10 17:41:04.140 D/NfcNciHal(  953): bool CNfcConfig::readConfig(const char*, bool) Opened base config /etc/libnfc-brcm.conf
03-10 17:41:04.150 D/NfcNciHal(  953): const CNfcParam* CNfcConfig::find(const char*) const found APPL_TRACE_LEVEL=(0x1)
03-10 17:41:04.160 I/USERIAL_LINUX(  953): USERIAL_Init
03-10 17:41:04.160 I/NfcNciHal(  953): HAL_NfcInitialize (): NFC_HAL_TASK id=0
03-10 17:41:04.160 I/BrcmNfcNfa(  953): nfa_dm_init ()
03-10 17:41:04.160 I/BrcmNfcNfa(  953): nfa_sys_register () id=1, enable_cplt_mask=0x0
03-10 17:41:04.160 I/BrcmNfcNfa(  953): nfa_sys_register () id=3, enable_cplt_mask=0x8
03-10 17:41:04.160 I/BrcmNfcNfa(  953): nfa_rw_init ()
03-10 17:41:04.160 I/BrcmNfcNfa(  953): nfa_sys_register () id=6, enable_cplt_mask=0x48
03-10 17:41:04.160 I/BrcmNfcNfa(  953): nfa_ce_init ()
03-10 17:41:04.160 I/BrcmNfcNfa(  953): nfa_sys_register () id=7, enable_cplt_mask=0xc8
03-10 17:41:04.160 I/BrcmNfcNfa(  953): nfa_ee_init ()
03-10 17:41:04.160 I/BrcmNfcNfa(  953): nfa_sys_register () id=2, enable_cplt_mask=0xcc
03-10 17:41:04.160 I/BrcmNfcNfa(  953): nfa_hci_init ()
03-10 17:41:04.160 I/BrcmNfcNfa(  953): nfa_sys_register () id=8, enable_cplt_mask=0x1cc
03-10 17:41:04.160 I/BrcmNfcNfa(  953): LLCP - llcp_init ()
03-10 17:41:04.160 I/BrcmNfcNfa(  953): num_rx_buff = 9, rx_congest_start = 6, rx_congest_end = 4, max_num_ll_rx_buff = 2
03-10 17:41:04.160 I/BrcmNfcNfa(  953): max_num_tx_buff = 21, max_num_ll_tx_buff = 6
03-10 17:41:04.160 I/BrcmNfcNfa(  953): LLCP_RegisterServer (): SAP:0x1, link_type:0x2, ServiceName:<urn:nfc:sn:sdp>
03-10 17:41:04.160 I/BrcmNfcNfa(  953): LLCP_RegisterServer (): Registered SAP = 0x01
03-10 17:41:04.160 I/BrcmNfcNfa(  953): NFA_Enable ()
03-10 17:41:04.160 I/BrcmNfcNfa(  953): NFC_SetTraceLevel () new_level = 1
03-10 17:41:04.160 I/USERIAL_LINUX(  953): USERIAL_Open(): enter
03-10 17:41:04.160 I/USERIAL_LINUX(  953): USERIAL_Open() device: /dev/bcm2079x-i2c port=5, uart_port=0 WAKE_DELAY(20) WRITE_DELAY(20) POWER_ON_DELAY(0) PRE_POWER_OFF_DELAY(10) POST_POWER_OFF_DELAY(0)
03-10 17:41:04.170 I/USERIAL_LINUX(  953): USERIAL_Open(): exit
03-10 17:41:04.180 D/BluetoothManagerService(  658): Message: 20
03-10 17:41:04.180 D/BluetoothManagerService(  658): Added callback: android.bluetooth.IBluetoothManagerCallback$Stub$Proxy@424c0f50:true
03-10 17:41:04.180 D/dalvikvm( 1024): GC_CONCURRENT freed 148K, 2% free 9295K/9476K, paused 2ms+1ms, total 18ms
03-10 17:41:04.200 V/KeyguardHostView(  772): Initial transport state: 1, pbstate=0
03-10 17:41:04.200 I/MultiDex( 1024): Need extracted file /data/data/com.google.android.gms/files/secondary-dexes/com.google.android.gms-2.apk.classes2.zip
03-10 17:41:04.200 I/MultiDex( 1024): No extraction needed for /data/data/com.google.android.gms/files/secondary-dexes/com.google.android.gms-2.apk.classes2.zip of size 1430457
03-10 17:41:04.200 D/dalvikvm(  772): GC_CONCURRENT freed 343K, 3% free 13713K/14084K, paused 1ms+2ms, total 16ms
03-10 17:41:04.230 D/dalvikvm(  941): GC_CONCURRENT freed 170K, 3% free 9218K/9416K, paused 4ms+35ms, total 61ms
03-10 17:41:04.260 E/kickstart(  688): Wrote to /sys/power/wake_lock
03-10 17:41:04.270 D/BluetoothManagerService(  658): Message: 30
03-10 17:41:04.281 D/dalvikvm(  973): GC_CONCURRENT freed 67K, 2% free 9602K/9700K, paused 1ms+4ms, total 18ms
03-10 17:41:04.281 D/CallNotifier(  941): CallNotifier: mSignalInfoToneGenerator created when toneplay
03-10 17:41:04.291 D/BluetoothManagerService(  658): Message: 30
03-10 17:41:04.321 D/MobileDataStateTracker(  658): fota: Broadcast received: android.intent.action.ANY_DATA_STATE apnType=fota
03-10 17:41:04.321 D/MobileDataStateTracker(  658): fota: Received state=DISCONNECTED, old=DISCONNECTED, reason=radioTurnedOff
03-10 17:41:04.321 D/MobileDataStateTracker(  658): dun: Broadcast received: android.intent.action.ANY_DATA_STATE apnType=dun
03-10 17:41:04.331 D/MobileDataStateTracker(  658): dun: Received state=DISCONNECTED, old=DISCONNECTED, reason=radioTurnedOff
03-10 17:41:04.331 D/MobileDataStateTracker(  658): supl: Broadcast received: android.intent.action.ANY_DATA_STATE apnType=supl
03-10 17:41:04.331 D/MobileDataStateTracker(  658): supl: Received state=DISCONNECTED, old=DISCONNECTED, reason=radioTurnedOff
03-10 17:41:04.331 D/MobileDataStateTracker(  658): hipri: Broadcast received: android.intent.action.ANY_DATA_STATE apnType=hipri
03-10 17:41:04.331 D/MobileDataStateTracker(  658): hipri: Received state=DISCONNECTED, old=DISCONNECTED, reason=radioTurnedOff
03-10 17:41:04.331 D/MobileDataStateTracker(  658): ims: Broadcast received: android.intent.action.ANY_DATA_STATE apnType=ims
03-10 17:41:04.341 D/MobileDataStateTracker(  658): ims: Received state=DISCONNECTED, old=DISCONNECTED, reason=radioTurnedOff
03-10 17:41:04.341 D/MobileDataStateTracker(  658): default: Broadcast received: android.intent.action.ANY_DATA_STATE apnType=default
03-10 17:41:04.341 D/MobileDataStateTracker(  658): default: Received state=DISCONNECTED, old=DISCONNECTED, reason=radioTurnedOff
03-10 17:41:04.341 D/MobileDataStateTracker(  658): mms: Broadcast received: android.intent.action.ANY_DATA_STATE apnType=mms
03-10 17:41:04.341 D/MobileDataStateTracker(  658): mms: Received state=DISCONNECTED, old=DISCONNECTED, reason=radioTurnedOff
03-10 17:41:04.341 D/MobileDataStateTracker(  658): cbs: Broadcast received: android.intent.action.ANY_DATA_STATE apnType=cbs
03-10 17:41:04.341 D/MobileDataStateTracker(  658): cbs: Received state=DISCONNECTED, old=DISCONNECTED, reason=radioTurnedOff
03-10 17:41:04.341 D/MobileDataStateTracker(  658): fota: Broadcast received: android.intent.action.ANY_DATA_STATE apnType=fota
03-10 17:41:04.351 D/MobileDataStateTracker(  658): fota: Received state=DISCONNECTED, old=DISCONNECTED, reason=radioTurnedOff
03-10 17:41:04.351 D/MobileDataStateTracker(  658): dun: Broadcast received: android.intent.action.ANY_DATA_STATE apnType=dun
03-10 17:41:04.351 D/MobileDataStateTracker(  658): dun: Received state=DISCONNECTED, old=DISCONNECTED, reason=radioTurnedOff
03-10 17:41:04.351 D/MobileDataStateTracker(  658): supl: Broadcast received: android.intent.action.ANY_DATA_STATE apnType=supl
03-10 17:41:04.351 D/MobileDataStateTracker(  658): supl: Received state=DISCONNECTED, old=DISCONNECTED, reason=radioTurnedOff
03-10 17:41:04.351 D/MobileDataStateTracker(  658): hipri: Broadcast received: android.intent.action.ANY_DATA_STATE apnType=hipri
03-10 17:41:04.351 D/MobileDataStateTracker(  658): hipri: Received state=DISCONNECTED, old=DISCONNECTED, reason=radioTurnedOff
03-10 17:41:04.351 D/MobileDataStateTracker(  658): ims: Broadcast received: android.intent.action.ANY_DATA_STATE apnType=ims
03-10 17:41:04.351 D/MobileDataStateTracker(  658): ims: Received state=DISCONNECTED, old=DISCONNECTED, reason=radioTurnedOff
03-10 17:41:04.361 D/MobileDataStateTracker(  658): default: Broadcast received: android.intent.action.ANY_DATA_STATE apnType=default
03-10 17:41:04.361 D/MobileDataStateTracker(  658): default: Received state=DISCONNECTED, old=DISCONNECTED, reason=radioTurnedOff
03-10 17:41:04.361 D/MobileDataStateTracker(  658): mms: Broadcast received: android.intent.action.ANY_DATA_STATE apnType=mms
03-10 17:41:04.361 D/MobileDataStateTracker(  658): mms: Received state=DISCONNECTED, old=DISCONNECTED, reason=radioTurnedOff
03-10 17:41:04.361 D/MobileDataStateTracker(  658): cbs: Broadcast received: android.intent.action.ANY_DATA_STATE apnType=cbs
03-10 17:41:04.371 D/MobileDataStateTracker(  658): cbs: Received state=DISCONNECTED, old=DISCONNECTED, reason=radioTurnedOff
03-10 17:41:04.371 D/MobileDataStateTracker(  658): fota: Broadcast received: android.intent.action.ANY_DATA_STATE apnType=fota
03-10 17:41:04.381 E/kickstart(  688): Received file "/dev/block/platform/msm_sdcc.1/by-name/m9kefs1"
03-10 17:41:04.381 E/kickstart(  688): 786432 bytes transferred in 0.109s (6.89 MBps)
03-10 17:41:04.381 E/kickstart(  688): Successfully downloaded files from target 
03-10 17:41:04.381 E/kickstart(  688): Wrote to /sys/power/wake_unlock
03-10 17:41:04.381 E/kickstart(  688): Sahara protocol completed
03-10 17:41:04.381 D/MobileDataStateTracker(  658): fota: Received state=DISCONNECTED, old=DISCONNECTED, reason=dataDetached
03-10 17:41:04.381 D/MobileDataStateTracker(  658): dun: Broadcast received: android.intent.action.ANY_DATA_STATE apnType=dun
03-10 17:41:04.381 D/MobileDataStateTracker(  658): dun: Received state=DISCONNECTED, old=DISCONNECTED, reason=dataDetached
03-10 17:41:04.381 D/MobileDataStateTracker(  658): supl: Broadcast received: android.intent.action.ANY_DATA_STATE apnType=supl
03-10 17:41:04.381 D/MobileDataStateTracker(  658): supl: Received state=DISCONNECTED, old=DISCONNECTED, reason=dataDetached
03-10 17:41:04.381 D/MobileDataStateTracker(  658): hipri: Broadcast received: android.intent.action.ANY_DATA_STATE apnType=hipri
03-10 17:41:04.381 D/MobileDataStateTracker(  658): hipri: Received state=DISCONNECTED, old=DISCONNECTED, reason=dataDetached
03-10 17:41:04.381 D/MobileDataStateTracker(  658): ims: Broadcast received: android.intent.action.ANY_DATA_STATE apnType=ims
03-10 17:41:04.381 D/MobileDataStateTracker(  658): ims: Received state=DISCONNECTED, old=DISCONNECTED, reason=dataDetached
03-10 17:41:04.391 D/MobileDataStateTracker(  658): default: Broadcast received: android.intent.action.ANY_DATA_STATE apnType=default
03-10 17:41:04.391 D/MobileDataStateTracker(  658): default: Received state=DISCONNECTED, old=DISCONNECTED, reason=dataDetached
03-10 17:41:04.391 D/MobileDataStateTracker(  658): mms: Broadcast received: android.intent.action.ANY_DATA_STATE apnType=mms
03-10 17:41:04.391 D/MobileDataStateTracker(  658): mms: Received state=DISCONNECTED, old=DISCONNECTED, reason=dataDetached
03-10 17:41:04.391 D/MobileDataStateTracker(  658): cbs: Broadcast received: android.intent.action.ANY_DATA_STATE apnType=cbs
03-10 17:41:04.391 D/MobileDataStateTracker(  658): cbs: Received state=DISCONNECTED, old=DISCONNECTED, reason=dataDetached
03-10 17:41:04.391 D/MobileDataStateTracker(  658): fota: Broadcast received: android.intent.action.ANY_DATA_STATE apnType=fota
03-10 17:41:04.391 D/MobileDataStateTracker(  658): fota: Received state=DISCONNECTED, old=DISCONNECTED, reason=roamingOff
03-10 17:41:04.401 D/MobileDataStateTracker(  658): dun: Broadcast received: android.intent.action.ANY_DATA_STATE apnType=dun
03-10 17:41:04.401 D/MobileDataStateTracker(  658): dun: Received state=DISCONNECTED, old=DISCONNECTED, reason=roamingOff
03-10 17:41:04.401 D/MobileDataStateTracker(  658): supl: Broadcast received: android.intent.action.ANY_DATA_STATE apnType=supl
03-10 17:41:04.401 D/MobileDataStateTracker(  658): supl: Received state=DISCONNECTED, old=DISCONNECTED, reason=roamingOff
03-10 17:41:04.401 D/MobileDataStateTracker(  658): hipri: Broadcast received: android.intent.action.ANY_DATA_STATE apnType=hipri
03-10 17:41:04.401 D/MobileDataStateTracker(  658): hipri: Received state=DISCONNECTED, old=DISCONNECTED, reason=roamingOff
03-10 17:41:04.401 D/MobileDataStateTracker(  658): ims: Broadcast received: android.intent.action.ANY_DATA_STATE apnType=ims
03-10 17:41:04.401 D/MobileDataStateTracker(  658): ims: Received state=DISCONNECTED, old=DISCONNECTED, reason=roamingOff
03-10 17:41:04.411 D/dalvikvm(  772): GC_FOR_ALLOC freed 126K, 3% free 14624K/14964K, paused 43ms, total 43ms
03-10 17:41:04.411 D/MobileDataStateTracker(  658): default: Broadcast received: android.intent.action.ANY_DATA_STATE apnType=default
03-10 17:41:04.411 D/MobileDataStateTracker(  658): default: Received state=DISCONNECTED, old=DISCONNECTED, reason=roamingOff
03-10 17:41:04.411 D/MobileDataStateTracker(  658): mms: Broadcast received: android.intent.action.ANY_DATA_STATE apnType=mms
03-10 17:41:04.411 D/MobileDataStateTracker(  658): mms: Received state=DISCONNECTED, old=DISCONNECTED, reason=roamingOff
03-10 17:41:04.411 D/MobileDataStateTracker(  658): cbs: Broadcast received: android.intent.action.ANY_DATA_STATE apnType=cbs
03-10 17:41:04.411 D/MobileDataStateTracker(  658): cbs: Received state=DISCONNECTED, old=DISCONNECTED, reason=roamingOff
03-10 17:41:04.411 D/MobileDataStateTracker(  658): fota: Broadcast received: android.intent.action.ANY_DATA_STATE apnType=fota
03-10 17:41:04.411 D/MobileDataStateTracker(  658): fota: Received state=DISCONNECTED, old=DISCONNECTED, reason=roamingOff
03-10 17:41:04.421 D/MobileDataStateTracker(  658): dun: Broadcast received: android.intent.action.ANY_DATA_STATE apnType=dun
03-10 17:41:04.431 E/AppsCustomizePagedView(  973): Widget ComponentInfo{com.devhd.feedly/com.devhd.feedly.widget.FeedlyWidgetProvider_4_1} has invalid dimensions (0, 0)
03-10 17:41:04.431 D/MobileDataStateTracker(  658): dun: Received state=DISCONNECTED, old=DISCONNECTED, reason=roamingOff
03-10 17:41:04.431 D/MobileDataStateTracker(  658): supl: Broadcast received: android.intent.action.ANY_DATA_STATE apnType=supl
03-10 17:41:04.431 D/MobileDataStateTracker(  658): supl: Received state=DISCONNECTED, old=DISCONNECTED, reason=roamingOff
03-10 17:41:04.431 D/MobileDataStateTracker(  658): hipri: Broadcast received: android.intent.action.ANY_DATA_STATE apnType=hipri
03-10 17:41:04.431 D/MobileDataStateTracker(  658): hipri: Received state=DISCONNECTED, old=DISCONNECTED, reason=roamingOff
03-10 17:41:04.431 D/MobileDataStateTracker(  658): ims: Broadcast received: android.intent.action.ANY_DATA_STATE apnType=ims
03-10 17:41:04.431 D/MobileDataStateTracker(  658): ims: Received state=DISCONNECTED, old=DISCONNECTED, reason=roamingOff
03-10 17:41:04.431 D/MobileDataStateTracker(  658): default: Broadcast received: android.intent.action.ANY_DATA_STATE apnType=default
03-10 17:41:04.441 I/ContactLocale(  875): AddressBook Labels [en_US]: [, A, B, C, D, E, F, G, H, I, J, K, L, M, N, O, P, Q, R, S, T, U, V, W, X, Y, Z, , , , , , , , , , , , , , , , , , , , , , , , , , , , , , , , , , , , , , , , , , , , , , , , , , , , , , , , , , , , , , , , , , , , , , , , , , , , , , , , , , , , , , , , , , , , , , , , , , , , , , , , , , , , , , , , , , , , , , , , , , , , , , , , , , , , , , , , , , , , , , , , , , , , , , , , , , , , , , , , , , , , , , , , , , , , , , , , , , , , , , #, ]
03-10 17:41:04.441 D/TelephonyDebugService(  941): TelephonyDebugService()
03-10 17:41:04.441 D/MobileDataStateTracker(  658): default: Received state=DISCONNECTED, old=DISCONNECTED, reason=roamingOff
03-10 17:41:04.441 D/MobileDataStateTracker(  658): mms: Broadcast received: android.intent.action.ANY_DATA_STATE apnType=mms
03-10 17:41:04.441 D/MobileDataStateTracker(  658): mms: Received state=DISCONNECTED, old=DISCONNECTED, reason=roamingOff
03-10 17:41:04.441 D/MobileDataStateTracker(  658): cbs: Broadcast received: android.intent.action.ANY_DATA_STATE apnType=cbs
03-10 17:41:04.441 D/MobileDataStateTracker(  658): cbs: Received state=DISCONNECTED, old=DISCONNECTED, reason=roamingOff
03-10 17:41:04.451 D/dalvikvm(  973): GC_CONCURRENT freed 114K, 2% free 9898K/10040K, paused 1ms+1ms, total 13ms
03-10 17:41:04.461 I/dalvikvm-heap(  772): Grow heap (frag case) to 30.127MB for 16588816-byte allocation
03-10 17:41:04.471 D/BluetoothManagerService(  658): Message: 30
03-10 17:41:04.471 E/KeepSync( 1037): Try to add invalid account
03-10 17:41:04.471 E/KeepSync( 1037): Try to force sync on a null account
03-10 17:41:04.471 E/KeepSync( 1037): Try to add invalid account
03-10 17:41:04.471 E/BluetoothPhoneService(  941): Could not get a handle on Connection object for the call
03-10 17:41:04.471 I/ActivityManager(  658): Start proc com.google.process.gapps for content provider com.google.android.gsf/.gservices.GservicesProvider: pid=1083 uid=10023 gids={50023, 3003, 1007, 3002, 3001, 1028, 1015, 3007, 2001, 3006}
03-10 17:41:04.481 W/CallNotifier(  941): Got onMwiChanged() on non-voice-capable device! Ignoring...
03-10 17:41:04.481 D/dalvikvm(  772): GC_CONCURRENT freed 6K, 2% free 30818K/31168K, paused 3ms+2ms, total 24ms
03-10 17:41:04.481 E/KeepSync( 1037): Try to force sync on a null account
03-10 17:41:04.511 I/PhoneApp(  941): Headset phone created, binding local service.
03-10 17:41:04.521 D/dalvikvm(  973): GC_CONCURRENT freed 197K, 3% free 10132K/10408K, paused 2ms+1ms, total 16ms
03-10 17:41:04.531 D/dalvikvm(  941): GC_CONCURRENT freed 309K, 4% free 9296K/9636K, paused 1ms+1ms, total 21ms
03-10 17:41:04.601 D/dalvikvm(  973): GC_CONCURRENT freed 265K, 4% free 10269K/10644K, paused 1ms+2ms, total 15ms
03-10 17:41:04.601 D/dalvikvm(  973): WAIT_FOR_CONCURRENT_GC blocked 12ms
03-10 17:41:04.651 D/dalvikvm(  973): GC_CONCURRENT freed 219K, 4% free 10459K/10796K, paused 1ms+4ms, total 18ms
03-10 17:41:04.651 D/dalvikvm(  973): WAIT_FOR_CONCURRENT_GC blocked 10ms
03-10 17:41:04.681 I/GservicesProvider( 1083): Gservices pushing to system: true; secure/global: true
03-10 17:41:04.681 D/dalvikvm(  973): GC_FOR_ALLOC freed 205K, 4% free 10595K/10948K, paused 11ms, total 11ms
03-10 17:41:04.681 I/Adreno-EGL(  973): <qeglDrvAPI_eglInitialize:320>: EGL 1.4 QUALCOMM Build: I0404c4692afb8623f95c43aeb6d5e13ed4b30ddbDate: 11/06/13
03-10 17:41:04.721 D/OpenGLRenderer(  973): Enabling debug mode 0
03-10 17:41:04.751 D/dalvikvm(  973): GC_FOR_ALLOC freed 177K, 4% free 10727K/11100K, paused 12ms, total 13ms
03-10 17:41:04.761 E/NfcNciHal(  953): NVM patch version is 11.31
03-10 17:41:04.771 D/dalvikvm( 1083): GC_CONCURRENT freed 206K, 3% free 9204K/9444K, paused 3ms+2ms, total 20ms
03-10 17:41:04.781 D/dalvikvm(  658): GC_FOR_ALLOC freed 468K, 16% free 16162K/19120K, paused 55ms, total 55ms
03-10 17:41:04.781 I/dalvikvm-heap(  658): Grow heap (frag case) to 17.676MB for 1948832-byte allocation
03-10 17:41:04.831 D/dalvikvm(  658): GC_FOR_ALLOC freed 1K, 6% free 18064K/19120K, paused 57ms, total 57ms
03-10 17:41:04.851 D/dalvikvm(  772): GC_FOR_ALLOC freed 1K, 2% free 30821K/31168K, paused 14ms, total 14ms
03-10 17:41:04.881 I/dalvikvm-heap(  772): Grow heap (frag case) to 45.563MB for 16189456-byte allocation
03-10 17:41:04.911 D/dalvikvm(  772): GC_CONCURRENT freed <1K, 1% free 46630K/46980K, paused 3ms+4ms, total 30ms
03-10 17:41:04.911 D/dalvikvm(  772): WAIT_FOR_CONCURRENT_GC blocked 27ms
03-10 17:41:04.911 D/dalvikvm(  772): WAIT_FOR_CONCURRENT_GC blocked 4ms
03-10 17:41:04.911 D/dalvikvm(  772): WAIT_FOR_CONCURRENT_GC blocked 5ms
03-10 17:41:04.921 I/ActivityManager(  658): Displayed com.android.launcher/com.android.launcher2.Launcher: +1s189ms
03-10 17:41:04.931 D/dalvikvm(  658): GC_CONCURRENT freed 63K, 6% free 18017K/19120K, paused 4ms+5ms, total 92ms
03-10 17:41:04.981 I/ActivityManager(  658): Start proc com.google.process.location for on-hold: pid=1122 uid=10023 gids={50023, 3003, 1007, 3002, 3001, 1028, 1015, 3007, 2001, 3006}
03-10 17:41:05.021 D/dalvikvm(  973): GC_FOR_ALLOC freed 192K, 4% free 10978K/11336K, paused 28ms, total 28ms
03-10 17:41:05.031 I/Choreographer(  772): Skipped 60 frames!  The application may be doing too much work on its main thread.
03-10 17:41:05.061 V/KeyguardHostView(  772): music state changed: 0
03-10 17:41:05.081 V/BackupManagerService(  658): Connected to transport ComponentInfo{com.google.android.backuptransport/com.google.android.backup.BackupTransportService}
03-10 17:41:05.081 V/BackupManagerService(  658): Registering transport com.google.android.backuptransport/com.google.android.backup.BackupTransportService::com.google.android.backup/.BackupTransportService = com.android.internal.backup.IBackupTransport$Stub$Proxy@42575b90
03-10 17:41:05.091 D/dalvikvm(  973): GC_FOR_ALLOC freed 262K, 5% free 11173K/11640K, paused 15ms, total 15ms
03-10 17:41:05.101 I/MultiDex( 1122): load(/data/app/com.google.android.gms-2.apk, forceReload=false)
03-10 17:41:05.131 D/dalvikvm( 1122): GC_CONCURRENT freed 293K, 4% free 9092K/9420K, paused 2ms+3ms, total 20ms
03-10 17:41:05.131 D/dalvikvm(  973): GC_FOR_ALLOC freed 261K, 5% free 11373K/11876K, paused 12ms, total 12ms
03-10 17:41:05.151 V/KeyguardServiceDelegate(  658): **** SHOWN CALLED ****
03-10 17:41:05.181 D/dalvikvm( 1037): GC_CONCURRENT freed 163K, 3% free 9216K/9420K, paused 3ms+2ms, total 24ms
03-10 17:41:05.181 I/MultiDex( 1122): Need extracted file /data/data/com.google.android.gms/files/secondary-dexes/com.google.android.gms-2.apk.classes2.zip
03-10 17:41:05.181 I/MultiDex( 1122): No extraction needed for /data/data/com.google.android.gms/files/secondary-dexes/com.google.android.gms-2.apk.classes2.zip of size 1430457
03-10 17:41:05.201 V/KeepAlert( 1037): Action android.net.wifi.WIFI_STATE_CHANGED
03-10 17:41:05.211 D/dalvikvm( 1122): GC_CONCURRENT freed 125K, 2% free 9387K/9548K, paused 2ms+17ms, total 32ms
03-10 17:41:05.231 D/dalvikvm(  973): GC_FOR_ALLOC freed 347K, 6% free 11553K/12180K, paused 14ms, total 14ms
03-10 17:41:05.231 I/SurfaceFlinger(  184): Boot is finished (19207 ms)
03-10 17:41:05.271 V/GmsNetworkLocationProvi( 1122): onSetRequest: ProviderRequestUnbundled, reportLocation is true and interval is 86400000
03-10 17:41:05.291 D/dalvikvm(  973): GC_FOR_ALLOC freed 271K, 5% free 11832K/12416K, paused 27ms, total 27ms
03-10 17:41:05.312 D/PhoneStatusBar(  772): disable: < expand icons alerts ticker system_info BACK* HOME* RECENT CLOCK* search >
03-10 17:41:05.322 E/LocationManagerHelper( 1122): Unable to assign LocationManager blame through WorkSource: java.lang.IllegalArgumentException: argument 1 should have type android.os.WorkSource, got bmu, cause: null
03-10 17:41:05.412 D/Launcher.Model(  973): DbDebug    Modify item (HN) in db, id: 47 (48, 0, 0, 0) --> (48, 0, 0, 0)
03-10 17:41:05.412 D/Launcher.Model(  973): DbDebug    Modify item (reddit sync) in db, id: 49 (48, 0, 1, 0) --> (48, 0, 1, 0)
03-10 17:41:05.412 D/Launcher.Model(  973): DbDebug    Modify item (Google+) in db, id: 58 (48, 0, 2, 0) --> (48, 0, 2, 0)
03-10 17:41:05.412 D/Launcher.Model(  973): DbDebug    Modify item (feedly) in db, id: 57 (48, 0, 0, 1) --> (48, 0, 0, 1)
03-10 17:41:05.412 D/Launcher.Model(  973): DbDebug    Modify item (Moon+ Reader) in db, id: 63 (48, 0, 1, 1) --> (48, 0, 1, 1)
03-10 17:41:05.422 D/dalvikvm(  973): GC_FOR_ALLOC freed 376K, 5% free 12226K/12756K, paused 13ms, total 13ms
03-10 17:41:05.442 D/dalvikvm( 1122): GC_CONCURRENT freed 293K, 4% free 9533K/9860K, paused 2ms+4ms, total 19ms
03-10 17:41:05.452 D/Launcher.Model(  973): DbDebug    Modify item (Dropbox) in db, id: 61 (62, 0, 0, 0) --> (62, 0, 0, 0)
03-10 17:41:05.452 D/Launcher.Model(  973): DbDebug    Modify item (Play Store) in db, id: 45 (62, 0, 1, 0) --> (62, 0, 1, 0)
03-10 17:41:05.462 D/Launcher.Model(  973): DbDebug    Modify item (Chrome) in db, id: 29 (50, 0, 0, 0) --> (50, 0, 0, 0)
03-10 17:41:05.462 D/Launcher.Model(  973): DbDebug    Modify item (Chrome Beta) in db, id: 51 (50, 0, 1, 0) --> (50, 0, 1, 0)
03-10 17:41:05.462 D/Launcher.Model(  973): DbDebug    Modify item (Nightly) in db, id: 53 (50, 0, 0, 1) --> (50, 0, 0, 1)
03-10 17:41:05.492 V/ProvidersChangedReceiver( 1122): calling applySettings
03-10 17:41:05.502 V/RenderScript(  973): Application requested CPU execution
03-10 17:41:05.502 V/GmsNetworkLocationProvi( 1122): ENABLE
03-10 17:41:05.502 V/GmsNetworkLocationProvi( 1122): SET-REQUEST
03-10 17:41:05.502 V/GmsNetworkLocationProvi( 1122): in Handler: ProviderRequestUnbundled, reportLocation is true and interval is 86400000
03-10 17:41:05.512 V/RenderScript(  973): 0x755bd978 Launching thread(s), CPUs 4
03-10 17:41:05.612 D/Launcher.Model(  973): DbDebug    Modify item (Play Music) in db, id: 4 (2, 0, 0, 0) --> (2, 0, 0, 0)
03-10 17:41:05.612 D/Launcher.Model(  973): DbDebug    Modify item (Play Books) in db, id: 6 (2, 0, 1, 0) --> (2, 0, 1, 0)
03-10 17:41:05.612 D/Launcher.Model(  973): DbDebug    Modify item (Play Games) in db, id: 8 (2, 0, 2, 0) --> (2, 0, 2, 0)
03-10 17:41:05.612 D/Launcher.Model(  973): DbDebug    Modify item (Play Newsstand) in db, id: 10 (2, 0, 3, 0) --> (2, 0, 3, 0)
03-10 17:41:05.612 D/Launcher.Model(  973): DbDebug    Modify item (Google+) in db, id: 12 (2, 0, 0, 1) --> (2, 0, 0, 1)
03-10 17:41:05.612 D/Launcher.Model(  973): DbDebug    Modify item (Keep) in db, id: 14 (2, 0, 1, 1) --> (2, 0, 1, 1)
03-10 17:41:05.612 D/Launcher.Model(  973): DbDebug    Modify item (Drive) in db, id: 16 (2, 0, 2, 1) --> (2, 0, 2, 1)
03-10 17:41:05.612 D/Launcher.Model(  973): DbDebug    Modify item (Calendar) in db, id: 18 (2, 0, 3, 1) --> (2, 0, 3, 1)
03-10 17:41:05.612 D/Launcher.Model(  973): DbDebug    Modify item (Currents) in db, id: 20 (2, 0, 0, 2) --> (2, 0, 0, 2)
03-10 17:41:05.612 D/Launcher.Model(  973): DbDebug    Modify item (Gallery) in db, id: 22 (2, 0, 1, 2) --> (2, 0, 1, 2)
03-10 17:41:05.612 D/Launcher.Model(  973): DbDebug    Modify item (Earth) in db, id: 24 (2, 0, 2, 2) --> (2, 0, 2, 2)
03-10 17:41:05.642 D/dalvikvm( 1122): GC_CONCURRENT freed 499K, 6% free 9516K/10040K, paused 2ms+2ms, total 17ms
03-10 17:41:05.652 D/dalvikvm( 1122): GC_FOR_ALLOC freed 20K, 6% free 9538K/10060K, paused 14ms, total 14ms
03-10 17:41:05.652 I/dalvikvm-heap( 1122): Grow heap (frag case) to 9.375MB for 32784-byte allocation
03-10 17:41:05.672 D/dalvikvm( 1122): GC_FOR_ALLOC freed 16K, 6% free 9554K/10096K, paused 14ms, total 14ms
03-10 17:41:05.672 D/dalvikvm(  973): GC_FOR_ALLOC freed 73K, 1% free 12771K/12876K, paused 16ms, total 16ms
03-10 17:41:05.682 D/dalvikvm( 1122): GC_FOR_ALLOC freed <1K, 6% free 9554K/10096K, paused 12ms, total 12ms
03-10 17:41:05.682 I/dalvikvm-heap( 1122): Grow heap (frag case) to 9.421MB for 65552-byte allocation
03-10 17:41:05.692 D/dalvikvm( 1122): GC_FOR_ALLOC freed 32K, 6% free 9586K/10164K, paused 14ms, total 14ms
03-10 17:41:05.702 D/dalvikvm(  973): GC_FOR_ALLOC freed 5K, 1% free 13667K/13780K, paused 14ms, total 14ms
03-10 17:41:05.712 D/dalvikvm( 1122): GC_FOR_ALLOC freed 0K, 6% free 9586K/10164K, paused 13ms, total 13ms
03-10 17:41:05.712 I/dalvikvm-heap( 1122): Grow heap (frag case) to 9.484MB for 98320-byte allocation
03-10 17:41:05.722 D/dalvikvm( 1122): GC_FOR_ALLOC freed 64K, 7% free 9618K/10264K, paused 12ms, total 12ms
03-10 17:41:05.722 D/dalvikvm(  973): GC_FOR_ALLOC freed <1K, 1% free 14568K/14684K, paused 15ms, total 15ms
03-10 17:41:05.732 D/dalvikvm( 1122): GC_FOR_ALLOC freed <1K, 7% free 9618K/10264K, paused 13ms, total 13ms
03-10 17:41:05.732 I/dalvikvm-heap( 1122): Grow heap (frag case) to 9.600MB for 186718-byte allocation
03-10 17:41:05.742 D/dalvikvm( 1122): GC_FOR_ALLOC freed 96K, 8% free 9705K/10448K, paused 12ms, total 12ms
03-10 17:41:05.822 D/dalvikvm( 1122): GC_CONCURRENT freed 395K, 7% free 9791K/10448K, paused 1ms+2ms, total 17ms
03-10 17:41:05.892 D/dalvikvm( 1122): GC_CONCURRENT freed 639K, 9% free 9556K/10448K, paused 1ms+2ms, total 17ms
03-10 17:41:05.932 D/dalvikvm(  973): GC_CONCURRENT freed 368K, 3% free 16026K/16436K, paused 1ms+2ms, total 20ms
03-10 17:41:05.932 D/dalvikvm(  973): WAIT_FOR_CONCURRENT_GC blocked 4ms
03-10 17:41:06.012 D/dalvikvm( 1122): GC_CONCURRENT freed 308K, 7% free 9731K/10448K, paused 1ms+1ms, total 18ms
03-10 17:41:06.012 D/dalvikvm( 1122): WAIT_FOR_CONCURRENT_GC blocked 13ms
03-10 17:41:06.042 I/GCoreUlr( 1122): Starting service, intent=Intent { cmp=com.google.android.gms/com.google.android.location.reporting.service.DispatchingService (has extras) }, extras=Bundle[{intentType=2, receiverAction=android.location.PROVIDERS_CHANGED}]
03-10 17:41:06.052 D/BluetoothAdapter(  910): 1106126648: getState() :  mService = null. Returning STATE_OFF
03-10 17:41:06.122 I/GCoreUlr( 1122): DispatchingService.onCreate()
03-10 17:41:06.132 D/dalvikvm(  973): GC_CONCURRENT freed 1400K, 9% free 16863K/18344K, paused 2ms+3ms, total 22ms
03-10 17:41:06.132 D/dalvikvm(  973): WAIT_FOR_CONCURRENT_GC blocked 11ms
03-10 17:41:06.132 D/dalvikvm( 1122): GC_CONCURRENT freed 254K, 6% free 9920K/10448K, paused 3ms+3ms, total 45ms
03-10 17:41:06.172 W/Settings( 1122): Setting airplane_mode_on has moved from android.provider.Settings.System to android.provider.Settings.Global, returning read-only value.
03-10 17:41:06.172 D/BluetoothAdapter(  910): 1106126648: getState() :  mService = null. Returning STATE_OFF
03-10 17:41:06.192 V/KeepAlert( 1037): Action android.net.wifi.WIFI_STATE_CHANGED
03-10 17:41:06.192 D/BluetoothAdapter(  910): 1106126648: getState() :  mService = null. Returning STATE_OFF
03-10 17:41:06.212 V/KeepAlert( 1037): Action android.net.wifi.WIFI_STATE_CHANGED
03-10 17:41:06.212 D/dalvikvm( 1122): GC_CONCURRENT freed 334K, 5% free 9996K/10448K, paused 1ms+1ms, total 21ms
03-10 17:41:06.212 I/ActivityManager(  658): Start proc com.google.android.apps.magazines for broadcast com.google.android.apps.magazines/com.google.apps.dots.android.newsstand.audio.MediaButtonIntentReceiver: pid=1175 uid=10040 gids={50040, 3003, 1028, 1015}
03-10 17:41:06.252 I/GCoreUlr( 1122): WorldUpdater received intent Intent { cmp=com.google.android.gms/com.google.android.location.reporting.service.DispatchingService (has extras) } with receiverAction android.location.PROVIDERS_CHANGED, forceUpdate false
03-10 17:41:06.262 D/GeofencerStateMachine( 1122): Creating GeofencerStateMachine
03-10 17:41:06.353 V/GeofencerHelper( 1122): Initializing geofence's system cache.
03-10 17:41:06.353 V/PlaceSubscriptionManager( 1122): Initializing PlaceSubscriptionManager's system cache.
03-10 17:41:06.363 V/WebViewChromium( 1175): Binding Chromium to the background looper Looper (main, tid 1) {41ed4e90}
03-10 17:41:06.363 D/GeofenceStateCache( 1122): Recovered 0 geofences.
03-10 17:41:06.363 I/chromium( 1175): [INFO:library_loader_hooks.cc(112)] Chromium logging enabled: level = 0, default verbosity = 0
03-10 17:41:06.363 I/BrowserProcessMain( 1175): Initializing chromium process, renderers=0
03-10 17:41:06.403 W/chromium( 1175): [WARNING:proxy_service.cc(888)] PAC support disabled because there is no system implementation
03-10 17:41:06.433 I/Adreno-EGL( 1175): <qeglDrvAPI_eglInitialize:320>: EGL 1.4 QUALCOMM Build: I0404c4692afb8623f95c43aeb6d5e13ed4b30ddbDate: 11/06/13
03-10 17:41:06.528 I/ActivityManager(  658): Resuming delayed broadcast
03-10 17:41:06.528 W/BroadcastQueue(  658): Permission Denial: broadcasting Intent { act=android.net.conn.CONNECTIVITY_CHANGE flg=0x4000010 (has extras) } from null (pid=-1, uid=-1) requires com.facebook.permission.prod.FB_APP_COMMUNICATION due to registered receiver BroadcastFilter{427758c8 u0 ReceiverList{42409740 1265 com.facebook.katana:dash_service/10114/u0 remote:42775648}}
03-10 17:41:06.528 W/BroadcastQueue(  658): Permission Denial: broadcasting Intent { act=android.net.conn.CONNECTIVITY_CHANGE flg=0x4000010 (has extras) } from null (pid=-1, uid=-1) requires com.facebook.permission.prod.FB_APP_COMMUNICATION due to registered receiver BroadcastFilter{42775f18 u0 ReceiverList{422af520 1265 com.facebook.katana:dash_service/10114/u0 remote:42775d28}}
03-10 17:41:06.543 D/dalvikvm(  973): GC_FOR_ALLOC freed 1385K, 9% free 17798K/19452K, paused 16ms, total 16ms
03-10 17:41:06.553 D/dalvikvm( 1122): GC_CONCURRENT freed 309K, 4% free 10085K/10448K, paused 2ms+2ms, total 20ms
03-10 17:41:06.563 I/GCoreUlr( 1122): Ensuring that reporting is stopped because of reasons: {account#-17#=[InactiveReason{mVersionCode=0, mIdentifier=6, mName='ReportingNotSelected'}]}
03-10 17:41:06.563 D/GCoreFlp( 1122): Unknown pending intent to remove.
03-10 17:41:06.563 I/GCoreUlr( 1122): Unbound from all location providers
03-10 17:41:06.563 W/GAV2    ( 1175): Thread[main,5,main]: Need to call initialize() and be in fallback mode to start dispatch.
03-10 17:41:06.563 I/wpa_supplicant(  771): wlan0: Trying to associate with SSID 'kariniemi'
03-10 17:41:06.603 D/dalvikvm( 1175): GC_CONCURRENT freed 274K, 3% free 9220K/9464K, paused 5ms+9ms, total 55ms
03-10 17:41:06.623 I/wpa_supplicant(  771): wlan0: Associated with 08:86:3b:4c:77:c2
03-10 17:41:06.633 D/Tethering(  658): sendTetherStateChangedBroadcast 1, 0, 0
03-10 17:41:06.633 I/wpa_supplicant(  771): wlan0: WPA: Key negotiation completed with 08:86:3b:4c:77:c2 [PTK=CCMP GTK=CCMP]
03-10 17:41:06.633 I/wpa_supplicant(  771): wlan0: CTRL-EVENT-CONNECTED - Connection to 08:86:3b:4c:77:c2 completed (auth) [id=0 id_str=]
03-10 17:41:06.653 V/BufferedAnalyticsState( 1122): Not ready for upload, 571 seconds left.
03-10 17:41:06.663 E/WifiStateMachine(  658): Unexpected BatchedScanResults :OK
03-10 17:41:06.738 W/BroadcastQueue(  658): Permission Denial: broadcasting Intent { act=android.net.conn.CONNECTIVITY_CHANGE flg=0x4000010 (has extras) } from null (pid=-1, uid=-1) requires com.facebook.permission.prod.FB_APP_COMMUNICATION due to registered receiver BroadcastFilter{4277ea70 u0 ReceiverList{4277ea10 1329 com.facebook.katana/10114/u0 remote:4277e830}}
03-10 17:41:06.738 W/BroadcastQueue(  658): Permission Denial: broadcasting Intent { act=android.net.conn.CONNECTIVITY_CHANGE flg=0x4000010 (has extras) } from null (pid=-1, uid=-1) requires com.facebook.permission.prod.FB_APP_COMMUNICATION due to registered receiver BroadcastFilter{4277f1d8 u0 ReceiverList{4277f178 1329 com.facebook.katana/10114/u0 remote:4277ef98}}
03-10 17:41:06.743 D/dalvikvm( 1175): GC_CONCURRENT freed 246K, 3% free 9420K/9700K, paused 1ms+3ms, total 15ms
03-10 17:41:06.753 I/NSApplication( 1175): Starting up...
03-10 17:41:06.773 V/ProvidersChangedReceiver( 1122): calling applySettings
