03-10 17:40:53.870 W/PackageParser(  658): Unknown element under <application>: permission at /system/app/GalleryGoogle.apk Binary XML file line #255
03-10 17:40:53.870 W/PackageParser(  658): Unknown element under <application>: permission at /system/app/GalleryGoogle.apk Binary XML file line #258
03-10 17:40:53.950 D/dalvikvm(  658): GC_CONCURRENT freed 205K, 3% free 11223K/11460K, paused 1ms+2ms, total 28ms
03-10 17:40:53.950 W/PackageParser(  658): Unknown element under <manifest>: supports-gl-texture at /system/app/GoogleEarth.apk Binary XML file line #19
03-10 17:40:54.081 I/PackageManager(  658): Package com.google.android.keep at /system/app/Keep.apk ignored: updated version 2101 better than this 2051
03-10 17:40:54.151 I/PackageManager(  658): Package com.google.android.apps.magazines at /system/app/Magazines.apk ignored: updated version 140341352 better than this 131632251
03-10 17:40:54.161 E/kickstart-efsks(  682): RUNNING: '/system/bin/ks -m -w /dev/block/platform/msm_sdcc.1/by-name/ -p /dev/efs_hsic_bridge -t -1 -l'
03-10 17:40:54.171 E/kickstart(  688): Wrote to /sys/power/wake_lock
03-10 17:40:54.171 E/kickstart(  688): Wrote to /sys/power/wake_unlock
03-10 17:40:54.241 I/PackageManager(  658): Package com.google.android.apps.maps at /system/app/Maps.apk ignored: updated version 706010123 better than this 704001123
03-10 17:40:54.251 D/dalvikvm(  658): GC_CONCURRENT freed 162K, 2% free 11577K/11772K, paused 3ms+3ms, total 37ms
03-10 17:40:54.291 I/PackageManager(  658): Package com.google.android.music at /system/app/Music2.apk ignored: updated version 1413 better than this 1301
03-10 17:40:54.331 I/PackageManager(  658): Package com.google.android.play.games at /system/app/PlayGames.apk ignored: updated version 15080136 better than this 11040130
03-10 17:40:54.441 I/PackageManager(  658): Package com.google.android.apps.plus at /system/app/PlusOne.apk ignored: updated version 413065449 better than this 413004781
03-10 17:40:54.551 I/PackageManager(  658): Package com.google.android.youtube at /system/app/YouTube.apk ignored: updated version 5332 better than this 5227
03-10 17:40:54.581 D/PackageManager(  658): No files in app dir /vendor/app
03-10 17:40:54.621 D/dalvikvm(  658): GC_CONCURRENT freed 253K, 3% free 11874K/12164K, paused 1ms+2ms, total 30ms
03-10 17:40:54.981 E/QMI_FW  (  196): QMUXD: Service_id=24 not found over conn_id=0
03-10 17:40:54.981 E/QMI_FW  (  196): QMUXD: Service_id=23 not found over conn_id=0
03-10 17:40:54.981 E/QMI_FW  (  196): QMUXD: Service_id=24 not found over conn_id=0
03-10 17:40:55.001 E/QMI_FW  (  196): QMUXD: Service_id=24 not found over conn_id=0
03-10 17:40:55.001 D/ThermalDaemon(  196): qmi: Instance id 25 for fusion TS
03-10 17:40:55.001 E/QMI_FW  (  196): QMUXD: Service_id=23 not found over conn_id=0
03-10 17:40:55.011 D/ThermalDaemon(  196): qmi: Instance id 25 for fusion TMD
03-10 17:40:55.011 E/QMI_FW  (  196): QMUXD: Service_id=24 not found over conn_id=0
03-10 17:40:55.021 E/QMI_FW  (  196): QMUXD: Service_id=24 not found over conn_id=0
03-10 17:40:55.031 E/QMI_FW  (  196): QMUXD: Service_id=23 not found over conn_id=0
03-10 17:40:55.041 E/QMI_FW  (  196): QMUXD: Service_id=24 not found over conn_id=0
03-10 17:40:55.072 E/QMI_FW  (  196): QMUXD: Service_id=23 not found over conn_id=0
03-10 17:40:55.082 E/QMI_FW  (  196): QMUXD: Service_id=24 not found over conn_id=0
03-10 17:40:55.082 E/QMI_FW  (  196): QMUXD: Service_id=23 not found over conn_id=0
03-10 17:40:55.102 E/QMI_FW  (  196): QMUXD: Service_id=24 not found over conn_id=0
03-10 17:40:55.132 D/ThermalDaemon(  196): Modem thermal sensor service available.
03-10 17:40:55.142 W/PackageManager(  658): Package com.dropbox.android has activity com.dropbox.android.activity.SsoCallbackReceiver with priority > 0, forcing to 0
03-10 17:40:55.152 D/ThermalDaemon(  196): Fusion modem thermal mitigation available.
03-10 17:40:55.542 E/QMI_FW  (  187): QMUXD: Service_id=20 not found over conn_id=0
03-10 17:40:55.552 E/QMI_FW  (  187): QMUXD: Service_id=20 not found over conn_id=0
03-10 17:40:55.562 E/QMI_FW  (  187): QMUXD: Service_id=20 not found over conn_id=0
03-10 17:40:55.582 E/QMI_FW  (  187): QMUXD: Service_id=20 not found over conn_id=0
03-10 17:40:55.602 E/QMI_FW  (  187): QMUXD: Service_id=20 not found over conn_id=0
03-10 17:40:55.682 I/AudioFlinger(  187): loadHwModule() Loaded primary audio interface from QCOM Audio HAL (audio) handle 1
03-10 17:40:55.682 I/AudioFlinger(  187): HAL output buffer size 240 frames, normal mix buffer size 960 frames
03-10 17:40:55.692 I/AudioMixer(  187): found effect "Downmixer" from Fraunhofer IIS
03-10 17:40:55.702 E/MonoPipe(  187): Failed to fetch local time frequency when constructing a MonoPipe (res = -32).  getNextWriteTimestamp calls will be non-functional
03-10 17:40:55.702 I/AudioFlinger(  187): Using module 1 has the primary audio interface
03-10 17:40:55.702 I/AudioFlinger(  187): AudioFlinger's thread 0xb5bc9008 ready to run
03-10 17:40:55.702 D/audio_hw_primary(  187): out_set_parameters: enter: usecase(1: low-latency-playback) kvpairs: routing=2
03-10 17:40:55.702 I/AudioFlinger(  187): HAL output buffer size 960 frames, normal mix buffer size 960 frames
03-10 17:40:55.702 I/AudioMixer(  187): found effect "Downmixer" from Fraunhofer IIS
03-10 17:40:55.702 I/AudioFlinger(  187): AudioFlinger's thread 0xb5941008 ready to run
03-10 17:40:55.702 D/audio_hw_primary(  187): out_set_parameters: enter: usecase(0: deep-buffer-playback) kvpairs: routing=2
03-10 17:40:55.732 I/audio_a2dp_hw(  187): adev_open:  adev_open in A2dp_hw module
03-10 17:40:55.732 I/AudioFlinger(  187): loadHwModule() Loaded a2dp audio interface from A2DP Audio HW HAL (audio) handle 4
03-10 17:40:55.732 I/AudioFlinger(  187): loadHwModule() Loaded usb audio interface from USB audio HW HAL (audio) handle 5
03-10 17:40:55.732 I/r_submix(  187): adev_open(name=audio_hw_if)
03-10 17:40:55.732 I/r_submix(  187): adev_init_check()
03-10 17:40:55.732 I/AudioFlinger(  187): loadHwModule() Loaded r_submix audio interface from Wifi Display audio HAL (audio) handle 6
03-10 17:40:55.732 I/AudioPolicyService(  187): Loaded audio policy from LEGACY Audio Policy HAL (audio_policy)
03-10 17:40:55.752 W/Binder  (  658): Caught a RuntimeException from the binder stub implementation.
03-10 17:40:55.752 W/Binder  (  658): java.lang.NullPointerException
03-10 17:40:55.752 W/Binder  (  658): 	at com.android.server.power.PowerManagerService.updateWakeLockWorkSource(PowerManagerService.java:770)
03-10 17:40:55.752 W/Binder  (  658): 	at com.android.server.power.PowerManagerService.updateWakeLockUids(PowerManagerService.java:761)
03-10 17:40:55.752 W/Binder  (  658): 	at android.os.IPowerManager$Stub.onTransact(IPowerManager.java:103)
03-10 17:40:55.752 W/Binder  (  658): 	at android.os.Binder.execTransact(Binder.java:404)
03-10 17:40:55.752 W/Binder  (  658): 	at dalvik.system.NativeStart.run(Native Method)
03-10 17:40:55.752 W/Binder  (  658): Caught a RuntimeException from the binder stub implementation.
03-10 17:40:55.752 W/Binder  (  658): java.lang.NullPointerException
03-10 17:40:55.752 W/Binder  (  658): 	at com.android.server.power.PowerManagerService.updateWakeLockWorkSource(PowerManagerService.java:770)
03-10 17:40:55.752 W/Binder  (  658): 	at com.android.server.power.PowerManagerService.updateWakeLockUids(PowerManagerService.java:761)
03-10 17:40:55.752 W/Binder  (  658): 	at android.os.IPowerManager$Stub.onTransact(IPowerManager.java:103)
03-10 17:40:55.752 W/Binder  (  658): 	at android.os.Binder.execTransact(Binder.java:404)
03-10 17:40:55.752 W/Binder  (  658): 	at dalvik.system.NativeStart.run(Native Method)
03-10 17:40:56.083 W/PackageManager(  658): Package com.amazon.kindle desires unavailable shared library com.amazon.webview; ignoring!
03-10 17:40:56.083 W/PackageManager(  658): Package com.amazon.kindle desires unavailable shared library com.amazon.dcp.contracts; ignoring!
03-10 17:40:56.083 W/PackageManager(  658): Package com.amazon.kindle desires unavailable shared library com.amazon.dcp.contracts.framework; ignoring!
03-10 17:40:56.083 W/PackageManager(  658): Package com.amazon.kindle desires unavailable shared library com.amazon.client.metrics.api; ignoring!
03-10 17:40:56.223 D/dalvikvm(  658): GC_CONCURRENT freed 296K, 3% free 12178K/12512K, paused 3ms+2ms, total 30ms
03-10 17:40:57.274 W/PackageManager(  658): Permission com.google.android.apps.chrome.permission.CHILD_SERVICE from package com.chrome.beta ignored: original from com.android.chrome
03-10 17:40:57.274 W/PackageManager(  658): Permission com.android.chrome.TOS_ACKED from package com.chrome.beta ignored: original from com.android.chrome
03-10 17:40:57.274 W/PackageManager(  658): Permission com.android.chrome.PRERENDER_URL from package com.chrome.beta ignored: original from com.android.chrome
03-10 17:40:57.544 W/PackageParser(  658): Unknown element under <application>: enable-feature at /data/app/com.facebook.katana-2.apk Binary XML file line #142
03-10 17:40:57.614 D/dalvikvm(  658): GC_CONCURRENT freed 288K, 3% free 12581K/12908K, paused 3ms+3ms, total 48ms
03-10 17:40:58.755 W/PackageManager(  658): Package com.flyersoft.moonreader desires unavailable shared library com.sec.android.app.multiwindow; ignoring!
03-10 17:40:59.166 W/PackageManager(  658): Package com.adobe.reader desires unavailable shared library com.sec.android.app.multiwindow; ignoring!
03-10 17:40:59.286 W/PackageManager(  658): Package com.sportstracklive.stopwatch desires unavailable shared library com.sec.android.app.multiwindow; ignoring!
03-10 17:40:59.516 I/PackageParser(  658): com.android.helloworldjava: compat added android.permission.WRITE_EXTERNAL_STORAGE android.permission.READ_PHONE_STATE
03-10 17:40:59.726 D/dalvikvm(  658): GC_CONCURRENT freed 339K, 3% free 13025K/13404K, paused 1ms+4ms, total 49ms
03-10 17:41:00.146 D/dalvikvm(  658): GC_CONCURRENT freed 228K, 2% free 13798K/14068K, paused 2ms+3ms, total 56ms
03-10 17:41:00.146 D/dalvikvm(  658): WAIT_FOR_CONCURRENT_GC blocked 18ms
03-10 17:41:00.847 W/Resources(  658): Converting to boolean: TypedValue{t=0x3/d=0x57d "true" a=2 r=0x7f090005}
03-10 17:41:01.037 D/dalvikvm(  658): GC_CONCURRENT freed 273K, 3% free 14673K/14996K, paused 1ms+4ms, total 53ms
03-10 17:41:01.458 W/PackageManager(  658): Package com.sportstracklive.stopwatch desires unavailable shared library com.sec.android.app.multiwindow; ignoring!
03-10 17:41:01.458 W/PackageManager(  658): Package com.flyersoft.moonreader desires unavailable shared library com.sec.android.app.multiwindow; ignoring!
03-10 17:41:01.458 W/PackageManager(  658): Package com.amazon.kindle desires unavailable shared library com.amazon.webview; ignoring!
03-10 17:41:01.458 W/PackageManager(  658): Package com.amazon.kindle desires unavailable shared library com.amazon.dcp.contracts; ignoring!
03-10 17:41:01.458 W/PackageManager(  658): Package com.amazon.kindle desires unavailable shared library com.amazon.dcp.contracts.framework; ignoring!
03-10 17:41:01.458 W/PackageManager(  658): Package com.amazon.kindle desires unavailable shared library com.amazon.client.metrics.api; ignoring!
03-10 17:41:01.458 W/PackageManager(  658): Package com.adobe.reader desires unavailable shared library com.sec.android.app.multiwindow; ignoring!
03-10 17:41:01.458 W/PackageManager(  658): Package com.google.android.GoogleCamera desires unavailable shared library com.google.android.gestureservice; ignoring!
03-10 17:41:01.458 W/PackageManager(  658): Package com.google.android.GoogleCamera desires unavailable shared library com.google.android.camera2; ignoring!
03-10 17:41:01.458 I/PackageManager(  658): Time to scan packages: 8.86 seconds
03-10 17:41:01.458 W/PackageManager(  658): Unknown permission com.android.smspush.WAPPUSH_MANAGER_BIND in package com.android.phone
03-10 17:41:01.458 W/PackageManager(  658): Unknown permission com.android.vending.billing.IBillingAccountService.BIND2 in package com.google.android.gsf.login
03-10 17:41:01.458 W/PackageManager(  658): Unknown permission com.android.gallery3d.permission.GALLERY_PROVIDER in package com.android.bluetooth
03-10 17:41:01.458 W/PackageManager(  658): Unknown permission android.permission.MMS_SEND_OUTBOX_MSG in package com.android.bluetooth
03-10 17:41:01.458 W/PackageManager(  658): Unknown permission com.google.android.c2dm.permission.REGISTRATION in package com.rovio.angrybirdsfriends
03-10 17:41:01.468 W/PackageManager(  658): Unknown permission android.permission.READ_MEDIA_STORAGE in package com.keramidas.TitaniumBackup
03-10 17:41:01.468 W/PackageManager(  658): Not granting permission android.permission.WRITE_MEDIA_STORAGE to package com.keramidas.TitaniumBackup (protectionLevel=18 flags=0x8be44)
03-10 17:41:01.468 W/PackageManager(  658): Not granting permission com.android.voicemail.permission.READ_WRITE_ALL_VOICEMAIL to package com.keramidas.TitaniumBackup (protectionLevel=18 flags=0x8be44)
03-10 17:41:01.468 W/PackageManager(  658): Unknown permission android.permission.ACCESS_SUPERUSER in package com.keramidas.TitaniumBackup
03-10 17:41:01.468 W/PackageManager(  658): Not granting permission android.permission.BROADCAST_SMS to package com.keramidas.TitaniumBackup (protectionLevel=2 flags=0x8be44)
03-10 17:41:01.468 W/PackageManager(  658): Not granting permission android.permission.BROADCAST_WAP_PUSH to package com.keramidas.TitaniumBackup (protectionLevel=2 flags=0x8be44)
03-10 17:41:01.468 W/PackageManager(  658): Not granting permission android.permission.DEVICE_POWER to package com.google.android.deskclock (protectionLevel=2 flags=0x48be45)
03-10 17:41:01.468 W/PackageManager(  658): Unknown permission android.permission.ACCESS_SUPERUSER in package com.ttxapps.wifiadb
03-10 17:41:01.468 W/PackageManager(  658): Not granting permission android.permission.READ_FRAME_BUFFER to package com.google.android.gms (protectionLevel=18 flags=0x483ec5)
03-10 17:41:01.468 W/PackageManager(  658): Unknown permission android.permission.READ_OWNER_DATA in package com.google.android.setupwizard
03-10 17:41:01.468 W/PackageManager(  658): Unknown permission android.permission.WRITE_OWNER_DATA in package com.google.android.setupwizard
03-10 17:41:01.468 W/PackageManager(  658): Unknown permission android.permission.ACCESS_SUPERUSER in package com.s0up.goomanager
03-10 17:41:01.468 W/PackageManager(  658): Unknown permission com.amazon.dcp.sso.permission.AMAZON_ACCOUNT_PROPERTY in package com.amazon.kindle
03-10 17:41:01.468 W/PackageManager(  658): Unknown permission com.amazon.dcp.metrics.permission.METRICS_PERMISSION in package com.amazon.kindle
03-10 17:41:01.468 W/PackageManager(  658): Unknown permission com.amazon.dcp.config.permission.DYN_CONFIG_VALUES_UPDATED in package com.amazon.kindle
03-10 17:41:01.468 W/PackageManager(  658): Unknown permission com.amazon.dcp.settings.permission.READ_SETTINGS in package com.amazon.kindle
03-10 17:41:01.468 W/PackageManager(  658): Unknown permission com.amazon.identity.permission.GENERIC_IPC in package com.amazon.kindle
03-10 17:41:01.468 W/PackageManager(  658): Unknown permission com.amazon.dcp.sso.permission.USE_DEVICE_CREDENTIALS in package com.amazon.kindle
03-10 17:41:01.468 W/PackageManager(  658): Unknown permission com.amazon.dcp.sso.permission.EXPIRE_ACCESS_TOKEN in package com.amazon.kindle
03-10 17:41:01.468 W/PackageManager(  658): Unknown permission com.amazon.dcp.sso.permission.MANAGE_COR_PFM in package com.amazon.kindle
03-10 17:41:01.468 W/PackageManager(  658): Unknown permission com.amazon.dcp.sso.permission.CUSTOMER_ATTRIBUTE_SERVICE in package com.amazon.kindle
03-10 17:41:01.468 W/PackageManager(  658): Unknown permission amazon.permission.COLLECT_METRICS in package com.amazon.kindle
03-10 17:41:01.468 W/PackageManager(  658): Unknown permission android.permission.ACCESS_SUPERUSER in package jackpal.androidterm
03-10 17:41:01.468 W/PackageManager(  658): Unknown permission com.google.android.voicesearch.SHORTCUTS_ACCESS in package com.google.android.googlequicksearchbox
03-10 17:41:01.468 W/PackageManager(  658): Unknown permission com.google.android.voicesearch.ACCESS_SETTINGS in package com.google.android.googlequicksearchbox
03-10 17:41:01.468 W/PackageManager(  658): Unknown permission com.android.browser.permission.PRELOAD in package com.google.android.googlequicksearchbox
03-10 17:41:01.468 W/PackageManager(  658): Unknown permission com.google.android.apps.googlevoice.permission.AUTO_SEND in package com.google.android.googlequicksearchbox
03-10 17:41:01.468 W/PackageManager(  658): Unknown permission com.facebook.orca.provider.ACCESS in package com.facebook.katana
03-10 17:41:01.468 W/PackageManager(  658): Unknown permission com.amazon.device.messaging.permission.RECEIVE in package com.facebook.katana
03-10 17:41:01.468 W/PackageManager(  658): Not granting permission android.permission.BATTERY_STATS to package com.facebook.katana (protectionLevel=18 flags=0x8be44)
03-10 17:41:01.468 W/PackageManager(  658): Unknown permission com.sec.android.provider.badge.permission.READ in package com.facebook.katana
03-10 17:41:01.468 W/PackageManager(  658): Unknown permission com.sec.android.provider.badge.permission.WRITE in package com.facebook.katana
03-10 17:41:01.468 W/PackageManager(  658): Unknown permission com.htc.launcher.permission.READ_SETTINGS in package com.facebook.katana
03-10 17:41:01.468 W/PackageManager(  658): Unknown permission com.htc.launcher.permission.UPDATE_SHORTCUT in package com.facebook.katana
03-10 17:41:01.468 W/PackageManager(  658): Unknown permission com.sonyericsson.home.permission.BROADCAST_BADGE in package com.facebook.katana
03-10 17:41:01.468 W/PackageManager(  658): Unknown permission com.facebook.home.permission.WRITE_BADGES in package com.facebook.katana
03-10 17:41:01.468 W/PackageManager(  658): Unknown permission com.nokia.pushnotifications.permission.RECEIVE in package com.facebook.katana
03-10 17:41:01.468 W/PackageManager(  658): Unknown permission com.chrome.permission.DEVICE_EXTRAS in package com.chrome.beta
03-10 17:41:01.468 W/PackageManager(  658): Not granting permission com.android.chrome.TOS_ACKED to package com.chrome.beta (protectionLevel=18 flags=0x48be44)
03-10 17:41:01.468 W/PackageManager(  658): Unknown permission com.sec.enterprise.knox.MDM_CONTENT_PROVIDER in package com.chrome.beta
03-10 17:41:01.468 W/PackageManager(  658): Unknown permission android.permission.WRITE_SYNC_STATS in package com.google.android.apps.docs
03-10 17:41:01.478 W/PackageManager(  658): Unknown permission android.permission.ACCESS_SUPERUSER in package com.koushikdutta.rommanager
03-10 17:41:01.478 W/PackageManager(  658): Not granting permission android.permission.SEND_DOWNLOAD_COMPLETED_INTENTS to package com.android.vending (protectionLevel=2 flags=0xabec5)
03-10 17:41:01.478 W/PackageManager(  658): Unknown permission android.permission.SEND_SMS_NO_CONFIRMATION in package com.android.vending
03-10 17:41:01.478 W/PackageManager(  658): Not granting permission android.permission.BIND_WALLPAPER to package com.google.android.GoogleCamera (protectionLevel=18 flags=0x58bc45)
03-10 17:41:01.478 W/PackageManager(  658): Not granting permission android.permission.READ_DREAM_STATE to package com.google.android.gsf (protectionLevel=2 flags=0x40083e45)
03-10 17:41:01.578 W/PackageSettings(  658): Skipping PackageSetting{41f762b8 com.keramidas.TitaniumBackupPro/10081} due to missing metadata
03-10 17:41:01.578 W/PackageSettings(  658): Skipping PackageSetting{41fb1c58 com.akiware.andropaspro/10089} due to missing metadata
03-10 17:41:01.668 D/dalvikvm(  658): GC_EXPLICIT freed 798K, 6% free 14716K/15544K, paused 2ms+4ms, total 68ms
03-10 17:41:01.668 I/SystemServer(  658): Entropy Mixer
03-10 17:41:01.668 I/EntropyMixer(  658): Writing entropy...
03-10 17:41:01.678 I/SystemServer(  658): User Service
03-10 17:41:01.678 I/SystemServer(  658): Account Manager
03-10 17:41:01.688 I/SystemServer(  658): Content Manager
03-10 17:41:01.688 I/SystemServer(  658): System Content Providers
03-10 17:41:01.728 I/SystemServer(  658): Lights Service
03-10 17:41:01.728 I/SystemServer(  658): Battery Service
03-10 17:41:01.738 E/ConsumerIrService(  658): Can't open consumer IR HW Module, error: -2
03-10 17:41:01.738 I/libsuspend(  658): Selected early suspend
03-10 17:41:01.738 I/libsuspend(  658): Starting early suspend unblocker thread
03-10 17:41:01.738 E/ANDR-PERF-LOCK(  197): Failed to reset optimization for resource: 4 level: 0
03-10 17:41:01.738 D/PermissionCache(  184): checking android.permission.ACCESS_SURFACE_FLINGER for uid=1000 => granted (366 us)
03-10 17:41:01.738 D/SurfaceFlinger(  184): Screen acquired, type=0 flinger=0xb8d09450
03-10 17:41:01.738 D/SurfaceFlinger(  184):  screen was previously acquired
03-10 17:41:01.738 D/AlarmManagerService(  658): Kernel timezone updated to -120 minutes west of GMT
03-10 17:41:01.738 I/SystemServer(  658): Vibrator Service
03-10 17:41:01.738 I/SystemServer(  658): Consumer IR Service
03-10 17:41:01.738 I/SystemServer(  658): Alarm Manager
03-10 17:41:01.748 I/SystemServer(  658): Init Watchdog
03-10 17:41:01.748 I/SystemServer(  658): Input Manager
03-10 17:41:01.748 I/InputManager(  658): Initializing input manager, mUseDevInputEventForAudioJack=false
03-10 17:41:01.748 I/SystemServer(  658): Window Manager
03-10 17:41:01.758 I/WindowManager(  658): No existing display settings /data/system/display_settings.xml; starting empty
03-10 17:41:01.768 I/WindowManager(  658): No keyguard interface!
03-10 17:41:01.768 I/InputManager(  658): Starting input manager
03-10 17:41:01.768 I/SystemServer(  658): Bluetooth Manager Service
03-10 17:41:01.778 D/BluetoothManagerService(  658): Loading stored name and address
03-10 17:41:01.778 D/BluetoothManagerService(  658): Stored bluetooth Name=Nexus 7,Address=BC:EE:7B:4C:A7:72
03-10 17:41:01.778 D/EventHub(  658): No input device configuration file found for device 'gpio-keys'.
03-10 17:41:01.778 W/EventHub(  658): Unable to disable kernel key repeat for /dev/input/event5: Function not implemented
03-10 17:41:01.778 I/EventHub(  658): New device: id=1, fd=93, path='/dev/input/event5', name='gpio-keys', classes=0x1, configuration='', keyLayout='/system/usr/keylayout/Generic.kl', keyCharacterMap='/system/usr/keychars/Generic.kcm', builtinKeyboard=false, usingSuspendBlockIoctl=true, usingClockIoctl=true
03-10 17:41:01.778 I/SystemServer(  658): Input Method Service
03-10 17:41:01.778 W/InputMethodManagerService(  658): Couldn't create dir.: /data/system/inputmethod
03-10 17:41:01.788 D/EventHub(  658): No input device configuration file found for device 'apq8064-tabla-snd-card Headset Jack'.
03-10 17:41:01.788 I/EventHub(  658): New device: id=2, fd=95, path='/dev/input/event3', name='apq8064-tabla-snd-card Headset Jack', classes=0x80, configuration='', keyLayout='', keyCharacterMap='', builtinKeyboard=false, usingSuspendBlockIoctl=true, usingClockIoctl=true
03-10 17:41:01.788 D/EventHub(  658): No input device configuration file found for device 'apq8064-tabla-snd-card Button Jack'.
03-10 17:41:01.788 W/EventHub(  658): Unable to disable kernel key repeat for /dev/input/event2: Function not implemented
03-10 17:41:01.788 I/EventHub(  658): New device: id=3, fd=96, path='/dev/input/event2', name='apq8064-tabla-snd-card Button Jack', classes=0x1, configuration='', keyLayout='/system/usr/keylayout/apq8064-tabla-snd-card_Button_Jack.kl', keyCharacterMap='/system/usr/keychars/apq8064-tabla-snd-card_Button_Jack.kcm', builtinKeyboard=false, usingSuspendBlockIoctl=true, usingClockIoctl=true
03-10 17:41:01.788 D/EventHub(  658): No input device configuration file found for device 'h2w button'.
03-10 17:41:01.788 W/EventHub(  658): Unable to disable kernel key repeat for /dev/input/event4: Function not implemented
03-10 17:41:01.788 I/EventHub(  658): New device: id=4, fd=97, path='/dev/input/event4', name='h2w button', classes=0x1, configuration='', keyLayout='/system/usr/keylayout/Generic.kl', keyCharacterMap='/system/usr/keychars/Generic.kcm', builtinKeyboard=false, usingSuspendBlockIoctl=true, usingClockIoctl=true
03-10 17:41:01.788 D/EventHub(  658): No input device configuration file found for device 'lid_input'.
03-10 17:41:01.788 I/EventHub(  658): New device: id=5, fd=98, path='/dev/input/event1', name='lid_input', classes=0x80, configuration='', keyLayout='', keyCharacterMap='', builtinKeyboard=false, usingSuspendBlockIoctl=true, usingClockIoctl=true
03-10 17:41:01.788 I/EventHub(  658): New device: id=6, fd=99, path='/dev/input/event0', name='elan-touchscreen', classes=0x14, configuration='/system/usr/idc/elan-touchscreen.idc', keyLayout='', keyCharacterMap='', builtinKeyboard=false, usingSuspendBlockIoctl=true, usingClockIoctl=true
03-10 17:41:01.788 E/EventHub(  658): could not get driver version for /dev/input/mice, Not a typewriter
03-10 17:41:01.828 I/InputReader(  658): Device added: id=-1, name='Virtual', sources=0x00000301
03-10 17:41:01.828 I/InputReader(  658):   Touch device 'elan-touchscreen' could not query the properties of its associated display.  The device will be inoperable until the display size becomes available.
03-10 17:41:01.828 I/InputReader(  658): Device added: id=6, name='elan-touchscreen', sources=0x00001002
03-10 17:41:01.828 I/InputReader(  658): Device added: id=5, name='lid_input', sources=0x80000000
03-10 17:41:01.828 I/InputReader(  658): Device added: id=4, name='h2w button', sources=0x00000101
03-10 17:41:01.828 I/InputReader(  658): Device added: id=3, name='apq8064-tabla-snd-card Button Jack', sources=0x00000101
03-10 17:41:01.828 I/InputReader(  658): Device added: id=2, name='apq8064-tabla-snd-card Headset Jack', sources=0x80000000
03-10 17:41:01.828 I/InputReader(  658): Device added: id=1, name='gpio-keys', sources=0x00000101
03-10 17:41:01.828 I/InputReader(  658): Reconfiguring input devices.  changes=0x00000004
03-10 17:41:01.828 I/InputReader(  658): Device reconfigured: id=6, name='elan-touchscreen', size 1200x1920, orientation 0, mode 1, display id 0
03-10 17:41:01.828 I/SystemServer(  658): Accessibility Manager
03-10 17:41:01.828 I/ActivityManager(  658): Config changes=1df8 {1.0 ?mcc?mnc en_US ldltr sw600dp w600dp h960dp 320dpi lrg port ?uimode ?night -touch -keyb/v/h -nav/h s.2}
03-10 17:41:01.838 I/ActivityManager(  658): Config changes=408 {1.0 ?mcc?mnc en_US ldltr sw600dp w600dp h887dp 320dpi lrg port ?uimode ?night finger -keyb/v/h -nav/h s.3}
03-10 17:41:01.838 I/SystemServer(  658): Mount Service
03-10 17:41:01.838 D/MountService(  658): got storage path: null description: Internal storage primary: false removable: false emulated: true mtpReserve: 100 allowMassStorage: false maxFileSize: 0
03-10 17:41:01.838 D/MountService(  658): addVolumeLocked() StorageVolume:
03-10 17:41:01.838 D/MountService(  658):     mStorageId=65537 mPath=/storage/emulated/0 mDescriptionId=17040662 
03-10 17:41:01.838 D/MountService(  658):     mPrimary=true mRemovable=false mEmulated=true mMtpReserveSpace=100 
03-10 17:41:01.838 D/MountService(  658):     mAllowMassStorage=false mMaxFileSize=0 mOwner=UserHandle{0} mUuid=null 
03-10 17:41:01.838 D/MountService(  658):     mUserLabel=null mState=null 
03-10 17:41:01.838 I/SystemServer(  658): LockSettingsService
03-10 17:41:01.838 I/SystemServer(  658): Device Policy
03-10 17:41:01.848 I/SystemServer(  658): Status Bar
03-10 17:41:01.848 I/SystemServer(  658): Clipboard Service
03-10 17:41:01.848 I/SystemServer(  658): NetworkManagement Service
03-10 17:41:01.848 I/SystemServer(  658): Text Service Manager Service
03-10 17:41:01.858 I/SystemServer(  658): NetworkStats Service
03-10 17:41:01.858 I/SystemServer(  658): NetworkPolicy Service
03-10 17:41:01.868 I/SystemServer(  658): Wi-Fi P2pService
03-10 17:41:01.888 I/SystemServer(  658): Wi-Fi Service
03-10 17:41:01.948 I/SystemServer(  658): Connectivity Service
03-10 17:41:01.948 D/ConnectivityService(  658): ConnectivityService starting up
03-10 17:41:01.948 D/ConnectivityService(  658): wifiOnly=false
03-10 17:41:01.948 E/ConnectivityService(  658): Ignoring protectedNetwork 14
03-10 17:41:01.968 D/BluetoothTethering(  658): startMonitoring: target: Handler (com.android.server.ConnectivityService$NetworkStateTrackerHandler) {4252d9c0}
03-10 17:41:01.968 D/BluetoothTethering(  658): startMonitoring: mCsHandler: Handler (com.android.server.ConnectivityService$NetworkStateTrackerHandler) {4252d9c0}
03-10 17:41:01.968 D/BluetoothManagerService(  658): Message: 20
03-10 17:41:01.968 D/BluetoothManagerService(  658): Added callback: android.bluetooth.BluetoothAdapter$1@425378f8:true
03-10 17:41:01.968 D/BluetoothManagerService(  658): Message: 30
03-10 17:41:01.968 W/ContextImpl(  658): Calling a method in the system process without a qualified user: android.app.ContextImpl.bindService:1543 android.bluetooth.BluetoothPan.doBind:149 android.bluetooth.BluetoothPan.<init>:141 android.bluetooth.BluetoothAdapter.getProfileProxy:1190 android.bluetooth.BluetoothTetheringDataTracker.startMonitoring:116 
03-10 17:41:01.978 E/MobileDataStateTracker(  658): default: Ignoring feature request because could not acquire PhoneService
03-10 17:41:01.978 E/MobileDataStateTracker(  658): default: Could not enable APN type "default"
03-10 17:41:01.978 I/WifiService(  658): WifiService starting up with Wi-Fi enabled
03-10 17:41:01.978 D/WifiService(  658): setWifiEnabled: true pid=658, uid=1000
03-10 17:41:01.988 D/WifiController(  658): WifiController msg { when=-1ms what=155656 target=com.android.internal.util.StateMachine$SmHandler } deferred for 465ms
03-10 17:41:01.988 I/SystemServer(  658): Network Service Discovery Service
03-10 17:41:01.988 D/NsdService(  658): Network service discovery enabled true
03-10 17:41:01.988 I/SystemServer(  658): UpdateLock Service
03-10 17:41:02.068 W/PackageManager(  658): Unknown permission com.android.smspush.WAPPUSH_MANAGER_BIND in package com.android.phone
03-10 17:41:02.068 W/PackageManager(  658): Unknown permission com.android.vending.billing.IBillingAccountService.BIND2 in package com.google.android.gsf.login
03-10 17:41:02.068 W/PackageManager(  658): Unknown permission com.android.gallery3d.permission.GALLERY_PROVIDER in package com.android.bluetooth
03-10 17:41:02.068 W/PackageManager(  658): Unknown permission android.permission.MMS_SEND_OUTBOX_MSG in package com.android.bluetooth
03-10 17:41:02.068 W/PackageManager(  658): Unknown permission com.google.android.c2dm.permission.REGISTRATION in package com.rovio.angrybirdsfriends
03-10 17:41:02.068 W/PackageManager(  658): Unknown permission android.permission.READ_MEDIA_STORAGE in package com.keramidas.TitaniumBackup
03-10 17:41:02.068 W/PackageManager(  658): Not granting permission android.permission.WRITE_MEDIA_STORAGE to package com.keramidas.TitaniumBackup (protectionLevel=18 flags=0x8be44)
03-10 17:41:02.068 W/PackageManager(  658): Not granting permission com.android.voicemail.permission.READ_WRITE_ALL_VOICEMAIL to package com.keramidas.TitaniumBackup (protectionLevel=18 flags=0x8be44)
03-10 17:41:02.068 W/PackageManager(  658): Unknown permission android.permission.ACCESS_SUPERUSER in package com.keramidas.TitaniumBackup
03-10 17:41:02.068 W/PackageManager(  658): Not granting permission android.permission.BROADCAST_SMS to package com.keramidas.TitaniumBackup (protectionLevel=2 flags=0x8be44)
03-10 17:41:02.068 W/PackageManager(  658): Not granting permission android.permission.BROADCAST_WAP_PUSH to package com.keramidas.TitaniumBackup (protectionLevel=2 flags=0x8be44)
03-10 17:41:02.068 W/PackageManager(  658): Not granting permission android.permission.DEVICE_POWER to package com.google.android.deskclock (protectionLevel=2 flags=0x48be45)
03-10 17:41:02.068 W/PackageManager(  658): Unknown permission android.permission.ACCESS_SUPERUSER in package com.ttxapps.wifiadb
03-10 17:41:02.078 W/PackageManager(  658): Not granting permission android.permission.READ_FRAME_BUFFER to package com.google.android.gms (protectionLevel=18 flags=0x483ec5)
03-10 17:41:02.078 W/PackageManager(  658): Unknown permission android.permission.READ_OWNER_DATA in package com.google.android.setupwizard
03-10 17:41:02.078 W/PackageManager(  658): Unknown permission android.permission.WRITE_OWNER_DATA in package com.google.android.setupwizard
03-10 17:41:02.078 W/PackageManager(  658): Unknown permission android.permission.ACCESS_SUPERUSER in package com.s0up.goomanager
03-10 17:41:02.078 W/PackageManager(  658): Unknown permission com.amazon.dcp.sso.permission.AMAZON_ACCOUNT_PROPERTY in package com.amazon.kindle
03-10 17:41:02.078 W/PackageManager(  658): Unknown permission com.amazon.dcp.metrics.permission.METRICS_PERMISSION in package com.amazon.kindle
03-10 17:41:02.078 W/PackageManager(  658): Unknown permission com.amazon.dcp.config.permission.DYN_CONFIG_VALUES_UPDATED in package com.amazon.kindle
03-10 17:41:02.078 W/PackageManager(  658): Unknown permission com.amazon.dcp.settings.permission.READ_SETTINGS in package com.amazon.kindle
03-10 17:41:02.078 W/PackageManager(  658): Unknown permission com.amazon.identity.permission.GENERIC_IPC in package com.amazon.kindle
03-10 17:41:02.078 W/PackageManager(  658): Unknown permission com.amazon.dcp.sso.permission.USE_DEVICE_CREDENTIALS in package com.amazon.kindle
03-10 17:41:02.078 W/PackageManager(  658): Unknown permission com.amazon.dcp.sso.permission.EXPIRE_ACCESS_TOKEN in package com.amazon.kindle
03-10 17:41:02.078 W/PackageManager(  658): Unknown permission com.amazon.dcp.sso.permission.MANAGE_COR_PFM in package com.amazon.kindle
03-10 17:41:02.078 W/PackageManager(  658): Unknown permission com.amazon.dcp.sso.permission.CUSTOMER_ATTRIBUTE_SERVICE in package com.amazon.kindle
03-10 17:41:02.078 W/PackageManager(  658): Unknown permission amazon.permission.COLLECT_METRICS in package com.amazon.kindle
03-10 17:41:02.078 W/PackageManager(  658): Unknown permission android.permission.ACCESS_SUPERUSER in package jackpal.androidterm
03-10 17:41:02.078 W/PackageManager(  658): Unknown permission com.google.android.voicesearch.SHORTCUTS_ACCESS in package com.google.android.googlequicksearchbox
03-10 17:41:02.078 W/PackageManager(  658): Unknown permission com.google.android.voicesearch.ACCESS_SETTINGS in package com.google.android.googlequicksearchbox
03-10 17:41:02.078 W/PackageManager(  658): Unknown permission com.android.browser.permission.PRELOAD in package com.google.android.googlequicksearchbox
03-10 17:41:02.078 W/PackageManager(  658): Unknown permission com.google.android.apps.googlevoice.permission.AUTO_SEND in package com.google.android.googlequicksearchbox
03-10 17:41:02.078 W/PackageManager(  658): Unknown permission com.facebook.orca.provider.ACCESS in package com.facebook.katana
03-10 17:41:02.078 W/PackageManager(  658): Unknown permission com.amazon.device.messaging.permission.RECEIVE in package com.facebook.katana
03-10 17:41:02.078 W/PackageManager(  658): Not granting permission android.permission.BATTERY_STATS to package com.facebook.katana (protectionLevel=18 flags=0x8be44)
03-10 17:41:02.078 W/PackageManager(  658): Unknown permission com.sec.android.provider.badge.permission.READ in package com.facebook.katana
03-10 17:41:02.078 W/PackageManager(  658): Unknown permission com.sec.android.provider.badge.permission.WRITE in package com.facebook.katana
03-10 17:41:02.078 W/PackageManager(  658): Unknown permission com.htc.launcher.permission.READ_SETTINGS in package com.facebook.katana
03-10 17:41:02.078 W/PackageManager(  658): Unknown permission com.htc.launcher.permission.UPDATE_SHORTCUT in package com.facebook.katana
03-10 17:41:02.078 W/PackageManager(  658): Unknown permission com.sonyericsson.home.permission.BROADCAST_BADGE in package com.facebook.katana
03-10 17:41:02.078 W/PackageManager(  658): Unknown permission com.facebook.home.permission.WRITE_BADGES in package com.facebook.katana
03-10 17:41:02.078 W/PackageManager(  658): Unknown permission com.nokia.pushnotifications.permission.RECEIVE in package com.facebook.katana
03-10 17:41:02.078 W/PackageManager(  658): Unknown permission com.chrome.permission.DEVICE_EXTRAS in package com.chrome.beta
03-10 17:41:02.078 W/PackageManager(  658): Not granting permission com.android.chrome.TOS_ACKED to package com.chrome.beta (protectionLevel=18 flags=0x48be44)
03-10 17:41:02.078 W/PackageManager(  658): Unknown permission com.sec.enterprise.knox.MDM_CONTENT_PROVIDER in package com.chrome.beta
03-10 17:41:02.078 W/PackageManager(  658): Unknown permission android.permission.WRITE_SYNC_STATS in package com.google.android.apps.docs
03-10 17:41:02.078 W/PackageManager(  658): Unknown permission android.permission.ACCESS_SUPERUSER in package com.koushikdutta.rommanager
03-10 17:41:02.088 W/PackageManager(  658): Not granting permission android.permission.SEND_DOWNLOAD_COMPLETED_INTENTS to package com.android.vending (protectionLevel=2 flags=0xabec5)
03-10 17:41:02.088 W/PackageManager(  658): Unknown permission android.permission.SEND_SMS_NO_CONFIRMATION in package com.android.vending
03-10 17:41:02.088 W/PackageManager(  658): Not granting permission android.permission.BIND_WALLPAPER to package com.google.android.GoogleCamera (protectionLevel=18 flags=0x58bc45)
03-10 17:41:02.088 W/PackageManager(  658): Not granting permission android.permission.READ_DREAM_STATE to package com.google.android.gsf (protectionLevel=2 flags=0x40083e45)
03-10 17:41:02.168 D/dalvikvm(  658): GC_CONCURRENT freed 938K, 7% free 15218K/16192K, paused 3ms+3ms, total 57ms
03-10 17:41:02.168 D/dalvikvm(  658): WAIT_FOR_CONCURRENT_GC blocked 20ms
03-10 17:41:02.289 D/dalvikvm(  658): GC_EXPLICIT freed 285K, 7% free 15166K/16192K, paused 3ms+6ms, total 71ms
03-10 17:41:02.339 I/SystemServer(  658): Notification Manager
03-10 17:41:02.339 I/SystemServer(  658): Device Storage Monitor
03-10 17:41:02.339 I/SystemServer(  658): Location Manager
03-10 17:41:02.339 I/SystemServer(  658): Country Detector
03-10 17:41:02.339 I/SystemServer(  658): Search Service
03-10 17:41:02.339 I/SystemServer(  658): DropBox Service
03-10 17:41:02.339 I/SystemServer(  658): Wallpaper Service
03-10 17:41:02.349 I/SystemServer(  658): Audio Service
03-10 17:41:02.399 V/AudioService(  658): monitoring device rotation, initial=0
03-10 17:41:02.399 I/SystemServer(  658): Dock Observer
03-10 17:41:02.399 W/DockObserver(  658): This kernel does not have dock station support
03-10 17:41:02.399 I/SystemServer(  658): Wired Accessory Manager
03-10 17:41:02.399 I/SystemServer(  658): USB Service
03-10 17:41:02.399 I/SystemServer(  658): Serial Service
03-10 17:41:02.399 I/SystemServer(  658): Twilight Service
03-10 17:41:02.399 I/SystemServer(  658): UI Mode Manager Service
03-10 17:41:02.409 I/SystemServer(  658): Backup Service
03-10 17:41:02.409 V/BackupManagerService(  658): Initializing package tracking
03-10 17:41:02.449 D/Tethering(  658): sendTetherStateChangedBroadcast 0, 0, 0
03-10 17:41:02.449 D/Tethering(  658): InitialState.processMessage what=4
03-10 17:41:02.449 D/Tethering(  658): sendTetherStateChangedBroadcast 0, 0, 0
03-10 17:41:02.449 D/SoftapController(  181): Softap fwReload - Ok
03-10 17:41:02.459 D/CommandListener(  181): Setting iface cfg
03-10 17:41:02.459 D/CommandListener(  181): Trying to bring down wlan0
03-10 17:41:02.459 D/WifiController(  658): DEFERRED_TOGGLE handled
03-10 17:41:02.469 V/BackupManagerService(  658): addPackageParticipantsLocked: all
03-10 17:41:02.469 I/BackupManagerService(  658): Scheduling backup for new app org.connectbot
03-10 17:41:02.469 D/BackupManagerService(  658): Now staging backup of org.connectbot
03-10 17:41:02.479 I/BackupManagerService(  658): Scheduling backup for new app com.android.sharedstoragebackup
03-10 17:41:02.479 D/BackupManagerService(  658): Now staging backup of com.android.sharedstoragebackup
03-10 17:41:02.479 I/BackupManagerService(  658): Scheduling backup for new app com.google.android.marvin.talkback
03-10 17:41:02.479 D/BackupManagerService(  658): Now staging backup of com.google.android.marvin.talkback
03-10 17:41:02.479 I/BackupManagerService(  658): Scheduling backup for new app com.google.android.googlequicksearchbox
03-10 17:41:02.479 D/BackupManagerService(  658): Now staging backup of com.google.android.googlequicksearchbox
03-10 17:41:02.489 I/BackupManagerService(  658): Scheduling backup for new app com.google.android.inputmethod.latin
03-10 17:41:02.489 D/BackupManagerService(  658): Now staging backup of com.google.android.inputmethod.latin
03-10 17:41:02.489 I/BackupManagerService(  658): Scheduling backup for new app com.android.providers.settings
03-10 17:41:02.489 D/BackupManagerService(  658): Now staging backup of com.android.providers.settings
03-10 17:41:02.489 I/BackupManagerService(  658): Scheduling backup for new app com.google.android.talk
03-10 17:41:02.489 D/BackupManagerService(  658): Now staging backup of com.google.android.talk
03-10 17:41:02.489 I/BackupManagerService(  658): Scheduling backup for new app com.android.nfc
03-10 17:41:02.499 D/BackupManagerService(  658): Now staging backup of com.android.nfc
03-10 17:41:02.499 I/BackupManagerService(  658): Scheduling backup for new app com.android.providers.userdictionary
03-10 17:41:02.499 D/BackupManagerService(  658): Now staging backup of com.android.providers.userdictionary
03-10 17:41:02.499 I/BackupManagerService(  658): Scheduling backup for new app android
03-10 17:41:02.499 D/BackupManagerService(  658): Now staging backup of android
03-10 17:41:02.509 I/BackupManagerService(  658): Scheduling backup for new app com.android.vending
03-10 17:41:02.509 D/BackupManagerService(  658): Now staging backup of com.android.vending
03-10 17:41:02.509 I/BackupManagerService(  658): Scheduling backup for new app com.google.android.gm
03-10 17:41:02.509 D/BackupManagerService(  658): Now staging backup of com.google.android.gm
03-10 17:41:02.509 I/BackupManagerService(  658): Scheduling backup for new app com.google.android.calendar
03-10 17:41:02.509 D/BackupManagerService(  658): Now staging backup of com.google.android.calendar
03-10 17:41:02.509 V/BackupManagerService(  658): Starting with transport com.google.android.backup/.BackupTransportService
03-10 17:41:02.509 V/BackupManagerService(  658): Found transports: 2
03-10 17:41:02.509 I/BackupManagerService(  658): Binding to transport host ComponentInfo{android/com.android.internal.backup.LocalTransportService}
03-10 17:41:02.519 I/BackupManagerService(  658): Binding to transport host ComponentInfo{com.google.android.backuptransport/com.google.android.backup.BackupTransportService}
03-10 17:41:02.519 I/BackupManagerService(  658): Found stale backup journal, scheduling
03-10 17:41:02.519 I/BackupManagerService(  658):   android
03-10 17:41:02.519 I/BackupManagerService(  658):   com.android.providers.settings
03-10 17:41:02.519 I/BackupManagerService(  658):   com.google.android.talk
03-10 17:41:02.519 I/BackupManagerService(  658):   com.google.android.gm
03-10 17:41:02.519 I/BackupManagerService(  658): Backup enabled => true
03-10 17:41:02.519 I/SystemServer(  658): AppWidget Service
03-10 17:41:02.519 I/SystemServer(  658): Recognition Service
03-10 17:41:02.519 I/SystemServer(  658): DiskStats Service
03-10 17:41:02.519 I/SystemServer(  658): SamplingProfiler Service
03-10 17:41:02.519 I/SystemServer(  658): NetworkTimeUpdateService
03-10 17:41:02.519 I/SystemServer(  658): CommonTimeManagementService
03-10 17:41:02.519 I/SystemServer(  658): CertBlacklister
03-10 17:41:02.519 I/SystemServer(  658): Dreams Service
03-10 17:41:02.519 I/SystemServer(  658): Assets Atlas Service
03-10 17:41:02.529 D/Atlas   (  658): Loaded configuration: SliceMinArea (1216x1408) flags=0x2 count=265
03-10 17:41:02.529 I/SystemServer(  658): IdleMaintenanceService
03-10 17:41:02.529 I/SystemServer(  658): Print Service
03-10 17:41:02.539 I/WindowManager(  658): SAFE MODE not enabled
03-10 17:41:02.539 D/dalvikvm(  658): JIT started for system_server
03-10 17:41:02.539 I/SystemServer(  658): Media Router Service
03-10 17:41:02.569 D/WifiMonitor(  658): startMonitoring(wlan0) with mConnected = false
03-10 17:41:02.569 E/WifiHW  (  658): Unable to open connection to supplicant on "@android:wpa_wlan0": No such file or directory
03-10 17:41:02.599 I/wpa_supplicant(  771): Successfully initialized wpa_supplicant
03-10 17:41:02.599 I/wpa_supplicant(  771): rfkill: Cannot open RFKILL control device
03-10 17:41:02.609 I/Zygote  (  658): Process: zygote socket opened
03-10 17:41:02.619 V/KeyguardServiceDelegate(  658): *** Keyguard started
03-10 17:41:02.619 V/KeyguardServiceDelegate(  658): onSystemReady() called before keyguard service was ready
03-10 17:41:02.619 I/ActivityManager(  658): Start proc com.android.systemui for service com.android.keyguard/.KeyguardService: pid=772 uid=10097 gids={50097, 1028, 1015, 3002, 3001}
03-10 17:41:02.629 I/Adreno-EGL(  658): <qeglDrvAPI_eglInitialize:320>: EGL 1.4 QUALCOMM Build: I0404c4692afb8623f95c43aeb6d5e13ed4b30ddbDate: 11/06/13
03-10 17:41:02.639 I/AppOps  (  658): Pruning old package media/1013: new uid=-1
03-10 17:41:02.639 I/ActivityManager(  658): System now ready
03-10 17:41:02.649 I/SystemServer(  658): Making services ready
03-10 17:41:02.649 D/NetworkManagementService(  658): enabling bandwidth control
03-10 17:41:02.649 W/MountService(  658): Duplicate state transition (mounted -> mounted) for /storage/emulated/0
03-10 17:41:02.689 D/Atlas   (  658): Rendered atlas in 136.96ms (71.17+65.80ms)
03-10 17:41:02.719 V/KeyguardService(  772): onCreate()
03-10 17:41:02.719 E/OMXMaster(  187): A component of name 'OMX.qcom.audio.decoder.aac' already exists, ignoring this one.
03-10 17:41:02.739 D/SystemUIService(  772): loading: class com.android.systemui.recent.Recents
03-10 17:41:02.739 D/SystemUIService(  772): running: com.android.systemui.recent.Recents@41ee7d50
03-10 17:41:02.739 D/SystemUIService(  772): loading: class com.android.systemui.statusbar.SystemBars
03-10 17:41:02.739 D/SystemUIService(  772): running: com.android.systemui.statusbar.SystemBars@41ee8338
03-10 17:41:02.749 D/SystemUIService(  772): loading: class com.android.systemui.usb.StorageNotification
03-10 17:41:02.749 D/SystemUIService(  772): running: com.android.systemui.usb.StorageNotification@41eea0f8
03-10 17:41:02.749 D/SystemUIService(  772): loading: class com.android.systemui.power.PowerUI
03-10 17:41:02.749 D/SystemUIService(  772): running: com.android.systemui.power.PowerUI@41eeb758
03-10 17:41:02.749 D/SystemUIService(  772): loading: class com.android.systemui.media.RingtonePlayer
03-10 17:41:02.749 D/SystemUIService(  772): running: com.android.systemui.media.RingtonePlayer@41eec458
03-10 17:41:02.749 D/SystemUIService(  772): loading: class com.android.systemui.settings.SettingsUI
03-10 17:41:02.749 D/SystemUIService(  772): running: com.android.systemui.settings.SettingsUI@41eed740
03-10 17:41:02.769 D/PhoneStatusBar(  772): mSettingsPanelGravity = 8388661
03-10 17:41:02.769 I/StatusBarManagerService(  658): registerStatusBar bar=com.android.internal.statusbar.IStatusBar$Stub$Proxy@420cea30
03-10 17:41:02.849 D/dalvikvm(  772): GC_CONCURRENT freed 131K, 2% free 9304K/9464K, paused 2ms+2ms, total 22ms
03-10 17:41:02.889 D/dalvikvm(  772): GC_CONCURRENT freed 26K, 2% free 9713K/9844K, paused 1ms+1ms, total 12ms
03-10 17:41:02.899 D/dalvikvm(  772): WAIT_FOR_CONCURRENT_GC blocked 10ms
03-10 17:41:02.919 D/dalvikvm(  772): GC_FOR_ALLOC freed 11K, 2% free 9924K/10052K, paused 12ms, total 12ms
03-10 17:41:02.939 D/dalvikvm(  772): GC_FOR_ALLOC freed 1K, 2% free 10299K/10424K, paused 11ms, total 11ms
03-10 17:41:02.959 V/PhoneStatusBar/NavigationBarView(  772): touchEnabled:false
03-10 17:41:02.969 W/BroadcastQueue(  658): Permission Denial: broadcasting Intent { act=android.net.conn.TETHER_STATE_CHANGED flg=0x64000010 (has extras) } from null (pid=-1, uid=-1) requires android.permission.CONNECTIVITY_INTERNAL due to registered receiver BroadcastFilter{426478e0 u0 ReceiverList{42647880 658 system/1000/u0 local:42647668}}
03-10 17:41:02.999 D/BluetoothManagerService(  658): Message: 20
03-10 17:41:02.999 D/BluetoothManagerService(  658): Added callback: android.bluetooth.IBluetoothManagerCallback$Stub$Proxy@42077ac0:true
03-10 17:41:02.999 D/BluetoothAdapter(  772): 1107742472: getState() :  mService = null. Returning STATE_OFF
03-10 17:41:02.999 D/BluetoothAdapter(  772): 1107742472: getState() :  mService = null. Returning STATE_OFF
03-10 17:41:03.019 D/dalvikvm(  658): GC_CONCURRENT freed 1004K, 7% free 15683K/16712K, paused 2ms+4ms, total 61ms
03-10 17:41:03.019 D/dalvikvm(  772): GC_CONCURRENT freed 49K, 1% free 10644K/10720K, paused 3ms+2ms, total 19ms
03-10 17:41:03.059 I/wpa_supplicant(  771): rfkill: Cannot open RFKILL control device
03-10 17:41:03.059 I/ActivityManager(  658): Config changes=200 {1.0 ?mcc?mnc en_US ldltr sw600dp w600dp h887dp 320dpi lrg port finger -keyb/v/h -nav/h s.4}
03-10 17:41:03.069 D/BluetoothAdapter(  772): 1107742472: getState() :  mService = null. Returning STATE_OFF
03-10 17:41:03.079 I/ActivityManager(  658): Start proc android.process.media for broadcast com.android.providers.media/.MtpReceiver: pid=858 uid=10016 gids={50016, 1028, 1015, 1023, 1024, 2001, 3003, 3007}
03-10 17:41:03.089 D/dalvikvm(  772): GC_CONCURRENT freed 259K, 3% free 10879K/11168K, paused 1ms+2ms, total 15ms
03-10 17:41:03.149 D/dalvikvm(  658): GC_FOR_ALLOC freed 140K, 7% free 15679K/16712K, paused 54ms, total 54ms
03-10 17:41:03.159 I/dalvikvm-heap(  658): Grow heap (frag case) to 17.204MB for 1948832-byte allocation
03-10 17:41:03.219 D/dalvikvm(  658): GC_FOR_ALLOC freed 2K, 6% free 17579K/18616K, paused 66ms, total 66ms
03-10 17:41:03.280 D/dalvikvm(  658): GC_CONCURRENT freed 13K, 6% free 17566K/18616K, paused 3ms+3ms, total 56ms
03-10 17:41:03.370 D/dalvikvm(  772): GC_FOR_ALLOC freed 20K, 3% free 10922K/11168K, paused 12ms, total 12ms
