03-11 16:25:20.031 D/AndroidRuntime( 4432): >>>>>> AndroidRuntime START com.android.internal.os.RuntimeInit <<<<<<
03-11 16:25:20.031 D/AndroidRuntime( 4432): CheckJNI is OFF
03-11 16:25:20.031 E/art     ( 4432): Unrecognized option -XX:mainThreadStackSize=24K
03-11 16:25:20.031 W/art     ( 4432): Ignoring unknown -Xgc option: precise
03-11 16:25:20.061 W/art     ( 4432): Failed to find ELF magic in /system/framework/am.odex: dey
03-11 16:25:20.091 W/art     ( 4432): JNI RegisterNativeMethods: attempt to register 0 native methods for android.content.res.Configuration
03-11 16:25:20.101 D/AndroidRuntime( 4432): Calling main entry com.android.commands.am.Am
03-11 16:25:20.101 I/ActivityManager(  776): START u0 {flg=0x10000000 cmp=com.android.helloworldminimal/.HelloWorld} from pid 4432
03-11 16:25:20.401 D/AndroidRuntime( 4432): Shutting down VM
03-11 16:25:20.401 I/WindowManager(  776): Screenshot max retries 4 of Token{65e10000 ActivityRecord{65e0eea8 u0 com.google.android.googlequicksearchbox/com.google.android.launcher.GEL t1}} appWin=Window{6563f2e8 u0 com.google.android.googlequicksearchbox/com.google.android.launcher.GEL} drawState=4
03-11 16:25:20.401 W/WindowManager(  776): Screenshot failure taking screenshot for (1080x1920) to layer 21000
03-11 16:25:20.411 W/art     (  178): Could not get current activity
03-11 16:25:20.421 I/ActivityManager(  776): Start proc com.android.helloworldminimal for activity com.android.helloworldminimal/.HelloWorld: pid=4453 uid=10076 gids={50076}
03-11 16:25:22.171 I/art     (  776): Heap trim of managed (duration=11.288073ms, advised=3MB) and native (duration=1.594167ms, advised=920KB) heaps. Managed heap utilization of 62%.
03-11 16:25:22.181 I/Adreno-EGL( 4453): <qeglDrvAPI_eglInitialize:320>: EGL 1.4 QUALCOMM Build: I0404c4692afb8623f95c43aeb6d5e13ed4b30ddbDate: 11/06/13
03-11 16:25:22.201 D/OpenGLRenderer( 4453): Enabling debug mode 0
03-11 16:25:22.261 I/ActivityManager(  776): Displayed com.android.helloworldminimal/.HelloWorld: +1s851ms
03-11 16:25:40.851 D/AndroidRuntime( 4478): 
03-11 16:25:40.851 D/AndroidRuntime( 4478): >>>>>> AndroidRuntime START com.android.internal.os.RuntimeInit <<<<<<
03-11 16:25:40.861 D/AndroidRuntime( 4478): CheckJNI is OFF
03-11 16:25:40.861 E/art     ( 4478): Unrecognized option -XX:mainThreadStackSize=24K
03-11 16:25:40.861 W/art     ( 4478): Ignoring unknown -Xgc option: precise
03-11 16:25:40.911 W/art     ( 4478): Failed to find ELF magic in /system/framework/pm.odex: dey
03-11 16:25:40.941 W/art     ( 4478): JNI RegisterNativeMethods: attempt to register 0 native methods for android.content.res.Configuration
03-11 16:25:40.951 D/AndroidRuntime( 4478): Calling main entry com.android.commands.pm.Pm
03-11 16:25:40.951 I/ActivityManager(  776): Force stopping com.android.helloworldminimal appid=10076 user=0: clear data
03-11 16:25:40.951 I/ActivityManager(  776): Killing 4453:com.android.helloworldminimal/u0a76 (adj 0): stop com.android.helloworldminimal
03-11 16:25:40.951 W/ActivityManager(  776): Force removing ActivityRecord{65f42078 u0 com.android.helloworldminimal/.HelloWorld t9}: app died, no saved state
03-11 16:25:40.961 D/keystore(  186): calling clear_uid in state: 3
03-11 16:25:40.961 W/WindowManager(  776): Rebuild removed 2 windows but added 1
03-11 16:25:40.961 W/WindowManager(  776): java.lang.RuntimeException: here
03-11 16:25:40.961 W/WindowManager(  776): 	at com.android.server.wm.WindowManagerService.rebuildAppWindowListLocked(WindowManagerService.java:8011)
03-11 16:25:40.961 W/WindowManager(  776): 	at com.android.server.wm.WindowManagerService.rebuildAppWindowListLocked(WindowManagerService.java:7947)
03-11 16:25:40.961 W/WindowManager(  776): 	at com.android.server.wm.WindowManagerService.handleAppTransitionReadyLocked(WindowManagerService.java:8430)
03-11 16:25:40.961 W/WindowManager(  776): 	at com.android.server.wm.WindowManagerService.performLayoutAndPlaceSurfacesLockedInner(WindowManagerService.java:9193)
03-11 16:25:40.961 W/WindowManager(  776): 	at com.android.server.wm.WindowManagerService.performLayoutAndPlaceSurfacesLockedLoop(WindowManagerService.java:8163)
03-11 16:25:40.961 W/WindowManager(  776): 	at com.android.server.wm.WindowManagerService.performLayoutAndPlaceSurfacesLocked(WindowManagerService.java:8105)
03-11 16:25:40.961 W/WindowManager(  776): 	at com.android.server.wm.WindowManagerService.executeAppTransition(WindowManagerService.java:3918)
03-11 16:25:40.961 W/WindowManager(  776): 	at com.android.server.am.ActivityStackSupervisor.reportResumedActivityLocked(ActivityStackSupervisor.java:2241)
03-11 16:25:40.961 W/WindowManager(  776): 	at com.android.server.am.ActivityStack.completeResumeLocked(ActivityStack.java:968)
03-11 16:25:40.961 W/WindowManager(  776): 	at com.android.server.am.ActivityStack.resumeTopActivityLocked(ActivityStack.java:1631)
03-11 16:25:40.961 W/WindowManager(  776): 	at com.android.server.am.ActivityStackSupervisor.resumeTopActivitiesLocked(ActivityStackSupervisor.java:2022)
03-11 16:25:40.961 W/WindowManager(  776): 	at com.android.server.am.ActivityStackSupervisor.resumeTopActivitiesLocked(ActivityStackSupervisor.java:2009)
03-11 16:25:40.961 W/WindowManager(  776): 	at com.android.server.am.ActivityManagerService.forceStopPackageLocked(ActivityManagerService.java:4750)
03-11 16:25:40.961 W/WindowManager(  776): 	at com.android.server.am.ActivityManagerService.forceStopPackageLocked(ActivityManagerService.java:4496)
03-11 16:25:40.961 W/WindowManager(  776): 	at com.android.server.am.ActivityManagerService.clearApplicationUserData(ActivityManagerService.java:4176)
03-11 16:25:40.961 W/WindowManager(  776): 	at android.app.ActivityManagerNative.onTransact(ActivityManagerNative.java:1114)
03-11 16:25:40.961 W/WindowManager(  776): 	at com.android.server.am.ActivityManagerService.onTransact(ActivityManagerService.java:2071)
03-11 16:25:40.961 W/WindowManager(  776): 	at android.os.Binder.execTransact(Binder.java:404)
03-11 16:25:40.961 W/WindowManager(  776): This window was lost: Window{65f0a938 u0 com.android.helloworldminimal/com.android.helloworldminimal.HelloWorld}
03-11 16:25:40.961 W/WindowManager(  776): mDisplayId=0 mSession=Session{65f0a490 4453:u0a10076} mClient=android.os.BinderProxy@65f0a6b8
03-11 16:25:40.961 W/WindowManager(  776): mOwnerUid=10076 mShowToOwnerOnly=true package=com.android.helloworldminimal appop=NONE
03-11 16:25:40.961 W/WindowManager(  776): mAttrs=WM.LayoutParams{(0,0)(fillxfill) sim=#120 ty=1 fl=#1810100 pfl=0x8 wanim=0x10302f5}
03-11 16:25:40.961 W/WindowManager(  776): Requested w=1080 h=1776 mLayoutSeq=188
03-11 16:25:40.961 W/WindowManager(  776): mBaseLayer=21000 mSubLayer=0 mAnimLayer=21005+0=21005 mLastLayer=0
03-11 16:25:40.961 W/WindowManager(  776): mToken=AppWindowToken{65f42b08 token=Token{65f421d8 ActivityRecord{65f42078 u0 com.android.helloworldminimal/.HelloWorld t9}}}
03-11 16:25:40.961 W/WindowManager(  776): mRootToken=AppWindowToken{65f42b08 token=Token{65f421d8 ActivityRecord{65f42078 u0 com.android.helloworldminimal/.HelloWorld t9}}}
03-11 16:25:40.961 W/WindowManager(  776): mAppToken=AppWindowToken{65f42b08 token=Token{65f421d8 ActivityRecord{65f42078 u0 com.android.helloworldminimal/.HelloWorld t9}}}
03-11 16:25:40.961 W/WindowManager(  776): mViewVisibility=0x0 mHaveFrame=true mObscured=true
03-11 16:25:40.961 W/WindowManager(  776): mSeq=0 mSystemUiVisibility=0x0
03-11 16:25:40.961 W/WindowManager(  776): mPolicyVisibility=false mPolicyVisibilityAfterAnim=false mAppOpVisibility=true mAttachedHidden=false
03-11 16:25:40.961 W/WindowManager(  776): mGivenContentInsets=[0,0][0,0] mGivenVisibleInsets=[0,0][0,0]
03-11 16:25:40.961 W/WindowManager(  776): mConfiguration={1.0 244mcc21mnc en_US ldltr sw360dp w360dp h567dp 480dpi nrml port finger -keyb/v/h -nav/h s.5}
03-11 16:25:40.961 W/WindowManager(  776): mHasSurface=true mShownFrame=[0.0,0.0][1080.0,1776.0] isReadyForDisplay()=false
03-11 16:25:40.961 W/WindowManager(  776): mFrame=[0,0][1080,1776] last=[0,0][1080,1776]
03-11 16:25:40.961 W/WindowManager(  776): mSystemDecorRect=[0,0][1080,1776] last=[0,0][1080,1776]
03-11 16:25:40.961 W/WindowManager(  776): Frames: containing=[0,0][1080,1776] parent=[0,0][1080,1776]
03-11 16:25:40.961 W/WindowManager(  776):     display=[0,0][1080,1776] overscan=[0,0][1080,1920]
03-11 16:25:40.961 W/WindowManager(  776):     content=[0,75][1080,1776] visible=[0,75][1080,1776]
03-11 16:25:40.961 W/WindowManager(  776):     decor=[0,0][1080,1920]
03-11 16:25:40.961 W/WindowManager(  776): Cur insets: overscan=[0,0][0,0] content=[0,75][0,0] visible=[0,75][0,0]
03-11 16:25:40.961 W/WindowManager(  776): Lst insets: overscan=[0,0][0,0] content=[0,75][0,0] visible=[0,75][0,0]
03-11 16:25:40.961 W/WindowManager(  776): WindowStateAnimator{6627d310 com.android.helloworldminimal/com.android.helloworldminimal.HelloWorld}:
03-11 16:25:40.961 W/WindowManager(  776):   mSurface=Surface(name=com.android.helloworldminimal/com.android.helloworldminimal.HelloWorld)
03-11 16:25:40.961 W/WindowManager(  776):   mDrawState=HAS_DRAWN mLastHidden=true
03-11 16:25:40.961 W/WindowManager(  776):   Surface: shown=false layer=21005 alpha=0.0 rect=(0.0,0.0) 1080.0 x 1776.0
03-11 16:25:40.961 W/WindowManager(  776):   mShownAlpha=1.0 mAlpha=1.0 mLastAlpha=-1.0
03-11 16:25:40.961 W/WindowManager(  776): Current app token list:
03-11 16:25:40.961 V/WindowManager(  776):   Display 0
03-11 16:25:40.961 V/WindowManager(  776):   #0: Token{65e10000 ActivityRecord{65e0eea8 u0 com.google.android.googlequicksearchbox/com.google.android.launcher.GEL t1}}
03-11 16:25:40.961 W/WindowManager(  776): Final window list:
03-11 16:25:40.961 V/WindowManager(  776):   #0: Window{65d88d80 u0 SearchPanel}
03-11 16:25:40.961 V/WindowManager(  776):   #1: Window{65a4bd20 u0 NavigationBar}
03-11 16:25:40.961 V/WindowManager(  776):   #2: Window{658f02b8 u0 StatusBar}
03-11 16:25:40.961 V/WindowManager(  776):   #3: Window{65a59468 u0 Keyguard}
03-11 16:25:40.961 V/WindowManager(  776):   #4: Window{65cdb0d0 u0 KeyguardScrim}
03-11 16:25:40.961 V/WindowManager(  776):   #5: Window{6563f2e8 u0 com.google.android.googlequicksearchbox/com.google.android.launcher.GEL}
03-11 16:25:40.961 V/WindowManager(  776):   #6: Window{65e14e98 u0 com.android.systemui.ImageWallpaper}
03-11 16:25:40.971 D/Documents( 3723): Used cached roots for com.android.providers.downloads.documents
03-11 16:25:40.971 I/WindowState(  776): WIN DEATH: Window{65f0a938 u0 com.android.helloworldminimal/com.android.helloworldminimal.HelloWorld}
03-11 16:25:40.981 D/PackageBroadcastService( 1255): Received broadcast action=android.intent.action.PACKAGE_DATA_CLEARED and uri=com.android.helloworldminimal
03-11 16:25:40.981 D/Documents( 3723): Used cached roots for com.android.externalstorage.documents
03-11 16:25:40.981 D/Documents( 3723): Used cached roots for com.android.providers.media.documents
03-11 16:25:40.981 D/Documents( 3723): Used cached roots for com.google.android.apps.docs.storage
03-11 16:25:40.981 D/Documents( 3723): Update found 7 roots in 13ms
03-11 16:25:40.981 I/Icing   ( 1255): doRemovePackageData com.android.helloworldminimal
03-11 16:25:40.981 D/AndroidRuntime( 4478): Shutting down VM
03-11 16:25:42.441 D/AndroidRuntime( 4512): 
03-11 16:25:42.441 D/AndroidRuntime( 4512): >>>>>> AndroidRuntime START com.android.internal.os.RuntimeInit <<<<<<
03-11 16:25:42.441 D/AndroidRuntime( 4512): CheckJNI is OFF
03-11 16:25:42.441 E/art     ( 4512): Unrecognized option -XX:mainThreadStackSize=24K
03-11 16:25:42.441 W/art     ( 4512): Ignoring unknown -Xgc option: precise
03-11 16:25:42.471 W/art     ( 4512): Failed to find ELF magic in /system/framework/am.odex: dey
03-11 16:25:42.511 W/art     ( 4512): JNI RegisterNativeMethods: attempt to register 0 native methods for android.content.res.Configuration
03-11 16:25:42.511 D/AndroidRuntime( 4512): Calling main entry com.android.commands.am.Am
03-11 16:25:42.511 I/ActivityManager(  776): START u0 {flg=0x10000000 cmp=com.android.helloworldminimal/.HelloWorld} from pid 4512
03-11 16:25:42.821 D/AndroidRuntime( 4512): Shutting down VM
03-11 16:25:42.821 I/WindowManager(  776): Screenshot max retries 4 of Token{65e10000 ActivityRecord{65e0eea8 u0 com.google.android.googlequicksearchbox/com.google.android.launcher.GEL t1}} appWin=Window{6563f2e8 u0 com.google.android.googlequicksearchbox/com.google.android.launcher.GEL} drawState=4
03-11 16:25:42.821 W/WindowManager(  776): Screenshot failure taking screenshot for (1080x1920) to layer 21000
03-11 16:25:42.831 W/art     (  178): Could not get current activity
03-11 16:25:42.831 I/ActivityManager(  776): Start proc com.android.helloworldminimal for activity com.android.helloworldminimal/.HelloWorld: pid=4533 uid=10076 gids={50076}
03-11 16:25:44.571 I/Adreno-EGL( 4533): <qeglDrvAPI_eglInitialize:320>: EGL 1.4 QUALCOMM Build: I0404c4692afb8623f95c43aeb6d5e13ed4b30ddbDate: 11/06/13
03-11 16:25:44.591 D/OpenGLRenderer( 4533): Enabling debug mode 0
03-11 16:25:44.641 I/ActivityManager(  776): Displayed com.android.helloworldminimal/.HelloWorld: +1s826ms
03-11 16:26:03.261 D/AndroidRuntime( 4557): 
03-11 16:26:03.261 D/AndroidRuntime( 4557): >>>>>> AndroidRuntime START com.android.internal.os.RuntimeInit <<<<<<
03-11 16:26:03.261 D/AndroidRuntime( 4557): CheckJNI is OFF
03-11 16:26:03.261 E/art     ( 4557): Unrecognized option -XX:mainThreadStackSize=24K
03-11 16:26:03.261 W/art     ( 4557): Ignoring unknown -Xgc option: precise
03-11 16:26:03.291 W/art     ( 4557): Failed to find ELF magic in /system/framework/pm.odex: dey
03-11 16:26:03.331 W/art     ( 4557): JNI RegisterNativeMethods: attempt to register 0 native methods for android.content.res.Configuration
03-11 16:26:03.331 D/AndroidRuntime( 4557): Calling main entry com.android.commands.pm.Pm
03-11 16:26:03.331 I/ActivityManager(  776): Force stopping com.android.helloworldminimal appid=10076 user=0: clear data
03-11 16:26:03.331 I/ActivityManager(  776): Killing 4533:com.android.helloworldminimal/u0a76 (adj 0): stop com.android.helloworldminimal
03-11 16:26:03.331 W/ActivityManager(  776): Force removing ActivityRecord{657c4420 u0 com.android.helloworldminimal/.HelloWorld t10}: app died, no saved state
03-11 16:26:03.341 E/JavaBinder(  776): !!! FAILED BINDER TRANSACTION !!!
03-11 16:26:03.341 I/WindowState(  776): WIN DEATH: Window{65aa0698 u0 com.android.helloworldminimal/com.android.helloworldminimal.HelloWorld}
03-11 16:26:03.361 D/PackageBroadcastService( 1255): Received broadcast action=android.intent.action.PACKAGE_DATA_CLEARED and uri=com.android.helloworldminimal
03-11 16:26:03.361 D/Documents( 3723): Used cached roots for com.android.providers.downloads.documents
03-11 16:26:03.361 D/Documents( 3723): Used cached roots for com.android.externalstorage.documents
03-11 16:26:03.361 D/Documents( 3723): Used cached roots for com.android.providers.media.documents
03-11 16:26:03.371 D/keystore(  186): calling clear_uid in state: 3
03-11 16:26:03.371 D/Documents( 3723): Used cached roots for com.google.android.apps.docs.storage
03-11 16:26:03.371 D/Documents( 3723): Update found 7 roots in 9ms
03-11 16:26:03.371 I/Icing   ( 1255): doRemovePackageData com.android.helloworldminimal
03-11 16:26:03.371 D/AndroidRuntime( 4557): Shutting down VM
03-11 16:26:04.871 D/AndroidRuntime( 4584): 
03-11 16:26:04.871 D/AndroidRuntime( 4584): >>>>>> AndroidRuntime START com.android.internal.os.RuntimeInit <<<<<<
03-11 16:26:04.871 D/AndroidRuntime( 4584): CheckJNI is OFF
03-11 16:26:04.871 E/art     ( 4584): Unrecognized option -XX:mainThreadStackSize=24K
03-11 16:26:04.871 W/art     ( 4584): Ignoring unknown -Xgc option: precise
03-11 16:26:04.891 W/art     ( 4584): Failed to find ELF magic in /system/framework/am.odex: dey
03-11 16:26:04.931 W/art     ( 4584): JNI RegisterNativeMethods: attempt to register 0 native methods for android.content.res.Configuration
03-11 16:26:04.941 D/AndroidRuntime( 4584): Calling main entry com.android.commands.am.Am
03-11 16:26:04.941 I/ActivityManager(  776): START u0 {flg=0x10000000 cmp=com.android.helloworldminimal/.HelloWorld} from pid 4584
03-11 16:26:05.251 I/WindowManager(  776): Screenshot max retries 4 of Token{65e10000 ActivityRecord{65e0eea8 u0 com.google.android.googlequicksearchbox/com.google.android.launcher.GEL t1}} appWin=Window{6563f2e8 u0 com.google.android.googlequicksearchbox/com.google.android.launcher.GEL} drawState=4
03-11 16:26:05.251 W/WindowManager(  776): Screenshot failure taking screenshot for (1080x1920) to layer 21000
03-11 16:26:05.281 D/AndroidRuntime( 4584): Shutting down VM
03-11 16:26:05.291 W/art     (  178): Could not get current activity
03-11 16:26:05.311 I/ActivityManager(  776): Start proc com.android.helloworldminimal for activity com.android.helloworldminimal/.HelloWorld: pid=4607 uid=10076 gids={50076}
03-11 16:26:05.391 V/BufferedAnalyticsState( 1282): Not ready for upload, 271 seconds left.
03-11 16:26:07.031 I/Adreno-EGL( 4607): <qeglDrvAPI_eglInitialize:320>: EGL 1.4 QUALCOMM Build: I0404c4692afb8623f95c43aeb6d5e13ed4b30ddbDate: 11/06/13
03-11 16:26:07.051 D/OpenGLRenderer( 4607): Enabling debug mode 0
03-11 16:26:07.111 I/ActivityManager(  776): Displayed com.android.helloworldminimal/.HelloWorld: +1s859ms
03-11 16:26:10.461 V/BufferedAnalyticsState( 1282): Not ready for upload, 266 seconds left.
03-11 16:26:25.731 D/AndroidRuntime( 4659): 
03-11 16:26:25.731 D/AndroidRuntime( 4659): >>>>>> AndroidRuntime START com.android.internal.os.RuntimeInit <<<<<<
03-11 16:26:25.731 D/AndroidRuntime( 4659): CheckJNI is OFF
03-11 16:26:25.731 E/art     ( 4659): Unrecognized option -XX:mainThreadStackSize=24K
03-11 16:26:25.731 W/art     ( 4659): Ignoring unknown -Xgc option: precise
03-11 16:26:25.761 W/art     ( 4659): Failed to find ELF magic in /system/framework/pm.odex: dey
03-11 16:26:25.801 W/art     ( 4659): JNI RegisterNativeMethods: attempt to register 0 native methods for android.content.res.Configuration
03-11 16:26:25.801 D/AndroidRuntime( 4659): Calling main entry com.android.commands.pm.Pm
03-11 16:26:25.811 I/ActivityManager(  776): Force stopping com.android.helloworldminimal appid=10076 user=0: clear data
03-11 16:26:25.811 I/ActivityManager(  776): Killing 4607:com.android.helloworldminimal/u0a76 (adj 0): stop com.android.helloworldminimal
03-11 16:26:25.811 W/ActivityManager(  776): Force removing ActivityRecord{65aa1090 u0 com.android.helloworldminimal/.HelloWorld t11}: app died, no saved state
03-11 16:26:25.821 W/WindowManager(  776): Rebuild removed 2 windows but added 1
03-11 16:26:25.821 W/WindowManager(  776): java.lang.RuntimeException: here
03-11 16:26:25.821 W/WindowManager(  776): 	at com.android.server.wm.WindowManagerService.rebuildAppWindowListLocked(WindowManagerService.java:8011)
03-11 16:26:25.821 W/WindowManager(  776): 	at com.android.server.wm.WindowManagerService.rebuildAppWindowListLocked(WindowManagerService.java:7947)
03-11 16:26:25.821 W/WindowManager(  776): 	at com.android.server.wm.WindowManagerService.handleAppTransitionReadyLocked(WindowManagerService.java:8430)
03-11 16:26:25.821 W/WindowManager(  776): 	at com.android.server.wm.WindowManagerService.performLayoutAndPlaceSurfacesLockedInner(WindowManagerService.java:9193)
03-11 16:26:25.821 W/WindowManager(  776): 	at com.android.server.wm.WindowManagerService.performLayoutAndPlaceSurfacesLockedLoop(WindowManagerService.java:8163)
03-11 16:26:25.821 W/WindowManager(  776): 	at com.android.server.wm.WindowManagerService.performLayoutAndPlaceSurfacesLocked(WindowManagerService.java:8105)
03-11 16:26:25.821 W/WindowManager(  776): 	at com.android.server.wm.WindowManagerService.executeAppTransition(WindowManagerService.java:3918)
03-11 16:26:25.821 W/WindowManager(  776): 	at com.android.server.am.ActivityStackSupervisor.reportResumedActivityLocked(ActivityStackSupervisor.java:2241)
03-11 16:26:25.821 W/WindowManager(  776): 	at com.android.server.am.ActivityStack.completeResumeLocked(ActivityStack.java:968)
03-11 16:26:25.821 W/WindowManager(  776): 	at com.android.server.am.ActivityStack.resumeTopActivityLocked(ActivityStack.java:1631)
03-11 16:26:25.821 W/WindowManager(  776): 	at com.android.server.am.ActivityStackSupervisor.resumeTopActivitiesLocked(ActivityStackSupervisor.java:2022)
03-11 16:26:25.821 W/WindowManager(  776): 	at com.android.server.am.ActivityStackSupervisor.resumeTopActivitiesLocked(ActivityStackSupervisor.java:2009)
03-11 16:26:25.821 W/WindowManager(  776): 	at com.android.server.am.ActivityManagerService.forceStopPackageLocked(ActivityManagerService.java:4750)
03-11 16:26:25.821 W/WindowManager(  776): 	at com.android.server.am.ActivityManagerService.forceStopPackageLocked(ActivityManagerService.java:4496)
03-11 16:26:25.821 W/WindowManager(  776): 	at com.android.server.am.ActivityManagerService.clearApplicationUserData(ActivityManagerService.java:4176)
03-11 16:26:25.821 W/WindowManager(  776): 	at android.app.ActivityManagerNative.onTransact(ActivityManagerNative.java:1114)
03-11 16:26:25.821 W/WindowManager(  776): 	at com.android.server.am.ActivityManagerService.onTransact(ActivityManagerService.java:2071)
03-11 16:26:25.821 W/WindowManager(  776): 	at android.os.Binder.execTransact(Binder.java:404)
03-11 16:26:25.821 W/WindowManager(  776): This window was lost: Window{65c122a0 u0 com.android.helloworldminimal/com.android.helloworldminimal.HelloWorld}
03-11 16:26:25.821 W/WindowManager(  776): mDisplayId=0 mSession=Session{65ea96d8 4607:u0a10076} mClient=android.os.BinderProxy@65ea97d0
03-11 16:26:25.821 W/WindowManager(  776): mOwnerUid=10076 mShowToOwnerOnly=true package=com.android.helloworldminimal appop=NONE
03-11 16:26:25.821 W/WindowManager(  776): mAttrs=WM.LayoutParams{(0,0)(fillxfill) sim=#120 ty=1 fl=#1810100 pfl=0x8 wanim=0x10302f5}
03-11 16:26:25.821 W/WindowManager(  776): Requested w=1080 h=1776 mLayoutSeq=225
03-11 16:26:25.821 W/WindowManager(  776): mBaseLayer=21000 mSubLayer=0 mAnimLayer=21005+0=21005 mLastLayer=0
03-11 16:26:25.821 W/WindowManager(  776): mToken=AppWindowToken{65de6878 token=Token{65602a80 ActivityRecord{65aa1090 u0 com.android.helloworldminimal/.HelloWorld t11}}}
03-11 16:26:25.821 W/WindowManager(  776): mRootToken=AppWindowToken{65de6878 token=Token{65602a80 ActivityRecord{65aa1090 u0 com.android.helloworldminimal/.HelloWorld t11}}}
03-11 16:26:25.821 W/WindowManager(  776): mAppToken=AppWindowToken{65de6878 token=Token{65602a80 ActivityRecord{65aa1090 u0 com.android.helloworldminimal/.HelloWorld t11}}}
03-11 16:26:25.821 W/WindowManager(  776): mViewVisibility=0x0 mHaveFrame=true mObscured=true
03-11 16:26:25.821 W/WindowManager(  776): mSeq=0 mSystemUiVisibility=0x0
03-11 16:26:25.821 W/WindowManager(  776): mPolicyVisibility=false mPolicyVisibilityAfterAnim=false mAppOpVisibility=true mAttachedHidden=false
03-11 16:26:25.821 W/WindowManager(  776): mGivenContentInsets=[0,0][0,0] mGivenVisibleInsets=[0,0][0,0]
03-11 16:26:25.821 W/WindowManager(  776): mConfiguration={1.0 244mcc21mnc en_US ldltr sw360dp w360dp h567dp 480dpi nrml port finger -keyb/v/h -nav/h s.5}
03-11 16:26:25.821 W/WindowManager(  776): mHasSurface=true mShownFrame=[0.0,0.0][1080.0,1776.0] isReadyForDisplay()=false
03-11 16:26:25.821 W/WindowManager(  776): mFrame=[0,0][1080,1776] last=[0,0][1080,1776]
03-11 16:26:25.821 W/WindowManager(  776): mSystemDecorRect=[0,0][1080,1776] last=[0,0][1080,1776]
03-11 16:26:25.821 W/WindowManager(  776): Frames: containing=[0,0][1080,1776] parent=[0,0][1080,1776]
03-11 16:26:25.821 W/WindowManager(  776):     display=[0,0][1080,1776] overscan=[0,0][1080,1920]
03-11 16:26:25.821 W/WindowManager(  776):     content=[0,75][1080,1776] visible=[0,75][1080,1776]
03-11 16:26:25.821 W/WindowManager(  776):     decor=[0,0][1080,1920]
03-11 16:26:25.821 W/WindowManager(  776): Cur insets: overscan=[0,0][0,0] content=[0,75][0,0] visible=[0,75][0,0]
03-11 16:26:25.821 W/WindowManager(  776): Lst insets: overscan=[0,0][0,0] content=[0,75][0,0] visible=[0,75][0,0]
03-11 16:26:25.821 W/WindowManager(  776): WindowStateAnimator{6614e880 com.android.helloworldminimal/com.android.helloworldminimal.HelloWorld}:
03-11 16:26:25.821 W/WindowManager(  776):   mSurface=Surface(name=com.android.helloworldminimal/com.android.helloworldminimal.HelloWorld)
03-11 16:26:25.821 W/WindowManager(  776):   mDrawState=HAS_DRAWN mLastHidden=true
03-11 16:26:25.821 W/WindowManager(  776):   Surface: shown=false layer=21005 alpha=0.0 rect=(0.0,0.0) 1080.0 x 1776.0
03-11 16:26:25.821 W/WindowManager(  776):   mShownAlpha=1.0 mAlpha=1.0 mLastAlpha=-1.0
03-11 16:26:25.821 W/WindowManager(  776): Current app token list:
03-11 16:26:25.821 V/WindowManager(  776):   Display 0
03-11 16:26:25.821 V/WindowManager(  776):   #0: Token{65e10000 ActivityRecord{65e0eea8 u0 com.google.android.googlequicksearchbox/com.google.android.launcher.GEL t1}}
03-11 16:26:25.821 W/WindowManager(  776): Final window list:
03-11 16:26:25.821 V/WindowManager(  776):   #0: Window{65d88d80 u0 SearchPanel}
03-11 16:26:25.821 V/WindowManager(  776):   #1: Window{65a4bd20 u0 NavigationBar}
03-11 16:26:25.821 V/WindowManager(  776):   #2: Window{658f02b8 u0 StatusBar}
03-11 16:26:25.821 V/WindowManager(  776):   #3: Window{65a59468 u0 Keyguard}
03-11 16:26:25.821 V/WindowManager(  776):   #4: Window{65cdb0d0 u0 KeyguardScrim}
03-11 16:26:25.821 V/WindowManager(  776):   #5: Window{6563f2e8 u0 com.google.android.googlequicksearchbox/com.google.android.launcher.GEL}
03-11 16:26:25.821 V/WindowManager(  776):   #6: Window{65e14e98 u0 com.android.systemui.ImageWallpaper}
03-11 16:26:25.831 I/WindowState(  776): WIN DEATH: Window{65c122a0 u0 com.android.helloworldminimal/com.android.helloworldminimal.HelloWorld}
03-11 16:26:25.841 D/keystore(  186): calling clear_uid in state: 3
03-11 16:26:25.841 D/PackageBroadcastService( 1255): Received broadcast action=android.intent.action.PACKAGE_DATA_CLEARED and uri=com.android.helloworldminimal
03-11 16:26:25.841 I/Icing   ( 1255): doRemovePackageData com.android.helloworldminimal
03-11 16:26:25.851 D/Documents( 3723): Used cached roots for com.android.providers.downloads.documents
03-11 16:26:25.851 D/Documents( 3723): Used cached roots for com.android.externalstorage.documents
03-11 16:26:25.851 D/Documents( 3723): Used cached roots for com.android.providers.media.documents
03-11 16:26:25.851 D/Documents( 3723): Used cached roots for com.google.android.apps.docs.storage
03-11 16:26:25.851 D/Documents( 3723): Update found 7 roots in 9ms
03-11 16:26:25.851 D/AndroidRuntime( 4659): Shutting down VM
