03-11 16:23:26.371 I/WindowState(  776): WIN DEATH: Window{65ac0b40 u0 com.android.helloworldminimal/com.android.helloworldminimal.HelloWorld}
03-11 16:23:26.381 D/keystore(  186): calling clear_uid in state: 3
03-11 16:23:26.381 D/Documents( 3723): Used cached roots for com.android.providers.downloads.documents
03-11 16:23:26.381 D/Documents( 3723): Used cached roots for com.android.externalstorage.documents
03-11 16:23:26.381 D/Documents( 3723): Used cached roots for com.android.providers.media.documents
03-11 16:23:26.381 D/Documents( 3723): Used cached roots for com.google.android.apps.docs.storage
03-11 16:23:26.381 D/Documents( 3723): Update found 7 roots in 2ms
03-11 16:23:26.381 D/PackageBroadcastService( 1255): Received broadcast action=android.intent.action.PACKAGE_DATA_CLEARED and uri=com.android.helloworldminimal
03-11 16:23:26.391 I/Icing   ( 1255): doRemovePackageData com.android.helloworldminimal
03-11 16:23:26.391 D/AndroidRuntime( 3899): Shutting down VM
03-11 16:23:27.891 D/AndroidRuntime( 3927): 
03-11 16:23:27.891 D/AndroidRuntime( 3927): >>>>>> AndroidRuntime START com.android.internal.os.RuntimeInit <<<<<<
03-11 16:23:27.891 D/AndroidRuntime( 3927): CheckJNI is OFF
03-11 16:23:27.891 E/art     ( 3927): Unrecognized option -XX:mainThreadStackSize=24K
03-11 16:23:27.891 W/art     ( 3927): Ignoring unknown -Xgc option: precise
03-11 16:23:27.911 W/art     ( 3927): Failed to find ELF magic in /system/framework/am.odex: dey
03-11 16:23:27.951 W/art     ( 3927): JNI RegisterNativeMethods: attempt to register 0 native methods for android.content.res.Configuration
03-11 16:23:27.961 D/AndroidRuntime( 3927): Calling main entry com.android.commands.am.Am
03-11 16:23:27.961 I/ActivityManager(  776): START u0 {flg=0x10000000 cmp=com.android.helloworldminimal/.HelloWorld} from pid 3927
03-11 16:23:28.261 D/AndroidRuntime( 3927): Shutting down VM
03-11 16:23:28.261 I/WindowManager(  776): Screenshot max retries 4 of Token{65e10000 ActivityRecord{65e0eea8 u0 com.google.android.googlequicksearchbox/com.google.android.launcher.GEL t1}} appWin=Window{6563f2e8 u0 com.google.android.googlequicksearchbox/com.google.android.launcher.GEL} drawState=4
03-11 16:23:28.261 W/WindowManager(  776): Screenshot failure taking screenshot for (1080x1920) to layer 21000
03-11 16:23:28.281 W/art     (  178): Could not get current activity
03-11 16:23:28.291 I/ActivityManager(  776): Start proc com.android.helloworldminimal for activity com.android.helloworldminimal/.HelloWorld: pid=3948 uid=10076 gids={50076}
03-11 16:23:29.991 I/Adreno-EGL( 3948): <qeglDrvAPI_eglInitialize:320>: EGL 1.4 QUALCOMM Build: I0404c4692afb8623f95c43aeb6d5e13ed4b30ddbDate: 11/06/13
03-11 16:23:30.021 D/OpenGLRenderer( 3948): Enabling debug mode 0
03-11 16:23:30.061 I/ActivityManager(  776): Displayed com.android.helloworldminimal/.HelloWorld: +1s799ms
03-11 16:23:36.511 V/QcrilMsgTunnelSocket( 2147): After reading offset = 0 remaining = 4 countRead = 4
03-11 16:23:36.511 D/QcrilMsgTunnelSocket( 2147): messageLength extracted from first 4 inputStream reads = 29
03-11 16:23:36.511 V/QcrilMsgTunnelSocket( 2147): offset = 0 remaining = 29 countRead = 0
03-11 16:23:36.541 V/QcrilMsgTunnelSocket( 2147): offset = 0 remaining = 29 countRead = 29
03-11 16:23:36.541 D/QcrilMsgTunnelSocket( 2147): readRilMessage: Buffer = [B@6552cb58 HexData = [0100000004040000110000005155414c434f4d4def0308000100000001]
03-11 16:23:36.541 V/QcrilMsgTunnelSocket( 2147): Read packet: 29 bytes. Data Available = 32 Position = 0
03-11 16:23:36.541 D/QcrilMsgTunnelSocket( 2147): processResponse. message type = 1. Data Available = 28
03-11 16:23:36.541 D/QcrilMsgTunnelSocket( 2147): ByteArray from parcel = 5155414c434f4d4def0308000100000001
03-11 16:23:36.541 D/QcrilMsgTunnelSocket( 2147): Received RIL_UNSOL_OEM_HOOK_RAW message
03-11 16:23:36.541 D/QcrilMsgTunnelSocket( 2147): Oem ID in RIL_UNSOL_OEM_HOOK_RAW is QUALCOMM
03-11 16:23:36.541 D/QcrilMsgTunnelSocket( 2147): OEM ID check Passed
03-11 16:23:36.541 D/QcrilMsgTunnelSocket( 2147): Response ID in RIL_UNSOL_OEM_HOOK_RAW is 525295
03-11 16:23:36.541 D/QcrilMsgTunnelSocket( 2147): Response ID 525295is not served in this process.
03-11 16:23:36.541 D/QcrilMsgTunnelSocket( 2147): To broadcast an Intent via the notifier to external apps
03-11 16:23:36.541 V/QcrilMsgTunnelSocket( 2147): Before reading offset = 0 remaining = 4 countRead = 0
03-11 16:23:36.541 V/QcrilMsgTunnelSocket( 2147): After reading offset = 0 remaining = 4 countRead = 4
03-11 16:23:36.541 D/QcrilMsgTunnelSocket( 2147): messageLength extracted from first 4 inputStream reads = 29
03-11 16:23:36.541 V/QcrilMsgTunnelSocket( 2147): offset = 0 remaining = 29 countRead = 0
03-11 16:23:36.541 D/QcrilMsgTunnelIfaceManager( 2147): handleMessage what=0
03-11 16:23:36.541 D/QcrilMsgTunnelIfaceManager( 2147): Broadcasting intent ACTION_UNSOL_RESPONSE_OEM_HOOK_RAW
03-11 16:23:36.541 V/QcrilMsgTunnelSocket( 2147): offset = 0 remaining = 29 countRead = 29
03-11 16:23:36.541 D/QcrilMsgTunnelSocket( 2147): readRilMessage: Buffer = [B@6552cb58 HexData = [0100000004040000110000005155414c434f4d4def0308000100000001]
03-11 16:23:36.541 V/QcrilMsgTunnelSocket( 2147): Read packet: 29 bytes. Data Available = 32 Position = 0
03-11 16:23:36.541 D/QcrilMsgTunnelSocket( 2147): processResponse. message type = 1. Data Available = 28
03-11 16:23:36.541 D/QcrilMsgTunnelSocket( 2147): ByteArray from parcel = 5155414c434f4d4def0308000100000001
03-11 16:23:36.541 D/QcrilMsgTunnelSocket( 2147): Received RIL_UNSOL_OEM_HOOK_RAW message
03-11 16:23:36.541 D/QcrilMsgTunnelSocket( 2147): Oem ID in RIL_UNSOL_OEM_HOOK_RAW is QUALCOMM
03-11 16:23:36.541 D/QcrilMsgTunnelSocket( 2147): OEM ID check Passed
03-11 16:23:36.541 D/QcrilMsgTunnelSocket( 2147): Response ID in RIL_UNSOL_OEM_HOOK_RAW is 525295
03-11 16:23:36.541 D/QcrilMsgTunnelSocket( 2147): Response ID 525295is not served in this process.
03-11 16:23:36.541 D/QcrilMsgTunnelSocket( 2147): To broadcast an Intent via the notifier to external apps
03-11 16:23:36.541 V/QcrilMsgTunnelSocket( 2147): Before reading offset = 0 remaining = 4 countRead = 0
03-11 16:23:36.541 V/QcrilMsgTunnelSocket( 2147): After reading offset = 0 remaining = 4 countRead = 4
03-11 16:23:36.541 D/QcrilMsgTunnelSocket( 2147): messageLength extracted from first 4 inputStream reads = 29
03-11 16:23:36.541 V/QcrilMsgTunnelSocket( 2147): offset = 0 remaining = 29 countRead = 0
03-11 16:23:36.551 D/MobileDataStateTracker(  776): default: Broadcast received: android.intent.action.ANY_DATA_STATE apnType=default
03-11 16:23:36.551 D/MobileDataStateTracker(  776): default: Received state=CONNECTED, old=CONNECTED, reason=(unspecified)
03-11 16:23:36.561 D/QcrilMsgTunnelIfaceManager( 2147): handleMessage what=0
03-11 16:23:36.561 D/QcrilMsgTunnelIfaceManager( 2147): Broadcasting intent ACTION_UNSOL_RESPONSE_OEM_HOOK_RAW
03-11 16:23:36.571 V/QcrilMsgTunnelSocket( 2147): offset = 0 remaining = 29 countRead = 29
03-11 16:23:36.571 D/QcrilMsgTunnelSocket( 2147): readRilMessage: Buffer = [B@6552cb58 HexData = [0100000004040000110000005155414c434f4d4def0308000100000001]
03-11 16:23:36.571 V/QcrilMsgTunnelSocket( 2147): Read packet: 29 bytes. Data Available = 32 Position = 0
03-11 16:23:36.571 D/QcrilMsgTunnelSocket( 2147): processResponse. message type = 1. Data Available = 28
03-11 16:23:36.571 D/QcrilMsgTunnelSocket( 2147): ByteArray from parcel = 5155414c434f4d4def0308000100000001
03-11 16:23:36.571 D/QcrilMsgTunnelSocket( 2147): Received RIL_UNSOL_OEM_HOOK_RAW message
03-11 16:23:36.571 D/QcrilMsgTunnelSocket( 2147): Oem ID in RIL_UNSOL_OEM_HOOK_RAW is QUALCOMM
03-11 16:23:36.571 D/QcrilMsgTunnelSocket( 2147): OEM ID check Passed
03-11 16:23:36.571 D/QcrilMsgTunnelSocket( 2147): Response ID in RIL_UNSOL_OEM_HOOK_RAW is 525295
03-11 16:23:36.571 D/QcrilMsgTunnelSocket( 2147): Response ID 525295is not served in this process.
03-11 16:23:36.571 D/QcrilMsgTunnelSocket( 2147): To broadcast an Intent via the notifier to external apps
03-11 16:23:36.571 V/QcrilMsgTunnelSocket( 2147): Before reading offset = 0 remaining = 4 countRead = 0
03-11 16:23:36.571 D/QcrilMsgTunnelIfaceManager( 2147): handleMessage what=0
03-11 16:23:36.571 D/QcrilMsgTunnelIfaceManager( 2147): Broadcasting intent ACTION_UNSOL_RESPONSE_OEM_HOOK_RAW
03-11 16:23:36.911 V/QcrilMsgTunnelSocket( 2147): After reading offset = 0 remaining = 4 countRead = 4
03-11 16:23:36.911 D/QcrilMsgTunnelSocket( 2147): messageLength extracted from first 4 inputStream reads = 29
03-11 16:23:36.911 V/QcrilMsgTunnelSocket( 2147): offset = 0 remaining = 29 countRead = 0
03-11 16:23:36.961 V/QcrilMsgTunnelSocket( 2147): offset = 0 remaining = 29 countRead = 29
03-11 16:23:36.961 D/QcrilMsgTunnelSocket( 2147): readRilMessage: Buffer = [B@6552cb58 HexData = [0100000004040000110000005155414c434f4d4def0308000100000001]
03-11 16:23:36.961 V/QcrilMsgTunnelSocket( 2147): Read packet: 29 bytes. Data Available = 32 Position = 0
03-11 16:23:36.961 D/QcrilMsgTunnelSocket( 2147): processResponse. message type = 1. Data Available = 28
03-11 16:23:36.961 D/QcrilMsgTunnelSocket( 2147): ByteArray from parcel = 5155414c434f4d4def0308000100000001
03-11 16:23:36.961 D/QcrilMsgTunnelSocket( 2147): Received RIL_UNSOL_OEM_HOOK_RAW message
03-11 16:23:36.961 D/QcrilMsgTunnelSocket( 2147): Oem ID in RIL_UNSOL_OEM_HOOK_RAW is QUALCOMM
03-11 16:23:36.961 D/QcrilMsgTunnelSocket( 2147): OEM ID check Passed
03-11 16:23:36.961 D/QcrilMsgTunnelSocket( 2147): Response ID in RIL_UNSOL_OEM_HOOK_RAW is 525295
03-11 16:23:36.961 D/QcrilMsgTunnelSocket( 2147): Response ID 525295is not served in this process.
03-11 16:23:36.961 D/QcrilMsgTunnelSocket( 2147): To broadcast an Intent via the notifier to external apps
03-11 16:23:36.961 V/QcrilMsgTunnelSocket( 2147): Before reading offset = 0 remaining = 4 countRead = 0
03-11 16:23:36.961 D/QcrilMsgTunnelIfaceManager( 2147): handleMessage what=0
03-11 16:23:36.961 D/QcrilMsgTunnelIfaceManager( 2147): Broadcasting intent ACTION_UNSOL_RESPONSE_OEM_HOOK_RAW
03-11 16:23:41.061 V/QcrilMsgTunnelSocket( 2147): After reading offset = 0 remaining = 4 countRead = 4
03-11 16:23:41.061 D/QcrilMsgTunnelSocket( 2147): messageLength extracted from first 4 inputStream reads = 29
03-11 16:23:41.061 V/QcrilMsgTunnelSocket( 2147): offset = 0 remaining = 29 countRead = 0
03-11 16:23:41.061 V/QcrilMsgTunnelSocket( 2147): offset = 0 remaining = 29 countRead = 29
03-11 16:23:41.061 D/QcrilMsgTunnelSocket( 2147): readRilMessage: Buffer = [B@6552cb58 HexData = [0100000004040000110000005155414c434f4d4def0308000100000002]
03-11 16:23:41.061 V/QcrilMsgTunnelSocket( 2147): Read packet: 29 bytes. Data Available = 32 Position = 0
03-11 16:23:41.061 D/QcrilMsgTunnelSocket( 2147): processResponse. message type = 1. Data Available = 28
03-11 16:23:41.061 D/QcrilMsgTunnelSocket( 2147): ByteArray from parcel = 5155414c434f4d4def0308000100000002
03-11 16:23:41.061 D/QcrilMsgTunnelSocket( 2147): Received RIL_UNSOL_OEM_HOOK_RAW message
03-11 16:23:41.061 D/QcrilMsgTunnelSocket( 2147): Oem ID in RIL_UNSOL_OEM_HOOK_RAW is QUALCOMM
03-11 16:23:41.061 D/QcrilMsgTunnelSocket( 2147): OEM ID check Passed
03-11 16:23:41.061 D/QcrilMsgTunnelSocket( 2147): Response ID in RIL_UNSOL_OEM_HOOK_RAW is 525295
03-11 16:23:41.061 D/QcrilMsgTunnelSocket( 2147): Response ID 525295is not served in this process.
03-11 16:23:41.061 D/QcrilMsgTunnelSocket( 2147): To broadcast an Intent via the notifier to external apps
03-11 16:23:41.061 V/QcrilMsgTunnelSocket( 2147): Before reading offset = 0 remaining = 4 countRead = 0
03-11 16:23:41.061 D/QcrilMsgTunnelIfaceManager( 2147): handleMessage what=0
03-11 16:23:41.061 D/QcrilMsgTunnelIfaceManager( 2147): Broadcasting intent ACTION_UNSOL_RESPONSE_OEM_HOOK_RAW
03-11 16:23:41.071 D/MobileDataStateTracker(  776): default: Broadcast received: android.intent.action.ANY_DATA_STATE apnType=default
03-11 16:23:41.071 D/MobileDataStateTracker(  776): default: Received state=CONNECTED, old=CONNECTED, reason=(unspecified)
03-11 16:23:41.141 V/QcrilMsgTunnelSocket( 2147): After reading offset = 0 remaining = 4 countRead = 4
03-11 16:23:41.141 D/QcrilMsgTunnelSocket( 2147): messageLength extracted from first 4 inputStream reads = 29
03-11 16:23:41.141 V/QcrilMsgTunnelSocket( 2147): offset = 0 remaining = 29 countRead = 0
03-11 16:23:41.141 V/QcrilMsgTunnelSocket( 2147): offset = 0 remaining = 29 countRead = 29
03-11 16:23:41.141 D/QcrilMsgTunnelSocket( 2147): readRilMessage: Buffer = [B@6552cb58 HexData = [0100000004040000110000005155414c434f4d4def0308000100000002]
03-11 16:23:41.141 V/QcrilMsgTunnelSocket( 2147): Read packet: 29 bytes. Data Available = 32 Position = 0
03-11 16:23:41.141 D/QcrilMsgTunnelSocket( 2147): processResponse. message type = 1. Data Available = 28
03-11 16:23:41.141 D/QcrilMsgTunnelSocket( 2147): ByteArray from parcel = 5155414c434f4d4def0308000100000002
03-11 16:23:41.141 D/QcrilMsgTunnelSocket( 2147): Received RIL_UNSOL_OEM_HOOK_RAW message
03-11 16:23:41.141 D/QcrilMsgTunnelSocket( 2147): Oem ID in RIL_UNSOL_OEM_HOOK_RAW is QUALCOMM
03-11 16:23:41.141 D/QcrilMsgTunnelSocket( 2147): OEM ID check Passed
03-11 16:23:41.141 D/QcrilMsgTunnelSocket( 2147): Response ID in RIL_UNSOL_OEM_HOOK_RAW is 525295
03-11 16:23:41.141 D/QcrilMsgTunnelSocket( 2147): Response ID 525295is not served in this process.
03-11 16:23:41.141 D/QcrilMsgTunnelSocket( 2147): To broadcast an Intent via the notifier to external apps
03-11 16:23:41.141 V/QcrilMsgTunnelSocket( 2147): Before reading offset = 0 remaining = 4 countRead = 0
03-11 16:23:41.141 D/QcrilMsgTunnelIfaceManager( 2147): handleMessage what=0
03-11 16:23:41.141 D/QcrilMsgTunnelIfaceManager( 2147): Broadcasting intent ACTION_UNSOL_RESPONSE_OEM_HOOK_RAW
03-11 16:23:41.391 V/QcrilMsgTunnelSocket( 2147): After reading offset = 0 remaining = 4 countRead = 4
03-11 16:23:41.391 D/QcrilMsgTunnelSocket( 2147): messageLength extracted from first 4 inputStream reads = 29
03-11 16:23:41.391 V/QcrilMsgTunnelSocket( 2147): offset = 0 remaining = 29 countRead = 0
03-11 16:23:41.391 V/QcrilMsgTunnelSocket( 2147): offset = 0 remaining = 29 countRead = 29
03-11 16:23:41.391 D/QcrilMsgTunnelSocket( 2147): readRilMessage: Buffer = [B@6552cb58 HexData = [0100000004040000110000005155414c434f4d4def0308000100000002]
03-11 16:23:41.391 V/QcrilMsgTunnelSocket( 2147): Read packet: 29 bytes. Data Available = 32 Position = 0
03-11 16:23:41.391 D/QcrilMsgTunnelSocket( 2147): processResponse. message type = 1. Data Available = 28
03-11 16:23:41.391 D/QcrilMsgTunnelSocket( 2147): ByteArray from parcel = 5155414c434f4d4def0308000100000002
03-11 16:23:41.391 D/QcrilMsgTunnelSocket( 2147): Received RIL_UNSOL_OEM_HOOK_RAW message
03-11 16:23:41.391 D/QcrilMsgTunnelSocket( 2147): Oem ID in RIL_UNSOL_OEM_HOOK_RAW is QUALCOMM
03-11 16:23:41.391 D/QcrilMsgTunnelSocket( 2147): OEM ID check Passed
03-11 16:23:41.391 D/QcrilMsgTunnelSocket( 2147): Response ID in RIL_UNSOL_OEM_HOOK_RAW is 525295
03-11 16:23:41.391 D/QcrilMsgTunnelSocket( 2147): Response ID 525295is not served in this process.
03-11 16:23:41.391 D/QcrilMsgTunnelSocket( 2147): To broadcast an Intent via the notifier to external apps
03-11 16:23:41.391 V/QcrilMsgTunnelSocket( 2147): Before reading offset = 0 remaining = 4 countRead = 0
03-11 16:23:41.391 D/QcrilMsgTunnelIfaceManager( 2147): handleMessage what=0
03-11 16:23:41.391 D/QcrilMsgTunnelIfaceManager( 2147): Broadcasting intent ACTION_UNSOL_RESPONSE_OEM_HOOK_RAW
03-11 16:23:41.511 W/ProcessCpuTracker(  776): Skipping unknown process pid 4030
03-11 16:23:41.511 W/ProcessCpuTracker(  776): Skipping unknown process pid 4033
03-11 16:23:41.511 W/ProcessCpuTracker(  776): Skipping unknown process pid 4035
03-11 16:23:41.511 W/ProcessCpuTracker(  776): Skipping unknown process pid 4036
03-11 16:23:41.511 W/ProcessCpuTracker(  776): Skipping unknown process pid 4040
03-11 16:23:41.511 W/ProcessCpuTracker(  776): Skipping unknown process pid 4042
03-11 16:23:41.511 W/ProcessCpuTracker(  776): Skipping unknown process pid 4049
03-11 16:23:41.511 W/ProcessCpuTracker(  776): Skipping unknown process pid 4051
03-11 16:23:48.711 D/AndroidRuntime( 4057): 
03-11 16:23:48.711 D/AndroidRuntime( 4057): >>>>>> AndroidRuntime START com.android.internal.os.RuntimeInit <<<<<<
03-11 16:23:48.711 D/AndroidRuntime( 4057): CheckJNI is OFF
03-11 16:23:48.711 E/art     ( 4057): Unrecognized option -XX:mainThreadStackSize=24K
03-11 16:23:48.711 W/art     ( 4057): Ignoring unknown -Xgc option: precise
03-11 16:23:48.741 W/art     ( 4057): Failed to find ELF magic in /system/framework/pm.odex: dey
03-11 16:23:48.781 W/art     ( 4057): JNI RegisterNativeMethods: attempt to register 0 native methods for android.content.res.Configuration
03-11 16:23:48.781 D/AndroidRuntime( 4057): Calling main entry com.android.commands.pm.Pm
03-11 16:23:48.781 I/ActivityManager(  776): Force stopping com.android.helloworldminimal appid=10076 user=0: clear data
03-11 16:23:48.791 W/InputDispatcher(  776): channel '65b36488 com.android.helloworldminimal/com.android.helloworldminimal.HelloWorld (server)' ~ Consumer closed input channel or an error occurred.  events=0x9
03-11 16:23:48.791 E/InputDispatcher(  776): channel '65b36488 com.android.helloworldminimal/com.android.helloworldminimal.HelloWorld (server)' ~ Channel is unrecoverably broken and will be disposed!
03-11 16:23:48.791 I/ActivityManager(  776): Killing 3948:com.android.helloworldminimal/u0a76 (adj 0): stop com.android.helloworldminimal
03-11 16:23:48.791 W/ActivityManager(  776): Force removing ActivityRecord{65b4b150 u0 com.android.helloworldminimal/.HelloWorld t4}: app died, no saved state
03-11 16:23:48.801 W/InputDispatcher(  776): Attempted to unregister already unregistered input channel '65b36488 com.android.helloworldminimal/com.android.helloworldminimal.HelloWorld (server)'
03-11 16:23:48.801 I/WindowState(  776): WIN DEATH: Window{65b36488 u0 com.android.helloworldminimal/com.android.helloworldminimal.HelloWorld}
03-11 16:23:48.811 D/Documents( 3723): Used cached roots for com.android.providers.downloads.documents
03-11 16:23:48.811 D/Documents( 3723): Used cached roots for com.android.externalstorage.documents
03-11 16:23:48.811 D/Documents( 3723): Used cached roots for com.android.providers.media.documents
03-11 16:23:48.811 D/Documents( 3723): Used cached roots for com.google.android.apps.docs.storage
03-11 16:23:48.811 D/Documents( 3723): Update found 7 roots in 2ms
03-11 16:23:48.811 D/keystore(  186): calling clear_uid in state: 3
03-11 16:23:48.811 D/PackageBroadcastService( 1255): Received broadcast action=android.intent.action.PACKAGE_DATA_CLEARED and uri=com.android.helloworldminimal
03-11 16:23:48.821 I/Icing   ( 1255): doRemovePackageData com.android.helloworldminimal
03-11 16:23:48.821 D/AndroidRuntime( 4057): Shutting down VM
03-11 16:23:50.291 D/AndroidRuntime( 4086): 
03-11 16:23:50.291 D/AndroidRuntime( 4086): >>>>>> AndroidRuntime START com.android.internal.os.RuntimeInit <<<<<<
03-11 16:23:50.291 D/AndroidRuntime( 4086): CheckJNI is OFF
03-11 16:23:50.291 E/art     ( 4086): Unrecognized option -XX:mainThreadStackSize=24K
03-11 16:23:50.291 W/art     ( 4086): Ignoring unknown -Xgc option: precise
03-11 16:23:50.311 W/art     ( 4086): Failed to find ELF magic in /system/framework/am.odex: dey
03-11 16:23:50.351 W/art     ( 4086): JNI RegisterNativeMethods: attempt to register 0 native methods for android.content.res.Configuration
03-11 16:23:50.361 D/AndroidRuntime( 4086): Calling main entry com.android.commands.am.Am
03-11 16:23:50.361 I/ActivityManager(  776): START u0 {flg=0x10000000 cmp=com.android.helloworldminimal/.HelloWorld} from pid 4086
03-11 16:23:50.661 I/WindowManager(  776): Screenshot max retries 4 of Token{65e10000 ActivityRecord{65e0eea8 u0 com.google.android.googlequicksearchbox/com.google.android.launcher.GEL t1}} appWin=Window{6563f2e8 u0 com.google.android.googlequicksearchbox/com.google.android.launcher.GEL} drawState=4
03-11 16:23:50.661 W/WindowManager(  776): Screenshot failure taking screenshot for (1080x1920) to layer 21000
03-11 16:23:50.681 D/AndroidRuntime( 4086): Shutting down VM
03-11 16:23:50.691 W/art     (  178): Could not get current activity
03-11 16:23:50.711 I/ActivityManager(  776): Start proc com.android.helloworldminimal for activity com.android.helloworldminimal/.HelloWorld: pid=4120 uid=10076 gids={50076}
03-11 16:23:52.491 I/Adreno-EGL( 4120): <qeglDrvAPI_eglInitialize:320>: EGL 1.4 QUALCOMM Build: I0404c4692afb8623f95c43aeb6d5e13ed4b30ddbDate: 11/06/13
03-11 16:23:52.511 D/OpenGLRenderer( 4120): Enabling debug mode 0
03-11 16:23:52.551 I/ActivityManager(  776): Displayed com.android.helloworldminimal/.HelloWorld: +1s885ms
03-11 16:24:11.151 D/AndroidRuntime( 4151): 
03-11 16:24:11.151 D/AndroidRuntime( 4151): >>>>>> AndroidRuntime START com.android.internal.os.RuntimeInit <<<<<<
03-11 16:24:11.161 D/AndroidRuntime( 4151): CheckJNI is OFF
03-11 16:24:11.161 E/art     ( 4151): Unrecognized option -XX:mainThreadStackSize=24K
03-11 16:24:11.161 W/art     ( 4151): Ignoring unknown -Xgc option: precise
03-11 16:24:11.181 W/art     ( 4151): Failed to find ELF magic in /system/framework/pm.odex: dey
03-11 16:24:11.221 W/art     ( 4151): JNI RegisterNativeMethods: attempt to register 0 native methods for android.content.res.Configuration
03-11 16:24:11.231 D/AndroidRuntime( 4151): Calling main entry com.android.commands.pm.Pm
03-11 16:24:11.231 I/ActivityManager(  776): Force stopping com.android.helloworldminimal appid=10076 user=0: clear data
03-11 16:24:11.231 I/ActivityManager(  776): Killing 4120:com.android.helloworldminimal/u0a76 (adj 0): stop com.android.helloworldminimal
03-11 16:24:11.231 W/ActivityManager(  776): Force removing ActivityRecord{65d2ec00 u0 com.android.helloworldminimal/.HelloWorld t5}: app died, no saved state
03-11 16:24:11.241 W/InputDispatcher(  776): channel '65d41878 com.android.helloworldminimal/com.android.helloworldminimal.HelloWorld (server)' ~ Consumer closed input channel or an error occurred.  events=0x9
03-11 16:24:11.241 E/InputDispatcher(  776): channel '65d41878 com.android.helloworldminimal/com.android.helloworldminimal.HelloWorld (server)' ~ Channel is unrecoverably broken and will be disposed!
03-11 16:24:11.241 W/WindowManager(  776): Rebuild removed 2 windows but added 1
03-11 16:24:11.241 W/WindowManager(  776): java.lang.RuntimeException: here
03-11 16:24:11.241 W/WindowManager(  776): 	at com.android.server.wm.WindowManagerService.rebuildAppWindowListLocked(WindowManagerService.java:8011)
03-11 16:24:11.241 W/WindowManager(  776): 	at com.android.server.wm.WindowManagerService.rebuildAppWindowListLocked(WindowManagerService.java:7947)
03-11 16:24:11.241 W/WindowManager(  776): 	at com.android.server.wm.WindowManagerService.handleAppTransitionReadyLocked(WindowManagerService.java:8430)
03-11 16:24:11.241 W/WindowManager(  776): 	at com.android.server.wm.WindowManagerService.performLayoutAndPlaceSurfacesLockedInner(WindowManagerService.java:9193)
03-11 16:24:11.241 W/WindowManager(  776): 	at com.android.server.wm.WindowManagerService.performLayoutAndPlaceSurfacesLockedLoop(WindowManagerService.java:8163)
03-11 16:24:11.241 W/WindowManager(  776): 	at com.android.server.wm.WindowManagerService.performLayoutAndPlaceSurfacesLocked(WindowManagerService.java:8105)
03-11 16:24:11.241 W/WindowManager(  776): 	at com.android.server.wm.WindowManagerService.executeAppTransition(WindowManagerService.java:3918)
03-11 16:24:11.241 W/WindowManager(  776): 	at com.android.server.am.ActivityStackSupervisor.reportResumedActivityLocked(ActivityStackSupervisor.java:2241)
03-11 16:24:11.241 W/WindowManager(  776): 	at com.android.server.am.ActivityStack.completeResumeLocked(ActivityStack.java:968)
03-11 16:24:11.241 W/WindowManager(  776): 	at com.android.server.am.ActivityStack.resumeTopActivityLocked(ActivityStack.java:1631)
03-11 16:24:11.241 W/WindowManager(  776): 	at com.android.server.am.ActivityStackSupervisor.resumeTopActivitiesLocked(ActivityStackSupervisor.java:2022)
03-11 16:24:11.241 W/WindowManager(  776): 	at com.android.server.am.ActivityStackSupervisor.resumeTopActivitiesLocked(ActivityStackSupervisor.java:2009)
03-11 16:24:11.241 W/WindowManager(  776): 	at com.android.server.am.ActivityManagerService.forceStopPackageLocked(ActivityManagerService.java:4750)
03-11 16:24:11.241 W/WindowManager(  776): 	at com.android.server.am.ActivityManagerService.forceStopPackageLocked(ActivityManagerService.java:4496)
03-11 16:24:11.241 W/WindowManager(  776): 	at com.android.server.am.ActivityManagerService.clearApplicationUserData(ActivityManagerService.java:4176)
03-11 16:24:11.241 W/WindowManager(  776): 	at android.app.ActivityManagerNative.onTransact(ActivityManagerNative.java:1114)
03-11 16:24:11.241 W/WindowManager(  776): 	at com.android.server.am.ActivityManagerService.onTransact(ActivityManagerService.java:2071)
03-11 16:24:11.241 W/WindowManager(  776): 	at android.os.Binder.execTransact(Binder.java:404)
03-11 16:24:11.241 W/WindowManager(  776): This window was lost: Window{65d41878 u0 com.android.helloworldminimal/com.android.helloworldminimal.HelloWorld}
03-11 16:24:11.241 W/WindowManager(  776): mDisplayId=0 mSession=Session{65d240e8 4120:u0a10076} mClient=android.os.BinderProxy@65d2b6b8
03-11 16:24:11.241 W/WindowManager(  776): mOwnerUid=10076 mShowToOwnerOnly=true package=com.android.helloworldminimal appop=NONE
03-11 16:24:11.241 W/WindowManager(  776): mAttrs=WM.LayoutParams{(0,0)(fillxfill) sim=#120 ty=1 fl=#1810100 pfl=0x8 wanim=0x10302f5}
03-11 16:24:11.241 W/WindowManager(  776): Requested w=1080 h=1776 mLayoutSeq=116
03-11 16:24:11.241 W/WindowManager(  776): mBaseLayer=21000 mSubLayer=0 mAnimLayer=21005+0=21005 mLastLayer=0
03-11 16:24:11.241 W/WindowManager(  776): mToken=AppWindowToken{660e8398 token=Token{65d2ed60 ActivityRecord{65d2ec00 u0 com.android.helloworldminimal/.HelloWorld t5}}}
03-11 16:24:11.241 W/WindowManager(  776): mRootToken=AppWindowToken{660e8398 token=Token{65d2ed60 ActivityRecord{65d2ec00 u0 com.android.helloworldminimal/.HelloWorld t5}}}
03-11 16:24:11.241 W/WindowManager(  776): mAppToken=AppWindowToken{660e8398 token=Token{65d2ed60 ActivityRecord{65d2ec00 u0 com.android.helloworldminimal/.HelloWorld t5}}}
03-11 16:24:11.241 W/WindowManager(  776): mViewVisibility=0x0 mHaveFrame=true mObscured=true
03-11 16:24:11.241 W/WindowManager(  776): mSeq=0 mSystemUiVisibility=0x0
03-11 16:24:11.241 W/WindowManager(  776): mPolicyVisibility=false mPolicyVisibilityAfterAnim=false mAppOpVisibility=true mAttachedHidden=false
03-11 16:24:11.241 W/WindowManager(  776): mGivenContentInsets=[0,0][0,0] mGivenVisibleInsets=[0,0][0,0]
03-11 16:24:11.241 W/WindowManager(  776): mConfiguration={1.0 244mcc21mnc en_US ldltr sw360dp w360dp h567dp 480dpi nrml port finger -keyb/v/h -nav/h s.5}
03-11 16:24:11.241 W/WindowManager(  776): mHasSurface=true mShownFrame=[0.0,0.0][1080.0,1776.0] isReadyForDisplay()=false
03-11 16:24:11.241 W/WindowManager(  776): mFrame=[0,0][1080,1776] last=[0,0][1080,1776]
03-11 16:24:11.241 W/WindowManager(  776): mSystemDecorRect=[0,0][1080,1776] last=[0,0][1080,1776]
03-11 16:24:11.241 W/WindowManager(  776): Frames: containing=[0,0][1080,1776] parent=[0,0][1080,1776]
03-11 16:24:11.241 W/WindowManager(  776):     display=[0,0][1080,1776] overscan=[0,0][1080,1920]
03-11 16:24:11.241 W/WindowManager(  776):     content=[0,75][1080,1776] visible=[0,75][1080,1776]
03-11 16:24:11.241 W/WindowManager(  776):     decor=[0,0][1080,1920]
03-11 16:24:11.241 W/WindowManager(  776): Cur insets: overscan=[0,0][0,0] content=[0,75][0,0] visible=[0,75][0,0]
03-11 16:24:11.241 W/WindowManager(  776): Lst insets: overscan=[0,0][0,0] content=[0,75][0,0] visible=[0,75][0,0]
03-11 16:24:11.241 W/WindowManager(  776): WindowStateAnimator{65e0c500 com.android.helloworldminimal/com.android.helloworldminimal.HelloWorld}:
03-11 16:24:11.241 W/WindowManager(  776):   mSurface=Surface(name=com.android.helloworldminimal/com.android.helloworldminimal.HelloWorld)
03-11 16:24:11.241 W/WindowManager(  776):   mDrawState=HAS_DRAWN mLastHidden=true
03-11 16:24:11.241 W/WindowManager(  776):   Surface: shown=false layer=21005 alpha=0.0 rect=(0.0,0.0) 1080.0 x 1776.0
03-11 16:24:11.241 W/WindowManager(  776):   mShownAlpha=1.0 mAlpha=1.0 mLastAlpha=-1.0
03-11 16:24:11.241 W/WindowManager(  776): Current app token list:
03-11 16:24:11.241 V/WindowManager(  776):   Display 0
03-11 16:24:11.241 V/WindowManager(  776):   #0: Token{65e10000 ActivityRecord{65e0eea8 u0 com.google.android.googlequicksearchbox/com.google.android.launcher.GEL t1}}
03-11 16:24:11.241 W/WindowManager(  776): Final window list:
03-11 16:24:11.241 V/WindowManager(  776):   #0: Window{65d88d80 u0 SearchPanel}
03-11 16:24:11.241 V/WindowManager(  776):   #1: Window{65a4bd20 u0 NavigationBar}
03-11 16:24:11.241 V/WindowManager(  776):   #2: Window{658f02b8 u0 StatusBar}
03-11 16:24:11.241 V/WindowManager(  776):   #3: Window{65a59468 u0 Keyguard}
03-11 16:24:11.241 V/WindowManager(  776):   #4: Window{65cdb0d0 u0 KeyguardScrim}
03-11 16:24:11.241 V/WindowManager(  776):   #5: Window{6563f2e8 u0 com.google.android.googlequicksearchbox/com.google.android.launcher.GEL}
03-11 16:24:11.241 V/WindowManager(  776):   #6: Window{65e14e98 u0 com.android.systemui.ImageWallpaper}
03-11 16:24:11.251 W/InputDispatcher(  776): Attempted to unregister already unregistered input channel '65d41878 com.android.helloworldminimal/com.android.helloworldminimal.HelloWorld (server)'
03-11 16:24:11.251 D/keystore(  186): calling clear_uid in state: 3
03-11 16:24:11.251 I/WindowState(  776): WIN DEATH: Window{65d41878 u0 com.android.helloworldminimal/com.android.helloworldminimal.HelloWorld}
03-11 16:24:11.261 D/Documents( 3723): Used cached roots for com.android.providers.downloads.documents
03-11 16:24:11.261 D/Documents( 3723): Used cached roots for com.android.externalstorage.documents
03-11 16:24:11.261 D/Documents( 3723): Used cached roots for com.android.providers.media.documents
03-11 16:24:11.261 D/Documents( 3723): Used cached roots for com.google.android.apps.docs.storage
03-11 16:24:11.261 D/Documents( 3723): Update found 7 roots in 7ms
03-11 16:24:11.261 D/PackageBroadcastService( 1255): Received broadcast action=android.intent.action.PACKAGE_DATA_CLEARED and uri=com.android.helloworldminimal
03-11 16:24:11.271 D/AndroidRuntime( 4151): Shutting down VM
03-11 16:24:11.271 I/Icing   ( 1255): doRemovePackageData com.android.helloworldminimal
03-11 16:24:12.741 D/AndroidRuntime( 4179): 
03-11 16:24:12.741 D/AndroidRuntime( 4179): >>>>>> AndroidRuntime START com.android.internal.os.RuntimeInit <<<<<<
03-11 16:24:12.741 D/AndroidRuntime( 4179): CheckJNI is OFF
03-11 16:24:12.741 E/art     ( 4179): Unrecognized option -XX:mainThreadStackSize=24K
03-11 16:24:12.741 W/art     ( 4179): Ignoring unknown -Xgc option: precise
03-11 16:24:12.771 W/art     ( 4179): Failed to find ELF magic in /system/framework/am.odex: dey
03-11 16:24:12.801 W/art     ( 4179): JNI RegisterNativeMethods: attempt to register 0 native methods for android.content.res.Configuration
03-11 16:24:12.811 D/AndroidRuntime( 4179): Calling main entry com.android.commands.am.Am
03-11 16:24:12.811 I/ActivityManager(  776): START u0 {flg=0x10000000 cmp=com.android.helloworldminimal/.HelloWorld} from pid 4179
03-11 16:24:13.121 D/AndroidRuntime( 4179): Shutting down VM
03-11 16:24:13.121 I/WindowManager(  776): Screenshot max retries 4 of Token{65e10000 ActivityRecord{65e0eea8 u0 com.google.android.googlequicksearchbox/com.google.android.launcher.GEL t1}} appWin=Window{6563f2e8 u0 com.google.android.googlequicksearchbox/com.google.android.launcher.GEL} drawState=4
03-11 16:24:13.121 W/WindowManager(  776): Screenshot failure taking screenshot for (1080x1920) to layer 21000
03-11 16:24:13.151 W/art     (  178): Could not get current activity
03-11 16:24:13.161 I/ActivityManager(  776): Start proc com.android.helloworldminimal for activity com.android.helloworldminimal/.HelloWorld: pid=4200 uid=10076 gids={50076}
03-11 16:24:14.841 I/Adreno-EGL( 4200): <qeglDrvAPI_eglInitialize:320>: EGL 1.4 QUALCOMM Build: I0404c4692afb8623f95c43aeb6d5e13ed4b30ddbDate: 11/06/13
03-11 16:24:14.861 D/OpenGLRenderer( 4200): Enabling debug mode 0
03-11 16:24:14.911 I/ActivityManager(  776): Displayed com.android.helloworldminimal/.HelloWorld: +1s788ms
03-11 16:24:16.261 W/ProcessCpuTracker(  776): Skipping unknown process pid 4181
03-11 16:24:16.261 W/ProcessCpuTracker(  776): Skipping unknown process pid 4184
03-11 16:24:33.571 D/AndroidRuntime( 4224): 
03-11 16:24:33.571 D/AndroidRuntime( 4224): >>>>>> AndroidRuntime START com.android.internal.os.RuntimeInit <<<<<<
03-11 16:24:33.571 D/AndroidRuntime( 4224): CheckJNI is OFF
03-11 16:24:33.571 E/art     ( 4224): Unrecognized option -XX:mainThreadStackSize=24K
03-11 16:24:33.571 W/art     ( 4224): Ignoring unknown -Xgc option: precise
03-11 16:24:33.611 W/art     ( 4224): Failed to find ELF magic in /system/framework/pm.odex: dey
03-11 16:24:33.641 W/art     ( 4224): JNI RegisterNativeMethods: attempt to register 0 native methods for android.content.res.Configuration
03-11 16:24:33.651 D/AndroidRuntime( 4224): Calling main entry com.android.commands.pm.Pm
03-11 16:24:33.651 I/ActivityManager(  776): Force stopping com.android.helloworldminimal appid=10076 user=0: clear data
03-11 16:24:33.651 I/ActivityManager(  776): Killing 4200:com.android.helloworldminimal/u0a76 (adj 0): stop com.android.helloworldminimal
03-11 16:24:33.661 E/JavaBinder(  776): !!! FAILED BINDER TRANSACTION !!!
03-11 16:24:33.661 W/ActivityManager(  776): Force removing ActivityRecord{65e411d0 u0 com.android.helloworldminimal/.HelloWorld t6}: app died, no saved state
03-11 16:24:33.661 I/WindowState(  776): WIN DEATH: Window{66278460 u0 com.android.helloworldminimal/com.android.helloworldminimal.HelloWorld}
03-11 16:24:33.671 D/keystore(  186): calling clear_uid in state: 3
03-11 16:24:33.671 D/Documents( 3723): Used cached roots for com.android.providers.downloads.documents
03-11 16:24:33.671 D/Documents( 3723): Used cached roots for com.android.externalstorage.documents
03-11 16:24:33.671 D/Documents( 3723): Used cached roots for com.android.providers.media.documents
03-11 16:24:33.671 D/Documents( 3723): Used cached roots for com.google.android.apps.docs.storage
03-11 16:24:33.671 D/Documents( 3723): Update found 7 roots in 2ms
03-11 16:24:33.681 D/PackageBroadcastService( 1255): Received broadcast action=android.intent.action.PACKAGE_DATA_CLEARED and uri=com.android.helloworldminimal
03-11 16:24:33.691 I/Icing   ( 1255): doRemovePackageData com.android.helloworldminimal
03-11 16:24:33.691 D/AndroidRuntime( 4224): Shutting down VM
03-11 16:24:35.191 D/AndroidRuntime( 4251): 
03-11 16:24:35.191 D/AndroidRuntime( 4251): >>>>>> AndroidRuntime START com.android.internal.os.RuntimeInit <<<<<<
03-11 16:24:35.191 D/AndroidRuntime( 4251): CheckJNI is OFF
03-11 16:24:35.191 E/art     ( 4251): Unrecognized option -XX:mainThreadStackSize=24K
03-11 16:24:35.191 W/art     ( 4251): Ignoring unknown -Xgc option: precise
03-11 16:24:35.221 W/art     ( 4251): Failed to find ELF magic in /system/framework/am.odex: dey
03-11 16:24:35.261 W/art     ( 4251): JNI RegisterNativeMethods: attempt to register 0 native methods for android.content.res.Configuration
03-11 16:24:35.261 D/AndroidRuntime( 4251): Calling main entry com.android.commands.am.Am
03-11 16:24:35.271 I/ActivityManager(  776): START u0 {flg=0x10000000 cmp=com.android.helloworldminimal/.HelloWorld} from pid 4251
03-11 16:24:35.571 D/AndroidRuntime( 4251): Shutting down VM
03-11 16:24:35.571 I/WindowManager(  776): Screenshot max retries 4 of Token{65e10000 ActivityRecord{65e0eea8 u0 com.google.android.googlequicksearchbox/com.google.android.launcher.GEL t1}} appWin=Window{6563f2e8 u0 com.google.android.googlequicksearchbox/com.google.android.launcher.GEL} drawState=4
03-11 16:24:35.571 W/WindowManager(  776): Screenshot failure taking screenshot for (1080x1920) to layer 21000
03-11 16:24:35.581 W/art     (  178): Could not get current activity
03-11 16:24:35.581 I/ActivityManager(  776): Start proc com.android.helloworldminimal for activity com.android.helloworldminimal/.HelloWorld: pid=4272 uid=10076 gids={50076}
03-11 16:24:37.281 I/Adreno-EGL( 4272): <qeglDrvAPI_eglInitialize:320>: EGL 1.4 QUALCOMM Build: I0404c4692afb8623f95c43aeb6d5e13ed4b30ddbDate: 11/06/13
03-11 16:24:37.301 D/OpenGLRenderer( 4272): Enabling debug mode 0
03-11 16:24:37.351 I/ActivityManager(  776): Displayed com.android.helloworldminimal/.HelloWorld: +1s784ms
03-11 16:24:56.011 D/AndroidRuntime( 4296): 
03-11 16:24:56.011 D/AndroidRuntime( 4296): >>>>>> AndroidRuntime START com.android.internal.os.RuntimeInit <<<<<<
03-11 16:24:56.011 D/AndroidRuntime( 4296): CheckJNI is OFF
03-11 16:24:56.011 E/art     ( 4296): Unrecognized option -XX:mainThreadStackSize=24K
03-11 16:24:56.011 W/art     ( 4296): Ignoring unknown -Xgc option: precise
03-11 16:24:56.041 W/art     ( 4296): Failed to find ELF magic in /system/framework/pm.odex: dey
03-11 16:24:56.081 W/art     ( 4296): JNI RegisterNativeMethods: attempt to register 0 native methods for android.content.res.Configuration
03-11 16:24:56.081 D/AndroidRuntime( 4296): Calling main entry com.android.commands.pm.Pm
03-11 16:24:56.091 E/JavaBinder(  776): !!! FAILED BINDER TRANSACTION !!!
03-11 16:24:56.091 I/ActivityManager(  776): Force stopping com.android.helloworldminimal appid=10076 user=0: clear data
03-11 16:24:56.091 I/ActivityManager(  776): Killing 4272:com.android.helloworldminimal/u0a76 (adj 0): stop com.android.helloworldminimal
03-11 16:24:56.091 W/ActivityManager(  776): Force removing ActivityRecord{661d4cf8 u0 com.android.helloworldminimal/.HelloWorld t7}: app died, no saved state
03-11 16:24:56.101 I/WindowState(  776): WIN DEATH: Window{65edb2e0 u0 com.android.helloworldminimal/com.android.helloworldminimal.HelloWorld}
03-11 16:24:56.111 D/keystore(  186): calling clear_uid in state: 3
03-11 16:24:56.111 D/Documents( 3723): Used cached roots for com.android.providers.downloads.documents
03-11 16:24:56.111 D/Documents( 3723): Used cached roots for com.android.externalstorage.documents
03-11 16:24:56.111 D/Documents( 3723): Used cached roots for com.android.providers.media.documents
03-11 16:24:56.121 D/Documents( 3723): Used cached roots for com.google.android.apps.docs.storage
03-11 16:24:56.121 D/Documents( 3723): Update found 7 roots in 2ms
03-11 16:24:56.121 D/PackageBroadcastService( 1255): Received broadcast action=android.intent.action.PACKAGE_DATA_CLEARED and uri=com.android.helloworldminimal
03-11 16:24:56.121 I/Icing   ( 1255): doRemovePackageData com.android.helloworldminimal
03-11 16:24:56.141 D/AndroidRuntime( 4296): Shutting down VM
03-11 16:24:57.601 D/AndroidRuntime( 4323): 
03-11 16:24:57.601 D/AndroidRuntime( 4323): >>>>>> AndroidRuntime START com.android.internal.os.RuntimeInit <<<<<<
03-11 16:24:57.601 D/AndroidRuntime( 4323): CheckJNI is OFF
03-11 16:24:57.601 E/art     ( 4323): Unrecognized option -XX:mainThreadStackSize=24K
03-11 16:24:57.601 W/art     ( 4323): Ignoring unknown -Xgc option: precise
03-11 16:24:57.631 W/art     ( 4323): Failed to find ELF magic in /system/framework/am.odex: dey
03-11 16:24:57.671 W/art     ( 4323): JNI RegisterNativeMethods: attempt to register 0 native methods for android.content.res.Configuration
03-11 16:24:57.671 D/AndroidRuntime( 4323): Calling main entry com.android.commands.am.Am
03-11 16:24:57.681 I/ActivityManager(  776): START u0 {flg=0x10000000 cmp=com.android.helloworldminimal/.HelloWorld} from pid 4323
03-11 16:24:57.981 I/WindowManager(  776): Screenshot max retries 4 of Token{65e10000 ActivityRecord{65e0eea8 u0 com.google.android.googlequicksearchbox/com.google.android.launcher.GEL t1}} appWin=Window{6563f2e8 u0 com.google.android.googlequicksearchbox/com.google.android.launcher.GEL} drawState=4
03-11 16:24:57.981 W/WindowManager(  776): Screenshot failure taking screenshot for (1080x1920) to layer 21000
03-11 16:24:58.011 D/AndroidRuntime( 4323): Shutting down VM
03-11 16:24:58.011 W/art     (  178): Could not get current activity
03-11 16:24:58.031 I/ActivityManager(  776): Start proc com.android.helloworldminimal for activity com.android.helloworldminimal/.HelloWorld: pid=4356 uid=10076 gids={50076}
03-11 16:24:59.801 I/Adreno-EGL( 4356): <qeglDrvAPI_eglInitialize:320>: EGL 1.4 QUALCOMM Build: I0404c4692afb8623f95c43aeb6d5e13ed4b30ddbDate: 11/06/13
03-11 16:24:59.811 D/OpenGLRenderer( 4356): Enabling debug mode 0
03-11 16:24:59.861 I/ActivityManager(  776): Displayed com.android.helloworldminimal/.HelloWorld: +1s874ms
03-11 16:25:18.451 D/AndroidRuntime( 4404): 
03-11 16:25:18.451 D/AndroidRuntime( 4404): >>>>>> AndroidRuntime START com.android.internal.os.RuntimeInit <<<<<<
03-11 16:25:18.451 D/AndroidRuntime( 4404): CheckJNI is OFF
03-11 16:25:18.451 E/art     ( 4404): Unrecognized option -XX:mainThreadStackSize=24K
03-11 16:25:18.451 W/art     ( 4404): Ignoring unknown -Xgc option: precise
03-11 16:25:18.481 W/art     ( 4404): Failed to find ELF magic in /system/framework/pm.odex: dey
03-11 16:25:18.521 W/art     ( 4404): JNI RegisterNativeMethods: attempt to register 0 native methods for android.content.res.Configuration
03-11 16:25:18.531 D/AndroidRuntime( 4404): Calling main entry com.android.commands.pm.Pm
03-11 16:25:18.531 I/ActivityManager(  776): Force stopping com.android.helloworldminimal appid=10076 user=0: clear data
03-11 16:25:18.531 I/ActivityManager(  776): Killing 4356:com.android.helloworldminimal/u0a76 (adj 0): stop com.android.helloworldminimal
03-11 16:25:18.531 W/ActivityManager(  776): Force removing ActivityRecord{6608adf8 u0 com.android.helloworldminimal/.HelloWorld t8}: app died, no saved state
03-11 16:25:18.541 W/WindowManager(  776): Rebuild removed 2 windows but added 1
03-11 16:25:18.541 W/WindowManager(  776): java.lang.RuntimeException: here
03-11 16:25:18.541 W/WindowManager(  776): 	at com.android.server.wm.WindowManagerService.rebuildAppWindowListLocked(WindowManagerService.java:8011)
03-11 16:25:18.541 W/WindowManager(  776): 	at com.android.server.wm.WindowManagerService.rebuildAppWindowListLocked(WindowManagerService.java:7947)
03-11 16:25:18.541 W/WindowManager(  776): 	at com.android.server.wm.WindowManagerService.handleAppTransitionReadyLocked(WindowManagerService.java:8430)
03-11 16:25:18.541 W/WindowManager(  776): 	at com.android.server.wm.WindowManagerService.performLayoutAndPlaceSurfacesLockedInner(WindowManagerService.java:9193)
03-11 16:25:18.541 W/WindowManager(  776): 	at com.android.server.wm.WindowManagerService.performLayoutAndPlaceSurfacesLockedLoop(WindowManagerService.java:8163)
03-11 16:25:18.541 W/WindowManager(  776): 	at com.android.server.wm.WindowManagerService.performLayoutAndPlaceSurfacesLocked(WindowManagerService.java:8105)
03-11 16:25:18.541 W/WindowManager(  776): 	at com.android.server.wm.WindowManagerService.executeAppTransition(WindowManagerService.java:3918)
03-11 16:25:18.541 W/WindowManager(  776): 	at com.android.server.am.ActivityStackSupervisor.reportResumedActivityLocked(ActivityStackSupervisor.java:2241)
03-11 16:25:18.541 W/WindowManager(  776): 	at com.android.server.am.ActivityStack.completeResumeLocked(ActivityStack.java:968)
03-11 16:25:18.541 W/WindowManager(  776): 	at com.android.server.am.ActivityStack.resumeTopActivityLocked(ActivityStack.java:1631)
03-11 16:25:18.541 W/WindowManager(  776): 	at com.android.server.am.ActivityStackSupervisor.resumeTopActivitiesLocked(ActivityStackSupervisor.java:2022)
03-11 16:25:18.541 W/WindowManager(  776): 	at com.android.server.am.ActivityStackSupervisor.resumeTopActivitiesLocked(ActivityStackSupervisor.java:2009)
03-11 16:25:18.541 W/WindowManager(  776): 	at com.android.server.am.ActivityManagerService.forceStopPackageLocked(ActivityManagerService.java:4750)
03-11 16:25:18.541 W/WindowManager(  776): 	at com.android.server.am.ActivityManagerService.forceStopPackageLocked(ActivityManagerService.java:4496)
03-11 16:25:18.541 W/WindowManager(  776): 	at com.android.server.am.ActivityManagerService.clearApplicationUserData(ActivityManagerService.java:4176)
03-11 16:25:18.541 W/WindowManager(  776): 	at android.app.ActivityManagerNative.onTransact(ActivityManagerNative.java:1114)
03-11 16:25:18.541 W/WindowManager(  776): 	at com.android.server.am.ActivityManagerService.onTransact(ActivityManagerService.java:2071)
03-11 16:25:18.541 W/WindowManager(  776): 	at android.os.Binder.execTransact(Binder.java:404)
03-11 16:25:18.541 W/WindowManager(  776): This window was lost: Window{66201e78 u0 com.android.helloworldminimal/com.android.helloworldminimal.HelloWorld}
03-11 16:25:18.541 W/WindowManager(  776): mDisplayId=0 mSession=Session{662019d0 4356:u0a10076} mClient=android.os.BinderProxy@66201bf8
03-11 16:25:18.541 W/WindowManager(  776): mOwnerUid=10076 mShowToOwnerOnly=true package=com.android.helloworldminimal appop=NONE
03-11 16:25:18.541 W/WindowManager(  776): mAttrs=WM.LayoutParams{(0,0)(fillxfill) sim=#120 ty=1 fl=#1810100 pfl=0x8 wanim=0x10302f5}
03-11 16:25:18.541 W/WindowManager(  776): Requested w=1080 h=1776 mLayoutSeq=170
03-11 16:25:18.541 W/WindowManager(  776): mBaseLayer=21000 mSubLayer=0 mAnimLayer=21005+0=21005 mLastLayer=0
03-11 16:25:18.541 W/WindowManager(  776): mToken=AppWindowToken{6608b6d8 token=Token{6608af58 ActivityRecord{6608adf8 u0 com.android.helloworldminimal/.HelloWorld t8}}}
03-11 16:25:18.541 W/WindowManager(  776): mRootToken=AppWindowToken{6608b6d8 token=Token{6608af58 ActivityRecord{6608adf8 u0 com.android.helloworldminimal/.HelloWorld t8}}}
03-11 16:25:18.541 W/WindowManager(  776): mAppToken=AppWindowToken{6608b6d8 token=Token{6608af58 ActivityRecord{6608adf8 u0 com.android.helloworldminimal/.HelloWorld t8}}}
03-11 16:25:18.541 W/WindowManager(  776): mViewVisibility=0x0 mHaveFrame=true mObscured=true
03-11 16:25:18.541 W/WindowManager(  776): mSeq=0 mSystemUiVisibility=0x0
03-11 16:25:18.541 W/WindowManager(  776): mPolicyVisibility=false mPolicyVisibilityAfterAnim=false mAppOpVisibility=true mAttachedHidden=false
03-11 16:25:18.541 W/WindowManager(  776): mGivenContentInsets=[0,0][0,0] mGivenVisibleInsets=[0,0][0,0]
03-11 16:25:18.541 W/WindowManager(  776): mConfiguration={1.0 244mcc21mnc en_US ldltr sw360dp w360dp h567dp 480dpi nrml port finger -keyb/v/h -nav/h s.5}
03-11 16:25:18.541 W/WindowManager(  776): mHasSurface=true mShownFrame=[0.0,0.0][1080.0,1776.0] isReadyForDisplay()=false
03-11 16:25:18.541 W/WindowManager(  776): mFrame=[0,0][1080,1776] last=[0,0][1080,1776]
03-11 16:25:18.541 W/WindowManager(  776): mSystemDecorRect=[0,0][1080,1776] last=[0,0][1080,1776]
03-11 16:25:18.541 W/WindowManager(  776): Frames: containing=[0,0][1080,1776] parent=[0,0][1080,1776]
03-11 16:25:18.541 W/WindowManager(  776):     display=[0,0][1080,1776] overscan=[0,0][1080,1920]
03-11 16:25:18.541 W/WindowManager(  776):     content=[0,75][1080,1776] visible=[0,75][1080,1776]
03-11 16:25:18.541 W/WindowManager(  776):     decor=[0,0][1080,1920]
03-11 16:25:18.541 W/WindowManager(  776): Cur insets: overscan=[0,0][0,0] content=[0,75][0,0] visible=[0,75][0,0]
03-11 16:25:18.541 W/WindowManager(  776): Lst insets: overscan=[0,0][0,0] content=[0,75][0,0] visible=[0,75][0,0]
03-11 16:25:18.541 W/WindowManager(  776): WindowStateAnimator{66202408 com.android.helloworldminimal/com.android.helloworldminimal.HelloWorld}:
03-11 16:25:18.541 W/WindowManager(  776):   mSurface=Surface(name=com.android.helloworldminimal/com.android.helloworldminimal.HelloWorld)
03-11 16:25:18.541 W/WindowManager(  776):   mDrawState=HAS_DRAWN mLastHidden=true
03-11 16:25:18.541 W/WindowManager(  776):   Surface: shown=false layer=21005 alpha=0.0 rect=(0.0,0.0) 1080.0 x 1776.0
03-11 16:25:18.541 W/WindowManager(  776):   mShownAlpha=1.0 mAlpha=1.0 mLastAlpha=-1.0
03-11 16:25:18.541 W/WindowManager(  776): Current app token list:
03-11 16:25:18.541 V/WindowManager(  776):   Display 0
03-11 16:25:18.541 V/WindowManager(  776):   #0: Token{65e10000 ActivityRecord{65e0eea8 u0 com.google.android.googlequicksearchbox/com.google.android.launcher.GEL t1}}
03-11 16:25:18.541 W/WindowManager(  776): Final window list:
03-11 16:25:18.541 V/WindowManager(  776):   #0: Window{65d88d80 u0 SearchPanel}
03-11 16:25:18.541 V/WindowManager(  776):   #1: Window{65a4bd20 u0 NavigationBar}
03-11 16:25:18.541 V/WindowManager(  776):   #2: Window{658f02b8 u0 StatusBar}
03-11 16:25:18.541 V/WindowManager(  776):   #3: Window{65a59468 u0 Keyguard}
03-11 16:25:18.541 V/WindowManager(  776):   #4: Window{65cdb0d0 u0 KeyguardScrim}
03-11 16:25:18.541 V/WindowManager(  776):   #5: Window{6563f2e8 u0 com.google.android.googlequicksearchbox/com.google.android.launcher.GEL}
03-11 16:25:18.541 V/WindowManager(  776):   #6: Window{65e14e98 u0 com.android.systemui.ImageWallpaper}
03-11 16:25:18.541 I/WindowState(  776): WIN DEATH: Window{66201e78 u0 com.android.helloworldminimal/com.android.helloworldminimal.HelloWorld}
03-11 16:25:18.551 D/PackageBroadcastService( 1255): Received broadcast action=android.intent.action.PACKAGE_DATA_CLEARED and uri=com.android.helloworldminimal
03-11 16:25:18.551 I/Icing   ( 1255): doRemovePackageData com.android.helloworldminimal
03-11 16:25:18.561 D/Documents( 3723): Used cached roots for com.android.providers.downloads.documents
03-11 16:25:18.561 D/Documents( 3723): Used cached roots for com.android.externalstorage.documents
03-11 16:25:18.561 D/Documents( 3723): Used cached roots for com.android.providers.media.documents
03-11 16:25:18.561 D/Documents( 3723): Used cached roots for com.google.android.apps.docs.storage
03-11 16:25:18.561 D/Documents( 3723): Update found 7 roots in 17ms
03-11 16:25:18.561 D/keystore(  186): calling clear_uid in state: 3
03-11 16:25:18.571 D/AndroidRuntime( 4404): Shutting down VM
03-11 16:25:20.031 D/AndroidRuntime( 4432): 
