03-11 16:20:56.098 D/MccTable( 1013): updateMccMncConfiguration updateConfig config={1.0 244mcc21mnc ?locale ?layoutDir ?swdp ?wdp ?hdp ?density ?lsize ?long ?orien ?uimode ?night ?touch ?keyb/?/? ?nav/?}
03-11 16:20:56.098 I/ActivityManager(  776): Config changes=3 {1.0 244mcc21mnc en_US ldltr sw360dp w360dp h567dp 480dpi nrml port finger -keyb/v/h -nav/h s.5}
03-11 16:20:56.108 D/PermissionCache(  177): checking android.permission.READ_FRAME_BUFFER for uid=1000 => granted (2527 us)
03-11 16:20:56.118 D/PhoneStatusBar(  870): mSettingsPanelGravity = 55
03-11 16:20:56.138 D/Launcher.Model( 1070): 11683562 - loadWorkspaceScreensDb()
03-11 16:20:56.138 D/Launcher.Model( 1070): 11683562 -   screens: { 0: 0 }
03-11 16:20:56.138 D/Launcher.Model( 1070): 11683562 -   sBgWorkspaceScreens: 0
03-11 16:20:56.158 I/BrcmNfcNfa( 1049): GKI TASK_DEAD received. exit thread 3...
03-11 16:20:56.198 V/ProvidersChangedReceiver( 1282): calling applySettings
03-11 16:20:56.208 V/GmsNetworkLocationProvi( 1282): ENABLE
03-11 16:20:56.208 V/GmsNetworkLocationProvi( 1282): SET-REQUEST
03-11 16:20:56.218 V/GmsNetworkLocationProvi( 1282): in Handler: ProviderRequestUnbundled, reportLocation is true and interval is 86400000
03-11 16:20:56.228 V/KeyguardHostView(  870): Initial transport state: 1, pbstate=0
03-11 16:20:56.238 W/Launcher( 1070): setApplicationContext called twice! old=com.google.android.velvet.VelvetApplication@655c8938 new=com.google.android.velvet.VelvetApplication@655c8938
03-11 16:20:56.258 V/KeyguardHostView(  870): music state changed: 0
03-11 16:20:56.298 I/GEL     ( 1070): handleIntent(Intent { act=android.intent.action.MAIN cat=[android.intent.category.HOME] flg=0x10000000 cmp=com.google.android.googlequicksearchbox/com.google.android.launcher.GEL })
03-11 16:20:56.308 D/Launcher.Model( 1070): Reload apps on config change. curr_mcc:244 prevmcc:0
03-11 16:20:56.348 I/SurfaceFlinger(  177): Boot is finished (15803 ms)
03-11 16:20:56.358 I/ANDR-PERF-LOCK( 1336): Listener starting
03-11 16:20:56.358 I/MP-Decision( 1336): MPDecision server starting
03-11 16:20:56.358 I/MP-Decision( 1336): OPTION ENABLED: Control sleep modes
03-11 16:20:56.358 I/MP-Decision( 1336): OPTION ENABLED: Adjusting average
03-11 16:20:56.358 I/MP-Decision( 1336): Decision parameters CPU 0: Nw=0.000000, Tw=0, Ns=0.000000, Ts=0
03-11 16:20:56.358 I/MP-Decision( 1336): util_h_and=0, util_h_or=0, util_low=0
03-11 16:20:56.358 I/MP-Decision( 1336): Decision parameters CPU 1: Nw=1.900000, Tw=140, Ns=1.100000, Ts=190
03-11 16:20:56.358 I/MP-Decision( 1336): util_h_and=35, util_h_or=75, util_low=20
03-11 16:20:56.358 I/MP-Decision( 1336): Decision parameters CPU 2: Nw=2.700000, Tw=90, Ns=2.100000, Ts=240
03-11 16:20:56.358 I/MP-Decision( 1336): util_h_and=0, util_h_or=400, util_low=0
03-11 16:20:56.358 I/MP-Decision( 1336): Decision parameters CPU 3: Nw=3.500000, Tw=90, Ns=3.100000, Ts=240
03-11 16:20:56.358 I/MP-Decision( 1336): util_h_and=0, util_h_or=400, util_low=0
03-11 16:20:56.358 I/MP-Decision( 1336): Decision parameters: poll_ms: 9 decision_ms: 50
03-11 16:20:56.358 I/WindowManager(  776): Screen frozen for +256ms due to AppWindowToken{65e13410 token=Token{65e10000 ActivityRecord{65e0eea8 u0 com.google.android.googlequicksearchbox/com.google.android.launcher.GEL t1}}}
03-11 16:20:56.368 I/art     ( 1070): GcCauseBackground sticky partial concurrent mark sweep GC freed 2078(65KB) AllocSpace objects, 2(162KB) LOS objects, 0% free, 26MB/26MB, paused 9.860ms total 18.128ms
03-11 16:20:56.448 W/art     ( 1282): Verification of void guf.a(long, heu[], hdk, boolean, boolean) took 122.406199ms
03-11 16:20:56.478 I/art     ( 1070): GcCauseBackground partial concurrent mark sweep GC freed 3503(224KB) AllocSpace objects, 2(2MB) LOS objects, 1% free, 23MB/24MB, paused 38.392ms total 97.698ms
03-11 16:20:56.548 D/PhoneStatusBar(  870): disable: < expand icons alerts ticker system_info BACK HOME RECENT CLOCK* search >
03-11 16:20:56.638 D/AlarmManagerService(  776): Kernel timezone updated to -120 minutes west of GMT
03-11 16:20:56.648 D/AlarmManagerService(  776): Kernel timezone updated to -120 minutes west of GMT
03-11 16:20:56.708 W/Settings( 1282): Setting airplane_mode_on has moved from android.provider.Settings.System to android.provider.Settings.Global, returning read-only value.
03-11 16:20:56.778 D/Launcher.Model( 1070): 11683562 - loadWorkspace()
03-11 16:20:56.778 D/Launcher.Model( 1070): 11683562 -   loadedOldDb: false
03-11 16:20:56.778 I/Launcher.Model( 1070): not binding apps: no Launcher activity
03-11 16:20:56.778 D/Launcher.Model( 1070): 11683562 - loadWorkspace()
03-11 16:20:56.778 D/Launcher.Model( 1070): 11683562 -   loadedOldDb: false
03-11 16:20:56.778 I/GCoreUlr( 1282): Starting service, intent=Intent { cmp=com.google.android.gms/com.google.android.location.reporting.service.DispatchingService (has extras) }, extras=Bundle[{intentType=2, receiverAction=android.location.PROVIDERS_CHANGED}]
03-11 16:20:56.798 D/BluetoothAdapter(  903): 1700104648: getState() :  mService = null. Returning STATE_OFF
03-11 16:20:56.828 I/GCoreUlr( 1282): DispatchingService.onCreate()
03-11 16:20:56.848 I/ActivityManager(  776): Start proc com.google.android.apps.magazines for broadcast com.google.android.apps.magazines/com.google.apps.dots.android.newsstand.audio.MediaButtonIntentReceiver: pid=1378 uid=10056 gids={50056, 3003, 1028, 1015}
03-11 16:20:56.928 D/Launcher.Model( 1070): 11683562 - loadWorkspaceScreensDb()
03-11 16:20:56.928 D/Launcher.Model( 1070): 11683562 -   screens: { 0: 0 }
03-11 16:20:56.928 D/Launcher.Model( 1070): 11683562 -   sBgWorkspaceScreens: 0
03-11 16:20:56.948 D/Launcher( 1070): 11683562 - bindAddScreens()
03-11 16:20:56.948 D/Launcher( 1070): 11683562 -   orderedScreenIds: 0
03-11 16:20:56.948 D/Launcher.Workspace( 1070): 11683562 - insertNewWorkspaceScreen(): 0 at index: 0
03-11 16:20:56.958 I/GCoreUlr( 1282): WorldUpdater received intent Intent { cmp=com.google.android.gms/com.google.android.location.reporting.service.DispatchingService (has extras) } with receiverAction android.location.PROVIDERS_CHANGED, forceUpdate false
03-11 16:20:56.968 D/GeofencerStateMachine( 1282): Creating GeofencerStateMachine
03-11 16:20:57.028 V/WebViewChromium( 1378): Binding Chromium to the background looper Looper (main, tid 1) {6551d498}
03-11 16:20:57.028 I/chromium( 1378): [INFO:library_loader_hooks.cc(112)] Chromium logging enabled: level = 0, default verbosity = 0
03-11 16:20:57.028 I/BrowserProcessMain( 1378): Initializing chromium process, renderers=0
03-11 16:20:57.048 W/art     ( 1378): Attempt to remove local SIRT entry from IRT, ignoring
03-11 16:20:57.048 I/art     ( 1070): GcCauseBackground partial concurrent mark sweep GC freed 6174(304KB) AllocSpace objects, 26(3MB) LOS objects, 1% free, 28MB/28MB, paused 5.274ms total 18.250ms
03-11 16:20:57.068 V/GeofencerHelper( 1282): Initializing geofence's system cache.
03-11 16:20:57.088 W/art     ( 1378): Thread[13,tid=1414,Native,Thread*=0x498df738,peer=0x655c92e8,"Thread-91"] attached without supplying a name
03-11 16:20:57.088 W/art     ( 1378): Thread[14,tid=1415,Native,Thread*=0x498e0220,peer=0x655c9428,"Thread-92"] attached without supplying a name
03-11 16:20:57.098 V/PlaceSubscriptionManager( 1282): Initializing PlaceSubscriptionManager's system cache.
03-11 16:20:57.098 W/chromium( 1378): [WARNING:proxy_service.cc(888)] PAC support disabled because there is no system implementation
03-11 16:20:57.108 I/Adreno-EGL( 1378): <qeglDrvAPI_eglInitialize:320>: EGL 1.4 QUALCOMM Build: I0404c4692afb8623f95c43aeb6d5e13ed4b30ddbDate: 11/06/13
03-11 16:20:57.108 D/GeofenceStateCache( 1282): Recovered 0 geofences.
03-11 16:20:57.168 I/GCoreUlr( 1282): Ensuring that reporting is stopped because of reasons: {account#-17#=[InactiveReason{mVersionCode=0, mIdentifier=6, mName='ReportingNotSelected'}]}
03-11 16:20:57.178 D/GCoreFlp( 1282): Unknown pending intent to remove.
03-11 16:20:57.178 W/art     ( 1378): Thread[15,tid=1409,Native,Thread*=0x4a272008,peer=0x655db638,"Thread-94"] attached without supplying a name
03-11 16:20:57.178 I/GCoreUlr( 1282): Unbound from all location providers
03-11 16:20:57.228 E/AppsCustomizePagedView( 1070): Widget ComponentInfo{com.devhd.feedly/com.devhd.feedly.widget.FeedlyWidgetProvider_4_1} has invalid dimensions (0, 0)
03-11 16:20:57.398 W/art     ( 1378): Attempt to remove local SIRT entry from IRT, ignoring
03-11 16:20:57.598 W/GAV2    ( 1378): Thread[main,5,main]: Need to call initialize() and be in fallback mode to start dispatch.
03-11 16:20:57.788 D/MobileDataStateTracker(  776): fota: Broadcast received: android.intent.action.ANY_DATA_STATE apnType=fota
03-11 16:20:57.788 D/MobileDataStateTracker(  776): fota: Received state=DISCONNECTED, old=DISCONNECTED, reason=simLoaded
03-11 16:20:57.788 D/MobileDataStateTracker(  776): dun: Broadcast received: android.intent.action.ANY_DATA_STATE apnType=dun
03-11 16:20:57.798 D/MobileDataStateTracker(  776): dun: Received state=DISCONNECTED, old=DISCONNECTED, reason=simLoaded
03-11 16:20:57.798 D/MobileDataStateTracker(  776): ia: Broadcast received: android.intent.action.ANY_DATA_STATE apnType=ia
03-11 16:20:57.798 D/MobileDataStateTracker(  776): ia: Received state=DISCONNECTED, old=DISCONNECTED, reason=simLoaded
03-11 16:20:57.798 D/MobileDataStateTracker(  776): supl: Broadcast received: android.intent.action.ANY_DATA_STATE apnType=supl
03-11 16:20:57.798 D/MobileDataStateTracker(  776): supl: Received state=DISCONNECTED, old=DISCONNECTED, reason=simLoaded
03-11 16:20:57.798 D/MobileDataStateTracker(  776): hipri: Broadcast received: android.intent.action.ANY_DATA_STATE apnType=hipri
03-11 16:20:57.798 D/MobileDataStateTracker(  776): hipri: Received state=DISCONNECTED, old=DISCONNECTED, reason=simLoaded
03-11 16:20:57.798 D/MobileDataStateTracker(  776): ims: Broadcast received: android.intent.action.ANY_DATA_STATE apnType=ims
03-11 16:20:57.798 D/MobileDataStateTracker(  776): ims: Received state=DISCONNECTED, old=DISCONNECTED, reason=simLoaded
03-11 16:20:57.798 D/MobileDataStateTracker(  776): default: Broadcast received: android.intent.action.ANY_DATA_STATE apnType=default
03-11 16:20:57.808 D/MobileDataStateTracker(  776): default: Received state=DISCONNECTED, old=DISCONNECTED, reason=simLoaded
03-11 16:20:57.808 D/MobileDataStateTracker(  776): mms: Broadcast received: android.intent.action.ANY_DATA_STATE apnType=mms
03-11 16:20:57.808 D/MobileDataStateTracker(  776): mms: Received state=DISCONNECTED, old=DISCONNECTED, reason=simLoaded
03-11 16:20:57.808 D/MobileDataStateTracker(  776): cbs: Broadcast received: android.intent.action.ANY_DATA_STATE apnType=cbs
03-11 16:20:57.808 D/MobileDataStateTracker(  776): cbs: Received state=DISCONNECTED, old=DISCONNECTED, reason=simLoaded
03-11 16:20:57.808 D/MobileDataStateTracker(  776): fota: Broadcast received: android.intent.action.ANY_DATA_STATE apnType=fota
03-11 16:20:57.808 D/MobileDataStateTracker(  776): fota: Received state=DISCONNECTED, old=DISCONNECTED, reason=simLoaded
03-11 16:20:57.808 D/MobileDataStateTracker(  776): dun: Broadcast received: android.intent.action.ANY_DATA_STATE apnType=dun
03-11 16:20:57.808 D/MobileDataStateTracker(  776): dun: Received state=DISCONNECTED, old=DISCONNECTED, reason=simLoaded
03-11 16:20:57.808 D/MobileDataStateTracker(  776): ia: Broadcast received: android.intent.action.ANY_DATA_STATE apnType=ia
03-11 16:20:57.808 D/MobileDataStateTracker(  776): ia: Received state=DISCONNECTED, old=DISCONNECTED, reason=simLoaded
03-11 16:20:57.808 D/MobileDataStateTracker(  776): supl: Broadcast received: android.intent.action.ANY_DATA_STATE apnType=supl
03-11 16:20:57.808 D/MobileDataStateTracker(  776): supl: Received state=DISCONNECTED, old=DISCONNECTED, reason=simLoaded
03-11 16:20:57.808 D/MobileDataStateTracker(  776): hipri: Broadcast received: android.intent.action.ANY_DATA_STATE apnType=hipri
03-11 16:20:57.808 D/MobileDataStateTracker(  776): hipri: Received state=DISCONNECTED, old=DISCONNECTED, reason=simLoaded
03-11 16:20:57.808 D/MobileDataStateTracker(  776): ims: Broadcast received: android.intent.action.ANY_DATA_STATE apnType=ims
03-11 16:20:57.808 D/MobileDataStateTracker(  776): ims: Received state=DISCONNECTED, old=DISCONNECTED, reason=simLoaded
03-11 16:20:57.808 D/MobileDataStateTracker(  776): default: Broadcast received: android.intent.action.ANY_DATA_STATE apnType=default
03-11 16:20:57.808 D/MobileDataStateTracker(  776): default: Received state=DISCONNECTED, old=DISCONNECTED, reason=simLoaded
03-11 16:20:57.808 D/MobileDataStateTracker(  776): mms: Broadcast received: android.intent.action.ANY_DATA_STATE apnType=mms
03-11 16:20:57.808 D/MobileDataStateTracker(  776): mms: Received state=DISCONNECTED, old=DISCONNECTED, reason=simLoaded
03-11 16:20:57.808 D/MobileDataStateTracker(  776): cbs: Broadcast received: android.intent.action.ANY_DATA_STATE apnType=cbs
03-11 16:20:57.818 I/NSApplication( 1378): Starting up...
03-11 16:20:57.818 D/MobileDataStateTracker(  776): cbs: Received state=DISCONNECTED, old=DISCONNECTED, reason=simLoaded
03-11 16:20:57.878 V/ProvidersChangedReceiver( 1282): calling applySettings
03-11 16:20:57.898 I/art     ( 1119): Heap trim of managed (duration=587.552us, advised=8KB) and native (duration=955.885us, advised=0B) heaps. Managed heap utilization of 63%.
03-11 16:20:57.908 I/GCoreUlr( 1282): Starting service, intent=Intent { cmp=com.google.android.gms/com.google.android.location.reporting.service.DispatchingService (has extras) }, extras=Bundle[{intentType=2, receiverAction=android.location.PROVIDERS_CHANGED}]
03-11 16:20:57.908 I/GCoreUlr( 1282): WorldUpdater received intent Intent { cmp=com.google.android.gms/com.google.android.location.reporting.service.DispatchingService (has extras) } with receiverAction android.location.PROVIDERS_CHANGED, forceUpdate false
03-11 16:20:57.908 D/BluetoothAdapter(  903): 1700104648: getState() :  mService = null. Returning STATE_OFF
03-11 16:20:57.918 I/MediaFocusControl(  776):  AudioFocus  abandonAudioFocus() from android.media.AudioManager@657529f0com.google.apps.dots.android.newsstand.audio.AudioPlayerService$3@65759a00
03-11 16:20:57.918 I/MediaFocusControl(  776):   Remote Control   unregisterMediaButtonIntent() for PendingIntent{65a6d968: PendingIntentRecord{659c0740 com.google.android.apps.magazines broadcastIntent}}
03-11 16:20:57.918 D/BluetoothAdapter(  903): 1700104648: getState() :  mService = null. Returning STATE_OFF
03-11 16:20:57.928 V/KeepAlert(  969): Action android.net.wifi.WIFI_STATE_CHANGED
03-11 16:20:57.928 D/BluetoothAdapter(  903): 1700104648: getState() :  mService = null. Returning STATE_OFF
03-11 16:20:57.928 D/BluetoothAdapter(  903): 1700104648: getState() :  mService = null. Returning STATE_OFF
03-11 16:20:57.928 V/KeepAlert(  969): Action android.net.wifi.WIFI_STATE_CHANGED
03-11 16:20:57.948 V/KeepAlert(  969): Action android.net.wifi.WIFI_STATE_CHANGED
03-11 16:20:58.008 W/art     ( 1119): Failed to find ELF magic in /system/framework/com.android.location.provider.odex: dey
03-11 16:20:58.008 W/art     ( 1119): Failed to find ELF magic in /system/framework/com.android.media.remotedisplay.odex: dey
03-11 16:20:58.008 I/GCoreUlr( 1282): Ensuring that reporting is stopped because of reasons: {account#-17#=[InactiveReason{mVersionCode=0, mIdentifier=6, mName='ReportingNotSelected'}]}
03-11 16:20:58.018 D/GCoreFlp( 1282): Unknown pending intent to remove.
03-11 16:20:58.018 I/GCoreUlr( 1282): Unbound from all location providers
03-11 16:20:58.018 I/MultiDex( 1119): load(/data/app/com.google.android.gms-1.apk, forceReload=false)
03-11 16:20:58.028 I/MultiDex( 1119): Need extracted file /data/data/com.google.android.gms/files/secondary-dexes/com.google.android.gms-1.apk.classes2.zip
03-11 16:20:58.028 I/MultiDex( 1119): No extraction needed for /data/data/com.google.android.gms/files/secondary-dexes/com.google.android.gms-1.apk.classes2.zip of size 1430457
03-11 16:20:58.098 W/GCM     ( 1119): Using fallback http
03-11 16:20:58.108 I/GoogleHttpClient( 1119): Falling back to old http client 0 java.lang.NoSuchMethodException: <init> [class android.content.Context, class java.lang.String, boolean]
03-11 16:20:58.118 I/GCM     ( 1119): GCM config loaded
03-11 16:20:58.118 D/GCM     ( 1119): GcmService start Intent { act=com.google.android.gms.INITIALIZE flg=0x10 pkg=com.google.android.gms cmp=com.google.android.gms/.gcm.GcmService } com.google.android.gms.INITIALIZE
03-11 16:20:58.118 D/GCM     ( 1119): GcmService start Intent { act=com.google.android.gms.INITIALIZE flg=0x10 pkg=com.google.android.gms cmp=com.google.android.gms/.gcm.GcmService } com.google.android.gms.INITIALIZE
03-11 16:20:58.138 W/art     (  178): Could not get current activity
03-11 16:20:58.148 I/ActivityManager(  776): Start proc com.google.android.gm for broadcast com.google.android.gm/.widget.GmailWidgetProvider: pid=1472 uid=10041 gids={50041, 3003, 1028, 1015}
03-11 16:20:58.148 D/ConnectivityService(  776): handleInetConditionChange: no active default network - ignore
03-11 16:20:58.238 D/ActivityThread( 1472): Loading provider com.android.gmail.ui: com.google.android.gm.provider.GmailProvider
03-11 16:20:58.318 W/art     ( 1119): Failed to find ELF magic in /system/priv-app/GoogleLoginService.odex: dey
03-11 16:20:58.418 W/GAV2    ( 1472): Thread[main,5,main]: Need to call initialize() and be in fallback mode to start dispatch.
03-11 16:20:58.458 I/ActivityManager(  776): Start proc com.google.android.calendar for broadcast com.google.android.calendar/com.android.calendar.widget.CalendarAppWidgetProvider: pid=1515 uid=10028 gids={50028, 3003}
03-11 16:20:58.538 I/Icing   ( 1255): Storage manager: low false usage 1.77MB avail 9.34GB capacity 10.68GB
03-11 16:20:58.588 I/ActivityManager(  776): Start proc com.android.providers.calendar for content provider com.android.providers.calendar/.CalendarProvider2: pid=1552 uid=10001 gids={50001, 3003, 1028, 1015}
03-11 16:20:58.618 W/art     ( 1552): Failed to find ELF magic in /system/framework/android.test.runner.odex: dey
03-11 16:20:58.618 W/art     ( 1552): Failed to find ELF magic in /system/priv-app/CalendarProvider.odex: dey
03-11 16:20:58.618 I/Gmail   ( 1472): calculateUnknownSyncRationalesAndPurgeInBackground: queueing
03-11 16:20:58.638 I/Gmail   ( 1472): calculateUnknownSyncRationalesAndPurgeInBackground: queueing
03-11 16:20:58.638 I/ActivityManager(  776): Start proc com.facebook.katana:dash_service for broadcast com.facebook.katana/com.facebook.keyguardservice.KeyguardServiceBooter: pid=1573 uid=10077 gids={50077, 1028, 1015, 3003}
03-11 16:20:58.648 I/Gmail   ( 1472): calculateUnknownSyncRationalesAndPurgeInBackground: running
03-11 16:20:58.668 I/Gmail   ( 1472): calculateUnknownSyncRationalesAndPurgeInBackground: running
03-11 16:20:58.688 W/art     ( 1573): Failed to find ELF magic in /system/framework/com.google.android.maps.odex: dey
03-11 16:20:58.808 I/CalendarProvider2( 1552): Created com.android.providers.calendar.CalendarAlarmManager@6554b048(com.android.providers.calendar.CalendarProvider2@6553ba50)
03-11 16:20:58.828 D/CatchMeIfYouCan( 1573): Process (dash_service) ca: '/data/data/com.facebook.katana/app_cmiyc/FC3D6AF0DCAD751E9720A8A1538A89840AD3817701'
03-11 16:20:58.828 D/CatchMeIfYouCan( 1573): Process (dash_service) fc: '/data/data/com.facebook.katana/app_cmiyc/FC3D6AF0DCAD751E9720A8A1538A89840AD3817702'
03-11 16:20:58.828 D/CatchMeIfYouCan( 1573): Process (dash_service) cp: '('default', 3, 120000, silent [true], restart [false], logout [false])'
03-11 16:20:58.878 D/ACRA    ( 1573): ACRA is enabled for com.facebook.katana, intializing...
03-11 16:20:58.888 D/ACRA    ( 1573): Looking for error files in /data/data/com.facebook.katana/app_acra-reports
03-11 16:20:58.888 D/ACRA    ( 1573): Looking for error files in /data/data/com.facebook.katana/app_minidumps
03-11 16:20:58.928 W/SystemClassLoaderAdder( 1573): Could not find zipFile entry corresponding to path /data/app/com.facebook.katana-1.apk
03-11 16:20:58.928 V/DexLibLoader( 1573): Preparing secondary program dexes.
03-11 16:20:58.938 V/DexLibLoader( 1573): Loaded 2 raw lines of metadata.
03-11 16:20:58.938 V/DexLibLoader( 1573): Secondary program dex metadata: secondary-1.dex.jar.xz 188f1cf98e7929d7457e2cdf72a0777981e1fc27 secondary.dex01.Canary
03-11 16:20:58.938 V/DexLibLoader( 1573): Secondary program dex metadata: secondary-2.dex.jar.xz 14314443648960c2f9d1e4924306d1af2de75315 secondary.dex02.Canary
03-11 16:20:58.938 W/DexLibLoader( 1573): Unexpected file in program dex directory: /data/data/com.facebook.katana/app_secondary_program_dex/temp_dex_lock
03-11 16:20:58.938 V/DexLibLoader( 1573): Preparing to extract secondary-1.dex.jar.xz to /data/data/com.facebook.katana/app_secondary_program_dex/program-188f1cf98e7929d7457e2cdf72a0777981e1fc2731a2345d.dex.jar
03-11 16:20:58.938 V/DexLibLoader( 1573): Dex already copied
03-11 16:20:58.938 D/OdexVerifier( 1573): Odex verification is skipped.
03-11 16:20:58.938 V/DexLibLoader( 1573): Creating class loader
03-11 16:20:58.948 V/DexLibLoader( 1573): Finished creating class loader
03-11 16:20:58.958 V/DexLibLoader( 1573): Preparing to extract secondary-2.dex.jar.xz to /data/data/com.facebook.katana/app_secondary_program_dex/program-14314443648960c2f9d1e4924306d1af2de7531531a2345d.dex.jar
03-11 16:20:58.958 V/DexLibLoader( 1573): Dex already copied
03-11 16:20:58.958 D/OdexVerifier( 1573): Odex verification is skipped.
03-11 16:20:58.958 V/DexLibLoader( 1573): Creating class loader
03-11 16:20:58.958 V/DexLibLoader( 1573): Finished creating class loader
03-11 16:20:58.958 V/DexLibLoader( 1573): Verifying classes from secondary dexes.
03-11 16:20:59.008 I/Icing   ( 1255): Internal init done: storage state 0
03-11 16:20:59.008 D/DexLibLoader( 1573): DexLibLoader.ensureDexLoaded took 90 ms
03-11 16:20:59.018 I/Icing   ( 1255): Post-init done
03-11 16:20:59.158 V/BufferedAnalyticsState( 1282): Not ready for upload, 576 seconds left.
03-11 16:20:59.288 D/AlarmManagerService(  776): Kernel timezone updated to -120 minutes west of GMT
03-11 16:20:59.288 D/        ( 1013): Setting time of day to sec=1394547660
03-11 16:21:00.002 W/        ( 1013): Unable to set rtc to 1394547660: Invalid argument
03-11 16:21:00.002 W/art     ( 1573): Verification of void com.facebook.katana.app.module.FbandroidAppModule.a() took 154.065728ms
03-11 16:21:00.142 D/AlarmManagerService(  776): Kernel timezone updated to -120 minutes west of GMT
03-11 16:21:00.152 D/MobileDataStateTracker(  776): fota: Broadcast received: android.intent.action.ANY_DATA_STATE apnType=fota
03-11 16:21:00.152 D/MobileDataStateTracker(  776): fota: Received state=DISCONNECTED, old=DISCONNECTED, reason=dataAttached
03-11 16:21:00.152 D/MobileDataStateTracker(  776): dun: Broadcast received: android.intent.action.ANY_DATA_STATE apnType=dun
03-11 16:21:00.152 D/MobileDataStateTracker(  776): dun: Received state=DISCONNECTED, old=DISCONNECTED, reason=dataAttached
03-11 16:21:00.152 D/MobileDataStateTracker(  776): ia: Broadcast received: android.intent.action.ANY_DATA_STATE apnType=ia
03-11 16:21:00.152 D/MobileDataStateTracker(  776): ia: Received state=DISCONNECTED, old=DISCONNECTED, reason=dataAttached
03-11 16:21:00.152 D/MobileDataStateTracker(  776): supl: Broadcast received: android.intent.action.ANY_DATA_STATE apnType=supl
03-11 16:21:00.162 D/MobileDataStateTracker(  776): supl: Received state=DISCONNECTED, old=DISCONNECTED, reason=dataAttached
03-11 16:21:00.162 D/MobileDataStateTracker(  776): hipri: Broadcast received: android.intent.action.ANY_DATA_STATE apnType=hipri
03-11 16:21:00.162 D/MobileDataStateTracker(  776): hipri: Received state=DISCONNECTED, old=DISCONNECTED, reason=dataAttached
03-11 16:21:00.162 D/MobileDataStateTracker(  776): ims: Broadcast received: android.intent.action.ANY_DATA_STATE apnType=ims
03-11 16:21:00.162 D/MobileDataStateTracker(  776): ims: Received state=DISCONNECTED, old=DISCONNECTED, reason=dataAttached
03-11 16:21:00.162 D/MobileDataStateTracker(  776): mms: Broadcast received: android.intent.action.ANY_DATA_STATE apnType=mms
03-11 16:21:00.162 D/MobileDataStateTracker(  776): mms: Received state=DISCONNECTED, old=DISCONNECTED, reason=dataAttached
03-11 16:21:00.162 D/MobileDataStateTracker(  776): cbs: Broadcast received: android.intent.action.ANY_DATA_STATE apnType=cbs
03-11 16:21:00.162 D/MobileDataStateTracker(  776): cbs: Received state=DISCONNECTED, old=DISCONNECTED, reason=dataAttached
03-11 16:21:00.172 D/MobileDataStateTracker(  776): default: Broadcast received: android.intent.action.ANY_DATA_STATE apnType=default
03-11 16:21:00.172 D/MobileDataStateTracker(  776): default: Received state=CONNECTING, old=DISCONNECTED, reason=dataAttached
03-11 16:21:00.172 D/MobileDataStateTracker(  776): default: setDetailed state, old =IDLE and new state=CONNECTING
03-11 16:21:00.172 D/MobileDataStateTracker(  776): fota: Broadcast received: android.intent.action.ANY_DATA_STATE apnType=fota
03-11 16:21:00.172 D/MobileDataStateTracker(  776): fota: Received state=DISCONNECTED, old=DISCONNECTED, reason=dataAttached
03-11 16:21:00.172 D/MobileDataStateTracker(  776): dun: Broadcast received: android.intent.action.ANY_DATA_STATE apnType=dun
03-11 16:21:00.172 D/MobileDataStateTracker(  776): dun: Received state=DISCONNECTED, old=DISCONNECTED, reason=dataAttached
03-11 16:21:00.172 D/MobileDataStateTracker(  776): ia: Broadcast received: android.intent.action.ANY_DATA_STATE apnType=ia
03-11 16:21:00.172 D/MobileDataStateTracker(  776): ia: Received state=DISCONNECTED, old=DISCONNECTED, reason=dataAttached
03-11 16:21:00.172 D/MobileDataStateTracker(  776): supl: Broadcast received: android.intent.action.ANY_DATA_STATE apnType=supl
03-11 16:21:00.172 D/MobileDataStateTracker(  776): supl: Received state=DISCONNECTED, old=DISCONNECTED, reason=dataAttached
03-11 16:21:00.172 D/MobileDataStateTracker(  776): hipri: Broadcast received: android.intent.action.ANY_DATA_STATE apnType=hipri
03-11 16:21:00.182 D/MobileDataStateTracker(  776): hipri: Received state=DISCONNECTED, old=DISCONNECTED, reason=dataAttached
03-11 16:21:00.182 D/MobileDataStateTracker(  776): ims: Broadcast received: android.intent.action.ANY_DATA_STATE apnType=ims
03-11 16:21:00.182 D/MobileDataStateTracker(  776): ims: Received state=DISCONNECTED, old=DISCONNECTED, reason=dataAttached
03-11 16:21:00.182 D/MobileDataStateTracker(  776): mms: Broadcast received: android.intent.action.ANY_DATA_STATE apnType=mms
03-11 16:21:00.182 D/MobileDataStateTracker(  776): mms: Received state=DISCONNECTED, old=DISCONNECTED, reason=dataAttached
03-11 16:21:00.182 D/MobileDataStateTracker(  776): cbs: Broadcast received: android.intent.action.ANY_DATA_STATE apnType=cbs
03-11 16:21:00.182 D/MobileDataStateTracker(  776): cbs: Received state=DISCONNECTED, old=DISCONNECTED, reason=dataAttached
03-11 16:21:00.552 I/CalendarProvider2( 1552): Sending notification intent: Intent { act=android.intent.action.PROVIDER_CHANGED dat=content://com.android.calendar }
03-11 16:21:00.552 W/ContentResolver( 1552): Failed to get type for: content://com.android.calendar (Unknown URL content://com.android.calendar)
03-11 16:21:00.682 I/art     ( 1573): GcCauseBackground sticky partial concurrent mark sweep GC freed 13315(908KB) AllocSpace objects, 0(0B) LOS objects, 4% free, 18MB/19MB, paused 8.702ms total 30.055ms
03-11 16:21:01.052 W/art     (  178): Could not get current activity
03-11 16:21:01.062 I/ActivityManager(  776): Start proc com.google.android.dialer for broadcast com.google.android.dialer/com.android.dialer.calllog.CallLogReceiver: pid=1651 uid=10008 gids={50008, 3003, 1028, 1015}
03-11 16:21:01.092 W/art     ( 1651): Failed to find ELF magic in /system/priv-app/GoogleDialer.odex: dey
03-11 16:21:01.182 E/ThermalEngine(  193): TM Id 'SKIN_THERMAL_management_1' Sensor 'xo_therm_pu2' - alarm raised 1 at 40.0 degC
03-11 16:21:01.182 E/ThermalEngine(  193): ACTION: LCD - Setting max LCD brightness to 229
03-11 16:21:01.182 I/ActivityManager(  776): Delay finish: com.google.android.dialer/com.android.dialer.calllog.CallLogReceiver
03-11 16:21:01.212 I/ActivityManager(  776): Start proc com.facebook.katana for content provider com.facebook.katana/.provider.orca.FbSharedPreferencesContentProvider: pid=1681 uid=10077 gids={50077, 1028, 1015, 3003}
03-11 16:21:01.222 I/ActivityManager(  776): Resuming delayed broadcast
03-11 16:21:01.232 D/BluetoothManagerService(  776): Message: 30
03-11 16:21:01.252 D/BluetoothManagerService(  776): Message: 30
03-11 16:21:01.252 E/WiredAccessoryManager(  776): No state change.
03-11 16:21:01.252 W/ContextImpl(  776): Calling a method in the system process without a qualified user: android.app.ContextImpl.bindService:1543 android.bluetooth.BluetoothHeadset.doBind:283 android.bluetooth.BluetoothHeadset.<init>:276 android.bluetooth.BluetoothAdapter.getProfileProxy:1181 android.media.AudioService.getBluetoothHeadset:2245 
03-11 16:21:01.252 W/ContextImpl(  776): Calling a method in the system process without a qualified user: android.app.ContextImpl.bindService:1543 android.bluetooth.BluetoothA2dp.doBind:165 android.bluetooth.BluetoothA2dp.<init>:158 android.bluetooth.BluetoothAdapter.getProfileProxy:1184 android.media.AudioService$AudioServiceBroadcastReceiver.onReceive:4166 
03-11 16:21:01.252 V/WiredAccessoryManager(  776): notifyWiredAccessoryChanged: when=0 bits= mask=14
03-11 16:21:01.252 V/WiredAccessoryManager(  776): newName=h2w newState=0 headsetState=0 prev headsetState=0
03-11 16:21:01.252 V/WiredAccessoryManager(  776): init()
03-11 16:21:01.262 I/RecoverySystem(  776): No recovery log file
03-11 16:21:01.262 I/PowerManagerService(  776): Boot animation finished.
03-11 16:21:01.272 W/art     ( 1681): Failed to find ELF magic in /system/framework/com.google.android.maps.odex: dey
03-11 16:21:01.292 I/BootReceiver(  776): Copying /proc/last_kmsg to DropBox (SYSTEM_LAST_KMSG)
03-11 16:21:01.312 I/ActivityManager(  776): Start proc com.google.android.configupdater for broadcast com.google.android.configupdater/.CertPin.CertPinUpdateRequestReceiver: pid=1714 uid=10002 gids={50002, 3003, 2001}
03-11 16:21:01.322 I/BootReceiver(  776): Copying audit failures to DropBox
03-11 16:21:01.322 I/BootReceiver(  776): Copied 3650 worth of audits to DropBox
03-11 16:21:01.332 I/BootReceiver(  776): Checking for fsck errors
03-11 16:21:01.342 W/art     ( 1714): Failed to find ELF magic in /system/priv-app/ConfigUpdater.odex: dey
03-11 16:21:01.342 D/CatchMeIfYouCan( 1681): Process (<default>) ca: '/data/user/0/com.facebook.katana/app_cmiyc/A1657CCD543F12E66E587EE52ED9D802E22AAC4701'
03-11 16:21:01.342 D/CatchMeIfYouCan( 1681): Process (<default>) fc: '/data/user/0/com.facebook.katana/app_cmiyc/A1657CCD543F12E66E587EE52ED9D802E22AAC4702'
03-11 16:21:01.342 D/CatchMeIfYouCan( 1681): Process (<default>) cp: '('default', 3, 120000, silent [true], restart [false], logout [false])'
03-11 16:21:01.352 D/ACRA    ( 1681): ACRA is enabled for com.facebook.katana, intializing...
03-11 16:21:01.372 D/ACRA    ( 1681): Looking for error files in /data/user/0/com.facebook.katana/app_acra-reports
03-11 16:21:01.372 D/ACRA    ( 1681): Looking for error files in /data/user/0/com.facebook.katana/app_minidumps
03-11 16:21:01.382 E/UpdateRequestReceiver( 1714): ignoring update request
03-11 16:21:01.382 E/UpdateRequestReceiver( 1714): ignoring update request
03-11 16:21:01.392 E/UpdateRequestReceiver( 1714): ignoring update request
03-11 16:21:01.392 W/SystemClassLoaderAdder( 1681): Could not find zipFile entry corresponding to path /data/app/com.facebook.katana-1.apk
03-11 16:21:01.392 V/DexLibLoader( 1681): Preparing secondary program dexes.
03-11 16:21:01.392 E/UpdateRequestReceiver( 1714): ignoring update request
03-11 16:21:01.402 V/DexLibLoader( 1681): Loaded 2 raw lines of metadata.
03-11 16:21:01.402 V/DexLibLoader( 1681): Secondary program dex metadata: secondary-1.dex.jar.xz 188f1cf98e7929d7457e2cdf72a0777981e1fc27 secondary.dex01.Canary
03-11 16:21:01.402 V/DexLibLoader( 1681): Secondary program dex metadata: secondary-2.dex.jar.xz 14314443648960c2f9d1e4924306d1af2de75315 secondary.dex02.Canary
03-11 16:21:01.402 E/UpdateRequestReceiver( 1714): ignoring update request
03-11 16:21:01.402 W/DexLibLoader( 1681): Unexpected file in program dex directory: /data/user/0/com.facebook.katana/app_secondary_program_dex/temp_dex_lock
03-11 16:21:01.402 E/UpdateRequestReceiver( 1714): ignoring update request
03-11 16:21:01.402 V/DexLibLoader( 1681): Preparing to extract secondary-1.dex.jar.xz to /data/user/0/com.facebook.katana/app_secondary_program_dex/program-188f1cf98e7929d7457e2cdf72a0777981e1fc2731a2345d.dex.jar
03-11 16:21:01.402 V/DexLibLoader( 1681): Dex already copied
03-11 16:21:01.402 D/OdexVerifier( 1681): Odex verification is skipped.
03-11 16:21:01.402 V/DexLibLoader( 1681): Creating class loader
03-11 16:21:01.402 I/ActivityManager(  776): Delay finish: com.android.providers.downloads/.DownloadReceiver
03-11 16:21:01.412 V/DexLibLoader( 1681): Finished creating class loader
03-11 16:21:01.412 V/DexLibLoader( 1681): Preparing to extract secondary-2.dex.jar.xz to /data/user/0/com.facebook.katana/app_secondary_program_dex/program-14314443648960c2f9d1e4924306d1af2de7531531a2345d.dex.jar
03-11 16:21:01.412 V/DexLibLoader( 1681): Dex already copied
03-11 16:21:01.412 D/OdexVerifier( 1681): Odex verification is skipped.
03-11 16:21:01.412 V/DexLibLoader( 1681): Creating class loader
03-11 16:21:01.412 V/DexLibLoader( 1681): Finished creating class loader
03-11 16:21:01.412 V/DexLibLoader( 1681): Verifying classes from secondary dexes.
03-11 16:21:01.412 I/ActivityManager(  776): Resuming delayed broadcast
03-11 16:21:01.422 D/DexLibLoader( 1681): DexLibLoader.ensureDexLoaded took 31 ms
03-11 16:21:01.432 I/ActivityManager(  776): Start proc com.google.android.onetimeinitializer for broadcast com.google.android.onetimeinitializer/.OneTimeInitializerReceiver: pid=1762 uid=10010 gids={50010}
03-11 16:21:01.472 W/art     ( 1762): Failed to find ELF magic in /system/priv-app/GoogleOneTimeInitializer.odex: dey
03-11 16:21:01.472 V/OneTimeInitializerReceiver( 1762): OneTimeInitializerReceiver.onReceive
03-11 16:21:01.472 V/OneTimeService( 1762): OneTimeService.onHandleIntent
03-11 16:21:01.472 I/ActivityManager(  776): Delay finish: com.google.android.onetimeinitializer/.OneTimeInitializerReceiver
03-11 16:21:01.482 I/ActivityManager(  776): Resuming delayed broadcast
03-11 16:21:01.492 I/ActivityManager(  776): Start proc com.google.android.partnersetup for broadcast com.google.android.partnersetup/.GooglePartnerSetup: pid=1788 uid=10011 gids={50011, 3003}
03-11 16:21:01.522 W/art     ( 1788): Failed to find ELF magic in /system/priv-app/GooglePartnerSetup.odex: dey
03-11 16:21:01.542 I/ActivityManager(  776): Delay finish: com.google.android.partnersetup/.GooglePartnerSetup
03-11 16:21:01.662 I/art     ( 1282): Heap trim of managed (duration=2.220469ms, advised=416KB) and native (duration=973.489us, advised=0B) heaps. Managed heap utilization of 58%.
03-11 16:21:01.682 I/ActivityManager(  776): Resuming delayed broadcast
03-11 16:21:01.692 I/ActivityManager(  776): Delay finish: com.google.android.partnersetup/.RlzPingBroadcastReceiver
03-11 16:21:01.712 W/art     ( 1681): Verification of void com.facebook.katana.app.module.FbandroidAppModule.a() took 139.826771ms
03-11 16:21:01.722 I/RlzPingService( 1788): Setting next ping for 1395152461728
03-11 16:21:01.732 I/ActivityManager(  776): Resuming delayed broadcast
03-11 16:21:01.732 I/ActivityManager(  776): Delay finish: com.google.android.gsf/.checkin.CheckinService$Receiver
03-11 16:21:01.752 I/ActivityManager(  776): Resuming delayed broadcast
03-11 16:21:01.762 I/ActivityManager(  776): Delay finish: com.google.android.gsf/.update.SystemUpdateService$Receiver
03-11 16:21:01.772 I/SystemUpdateService( 1119): cancelUpdate (empty URL)
03-11 16:21:01.782 I/SystemUpdateService( 1119): cancelUpdate (empty URL)
03-11 16:21:01.792 I/ActivityManager(  776): Resuming delayed broadcast
03-11 16:21:01.802 I/ActivityManager(  776): Delay finish: com.android.providers.media/.MediaScannerReceiver
03-11 16:21:02.532 I/ActivityManager(  776): Resuming delayed broadcast
03-11 16:21:02.562 I/ActivityManager(  776): Start proc com.android.cellbroadcastreceiver for broadcast com.android.cellbroadcastreceiver/.CellBroadcastReceiver: pid=1829 uid=10029 gids={50029}
03-11 16:21:02.632 W/art     ( 1829): Failed to find ELF magic in /system/app/CellBroadcastReceiver.odex: dey
03-11 16:21:02.642 D/CellBroadcastReceiver( 1829): onReceive Intent { act=android.intent.action.BOOT_COMPLETED flg=0x8000010 cmp=com.android.cellbroadcastreceiver/.CellBroadcastReceiver (has extras) }
03-11 16:21:02.642 D/CellBroadcastReceiver( 1829): Registering for ServiceState updates
03-11 16:21:02.652 D/CellBroadcastReceiver( 1829): Service state changed! 0 Full: 0 0 home Saunalahti Saunalahti 24405  UMTS UMTS CSS not supported -1 -1 RoamInd=-1 DefRoamInd=-1 EmergOnly=false
03-11 16:21:02.672 I/ActivityManager(  776): Start proc com.google.android.deskclock for broadcast com.google.android.deskclock/com.android.deskclock.AlarmInitReceiver: pid=1847 uid=10033 gids={50033, 1028}
03-11 16:21:02.692 D/CellBroadcastConfigService( 1829): enabling emergency cell broadcast channels
03-11 16:21:02.692 D/IccSmsInterfaceManager( 1013): [IccSmsInterfaceManager] enableGsmBroadcastRange
03-11 16:21:02.692 D/IccSmsInterfaceManager( 1013): [IccSmsInterfaceManager] Calling setGsmBroadcastConfig with 1 configurations
03-11 16:21:02.702 W/art     ( 1847): Failed to find ELF magic in /system/app/DeskClockGoogle.odex: dey
03-11 16:21:02.712 V/AlarmClock( 1847): AlarmInitReceiver android.intent.action.BOOT_COMPLETED
03-11 16:21:02.732 V/AlarmClock( 1847): AlarmInitReceiver - Reset timers and clear stopwatch data
03-11 16:21:02.752 I/AlarmClock( 1847): Displaying next alarm time: ''
03-11 16:21:02.752 V/AlarmClock( 1847): AlarmInitReceiver finished
03-11 16:21:02.752 W/art     ( 1681): Before Android 4.1, method void com.facebook.reflex.view.AbstractListView.invalidate(boolean) would have incorrectly overridden the package-private method in android.view.View
03-11 16:21:02.752 I/ActivityManager(  776): Delay finish: com.google.android.deskclock/com.android.deskclock.AlarmInitReceiver
03-11 16:21:02.772 W/art     ( 1681): Before Android 4.1, method void com.facebook.reflex.view.GalleryViewAutoReflex.invalidate(boolean) would have incorrectly overridden the package-private method in android.view.View
03-11 16:21:02.772 W/art     ( 1681): Before Android 4.1, method void com.facebook.reflex.view.GalleryView.invalidate(boolean) would have incorrectly overridden the package-private method in android.view.View
03-11 16:21:02.782 W/art     ( 1681): Before Android 4.1, method void com.facebook.reflex.view.HorizontalScrollViewAutoReflex.invalidate(boolean) would have incorrectly overridden the package-private method in android.view.View
03-11 16:21:02.782 W/art     ( 1681): Before Android 4.1, method void com.facebook.reflex.view.HorizontalScrollView.invalidate(boolean) would have incorrectly overridden the package-private method in android.view.View
03-11 16:21:02.792 W/art     ( 1681): Before Android 4.1, method void com.facebook.reflex.view.ImageViewAutoReflex.invalidate(boolean) would have incorrectly overridden the package-private method in android.view.View
03-11 16:21:02.801 W/art     ( 1681): Before Android 4.1, method void com.facebook.reflex.view.ScrollViewAutoReflex.invalidate(boolean) would have incorrectly overridden the package-private method in android.view.View
03-11 16:21:02.801 W/art     ( 1681): Before Android 4.1, method void com.facebook.reflex.view.ScrollView.invalidate(boolean) would have incorrectly overridden the package-private method in android.view.View
03-11 16:21:02.821 W/art     ( 1681): Before Android 4.1, method void com.facebook.reflex.view.ViewPagerAutoReflex.invalidate(boolean) would have incorrectly overridden the package-private method in android.view.View
03-11 16:21:02.821 W/art     ( 1681): Before Android 4.1, method void com.facebook.reflex.view.ViewPager.invalidate(boolean) would have incorrectly overridden the package-private method in android.view.View
03-11 16:21:03.312 W/GAV2    ( 1378): Thread[GAThread,5,main]: Service unavailable (code=1), will retry.
03-11 16:21:03.312 I/GAV2    ( 1378): Thread[GAThread,5,main]: No campaign data found.
03-11 16:21:03.312 W/ActivityManager(  776): Unable to start service Intent { act=com.google.android.gms.analytics.service.START cmp=com.google.android.gms/.analytics.service.AnalyticsService (has extras) } U=0: not found
03-11 16:21:03.342 D/IccSmsInterfaceManager( 1013): [IccSmsInterfaceManager] Added cell broadcast subscription for MID range 4352 to 4354 from client com.android.cellbroadcastreceiver
03-11 16:21:03.342 D/IccSmsInterfaceManager( 1013): [IccSmsInterfaceManager] Calling setCellBroadcastActivation(true)
03-11 16:21:03.342 D/IccSmsInterfaceManager( 1013): [IccSmsInterfaceManager] enableGsmBroadcastRange
03-11 16:21:03.342 D/IccSmsInterfaceManager( 1013): [IccSmsInterfaceManager] Calling setGsmBroadcastConfig with 2 configurations
03-11 16:21:03.772 W/art     ( 1681): Before Android 4.1, method void com.facebook.reflex.view.FrameLayoutAutoReflex.invalidate(boolean) would have incorrectly overridden the package-private method in android.view.View
03-11 16:21:03.772 W/art     ( 1681): Before Android 4.1, method void com.facebook.reflex.view.FrameLayout.invalidate(boolean) would have incorrectly overridden the package-private method in android.view.View
03-11 16:21:03.862 I/art     ( 1681): Heap trim of managed (duration=6.022865ms, advised=8KB) and native (duration=1.061667ms, advised=308KB) heaps. Managed heap utilization of 72%.
03-11 16:21:03.922 W/art     ( 1681): Before Android 4.1, method void com.facebook.messaging.reflex.SwipableOverlayLayoutAutoReflex.invalidate(boolean) would have incorrectly overridden the package-private method in android.view.View
03-11 16:21:03.922 W/art     ( 1681): Before Android 4.1, method void com.facebook.messaging.reflex.SwipableOverlayLayout.invalidate(boolean) would have incorrectly overridden the package-private method in android.view.View
03-11 16:21:04.112 E/FbInjectorInitializer( 1681): Multi-binding Key[type=com.facebook.common.init.INeedInit, annotation=[none]] wasn't declared.
03-11 16:21:04.122 W/GAV2    ( 1472): Thread[GAThread,5,main]: Service unavailable (code=1), will retry.
03-11 16:21:04.122 W/ActivityManager(  776): Unable to start service Intent { act=com.google.android.gms.analytics.service.START cmp=com.google.android.gms/.analytics.service.AnalyticsService (has extras) } U=0: not found
03-11 16:21:04.142 I/GAV2    ( 1472): Thread[GAThread,5,main]: No campaign data found.
03-11 16:21:04.392 W/fb4a(:<default>):BaseAnalyticsConfig( 1681): willEventBeLogged() called before shared prefs were initialized! Defaulting to true.
03-11 16:21:04.392 W/fb4a(:<default>):BaseAnalyticsConfig( 1681): willEventBeLogged() called before shared prefs were initialized! Defaulting to true.
03-11 16:21:04.691 W/fb4a(:dash_service):UserScope( 1573): Called user scoped provider with no viewer. ViewerContextManager was created with no ViewerContext. Using EmptyViewerContextManager to return fake logged in instance.
03-11 16:21:04.691 W/fb4a(:dash_service):ViewerContextManagerForUserScope( 1573): User no longer logged in. Original uid: 0, viewer context: null, is_logged_in: false. Returning original viewer context.
03-11 16:21:04.701 W/fb4a(:dash_service):UserScope( 1573): Called user scoped provider with no viewer. ViewerContextManager was created with no ViewerContext. Using EmptyViewerContextManager to return fake logged in instance.
03-11 16:21:04.721 I/ActivityManager(  776): Resuming delayed broadcast
03-11 16:21:04.741 W/art     (  178): Could not get current activity
03-11 16:21:04.751 I/ActivityManager(  776): Start proc com.google.android.email for broadcast com.google.android.email/com.android.email.service.EmailBroadcastReceiver: pid=1900 uid=10036 gids={50036, 3003, 1028, 1015}
03-11 16:21:04.751 D/MobileDataStateTracker(  776): default: Broadcast received: android.intent.action.ANY_DATA_STATE apnType=default
03-11 16:21:04.761 D/MobileDataStateTracker(  776): default: Received state=CONNECTING, old=CONNECTING, reason=(unspecified)
03-11 16:21:04.801 W/art     ( 1900): Failed to find ELF magic in /system/app/EmailGoogle.odex: dey
03-11 16:21:04.801 W/fb4a(:<default>):UserScope( 1681): Called user scoped provider with no viewer. ViewerContextManager was created with no ViewerContext. Using EmptyViewerContextManager to return fake logged in instance.
03-11 16:21:04.801 W/fb4a(:<default>):ViewerContextManagerForUserScope( 1681): User no longer logged in. Original uid: 0, viewer context: null, is_logged_in: false. Returning original viewer context.
03-11 16:21:04.801 W/fb4a(:<default>):UserScope( 1681): Called user scoped provider with no viewer. ViewerContextManager was created with no ViewerContext. Using EmptyViewerContextManager to return fake logged in instance.
03-11 16:21:04.841 D/MobileDataStateTracker(  776): default: Broadcast received: android.intent.action.ANY_DATA_STATE apnType=default
03-11 16:21:04.841 D/MobileDataStateTracker(  776): default: Received state=CONNECTED, old=CONNECTING, reason=connected
03-11 16:21:04.841 D/MobileDataStateTracker(  776): default: setDetailed state, old =CONNECTING and new state=CONNECTED
03-11 16:21:04.841 D/ConnectivityService(  776): ConnectivityChange for mobile: CONNECTED/CONNECTED
03-11 16:21:04.841 D/ConnectivityService(  776): ConnectivityChange checkMobileProvisioning for TYPE_MOBILE or ProvisioningNetwork
03-11 16:21:04.841 D/ConnectivityService(  776): checkMobileProvisioning: E suggestedTimeOutMs=60000
03-11 16:21:04.841 D/ConnectivityService(  776): setProvNotificationVisible: E visible=false networkType=5 extraInfo=null url=null
03-11 16:21:04.841 D/ConnectivityService(  776): checkMobileProvisioning: params={ url=http://clients3.google.com/generate_204 mTimeOutMs=60000 mCb=com.android.server.ConnectivityService$5@65a7c3c0}
03-11 16:21:04.841 D/ConnectivityService(  776): checkMobileProvisioning: X
03-11 16:21:04.851 D/MobileDataStateTracker(  776): default: isProvisioningNetwork: retVal=false
03-11 16:21:04.851 D/ConnectivityService(  776): [CheckMp] isMobileOk: isDefaultProvisioning=false
03-11 16:21:04.851 D/Nat464Xlat(  776): requiresClat: netType=0, hasIPv4Address=true
03-11 16:21:04.851 D/MobileDataStateTracker(  776): hipri: isProvisioningNetwork: retVal=false
03-11 16:21:04.851 D/ConnectivityService(  776): [CheckMp] isMobileOk: isHipriProvisioning=false
03-11 16:21:04.851 D/ConnectivityService(  776): [CheckMp] isMobileOk: start hipri url=http://clients3.google.com/generate_204
03-11 16:21:04.861 D/ConnectivityService(  776): startUsingNetworkFeature reconnecting to 0: enableHIPRI
03-11 16:21:04.861 D/ConnectivityService(  776): startUsingNetworkFeature X: return APN_REQUEST_STARTED
03-11 16:21:04.861 D/ConnectivityService(  776): [CheckMp] isMobileOk: hipri started
03-11 16:21:04.861 D/ConnectivityService(  776): [CheckMp] isMobileOk: not connected ni=NetworkInfo: type: mobile_hipri[UMTS], state: DISCONNECTED/IDLE, reason: (unspecified), extra: (none), roaming: false, failover: false, isAvailable: true, isConnectedToProvisioningNetwork: false
03-11 16:21:04.861 D/MobileDataStateTracker(  776): hipri: Broadcast received: android.intent.action.ANY_DATA_STATE apnType=hipri
03-11 16:21:04.861 D/MobileDataStateTracker(  776): hipri: Received state=CONNECTING, old=DISCONNECTED, reason=dataEnabled
03-11 16:21:04.861 D/MobileDataStateTracker(  776): hipri: setDetailed state, old =IDLE and new state=CONNECTING
03-11 16:21:04.861 D/MobileDataStateTracker(  776): fota: Broadcast received: android.intent.action.ANY_DATA_STATE apnType=fota
03-11 16:21:04.861 D/MobileDataStateTracker(  776): fota: Received state=DISCONNECTED, old=DISCONNECTED, reason=dataEnabled
03-11 16:21:04.861 D/MobileDataStateTracker(  776): dun: Broadcast received: android.intent.action.ANY_DATA_STATE apnType=dun
03-11 16:21:04.861 D/MobileDataStateTracker(  776): dun: Received state=DISCONNECTED, old=DISCONNECTED, reason=dataEnabled
03-11 16:21:04.871 D/MobileDataStateTracker(  776): ia: Broadcast received: android.intent.action.ANY_DATA_STATE apnType=ia
03-11 16:21:04.871 D/MobileDataStateTracker(  776): ia: Received state=DISCONNECTED, old=DISCONNECTED, reason=dataEnabled
03-11 16:21:04.871 D/MobileDataStateTracker(  776): supl: Broadcast received: android.intent.action.ANY_DATA_STATE apnType=supl
03-11 16:21:04.871 D/MobileDataStateTracker(  776): supl: Received state=DISCONNECTED, old=DISCONNECTED, reason=dataEnabled
03-11 16:21:04.871 D/MobileDataStateTracker(  776): ims: Broadcast received: android.intent.action.ANY_DATA_STATE apnType=ims
03-11 16:21:04.871 D/MobileDataStateTracker(  776): ims: Received state=DISCONNECTED, old=DISCONNECTED, reason=dataEnabled
03-11 16:21:04.871 D/MobileDataStateTracker(  776): mms: Broadcast received: android.intent.action.ANY_DATA_STATE apnType=mms
03-11 16:21:04.871 D/MobileDataStateTracker(  776): mms: Received state=DISCONNECTED, old=DISCONNECTED, reason=dataEnabled
03-11 16:21:04.871 D/MobileDataStateTracker(  776): cbs: Broadcast received: android.intent.action.ANY_DATA_STATE apnType=cbs
03-11 16:21:04.871 D/MobileDataStateTracker(  776): cbs: Received state=DISCONNECTED, old=DISCONNECTED, reason=dataEnabled
03-11 16:21:04.871 D/MobileDataStateTracker(  776): hipri: Broadcast received: android.intent.action.ANY_DATA_STATE apnType=hipri
03-11 16:21:04.871 D/MobileDataStateTracker(  776): hipri: Received state=CONNECTED, old=CONNECTING, reason=dataEnabled
03-11 16:21:04.871 D/MobileDataStateTracker(  776): hipri: setDetailed state, old =CONNECTING and new state=CONNECTED
