03-11 16:21:17.031 I/ActivityManager(  776): Resuming delayed broadcast
03-11 16:21:17.051 I/ActivityManager(  776): Delay finish: com.google.android.music/.store.MediaStoreImportService$Receiver
03-11 16:21:17.111 I/ActivityManager(  776): Start proc android.process.media for content provider com.android.providers.media/.MediaProvider: pid=2897 uid=10005 gids={50005, 1028, 1015, 1023, 1024, 2001, 3003, 3007}
03-11 16:21:17.141 W/art     ( 2897): Failed to find ELF magic in /system/priv-app/MediaProvider.odex: dey
03-11 16:21:17.141 W/art     ( 2897): Failed to find ELF magic in /system/priv-app/DownloadProvider.odex: dey
03-11 16:21:17.251 I/MediaStoreImporter( 2855): Update: incremental Added music: 0 Updated music: 0 Deleted music: 0 Created playlists: 0 Updated playlists: 0 Deleted playlists: 0 Inserted playlist items: 0 Deleted playlist items: 0 Removed orphaned playlist items: 0
03-11 16:21:17.251 I/ActivityManager(  776): Resuming delayed broadcast
03-11 16:21:17.261 I/ActivityManager(  776): Killing 2374:com.google.android.talk/u0a51 (adj 15): empty #17
03-11 16:21:17.301 I/ActivityManager(  776): Start proc com.google.android.email for broadcast com.google.android.email/com.android.email.provider.WidgetProvider: pid=2919 uid=10036 gids={50036, 3003, 1028, 1015}
03-11 16:21:17.331 W/art     ( 2919): Failed to find ELF magic in /system/app/EmailGoogle.odex: dey
03-11 16:21:17.381 D/ActivityThread( 2919): Loading provider com.google.android.email.provider;com.google.android.email.notifier: com.android.email.provider.EmailProvider
03-11 16:21:17.421 D/ActivityThread( 2919): Loading provider com.google.android.email.provider;com.google.android.email.notifier: com.android.email.provider.EmailProvider
03-11 16:21:17.421 D/ActivityThread( 2919): Loading provider com.google.android.email.provider;com.google.android.email.notifier: com.android.email.provider.EmailProvider
03-11 16:21:17.451 I/ActivityManager(  776): Killing 2409:eu.chainfire.supersu/u0a74 (adj 15): empty #17
03-11 16:21:17.471 D/MobileDataStateTracker(  776): default: setPolicyDataEnable(enabled=true)
03-11 16:21:17.481 I/ActivityManager(  776): Delay finish: com.android.providers.calendar/.CalendarProviderBroadcastReceiver
03-11 16:21:17.511 W/ActivityManager(  776): Unable to start service Intent { cmp=com.google.android.email/com.android.email.service.AttachmentDownloadService } U=0: not found
03-11 16:21:17.511 I/ActivityManager(  776): Resuming delayed broadcast
03-11 16:21:17.521 I/Email   ( 2919): Observing account changes for notifications
03-11 16:21:17.551 I/ActivityManager(  776): Start proc com.google.android.gallery3d for broadcast com.google.android.gallery3d/com.google.android.picasasync.ConnectivityReceiver: pid=2952 uid=10039 gids={50039, 3003, 1028, 1015}
03-11 16:21:17.571 W/ActivityManager(  776): Unable to start service Intent { cmp=com.google.android.email/com.android.email.service.AttachmentDownloadService } U=0: not found
03-11 16:21:17.571 W/ActivityManager(  776): Unable to start service Intent { cmp=com.google.android.email/com.android.email.service.AttachmentDownloadService } U=0: not found
03-11 16:21:17.571 W/ActivityManager(  776): Unable to start service Intent { cmp=com.google.android.email/com.android.email.service.AttachmentDownloadService } U=0: not found
03-11 16:21:17.581 W/art     ( 2952): Failed to find ELF magic in /system/framework/com.google.android.media.effects.odex: dey
03-11 16:21:17.581 W/art     ( 2952): Failed to find ELF magic in /system/app/GalleryGoogle.odex: dey
03-11 16:21:17.831 I/art     (  776): Heap trim of managed (duration=9.434271ms, advised=3MB) and native (duration=3.134687ms, advised=572KB) heaps. Managed heap utilization of 58%.
03-11 16:21:17.911 D/GCM     ( 1119): Connected
03-11 16:21:17.931 I/GCM     ( 1119): GCM message com.google.android.gsf.gtalkservice 
03-11 16:21:17.951 D/GCM     ( 1119): Message class hwi
03-11 16:21:18.011 D/GCM     ( 1119): GcmService start Intent { act=android.net.conn.CONNECTIVITY_CHANGE flg=0x4000010 cmp=com.google.android.gms/.gcm.GcmService (has extras) } android.net.conn.CONNECTIVITY_CHANGE
03-11 16:21:18.021 W/art     (  178): Could not get current activity
03-11 16:21:18.031 I/ActivityManager(  776): Start proc com.google.android.apps.magazines for broadcast com.google.android.apps.magazines/com.google.apps.dots.android.newsstand.appwidget.NewsWidgetProvider: pid=2991 uid=10056 gids={50056, 3003, 1028, 1015}
03-11 16:21:18.041 I/ActivityManager(  776): Killing 2433:com.google.android.youtube/u0a71 (adj 15): empty #17
03-11 16:21:18.081 D/UploadsManager( 2952):    wifiOnlyPhoto changed to true
03-11 16:21:18.081 D/UploadsManager( 2952):    wifiOnlyVideo changed to true
03-11 16:21:18.081 D/UploadsManager( 2952):    syncOnBattery changed to true
03-11 16:21:18.091 D/PicasaSync( 2952): sync account database
03-11 16:21:18.161 I/Icing   ( 1255): Indexing DFBA040CFE63555BF40C028A21AB1505A9843DE0 from com.google.android.music
03-11 16:21:18.161 V/WebViewChromium( 2991): Binding Chromium to the background looper Looper (main, tid 1) {6551d588}
03-11 16:21:18.171 I/chromium( 2991): [INFO:library_loader_hooks.cc(112)] Chromium logging enabled: level = 0, default verbosity = 0
03-11 16:21:18.171 I/BrowserProcessMain( 2991): Initializing chromium process, renderers=0
03-11 16:21:18.171 W/art     ( 2991): Attempt to remove local SIRT entry from IRT, ignoring
03-11 16:21:18.181 W/art     ( 2991): Thread[13,tid=3021,Native,Thread*=0x498e0968,peer=0x655ca978,"Thread-281"] attached without supplying a name
03-11 16:21:18.181 W/art     ( 2991): Thread[14,tid=3022,Native,Thread*=0x49ae21a8,peer=0x655cabd8,"Thread-282"] attached without supplying a name
03-11 16:21:18.181 W/chromium( 2991): [WARNING:proxy_service.cc(888)] PAC support disabled because there is no system implementation
03-11 16:21:18.191 I/Adreno-EGL( 2991): <qeglDrvAPI_eglInitialize:320>: EGL 1.4 QUALCOMM Build: I0404c4692afb8623f95c43aeb6d5e13ed4b30ddbDate: 11/06/13
03-11 16:21:18.201 D/PicasaSync( 2952): accounts in DB=1
03-11 16:21:18.211 D/PicasaSyncManager( 2952): background data: true
03-11 16:21:18.221 W/art     ( 2991): Thread[15,tid=3016,Native,Thread*=0x4a273008,peer=0x655d3c10,"Thread-283"] attached without supplying a name
03-11 16:21:18.231 D/PicasaSyncManager( 2952): reject MetadataSyncTask (****************************) for non-wifi connection
03-11 16:21:18.241 D/PicasaSyncManager( 2952): battery info: true
03-11 16:21:18.241 W/art     ( 2991): Attempt to remove local SIRT entry from IRT, ignoring
03-11 16:21:18.251 D/PicasaSyncManager( 2952): reject MetadataSyncTask (****************************) for non-wifi connection
03-11 16:21:18.251 I/Icing   ( 1255): Indexing done DFBA040CFE63555BF40C028A21AB1505A9843DE0
03-11 16:21:18.291 W/GAV2    ( 2991): Thread[main,5,main]: Need to call initialize() and be in fallback mode to start dispatch.
03-11 16:21:18.411 I/NSApplication( 2991): Starting up...
03-11 16:21:18.421 D/ConnectivityService(  776): handleInetConditionHoldEnd: net=0, condition=0, published condition=0
03-11 16:21:18.471 I/ActivityManager(  776): Start proc com.google.android.youtube for broadcast com.google.android.youtube/com.google.android.apps.youtube.app.prefetch.PrefetchService$DeviceStateReceiver: pid=3040 uid=10071 gids={50071, 3003, 1028, 1015}
03-11 16:21:18.471 I/ActivityManager(  776): Killing 1788:com.google.android.partnersetup/u0a11 (adj 15): empty #17
03-11 16:21:18.561 D/YouTube ( 3040): apps.youtube.core.utils.bh.a:41 HttpClient.UserAgent: com.google.android.youtube/5.3.32(Linux; U; Android 4.4.2; en_US; Nexus 5 Build/KOT49H)
03-11 16:21:18.581 D/YouTube ( 3040): apps.youtube.core.utils.bh.a:41 HttpClient.UserAgent: com.google.android.youtube/5.3.32(Linux; U; Android 4.4.2; en_US; Nexus 5 Build/KOT49H)
03-11 16:21:18.691 D/YouTube ( 3040): apps.youtube.core.client.y.a:114 event [version=5.3.32-s2000, action=Startup, label=NORMAL_STARTUP, value=-1]
03-11 16:21:18.731 D/YouTube ( 3040): apps.youtube.core.cache.f.run:163 Cache is below limit, no need to shrink: [size=1653501, limit=20971520]
03-11 16:21:18.861 I/dex2oat ( 3075): dex2oat: /data/data/com.google.android.youtube/cache/ads1942504215.dex
03-11 16:21:19.001 I/GoogleConversionPing( 3040): Pinging: http://www.googleadservices.com/pagead/conversion/1001680686/?label=4dahCKKczAYQrt7R3QM&value=&muid=htvkUmllSKdBco3N4TeCHQ&bundleid=com.google.android.youtube&appversion=5.3.32&osversion=4.4.2&sdkversion=ct-sdk-a-v1.1.0&remarketing_only=1&timestamp=1394547679&data=screen_name%3D%3CAndroid_YT_Open_App%3E
03-11 16:21:19.081 D/YouTube ( 3040): apps.youtube.app.prefetch.PrefetchService$DeviceStateReceiver.onReceive:565 Got device state change intent: android.net.conn.CONNECTIVITY_CHANGE
03-11 16:21:19.091 D/YouTube ( 3040): apps.youtube.core.transfer.TransferService.onCreate:108 creating transfer service
03-11 16:21:19.101 I/ActivityManager(  776): Start proc com.google.android.apps.plus for broadcast com.google.android.apps.plus/.service.ConnectivityReceiver: pid=3100 uid=10063 gids={50063, 3003, 3002, 1028, 1015}
03-11 16:21:19.131 D/YouTube ( 3040): apps.youtube.app.prefetch.PrefetchService.onStartCommand:167 PrefetchService started at 11 Mar 2014 14:21:19 GMT
03-11 16:21:19.131 D/YouTube ( 3040): apps.youtube.app.prefetch.PrefetchService.p_:245 Download snapshot restored
03-11 16:21:19.131 W/art     ( 3100): Failed to find ELF magic in /system/framework/com.google.android.maps.odex: dey
03-11 16:21:19.141 D/YouTube ( 3040): apps.youtube.app.prefetch.PrefetchService.onDestroy:215 PrefetchService destroyed at 11 Mar 2014 14:21:19 GMT
03-11 16:21:19.141 I/ActivityManager(  776): Killing 2547:com.google.android.googlequicksearchbox:search/u0a19 (adj 15): empty #17
03-11 16:21:19.161 I/GoogleConversionPing( 3040): Ping responded with response code 200
03-11 16:21:19.171 W/GLSUser ( 1119): GoogleAccountDataService.getToken()
03-11 16:21:19.501 I/ImageResourceManager( 3100): ImageResourceManager: uninitalized
03-11 16:21:19.511 I/iu.Environment( 3100): update battery state; isPlugged? true*
03-11 16:21:19.521 I/iu.Environment( 3100): update connectivity state; isNetworkMetered? true*, isRoaming? false, isBackgroundDataAllowed? true*
03-11 16:21:19.521 I/iu.Environment( 3100): update connectivity state; isNetworkMetered? true, isRoaming? false, isBackgroundDataAllowed? true
03-11 16:21:19.541 I/ActivityManager(  776): Start proc com.facebook.katana for broadcast com.facebook.katana/com.facebook.vault.service.VaultConnectivityChangeReceiver: pid=3132 uid=10077 gids={50077, 1028, 1015, 3003}
03-11 16:21:19.541 I/ActivityManager(  776): Killing 2611:org.mozilla.fennec/u0a75 (adj 15): empty #17
03-11 16:21:19.601 I/iu.UploadsManager( 3100): #reloadSettings(); account: null; pageID: none; IU: disabled; IS: disabled; photoWiFi: true; videoWiFi: true; roam: false; battery: true; size: FULL; maxMobile: 157286400
03-11 16:21:19.601 W/art     ( 3132): Failed to find ELF magic in /system/framework/com.google.android.maps.odex: dey
03-11 16:21:19.631 I/iu.FingerprintManager( 3100): Start processing all media
03-11 16:21:19.631 I/iu.FingerprintManager( 3100): Start processing media store URI: content://media/external/images/media
03-11 16:21:19.641 I/iu.UploadsManager( 3100): End new media; added: 0, uploading: 0, time: 39 ms
03-11 16:21:19.651 I/iu.FingerprintManager( 3100): Start processing media store URI: content://media/external/video/media
03-11 16:21:19.651 I/iu.FingerprintManager( 3100): Start processing media store URI: content://media/phoneStorage/images/media
03-11 16:21:19.651 I/iu.FingerprintManager( 3100): Start processing media store URI: content://media/phoneStorage/video/media
03-11 16:21:19.661 I/iu.FingerprintManager( 3100): Finished generating fingerprints; 0.026 seconds
03-11 16:21:19.661 I/iu.FingerprintManager( 3100):   numSeen=178 numGenerated=0 numDeleted=0 numFailed=0
03-11 16:21:19.661 D/CatchMeIfYouCan( 3132): Process (<default>) ca: '/data/data/com.facebook.katana/app_cmiyc/A1657CCD543F12E66E587EE52ED9D802E22AAC4701'
03-11 16:21:19.661 D/CatchMeIfYouCan( 3132): Process (<default>) fc: '/data/data/com.facebook.katana/app_cmiyc/A1657CCD543F12E66E587EE52ED9D802E22AAC4702'
03-11 16:21:19.661 D/CatchMeIfYouCan( 3132): Process (<default>) cp: '('default', 3, 120000, silent [true], restart [false], logout [false])'
03-11 16:21:19.671 D/ACRA    ( 3132): ACRA is enabled for com.facebook.katana, intializing...
03-11 16:21:19.681 D/ACRA    ( 3132): Looking for error files in /data/data/com.facebook.katana/app_acra-reports
03-11 16:21:19.681 D/ACRA    ( 3132): Looking for error files in /data/data/com.facebook.katana/app_minidumps
03-11 16:21:19.701 W/SystemClassLoaderAdder( 3132): Could not find zipFile entry corresponding to path /data/app/com.facebook.katana-1.apk
03-11 16:21:19.701 V/DexLibLoader( 3132): Preparing secondary program dexes.
03-11 16:21:19.701 V/DexLibLoader( 3132): Loaded 2 raw lines of metadata.
03-11 16:21:19.701 V/DexLibLoader( 3132): Secondary program dex metadata: secondary-1.dex.jar.xz 188f1cf98e7929d7457e2cdf72a0777981e1fc27 secondary.dex01.Canary
03-11 16:21:19.701 V/DexLibLoader( 3132): Secondary program dex metadata: secondary-2.dex.jar.xz 14314443648960c2f9d1e4924306d1af2de75315 secondary.dex02.Canary
03-11 16:21:19.701 W/DexLibLoader( 3132): Unexpected file in program dex directory: /data/data/com.facebook.katana/app_secondary_program_dex/temp_dex_lock
03-11 16:21:19.701 V/DexLibLoader( 3132): Preparing to extract secondary-1.dex.jar.xz to /data/data/com.facebook.katana/app_secondary_program_dex/program-188f1cf98e7929d7457e2cdf72a0777981e1fc2731a2345d.dex.jar
03-11 16:21:19.701 V/DexLibLoader( 3132): Dex already copied
03-11 16:21:19.701 D/OdexVerifier( 3132): Odex verification is skipped.
03-11 16:21:19.701 V/DexLibLoader( 3132): Creating class loader
03-11 16:21:19.711 V/DexLibLoader( 3132): Finished creating class loader
03-11 16:21:19.711 V/DexLibLoader( 3132): Preparing to extract secondary-2.dex.jar.xz to /data/data/com.facebook.katana/app_secondary_program_dex/program-14314443648960c2f9d1e4924306d1af2de7531531a2345d.dex.jar
03-11 16:21:19.711 V/DexLibLoader( 3132): Dex already copied
03-11 16:21:19.711 D/OdexVerifier( 3132): Odex verification is skipped.
03-11 16:21:19.711 V/DexLibLoader( 3132): Creating class loader
03-11 16:21:19.711 V/DexLibLoader( 3132): Finished creating class loader
03-11 16:21:19.711 V/DexLibLoader( 3132): Verifying classes from secondary dexes.
03-11 16:21:19.711 D/DexLibLoader( 3132): DexLibLoader.ensureDexLoaded took 20 ms
03-11 16:21:19.941 W/art     ( 3132): Verification of void com.facebook.katana.app.module.FbandroidAppModule.a() took 125.370573ms
03-11 16:21:20.211 I/art     ( 3132): Heap trim of managed (duration=1.717968ms, advised=56KB) and native (duration=1.071563ms, advised=48KB) heaps. Managed heap utilization of 68%.
03-11 16:21:20.891 W/art     ( 3132): Before Android 4.1, method void com.facebook.reflex.view.AbstractListView.invalidate(boolean) would have incorrectly overridden the package-private method in android.view.View
03-11 16:21:20.901 W/art     ( 3132): Before Android 4.1, method void com.facebook.reflex.view.GalleryViewAutoReflex.invalidate(boolean) would have incorrectly overridden the package-private method in android.view.View
03-11 16:21:20.911 W/art     ( 3132): Before Android 4.1, method void com.facebook.reflex.view.GalleryView.invalidate(boolean) would have incorrectly overridden the package-private method in android.view.View
03-11 16:21:20.911 I/ActivityManager(  776): Waited long enough for: ServiceRecord{65dc6960 u0 com.qualcomm.qcrilmsgtunnel/.QcrilMsgTunnelService}
03-11 16:21:20.921 W/art     ( 3132): Before Android 4.1, method void com.facebook.reflex.view.HorizontalScrollViewAutoReflex.invalidate(boolean) would have incorrectly overridden the package-private method in android.view.View
03-11 16:21:20.921 W/art     ( 3132): Before Android 4.1, method void com.facebook.reflex.view.HorizontalScrollView.invalidate(boolean) would have incorrectly overridden the package-private method in android.view.View
03-11 16:21:20.931 W/art     ( 3132): Before Android 4.1, method void com.facebook.reflex.view.ImageViewAutoReflex.invalidate(boolean) would have incorrectly overridden the package-private method in android.view.View
03-11 16:21:20.941 W/art     ( 3132): Before Android 4.1, method void com.facebook.reflex.view.ScrollViewAutoReflex.invalidate(boolean) would have incorrectly overridden the package-private method in android.view.View
03-11 16:21:20.951 W/art     ( 3132): Before Android 4.1, method void com.facebook.reflex.view.ScrollView.invalidate(boolean) would have incorrectly overridden the package-private method in android.view.View
03-11 16:21:20.971 W/art     ( 3132): Before Android 4.1, method void com.facebook.reflex.view.ViewPagerAutoReflex.invalidate(boolean) would have incorrectly overridden the package-private method in android.view.View
03-11 16:21:20.971 W/art     ( 3132): Before Android 4.1, method void com.facebook.reflex.view.ViewPager.invalidate(boolean) would have incorrectly overridden the package-private method in android.view.View
03-11 16:21:21.441 D/AlertService( 1515): Beginning updateAlertNotification
03-11 16:21:21.451 D/AlertService( 1515): No fired or scheduled alerts
03-11 16:21:21.461 D/AlertService( 1515): Scheduling next alarm with AlarmScheduler. sEventReminderReceived: null
03-11 16:21:21.471 D/AlarmScheduler( 1515): Query result count for events starting within 1 week: 3
03-11 16:21:21.551 I/ActivityManager(  776): Killing 2667:com.laurencedawson.reddit_sync:remote/u0a80 (adj 15): empty #17
03-11 16:21:21.961 W/art     ( 3132): Before Android 4.1, method void com.facebook.reflex.view.FrameLayoutAutoReflex.invalidate(boolean) would have incorrectly overridden the package-private method in android.view.View
03-11 16:21:21.961 W/art     ( 3132): Before Android 4.1, method void com.facebook.reflex.view.FrameLayout.invalidate(boolean) would have incorrectly overridden the package-private method in android.view.View
03-11 16:21:22.111 W/art     ( 3132): Before Android 4.1, method void com.facebook.messaging.reflex.SwipableOverlayLayoutAutoReflex.invalidate(boolean) would have incorrectly overridden the package-private method in android.view.View
03-11 16:21:22.121 W/art     ( 3132): Before Android 4.1, method void com.facebook.messaging.reflex.SwipableOverlayLayout.invalidate(boolean) would have incorrectly overridden the package-private method in android.view.View
03-11 16:21:22.331 E/FbInjectorInitializer( 3132): Multi-binding Key[type=com.facebook.common.init.INeedInit, annotation=[none]] wasn't declared.
03-11 16:21:22.681 W/fb4a(:<default>):BaseAnalyticsConfig( 3132): willEventBeLogged() called before shared prefs were initialized! Defaulting to true.
03-11 16:21:22.681 W/fb4a(:<default>):BaseAnalyticsConfig( 3132): willEventBeLogged() called before shared prefs were initialized! Defaulting to true.
03-11 16:21:22.811 W/fb4a(:<default>):UserScope( 3132): Called user scoped provider with no viewer. ViewerContextManager was created with no ViewerContext. Using EmptyViewerContextManager to return fake logged in instance.
03-11 16:21:22.811 W/fb4a(:<default>):ViewerContextManagerForUserScope( 3132): User no longer logged in. Original uid: 0, viewer context: null, is_logged_in: false. Returning original viewer context.
03-11 16:21:22.821 W/fb4a(:<default>):UserScope( 3132): Called user scoped provider with no viewer. ViewerContextManager was created with no ViewerContext. Using EmptyViewerContextManager to return fake logged in instance.
03-11 16:21:22.951 W/art     (  178): Could not get current activity
03-11 16:21:22.961 I/ActivityManager(  776): Start proc com.devhd.feedly for broadcast com.devhd.feedly/.widget.FeedlyWidgetProvider: pid=3178 uid=10088 gids={50088, 3003, 1028, 1015}
03-11 16:21:22.961 I/ActivityManager(  776): Killing 2706:com.laurencedawson.reddit_sync/u0a80 (adj 15): empty #17
03-11 16:21:22.971 W/GAV2    ( 2952): Thread[GAThread,5,main]: Service unavailable (code=1), will retry.
03-11 16:21:22.971 W/ActivityManager(  776): Unable to start service Intent { act=com.google.android.gms.analytics.service.START cmp=com.google.android.gms/.analytics.service.AnalyticsService (has extras) } U=0: not found
03-11 16:21:22.981 I/GAV2    ( 2952): Thread[GAThread,5,main]: No campaign data found.
03-11 16:21:23.081 I/widget.provider( 3178): com.devhd.feedly.widget.FeedlyWidgetProvider onReceive: android.net.conn.CONNECTIVITY_CHANGE
03-11 16:21:23.081 W/widget.data( 3178): **** creating widget[0] data model object ****
03-11 16:21:23.131 D/GCM     ( 1119): GcmService start Intent { act=android.net.conn.CONNECTIVITY_CHANGE flg=0x4000010 cmp=com.google.android.gms/.gcm.GcmService (has extras) } android.net.conn.CONNECTIVITY_CHANGE
03-11 16:21:23.131 D/YouTube ( 3040): apps.youtube.app.prefetch.PrefetchService$DeviceStateReceiver.onReceive:565 Got device state change intent: android.net.conn.CONNECTIVITY_CHANGE
03-11 16:21:23.141 D/YouTube ( 3040): apps.youtube.app.prefetch.PrefetchService.onStartCommand:167 PrefetchService started at 11 Mar 2014 14:21:23 GMT
03-11 16:21:23.141 D/YouTube ( 3040): apps.youtube.app.prefetch.PrefetchService.p_:245 Download snapshot restored
03-11 16:21:23.141 I/iu.Environment( 3100): update connectivity state; isNetworkMetered? true, isRoaming? false, isBackgroundDataAllowed? true
03-11 16:21:23.151 D/YouTube ( 3040): apps.youtube.app.prefetch.PrefetchService.onDestroy:215 PrefetchService destroyed at 11 Mar 2014 14:21:23 GMT
03-11 16:21:23.161 I/art     (  776): Heap trim of managed (duration=9.502917ms, advised=3MB) and native (duration=2.311666ms, advised=924KB) heaps. Managed heap utilization of 58%.
03-11 16:21:23.211 W/BroadcastQueue(  776): Permission Denial: broadcasting Intent { act=android.net.conn.INET_CONDITION_ACTION flg=0x4000010 (has extras) } from null (pid=-1, uid=-1) requires com.facebook.permission.prod.FB_APP_COMMUNICATION due to registered receiver BroadcastFilter{66084810 u0 ReceiverList{66000fa0 3132 com.facebook.katana/10077/u0 remote:65e2e1f8}}
03-11 16:21:23.211 W/BroadcastQueue(  776): Permission Denial: broadcasting Intent { act=android.net.conn.CONNECTIVITY_CHANGE flg=0x4000010 (has extras) } from null (pid=-1, uid=-1) requires com.facebook.permission.prod.FB_APP_COMMUNICATION due to registered receiver BroadcastFilter{66084810 u0 ReceiverList{66000fa0 3132 com.facebook.katana/10077/u0 remote:65e2e1f8}}
03-11 16:21:23.221 W/BroadcastQueue(  776): Permission Denial: broadcasting Intent { act=android.net.conn.CONNECTIVITY_CHANGE flg=0x4000010 (has extras) } from null (pid=-1, uid=-1) requires com.facebook.permission.prod.FB_APP_COMMUNICATION due to registered receiver BroadcastFilter{66025418 u0 ReceiverList{65ef70d0 3132 com.facebook.katana/10077/u0 remote:65e054a8}}
03-11 16:21:23.291 I/widget.provider( 3178): com.devhd.feedly.widget.FeedlyWidgetProvider onReceive: android.net.conn.CONNECTIVITY_CHANGE
03-11 16:21:23.291 I/ActivityManager(  776): Killing 2749:com.onelouder.baconreader/u0a81 (adj 15): empty #17
03-11 16:21:23.301 D/GCoreFlp( 1282): Unknown pending intent to remove.
03-11 16:21:23.301 W/GAV2    ( 2991): Thread[GAThread,5,main]: Service unavailable (code=1), will retry.
03-11 16:21:23.301 W/ActivityManager(  776): Unable to start service Intent { act=com.google.android.gms.analytics.service.START cmp=com.google.android.gms/.analytics.service.AnalyticsService (has extras) } U=0: not found
03-11 16:21:23.311 I/GAV2    ( 2991): Thread[GAThread,5,main]: No campaign data found.
03-11 16:21:23.331 D/GCM     ( 1119): GcmService start Intent { act=com.google.android.gms.INITIALIZE flg=0x10 pkg=com.google.android.gms cmp=com.google.android.gms/.gcm.GcmService } com.google.android.gms.INITIALIZE
03-11 16:21:23.351 I/ActivityManager(  776): Start proc com.google.android.talk for broadcast com.google.android.talk/com.google.android.apps.babel.realtimechat.RealTimeChatService$AlarmReceiver: pid=3220 uid=10051 gids={50051, 3003, 1028, 1015, 3002}
03-11 16:21:23.381 W/art     ( 3220): Failed to find ELF magic in /system/framework/com.google.android.media.effects.odex: dey
03-11 16:21:23.461 I/MmsConfig( 3220): MmsConfig.init: mnc/mcc: 244/21
03-11 16:21:23.461 I/Babel   ( 3220): ### loadDeviceMmsSettings from API: mUserAgent=Nexus5, mUaProfUrl=http://gsm.lge.com/html/gsm/Nexus5-M3.xml
03-11 16:21:23.461 W/Settings( 3220): Setting airplane_mode_on has moved from android.provider.Settings.System to android.provider.Settings.Global, returning read-only value.
03-11 16:21:23.461 V/MmsConfig( 3220): tag: bool value: enabledMMS - true
03-11 16:21:23.461 V/MmsConfig( 3220): tag: int value: maxMessageSize - 307200
03-11 16:21:23.461 V/MmsConfig( 3220): tag: int value: maxImageHeight - 480
03-11 16:21:23.461 V/MmsConfig( 3220): tag: int value: maxImageWidth - 640
03-11 16:21:23.461 V/MmsConfig( 3220): tag: int value: recipientLimit - -1
03-11 16:21:23.461 V/MmsConfig( 3220): tag: bool value: enableMultipartSMS - true
03-11 16:21:23.461 V/MmsConfig( 3220): tag: int value: smsToMmsTextThreshold - -1
03-11 16:21:23.461 V/MmsConfig( 3220): tag: int value: maxMessageTextSize - -1
03-11 16:21:23.461 I/Babel   ( 3220): ### loadMmsSettings: mUserAgent=Nexus5, mUaProfUrl=http://gsm.lge.com/html/gsm/Nexus5-M3.xml
03-11 16:21:23.551 I/art     ( 1119): Heap trim of managed (duration=1.491666ms, advised=112KB) and native (duration=1.154375ms, advised=4KB) heaps. Managed heap utilization of 72%.
03-11 16:21:23.581 D/GCM     ( 1119): GcmService start Intent { act=android.net.conn.CONNECTIVITY_CHANGE flg=0x4000010 cmp=com.google.android.gms/.gcm.GcmService (has extras) } android.net.conn.CONNECTIVITY_CHANGE
03-11 16:21:23.581 D/YouTube ( 3040): apps.youtube.app.prefetch.PrefetchService$DeviceStateReceiver.onReceive:565 Got device state change intent: android.net.conn.CONNECTIVITY_CHANGE
03-11 16:21:23.591 D/YouTube ( 3040): apps.youtube.app.prefetch.PrefetchService.onStartCommand:167 PrefetchService started at 11 Mar 2014 14:21:23 GMT
03-11 16:21:23.591 D/YouTube ( 3040): apps.youtube.app.prefetch.PrefetchService.p_:245 Download snapshot restored
03-11 16:21:23.591 D/YouTube ( 3040): apps.youtube.app.prefetch.PrefetchService.onDestroy:215 PrefetchService destroyed at 11 Mar 2014 14:21:23 GMT
03-11 16:21:23.591 I/iu.Environment( 3100): update connectivity state; isNetworkMetered? true, isRoaming? false, isBackgroundDataAllowed? true
03-11 16:21:23.651 I/widget.provider( 3178): com.devhd.feedly.widget.FeedlyWidgetProvider onReceive: android.net.conn.CONNECTIVITY_CHANGE
03-11 16:21:23.671 D/GCM     ( 1119): GcmService start Intent { act=android.net.conn.CONNECTIVITY_CHANGE flg=0x4000010 cmp=com.google.android.gms/.gcm.GcmService (has extras) } android.net.conn.CONNECTIVITY_CHANGE
03-11 16:21:23.681 D/YouTube ( 3040): apps.youtube.app.prefetch.PrefetchService$DeviceStateReceiver.onReceive:565 Got device state change intent: android.net.conn.CONNECTIVITY_CHANGE
03-11 16:21:23.681 D/YouTube ( 3040): apps.youtube.app.prefetch.PrefetchService.onStartCommand:167 PrefetchService started at 11 Mar 2014 14:21:23 GMT
03-11 16:21:23.681 D/YouTube ( 3040): apps.youtube.app.prefetch.PrefetchService.p_:245 Download snapshot restored
03-11 16:21:23.681 I/iu.Environment( 3100): update connectivity state; isNetworkMetered? true, isRoaming? false, isBackgroundDataAllowed? true
03-11 16:21:23.681 D/YouTube ( 3040): apps.youtube.app.prefetch.PrefetchService.onDestroy:215 PrefetchService destroyed at 11 Mar 2014 14:21:23 GMT
03-11 16:21:23.691 I/widget.provider( 3178): com.devhd.feedly.widget.FeedlyWidgetProvider onReceive: android.net.conn.CONNECTIVITY_CHANGE
03-11 16:21:23.691 D/AlertReceiver( 1515): onReceive: a=android.intent.action.PROVIDER_CHANGED Intent { act=android.intent.action.PROVIDER_CHANGED dat=content://com.android.calendar flg=0x10 cmp=com.google.android.calendar/com.android.calendar.alerts.AlertReceiver }
03-11 16:21:23.691 D/AlertService( 1515): 0 Action = android.intent.action.PROVIDER_CHANGED
03-11 16:21:23.691 I/ActivityManager(  776): Delay finish: com.google.android.calendar/com.android.calendar.alerts.AlertReceiver
03-11 16:21:23.701 I/ActivityManager(  776): Resuming delayed broadcast
03-11 16:21:23.701 I/ActivityManager(  776): Killing 2771:org.thoughtcrime.securesms/u0a84 (adj 15): empty #17
03-11 16:21:23.711 I/ActivityManager(  776): Delay finish: com.google.android.gm/.GmailReceiver
03-11 16:21:23.721 I/ActivityManager(  776): Resuming delayed broadcast
03-11 16:21:23.731 I/ActivityManager(  776): Delay finish: com.google.android.gm/.GmailReceiver
03-11 16:21:23.751 I/NotifUtils( 1472): Validating Notification, mapSize: 0 getAttention: true ignoreUnobtrusive: false
03-11 16:21:23.761 I/NotifUtils( 1472): validateNotifications - cancelling account -2040901717 / folder 3019
03-11 16:21:23.761 I/ActivityManager(  776): Resuming delayed broadcast
03-11 16:21:23.791 I/ActivityManager(  776): Start proc org.mozilla.fennec for broadcast org.mozilla.fennec/org.mozilla.gecko.background.announcements.AnnouncementsBroadcastReceiver: pid=3273 uid=10075 gids={50075, 3003, 1028, 1015}
03-11 16:21:23.881 I/ActivityManager(  776): Delay finish: org.mozilla.fennec/org.mozilla.gecko.background.announcements.AnnouncementsBroadcastReceiver
03-11 16:21:23.891 I/GeckoAnnounce( 3273): fennec :: AnnounceBrSvc :: Registering AnnouncementsService.
03-11 16:21:23.901 I/GeckoAnnounce( 3273): fennec :: BackgroundService :: Setting inexact repeating alarm for interval 43200000
03-11 16:21:23.901 I/ActivityManager(  776): Resuming delayed broadcast
03-11 16:21:23.901 I/ActivityManager(  776): Delay finish: org.mozilla.fennec/org.mozilla.gecko.background.healthreport.HealthReportBroadcastReceiver
03-11 16:21:23.931 I/GeckoHealth( 3273): fennec :: HealthReportBroadcastService :: Registering HealthReportUploadService.
03-11 16:21:23.931 I/GeckoHealth( 3273): fennec :: BackgroundService :: Setting inexact repeating alarm for interval 3600000
03-11 16:21:23.941 I/GeckoHealth( 3273): fennec :: HealthReportBroadcastService :: Registering HealthReportPruneService.
03-11 16:21:23.941 I/GeckoHealth( 3273): fennec :: BackgroundService :: Setting inexact repeating alarm for interval 86400000
03-11 16:21:23.941 I/ActivityManager(  776): Resuming delayed broadcast
03-11 16:21:23.941 I/ActivityManager(  776): Delay finish: org.mozilla.fennec/org.mozilla.gecko.background.healthreport.HealthReportBroadcastReceiver
03-11 16:21:23.941 I/ActivityManager(  776): Resuming delayed broadcast
03-11 16:21:23.961 D/PackageBroadcastService( 1255): Received broadcast action=android.intent.action.PACKAGE_CHANGED and uri=com.android.stk
03-11 16:21:23.991 W/fb4a(:<default>):UserScope( 3132): Called user scoped provider with no viewer. ViewerContextManager was created with no ViewerContext. Using EmptyViewerContextManager to return fake logged in instance.
03-11 16:21:23.991 W/fb4a(:<default>):UserScope( 3132): Called user scoped provider with no viewer. ViewerContextManager was created with no ViewerContext. Using EmptyViewerContextManager to return fake logged in instance.
03-11 16:21:24.011 I/ActivityManager(  776): Delay finish: com.google.android.apps.plus/.service.PackagesMediaMonitor
03-11 16:21:24.021 I/ActivityManager(  776): Resuming delayed broadcast
03-11 16:21:24.041 I/ActivityManager(  776): Start proc com.google.android.googlequicksearchbox:search for broadcast com.google.android.googlequicksearchbox/com.google.android.search.core.summons.icing.InternalIcingCorporaProvider$CorporaChangedReceiver: pid=3297 uid=10019 gids={50019, 3003, 1028, 3002, 1015}
03-11 16:21:24.051 I/PeopleContactsSync( 1255): CP2 sync disabled
03-11 16:21:24.151 D/GCM     ( 1119): Connected
03-11 16:21:24.161 I/ActivityManager(  776): Delay finish: com.google.android.googlequicksearchbox/com.google.android.search.core.summons.icing.InternalIcingCorporaProvider$CorporaChangedReceiver
03-11 16:21:24.171 I/Icing.InternalIcingCorporaProvider( 3297): Updating corpora: A: com.android.stk, C: MAYBE
03-11 16:21:24.171 I/GCM     ( 1119): GCM message com.google.android.gsf.gtalkservice 
03-11 16:21:24.191 D/GCM     ( 1119): Message class hwi
03-11 16:21:24.221 I/ActivityManager(  776): Start proc com.google.android.partnersetup for content provider com.google.android.partnersetup/.RlzAppProvider: pid=3319 uid=10011 gids={50011, 3003}
03-11 16:21:24.261 W/art     ( 3319): Failed to find ELF magic in /system/priv-app/GooglePartnerSetup.odex: dey
03-11 16:21:24.291 I/ActivityManager(  776): Killing 2831:com.qualcomm.timeservice/u0a68 (adj 15): empty #17
03-11 16:21:24.311 E/fb4a(:<default>):LocalFbBroadcastManager( 3132): Called registerBroadcastReceiver twice.
03-11 16:21:24.421 W/ActivityManager(  776): Unable to start service Intent { act=com.google.android.gms.analytics.service.START cmp=com.google.android.gms/.analytics.service.AnalyticsService (has extras) } U=0: not found
03-11 16:21:24.431 W/GAV2    ( 3100): Thread[GAThread,5,main]: Service unavailable (code=1), will retry.
03-11 16:21:24.441 I/GAV2    ( 3100): Thread[GAThread,5,main]: No campaign data found.
03-11 16:21:24.741 I/ActivityManager(  776): Resuming delayed broadcast
03-11 16:21:24.741 I/ActivityManager(  776): Killing 2270:com.google.android.keep/u0a52 (adj 15): empty #17
03-11 16:21:24.751 W/Launcher( 1070): setApplicationContext called twice! old=com.google.android.velvet.VelvetApplication@655c8938 new=com.google.android.velvet.VelvetApplication@655c8938
03-11 16:21:24.771 I/ActivityManager(  776): Delay finish: com.google.android.music/.leanback.AutoCacheSchedulingService$EnablingReceiver
03-11 16:21:24.791 W/ContextImpl( 2855): Implicit intents with startService are not safe: Intent { act=com.google.android.music.NETWORK_MONITOR_SERVICE } android.content.ContextWrapper.bindService:517 com.google.android.music.utils.SafeServiceConnection$ServiceConnectionImp.bindService:98 com.google.android.music.utils.SafeServiceConnection.bindService:259 
03-11 16:21:24.791 W/ContextImpl( 2855): Implicit intents with startService are not safe: Intent { act=com.google.android.music.NETWORK_MONITOR_SERVICE } android.content.ContextWrapper.bindService:517 com.google.android.music.utils.SafeServiceConnection$ServiceConnectionImp.bindService:98 com.google.android.music.utils.SafeServiceConnection.bindService:259 
03-11 16:21:24.801 D/CacheService( 2855): onCreate
03-11 16:21:24.811 D/CacheService( 2855): onBind
03-11 16:21:24.821 I/MusicLeanback( 2855): Conditions not met for autocaching.
03-11 16:21:24.821 I/MusicLeanback( 2855): Stop autocaching.
03-11 16:21:24.821 D/CacheService( 2855): onDestroy
03-11 16:21:24.821 I/ActivityManager(  776): Resuming delayed broadcast
03-11 16:21:25.751 I/Icing   ( 1255): Indexing 667B6FACEE5159635D04097E2A71E1797FB1DEAB from com.google.android.googlequicksearchbox
03-11 16:21:25.821 I/Icing   ( 1255): Indexing done 667B6FACEE5159635D04097E2A71E1797FB1DEAB
03-11 16:21:26.161 D/ConnectivityService(  776): handleInetConditionHoldEnd: net=0, condition=100, published condition=0
03-11 16:21:27.521 I/ActivityManager(  776): Waited long enough for: ServiceRecord{65d0ee00 u0 com.google.android.calendar/com.android.calendar.alerts.InitAlarmsService}
03-11 16:21:27.981 W/GAV2    ( 2952): Thread[Service Reconnect,5,main]: Service unavailable (code=1), using local store.
03-11 16:21:27.981 W/ActivityManager(  776): Unable to start service Intent { act=com.google.android.gms.analytics.service.START cmp=com.google.android.gms/.analytics.service.AnalyticsService (has extras) } U=0: not found
03-11 16:21:28.301 W/ActivityManager(  776): Unable to start service Intent { act=com.google.android.gms.analytics.service.START cmp=com.google.android.gms/.analytics.service.AnalyticsService (has extras) } U=0: not found
03-11 16:21:28.331 W/GAV2    ( 2991): Thread[Service Reconnect,5,main]: Service unavailable (code=1), using local store.
03-11 16:21:28.611 V/QcrilMsgTunnelSocket( 2147): After reading offset = 0 remaining = 4 countRead = 4
03-11 16:21:28.611 D/QcrilMsgTunnelSocket( 2147): messageLength extracted from first 4 inputStream reads = 29
03-11 16:21:28.611 V/QcrilMsgTunnelSocket( 2147): offset = 0 remaining = 29 countRead = 0
03-11 16:21:28.621 V/QcrilMsgTunnelSocket( 2147): offset = 0 remaining = 29 countRead = 29
03-11 16:21:28.621 D/QcrilMsgTunnelSocket( 2147): readRilMessage: Buffer = [B@6552cb58 HexData = [0100000004040000110000005155414c434f4d4def0308000100000002]
03-11 16:21:28.621 V/QcrilMsgTunnelSocket( 2147): Read packet: 29 bytes. Data Available = 32 Position = 0
03-11 16:21:28.621 D/QcrilMsgTunnelSocket( 2147): processResponse. message type = 1. Data Available = 28
03-11 16:21:28.621 D/QcrilMsgTunnelSocket( 2147): ByteArray from parcel = 5155414c434f4d4def0308000100000002
03-11 16:21:28.621 D/QcrilMsgTunnelSocket( 2147): Received RIL_UNSOL_OEM_HOOK_RAW message
03-11 16:21:28.621 D/QcrilMsgTunnelSocket( 2147): Oem ID in RIL_UNSOL_OEM_HOOK_RAW is QUALCOMM
03-11 16:21:28.621 D/QcrilMsgTunnelSocket( 2147): OEM ID check Passed
03-11 16:21:28.621 D/QcrilMsgTunnelSocket( 2147): Response ID in RIL_UNSOL_OEM_HOOK_RAW is 525295
03-11 16:21:28.621 D/QcrilMsgTunnelSocket( 2147): Response ID 525295is not served in this process.
03-11 16:21:28.621 D/QcrilMsgTunnelSocket( 2147): To broadcast an Intent via the notifier to external apps
03-11 16:21:28.621 V/QcrilMsgTunnelSocket( 2147): Before reading offset = 0 remaining = 4 countRead = 0
03-11 16:21:28.621 D/QcrilMsgTunnelIfaceManager( 2147): handleMessage what=0
03-11 16:21:28.621 D/QcrilMsgTunnelIfaceManager( 2147): Broadcasting intent ACTION_UNSOL_RESPONSE_OEM_HOOK_RAW
03-11 16:21:28.631 D/MobileDataStateTracker(  776): default: Broadcast received: android.intent.action.ANY_DATA_STATE apnType=default
03-11 16:21:28.631 D/MobileDataStateTracker(  776): default: Received state=CONNECTED, old=CONNECTED, reason=(unspecified)
03-11 16:21:28.691 D/AlertService( 1515): Beginning updateAlertNotification
03-11 16:21:28.701 D/AlertService( 1515): No fired or scheduled alerts
03-11 16:21:28.711 V/QcrilMsgTunnelSocket( 2147): After reading offset = 0 remaining = 4 countRead = 4
03-11 16:21:28.711 D/QcrilMsgTunnelSocket( 2147): messageLength extracted from first 4 inputStream reads = 29
03-11 16:21:28.711 V/QcrilMsgTunnelSocket( 2147): offset = 0 remaining = 29 countRead = 0
03-11 16:21:28.711 V/QcrilMsgTunnelSocket( 2147): offset = 0 remaining = 29 countRead = 29
03-11 16:21:28.711 D/QcrilMsgTunnelSocket( 2147): readRilMessage: Buffer = [B@6552cb58 HexData = [0100000004040000110000005155414c434f4d4def0308000100000002]
03-11 16:21:28.711 V/QcrilMsgTunnelSocket( 2147): Read packet: 29 bytes. Data Available = 32 Position = 0
03-11 16:21:28.711 D/QcrilMsgTunnelSocket( 2147): processResponse. message type = 1. Data Available = 28
03-11 16:21:28.711 D/QcrilMsgTunnelSocket( 2147): ByteArray from parcel = 5155414c434f4d4def0308000100000002
03-11 16:21:28.711 D/QcrilMsgTunnelSocket( 2147): Received RIL_UNSOL_OEM_HOOK_RAW message
03-11 16:21:28.711 D/QcrilMsgTunnelSocket( 2147): Oem ID in RIL_UNSOL_OEM_HOOK_RAW is QUALCOMM
03-11 16:21:28.711 D/QcrilMsgTunnelSocket( 2147): OEM ID check Passed
03-11 16:21:28.711 D/QcrilMsgTunnelSocket( 2147): Response ID in RIL_UNSOL_OEM_HOOK_RAW is 525295
03-11 16:21:28.711 D/QcrilMsgTunnelSocket( 2147): Response ID 525295is not served in this process.
03-11 16:21:28.711 D/QcrilMsgTunnelSocket( 2147): To broadcast an Intent via the notifier to external apps
03-11 16:21:28.711 V/QcrilMsgTunnelSocket( 2147): Before reading offset = 0 remaining = 4 countRead = 0
03-11 16:21:28.711 D/QcrilMsgTunnelIfaceManager( 2147): handleMessage what=0
03-11 16:21:28.711 D/QcrilMsgTunnelIfaceManager( 2147): Broadcasting intent ACTION_UNSOL_RESPONSE_OEM_HOOK_RAW
03-11 16:21:28.711 D/AlertService( 1515): Scheduling next alarm with AlarmScheduler. sEventReminderReceived: null
03-11 16:21:28.721 D/AlarmScheduler( 1515): Query result count for events starting within 1 week: 3
03-11 16:21:29.071 I/ActivityManager(  776): Killing 3220:com.google.android.talk/u0a51 (adj 15): empty #17
03-11 16:21:29.431 V/QcrilMsgTunnelSocket( 2147): After reading offset = 0 remaining = 4 countRead = 4
03-11 16:21:29.431 D/QcrilMsgTunnelSocket( 2147): messageLength extracted from first 4 inputStream reads = 29
03-11 16:21:29.431 V/QcrilMsgTunnelSocket( 2147): offset = 0 remaining = 29 countRead = 0
03-11 16:21:29.431 V/QcrilMsgTunnelSocket( 2147): offset = 0 remaining = 29 countRead = 29
03-11 16:21:29.431 D/QcrilMsgTunnelSocket( 2147): readRilMessage: Buffer = [B@6552cb58 HexData = [0100000004040000110000005155414c434f4d4def0308000100000002]
03-11 16:21:29.431 V/QcrilMsgTunnelSocket( 2147): Read packet: 29 bytes. Data Available = 32 Position = 0
03-11 16:21:29.431 D/QcrilMsgTunnelSocket( 2147): processResponse. message type = 1. Data Available = 28
03-11 16:21:29.431 D/QcrilMsgTunnelSocket( 2147): ByteArray from parcel = 5155414c434f4d4def0308000100000002
03-11 16:21:29.431 D/QcrilMsgTunnelSocket( 2147): Received RIL_UNSOL_OEM_HOOK_RAW message
03-11 16:21:29.431 D/QcrilMsgTunnelSocket( 2147): Oem ID in RIL_UNSOL_OEM_HOOK_RAW is QUALCOMM
03-11 16:21:29.431 D/QcrilMsgTunnelSocket( 2147): OEM ID check Passed
03-11 16:21:29.431 D/QcrilMsgTunnelSocket( 2147): Response ID in RIL_UNSOL_OEM_HOOK_RAW is 525295
03-11 16:21:29.431 D/QcrilMsgTunnelSocket( 2147): Response ID 525295is not served in this process.
03-11 16:21:29.431 D/QcrilMsgTunnelSocket( 2147): To broadcast an Intent via the notifier to external apps
03-11 16:21:29.431 V/QcrilMsgTunnelSocket( 2147): Before reading offset = 0 remaining = 4 countRead = 0
03-11 16:21:29.431 D/QcrilMsgTunnelIfaceManager( 2147): handleMessage what=0
03-11 16:21:29.431 D/QcrilMsgTunnelIfaceManager( 2147): Broadcasting intent ACTION_UNSOL_RESPONSE_OEM_HOOK_RAW
03-11 16:21:29.431 W/ActivityManager(  776): Unable to start service Intent { act=com.google.android.gms.analytics.service.START cmp=com.google.android.gms/.analytics.service.AnalyticsService (has extras) } U=0: not found
03-11 16:21:29.441 W/GAV2    ( 3100): Thread[Service Reconnect,5,main]: Service unavailable (code=1), using local store.
03-11 16:21:33.401 I/PackageManager(  776):   Action: "android.intent.action.SENDTO"
03-11 16:21:33.401 I/PackageManager(  776):   Category: "android.intent.category.DEFAULT"
03-11 16:21:33.401 I/PackageManager(  776):   Scheme: "sms"
03-11 16:21:33.401 I/PackageManager(  776): Adding preferred activity ComponentInfo{org.thoughtcrime.securesms/org.thoughtcrime.securesms.RoutingActivity} for user 0 :
03-11 16:21:33.441 I/InputReader(  776): Reconfiguring input devices.  changes=0x00000010
03-11 16:21:33.471 I/PackageManager(  776):   Action: "android.intent.action.SENDTO"
03-11 16:21:33.471 I/PackageManager(  776):   Category: "android.intent.category.DEFAULT"
03-11 16:21:33.471 I/PackageManager(  776):   Scheme: "smsto"
03-11 16:21:33.471 I/PackageManager(  776): Adding preferred activity ComponentInfo{org.thoughtcrime.securesms/org.thoughtcrime.securesms.RoutingActivity} for user 0 :
03-11 16:21:33.491 D/Launcher.Model( 1070): 11683562 - loadWorkspaceScreensDb()
03-11 16:21:33.491 D/Launcher.Model( 1070): 11683562 -   screens: { 0: 0 }
03-11 16:21:33.491 D/Launcher.Model( 1070): 11683562 - updateWorkspaceScreenOrder()
03-11 16:21:33.491 D/Launcher.Model( 1070): 11683562 -   screens: 0
03-11 16:21:33.501 I/PackageManager(  776):   Action: "android.intent.action.SENDTO"
03-11 16:21:33.501 I/PackageManager(  776):   Category: "android.intent.category.DEFAULT"
03-11 16:21:33.501 I/PackageManager(  776):   Scheme: "mms"
03-11 16:21:33.501 I/PackageManager(  776): Adding preferred activity ComponentInfo{org.thoughtcrime.securesms/org.thoughtcrime.securesms.RoutingActivity} for user 0 :
03-11 16:21:33.531 D/PackageBroadcastService( 1255): Received broadcast action=android.intent.action.PACKAGE_CHANGED and uri=com.android.stk
03-11 16:21:33.531 I/PackageManager(  776):   Action: "android.intent.action.SENDTO"
03-11 16:21:33.531 I/PackageManager(  776):   Category: "android.intent.category.DEFAULT"
03-11 16:21:33.531 I/PackageManager(  776):   Scheme: "mmsto"
03-11 16:21:33.531 I/PackageManager(  776): Adding preferred activity ComponentInfo{org.thoughtcrime.securesms/org.thoughtcrime.securesms.RoutingActivity} for user 0 :
03-11 16:21:33.561 D/Launcher( 1070): 11683562 - bindAddScreens()
03-11 16:21:33.561 D/Launcher( 1070): 11683562 -   orderedScreenIds: 
03-11 16:21:33.561 D/Launcher.Workspace( 1070): 11683562 - removeExtraEmptyScreen()
03-11 16:21:33.561 D/Launcher.Workspace( 1070): 11683562 - convertFinalScreenToEmptyScreenIfNecessary()
03-11 16:21:33.561 I/PeopleContactsSync( 1255): CP2 sync disabled
03-11 16:21:33.561 I/PackageManager(  776):   Action: "android.intent.action.SENDTO"
03-11 16:21:33.561 I/PackageManager(  776):   Category: "android.intent.category.DEFAULT"
03-11 16:21:33.561 I/PackageManager(  776):   Scheme: "sms"
03-11 16:21:33.561 I/PackageManager(  776): Adding preferred activity ComponentInfo{org.thoughtcrime.securesms/org.thoughtcrime.securesms.RoutingActivity} for user 0 :
03-11 16:21:33.591 I/PackageManager(  776):   Action: "android.intent.action.SENDTO"
03-11 16:21:33.591 I/PackageManager(  776):   Category: "android.intent.category.DEFAULT"
03-11 16:21:33.591 I/PackageManager(  776):   Scheme: "smsto"
03-11 16:21:33.591 I/PackageManager(  776): Adding preferred activity ComponentInfo{org.thoughtcrime.securesms/org.thoughtcrime.securesms.RoutingActivity} for user 0 :
03-11 16:21:33.621 I/PackageManager(  776):   Action: "android.intent.action.SENDTO"
03-11 16:21:33.621 I/PackageManager(  776):   Category: "android.intent.category.DEFAULT"
03-11 16:21:33.621 I/PackageManager(  776):   Scheme: "mms"
03-11 16:21:33.621 I/PackageManager(  776): Adding preferred activity ComponentInfo{org.thoughtcrime.securesms/org.thoughtcrime.securesms.RoutingActivity} for user 0 :
03-11 16:21:33.651 I/PackageManager(  776):   Action: "android.intent.action.SENDTO"
03-11 16:21:33.651 I/PackageManager(  776):   Category: "android.intent.category.DEFAULT"
03-11 16:21:33.651 I/PackageManager(  776):   Scheme: "mmsto"
03-11 16:21:33.651 I/PackageManager(  776): Adding preferred activity ComponentInfo{org.thoughtcrime.securesms/org.thoughtcrime.securesms.RoutingActivity} for user 0 :
03-11 16:21:33.661 I/Icing.InternalIcingCorporaProvider( 3297): Updating corpora: A: com.android.stk, C: MAYBE
03-11 16:21:33.681 E/AppsCustomizePagedView( 1070): Widget ComponentInfo{com.devhd.feedly/com.devhd.feedly.widget.FeedlyWidgetProvider_4_1} has invalid dimensions (0, 0)
03-11 16:21:33.701 W/Launcher( 1070): setApplicationContext called twice! old=com.google.android.velvet.VelvetApplication@655c8938 new=com.google.android.velvet.VelvetApplication@655c8938
03-11 16:21:34.741 I/Icing   ( 1255): Indexing 667B6FACEE5159635D04097E2A71E1797FB1DEAB from com.google.android.googlequicksearchbox
03-11 16:21:34.801 I/art     ( 1255): Heap trim of managed (duration=3.480781ms, advised=920KB) and native (duration=1.720260ms, advised=0B) heaps. Managed heap utilization of 43%.
03-11 16:21:34.871 I/Icing   ( 1255): Indexing done 667B6FACEE5159635D04097E2A71E1797FB1DEAB
03-11 16:21:35.221 V/QcrilMsgTunnelSocket( 2147): After reading offset = 0 remaining = 4 countRead = 4
03-11 16:21:35.221 D/QcrilMsgTunnelSocket( 2147): messageLength extracted from first 4 inputStream reads = 29
03-11 16:21:35.221 V/QcrilMsgTunnelSocket( 2147): offset = 0 remaining = 29 countRead = 0
03-11 16:21:35.231 V/QcrilMsgTunnelSocket( 2147): offset = 0 remaining = 29 countRead = 29
03-11 16:21:35.231 D/QcrilMsgTunnelSocket( 2147): readRilMessage: Buffer = [B@6552cb58 HexData = [0100000004040000110000005155414c434f4d4def0308000100000001]
03-11 16:21:35.231 V/QcrilMsgTunnelSocket( 2147): Read packet: 29 bytes. Data Available = 32 Position = 0
03-11 16:21:35.231 D/QcrilMsgTunnelSocket( 2147): processResponse. message type = 1. Data Available = 28
03-11 16:21:35.231 D/QcrilMsgTunnelSocket( 2147): ByteArray from parcel = 5155414c434f4d4def0308000100000001
03-11 16:21:35.231 D/QcrilMsgTunnelSocket( 2147): Received RIL_UNSOL_OEM_HOOK_RAW message
03-11 16:21:35.231 D/QcrilMsgTunnelSocket( 2147): Oem ID in RIL_UNSOL_OEM_HOOK_RAW is QUALCOMM
03-11 16:21:35.231 D/QcrilMsgTunnelSocket( 2147): OEM ID check Passed
03-11 16:21:35.231 D/QcrilMsgTunnelSocket( 2147): Response ID in RIL_UNSOL_OEM_HOOK_RAW is 525295
03-11 16:21:35.231 D/QcrilMsgTunnelSocket( 2147): Response ID 525295is not served in this process.
03-11 16:21:35.231 D/QcrilMsgTunnelSocket( 2147): To broadcast an Intent via the notifier to external apps
03-11 16:21:35.231 V/QcrilMsgTunnelSocket( 2147): Before reading offset = 0 remaining = 4 countRead = 0
03-11 16:21:35.231 D/QcrilMsgTunnelIfaceManager( 2147): handleMessage what=0
03-11 16:21:35.231 D/QcrilMsgTunnelIfaceManager( 2147): Broadcasting intent ACTION_UNSOL_RESPONSE_OEM_HOOK_RAW
03-11 16:21:35.241 D/MobileDataStateTracker(  776): default: Broadcast received: android.intent.action.ANY_DATA_STATE apnType=default
03-11 16:21:35.241 D/MobileDataStateTracker(  776): default: Received state=CONNECTED, old=CONNECTED, reason=(unspecified)
03-11 16:21:40.351 V/QcrilMsgTunnelSocket( 2147): After reading offset = 0 remaining = 4 countRead = 4
03-11 16:21:40.351 D/QcrilMsgTunnelSocket( 2147): messageLength extracted from first 4 inputStream reads = 29
03-11 16:21:40.351 V/QcrilMsgTunnelSocket( 2147): offset = 0 remaining = 29 countRead = 0
03-11 16:21:40.381 V/QcrilMsgTunnelSocket( 2147): offset = 0 remaining = 29 countRead = 29
03-11 16:21:40.381 D/QcrilMsgTunnelSocket( 2147): readRilMessage: Buffer = [B@6552cb58 HexData = [0100000004040000110000005155414c434f4d4def0308000100000002]
03-11 16:21:40.381 V/QcrilMsgTunnelSocket( 2147): Read packet: 29 bytes. Data Available = 32 Position = 0
