03-10 13:39:25.771 W/WindowManager(  754):   mSurface=Surface(name=com.android.helloworldjava/com.android.helloworldjava.HelloWorld)
03-10 13:39:25.771 W/WindowManager(  754):   mDrawState=HAS_DRAWN mLastHidden=true
03-10 13:39:25.771 W/WindowManager(  754):   Surface: shown=false layer=21005 alpha=0.0 rect=(0.0,0.0) 960.0 x 1579.0
03-10 13:39:25.771 W/WindowManager(  754):   mShownAlpha=1.0 mAlpha=1.0 mLastAlpha=-1.0
03-10 13:39:25.771 W/WindowManager(  754):   mGlobalScale=1.1247625 mDsDx=1.1247625 mDtDx=0.0 mDsDy=0.0 mDtDy=1.1247625
03-10 13:39:25.771 W/WindowManager(  754): Current app token list:
03-10 13:39:25.771 V/WindowManager(  754):   Display 0
03-10 13:39:25.771 V/WindowManager(  754):   #0: Token{42e55510 ActivityRecord{42e55298 u0 com.google.android.googlequicksearchbox/com.google.android.launcher.GEL t1}}
03-10 13:39:25.771 W/WindowManager(  754): Final window list:
03-10 13:39:25.771 V/WindowManager(  754):   #0: Window{42e49528 u0 SearchPanel}
03-10 13:39:25.771 V/WindowManager(  754):   #1: Window{427a9248 u0 NavigationBar}
03-10 13:39:25.771 V/WindowManager(  754):   #2: Window{42ca1c70 u0 StatusBar}
03-10 13:39:25.771 V/WindowManager(  754):   #3: Window{42cac618 u0 Keyguard}
03-10 13:39:25.771 V/WindowManager(  754):   #4: Window{42d84878 u0 KeyguardScrim}
03-10 13:39:25.771 V/WindowManager(  754):   #5: Window{42b68a00 u0 com.google.android.googlequicksearchbox/com.google.android.launcher.GEL}
03-10 13:39:25.771 V/WindowManager(  754):   #6: Window{42def1e8 u0 com.android.systemui.ImageWallpaper}
03-10 13:39:25.781 W/InputDispatcher(  754): Attempted to unregister already unregistered input channel '42ec1488 com.android.helloworldjava/com.android.helloworldjava.HelloWorld (server)'
03-10 13:39:25.781 D/AndroidRuntime( 4199): Shutting down VM
03-10 13:39:25.781 D/dalvikvm( 4199): GC_CONCURRENT freed 93K, 15% free 553K/648K, paused 0ms+0ms, total 1ms
03-10 13:39:25.781 I/WindowState(  754): WIN DEATH: Window{42ec1488 u0 com.android.helloworldjava/com.android.helloworldjava.HelloWorld}
03-10 13:39:27.261 D/AndroidRuntime( 4221): 
03-10 13:39:27.261 D/AndroidRuntime( 4221): >>>>>> AndroidRuntime START com.android.internal.os.RuntimeInit <<<<<<
03-10 13:39:27.261 D/AndroidRuntime( 4221): CheckJNI is OFF
03-10 13:39:27.271 D/dalvikvm( 4221): Trying to load lib libjavacore.so 0x0
03-10 13:39:27.271 D/dalvikvm( 4221): Added shared lib libjavacore.so 0x0
03-10 13:39:27.281 D/dalvikvm( 4221): Trying to load lib libnativehelper.so 0x0
03-10 13:39:27.281 D/dalvikvm( 4221): Added shared lib libnativehelper.so 0x0
03-10 13:39:27.281 D/dalvikvm( 4221): No JNI_OnLoad found in libnativehelper.so 0x0, skipping init
03-10 13:39:27.301 D/dalvikvm( 4221): Note: class Landroid/app/ActivityManagerNative; has 179 unimplemented (abstract) methods
03-10 13:39:27.421 D/AndroidRuntime( 4221): Calling main entry com.android.commands.am.Am
03-10 13:39:27.431 I/ActivityManager(  754): START u0 {flg=0x10000000 cmp=com.android.helloworldjava/.HelloWorld} from pid 4221
03-10 13:39:27.741 D/AndroidRuntime( 4221): Shutting down VM
03-10 13:39:27.741 I/WindowManager(  754): Screenshot max retries 4 of Token{42e55510 ActivityRecord{42e55298 u0 com.google.android.googlequicksearchbox/com.google.android.launcher.GEL t1}} appWin=Window{42b68a00 u0 com.google.android.googlequicksearchbox/com.google.android.launcher.GEL} drawState=4
03-10 13:39:27.741 W/WindowManager(  754): Screenshot failure taking screenshot for (1080x1920) to layer 21000
03-10 13:39:27.741 D/dalvikvm( 4221): GC_CONCURRENT freed 95K, 15% free 586K/684K, paused 0ms+0ms, total 1ms
03-10 13:39:27.741 I/ActivityManager(  754): Start proc com.android.helloworldjava for activity com.android.helloworldjava/.HelloWorld: pid=4239 uid=10141 gids={50141, 1028, 1015}
03-10 13:39:27.761 D/dalvikvm(  182): GC_EXPLICIT freed 42K, 1% free 16726K/16800K, paused 2ms+3ms, total 25ms
03-10 13:39:27.781 D/dalvikvm(  182): GC_EXPLICIT freed <1K, 1% free 16726K/16800K, paused 1ms+1ms, total 20ms
03-10 13:39:27.801 D/dalvikvm(  182): GC_EXPLICIT freed <1K, 1% free 16726K/16800K, paused 1ms+1ms, total 12ms
03-10 13:39:27.831 I/ActivityManager(  754): Displayed com.android.helloworldjava/.HelloWorld: +99ms
03-10 13:39:30.362 V/QcrilMsgTunnelSocket( 1830): After reading offset = 0 remaining = 4 countRead = 4
03-10 13:39:30.362 D/QcrilMsgTunnelSocket( 1830): messageLength extracted from first 4 inputStream reads = 29
03-10 13:39:30.362 V/QcrilMsgTunnelSocket( 1830): offset = 0 remaining = 29 countRead = 0
03-10 13:39:30.362 V/QcrilMsgTunnelSocket( 1830): offset = 0 remaining = 29 countRead = 29
03-10 13:39:30.362 D/QcrilMsgTunnelSocket( 1830): readRilMessage: Buffer = [B@4264aca0 HexData = [0100000004040000110000005155414c434f4d4def0308000100000002]
03-10 13:39:30.362 V/QcrilMsgTunnelSocket( 1830): Read packet: 29 bytes. Data Available = 32 Position = 0
03-10 13:39:30.362 D/QcrilMsgTunnelSocket( 1830): processResponse. message type = 1. Data Available = 28
03-10 13:39:30.362 D/QcrilMsgTunnelSocket( 1830): ByteArray from parcel = 5155414c434f4d4def0308000100000002
03-10 13:39:30.362 D/QcrilMsgTunnelSocket( 1830): Received RIL_UNSOL_OEM_HOOK_RAW message
03-10 13:39:30.362 D/QcrilMsgTunnelSocket( 1830): Oem ID in RIL_UNSOL_OEM_HOOK_RAW is QUALCOMM
03-10 13:39:30.362 D/QcrilMsgTunnelSocket( 1830): OEM ID check Passed
03-10 13:39:30.362 D/QcrilMsgTunnelSocket( 1830): Response ID in RIL_UNSOL_OEM_HOOK_RAW is 525295
03-10 13:39:30.362 D/QcrilMsgTunnelSocket( 1830): Response ID 525295is not served in this process.
03-10 13:39:30.362 D/QcrilMsgTunnelSocket( 1830): To broadcast an Intent via the notifier to external apps
03-10 13:39:30.362 D/QcrilMsgTunnelIfaceManager( 1830): handleMessage what=0
03-10 13:39:30.362 D/QcrilMsgTunnelIfaceManager( 1830): Broadcasting intent ACTION_UNSOL_RESPONSE_OEM_HOOK_RAW
03-10 13:39:30.402 V/QcrilMsgTunnelSocket( 1830): Before reading offset = 0 remaining = 4 countRead = 0
03-10 13:39:30.411 D/AlarmManagerService(  754): Kernel timezone updated to -120 minutes west of GMT
03-10 13:39:30.421 D/MobileDataStateTracker(  754): default: Broadcast received: android.intent.action.ANY_DATA_STATE apnType=default
03-10 13:39:30.421 D/MobileDataStateTracker(  754): default: Received state=CONNECTING, old=CONNECTING, reason=(unspecified)
03-10 13:39:31.162 D/dalvikvm( 1003): GC_CONCURRENT freed 388K, 3% free 17476K/17892K, paused 2ms+6ms, total 15ms
03-10 13:39:31.171 D/MobileDataStateTracker(  754): default: Broadcast received: android.intent.action.ANY_DATA_STATE apnType=default
03-10 13:39:31.171 D/MobileDataStateTracker(  754): default: Received state=CONNECTED, old=CONNECTING, reason=connected
03-10 13:39:31.171 D/MobileDataStateTracker(  754): default: setDetailed state, old =CONNECTING and new state=CONNECTED
03-10 13:39:31.171 D/ConnectivityService(  754): ConnectivityChange for mobile: CONNECTED/CONNECTED
03-10 13:39:31.171 D/ConnectivityService(  754): ConnectivityChange checkMobileProvisioning for TYPE_MOBILE or ProvisioningNetwork
03-10 13:39:31.171 D/ConnectivityService(  754): checkMobileProvisioning: E suggestedTimeOutMs=60000
03-10 13:39:31.171 D/ConnectivityService(  754): setProvNotificationVisible: E visible=false networkType=5 extraInfo=null url=null
03-10 13:39:31.171 D/ConnectivityService(  754): checkMobileProvisioning: params={ url=http://clients3.google.com/generate_204 mTimeOutMs=60000 mCb=com.android.server.ConnectivityService$5@42f457a0}
03-10 13:39:31.171 D/ConnectivityService(  754): checkMobileProvisioning: X
03-10 13:39:31.181 D/MobileDataStateTracker(  754): default: isProvisioningNetwork: retVal=false
03-10 13:39:31.181 D/ConnectivityService(  754): [CheckMp] isMobileOk: isDefaultProvisioning=false
03-10 13:39:31.181 D/MobileDataStateTracker(  754): hipri: isProvisioningNetwork: retVal=false
03-10 13:39:31.181 D/ConnectivityService(  754): [CheckMp] isMobileOk: isHipriProvisioning=false
03-10 13:39:31.181 D/ConnectivityService(  754): [CheckMp] isMobileOk: start hipri url=http://clients3.google.com/generate_204
03-10 13:39:31.181 D/Nat464Xlat(  754): requiresClat: netType=0, hasIPv4Address=true
03-10 13:39:31.191 D/MobileDataStateTracker(  754): default: setPolicyDataEnable(enabled=true)
03-10 13:39:31.211 I/CheckinService( 1081): Preparing to send checkin request
03-10 13:39:31.211 I/EventLogService( 1081): Accumulating logs since 1394451467954
03-10 13:39:31.261 W/GLSUser ( 1081): GoogleAccountDataService.getToken()
03-10 13:39:31.281 D/MobileDataStateTracker(  754): default: setPolicyDataEnable(enabled=true)
03-10 13:39:31.291 I/CheckinTask( 1081): Sending checkin request (2404 bytes)
03-10 13:39:31.351 D/ConnectivityService(  754): startUsingNetworkFeature reconnecting to 0: enableHIPRI
03-10 13:39:31.351 D/ConnectivityService(  754): startUsingNetworkFeature X: return APN_REQUEST_STARTED
03-10 13:39:31.351 D/ConnectivityService(  754): [CheckMp] isMobileOk: hipri started
03-10 13:39:31.351 D/ConnectivityService(  754): [CheckMp] isMobileOk: not connected ni=NetworkInfo: type: mobile_hipri[UMTS], state: DISCONNECTED/IDLE, reason: (unspecified), extra: (none), roaming: false, failover: false, isAvailable: true, isConnectedToProvisioningNetwork: false
03-10 13:39:31.351 D/MobileDataStateTracker(  754): hipri: Broadcast received: android.intent.action.ANY_DATA_STATE apnType=hipri
03-10 13:39:31.351 D/MobileDataStateTracker(  754): hipri: Received state=CONNECTING, old=DISCONNECTED, reason=dataEnabled
03-10 13:39:31.351 D/MobileDataStateTracker(  754): hipri: setDetailed state, old =IDLE and new state=CONNECTING
03-10 13:39:31.351 D/MobileDataStateTracker(  754): fota: Broadcast received: android.intent.action.ANY_DATA_STATE apnType=fota
03-10 13:39:31.351 D/MobileDataStateTracker(  754): fota: Received state=DISCONNECTED, old=DISCONNECTED, reason=dataEnabled
03-10 13:39:31.351 D/MobileDataStateTracker(  754): dun: Broadcast received: android.intent.action.ANY_DATA_STATE apnType=dun
03-10 13:39:31.351 D/MobileDataStateTracker(  754): dun: Received state=DISCONNECTED, old=DISCONNECTED, reason=dataEnabled
03-10 13:39:31.351 D/MobileDataStateTracker(  754): ia: Broadcast received: android.intent.action.ANY_DATA_STATE apnType=ia
03-10 13:39:31.351 D/MobileDataStateTracker(  754): ia: Received state=DISCONNECTED, old=DISCONNECTED, reason=dataEnabled
03-10 13:39:31.351 D/MobileDataStateTracker(  754): supl: Broadcast received: android.intent.action.ANY_DATA_STATE apnType=supl
03-10 13:39:31.351 D/MobileDataStateTracker(  754): supl: Received state=DISCONNECTED, old=DISCONNECTED, reason=dataEnabled
03-10 13:39:31.351 D/MobileDataStateTracker(  754): ims: Broadcast received: android.intent.action.ANY_DATA_STATE apnType=ims
03-10 13:39:31.351 D/MobileDataStateTracker(  754): ims: Received state=DISCONNECTED, old=DISCONNECTED, reason=dataEnabled
03-10 13:39:31.351 D/MobileDataStateTracker(  754): mms: Broadcast received: android.intent.action.ANY_DATA_STATE apnType=mms
03-10 13:39:31.351 D/MobileDataStateTracker(  754): mms: Received state=DISCONNECTED, old=DISCONNECTED, reason=dataEnabled
03-10 13:39:31.351 D/MobileDataStateTracker(  754): cbs: Broadcast received: android.intent.action.ANY_DATA_STATE apnType=cbs
03-10 13:39:31.351 D/MobileDataStateTracker(  754): cbs: Received state=DISCONNECTED, old=DISCONNECTED, reason=dataEnabled
03-10 13:39:31.361 D/MobileDataStateTracker(  754): hipri: Broadcast received: android.intent.action.ANY_DATA_STATE apnType=hipri
03-10 13:39:31.361 D/MobileDataStateTracker(  754): hipri: Received state=CONNECTED, old=CONNECTING, reason=dataEnabled
03-10 13:39:31.361 D/MobileDataStateTracker(  754): hipri: setDetailed state, old =CONNECTING and new state=CONNECTED
03-10 13:39:31.361 D/ConnectivityService(  754): ConnectivityChange for mobile_hipri: CONNECTED/CONNECTED
03-10 13:39:31.401 D/Nat464Xlat(  754): requiresClat: netType=5, hasIPv4Address=true
03-10 13:39:31.401 D/MobileDataStateTracker(  754): default: setPolicyDataEnable(enabled=true)
03-10 13:39:31.411 W/NetworkPolicy(  754): shared quota unsupported; generating rule for each iface
03-10 13:39:31.631 D/MobileDataStateTracker(  754): default: setPolicyDataEnable(enabled=true)
03-10 13:39:31.651 D/dalvikvm( 1081): GC_CONCURRENT freed 366K, 4% free 17487K/18036K, paused 2ms+3ms, total 14ms
03-10 13:39:32.201 W/GLSUser ( 1081): GoogleAccountDataService.getToken()
03-10 13:39:32.221 D/dalvikvm( 1081): GC_CONCURRENT freed 387K, 3% free 17497K/18036K, paused 2ms+1ms, total 13ms
03-10 13:39:32.231 I/CheckinTask( 1081): Checkin success: https://android.clients.google.com/checkin (1 requests sent)
03-10 13:39:32.351 D/MobileDataStateTracker(  754): hipri: isProvisioningNetwork: retVal=false
03-10 13:39:32.351 D/ConnectivityService(  754): [CheckMp] isMobileOk: isProvisioningNetwork is false, continue
03-10 13:39:32.391 D/ConnectivityService(  754): [CheckMp] isMobileOk: addresses=clients3.google.com/193.229.108.148,clients3.google.com/193.229.108.174,clients3.google.com/193.229.108.170,clients3.google.com/193.229.108.144,clients3.google.com/193.229.108.181,clients3.google.com/193.229.108.152,clients3.google.com/193.229.108.155,clients3.google.com/193.229.108.177,clients3.google.com/193.229.108.154,clients3.google.com/193.229.108.176,clients3.google.com/193.229.108.166,clients3.google.com/193.229.108.163,clients3.google.com/193.229.108.159,clients3.google.com/193.229.108.187,clients3.google.com/193.229.108.165,clients3.google.com/193.229.108.185
03-10 13:39:32.391 D/ConnectivityService(  754): [CheckMp] isMobileOk: linkHasIpv4=true linkHasIpv6=false
03-10 13:39:32.421 D/ConnectivityService(  754): requestRouteToHostAddress ok=true
03-10 13:39:32.421 D/ConnectivityService(  754): [CheckMp] isMobileOk: wait to establish route to hostAddr=clients3.google.com/193.229.108.187
03-10 13:39:33.311 W/ActivityThread( 3846): ClassLoader.loadClass: The class loader returned by Thread.getContextClassLoader() may fail for processes that host multiple applications. You should explicitly specify a context class loader. For example: Thread.setContextClassLoader(getClass().getClassLoader());
03-10 13:39:33.361 D/dalvikvm( 3846): GC_FOR_ALLOC freed 11K, 3% free 17674K/18128K, paused 48ms, total 49ms
03-10 13:39:33.401 W/GLSUser ( 1081): GoogleAccountDataService.getToken()
03-10 13:39:33.781 D/dalvikvm( 3846): GC_CONCURRENT freed 263K, 2% free 17851K/18208K, paused 2ms+14ms, total 28ms
03-10 13:39:34.201 D/Tethering(  754): MasterInitialState.processMessage what=3
03-10 13:39:34.201 D/CaptivePortalTracker(  754): NoActiveNetworkState{ when=-1ms what=1 obj=NetworkInfo: type: mobile[HSPA+], state: CONNECTED/CONNECTED, reason: connected, extra: internet.saunalahti, roaming: false, failover: false, isAvailable: true, isConnectedToProvisioningNetwork: false target=com.android.internal.util.StateMachine$SmHandler }
03-10 13:39:34.201 D/CaptivePortalTracker(  754): NoActiveNetworkState not a wifi connectivity change, ignore
03-10 13:39:34.231 D/MobileConnectivityChangeReceiver( 3727): onReceive Intent { act=android.net.conn.CONNECTIVITY_CHANGE flg=0x4000010 cmp=com.google.android.setupwizard/.MobileConnectivityChangeReceiver (has extras) }
03-10 13:39:34.231 D/MobileConnectivityChangeReceiver( 3727): onReceive CONNECTIVITY_CHANGE networkType=0
03-10 13:39:34.231 D/MobileConnectivityChangeReceiver( 3727): onReceive CONNECTIVITY_CHANGE: checkConnection
03-10 13:39:34.301 D/YouTube ( 3754): apps.youtube.app.prefetch.PrefetchService$DeviceStateReceiver.onReceive:565 Got device state change intent: android.net.conn.CONNECTIVITY_CHANGE
03-10 13:39:34.311 D/CheckConnectionTask( 3727): doInBackground: url=http://clients3.google.com/generate_204
03-10 13:39:34.311 D/YouTube ( 3754): apps.youtube.app.prefetch.PrefetchService.onStartCommand:167 PrefetchService started at 10 Mar 2014 11:39:34 GMT
03-10 13:39:34.321 D/YouTube ( 3754): apps.youtube.app.prefetch.PrefetchService.p_:245 Download snapshot restored
03-10 13:39:34.321 D/dalvikvm( 2394): GC_CONCURRENT freed 500K, 3% free 18653K/19184K, paused 2ms+11ms, total 47ms
03-10 13:39:34.321 D/GCM     ( 1081): GcmService start Intent { act=android.net.conn.CONNECTIVITY_CHANGE flg=0x4000010 cmp=com.google.android.gms/.gcm.GcmService (has extras) } android.net.conn.CONNECTIVITY_CHANGE
03-10 13:39:34.331 I/iu.Environment( 2939): update connectivity state; isNetworkMetered? true*, isRoaming? false, isBackgroundDataAllowed? true*
03-10 13:39:34.331 D/YouTube ( 3754): apps.youtube.app.prefetch.PrefetchService.onDestroy:215 PrefetchService destroyed at 10 Mar 2014 11:39:34 GMT
03-10 13:39:34.331 I/widget.provider( 3888): com.devhd.feedly.widget.FeedlyWidgetProvider onReceive: android.net.conn.CONNECTIVITY_CHANGE
03-10 13:39:34.331 I/iu.UploadsManager( 2939): num queued entries: 0
03-10 13:39:34.341 I/iu.UploadsManager( 2939): num updated entries: 0
03-10 13:39:34.341 I/iu.SyncManager( 2939): NEXT; no task
03-10 13:39:34.381 D/dalvikvm( 3727): GC_CONCURRENT freed 224K, 2% free 16948K/17204K, paused 5ms+3ms, total 20ms
03-10 13:39:34.401 D/Tethering(  754): MasterInitialState.processMessage what=3
03-10 13:39:34.411 D/CaptivePortalTracker(  754): NoActiveNetworkState{ when=-1ms what=1 obj=NetworkInfo: type: mobile_hipri[HSPA+], state: CONNECTED/CONNECTED, reason: dataEnabled, extra: internet.saunalahti, roaming: false, failover: false, isAvailable: true, isConnectedToProvisioningNetwork: false target=com.android.internal.util.StateMachine$SmHandler }
03-10 13:39:34.411 D/CaptivePortalTracker(  754): NoActiveNetworkState not a wifi connectivity change, ignore
03-10 13:39:34.421 D/MobileConnectivityChangeReceiver( 3727): onReceive Intent { act=android.net.conn.CONNECTIVITY_CHANGE flg=0x4000010 cmp=com.google.android.setupwizard/.MobileConnectivityChangeReceiver (has extras) }
03-10 13:39:34.431 D/MobileConnectivityChangeReceiver( 3727): onReceive CONNECTIVITY_CHANGE networkType=5
03-10 13:39:34.431 D/YouTube ( 3754): apps.youtube.app.prefetch.PrefetchService$DeviceStateReceiver.onReceive:565 Got device state change intent: android.net.conn.CONNECTIVITY_CHANGE
03-10 13:39:34.431 D/YouTube ( 3754): apps.youtube.app.prefetch.PrefetchService.onStartCommand:167 PrefetchService started at 10 Mar 2014 11:39:34 GMT
03-10 13:39:34.441 D/YouTube ( 3754): apps.youtube.app.prefetch.PrefetchService.p_:245 Download snapshot restored
03-10 13:39:34.441 D/GCM     ( 1081): GcmService start Intent { act=android.net.conn.CONNECTIVITY_CHANGE flg=0x4000010 cmp=com.google.android.gms/.gcm.GcmService (has extras) } android.net.conn.CONNECTIVITY_CHANGE
03-10 13:39:34.441 D/YouTube ( 3754): apps.youtube.app.prefetch.PrefetchService.onDestroy:215 PrefetchService destroyed at 10 Mar 2014 11:39:34 GMT
03-10 13:39:34.441 I/iu.Environment( 2939): update connectivity state; isNetworkMetered? true, isRoaming? false, isBackgroundDataAllowed? true
03-10 13:39:34.451 I/widget.provider( 3888): com.devhd.feedly.widget.FeedlyWidgetProvider onReceive: android.net.conn.CONNECTIVITY_CHANGE
03-10 13:39:34.471 D/dalvikvm( 3972): GC_CONCURRENT freed 469K, 3% free 17451K/17952K, paused 2ms+1ms, total 13ms
03-10 13:39:34.511 D/CheckConnectionTask( 3727): doInBackground: resultCode=204 retVal=true
03-10 13:39:34.511 D/CheckConnectionTask( 3727): onPostExecute connected=true
03-10 13:39:34.511 D/CheckConnectionTask( 3727): onPostExecute set preference connected=true
03-10 13:39:35.431 D/ConnectivityService(  754): [CheckMp] isMobileOk: newUrl=https://193.229.108.187/generate_204
03-10 13:39:35.931 D/dalvikvm(  754): GC_CONCURRENT freed 2214K, 9% free 26866K/29404K, paused 3ms+5ms, total 57ms
03-10 13:39:35.941 D/ConnectivityService(  754): [CheckMp] isMobileOk: hostnameVerify retVal=true hostname=193.229.108.187 orgUriHost=clients3.google.com
03-10 13:39:36.011 D/ConnectivityService(  754): [CheckMp] isMobileOk: headers={null=[HTTP/1.1 204 No Content], Connection=[close], Content-Length=[0], Content-Type=[text/html; charset=UTF-8], Date=[Mon, 10 Mar 2014 11:39:37 GMT], Server=[GFE/2.0], X-Android-Received-Millis=[1394451576023], X-Android-Response-Source=[NETWORK 204], X-Android-Selected-Transport=[http/1.1], X-Android-Sent-Millis=[1394451575965]}
03-10 13:39:36.011 D/ConnectivityService(  754): [CheckMp] isMobileOk: X got expected responseCode=204 result=1
03-10 13:39:36.011 D/ConnectivityService(  754): [CheckMp] isMobileOk: F stop hipri
03-10 13:39:36.011 D/MobileDataStateTracker(  754): default: setEnableFailFastMobileData(enabled=0)
03-10 13:39:36.021 D/ConnectivityService(  754): stopUsingNetworkFeature: teardown net 0: enableHIPRI
03-10 13:39:36.031 D/MobileDataStateTracker(  754): hipri: Broadcast received: android.intent.action.ANY_DATA_STATE apnType=hipri
03-10 13:39:36.031 D/MobileDataStateTracker(  754): hipri: Received state=DISCONNECTED, old=CONNECTED, reason=dataDisabled
03-10 13:39:36.031 D/MobileDataStateTracker(  754): hipri: setDetailed state, old =CONNECTED and new state=DISCONNECTED
03-10 13:39:36.031 D/ConnectivityService(  754): ConnectivityChange for mobile_hipri: DISCONNECTED/DISCONNECTED
03-10 13:39:36.081 D/dalvikvm( 1003): GC_CONCURRENT freed 564K, 4% free 17360K/17952K, paused 2ms+1ms, total 56ms
03-10 13:39:36.121 D/Nat464Xlat(  754): requiresClat: netType=5, hasIPv4Address=true
03-10 13:39:36.121 D/MobileDataStateTracker(  754): default: setPolicyDataEnable(enabled=true)
03-10 13:39:36.171 W/ProcessCpuTracker(  754): Skipping unknown process pid 4475
03-10 13:39:36.241 D/MobileDataStateTracker(  754): default: setPolicyDataEnable(enabled=true)
03-10 13:39:36.331 D/dalvikvm(  754): GC_CONCURRENT freed 2764K, 10% free 26645K/29444K, paused 2ms+3ms, total 62ms
03-10 13:39:36.331 D/dalvikvm(  754): WAIT_FOR_CONCURRENT_GC blocked 49ms
03-10 13:39:36.351 D/MobileDataStateTracker(  754): default: setPolicyDataEnable(enabled=true)
03-10 13:39:36.351 D/MobileDataStateTracker(  754): default: setPolicyDataEnable(enabled=true)
03-10 13:39:36.601 D/dalvikvm(  754): GC_CONCURRENT freed 2499K, 10% free 26632K/29444K, paused 3ms+3ms, total 69ms
03-10 13:39:36.601 D/dalvikvm(  754): WAIT_FOR_CONCURRENT_GC blocked 57ms
03-10 13:39:36.861 D/dalvikvm(  754): GC_CONCURRENT freed 2482K, 10% free 26632K/29444K, paused 3ms+3ms, total 63ms
03-10 13:39:36.861 D/dalvikvm(  754): WAIT_FOR_CONCURRENT_GC blocked 51ms
03-10 13:39:37.091 D/dalvikvm(  754): GC_CONCURRENT freed 2482K, 10% free 26632K/29444K, paused 2ms+2ms, total 74ms
03-10 13:39:37.091 D/dalvikvm(  754): WAIT_FOR_CONCURRENT_GC blocked 63ms
03-10 13:39:37.331 D/dalvikvm(  754): GC_CONCURRENT freed 2482K, 10% free 26633K/29444K, paused 2ms+5ms, total 75ms
03-10 13:39:37.331 D/dalvikvm(  754): WAIT_FOR_CONCURRENT_GC blocked 64ms
03-10 13:39:37.561 D/dalvikvm(  754): GC_CONCURRENT freed 2483K, 10% free 26632K/29444K, paused 1ms+3ms, total 59ms
03-10 13:39:37.561 D/dalvikvm(  754): WAIT_FOR_CONCURRENT_GC blocked 49ms
03-10 13:39:37.791 D/dalvikvm(  754): GC_CONCURRENT freed 2482K, 10% free 26632K/29444K, paused 2ms+3ms, total 72ms
03-10 13:39:37.791 D/dalvikvm(  754): WAIT_FOR_CONCURRENT_GC blocked 57ms
03-10 13:39:37.791 D/dalvikvm(  754): WAIT_FOR_CONCURRENT_GC blocked 58ms
03-10 13:39:37.791 D/dalvikvm(  754): WAIT_FOR_CONCURRENT_GC blocked 63ms
03-10 13:39:38.011 D/dalvikvm(  754): GC_CONCURRENT freed 2481K, 10% free 26633K/29444K, paused 1ms+3ms, total 54ms
03-10 13:39:38.011 D/dalvikvm(  754): WAIT_FOR_CONCURRENT_GC blocked 44ms
03-10 13:39:38.231 D/dalvikvm(  754): GC_CONCURRENT freed 2484K, 10% free 26632K/29444K, paused 1ms+3ms, total 51ms
03-10 13:39:38.231 D/dalvikvm(  754): WAIT_FOR_CONCURRENT_GC blocked 41ms
03-10 13:39:38.461 D/dalvikvm(  754): GC_CONCURRENT freed 2482K, 10% free 26632K/29444K, paused 3ms+3ms, total 65ms
03-10 13:39:38.461 D/dalvikvm(  754): WAIT_FOR_CONCURRENT_GC blocked 54ms
03-10 13:39:38.691 D/dalvikvm(  754): GC_CONCURRENT freed 2482K, 10% free 26632K/29444K, paused 3ms+3ms, total 75ms
03-10 13:39:38.691 D/dalvikvm(  754): WAIT_FOR_CONCURRENT_GC blocked 63ms
03-10 13:39:38.931 D/dalvikvm(  754): GC_CONCURRENT freed 2482K, 10% free 26632K/29444K, paused 1ms+5ms, total 72ms
03-10 13:39:38.931 D/dalvikvm(  754): WAIT_FOR_CONCURRENT_GC blocked 63ms
03-10 13:39:39.181 D/dalvikvm(  754): GC_CONCURRENT freed 2483K, 10% free 26632K/29444K, paused 3ms+5ms, total 87ms
03-10 13:39:39.181 D/dalvikvm(  754): WAIT_FOR_CONCURRENT_GC blocked 25ms
03-10 13:39:39.181 D/dalvikvm(  754): WAIT_FOR_CONCURRENT_GC blocked 56ms
03-10 13:39:39.181 D/dalvikvm(  754): WAIT_FOR_CONCURRENT_GC blocked 16ms
03-10 13:39:39.181 D/dalvikvm(  754): WAIT_FOR_CONCURRENT_GC blocked 77ms
03-10 13:39:39.181 D/Tethering(  754): MasterInitialState.processMessage what=3
03-10 13:39:39.191 D/CaptivePortalTracker(  754): NoActiveNetworkState{ when=-1ms what=1 obj=NetworkInfo: type: mobile_hipri[HSPA+], state: DISCONNECTED/DISCONNECTED, reason: dataDisabled, extra: internet.saunalahti, roaming: false, failover: false, isAvailable: true, isConnectedToProvisioningNetwork: false target=com.android.internal.util.StateMachine$SmHandler }
03-10 13:39:39.191 D/CaptivePortalTracker(  754): NoActiveNetworkState not a wifi connectivity change, ignore
03-10 13:39:39.191 D/Tethering(  754): MasterInitialState.processMessage what=3
03-10 13:39:39.191 D/CaptivePortalTracker(  754): NoActiveNetworkState{ when=0 what=1 obj=NetworkInfo: type: mobile[HSPA+], state: CONNECTED/CONNECTED, reason: connected, extra: internet.saunalahti, roaming: false, failover: false, isAvailable: true, isConnectedToProvisioningNetwork: false target=com.android.internal.util.StateMachine$SmHandler }
03-10 13:39:39.191 D/CaptivePortalTracker(  754): NoActiveNetworkState not a wifi connectivity change, ignore
03-10 13:39:39.221 D/MobileConnectivityChangeReceiver( 3727): onReceive Intent { act=android.net.conn.CONNECTIVITY_CHANGE flg=0x4000010 cmp=com.google.android.setupwizard/.MobileConnectivityChangeReceiver (has extras) }
03-10 13:39:39.221 D/MobileConnectivityChangeReceiver( 3727): onReceive CONNECTIVITY_CHANGE networkType=5
03-10 13:39:39.221 D/YouTube ( 3754): apps.youtube.app.prefetch.PrefetchService$DeviceStateReceiver.onReceive:565 Got device state change intent: android.net.conn.CONNECTIVITY_CHANGE
03-10 13:39:39.241 D/GCM     ( 1081): GcmService start Intent { act=android.net.conn.CONNECTIVITY_CHANGE flg=0x4000010 cmp=com.google.android.gms/.gcm.GcmService (has extras) } android.net.conn.CONNECTIVITY_CHANGE
03-10 13:39:39.241 D/YouTube ( 3754): apps.youtube.app.prefetch.PrefetchService.onStartCommand:167 PrefetchService started at 10 Mar 2014 11:39:39 GMT
03-10 13:39:39.251 D/YouTube ( 3754): apps.youtube.app.prefetch.PrefetchService.p_:245 Download snapshot restored
03-10 13:39:39.261 I/iu.Environment( 2939): update connectivity state; isNetworkMetered? true, isRoaming? false, isBackgroundDataAllowed? true
03-10 13:39:39.261 D/YouTube ( 3754): apps.youtube.app.prefetch.PrefetchService.onDestroy:215 PrefetchService destroyed at 10 Mar 2014 11:39:39 GMT
03-10 13:39:39.261 I/widget.provider( 3888): com.devhd.feedly.widget.FeedlyWidgetProvider onReceive: android.net.conn.CONNECTIVITY_CHANGE
03-10 13:39:39.321 D/MobileConnectivityChangeReceiver( 3727): onReceive Intent { act=android.net.conn.CONNECTIVITY_CHANGE flg=0x4000010 cmp=com.google.android.setupwizard/.MobileConnectivityChangeReceiver (has extras) }
03-10 13:39:39.321 D/MobileConnectivityChangeReceiver( 3727): onReceive CONNECTIVITY_CHANGE networkType=0
03-10 13:39:39.321 D/MobileConnectivityChangeReceiver( 3727): onReceive CONNECTIVITY_CHANGE: checkConnection
03-10 13:39:39.331 D/CheckConnectionTask( 3727): doInBackground: url=http://clients3.google.com/generate_204
03-10 13:39:39.331 D/YouTube ( 3754): apps.youtube.app.prefetch.PrefetchService$DeviceStateReceiver.onReceive:565 Got device state change intent: android.net.conn.CONNECTIVITY_CHANGE
03-10 13:39:39.331 D/YouTube ( 3754): apps.youtube.app.prefetch.PrefetchService.onStartCommand:167 PrefetchService started at 10 Mar 2014 11:39:39 GMT
03-10 13:39:39.331 D/YouTube ( 3754): apps.youtube.app.prefetch.PrefetchService.p_:245 Download snapshot restored
03-10 13:39:39.331 D/GCM     ( 1081): GcmService start Intent { act=android.net.conn.CONNECTIVITY_CHANGE flg=0x4000010 cmp=com.google.android.gms/.gcm.GcmService (has extras) } android.net.conn.CONNECTIVITY_CHANGE
03-10 13:39:39.341 D/YouTube ( 3754): apps.youtube.app.prefetch.PrefetchService.onDestroy:215 PrefetchService destroyed at 10 Mar 2014 11:39:39 GMT
03-10 13:39:39.341 I/iu.Environment( 2939): update connectivity state; isNetworkMetered? true, isRoaming? false, isBackgroundDataAllowed? true
03-10 13:39:39.341 I/widget.provider( 3888): com.devhd.feedly.widget.FeedlyWidgetProvider onReceive: android.net.conn.CONNECTIVITY_CHANGE
03-10 13:39:39.371 D/CheckConnectionTask( 3727): doInBackground: resultCode=204 retVal=true
03-10 13:39:39.371 D/CheckConnectionTask( 3727): onPostExecute connected=true
03-10 13:39:39.371 D/CheckConnectionTask( 3727): onPostExecute set preference connected=true
03-10 13:39:39.511 D/dalvikvm(  754): GC_CONCURRENT freed 2459K, 10% free 26656K/29444K, paused 2ms+4ms, total 60ms
03-10 13:39:39.511 D/dalvikvm(  754): WAIT_FOR_CONCURRENT_GC blocked 49ms
03-10 13:39:39.791 D/dalvikvm(  754): GC_CONCURRENT freed 2498K, 10% free 26646K/29444K, paused 2ms+3ms, total 60ms
03-10 13:39:39.791 D/dalvikvm(  754): WAIT_FOR_CONCURRENT_GC blocked 36ms
03-10 13:39:40.031 D/dalvikvm(  754): GC_CONCURRENT freed 2486K, 10% free 26646K/29444K, paused 2ms+3ms, total 51ms
03-10 13:39:40.031 D/dalvikvm(  754): WAIT_FOR_CONCURRENT_GC blocked 40ms
03-10 13:39:40.281 D/dalvikvm(  754): GC_CONCURRENT freed 2486K, 10% free 26645K/29444K, paused 3ms+4ms, total 85ms
03-10 13:39:40.281 D/dalvikvm(  754): WAIT_FOR_CONCURRENT_GC blocked 74ms
03-10 13:39:40.531 D/dalvikvm(  754): GC_CONCURRENT freed 2485K, 10% free 26646K/29444K, paused 2ms+5ms, total 73ms
03-10 13:39:40.531 D/dalvikvm(  754): WAIT_FOR_CONCURRENT_GC blocked 63ms
03-10 13:39:40.751 D/dalvikvm(  754): GC_CONCURRENT freed 2487K, 10% free 26645K/29444K, paused 2ms+2ms, total 63ms
03-10 13:39:40.751 D/dalvikvm(  754): WAIT_FOR_CONCURRENT_GC blocked 53ms
03-10 13:39:40.971 D/dalvikvm(  754): GC_CONCURRENT freed 2485K, 10% free 26646K/29444K, paused 2ms+3ms, total 55ms
03-10 13:39:40.971 D/dalvikvm(  754): WAIT_FOR_CONCURRENT_GC blocked 44ms
03-10 13:39:41.061 D/ConnectivityService(  754): [CheckMp] isMobileOk: X result=1
03-10 13:39:41.061 D/ConnectivityService(  754): [CheckMp] onPostExecute: result=1
03-10 13:39:41.061 D/ConnectivityService(  754): CheckMp.onComplete: result=1
03-10 13:39:41.061 D/ConnectivityService(  754): CheckMp.onComplete: ignore, connected or no connection
03-10 13:39:43.752 V/QcrilMsgTunnelSocket( 1830): After reading offset = 0 remaining = 4 countRead = 4
03-10 13:39:43.752 D/QcrilMsgTunnelSocket( 1830): messageLength extracted from first 4 inputStream reads = 29
03-10 13:39:43.752 V/QcrilMsgTunnelSocket( 1830): offset = 0 remaining = 29 countRead = 0
03-10 13:39:43.752 V/QcrilMsgTunnelSocket( 1830): offset = 0 remaining = 29 countRead = 29
03-10 13:39:43.752 D/QcrilMsgTunnelSocket( 1830): readRilMessage: Buffer = [B@4264aca0 HexData = [0100000004040000110000005155414c434f4d4def0308000100000002]
03-10 13:39:43.752 V/QcrilMsgTunnelSocket( 1830): Read packet: 29 bytes. Data Available = 32 Position = 0
03-10 13:39:43.752 D/QcrilMsgTunnelSocket( 1830): processResponse. message type = 1. Data Available = 28
03-10 13:39:43.752 D/QcrilMsgTunnelSocket( 1830): ByteArray from parcel = 5155414c434f4d4def0308000100000002
03-10 13:39:43.752 D/QcrilMsgTunnelSocket( 1830): Received RIL_UNSOL_OEM_HOOK_RAW message
03-10 13:39:43.752 D/QcrilMsgTunnelSocket( 1830): Oem ID in RIL_UNSOL_OEM_HOOK_RAW is QUALCOMM
03-10 13:39:43.752 D/QcrilMsgTunnelSocket( 1830): OEM ID check Passed
03-10 13:39:43.752 D/QcrilMsgTunnelSocket( 1830): Response ID in RIL_UNSOL_OEM_HOOK_RAW is 525295
03-10 13:39:43.791 D/QcrilMsgTunnelSocket( 1830): Response ID 525295is not served in this process.
03-10 13:39:43.791 D/QcrilMsgTunnelSocket( 1830): To broadcast an Intent via the notifier to external apps
03-10 13:39:43.791 D/QcrilMsgTunnelIfaceManager( 1830): handleMessage what=0
03-10 13:39:43.791 D/QcrilMsgTunnelIfaceManager( 1830): Broadcasting intent ACTION_UNSOL_RESPONSE_OEM_HOOK_RAW
03-10 13:39:43.791 V/QcrilMsgTunnelSocket( 1830): Before reading offset = 0 remaining = 4 countRead = 0
03-10 13:39:43.801 D/AlarmManagerService(  754): Kernel timezone updated to -120 minutes west of GMT
03-10 13:39:43.822 D/MobileDataStateTracker(  754): default: Broadcast received: android.intent.action.ANY_DATA_STATE apnType=default
03-10 13:39:43.822 D/MobileDataStateTracker(  754): default: Received state=CONNECTED, old=CONNECTED, reason=(unspecified)
03-10 13:39:43.891 V/QcrilMsgTunnelSocket( 1830): After reading offset = 0 remaining = 4 countRead = 4
03-10 13:39:43.891 D/QcrilMsgTunnelSocket( 1830): messageLength extracted from first 4 inputStream reads = 29
03-10 13:39:43.891 V/QcrilMsgTunnelSocket( 1830): offset = 0 remaining = 29 countRead = 0
03-10 13:39:43.891 V/QcrilMsgTunnelSocket( 1830): offset = 0 remaining = 29 countRead = 29
03-10 13:39:43.891 D/QcrilMsgTunnelSocket( 1830): readRilMessage: Buffer = [B@4264aca0 HexData = [0100000004040000110000005155414c434f4d4def0308000100000002]
03-10 13:39:43.891 V/QcrilMsgTunnelSocket( 1830): Read packet: 29 bytes. Data Available = 32 Position = 0
03-10 13:39:43.891 D/QcrilMsgTunnelSocket( 1830): processResponse. message type = 1. Data Available = 28
03-10 13:39:43.891 D/QcrilMsgTunnelSocket( 1830): ByteArray from parcel = 5155414c434f4d4def0308000100000002
03-10 13:39:43.891 D/QcrilMsgTunnelSocket( 1830): Received RIL_UNSOL_OEM_HOOK_RAW message
03-10 13:39:43.891 D/QcrilMsgTunnelSocket( 1830): Oem ID in RIL_UNSOL_OEM_HOOK_RAW is QUALCOMM
03-10 13:39:43.891 D/QcrilMsgTunnelSocket( 1830): OEM ID check Passed
03-10 13:39:43.891 D/QcrilMsgTunnelSocket( 1830): Response ID in RIL_UNSOL_OEM_HOOK_RAW is 525295
03-10 13:39:43.891 D/QcrilMsgTunnelSocket( 1830): Response ID 525295is not served in this process.
03-10 13:39:43.891 D/QcrilMsgTunnelSocket( 1830): To broadcast an Intent via the notifier to external apps
03-10 13:39:43.891 D/QcrilMsgTunnelIfaceManager( 1830): handleMessage what=0
03-10 13:39:43.891 D/QcrilMsgTunnelIfaceManager( 1830): Broadcasting intent ACTION_UNSOL_RESPONSE_OEM_HOOK_RAW
03-10 13:39:43.891 V/QcrilMsgTunnelSocket( 1830): Before reading offset = 0 remaining = 4 countRead = 0
03-10 13:39:45.301 V/QcrilMsgTunnelSocket( 1830): After reading offset = 0 remaining = 4 countRead = 4
03-10 13:39:45.301 D/QcrilMsgTunnelSocket( 1830): messageLength extracted from first 4 inputStream reads = 29
03-10 13:39:45.301 V/QcrilMsgTunnelSocket( 1830): offset = 0 remaining = 29 countRead = 0
03-10 13:39:45.301 V/QcrilMsgTunnelSocket( 1830): offset = 0 remaining = 29 countRead = 29
03-10 13:39:45.301 D/QcrilMsgTunnelSocket( 1830): readRilMessage: Buffer = [B@4264aca0 HexData = [0100000004040000110000005155414c434f4d4def0308000100000002]
03-10 13:39:45.301 V/QcrilMsgTunnelSocket( 1830): Read packet: 29 bytes. Data Available = 32 Position = 0
03-10 13:39:45.301 D/QcrilMsgTunnelSocket( 1830): processResponse. message type = 1. Data Available = 28
03-10 13:39:45.301 D/QcrilMsgTunnelSocket( 1830): ByteArray from parcel = 5155414c434f4d4def0308000100000002
03-10 13:39:45.301 D/QcrilMsgTunnelSocket( 1830): Received RIL_UNSOL_OEM_HOOK_RAW message
03-10 13:39:45.301 D/QcrilMsgTunnelSocket( 1830): Oem ID in RIL_UNSOL_OEM_HOOK_RAW is QUALCOMM
03-10 13:39:45.301 D/QcrilMsgTunnelSocket( 1830): OEM ID check Passed
03-10 13:39:45.301 D/QcrilMsgTunnelSocket( 1830): Response ID in RIL_UNSOL_OEM_HOOK_RAW is 525295
03-10 13:39:45.301 D/QcrilMsgTunnelSocket( 1830): Response ID 525295is not served in this process.
03-10 13:39:45.301 D/QcrilMsgTunnelSocket( 1830): To broadcast an Intent via the notifier to external apps
03-10 13:39:45.301 D/QcrilMsgTunnelIfaceManager( 1830): handleMessage what=0
03-10 13:39:45.301 D/QcrilMsgTunnelIfaceManager( 1830): Broadcasting intent ACTION_UNSOL_RESPONSE_OEM_HOOK_RAW
03-10 13:39:45.351 V/QcrilMsgTunnelSocket( 1830): Before reading offset = 0 remaining = 4 countRead = 0
03-10 13:39:46.591 D/dalvikvm( 1003): GC_CONCURRENT freed 384K, 4% free 17375K/17952K, paused 7ms+6ms, total 78ms
03-10 13:39:48.182 D/AndroidRuntime( 4610): 
03-10 13:39:48.182 D/AndroidRuntime( 4610): >>>>>> AndroidRuntime START com.android.internal.os.RuntimeInit <<<<<<
03-10 13:39:48.182 D/AndroidRuntime( 4610): CheckJNI is OFF
03-10 13:39:48.192 D/dalvikvm( 4610): Trying to load lib libjavacore.so 0x0
03-10 13:39:48.192 D/dalvikvm( 4610): Added shared lib libjavacore.so 0x0
03-10 13:39:48.201 D/dalvikvm( 4610): Trying to load lib libnativehelper.so 0x0
03-10 13:39:48.201 D/dalvikvm( 4610): Added shared lib libnativehelper.so 0x0
03-10 13:39:48.201 D/dalvikvm( 4610): No JNI_OnLoad found in libnativehelper.so 0x0, skipping init
03-10 13:39:48.221 D/dalvikvm( 4610): Note: class Landroid/app/ActivityManagerNative; has 179 unimplemented (abstract) methods
03-10 13:39:48.341 D/AndroidRuntime( 4610): Calling main entry com.android.commands.am.Am
03-10 13:39:48.341 I/ActivityManager(  754): Force stopping com.android.helloworldjava appid=10141 user=0: from pid 4610
03-10 13:39:48.341 I/ActivityManager(  754): Killing 4239:com.android.helloworldjava/u0a141 (adj 0): stop com.android.helloworldjava
03-10 13:39:48.341 W/ActivityManager(  754): Force removing ActivityRecord{43192db0 u0 com.android.helloworldjava/.HelloWorld t3}: app died, no saved state
03-10 13:39:48.351 W/InputDispatcher(  754): channel '42f30398 com.android.helloworldjava/com.android.helloworldjava.HelloWorld (server)' ~ Consumer closed input channel or an error occurred.  events=0x9
03-10 13:39:48.351 E/InputDispatcher(  754): channel '42f30398 com.android.helloworldjava/com.android.helloworldjava.HelloWorld (server)' ~ Channel is unrecoverably broken and will be disposed!
03-10 13:39:48.351 W/InputDispatcher(  754): Attempted to unregister already unregistered input channel '42f30398 com.android.helloworldjava/com.android.helloworldjava.HelloWorld (server)'
03-10 13:39:48.351 I/WindowState(  754): WIN DEATH: Window{42f30398 u0 com.android.helloworldjava/com.android.helloworldjava.HelloWorld}
03-10 13:39:48.361 D/AndroidRuntime( 4610): Shutting down VM
03-10 13:39:48.361 D/dalvikvm( 4610): GC_CONCURRENT freed 93K, 15% free 553K/648K, paused 0ms+0ms, total 1ms
03-10 13:39:48.961 V/QcrilMsgTunnelSocket( 1830): After reading offset = 0 remaining = 4 countRead = 4
03-10 13:39:48.961 D/QcrilMsgTunnelSocket( 1830): messageLength extracted from first 4 inputStream reads = 29
03-10 13:39:48.961 V/QcrilMsgTunnelSocket( 1830): offset = 0 remaining = 29 countRead = 0
03-10 13:39:48.971 V/QcrilMsgTunnelSocket( 1830): offset = 0 remaining = 29 countRead = 29
03-10 13:39:48.971 D/QcrilMsgTunnelSocket( 1830): readRilMessage: Buffer = [B@4264aca0 HexData = [0100000004040000110000005155414c434f4d4def0308000100000001]
03-10 13:39:48.971 V/QcrilMsgTunnelSocket( 1830): Read packet: 29 bytes. Data Available = 32 Position = 0
03-10 13:39:48.971 D/QcrilMsgTunnelSocket( 1830): processResponse. message type = 1. Data Available = 28
03-10 13:39:48.971 D/QcrilMsgTunnelSocket( 1830): ByteArray from parcel = 5155414c434f4d4def0308000100000001
03-10 13:39:48.971 D/QcrilMsgTunnelSocket( 1830): Received RIL_UNSOL_OEM_HOOK_RAW message
03-10 13:39:48.971 D/QcrilMsgTunnelSocket( 1830): Oem ID in RIL_UNSOL_OEM_HOOK_RAW is QUALCOMM
03-10 13:39:48.971 D/QcrilMsgTunnelSocket( 1830): OEM ID check Passed
03-10 13:39:48.971 D/QcrilMsgTunnelSocket( 1830): Response ID in RIL_UNSOL_OEM_HOOK_RAW is 525295
03-10 13:39:48.971 D/QcrilMsgTunnelSocket( 1830): Response ID 525295is not served in this process.
03-10 13:39:48.971 D/QcrilMsgTunnelSocket( 1830): To broadcast an Intent via the notifier to external apps
03-10 13:39:48.971 D/QcrilMsgTunnelIfaceManager( 1830): handleMessage what=0
03-10 13:39:48.971 D/QcrilMsgTunnelIfaceManager( 1830): Broadcasting intent ACTION_UNSOL_RESPONSE_OEM_HOOK_RAW
03-10 13:39:48.991 V/QcrilMsgTunnelSocket( 1830): Before reading offset = 0 remaining = 4 countRead = 0
03-10 13:39:48.991 V/QcrilMsgTunnelSocket( 1830): After reading offset = 0 remaining = 4 countRead = 4
03-10 13:39:48.991 D/QcrilMsgTunnelSocket( 1830): messageLength extracted from first 4 inputStream reads = 29
03-10 13:39:48.991 V/QcrilMsgTunnelSocket( 1830): offset = 0 remaining = 29 countRead = 0
03-10 13:39:48.991 V/QcrilMsgTunnelSocket( 1830): offset = 0 remaining = 29 countRead = 29
03-10 13:39:48.991 D/QcrilMsgTunnelSocket( 1830): readRilMessage: Buffer = [B@4264aca0 HexData = [0100000004040000110000005155414c434f4d4def0308000100000001]
03-10 13:39:48.991 V/QcrilMsgTunnelSocket( 1830): Read packet: 29 bytes. Data Available = 32 Position = 0
03-10 13:39:48.991 D/QcrilMsgTunnelSocket( 1830): processResponse. message type = 1. Data Available = 28
03-10 13:39:49.001 D/QcrilMsgTunnelSocket( 1830): ByteArray from parcel = 5155414c434f4d4def0308000100000001
03-10 13:39:49.001 D/QcrilMsgTunnelSocket( 1830): Received RIL_UNSOL_OEM_HOOK_RAW message
03-10 13:39:49.001 D/QcrilMsgTunnelSocket( 1830): Oem ID in RIL_UNSOL_OEM_HOOK_RAW is QUALCOMM
03-10 13:39:49.001 D/QcrilMsgTunnelSocket( 1830): OEM ID check Passed
03-10 13:39:49.001 D/QcrilMsgTunnelSocket( 1830): Response ID in RIL_UNSOL_OEM_HOOK_RAW is 525295
03-10 13:39:49.001 D/QcrilMsgTunnelSocket( 1830): Response ID 525295is not served in this process.
03-10 13:39:49.001 D/QcrilMsgTunnelSocket( 1830): To broadcast an Intent via the notifier to external apps
03-10 13:39:49.001 D/QcrilMsgTunnelIfaceManager( 1830): handleMessage what=0
03-10 13:39:49.001 D/QcrilMsgTunnelIfaceManager( 1830): Broadcasting intent ACTION_UNSOL_RESPONSE_OEM_HOOK_RAW
03-10 13:39:49.001 V/QcrilMsgTunnelSocket( 1830): Before reading offset = 0 remaining = 4 countRead = 0
03-10 13:39:49.881 D/AndroidRuntime( 4640): 
03-10 13:39:49.881 D/AndroidRuntime( 4640): >>>>>> AndroidRuntime START com.android.internal.os.RuntimeInit <<<<<<
03-10 13:39:49.881 D/AndroidRuntime( 4640): CheckJNI is OFF
03-10 13:39:49.891 D/dalvikvm( 4640): Trying to load lib libjavacore.so 0x0
03-10 13:39:49.891 D/dalvikvm( 4640): Added shared lib libjavacore.so 0x0
03-10 13:39:49.891 D/dalvikvm( 4640): Trying to load lib libnativehelper.so 0x0
03-10 13:39:49.891 D/dalvikvm( 4640): Added shared lib libnativehelper.so 0x0
03-10 13:39:49.891 D/dalvikvm( 4640): No JNI_OnLoad found in libnativehelper.so 0x0, skipping init
03-10 13:39:49.911 D/dalvikvm( 4640): Note: class Landroid/app/ActivityManagerNative; has 179 unimplemented (abstract) methods
03-10 13:39:50.031 D/AndroidRuntime( 4640): Calling main entry com.android.commands.am.Am
03-10 13:39:50.041 I/ActivityManager(  754): START u0 {flg=0x10000000 cmp=com.android.helloworldjava/.HelloWorld} from pid 4640
03-10 13:39:50.051 V/QcrilMsgTunnelSocket( 1830): After reading offset = 0 remaining = 4 countRead = 4
03-10 13:39:50.051 D/QcrilMsgTunnelSocket( 1830): messageLength extracted from first 4 inputStream reads = 29
03-10 13:39:50.051 V/QcrilMsgTunnelSocket( 1830): offset = 0 remaining = 29 countRead = 0
03-10 13:39:50.051 V/QcrilMsgTunnelSocket( 1830): offset = 0 remaining = 29 countRead = 29
03-10 13:39:50.051 D/QcrilMsgTunnelSocket( 1830): readRilMessage: Buffer = [B@4264aca0 HexData = [0100000004040000110000005155414c434f4d4def0308000100000001]
03-10 13:39:50.051 V/QcrilMsgTunnelSocket( 1830): Read packet: 29 bytes. Data Available = 32 Position = 0
03-10 13:39:50.051 D/QcrilMsgTunnelSocket( 1830): processResponse. message type = 1. Data Available = 28
03-10 13:39:50.051 D/QcrilMsgTunnelSocket( 1830): ByteArray from parcel = 5155414c434f4d4def0308000100000001
03-10 13:39:50.051 D/QcrilMsgTunnelSocket( 1830): Received RIL_UNSOL_OEM_HOOK_RAW message
03-10 13:39:50.051 D/QcrilMsgTunnelSocket( 1830): Oem ID in RIL_UNSOL_OEM_HOOK_RAW is QUALCOMM
03-10 13:39:50.051 D/QcrilMsgTunnelSocket( 1830): OEM ID check Passed
03-10 13:39:50.051 D/QcrilMsgTunnelSocket( 1830): Response ID in RIL_UNSOL_OEM_HOOK_RAW is 525295
03-10 13:39:50.051 D/QcrilMsgTunnelSocket( 1830): Response ID 525295is not served in this process.
03-10 13:39:50.051 D/QcrilMsgTunnelSocket( 1830): To broadcast an Intent via the notifier to external apps
03-10 13:39:50.051 V/QcrilMsgTunnelSocket( 1830): Before reading offset = 0 remaining = 4 countRead = 0
03-10 13:39:50.051 V/QcrilMsgTunnelSocket( 1830): After reading offset = 0 remaining = 4 countRead = 4
03-10 13:39:50.051 D/QcrilMsgTunnelSocket( 1830): messageLength extracted from first 4 inputStream reads = 29
03-10 13:39:50.051 V/QcrilMsgTunnelSocket( 1830): offset = 0 remaining = 29 countRead = 0
03-10 13:39:50.051 V/QcrilMsgTunnelSocket( 1830): offset = 0 remaining = 29 countRead = 29
03-10 13:39:50.051 D/QcrilMsgTunnelSocket( 1830): readRilMessage: Buffer = [B@4264aca0 HexData = [0100000004040000110000005155414c434f4d4def0308000100000001]
03-10 13:39:50.051 V/QcrilMsgTunnelSocket( 1830): Read packet: 29 bytes. Data Available = 32 Position = 0
03-10 13:39:50.051 D/QcrilMsgTunnelSocket( 1830): processResponse. message type = 1. Data Available = 28
03-10 13:39:50.051 D/QcrilMsgTunnelSocket( 1830): ByteArray from parcel = 5155414c434f4d4def0308000100000001
03-10 13:39:50.051 D/QcrilMsgTunnelSocket( 1830): Received RIL_UNSOL_OEM_HOOK_RAW message
03-10 13:39:50.051 D/QcrilMsgTunnelSocket( 1830): Oem ID in RIL_UNSOL_OEM_HOOK_RAW is QUALCOMM
03-10 13:39:50.051 D/QcrilMsgTunnelSocket( 1830): OEM ID check Passed
03-10 13:39:50.051 D/QcrilMsgTunnelSocket( 1830): Response ID in RIL_UNSOL_OEM_HOOK_RAW is 525295
03-10 13:39:50.051 D/QcrilMsgTunnelSocket( 1830): Response ID 525295is not served in this process.
03-10 13:39:50.051 D/QcrilMsgTunnelSocket( 1830): To broadcast an Intent via the notifier to external apps
03-10 13:39:50.051 V/QcrilMsgTunnelSocket( 1830): Before reading offset = 0 remaining = 4 countRead = 0
03-10 13:39:50.061 D/QcrilMsgTunnelIfaceManager( 1830): handleMessage what=0
03-10 13:39:50.061 D/QcrilMsgTunnelIfaceManager( 1830): Broadcasting intent ACTION_UNSOL_RESPONSE_OEM_HOOK_RAW
03-10 13:39:50.351 I/WindowManager(  754): Screenshot max retries 4 of Token{42e55510 ActivityRecord{42e55298 u0 com.google.android.googlequicksearchbox/com.google.android.launcher.GEL t1}} appWin=Window{42b68a00 u0 com.google.android.googlequicksearchbox/com.google.android.launcher.GEL} drawState=4
03-10 13:39:50.351 W/WindowManager(  754): Screenshot failure taking screenshot for (1080x1920) to layer 21000
03-10 13:39:50.351 D/AndroidRuntime( 4640): Shutting down VM
03-10 13:39:50.351 D/QcrilMsgTunnelIfaceManager( 1830): handleMessage what=0
03-10 13:39:50.351 D/QcrilMsgTunnelIfaceManager( 1830): Broadcasting intent ACTION_UNSOL_RESPONSE_OEM_HOOK_RAW
03-10 13:39:50.351 D/dalvikvm( 4640): GC_CONCURRENT freed 95K, 15% free 586K/684K, paused 1ms+0ms, total 3ms
03-10 13:39:50.361 D/AlarmManagerService(  754): Kernel timezone updated to -120 minutes west of GMT
03-10 13:39:50.371 I/ActivityManager(  754): Start proc com.android.helloworldjava for activity com.android.helloworldjava/.HelloWorld: pid=4671 uid=10141 gids={50141, 1028, 1015}
03-10 13:39:50.371 D/MobileDataStateTracker(  754): default: Broadcast received: android.intent.action.ANY_DATA_STATE apnType=default
03-10 13:39:50.381 D/MobileDataStateTracker(  754): default: Received state=CONNECTED, old=CONNECTED, reason=(unspecified)
03-10 13:39:50.461 I/ActivityManager(  754): Displayed com.android.helloworldjava/.HelloWorld: +113ms
03-10 13:39:50.941 V/QcrilMsgTunnelSocket( 1830): After reading offset = 0 remaining = 4 countRead = 4
03-10 13:39:50.941 D/QcrilMsgTunnelSocket( 1830): messageLength extracted from first 4 inputStream reads = 29
03-10 13:39:50.941 V/QcrilMsgTunnelSocket( 1830): offset = 0 remaining = 29 countRead = 0
03-10 13:39:50.941 V/QcrilMsgTunnelSocket( 1830): offset = 0 remaining = 29 countRead = 29
03-10 13:39:50.941 D/QcrilMsgTunnelSocket( 1830): readRilMessage: Buffer = [B@4264aca0 HexData = [0100000004040000110000005155414c434f4d4def0308000100000001]
03-10 13:39:50.941 V/QcrilMsgTunnelSocket( 1830): Read packet: 29 bytes. Data Available = 32 Position = 0
03-10 13:39:50.941 D/QcrilMsgTunnelSocket( 1830): processResponse. message type = 1. Data Available = 28
03-10 13:39:50.941 D/QcrilMsgTunnelSocket( 1830): ByteArray from parcel = 5155414c434f4d4def0308000100000001
03-10 13:39:50.941 D/QcrilMsgTunnelSocket( 1830): Received RIL_UNSOL_OEM_HOOK_RAW message
03-10 13:39:50.941 D/QcrilMsgTunnelSocket( 1830): Oem ID in RIL_UNSOL_OEM_HOOK_RAW is QUALCOMM
03-10 13:39:50.941 D/QcrilMsgTunnelSocket( 1830): OEM ID check Passed
03-10 13:39:50.941 D/QcrilMsgTunnelSocket( 1830): Response ID in RIL_UNSOL_OEM_HOOK_RAW is 525295
03-10 13:39:50.941 D/QcrilMsgTunnelSocket( 1830): Response ID 525295is not served in this process.
03-10 13:39:50.941 D/QcrilMsgTunnelSocket( 1830): To broadcast an Intent via the notifier to external apps
03-10 13:39:50.941 V/QcrilMsgTunnelSocket( 1830): Before reading offset = 0 remaining = 4 countRead = 0
03-10 13:39:50.941 D/QcrilMsgTunnelIfaceManager( 1830): handleMessage what=0
03-10 13:39:50.941 D/QcrilMsgTunnelIfaceManager( 1830): Broadcasting intent ACTION_UNSOL_RESPONSE_OEM_HOOK_RAW
03-10 13:39:56.041 V/QcrilMsgTunnelSocket( 1830): After reading offset = 0 remaining = 4 countRead = 4
03-10 13:39:56.041 D/QcrilMsgTunnelSocket( 1830): messageLength extracted from first 4 inputStream reads = 29
03-10 13:39:56.041 V/QcrilMsgTunnelSocket( 1830): offset = 0 remaining = 29 countRead = 0
03-10 13:39:56.051 D/AlarmManagerService(  754): Kernel timezone updated to -120 minutes west of GMT
03-10 13:39:56.061 D/MobileDataStateTracker(  754): default: Broadcast received: android.intent.action.ANY_DATA_STATE apnType=default
03-10 13:39:56.061 D/MobileDataStateTracker(  754): default: Received state=CONNECTED, old=CONNECTED, reason=(unspecified)
03-10 13:39:56.071 V/QcrilMsgTunnelSocket( 1830): offset = 0 remaining = 29 countRead = 29
