03-10 13:37:19.580 D/MobileDataStateTracker(  754): supl: Received state=DISCONNECTED, old=DISCONNECTED, reason=roamingOff
03-10 13:37:19.580 D/MobileDataStateTracker(  754): hipri: Broadcast received: android.intent.action.ANY_DATA_STATE apnType=hipri
03-10 13:37:19.580 D/MobileDataStateTracker(  754): hipri: Received state=DISCONNECTED, old=DISCONNECTED, reason=roamingOff
03-10 13:37:19.580 D/MobileDataStateTracker(  754): ims: Broadcast received: android.intent.action.ANY_DATA_STATE apnType=ims
03-10 13:37:19.590 D/MobileDataStateTracker(  754): ims: Received state=DISCONNECTED, old=DISCONNECTED, reason=roamingOff
03-10 13:37:19.590 D/MobileDataStateTracker(  754): default: Broadcast received: android.intent.action.ANY_DATA_STATE apnType=default
03-10 13:37:19.590 D/MobileDataStateTracker(  754): default: Received state=DISCONNECTED, old=DISCONNECTED, reason=roamingOff
03-10 13:37:19.590 D/MobileDataStateTracker(  754): mms: Broadcast received: android.intent.action.ANY_DATA_STATE apnType=mms
03-10 13:37:19.590 D/MobileDataStateTracker(  754): mms: Received state=DISCONNECTED, old=DISCONNECTED, reason=roamingOff
03-10 13:37:19.590 D/MobileDataStateTracker(  754): cbs: Broadcast received: android.intent.action.ANY_DATA_STATE apnType=cbs
03-10 13:37:19.600 D/MobileDataStateTracker(  754): cbs: Received state=DISCONNECTED, old=DISCONNECTED, reason=roamingOff
03-10 13:37:19.600 D/MobileDataStateTracker(  754): fota: Broadcast received: android.intent.action.ANY_DATA_STATE apnType=fota
03-10 13:37:19.600 D/MobileDataStateTracker(  754): fota: Received state=DISCONNECTED, old=DISCONNECTED, reason=roamingOff
03-10 13:37:19.610 D/MobileDataStateTracker(  754): dun: Broadcast received: android.intent.action.ANY_DATA_STATE apnType=dun
03-10 13:37:19.610 D/MobileDataStateTracker(  754): dun: Received state=DISCONNECTED, old=DISCONNECTED, reason=roamingOff
03-10 13:37:19.610 D/MobileDataStateTracker(  754): ia: Broadcast received: android.intent.action.ANY_DATA_STATE apnType=ia
03-10 13:37:19.660 D/MobileDataStateTracker(  754): ia: Received state=DISCONNECTED, old=DISCONNECTED, reason=roamingOff
03-10 13:37:19.660 D/MobileDataStateTracker(  754): supl: Broadcast received: android.intent.action.ANY_DATA_STATE apnType=supl
03-10 13:37:19.660 D/MobileDataStateTracker(  754): supl: Received state=DISCONNECTED, old=DISCONNECTED, reason=roamingOff
03-10 13:37:19.660 D/MobileDataStateTracker(  754): hipri: Broadcast received: android.intent.action.ANY_DATA_STATE apnType=hipri
03-10 13:37:19.660 D/MobileDataStateTracker(  754): hipri: Received state=DISCONNECTED, old=DISCONNECTED, reason=roamingOff
03-10 13:37:19.660 D/MobileDataStateTracker(  754): ims: Broadcast received: android.intent.action.ANY_DATA_STATE apnType=ims
03-10 13:37:19.660 D/MobileDataStateTracker(  754): ims: Received state=DISCONNECTED, old=DISCONNECTED, reason=roamingOff
03-10 13:37:19.660 D/MobileDataStateTracker(  754): default: Broadcast received: android.intent.action.ANY_DATA_STATE apnType=default
03-10 13:37:19.660 D/MobileDataStateTracker(  754): default: Received state=DISCONNECTED, old=DISCONNECTED, reason=roamingOff
03-10 13:37:19.660 D/MobileDataStateTracker(  754): mms: Broadcast received: android.intent.action.ANY_DATA_STATE apnType=mms
03-10 13:37:19.660 D/MobileDataStateTracker(  754): mms: Received state=DISCONNECTED, old=DISCONNECTED, reason=roamingOff
03-10 13:37:19.660 D/MobileDataStateTracker(  754): cbs: Broadcast received: android.intent.action.ANY_DATA_STATE apnType=cbs
03-10 13:37:19.660 D/MobileDataStateTracker(  754): cbs: Received state=DISCONNECTED, old=DISCONNECTED, reason=roamingOff
03-10 13:37:19.900 I/ActivityManager(  754): Start proc android.process.media for broadcast com.android.providers.media/.MtpReceiver: pid=1178 uid=10005 gids={50005, 1028, 1015, 1023, 1024, 2001, 3003, 3007}
03-10 13:37:20.000 I/ActivityManager(  754): Start proc com.google.process.location for on-hold: pid=1193 uid=10007 gids={50007, 3003, 1007, 3002, 3001, 1028, 1015, 2001, 3006, 3007}
03-10 13:37:20.100 I/ActivityManager(  754): Start proc com.google.android.gms for broadcast com.google.android.gms/com.google.android.location.internal.NlpNetworkProviderSettingsUpdateReceiver: pid=1230 uid=10007 gids={50007, 3003, 1007, 3002, 3001, 1028, 1015, 2001, 3006, 3007}
03-10 13:37:20.130 V/BackupManagerService(  754): Connected to transport ComponentInfo{com.google.android.backup/com.google.android.backup.BackupTransportService}
03-10 13:37:20.140 V/BackupManagerService(  754): Registering transport com.google.android.backup/.BackupTransportService::com.google.android.backup/.BackupTransportService = com.android.internal.backup.IBackupTransport$Stub$Proxy@42e817e8
03-10 13:37:20.610 D/MccTable( 1003): updateMccMncConfiguration: mcc=244, mnc=21
03-10 13:37:20.610 D/MccTable( 1003): getLocaleFromMcc to null_fi mcc=244
03-10 13:37:20.610 D/MccTable( 1003): getLocaleForLanguageCountry: skipping no language
03-10 13:37:20.610 D/MccTable( 1003): WIFI_COUNTRY_CODE set to fi
03-10 13:37:20.610 I/WifiService(  754): WifiService trying to set country code to fi with persist set to true
03-10 13:37:20.610 D/MccTable( 1003): updateMccMncConfiguration updateConfig config={1.0 244mcc21mnc ?locale ?layoutDir ?swdp ?wdp ?hdp ?density ?lsize ?long ?orien ?uimode ?night ?touch ?keyb/?/? ?nav/?}
03-10 13:37:20.610 I/ActivityManager(  754): Config changes=3 {1.0 244mcc21mnc en_IN ldltr sw360dp w360dp h567dp 480dpi nrml port finger -keyb/v/h -nav/h s.5}
03-10 13:37:21.110 I/ActivityManager(  754): Start proc com.google.android.apps.magazines for broadcast com.google.android.apps.magazines/com.google.apps.dots.android.newsstand.audio.MediaButtonIntentReceiver: pid=1303 uid=10057 gids={50057, 3003, 1028, 1015}
03-10 13:37:21.220 I/WindowManager(  754): Screen frozen for +609ms due to AppWindowToken{42deedc8 token=Token{42e55510 ActivityRecord{42e55298 u0 com.google.android.googlequicksearchbox/com.google.android.launcher.GEL t1}}}
03-10 13:37:21.940 D/MobileDataStateTracker(  754): fota: Broadcast received: android.intent.action.ANY_DATA_STATE apnType=fota
03-10 13:37:21.940 D/MobileDataStateTracker(  754): fota: Received state=DISCONNECTED, old=DISCONNECTED, reason=simLoaded
03-10 13:37:21.940 D/MobileDataStateTracker(  754): dun: Broadcast received: android.intent.action.ANY_DATA_STATE apnType=dun
03-10 13:37:21.940 D/MobileDataStateTracker(  754): dun: Received state=DISCONNECTED, old=DISCONNECTED, reason=simLoaded
03-10 13:37:21.940 D/MobileDataStateTracker(  754): ia: Broadcast received: android.intent.action.ANY_DATA_STATE apnType=ia
03-10 13:37:21.950 D/MobileDataStateTracker(  754): ia: Received state=DISCONNECTED, old=DISCONNECTED, reason=simLoaded
03-10 13:37:21.950 D/MobileDataStateTracker(  754): supl: Broadcast received: android.intent.action.ANY_DATA_STATE apnType=supl
03-10 13:37:21.950 D/MobileDataStateTracker(  754): supl: Received state=DISCONNECTED, old=DISCONNECTED, reason=simLoaded
03-10 13:37:21.950 D/MobileDataStateTracker(  754): hipri: Broadcast received: android.intent.action.ANY_DATA_STATE apnType=hipri
03-10 13:37:21.950 D/MobileDataStateTracker(  754): hipri: Received state=DISCONNECTED, old=DISCONNECTED, reason=simLoaded
03-10 13:37:21.950 D/MobileDataStateTracker(  754): ims: Broadcast received: android.intent.action.ANY_DATA_STATE apnType=ims
03-10 13:37:21.950 D/MobileDataStateTracker(  754): ims: Received state=DISCONNECTED, old=DISCONNECTED, reason=simLoaded
03-10 13:37:21.950 D/MobileDataStateTracker(  754): default: Broadcast received: android.intent.action.ANY_DATA_STATE apnType=default
03-10 13:37:21.950 D/MobileDataStateTracker(  754): default: Received state=DISCONNECTED, old=DISCONNECTED, reason=simLoaded
03-10 13:37:21.950 D/MobileDataStateTracker(  754): mms: Broadcast received: android.intent.action.ANY_DATA_STATE apnType=mms
03-10 13:37:21.960 D/MobileDataStateTracker(  754): mms: Received state=DISCONNECTED, old=DISCONNECTED, reason=simLoaded
03-10 13:37:21.960 D/MobileDataStateTracker(  754): cbs: Broadcast received: android.intent.action.ANY_DATA_STATE apnType=cbs
03-10 13:37:21.960 D/MobileDataStateTracker(  754): cbs: Received state=DISCONNECTED, old=DISCONNECTED, reason=simLoaded
03-10 13:37:21.960 D/MobileDataStateTracker(  754): fota: Broadcast received: android.intent.action.ANY_DATA_STATE apnType=fota
03-10 13:37:21.960 D/MobileDataStateTracker(  754): fota: Received state=DISCONNECTED, old=DISCONNECTED, reason=simLoaded
03-10 13:37:21.960 D/MobileDataStateTracker(  754): dun: Broadcast received: android.intent.action.ANY_DATA_STATE apnType=dun
03-10 13:37:21.960 D/MobileDataStateTracker(  754): dun: Received state=DISCONNECTED, old=DISCONNECTED, reason=simLoaded
03-10 13:37:21.960 D/MobileDataStateTracker(  754): ia: Broadcast received: android.intent.action.ANY_DATA_STATE apnType=ia
03-10 13:37:21.960 D/MobileDataStateTracker(  754): ia: Received state=DISCONNECTED, old=DISCONNECTED, reason=simLoaded
03-10 13:37:21.960 D/MobileDataStateTracker(  754): supl: Broadcast received: android.intent.action.ANY_DATA_STATE apnType=supl
03-10 13:37:21.960 D/MobileDataStateTracker(  754): supl: Received state=DISCONNECTED, old=DISCONNECTED, reason=simLoaded
03-10 13:37:21.960 D/MobileDataStateTracker(  754): hipri: Broadcast received: android.intent.action.ANY_DATA_STATE apnType=hipri
03-10 13:37:21.960 D/MobileDataStateTracker(  754): hipri: Received state=DISCONNECTED, old=DISCONNECTED, reason=simLoaded
03-10 13:37:21.970 D/MobileDataStateTracker(  754): ims: Broadcast received: android.intent.action.ANY_DATA_STATE apnType=ims
03-10 13:37:21.970 D/MobileDataStateTracker(  754): ims: Received state=DISCONNECTED, old=DISCONNECTED, reason=simLoaded
03-10 13:37:21.970 D/MobileDataStateTracker(  754): default: Broadcast received: android.intent.action.ANY_DATA_STATE apnType=default
03-10 13:37:21.970 D/MobileDataStateTracker(  754): default: Received state=DISCONNECTED, old=DISCONNECTED, reason=simLoaded
03-10 13:37:21.970 D/MobileDataStateTracker(  754): mms: Broadcast received: android.intent.action.ANY_DATA_STATE apnType=mms
03-10 13:37:21.970 D/MobileDataStateTracker(  754): mms: Received state=DISCONNECTED, old=DISCONNECTED, reason=simLoaded
03-10 13:37:21.970 D/MobileDataStateTracker(  754): cbs: Broadcast received: android.intent.action.ANY_DATA_STATE apnType=cbs
03-10 13:37:21.970 D/MobileDataStateTracker(  754): cbs: Received state=DISCONNECTED, old=DISCONNECTED, reason=simLoaded
03-10 13:37:21.970 W/BroadcastQueue(  754): Permission Denial: receiving Intent { act=android.intent.action.BOOT_COMPLETED flg=0x8000010 (has extras) } to com.rbigsoft.easyunrar.lite/com.offercast.android.sdk.OCBroadcastReceiver requires android.permission.RECEIVE_BOOT_COMPLETED due to sender null (uid 1000)
03-10 13:37:21.990 I/ActivityManager(  754): Start proc com.facebook.katana:dash_service for broadcast com.facebook.katana/com.facebook.keyguardservice.KeyguardServiceBooter: pid=1365 uid=10095 gids={50095, 1028, 1015, 3003}
03-10 13:37:23.300 I/ActivityManager(  754): Start proc com.facebook.orca for broadcast com.facebook.orca/.chatheads.service.ChatHeadsBooter: pid=1408 uid=10091 gids={50091, 3003, 1028, 1015}
03-10 13:37:23.350 I/ActivityManager(  754): Start proc com.facebook.katana for content provider com.facebook.katana/.provider.orca.FbSharedPreferencesContentProvider: pid=1421 uid=10095 gids={50095, 1028, 1015, 3003}
03-10 13:37:24.572 I/ActivityManager(  754): Start proc com.google.android.dialer for broadcast com.google.android.dialer/com.android.dialer.calllog.CallLogReceiver: pid=1446 uid=10008 gids={50008, 3003, 1028, 1015}
03-10 13:37:24.622 I/ActivityManager(  754): Delay finish: com.google.android.dialer/com.android.dialer.calllog.CallLogReceiver
03-10 13:37:24.642 I/ActivityManager(  754): Resuming delayed broadcast
03-10 13:37:24.652 W/ContextImpl(  754): Calling a method in the system process without a qualified user: android.app.ContextImpl.bindService:1543 android.bluetooth.BluetoothHeadset.doBind:283 android.bluetooth.BluetoothHeadset.<init>:276 android.bluetooth.BluetoothAdapter.getProfileProxy:1181 android.media.AudioService.getBluetoothHeadset:2245 
03-10 13:37:24.662 W/ContextImpl(  754): Calling a method in the system process without a qualified user: android.app.ContextImpl.bindService:1543 android.bluetooth.BluetoothA2dp.doBind:165 android.bluetooth.BluetoothA2dp.<init>:158 android.bluetooth.BluetoothAdapter.getProfileProxy:1184 android.media.AudioService$AudioServiceBroadcastReceiver.onReceive:4166 
03-10 13:37:24.662 V/WiredAccessoryManager(  754): notifyWiredAccessoryChanged: when=0 bits= mask=14
03-10 13:37:24.662 V/WiredAccessoryManager(  754): newName=h2w newState=0 headsetState=0 prev headsetState=0
03-10 13:37:24.662 V/WiredAccessoryManager(  754): init()
03-10 13:37:24.702 I/PowerManagerService(  754): Boot animation finished.
03-10 13:37:24.712 I/ActivityManager(  754): Start proc com.android.providers.calendar for broadcast com.android.providers.calendar/.CalendarReceiver: pid=1475 uid=10001 gids={50001, 3003, 1028, 1015}
03-10 13:37:24.802 I/BootReceiver(  754): Copying /proc/last_kmsg to DropBox (SYSTEM_LAST_KMSG)
03-10 13:37:24.832 I/BootReceiver(  754): Copying audit failures to DropBox
03-10 13:37:24.842 I/BootReceiver(  754): Copied 2192 worth of audits to DropBox
03-10 13:37:24.842 I/BootReceiver(  754): Checking for fsck errors
03-10 13:37:24.862 I/ActivityManager(  754): Start proc com.google.android.configupdater for broadcast com.google.android.configupdater/.CertPin.CertPinUpdateRequestReceiver: pid=1503 uid=10002 gids={50002, 3003, 2001}
03-10 13:37:24.982 I/ActivityManager(  754): Delay finish: com.google.android.configupdater/.CertPin.CertPinUpdateRequestReceiver
03-10 13:37:25.102 D/MobileDataStateTracker(  754): fota: Broadcast received: android.intent.action.ANY_DATA_STATE apnType=fota
03-10 13:37:25.102 D/MobileDataStateTracker(  754): fota: Received state=DISCONNECTED, old=DISCONNECTED, reason=dataAttached
03-10 13:37:25.102 D/MobileDataStateTracker(  754): dun: Broadcast received: android.intent.action.ANY_DATA_STATE apnType=dun
03-10 13:37:25.102 D/MobileDataStateTracker(  754): dun: Received state=DISCONNECTED, old=DISCONNECTED, reason=dataAttached
03-10 13:37:25.102 D/MobileDataStateTracker(  754): ia: Broadcast received: android.intent.action.ANY_DATA_STATE apnType=ia
03-10 13:37:25.102 D/MobileDataStateTracker(  754): ia: Received state=DISCONNECTED, old=DISCONNECTED, reason=dataAttached
03-10 13:37:25.102 D/MobileDataStateTracker(  754): supl: Broadcast received: android.intent.action.ANY_DATA_STATE apnType=supl
03-10 13:37:25.102 D/MobileDataStateTracker(  754): supl: Received state=DISCONNECTED, old=DISCONNECTED, reason=dataAttached
03-10 13:37:25.112 D/MobileDataStateTracker(  754): hipri: Broadcast received: android.intent.action.ANY_DATA_STATE apnType=hipri
03-10 13:37:25.112 D/MobileDataStateTracker(  754): hipri: Received state=DISCONNECTED, old=DISCONNECTED, reason=dataAttached
03-10 13:37:25.112 D/MobileDataStateTracker(  754): ims: Broadcast received: android.intent.action.ANY_DATA_STATE apnType=ims
03-10 13:37:25.112 D/MobileDataStateTracker(  754): ims: Received state=DISCONNECTED, old=DISCONNECTED, reason=dataAttached
03-10 13:37:25.112 D/MobileDataStateTracker(  754): mms: Broadcast received: android.intent.action.ANY_DATA_STATE apnType=mms
03-10 13:37:25.112 D/MobileDataStateTracker(  754): mms: Received state=DISCONNECTED, old=DISCONNECTED, reason=dataAttached
03-10 13:37:25.112 D/MobileDataStateTracker(  754): cbs: Broadcast received: android.intent.action.ANY_DATA_STATE apnType=cbs
03-10 13:37:25.112 D/MobileDataStateTracker(  754): cbs: Received state=DISCONNECTED, old=DISCONNECTED, reason=dataAttached
03-10 13:37:25.122 D/MobileDataStateTracker(  754): default: Broadcast received: android.intent.action.ANY_DATA_STATE apnType=default
03-10 13:37:25.122 D/MobileDataStateTracker(  754): default: Received state=CONNECTING, old=DISCONNECTED, reason=dataAttached
03-10 13:37:25.122 D/MobileDataStateTracker(  754): default: setDetailed state, old =IDLE and new state=CONNECTING
03-10 13:37:25.122 D/MobileDataStateTracker(  754): fota: Broadcast received: android.intent.action.ANY_DATA_STATE apnType=fota
03-10 13:37:25.132 D/MobileDataStateTracker(  754): fota: Received state=DISCONNECTED, old=DISCONNECTED, reason=dataAttached
03-10 13:37:25.132 D/MobileDataStateTracker(  754): dun: Broadcast received: android.intent.action.ANY_DATA_STATE apnType=dun
03-10 13:37:25.132 D/MobileDataStateTracker(  754): dun: Received state=DISCONNECTED, old=DISCONNECTED, reason=dataAttached
03-10 13:37:25.132 D/MobileDataStateTracker(  754): ia: Broadcast received: android.intent.action.ANY_DATA_STATE apnType=ia
03-10 13:37:25.132 D/MobileDataStateTracker(  754): ia: Received state=DISCONNECTED, old=DISCONNECTED, reason=dataAttached
03-10 13:37:25.132 D/MobileDataStateTracker(  754): supl: Broadcast received: android.intent.action.ANY_DATA_STATE apnType=supl
03-10 13:37:25.132 D/MobileDataStateTracker(  754): supl: Received state=DISCONNECTED, old=DISCONNECTED, reason=dataAttached
03-10 13:37:25.132 D/MobileDataStateTracker(  754): hipri: Broadcast received: android.intent.action.ANY_DATA_STATE apnType=hipri
03-10 13:37:25.132 D/MobileDataStateTracker(  754): hipri: Received state=DISCONNECTED, old=DISCONNECTED, reason=dataAttached
03-10 13:37:25.132 D/MobileDataStateTracker(  754): ims: Broadcast received: android.intent.action.ANY_DATA_STATE apnType=ims
03-10 13:37:25.132 D/MobileDataStateTracker(  754): ims: Received state=DISCONNECTED, old=DISCONNECTED, reason=dataAttached
03-10 13:37:25.132 D/MobileDataStateTracker(  754): mms: Broadcast received: android.intent.action.ANY_DATA_STATE apnType=mms
03-10 13:37:25.142 D/MobileDataStateTracker(  754): mms: Received state=DISCONNECTED, old=DISCONNECTED, reason=dataAttached
03-10 13:37:25.142 D/MobileDataStateTracker(  754): cbs: Broadcast received: android.intent.action.ANY_DATA_STATE apnType=cbs
03-10 13:37:25.142 D/MobileDataStateTracker(  754): cbs: Received state=DISCONNECTED, old=DISCONNECTED, reason=dataAttached
03-10 13:37:25.871 I/ActivityManager(  754): Resuming delayed broadcast
03-10 13:37:25.921 I/ActivityManager(  754): Delay finish: com.android.providers.downloads/.DownloadReceiver
03-10 13:37:25.961 I/ActivityManager(  754): Resuming delayed broadcast
03-10 13:37:25.981 I/ActivityManager(  754): Start proc com.google.android.onetimeinitializer for broadcast com.google.android.onetimeinitializer/.OneTimeInitializerReceiver: pid=1583 uid=10010 gids={50010}
03-10 13:37:26.001 I/ActivityManager(  754): Delay finish: com.google.android.onetimeinitializer/.OneTimeInitializerReceiver
03-10 13:37:26.031 I/ActivityManager(  754): Resuming delayed broadcast
03-10 13:37:26.041 I/ActivityManager(  754): Start proc com.google.android.partnersetup for broadcast com.google.android.partnersetup/.GooglePartnerSetup: pid=1611 uid=10011 gids={50011, 3003}
03-10 13:37:26.081 I/ActivityManager(  754): Delay finish: com.google.android.partnersetup/.GooglePartnerSetup
03-10 13:37:26.141 I/ActivityManager(  754): Resuming delayed broadcast
03-10 13:37:26.151 I/ActivityManager(  754): Delay finish: com.google.android.partnersetup/.RlzPingBroadcastReceiver
03-10 13:37:26.271 I/ActivityManager(  754): Resuming delayed broadcast
03-10 13:37:26.281 I/ActivityManager(  754): Delay finish: com.google.android.gsf/.checkin.CheckinService$Receiver
03-10 13:37:26.301 I/ActivityManager(  754): Resuming delayed broadcast
03-10 13:37:26.311 I/ActivityManager(  754): Delay finish: com.google.android.gsf/.update.SystemUpdateService$Receiver
03-10 13:37:26.321 I/ActivityManager(  754): Resuming delayed broadcast
03-10 13:37:26.331 I/SystemUpdateService( 1081): cancelUpdate (empty URL)
03-10 13:37:26.341 I/ActivityManager(  754): Delay finish: com.android.providers.media/.MediaScannerReceiver
03-10 13:37:26.361 I/SystemUpdateService( 1081): cancelUpdate (empty URL)
03-10 13:37:26.391 I/ActivityManager(  754): Resuming delayed broadcast
03-10 13:37:26.451 I/ActivityManager(  754): Start proc com.android.cellbroadcastreceiver for broadcast com.android.cellbroadcastreceiver/.CellBroadcastReceiver: pid=1667 uid=10030 gids={50030}
03-10 13:37:26.481 I/ActivityManager(  754): Delay finish: com.android.cellbroadcastreceiver/.CellBroadcastReceiver
03-10 13:37:26.491 I/ActivityManager(  754): Delaying start of: ServiceRecord{430d6858 u0 com.android.cellbroadcastreceiver/.CellBroadcastConfigService}
03-10 13:37:26.771 W/ActivityManager(  754): Unable to start service Intent { act=com.google.android.gms.analytics.service.START cmp=com.google.android.gms/.analytics.service.AnalyticsService (has extras) } U=0: not found
03-10 13:37:31.781 W/ActivityManager(  754): Unable to start service Intent { act=com.google.android.gms.analytics.service.START cmp=com.google.android.gms/.analytics.service.AnalyticsService (has extras) } U=0: not found
03-10 13:37:32.701 I/ActivityManager(  754): Resuming delayed broadcast
03-10 13:37:32.732 I/ActivityManager(  754): Start proc com.google.android.deskclock for broadcast com.google.android.deskclock/com.android.deskclock.AlarmInitReceiver: pid=1727 uid=10034 gids={50034, 1028}
03-10 13:37:32.822 I/ActivityManager(  754): Start proc com.google.android.email for broadcast com.google.android.email/com.android.email.service.EmailBroadcastReceiver: pid=1744 uid=10037 gids={50037, 3003, 1028, 1015}
03-10 13:37:32.902 D/ActivityThread( 1744): Loading provider com.google.android.email.provider;com.google.android.email.notifier: com.android.email.provider.EmailProvider
03-10 13:37:32.921 I/ActivityManager(  754): Delay finish: com.google.android.email/com.android.email.service.EmailBroadcastReceiver
03-10 13:37:33.021 I/ActivityManager(  754): Delaying start of: ServiceRecord{42e1efa0 u0 com.google.android.exchange/com.android.exchange.service.EmailSyncAdapterService}
03-10 13:37:33.041 I/ActivityManager(  754): Start proc com.google.android.exchange for service com.google.android.exchange/com.android.exchange.service.EmailSyncAdapterService: pid=1763 uid=10038 gids={50038, 3003, 1028, 1015}
03-10 13:37:33.061 W/ActivityManager(  754): Unable to start service Intent { cmp=com.google.android.email/com.android.email.service.AttachmentDownloadService } U=0: not found
03-10 13:37:33.151 W/ActivityManager(  754): Unable to start service Intent { cmp=com.google.android.email/com.android.email.service.AttachmentDownloadService } U=0: not found
03-10 13:37:33.181 I/ActivityManager(  754): Resuming delayed broadcast
03-10 13:37:33.191 I/ActivityManager(  754): Start proc com.google.android.apps.genie.geniewidget for broadcast com.google.android.apps.genie.geniewidget/.miniwidget.MiniWidgetProvider: pid=1793 uid=10041 gids={50041, 3003, 1028, 1015}
03-10 13:37:33.251 I/ActivityManager(  754): Delay finish: com.google.android.syncadapters.contacts/.ContactsSyncAdapterBroadcastReceiver
03-10 13:37:33.281 I/ActivityManager(  754): Resuming delayed broadcast
03-10 13:37:33.281 I/ActivityManager(  754): Killing 978:android.process.acore/u0a3 (adj 15): empty #17
03-10 13:37:33.311 I/ActivityManager(  754): Start proc com.lge.SprintHiddenMenu for broadcast com.lge.SprintHiddenMenu/.sprintspec.data.UaproflieSettingReceiver: pid=1817 uid=1000 gids={41000, 1028, 1015, 3002, 3001, 3003}
03-10 13:37:33.341 I/ActivityManager(  754): Killing 1303:com.google.android.apps.magazines/u0a57 (adj 15): empty #17
03-10 13:37:33.361 I/ActivityManager(  754): Start proc com.qualcomm.qcrilmsgtunnel for broadcast com.qualcomm.qcrilmsgtunnel/.QcrilMsgTunnelAutoboot: pid=1830 uid=1001 gids={41001, 3002, 3001, 3003, 2001, 1028, 1015}
03-10 13:37:33.391 I/ActivityManager(  754): Delay finish: com.qualcomm.qcrilmsgtunnel/.QcrilMsgTunnelAutoboot
03-10 13:37:35.041 D/MobileDataStateTracker(  754): default: Broadcast received: android.intent.action.ANY_DATA_STATE apnType=default
03-10 13:37:35.041 D/MobileDataStateTracker(  754): default: Received state=CONNECTING, old=CONNECTING, reason=(unspecified)
03-10 13:37:35.882 D/MobileDataStateTracker(  754): default: Broadcast received: android.intent.action.ANY_DATA_STATE apnType=default
03-10 13:37:35.882 D/MobileDataStateTracker(  754): default: Received state=CONNECTED, old=CONNECTING, reason=connected
03-10 13:37:35.882 D/MobileDataStateTracker(  754): default: setDetailed state, old =CONNECTING and new state=CONNECTED
03-10 13:37:35.882 D/ConnectivityService(  754): ConnectivityChange for mobile: CONNECTED/CONNECTED
03-10 13:37:35.882 D/ConnectivityService(  754): ConnectivityChange checkMobileProvisioning for TYPE_MOBILE or ProvisioningNetwork
03-10 13:37:35.882 D/ConnectivityService(  754): checkMobileProvisioning: E suggestedTimeOutMs=60000
03-10 13:37:35.882 D/ConnectivityService(  754): setProvNotificationVisible: E visible=false networkType=5 extraInfo=null url=null
03-10 13:37:35.882 D/ConnectivityService(  754): checkMobileProvisioning: params={ url=http://clients3.google.com/generate_204 mTimeOutMs=60000 mCb=com.android.server.ConnectivityService$5@42a43498}
03-10 13:37:35.882 D/ConnectivityService(  754): checkMobileProvisioning: X
03-10 13:37:35.912 D/Nat464Xlat(  754): requiresClat: netType=0, hasIPv4Address=true
03-10 13:37:35.931 D/MobileDataStateTracker(  754): default: isProvisioningNetwork: retVal=false
03-10 13:37:35.931 D/ConnectivityService(  754): [CheckMp] isMobileOk: isDefaultProvisioning=false
03-10 13:37:35.931 D/MobileDataStateTracker(  754): hipri: isProvisioningNetwork: retVal=false
03-10 13:37:35.931 D/ConnectivityService(  754): [CheckMp] isMobileOk: isHipriProvisioning=false
03-10 13:37:35.931 D/ConnectivityService(  754): [CheckMp] isMobileOk: start hipri url=http://clients3.google.com/generate_204
03-10 13:37:35.931 D/ConnectivityService(  754): startUsingNetworkFeature reconnecting to 0: enableHIPRI
03-10 13:37:35.941 D/MobileDataStateTracker(  754): hipri: Broadcast received: android.intent.action.ANY_DATA_STATE apnType=hipri
03-10 13:37:35.941 D/MobileDataStateTracker(  754): hipri: Received state=CONNECTING, old=DISCONNECTED, reason=dataEnabled
03-10 13:37:35.941 D/MobileDataStateTracker(  754): hipri: setDetailed state, old =IDLE and new state=CONNECTING
03-10 13:37:35.952 D/ConnectivityService(  754): startUsingNetworkFeature X: return APN_REQUEST_STARTED
03-10 13:37:35.952 D/ConnectivityService(  754): [CheckMp] isMobileOk: hipri started
03-10 13:37:35.952 D/ConnectivityService(  754): [CheckMp] isMobileOk: not connected ni=NetworkInfo: type: mobile_hipri[HSPA+], state: DISCONNECTED/IDLE, reason: (unspecified), extra: (none), roaming: false, failover: false, isAvailable: true, isConnectedToProvisioningNetwork: false
03-10 13:37:35.952 D/MobileDataStateTracker(  754): fota: Broadcast received: android.intent.action.ANY_DATA_STATE apnType=fota
03-10 13:37:35.952 D/MobileDataStateTracker(  754): fota: Received state=DISCONNECTED, old=DISCONNECTED, reason=dataEnabled
03-10 13:37:35.952 D/MobileDataStateTracker(  754): dun: Broadcast received: android.intent.action.ANY_DATA_STATE apnType=dun
03-10 13:37:35.952 D/MobileDataStateTracker(  754): dun: Received state=DISCONNECTED, old=DISCONNECTED, reason=dataEnabled
03-10 13:37:35.952 D/MobileDataStateTracker(  754): ia: Broadcast received: android.intent.action.ANY_DATA_STATE apnType=ia
03-10 13:37:35.952 D/MobileDataStateTracker(  754): ia: Received state=DISCONNECTED, old=DISCONNECTED, reason=dataEnabled
03-10 13:37:35.952 D/MobileDataStateTracker(  754): supl: Broadcast received: android.intent.action.ANY_DATA_STATE apnType=supl
03-10 13:37:35.952 D/MobileDataStateTracker(  754): supl: Received state=DISCONNECTED, old=DISCONNECTED, reason=dataEnabled
03-10 13:37:35.952 D/MobileDataStateTracker(  754): ims: Broadcast received: android.intent.action.ANY_DATA_STATE apnType=ims
03-10 13:37:35.962 D/MobileDataStateTracker(  754): ims: Received state=DISCONNECTED, old=DISCONNECTED, reason=dataEnabled
03-10 13:37:35.962 D/MobileDataStateTracker(  754): mms: Broadcast received: android.intent.action.ANY_DATA_STATE apnType=mms
03-10 13:37:35.962 D/MobileDataStateTracker(  754): mms: Received state=DISCONNECTED, old=DISCONNECTED, reason=dataEnabled
03-10 13:37:35.962 D/MobileDataStateTracker(  754): cbs: Broadcast received: android.intent.action.ANY_DATA_STATE apnType=cbs
03-10 13:37:35.962 D/MobileDataStateTracker(  754): cbs: Received state=DISCONNECTED, old=DISCONNECTED, reason=dataEnabled
03-10 13:37:35.962 D/MobileDataStateTracker(  754): hipri: Broadcast received: android.intent.action.ANY_DATA_STATE apnType=hipri
03-10 13:37:35.962 D/MobileDataStateTracker(  754): hipri: Received state=CONNECTED, old=CONNECTING, reason=dataEnabled
03-10 13:37:35.962 D/MobileDataStateTracker(  754): hipri: setDetailed state, old =IDLE and new state=CONNECTED
03-10 13:37:35.962 D/ConnectivityService(  754): ConnectivityChange for mobile_hipri: CONNECTED/CONNECTED
03-10 13:37:36.011 D/Nat464Xlat(  754): requiresClat: netType=5, hasIPv4Address=true
03-10 13:37:36.051 D/MobileDataStateTracker(  754): default: setPolicyDataEnable(enabled=true)
03-10 13:37:36.051 W/NetworkPolicy(  754): shared quota unsupported; generating rule for each iface
03-10 13:37:36.431 D/MobileDataStateTracker(  754): default: setPolicyDataEnable(enabled=true)
03-10 13:37:36.431 D/MobileDataStateTracker(  754): default: setPolicyDataEnable(enabled=true)
03-10 13:37:36.441 W/NetworkPolicy(  754): shared quota unsupported; generating rule for each iface
03-10 13:37:36.881 D/MobileDataStateTracker(  754): default: setPolicyDataEnable(enabled=true)
03-10 13:37:36.961 D/MobileDataStateTracker(  754): hipri: isProvisioningNetwork: retVal=false
03-10 13:37:36.961 D/ConnectivityService(  754): [CheckMp] isMobileOk: isProvisioningNetwork is false, continue
03-10 13:37:36.991 D/ConnectivityService(  754): [CheckMp] isMobileOk: addresses=clients3.google.com/193.229.108.55,clients3.google.com/193.229.108.54,clients3.google.com/193.229.108.39,clients3.google.com/193.229.108.45,clients3.google.com/193.229.108.49,clients3.google.com/193.229.108.25,clients3.google.com/193.229.108.40,clients3.google.com/193.229.108.30,clients3.google.com/193.229.108.50,clients3.google.com/193.229.108.24,clients3.google.com/193.229.108.20,clients3.google.com/193.229.108.59,clients3.google.com/193.229.108.29,clients3.google.com/193.229.108.35,clients3.google.com/193.229.108.34,clients3.google.com/193.229.108.44
03-10 13:37:36.991 D/ConnectivityService(  754): [CheckMp] isMobileOk: linkHasIpv4=true linkHasIpv6=false
03-10 13:37:37.021 D/ConnectivityService(  754): requestRouteToHostAddress ok=true
03-10 13:37:37.021 D/ConnectivityService(  754): [CheckMp] isMobileOk: wait to establish route to hostAddr=clients3.google.com/193.229.108.55
03-10 13:37:39.101 I/ActivityManager(  754): Start proc com.chrome.beta for service com.chrome.beta/com.google.android.apps.chrome.sync.ChromeBrowserSyncAdapterService: pid=2025 uid=10083 gids={50083, 3003, 1028, 1015}
03-10 13:37:39.201 I/ActivityManager(  754): Killing 946:com.google.android.keep/u0a53 (adj 15): empty #17
03-10 13:37:39.961 I/ActivityManager(  754): Waited long enough for: ServiceRecord{42f97ea0 u0 com.facebook.orca/com.facebook.push.mqtt.MqttPushService}
03-10 13:37:39.961 I/ActivityManager(  754): Resuming delayed broadcast
03-10 13:37:40.021 I/ActivityManager(  754): Start proc com.android.vending for broadcast com.android.vending/com.google.android.finsky.receivers.BootCompletedReceiver: pid=2056 uid=10015 gids={50015, 3003, 1028, 1015}
03-10 13:37:40.051 D/ConnectivityService(  754): [CheckMp] isMobileOk: newUrl=https://193.229.108.55/generate_204
03-10 13:37:40.051 W/ActivityThread(  754): ClassLoader.loadClass: The class loader returned by Thread.getContextClassLoader() may fail for processes that host multiple applications. You should explicitly specify a context class loader. For example: Thread.setContextClassLoader(getClass().getClassLoader());
03-10 13:37:40.301 I/ActivityManager(  754): Start proc com.google.android.keep for broadcast com.google.android.keep/.notification.AlertReceiver: pid=2100 uid=10053 gids={50053, 3003, 1028, 1015}
03-10 13:37:40.301 I/ActivityManager(  754): Killing 905:com.android.settings/1000 (adj 15): empty #17
03-10 13:37:40.451 I/ActivityManager(  754): Delay finish: com.google.android.keep/.notification.AlertReceiver
03-10 13:37:40.501 I/ActivityManager(  754): Resuming delayed broadcast
03-10 13:37:40.511 I/ActivityManager(  754): Start proc com.google.android.talk for broadcast com.google.android.talk/com.google.android.apps.babel.service.BootReceiver: pid=2133 uid=10052 gids={50052, 3003, 1028, 1015, 3002}
03-10 13:37:40.511 I/ActivityManager(  754): Killing 1365:com.facebook.katana:dash_service/u0a95 (adj 15): empty #17
03-10 13:37:40.791 I/ActivityManager(  754): Start proc com.google.android.youtube for broadcast com.google.android.youtube/com.google.android.apps.youtube.core.transfer.DownloadService$BootReceiver: pid=2169 uid=10073 gids={50073, 3003, 1028, 1015}
03-10 13:37:40.791 I/ActivityManager(  754): Killing 1065:com.android.printspooler/u0a66 (adj 15): empty #17
03-10 13:37:40.891 D/ConnectivityService(  754): [CheckMp] isMobileOk: hostnameVerify retVal=true hostname=193.229.108.55 orgUriHost=clients3.google.com
03-10 13:37:41.021 D/ConnectivityService(  754): [CheckMp] isMobileOk: headers={null=[HTTP/1.1 204 No Content], Connection=[close], Content-Length=[0], Content-Type=[text/html; charset=UTF-8], Date=[Mon, 10 Mar 2014 11:37:42 GMT], Server=[GFE/2.0], X-Android-Received-Millis=[1394451461030], X-Android-Response-Source=[NETWORK 204], X-Android-Selected-Transport=[http/1.1], X-Android-Sent-Millis=[1394451460974]}
03-10 13:37:41.021 D/ConnectivityService(  754): [CheckMp] isMobileOk: X got expected responseCode=204 result=1
03-10 13:37:41.021 D/ConnectivityService(  754): [CheckMp] isMobileOk: F stop hipri
03-10 13:37:41.021 D/MobileDataStateTracker(  754): default: setEnableFailFastMobileData(enabled=0)
03-10 13:37:41.021 D/ConnectivityService(  754): stopUsingNetworkFeature: teardown net 0: enableHIPRI
03-10 13:37:41.031 D/MobileDataStateTracker(  754): hipri: Broadcast received: android.intent.action.ANY_DATA_STATE apnType=hipri
03-10 13:37:41.031 D/MobileDataStateTracker(  754): hipri: Received state=DISCONNECTED, old=CONNECTED, reason=dataDisabled
03-10 13:37:41.031 D/MobileDataStateTracker(  754): hipri: setDetailed state, old =CONNECTED and new state=DISCONNECTED
03-10 13:37:41.031 D/ConnectivityService(  754): ConnectivityChange for mobile_hipri: DISCONNECTED/DISCONNECTED
03-10 13:37:41.091 D/Nat464Xlat(  754): requiresClat: netType=5, hasIPv4Address=true
03-10 13:37:41.091 D/MobileDataStateTracker(  754): default: setPolicyDataEnable(enabled=true)
03-10 13:37:41.231 D/MobileDataStateTracker(  754): default: setPolicyDataEnable(enabled=true)
03-10 13:37:41.361 D/MobileDataStateTracker(  754): default: setPolicyDataEnable(enabled=true)
03-10 13:37:41.361 D/MobileDataStateTracker(  754): default: setPolicyDataEnable(enabled=true)
03-10 13:37:41.471 I/ActivityManager(  754): Waited long enough for: ServiceRecord{42d741b0 u0 com.facebook.katana/com.facebook.push.mqtt.MqttPushService}
03-10 13:37:41.501 I/ActivityManager(  754): Start proc com.google.android.gm for broadcast com.google.android.gm/.GoogleMailDeviceStartupReceiver: pid=2288 uid=10042 gids={50042, 3003, 1028, 1015}
03-10 13:37:41.611 I/ActivityManager(  754): Killing 1446:com.google.android.dialer/u0a8 (adj 15): empty #17
03-10 13:37:41.751 I/ActivityManager(  754): Start proc com.google.android.calendar for broadcast com.google.android.calendar/com.android.calendar.alerts.AlertReceiver: pid=2316 uid=10029 gids={50029, 3003}
03-10 13:37:41.821 I/ActivityManager(  754): Delay finish: com.google.android.calendar/com.android.calendar.alerts.AlertReceiver
03-10 13:37:41.931 I/ActivityManager(  754): Resuming delayed broadcast
03-10 13:37:41.931 I/ActivityManager(  754): Killing 1475:com.android.providers.calendar/u0a1 (adj 15): empty #17
03-10 13:37:41.941 I/ActivityManager(  754): Start proc com.google.android.googlequicksearchbox:search for broadcast com.google.android.googlequicksearchbox/com.google.android.search.core.StartUpReceiver: pid=2344 uid=10020 gids={50020, 3003, 1028, 3002, 1015}
03-10 13:37:41.971 I/ActivityManager(  754): Start proc com.google.android.gms.ui for service com.google.android.gms/.auth.authzen.GcmReceiverService: pid=2356 uid=10007 gids={50007, 3003, 1007, 3002, 3001, 1028, 1015, 2001, 3006, 3007}
03-10 13:37:42.131 I/ActivityManager(  754): Delay finish: com.google.android.googlequicksearchbox/com.google.android.search.core.StartUpReceiver
03-10 13:37:42.241 I/ActivityManager(  754): Resuming delayed broadcast
03-10 13:37:42.271 I/ActivityManager(  754): Start proc com.whatsapp for broadcast com.whatsapp/.BootReceiver: pid=2394 uid=10077 gids={50077, 1028, 1015, 3003}
03-10 13:37:42.271 I/ActivityManager(  754): Killing 1503:com.google.android.configupdater/u0a2 (adj 15): empty #17
03-10 13:37:42.851 I/ActivityManager(  754): Start proc android.process.acore for content provider com.android.providers.contacts/.ContactsProvider2: pid=2419 uid=10003 gids={50003, 3003, 1028, 1015}
03-10 13:37:42.901 W/BroadcastQueue(  754): Permission Denial: receiving Intent { act=android.intent.action.BOOT_COMPLETED flg=0x8000010 (has extras) } to com.google.android.apps.authenticator2/com.google.android.apps.authenticator.seedrotation.SeedRotationService$StartupListener requires android.permission.RECEIVE_BOOT_COMPLETED due to sender null (uid 1000)
03-10 13:37:42.921 I/ActivityManager(  754): Start proc com.laurencedawson.reddit_sync:remote for broadcast com.laurencedawson.reddit_sync/.RedditMessageReceiver: pid=2436 uid=10080 gids={50080, 3003, 1028, 1015}
03-10 13:37:42.951 D/ConnectivityService(  754): handleInetConditionHoldEnd: net=0, condition=100, published condition=0
03-10 13:37:43.011 I/ActivityManager(  754): Start proc com.laurencedawson.reddit_sync for service com.laurencedawson.reddit_sync/.activities.MessagingService: pid=2464 uid=10080 gids={50080, 3003, 1028, 1015}
03-10 13:37:43.021 I/ActivityManager(  754): Delay finish: com.laurencedawson.reddit_sync/.RedditMessageReceiver
03-10 13:37:43.891 I/ActivityManager(  754): Resuming delayed broadcast
03-10 13:37:43.911 I/ActivityManager(  754): Start proc org.thoughtcrime.securesms for broadcast org.thoughtcrime.securesms/.service.DirectoryRefreshListener: pid=2500 uid=10059 gids={50059, 3003, 1028, 1015}
03-10 13:37:43.911 I/ActivityManager(  754): Killing 1583:com.google.android.onetimeinitializer/u0a10 (adj 15): empty #17
03-10 13:37:43.921 I/ActivityManager(  754): Killing 1667:com.android.cellbroadcastreceiver/u0a30 (adj 15): empty #17
03-10 13:37:43.921 I/PackageManager(  754): Adding preferred activity ComponentInfo{org.thoughtcrime.securesms/org.thoughtcrime.securesms.RoutingActivity} for user 0 :
03-10 13:37:43.961 I/PackageManager(  754): Adding preferred activity ComponentInfo{org.thoughtcrime.securesms/org.thoughtcrime.securesms.RoutingActivity} for user 0 :
03-10 13:37:44.051 I/PackageManager(  754): Adding preferred activity ComponentInfo{org.thoughtcrime.securesms/org.thoughtcrime.securesms.RoutingActivity} for user 0 :
03-10 13:37:44.071 I/PackageManager(  754): Adding preferred activity ComponentInfo{org.thoughtcrime.securesms/org.thoughtcrime.securesms.RoutingActivity} for user 0 :
03-10 13:37:44.101 I/PackageManager(  754): Adding preferred activity ComponentInfo{org.thoughtcrime.securesms/org.thoughtcrime.securesms.RoutingActivity} for user 0 :
03-10 13:37:44.201 I/PackageManager(  754): Adding preferred activity ComponentInfo{org.thoughtcrime.securesms/org.thoughtcrime.securesms.RoutingActivity} for user 0 :
03-10 13:37:44.231 I/PackageManager(  754): Adding preferred activity ComponentInfo{org.thoughtcrime.securesms/org.thoughtcrime.securesms.RoutingActivity} for user 0 :
03-10 13:37:44.521 I/PackageManager(  754): Adding preferred activity ComponentInfo{org.thoughtcrime.securesms/org.thoughtcrime.securesms.RoutingActivity} for user 0 :
03-10 13:37:44.581 I/ActivityManager(  754): Delay finish: org.thoughtcrime.securesms/.service.DirectoryRefreshListener
03-10 13:37:44.761 I/ActivityManager(  754): Resuming delayed broadcast
03-10 13:37:44.781 I/ActivityManager(  754): Start proc com.skype.raider for broadcast com.skype.raider/com.skype.android.push.DeviceBootReceiver: pid=2544 uid=10108 gids={50108, 3003, 3002, 1028, 1015}
03-10 13:37:44.791 I/ActivityManager(  754): Killing 1727:com.google.android.deskclock/u0a34 (adj 15): empty #17
--------- beginning of /dev/log/main
03-10 13:37:45.761 E/mm-camera(  197): c2d_module_start_session:284, info: c2d_thread created.
03-10 13:37:45.761 E/mm-camera(  197): c2d_module_start_session:306, info: session 1 started.
03-10 13:37:45.761 E/mm-camera-sensor(  197): module_module_set_session_data:2435 max delay 2 report dSelay 1
03-10 13:37:45.761 E/mm-camera(  197): module_faceproc_set_session_data:1826] Per frame control 2 1
03-10 13:37:45.761 E/mm-camera-intf(  184): mm_camera_open:  opened, break out while loop
03-10 13:37:45.761 E/mm-camera(  197): mct_pipeline_process_set:command=800000b
03-10 13:37:45.761 E/mm-camera(  197): mct_pipeline_get_stream: no children
03-10 13:37:45.761 E/mm-camera(  197): mct_pipeline_process_set:1370: Couldn't find stream
03-10 13:37:45.761 E/mm-camera-sensor(  197): module_sensor_stop_session:630 session 1
03-10 13:37:45.771 D/QCamera3HWI(  184): static int8_t qcamera::QCamera3HardwareInterface::lookupFwkName(const qcamera::QCamera3HardwareInterface::QCameraMap*, int, int): Cannot find matching framework type
03-10 13:37:45.771 D/QCamera3HWI(  184): static int8_t qcamera::QCamera3HardwareInterface::lookupFwkName(const qcamera::QCamera3HardwareInterface::QCameraMap*, int, int): Cannot find matching framework type
03-10 13:37:45.771 D/QCamera3HWI(  184): static int8_t qcamera::QCamera3HardwareInterface::lookupFwkName(const qcamera::QCamera3HardwareInterface::QCameraMap*, int, int): Cannot find matching framework type
03-10 13:37:45.771 D/QCamera3HWI(  184): static int8_t qcamera::QCamera3HardwareInterface::lookupFwkName(const qcamera::QCamera3HardwareInterface::QCameraMap*, int, int): Cannot find matching framework type
03-10 13:37:45.771 D/QCamera3HWI(  184): static int8_t qcamera::QCamera3HardwareInterface::lookupFwkName(const qcamera::QCamera3HardwareInterface::QCameraMap*, int, int): Cannot find matching framework type
03-10 13:37:45.771 D/QCamera3HWI(  184): static int8_t qcamera::QCamera3HardwareInterface::lookupFwkName(const qcamera::QCamera3HardwareInterface::QCameraMap*, int, int): Cannot find matching framework type
03-10 13:37:45.771 D/QCamera3HWI(  184): static int8_t qcamera::QCamera3HardwareInterface::lookupFwkName(const qcamera::QCamera3HardwareInterface::QCameraMap*, int, int): Cannot find matching framework type
03-10 13:37:45.771 D/QCamera3HWI(  184): static int8_t qcamera::QCamera3HardwareInterface::lookupFwkName(const qcamera::QCamera3HardwareInterface::QCameraMap*, int, int): Cannot find matching framework type
03-10 13:37:45.771 D/QCamera3HWI(  184): static int8_t qcamera::QCamera3HardwareInterface::lookupFwkName(const qcamera::QCamera3HardwareInterface::QCameraMap*, int, int): Cannot find matching framework type
03-10 13:37:45.771 I/dalvikvm( 2544): Could not find method com.amazon.device.messaging.ADM.getRegistrationId, referenced from method com.skype.android.push.adm.ADMPushRegistration.getRegistrationToken
03-10 13:37:45.771 W/dalvikvm( 2544): VFY: unable to resolve virtual method 9098: Lcom/amazon/device/messaging/ADM;.getRegistrationId ()Ljava/lang/String;
03-10 13:37:45.771 D/dalvikvm( 2544): VFY: replacing opcode 0x6e at 0x0008
03-10 13:37:45.771 I/dalvikvm( 2544): Could not find method com.amazon.device.messaging.ADM.getRegistrationId, referenced from method com.skype.android.push.adm.ADMPushRegistration.isRegistered
03-10 13:37:45.771 W/dalvikvm( 2544): VFY: unable to resolve virtual method 9098: Lcom/amazon/device/messaging/ADM;.getRegistrationId ()Ljava/lang/String;
03-10 13:37:45.771 D/dalvikvm( 2544): VFY: replacing opcode 0x6e at 0x000d
03-10 13:37:45.771 E/dalvikvm( 2544): Could not find class 'com.amazon.device.messaging.ADM', referenced from method com.skype.android.push.adm.ADMPushRegistration.isSupported
03-10 13:37:45.771 W/dalvikvm( 2544): VFY: unable to resolve new-instance 1141 (Lcom/amazon/device/messaging/ADM;) in Lcom/skype/android/push/adm/ADMPushRegistration;
03-10 13:37:45.771 D/dalvikvm( 2544): VFY: replacing opcode 0x22 at 0x0006
03-10 13:37:45.771 I/dalvikvm( 2544): Could not find method com.amazon.device.messaging.ADM.getRegistrationId, referenced from method com.skype.android.push.adm.ADMPushRegistration.register
03-10 13:37:45.771 W/dalvikvm( 2544): VFY: unable to resolve virtual method 9098: Lcom/amazon/device/messaging/ADM;.getRegistrationId ()Ljava/lang/String;
03-10 13:37:45.771 D/dalvikvm( 2544): VFY: replacing opcode 0x6e at 0x0008
03-10 13:37:45.771 I/dalvikvm( 2544): Could not find method com.amazon.device.messaging.ADM.startUnregister, referenced from method com.skype.android.push.adm.ADMPushRegistration.unregister
03-10 13:37:45.771 W/dalvikvm( 2544): VFY: unable to resolve virtual method 9101: Lcom/amazon/device/messaging/ADM;.startUnregister ()V
03-10 13:37:45.771 D/dalvikvm( 2544): VFY: replacing opcode 0x6e at 0x0008
03-10 13:37:45.771 D/dalvikvm( 2544): DexOpt: unable to opt direct call 0x2389 at 0x0a in Lcom/skype/android/push/adm/ADMPushRegistration;.isSupported
03-10 13:37:45.781 E/mm-camera(  197): stats_module_stop_session: list =0xb7b523d8, remove port =0xb7b47d90 name=stats_sink from module=0xb7b31778, name=stats
03-10 13:37:45.781 E/mm-camera(  197): stats_module_stop_session: 1 port =0xb7b47d90 name=stats_sink 
03-10 13:37:45.781 E/mm-camera(  197): stats_module_stop_session: 2 port =0xb7b47d90 name=stats_sink 
03-10 13:37:45.781 I/mm-camera(  197): gyro_module_stop_session: Enter
03-10 13:37:45.781 I/mm-camera(  197): gyro_module_stop_session: Deinit DSPS
03-10 13:37:45.781 I/mm-camera(  197): gyro_module_stop_session: Exit successful
03-10 13:37:45.781 E/mm-camera(  197): stats_module_stop_session: 3 port =0xb7b47d90 name=stats_sink 
03-10 13:37:45.781 E/mm-camera(  197): cpp_module_stop_session:453, info: stopping session 1 ...
03-10 13:37:45.781 E/mm-camera(  197): cpp_thread_process_pipe_message:359, CPP_THREAD_MSG_ABORT: cpp_thread exiting..
03-10 13:37:45.781 E/mm-camera(  197): cpp_module_stop_session:495, info: session 1 stopped.
03-10 13:37:45.781 E/mm-camera(  197): c2d_module_stop_session:322, info: stopping session 1 ...
03-10 13:37:45.781 E/mm-camera(  197): c2d_module_stop_session:327, info: stopping c2d_thread...
03-10 13:37:45.781 E/mm-camera(  197): c2d_module_post_msg_to_thread:381, msg.type=1
03-10 13:37:45.781 E/mm-camera(  197): c2d_thread_process_pipe_message:503, C2D_THREAD_MSG_ABORT: c2d_thread exiting..
03-10 13:37:45.781 E/mm-camera(  197): c2d_module_stop_session:339, closing c2d subdev...
03-10 13:37:45.781 E/mm-camera(  197): c2d_module_stop_session:361, info: session 1 stopped.
03-10 13:37:45.791 D/dalvikvm( 2544): GC_FOR_ALLOC freed 200K, 3% free 17190K/17640K, paused 12ms, total 12ms
03-10 13:37:45.801 I/AwesomePlayer(  184): setDataSource_l(URL suppressed)
03-10 13:37:45.801 W/BroadcastQueue(  754): Permission Denial: receiving Intent { act=android.intent.action.BOOT_COMPLETED flg=0x8000010 (has extras) } to com.ttxapps.wifiadb/.BootCompleted requires android.permission.RECEIVE_BOOT_COMPLETED due to sender null (uid 1000)
03-10 13:37:45.801 I/ActivityManager(  754): Killing 1763:com.google.android.exchange/u0a38 (adj 15): empty #17
03-10 13:37:45.821 I/AwesomePlayer(  184): setDataSource_l(URL suppressed)
03-10 13:37:45.821 I/ActivityManager(  754): Start proc com.dropbox.android for broadcast com.dropbox.android/.service.WakeupReceiver: pid=2593 uid=10094 gids={50094, 3003, 1028, 1015}
03-10 13:37:45.841 I/Camera2ClientBase(  184): Camera 0: Opened
03-10 13:37:45.851 E/mm-camera-intf(  184): mm_camera_open: dev name = /dev/video1, cam_idx = 1
03-10 13:37:45.851 E/mm-camera-sensor(  197): module_sensor_start_session:577 session 1
03-10 13:37:45.861 E/mm-camera-sensor(  197): eeprom_load_library:515 e_ctrl->eeprom_lib.func_tbl =0xb6a98004
03-10 13:37:45.881 I/mm-camera(  197): gyro_module_start_session: Enter
03-10 13:37:45.881 I/mm-camera(  197): gyro_module_start_session: Init DSPS
03-10 13:37:45.891 I/mm-camera(  197): gyro_module_start_session: Exit successful
03-10 13:37:45.891 I/mm-camera(  197): gyro_module_get_port: Exit successful
03-10 13:37:45.891 E/mm-camera(  197): cpp_module_start_session:352, info: starting session 1
03-10 13:37:45.911 E/mm-camera(  197): cpp_thread_func:55: cpp_thread entering the polling loop...
03-10 13:37:45.911 E/mm-camera(  197): cpp_module_start_session:422, info: cpp_thread created.
03-10 13:37:45.911 E/mm-camera(  197): cpp_module_start_session:425, info: session 1 started.
03-10 13:37:45.911 E/mm-camera(  197): c2d_module_start_session:246, info: starting session 1
03-10 13:37:45.911 E/mm-camera(  197): c2d_thread_func:39: c2d_thread entering the polling loop...
03-10 13:37:45.911 E/mm-camera(  197): c2d_module_start_session:284, info: c2d_thread created.
03-10 13:37:45.911 E/mm-camera(  197): c2d_module_start_session:306, info: session 1 started.
03-10 13:37:45.911 E/mm-camera-sensor(  197): module_module_set_session_data:2435 max delay 2 report dSelay 1
03-10 13:37:45.911 E/mm-camera(  197): module_faceproc_set_session_data:1826] Per frame control 2 1
03-10 13:37:45.911 E/mm-camera-intf(  184): mm_camera_open:  opened, break out while loop
03-10 13:37:45.911 I/Camera2-Parameters(  184): Camera 0: Disabling ZSL mode
03-10 13:37:45.941 I/com.dropbox.android.service.DropboxNetworkReceiver( 2593): Setting receiver enabled: false
