03-10 13:39:56.071 D/QcrilMsgTunnelSocket( 1830): readRilMessage: Buffer = [B@4264aca0 HexData = [0100000004040000110000005155414c434f4d4def0308000100000002]
03-10 13:39:56.071 V/QcrilMsgTunnelSocket( 1830): Read packet: 29 bytes. Data Available = 32 Position = 0
03-10 13:39:56.071 D/QcrilMsgTunnelSocket( 1830): processResponse. message type = 1. Data Available = 28
03-10 13:39:56.071 D/QcrilMsgTunnelSocket( 1830): ByteArray from parcel = 5155414c434f4d4def0308000100000002
03-10 13:39:56.071 D/QcrilMsgTunnelSocket( 1830): Received RIL_UNSOL_OEM_HOOK_RAW message
03-10 13:39:56.071 D/QcrilMsgTunnelSocket( 1830): Oem ID in RIL_UNSOL_OEM_HOOK_RAW is QUALCOMM
03-10 13:39:56.071 D/QcrilMsgTunnelSocket( 1830): OEM ID check Passed
03-10 13:39:56.071 D/QcrilMsgTunnelSocket( 1830): Response ID in RIL_UNSOL_OEM_HOOK_RAW is 525295
03-10 13:39:56.071 D/QcrilMsgTunnelSocket( 1830): Response ID 525295is not served in this process.
03-10 13:39:56.071 D/QcrilMsgTunnelSocket( 1830): To broadcast an Intent via the notifier to external apps
03-10 13:39:56.071 V/QcrilMsgTunnelSocket( 1830): Before reading offset = 0 remaining = 4 countRead = 0
03-10 13:39:56.071 D/QcrilMsgTunnelIfaceManager( 1830): handleMessage what=0
03-10 13:39:56.071 D/QcrilMsgTunnelIfaceManager( 1830): Broadcasting intent ACTION_UNSOL_RESPONSE_OEM_HOOK_RAW
03-10 13:39:56.111 V/QcrilMsgTunnelSocket( 1830): After reading offset = 0 remaining = 4 countRead = 4
03-10 13:39:56.111 D/QcrilMsgTunnelSocket( 1830): messageLength extracted from first 4 inputStream reads = 29
03-10 13:39:56.111 V/QcrilMsgTunnelSocket( 1830): offset = 0 remaining = 29 countRead = 0
03-10 13:39:56.111 V/QcrilMsgTunnelSocket( 1830): offset = 0 remaining = 29 countRead = 29
03-10 13:39:56.111 D/QcrilMsgTunnelSocket( 1830): readRilMessage: Buffer = [B@4264aca0 HexData = [0100000004040000110000005155414c434f4d4def0308000100000002]
03-10 13:39:56.111 V/QcrilMsgTunnelSocket( 1830): Read packet: 29 bytes. Data Available = 32 Position = 0
03-10 13:39:56.111 D/QcrilMsgTunnelSocket( 1830): processResponse. message type = 1. Data Available = 28
03-10 13:39:56.111 D/QcrilMsgTunnelSocket( 1830): ByteArray from parcel = 5155414c434f4d4def0308000100000002
03-10 13:39:56.111 D/QcrilMsgTunnelSocket( 1830): Received RIL_UNSOL_OEM_HOOK_RAW message
03-10 13:39:56.111 D/QcrilMsgTunnelSocket( 1830): Oem ID in RIL_UNSOL_OEM_HOOK_RAW is QUALCOMM
03-10 13:39:56.111 D/QcrilMsgTunnelSocket( 1830): OEM ID check Passed
03-10 13:39:56.111 D/QcrilMsgTunnelSocket( 1830): Response ID in RIL_UNSOL_OEM_HOOK_RAW is 525295
03-10 13:39:56.111 D/QcrilMsgTunnelSocket( 1830): Response ID 525295is not served in this process.
03-10 13:39:56.111 D/QcrilMsgTunnelSocket( 1830): To broadcast an Intent via the notifier to external apps
03-10 13:39:56.111 V/QcrilMsgTunnelSocket( 1830): Before reading offset = 0 remaining = 4 countRead = 0
03-10 13:39:56.111 D/QcrilMsgTunnelIfaceManager( 1830): handleMessage what=0
03-10 13:39:56.111 D/QcrilMsgTunnelIfaceManager( 1830): Broadcasting intent ACTION_UNSOL_RESPONSE_OEM_HOOK_RAW
03-10 13:39:56.121 D/dalvikvm( 1003): GC_CONCURRENT freed 423K, 4% free 17372K/17952K, paused 1ms+1ms, total 15ms
03-10 13:39:56.831 V/QcrilMsgTunnelSocket( 1830): After reading offset = 0 remaining = 4 countRead = 4
03-10 13:39:56.831 D/QcrilMsgTunnelSocket( 1830): messageLength extracted from first 4 inputStream reads = 29
03-10 13:39:56.831 V/QcrilMsgTunnelSocket( 1830): offset = 0 remaining = 29 countRead = 0
03-10 13:39:56.841 V/QcrilMsgTunnelSocket( 1830): offset = 0 remaining = 29 countRead = 29
03-10 13:39:56.851 D/QcrilMsgTunnelSocket( 1830): readRilMessage: Buffer = [B@4264aca0 HexData = [0100000004040000110000005155414c434f4d4def0308000100000002]
03-10 13:39:56.851 V/QcrilMsgTunnelSocket( 1830): Read packet: 29 bytes. Data Available = 32 Position = 0
03-10 13:39:56.851 D/QcrilMsgTunnelSocket( 1830): processResponse. message type = 1. Data Available = 28
03-10 13:39:56.851 D/QcrilMsgTunnelSocket( 1830): ByteArray from parcel = 5155414c434f4d4def0308000100000002
03-10 13:39:56.861 D/QcrilMsgTunnelSocket( 1830): Received RIL_UNSOL_OEM_HOOK_RAW message
03-10 13:39:56.861 D/QcrilMsgTunnelSocket( 1830): Oem ID in RIL_UNSOL_OEM_HOOK_RAW is QUALCOMM
03-10 13:39:56.861 D/QcrilMsgTunnelSocket( 1830): OEM ID check Passed
03-10 13:39:56.861 D/QcrilMsgTunnelSocket( 1830): Response ID in RIL_UNSOL_OEM_HOOK_RAW is 525295
03-10 13:39:56.861 D/QcrilMsgTunnelSocket( 1830): Response ID 525295is not served in this process.
03-10 13:39:56.861 D/QcrilMsgTunnelSocket( 1830): To broadcast an Intent via the notifier to external apps
03-10 13:39:56.861 V/QcrilMsgTunnelSocket( 1830): Before reading offset = 0 remaining = 4 countRead = 0
03-10 13:39:56.861 D/QcrilMsgTunnelIfaceManager( 1830): handleMessage what=0
03-10 13:39:56.861 D/QcrilMsgTunnelIfaceManager( 1830): Broadcasting intent ACTION_UNSOL_RESPONSE_OEM_HOOK_RAW
03-10 13:39:58.211 V/QcrilMsgTunnelSocket( 1830): After reading offset = 0 remaining = 4 countRead = 4
03-10 13:39:58.211 D/QcrilMsgTunnelSocket( 1830): messageLength extracted from first 4 inputStream reads = 29
03-10 13:39:58.211 V/QcrilMsgTunnelSocket( 1830): offset = 0 remaining = 29 countRead = 0
03-10 13:39:58.211 V/QcrilMsgTunnelSocket( 1830): offset = 0 remaining = 29 countRead = 29
03-10 13:39:58.211 D/QcrilMsgTunnelSocket( 1830): readRilMessage: Buffer = [B@4264aca0 HexData = [0100000004040000110000005155414c434f4d4def0308000100000002]
03-10 13:39:58.211 V/QcrilMsgTunnelSocket( 1830): Read packet: 29 bytes. Data Available = 32 Position = 0
03-10 13:39:58.211 D/QcrilMsgTunnelSocket( 1830): processResponse. message type = 1. Data Available = 28
03-10 13:39:58.211 D/QcrilMsgTunnelSocket( 1830): ByteArray from parcel = 5155414c434f4d4def0308000100000002
03-10 13:39:58.211 D/QcrilMsgTunnelSocket( 1830): Received RIL_UNSOL_OEM_HOOK_RAW message
03-10 13:39:58.211 D/QcrilMsgTunnelSocket( 1830): Oem ID in RIL_UNSOL_OEM_HOOK_RAW is QUALCOMM
03-10 13:39:58.211 D/QcrilMsgTunnelSocket( 1830): OEM ID check Passed
03-10 13:39:58.211 D/QcrilMsgTunnelSocket( 1830): Response ID in RIL_UNSOL_OEM_HOOK_RAW is 525295
03-10 13:39:58.211 D/QcrilMsgTunnelSocket( 1830): Response ID 525295is not served in this process.
03-10 13:39:58.211 D/QcrilMsgTunnelSocket( 1830): To broadcast an Intent via the notifier to external apps
03-10 13:39:58.211 V/QcrilMsgTunnelSocket( 1830): Before reading offset = 0 remaining = 4 countRead = 0
03-10 13:39:58.211 D/QcrilMsgTunnelIfaceManager( 1830): handleMessage what=0
03-10 13:39:58.211 D/QcrilMsgTunnelIfaceManager( 1830): Broadcasting intent ACTION_UNSOL_RESPONSE_OEM_HOOK_RAW
03-10 13:39:58.211 D/AlarmManagerService(  754): Kernel timezone updated to -120 minutes west of GMT
03-10 13:39:58.221 D/MobileDataStateTracker(  754): default: Broadcast received: android.intent.action.ANY_DATA_STATE apnType=default
03-10 13:39:58.221 D/MobileDataStateTracker(  754): default: Received state=CONNECTED, old=CONNECTED, reason=(unspecified)
03-10 13:39:58.311 I/AudioMixer(  184): found effect "Downmixer" from Fraunhofer IIS
03-10 13:39:58.311 D/audio_hw_primary(  184): select_devices: out_snd_device(2: speaker) in_snd_device(0: )
03-10 13:39:58.331 D/dalvikvm(  754): GC_FOR_ALLOC freed 1932K, 9% free 26862K/29420K, paused 50ms, total 50ms
03-10 13:39:58.331 I/dalvikvm-heap(  754): Grow heap (frag case) to 26.405MB for 147472-byte allocation
03-10 13:39:58.371 D/dalvikvm(  754): GC_FOR_ALLOC freed 1K, 9% free 27004K/29568K, paused 44ms, total 44ms
03-10 13:39:58.421 D/dalvikvm(  754): GC_FOR_ALLOC freed <1K, 9% free 27005K/29568K, paused 43ms, total 44ms
03-10 13:39:58.421 I/dalvikvm-heap(  754): Grow heap (frag case) to 26.545MB for 147472-byte allocation
03-10 13:39:58.461 D/dalvikvm(  754): GC_FOR_ALLOC freed <1K, 9% free 27149K/29716K, paused 44ms, total 44ms
03-10 13:39:58.511 D/dalvikvm(  754): GC_FOR_ALLOC freed 17K, 9% free 27134K/29716K, paused 45ms, total 45ms
03-10 13:39:58.511 I/dalvikvm-heap(  754): Grow heap (frag case) to 26.670MB for 147472-byte allocation
03-10 13:39:58.531 V/QcrilMsgTunnelSocket( 1830): After reading offset = 0 remaining = 4 countRead = 4
03-10 13:39:58.531 D/QcrilMsgTunnelSocket( 1830): messageLength extracted from first 4 inputStream reads = 29
03-10 13:39:58.531 V/QcrilMsgTunnelSocket( 1830): offset = 0 remaining = 29 countRead = 0
03-10 13:39:58.531 V/QcrilMsgTunnelSocket( 1830): offset = 0 remaining = 29 countRead = 29
03-10 13:39:58.531 D/QcrilMsgTunnelSocket( 1830): readRilMessage: Buffer = [B@4264aca0 HexData = [0100000004040000110000005155414c434f4d4def0308000100000002]
03-10 13:39:58.531 V/QcrilMsgTunnelSocket( 1830): Read packet: 29 bytes. Data Available = 32 Position = 0
03-10 13:39:58.531 D/QcrilMsgTunnelSocket( 1830): processResponse. message type = 1. Data Available = 28
03-10 13:39:58.531 D/QcrilMsgTunnelSocket( 1830): ByteArray from parcel = 5155414c434f4d4def0308000100000002
03-10 13:39:58.531 D/QcrilMsgTunnelSocket( 1830): Received RIL_UNSOL_OEM_HOOK_RAW message
03-10 13:39:58.531 D/QcrilMsgTunnelSocket( 1830): Oem ID in RIL_UNSOL_OEM_HOOK_RAW is QUALCOMM
03-10 13:39:58.531 D/QcrilMsgTunnelSocket( 1830): OEM ID check Passed
03-10 13:39:58.531 D/QcrilMsgTunnelSocket( 1830): Response ID in RIL_UNSOL_OEM_HOOK_RAW is 525295
03-10 13:39:58.531 D/QcrilMsgTunnelSocket( 1830): Response ID 525295is not served in this process.
03-10 13:39:58.531 D/QcrilMsgTunnelSocket( 1830): To broadcast an Intent via the notifier to external apps
03-10 13:39:58.531 V/QcrilMsgTunnelSocket( 1830): Before reading offset = 0 remaining = 4 countRead = 0
03-10 13:39:58.531 D/QcrilMsgTunnelIfaceManager( 1830): handleMessage what=0
03-10 13:39:58.531 D/QcrilMsgTunnelIfaceManager( 1830): Broadcasting intent ACTION_UNSOL_RESPONSE_OEM_HOOK_RAW
03-10 13:39:58.561 D/dalvikvm(  754): GC_FOR_ALLOC freed <1K, 9% free 27278K/29864K, paused 53ms, total 53ms
03-10 13:39:58.561 D/dalvikvm( 1830): GC_CONCURRENT freed 349K, 3% free 16763K/17144K, paused 3ms+2ms, total 31ms
03-10 13:39:58.581 E/MediaPlayer( 2394): Should have subtitle controller already set
03-10 13:39:58.621 D/dalvikvm(  754): GC_FOR_ALLOC freed 98K, 9% free 27231K/29864K, paused 45ms, total 45ms
03-10 13:39:58.621 I/dalvikvm-heap(  754): Grow heap (frag case) to 26.766MB for 147472-byte allocation
03-10 13:39:58.671 D/dalvikvm(  754): GC_FOR_ALLOC freed <1K, 9% free 27375K/30012K, paused 45ms, total 45ms
03-10 13:39:58.741 D/dalvikvm(  754): GC_FOR_ALLOC freed 2K, 9% free 27375K/30012K, paused 66ms, total 66ms
03-10 13:39:58.741 I/dalvikvm-heap(  754): Grow heap (frag case) to 26.906MB for 147472-byte allocation
03-10 13:39:58.781 D/dalvikvm(  754): GC_FOR_ALLOC freed <1K, 9% free 27519K/30160K, paused 45ms, total 45ms
03-10 13:39:58.831 D/dalvikvm(  754): GC_FOR_ALLOC freed <1K, 9% free 27521K/30160K, paused 43ms, total 43ms
03-10 13:39:58.831 I/dalvikvm-heap(  754): Grow heap (frag case) to 27.048MB for 147472-byte allocation
03-10 13:39:58.881 D/dalvikvm(  754): GC_FOR_ALLOC freed <1K, 9% free 27665K/30308K, paused 55ms, total 55ms
03-10 13:39:58.931 D/dalvikvm(  754): GC_FOR_ALLOC freed <1K, 9% free 27667K/30308K, paused 49ms, total 49ms
03-10 13:39:58.931 I/dalvikvm-heap(  754): Grow heap (frag case) to 27.191MB for 147472-byte allocation
03-10 13:39:58.981 D/dalvikvm(  754): GC_FOR_ALLOC freed <1K, 9% free 27811K/30456K, paused 47ms, total 47ms
03-10 13:40:02.971 V/QcrilMsgTunnelSocket( 1830): After reading offset = 0 remaining = 4 countRead = 4
03-10 13:40:02.971 D/QcrilMsgTunnelSocket( 1830): messageLength extracted from first 4 inputStream reads = 29
03-10 13:40:02.971 V/QcrilMsgTunnelSocket( 1830): offset = 0 remaining = 29 countRead = 0
03-10 13:40:03.021 D/AlarmManagerService(  754): Kernel timezone updated to -120 minutes west of GMT
03-10 13:40:03.031 D/MobileDataStateTracker(  754): default: Broadcast received: android.intent.action.ANY_DATA_STATE apnType=default
03-10 13:40:03.041 D/MobileDataStateTracker(  754): default: Received state=CONNECTED, old=CONNECTED, reason=(unspecified)
03-10 13:40:03.051 V/QcrilMsgTunnelSocket( 1830): offset = 0 remaining = 29 countRead = 29
03-10 13:40:03.051 D/QcrilMsgTunnelSocket( 1830): readRilMessage: Buffer = [B@4264aca0 HexData = [0100000004040000110000005155414c434f4d4def0308000100000002]
03-10 13:40:03.051 V/QcrilMsgTunnelSocket( 1830): Read packet: 29 bytes. Data Available = 32 Position = 0
03-10 13:40:03.051 D/QcrilMsgTunnelSocket( 1830): processResponse. message type = 1. Data Available = 28
03-10 13:40:03.051 D/QcrilMsgTunnelSocket( 1830): ByteArray from parcel = 5155414c434f4d4def0308000100000002
03-10 13:40:03.051 D/QcrilMsgTunnelSocket( 1830): Received RIL_UNSOL_OEM_HOOK_RAW message
03-10 13:40:03.051 D/QcrilMsgTunnelSocket( 1830): Oem ID in RIL_UNSOL_OEM_HOOK_RAW is QUALCOMM
03-10 13:40:03.051 D/QcrilMsgTunnelSocket( 1830): OEM ID check Passed
03-10 13:40:03.051 D/QcrilMsgTunnelSocket( 1830): Response ID in RIL_UNSOL_OEM_HOOK_RAW is 525295
03-10 13:40:03.051 D/QcrilMsgTunnelSocket( 1830): Response ID 525295is not served in this process.
03-10 13:40:03.051 D/QcrilMsgTunnelSocket( 1830): To broadcast an Intent via the notifier to external apps
03-10 13:40:03.051 V/QcrilMsgTunnelSocket( 1830): Before reading offset = 0 remaining = 4 countRead = 0
03-10 13:40:03.051 D/QcrilMsgTunnelIfaceManager( 1830): handleMessage what=0
03-10 13:40:03.051 D/QcrilMsgTunnelIfaceManager( 1830): Broadcasting intent ACTION_UNSOL_RESPONSE_OEM_HOOK_RAW
03-10 13:40:03.071 V/QcrilMsgTunnelSocket( 1830): After reading offset = 0 remaining = 4 countRead = 4
03-10 13:40:03.071 D/QcrilMsgTunnelSocket( 1830): messageLength extracted from first 4 inputStream reads = 29
03-10 13:40:03.071 V/QcrilMsgTunnelSocket( 1830): offset = 0 remaining = 29 countRead = 0
03-10 13:40:03.071 V/QcrilMsgTunnelSocket( 1830): offset = 0 remaining = 29 countRead = 29
03-10 13:40:03.071 D/QcrilMsgTunnelSocket( 1830): readRilMessage: Buffer = [B@4264aca0 HexData = [0100000004040000110000005155414c434f4d4def0308000100000002]
03-10 13:40:03.071 V/QcrilMsgTunnelSocket( 1830): Read packet: 29 bytes. Data Available = 32 Position = 0
03-10 13:40:03.071 D/QcrilMsgTunnelSocket( 1830): processResponse. message type = 1. Data Available = 28
03-10 13:40:03.071 D/QcrilMsgTunnelSocket( 1830): ByteArray from parcel = 5155414c434f4d4def0308000100000002
03-10 13:40:03.071 D/QcrilMsgTunnelSocket( 1830): Received RIL_UNSOL_OEM_HOOK_RAW message
03-10 13:40:03.071 D/QcrilMsgTunnelSocket( 1830): Oem ID in RIL_UNSOL_OEM_HOOK_RAW is QUALCOMM
03-10 13:40:03.071 D/QcrilMsgTunnelSocket( 1830): OEM ID check Passed
03-10 13:40:03.071 D/QcrilMsgTunnelSocket( 1830): Response ID in RIL_UNSOL_OEM_HOOK_RAW is 525295
03-10 13:40:03.071 D/QcrilMsgTunnelSocket( 1830): Response ID 525295is not served in this process.
03-10 13:40:03.071 D/QcrilMsgTunnelSocket( 1830): To broadcast an Intent via the notifier to external apps
03-10 13:40:03.071 V/QcrilMsgTunnelSocket( 1830): Before reading offset = 0 remaining = 4 countRead = 0
03-10 13:40:03.071 D/QcrilMsgTunnelIfaceManager( 1830): handleMessage what=0
03-10 13:40:03.071 D/QcrilMsgTunnelIfaceManager( 1830): Broadcasting intent ACTION_UNSOL_RESPONSE_OEM_HOOK_RAW
03-10 13:40:03.091 D/dalvikvm( 1003): GC_CONCURRENT freed 407K, 4% free 17381K/17952K, paused 6ms+1ms, total 15ms
03-10 13:40:03.751 V/QcrilMsgTunnelSocket( 1830): After reading offset = 0 remaining = 4 countRead = 4
03-10 13:40:03.751 D/QcrilMsgTunnelSocket( 1830): messageLength extracted from first 4 inputStream reads = 29
03-10 13:40:03.751 V/QcrilMsgTunnelSocket( 1830): offset = 0 remaining = 29 countRead = 0
03-10 13:40:03.751 V/QcrilMsgTunnelSocket( 1830): offset = 0 remaining = 29 countRead = 29
03-10 13:40:03.751 D/QcrilMsgTunnelSocket( 1830): readRilMessage: Buffer = [B@4264aca0 HexData = [0100000004040000110000005155414c434f4d4def0308000100000002]
03-10 13:40:03.751 V/QcrilMsgTunnelSocket( 1830): Read packet: 29 bytes. Data Available = 32 Position = 0
03-10 13:40:03.751 D/QcrilMsgTunnelSocket( 1830): processResponse. message type = 1. Data Available = 28
03-10 13:40:03.751 D/QcrilMsgTunnelSocket( 1830): ByteArray from parcel = 5155414c434f4d4def0308000100000002
03-10 13:40:03.751 D/QcrilMsgTunnelSocket( 1830): Received RIL_UNSOL_OEM_HOOK_RAW message
03-10 13:40:03.751 D/QcrilMsgTunnelSocket( 1830): Oem ID in RIL_UNSOL_OEM_HOOK_RAW is QUALCOMM
03-10 13:40:03.751 D/QcrilMsgTunnelSocket( 1830): OEM ID check Passed
03-10 13:40:03.751 D/QcrilMsgTunnelSocket( 1830): Response ID in RIL_UNSOL_OEM_HOOK_RAW is 525295
03-10 13:40:03.751 D/QcrilMsgTunnelSocket( 1830): Response ID 525295is not served in this process.
03-10 13:40:03.751 D/QcrilMsgTunnelSocket( 1830): To broadcast an Intent via the notifier to external apps
03-10 13:40:03.751 V/QcrilMsgTunnelSocket( 1830): Before reading offset = 0 remaining = 4 countRead = 0
03-10 13:40:03.751 D/QcrilMsgTunnelIfaceManager( 1830): handleMessage what=0
03-10 13:40:03.751 D/QcrilMsgTunnelIfaceManager( 1830): Broadcasting intent ACTION_UNSOL_RESPONSE_OEM_HOOK_RAW
03-10 13:40:09.701 V/QcrilMsgTunnelSocket( 1830): After reading offset = 0 remaining = 4 countRead = 4
03-10 13:40:09.721 D/QcrilMsgTunnelSocket( 1830): messageLength extracted from first 4 inputStream reads = 29
03-10 13:40:09.721 V/QcrilMsgTunnelSocket( 1830): offset = 0 remaining = 29 countRead = 0
03-10 13:40:09.721 V/QcrilMsgTunnelSocket( 1830): offset = 0 remaining = 29 countRead = 29
03-10 13:40:09.721 D/QcrilMsgTunnelSocket( 1830): readRilMessage: Buffer = [B@4264aca0 HexData = [0100000004040000110000005155414c434f4d4def0308000100000001]
03-10 13:40:09.721 V/QcrilMsgTunnelSocket( 1830): Read packet: 29 bytes. Data Available = 32 Position = 0
03-10 13:40:09.721 D/QcrilMsgTunnelSocket( 1830): processResponse. message type = 1. Data Available = 28
03-10 13:40:09.721 D/QcrilMsgTunnelSocket( 1830): ByteArray from parcel = 5155414c434f4d4def0308000100000001
03-10 13:40:09.721 D/QcrilMsgTunnelSocket( 1830): Received RIL_UNSOL_OEM_HOOK_RAW message
03-10 13:40:09.721 D/QcrilMsgTunnelSocket( 1830): Oem ID in RIL_UNSOL_OEM_HOOK_RAW is QUALCOMM
03-10 13:40:09.721 D/QcrilMsgTunnelSocket( 1830): OEM ID check Passed
03-10 13:40:09.721 D/QcrilMsgTunnelSocket( 1830): Response ID in RIL_UNSOL_OEM_HOOK_RAW is 525295
03-10 13:40:09.721 D/QcrilMsgTunnelSocket( 1830): Response ID 525295is not served in this process.
03-10 13:40:09.721 D/QcrilMsgTunnelSocket( 1830): To broadcast an Intent via the notifier to external apps
03-10 13:40:09.721 V/QcrilMsgTunnelSocket( 1830): Before reading offset = 0 remaining = 4 countRead = 0
03-10 13:40:09.721 V/QcrilMsgTunnelSocket( 1830): After reading offset = 0 remaining = 4 countRead = 4
03-10 13:40:09.721 D/QcrilMsgTunnelSocket( 1830): messageLength extracted from first 4 inputStream reads = 29
03-10 13:40:09.721 V/QcrilMsgTunnelSocket( 1830): offset = 0 remaining = 29 countRead = 0
03-10 13:40:09.721 D/QcrilMsgTunnelIfaceManager( 1830): handleMessage what=0
03-10 13:40:09.721 D/QcrilMsgTunnelIfaceManager( 1830): Broadcasting intent ACTION_UNSOL_RESPONSE_OEM_HOOK_RAW
03-10 13:40:09.721 V/QcrilMsgTunnelSocket( 1830): offset = 0 remaining = 29 countRead = 29
03-10 13:40:09.721 D/QcrilMsgTunnelSocket( 1830): readRilMessage: Buffer = [B@4264aca0 HexData = [0100000004040000110000005155414c434f4d4def0308000100000001]
03-10 13:40:09.731 V/QcrilMsgTunnelSocket( 1830): Read packet: 29 bytes. Data Available = 32 Position = 0
03-10 13:40:09.731 D/QcrilMsgTunnelSocket( 1830): processResponse. message type = 1. Data Available = 28
03-10 13:40:09.731 D/QcrilMsgTunnelSocket( 1830): ByteArray from parcel = 5155414c434f4d4def0308000100000001
03-10 13:40:09.731 D/QcrilMsgTunnelSocket( 1830): Received RIL_UNSOL_OEM_HOOK_RAW message
03-10 13:40:09.731 D/QcrilMsgTunnelSocket( 1830): Oem ID in RIL_UNSOL_OEM_HOOK_RAW is QUALCOMM
03-10 13:40:09.731 D/QcrilMsgTunnelSocket( 1830): OEM ID check Passed
03-10 13:40:09.731 D/QcrilMsgTunnelSocket( 1830): Response ID in RIL_UNSOL_OEM_HOOK_RAW is 525295
03-10 13:40:09.731 D/QcrilMsgTunnelSocket( 1830): Response ID 525295is not served in this process.
03-10 13:40:09.731 D/QcrilMsgTunnelSocket( 1830): To broadcast an Intent via the notifier to external apps
03-10 13:40:09.731 V/QcrilMsgTunnelSocket( 1830): Before reading offset = 0 remaining = 4 countRead = 0
03-10 13:40:09.731 V/QcrilMsgTunnelSocket( 1830): After reading offset = 0 remaining = 4 countRead = 4
03-10 13:40:09.731 D/QcrilMsgTunnelSocket( 1830): messageLength extracted from first 4 inputStream reads = 29
03-10 13:40:09.731 V/QcrilMsgTunnelSocket( 1830): offset = 0 remaining = 29 countRead = 0
03-10 13:40:09.741 D/AlarmManagerService(  754): Kernel timezone updated to -120 minutes west of GMT
03-10 13:40:09.751 V/QcrilMsgTunnelSocket( 1830): offset = 0 remaining = 29 countRead = 29
03-10 13:40:09.751 D/QcrilMsgTunnelIfaceManager( 1830): handleMessage what=0
03-10 13:40:09.751 D/QcrilMsgTunnelIfaceManager( 1830): Broadcasting intent ACTION_UNSOL_RESPONSE_OEM_HOOK_RAW
03-10 13:40:09.751 D/QcrilMsgTunnelSocket( 1830): readRilMessage: Buffer = [B@4264aca0 HexData = [0100000004040000110000005155414c434f4d4def0308000100000001]
03-10 13:40:09.751 V/QcrilMsgTunnelSocket( 1830): Read packet: 29 bytes. Data Available = 32 Position = 0
03-10 13:40:09.751 D/QcrilMsgTunnelSocket( 1830): processResponse. message type = 1. Data Available = 28
03-10 13:40:09.751 D/QcrilMsgTunnelSocket( 1830): ByteArray from parcel = 5155414c434f4d4def0308000100000001
03-10 13:40:09.751 D/QcrilMsgTunnelSocket( 1830): Received RIL_UNSOL_OEM_HOOK_RAW message
03-10 13:40:09.751 D/QcrilMsgTunnelSocket( 1830): Oem ID in RIL_UNSOL_OEM_HOOK_RAW is QUALCOMM
03-10 13:40:09.751 D/QcrilMsgTunnelSocket( 1830): OEM ID check Passed
03-10 13:40:09.751 D/QcrilMsgTunnelSocket( 1830): Response ID in RIL_UNSOL_OEM_HOOK_RAW is 525295
03-10 13:40:09.751 D/QcrilMsgTunnelSocket( 1830): Response ID 525295is not served in this process.
03-10 13:40:09.751 D/QcrilMsgTunnelSocket( 1830): To broadcast an Intent via the notifier to external apps
03-10 13:40:09.751 D/QcrilMsgTunnelIfaceManager( 1830): handleMessage what=0
03-10 13:40:09.751 V/QcrilMsgTunnelSocket( 1830): Before reading offset = 0 remaining = 4 countRead = 0
03-10 13:40:09.751 D/QcrilMsgTunnelIfaceManager( 1830): Broadcasting intent ACTION_UNSOL_RESPONSE_OEM_HOOK_RAW
03-10 13:40:09.751 D/dalvikvm( 1003): GC_CONCURRENT freed 427K, 4% free 17412K/17952K, paused 2ms+2ms, total 36ms
03-10 13:40:09.751 D/MobileDataStateTracker(  754): default: Broadcast received: android.intent.action.ANY_DATA_STATE apnType=default
03-10 13:40:09.751 D/MobileDataStateTracker(  754): default: Received state=CONNECTED, old=CONNECTED, reason=(unspecified)
03-10 13:40:10.141 V/QcrilMsgTunnelSocket( 1830): After reading offset = 0 remaining = 4 countRead = 4
03-10 13:40:10.141 D/QcrilMsgTunnelSocket( 1830): messageLength extracted from first 4 inputStream reads = 29
03-10 13:40:10.141 V/QcrilMsgTunnelSocket( 1830): offset = 0 remaining = 29 countRead = 0
03-10 13:40:10.171 V/QcrilMsgTunnelSocket( 1830): offset = 0 remaining = 29 countRead = 29
03-10 13:40:10.171 D/QcrilMsgTunnelSocket( 1830): readRilMessage: Buffer = [B@4264aca0 HexData = [0100000004040000110000005155414c434f4d4def0308000100000001]
03-10 13:40:10.171 V/QcrilMsgTunnelSocket( 1830): Read packet: 29 bytes. Data Available = 32 Position = 0
03-10 13:40:10.171 D/QcrilMsgTunnelSocket( 1830): processResponse. message type = 1. Data Available = 28
03-10 13:40:10.171 D/QcrilMsgTunnelSocket( 1830): ByteArray from parcel = 5155414c434f4d4def0308000100000001
03-10 13:40:10.171 D/QcrilMsgTunnelSocket( 1830): Received RIL_UNSOL_OEM_HOOK_RAW message
03-10 13:40:10.171 D/QcrilMsgTunnelSocket( 1830): Oem ID in RIL_UNSOL_OEM_HOOK_RAW is QUALCOMM
03-10 13:40:10.171 D/QcrilMsgTunnelSocket( 1830): OEM ID check Passed
03-10 13:40:10.171 D/QcrilMsgTunnelSocket( 1830): Response ID in RIL_UNSOL_OEM_HOOK_RAW is 525295
03-10 13:40:10.181 D/QcrilMsgTunnelSocket( 1830): Response ID 525295is not served in this process.
03-10 13:40:10.181 D/QcrilMsgTunnelSocket( 1830): To broadcast an Intent via the notifier to external apps
03-10 13:40:10.181 D/QcrilMsgTunnelIfaceManager( 1830): handleMessage what=0
03-10 13:40:10.181 D/QcrilMsgTunnelIfaceManager( 1830): Broadcasting intent ACTION_UNSOL_RESPONSE_OEM_HOOK_RAW
03-10 13:40:10.181 V/QcrilMsgTunnelSocket( 1830): Before reading offset = 0 remaining = 4 countRead = 0
03-10 13:40:10.261 D/GCM     ( 1081): Connected
03-10 13:40:10.291 I/GCM     ( 1081): GCM message com.google.android.gsf.gtalkservice 
03-10 13:40:10.311 D/GCM     ( 1081): Message class hwi
03-10 13:40:10.761 D/ConnectivityService(  754): handleInetConditionHoldEnd: net=0, condition=100, published condition=0
03-10 13:40:10.791 D/AndroidRuntime( 4888): 
03-10 13:40:10.791 D/AndroidRuntime( 4888): >>>>>> AndroidRuntime START com.android.internal.os.RuntimeInit <<<<<<
03-10 13:40:10.801 D/AndroidRuntime( 4888): CheckJNI is OFF
03-10 13:40:10.811 D/dalvikvm( 4888): Trying to load lib libjavacore.so 0x0
03-10 13:40:10.811 D/dalvikvm( 4888): Added shared lib libjavacore.so 0x0
03-10 13:40:10.811 D/dalvikvm( 4888): Trying to load lib libnativehelper.so 0x0
03-10 13:40:10.811 D/dalvikvm( 4888): Added shared lib libnativehelper.so 0x0
03-10 13:40:10.811 D/dalvikvm( 4888): No JNI_OnLoad found in libnativehelper.so 0x0, skipping init
03-10 13:40:10.831 D/dalvikvm( 4888): Note: class Landroid/app/ActivityManagerNative; has 179 unimplemented (abstract) methods
03-10 13:40:10.961 D/AndroidRuntime( 4888): Calling main entry com.android.commands.am.Am
03-10 13:40:10.961 I/ActivityManager(  754): Force stopping com.android.helloworldjava appid=10141 user=0: from pid 4888
03-10 13:40:10.961 I/ActivityManager(  754): Killing 4671:com.android.helloworldjava/u0a141 (adj 0): stop com.android.helloworldjava
03-10 13:40:10.961 W/ActivityManager(  754): Force removing ActivityRecord{42f96958 u0 com.android.helloworldjava/.HelloWorld t4}: app died, no saved state
03-10 13:40:10.971 W/InputDispatcher(  754): channel '43143f00 com.android.helloworldjava/com.android.helloworldjava.HelloWorld (server)' ~ Consumer closed input channel or an error occurred.  events=0x9
03-10 13:40:10.971 E/InputDispatcher(  754): channel '43143f00 com.android.helloworldjava/com.android.helloworldjava.HelloWorld (server)' ~ Channel is unrecoverably broken and will be disposed!
03-10 13:40:10.971 W/InputDispatcher(  754): Attempted to unregister already unregistered input channel '43143f00 com.android.helloworldjava/com.android.helloworldjava.HelloWorld (server)'
03-10 13:40:10.971 I/WindowState(  754): WIN DEATH: Window{43143f00 u0 com.android.helloworldjava/com.android.helloworldjava.HelloWorld}
03-10 13:40:10.981 D/AndroidRuntime( 4888): Shutting down VM
03-10 13:40:10.981 D/dalvikvm( 4888): GC_CONCURRENT freed 93K, 15% free 553K/648K, paused 0ms+0ms, total 1ms
03-10 13:40:12.511 D/AndroidRuntime( 4910): 
03-10 13:40:12.511 D/AndroidRuntime( 4910): >>>>>> AndroidRuntime START com.android.internal.os.RuntimeInit <<<<<<
03-10 13:40:12.511 D/AndroidRuntime( 4910): CheckJNI is OFF
03-10 13:40:12.521 D/dalvikvm( 4910): Trying to load lib libjavacore.so 0x0
03-10 13:40:12.521 D/dalvikvm( 4910): Added shared lib libjavacore.so 0x0
03-10 13:40:12.531 D/dalvikvm( 4910): Trying to load lib libnativehelper.so 0x0
03-10 13:40:12.531 D/dalvikvm( 4910): Added shared lib libnativehelper.so 0x0
03-10 13:40:12.531 D/dalvikvm( 4910): No JNI_OnLoad found in libnativehelper.so 0x0, skipping init
03-10 13:40:12.551 D/dalvikvm( 4910): Note: class Landroid/app/ActivityManagerNative; has 179 unimplemented (abstract) methods
03-10 13:40:12.681 D/AndroidRuntime( 4910): Calling main entry com.android.commands.am.Am
03-10 13:40:12.691 I/ActivityManager(  754): START u0 {flg=0x10000000 cmp=com.android.helloworldjava/.HelloWorld} from pid 4910
03-10 13:40:12.991 I/WindowManager(  754): Screenshot max retries 4 of Token{42e55510 ActivityRecord{42e55298 u0 com.google.android.googlequicksearchbox/com.google.android.launcher.GEL t1}} appWin=Window{42b68a00 u0 com.google.android.googlequicksearchbox/com.google.android.launcher.GEL} drawState=4
03-10 13:40:12.991 W/WindowManager(  754): Screenshot failure taking screenshot for (1080x1920) to layer 21000
03-10 13:40:13.001 D/AndroidRuntime( 4910): Shutting down VM
03-10 13:40:13.011 D/dalvikvm( 4910): GC_CONCURRENT freed 95K, 15% free 586K/684K, paused 0ms+0ms, total 3ms
03-10 13:40:13.011 I/ActivityManager(  754): Start proc com.android.helloworldjava for activity com.android.helloworldjava/.HelloWorld: pid=4928 uid=10141 gids={50141, 1028, 1015}
03-10 13:40:13.101 I/ActivityManager(  754): Displayed com.android.helloworldjava/.HelloWorld: +100ms
03-10 13:40:14.761 V/QcrilMsgTunnelSocket( 1830): After reading offset = 0 remaining = 4 countRead = 4
03-10 13:40:14.761 D/QcrilMsgTunnelSocket( 1830): messageLength extracted from first 4 inputStream reads = 29
03-10 13:40:14.761 V/QcrilMsgTunnelSocket( 1830): offset = 0 remaining = 29 countRead = 0
03-10 13:40:14.771 D/AlarmManagerService(  754): Kernel timezone updated to -120 minutes west of GMT
03-10 13:40:14.781 D/MobileDataStateTracker(  754): default: Broadcast received: android.intent.action.ANY_DATA_STATE apnType=default
03-10 13:40:14.781 D/MobileDataStateTracker(  754): default: Received state=CONNECTED, old=CONNECTED, reason=(unspecified)
03-10 13:40:14.791 V/QcrilMsgTunnelSocket( 1830): offset = 0 remaining = 29 countRead = 29
03-10 13:40:14.791 D/QcrilMsgTunnelSocket( 1830): readRilMessage: Buffer = [B@4264aca0 HexData = [0100000004040000110000005155414c434f4d4def0308000100000002]
03-10 13:40:14.791 V/QcrilMsgTunnelSocket( 1830): Read packet: 29 bytes. Data Available = 32 Position = 0
03-10 13:40:14.791 D/QcrilMsgTunnelSocket( 1830): processResponse. message type = 1. Data Available = 28
03-10 13:40:14.791 D/QcrilMsgTunnelSocket( 1830): ByteArray from parcel = 5155414c434f4d4def0308000100000002
03-10 13:40:14.791 D/QcrilMsgTunnelSocket( 1830): Received RIL_UNSOL_OEM_HOOK_RAW message
03-10 13:40:14.791 D/QcrilMsgTunnelSocket( 1830): Oem ID in RIL_UNSOL_OEM_HOOK_RAW is QUALCOMM
03-10 13:40:14.791 D/QcrilMsgTunnelSocket( 1830): OEM ID check Passed
03-10 13:40:14.791 D/QcrilMsgTunnelSocket( 1830): Response ID in RIL_UNSOL_OEM_HOOK_RAW is 525295
03-10 13:40:14.791 D/QcrilMsgTunnelSocket( 1830): Response ID 525295is not served in this process.
03-10 13:40:14.791 D/QcrilMsgTunnelSocket( 1830): To broadcast an Intent via the notifier to external apps
03-10 13:40:14.791 V/QcrilMsgTunnelSocket( 1830): Before reading offset = 0 remaining = 4 countRead = 0
03-10 13:40:14.791 D/QcrilMsgTunnelIfaceManager( 1830): handleMessage what=0
03-10 13:40:14.791 D/QcrilMsgTunnelIfaceManager( 1830): Broadcasting intent ACTION_UNSOL_RESPONSE_OEM_HOOK_RAW
03-10 13:40:14.811 V/QcrilMsgTunnelSocket( 1830): After reading offset = 0 remaining = 4 countRead = 4
03-10 13:40:14.811 D/QcrilMsgTunnelSocket( 1830): messageLength extracted from first 4 inputStream reads = 29
03-10 13:40:14.811 V/QcrilMsgTunnelSocket( 1830): offset = 0 remaining = 29 countRead = 0
03-10 13:40:14.811 V/QcrilMsgTunnelSocket( 1830): offset = 0 remaining = 29 countRead = 29
03-10 13:40:14.811 D/QcrilMsgTunnelSocket( 1830): readRilMessage: Buffer = [B@4264aca0 HexData = [0100000004040000110000005155414c434f4d4def0308000100000002]
03-10 13:40:14.811 V/QcrilMsgTunnelSocket( 1830): Read packet: 29 bytes. Data Available = 32 Position = 0
03-10 13:40:14.811 D/QcrilMsgTunnelSocket( 1830): processResponse. message type = 1. Data Available = 28
03-10 13:40:14.811 D/QcrilMsgTunnelSocket( 1830): ByteArray from parcel = 5155414c434f4d4def0308000100000002
03-10 13:40:14.811 D/QcrilMsgTunnelSocket( 1830): Received RIL_UNSOL_OEM_HOOK_RAW message
03-10 13:40:14.811 D/QcrilMsgTunnelSocket( 1830): Oem ID in RIL_UNSOL_OEM_HOOK_RAW is QUALCOMM
03-10 13:40:14.811 D/QcrilMsgTunnelSocket( 1830): OEM ID check Passed
03-10 13:40:14.811 D/QcrilMsgTunnelSocket( 1830): Response ID in RIL_UNSOL_OEM_HOOK_RAW is 525295
03-10 13:40:14.811 D/QcrilMsgTunnelSocket( 1830): Response ID 525295is not served in this process.
03-10 13:40:14.811 D/QcrilMsgTunnelSocket( 1830): To broadcast an Intent via the notifier to external apps
03-10 13:40:14.821 V/QcrilMsgTunnelSocket( 1830): Before reading offset = 0 remaining = 4 countRead = 0
03-10 13:40:14.821 D/QcrilMsgTunnelIfaceManager( 1830): handleMessage what=0
03-10 13:40:14.821 D/QcrilMsgTunnelIfaceManager( 1830): Broadcasting intent ACTION_UNSOL_RESPONSE_OEM_HOOK_RAW
03-10 13:40:15.341 V/QcrilMsgTunnelSocket( 1830): After reading offset = 0 remaining = 4 countRead = 4
03-10 13:40:15.341 D/QcrilMsgTunnelSocket( 1830): messageLength extracted from first 4 inputStream reads = 29
03-10 13:40:15.341 V/QcrilMsgTunnelSocket( 1830): offset = 0 remaining = 29 countRead = 0
03-10 13:40:15.361 V/QcrilMsgTunnelSocket( 1830): offset = 0 remaining = 29 countRead = 29
03-10 13:40:15.361 D/QcrilMsgTunnelSocket( 1830): readRilMessage: Buffer = [B@4264aca0 HexData = [0100000004040000110000005155414c434f4d4def0308000100000002]
03-10 13:40:15.361 V/QcrilMsgTunnelSocket( 1830): Read packet: 29 bytes. Data Available = 32 Position = 0
03-10 13:40:15.361 D/QcrilMsgTunnelSocket( 1830): processResponse. message type = 1. Data Available = 28
03-10 13:40:15.361 D/QcrilMsgTunnelSocket( 1830): ByteArray from parcel = 5155414c434f4d4def0308000100000002
03-10 13:40:15.361 D/QcrilMsgTunnelSocket( 1830): Received RIL_UNSOL_OEM_HOOK_RAW message
03-10 13:40:15.361 D/QcrilMsgTunnelSocket( 1830): Oem ID in RIL_UNSOL_OEM_HOOK_RAW is QUALCOMM
03-10 13:40:15.361 D/QcrilMsgTunnelSocket( 1830): OEM ID check Passed
03-10 13:40:15.361 D/QcrilMsgTunnelSocket( 1830): Response ID in RIL_UNSOL_OEM_HOOK_RAW is 525295
03-10 13:40:15.361 D/QcrilMsgTunnelSocket( 1830): Response ID 525295is not served in this process.
03-10 13:40:15.361 D/QcrilMsgTunnelSocket( 1830): To broadcast an Intent via the notifier to external apps
03-10 13:40:15.371 V/QcrilMsgTunnelSocket( 1830): Before reading offset = 0 remaining = 4 countRead = 0
03-10 13:40:15.371 D/QcrilMsgTunnelIfaceManager( 1830): handleMessage what=0
03-10 13:40:15.371 D/QcrilMsgTunnelIfaceManager( 1830): Broadcasting intent ACTION_UNSOL_RESPONSE_OEM_HOOK_RAW
03-10 13:40:27.061 I/rmt_storage(  177): rmt_storage_connect_cb: clnt_h=0x8 conn_h=0xb8d1a160
03-10 13:40:27.061 I/rmt_storage(  177): rmt_storage_rw_iovec_cb: /boot/modem_fs2: clnt_h=0x2: req_h=0xc msg_id=3: R/W request received
03-10 13:40:27.061 I/rmt_storage(  177): wakelock acquired: 1, error no: 2
03-10 13:40:27.061 I/rmt_storage(  177): rmt_storage_client_thread: /boot/modem_fs2: clnt_h=0x2 Unblock worker thread (th_id: -1194221024)
03-10 13:40:27.151 I/rmt_storage(  177): rmt_storage_client_thread: /boot/modem_fs2: clnt_h=0x2: req_h=0xc msg_id=3: Bytes written = 1572864
03-10 13:40:27.151 I/rmt_storage(  177): rmt_storage_client_thread: /boot/modem_fs2: clnt_h=0x2: req_h=0xc msg_id=3: Send response: res=0 err=0
03-10 13:40:27.151 I/rmt_storage(  177): rmt_storage_client_thread: /boot/modem_fs2: clnt_h=0x2 About to block rmt_storage client thread (th_id: -1194221024) wakelock released: 1, error no: 0
03-10 13:40:27.151 I/rmt_storage(  177): 
03-10 13:40:27.151 I/rmt_storage(  177): rmt_storage_disconnect_cb: clnt_h=0x0x8 conn_h=0x0xb8d1a160
03-10 13:40:33.451 D/AndroidRuntime( 4967): 
03-10 13:40:33.451 D/AndroidRuntime( 4967): >>>>>> AndroidRuntime START com.android.internal.os.RuntimeInit <<<<<<
03-10 13:40:33.451 D/AndroidRuntime( 4967): CheckJNI is OFF
03-10 13:40:33.461 D/dalvikvm( 4967): Trying to load lib libjavacore.so 0x0
03-10 13:40:33.461 D/dalvikvm( 4967): Added shared lib libjavacore.so 0x0
03-10 13:40:33.461 D/dalvikvm( 4967): Trying to load lib libnativehelper.so 0x0
03-10 13:40:33.461 D/dalvikvm( 4967): Added shared lib libnativehelper.so 0x0
03-10 13:40:33.461 D/dalvikvm( 4967): No JNI_OnLoad found in libnativehelper.so 0x0, skipping init
03-10 13:40:33.481 D/dalvikvm( 4967): Note: class Landroid/app/ActivityManagerNative; has 179 unimplemented (abstract) methods
03-10 13:40:33.611 D/AndroidRuntime( 4967): Calling main entry com.android.commands.am.Am
03-10 13:40:33.611 I/ActivityManager(  754): Force stopping com.android.helloworldjava appid=10141 user=0: from pid 4967
03-10 13:40:33.611 I/ActivityManager(  754): Killing 4928:com.android.helloworldjava/u0a141 (adj 0): stop com.android.helloworldjava
03-10 13:40:33.611 W/ActivityManager(  754): Force removing ActivityRecord{42ce1d08 u0 com.android.helloworldjava/.HelloWorld t5}: app died, no saved state
03-10 13:40:33.611 I/WindowState(  754): WIN DEATH: Window{42d99120 u0 com.android.helloworldjava/com.android.helloworldjava.HelloWorld}
03-10 13:40:33.621 D/AndroidRuntime( 4967): Shutting down VM
03-10 13:40:33.621 D/dalvikvm( 4967): GC_CONCURRENT freed 93K, 15% free 553K/648K, paused 0ms+1ms, total 2ms
03-10 13:40:33.631 I/dalvikvm(  754): Jit: resizing JitTable from 8192 to 16384
03-10 13:40:35.111 D/AndroidRuntime( 4990): 
03-10 13:40:35.111 D/AndroidRuntime( 4990): >>>>>> AndroidRuntime START com.android.internal.os.RuntimeInit <<<<<<
03-10 13:40:35.111 D/AndroidRuntime( 4990): CheckJNI is OFF
03-10 13:40:35.121 D/dalvikvm( 4990): Trying to load lib libjavacore.so 0x0
03-10 13:40:35.121 D/dalvikvm( 4990): Added shared lib libjavacore.so 0x0
03-10 13:40:35.131 D/dalvikvm( 4990): Trying to load lib libnativehelper.so 0x0
03-10 13:40:35.131 D/dalvikvm( 4990): Added shared lib libnativehelper.so 0x0
03-10 13:40:35.131 D/dalvikvm( 4990): No JNI_OnLoad found in libnativehelper.so 0x0, skipping init
03-10 13:40:35.151 D/dalvikvm( 4990): Note: class Landroid/app/ActivityManagerNative; has 179 unimplemented (abstract) methods
03-10 13:40:35.281 D/AndroidRuntime( 4990): Calling main entry com.android.commands.am.Am
03-10 13:40:35.291 I/ActivityManager(  754): START u0 {flg=0x10000000 cmp=com.android.helloworldjava/.HelloWorld} from pid 4990
03-10 13:40:35.611 D/AndroidRuntime( 4990): Shutting down VM
03-10 13:40:35.611 I/WindowManager(  754): Screenshot max retries 4 of Token{42e55510 ActivityRecord{42e55298 u0 com.google.android.googlequicksearchbox/com.google.android.launcher.GEL t1}} appWin=Window{42b68a00 u0 com.google.android.googlequicksearchbox/com.google.android.launcher.GEL} drawState=4
03-10 13:40:35.611 W/WindowManager(  754): Screenshot failure taking screenshot for (1080x1920) to layer 21000
03-10 13:40:35.611 D/dalvikvm( 4990): GC_CONCURRENT freed 95K, 15% free 586K/684K, paused 1ms+0ms, total 4ms
03-10 13:40:35.611 I/ActivityManager(  754): Start proc com.android.helloworldjava for activity com.android.helloworldjava/.HelloWorld: pid=5008 uid=10141 gids={50141, 1028, 1015}
03-10 13:40:35.731 I/ActivityManager(  754): Displayed com.android.helloworldjava/.HelloWorld: +127ms
03-10 13:40:40.651 D/dalvikvm( 1003): GC_CONCURRENT freed 420K, 4% free 17409K/17952K, paused 7ms+1ms, total 50ms
03-10 13:40:56.041 D/AndroidRuntime( 5025): 
03-10 13:40:56.041 D/AndroidRuntime( 5025): >>>>>> AndroidRuntime START com.android.internal.os.RuntimeInit <<<<<<
03-10 13:40:56.041 D/AndroidRuntime( 5025): CheckJNI is OFF
03-10 13:40:56.051 D/dalvikvm( 5025): Trying to load lib libjavacore.so 0x0
03-10 13:40:56.051 D/dalvikvm( 5025): Added shared lib libjavacore.so 0x0
03-10 13:40:56.061 D/dalvikvm( 5025): Trying to load lib libnativehelper.so 0x0
03-10 13:40:56.061 D/dalvikvm( 5025): Added shared lib libnativehelper.so 0x0
03-10 13:40:56.061 D/dalvikvm( 5025): No JNI_OnLoad found in libnativehelper.so 0x0, skipping init
03-10 13:40:56.081 D/dalvikvm( 5025): Note: class Landroid/app/ActivityManagerNative; has 179 unimplemented (abstract) methods
03-10 13:40:56.201 D/AndroidRuntime( 5025): Calling main entry com.android.commands.am.Am
03-10 13:40:56.211 I/ActivityManager(  754): Force stopping com.android.helloworldjava appid=10141 user=0: from pid 5025
03-10 13:40:56.211 I/ActivityManager(  754): Killing 5008:com.android.helloworldjava/u0a141 (adj 0): stop com.android.helloworldjava
03-10 13:40:56.211 W/ActivityManager(  754): Force removing ActivityRecord{42d40810 u0 com.android.helloworldjava/.HelloWorld t6}: app died, no saved state
03-10 13:40:56.221 W/InputDispatcher(  754): channel '42f53290 com.android.helloworldjava/com.android.helloworldjava.HelloWorld (server)' ~ Consumer closed input channel or an error occurred.  events=0x9
03-10 13:40:56.221 E/InputDispatcher(  754): channel '42f53290 com.android.helloworldjava/com.android.helloworldjava.HelloWorld (server)' ~ Channel is unrecoverably broken and will be disposed!
03-10 13:40:56.221 W/InputDispatcher(  754): Attempted to unregister already unregistered input channel '42f53290 com.android.helloworldjava/com.android.helloworldjava.HelloWorld (server)'
03-10 13:40:56.221 W/WindowManager(  754): Rebuild removed 2 windows but added 1
03-10 13:40:56.221 W/WindowManager(  754): java.lang.RuntimeException: here
03-10 13:40:56.221 W/WindowManager(  754): 	at com.android.server.wm.WindowManagerService.rebuildAppWindowListLocked(WindowManagerService.java:8011)
03-10 13:40:56.221 W/WindowManager(  754): 	at com.android.server.wm.WindowManagerService.rebuildAppWindowListLocked(WindowManagerService.java:7947)
03-10 13:40:56.221 W/WindowManager(  754): 	at com.android.server.wm.WindowManagerService.handleAppTransitionReadyLocked(WindowManagerService.java:8430)
03-10 13:40:56.221 W/WindowManager(  754): 	at com.android.server.wm.WindowManagerService.performLayoutAndPlaceSurfacesLockedInner(WindowManagerService.java:9193)
03-10 13:40:56.221 W/WindowManager(  754): 	at com.android.server.wm.WindowManagerService.performLayoutAndPlaceSurfacesLockedLoop(WindowManagerService.java:8163)
03-10 13:40:56.221 W/WindowManager(  754): 	at com.android.server.wm.WindowManagerService.performLayoutAndPlaceSurfacesLocked(WindowManagerService.java:8105)
03-10 13:40:56.221 W/WindowManager(  754): 	at com.android.server.wm.WindowManagerService.executeAppTransition(WindowManagerService.java:3918)
03-10 13:40:56.221 W/WindowManager(  754): 	at com.android.server.am.ActivityStackSupervisor.reportResumedActivityLocked(ActivityStackSupervisor.java:2241)
03-10 13:40:56.221 W/WindowManager(  754): 	at com.android.server.am.ActivityStack.completeResumeLocked(ActivityStack.java:968)
03-10 13:40:56.221 W/WindowManager(  754): 	at com.android.server.am.ActivityStack.resumeTopActivityLocked(ActivityStack.java:1631)
03-10 13:40:56.221 W/WindowManager(  754): 	at com.android.server.am.ActivityStackSupervisor.resumeTopActivitiesLocked(ActivityStackSupervisor.java:2022)
03-10 13:40:56.221 W/WindowManager(  754): 	at com.android.server.am.ActivityStackSupervisor.resumeTopActivitiesLocked(ActivityStackSupervisor.java:2009)
03-10 13:40:56.221 W/WindowManager(  754): 	at com.android.server.am.ActivityManagerService.forceStopPackageLocked(ActivityManagerService.java:4750)
03-10 13:40:56.221 W/WindowManager(  754): 	at com.android.server.am.ActivityManagerService.forceStopPackageLocked(ActivityManagerService.java:4496)
03-10 13:40:56.221 W/WindowManager(  754): 	at com.android.server.am.ActivityManagerService.forceStopPackage(ActivityManagerService.java:4327)
03-10 13:40:56.221 W/WindowManager(  754): 	at android.app.ActivityManagerNative.onTransact(ActivityManagerNative.java:1365)
03-10 13:40:56.221 W/WindowManager(  754): 	at com.android.server.am.ActivityManagerService.onTransact(ActivityManagerService.java:2071)
03-10 13:40:56.221 W/WindowManager(  754): 	at android.os.Binder.execTransact(Binder.java:404)
03-10 13:40:56.221 W/WindowManager(  754): 	at dalvik.system.NativeStart.run(Native Method)
03-10 13:40:56.221 W/WindowManager(  754): This window was lost: Window{42f53290 u0 com.android.helloworldjava/com.android.helloworldjava.HelloWorld}
03-10 13:40:56.221 W/WindowManager(  754): mDisplayId=0 mSession=Session{42fba928 5008:u0a10141} mClient=android.os.BinderProxy@42fdc3d8
03-10 13:40:56.221 W/WindowManager(  754): mOwnerUid=10141 mShowToOwnerOnly=true package=com.android.helloworldjava appop=NONE
03-10 13:40:56.221 W/WindowManager(  754): mAttrs=WM.LayoutParams{(0,0)(fillxfill) sim=#120 ty=1 fl=#40010100 compatible=true pfl=0x88 wanim=0x1030001}
03-10 13:40:56.221 W/WindowManager(  754): Requested w=1080 h=1776 mLayoutSeq=148
03-10 13:40:56.221 W/WindowManager(  754): mBaseLayer=21000 mSubLayer=0 mAnimLayer=21005+0=21005 mLastLayer=0
03-10 13:40:56.221 W/WindowManager(  754): mToken=AppWindowToken{42f39d08 token=Token{42ea3c98 ActivityRecord{42d40810 u0 com.android.helloworldjava/.HelloWorld t6}}}
03-10 13:40:56.221 W/WindowManager(  754): mRootToken=AppWindowToken{42f39d08 token=Token{42ea3c98 ActivityRecord{42d40810 u0 com.android.helloworldjava/.HelloWorld t6}}}
03-10 13:40:56.221 W/WindowManager(  754): mAppToken=AppWindowToken{42f39d08 token=Token{42ea3c98 ActivityRecord{42d40810 u0 com.android.helloworldjava/.HelloWorld t6}}}
03-10 13:40:56.221 W/WindowManager(  754): mViewVisibility=0x0 mHaveFrame=true mObscured=true
03-10 13:40:56.221 W/WindowManager(  754): mSeq=0 mSystemUiVisibility=0x0
03-10 13:40:56.221 W/WindowManager(  754): mPolicyVisibility=false mPolicyVisibilityAfterAnim=false mAppOpVisibility=true mAttachedHidden=false
03-10 13:40:56.221 W/WindowManager(  754): mGivenContentInsets=[0,0][0,0] mGivenVisibleInsets=[0,0][0,0]
03-10 13:40:56.221 W/WindowManager(  754): mConfiguration={1.0 244mcc21mnc en_IN ldltr sw360dp w360dp h567dp 480dpi nrml port finger -keyb/v/h -nav/h s.5}
03-10 13:40:56.221 W/WindowManager(  754): mHasSurface=true mShownFrame=[0.0,0.0][1080.0,1776.0] isReadyForDisplay()=false
03-10 13:40:56.221 W/WindowManager(  754): mFrame=[0,0][1080,1776] last=[0,0][1080,1776]
03-10 13:40:56.221 W/WindowManager(  754): mSystemDecorRect=[0,0][960,1579] last=[0,0][960,1579]
03-10 13:40:56.221 W/WindowManager(  754): mCompatFrame=[0,0][960,1579]
03-10 13:40:56.221 W/WindowManager(  754): Frames: containing=[0,0][1080,1776] parent=[0,0][1080,1776]
03-10 13:40:56.221 W/WindowManager(  754):     display=[0,0][1080,1776] overscan=[0,0][1080,1920]
03-10 13:40:56.221 W/WindowManager(  754):     content=[0,75][1080,1776] visible=[0,75][1080,1776]
03-10 13:40:56.221 W/WindowManager(  754):     decor=[0,0][1080,1920]
03-10 13:40:56.221 W/WindowManager(  754): Cur insets: overscan=[0,0][0,0] content=[0,67][0,0] visible=[0,67][0,0]
03-10 13:40:56.221 W/WindowManager(  754): Lst insets: overscan=[0,0][0,0] content=[0,67][0,0] visible=[0,67][0,0]
03-10 13:40:56.221 W/WindowManager(  754): WindowStateAnimator{430b1020 com.android.helloworldjava/com.android.helloworldjava.HelloWorld}:
03-10 13:40:56.221 W/WindowManager(  754):   mSurface=Surface(name=com.android.helloworldjava/com.android.helloworldjava.HelloWorld)
03-10 13:40:56.221 W/WindowManager(  754):   mDrawState=HAS_DRAWN mLastHidden=true
03-10 13:40:56.221 W/WindowManager(  754):   Surface: shown=false layer=21005 alpha=0.0 rect=(0.0,0.0) 960.0 x 1579.0
03-10 13:40:56.221 W/WindowManager(  754):   mShownAlpha=1.0 mAlpha=1.0 mLastAlpha=-1.0
03-10 13:40:56.221 W/WindowManager(  754):   mGlobalScale=1.1247625 mDsDx=1.1247625 mDtDx=0.0 mDsDy=0.0 mDtDy=1.1247625
03-10 13:40:56.221 W/WindowManager(  754): Current app token list:
03-10 13:40:56.221 V/WindowManager(  754):   Display 0
03-10 13:40:56.221 V/WindowManager(  754):   #0: Token{42e55510 ActivityRecord{42e55298 u0 com.google.android.googlequicksearchbox/com.google.android.launcher.GEL t1}}
03-10 13:40:56.221 W/WindowManager(  754): Final window list:
03-10 13:40:56.221 V/WindowManager(  754):   #0: Window{42e49528 u0 SearchPanel}
03-10 13:40:56.221 V/WindowManager(  754):   #1: Window{427a9248 u0 NavigationBar}
03-10 13:40:56.221 V/WindowManager(  754):   #2: Window{42ca1c70 u0 StatusBar}
03-10 13:40:56.221 V/WindowManager(  754):   #3: Window{42cac618 u0 Keyguard}
03-10 13:40:56.221 V/WindowManager(  754):   #4: Window{42d84878 u0 KeyguardScrim}
03-10 13:40:56.221 V/WindowManager(  754):   #5: Window{42b68a00 u0 com.google.android.googlequicksearchbox/com.google.android.launcher.GEL}
03-10 13:40:56.221 V/WindowManager(  754):   #6: Window{42def1e8 u0 com.android.systemui.ImageWallpaper}
03-10 13:40:56.221 I/WindowState(  754): WIN DEATH: Window{42f53290 u0 com.android.helloworldjava/com.android.helloworldjava.HelloWorld}
03-10 13:40:56.231 D/AndroidRuntime( 5025): Shutting down VM
03-10 13:40:56.231 D/dalvikvm( 5025): GC_CONCURRENT freed 93K, 15% free 553K/648K, paused 0ms+0ms, total 1ms
03-10 13:40:57.731 D/AndroidRuntime( 5047): 
03-10 13:40:57.731 D/AndroidRuntime( 5047): >>>>>> AndroidRuntime START com.android.internal.os.RuntimeInit <<<<<<
03-10 13:40:57.731 D/AndroidRuntime( 5047): CheckJNI is OFF
03-10 13:40:57.741 D/dalvikvm( 5047): Trying to load lib libjavacore.so 0x0
03-10 13:40:57.741 D/dalvikvm( 5047): Added shared lib libjavacore.so 0x0
03-10 13:40:57.741 D/dalvikvm( 5047): Trying to load lib libnativehelper.so 0x0
03-10 13:40:57.741 D/dalvikvm( 5047): Added shared lib libnativehelper.so 0x0
03-10 13:40:57.741 D/dalvikvm( 5047): No JNI_OnLoad found in libnativehelper.so 0x0, skipping init
03-10 13:40:57.761 D/dalvikvm( 5047): Note: class Landroid/app/ActivityManagerNative; has 179 unimplemented (abstract) methods
03-10 13:40:57.881 D/AndroidRuntime( 5047): Calling main entry com.android.commands.am.Am
03-10 13:40:57.891 I/ActivityManager(  754): START u0 {flg=0x10000000 cmp=com.android.helloworldjava/.HelloWorld} from pid 5047
03-10 13:40:58.211 D/AndroidRuntime( 5047): Shutting down VM
03-10 13:40:58.211 D/dalvikvm( 5047): GC_CONCURRENT freed 95K, 15% free 586K/684K, paused 0ms+0ms, total 1ms
03-10 13:40:58.211 I/WindowManager(  754): Screenshot max retries 4 of Token{42e55510 ActivityRecord{42e55298 u0 com.google.android.googlequicksearchbox/com.google.android.launcher.GEL t1}} appWin=Window{42b68a00 u0 com.google.android.googlequicksearchbox/com.google.android.launcher.GEL} drawState=4
03-10 13:40:58.211 W/WindowManager(  754): Screenshot failure taking screenshot for (1080x1920) to layer 21000
