03-10 13:37:45.991 D/dalvikvm( 2593): Trying to load lib /data/app-lib/com.dropbox.android-1/libDbxFileObserver.so 0x42641c58
03-10 13:37:45.991 D/dalvikvm( 2593): Added shared lib /data/app-lib/com.dropbox.android-1/libDbxFileObserver.so 0x42641c58
03-10 13:37:45.991 D/dalvikvm( 2593): No JNI_OnLoad found in /data/app-lib/com.dropbox.android-1/libDbxFileObserver.so 0x42641c58, skipping init
03-10 13:37:46.001 D/dalvikvm( 2593): GC_CONCURRENT freed 214K, 2% free 16906K/17152K, paused 11ms+2ms, total 33ms
03-10 13:37:46.011 E/mm-camera(  197): mct_pipeline_process_set:command=800000b
03-10 13:37:46.011 E/mm-camera(  197): mct_pipeline_get_stream: no children
03-10 13:37:46.011 E/mm-camera(  197): mct_pipeline_process_set:1370: Couldn't find stream
03-10 13:37:46.011 E/mm-camera-sensor(  197): module_sensor_stop_session:630 session 1
03-10 13:37:46.011 W/Settings( 2593): Setting airplane_mode_on has moved from android.provider.Settings.System to android.provider.Settings.Global, returning read-only value.
03-10 13:37:46.041 D/ConnectivityService(  754): [CheckMp] isMobileOk: X result=1
03-10 13:37:46.041 D/ConnectivityService(  754): [CheckMp] onPostExecute: result=1
03-10 13:37:46.041 D/ConnectivityService(  754): CheckMp.onComplete: result=1
03-10 13:37:46.041 D/ConnectivityService(  754): CheckMp.onComplete: ignore, connected or no connection
03-10 13:37:46.051 I/com.dropbox.sync.android.a( 2593): Prepared cache dir '/data/data/com.dropbox.android/app_DropboxSyncCache/hizqkiq3952astb'.
03-10 13:37:46.051 D/dalvikvm( 2593): Trying to load lib /data/app-lib/com.dropbox.android-1/libDropboxSync.so 0x42641c58
03-10 13:37:46.061 D/dalvikvm( 2593): Added shared lib /data/app-lib/com.dropbox.android-1/libDropboxSync.so 0x42641c58
03-10 13:37:46.061 D/dalvikvm( 2593): Trying to load lib /data/app-lib/com.dropbox.android-1/libDropboxSync.so 0x42641c58
03-10 13:37:46.061 D/dalvikvm( 2593): Shared lib '/data/app-lib/com.dropbox.android-1/libDropboxSync.so' already loaded in same CL 0x42641c58
03-10 13:37:46.061 D/dalvikvm( 2593): Trying to load lib /data/app-lib/com.dropbox.android-1/libDropboxSync.so 0x42641c58
03-10 13:37:46.061 D/dalvikvm( 2593): Shared lib '/data/app-lib/com.dropbox.android-1/libDropboxSync.so' already loaded in same CL 0x42641c58
03-10 13:37:46.061 D/dalvikvm( 2593): Trying to load lib /data/app-lib/com.dropbox.android-1/libDropboxSync.so 0x42641c58
03-10 13:37:46.061 D/dalvikvm( 2593): Shared lib '/data/app-lib/com.dropbox.android-1/libDropboxSync.so' already loaded in same CL 0x42641c58
03-10 13:37:46.061 I/com.dropbox.sync.android.aa( 2593): Dropbox initialized for application: hizqkiq3952astb (com.dropbox.android/231210 DropboxSync/2.0.2 (Android; 4.4.2; LGE Nexus 5 armeabi-v7a; en_IN))
03-10 13:37:46.061 D/dalvikvm( 2593): Trying to load lib /data/app-lib/com.dropbox.android-1/libDropboxSync.so 0x42641c58
03-10 13:37:46.061 D/dalvikvm( 2593): Shared lib '/data/app-lib/com.dropbox.android-1/libDropboxSync.so' already loaded in same CL 0x42641c58
03-10 13:37:46.071 I/com.dropbox.sync.android.V( 2593): Dropbox user 11616711 linked.
03-10 13:37:46.071 D/dalvikvm( 2593): Trying to load lib /data/app-lib/com.dropbox.android-1/libDropboxSync.so 0x42641c58
03-10 13:37:46.071 D/dalvikvm( 2593): Shared lib '/data/app-lib/com.dropbox.android-1/libDropboxSync.so' already loaded in same CL 0x42641c58
03-10 13:37:46.081 D/dalvikvm( 2593): GC_CONCURRENT freed 266K, 2% free 17143K/17440K, paused 2ms+1ms, total 16ms
03-10 13:37:46.081 D/dalvikvm( 2593): WAIT_FOR_CONCURRENT_GC blocked 7ms
03-10 13:37:46.081 D/dalvikvm(  754): GC_CONCURRENT freed 2318K, 13% free 26450K/30212K, paused 3ms+4ms, total 74ms
03-10 13:37:46.091 I/dbxyzptlk.db231210.k.c( 2593): Watching file: /8fb0427b/4fa4b1d1/30/2fe0ce4f/2eefaa/fe467c90/5ceba77/72d0b2fa/c74b192d/75bd7a7a
03-10 13:37:46.091 I/dbxyzptlk.db231210.k.c( 2593): Notifying of potential change to /8fb0427b/4fa4b1d1/30/2fe0ce4f/2eefaa/fe467c90/5ceba77/72d0b2fa/c74b192d/75bd7a7a
03-10 13:37:46.101 I/dbxyzptlk.db231210.k.c( 2593): Watching file: /8fb0427b/4fa4b1d1/30/2fe0ce4f/2eefaa/fe467c90/5ceba77/72d0b2fa/c74b192d/a14d8726
03-10 13:37:46.101 I/dbxyzptlk.db231210.k.c( 2593): Notifying of potential change to /8fb0427b/4fa4b1d1/30/2fe0ce4f/2eefaa/fe467c90/5ceba77/72d0b2fa/c74b192d/a14d8726
03-10 13:37:46.111 I/dbxyzptlk.db231210.k.c( 2593): Watching file: /8fb0427b/4fa4b1d1/30/2fe0ce4f/2eefaa/fe467c90/5ceba77/72d0b2fa/af3b036a/b454ade0
03-10 13:37:46.111 I/dbxyzptlk.db231210.k.c( 2593): Notifying of potential change to /8fb0427b/4fa4b1d1/30/2fe0ce4f/2eefaa/fe467c90/5ceba77/72d0b2fa/af3b036a/b454ade0
03-10 13:37:46.111 I/dbxyzptlk.db231210.k.c( 2593): Watching file: /8fb0427b/4fa4b1d1/30/2fe0ce4f/2eefaa/fe467c90/5ceba77/72d0b2fa/af3b036a/74e8f6c2
03-10 13:37:46.111 I/dbxyzptlk.db231210.k.c( 2593): Notifying of potential change to /8fb0427b/4fa4b1d1/30/2fe0ce4f/2eefaa/fe467c90/5ceba77/72d0b2fa/af3b036a/74e8f6c2
03-10 13:37:46.121 I/dbxyzptlk.db231210.k.c( 2593): Watching file: /8fb0427b/4fa4b1d1/30/2fe0ce4f/2eefaa/fe467c90/5ceba77/72d0b2fa/af3b036a/5222c2a9
03-10 13:37:46.121 I/dbxyzptlk.db231210.k.c( 2593): Notifying of potential change to /8fb0427b/4fa4b1d1/30/2fe0ce4f/2eefaa/fe467c90/5ceba77/72d0b2fa/af3b036a/5222c2a9
03-10 13:37:46.121 I/dbxyzptlk.db231210.k.c( 2593): Watching file: /8fb0427b/4fa4b1d1/30/2fe0ce4f/2eefaa/fe467c90/5ceba77/72d0b2fa/af3b036a/31e17f7e
03-10 13:37:46.121 I/dbxyzptlk.db231210.k.c( 2593): Notifying of potential change to /8fb0427b/4fa4b1d1/30/2fe0ce4f/2eefaa/fe467c90/5ceba77/72d0b2fa/af3b036a/31e17f7e
03-10 13:37:46.121 I/dbxyzptlk.db231210.k.c( 2593): Watching file: /8fb0427b/4fa4b1d1/30/2fe0ce4f/2eefaa/fe467c90/5ceba77/72d0b2fa/af3b036a/746dcfd5
03-10 13:37:46.121 I/dbxyzptlk.db231210.k.c( 2593): Notifying of potential change to /8fb0427b/4fa4b1d1/30/2fe0ce4f/2eefaa/fe467c90/5ceba77/72d0b2fa/af3b036a/746dcfd5
03-10 13:37:46.121 I/dbxyzptlk.db231210.k.c( 2593): Watching file: /8fb0427b/4fa4b1d1/30/2fe0ce4f/2eefaa/fe467c90/5ceba77/72d0b2fa/af3b036a/77001ed1
03-10 13:37:46.121 W/ContextImpl( 2593): Implicit intents with startService are not safe: Intent { act=com.android.vending.billing.InAppBillingService.BIND } android.content.ContextWrapper.bindService:517 com.dropbox.android.payments.h.c:298 com.dropbox.android.payments.DbxSubscriptions.c:109 
03-10 13:37:46.121 I/dbxyzptlk.db231210.k.c( 2593): Notifying of potential change to /8fb0427b/4fa4b1d1/30/2fe0ce4f/2eefaa/fe467c90/5ceba77/72d0b2fa/af3b036a/77001ed1
03-10 13:37:46.131 I/dbxyzptlk.db231210.k.c( 2593): Watching file: /8fb0427b/4fa4b1d1/30/2fe0ce4f/2eefaa/fe467c90/5ceba77/72d0b2fa/584a3c7/4ea361a7/a46814de
03-10 13:37:46.131 I/dbxyzptlk.db231210.k.c( 2593): Notifying of potential change to /8fb0427b/4fa4b1d1/30/2fe0ce4f/2eefaa/fe467c90/5ceba77/72d0b2fa/584a3c7/4ea361a7/a46814de
03-10 13:37:46.141 D/Finsky  ( 2056): [108] InAppBillingUtils.pickAccount: com.dropbox.android: Account determined from installer data - [h8oDSybNDDZzpp4iys_x3qq36Xs]
03-10 13:37:46.141 I/ActivityManager(  754): Start proc org.mozilla.fennec for broadcast org.mozilla.fennec/org.mozilla.gecko.background.announcements.AnnouncementsBroadcastReceiver: pid=2645 uid=10098 gids={50098, 3003, 1028, 1015}
03-10 13:37:46.141 I/ActivityManager(  754): Killing 1744:com.google.android.email/u0a37 (adj 15): empty #17
03-10 13:37:46.161 D/Finsky  ( 2056): [109] InAppBillingUtils.pickAccount: com.dropbox.android: Account determined from installer data - [h8oDSybNDDZzpp4iys_x3qq36Xs]
03-10 13:37:46.161 D/Finsky  ( 2056): [109] InAppBillingUtils.pickAccount: com.dropbox.android: Account determined from installer data - [h8oDSybNDDZzpp4iys_x3qq36Xs]
03-10 13:37:46.171 D/dalvikvm( 2593): GC_CONCURRENT freed 296K, 2% free 17284K/17612K, paused 3ms+13ms, total 31ms
03-10 13:37:46.211 E/mm-camera(  197): stats_module_stop_session: list =0xb7b523d8, remove port =0xb7b47d90 name=stats_sink from module=0xb7b31778, name=stats
03-10 13:37:46.211 E/mm-camera(  197): stats_module_stop_session: 1 port =0xb7b47d90 name=stats_sink 
03-10 13:37:46.211 E/mm-camera(  197): stats_module_stop_session: 2 port =0xb7b47d90 name=stats_sink 
03-10 13:37:46.211 I/mm-camera(  197): gyro_module_stop_session: Enter
03-10 13:37:46.211 D/dalvikvm( 2593): GC_FOR_ALLOC freed 124K, 2% free 17484K/17820K, paused 13ms, total 14ms
03-10 13:37:46.211 I/mm-camera(  197): gyro_module_stop_session: Deinit DSPS
03-10 13:37:46.211 I/mm-camera(  197): gyro_module_stop_session: Exit successful
03-10 13:37:46.211 E/mm-camera(  197): stats_module_stop_session: 3 port =0xb7b47d90 name=stats_sink 
03-10 13:37:46.211 E/mm-camera(  197): cpp_module_stop_session:453, info: stopping session 1 ...
03-10 13:37:46.211 E/mm-camera(  197): cpp_thread_process_pipe_message:359, CPP_THREAD_MSG_ABORT: cpp_thread exiting..
03-10 13:37:46.221 E/mm-camera(  197): cpp_module_stop_session:495, info: session 1 stopped.
03-10 13:37:46.221 E/mm-camera(  197): c2d_module_stop_session:322, info: stopping session 1 ...
03-10 13:37:46.221 E/mm-camera(  197): c2d_module_stop_session:327, info: stopping c2d_thread...
03-10 13:37:46.221 E/mm-camera(  197): c2d_module_post_msg_to_thread:381, msg.type=1
03-10 13:37:46.221 E/mm-camera(  197): c2d_thread_process_pipe_message:503, C2D_THREAD_MSG_ABORT: c2d_thread exiting..
03-10 13:37:46.221 E/mm-camera(  197): c2d_module_stop_session:339, closing c2d subdev...
03-10 13:37:46.221 D/dalvikvm( 2645): Trying to load lib /data/app-lib/org.mozilla.fennec-1/libmozglue.so 0x426436a0
03-10 13:37:46.221 E/mm-camera(  197): c2d_module_stop_session:361, info: session 1 stopped.
03-10 13:37:46.221 I/Camera2Client(  184): Camera 0: Closed
03-10 13:37:46.221 I/Camera2ClientBase(  184): Closed Camera 0
03-10 13:37:46.221 D/dalvikvm( 2645): Added shared lib /data/app-lib/org.mozilla.fennec-1/libmozglue.so 0x426436a0
03-10 13:37:46.221 D/dalvikvm( 2645): No JNI_OnLoad found in /data/app-lib/org.mozilla.fennec-1/libmozglue.so 0x426436a0, skipping init
03-10 13:37:46.221 I/AwesomePlayer(  184): setDataSource_l(URL suppressed)
03-10 13:37:46.231 I/ActivityManager(  754): Delay finish: org.mozilla.fennec/org.mozilla.gecko.background.announcements.AnnouncementsBroadcastReceiver
03-10 13:37:46.251 I/AwesomePlayer(  184): setDataSource_l(URL suppressed)
03-10 13:37:46.251 W/GeckoProfile( 2645): Requested profile directory missing.
03-10 13:37:46.251 D/GeckoProfile( 2645): Found profile dir.
03-10 13:37:46.251 I/ActivityManager(  754): Resuming delayed broadcast
03-10 13:37:46.261 W/GeckoProfile( 2645): Requested profile directory missing.
03-10 13:37:46.261 W/GeckoProfile( 2645): Requested profile directory missing.
03-10 13:37:46.261 I/ActivityManager(  754): Delay finish: org.mozilla.fennec/org.mozilla.gecko.background.healthreport.HealthReportBroadcastReceiver
03-10 13:37:46.261 I/ActivityManager(  754): Resuming delayed broadcast
03-10 13:37:46.271 I/Camera2ClientBase(  184): Camera 1: Opened
03-10 13:37:46.271 E/mm-camera-intf(  184): mm_camera_open: dev name = /dev/video2, cam_idx = 2
03-10 13:37:46.271 E/mm-camera-sensor(  197): module_sensor_start_session:577 session 2
03-10 13:37:46.281 I/ActivityManager(  754): Start proc com.onelouder.baconreader for broadcast com.onelouder.baconreader/.BootReceiver: pid=2668 uid=10106 gids={50106, 3003, 1028, 1015}
03-10 13:37:46.281 I/ActivityManager(  754): Killing 1793:com.google.android.apps.genie.geniewidget/u0a41 (adj 15): empty #17
03-10 13:37:46.331 D/dalvikvm( 2593): GC_CONCURRENT freed 262K, 2% free 17695K/17988K, paused 2ms+3ms, total 16ms
03-10 13:37:46.371 D/dalvikvm( 2593): GC_CONCURRENT freed 249K, 2% free 17850K/18136K, paused 2ms+2ms, total 15ms
03-10 13:37:46.391 I/ErrorAgent( 2668): Registering custom exceptions handler
03-10 13:37:46.421 D/ImageCache( 2668): enabled write through to /storage/emulated/0/Android/data/com.onelouder.baconreader/cache/cachefu/image_cache
03-10 13:37:46.421 D/ImageCache( 2668): sanitize DISK cache
03-10 13:37:46.471 D/dalvikvm( 2668): GC_CONCURRENT freed 220K, 2% free 17019K/17268K, paused 2ms+3ms, total 21ms
03-10 13:37:46.471 D/dalvikvm( 2668): WAIT_FOR_CONCURRENT_GC blocked 3ms
03-10 13:37:46.491 E/mm-camera-sensor(  197): module_sensor_init_session:471 ois device is not supported
03-10 13:37:46.491 E/mm-camera-sensor(  197): 
03-10 13:37:46.491 I/mm-camera(  197): gyro_module_start_session: Enter
03-10 13:37:46.491 I/mm-camera(  197): gyro_module_start_session: Init DSPS
03-10 13:37:46.491 I/mm-camera(  197): gyro_module_start_session: Exit successful
03-10 13:37:46.491 I/mm-camera(  197): gyro_module_get_port: Exit successful
03-10 13:37:46.491 E/mm-camera(  197): cpp_module_start_session:352, info: starting session 2
03-10 13:37:46.501 D/Setting notifications for every ( 2668): 86400000
03-10 13:37:46.501 I/ActivityManager(  754): Killing 1817:com.lge.SprintHiddenMenu/1000 (adj 15): empty #17
03-10 13:37:46.511 D/GCM     ( 1081): GcmService start Intent { act=com.google.android.gms.INITIALIZE flg=0x10 pkg=com.google.android.gms cmp=com.google.android.gms/.gcm.GcmService } com.google.android.gms.INITIALIZE
03-10 13:37:46.511 E/mm-camera(  197): cpp_thread_func:55: cpp_thread entering the polling loop...
03-10 13:37:46.511 E/mm-camera(  197): cpp_module_start_session:422, info: cpp_thread created.
03-10 13:37:46.511 E/mm-camera(  197): cpp_module_start_session:425, info: session 2 started.
03-10 13:37:46.511 E/mm-camera(  197): c2d_module_start_session:246, info: starting session 2
03-10 13:37:46.511 E/mm-camera(  197): c2d_thread_func:39: c2d_thread entering the polling loop...
03-10 13:37:46.511 E/mm-camera(  197): c2d_module_start_session:284, info: c2d_thread created.
03-10 13:37:46.511 E/mm-camera(  197): c2d_module_start_session:306, info: session 2 started.
03-10 13:37:46.511 E/mm-camera-sensor(  197): module_module_set_session_data:2435 max delay 2 report dSelay 1
03-10 13:37:46.511 E/mm-camera(  197): module_faceproc_set_session_data:1826] Per frame control 2 1
03-10 13:37:46.511 E/mm-camera-intf(  184): mm_camera_open:  opened, break out while loop
03-10 13:37:46.521 D/GCM     ( 1081): GcmService start Intent { act=com.google.android.gms.INITIALIZE flg=0x10 pkg=com.google.android.gms cmp=com.google.android.gms/.gcm.GcmService } com.google.android.gms.INITIALIZE
03-10 13:37:46.521 I/Camera2-Parameters(  184): Camera 1: Disabling ZSL mode
03-10 13:37:46.531 I/ActivityManager(  754): Start proc com.android.providers.calendar for content provider com.android.providers.calendar/.CalendarProvider2: pid=2706 uid=10001 gids={50001, 3003, 1028, 1015}
03-10 13:37:46.551 I/ActivityManager(  754): Delay finish: com.google.android.keep/.notification.AlertReceiver
03-10 13:37:46.561 V/KeepAlert( 2100): Action com.google.android.location.internal.server.ACTION_RESTARTED
03-10 13:37:46.581 I/GCoreUlr( 1193): Starting service, intent=Intent { cmp=com.google.android.gms/com.google.android.location.reporting.service.DispatchingService (has extras) }, extras=Bundle[{intentType=2, receiverAction=com.google.android.location.internal.server.ACTION_RESTARTED}]
03-10 13:37:46.581 I/ActivityManager(  754): Resuming delayed broadcast
03-10 13:37:46.591 I/GCoreUlr( 1193): WorldUpdater received intent Intent { cmp=com.google.android.gms/com.google.android.location.reporting.service.DispatchingService (has extras) } with receiverAction com.google.android.location.internal.server.ACTION_RESTARTED, forceUpdate false
03-10 13:37:46.601 I/CalendarProvider2( 2706): Created com.android.providers.calendar.CalendarAlarmManager@42657c68(com.android.providers.calendar.CalendarProvider2@4264f928)
03-10 13:37:46.621 E/mm-camera(  197): mct_pipeline_process_set:command=800000b
03-10 13:37:46.621 E/mm-camera(  197): mct_pipeline_get_stream: no children
03-10 13:37:46.621 E/mm-camera(  197): mct_pipeline_process_set:1370: Couldn't find stream
03-10 13:37:46.621 E/mm-camera-sensor(  197): module_sensor_stop_session:630 session 2
03-10 13:37:46.651 D/dalvikvm( 2288): GC_CONCURRENT freed 344K, 3% free 17265K/17640K, paused 3ms+3ms, total 19ms
03-10 13:37:46.681 I/ActivityManager(  754): Start proc com.google.android.deskclock for broadcast com.google.android.deskclock/com.android.deskclock.AlarmInitReceiver: pid=2733 uid=10034 gids={50034, 1028}
03-10 13:37:46.691 W/GAV2    ( 2288): Thread[GAThread,5,main]: Service unavailable (code=1), will retry.
03-10 13:37:46.691 W/ActivityManager(  754): Unable to start service Intent { act=com.google.android.gms.analytics.service.START cmp=com.google.android.gms/.analytics.service.AnalyticsService (has extras) } U=0: not found
03-10 13:37:46.701 I/GAV2    ( 2288): Thread[GAThread,5,main]: No campaign data found.
03-10 13:37:46.711 E/mm-camera(  197): stats_module_stop_session: list =0xb7b4df20, remove port =0xb7b438d8 name=stats_sink from module=0xb7b31778, name=stats
03-10 13:37:46.711 E/mm-camera(  197): stats_module_stop_session: 1 port =0xb7b438d8 name=stats_sink 
03-10 13:37:46.711 E/mm-camera(  197): stats_module_stop_session: 2 port =0xb7b438d8 name=stats_sink 
03-10 13:37:46.711 I/mm-camera(  197): gyro_module_stop_session: Enter
03-10 13:37:46.711 I/mm-camera(  197): gyro_module_stop_session: Deinit DSPS
03-10 13:37:46.711 I/mm-camera(  197): gyro_module_stop_session: Exit successful
03-10 13:37:46.711 E/mm-camera(  197): stats_module_stop_session: 3 port =0xb7b438d8 name=stats_sink 
03-10 13:37:46.711 E/mm-camera(  197): cpp_module_stop_session:453, info: stopping session 2 ...
03-10 13:37:46.711 E/mm-camera(  197): cpp_thread_process_pipe_message:359, CPP_THREAD_MSG_ABORT: cpp_thread exiting..
03-10 13:37:46.711 E/mm-camera(  197): cpp_module_stop_session:495, info: session 2 stopped.
03-10 13:37:46.711 E/mm-camera(  197): c2d_module_stop_session:322, info: stopping session 2 ...
03-10 13:37:46.711 E/mm-camera(  197): c2d_module_stop_session:327, info: stopping c2d_thread...
03-10 13:37:46.711 E/mm-camera(  197): c2d_module_post_msg_to_thread:381, msg.type=1
03-10 13:37:46.711 E/mm-camera(  197): c2d_thread_process_pipe_message:503, C2D_THREAD_MSG_ABORT: c2d_thread exiting..
03-10 13:37:46.711 E/mm-camera(  197): c2d_module_stop_session:339, closing c2d subdev...
03-10 13:37:46.721 E/mm-camera(  197): c2d_module_stop_session:361, info: session 2 stopped.
03-10 13:37:46.721 V/AlarmClock( 2733): AlarmInitReceiver android.intent.action.TIME_SET
03-10 13:37:46.731 D/dalvikvm( 2316): GC_CONCURRENT freed 292K, 2% free 16822K/17148K, paused 1ms+1ms, total 20ms
03-10 13:37:46.741 I/GCoreUlr( 1193): Ensuring that reporting is active for [account#-17#]
03-10 13:37:46.771 I/AlarmClock( 2733): Displaying next alarm time: ''
03-10 13:37:46.781 I/GCoreUlr( 1193): GMS FLP location updates requested: {"timestampMs":1394451466738,"description":"stationary","samplePeriodMs":1200000,"sampleSource":"internal","sampleReason":"stationary"}; triggerImmediate=false
03-10 13:37:46.781 V/AlarmClock( 2733): AlarmInitReceiver finished
03-10 13:37:46.781 D/dalvikvm( 2288): GC_CONCURRENT freed 404K, 3% free 17353K/17796K, paused 2ms+1ms, total 15ms
03-10 13:37:46.781 D/dalvikvm( 2288): WAIT_FOR_CONCURRENT_GC blocked 8ms
03-10 13:37:46.801 I/ActivityManager(  754): Start proc com.qualcomm.timeservice for broadcast com.qualcomm.timeservice/.TimeServiceBroadcastReceiver: pid=2752 uid=10070 gids={50070}
03-10 13:37:46.821 D/dalvikvm( 1193): GC_CONCURRENT freed 339K, 2% free 18151K/18520K, paused 2ms+2ms, total 32ms
03-10 13:37:46.831 D/dalvikvm( 2752): No JNI_OnLoad found in /vendor/lib/libTimeService.so 0x42644c88, skipping init
03-10 13:37:46.831 D/TimeService( 2752): Receivedandroid.intent.action.TIME_SET intent. Current Time is 1394451466844
03-10 13:37:46.831 D/        ( 2752): TimeServiceNative: User Time to be set is 1394451466844
03-10 13:37:46.831 D/QC-time-services( 2752): Lib:time_genoff_operation: pargs->base = 2
03-10 13:37:46.831 D/QC-time-services( 2752): Lib:time_genoff_operation: pargs->operation = 0
03-10 13:37:46.831 D/QC-time-services( 2752): Lib:time_genoff_operation: pargs->ts_val = 1394451466844
03-10 13:37:46.831 D/QC-time-services(  198): Daemon: Connection accepted:time_genoff
03-10 13:37:46.831 D/QC-time-services( 2752): Lib:time_genoff_operation: Send to server  passed!!
03-10 13:37:46.831 D/QC-time-services(  198): Daemon:Received base = 2, unit = 1, operation = 0,value = 1394451466844
03-10 13:37:46.831 D/QC-time-services(  198): Daemon:genoff_opr: Base = 2, val = 1394451466844, operation = 0
03-10 13:37:46.831 D/QC-time-services(  198): Daemon:rtc_get: Time read from RTC -- MM/DD/YY HH:MM:SS3/18/70 16:0:30
03-10 13:37:46.831 D/QC-time-services(  198): Daemon:Value read from RTC seconds = 9302430000
03-10 13:37:46.831 D/QC-time-services(  198): Daemon:new time 1394451466844 
03-10 13:37:46.831 D/QC-time-services(  198): Daemon: delta 1385149036844 genoff 1385149036844 
03-10 13:37:46.831 D/QC-time-services(  198): Daemon:genoff_persistent_update: Writing genoff = 1385149036844 to memory
03-10 13:37:46.831 D/QC-time-services(  198): Daemon:Opening File: /data/system/time/ats_2
03-10 13:37:46.831 D/QC-time-services(  198): Daemon:time_persistent_memory_opr:Genoff write operation 
03-10 13:37:46.831 D/QC-time-services(  198): Updating the TOD offset
03-10 13:37:46.831 D/QC-time-services(  198): Daemon:genoff_persistent_update: Writing genoff = 1385149036844 to memory
03-10 13:37:46.831 D/QC-time-services(  198): Daemon:Opening File: /data/system/time/ats_1
03-10 13:37:46.831 D/QC-time-services(  198): Daemon:time_persistent_memory_opr:Genoff write operation 
03-10 13:37:46.841 D/QC-time-services(  198): Daemon:Update to modem bit set
03-10 13:37:46.841 D/QC-time-services(  198): Daemon:genoff_send_modem: Sending data to MODEM !
03-10 13:37:46.841 D/QC-time-services(  198): Daemon: Base = 2, Value being sent to MODEM = 1078486666844
03-10 13:37:46.841 E/QC-time-services( 2752): Receive Passed == base = 2, unit = 1, operation = 0, result = 0
03-10 13:37:46.841 D/QC-time-services(  198): Daemon: Time-services: Waiting to acceptconnection
03-10 13:37:46.841 D/QC-time-services(  198): Daemon:tod_update_ind_cb: Got Update from modem msg_id 40
03-10 13:37:46.851 V/KeepAlert( 2100): Action android.intent.action.TIME_SET
03-10 13:37:46.851 I/ActivityManager(  754): Delay finish: com.google.android.gm/.widget.GmailWidgetProvider
03-10 13:37:46.871 I/ActivityManager(  754): Resuming delayed broadcast
03-10 13:37:46.871 I/ActivityManager(  754): Killing 2025:com.chrome.beta/u0a83 (adj 15): empty #17
03-10 13:37:46.911 D/dalvikvm( 2288): GC_CONCURRENT freed 332K, 3% free 17410K/17796K, paused 2ms+2ms, total 16ms
03-10 13:37:46.931 D/AlertReceiver( 2316): onReceive: a=android.intent.action.PROVIDER_CHANGED Intent { act=android.intent.action.PROVIDER_CHANGED dat=content://com.android.calendar flg=0x10 cmp=com.google.android.calendar/com.android.calendar.alerts.AlertReceiver }
03-10 13:37:46.941 D/AlertService( 2316): 0 Action = android.intent.action.PROVIDER_CHANGED
03-10 13:37:46.961 I/ActivityManager(  754): Start proc com.google.android.music:main for broadcast com.google.android.music/.store.MediaStoreImportService$Receiver: pid=2774 uid=10060 gids={50060, 3003, 1028, 1015}
03-10 13:37:46.971 D/dalvikvm( 2288): GC_CONCURRENT freed 399K, 3% free 17467K/17900K, paused 2ms+3ms, total 17ms
03-10 13:37:47.021 D/dalvikvm( 2288): GC_CONCURRENT freed 484K, 3% free 17442K/17976K, paused 1ms+2ms, total 17ms
03-10 13:37:47.051 D/dalvikvm( 2593): GC_CONCURRENT freed 341K, 3% free 17908K/18280K, paused 3ms+2ms, total 21ms
03-10 13:37:47.101 D/dalvikvm( 2288): GC_CONCURRENT freed 460K, 3% free 17440K/17976K, paused 3ms+2ms, total 17ms
03-10 13:37:47.141 I/MusicStore( 2774): Database version: 85
03-10 13:37:47.161 D/dalvikvm( 2288): GC_CONCURRENT freed 436K, 3% free 17487K/17976K, paused 2ms+2ms, total 14ms
03-10 13:37:47.161 D/dalvikvm( 2288): WAIT_FOR_CONCURRENT_GC blocked 7ms
03-10 13:37:47.161 D/dalvikvm( 2288): WAIT_FOR_CONCURRENT_GC blocked 8ms
03-10 13:37:47.171 W/ContextImpl( 2774): Implicit intents with startService are not safe: Intent { act=com.google.android.music.PREFERENCE_SERVICE } android.content.ContextWrapper.bindService:517 com.google.android.music.utils.SafeServiceConnection$ServiceConnectionImp.bindService:98 com.google.android.music.utils.SafeServiceConnection.bindService:259 
03-10 13:37:47.171 D/dalvikvm( 2774): GC_CONCURRENT freed 257K, 2% free 16922K/17208K, paused 5ms+1ms, total 24ms
03-10 13:37:47.211 W/ContextImpl( 2774): Implicit intents with startService are not safe: Intent { act=com.google.android.music.NETWORK_MONITOR_SERVICE } android.content.ContextWrapper.bindService:517 com.google.android.music.utils.SafeServiceConnection$ServiceConnectionImp.bindService:98 com.google.android.music.utils.SafeServiceConnection.bindService:259 
03-10 13:37:47.241 D/dalvikvm( 2288): GC_CONCURRENT freed 482K, 3% free 17436K/17976K, paused 2ms+1ms, total 15ms
03-10 13:37:47.271 D/dalvikvm( 2774): GC_CONCURRENT freed 264K, 2% free 17082K/17376K, paused 3ms+1ms, total 23ms
03-10 13:37:47.301 D/dalvikvm( 2288): GC_CONCURRENT freed 489K, 3% free 17450K/17976K, paused 2ms+2ms, total 19ms
03-10 13:37:47.331 I/MediaRouter( 2774): Found default route: MediaRouter.RouteInfo{ uniqueId=android/.support.v7.media.SystemMediaRouteProvider:DEFAULT_ROUTE, name=Phone, description=null, enabled=true, connecting=false, playbackType=0, playbackStream=3, volumeHandling=1, volume=0, volumeMax=15, presentationDisplayId=-1, extras=null, providerPackageName=android }
03-10 13:37:47.341 I/ActivityManager(  754): Delay finish: com.google.android.music/.store.MediaStoreImportService$Receiver
03-10 13:37:47.361 I/CastUtils( 2774): Removing provider: MediaRouter.RouteProviderInfo{ packageName=com.google.android.gms }
03-10 13:37:47.361 I/ActivityManager(  754): Resuming delayed broadcast
03-10 13:37:47.431 D/dalvikvm(  754): GC_EXPLICIT freed 485K, 12% free 26607K/30212K, paused 2ms+6ms, total 74ms
03-10 13:37:47.441 I/ActivityManager(  754): Delay finish: com.google.android.music/.store.MediaStoreImportService$Receiver
03-10 13:37:47.441 I/ActivityManager(  754): Resuming delayed broadcast
03-10 13:37:47.451 I/ActivityManager(  754): Delay finish: com.google.android.music/.store.MediaStoreImportService$Receiver
03-10 13:37:47.461 D/dalvikvm( 1230): GC_CONCURRENT freed 404K, 3% free 17153K/17644K, paused 2ms+1ms, total 12ms
03-10 13:37:47.501 D/dalvikvm( 2774): GC_CONCURRENT freed 246K, 2% free 17236K/17512K, paused 3ms+1ms, total 16ms
03-10 13:37:47.541 I/MediaStoreImporter( 2774): Update: incremental Added music: 0 Updated music: 0 Deleted music: 0 Created playlists: 0 Updated playlists: 0 Deleted playlists: 0 Inserted playlist items: 0 Deleted playlist items: 0 Removed orphaned playlist items: 0
03-10 13:37:47.541 I/ActivityManager(  754): Resuming delayed broadcast
03-10 13:37:47.541 I/ActivityManager(  754): Killing 2133:com.google.android.talk/u0a52 (adj 15): empty #17
03-10 13:37:47.561 D/MobileDataStateTracker(  754): default: setPolicyDataEnable(enabled=true)
03-10 13:37:47.561 I/ActivityManager(  754): Delay finish: com.android.providers.calendar/.CalendarProviderBroadcastReceiver
03-10 13:37:47.581 W/GCM/DMM ( 1081): Force release of GOOGLE_C2DM lock
03-10 13:37:47.591 I/ActivityManager(  754): Resuming delayed broadcast
03-10 13:37:47.611 W/GCM/DMM ( 1081): Force release of GOOGLE_C2DM lock
03-10 13:37:47.621 I/CalendarProvider2( 2706): Sending notification intent: Intent { act=android.intent.action.PROVIDER_CHANGED dat=content://com.android.calendar }
03-10 13:37:47.621 W/ContentResolver( 2706): Failed to get type for: content://com.android.calendar (Unknown URL content://com.android.calendar)
03-10 13:37:47.621 I/ActivityManager(  754): Start proc com.google.android.email for broadcast com.google.android.email/com.android.email.provider.WidgetProvider: pid=2807 uid=10037 gids={50037, 3003, 1028, 1015}
03-10 13:37:47.631 I/ActivityManager(  754): Killing 2169:com.google.android.youtube/u0a73 (adj 15): empty #17
03-10 13:37:47.641 D/dalvikvm(  182): GC_EXPLICIT freed 42K, 1% free 16726K/16800K, paused 2ms+2ms, total 19ms
03-10 13:37:47.661 D/dalvikvm(  182): GC_EXPLICIT freed <1K, 1% free 16726K/16800K, paused 1ms+2ms, total 14ms
03-10 13:37:47.671 D/dalvikvm(  182): GC_EXPLICIT freed <1K, 1% free 16727K/16800K, paused 2ms+1ms, total 16ms
03-10 13:37:47.671 D/ActivityThread( 2807): Loading provider com.google.android.email.provider;com.google.android.email.notifier: com.android.email.provider.EmailProvider
03-10 13:37:47.691 D/ActivityThread( 2807): Loading provider com.google.android.email.provider;com.google.android.email.notifier: com.android.email.provider.EmailProvider
03-10 13:37:47.691 D/ActivityThread( 2807): Loading provider com.google.android.email.provider;com.google.android.email.notifier: com.android.email.provider.EmailProvider
03-10 13:37:47.701 I/ActivityManager(  754): Killing 1611:com.google.android.partnersetup/u0a11 (adj 15): empty #17
03-10 13:37:47.741 D/dalvikvm( 2807): GC_CONCURRENT freed 275K, 2% free 16893K/17204K, paused 5ms+2ms, total 33ms
03-10 13:37:47.751 I/ActivityManager(  754): Start proc com.google.android.setupwizard for broadcast com.google.android.setupwizard/.MobileConnectivityChangeReceiver: pid=2830 uid=10017 gids={50017, 3003}
03-10 13:37:47.801 D/MobileConnectivityChangeReceiver( 2830): onReceive Intent { act=android.net.conn.CONNECTIVITY_CHANGE flg=0x4000010 cmp=com.google.android.setupwizard/.MobileConnectivityChangeReceiver (has extras) }
03-10 13:37:47.801 D/MobileConnectivityChangeReceiver( 2830): onReceive CONNECTIVITY_CHANGE networkType=0
03-10 13:37:47.801 D/MobileConnectivityChangeReceiver( 2830): onReceive CONNECTIVITY_CHANGE: checkConnection
03-10 13:37:47.801 E/PhoneMonitor( 2830): onOtaspChanged old =0, new =3
03-10 13:37:47.801 V/PhoneMonitor( 2830): mOtaspPhoneStateListener#onOtaspChanged, mOtaspMode=3
03-10 13:37:47.821 D/CheckConnectionTask( 2830): doInBackground: url=http://clients3.google.com/generate_204
03-10 13:37:47.821 I/ActivityManager(  754): Start proc com.google.android.youtube for broadcast com.google.android.youtube/com.google.android.apps.youtube.app.prefetch.PrefetchService$DeviceStateReceiver: pid=2845 uid=10073 gids={50073, 3003, 1028, 1015}
03-10 13:37:47.821 I/ActivityManager(  754): Killing 2356:com.google.android.gms.ui/u0a7 (adj 15): empty #17
03-10 13:37:47.821 W/ActivityManager(  754): Unable to start service Intent { cmp=com.google.android.email/com.android.email.service.AttachmentDownloadService } U=0: not found
03-10 13:37:47.821 W/ActivityManager(  754): Unable to start service Intent { cmp=com.google.android.email/com.android.email.service.AttachmentDownloadService } U=0: not found
03-10 13:37:47.831 W/ActivityManager(  754): Unable to start service Intent { cmp=com.google.android.email/com.android.email.service.AttachmentDownloadService } U=0: not found
03-10 13:37:47.831 W/ActivityManager(  754): Unable to start service Intent { cmp=com.google.android.email/com.android.email.service.AttachmentDownloadService } U=0: not found
03-10 13:37:47.841 I/Email   ( 2807): Observing account changes for notifications
03-10 13:37:47.841 I/CheckinService( 1081): Preparing to send checkin request
03-10 13:37:47.841 I/EventLogService( 1081): Accumulating logs since 1394451402953
03-10 13:37:47.881 D/dalvikvm( 2830): GC_CONCURRENT freed 175K, 2% free 16944K/17156K, paused 3ms+2ms, total 25ms
03-10 13:37:47.911 D/dalvikvm( 1081): GC_CONCURRENT freed 306K, 3% free 17459K/17936K, paused 2ms+3ms, total 24ms
03-10 13:37:47.941 W/EventLogAggregator( 1081): Unknown tag: SYSTEM_AUDIT
03-10 13:37:47.941 D/YouTube ( 2845): apps.youtube.core.utils.bh.a:41 HttpClient.UserAgent: com.google.android.youtube/5.3.32(Linux; U; Android 4.4.2; en_IN; Nexus 5 Build/KOT49H)
03-10 13:37:47.961 D/dalvikvm( 2845): GC_CONCURRENT freed 227K, 2% free 16982K/17240K, paused 3ms+1ms, total 16ms
03-10 13:37:48.001 D/YouTube ( 2845): apps.youtube.core.utils.bh.a:41 HttpClient.UserAgent: com.google.android.youtube/5.3.32(Linux; U; Android 4.4.2; en_IN; Nexus 5 Build/KOT49H)
03-10 13:37:48.001 W/GLSUser ( 1081): GoogleAccountDataService.getToken()
03-10 13:37:48.061 D/dalvikvm( 1081): GC_FOR_ALLOC freed 318K, 3% free 17502K/18012K, paused 15ms, total 15ms
03-10 13:37:48.071 D/CheckConnectionTask( 2830): doInBackground: resultCode=204 retVal=true
03-10 13:37:48.071 D/CheckConnectionTask( 2830): onPostExecute connected=true
03-10 13:37:48.071 D/CheckConnectionTask( 2830): onPostExecute set preference connected=true
03-10 13:37:48.071 D/dalvikvm( 1081): GC_FOR_ALLOC freed 56K, 4% free 17531K/18100K, paused 13ms, total 14ms
03-10 13:37:48.091 D/dalvikvm( 1081): GC_FOR_ALLOC freed 12K, 3% free 17582K/18100K, paused 15ms, total 16ms
03-10 13:37:48.091 I/dalvikvm-heap( 1081): Grow heap (frag case) to 17.381MB for 128054-byte allocation
03-10 13:37:48.101 D/dalvikvm( 1081): GC_FOR_ALLOC freed <1K, 3% free 17706K/18228K, paused 11ms, total 11ms
03-10 13:37:48.121 D/dalvikvm( 1081): GC_FOR_ALLOC freed 243K, 5% free 17547K/18292K, paused 12ms, total 12ms
03-10 13:37:48.131 D/dalvikvm( 2845): GC_CONCURRENT freed 301K, 2% free 17079K/17412K, paused 3ms+3ms, total 18ms
03-10 13:37:48.141 D/YouTube ( 2845): apps.youtube.core.client.y.a:114 event [version=5.3.32-s2000, action=Startup, label=NORMAL_STARTUP, value=-1]
03-10 13:37:48.161 I/CheckinTask( 1081): Sending checkin request (21279 bytes)
03-10 13:37:48.171 D/YouTube ( 2845): apps.youtube.core.cache.f.run:163 Cache is below limit, no need to shrink: [size=5201654, limit=20971520]
03-10 13:37:48.181 D/dalvikvm( 2845): GC_CONCURRENT freed 363K, 3% free 17228K/17620K, paused 3ms+2ms, total 20ms
03-10 13:37:48.181 D/dalvikvm( 2845): WAIT_FOR_CONCURRENT_GC blocked 4ms
03-10 13:37:48.231 D/dalvikvm( 2845): GC_CONCURRENT freed 339K, 3% free 17404K/17772K, paused 3ms+2ms, total 19ms
03-10 13:37:48.231 D/dalvikvm( 2845): WAIT_FOR_CONCURRENT_GC blocked 11ms
03-10 13:37:48.231 D/dalvikvm( 2845): WAIT_FOR_CONCURRENT_GC blocked 11ms
03-10 13:37:48.231 D/dalvikvm( 2845): WAIT_FOR_CONCURRENT_GC blocked 13ms
03-10 13:37:48.251 D/dalvikvm( 2845): DexOpt: --- BEGIN 'ads1482081897.jar' (bootstrap=0) ---
03-10 13:37:48.301 D/dalvikvm( 2876): DexOpt: load 4ms, verify+opt 7ms, 158252 bytes
03-10 13:37:48.311 W/ActivityThread( 1081): ClassLoader.loadClass: The class loader returned by Thread.getContextClassLoader() may fail for processes that host multiple applications. You should explicitly specify a context class loader. For example: Thread.setContextClassLoader(getClass().getClassLoader());
03-10 13:37:48.321 D/dalvikvm( 2845): DexOpt: --- END 'ads1482081897.jar' (success) ---
03-10 13:37:48.321 D/dalvikvm( 2845): DEX prep '/data/data/com.google.android.youtube/cache/ads1482081897.jar': unzip in 0ms, rewrite 70ms
03-10 13:37:48.341 D/dalvikvm( 1081): GC_CONCURRENT freed 292K, 4% free 17671K/18292K, paused 4ms+2ms, total 27ms
03-10 13:37:48.371 D/dalvikvm( 2845): GC_CONCURRENT freed 358K, 3% free 17557K/17948K, paused 5ms+3ms, total 26ms
03-10 13:37:48.371 D/dalvikvm( 2845): WAIT_FOR_CONCURRENT_GC blocked 8ms
03-10 13:37:48.371 D/dalvikvm( 2845): WAIT_FOR_CONCURRENT_GC blocked 8ms
03-10 13:37:48.381 D/dalvikvm( 2845): WAIT_FOR_CONCURRENT_GC blocked 10ms
03-10 13:37:48.391 I/ActivityManager(  754): Waited long enough for: ServiceRecord{42fec018 u0 com.qualcomm.qcrilmsgtunnel/.QcrilMsgTunnelService}
03-10 13:37:48.421 I/GoogleConversionPing( 2845): Pinging: http://www.googleadservices.com/pagead/conversion/1001680686/?label=4dahCKKczAYQrt7R3QM&value=&muid=lOR1YT1J7380QCofupCa2g&bundleid=com.google.android.youtube&appversion=5.3.32&osversion=4.4.2&sdkversion=ct-sdk-a-v1.1.0&remarketing_only=1&timestamp=1394451468&data=screen_name%3D%3CAndroid_YT_Open_App%3E
03-10 13:37:48.451 D/dalvikvm( 2845): GC_CONCURRENT freed 339K, 3% free 17697K/18064K, paused 2ms+3ms, total 30ms
03-10 13:37:48.531 D/YouTube ( 2845): apps.youtube.app.prefetch.PrefetchService$DeviceStateReceiver.onReceive:565 Got device state change intent: android.net.conn.CONNECTIVITY_CHANGE
03-10 13:37:48.531 D/YouTube ( 2845): apps.youtube.core.transfer.TransferService.onCreate:108 creating transfer service
03-10 13:37:48.551 D/dalvikvm( 2845): GC_CONCURRENT freed 342K, 3% free 17865K/18240K, paused 4ms+3ms, total 34ms
03-10 13:37:48.551 D/dalvikvm( 2845): WAIT_FOR_CONCURRENT_GC blocked 7ms
03-10 13:37:48.551 D/dalvikvm( 2845): WAIT_FOR_CONCURRENT_GC blocked 7ms
03-10 13:37:48.551 D/GCM     ( 1081): GcmService start Intent { act=android.net.conn.CONNECTIVITY_CHANGE flg=0x4000010 cmp=com.google.android.gms/.gcm.GcmService (has extras) } android.net.conn.CONNECTIVITY_CHANGE
03-10 13:37:48.571 I/Icing   ( 1230): Indexing A0DFF7A479489E0E9E8CF33BD7C972B2FF32644C from com.google.android.music
03-10 13:37:48.571 I/ActivityManager(  754): Start proc com.google.android.apps.magazines for broadcast com.google.android.apps.magazines/com.google.apps.dots.android.newsstand.appwidget.NewsWidgetProvider: pid=2901 uid=10057 gids={50057, 3003, 1028, 1015}
03-10 13:37:48.581 D/YouTube ( 2845): apps.youtube.app.prefetch.PrefetchService.onStartCommand:167 PrefetchService started at 10 Mar 2014 11:37:48 GMT
03-10 13:37:48.591 D/YouTube ( 2845): apps.youtube.app.prefetch.PrefetchService.p_:245 Download snapshot restored
03-10 13:37:48.601 D/YouTube ( 2845): apps.youtube.app.prefetch.PrefetchService.onDestroy:215 PrefetchService destroyed at 10 Mar 2014 11:37:48 GMT
03-10 13:37:48.621 W/GLSUser ( 1081): GoogleAccountDataService.getToken()
03-10 13:37:48.641 V/WebViewChromium( 2901): Binding Chromium to the background looper Looper (main, tid 1) {4263ab00}
03-10 13:37:48.641 I/chromium( 2901): [INFO:library_loader_hooks.cc(112)] Chromium logging enabled: level = 0, default verbosity = 0
03-10 13:37:48.641 I/BrowserProcessMain( 2901): Initializing chromium process, renderers=0
03-10 13:37:48.651 I/ActivityManager(  754): Killing 2344:com.google.android.googlequicksearchbox:search/u0a20 (adj 15): empty #17
03-10 13:37:48.661 W/chromium( 2901): [WARNING:proxy_service.cc(888)] PAC support disabled because there is no system implementation
03-10 13:37:48.671 I/Adreno-EGL( 2901): <qeglDrvAPI_eglInitialize:320>: EGL 1.4 QUALCOMM Build: I0404c4692afb8623f95c43aeb6d5e13ed4b30ddbDate: 11/06/13
03-10 13:37:48.691 I/Icing   ( 1230): Indexing done A0DFF7A479489E0E9E8CF33BD7C972B2FF32644C
03-10 13:37:48.751 W/GAV2    ( 2901): Thread[main,5,main]: Need to call initialize() and be in fallback mode to start dispatch.
03-10 13:37:48.771 D/dalvikvm( 2901): GC_CONCURRENT freed 302K, 2% free 16934K/17268K, paused 4ms+4ms, total 25ms
03-10 13:37:48.831 I/GoogleConversionPing( 2845): Ping responded with response code 200
03-10 13:37:48.881 D/dalvikvm( 2901): GC_CONCURRENT freed 207K, 2% free 17162K/17400K, paused 3ms+1ms, total 20ms
03-10 13:37:48.891 I/NSApplication( 2901): Starting up...
03-10 13:37:48.911 I/ActivityManager(  754): Start proc com.google.android.apps.plus for broadcast com.google.android.apps.plus/.service.ConnectivityReceiver: pid=2939 uid=10065 gids={50065, 3003, 3002, 1028, 1015}
03-10 13:37:48.911 I/ActivityManager(  754): Killing 2419:android.process.acore/u0a3 (adj 15): empty #17
03-10 13:37:49.061 D/ConnectivityService(  754): handleInetConditionHoldEnd: net=0, condition=100, published condition=100
03-10 13:37:49.101 W/GLSUser ( 1081): GoogleAccountDataService.getToken()
03-10 13:37:49.151 D/dalvikvm( 2939): Trying to load lib /data/app-lib/com.google.android.apps.plus-2/libcrashreporter.so 0x42644288
03-10 13:37:49.151 D/dalvikvm( 2939): Added shared lib /data/app-lib/com.google.android.apps.plus-2/libcrashreporter.so 0x42644288
03-10 13:37:49.191 D/dalvikvm( 2939): GC_CONCURRENT freed 271K, 2% free 16900K/17204K, paused 3ms+5ms, total 20ms
03-10 13:37:49.201 I/CheckinTask( 1081): Checkin success: https://android.clients.google.com/checkin (1 requests sent)
03-10 13:37:49.321 D/dalvikvm(  754): GC_EXPLICIT freed 552K, 12% free 26636K/30212K, paused 3ms+6ms, total 75ms
03-10 13:37:49.341 D/dalvikvm( 2939): GC_CONCURRENT freed 230K, 2% free 17185K/17444K, paused 3ms+1ms, total 15ms
03-10 13:37:49.341 D/dalvikvm( 2939): WAIT_FOR_CONCURRENT_GC blocked 7ms
03-10 13:37:49.341 D/dalvikvm( 2939): WAIT_FOR_CONCURRENT_GC blocked 6ms
03-10 13:37:49.351 I/ImageResourceManager( 2939): ImageResourceManager: uninitalized
03-10 13:37:49.351 I/iu.Environment( 2939): update battery state; isPlugged? true*
03-10 13:37:49.351 I/iu.Environment( 2939): update connectivity state; isNetworkMetered? true*, isRoaming? false, isBackgroundDataAllowed? true*
03-10 13:37:49.361 I/iu.Environment( 2939): update connectivity state; isNetworkMetered? true, isRoaming? false, isBackgroundDataAllowed? true
03-10 13:37:49.371 D/dalvikvm( 2939): GC_FOR_ALLOC freed 89K, 2% free 17203K/17444K, paused 13ms, total 13ms
03-10 13:37:49.371 I/ActivityManager(  754): Start proc com.google.android.apps.maps for broadcast com.google.android.apps.maps/com.google.userfeedback.android.api.FeedbackConnectivityReceiver: pid=2967 uid=10058 gids={50058, 3003, 1028, 1015}
03-10 13:37:49.371 I/ActivityManager(  754): Killing 2436:com.laurencedawson.reddit_sync:remote/u0a80 (adj 15): empty #17
03-10 13:37:49.381 I/dalvikvm-heap( 2939): Grow heap (frag case) to 20.735MB for 4099024-byte allocation
03-10 13:37:49.381 I/ActivityManager(  754): Start proc android.process.acore for content provider com.android.providers.contacts/.ContactsProvider2: pid=2979 uid=10003 gids={50003, 3003, 1028, 1015}
03-10 13:37:49.401 D/dalvikvm( 2939): GC_FOR_ALLOC freed <1K, 2% free 21205K/21448K, paused 20ms, total 20ms
03-10 13:37:49.401 I/ActivityManager(  754): Killing 2464:com.laurencedawson.reddit_sync/u0a80 (adj 15): empty #17
03-10 13:37:49.421 D/dalvikvm( 2939): GC_CONCURRENT freed 3K, 2% free 21204K/21448K, paused 1ms+2ms, total 13ms
03-10 13:37:49.471 D/dalvikvm( 2979): GC_CONCURRENT freed 260K, 2% free 16977K/17252K, paused 3ms+2ms, total 19ms
03-10 13:37:49.481 D/dalvikvm( 2939): GC_FOR_ALLOC freed 2K, 2% free 21205K/21448K, paused 13ms, total 13ms
03-10 13:37:49.491 I/dalvikvm-heap( 2939): Grow heap (frag case) to 24.643MB for 4099024-byte allocation
03-10 13:37:49.501 D/dalvikvm( 2939): GC_FOR_ALLOC freed <1K, 1% free 25207K/25452K, paused 13ms, total 13ms
03-10 13:37:49.511 D/dalvikvm( 2939): GC_CONCURRENT freed 5K, 1% free 25216K/25452K, paused 2ms+2ms, total 13ms
03-10 13:37:49.531 I/iu.UploadsManager( 2939): #reloadSettings(); account: null; pageID: none; IU: disabled; IS: disabled; photoWiFi: true; videoWiFi: true; roam: false; battery: true; size: FULL; maxMobile: 157286400
03-10 13:37:49.541 I/Adreno-EGL( 2967): <qeglDrvAPI_eglInitialize:320>: EGL 1.4 QUALCOMM Build: I0404c4692afb8623f95c43aeb6d5e13ed4b30ddbDate: 11/06/13
03-10 13:37:49.551 D/dalvikvm( 2967): GC_CONCURRENT freed 275K, 2% free 16900K/17208K, paused 1ms+1ms, total 16ms
03-10 13:37:49.581 I/ContactLocale( 2979): AddressBook Labels [en_IN]: [, A, B, C, D, E, F, G, H, I, J, K, L, M, N, O, P, Q, R, S, T, U, V, W, X, Y, Z, , , , , , , , , , , , , , , , , , , , , , , , , , , , , , , , , , , , , , , , , , , , , , , , , , , , , , , , , , , , , , , , , , , , , , , , , , , , , , , , , , , , , , , , , , , , , , , , , , , , , , , , , , , , , , , , , , , , , , , , , , , , , , , , , , , , , , , , , , , , , , , , , , , , , , , , , , , , , , , , , , , , , , , , , , , , , , , , , , , , , , #, ]
03-10 13:37:49.601 I/iu.UploadsManager( 2939): End new media; added: 0, uploading: 0, time: 71 ms
03-10 13:37:49.601 W/ActivityThread( 2967): ClassLoader.loadClass: The class loader returned by Thread.getContextClassLoader() may fail for processes that host multiple applications. You should explicitly specify a context class loader. For example: Thread.setContextClassLoader(getClass().getClassLoader());
03-10 13:37:49.631 I/iu.FingerprintManager( 2939): Start processing all media
03-10 13:37:49.631 I/iu.FingerprintManager( 2939): Start processing media store URI: content://media/external/images/media
03-10 13:37:49.641 D/dalvikvm( 2967): GC_CONCURRENT freed 323K, 3% free 17094K/17444K, paused 6ms+1ms, total 21ms
03-10 13:37:49.641 D/dalvikvm( 2967): WAIT_FOR_CONCURRENT_GC blocked 8ms
03-10 13:37:49.701 I/iu.FingerprintManager( 2939): Start processing media store URI: content://media/external/video/media
03-10 13:37:49.701 D/dalvikvm( 2967): GC_CONCURRENT freed 207K, 2% free 17379K/17584K, paused 2ms+2ms, total 20ms
03-10 13:37:49.701 I/iu.FingerprintManager( 2939): Start processing media store URI: content://media/phoneStorage/images/media
03-10 13:37:49.701 I/iu.FingerprintManager( 2939): Start processing media store URI: content://media/phoneStorage/video/media
03-10 13:37:49.711 I/iu.FingerprintManager( 2939): Finished generating fingerprints; 0.082 seconds
03-10 13:37:49.711 I/iu.FingerprintManager( 2939):   numSeen=342 numGenerated=0 numDeleted=0 numFailed=0
03-10 13:37:49.781 D/dalvikvm( 2967): GC_CONCURRENT freed 370K, 3% free 17521K/17920K, paused 2ms+2ms, total 15ms
03-10 13:37:49.781 D/dalvikvm( 2967): WAIT_FOR_CONCURRENT_GC blocked 5ms
03-10 13:37:49.781 D/dalvikvm( 2967): WAIT_FOR_CONCURRENT_GC blocked 6ms
03-10 13:37:49.781 D/dalvikvm( 2967): WAIT_FOR_CONCURRENT_GC blocked 5ms
03-10 13:37:49.811 D/dalvikvm( 2967): GC_CONCURRENT freed 260K, 2% free 17761K/18052K, paused 1ms+1ms, total 14ms
03-10 13:37:49.811 I/TextToSpeech( 2967): Sucessfully bound to com.google.android.tts
03-10 13:37:49.811 I/ActivityManager(  754): Start proc com.google.android.tts for service com.google.android.tts/.service.GoogleTTSService: pid=3027 uid=10049 gids={50049, 3003, 1028, 1015}
03-10 13:37:49.821 D/StrictMode( 2967): StrictMode policy violation; ~duration=92 ms: android.os.StrictMode$StrictModeDiskReadViolation: policy=287 violation=2
03-10 13:37:49.821 D/StrictMode( 2967): 	at android.os.StrictMode$AndroidBlockGuardPolicy.onReadFromDisk(StrictMode.java:1135)
03-10 13:37:49.821 D/StrictMode( 2967): 	at android.database.sqlite.SQLiteConnection.applyBlockGuardPolicy(SQLiteConnection.java:1041)
03-10 13:37:49.821 D/StrictMode( 2967): 	at android.database.sqlite.SQLiteConnection.executeForCursorWindow(SQLiteConnection.java:842)
03-10 13:37:49.821 D/StrictMode( 2967): 	at android.database.sqlite.SQLiteSession.executeForCursorWindow(SQLiteSession.java:836)
03-10 13:37:49.821 D/StrictMode( 2967): 	at android.database.sqlite.SQLiteQuery.fillWindow(SQLiteQuery.java:62)
03-10 13:37:49.821 D/StrictMode( 2967): 	at android.database.sqlite.SQLiteCursor.fillWindow(SQLiteCursor.java:144)
03-10 13:37:49.821 D/StrictMode( 2967): 	at android.database.sqlite.SQLiteCursor.getCount(SQLiteCursor.java:133)
03-10 13:37:49.821 D/StrictMode( 2967): 	at android.database.CursorToBulkCursorAdaptor.getBulkCursorDescriptor(CursorToBulkCursorAdaptor.java:148)
03-10 13:37:49.821 D/StrictMode( 2967): 	at android.content.ContentProviderNative.onTransact(ContentProviderNative.java:118)
03-10 13:37:49.821 D/StrictMode( 2967): 	at android.os.Binder.execTransact(Binder.java:404)
03-10 13:37:49.821 D/StrictMode( 2967): 	at dalvik.system.NativeStart.run(Native Method)
03-10 13:37:49.821 D/StrictMode( 2967): # via Binder call with stack:
03-10 13:37:49.821 D/StrictMode( 2967): android.os.StrictMode$LogStackTrace
03-10 13:37:49.821 D/StrictMode( 2967): 	at android.os.StrictMode.readAndHandleBinderCallViolations(StrictMode.java:1705)
03-10 13:37:49.821 D/StrictMode( 2967): 	at android.os.Parcel.readExceptionCode(Parcel.java:1447)
03-10 13:37:49.821 D/StrictMode( 2967): 	at android.database.DatabaseUtils.readExceptionFromParcel(DatabaseUtils.java:134)
03-10 13:37:49.821 D/StrictMode( 2967): 	at android.content.ContentProviderProxy.query(ContentProviderNative.java:413)
03-10 13:37:49.821 D/StrictMode( 2967): 	at android.content.ContentResolver.query(ContentResolver.java:461)
03-10 13:37:49.821 D/StrictMode( 2967): 	at android.content.ContentResolver.query(ContentResolver.java:404)
03-10 13:37:49.821 D/StrictMode( 2967): 	at com.google.android.apps.gmm.map.n.b.j.b(SourceFile:67)
03-10 13:37:49.821 D/StrictMode( 2967): 	at com.google.android.apps.gmm.map.n.b.j.a(SourceFile:100)
03-10 13:37:49.821 D/StrictMode( 2967): 	at com.google.android.apps.gmm.map.n.b.d.a(SourceFile:197)
03-10 13:37:49.821 D/StrictMode( 2967): 	at com.google.android.apps.gmm.map.n.b.d.<init>(SourceFile:178)
03-10 13:37:49.821 D/StrictMode( 2967): 	at com.google.android.apps.gmm.base.app.GoogleMapsApplication.onCreate(SourceFile:195)
03-10 13:37:49.821 D/StrictMode( 2967): 	at android.app.Instrumentation.callApplicationOnCreate(Instrumentation.java:1007)
03-10 13:37:49.821 D/StrictMode( 2967): 	at android.app.ActivityThread.handleBindApplication(ActivityThread.java:4344)
03-10 13:37:49.821 D/StrictMode( 2967): 	at android.app.ActivityThread.access$1500(ActivityThread.java:135)
03-10 13:37:49.821 D/StrictMode( 2967): 	at android.app.ActivityThread$H.handleMessage(ActivityThread.java:1256)
03-10 13:37:49.821 D/StrictMode( 2967): 	at android.os.Handler.dispatchMessage(Handler.java:102)
03-10 13:37:49.821 D/StrictMode( 2967): 	at android.os.Looper.loop(Looper.java:136)
03-10 13:37:49.821 D/StrictMode( 2967): 	at android.app.ActivityThread.main(ActivityThread.java:5017)
03-10 13:37:49.821 D/StrictMode( 2967): 	at java.lang.reflect.Method.invokeNative(Native Method)
03-10 13:37:49.821 D/StrictMode( 2967): 	at java.lang.reflect.Method.invoke(Method.java:515)
03-10 13:37:49.821 D/StrictMode( 2967): 	at com.android.internal.os.ZygoteInit$MethodAndArgsCaller.run(ZygoteInit.java:779)
03-10 13:37:49.821 D/StrictMode( 2967): 	at com.android.internal.os.ZygoteInit.main(ZygoteInit.java:595)
03-10 13:37:49.821 D/StrictMode( 2967): 	at dalvik.system.NativeStart.main(Native Method)
03-10 13:37:49.821 D/StrictMode( 2967): StrictMode policy violation; ~duration=82 ms: android.os.StrictMode$StrictModeDiskReadViolation: policy=287 violation=2
03-10 13:37:49.821 D/StrictMode( 2967): 	at android.os.StrictMode$AndroidBlockGuardPolicy.onReadFromDisk(StrictMode.java:1135)
