03-11 16:42:35.414 E/AndroidRuntime( 2450): 	at clojure.core$apply.invoke(core.clj:619)
03-11 16:42:35.414 E/AndroidRuntime( 2450): 	at clojure.core$load_libs.doInvoke(core.clj:5417)
03-11 16:42:35.414 E/AndroidRuntime( 2450): 	at clojure.lang.RestFn.applyTo(RestFn.java:137)
03-11 16:42:35.414 E/AndroidRuntime( 2450): 	at clojure.core$apply.invoke(core.clj:619)
03-11 16:42:35.414 E/AndroidRuntime( 2450): 	at clojure.core$require.doInvoke(core.clj:5434)
03-11 16:42:35.414 E/AndroidRuntime( 2450): 	at clojure.lang.RestFn.invoke(RestFn.java:408)
03-11 16:42:35.414 E/AndroidRuntime( 2450): 	at neko.init$loading__4910__auto__.invoke(init.clj:12)
03-11 16:42:35.414 E/AndroidRuntime( 2450): 	at neko.init__init.load(Unknown Source)
03-11 16:42:35.414 E/AndroidRuntime( 2450): 	at neko.init__init.<clinit>(Unknown Source)
03-11 16:42:35.414 E/AndroidRuntime( 2450): 	at java.lang.Class.classForName(Native Method)
03-11 16:42:35.414 E/AndroidRuntime( 2450): 	at java.lang.Class.forName(Class.java:305)
03-11 16:42:35.414 E/AndroidRuntime( 2450): 	at clojure.lang.RT.loadClassForName(RT.java:2145)
03-11 16:42:35.414 E/AndroidRuntime( 2450): 	at clojure.lang.RT.load(RT.java:455)
03-11 16:42:35.414 E/AndroidRuntime( 2450): 	at clojure.lang.RT.load(RT.java:436)
03-11 16:42:35.414 E/AndroidRuntime( 2450): 	at clojure.core$load$fn__5018.invoke(core.clj:5529)
03-11 16:42:35.414 E/AndroidRuntime( 2450): 	at clojure.core$load.doInvoke(core.clj:5529)
03-11 16:42:35.414 E/AndroidRuntime( 2450): 	at clojure.lang.RestFn.invoke(RestFn.java:408)
03-11 16:42:35.414 E/AndroidRuntime( 2450): 	at clojure.core$load_one.invoke(core.clj:5336)
03-11 16:42:35.414 E/AndroidRuntime( 2450): 	at clojure.core$load_lib$fn__4967.invoke(core.clj:5374)
03-11 16:42:35.414 E/AndroidRuntime( 2450): 	at clojure.core$load_lib.doInvoke(core.clj:5374)
03-11 16:42:35.414 E/AndroidRuntime( 2450): 	at clojure.lang.RestFn.applyTo(RestFn.java:142)
03-11 16:42:35.414 E/AndroidRuntime( 2450): 	at clojure.core$apply.invoke(core.clj:619)
03-11 16:42:35.414 E/AndroidRuntime( 2450): 	at clojure.core$load_libs.doInvoke(core.clj:5413)
03-11 16:42:35.414 E/AndroidRuntime( 2450): 	at clojure.lang.RestFn.applyTo(RestFn.java:137)
03-11 16:42:35.414 E/AndroidRuntime( 2450): 	at clojure.core$apply.invoke(core.clj:619)
03-11 16:42:35.414 E/AndroidRuntime( 2450): 	at clojure.core$require.doInvoke(core.clj:5434)
03-11 16:42:35.414 E/AndroidRuntime( 2450): 	at clojure.lang.RestFn.invoke(RestFn.java:408)
03-11 16:42:35.414 E/AndroidRuntime( 2450): 	at clojure.lang.Var.invoke(Var.java:415)
03-11 16:42:35.414 E/AndroidRuntime( 2450): 	at com.android.helloworldlein.SplashActivity$1.run(SplashActivity.java:59)
03-11 16:42:35.414 E/AndroidRuntime( 2450): 	at java.lang.Thread.run(Thread.java:811)
03-11 16:42:35.414 W/ActivityManager(  646):   Force finishing activity com.android.helloworldlein/.SplashActivity
03-11 16:42:35.714 I/WindowManager(  646): Screenshot max retries 4 of Token{657ea618 ActivityRecord{657ea4b8 u0 com.android.helloworldlein/.SplashActivity t2 f}} appWin=Window{65444998 u0 com.android.helloworldlein/com.android.helloworldlein.SplashActivity} drawState=4
03-11 16:42:35.714 W/WindowManager(  646): Screenshot failure taking screenshot for (1200x1920) to layer 21005
03-11 16:42:35.754 I/ActivityManager(  646): Killing 2028:com.laurencedawson.reddit_sync/u0a73 (adj 15): empty #17
03-11 16:42:52.570 D/AndroidRuntime( 2491): 
03-11 16:42:52.570 D/AndroidRuntime( 2491): >>>>>> AndroidRuntime START com.android.internal.os.RuntimeInit <<<<<<
03-11 16:42:52.580 D/AndroidRuntime( 2491): CheckJNI is OFF
03-11 16:42:52.580 E/art     ( 2491): Unrecognized option -XX:mainThreadStackSize=24K
03-11 16:42:52.580 W/art     ( 2491): Ignoring unknown -Xgc option: precise
03-11 16:42:52.621 W/art     ( 2491): Failed to find ELF magic in /system/framework/pm.odex: dey
03-11 16:42:52.681 W/art     ( 2491): JNI RegisterNativeMethods: attempt to register 0 native methods for android.content.res.Configuration
03-11 16:42:52.691 D/AndroidRuntime( 2491): Calling main entry com.android.commands.pm.Pm
03-11 16:42:52.701 I/ActivityManager(  646): Force stopping com.android.helloworldlein appid=10123 user=0: clear data
03-11 16:42:52.701 I/ActivityManager(  646): Killing 2450:com.android.helloworldlein/u0a123 (adj 9): stop com.android.helloworldlein
03-11 16:42:52.711 D/keystore(  191): calling clear_uid in state: 3
03-11 16:42:52.721 W/art     (  186): Could not get current activity
03-11 16:42:52.731 I/ActivityManager(  646): Start proc com.android.documentsui for broadcast com.android.documentsui/.PackageReceiver: pid=2509 uid=10101 gids={50101}
03-11 16:42:52.761 I/ActivityManager(  646): Start proc com.android.defcontainer for service com.android.defcontainer/.DefaultContainerService: pid=2523 uid=10014 gids={50014, 1028, 1015, 1023, 2001}
03-11 16:42:52.801 W/art     ( 2509): Failed to find ELF magic in /system/app/DocumentsUI.odex: dey
03-11 16:42:52.811 W/art     ( 2523): Failed to find ELF magic in /system/priv-app/DefaultContainerService.odex: dey
03-11 16:42:52.831 D/AndroidRuntime( 2491): Shutting down VM
03-11 16:42:52.841 D/Documents( 2509): Loading roots for com.android.providers.downloads.documents
03-11 16:42:52.841 I/ActivityManager(  646): Killing 1812:com.google.android.youtube/u0a66 (adj 15): empty #17
03-11 16:42:52.861 D/Documents( 2509): Loading roots for com.android.externalstorage.documents
03-11 16:42:52.871 D/PackageBroadcastService( 1056): Received broadcast action=android.intent.action.PACKAGE_DATA_CLEARED and uri=com.android.helloworldlein
03-11 16:42:52.871 I/ActivityManager(  646): Start proc com.google.android.googlequicksearchbox:search for broadcast com.google.android.googlequicksearchbox/com.google.android.search.core.summons.icing.InternalIcingCorporaProvider$CorporaChangedReceiver: pid=2547 uid=10060 gids={50060, 3003, 1028, 3002, 1015}
03-11 16:42:52.901 I/Icing   ( 1056): doRemovePackageData com.android.helloworldlein
03-11 16:42:52.901 I/ActivityManager(  646): Start proc com.android.externalstorage for content provider com.android.externalstorage/.ExternalStorageProvider: pid=2563 uid=10096 gids={50096, 1028, 1015, 1023}
03-11 16:42:52.931 I/ActivityManager(  646): Killing 2081:com.google.android.apps.magazines/u0a40 (adj 15): empty #17
03-11 16:42:52.941 W/art     ( 2563): Failed to find ELF magic in /system/priv-app/ExternalStorageProvider.odex: dey
03-11 16:42:52.951 D/ExternalStorage( 2563): After updating volumes, found 1 active roots
03-11 16:42:52.961 D/Documents( 2509): Updating roots due to change at content://com.android.externalstorage.documents/root
03-11 16:42:52.961 D/Documents( 2509): Loading roots for com.android.providers.media.documents
03-11 16:42:52.971 D/Documents( 2509): Loading roots for com.google.android.apps.docs.storage
03-11 16:42:52.991 I/ActivityManager(  646): Start proc com.google.android.apps.docs for content provider com.google.android.apps.docs/com.google.android.gms.drive.external.StorageBackendContentProvider: pid=2585 uid=10017 gids={50017, 3003, 1028, 1015}
03-11 16:42:53.011 I/ActivityManager(  646): Killing 2183:com.yle.webtv/u0a116 (adj 15): empty #17
03-11 16:42:53.021 I/ActivityManager(  646): Killing 2200:android.process.acore/u0a0 (adj 15): empty #17
03-11 16:42:53.622 W/art     ( 2585): Before Android 4.1, method void com.google.android.apps.docs.editors.toolbar.PreHoneyCombActionBar.a() would have incorrectly overridden the package-private method in akm
03-11 16:42:53.622 W/art     ( 2585): Before Android 4.1, method void com.google.android.apps.docs.editors.toolbar.PreHoneyCombActionBar.b() would have incorrectly overridden the package-private method in akm
03-11 16:42:54.322 D/AndroidRuntime( 2604): 
03-11 16:42:54.322 D/AndroidRuntime( 2604): >>>>>> AndroidRuntime START com.android.internal.os.RuntimeInit <<<<<<
03-11 16:42:54.332 D/AndroidRuntime( 2604): CheckJNI is OFF
03-11 16:42:54.332 E/art     ( 2604): Unrecognized option -XX:mainThreadStackSize=24K
03-11 16:42:54.332 W/art     ( 2604): Ignoring unknown -Xgc option: precise
03-11 16:42:54.372 W/art     ( 2604): Failed to find ELF magic in /system/framework/am.odex: dey
03-11 16:42:54.432 W/art     ( 2604): JNI RegisterNativeMethods: attempt to register 0 native methods for android.content.res.Configuration
03-11 16:42:54.442 D/AndroidRuntime( 2604): Calling main entry com.android.commands.am.Am
03-11 16:42:54.452 I/ActivityManager(  646): START u0 {flg=0x10000000 cmp=com.android.helloworldlein/.SplashActivity} from pid 2604
03-11 16:42:54.522 W/ActiveOrDefaultContextProvider( 2585): Missing scope.enter somewhere. Returning default context
03-11 16:42:54.572 W/ActiveOrDefaultContextProvider( 2585): Missing scope.enter somewhere. Returning default context
03-11 16:42:54.572 E/JavaBinder( 2585): *** Uncaught remote exception!  (Exceptions are not yet supported across processes.)
03-11 16:42:54.572 E/JavaBinder( 2585): java.lang.RuntimeException: Can't create handler inside thread that has not called Looper.prepare()
03-11 16:42:54.572 E/JavaBinder( 2585): 	at android.os.Handler.<init>(Handler.java:200)
03-11 16:42:54.572 E/JavaBinder( 2585): 	at android.os.Handler.<init>(Handler.java:114)
03-11 16:42:54.572 E/JavaBinder( 2585): 	at aOW.<init>(ToastErrorReporter.java:72)
03-11 16:42:54.572 E/JavaBinder( 2585): 	at com.google.android.apps.docs.utils.ToastErrorReporter.<init>(ToastErrorReporter.java:72)
03-11 16:42:54.572 E/JavaBinder( 2585): 	at aNE.getInstance(GellyInjectorStore.java:438)
03-11 16:42:54.572 E/JavaBinder( 2585): 	at bnB.a(ConstructorProvider.java:30)
03-11 16:42:54.572 E/JavaBinder( 2585): 	at boi.a(RuntimeProvider.java:96)
03-11 16:42:54.572 E/JavaBinder( 2585): 	at boi.a(RuntimeProvider.java:96)
03-11 16:42:54.572 E/JavaBinder( 2585): 	at Jh.a(GellyInjectorStore.java:294)
03-11 16:42:54.572 E/JavaBinder( 2585): 	at Jh.performStaticMembersInjection(GellyInjectorStore.java:361)
03-11 16:42:54.572 E/JavaBinder( 2585): 	at bnP.b(GellyInjectorBuilderBase.java:45)
03-11 16:42:54.572 E/JavaBinder( 2585): 	at bnX.b(GellyInjectorBuilderBase.java:146)
03-11 16:42:54.572 E/JavaBinder( 2585): 	at bnR.a(GellyInjectorBuilderBase.java:174)
03-11 16:42:54.572 E/JavaBinder( 2585): 	at bnP.a(GellyInjectorBuilderBase.java:267)
03-11 16:42:54.572 E/JavaBinder( 2585): 	at com.google.common.labs.inject.gelly.GellyStaticRuntime.a(GellyStaticRuntime.java:1516)
03-11 16:42:54.572 E/JavaBinder( 2585): 	at bnw.a(Gelly.java:53)
03-11 16:42:54.572 E/JavaBinder( 2585): 	at aLP.a(InjectorRegistry.java:67)
03-11 16:42:54.572 E/JavaBinder( 2585): 	at aLI.a(GuiceApplication.java:27)
03-11 16:42:54.572 E/JavaBinder( 2585): 	at aLN.b(GuiceUtils.java:90)
03-11 16:42:54.572 E/JavaBinder( 2585): 	at aLN.a(GuiceUtils.java:64)
03-11 16:42:54.572 E/JavaBinder( 2585): 	at aLu.b(ContextScopedInjectorFactory.java:60)
03-11 16:42:54.572 E/JavaBinder( 2585): 	at com.google.android.gms.drive.external.StorageBackendContentProvider.a(StorageBackendContentProvider.java:112)
03-11 16:42:54.572 E/JavaBinder( 2585): 	at com.google.android.gms.drive.external.StorageBackendContentProvider.a(StorageBackendContentProvider.java:133)
03-11 16:42:54.572 E/JavaBinder( 2585): 	at com.google.android.gms.drive.external.StorageBackendContentProvider.queryRoots(StorageBackendContentProvider.java:154)
03-11 16:42:54.572 E/JavaBinder( 2585): 	at android.provider.DocumentsProvider.query(DocumentsProvider.java:416)
03-11 16:42:54.572 E/JavaBinder( 2585): 	at android.content.ContentProvider.query(ContentProvider.java:857)
03-11 16:42:54.572 E/JavaBinder( 2585): 	at android.content.ContentProvider$Transport.query(ContentProvider.java:200)
03-11 16:42:54.572 E/JavaBinder( 2585): 	at android.content.ContentProviderNative.onTransact(ContentProviderNative.java:112)
03-11 16:42:54.572 E/JavaBinder( 2585): 	at android.os.Binder.execTransact(Binder.java:404)
03-11 16:42:54.582 W/Documents( 2509): Failed to load some roots from com.google.android.apps.docs.storage: java.lang.NullPointerException: Attempt to invoke interface method 'boolean android.database.Cursor.moveToNext()' on a null object reference
03-11 16:42:54.582 D/Documents( 2509): Update found 6 roots in 1738ms
03-11 16:42:54.582 D/Documents( 2509): Used cached roots for com.android.providers.downloads.documents
03-11 16:42:54.582 D/Documents( 2509): Loading roots for com.android.externalstorage.documents
03-11 16:42:54.753 D/AndroidRuntime( 2604): Shutting down VM
03-11 16:42:54.753 I/WindowManager(  646): Screenshot max retries 4 of Token{6561bfe0 ActivityRecord{656199e8 u0 com.android.launcher/com.android.launcher2.Launcher t1}} appWin=Window{6557d008 u0 com.android.launcher/com.android.launcher2.Launcher} drawState=4
03-11 16:42:54.753 W/WindowManager(  646): Screenshot failure taking screenshot for (1200x1920) to layer 21005
03-11 16:42:54.773 W/art     (  186): Could not get current activity
03-11 16:42:54.783 D/Documents( 2509): Used cached roots for com.android.providers.media.documents
03-11 16:42:54.783 D/Documents( 2509): Loading roots for com.google.android.apps.docs.storage
03-11 16:42:54.783 I/ActivityManager(  646): Start proc com.android.helloworldlein for activity com.android.helloworldlein/.SplashActivity: pid=2620 uid=10123 gids={50123}
03-11 16:42:54.923 I/Adreno-EGL( 2620): <qeglDrvAPI_eglInitialize:320>: EGL 1.4 QUALCOMM Build: I0404c4692afb8623f95c43aeb6d5e13ed4b30ddbDate: 11/06/13
03-11 16:42:54.923 I/art     ( 2585): Heap trim of managed (duration=4.211426ms, advised=176KB) and native (duration=1.342773ms, advised=56KB) heaps. Managed heap utilization of 55%.
03-11 16:42:54.953 D/OpenGLRenderer( 2620): Enabling debug mode 0
03-11 16:42:55.043 W/ActiveOrDefaultContextProvider( 2585): Missing scope.enter somewhere. Returning default context
03-11 16:42:55.043 W/ActiveOrDefaultContextProvider( 2585): Missing scope.enter somewhere. Returning default context
03-11 16:42:55.053 I/ActivityManager(  646): Displayed com.android.helloworldlein/.SplashActivity: +290ms
03-11 16:42:55.153 D/Documents( 2509): Update found 7 roots in 575ms
03-11 16:42:55.173 W/GAV2    ( 2585): Thread[main,5,main]: Need to call initialize() and be in fallback mode to start dispatch.
03-11 16:42:57.816 E/AndroidRuntime( 2620): FATAL EXCEPTION: Thread-266
03-11 16:42:57.816 E/AndroidRuntime( 2620): Process: com.android.helloworldlein, PID: 2620
03-11 16:42:57.816 E/AndroidRuntime( 2620): java.lang.VerifyError: Rejecting class neko.compilation$clear_cache because it failed compile-time verification (declaration of 'neko.compilation$clear_cache' appears in /data/app/com.android.helloworldlein-1.apk)
03-11 16:42:57.816 E/AndroidRuntime( 2620): 	at neko.compilation__init.load(Unknown Source)
03-11 16:42:57.816 E/AndroidRuntime( 2620): 	at neko.compilation__init.<clinit>(Unknown Source)
03-11 16:42:57.816 E/AndroidRuntime( 2620): 	at java.lang.Class.classForName(Native Method)
03-11 16:42:57.816 E/AndroidRuntime( 2620): 	at java.lang.Class.forName(Class.java:305)
03-11 16:42:57.816 E/AndroidRuntime( 2620): 	at clojure.lang.RT.loadClassForName(RT.java:2145)
03-11 16:42:57.816 E/AndroidRuntime( 2620): 	at clojure.lang.RT.load(RT.java:455)
03-11 16:42:57.816 E/AndroidRuntime( 2620): 	at clojure.lang.RT.load(RT.java:436)
03-11 16:42:57.816 E/AndroidRuntime( 2620): 	at clojure.core$load$fn__5018.invoke(core.clj:5529)
03-11 16:42:57.816 E/AndroidRuntime( 2620): 	at clojure.core$load.doInvoke(core.clj:5529)
03-11 16:42:57.816 E/AndroidRuntime( 2620): 	at clojure.lang.RestFn.invoke(RestFn.java:408)
03-11 16:42:57.816 E/AndroidRuntime( 2620): 	at clojure.core$load_one.invoke(core.clj:5336)
03-11 16:42:57.816 E/AndroidRuntime( 2620): 	at clojure.core$load_lib$fn__4967.invoke(core.clj:5374)
03-11 16:42:57.816 E/AndroidRuntime( 2620): 	at clojure.core$load_lib.doInvoke(core.clj:5374)
03-11 16:42:57.816 E/AndroidRuntime( 2620): 	at clojure.lang.RestFn.applyTo(RestFn.java:142)
03-11 16:42:57.816 E/AndroidRuntime( 2620): 	at clojure.core$apply.invoke(core.clj:619)
03-11 16:42:57.816 E/AndroidRuntime( 2620): 	at clojure.core$load_libs.doInvoke(core.clj:5417)
03-11 16:42:57.816 E/AndroidRuntime( 2620): 	at clojure.lang.RestFn.applyTo(RestFn.java:137)
03-11 16:42:57.816 E/AndroidRuntime( 2620): 	at clojure.core$apply.invoke(core.clj:619)
03-11 16:42:57.816 E/AndroidRuntime( 2620): 	at clojure.core$require.doInvoke(core.clj:5434)
03-11 16:42:57.816 E/AndroidRuntime( 2620): 	at clojure.lang.RestFn.invoke(RestFn.java:408)
03-11 16:42:57.816 E/AndroidRuntime( 2620): 	at neko.init$loading__4910__auto__.invoke(init.clj:12)
03-11 16:42:57.816 E/AndroidRuntime( 2620): 	at neko.init__init.load(Unknown Source)
03-11 16:42:57.816 E/AndroidRuntime( 2620): 	at neko.init__init.<clinit>(Unknown Source)
03-11 16:42:57.816 E/AndroidRuntime( 2620): 	at java.lang.Class.classForName(Native Method)
03-11 16:42:57.816 E/AndroidRuntime( 2620): 	at java.lang.Class.forName(Class.java:305)
03-11 16:42:57.816 E/AndroidRuntime( 2620): 	at clojure.lang.RT.loadClassForName(RT.java:2145)
03-11 16:42:57.816 E/AndroidRuntime( 2620): 	at clojure.lang.RT.load(RT.java:455)
03-11 16:42:57.816 E/AndroidRuntime( 2620): 	at clojure.lang.RT.load(RT.java:436)
03-11 16:42:57.816 E/AndroidRuntime( 2620): 	at clojure.core$load$fn__5018.invoke(core.clj:5529)
03-11 16:42:57.816 E/AndroidRuntime( 2620): 	at clojure.core$load.doInvoke(core.clj:5529)
03-11 16:42:57.816 E/AndroidRuntime( 2620): 	at clojure.lang.RestFn.invoke(RestFn.java:408)
03-11 16:42:57.816 E/AndroidRuntime( 2620): 	at clojure.core$load_one.invoke(core.clj:5336)
03-11 16:42:57.816 E/AndroidRuntime( 2620): 	at clojure.core$load_lib$fn__4967.invoke(core.clj:5374)
03-11 16:42:57.816 E/AndroidRuntime( 2620): 	at clojure.core$load_lib.doInvoke(core.clj:5374)
03-11 16:42:57.816 E/AndroidRuntime( 2620): 	at clojure.lang.RestFn.applyTo(RestFn.java:142)
03-11 16:42:57.816 E/AndroidRuntime( 2620): 	at clojure.core$apply.invoke(core.clj:619)
03-11 16:42:57.816 E/AndroidRuntime( 2620): 	at clojure.core$load_libs.doInvoke(core.clj:5413)
03-11 16:42:57.816 E/AndroidRuntime( 2620): 	at clojure.lang.RestFn.applyTo(RestFn.java:137)
03-11 16:42:57.816 E/AndroidRuntime( 2620): 	at clojure.core$apply.invoke(core.clj:619)
03-11 16:42:57.816 E/AndroidRuntime( 2620): 	at clojure.core$require.doInvoke(core.clj:5434)
03-11 16:42:57.816 E/AndroidRuntime( 2620): 	at clojure.lang.RestFn.invoke(RestFn.java:408)
03-11 16:42:57.816 E/AndroidRuntime( 2620): 	at clojure.lang.Var.invoke(Var.java:415)
03-11 16:42:57.816 E/AndroidRuntime( 2620): 	at com.android.helloworldlein.SplashActivity$1.run(SplashActivity.java:59)
03-11 16:42:57.816 E/AndroidRuntime( 2620): 	at java.lang.Thread.run(Thread.java:811)
03-11 16:42:57.816 W/ActivityManager(  646):   Force finishing activity com.android.helloworldlein/.SplashActivity
03-11 16:42:58.116 I/WindowManager(  646): Screenshot max retries 4 of Token{65672390 ActivityRecord{65452260 u0 com.android.helloworldlein/.SplashActivity t3 f}} appWin=Window{657fa308 u0 com.android.helloworldlein/com.android.helloworldlein.SplashActivity} drawState=4
03-11 16:42:58.116 W/WindowManager(  646): Screenshot failure taking screenshot for (1200x1920) to layer 21005
03-11 16:42:59.127 W/GAV2    ( 2585): Thread[main,5,main]: dispatch call queued.  Need to call GAServiceManager.getInstance().initialize().
03-11 16:42:59.127 I/ActivityManager(  646): Killing 2138:com.google.android.apps.plus/u0a54 (adj 15): empty #17
03-11 16:42:59.607 W/ActivityManager(  646): Unable to start service Intent { act=com.google.android.gms.analytics.service.START cmp=com.google.android.gms/.analytics.service.AnalyticsService (has extras) } U=0: not found
03-11 16:42:59.617 W/GAV2    ( 2585): Thread[GAThread,5,main]: Service unavailable (code=1), will retry.
03-11 16:42:59.657 I/GAV2    ( 2585): Thread[GAThread,5,main]: No campaign data found.
03-11 16:43:04.622 W/GAV2    ( 2585): Thread[Service Reconnect,5,main]: Service unavailable (code=1), using local store.
03-11 16:43:04.622 W/ActivityManager(  646): Unable to start service Intent { act=com.google.android.gms.analytics.service.START cmp=com.google.android.gms/.analytics.service.AnalyticsService (has extras) } U=0: not found
03-11 16:43:15.313 D/AndroidRuntime( 2674): 
03-11 16:43:15.313 D/AndroidRuntime( 2674): >>>>>> AndroidRuntime START com.android.internal.os.RuntimeInit <<<<<<
03-11 16:43:15.313 D/AndroidRuntime( 2674): CheckJNI is OFF
03-11 16:43:15.313 E/art     ( 2674): Unrecognized option -XX:mainThreadStackSize=24K
03-11 16:43:15.313 W/art     ( 2674): Ignoring unknown -Xgc option: precise
03-11 16:43:15.363 W/art     ( 2674): Failed to find ELF magic in /system/framework/pm.odex: dey
03-11 16:43:15.423 W/art     ( 2674): JNI RegisterNativeMethods: attempt to register 0 native methods for android.content.res.Configuration
03-11 16:43:15.433 D/AndroidRuntime( 2674): Calling main entry com.android.commands.pm.Pm
03-11 16:43:15.443 I/ActivityManager(  646): Force stopping com.android.helloworldlein appid=10123 user=0: clear data
03-11 16:43:15.443 I/ActivityManager(  646): Killing 2620:com.android.helloworldlein/u0a123 (adj 9): stop com.android.helloworldlein
03-11 16:43:15.463 D/keystore(  191): calling clear_uid in state: 3
03-11 16:43:15.463 D/Documents( 2509): Used cached roots for com.android.providers.downloads.documents
03-11 16:43:15.463 D/Documents( 2509): Used cached roots for com.android.externalstorage.documents
03-11 16:43:15.463 D/Documents( 2509): Used cached roots for com.android.providers.media.documents
03-11 16:43:15.463 D/Documents( 2509): Used cached roots for com.google.android.apps.docs.storage
03-11 16:43:15.463 D/Documents( 2509): Update found 7 roots in 12ms
03-11 16:43:15.473 D/PackageBroadcastService( 1056): Received broadcast action=android.intent.action.PACKAGE_DATA_CLEARED and uri=com.android.helloworldlein
03-11 16:43:15.473 I/Icing   ( 1056): doRemovePackageData com.android.helloworldlein
03-11 16:43:15.473 D/AndroidRuntime( 2674): Shutting down VM
03-11 16:43:17.024 D/AndroidRuntime( 2697): 
03-11 16:43:17.024 D/AndroidRuntime( 2697): >>>>>> AndroidRuntime START com.android.internal.os.RuntimeInit <<<<<<
03-11 16:43:17.024 D/AndroidRuntime( 2697): CheckJNI is OFF
03-11 16:43:17.024 E/art     ( 2697): Unrecognized option -XX:mainThreadStackSize=24K
03-11 16:43:17.024 W/art     ( 2697): Ignoring unknown -Xgc option: precise
03-11 16:43:17.074 W/art     ( 2697): Failed to find ELF magic in /system/framework/am.odex: dey
03-11 16:43:17.134 W/art     ( 2697): JNI RegisterNativeMethods: attempt to register 0 native methods for android.content.res.Configuration
03-11 16:43:17.144 D/AndroidRuntime( 2697): Calling main entry com.android.commands.am.Am
03-11 16:43:17.144 I/ActivityManager(  646): START u0 {flg=0x10000000 cmp=com.android.helloworldlein/.SplashActivity} from pid 2697
03-11 16:43:17.455 I/WindowManager(  646): Screenshot max retries 4 of Token{6561bfe0 ActivityRecord{656199e8 u0 com.android.launcher/com.android.launcher2.Launcher t1}} appWin=Window{6557d008 u0 com.android.launcher/com.android.launcher2.Launcher} drawState=4
03-11 16:43:17.455 W/WindowManager(  646): Screenshot failure taking screenshot for (1200x1920) to layer 21005
03-11 16:43:17.485 D/AndroidRuntime( 2697): Shutting down VM
03-11 16:43:17.485 W/art     (  186): Could not get current activity
03-11 16:43:17.495 I/ActivityManager(  646): Start proc com.android.helloworldlein for activity com.android.helloworldlein/.SplashActivity: pid=2717 uid=10123 gids={50123}
03-11 16:43:17.645 I/Adreno-EGL( 2717): <qeglDrvAPI_eglInitialize:320>: EGL 1.4 QUALCOMM Build: I0404c4692afb8623f95c43aeb6d5e13ed4b30ddbDate: 11/06/13
03-11 16:43:17.685 D/OpenGLRenderer( 2717): Enabling debug mode 0
03-11 16:43:17.815 I/ActivityManager(  646): Displayed com.android.helloworldlein/.SplashActivity: +358ms
03-11 16:43:20.508 E/AndroidRuntime( 2717): FATAL EXCEPTION: Thread-271
03-11 16:43:20.508 E/AndroidRuntime( 2717): Process: com.android.helloworldlein, PID: 2717
03-11 16:43:20.508 E/AndroidRuntime( 2717): java.lang.VerifyError: Rejecting class neko.compilation$clear_cache because it failed compile-time verification (declaration of 'neko.compilation$clear_cache' appears in /data/app/com.android.helloworldlein-1.apk)
03-11 16:43:20.508 E/AndroidRuntime( 2717): 	at neko.compilation__init.load(Unknown Source)
03-11 16:43:20.508 E/AndroidRuntime( 2717): 	at neko.compilation__init.<clinit>(Unknown Source)
03-11 16:43:20.508 E/AndroidRuntime( 2717): 	at java.lang.Class.classForName(Native Method)
03-11 16:43:20.508 E/AndroidRuntime( 2717): 	at java.lang.Class.forName(Class.java:305)
03-11 16:43:20.508 E/AndroidRuntime( 2717): 	at clojure.lang.RT.loadClassForName(RT.java:2145)
03-11 16:43:20.508 E/AndroidRuntime( 2717): 	at clojure.lang.RT.load(RT.java:455)
03-11 16:43:20.508 E/AndroidRuntime( 2717): 	at clojure.lang.RT.load(RT.java:436)
03-11 16:43:20.508 E/AndroidRuntime( 2717): 	at clojure.core$load$fn__5018.invoke(core.clj:5529)
03-11 16:43:20.508 E/AndroidRuntime( 2717): 	at clojure.core$load.doInvoke(core.clj:5529)
03-11 16:43:20.508 E/AndroidRuntime( 2717): 	at clojure.lang.RestFn.invoke(RestFn.java:408)
03-11 16:43:20.508 E/AndroidRuntime( 2717): 	at clojure.core$load_one.invoke(core.clj:5336)
03-11 16:43:20.508 E/AndroidRuntime( 2717): 	at clojure.core$load_lib$fn__4967.invoke(core.clj:5374)
03-11 16:43:20.508 E/AndroidRuntime( 2717): 	at clojure.core$load_lib.doInvoke(core.clj:5374)
03-11 16:43:20.508 E/AndroidRuntime( 2717): 	at clojure.lang.RestFn.applyTo(RestFn.java:142)
03-11 16:43:20.508 E/AndroidRuntime( 2717): 	at clojure.core$apply.invoke(core.clj:619)
03-11 16:43:20.508 E/AndroidRuntime( 2717): 	at clojure.core$load_libs.doInvoke(core.clj:5417)
03-11 16:43:20.508 E/AndroidRuntime( 2717): 	at clojure.lang.RestFn.applyTo(RestFn.java:137)
03-11 16:43:20.508 E/AndroidRuntime( 2717): 	at clojure.core$apply.invoke(core.clj:619)
03-11 16:43:20.508 E/AndroidRuntime( 2717): 	at clojure.core$require.doInvoke(core.clj:5434)
03-11 16:43:20.508 E/AndroidRuntime( 2717): 	at clojure.lang.RestFn.invoke(RestFn.java:408)
03-11 16:43:20.508 E/AndroidRuntime( 2717): 	at neko.init$loading__4910__auto__.invoke(init.clj:12)
03-11 16:43:20.508 E/AndroidRuntime( 2717): 	at neko.init__init.load(Unknown Source)
03-11 16:43:20.508 E/AndroidRuntime( 2717): 	at neko.init__init.<clinit>(Unknown Source)
03-11 16:43:20.508 E/AndroidRuntime( 2717): 	at java.lang.Class.classForName(Native Method)
03-11 16:43:20.508 E/AndroidRuntime( 2717): 	at java.lang.Class.forName(Class.java:305)
03-11 16:43:20.508 E/AndroidRuntime( 2717): 	at clojure.lang.RT.loadClassForName(RT.java:2145)
03-11 16:43:20.508 E/AndroidRuntime( 2717): 	at clojure.lang.RT.load(RT.java:455)
03-11 16:43:20.508 E/AndroidRuntime( 2717): 	at clojure.lang.RT.load(RT.java:436)
03-11 16:43:20.508 E/AndroidRuntime( 2717): 	at clojure.core$load$fn__5018.invoke(core.clj:5529)
03-11 16:43:20.508 E/AndroidRuntime( 2717): 	at clojure.core$load.doInvoke(core.clj:5529)
03-11 16:43:20.508 E/AndroidRuntime( 2717): 	at clojure.lang.RestFn.invoke(RestFn.java:408)
03-11 16:43:20.508 E/AndroidRuntime( 2717): 	at clojure.core$load_one.invoke(core.clj:5336)
03-11 16:43:20.508 E/AndroidRuntime( 2717): 	at clojure.core$load_lib$fn__4967.invoke(core.clj:5374)
03-11 16:43:20.508 E/AndroidRuntime( 2717): 	at clojure.core$load_lib.doInvoke(core.clj:5374)
03-11 16:43:20.508 E/AndroidRuntime( 2717): 	at clojure.lang.RestFn.applyTo(RestFn.java:142)
03-11 16:43:20.508 E/AndroidRuntime( 2717): 	at clojure.core$apply.invoke(core.clj:619)
03-11 16:43:20.508 E/AndroidRuntime( 2717): 	at clojure.core$load_libs.doInvoke(core.clj:5413)
03-11 16:43:20.508 E/AndroidRuntime( 2717): 	at clojure.lang.RestFn.applyTo(RestFn.java:137)
03-11 16:43:20.508 E/AndroidRuntime( 2717): 	at clojure.core$apply.invoke(core.clj:619)
03-11 16:43:20.508 E/AndroidRuntime( 2717): 	at clojure.core$require.doInvoke(core.clj:5434)
03-11 16:43:20.508 E/AndroidRuntime( 2717): 	at clojure.lang.RestFn.invoke(RestFn.java:408)
03-11 16:43:20.508 E/AndroidRuntime( 2717): 	at clojure.lang.Var.invoke(Var.java:415)
03-11 16:43:20.508 E/AndroidRuntime( 2717): 	at com.android.helloworldlein.SplashActivity$1.run(SplashActivity.java:59)
03-11 16:43:20.508 E/AndroidRuntime( 2717): 	at java.lang.Thread.run(Thread.java:811)
03-11 16:43:20.508 W/ActivityManager(  646):   Force finishing activity com.android.helloworldlein/.SplashActivity
03-11 16:43:20.808 I/WindowManager(  646): Screenshot max retries 4 of Token{65808c68 ActivityRecord{65808b08 u0 com.android.helloworldlein/.SplashActivity t4 f}} appWin=Window{6582dc68 u0 com.android.helloworldlein/com.android.helloworldlein.SplashActivity} drawState=4
03-11 16:43:20.808 W/WindowManager(  646): Screenshot failure taking screenshot for (1200x1920) to layer 21005
03-11 16:43:38.035 D/AndroidRuntime( 2750): 
03-11 16:43:38.035 D/AndroidRuntime( 2750): >>>>>> AndroidRuntime START com.android.internal.os.RuntimeInit <<<<<<
03-11 16:43:38.035 D/AndroidRuntime( 2750): CheckJNI is OFF
03-11 16:43:38.035 E/art     ( 2750): Unrecognized option -XX:mainThreadStackSize=24K
03-11 16:43:38.035 W/art     ( 2750): Ignoring unknown -Xgc option: precise
03-11 16:43:38.075 W/art     ( 2750): Failed to find ELF magic in /system/framework/pm.odex: dey
03-11 16:43:38.145 W/art     ( 2750): JNI RegisterNativeMethods: attempt to register 0 native methods for android.content.res.Configuration
03-11 16:43:38.155 D/AndroidRuntime( 2750): Calling main entry com.android.commands.pm.Pm
03-11 16:43:38.155 I/ActivityManager(  646): Force stopping com.android.helloworldlein appid=10123 user=0: clear data
03-11 16:43:38.155 I/ActivityManager(  646): Killing 2717:com.android.helloworldlein/u0a123 (adj 9): stop com.android.helloworldlein
03-11 16:43:38.165 D/keystore(  191): calling clear_uid in state: 3
03-11 16:43:38.175 D/PackageBroadcastService( 1056): Received broadcast action=android.intent.action.PACKAGE_DATA_CLEARED and uri=com.android.helloworldlein
03-11 16:43:38.185 I/Icing   ( 1056): doRemovePackageData com.android.helloworldlein
03-11 16:43:38.185 D/Documents( 2509): Used cached roots for com.android.providers.downloads.documents
03-11 16:43:38.185 D/Documents( 2509): Used cached roots for com.android.externalstorage.documents
03-11 16:43:38.195 D/Documents( 2509): Used cached roots for com.android.providers.media.documents
03-11 16:43:38.195 D/Documents( 2509): Used cached roots for com.google.android.apps.docs.storage
03-11 16:43:38.195 D/Documents( 2509): Update found 7 roots in 3ms
03-11 16:43:38.195 D/AndroidRuntime( 2750): Shutting down VM
03-11 16:43:39.737 D/AndroidRuntime( 2773): 
03-11 16:43:39.737 D/AndroidRuntime( 2773): >>>>>> AndroidRuntime START com.android.internal.os.RuntimeInit <<<<<<
03-11 16:43:39.737 D/AndroidRuntime( 2773): CheckJNI is OFF
03-11 16:43:39.737 E/art     ( 2773): Unrecognized option -XX:mainThreadStackSize=24K
03-11 16:43:39.737 W/art     ( 2773): Ignoring unknown -Xgc option: precise
03-11 16:43:39.787 W/art     ( 2773): Failed to find ELF magic in /system/framework/am.odex: dey
03-11 16:43:39.847 W/art     ( 2773): JNI RegisterNativeMethods: attempt to register 0 native methods for android.content.res.Configuration
03-11 16:43:39.857 D/AndroidRuntime( 2773): Calling main entry com.android.commands.am.Am
03-11 16:43:39.857 I/ActivityManager(  646): START u0 {flg=0x10000000 cmp=com.android.helloworldlein/.SplashActivity} from pid 2773
03-11 16:43:40.167 I/WindowManager(  646): Screenshot max retries 4 of Token{6561bfe0 ActivityRecord{656199e8 u0 com.android.launcher/com.android.launcher2.Launcher t1}} appWin=Window{6557d008 u0 com.android.launcher/com.android.launcher2.Launcher} drawState=4
03-11 16:43:40.167 W/WindowManager(  646): Screenshot failure taking screenshot for (1200x1920) to layer 21005
03-11 16:43:40.197 D/AndroidRuntime( 2773): Shutting down VM
03-11 16:43:40.197 W/art     (  186): Could not get current activity
03-11 16:43:40.197 I/art     (  186): GcCauseExplicit concurrent mark sweep GC freed 584(24KB) AllocSpace objects, 0(0B) LOS objects, 0% free, 7MB/7MB, paused 5.981ms total 21.209ms
03-11 16:43:40.207 I/ActivityManager(  646): Start proc com.android.helloworldlein for activity com.android.helloworldlein/.SplashActivity: pid=2793 uid=10123 gids={50123}
03-11 16:43:40.347 I/Adreno-EGL( 2793): <qeglDrvAPI_eglInitialize:320>: EGL 1.4 QUALCOMM Build: I0404c4692afb8623f95c43aeb6d5e13ed4b30ddbDate: 11/06/13
03-11 16:43:40.377 D/OpenGLRenderer( 2793): Enabling debug mode 0
03-11 16:43:40.477 I/ActivityManager(  646): Displayed com.android.helloworldlein/.SplashActivity: +304ms
03-11 16:43:43.220 I/art     ( 2793): GcCauseBackground sticky partial concurrent mark sweep GC freed 83248(3MB) AllocSpace objects, 2(32KB) LOS objects, 20% free, 13MB/16MB, paused 6.134ms total 58.868ms
03-11 16:43:43.260 E/AndroidRuntime( 2793): FATAL EXCEPTION: Thread-276
03-11 16:43:43.260 E/AndroidRuntime( 2793): Process: com.android.helloworldlein, PID: 2793
03-11 16:43:43.260 E/AndroidRuntime( 2793): java.lang.VerifyError: Rejecting class neko.compilation$clear_cache because it failed compile-time verification (declaration of 'neko.compilation$clear_cache' appears in /data/app/com.android.helloworldlein-1.apk)
03-11 16:43:43.260 E/AndroidRuntime( 2793): 	at neko.compilation__init.load(Unknown Source)
03-11 16:43:43.260 E/AndroidRuntime( 2793): 	at neko.compilation__init.<clinit>(Unknown Source)
03-11 16:43:43.260 E/AndroidRuntime( 2793): 	at java.lang.Class.classForName(Native Method)
03-11 16:43:43.260 E/AndroidRuntime( 2793): 	at java.lang.Class.forName(Class.java:305)
03-11 16:43:43.260 E/AndroidRuntime( 2793): 	at clojure.lang.RT.loadClassForName(RT.java:2145)
03-11 16:43:43.260 E/AndroidRuntime( 2793): 	at clojure.lang.RT.load(RT.java:455)
03-11 16:43:43.260 E/AndroidRuntime( 2793): 	at clojure.lang.RT.load(RT.java:436)
03-11 16:43:43.260 E/AndroidRuntime( 2793): 	at clojure.core$load$fn__5018.invoke(core.clj:5529)
03-11 16:43:43.260 E/AndroidRuntime( 2793): 	at clojure.core$load.doInvoke(core.clj:5529)
03-11 16:43:43.260 E/AndroidRuntime( 2793): 	at clojure.lang.RestFn.invoke(RestFn.java:408)
03-11 16:43:43.260 E/AndroidRuntime( 2793): 	at clojure.core$load_one.invoke(core.clj:5336)
03-11 16:43:43.260 E/AndroidRuntime( 2793): 	at clojure.core$load_lib$fn__4967.invoke(core.clj:5374)
03-11 16:43:43.260 E/AndroidRuntime( 2793): 	at clojure.core$load_lib.doInvoke(core.clj:5374)
03-11 16:43:43.260 E/AndroidRuntime( 2793): 	at clojure.lang.RestFn.applyTo(RestFn.java:142)
03-11 16:43:43.260 E/AndroidRuntime( 2793): 	at clojure.core$apply.invoke(core.clj:619)
03-11 16:43:43.260 E/AndroidRuntime( 2793): 	at clojure.core$load_libs.doInvoke(core.clj:5417)
03-11 16:43:43.260 E/AndroidRuntime( 2793): 	at clojure.lang.RestFn.applyTo(RestFn.java:137)
03-11 16:43:43.260 E/AndroidRuntime( 2793): 	at clojure.core$apply.invoke(core.clj:619)
03-11 16:43:43.260 E/AndroidRuntime( 2793): 	at clojure.core$require.doInvoke(core.clj:5434)
03-11 16:43:43.260 E/AndroidRuntime( 2793): 	at clojure.lang.RestFn.invoke(RestFn.java:408)
03-11 16:43:43.260 E/AndroidRuntime( 2793): 	at neko.init$loading__4910__auto__.invoke(init.clj:12)
03-11 16:43:43.260 E/AndroidRuntime( 2793): 	at neko.init__init.load(Unknown Source)
03-11 16:43:43.260 E/AndroidRuntime( 2793): 	at neko.init__init.<clinit>(Unknown Source)
03-11 16:43:43.260 E/AndroidRuntime( 2793): 	at java.lang.Class.classForName(Native Method)
03-11 16:43:43.260 E/AndroidRuntime( 2793): 	at java.lang.Class.forName(Class.java:305)
03-11 16:43:43.260 E/AndroidRuntime( 2793): 	at clojure.lang.RT.loadClassForName(RT.java:2145)
03-11 16:43:43.260 E/AndroidRuntime( 2793): 	at clojure.lang.RT.load(RT.java:455)
03-11 16:43:43.260 E/AndroidRuntime( 2793): 	at clojure.lang.RT.load(RT.java:436)
03-11 16:43:43.260 E/AndroidRuntime( 2793): 	at clojure.core$load$fn__5018.invoke(core.clj:5529)
03-11 16:43:43.260 E/AndroidRuntime( 2793): 	at clojure.core$load.doInvoke(core.clj:5529)
03-11 16:43:43.260 E/AndroidRuntime( 2793): 	at clojure.lang.RestFn.invoke(RestFn.java:408)
03-11 16:43:43.260 E/AndroidRuntime( 2793): 	at clojure.core$load_one.invoke(core.clj:5336)
03-11 16:43:43.260 E/AndroidRuntime( 2793): 	at clojure.core$load_lib$fn__4967.invoke(core.clj:5374)
03-11 16:43:43.260 E/AndroidRuntime( 2793): 	at clojure.core$load_lib.doInvoke(core.clj:5374)
03-11 16:43:43.260 E/AndroidRuntime( 2793): 	at clojure.lang.RestFn.applyTo(RestFn.java:142)
03-11 16:43:43.260 E/AndroidRuntime( 2793): 	at clojure.core$apply.invoke(core.clj:619)
03-11 16:43:43.260 E/AndroidRuntime( 2793): 	at clojure.core$load_libs.doInvoke(core.clj:5413)
03-11 16:43:43.260 E/AndroidRuntime( 2793): 	at clojure.lang.RestFn.applyTo(RestFn.java:137)
03-11 16:43:43.260 E/AndroidRuntime( 2793): 	at clojure.core$apply.invoke(core.clj:619)
03-11 16:43:43.260 E/AndroidRuntime( 2793): 	at clojure.core$require.doInvoke(core.clj:5434)
03-11 16:43:43.260 E/AndroidRuntime( 2793): 	at clojure.lang.RestFn.invoke(RestFn.java:408)
03-11 16:43:43.260 E/AndroidRuntime( 2793): 	at clojure.lang.Var.invoke(Var.java:415)
03-11 16:43:43.260 E/AndroidRuntime( 2793): 	at com.android.helloworldlein.SplashActivity$1.run(SplashActivity.java:59)
03-11 16:43:43.260 E/AndroidRuntime( 2793): 	at java.lang.Thread.run(Thread.java:811)
03-11 16:43:43.260 W/ActivityManager(  646):   Force finishing activity com.android.helloworldlein/.SplashActivity
03-11 16:43:43.570 I/WindowManager(  646): Screenshot max retries 4 of Token{658167d0 ActivityRecord{65816670 u0 com.android.helloworldlein/.SplashActivity t5 f}} appWin=Window{657f3808 u0 com.android.helloworldlein/com.android.helloworldlein.SplashActivity} drawState=4
03-11 16:43:43.570 W/WindowManager(  646): Screenshot failure taking screenshot for (1200x1920) to layer 21005
03-11 16:44:00.757 D/AndroidRuntime( 2832): 
03-11 16:44:00.757 D/AndroidRuntime( 2832): >>>>>> AndroidRuntime START com.android.internal.os.RuntimeInit <<<<<<
03-11 16:44:00.767 D/AndroidRuntime( 2832): CheckJNI is OFF
03-11 16:44:00.767 E/art     ( 2832): Unrecognized option -XX:mainThreadStackSize=24K
03-11 16:44:00.767 W/art     ( 2832): Ignoring unknown -Xgc option: precise
03-11 16:44:00.807 W/art     ( 2832): Failed to find ELF magic in /system/framework/pm.odex: dey
03-11 16:44:00.877 W/art     ( 2832): JNI RegisterNativeMethods: attempt to register 0 native methods for android.content.res.Configuration
03-11 16:44:00.897 D/AndroidRuntime( 2832): Calling main entry com.android.commands.pm.Pm
03-11 16:44:00.897 I/ActivityManager(  646): Force stopping com.android.helloworldlein appid=10123 user=0: clear data
03-11 16:44:00.897 I/ActivityManager(  646): Killing 2793:com.android.helloworldlein/u0a123 (adj 9): stop com.android.helloworldlein
03-11 16:44:00.907 D/keystore(  191): calling clear_uid in state: 3
03-11 16:44:00.917 D/PackageBroadcastService( 1056): Received broadcast action=android.intent.action.PACKAGE_DATA_CLEARED and uri=com.android.helloworldlein
03-11 16:44:00.917 D/Documents( 2509): Used cached roots for com.android.providers.downloads.documents
03-11 16:44:00.917 D/Documents( 2509): Used cached roots for com.android.externalstorage.documents
03-11 16:44:00.917 D/Documents( 2509): Used cached roots for com.android.providers.media.documents
03-11 16:44:00.917 D/Documents( 2509): Used cached roots for com.google.android.apps.docs.storage
03-11 16:44:00.917 D/Documents( 2509): Update found 7 roots in 3ms
03-11 16:44:00.927 D/AndroidRuntime( 2832): Shutting down VM
03-11 16:44:00.927 I/Icing   ( 1056): doRemovePackageData com.android.helloworldlein
03-11 16:44:02.469 D/AndroidRuntime( 2855): 
03-11 16:44:02.469 D/AndroidRuntime( 2855): >>>>>> AndroidRuntime START com.android.internal.os.RuntimeInit <<<<<<
03-11 16:44:02.469 D/AndroidRuntime( 2855): CheckJNI is OFF
03-11 16:44:02.469 E/art     ( 2855): Unrecognized option -XX:mainThreadStackSize=24K
03-11 16:44:02.469 W/art     ( 2855): Ignoring unknown -Xgc option: precise
03-11 16:44:02.519 W/art     ( 2855): Failed to find ELF magic in /system/framework/am.odex: dey
03-11 16:44:02.579 W/art     ( 2855): JNI RegisterNativeMethods: attempt to register 0 native methods for android.content.res.Configuration
03-11 16:44:02.589 D/AndroidRuntime( 2855): Calling main entry com.android.commands.am.Am
03-11 16:44:02.599 I/ActivityManager(  646): START u0 {flg=0x10000000 cmp=com.android.helloworldlein/.SplashActivity} from pid 2855
03-11 16:44:02.899 I/WindowManager(  646): Screenshot max retries 4 of Token{6561bfe0 ActivityRecord{656199e8 u0 com.android.launcher/com.android.launcher2.Launcher t1}} appWin=Window{6557d008 u0 com.android.launcher/com.android.launcher2.Launcher} drawState=4
03-11 16:44:02.899 W/WindowManager(  646): Screenshot failure taking screenshot for (1200x1920) to layer 21005
03-11 16:44:02.929 D/AndroidRuntime( 2855): Shutting down VM
03-11 16:44:02.929 W/art     (  186): Could not get current activity
03-11 16:44:02.939 I/ActivityManager(  646): Start proc com.android.helloworldlein for activity com.android.helloworldlein/.SplashActivity: pid=2875 uid=10123 gids={50123}
03-11 16:44:03.109 I/Adreno-EGL( 2875): <qeglDrvAPI_eglInitialize:320>: EGL 1.4 QUALCOMM Build: I0404c4692afb8623f95c43aeb6d5e13ed4b30ddbDate: 11/06/13
03-11 16:44:03.139 D/OpenGLRenderer( 2875): Enabling debug mode 0
03-11 16:44:03.239 I/ActivityManager(  646): Displayed com.android.helloworldlein/.SplashActivity: +335ms
03-11 16:44:06.012 E/AndroidRuntime( 2875): FATAL EXCEPTION: Thread-281
03-11 16:44:06.012 E/AndroidRuntime( 2875): Process: com.android.helloworldlein, PID: 2875
03-11 16:44:06.012 E/AndroidRuntime( 2875): java.lang.VerifyError: Rejecting class neko.compilation$clear_cache because it failed compile-time verification (declaration of 'neko.compilation$clear_cache' appears in /data/app/com.android.helloworldlein-1.apk)
03-11 16:44:06.012 E/AndroidRuntime( 2875): 	at neko.compilation__init.load(Unknown Source)
03-11 16:44:06.012 E/AndroidRuntime( 2875): 	at neko.compilation__init.<clinit>(Unknown Source)
03-11 16:44:06.012 E/AndroidRuntime( 2875): 	at java.lang.Class.classForName(Native Method)
03-11 16:44:06.012 E/AndroidRuntime( 2875): 	at java.lang.Class.forName(Class.java:305)
03-11 16:44:06.012 E/AndroidRuntime( 2875): 	at clojure.lang.RT.loadClassForName(RT.java:2145)
03-11 16:44:06.012 E/AndroidRuntime( 2875): 	at clojure.lang.RT.load(RT.java:455)
03-11 16:44:06.012 E/AndroidRuntime( 2875): 	at clojure.lang.RT.load(RT.java:436)
03-11 16:44:06.012 E/AndroidRuntime( 2875): 	at clojure.core$load$fn__5018.invoke(core.clj:5529)
03-11 16:44:06.012 E/AndroidRuntime( 2875): 	at clojure.core$load.doInvoke(core.clj:5529)
03-11 16:44:06.012 E/AndroidRuntime( 2875): 	at clojure.lang.RestFn.invoke(RestFn.java:408)
03-11 16:44:06.012 E/AndroidRuntime( 2875): 	at clojure.core$load_one.invoke(core.clj:5336)
03-11 16:44:06.012 E/AndroidRuntime( 2875): 	at clojure.core$load_lib$fn__4967.invoke(core.clj:5374)
03-11 16:44:06.012 E/AndroidRuntime( 2875): 	at clojure.core$load_lib.doInvoke(core.clj:5374)
03-11 16:44:06.012 E/AndroidRuntime( 2875): 	at clojure.lang.RestFn.applyTo(RestFn.java:142)
03-11 16:44:06.012 E/AndroidRuntime( 2875): 	at clojure.core$apply.invoke(core.clj:619)
03-11 16:44:06.012 E/AndroidRuntime( 2875): 	at clojure.core$load_libs.doInvoke(core.clj:5417)
03-11 16:44:06.012 E/AndroidRuntime( 2875): 	at clojure.lang.RestFn.applyTo(RestFn.java:137)
03-11 16:44:06.012 E/AndroidRuntime( 2875): 	at clojure.core$apply.invoke(core.clj:619)
03-11 16:44:06.012 E/AndroidRuntime( 2875): 	at clojure.core$require.doInvoke(core.clj:5434)
03-11 16:44:06.012 E/AndroidRuntime( 2875): 	at clojure.lang.RestFn.invoke(RestFn.java:408)
03-11 16:44:06.012 E/AndroidRuntime( 2875): 	at neko.init$loading__4910__auto__.invoke(init.clj:12)
03-11 16:44:06.012 E/AndroidRuntime( 2875): 	at neko.init__init.load(Unknown Source)
03-11 16:44:06.012 E/AndroidRuntime( 2875): 	at neko.init__init.<clinit>(Unknown Source)
03-11 16:44:06.012 E/AndroidRuntime( 2875): 	at java.lang.Class.classForName(Native Method)
03-11 16:44:06.012 E/AndroidRuntime( 2875): 	at java.lang.Class.forName(Class.java:305)
03-11 16:44:06.012 E/AndroidRuntime( 2875): 	at clojure.lang.RT.loadClassForName(RT.java:2145)
03-11 16:44:06.012 E/AndroidRuntime( 2875): 	at clojure.lang.RT.load(RT.java:455)
03-11 16:44:06.012 E/AndroidRuntime( 2875): 	at clojure.lang.RT.load(RT.java:436)
03-11 16:44:06.012 E/AndroidRuntime( 2875): 	at clojure.core$load$fn__5018.invoke(core.clj:5529)
03-11 16:44:06.012 E/AndroidRuntime( 2875): 	at clojure.core$load.doInvoke(core.clj:5529)
03-11 16:44:06.012 E/AndroidRuntime( 2875): 	at clojure.lang.RestFn.invoke(RestFn.java:408)
03-11 16:44:06.012 E/AndroidRuntime( 2875): 	at clojure.core$load_one.invoke(core.clj:5336)
03-11 16:44:06.012 E/AndroidRuntime( 2875): 	at clojure.core$load_lib$fn__4967.invoke(core.clj:5374)
03-11 16:44:06.012 E/AndroidRuntime( 2875): 	at clojure.core$load_lib.doInvoke(core.clj:5374)
03-11 16:44:06.012 E/AndroidRuntime( 2875): 	at clojure.lang.RestFn.applyTo(RestFn.java:142)
03-11 16:44:06.012 E/AndroidRuntime( 2875): 	at clojure.core$apply.invoke(core.clj:619)
03-11 16:44:06.012 E/AndroidRuntime( 2875): 	at clojure.core$load_libs.doInvoke(core.clj:5413)
03-11 16:44:06.012 E/AndroidRuntime( 2875): 	at clojure.lang.RestFn.applyTo(RestFn.java:137)
03-11 16:44:06.012 E/AndroidRuntime( 2875): 	at clojure.core$apply.invoke(core.clj:619)
03-11 16:44:06.012 E/AndroidRuntime( 2875): 	at clojure.core$require.doInvoke(core.clj:5434)
03-11 16:44:06.012 E/AndroidRuntime( 2875): 	at clojure.lang.RestFn.invoke(RestFn.java:408)
03-11 16:44:06.012 E/AndroidRuntime( 2875): 	at clojure.lang.Var.invoke(Var.java:415)
03-11 16:44:06.012 E/AndroidRuntime( 2875): 	at com.android.helloworldlein.SplashActivity$1.run(SplashActivity.java:59)
03-11 16:44:06.012 E/AndroidRuntime( 2875): 	at java.lang.Thread.run(Thread.java:811)
03-11 16:44:06.012 W/ActivityManager(  646):   Force finishing activity com.android.helloworldlein/.SplashActivity
03-11 16:44:06.312 I/WindowManager(  646): Screenshot max retries 4 of Token{657adde0 ActivityRecord{657adc80 u0 com.android.helloworldlein/.SplashActivity t6 f}} appWin=Window{65747640 u0 com.android.helloworldlein/com.android.helloworldlein.SplashActivity} drawState=4
03-11 16:44:06.322 W/WindowManager(  646): Screenshot failure taking screenshot for (1200x1920) to layer 21005
03-11 16:44:23.469 D/AndroidRuntime( 2914): 
03-11 16:44:23.469 D/AndroidRuntime( 2914): >>>>>> AndroidRuntime START com.android.internal.os.RuntimeInit <<<<<<
03-11 16:44:23.479 D/AndroidRuntime( 2914): CheckJNI is OFF
03-11 16:44:23.479 E/art     ( 2914): Unrecognized option -XX:mainThreadStackSize=24K
03-11 16:44:23.479 W/art     ( 2914): Ignoring unknown -Xgc option: precise
03-11 16:44:23.519 W/art     ( 2914): Failed to find ELF magic in /system/framework/pm.odex: dey
03-11 16:44:23.579 W/art     ( 2914): JNI RegisterNativeMethods: attempt to register 0 native methods for android.content.res.Configuration
03-11 16:44:23.589 D/AndroidRuntime( 2914): Calling main entry com.android.commands.pm.Pm
03-11 16:44:23.599 D/keystore(  191): calling clear_uid in state: 3
03-11 16:44:23.599 I/ActivityManager(  646): Force stopping com.android.helloworldlein appid=10123 user=0: clear data
03-11 16:44:23.599 I/ActivityManager(  646): Killing 2875:com.android.helloworldlein/u0a123 (adj 9): stop com.android.helloworldlein
03-11 16:44:23.619 D/Documents( 2509): Used cached roots for com.android.providers.downloads.documents
03-11 16:44:23.619 D/Documents( 2509): Used cached roots for com.android.externalstorage.documents
03-11 16:44:23.619 D/Documents( 2509): Used cached roots for com.android.providers.media.documents
03-11 16:44:23.619 D/Documents( 2509): Used cached roots for com.google.android.apps.docs.storage
03-11 16:44:23.619 D/Documents( 2509): Update found 7 roots in 4ms
03-11 16:44:23.619 D/PackageBroadcastService( 1056): Received broadcast action=android.intent.action.PACKAGE_DATA_CLEARED and uri=com.android.helloworldlein
03-11 16:44:23.629 D/AndroidRuntime( 2914): Shutting down VM
03-11 16:44:23.629 I/Icing   ( 1056): doRemovePackageData com.android.helloworldlein
03-11 16:44:25.171 D/AndroidRuntime( 2936): 
03-11 16:44:25.171 D/AndroidRuntime( 2936): >>>>>> AndroidRuntime START com.android.internal.os.RuntimeInit <<<<<<
03-11 16:44:25.171 D/AndroidRuntime( 2936): CheckJNI is OFF
03-11 16:44:25.171 E/art     ( 2936): Unrecognized option -XX:mainThreadStackSize=24K
03-11 16:44:25.171 W/art     ( 2936): Ignoring unknown -Xgc option: precise
03-11 16:44:25.221 W/art     ( 2936): Failed to find ELF magic in /system/framework/am.odex: dey
03-11 16:44:25.281 W/art     ( 2936): JNI RegisterNativeMethods: attempt to register 0 native methods for android.content.res.Configuration
03-11 16:44:25.291 D/AndroidRuntime( 2936): Calling main entry com.android.commands.am.Am
03-11 16:44:25.291 I/ActivityManager(  646): START u0 {flg=0x10000000 cmp=com.android.helloworldlein/.SplashActivity} from pid 2936
03-11 16:44:25.601 I/WindowManager(  646): Screenshot max retries 4 of Token{6561bfe0 ActivityRecord{656199e8 u0 com.android.launcher/com.android.launcher2.Launcher t1}} appWin=Window{6557d008 u0 com.android.launcher/com.android.launcher2.Launcher} drawState=4
03-11 16:44:25.601 W/WindowManager(  646): Screenshot failure taking screenshot for (1200x1920) to layer 21005
03-11 16:44:25.621 D/AndroidRuntime( 2936): Shutting down VM
03-11 16:44:25.621 W/art     (  186): Could not get current activity
03-11 16:44:25.641 I/ActivityManager(  646): Start proc com.android.helloworldlein for activity com.android.helloworldlein/.SplashActivity: pid=2956 uid=10123 gids={50123}
03-11 16:44:25.791 I/Adreno-EGL( 2956): <qeglDrvAPI_eglInitialize:320>: EGL 1.4 QUALCOMM Build: I0404c4692afb8623f95c43aeb6d5e13ed4b30ddbDate: 11/06/13
03-11 16:44:25.821 D/OpenGLRenderer( 2956): Enabling debug mode 0
