03-11 16:41:02.553 I/ActivityManager(  646): Start proc com.google.android.email for broadcast com.google.android.email/com.android.email.service.EmailBroadcastReceiver: pid=1652 uid=10018 gids={50018, 3003, 1028, 1015}
03-11 16:41:02.593 W/art     ( 1652): Failed to find ELF magic in /system/app/EmailGoogle.odex: dey
03-11 16:41:02.753 D/ActivityThread( 1652): Loading provider com.google.android.email.provider;com.google.android.email.notifier: com.android.email.provider.EmailProvider
03-11 16:41:02.874 I/ActivityManager(  646): Delay finish: com.google.android.email/com.android.email.service.EmailBroadcastReceiver
03-11 16:41:02.974 I/Email   ( 1652): Observing account changes for notifications
03-11 16:41:02.974 W/ActivityManager(  646): Unable to start service Intent { cmp=com.google.android.email/com.android.email.service.AttachmentDownloadService } U=0: not found
03-11 16:41:03.004 W/ActivityManager(  646): Unable to start service Intent { cmp=com.google.android.email/com.android.email.service.AttachmentDownloadService } U=0: not found
03-11 16:41:03.044 I/ActivityManager(  646): Delaying start of: ServiceRecord{656b3408 u0 com.google.android.exchange/com.android.exchange.service.EmailSyncAdapterService}
03-11 16:41:03.064 I/ActivityManager(  646): Start proc com.google.android.exchange for service com.google.android.exchange/com.android.exchange.service.EmailSyncAdapterService: pid=1677 uid=10019 gids={50019, 3003, 1028, 1015}
03-11 16:41:03.114 W/art     ( 1677): Failed to find ELF magic in /system/app/Exchange2Google.odex: dey
03-11 16:41:03.234 I/ActivityManager(  646): Resuming delayed broadcast
03-11 16:41:03.234 I/ActivityManager(  646): Delay finish: com.google.android.syncadapters.contacts/.ContactsSyncAdapterBroadcastReceiver
03-11 16:41:03.264 I/LauncherIconVisibilityManager(  882): Boot has been completed
03-11 16:41:03.264 I/LauncherIconVisibilityManager(  882): Activity has already been disabled: ComponentInfo{com.google.android.inputmethod.latin/com.android.inputmethod.latin.setup.SetupActivity}
03-11 16:41:03.264 I/ActivityManager(  646): Resuming delayed broadcast
03-11 16:41:03.294 I/ActivityManager(  646): Start proc com.android.vending for broadcast com.android.vending/com.google.android.finsky.receivers.BootCompletedReceiver: pid=1697 uid=10052 gids={50052, 3003, 1028, 1015}
03-11 16:41:03.334 I/art     ( 1486): GcCauseBackground sticky partial concurrent mark sweep GC freed 26359(1952KB) AllocSpace objects, 0(0B) LOS objects, 11% free, 14MB/16MB, paused 6.438ms total 102.776ms
03-11 16:41:03.554 D/Finsky  ( 1697): [1] FinskyApp.onCreate: Initializing network with DFE https://android.clients.google.com/fdfe/
03-11 16:41:03.654 D/Finsky  ( 1697): [1] DailyHygiene.goMakeHygieneIfDirty: No need to run daily hygiene.
03-11 16:41:03.694 W/Settings( 1697): Setting download_manager_max_bytes_over_mobile has moved from android.provider.Settings.Secure to android.provider.Settings.Global.
03-11 16:41:03.704 W/Settings( 1697): Setting download_manager_recommended_max_bytes_over_mobile has moved from android.provider.Settings.Secure to android.provider.Settings.Global.
03-11 16:41:03.814 D/Volley  ( 1697): [156] DiskBasedCache.clear: Cache cleared.
03-11 16:41:03.824 I/ActivityManager(  646): Delay finish: com.google.android.keep/.notification.AlertReceiver
03-11 16:41:03.834 D/Volley  ( 1697): [160] DiskBasedCache.clear: Cache cleared.
03-11 16:41:03.834 I/ActivityManager(  646): Delaying start of: ServiceRecord{6563d660 u0 com.android.vending/com.google.android.finsky.billing.iab.PendingNotificationsService}
03-11 16:41:03.844 D/Finsky  ( 1697): [1] GmsCoreHelper.cleanupNlp: result=false type=4
03-11 16:41:03.844 V/KeepAlert( 1081): Action android.intent.action.BOOT_COMPLETED
03-11 16:41:03.844 I/ActivityManager(  646): Delaying start of: ServiceRecord{65611f18 u0 com.android.vending/com.google.android.finsky.services.RestoreService}
03-11 16:41:03.854 W/art     ( 1486): Before Android 4.1, method void com.facebook.reflex.view.FrameLayoutAutoReflex.invalidate(boolean) would have incorrectly overridden the package-private method in android.view.View
03-11 16:41:03.864 D/GCM     ( 1056): COMPAT: Multi user ser=0 current=0
03-11 16:41:03.864 W/art     ( 1486): Before Android 4.1, method void com.facebook.reflex.view.FrameLayout.invalidate(boolean) would have incorrectly overridden the package-private method in android.view.View
03-11 16:41:03.874 D/GCM     ( 1124): GcmService start Intent { act=android.intent.action.BOOT_COMPLETED flg=0x8000010 cmp=com.google.android.gms/.gcm.GcmService (has extras) } android.intent.action.BOOT_COMPLETED
03-11 16:41:03.894 I/ActivityManager(  646): Start proc com.google.android.gms.ui for service com.google.android.gms/.auth.authzen.GcmReceiverService: pid=1755 uid=10023 gids={50023, 3003, 1007, 3002, 3001, 1028, 1015, 3007, 2001, 3006}
03-11 16:41:03.925 I/art     ( 1056): Heap trim of managed (duration=1.281710ms, advised=360KB) and native (duration=1.312226ms, advised=24KB) heaps. Managed heap utilization of 60%.
03-11 16:41:03.935 W/art     ( 1755): Failed to find ELF magic in /system/framework/com.android.location.provider.odex: dey
03-11 16:41:03.935 W/art     ( 1755): Failed to find ELF magic in /system/framework/com.android.media.remotedisplay.odex: dey
03-11 16:41:03.945 I/GCoreUlr( 1056): Starting service, intent=Intent { cmp=com.google.android.gms/com.google.android.location.reporting.service.DispatchingService (has extras) }, extras=Bundle[{intentType=2, receiverAction=android.intent.action.BOOT_COMPLETED}]
03-11 16:41:03.945 I/ActivityManager(  646): Resuming delayed broadcast
03-11 16:41:03.955 I/GCoreUlr( 1193): WorldUpdater received intent Intent { cmp=com.google.android.gms/com.google.android.location.reporting.service.DispatchingService (has extras) } with receiverAction android.intent.action.BOOT_COMPLETED, forceUpdate false
03-11 16:41:03.955 I/MultiDex( 1755): load(/data/app/com.google.android.gms-2.apk, forceReload=false)
03-11 16:41:03.965 D/Finsky  ( 1697): [1] 2.run: Loaded library for account: [h8oDSybNDDZzpp4iys_x3qq36Xs]
03-11 16:41:03.965 D/Finsky  ( 1697): [1] 2.run: Finished loading 1 libraries.
03-11 16:41:03.965 D/Finsky  ( 1697): [1] RestoreTracker.stopServiceIfDone: Restore complete with 0 success and 0 failed.
03-11 16:41:03.965 I/ActivityManager(  646): Start proc com.google.android.calendar for broadcast com.google.android.calendar/com.android.calendar.alerts.AlertReceiver: pid=1781 uid=10007 gids={50007, 3003}
03-11 16:41:03.985 I/MultiDex( 1755): Need extracted file /data/data/com.google.android.gms/files/secondary-dexes/com.google.android.gms-2.apk.classes2.zip
03-11 16:41:03.985 I/MultiDex( 1755): No extraction needed for /data/data/com.google.android.gms/files/secondary-dexes/com.google.android.gms-2.apk.classes2.zip of size 1430457
03-11 16:41:03.995 V/AuthZen ( 1755): Received a GCM message.
03-11 16:41:04.015 V/AuthZen ( 1755): [DefaultAuthzenGcmReceiverDelegateService] Received an Authzen GCM message.
03-11 16:41:04.025 I/art     ( 1486): GcCauseBackground sticky partial concurrent mark sweep GC freed 10690(857KB) AllocSpace objects, 0(0B) LOS objects, 6% free, 15MB/16MB, paused 5.859ms total 44.982ms
03-11 16:41:04.135 I/GCoreUlr( 1193): Ensuring that reporting is stopped because of reasons: {account#-17#=[InactiveReason{mVersionCode=0, mIdentifier=6, mName='ReportingNotSelected'}]}
03-11 16:41:04.135 D/GCoreFlp( 1193): Unknown pending intent to remove.
03-11 16:41:04.135 I/GCoreUlr( 1193): Unbound from all location providers
03-11 16:41:04.145 I/AuthZen ( 1755): Fetching signing key...
03-11 16:41:04.145 D/AlertReceiver( 1781): onReceive: a=android.intent.action.BOOT_COMPLETED Intent { act=android.intent.action.BOOT_COMPLETED flg=0x8000010 cmp=com.google.android.calendar/com.android.calendar.alerts.AlertReceiver (has extras) }
03-11 16:41:04.145 I/ActivityManager(  646): Delay finish: com.google.android.calendar/com.android.calendar.alerts.AlertReceiver
03-11 16:41:04.155 W/art     ( 1486): Before Android 4.1, method void com.facebook.messaging.reflex.SwipableOverlayLayoutAutoReflex.invalidate(boolean) would have incorrectly overridden the package-private method in android.view.View
03-11 16:41:04.155 D/AlertService( 1781): 0 Action = android.intent.action.BOOT_COMPLETED
03-11 16:41:04.155 W/art     ( 1486): Before Android 4.1, method void com.facebook.messaging.reflex.SwipableOverlayLayout.invalidate(boolean) would have incorrectly overridden the package-private method in android.view.View
03-11 16:41:04.155 D/AlertService( 1781): Scheduling next alarm with AlarmScheduler. sEventReminderReceived: null
03-11 16:41:04.175 I/AuthZen ( 1755): Signing key fetched successfuly!
03-11 16:41:04.195 D/AlarmScheduler( 1781): Query result count for events starting within 1 week: 3
03-11 16:41:04.205 I/ActivityManager(  646): Resuming delayed broadcast
03-11 16:41:04.225 I/ActivityManager(  646): Start proc com.google.android.youtube for broadcast com.google.android.youtube/com.google.android.apps.youtube.core.transfer.DownloadService$BootReceiver: pid=1812 uid=10066 gids={50066, 3003, 1028, 1015}
03-11 16:41:04.395 I/art     ( 1486): GcCauseBackground sticky partial concurrent mark sweep GC freed 7103(521KB) AllocSpace objects, 0(0B) LOS objects, 3% free, 16MB/16MB, paused 7.690ms total 28.258ms
03-11 16:41:04.435 I/art     ( 1124): Heap trim of managed (duration=1.831036ms, advised=36KB) and native (duration=1.312244ms, advised=0B) heaps. Managed heap utilization of 74%.
03-11 16:41:04.465 D/YouTube ( 1812): apps.youtube.core.utils.bh.a:41 HttpClient.UserAgent: com.google.android.youtube/5.3.32(Linux; U; Android 4.4.2; en_US; Nexus 7 Build/KOT49H)
03-11 16:41:04.485 D/YouTube ( 1812): apps.youtube.core.utils.bh.a:41 HttpClient.UserAgent: com.google.android.youtube/5.3.32(Linux; U; Android 4.4.2; en_US; Nexus 7 Build/KOT49H)
03-11 16:41:04.505 E/FbInjectorInitializer( 1486): Multi-binding Key[type=com.facebook.common.init.INeedInit, annotation=[none]] wasn't declared.
03-11 16:41:04.575 I/art     ( 1486): GcCauseBackground partial concurrent mark sweep GC freed 6041(301KB) AllocSpace objects, 0(0B) LOS objects, 2% free, 16MB/16MB, paused 5.767ms total 44.555ms
03-11 16:41:04.665 D/YouTube ( 1812): apps.youtube.core.client.y.a:114 event [version=5.3.32-s2000, action=Startup, label=NORMAL_STARTUP, value=-1]
03-11 16:41:04.805 I/art     ( 1812): Heap trim of managed (duration=1.922596ms, advised=32KB) and native (duration=1.495354ms, advised=12KB) heaps. Managed heap utilization of 63%.
03-11 16:41:04.905 D/YouTube ( 1812): apps.youtube.core.cache.f.run:163 Cache is below limit, no need to shrink: [size=20959091, limit=20971520]
03-11 16:41:04.956 W/fb4a(:<default>):BaseAnalyticsConfig( 1486): willEventBeLogged() called before shared prefs were initialized! Defaulting to true.
03-11 16:41:04.966 W/fb4a(:<default>):BaseAnalyticsConfig( 1486): willEventBeLogged() called before shared prefs were initialized! Defaulting to true.
03-11 16:41:04.976 I/dex2oat ( 1849): dex2oat: /data/data/com.google.android.youtube/cache/ads-928318578.dex
03-11 16:41:05.006 I/ActivityManager(  646): Killing 908:android.process.acore/u0a0 (adj 15): empty #17
03-11 16:41:05.026 I/art     ( 1375): GcCauseBackground sticky partial concurrent mark sweep GC freed 4059(259KB) AllocSpace objects, 0(0B) LOS objects, 2% free, 12MB/12MB, paused 7.324ms total 36.102ms
03-11 16:41:05.106 I/art     ( 1375): GcCauseBackground partial concurrent mark sweep GC freed 3273(153KB) AllocSpace objects, 0(0B) LOS objects, 1% free, 12MB/12MB, paused 7.080ms total 53.497ms
03-11 16:41:05.216 W/BroadcastQueue(  646): Permission Denial: broadcasting Intent { act=android.net.conn.CONNECTIVITY_CHANGE flg=0x4000010 (has extras) } from null (pid=-1, uid=-1) requires com.facebook.permission.prod.FB_APP_COMMUNICATION due to registered receiver BroadcastFilter{656ae3c0 u0 ReceiverList{653c7130 1375 com.facebook.katana:dash_service/10114/u0 remote:6543b280}}
03-11 16:41:05.216 W/BroadcastQueue(  646): Permission Denial: broadcasting Intent { act=android.net.conn.CONNECTIVITY_CHANGE flg=0x4000010 (has extras) } from null (pid=-1, uid=-1) requires com.facebook.permission.prod.FB_APP_COMMUNICATION due to registered receiver BroadcastFilter{656ab8f0 u0 ReceiverList{65387558 1375 com.facebook.katana:dash_service/10114/u0 remote:65420420}}
03-11 16:41:05.216 I/ActivityManager(  646): Killing 1242:com.google.android.apps.magazines/u0a40 (adj 15): empty #17
03-11 16:41:05.386 I/GoogleConversionPing( 1812): Pinging: http://www.googleadservices.com/pagead/conversion/1001680686/?label=4dahCKKczAYQrt7R3QM&value=&muid=3d7Kar_rtkE_kqQoEbYVwg&bundleid=com.google.android.youtube&appversion=5.3.32&osversion=4.4.2&sdkversion=ct-sdk-a-v1.1.0&remarketing_only=1&timestamp=1394548865&data=screen_name%3D%3CAndroid_YT_Open_App%3E
03-11 16:41:05.516 I/GoogleConversionPing( 1812): Ping responded with response code 200
03-11 16:41:05.546 D/YouTube ( 1812): apps.youtube.core.transfer.DownloadService$BootReceiver.onReceive:97 boot completed, starting download service
03-11 16:41:05.546 D/YouTube ( 1812): apps.youtube.core.transfer.TransferService.onCreate:108 creating transfer service
03-11 16:41:05.566 D/YouTube ( 1812): apps.youtube.app.prefetch.PrefetchService$DeviceStateReceiver.onReceive:565 Got device state change intent: android.intent.action.BOOT_COMPLETED
03-11 16:41:05.586 W/art     (  186): Could not get current activity
03-11 16:41:05.586 I/ActivityManager(  646): Start proc com.google.android.googlequicksearchbox:search for broadcast com.google.android.googlequicksearchbox/com.google.android.search.core.StartUpReceiver: pid=1890 uid=10060 gids={50060, 3003, 1028, 3002, 1015}
03-11 16:41:05.596 D/YouTube ( 1812): apps.youtube.app.prefetch.PrefetchService.onStartCommand:167 PrefetchService started at 11 Mar 2014 14:41:05 GMT
03-11 16:41:05.606 D/YouTube ( 1812): apps.youtube.app.prefetch.PrefetchService.p_:245 Download snapshot restored
03-11 16:41:05.606 D/YouTube ( 1812): apps.youtube.app.prefetch.PrefetchService.onDestroy:215 PrefetchService destroyed at 11 Mar 2014 14:41:05 GMT
03-11 16:41:05.606 I/ActivityManager(  646): Killing 927:com.android.settings/1000 (adj 15): empty #17
03-11 16:41:05.736 W/GLSUser ( 1124): GoogleAccountDataService.getToken()
03-11 16:41:05.746 W/BroadcastQueue(  646): Permission Denial: broadcasting Intent { act=android.net.conn.CONNECTIVITY_CHANGE flg=0x4000010 (has extras) } from null (pid=-1, uid=-1) requires com.facebook.permission.prod.FB_APP_COMMUNICATION due to registered receiver BroadcastFilter{656f9b50 u0 ReceiverList{656ff1f8 1486 com.facebook.katana/10114/u0 remote:65431300}}
03-11 16:41:05.746 W/BroadcastQueue(  646): Permission Denial: broadcasting Intent { act=android.net.conn.CONNECTIVITY_CHANGE flg=0x4000010 (has extras) } from null (pid=-1, uid=-1) requires com.facebook.permission.prod.FB_APP_COMMUNICATION due to registered receiver BroadcastFilter{65680b50 u0 ReceiverList{65681938 1486 com.facebook.katana/10114/u0 remote:656c18c0}}
03-11 16:41:05.776 I/art     ( 1486): GcCauseBackground sticky partial concurrent mark sweep GC freed 49949(2MB) AllocSpace objects, 1(38KB) LOS objects, 12% free, 18MB/21MB, paused 10.650ms total 129.669ms
03-11 16:41:05.786 I/GoogleHttpClient( 1124): Falling back to old http client 0 java.lang.NoSuchMethodException: <init> [class android.content.Context, class java.lang.String, boolean]
03-11 16:41:05.806 I/NotificationStore( 1124): file does not exist: /data/data/com.google.android.gms/files/notification_data.dat
03-11 16:41:05.946 W/fb4a(:<default>):MqttPushService( 1486): Attempt to start service that is already started
03-11 16:41:05.987 D/GCoreFlp( 1193): Unknown pending intent to remove.
03-11 16:41:06.107 D/HandsFreeActivity( 1890): shouldBeEnabled: locale=en-US
03-11 16:41:06.107 D/HandsFreeActivity( 1890): Voice dialer enabled state: true
03-11 16:41:06.127 I/ActivityManager(  646): Start proc com.dropbox.android for broadcast com.dropbox.android/.service.WakeupReceiver: pid=1926 uid=10075 gids={50075, 3003, 1028, 1015}
03-11 16:41:06.357 I/art     ( 1486): GcCauseBackground sticky partial concurrent mark sweep GC freed 26172(1435KB) AllocSpace objects, 0(0B) LOS objects, 8% free, 19MB/21MB, paused 9.368ms total 52.215ms
03-11 16:41:06.437 I/com.dropbox.android.service.DropboxNetworkReceiver( 1926): Setting receiver enabled: false
03-11 16:41:06.587 I/art     ( 1486): GcCauseBackground sticky partial concurrent mark sweep GC freed 17729(1575KB) AllocSpace objects, 0(0B) LOS objects, 9% free, 20MB/22MB, paused 7.843ms total 35.919ms
03-11 16:41:06.647 W/Settings( 1926): Setting airplane_mode_on has moved from android.provider.Settings.System to android.provider.Settings.Global, returning read-only value.
03-11 16:41:06.697 I/com.dropbox.sync.android.a( 1926): Prepared cache dir '/data/data/com.dropbox.android/app_DropboxSyncCache/hizqkiq3952astb'.
03-11 16:41:06.697 I/dbxyzptlk.db231210.k.c( 1926): Watching file: /8fb0427b/4fa4b1d1/30/2fe0ce4f/2eefaa/fe467c90/5ceba77/72d0b2fa/c74b192d/75bd7a7a
03-11 16:41:06.697 I/dbxyzptlk.db231210.k.c( 1926): Notifying of potential change to /8fb0427b/4fa4b1d1/30/2fe0ce4f/2eefaa/fe467c90/5ceba77/72d0b2fa/c74b192d/75bd7a7a
03-11 16:41:06.737 I/com.dropbox.sync.android.aa( 1926): Dropbox initialized for application: hizqkiq3952astb (com.dropbox.android/231210 DropboxSync/2.0.2 (Android; 4.4.2; asus Nexus 7 armeabi-v7a; en_US))
03-11 16:41:06.737 I/com.dropbox.sync.android.V( 1926): Dropbox user 11616711 linked.
03-11 16:41:06.837 I/ActivityManager(  646): Delay finish: com.dropbox.android/.service.WakeupReceiver
03-11 16:41:06.837 I/ActivityManager(  646): Killing 1039:com.android.printspooler/u0a105 (adj 15): empty #17
03-11 16:41:06.847 W/ContextImpl( 1926): Implicit intents with startService are not safe: Intent { act=com.android.vending.billing.InAppBillingService.BIND } android.content.ContextWrapper.bindService:517 com.dropbox.android.payments.h.c:298 com.dropbox.android.payments.DbxSubscriptions.c:109 
03-11 16:41:06.857 I/art     ( 1486): GcCauseBackground sticky partial concurrent mark sweep GC freed 23573(1105KB) AllocSpace objects, 0(0B) LOS objects, 6% free, 20MB/22MB, paused 5.981ms total 36.437ms
03-11 16:41:06.857 D/Finsky  ( 1697): [149] InAppBillingUtils.pickAccount: com.dropbox.android: Account determined from installer data - [h8oDSybNDDZzpp4iys_x3qq36Xs]
03-11 16:41:06.867 E/fb4a(:<default>):LocalFbBroadcastManager( 1486): Called registerBroadcastReceiver twice.
03-11 16:41:06.867 D/Finsky  ( 1697): [150] InAppBillingUtils.pickAccount: com.dropbox.android: Account determined from installer data - [h8oDSybNDDZzpp4iys_x3qq36Xs]
03-11 16:41:06.867 D/Finsky  ( 1697): [150] InAppBillingUtils.pickAccount: com.dropbox.android: Account determined from installer data - [h8oDSybNDDZzpp4iys_x3qq36Xs]
03-11 16:41:06.887 I/art     ( 1486): GcCauseBackground sticky partial concurrent mark sweep GC freed 5338(217KB) AllocSpace objects, 0(0B) LOS objects, 7% free, 20MB/22MB, paused 8.850ms total 22.430ms
03-11 16:41:06.927 W/Settings( 1486): Setting wifi_sleep_policy has moved from android.provider.Settings.System to android.provider.Settings.Global, returning read-only value.
03-11 16:41:06.997 I/ActivityManager(  646): Resuming delayed broadcast
03-11 16:41:07.018 I/ActivityManager(  646): Start proc org.mozilla.fennec for broadcast org.mozilla.fennec/org.mozilla.gecko.background.announcements.AnnouncementsBroadcastReceiver: pid=1980 uid=10111 gids={50111, 3003, 1028, 1015}
03-11 16:41:07.188 I/ActivityManager(  646): Delay finish: org.mozilla.fennec/org.mozilla.gecko.background.announcements.AnnouncementsBroadcastReceiver
03-11 16:41:07.238 W/GeckoProfile( 1980): Requested profile directory missing.
03-11 16:41:07.238 D/GeckoProfile( 1980): Found profile dir.
03-11 16:41:07.238 I/ActivityManager(  646): Resuming delayed broadcast
03-11 16:41:07.248 W/GeckoProfile( 1980): Requested profile directory missing.
03-11 16:41:07.248 W/GeckoProfile( 1980): Requested profile directory missing.
03-11 16:41:07.248 I/ActivityManager(  646): Delay finish: org.mozilla.fennec/org.mozilla.gecko.background.healthreport.HealthReportBroadcastReceiver
03-11 16:41:07.248 I/ActivityManager(  646): Resuming delayed broadcast
03-11 16:41:07.268 I/ActivityManager(  646): Start proc com.laurencedawson.reddit_sync:remote for broadcast com.laurencedawson.reddit_sync/.RedditMessageReceiver: pid=2005 uid=10073 gids={50073, 3003, 1028, 1015}
03-11 16:41:07.268 I/ActivityManager(  646): Killing 1375:com.facebook.katana:dash_service/u0a114 (adj 15): empty #17
03-11 16:41:07.418 I/ActivityManager(  646): Start proc com.laurencedawson.reddit_sync for service com.laurencedawson.reddit_sync/.activities.MessagingService: pid=2028 uid=10073 gids={50073, 3003, 1028, 1015}
03-11 16:41:07.418 I/ActivityManager(  646): Delay finish: com.laurencedawson.reddit_sync/.RedditMessageReceiver
03-11 16:41:07.418 I/ActivityManager(  646): Killing 1463:com.chrome.beta/u0a110 (adj 15): empty #17
03-11 16:41:07.478 I/art     ( 1486): GcCauseBackground sticky partial concurrent mark sweep GC freed 12363(711KB) AllocSpace objects, 0(0B) LOS objects, 5% free, 20MB/22MB, paused 9.613ms total 41.564ms
03-11 16:41:07.678 I/art     ( 1926): Heap trim of managed (duration=1.617432ms, advised=112KB) and native (duration=1.525879ms, advised=20KB) heaps. Managed heap utilization of 72%.
03-11 16:41:07.818 I/art     ( 1486): GcCauseBackground sticky partial concurrent mark sweep GC freed 11774(618KB) AllocSpace objects, 0(0B) LOS objects, 4% free, 21MB/22MB, paused 10.864ms total 37.750ms
03-11 16:41:07.938 I/GCoreUlr( 1193): Starting service, intent=Intent { cmp=com.google.android.gms/com.google.android.location.reporting.service.DispatchingService (has extras) }, extras=Bundle[{intentType=2, receiverAction=com.google.android.location.internal.server.ACTION_RESTARTED}]
03-11 16:41:07.938 I/GCoreUlr( 1193): WorldUpdater received intent Intent { cmp=com.google.android.gms/com.google.android.location.reporting.service.DispatchingService (has extras) } with receiverAction com.google.android.location.internal.server.ACTION_RESTARTED, forceUpdate false
03-11 16:41:07.938 V/KeepAlert( 1081): Action com.google.android.location.internal.server.ACTION_RESTARTED
03-11 16:41:07.938 I/ActivityManager(  646): Resuming delayed broadcast
03-11 16:41:07.938 I/ActivityManager(  646): Delay finish: com.google.android.keep/.notification.AlertReceiver
03-11 16:41:07.948 I/art     ( 1486): GcCauseBackground sticky partial concurrent mark sweep GC freed 8968(436KB) AllocSpace objects, 0(0B) LOS objects, 4% free, 21MB/22MB, paused 9.429ms total 34.057ms
03-11 16:41:08.018 I/ActivityManager(  646): Resuming delayed broadcast
03-11 16:41:08.028 D/GCM     ( 1124): GcmService start Intent { act=com.google.android.gms.INITIALIZE flg=0x10 pkg=com.google.android.gms cmp=com.google.android.gms/.gcm.GcmService } com.google.android.gms.INITIALIZE
03-11 16:41:08.028 I/ActivityManager(  646): Killing 1529:com.google.android.configupdater/u0a11 (adj 15): empty #17
03-11 16:41:08.059 I/ActivityManager(  646): Delay finish: com.google.android.deskclock/com.android.alarmclock.DigitalAppWidgetProvider
03-11 16:41:08.069 I/ActivityManager(  646): Resuming delayed broadcast
03-11 16:41:08.099 I/GCoreUlr( 1193): Ensuring that reporting is stopped because of reasons: {account#-17#=[InactiveReason{mVersionCode=0, mIdentifier=6, mName='ReportingNotSelected'}]}
03-11 16:41:08.099 D/GCoreFlp( 1193): Unknown pending intent to remove.
03-11 16:41:08.099 I/GCoreUlr( 1193): Unbound from all location providers
03-11 16:41:08.109 D/AlertReceiver( 1781): onReceive: a=android.intent.action.PROVIDER_CHANGED Intent { act=android.intent.action.PROVIDER_CHANGED dat=content://com.android.calendar flg=0x10 cmp=com.google.android.calendar/com.android.calendar.alerts.AlertReceiver }
03-11 16:41:08.109 D/AlertService( 1781): 0 Action = android.intent.action.PROVIDER_CHANGED
03-11 16:41:08.109 I/ActivityManager(  646): Delay finish: com.google.android.calendar/com.android.calendar.alerts.AlertReceiver
03-11 16:41:11.242 D/CaptivePortalTracker(  646): DelayedCaptiveCheckState{ when=-2ms what=2 arg1=1 target=com.android.internal.util.StateMachine$SmHandler }
03-11 16:41:11.242 D/ConnectivityService(  646): setProvNotificationVisible: E visible=false networkType=1 extraInfo=null url=null
03-11 16:41:11.262 D/CaptivePortalTracker(  646): Checking http://173.194.32.5/generate_204
03-11 16:41:11.272 W/ActivityThread(  646): ClassLoader.loadClass: The class loader returned by Thread.getContextClassLoader() may fail for processes that host multiple applications. You should explicitly specify a context class loader. For example: Thread.setContextClassLoader(getClass().getClassLoader());
03-11 16:41:11.392 D/CaptivePortalTracker(  646): isCaptivePortal: ret=false rspCode=204
03-11 16:41:11.392 D/CaptivePortalTracker(  646): Not captive network NetworkInfo: type: WIFI[], state: CONNECTED/CONNECTED, reason: (unspecified), extra: "aalto open", roaming: false, failover: false, isAvailable: true, isConnectedToProvisioningNetwork: false
03-11 16:41:11.392 D/CaptivePortalTracker(  646): notifyPortalCheckCompleted: captive=false ni=NetworkInfo: type: WIFI[], state: CONNECTED/CONNECTED, reason: (unspecified), extra: "aalto open", roaming: false, failover: false, isAvailable: true, isConnectedToProvisioningNetwork: false
03-11 16:41:11.392 W/ContextImpl(  646): Calling a method in the system process without a qualified user: android.app.ContextImpl.sendBroadcast:1137 android.net.CaptivePortalTracker.sendNetworkConditionsBroadcast:507 android.net.CaptivePortalTracker.isCaptivePortal:399 android.net.CaptivePortalTracker.access$2600:60 android.net.CaptivePortalTracker$DelayedCaptiveCheckState.processMessage:283 
03-11 16:41:11.392 D/ConnectivityService(  646): captivePortalCheckCompleted: ni=NetworkInfo: type: WIFI[], state: CONNECTED/CONNECTED, reason: (unspecified), extra: "aalto open", roaming: false, failover: false, isAvailable: true, isConnectedToProvisioningNetwork: false captive=false
03-11 16:41:11.852 V/GCMRegistrar( 1926): Is registered on server: true
03-11 16:41:13.153 D/AlertService( 1781): Beginning updateAlertNotification
03-11 16:41:13.184 D/AlertService( 1781): No fired or scheduled alerts
03-11 16:41:13.194 D/AlertService( 1781): Scheduling next alarm with AlarmScheduler. sEventReminderReceived: null
03-11 16:41:13.194 D/AlarmScheduler( 1781): Query result count for events starting within 1 week: 3
03-11 16:41:13.204 I/ActivityManager(  646): Resuming delayed broadcast
03-11 16:41:13.264 D/GCM     ( 1124): GcmService start Intent { act=android.net.conn.CONNECTIVITY_CHANGE flg=0x4000010 cmp=com.google.android.gms/.gcm.GcmService (has extras) } android.net.conn.CONNECTIVITY_CHANGE
03-11 16:41:13.264 D/YouTube ( 1812): apps.youtube.app.prefetch.PrefetchService$DeviceStateReceiver.onReceive:565 Got device state change intent: android.net.conn.CONNECTIVITY_CHANGE
03-11 16:41:13.274 D/YouTube ( 1812): apps.youtube.app.prefetch.PrefetchService.onStartCommand:167 PrefetchService started at 11 Mar 2014 14:41:13 GMT
03-11 16:41:13.284 W/art     (  186): Could not get current activity
03-11 16:41:13.294 D/YouTube ( 1812): apps.youtube.app.prefetch.PrefetchService.p_:245 Download snapshot restored
03-11 16:41:13.294 I/ActivityManager(  646): Start proc com.google.android.apps.magazines for broadcast com.google.android.apps.magazines/com.google.apps.dots.android.newsstand.appwidget.NewsWidgetProvider: pid=2081 uid=10040 gids={50040, 3003, 1028, 1015}
03-11 16:41:13.304 D/YouTube ( 1812): apps.youtube.app.prefetch.PrefetchService.onDestroy:215 PrefetchService destroyed at 11 Mar 2014 14:41:13 GMT
03-11 16:41:13.404 V/WebViewChromium( 2081): Binding Chromium to the background looper Looper (main, tid 1) {64da7588}
03-11 16:41:13.404 I/chromium( 2081): [INFO:library_loader_hooks.cc(112)] Chromium logging enabled: level = 0, default verbosity = 0
03-11 16:41:13.404 I/BrowserProcessMain( 2081): Initializing chromium process, renderers=0
03-11 16:41:13.404 W/art     ( 2081): Attempt to remove local SIRT entry from IRT, ignoring
03-11 16:41:13.414 W/art     ( 2081): Thread[13,tid=2115,Native,Thread*=0x49902a90,peer=0x64e542d0,"Thread-196"] attached without supplying a name
03-11 16:41:13.414 W/chromium( 2081): [WARNING:proxy_service.cc(888)] PAC support disabled because there is no system implementation
03-11 16:41:13.424 I/Adreno-EGL( 2081): <qeglDrvAPI_eglInitialize:320>: EGL 1.4 QUALCOMM Build: I0404c4692afb8623f95c43aeb6d5e13ed4b30ddbDate: 11/06/13
03-11 16:41:13.464 W/art     ( 2081): Thread[14,tid=2110,Native,Thread*=0x49c1d548,peer=0x64e5d530,"Thread-197"] attached without supplying a name
03-11 16:41:13.484 W/art     ( 2081): Attempt to remove local SIRT entry from IRT, ignoring
03-11 16:41:13.544 D/GCM     ( 1124): Connected
03-11 16:41:13.544 W/GAV2    ( 2081): Thread[main,5,main]: Need to call initialize() and be in fallback mode to start dispatch.
03-11 16:41:13.574 I/GCM     ( 1124): GCM message com.google.android.gsf.gtalkservice 
03-11 16:41:13.604 D/GCM     ( 1124): Message class hwi
03-11 16:41:13.734 I/NSApplication( 2081): Starting up...
03-11 16:41:13.784 I/ActivityManager(  646): Start proc com.google.android.apps.plus for broadcast com.google.android.apps.plus/.service.ConnectivityReceiver: pid=2138 uid=10054 gids={50054, 3003, 3002, 1028, 1015}
03-11 16:41:13.784 I/ActivityManager(  646): Killing 1570:com.google.android.onetimeinitializer/u0a27 (adj 15): empty #17
03-11 16:41:13.834 W/art     ( 2138): Failed to find ELF magic in /system/framework/com.google.android.maps.odex: dey
03-11 16:41:13.834 I/art     ( 2081): GcCauseBackground sticky partial concurrent mark sweep GC freed 13770(839KB) AllocSpace objects, 3(70KB) LOS objects, 8% free, 8MB/9MB, paused 10.406ms total 61.370ms
03-11 16:41:14.044 D/ConnectivityService(  646): handleInetConditionHoldEnd: net=1, condition=100, published condition=0
03-11 16:41:14.325 I/ImageResourceManager( 2138): ImageResourceManager: uninitalized
03-11 16:41:14.335 I/iu.Environment( 2138): update battery state; isPlugged? true*
03-11 16:41:14.365 I/iu.Environment( 2138): update connectivity state; isNetworkMetered? false, isRoaming? false, isBackgroundDataAllowed? true*
03-11 16:41:14.375 I/iu.Environment( 2138): update connectivity state; isNetworkMetered? false, isRoaming? false, isBackgroundDataAllowed? true
03-11 16:41:14.405 I/ActivityManager(  646): Start proc com.yle.webtv for broadcast com.yle.webtv/.net.ConnectionChangeReceiver: pid=2183 uid=10116 gids={50116, 3003}
03-11 16:41:14.405 I/ActivityManager(  646): Killing 1614:com.google.android.nfcprovision/u0a46 (adj 15): empty #17
03-11 16:41:14.415 I/art     ( 2183): Turning on JNI app bug workarounds for target SDK version 10...
03-11 16:41:14.475 I/ActivityManager(  646): Start proc android.process.acore for content provider com.android.providers.contacts/.ContactsProvider2: pid=2200 uid=10000 gids={50000, 3003, 1028, 1015}
03-11 16:41:14.505 I/ActivityManager(  646): Killing 1677:com.google.android.exchange/u0a19 (adj 15): empty #17
03-11 16:41:14.525 W/art     ( 2200): Failed to find ELF magic in /system/priv-app/ContactsProvider.odex: dey
03-11 16:41:14.565 W/art     ( 2200): Failed to find ELF magic in /system/app/UserDictionaryProvider.odex: dey
03-11 16:41:14.745 I/ContactLocale( 2200): AddressBook Labels [en_US]: [, A, B, C, D, E, F, G, H, I, J, K, L, M, N, O, P, Q, R, S, T, U, V, W, X, Y, Z, , , , , , , , , , , , , , , , , , , , , , , , , , , , , , , , , , , , , , , , , , , , , , , , , , , , , , , , , , , , , , , , , , , , , , , , , , , , , , , , , , , , , , , , , , , , , , , , , , , , , , , , , , , , , , , , , , , , , , , , , , , , , , , , , , , , , , , , , , , , , , , , , , , , , , , , , , , , , , , , , , , , , , , , , , , , , , , , , , , , , , #, ]
03-11 16:41:14.775 I/iu.UploadsManager( 2138): #reloadSettings(); account: null; pageID: none; IU: disabled; IS: disabled; photoWiFi: true; videoWiFi: true; roam: false; battery: true; size: FULL; maxMobile: 157286400
03-11 16:41:14.845 I/ActivityManager(  646): Start proc com.chrome.beta for broadcast com.chrome.beta/com.google.android.apps.chrome.precache.PrecacheServiceLauncher: pid=2233 uid=10110 gids={50110, 3003, 1028, 1015}
03-11 16:41:14.845 I/ActivityManager(  646): Killing 1652:com.google.android.email/u0a18 (adj 15): empty #17
03-11 16:41:14.855 I/iu.FingerprintManager( 2138): Start processing all media
03-11 16:41:14.855 I/iu.FingerprintManager( 2138): Start processing media store URI: content://media/external/images/media
03-11 16:41:14.855 I/iu.UploadsManager( 2138): End new media; added: 0, uploading: 0, time: 80 ms
03-11 16:41:14.855 I/iu.FingerprintManager( 2138): Start processing media store URI: content://media/external/video/media
03-11 16:41:14.855 I/iu.FingerprintManager( 2138): Start processing media store URI: content://media/phoneStorage/images/media
03-11 16:41:14.865 I/iu.FingerprintManager( 2138): Start processing media store URI: content://media/phoneStorage/video/media
03-11 16:41:14.865 I/iu.FingerprintManager( 2138): Finished generating fingerprints; 0.014 seconds
03-11 16:41:14.865 I/iu.FingerprintManager( 2138):   numSeen=0 numGenerated=0 numDeleted=0 numFailed=0
03-11 16:41:14.965 I/ActivityManager(  646): Killing 1755:com.google.android.gms.ui/u0a23 (adj 15): empty #17
03-11 16:41:14.995 I/ActivityManager(  646): Start proc com.devhd.feedly for broadcast com.devhd.feedly/.widget.FeedlyWidgetProvider: pid=2253 uid=10083 gids={50083, 3003, 1028, 1015}
03-11 16:41:15.115 I/widget.provider( 2253): com.devhd.feedly.widget.FeedlyWidgetProvider onReceive: android.net.conn.CONNECTIVITY_CHANGE
03-11 16:41:15.125 W/widget.data( 2253): **** creating widget[0] data model object ****
03-11 16:41:15.125 I/ActivityManager(  646): Killing 1340:com.google.android.partnersetup/u0a28 (adj 15): empty #17
03-11 16:41:15.135 V/AlarmClock( 1632): AlarmInitReceiver android.intent.action.TIME_SET
03-11 16:41:15.155 I/AlarmClock( 1632): Displaying next alarm time: ''
03-11 16:41:15.155 V/AlarmClock( 1632): AlarmInitReceiver finished
03-11 16:41:15.256 V/KeepAlert( 1081): Action android.intent.action.TIME_SET
03-11 16:41:15.266 I/ActivityManager(  646): Delay finish: com.google.android.gsf/.settings.GoogleLocationSettings$LocationSettingsChangedListener
03-11 16:41:15.276 I/ActivityManager(  646): Resuming delayed broadcast
03-11 16:41:15.296 I/ActivityManager(  646): Start proc com.google.android.music:main for broadcast com.google.android.music/.store.MediaStoreImportService$Receiver: pid=2280 uid=10044 gids={50044, 3003, 1028, 1015}
03-11 16:41:15.306 W/art     (  186): Could not get current activity
03-11 16:41:15.536 I/MusicStore( 2280): Database version: 85
03-11 16:41:15.586 W/ContextImpl( 2280): Implicit intents with startService are not safe: Intent { act=com.google.android.music.PREFERENCE_SERVICE } android.content.ContextWrapper.bindService:517 com.google.android.music.utils.SafeServiceConnection$ServiceConnectionImp.bindService:98 com.google.android.music.utils.SafeServiceConnection.bindService:259 
03-11 16:41:15.636 W/ContextImpl( 2280): Implicit intents with startService are not safe: Intent { act=com.google.android.music.NETWORK_MONITOR_SERVICE } android.content.ContextWrapper.bindService:517 com.google.android.music.utils.SafeServiceConnection$ServiceConnectionImp.bindService:98 com.google.android.music.utils.SafeServiceConnection.bindService:259 
03-11 16:41:15.806 I/MediaRouter( 2280): Found default route: MediaRouter.RouteInfo{ uniqueId=android/.support.v7.media.SystemMediaRouteProvider:DEFAULT_ROUTE, name=Tablet, description=null, enabled=true, connecting=false, playbackType=0, playbackStream=3, volumeHandling=1, volume=0, volumeMax=15, presentationDisplayId=-1, extras=null, providerPackageName=android }
03-11 16:41:15.836 I/ActivityManager(  646): Delay finish: com.google.android.music/.store.MediaStoreImportService$Receiver
03-11 16:41:15.856 I/Icing   ( 1056): Storage manager: low false usage 1.17MB avail 20.60GB capacity 22.46GB
03-11 16:41:15.896 I/CastUtils( 2280): Removing provider: MediaRouter.RouteProviderInfo{ packageName=com.google.android.gms }
03-11 16:41:15.896 I/ActivityManager(  646): Resuming delayed broadcast
03-11 16:41:15.896 I/ActivityManager(  646): Delay finish: com.google.android.music/.store.MediaStoreImportService$Receiver
03-11 16:41:15.906 I/ActivityManager(  646): Resuming delayed broadcast
03-11 16:41:15.926 I/ActivityManager(  646): Delay finish: com.google.android.music/.store.MediaStoreImportService$Receiver
03-11 16:41:16.026 I/art     ( 2280): Heap trim of managed (duration=1.495362ms, advised=48KB) and native (duration=1.281738ms, advised=8KB) heaps. Managed heap utilization of 60%.
03-11 16:41:16.036 I/MediaStoreImporter( 2280): Update: incremental Added music: 0 Updated music: 0 Deleted music: 0 Created playlists: 0 Updated playlists: 0 Deleted playlists: 0 Inserted playlist items: 0 Deleted playlist items: 0 Removed orphaned playlist items: 0
03-11 16:41:16.036 I/ActivityManager(  646): Resuming delayed broadcast
03-11 16:41:16.076 I/ActivityManager(  646): Start proc com.google.android.email for broadcast com.google.android.email/com.android.email.provider.WidgetProvider: pid=2325 uid=10018 gids={50018, 3003, 1028, 1015}
03-11 16:41:16.116 W/art     ( 2325): Failed to find ELF magic in /system/app/EmailGoogle.odex: dey
03-11 16:41:16.116 I/Icing   ( 1056): doRemovePackageData com.google.android.gm
03-11 16:41:16.146 I/Icing   ( 1056): Internal init done: storage state 0
03-11 16:41:16.176 I/Icing   ( 1056): Post-init done
03-11 16:41:16.196 D/ActivityThread( 2325): Loading provider com.google.android.email.provider;com.google.android.email.notifier: com.android.email.provider.EmailProvider
03-11 16:41:16.257 D/ActivityThread( 2325): Loading provider com.google.android.email.provider;com.google.android.email.notifier: com.android.email.provider.EmailProvider
03-11 16:41:16.287 I/ActivityManager(  646): Killing 1890:com.google.android.googlequicksearchbox:search/u0a60 (adj 15): empty #17
03-11 16:41:16.297 D/GCM     ( 1124): GcmService start Intent { act=com.google.android.gms.INITIALIZE flg=0x10 pkg=com.google.android.gms cmp=com.google.android.gms/.gcm.GcmService } com.google.android.gms.INITIALIZE
03-11 16:41:16.317 I/ActivityManager(  646): Delay finish: com.android.providers.calendar/.CalendarProviderBroadcastReceiver
03-11 16:41:16.347 I/ActivityManager(  646): Resuming delayed broadcast
03-11 16:41:16.357 I/GeckoAnnounce( 1980): fennec :: AnnounceBrSvc :: Registering AnnouncementsService.
03-11 16:41:16.357 I/ActivityManager(  646): Delay finish: org.mozilla.fennec/org.mozilla.gecko.background.announcements.AnnouncementsBroadcastReceiver
03-11 16:41:16.367 I/GeckoAnnounce( 1980): fennec :: BackgroundService :: Setting inexact repeating alarm for interval 43200000
03-11 16:41:16.367 I/ActivityManager(  646): Resuming delayed broadcast
03-11 16:41:16.367 I/ActivityManager(  646): Delay finish: org.mozilla.fennec/org.mozilla.gecko.background.healthreport.HealthReportBroadcastReceiver
03-11 16:41:16.387 W/ActivityManager(  646): Unable to start service Intent { cmp=com.google.android.email/com.android.email.service.AttachmentDownloadService } U=0: not found
03-11 16:41:16.387 W/ActivityManager(  646): Unable to start service Intent { cmp=com.google.android.email/com.android.email.service.AttachmentDownloadService } U=0: not found
03-11 16:41:16.387 W/ActivityManager(  646): Unable to start service Intent { cmp=com.google.android.email/com.android.email.service.AttachmentDownloadService } U=0: not found
03-11 16:41:16.397 I/GeckoHealth( 1980): fennec :: HealthReportBroadcastService :: Registering HealthReportUploadService.
03-11 16:41:16.397 I/GeckoHealth( 1980): fennec :: BackgroundService :: Setting inexact repeating alarm for interval 3600000
03-11 16:41:16.397 I/Email   ( 2325): Observing account changes for notifications
03-11 16:41:16.397 I/GeckoHealth( 1980): fennec :: HealthReportBroadcastService :: Registering HealthReportPruneService.
03-11 16:41:16.397 I/GeckoHealth( 1980): fennec :: BackgroundService :: Setting inexact repeating alarm for interval 86400000
03-11 16:41:16.397 I/ActivityManager(  646): Resuming delayed broadcast
03-11 16:41:16.397 I/ActivityManager(  646): Delay finish: org.mozilla.fennec/org.mozilla.gecko.background.healthreport.HealthReportBroadcastReceiver
03-11 16:41:16.397 I/ActivityManager(  646): Resuming delayed broadcast
03-11 16:41:17.358 I/Icing   ( 1056): Indexing 89C722CAC15EF46A4C7BB4760D5543033178AD63 from com.google.android.music
03-11 16:41:17.468 I/Icing   ( 1056): Indexing done 89C722CAC15EF46A4C7BB4760D5543033178AD63
03-11 16:41:18.569 W/ActivityManager(  646): Unable to start service Intent { act=com.google.android.gms.analytics.service.START cmp=com.google.android.gms/.analytics.service.AnalyticsService (has extras) } U=0: not found
03-11 16:41:18.579 W/GAV2    ( 2081): Thread[GAThread,5,main]: Service unavailable (code=1), will retry.
03-11 16:41:18.609 I/GAV2    ( 2081): Thread[GAThread,5,main]: No campaign data found.
03-11 16:41:19.159 I/ActivityManager(  646): Waited long enough for: ServiceRecord{656b7be0 u0 com.google.android.calendar/com.android.calendar.alerts.InitAlarmsService}
03-11 16:41:19.249 W/GAV2    ( 2138): Thread[GAThread,5,main]: Service unavailable (code=1), will retry.
03-11 16:41:19.249 W/ActivityManager(  646): Unable to start service Intent { act=com.google.android.gms.analytics.service.START cmp=com.google.android.gms/.analytics.service.AnalyticsService (has extras) } U=0: not found
03-11 16:41:19.289 I/GAV2    ( 2138): Thread[GAThread,5,main]: No campaign data found.
03-11 16:41:20.200 I/ActivityManager(  646): Killing 1926:com.dropbox.android/u0a75 (adj 15): empty #17
03-11 16:41:20.861 W/ContextImpl( 2280): Implicit intents with startService are not safe: Intent { act=com.google.android.music.NETWORK_MONITOR_SERVICE } android.content.ContextWrapper.bindService:517 com.google.android.music.utils.SafeServiceConnection$ServiceConnectionImp.bindService:98 com.google.android.music.utils.SafeServiceConnection.bindService:259 
03-11 16:41:20.861 I/ActivityManager(  646): Waited long enough for: ServiceRecord{655f9d28 u0 com.facebook.katana/com.facebook.push.mqtt.MqttPushService}
03-11 16:41:20.871 W/ContextImpl( 2280): Implicit intents with startService are not safe: Intent { act=com.google.android.music.NETWORK_MONITOR_SERVICE } android.content.ContextWrapper.bindService:517 com.google.android.music.utils.SafeServiceConnection$ServiceConnectionImp.bindService:98 com.google.android.music.utils.SafeServiceConnection.bindService:259 
03-11 16:41:20.881 D/CacheService( 2280): onCreate
03-11 16:41:20.891 D/CacheService( 2280): onBind
03-11 16:41:20.921 I/MusicLeanback( 2280): Conditions not met for autocaching.
03-11 16:41:20.921 I/MusicLeanback( 2280): Stop autocaching.
03-11 16:41:20.931 D/CacheService( 2280): onDestroy
03-11 16:41:23.574 W/GAV2    ( 2081): Thread[Service Reconnect,5,main]: Service unavailable (code=1), using local store.
03-11 16:41:23.574 W/ActivityManager(  646): Unable to start service Intent { act=com.google.android.gms.analytics.service.START cmp=com.google.android.gms/.analytics.service.AnalyticsService (has extras) } U=0: not found
03-11 16:41:24.254 W/ActivityManager(  646): Unable to start service Intent { act=com.google.android.gms.analytics.service.START cmp=com.google.android.gms/.analytics.service.AnalyticsService (has extras) } U=0: not found
03-11 16:41:24.254 W/GAV2    ( 2138): Thread[Service Reconnect,5,main]: Service unavailable (code=1), using local store.
03-11 16:41:33.884 W/art     ( 1124): Failed to find ELF magic in /system/priv-app/GoogleLoginService.odex: dey
03-11 16:41:33.994 I/art     ( 1124): Heap trim of managed (duration=1.770019ms, advised=12KB) and native (duration=1.342774ms, advised=0B) heaps. Managed heap utilization of 71%.
03-11 16:41:34.014 W/GLSUser ( 1124): GoogleAccountDataService.getToken()
03-11 16:41:34.104 I/art     ( 1697): Heap trim of managed (duration=1.861573ms, advised=44KB) and native (duration=1.831054ms, advised=84KB) heaps. Managed heap utilization of 61%.
03-11 16:41:34.174 D/InitAlarmsService( 1781): Clearing and rescheduling alarms.
03-11 16:41:35.025 D/Finsky  ( 1697): [1] CheckWifiAndAutoUpdate.cancelCheck: Cancelling auto-update wifi check.
03-11 16:41:35.145 W/GLSUser ( 1124): GoogleAccountDataService.getToken()
03-11 16:41:35.505 I/qtaguid ( 1697): Failed write_ctrl(u 37) res=-1 errno=22
03-11 16:41:35.505 I/qtaguid ( 1697): Untagging socket 37 failed errno=-22
03-11 16:41:35.505 W/NetworkManagementSocketTagger( 1697): untagSocket(37) failed with errno -22
03-11 16:41:35.675 D/Finsky  ( 1697): [1] DailyHygiene.flushEventLogs: Flushing event logs for [h8oDSybNDDZzpp4iys_x3qq36Xs]
03-11 16:41:35.705 I/ActivityManager(  646): Killing 2005:com.laurencedawson.reddit_sync:remote/u0a73 (adj 15): empty #17
03-11 16:41:50.200 D/Finsky  ( 1697): [1] 5.onFinished: Installation state replication succeeded.
03-11 16:41:51.601 D/ConnectivityService(  646): Sampling interval elapsed, updating statistics ..
03-11 16:41:51.621 D/ConnectivityService(  646): Done.
03-11 16:41:51.621 D/ConnectivityService(  646): Setting timer for 720seconds
03-11 16:41:52.142 I/Icing   ( 1056): Indexing 89C722CAC15EF46A4C7BB4760D5543033178AD63 from com.google.android.music
03-11 16:41:52.302 I/Icing   ( 1056): Indexing done 89C722CAC15EF46A4C7BB4760D5543033178AD63
03-11 16:42:31.560 D/AndroidRuntime( 2430): 
03-11 16:42:31.560 D/AndroidRuntime( 2430): >>>>>> AndroidRuntime START com.android.internal.os.RuntimeInit <<<<<<
03-11 16:42:31.570 D/AndroidRuntime( 2430): CheckJNI is OFF
03-11 16:42:31.570 E/art     ( 2430): Unrecognized option -XX:mainThreadStackSize=24K
03-11 16:42:31.570 W/art     ( 2430): Ignoring unknown -Xgc option: precise
03-11 16:42:31.610 W/art     ( 2430): Failed to find ELF magic in /system/framework/am.odex: dey
03-11 16:42:31.690 W/art     ( 2430): JNI RegisterNativeMethods: attempt to register 0 native methods for android.content.res.Configuration
03-11 16:42:31.700 D/AndroidRuntime( 2430): Calling main entry com.android.commands.am.Am
03-11 16:42:31.700 I/ActivityManager(  646): START u0 {flg=0x10000000 cmp=com.android.helloworldlein/.SplashActivity} from pid 2430
03-11 16:42:32.000 I/WindowManager(  646): Screenshot max retries 4 of Token{6561bfe0 ActivityRecord{656199e8 u0 com.android.launcher/com.android.launcher2.Launcher t1}} appWin=Window{6557d008 u0 com.android.launcher/com.android.launcher2.Launcher} drawState=4
03-11 16:42:32.000 W/WindowManager(  646): Screenshot failure taking screenshot for (1200x1920) to layer 21005
03-11 16:42:32.030 D/AndroidRuntime( 2430): Shutting down VM
03-11 16:42:32.030 W/art     (  186): Could not get current activity
03-11 16:42:32.060 I/ActivityManager(  646): Start proc com.android.helloworldlein for activity com.android.helloworldlein/.SplashActivity: pid=2450 uid=10123 gids={50123}
03-11 16:42:32.311 I/Adreno-EGL( 2450): <qeglDrvAPI_eglInitialize:320>: EGL 1.4 QUALCOMM Build: I0404c4692afb8623f95c43aeb6d5e13ed4b30ddbDate: 11/06/13
03-11 16:42:32.351 D/OpenGLRenderer( 2450): Enabling debug mode 0
03-11 16:42:32.461 I/ActivityManager(  646): Displayed com.android.helloworldlein/.SplashActivity: +450ms
03-11 16:42:33.272 I/art     ( 2450): GcCauseBackground sticky partial concurrent mark sweep GC freed 40093(1596KB) AllocSpace objects, 0(0B) LOS objects, 12% free, 11MB/12MB, paused 5.340ms total 36.437ms
03-11 16:42:34.092 E/kickstart(  684): Wrote to /sys/power/wake_lock
03-11 16:42:34.203 E/kickstart(  684): Received file "/dev/block/platform/msm_sdcc.1/by-name/m9kefs1"
03-11 16:42:34.203 E/kickstart(  684): 786432 bytes transferred in 0.104s (7.21 MBps)
03-11 16:42:34.203 E/kickstart(  684): Successfully downloaded files from target 
03-11 16:42:34.203 E/kickstart(  684): Wrote to /sys/power/wake_unlock
03-11 16:42:34.203 E/kickstart(  684): Sahara protocol completed
03-11 16:42:35.414 E/AndroidRuntime( 2450): FATAL EXCEPTION: Thread-236
03-11 16:42:35.414 E/AndroidRuntime( 2450): Process: com.android.helloworldlein, PID: 2450
03-11 16:42:35.414 E/AndroidRuntime( 2450): java.lang.VerifyError: Rejecting class neko.compilation$clear_cache because it failed compile-time verification (declaration of 'neko.compilation$clear_cache' appears in /data/app/com.android.helloworldlein-1.apk)
03-11 16:42:35.414 E/AndroidRuntime( 2450): 	at neko.compilation__init.load(Unknown Source)
03-11 16:42:35.414 E/AndroidRuntime( 2450): 	at neko.compilation__init.<clinit>(Unknown Source)
03-11 16:42:35.414 E/AndroidRuntime( 2450): 	at java.lang.Class.classForName(Native Method)
03-11 16:42:35.414 E/AndroidRuntime( 2450): 	at java.lang.Class.forName(Class.java:305)
03-11 16:42:35.414 E/AndroidRuntime( 2450): 	at clojure.lang.RT.loadClassForName(RT.java:2145)
03-11 16:42:35.414 E/AndroidRuntime( 2450): 	at clojure.lang.RT.load(RT.java:455)
03-11 16:42:35.414 E/AndroidRuntime( 2450): 	at clojure.lang.RT.load(RT.java:436)
03-11 16:42:35.414 E/AndroidRuntime( 2450): 	at clojure.core$load$fn__5018.invoke(core.clj:5529)
03-11 16:42:35.414 E/AndroidRuntime( 2450): 	at clojure.core$load.doInvoke(core.clj:5529)
03-11 16:42:35.414 E/AndroidRuntime( 2450): 	at clojure.lang.RestFn.invoke(RestFn.java:408)
03-11 16:42:35.414 E/AndroidRuntime( 2450): 	at clojure.core$load_one.invoke(core.clj:5336)
03-11 16:42:35.414 E/AndroidRuntime( 2450): 	at clojure.core$load_lib$fn__4967.invoke(core.clj:5374)
03-11 16:42:35.414 E/AndroidRuntime( 2450): 	at clojure.core$load_lib.doInvoke(core.clj:5374)
03-11 16:42:35.414 E/AndroidRuntime( 2450): 	at clojure.lang.RestFn.applyTo(RestFn.java:142)
