03-11 16:40:53.476 I/MultiDex( 1056): load(/data/app/com.google.android.gms-2.apk, forceReload=false)
03-11 16:40:53.496 I/BrcmNfcNfa(  983): LLCP - llcp_init ()
03-11 16:40:53.496 I/BrcmNfcNfa(  983): num_rx_buff = 9, rx_congest_start = 6, rx_congest_end = 4, max_num_ll_rx_buff = 2
03-11 16:40:53.496 I/BrcmNfcNfa(  983): max_num_tx_buff = 21, max_num_ll_tx_buff = 6
03-11 16:40:53.496 I/BrcmNfcNfa(  983): LLCP_RegisterServer (): SAP:0x1, link_type:0x2, ServiceName:<urn:nfc:sn:sdp>
03-11 16:40:53.496 I/BrcmNfcNfa(  983): LLCP_RegisterServer (): Registered SAP = 0x01
03-11 16:40:53.496 I/BrcmNfcNfa(  983): NFA_Enable ()
03-11 16:40:53.496 I/BrcmNfcNfa(  983): NFA got event 0x0100
03-11 16:40:53.496 I/BrcmNfcNfa(  983): NFA got event 0x0100
03-11 16:40:53.496 I/BrcmNfcNfa(  983): nfa_dm_evt_hdlr event: NFA_DM_API_ENABLE_EVT (0x00)
03-11 16:40:53.496 I/USERIAL_LINUX(  983): USERIAL_Open(): enter
03-11 16:40:53.496 I/USERIAL_LINUX(  983): USERIAL_Open() device: /dev/bcm2079x-i2c port=5, uart_port=0 WAKE_DELAY(20) WRITE_DELAY(20) POWER_ON_DELAY(0) PRE_POWER_OFF_DELAY(10) POST_POWER_OFF_DELAY(0)
03-11 16:40:53.506 I/MultiDex( 1056): Need extracted file /data/data/com.google.android.gms/files/secondary-dexes/com.google.android.gms-2.apk.classes2.zip
03-11 16:40:53.506 I/MultiDex( 1056): No extraction needed for /data/data/com.google.android.gms/files/secondary-dexes/com.google.android.gms-2.apk.classes2.zip of size 1430457
03-11 16:40:53.506 I/USERIAL_LINUX(  983): USERIAL_Open(): exit
03-11 16:40:53.516 V/KeyguardHostView(  777): Initial transport state: 1, pbstate=0
03-11 16:40:53.636 E/kickstart(  684): Wrote to /sys/power/wake_lock
03-11 16:40:53.726 I/ActivityManager(  646): Start proc com.google.process.gapps for content provider com.google.android.gsf/.gservices.GservicesProvider: pid=1124 uid=10023 gids={50023, 3003, 1007, 3002, 3001, 1028, 1015, 3007, 2001, 3006}
03-11 16:40:53.746 D/BluetoothManagerService(  646): Message: 20
03-11 16:40:53.746 D/BluetoothManagerService(  646): Added callback: android.bluetooth.IBluetoothManagerCallback$Stub$Proxy@6514d360:true
03-11 16:40:53.756 E/kickstart(  684): Received file "/dev/block/platform/msm_sdcc.1/by-name/m9kefs2"
03-11 16:40:53.756 E/kickstart(  684): 786432 bytes transferred in 0.113s (6.62 MBps)
03-11 16:40:53.756 E/kickstart(  684): Successfully downloaded files from target 
03-11 16:40:53.756 E/kickstart(  684): Wrote to /sys/power/wake_unlock
03-11 16:40:53.756 E/kickstart(  684): Sahara protocol completed
03-11 16:40:53.766 W/art     ( 1124): Failed to find ELF magic in /system/priv-app/GoogleServicesFramework.odex: dey
03-11 16:40:53.826 D/BluetoothManagerService(  646): Message: 30
03-11 16:40:53.906 W/art     ( 1124): Failed to find ELF magic in /system/app/GoogleContactsSyncAdapter.odex: dey
03-11 16:40:53.936 D/CallNotifier(  970): CallNotifier: mSignalInfoToneGenerator created when toneplay
03-11 16:40:53.936 D/BluetoothManagerService(  646): Message: 30
03-11 16:40:53.976 D/MobileDataStateTracker(  646): fota: Broadcast received: android.intent.action.ANY_DATA_STATE apnType=fota
03-11 16:40:53.976 D/MobileDataStateTracker(  646): fota: Received state=DISCONNECTED, old=DISCONNECTED, reason=radioTurnedOff
03-11 16:40:53.976 D/MobileDataStateTracker(  646): dun: Broadcast received: android.intent.action.ANY_DATA_STATE apnType=dun
03-11 16:40:53.976 D/MobileDataStateTracker(  646): dun: Received state=DISCONNECTED, old=DISCONNECTED, reason=radioTurnedOff
03-11 16:40:53.986 D/MobileDataStateTracker(  646): supl: Broadcast received: android.intent.action.ANY_DATA_STATE apnType=supl
03-11 16:40:53.986 D/MobileDataStateTracker(  646): supl: Received state=DISCONNECTED, old=DISCONNECTED, reason=radioTurnedOff
03-11 16:40:53.986 D/MobileDataStateTracker(  646): hipri: Broadcast received: android.intent.action.ANY_DATA_STATE apnType=hipri
03-11 16:40:53.996 D/MobileDataStateTracker(  646): hipri: Received state=DISCONNECTED, old=DISCONNECTED, reason=radioTurnedOff
03-11 16:40:53.996 D/MobileDataStateTracker(  646): ims: Broadcast received: android.intent.action.ANY_DATA_STATE apnType=ims
03-11 16:40:53.996 D/MobileDataStateTracker(  646): ims: Received state=DISCONNECTED, old=DISCONNECTED, reason=radioTurnedOff
03-11 16:40:53.996 D/MobileDataStateTracker(  646): default: Broadcast received: android.intent.action.ANY_DATA_STATE apnType=default
03-11 16:40:54.006 D/MobileDataStateTracker(  646): default: Received state=DISCONNECTED, old=DISCONNECTED, reason=radioTurnedOff
03-11 16:40:54.006 D/MobileDataStateTracker(  646): mms: Broadcast received: android.intent.action.ANY_DATA_STATE apnType=mms
03-11 16:40:54.006 D/MobileDataStateTracker(  646): mms: Received state=DISCONNECTED, old=DISCONNECTED, reason=radioTurnedOff
03-11 16:40:54.006 D/MobileDataStateTracker(  646): cbs: Broadcast received: android.intent.action.ANY_DATA_STATE apnType=cbs
03-11 16:40:54.006 D/MobileDataStateTracker(  646): cbs: Received state=DISCONNECTED, old=DISCONNECTED, reason=radioTurnedOff
03-11 16:40:54.006 D/MobileDataStateTracker(  646): fota: Broadcast received: android.intent.action.ANY_DATA_STATE apnType=fota
03-11 16:40:54.016 D/MobileDataStateTracker(  646): fota: Received state=DISCONNECTED, old=DISCONNECTED, reason=radioTurnedOff
03-11 16:40:54.016 D/MobileDataStateTracker(  646): dun: Broadcast received: android.intent.action.ANY_DATA_STATE apnType=dun
03-11 16:40:54.016 D/MobileDataStateTracker(  646): dun: Received state=DISCONNECTED, old=DISCONNECTED, reason=radioTurnedOff
03-11 16:40:54.016 D/MobileDataStateTracker(  646): supl: Broadcast received: android.intent.action.ANY_DATA_STATE apnType=supl
03-11 16:40:54.016 D/MobileDataStateTracker(  646): supl: Received state=DISCONNECTED, old=DISCONNECTED, reason=radioTurnedOff
03-11 16:40:54.016 D/MobileDataStateTracker(  646): hipri: Broadcast received: android.intent.action.ANY_DATA_STATE apnType=hipri
03-11 16:40:54.016 D/MobileDataStateTracker(  646): hipri: Received state=DISCONNECTED, old=DISCONNECTED, reason=radioTurnedOff
03-11 16:40:54.016 D/MobileDataStateTracker(  646): ims: Broadcast received: android.intent.action.ANY_DATA_STATE apnType=ims
03-11 16:40:54.026 D/MobileDataStateTracker(  646): ims: Received state=DISCONNECTED, old=DISCONNECTED, reason=radioTurnedOff
03-11 16:40:54.026 D/MobileDataStateTracker(  646): default: Broadcast received: android.intent.action.ANY_DATA_STATE apnType=default
03-11 16:40:54.026 D/MobileDataStateTracker(  646): default: Received state=DISCONNECTED, old=DISCONNECTED, reason=radioTurnedOff
03-11 16:40:54.026 D/MobileDataStateTracker(  646): mms: Broadcast received: android.intent.action.ANY_DATA_STATE apnType=mms
03-11 16:40:54.026 D/MobileDataStateTracker(  646): mms: Received state=DISCONNECTED, old=DISCONNECTED, reason=radioTurnedOff
03-11 16:40:54.026 D/MobileDataStateTracker(  646): cbs: Broadcast received: android.intent.action.ANY_DATA_STATE apnType=cbs
03-11 16:40:54.026 D/MobileDataStateTracker(  646): cbs: Received state=DISCONNECTED, old=DISCONNECTED, reason=radioTurnedOff
03-11 16:40:54.026 D/MobileDataStateTracker(  646): fota: Broadcast received: android.intent.action.ANY_DATA_STATE apnType=fota
03-11 16:40:54.026 D/MobileDataStateTracker(  646): fota: Received state=DISCONNECTED, old=DISCONNECTED, reason=dataDetached
03-11 16:40:54.026 D/MobileDataStateTracker(  646): dun: Broadcast received: android.intent.action.ANY_DATA_STATE apnType=dun
03-11 16:40:54.026 D/MobileDataStateTracker(  646): dun: Received state=DISCONNECTED, old=DISCONNECTED, reason=dataDetached
03-11 16:40:54.026 D/MobileDataStateTracker(  646): supl: Broadcast received: android.intent.action.ANY_DATA_STATE apnType=supl
03-11 16:40:54.036 I/GservicesProvider( 1124): Gservices pushing to system: true; secure/global: true
03-11 16:40:54.036 D/MobileDataStateTracker(  646): supl: Received state=DISCONNECTED, old=DISCONNECTED, reason=dataDetached
03-11 16:40:54.036 D/MobileDataStateTracker(  646): hipri: Broadcast received: android.intent.action.ANY_DATA_STATE apnType=hipri
03-11 16:40:54.036 D/MobileDataStateTracker(  646): hipri: Received state=DISCONNECTED, old=DISCONNECTED, reason=dataDetached
03-11 16:40:54.036 D/MobileDataStateTracker(  646): ims: Broadcast received: android.intent.action.ANY_DATA_STATE apnType=ims
03-11 16:40:54.036 D/MobileDataStateTracker(  646): ims: Received state=DISCONNECTED, old=DISCONNECTED, reason=dataDetached
03-11 16:40:54.036 D/MobileDataStateTracker(  646): default: Broadcast received: android.intent.action.ANY_DATA_STATE apnType=default
03-11 16:40:54.036 D/MobileDataStateTracker(  646): default: Received state=DISCONNECTED, old=DISCONNECTED, reason=dataDetached
03-11 16:40:54.036 D/MobileDataStateTracker(  646): mms: Broadcast received: android.intent.action.ANY_DATA_STATE apnType=mms
03-11 16:40:54.036 D/MobileDataStateTracker(  646): mms: Received state=DISCONNECTED, old=DISCONNECTED, reason=dataDetached
03-11 16:40:54.036 D/MobileDataStateTracker(  646): cbs: Broadcast received: android.intent.action.ANY_DATA_STATE apnType=cbs
03-11 16:40:54.036 D/MobileDataStateTracker(  646): cbs: Received state=DISCONNECTED, old=DISCONNECTED, reason=dataDetached
03-11 16:40:54.036 D/MobileDataStateTracker(  646): fota: Broadcast received: android.intent.action.ANY_DATA_STATE apnType=fota
03-11 16:40:54.036 D/MobileDataStateTracker(  646): fota: Received state=DISCONNECTED, old=DISCONNECTED, reason=roamingOff
03-11 16:40:54.036 D/MobileDataStateTracker(  646): dun: Broadcast received: android.intent.action.ANY_DATA_STATE apnType=dun
03-11 16:40:54.046 D/MobileDataStateTracker(  646): dun: Received state=DISCONNECTED, old=DISCONNECTED, reason=roamingOff
03-11 16:40:54.046 D/MobileDataStateTracker(  646): supl: Broadcast received: android.intent.action.ANY_DATA_STATE apnType=supl
03-11 16:40:54.056 D/MobileDataStateTracker(  646): supl: Received state=DISCONNECTED, old=DISCONNECTED, reason=roamingOff
03-11 16:40:54.056 D/MobileDataStateTracker(  646): hipri: Broadcast received: android.intent.action.ANY_DATA_STATE apnType=hipri
03-11 16:40:54.056 D/MobileDataStateTracker(  646): hipri: Received state=DISCONNECTED, old=DISCONNECTED, reason=roamingOff
03-11 16:40:54.056 D/MobileDataStateTracker(  646): ims: Broadcast received: android.intent.action.ANY_DATA_STATE apnType=ims
03-11 16:40:54.056 D/MobileDataStateTracker(  646): ims: Received state=DISCONNECTED, old=DISCONNECTED, reason=roamingOff
03-11 16:40:54.056 D/MobileDataStateTracker(  646): default: Broadcast received: android.intent.action.ANY_DATA_STATE apnType=default
03-11 16:40:54.056 D/MobileDataStateTracker(  646): default: Received state=DISCONNECTED, old=DISCONNECTED, reason=roamingOff
03-11 16:40:54.056 D/MobileDataStateTracker(  646): mms: Broadcast received: android.intent.action.ANY_DATA_STATE apnType=mms
03-11 16:40:54.056 D/MobileDataStateTracker(  646): mms: Received state=DISCONNECTED, old=DISCONNECTED, reason=roamingOff
03-11 16:40:54.056 D/MobileDataStateTracker(  646): cbs: Broadcast received: android.intent.action.ANY_DATA_STATE apnType=cbs
03-11 16:40:54.056 D/MobileDataStateTracker(  646): cbs: Received state=DISCONNECTED, old=DISCONNECTED, reason=roamingOff
03-11 16:40:54.066 D/MobileDataStateTracker(  646): fota: Broadcast received: android.intent.action.ANY_DATA_STATE apnType=fota
03-11 16:40:54.066 D/MobileDataStateTracker(  646): fota: Received state=DISCONNECTED, old=DISCONNECTED, reason=roamingOff
03-11 16:40:54.066 D/MobileDataStateTracker(  646): dun: Broadcast received: android.intent.action.ANY_DATA_STATE apnType=dun
03-11 16:40:54.066 D/MobileDataStateTracker(  646): dun: Received state=DISCONNECTED, old=DISCONNECTED, reason=roamingOff
03-11 16:40:54.066 D/MobileDataStateTracker(  646): supl: Broadcast received: android.intent.action.ANY_DATA_STATE apnType=supl
03-11 16:40:54.066 D/MobileDataStateTracker(  646): supl: Received state=DISCONNECTED, old=DISCONNECTED, reason=roamingOff
03-11 16:40:54.066 D/MobileDataStateTracker(  646): hipri: Broadcast received: android.intent.action.ANY_DATA_STATE apnType=hipri
03-11 16:40:54.076 D/TelephonyDebugService(  970): TelephonyDebugService()
03-11 16:40:54.076 D/MobileDataStateTracker(  646): hipri: Received state=DISCONNECTED, old=DISCONNECTED, reason=roamingOff
03-11 16:40:54.076 D/MobileDataStateTracker(  646): ims: Broadcast received: android.intent.action.ANY_DATA_STATE apnType=ims
03-11 16:40:54.076 D/MobileDataStateTracker(  646): ims: Received state=DISCONNECTED, old=DISCONNECTED, reason=roamingOff
03-11 16:40:54.086 D/MobileDataStateTracker(  646): default: Broadcast received: android.intent.action.ANY_DATA_STATE apnType=default
03-11 16:40:54.086 D/MobileDataStateTracker(  646): default: Received state=DISCONNECTED, old=DISCONNECTED, reason=roamingOff
03-11 16:40:54.086 D/MobileDataStateTracker(  646): mms: Broadcast received: android.intent.action.ANY_DATA_STATE apnType=mms
03-11 16:40:54.086 D/MobileDataStateTracker(  646): mms: Received state=DISCONNECTED, old=DISCONNECTED, reason=roamingOff
03-11 16:40:54.086 D/MobileDataStateTracker(  646): cbs: Broadcast received: android.intent.action.ANY_DATA_STATE apnType=cbs
03-11 16:40:54.086 D/MobileDataStateTracker(  646): cbs: Received state=DISCONNECTED, old=DISCONNECTED, reason=roamingOff
03-11 16:40:54.096 D/CastDeviceScannerIntentService( 1056): Starting operation: >> ayx
03-11 16:40:54.096 D/CastDeviceScannerIntentService( 1056): Finished operation: << ayx (0ms elapsed)
03-11 16:40:54.096 D/CastDeviceScannerIntentService( 1056): Starting operation: >> ayv
03-11 16:40:54.096 E/NfcNciHal(  983): NVM patch version is 11.31
03-11 16:40:54.096 D/BluetoothManagerService(  646): Message: 30
03-11 16:40:54.096 E/KeepSync( 1081): Try to add invalid account
03-11 16:40:54.106 E/KeepSync( 1081): Try to force sync on a null account
03-11 16:40:54.106 E/BluetoothPhoneService(  970): Could not get a handle on Connection object for the call
03-11 16:40:54.116 W/CallNotifier(  970): Got onMwiChanged() on non-voice-capable device! Ignoring...
03-11 16:40:54.126 E/KeepSync( 1081): Try to add invalid account
03-11 16:40:54.126 E/KeepSync( 1081): Try to force sync on a null account
03-11 16:40:54.136 I/PhoneApp(  970): Headset phone created, binding local service.
03-11 16:40:54.136 W/MdnsDeviceScanner( 1056): No network interfaces to scan on!
03-11 16:40:54.136 D/CastDeviceScannerIntentService( 1056): Finished operation: << ayv (47ms elapsed)
03-11 16:40:54.206 I/ContactLocale(  908): AddressBook Labels [en_US]: [, A, B, C, D, E, F, G, H, I, J, K, L, M, N, O, P, Q, R, S, T, U, V, W, X, Y, Z, , , , , , , , , , , , , , , , , , , , , , , , , , , , , , , , , , , , , , , , , , , , , , , , , , , , , , , , , , , , , , , , , , , , , , , , , , , , , , , , , , , , , , , , , , , , , , , , , , , , , , , , , , , , , , , , , , , , , , , , , , , , , , , , , , , , , , , , , , , , , , , , , , , , , , , , , , , , , , , , , , , , , , , , , , , , , , , , , , , , , , #, ]
03-11 16:40:54.236 E/AppsCustomizePagedView( 1005): Widget ComponentInfo{com.devhd.feedly/com.devhd.feedly.widget.FeedlyWidgetProvider_4_1} has invalid dimensions (0, 0)
03-11 16:40:54.386 D/BluetoothAdapter(  927): 1692282544: getState() :  mService = null. Returning STATE_OFF
03-11 16:40:54.396 V/KeepAlert( 1081): Action android.net.wifi.WIFI_STATE_CHANGED
03-11 16:40:54.406 D/BluetoothAdapter(  927): 1692282544: getState() :  mService = null. Returning STATE_OFF
03-11 16:40:54.406 V/KeepAlert( 1081): Action android.net.wifi.WIFI_STATE_CHANGED
03-11 16:40:54.537 V/KeepAlert( 1081): Action android.net.wifi.WIFI_STATE_CHANGED
03-11 16:40:54.567 I/art     (  777): GcCauseBackground partial concurrent mark sweep GC freed 91(3KB) AllocSpace objects, 0(0B) LOS objects, 1% free, 46MB/47MB, paused 6.072ms total 22.460ms
03-11 16:40:54.587 W/art     (  186): Could not get current activity
03-11 16:40:54.597 I/ActivityManager(  646): Start proc com.google.process.location for broadcast com.google.android.gms/com.google.android.location.network.LocationProviderChangeReceiver: pid=1193 uid=10023 gids={50023, 3003, 1007, 3002, 3001, 1028, 1015, 3007, 2001, 3006}
03-11 16:40:54.657 I/Adreno-EGL( 1005): <qeglDrvAPI_eglInitialize:320>: EGL 1.4 QUALCOMM Build: I0404c4692afb8623f95c43aeb6d5e13ed4b30ddbDate: 11/06/13
03-11 16:40:54.657 W/art     ( 1193): Failed to find ELF magic in /system/priv-app/GoogleBackupTransport.odex: dey
03-11 16:40:54.667 W/art     ( 1193): Failed to find ELF magic in /system/framework/com.android.location.provider.odex: dey
03-11 16:40:54.667 W/art     ( 1193): Failed to find ELF magic in /system/framework/com.android.media.remotedisplay.odex: dey
03-11 16:40:54.687 I/Choreographer(  777): Skipped 91 frames!  The application may be doing too much work on its main thread.
03-11 16:40:54.697 D/OpenGLRenderer( 1005): Enabling debug mode 0
03-11 16:40:54.737 V/BackupManagerService(  646): Connected to transport ComponentInfo{com.google.android.backuptransport/com.google.android.backup.BackupTransportService}
03-11 16:40:54.737 V/BackupManagerService(  646): Registering transport com.google.android.backuptransport/com.google.android.backup.BackupTransportService::com.google.android.backup/.BackupTransportService = com.android.internal.backup.IBackupTransport$Stub$Proxy@6506b0a8
03-11 16:40:54.747 I/MultiDex( 1193): load(/data/app/com.google.android.gms-2.apk, forceReload=false)
03-11 16:40:54.767 I/ActivityManager(  646): Displayed com.android.launcher/com.android.launcher2.Launcher: +1s904ms
03-11 16:40:54.777 V/KeyguardHostView(  777): music state changed: 0
03-11 16:40:54.787 I/MultiDex( 1193): Need extracted file /data/data/com.google.android.gms/files/secondary-dexes/com.google.android.gms-2.apk.classes2.zip
03-11 16:40:54.787 I/MultiDex( 1193): No extraction needed for /data/data/com.google.android.gms/files/secondary-dexes/com.google.android.gms-2.apk.classes2.zip of size 1430457
03-11 16:40:54.827 D/CastDeviceScannerIntentService( 1056): Starting operation: >> ayx
03-11 16:40:54.827 D/CastDeviceScannerIntentService( 1056): Finished operation: << ayx (1ms elapsed)
03-11 16:40:54.847 V/KeyguardServiceDelegate(  646): **** SHOWN CALLED ****
03-11 16:40:54.857 V/GmsNetworkLocationProvi( 1193): onSetRequest: ProviderRequestUnbundled, reportLocation is true and interval is 86400000
03-11 16:40:54.977 E/LocationManagerHelper( 1193): Unable to assign LocationManager blame through WorkSource: java.lang.IllegalArgumentException: method android.location.LocationRequest.setWorkSource argument 1 has type android.os.WorkSource, got bmu, cause: null
03-11 16:40:54.987 D/PhoneStatusBar(  777): disable: < expand icons alerts ticker system_info BACK* HOME* RECENT clock search >
03-11 16:40:55.007 D/Launcher.Model( 1005): DbDebug    Modify item (HN) in db, id: 47 (48, 0, 0, 0) --> (48, 0, 0, 0)
03-11 16:40:55.007 D/Launcher.Model( 1005): DbDebug    Modify item (reddit sync) in db, id: 49 (48, 0, 1, 0) --> (48, 0, 1, 0)
03-11 16:40:55.007 D/Launcher.Model( 1005): DbDebug    Modify item (Google+) in db, id: 58 (48, 0, 2, 0) --> (48, 0, 2, 0)
03-11 16:40:55.007 D/Launcher.Model( 1005): DbDebug    Modify item (feedly) in db, id: 57 (48, 0, 0, 1) --> (48, 0, 0, 1)
03-11 16:40:55.007 D/Launcher.Model( 1005): DbDebug    Modify item (Moon+ Reader) in db, id: 63 (48, 0, 1, 1) --> (48, 0, 1, 1)
03-11 16:40:55.017 D/Launcher.Model( 1005): DbDebug    Modify item (Dropbox) in db, id: 61 (62, 0, 0, 0) --> (62, 0, 0, 0)
03-11 16:40:55.027 D/Launcher.Model( 1005): DbDebug    Modify item (Play Store) in db, id: 45 (62, 0, 1, 0) --> (62, 0, 1, 0)
03-11 16:40:55.027 D/Launcher.Model( 1005): DbDebug    Modify item (Chrome) in db, id: 29 (50, 0, 0, 0) --> (50, 0, 0, 0)
03-11 16:40:55.027 D/Launcher.Model( 1005): DbDebug    Modify item (Chrome Beta) in db, id: 51 (50, 0, 1, 0) --> (50, 0, 1, 0)
03-11 16:40:55.037 D/Launcher.Model( 1005): DbDebug    Modify item (Nightly) in db, id: 53 (50, 0, 0, 1) --> (50, 0, 0, 1)
03-11 16:40:55.067 V/RenderScript( 1005): Application requested CPU execution
03-11 16:40:55.087 V/RenderScript( 1005): 0x4a916b58 Launching thread(s), CPUs 4
03-11 16:40:55.097 D/PhoneStatusBar(  777): disable: < expand icons alerts ticker system_info BACK HOME RECENT CLOCK* search >
03-11 16:40:55.117 D/Launcher.Model( 1005): DbDebug    Modify item (Play Music) in db, id: 4 (2, 0, 0, 0) --> (2, 0, 0, 0)
03-11 16:40:55.117 D/Launcher.Model( 1005): DbDebug    Modify item (Play Books) in db, id: 6 (2, 0, 1, 0) --> (2, 0, 1, 0)
03-11 16:40:55.117 D/Launcher.Model( 1005): DbDebug    Modify item (Play Games) in db, id: 8 (2, 0, 2, 0) --> (2, 0, 2, 0)
03-11 16:40:55.127 D/Launcher.Model( 1005): DbDebug    Modify item (Play Newsstand) in db, id: 10 (2, 0, 3, 0) --> (2, 0, 3, 0)
03-11 16:40:55.127 D/Launcher.Model( 1005): DbDebug    Modify item (Google+) in db, id: 12 (2, 0, 0, 1) --> (2, 0, 0, 1)
03-11 16:40:55.127 D/Launcher.Model( 1005): DbDebug    Modify item (Keep) in db, id: 14 (2, 0, 1, 1) --> (2, 0, 1, 1)
03-11 16:40:55.127 D/Launcher.Model( 1005): DbDebug    Modify item (Drive) in db, id: 16 (2, 0, 2, 1) --> (2, 0, 2, 1)
03-11 16:40:55.127 D/Launcher.Model( 1005): DbDebug    Modify item (Calendar) in db, id: 18 (2, 0, 3, 1) --> (2, 0, 3, 1)
03-11 16:40:55.127 D/Launcher.Model( 1005): DbDebug    Modify item (Currents) in db, id: 20 (2, 0, 0, 2) --> (2, 0, 0, 2)
03-11 16:40:55.127 D/Launcher.Model( 1005): DbDebug    Modify item (Gallery) in db, id: 22 (2, 0, 1, 2) --> (2, 0, 1, 2)
03-11 16:40:55.127 D/Launcher.Model( 1005): DbDebug    Modify item (Earth) in db, id: 24 (2, 0, 2, 2) --> (2, 0, 2, 2)
03-11 16:40:55.217 I/art     ( 1193): GcCauseBackground sticky partial concurrent mark sweep GC freed 11222(650KB) AllocSpace objects, 10(160KB) LOS objects, 6% free, 9MB/9MB, paused 7.080ms total 48.400ms
03-11 16:40:55.237 V/ProvidersChangedReceiver( 1193): calling applySettings
03-11 16:40:55.257 V/GmsNetworkLocationProvi( 1193): ENABLE
03-11 16:40:55.257 V/GmsNetworkLocationProvi( 1193): SET-REQUEST
03-11 16:40:55.257 V/GmsNetworkLocationProvi( 1193): in Handler: ProviderRequestUnbundled, reportLocation is true and interval is 86400000
03-11 16:40:55.818 I/GCoreUlr( 1193): Starting service, intent=Intent { cmp=com.google.android.gms/com.google.android.location.reporting.service.DispatchingService (has extras) }, extras=Bundle[{intentType=2, receiverAction=android.location.PROVIDERS_CHANGED}]
03-11 16:40:55.828 D/BluetoothAdapter(  927): 1692282544: getState() :  mService = null. Returning STATE_OFF
03-11 16:40:55.858 I/GCoreUlr( 1193): DispatchingService.onCreate()
03-11 16:40:55.918 I/ActivityManager(  646): Start proc com.google.android.apps.magazines for broadcast com.google.android.apps.magazines/com.google.apps.dots.android.newsstand.audio.MediaButtonIntentReceiver: pid=1242 uid=10040 gids={50040, 3003, 1028, 1015}
03-11 16:40:55.948 W/Settings( 1193): Setting airplane_mode_on has moved from android.provider.Settings.System to android.provider.Settings.Global, returning read-only value.
03-11 16:40:55.958 I/wpa_supplicant(  787): wlan0: Trying to associate with SSID 'aalto open'
03-11 16:40:56.028 I/GCoreUlr( 1193): WorldUpdater received intent Intent { cmp=com.google.android.gms/com.google.android.location.reporting.service.DispatchingService (has extras) } with receiverAction android.location.PROVIDERS_CHANGED, forceUpdate false
03-11 16:40:56.048 I/wpa_supplicant(  787): wlan0: Associated with 08:1f:f3:b2:d0:a1
03-11 16:40:56.048 I/wpa_supplicant(  787): wlan0: CTRL-EVENT-CONNECTED - Connection to 08:1f:f3:b2:d0:a1 completed (auth) [id=1 id_str=]
03-11 16:40:56.058 D/Tethering(  646): sendTetherStateChangedBroadcast 1, 0, 0
03-11 16:40:56.068 E/WifiStateMachine(  646): Unexpected BatchedScanResults :OK
03-11 16:40:56.098 D/GeofencerStateMachine( 1193): Creating GeofencerStateMachine
03-11 16:40:56.188 V/WebViewChromium( 1242): Binding Chromium to the background looper Looper (main, tid 1) {64da7580}
03-11 16:40:56.188 V/BufferedAnalyticsState( 1193): Not ready for upload, 566 seconds left.
03-11 16:40:56.188 I/chromium( 1242): [INFO:library_loader_hooks.cc(112)] Chromium logging enabled: level = 0, default verbosity = 0
03-11 16:40:56.188 I/BrowserProcessMain( 1242): Initializing chromium process, renderers=0
03-11 16:40:56.198 W/art     ( 1242): Attempt to remove local SIRT entry from IRT, ignoring
03-11 16:40:56.218 D/BrcmNfcJni(  983): RoutingManager::initialize(): try ee register
03-11 16:40:56.218 D/BrcmNfcJni(  983): RoutingManager::nfaEeCallback: NFA_EE_REGISTER_EVT; status=0
03-11 16:40:56.218 D/BrcmNfcJni(  983): nfaEeCallback: NFA_EE_DISCOVER_REQ_EVT; status=0x0; num ee=0
03-11 16:40:56.218 D/BrcmNfcJni(  983): RoutingManager::initialize(): default route is 0x00
03-11 16:40:56.218 D/BrcmNfcJni(  983): RoutingManager::nfaEeCallback: NFA_EE_SET_TECH_CFG_EVT; status=0x0
03-11 16:40:56.218 D/BrcmNfcJni(  983): RoutingManager::nfaEeCallback: NFA_EE_SET_PROTO_CFG_EVT; status=0x0
03-11 16:40:56.218 E/BrcmNfcNfa(  983): UICC[0x0] is not activated
03-11 16:40:56.218 E/BrcmNfcNfa(  983): UICC[0x0] is not activated
03-11 16:40:56.218 D/BrcmNfcJni(  983): RoutingManager::stackCallback: event=0x15
03-11 16:40:56.218 D/BrcmNfcJni(  983): RoutingManager::stackCallback: NFA_CE_REGISTERED_EVT; status=0x0; h=0x302
03-11 16:40:56.228 V/GeofencerHelper( 1193): Initializing geofence's system cache.
03-11 16:40:56.228 D/NdefPushServer(  983): start, thread = null
03-11 16:40:56.228 D/NdefPushServer(  983): starting new server thread
03-11 16:40:56.228 V/PlaceSubscriptionManager( 1193): Initializing PlaceSubscriptionManager's system cache.
03-11 16:40:56.238 D/NdefPushServer(  983): about create LLCP service socket
03-11 16:40:56.238 D/NdefPushServer(  983): created LLCP service socket
03-11 16:40:56.238 D/NdefPushServer(  983): about to accept
03-11 16:40:56.238 D/NfcService(  983): NFC-EE OFF
03-11 16:40:56.238 E/BrcmNfcJni(  983): nfcManager_doDeselectSecureElement: already deselected
03-11 16:40:56.238 D/NfcService(  983): NFC-C OFF
03-11 16:40:56.248 W/art     ( 1242): Thread[13,tid=1287,Native,Thread*=0x49902420,peer=0x64e532b0,"Thread-91"] attached without supplying a name
03-11 16:40:56.258 W/chromium( 1242): [WARNING:proxy_service.cc(888)] PAC support disabled because there is no system implementation
03-11 16:40:56.268 D/GeofenceStateCache( 1193): Recovered 0 geofences.
03-11 16:40:56.288 I/Adreno-EGL( 1242): <qeglDrvAPI_eglInitialize:320>: EGL 1.4 QUALCOMM Build: I0404c4692afb8623f95c43aeb6d5e13ed4b30ddbDate: 11/06/13
03-11 16:40:56.308 I/art     ( 1124): Heap trim of managed (duration=549.316us, advised=12KB) and native (duration=1.312256ms, advised=0B) heaps. Managed heap utilization of 63%.
03-11 16:40:56.328 I/GCoreUlr( 1193): Ensuring that reporting is stopped because of reasons: {account#-17#=[InactiveReason{mVersionCode=0, mIdentifier=6, mName='ReportingNotSelected'}]}
03-11 16:40:56.328 D/GCoreFlp( 1193): Unknown pending intent to remove.
03-11 16:40:56.328 I/GCoreUlr( 1193): Unbound from all location providers
03-11 16:40:56.388 W/art     ( 1242): Thread[14,tid=1276,Native,Thread*=0x4a29bd30,peer=0x64e65068,"Thread-93"] attached without supplying a name
03-11 16:40:56.428 W/art     ( 1242): Attempt to remove local SIRT entry from IRT, ignoring
03-11 16:40:56.539 W/GAV2    ( 1242): Thread[main,5,main]: Need to call initialize() and be in fallback mode to start dispatch.
03-11 16:40:56.759 I/NSApplication( 1242): Starting up...
03-11 16:40:56.859 V/ProvidersChangedReceiver( 1193): calling applySettings
03-11 16:40:56.869 I/GCoreUlr( 1193): Starting service, intent=Intent { cmp=com.google.android.gms/com.google.android.location.reporting.service.DispatchingService (has extras) }, extras=Bundle[{intentType=2, receiverAction=android.location.PROVIDERS_CHANGED}]
03-11 16:40:56.879 D/BluetoothAdapter(  927): 1692282544: getState() :  mService = null. Returning STATE_OFF
03-11 16:40:56.879 I/GCoreUlr( 1193): WorldUpdater received intent Intent { cmp=com.google.android.gms/com.google.android.location.reporting.service.DispatchingService (has extras) } with receiverAction android.location.PROVIDERS_CHANGED, forceUpdate false
03-11 16:40:56.879 W/ProcessCpuTracker(  646): Skipping unknown process pid 1336
03-11 16:40:56.899 W/art     (  186): Could not get current activity
03-11 16:40:56.899 I/ActivityManager(  646): Start proc com.google.android.partnersetup for broadcast com.google.android.partnersetup/.PhoneStateReceiver: pid=1340 uid=10028 gids={50028, 3003}
03-11 16:40:56.959 W/art     ( 1340): Failed to find ELF magic in /system/priv-app/GooglePartnerSetup.odex: dey
03-11 16:40:56.969 I/art     ( 1242): Heap trim of managed (duration=1.922607ms, advised=44KB) and native (duration=2.502441ms, advised=32KB) heaps. Managed heap utilization of 64%.
03-11 16:40:56.969 I/MediaFocusControl(  646):  AudioFocus  abandonAudioFocus() from android.media.AudioManager@64fcbf30com.google.apps.dots.android.newsstand.audio.AudioPlayerService$3@64fccd20
03-11 16:40:56.969 I/MediaFocusControl(  646):   Remote Control   unregisterMediaButtonIntent() for PendingIntent{655a13d8: PendingIntentRecord{654a1bf0 com.google.android.apps.magazines broadcastIntent}}
03-11 16:40:56.999 W/art     ( 1124): Failed to find ELF magic in /system/framework/com.android.location.provider.odex: dey
03-11 16:40:56.999 W/art     ( 1124): Failed to find ELF magic in /system/framework/com.android.media.remotedisplay.odex: dey
03-11 16:40:57.019 I/MultiDex( 1124): load(/data/app/com.google.android.gms-2.apk, forceReload=false)
03-11 16:40:57.039 I/MultiDex( 1124): Need extracted file /data/data/com.google.android.gms/files/secondary-dexes/com.google.android.gms-2.apk.classes2.zip
03-11 16:40:57.039 I/MultiDex( 1124): No extraction needed for /data/data/com.google.android.gms/files/secondary-dexes/com.google.android.gms-2.apk.classes2.zip of size 1430457
03-11 16:40:57.059 I/GCoreUlr( 1193): Ensuring that reporting is stopped because of reasons: {account#-17#=[InactiveReason{mVersionCode=0, mIdentifier=6, mName='ReportingNotSelected'}]}
03-11 16:40:57.059 D/GCoreFlp( 1193): Unknown pending intent to remove.
03-11 16:40:57.059 I/GCoreUlr( 1193): Unbound from all location providers
03-11 16:40:57.069 D/GCM     ( 1124): COMPAT: Multi user ser=0 current=0
03-11 16:40:57.169 W/GCM     ( 1124): Using fallback http
03-11 16:40:57.179 I/GoogleHttpClient( 1124): Falling back to old http client 0 java.lang.NoSuchMethodException: <init> [class android.content.Context, class java.lang.String, boolean]
03-11 16:40:57.189 I/GCM     ( 1124): GCM config loaded
03-11 16:40:57.189 D/GCM     ( 1124): GcmService start Intent { act=com.google.android.gms.INITIALIZE flg=0x10 pkg=com.google.android.gms cmp=com.google.android.gms/.gcm.GcmService } com.google.android.gms.INITIALIZE
03-11 16:40:57.189 D/GCM     ( 1124): GcmService start Intent { act=com.google.android.gms.INITIALIZE flg=0x10 pkg=com.google.android.gms cmp=com.google.android.gms/.gcm.GcmService } com.google.android.gms.INITIALIZE
03-11 16:40:57.219 I/ActivityManager(  646): Start proc com.facebook.katana:dash_service for broadcast com.facebook.katana/com.facebook.keyguardservice.KeyguardServiceBooter: pid=1375 uid=10114 gids={50114, 1028, 1015, 3003}
03-11 16:40:57.229 D/ConnectivityService(  646): handleInetConditionChange: no active default network - ignore
03-11 16:40:57.289 W/art     ( 1375): Failed to find ELF magic in /system/framework/com.google.android.maps.odex: dey
03-11 16:40:57.459 D/CatchMeIfYouCan( 1375): Process (dash_service) ca: '/data/data/com.facebook.katana/app_cmiyc/FC3D6AF0DCAD751E9720A8A1538A89840AD3817701'
03-11 16:40:57.459 D/CatchMeIfYouCan( 1375): Process (dash_service) fc: '/data/data/com.facebook.katana/app_cmiyc/FC3D6AF0DCAD751E9720A8A1538A89840AD3817702'
03-11 16:40:57.459 D/CatchMeIfYouCan( 1375): Process (dash_service) cp: '('default', 3, 120000, silent [true], restart [false], logout [false])'
03-11 16:40:57.489 D/ACRA    ( 1375): ACRA is enabled for com.facebook.katana, intializing...
03-11 16:40:57.499 D/ACRA    ( 1375): Looking for error files in /data/data/com.facebook.katana/app_acra-reports
03-11 16:40:57.499 D/ACRA    ( 1375): Looking for error files in /data/data/com.facebook.katana/app_minidumps
03-11 16:40:57.540 W/SystemClassLoaderAdder( 1375): Could not find zipFile entry corresponding to path /data/app/com.facebook.katana-2.apk
03-11 16:40:57.550 V/DexLibLoader( 1375): Preparing secondary program dexes.
03-11 16:40:57.550 V/DexLibLoader( 1375): Loaded 2 raw lines of metadata.
03-11 16:40:57.550 V/DexLibLoader( 1375): Secondary program dex metadata: secondary-1.dex.jar.xz 188f1cf98e7929d7457e2cdf72a0777981e1fc27 secondary.dex01.Canary
03-11 16:40:57.550 V/DexLibLoader( 1375): Secondary program dex metadata: secondary-2.dex.jar.xz 14314443648960c2f9d1e4924306d1af2de75315 secondary.dex02.Canary
03-11 16:40:57.550 W/DexLibLoader( 1375): Unexpected file in program dex directory: /data/data/com.facebook.katana/app_secondary_program_dex/temp_dex_lock
03-11 16:40:57.550 V/DexLibLoader( 1375): Preparing to extract secondary-1.dex.jar.xz to /data/data/com.facebook.katana/app_secondary_program_dex/program-188f1cf98e7929d7457e2cdf72a0777981e1fc2731a2345d.dex.jar
03-11 16:40:57.550 V/DexLibLoader( 1375): Dex already copied
03-11 16:40:57.560 D/OdexVerifier( 1375): Odex verification is skipped. OS version not supported.
03-11 16:40:57.560 V/DexLibLoader( 1375): Creating class loader
03-11 16:40:57.570 V/DexLibLoader( 1375): Finished creating class loader
03-11 16:40:57.570 V/DexLibLoader( 1375): Preparing to extract secondary-2.dex.jar.xz to /data/data/com.facebook.katana/app_secondary_program_dex/program-14314443648960c2f9d1e4924306d1af2de7531531a2345d.dex.jar
03-11 16:40:57.570 V/DexLibLoader( 1375): Dex already copied
03-11 16:40:57.570 D/OdexVerifier( 1375): Odex verification is skipped. OS version not supported.
03-11 16:40:57.570 V/DexLibLoader( 1375): Creating class loader
03-11 16:40:57.570 V/DexLibLoader( 1375): Finished creating class loader
03-11 16:40:57.570 V/DexLibLoader( 1375): Verifying classes from secondary dexes.
03-11 16:40:57.620 D/DexLibLoader( 1375): DexLibLoader.ensureDexLoaded took 91 ms
03-11 16:40:57.890 D/WifiStateMachine(  646): VerifyingLinkState enter
03-11 16:40:57.890 D/WifiStateMachine(  646): VerifyingLinkState GOOD_LINK_DETECTED: transition to captive portal check
03-11 16:40:57.900 D/WifiStateMachine(  646): CaptivePortalCheckState enter
03-11 16:40:57.900 D/WifiStateMachine(  646): CaptivePortalCheckState CMD_CAPTIVE_CHECK_COMPLETE
03-11 16:40:57.900 D/ConnectivityService(  646): Captive portal check NetworkInfo: type: WIFI[], state: CONNECTING/CAPTIVE_PORTAL_CHECK, reason: (unspecified), extra: "aalto open", roaming: false, failover: false, isAvailable: true, isConnectedToProvisioningNetwork: false
03-11 16:40:57.900 D/ConnectivityService(  646): handleCaptivePortalTrackerCheck: call captivePortalCheckComplete ni=NetworkInfo: type: WIFI[], state: CONNECTING/CAPTIVE_PORTAL_CHECK, reason: (unspecified), extra: "aalto open", roaming: false, failover: false, isAvailable: true, isConnectedToProvisioningNetwork: false
03-11 16:40:57.910 D/ConnectivityService(  646): ConnectivityChange for WIFI: CONNECTED/CONNECTED
03-11 16:40:57.910 E/ConnectivityService(  646): Unexpected mtu value: android.net.wifi.WifiStateTracker@65545de0
03-11 16:40:57.920 D/Nat464Xlat(  646): requiresClat: netType=1, hasIPv4Address=true
03-11 16:40:58.030 W/art     ( 1375): Verification of void com.facebook.katana.app.module.FbandroidAppModule.a() took 245.666503ms
03-11 16:40:58.991 D/ConnectivityService(  646): handleConnectivityChange: addresses changed linkProperty[1]: resetMask=0
03-11 16:40:58.991 D/ConnectivityService(  646):    car=removed=[] added=[fe80::beee:7bff:fe4c:a773/64,]
03-11 16:40:58.991 D/Nat464Xlat(  646): requiresClat: netType=1, hasIPv4Address=true
03-11 16:40:59.191 I/art     ( 1375): GcCauseBackground sticky partial concurrent mark sweep GC freed 17050(1031KB) AllocSpace objects, 0(0B) LOS objects, 8% free, 11MB/12MB, paused 5.615ms total 29.907ms
03-11 16:40:59.421 I/art     ( 1375): GcCauseBackground sticky partial concurrent mark sweep GC freed 6214(539KB) AllocSpace objects, 0(0B) LOS objects, 4% free, 12MB/12MB, paused 5.493ms total 31.707ms
03-11 16:40:59.461 D/BluetoothManagerService(  646): Message: 30
03-11 16:40:59.481 D/BluetoothManagerService(  646): Message: 30
03-11 16:40:59.481 W/ContextImpl(  646): Calling a method in the system process without a qualified user: android.app.ContextImpl.bindService:1543 android.bluetooth.BluetoothHeadset.doBind:283 android.bluetooth.BluetoothHeadset.<init>:276 android.bluetooth.BluetoothAdapter.getProfileProxy:1181 android.media.AudioService.getBluetoothHeadset:2245 
03-11 16:40:59.481 W/ContextImpl(  646): Calling a method in the system process without a qualified user: android.app.ContextImpl.bindService:1543 android.bluetooth.BluetoothA2dp.doBind:165 android.bluetooth.BluetoothA2dp.<init>:158 android.bluetooth.BluetoothAdapter.getProfileProxy:1184 android.media.AudioService$AudioServiceBroadcastReceiver.onReceive:4166 
03-11 16:40:59.481 V/WiredAccessoryManager(  646): init()
03-11 16:40:59.491 I/PowerManagerService(  646): Boot animation finished.
03-11 16:40:59.501 W/art     (  186): Could not get current activity
03-11 16:40:59.511 I/RecoverySystem(  646): No recovery log file
03-11 16:40:59.521 I/ActivityManager(  646): Start proc com.android.providers.calendar for broadcast com.android.providers.calendar/.CalendarReceiver: pid=1434 uid=10008 gids={50008, 3003, 1028, 1015}
03-11 16:40:59.582 I/ActivityManager(  646): Start proc com.chrome.beta for service com.chrome.beta/com.google.android.apps.chrome.sync.ChromeBrowserSyncAdapterService: pid=1463 uid=10110 gids={50110, 3003, 1028, 1015}
03-11 16:40:59.592 I/BootReceiver(  646): Copying /proc/last_kmsg to DropBox (SYSTEM_LAST_KMSG)
03-11 16:40:59.602 W/art     ( 1434): Failed to find ELF magic in /system/framework/android.test.runner.odex: dey
03-11 16:40:59.612 W/art     ( 1434): Failed to find ELF magic in /system/priv-app/CalendarProvider.odex: dey
03-11 16:40:59.632 I/ActivityManager(  646): Start proc com.facebook.katana for content provider com.facebook.katana/.provider.orca.FbSharedPreferencesContentProvider: pid=1486 uid=10114 gids={50114, 1028, 1015, 3003}
03-11 16:40:59.632 I/BootReceiver(  646): Copying audit failures to DropBox
03-11 16:40:59.652 I/BootReceiver(  646): Copied 3501 worth of audits to DropBox
03-11 16:40:59.662 I/BootReceiver(  646): Checking for fsck errors
03-11 16:40:59.662 I/BootReceiver(  646): Copying /data/tombstones/tombstone_02 to DropBox (SYSTEM_TOMBSTONE)
03-11 16:40:59.702 W/art     ( 1486): Failed to find ELF magic in /system/framework/com.google.android.maps.odex: dey
03-11 16:40:59.772 D/CatchMeIfYouCan( 1486): Process (<default>) ca: '/data/user/0/com.facebook.katana/app_cmiyc/A1657CCD543F12E66E587EE52ED9D802E22AAC4701'
03-11 16:40:59.772 D/CatchMeIfYouCan( 1486): Process (<default>) fc: '/data/user/0/com.facebook.katana/app_cmiyc/A1657CCD543F12E66E587EE52ED9D802E22AAC4702'
03-11 16:40:59.772 D/CatchMeIfYouCan( 1486): Process (<default>) cp: '('default', 3, 120000, silent [true], restart [false], logout [false])'
03-11 16:40:59.782 D/ACRA    ( 1486): ACRA is enabled for com.facebook.katana, intializing...
03-11 16:40:59.792 D/ACRA    ( 1486): Looking for error files in /data/user/0/com.facebook.katana/app_acra-reports
03-11 16:40:59.792 D/ACRA    ( 1486): Looking for error files in /data/user/0/com.facebook.katana/app_minidumps
03-11 16:40:59.822 I/CalendarProvider2( 1434): Created com.android.providers.calendar.CalendarAlarmManager@64dd5900(com.android.providers.calendar.CalendarProvider2@64dc6330)
03-11 16:40:59.822 W/SystemClassLoaderAdder( 1486): Could not find zipFile entry corresponding to path /data/app/com.facebook.katana-2.apk
03-11 16:40:59.822 V/DexLibLoader( 1486): Preparing secondary program dexes.
03-11 16:40:59.822 V/DexLibLoader( 1486): Loaded 2 raw lines of metadata.
03-11 16:40:59.822 V/DexLibLoader( 1486): Secondary program dex metadata: secondary-1.dex.jar.xz 188f1cf98e7929d7457e2cdf72a0777981e1fc27 secondary.dex01.Canary
03-11 16:40:59.822 V/DexLibLoader( 1486): Secondary program dex metadata: secondary-2.dex.jar.xz 14314443648960c2f9d1e4924306d1af2de75315 secondary.dex02.Canary
03-11 16:40:59.832 W/DexLibLoader( 1486): Unexpected file in program dex directory: /data/user/0/com.facebook.katana/app_secondary_program_dex/temp_dex_lock
03-11 16:40:59.832 V/DexLibLoader( 1486): Preparing to extract secondary-1.dex.jar.xz to /data/user/0/com.facebook.katana/app_secondary_program_dex/program-188f1cf98e7929d7457e2cdf72a0777981e1fc2731a2345d.dex.jar
03-11 16:40:59.832 V/DexLibLoader( 1486): Dex already copied
03-11 16:40:59.832 D/OdexVerifier( 1486): Odex verification is skipped.
03-11 16:40:59.832 V/DexLibLoader( 1486): Creating class loader
03-11 16:40:59.832 V/DexLibLoader( 1486): Finished creating class loader
03-11 16:40:59.832 V/DexLibLoader( 1486): Preparing to extract secondary-2.dex.jar.xz to /data/user/0/com.facebook.katana/app_secondary_program_dex/program-14314443648960c2f9d1e4924306d1af2de7531531a2345d.dex.jar
03-11 16:40:59.832 V/DexLibLoader( 1486): Dex already copied
03-11 16:40:59.832 D/OdexVerifier( 1486): Odex verification is skipped.
03-11 16:40:59.832 V/DexLibLoader( 1486): Creating class loader
03-11 16:40:59.832 V/DexLibLoader( 1486): Finished creating class loader
03-11 16:40:59.832 V/DexLibLoader( 1486): Verifying classes from secondary dexes.
03-11 16:40:59.842 D/DexLibLoader( 1486): DexLibLoader.ensureDexLoaded took 34 ms
03-11 16:40:59.872 I/ActivityManager(  646): Delay finish: com.android.providers.calendar/.CalendarReceiver
03-11 16:40:59.942 D/DelayedSyncController( 1463): Delaying sync.
03-11 16:41:00.182 W/art     ( 1486): Verification of void com.facebook.katana.app.module.FbandroidAppModule.a() took 147.552491ms
03-11 16:41:00.863 I/CalendarProvider2( 1434): Sending notification intent: Intent { act=android.intent.action.PROVIDER_CHANGED dat=content://com.android.calendar }
03-11 16:41:00.863 W/ContentResolver( 1434): Failed to get type for: content://com.android.calendar (Unknown URL content://com.android.calendar)
03-11 16:41:00.863 I/ActivityManager(  646): Resuming delayed broadcast
03-11 16:41:00.893 I/ActivityManager(  646): Start proc com.google.android.configupdater for broadcast com.google.android.configupdater/.CertPin.CertPinUpdateRequestReceiver: pid=1529 uid=10011 gids={50011, 3003, 2001}
03-11 16:41:00.913 D/Tethering(  646): MasterInitialState.processMessage what=3
03-11 16:41:00.913 D/CaptivePortalTracker(  646): NoActiveNetworkState{ when=0 what=1 obj=NetworkInfo: type: WIFI[], state: CONNECTED/CONNECTED, reason: (unspecified), extra: "aalto open", roaming: false, failover: false, isAvailable: true, isConnectedToProvisioningNetwork: false target=com.android.internal.util.StateMachine$SmHandler }
03-11 16:41:00.923 D/        (  646): Setting time of day to sec=1394548861
03-11 16:41:01.273 W/art     ( 1529): Failed to find ELF magic in /system/priv-app/ConfigUpdater.odex: dey
03-11 16:41:01.323 D/GpsLocationProvider(  646): NTP server returned: 1394548858312 (Tue Mar 11 16:40:58 EET 2014) reference: 35429 certainty: 1 system time offset: -3021
03-11 16:41:01.353 E/UpdateRequestReceiver( 1529): ignoring update request
03-11 16:41:01.353 E/UpdateRequestReceiver( 1529): ignoring update request
03-11 16:41:01.363 E/UpdateRequestReceiver( 1529): ignoring update request
03-11 16:41:01.373 E/UpdateRequestReceiver( 1529): ignoring update request
03-11 16:41:01.383 E/UpdateRequestReceiver( 1529): ignoring update request
03-11 16:41:01.383 E/UpdateRequestReceiver( 1529): ignoring update request
03-11 16:41:01.383 I/ActivityManager(  646): Delay finish: com.android.providers.downloads/.DownloadReceiver
03-11 16:41:01.393 I/ActivityManager(  646): Resuming delayed broadcast
03-11 16:41:01.413 I/ActivityManager(  646): Start proc com.google.android.onetimeinitializer for broadcast com.google.android.onetimeinitializer/.OneTimeInitializerReceiver: pid=1570 uid=10027 gids={50027}
03-11 16:41:01.453 W/art     ( 1570): Failed to find ELF magic in /system/priv-app/GoogleOneTimeInitializer.odex: dey
03-11 16:41:01.453 V/OneTimeInitializerReceiver( 1570): OneTimeInitializerReceiver.onReceive
03-11 16:41:01.453 I/ActivityManager(  646): Delay finish: com.google.android.onetimeinitializer/.OneTimeInitializerReceiver
03-11 16:41:01.463 V/OneTimeService( 1570): OneTimeService.onHandleIntent
03-11 16:41:01.473 I/ActivityManager(  646): Resuming delayed broadcast
03-11 16:41:01.493 I/ActivityManager(  646): Delay finish: com.google.android.partnersetup/.GooglePartnerSetup
03-11 16:41:01.723 I/ActivityManager(  646): Resuming delayed broadcast
03-11 16:41:01.723 I/ActivityManager(  646): Delay finish: com.google.android.partnersetup/.RlzPingBroadcastReceiver
03-11 16:41:01.733 I/art     ( 1193): Heap trim of managed (duration=3.905354ms, advised=516KB) and native (duration=1.495018ms, advised=72KB) heaps. Managed heap utilization of 53%.
03-11 16:41:01.773 I/RlzPingService( 1340): Setting next ping for 1395153661785
03-11 16:41:01.773 I/ActivityManager(  646): Resuming delayed broadcast
03-11 16:41:01.783 I/ActivityManager(  646): Delay finish: com.google.android.gsf/.checkin.CheckinService$Receiver
03-11 16:41:01.793 I/ActivityManager(  646): Resuming delayed broadcast
03-11 16:41:01.823 I/ActivityManager(  646): Delay finish: com.google.android.gsf/.update.SystemUpdateService$Receiver
03-11 16:41:01.833 I/SystemUpdateService( 1124): cancelUpdate (empty URL)
03-11 16:41:01.843 I/SystemUpdateService( 1124): cancelUpdate (empty URL)
03-11 16:41:01.853 I/ActivityManager(  646): Resuming delayed broadcast
03-11 16:41:01.863 W/GAV2    ( 1242): Thread[GAThread,5,main]: Service unavailable (code=1), will retry.
03-11 16:41:01.863 W/ActivityManager(  646): Unable to start service Intent { act=com.google.android.gms.analytics.service.START cmp=com.google.android.gms/.analytics.service.AnalyticsService (has extras) } U=0: not found
03-11 16:41:01.863 I/ActivityManager(  646): Delay finish: com.android.providers.media/.MediaScannerReceiver
03-11 16:41:01.883 I/GAV2    ( 1242): Thread[GAThread,5,main]: No campaign data found.
03-11 16:41:01.953 W/art     ( 1486): Before Android 4.1, method void com.facebook.reflex.view.AbstractListView.invalidate(boolean) would have incorrectly overridden the package-private method in android.view.View
03-11 16:41:01.963 W/art     ( 1486): Before Android 4.1, method void com.facebook.reflex.view.GalleryViewAutoReflex.invalidate(boolean) would have incorrectly overridden the package-private method in android.view.View
03-11 16:41:01.973 W/art     ( 1486): Before Android 4.1, method void com.facebook.reflex.view.GalleryView.invalidate(boolean) would have incorrectly overridden the package-private method in android.view.View
03-11 16:41:01.983 W/art     ( 1486): Before Android 4.1, method void com.facebook.reflex.view.HorizontalScrollViewAutoReflex.invalidate(boolean) would have incorrectly overridden the package-private method in android.view.View
03-11 16:41:01.993 W/art     ( 1486): Before Android 4.1, method void com.facebook.reflex.view.HorizontalScrollView.invalidate(boolean) would have incorrectly overridden the package-private method in android.view.View
03-11 16:41:02.003 W/art     ( 1486): Before Android 4.1, method void com.facebook.reflex.view.ImageViewAutoReflex.invalidate(boolean) would have incorrectly overridden the package-private method in android.view.View
03-11 16:41:02.013 W/art     ( 1486): Before Android 4.1, method void com.facebook.reflex.view.ScrollViewAutoReflex.invalidate(boolean) would have incorrectly overridden the package-private method in android.view.View
03-11 16:41:02.013 W/art     ( 1486): Before Android 4.1, method void com.facebook.reflex.view.ScrollView.invalidate(boolean) would have incorrectly overridden the package-private method in android.view.View
03-11 16:41:02.043 W/art     ( 1486): Before Android 4.1, method void com.facebook.reflex.view.ViewPagerAutoReflex.invalidate(boolean) would have incorrectly overridden the package-private method in android.view.View
03-11 16:41:02.053 W/art     ( 1486): Before Android 4.1, method void com.facebook.reflex.view.ViewPager.invalidate(boolean) would have incorrectly overridden the package-private method in android.view.View
03-11 16:41:02.283 V/MediaScanner(  865): pruneDeadThumbnailFiles... android.database.sqlite.SQLiteCursor@64ea1848
03-11 16:41:02.283 V/MediaScanner(  865): /pruneDeadThumbnailFiles... android.database.sqlite.SQLiteCursor@64ea1848
03-11 16:41:02.283 I/ActivityManager(  646): Resuming delayed broadcast
03-11 16:41:02.303 W/art     (  186): Could not get current activity
03-11 16:41:02.313 D/MtpService(  865): updating state; isCurrentUser=true, mMtpLocked=false
03-11 16:41:02.313 I/ActivityManager(  646): Start proc com.google.android.nfcprovision for broadcast com.google.android.nfcprovision/.BootReceiver: pid=1614 uid=10046 gids={50046, 1028, 3002, 3001, 3003}
03-11 16:41:02.343 W/art     ( 1614): Failed to find ELF magic in /system/priv-app/NfcProvision.odex: dey
03-11 16:41:02.383 I/ActivityManager(  646): Start proc com.google.android.deskclock for broadcast com.google.android.deskclock/com.android.deskclock.AlarmInitReceiver: pid=1632 uid=10015 gids={50015, 1028}
03-11 16:41:02.423 W/art     ( 1632): Failed to find ELF magic in /system/app/DeskClockGoogle.odex: dey
03-11 16:41:02.453 V/AlarmClock( 1632): AlarmInitReceiver android.intent.action.BOOT_COMPLETED
03-11 16:41:02.493 V/AlarmClock( 1632): AlarmInitReceiver - Reset timers and clear stopwatch data
03-11 16:41:02.523 I/AlarmClock( 1632): Displaying next alarm time: ''
03-11 16:41:02.523 V/AlarmClock( 1632): AlarmInitReceiver finished
