03-11 16:40:51.023 I/DEBUG   (  183):     b7745bd8 b435e6e8 00000053 b71fe1d8 00000002  
03-11 16:40:51.023 I/DEBUG   (  183):     b7745be8 b7745c30 00000000 b4de8c70 b4de8658  
03-11 16:40:51.023 I/DEBUG   (  183):     b7745bf8 0000000c b7745bec b7745bec 00000000  
03-11 16:40:51.023 I/DEBUG   (  183):     b7745c08 00000000 00000000 00000040 000085e0  
03-11 16:40:51.023 I/DEBUG   (  183): 
03-11 16:40:51.023 I/DEBUG   (  183): memory near r9:
03-11 16:40:51.023 I/DEBUG   (  183):     b54d07f8 b6e9b384 b71fb870 b731c3f0 b4368e88  
03-11 16:40:51.023 I/DEBUG   (  183):     b54d0808 00000000 00000000 b54d080a b6b54217  
03-11 16:40:51.023 I/DEBUG   (  183):     b54d0818 b4369fb8 b4368eb8 b7745b3c b7745b38  
03-11 16:40:51.023 I/DEBUG   (  183):     b54d0828 b4369fb1 b4369f48 b4368e88 cb4228e7  
03-11 16:40:51.023 I/DEBUG   (  183):     b54d0838 b7745b38 b71fdf60 b720f220 b6e9b384  
03-11 16:40:51.023 I/DEBUG   (  183):     b54d0848 000018df b7745b38 00000001 00010081  
03-11 16:40:51.023 I/DEBUG   (  183):     b54d0858 00000000 b6cc3079 ffffffff b7745948  
03-11 16:40:51.023 I/DEBUG   (  183):     b54d0868 b71fdf60 000018df b7745b38 b731c3f0  
03-11 16:40:51.023 I/DEBUG   (  183):     b54d0878 b720f1f0 b4368eb8 00000011 b42eb5e8  
03-11 16:40:51.023 I/DEBUG   (  183):     b54d0888 b7745948 b4368eb1 b4368e88 cb4228e7  
03-11 16:40:51.023 I/DEBUG   (  183):     b54d0898 000000c8 0000000e 0000000e b7745870  
03-11 16:40:51.023 I/DEBUG   (  183):     b54d08a8 00000001 b6d744d1 b7745900 00000001  
03-11 16:40:51.023 I/DEBUG   (  183):     b54d08b8 00000010 b6d72679 00000001 b7745948  
03-11 16:40:51.023 I/DEBUG   (  183):     b54d08c8 b7745870 0000000e b71fdf60 000018df  
03-11 16:40:51.023 I/DEBUG   (  183):     b54d08d8 00000001 00010081 00000000 b6d7397d  
03-11 16:40:51.023 I/DEBUG   (  183):     b54d08e8 00000001 00000001 00000047 b7745870  
03-11 16:40:51.023 I/DEBUG   (  183): 
03-11 16:40:51.023 I/DEBUG   (  183): memory near sl:
03-11 16:40:51.023 I/DEBUG   (  183):     b54d07f0 b4369f48 b6b5393f b6e9b384 b71fb870  
03-11 16:40:51.023 I/DEBUG   (  183):     b54d0800 b731c3f0 b4368e88 00000000 00000000  
03-11 16:40:51.023 I/DEBUG   (  183):     b54d0810 b54d080a b6b54217 b4369fb8 b4368eb8  
03-11 16:40:51.023 I/DEBUG   (  183):     b54d0820 b7745b3c b7745b38 b4369fb1 b4369f48  
03-11 16:40:51.023 I/DEBUG   (  183):     b54d0830 b4368e88 cb4228e7 b7745b38 b71fdf60  
03-11 16:40:51.023 I/DEBUG   (  183):     b54d0840 b720f220 b6e9b384 000018df b7745b38  
03-11 16:40:51.023 I/DEBUG   (  183):     b54d0850 00000001 00010081 00000000 b6cc3079  
03-11 16:40:51.023 I/DEBUG   (  183):     b54d0860 ffffffff b7745948 b71fdf60 000018df  
03-11 16:40:51.033 I/DEBUG   (  183):     b54d0870 b7745b38 b731c3f0 b720f1f0 b4368eb8  
03-11 16:40:51.033 I/DEBUG   (  183):     b54d0880 00000011 b42eb5e8 b7745948 b4368eb1  
03-11 16:40:51.033 I/DEBUG   (  183):     b54d0890 b4368e88 cb4228e7 000000c8 0000000e  
03-11 16:40:51.033 I/DEBUG   (  183):     b54d08a0 0000000e b7745870 00000001 b6d744d1  
03-11 16:40:51.033 I/DEBUG   (  183):     b54d08b0 b7745900 00000001 00000010 b6d72679  
03-11 16:40:51.033 I/DEBUG   (  183):     b54d08c0 00000001 b7745948 b7745870 0000000e  
03-11 16:40:51.033 I/DEBUG   (  183):     b54d08d0 b71fdf60 000018df 00000001 00010081  
03-11 16:40:51.033 I/DEBUG   (  183):     b54d08e0 00000000 b6d7397d 00000001 00000001  
03-11 16:40:51.033 I/DEBUG   (  183): 
03-11 16:40:51.033 I/DEBUG   (  183): memory near ip:
03-11 16:40:51.033 I/DEBUG   (  183):     b6d24c8c b6ce4f49 b6b514c1 b6b50c91 b6b50cf1  
03-11 16:40:51.033 I/DEBUG   (  183):     b6d24c9c b6b50cd1 b6b50d31 b6b50cb1 b6b50d11  
03-11 16:40:51.033 I/DEBUG   (  183):     b6d24cac 00000000 00000000 00000000 b6e75799  
03-11 16:40:51.033 I/DEBUG   (  183):     b6d24cbc b6e756a5 b6e6efcd b6e6e978 b6e4a927  
03-11 16:40:51.033 I/DEBUG   (  183):     b6d24ccc b6e88668 b6e4a931 b6e6ff85 b6ec0cc5  
03-11 16:40:51.033 I/DEBUG   (  183):     b6d24cdc b6e4a919 b6ec73ed b6ec0c2d b6e6f0dc  
03-11 16:40:51.033 I/DEBUG   (  183):     b6d24cec b6ed4be1 b6ec0f41 b6ec7367 b6ec0c73  
03-11 16:40:51.033 I/DEBUG   (  183):     b6d24cfc b6ec737b b6ec73fd b6ec7437 b6ebf61b  
03-11 16:40:51.033 I/DEBUG   (  183):     b6d24d0c b6ed4bdd b6ec8765 b6e60415 b6e5a900  
03-11 16:40:51.033 I/DEBUG   (  183):     b6d24d1c b6e5eef5 b6e86f13 b6e75ab1 b6e2b2bd  
03-11 16:40:51.033 I/DEBUG   (  183):     b6d24d2c b6e6d3f8 b6e73109 b6e6d2dc b6e6ef50  
03-11 16:40:51.033 I/DEBUG   (  183):     b6d24d3c b6e61449 b6e6cd5c b6e6eb70 b6e86f1b  
03-11 16:40:51.033 I/DEBUG   (  183):     b6d24d4c b6e7028c b6e75535 b6e4a919 b6e4a927  
03-11 16:40:51.033 I/DEBUG   (  183):     b6d24d5c b6e8781c b6e885d4 b6e452c4 b6e6d324  
03-11 16:40:51.033 I/DEBUG   (  183):     b6d24d6c b6e6d2fc b6e6dabc b6e6d70c b6e6d76c  
03-11 16:40:51.033 I/DEBUG   (  183):     b6d24d7c b6e6d2bc b6e6d390 b6e7a745 b6e6d480  
03-11 16:40:51.033 I/DEBUG   (  183): 
03-11 16:40:51.033 I/DEBUG   (  183): memory near sp:
03-11 16:40:51.033 I/DEBUG   (  183):     b54d0760 b7746a60 fffffbcc b54d07e4 b6e5ac0d  
03-11 16:40:51.033 I/DEBUG   (  183):     b54d0770 b6edc390 b6b53877 b6e9b384 b71fb870  
03-11 16:40:51.033 I/DEBUG   (  183):     b54d0780 00000006 00000002 000002d1 b6d24cac  
03-11 16:40:51.033 I/DEBUG   (  183):     b54d0790 b6d24cac b6e5ffe5 00000006 00000000  
03-11 16:40:51.033 I/DEBUG   (  183):     b54d07a0 b54d0870 b6e601f9 b54d07b4 b6e5ef2f  
03-11 16:40:51.033 I/DEBUG   (  183):     b54d07b0 b7746a60 ffffffdf 000000cb b6d25d00  
03-11 16:40:51.033 I/DEBUG   (  183):     b54d07c0 b6d25d50 b54d0870 b6d24cac b6d25d00  
03-11 16:40:51.033 I/DEBUG   (  183):     b54d07d0 b6d25d50 b6e6e848 00000000 b6ca6659  
03-11 16:40:51.033 I/DEBUG   (  183):     b54d07e0 b6d24cac 00000000 b54d0818 b4369fb1  
03-11 16:40:51.033 I/DEBUG   (  183):     b54d07f0 b4369f48 b6b5393f b6e9b384 b71fb870  
03-11 16:40:51.033 I/DEBUG   (  183):     b54d0800 b731c3f0 b4368e88 00000000 00000000  
03-11 16:40:51.033 I/DEBUG   (  183):     b54d0810 b54d080a b6b54217 b4369fb8 b4368eb8  
03-11 16:40:51.033 I/DEBUG   (  183):     b54d0820 b7745b3c b7745b38 b4369fb1 b4369f48  
03-11 16:40:51.033 I/DEBUG   (  183):     b54d0830 b4368e88 cb4228e7 b7745b38 b71fdf60  
03-11 16:40:51.033 I/DEBUG   (  183):     b54d0840 b720f220 b6e9b384 000018df b7745b38  
03-11 16:40:51.033 I/DEBUG   (  183):     b54d0850 00000001 00010081 00000000 b6cc3079  
03-11 16:40:51.033 I/DEBUG   (  183): 
03-11 16:40:51.033 I/DEBUG   (  183): code around pc:
03-11 16:40:51.033 I/DEBUG   (  183):     b6e6ef70 e8bd00f0 e3700a01 912fff1e e2600000  
03-11 16:40:51.033 I/DEBUG   (  183):     b6e6ef80 ea006d84 e92d50f0 e3a07f43 ef000000  
03-11 16:40:51.033 I/DEBUG   (  183):     b6e6ef90 e8bd50f0 e3700a01 912fff1e e2600000  
03-11 16:40:51.033 I/DEBUG   (  183):     b6e6efa0 ea006d7c e92d50f0 e3a070ee ef000000  
03-11 16:40:51.033 I/DEBUG   (  183):     b6e6efb0 e8bd50f0 e3700a01 912fff1e e2600000  
03-11 16:40:51.033 I/DEBUG   (  183):     b6e6efc0 ea006d74 f200429a bf008069 f040f891  
03-11 16:40:51.033 I/DEBUG   (  183):     b6e6efd0 4001e92d d3412a10 0300f1c0 030ff013  
03-11 16:40:51.033 I/DEBUG   (  183):     b6e6efe0 eba2d01d ea5f0203 bf447cc3 eb01f811  
03-11 16:40:51.033 I/DEBUG   (  183):     b6e6eff0 eb01f800 f811bf21 f811cb01 f800eb01  
03-11 16:40:51.033 I/DEBUG   (  183):     b6e6f000 f800cb01 ea5feb01 da037c43 030df9a1  
03-11 16:40:51.033 I/DEBUG   (  183):     b6e6f010 031df980 f921d303 f900070d 3a40071d  
03-11 16:40:51.033 I/DEBUG   (  183):     b6e6f020 f921d30b f921020d f891420d 3a40f100  
03-11 16:40:51.033 I/DEBUG   (  183):     b6e6f030 022df900 422df900 3220d2f3 f921d305  
03-11 16:40:51.033 I/DEBUG   (  183):     b6e6f040 f1a2020d f9000220 f102022d f0120220  
03-11 16:40:51.033 I/DEBUG   (  183):     b6e6f050 d0030f10 0a0df921 0a2df900 7c42ea5f  
03-11 16:40:51.033 I/DEBUG   (  183):     b6e6f060 f921d303 f900070d da03070d 030df9a1  
03-11 16:40:51.033 I/DEBUG   (  183): 
03-11 16:40:51.033 I/DEBUG   (  183): code around lr:
03-11 16:40:51.033 I/DEBUG   (  183):     b6e5ffc4 447b4b13 42b3e010 6a1ed10e 44784811  
03-11 16:40:51.033 I/DEBUG   (  183):     b6e5ffd4 ec84f7fb ea0ef00d 46224631 efd0f00e  
03-11 16:40:51.033 I/DEBUG   (  183):     b6e5ffe4 d00a3001 e00b2400 2b00681b 480ad1eb  
03-11 16:40:51.033 I/DEBUG   (  183):     b6e5fff4 44782403 ec72f7fb f001e002 6804fa23  
03-11 16:40:51.033 I/DEBUG   (  183):     b6e60004 fa20f001 46206005 bf00bd70 0003b3de  
03-11 16:40:51.033 I/DEBUG   (  183):     b6e60014 0003b3d2 0003b3ca 0003b3a6 bf7ef7ff  
03-11 16:40:51.033 I/DEBUG   (  183):     b6e60024 4a3e4b3d e92d447b b08b43f0 4606589c  
03-11 16:40:51.033 I/DEBUG   (  183):     b6e60034 6823460d 930946a1 fa04f001 8000f8d0  
03-11 16:40:51.033 I/DEBUG   (  183):     b6e60044 d0482d00 f00f4628 280fff9b d8444604  
03-11 16:40:51.033 I/DEBUG   (  183):     b6e60054 ffe4f7ff d1064286 4629200f e8d8f00d  
03-11 16:40:51.033 I/DEBUG   (  183):     b6e60064 d03c2800 482ee02e f7fb4478 482debb6  
03-11 16:40:51.033 I/DEBUG   (  183):     b6e60074 e0154478 d11342b0 482b6a06 f7fb4478  
03-11 16:40:51.033 I/DEBUG   (  183):     b6e60084 4a2aec2e 46332120 a801447a f83af013  
03-11 16:40:51.033 I/DEBUG   (  183):     b6e60094 a8012101 fb54f01a 46061c42 e011d104  
03-11 16:40:51.033 I/DEBUG   (  183):     b6e600a4 28006800 e02cd1e6 46294630 f00d4622  
03-11 16:40:51.033 I/DEBUG   (  183):     b6e600b4 1c43e914 d11e4607 f9c4f001 29046801  
03-11 16:40:51.063 W/installd(  189): DexInv: --- END '/data/app/fi.sampopankki.android.tribank-2.apk' --- status=0x0006, process failed
03-11 16:40:51.063 E/installd(  189): dexopt in='/data/app/fi.sampopankki.android.tribank-2.apk' out='/data/dalvik-cache/data@app@fi.sampopankki.android.tribank-2.apk@classes.dex' res=6
03-11 16:40:51.073 I/SystemServer(  646): Mount Service
03-11 16:40:51.073 D/MountService(  646): got storage path: null description: Internal storage primary: false removable: false emulated: true mtpReserve: 100 allowMassStorage: false maxFileSize: 0
03-11 16:40:51.083 D/MountService(  646): addVolumeLocked() StorageVolume:
03-11 16:40:51.083 D/MountService(  646):     mStorageId=65537 mPath=/storage/emulated/0 mDescriptionId=17040662 
03-11 16:40:51.083 D/MountService(  646):     mPrimary=true mRemovable=false mEmulated=true mMtpReserveSpace=100 
03-11 16:40:51.083 D/MountService(  646):     mAllowMassStorage=false mMaxFileSize=0 mOwner=UserHandle{0} mUuid=null 
03-11 16:40:51.083 D/MountService(  646):     mUserLabel=null mState=null 
03-11 16:40:51.083 I/SystemServer(  646): LockSettingsService
03-11 16:40:51.083 I/SystemServer(  646): Device Policy
03-11 16:40:51.093 I/SystemServer(  646): Status Bar
03-11 16:40:51.103 I/SystemServer(  646): Clipboard Service
03-11 16:40:51.103 I/SystemServer(  646): NetworkManagement Service
03-11 16:40:51.113 I/SystemServer(  646): Text Service Manager Service
03-11 16:40:51.113 I/SystemServer(  646): NetworkStats Service
03-11 16:40:51.143 I/SystemServer(  646): NetworkPolicy Service
03-11 16:40:51.153 I/SystemServer(  646): Wi-Fi P2pService
03-11 16:40:51.173 I/SystemServer(  646): Wi-Fi Service
03-11 16:40:51.223 I/SystemServer(  646): Connectivity Service
03-11 16:40:51.243 D/ConnectivityService(  646): ConnectivityService starting up
03-11 16:40:51.243 D/ConnectivityService(  646): wifiOnly=false
03-11 16:40:51.243 E/ConnectivityService(  646): Ignoring protectedNetwork 14
03-11 16:40:51.253 D/BluetoothTethering(  646): startMonitoring: target: Handler (com.android.server.ConnectivityService$NetworkStateTrackerHandler) {6552f7f8}
03-11 16:40:51.253 D/BluetoothTethering(  646): startMonitoring: mCsHandler: Handler (com.android.server.ConnectivityService$NetworkStateTrackerHandler) {6552f7f8}
03-11 16:40:51.253 D/BluetoothManagerService(  646): Message: 20
03-11 16:40:51.253 D/BluetoothManagerService(  646): Added callback: android.bluetooth.BluetoothAdapter$1@6553a7e8:true
03-11 16:40:51.253 D/BluetoothManagerService(  646): Message: 30
03-11 16:40:51.253 W/ContextImpl(  646): Calling a method in the system process without a qualified user: android.app.ContextImpl.bindService:1543 android.bluetooth.BluetoothPan.doBind:149 android.bluetooth.BluetoothPan.<init>:141 android.bluetooth.BluetoothAdapter.getProfileProxy:1190 android.bluetooth.BluetoothTetheringDataTracker.startMonitoring:116 
03-11 16:40:51.263 E/MobileDataStateTracker(  646): default: Ignoring feature request because could not acquire PhoneService
03-11 16:40:51.263 E/MobileDataStateTracker(  646): default: Could not enable APN type "default"
03-11 16:40:51.273 D/WifiController(  646): WifiController msg { when=0 what=155656 target=com.android.internal.util.StateMachine$SmHandler } deferred for 450ms
03-11 16:40:51.273 I/WifiService(  646): WifiService starting up with Wi-Fi enabled
03-11 16:40:51.273 D/WifiService(  646): setWifiEnabled: true pid=646, uid=1000
03-11 16:40:51.283 I/SystemServer(  646): Network Service Discovery Service
03-11 16:40:51.283 D/NsdService(  646): Network service discovery enabled true
03-11 16:40:51.283 I/SystemServer(  646): UpdateLock Service
03-11 16:40:51.343 W/PackageManager(  646): Unknown permission com.android.smspush.WAPPUSH_MANAGER_BIND in package com.android.phone
03-11 16:40:51.343 W/PackageManager(  646): Unknown permission com.android.vending.billing.IBillingAccountService.BIND2 in package com.google.android.gsf.login
03-11 16:40:51.343 W/PackageManager(  646): Unknown permission com.android.gallery3d.permission.GALLERY_PROVIDER in package com.android.bluetooth
03-11 16:40:51.343 W/PackageManager(  646): Unknown permission android.permission.MMS_SEND_OUTBOX_MSG in package com.android.bluetooth
03-11 16:40:51.343 W/PackageManager(  646): Unknown permission com.google.android.c2dm.permission.REGISTRATION in package com.rovio.angrybirdsfriends
03-11 16:40:51.343 W/PackageManager(  646): Unknown permission android.permission.READ_MEDIA_STORAGE in package com.keramidas.TitaniumBackup
03-11 16:40:51.343 W/PackageManager(  646): Not granting permission android.permission.WRITE_MEDIA_STORAGE to package com.keramidas.TitaniumBackup (protectionLevel=18 flags=0x8be44)
03-11 16:40:51.343 W/PackageManager(  646): Not granting permission com.android.voicemail.permission.READ_WRITE_ALL_VOICEMAIL to package com.keramidas.TitaniumBackup (protectionLevel=18 flags=0x8be44)
03-11 16:40:51.343 W/PackageManager(  646): Unknown permission android.permission.ACCESS_SUPERUSER in package com.keramidas.TitaniumBackup
03-11 16:40:51.343 W/PackageManager(  646): Not granting permission android.permission.BROADCAST_SMS to package com.keramidas.TitaniumBackup (protectionLevel=2 flags=0x8be44)
03-11 16:40:51.343 W/PackageManager(  646): Not granting permission android.permission.BROADCAST_WAP_PUSH to package com.keramidas.TitaniumBackup (protectionLevel=2 flags=0x8be44)
03-11 16:40:51.343 W/PackageManager(  646): Not granting permission android.permission.DEVICE_POWER to package com.google.android.deskclock (protectionLevel=2 flags=0x48be45)
03-11 16:40:51.343 W/PackageManager(  646): Unknown permission android.permission.ACCESS_SUPERUSER in package com.ttxapps.wifiadb
03-11 16:40:51.343 W/PackageManager(  646): Not granting permission android.permission.READ_FRAME_BUFFER to package com.google.android.gms (protectionLevel=18 flags=0x483ec5)
03-11 16:40:51.343 W/PackageManager(  646): Unknown permission android.permission.READ_OWNER_DATA in package com.google.android.setupwizard
03-11 16:40:51.343 W/PackageManager(  646): Unknown permission android.permission.WRITE_OWNER_DATA in package com.google.android.setupwizard
03-11 16:40:51.343 W/PackageManager(  646): Unknown permission android.permission.ACCESS_SUPERUSER in package com.s0up.goomanager
03-11 16:40:51.343 W/PackageManager(  646): Unknown permission com.amazon.dcp.sso.permission.AMAZON_ACCOUNT_PROPERTY in package com.amazon.kindle
03-11 16:40:51.343 W/PackageManager(  646): Unknown permission com.amazon.dcp.metrics.permission.METRICS_PERMISSION in package com.amazon.kindle
03-11 16:40:51.343 W/PackageManager(  646): Unknown permission com.amazon.dcp.config.permission.DYN_CONFIG_VALUES_UPDATED in package com.amazon.kindle
03-11 16:40:51.343 W/PackageManager(  646): Unknown permission com.amazon.dcp.settings.permission.READ_SETTINGS in package com.amazon.kindle
03-11 16:40:51.343 W/PackageManager(  646): Unknown permission com.amazon.identity.permission.GENERIC_IPC in package com.amazon.kindle
03-11 16:40:51.343 W/PackageManager(  646): Unknown permission com.amazon.dcp.sso.permission.USE_DEVICE_CREDENTIALS in package com.amazon.kindle
03-11 16:40:51.343 W/PackageManager(  646): Unknown permission com.amazon.dcp.sso.permission.EXPIRE_ACCESS_TOKEN in package com.amazon.kindle
03-11 16:40:51.343 W/PackageManager(  646): Unknown permission com.amazon.dcp.sso.permission.MANAGE_COR_PFM in package com.amazon.kindle
03-11 16:40:51.343 W/PackageManager(  646): Unknown permission com.amazon.dcp.sso.permission.CUSTOMER_ATTRIBUTE_SERVICE in package com.amazon.kindle
03-11 16:40:51.343 W/PackageManager(  646): Unknown permission amazon.permission.COLLECT_METRICS in package com.amazon.kindle
03-11 16:40:51.343 W/PackageManager(  646): Unknown permission android.permission.ACCESS_SUPERUSER in package jackpal.androidterm
03-11 16:40:51.343 W/PackageManager(  646): Unknown permission com.google.android.voicesearch.SHORTCUTS_ACCESS in package com.google.android.googlequicksearchbox
03-11 16:40:51.343 W/PackageManager(  646): Unknown permission com.google.android.voicesearch.ACCESS_SETTINGS in package com.google.android.googlequicksearchbox
03-11 16:40:51.343 W/PackageManager(  646): Unknown permission com.android.browser.permission.PRELOAD in package com.google.android.googlequicksearchbox
03-11 16:40:51.343 W/PackageManager(  646): Unknown permission com.google.android.apps.googlevoice.permission.AUTO_SEND in package com.google.android.googlequicksearchbox
03-11 16:40:51.343 W/PackageManager(  646): Unknown permission com.facebook.orca.provider.ACCESS in package com.facebook.katana
03-11 16:40:51.343 W/PackageManager(  646): Unknown permission com.amazon.device.messaging.permission.RECEIVE in package com.facebook.katana
03-11 16:40:51.343 W/PackageManager(  646): Not granting permission android.permission.BATTERY_STATS to package com.facebook.katana (protectionLevel=18 flags=0x8be44)
03-11 16:40:51.343 W/PackageManager(  646): Unknown permission com.sec.android.provider.badge.permission.READ in package com.facebook.katana
03-11 16:40:51.343 W/PackageManager(  646): Unknown permission com.sec.android.provider.badge.permission.WRITE in package com.facebook.katana
03-11 16:40:51.343 W/PackageManager(  646): Unknown permission com.htc.launcher.permission.READ_SETTINGS in package com.facebook.katana
03-11 16:40:51.343 W/PackageManager(  646): Unknown permission com.htc.launcher.permission.UPDATE_SHORTCUT in package com.facebook.katana
03-11 16:40:51.354 W/PackageManager(  646): Unknown permission com.sonyericsson.home.permission.BROADCAST_BADGE in package com.facebook.katana
03-11 16:40:51.354 W/PackageManager(  646): Unknown permission com.facebook.home.permission.WRITE_BADGES in package com.facebook.katana
03-11 16:40:51.354 W/PackageManager(  646): Unknown permission com.nokia.pushnotifications.permission.RECEIVE in package com.facebook.katana
03-11 16:40:51.354 W/PackageManager(  646): Unknown permission com.chrome.permission.DEVICE_EXTRAS in package com.chrome.beta
03-11 16:40:51.354 W/PackageManager(  646): Not granting permission com.android.chrome.TOS_ACKED to package com.chrome.beta (protectionLevel=18 flags=0x48be44)
03-11 16:40:51.354 W/PackageManager(  646): Unknown permission com.sec.enterprise.knox.MDM_CONTENT_PROVIDER in package com.chrome.beta
03-11 16:40:51.354 W/PackageManager(  646): Unknown permission android.permission.WRITE_SYNC_STATS in package com.google.android.apps.docs
03-11 16:40:51.354 W/PackageManager(  646): Unknown permission android.permission.ACCESS_SUPERUSER in package com.koushikdutta.rommanager
03-11 16:40:51.354 W/PackageManager(  646): Not granting permission android.permission.SEND_DOWNLOAD_COMPLETED_INTENTS to package com.android.vending (protectionLevel=2 flags=0xabec5)
03-11 16:40:51.354 W/PackageManager(  646): Unknown permission android.permission.SEND_SMS_NO_CONFIRMATION in package com.android.vending
03-11 16:40:51.354 W/PackageManager(  646): Not granting permission android.permission.BIND_WALLPAPER to package com.google.android.GoogleCamera (protectionLevel=18 flags=0x58bc45)
03-11 16:40:51.354 W/PackageManager(  646): Not granting permission android.permission.READ_DREAM_STATE to package com.google.android.gsf (protectionLevel=2 flags=0x40083e45)
03-11 16:40:51.554 I/SystemServer(  646): Notification Manager
03-11 16:40:51.564 I/SystemServer(  646): Device Storage Monitor
03-11 16:40:51.564 I/SystemServer(  646): Location Manager
03-11 16:40:51.564 I/SystemServer(  646): Country Detector
03-11 16:40:51.574 I/SystemServer(  646): Search Service
03-11 16:40:51.574 I/SystemServer(  646): DropBox Service
03-11 16:40:51.574 I/SystemServer(  646): Wallpaper Service
03-11 16:40:51.584 I/SystemServer(  646): Audio Service
03-11 16:40:51.624 V/AudioService(  646): monitoring device rotation, initial=0
03-11 16:40:51.624 I/SystemServer(  646): Dock Observer
03-11 16:40:51.624 W/DockObserver(  646): This kernel does not have dock station support
03-11 16:40:51.624 I/SystemServer(  646): Wired Accessory Manager
03-11 16:40:51.624 I/SystemServer(  646): USB Service
03-11 16:40:51.634 I/SystemServer(  646): Serial Service
03-11 16:40:51.634 I/SystemServer(  646): Twilight Service
03-11 16:40:51.634 I/SystemServer(  646): UI Mode Manager Service
03-11 16:40:51.634 I/SystemServer(  646): Backup Service
03-11 16:40:51.644 V/BackupManagerService(  646): Initializing package tracking
03-11 16:40:51.694 V/BackupManagerService(  646): addPackageParticipantsLocked: all
03-11 16:40:51.694 I/BackupManagerService(  646): Scheduling backup for new app org.connectbot
03-11 16:40:51.694 D/BackupManagerService(  646): Now staging backup of org.connectbot
03-11 16:40:51.704 I/BackupManagerService(  646): Scheduling backup for new app com.android.sharedstoragebackup
03-11 16:40:51.704 D/BackupManagerService(  646): Now staging backup of com.android.sharedstoragebackup
03-11 16:40:51.704 I/BackupManagerService(  646): Scheduling backup for new app com.google.android.marvin.talkback
03-11 16:40:51.704 D/BackupManagerService(  646): Now staging backup of com.google.android.marvin.talkback
03-11 16:40:51.714 I/BackupManagerService(  646): Scheduling backup for new app com.google.android.googlequicksearchbox
03-11 16:40:51.714 D/BackupManagerService(  646): Now staging backup of com.google.android.googlequicksearchbox
03-11 16:40:51.714 I/BackupManagerService(  646): Scheduling backup for new app com.google.android.inputmethod.latin
03-11 16:40:51.714 D/BackupManagerService(  646): Now staging backup of com.google.android.inputmethod.latin
03-11 16:40:51.714 I/BackupManagerService(  646): Scheduling backup for new app com.android.providers.settings
03-11 16:40:51.714 D/BackupManagerService(  646): Now staging backup of com.android.providers.settings
03-11 16:40:51.724 D/Tethering(  646): sendTetherStateChangedBroadcast 1, 0, 0
03-11 16:40:51.724 D/Tethering(  646): InitialState.processMessage what=4
03-11 16:40:51.724 D/SoftapController(  182): Softap fwReload - Ok
03-11 16:40:51.724 D/Tethering(  646): sendTetherStateChangedBroadcast 0, 0, 0
03-11 16:40:51.724 I/BackupManagerService(  646): Scheduling backup for new app com.google.android.talk
03-11 16:40:51.724 D/BackupManagerService(  646): Now staging backup of com.google.android.talk
03-11 16:40:51.724 I/BackupManagerService(  646): Scheduling backup for new app com.android.nfc
03-11 16:40:51.724 D/BackupManagerService(  646): Now staging backup of com.android.nfc
03-11 16:40:51.734 D/CommandListener(  182): Setting iface cfg
03-11 16:40:51.734 D/CommandListener(  182): Trying to bring down wlan0
03-11 16:40:51.734 D/WifiController(  646): DEFERRED_TOGGLE handled
03-11 16:40:51.734 I/BackupManagerService(  646): Scheduling backup for new app com.android.providers.userdictionary
03-11 16:40:51.734 D/BackupManagerService(  646): Now staging backup of com.android.providers.userdictionary
03-11 16:40:51.734 I/BackupManagerService(  646): Scheduling backup for new app android
03-11 16:40:51.734 D/BackupManagerService(  646): Now staging backup of android
03-11 16:40:51.734 I/BackupManagerService(  646): Scheduling backup for new app com.android.vending
03-11 16:40:51.734 D/BackupManagerService(  646): Now staging backup of com.android.vending
03-11 16:40:51.744 I/BackupManagerService(  646): Scheduling backup for new app com.google.android.gm
03-11 16:40:51.744 D/BackupManagerService(  646): Now staging backup of com.google.android.gm
03-11 16:40:51.744 I/BackupManagerService(  646): Scheduling backup for new app com.google.android.calendar
03-11 16:40:51.744 D/BackupManagerService(  646): Now staging backup of com.google.android.calendar
03-11 16:40:51.744 V/BackupManagerService(  646): Starting with transport com.google.android.backup/.BackupTransportService
03-11 16:40:51.744 V/BackupManagerService(  646): Found transports: 2
03-11 16:40:51.744 I/BackupManagerService(  646): Binding to transport host ComponentInfo{android/com.android.internal.backup.LocalTransportService}
03-11 16:40:51.744 I/BackupManagerService(  646): Binding to transport host ComponentInfo{com.google.android.backuptransport/com.google.android.backup.BackupTransportService}
03-11 16:40:51.754 I/BackupManagerService(  646): Found stale backup journal, scheduling
03-11 16:40:51.754 I/BackupManagerService(  646):   org.connectbot
03-11 16:40:51.754 I/BackupManagerService(  646):   com.android.sharedstoragebackup
03-11 16:40:51.754 I/BackupManagerService(  646):   com.google.android.marvin.talkback
03-11 16:40:51.754 I/BackupManagerService(  646):   com.google.android.googlequicksearchbox
03-11 16:40:51.754 I/BackupManagerService(  646):   com.google.android.inputmethod.latin
03-11 16:40:51.754 I/BackupManagerService(  646):   com.android.providers.settings
03-11 16:40:51.754 I/BackupManagerService(  646):   com.google.android.talk
03-11 16:40:51.754 I/BackupManagerService(  646):   com.android.nfc
03-11 16:40:51.754 I/BackupManagerService(  646):   com.android.providers.userdictionary
03-11 16:40:51.754 I/BackupManagerService(  646):   android
03-11 16:40:51.754 I/BackupManagerService(  646):   com.android.vending
03-11 16:40:51.754 I/BackupManagerService(  646):   com.google.android.gm
03-11 16:40:51.754 I/BackupManagerService(  646):   com.google.android.calendar
03-11 16:40:51.754 I/BackupManagerService(  646): Backup enabled => true
03-11 16:40:51.754 I/SystemServer(  646): AppWidget Service
03-11 16:40:51.754 I/SystemServer(  646): Recognition Service
03-11 16:40:51.754 I/SystemServer(  646): DiskStats Service
03-11 16:40:51.754 I/SystemServer(  646): SamplingProfiler Service
03-11 16:40:51.754 I/SystemServer(  646): NetworkTimeUpdateService
03-11 16:40:51.754 I/SystemServer(  646): CommonTimeManagementService
03-11 16:40:51.764 D/Atlas   (  646): Loaded configuration: SliceMinArea (1216x1408) flags=0x2 count=265
03-11 16:40:51.764 I/SystemServer(  646): CertBlacklister
03-11 16:40:51.764 I/SystemServer(  646): Dreams Service
03-11 16:40:51.764 I/SystemServer(  646): Assets Atlas Service
03-11 16:40:51.764 I/SystemServer(  646): IdleMaintenanceService
03-11 16:40:51.764 I/SystemServer(  646): Print Service
03-11 16:40:51.774 I/WindowManager(  646): SAFE MODE not enabled
03-11 16:40:51.774 I/SystemServer(  646): Media Router Service
03-11 16:40:51.814 I/Zygote  (  646): Process: zygote socket opened
03-11 16:40:51.824 I/Adreno-EGL(  646): <qeglDrvAPI_eglInitialize:320>: EGL 1.4 QUALCOMM Build: I0404c4692afb8623f95c43aeb6d5e13ed4b30ddbDate: 11/06/13
03-11 16:40:51.834 W/art     (  186): Could not get current activity
03-11 16:40:51.844 V/KeyguardServiceDelegate(  646): *** Keyguard started
03-11 16:40:51.844 V/KeyguardServiceDelegate(  646): onSystemReady() called before keyguard service was ready
03-11 16:40:51.844 D/WifiMonitor(  646): startMonitoring(wlan0) with mConnected = false
03-11 16:40:51.844 I/ActivityManager(  646): Start proc com.android.systemui for service com.android.keyguard/.KeyguardService: pid=777 uid=10097 gids={50097, 1028, 1015, 3002, 3001}
03-11 16:40:51.874 D/Atlas   (  646): Rendered atlas in 81.42ms (29.72+51.70ms)
03-11 16:40:51.874 I/wpa_supplicant(  787): Successfully initialized wpa_supplicant
03-11 16:40:51.874 I/wpa_supplicant(  787): rfkill: Cannot open RFKILL control device
03-11 16:40:51.884 I/AppOps  (  646): Pruning old package media/1013: new uid=-1
03-11 16:40:51.884 I/ActivityManager(  646): System now ready
03-11 16:40:51.894 I/SystemServer(  646): Making services ready
03-11 16:40:51.894 W/MountService(  646): Duplicate state transition (mounted -> mounted) for /storage/emulated/0
03-11 16:40:51.894 D/NetworkManagementService(  646): enabling bandwidth control
03-11 16:40:51.904 W/art     (  777): Failed to find ELF magic in /system/priv-app/Keyguard.odex: dey
03-11 16:40:51.994 V/KeyguardService(  777): onCreate()
03-11 16:40:51.994 W/art     (  777): Failed to find ELF magic in /system/priv-app/SystemUI.odex: dey
03-11 16:40:51.994 E/OMXMaster(  188): A component of name 'OMX.qcom.audio.decoder.aac' already exists, ignoring this one.
03-11 16:40:52.024 D/SystemUIService(  777): loading: class com.android.systemui.recent.Recents
03-11 16:40:52.024 D/SystemUIService(  777): running: com.android.systemui.recent.Recents@64df8680
03-11 16:40:52.024 D/SystemUIService(  777): loading: class com.android.systemui.statusbar.SystemBars
03-11 16:40:52.024 D/SystemUIService(  777): running: com.android.systemui.statusbar.SystemBars@64df8c60
03-11 16:40:52.034 D/SystemUIService(  777): loading: class com.android.systemui.usb.StorageNotification
03-11 16:40:52.034 D/SystemUIService(  777): running: com.android.systemui.usb.StorageNotification@64dfbe08
03-11 16:40:52.044 D/SystemUIService(  777): loading: class com.android.systemui.power.PowerUI
03-11 16:40:52.044 D/SystemUIService(  777): running: com.android.systemui.power.PowerUI@64dff4e0
03-11 16:40:52.044 D/SystemUIService(  777): loading: class com.android.systemui.media.RingtonePlayer
03-11 16:40:52.054 D/SystemUIService(  777): running: com.android.systemui.media.RingtonePlayer@64e00b30
03-11 16:40:52.054 D/SystemUIService(  777): loading: class com.android.systemui.settings.SettingsUI
03-11 16:40:52.054 D/SystemUIService(  777): running: com.android.systemui.settings.SettingsUI@64e037e0
03-11 16:40:52.094 I/StatusBarManagerService(  646): registerStatusBar bar=com.android.internal.statusbar.IStatusBar$Stub$Proxy@65103308
03-11 16:40:52.114 D/PhoneStatusBar(  777): mSettingsPanelGravity = 8388661
03-11 16:40:52.144 W/BroadcastQueue(  646): Permission Denial: broadcasting Intent { act=android.net.conn.TETHER_STATE_CHANGED flg=0x64000010 (has extras) } from null (pid=-1, uid=-1) requires android.permission.CONNECTIVITY_INTERNAL due to registered receiver BroadcastFilter{65696b78 u0 ReceiverList{65696b18 646 system/1000/u0 local:65696908}}
03-11 16:40:52.214 I/ActivityManager(  646): Config changes=200 {1.0 ?mcc?mnc en_US ldltr sw600dp w600dp h887dp 320dpi lrg port finger -keyb/v/h -nav/h s.4}
03-11 16:40:52.254 I/ActivityManager(  646): Start proc android.process.media for broadcast com.android.providers.media/.MtpReceiver: pid=865 uid=10016 gids={50016, 1028, 1015, 1023, 1024, 2001, 3003, 3007}
03-11 16:40:52.294 W/art     (  865): Failed to find ELF magic in /system/priv-app/MediaProvider.odex: dey
03-11 16:40:52.314 W/art     (  865): Failed to find ELF magic in /system/priv-app/DownloadProvider.odex: dey
03-11 16:40:52.334 W/InputMethodManagerService(  646): Ignoring setImeWindowStatus of uid 1000 token: null
03-11 16:40:52.354 V/PhoneStatusBar/NavigationBarView(  777): touchEnabled:false
03-11 16:40:52.364 I/ActivityManager(  646): Start proc com.google.android.inputmethod.latin for service com.google.android.inputmethod.latin/com.android.inputmethod.latin.LatinIME: pid=882 uid=10036 gids={50036, 3003, 1028, 1015}
03-11 16:40:52.364 V/InputMethodManagerService(  646): Adding window token: android.os.Binder@656db030
03-11 16:40:52.374 I/wpa_supplicant(  787): rfkill: Cannot open RFKILL control device
03-11 16:40:52.405 D/BluetoothManagerService(  646): Message: 20
03-11 16:40:52.405 D/BluetoothManagerService(  646): Added callback: android.bluetooth.IBluetoothManagerCallback$Stub$Proxy@64ffdb10:true
03-11 16:40:52.405 D/BluetoothAdapter(  777): 1693211104: getState() :  mService = null. Returning STATE_OFF
03-11 16:40:52.405 D/BluetoothAdapter(  777): 1693211104: getState() :  mService = null. Returning STATE_OFF
03-11 16:40:52.405 W/art     (  882): Failed to find ELF magic in /system/app/LatinImeGoogle.odex: dey
03-11 16:40:52.455 D/WifiConfigStore(  646): Loading config and enabling all networks
03-11 16:40:52.465 D/BluetoothAdapter(  777): 1693211104: getState() :  mService = null. Returning STATE_OFF
03-11 16:40:52.495 E/LocSvc_utils_cfg(  646): W/loc_read_conf: no /etc/sap.conf file found
03-11 16:40:52.495 E/LocSvc_afw(  646): W/get_extension: Invalid interface passed in
03-11 16:40:52.525 I/LatinIME(  882): Hardware accelerated drawing: true
03-11 16:40:52.535 D/WifiConfigStore(  646): Missing id while parsing configuration
03-11 16:40:52.535 D/WifiConfigStore(  646): Missing id while parsing configuration
03-11 16:40:52.535 D/WifiConfigStore(  646): Missing id while parsing configuration
03-11 16:40:52.535 D/WifiConfigStore(  646): Missing id while parsing configuration
03-11 16:40:52.685 I/ActivityManager(  646): Start proc android.process.acore for content provider com.android.providers.contacts/.ContactsProvider2: pid=908 uid=10000 gids={50000, 3003, 1028, 1015}
03-11 16:40:52.705 D/CommandListener(  182): Setting iface cfg
03-11 16:40:52.705 D/CommandListener(  182): Trying to bring up p2p0
03-11 16:40:52.705 D/WifiMonitor(  646): startMonitoring(p2p0) with mConnected = true
03-11 16:40:52.725 I/ActivityManager(  646): Start proc com.android.settings for broadcast com.android.settings/.widget.SettingsAppWidgetProvider: pid=927 uid=1000 gids={41000, 1028, 1015, 3002, 3001, 3003}
03-11 16:40:52.745 D/MtpService(  865): updating state; isCurrentUser=true, mMtpLocked=true
03-11 16:40:52.745 D/FlpHardwareProvider(  646): Hardware Device already opened.
03-11 16:40:52.745 V/FlpHardwareProvider(  646): Callback thread attached: 0x49a9dbe8
03-11 16:40:52.745 D/WifiConfigStore(  646): Loading config and enabling all networks
03-11 16:40:52.745 W/art     (  908): Failed to find ELF magic in /system/priv-app/ContactsProvider.odex: dey
03-11 16:40:52.745 E/LocationManagerService(  646): No FusedProvider found.
03-11 16:40:52.755 D/MtpService(  865): updating state; isCurrentUser=true, mMtpLocked=true
03-11 16:40:52.765 E/QMI_FW  (  646): QMUXD: Service_id=16 not found over conn_id=0
03-11 16:40:52.765 D/GpsLocationProvider(  646): set_capabilities_callback: 55u
03-11 16:40:52.765 D/MtpService(  865): starting MTP server in MTP mode
03-11 16:40:52.775 I/CommonTimeManagementService(  646): No common time service detected on this platform.  Common time services will be unavailable.
03-11 16:40:52.775 I/InputReader(  646): Reconfiguring input devices.  changes=0x00000020
03-11 16:40:52.785 E/QMI_FW  (  646): QMUXD: Service_id=16 not found over conn_id=0
03-11 16:40:52.785 I/InputReader(  646): Reconfiguring input devices.  changes=0x00000010
03-11 16:40:52.805 E/QMI_FW  (  646): QMUXD: Service_id=16 not found over conn_id=0
03-11 16:40:52.805 I/ActivityManager(  646): Start proc com.nuance.xt9.input for added application com.nuance.xt9.input: pid=954 uid=10065 gids={50065}
03-11 16:40:52.825 D/WifiConfigStore(  646): Missing id while parsing configuration
03-11 16:40:52.825 D/WifiConfigStore(  646): Missing id while parsing configuration
03-11 16:40:52.825 D/WifiConfigStore(  646): Missing id while parsing configuration
03-11 16:40:52.825 D/WifiConfigStore(  646): Missing id while parsing configuration
03-11 16:40:52.825 W/art     (  927): Failed to find ELF magic in /system/priv-app/Settings.odex: dey
03-11 16:40:52.835 E/QMI_FW  (  646): QMUXD: Service_id=16 not found over conn_id=0
03-11 16:40:52.835 I/ActivityManager(  646): Start proc com.android.phone for added application com.android.phone: pid=970 uid=1001 gids={41001, 3002, 3001, 3003, 1028, 1015}
03-11 16:40:52.855 E/QMI_FW  (  646): QMUXD: Service_id=16 not found over conn_id=0
03-11 16:40:52.855 W/art     (  908): Failed to find ELF magic in /system/app/UserDictionaryProvider.odex: dey
03-11 16:40:52.855 I/ActivityManager(  646): Start proc com.android.nfc for added application com.android.nfc: pid=983 uid=1027 gids={41027, 3002, 3001, 1028, 1015}
03-11 16:40:52.855 I/ActivityManager(  646): START u0 {act=android.intent.action.MAIN cat=[android.intent.category.HOME] flg=0x10000000 cmp=com.android.launcher/com.android.launcher2.Launcher} from pid 0
03-11 16:40:52.885 I/LatinIME:LogUtils(  882): Dictionary info: dictionary = PersonalizationPredictionDictio ; version = ? ; date = 1393485324
03-11 16:40:52.885 I/ActivityManager(  646): Start proc com.android.launcher for activity com.android.launcher/com.android.launcher2.Launcher: pid=1005 uid=10037 gids={50037}
03-11 16:40:52.905 D/PhoneStatusBar(  777): disable: < expand icons alerts ticker system_info back home recent clock search >
03-11 16:40:52.905 E/QMI_FW  (  646): QMUXD: Service_id=16 not found over conn_id=0
03-11 16:40:52.925 I/LatinIME:LogUtils(  882): Dictionary info: dictionary = personalization.en_US.dict ; version = ? ; date = 1391630706
03-11 16:40:52.925 E/QMI_FW  (  646): QMUXD: Service_id=16 not found over conn_id=0
03-11 16:40:52.935 E/QMI_FW  (  646): QMUXD: Service_id=16 not found over conn_id=0
03-11 16:40:52.945 W/InputAttributes(  882): No editor info for this field. Bug?
03-11 16:40:52.955 I/art     (  646): WaitForConcurrentGcToComplete blocked for 31.433103ms
03-11 16:40:52.965 D/CommandListener(  182): Setting iface cfg
03-11 16:40:52.965 D/CommandListener(  182): Trying to bring up p2p0
03-11 16:40:52.965 D/WifiMonitor(  646): startMonitoring(p2p0) with mConnected = true
03-11 16:40:52.965 I/ResourceUtils(  882): Found default value: resource=keypress_vibration_durations build=[HARDWARE=flo MODEL=Nexus 7 BRAND=google MANUFACTURER=asus] default=-1
03-11 16:40:52.975 I/ResourceUtils(  882): Found default value: resource=keypress_volumes build=[HARDWARE=flo MODEL=Nexus 7 BRAND=google MANUFACTURER=asus] default=-1.0f
03-11 16:40:52.975 E/QMI_FW  (  646): QMUXD: Service_id=16 not found over conn_id=0
03-11 16:40:52.985 E/QMI_FW  (  646): QMUXD: Service_id=16 not found over conn_id=0
03-11 16:40:53.015 I/LatinIME:LogUtils(  882): Dictionary info: dictionary = userunigram.en_US.dict ; version = ? ; date = ?
03-11 16:40:53.025 I/Choreographer(  646): Skipped 72 frames!  The application may be doing too much work on its main thread.
03-11 16:40:53.035 V/KeyguardServiceDelegate(  646): *** Keyguard connected (yay!)
03-11 16:40:53.035 I/LatinIME:LogUtils(  882): Dictionary info: dictionary = UserHistoryDictionary.en_US.dic ; version = ? ; date = 1394535351
03-11 16:40:53.045 W/art     (  983): Failed to find ELF magic in /system/app/NfcNci.odex: dey
03-11 16:40:53.055 W/art     (  970): Failed to find ELF magic in /system/priv-app/TeleService.odex: dey
03-11 16:40:53.055 W/art     ( 1005): Failed to find ELF magic in /system/priv-app/Launcher2.odex: dey
03-11 16:40:53.065 D/BluetoothManagerService(  646): Message: 300
03-11 16:40:53.065 D/BluetoothManagerService(  646): MESSAGE_USER_SWITCHED
03-11 16:40:53.095 D/BluetoothAdapter(  777): 1693211104: getState() :  mService = null. Returning STATE_OFF
03-11 16:40:53.095 D/BluetoothAdapter(  777): 1693211104: getState() :  mService = null. Returning STATE_OFF
03-11 16:40:53.105 D/PhoneStatusBar(  777): heads up is disabled
03-11 16:40:53.105 V/BackupManagerService(  646): Connected to transport ComponentInfo{android/com.android.internal.backup.LocalTransportService}
03-11 16:40:53.105 V/BackupManagerService(  646): Registering transport android/com.android.internal.backup.LocalTransportService::android/com.android.internal.backup.LocalTransport = com.android.internal.backup.LocalTransport@656e3710
03-11 16:40:53.115 D/PhoneStatusBar(  777): mSettingsPanelGravity = 8388661
03-11 16:40:53.115 I/NfcService(  983): Starting NFC service
03-11 16:40:53.135 D/BrcmNfcJni(  983): JNI_OnLoad: enter
03-11 16:40:53.135 I/BrcmNfcJni(  983): NFC Service: loading nci JNI
03-11 16:40:53.135 D/BrcmNfcJni(  983): register_com_android_nfc_NativeNfcManager: enter
03-11 16:40:53.135 D/BrcmNfcJni(  983): PowerSwitch::initialize: level=PS-UNKNOWN (0)
03-11 16:40:53.135 D/NfcAdaptation(  983): bool CNfcConfig::readConfig(const char*, bool) Opened base config /etc/libnfc-brcm.conf
03-11 16:40:53.145 I/Choreographer(  777): Skipped 46 frames!  The application may be doing too much work on its main thread.
03-11 16:40:53.145 D/BrcmNfcJni(  983): PowerSwitch::initialize: desired screen-off state=0
03-11 16:40:53.145 D/BrcmNfcJni(  983): register_com_android_nfc_NativeNfcManager: exit
03-11 16:40:53.145 E/LocSvc_ApiV02(  646): W/virtual loc_api_adapter_err LocApiV02::setAGLONASSProtocol(long unsigned int):1553]: Error status = eLOC_CLIENT_FAILURE_INVALID_PARAMETER, ind..status = eQMI_LOC_SUCCESS_V02 
03-11 16:40:53.145 D/BrcmNfcJni(  983): register_com_android_nfc_NativeNfcTag
03-11 16:40:53.145 I/ActivityManager(  646): Start proc com.android.printspooler for service com.android.printspooler/.PrintSpoolerService: pid=1039 uid=10105 gids={50105}
03-11 16:40:53.155 D/BrcmNfcJni(  983): JNI_OnLoad: exit
03-11 16:40:53.155 D/BrcmNfcJni(  983): nfcManager_initNativeStruc: enter
03-11 16:40:53.155 D/BrcmNfcJni(  983): nfcManager_initNativeStruc: exit
03-11 16:40:53.165 D/BluetoothManagerService(  646): Message: 20
03-11 16:40:53.165 D/BluetoothManagerService(  646): Added callback: android.bluetooth.IBluetoothManagerCallback$Stub$Proxy@656af850:true
03-11 16:40:53.165 W/Settings(  983): Setting device_provisioned has moved from android.provider.Settings.Secure to android.provider.Settings.Global.
03-11 16:40:53.185 W/art     (  970): Failed to find ELF magic in /system/app/TelephonyProvider.odex: dey
03-11 16:40:53.185 D/BluetoothManagerService(  646): Message: 20
03-11 16:40:53.185 D/BluetoothManagerService(  646): Added callback: android.bluetooth.IBluetoothManagerCallback$Stub$Proxy@65473ae0:true
03-11 16:40:53.195 W/art     ( 1039): Failed to find ELF magic in /system/app/PrintSpooler.odex: dey
03-11 16:40:53.195 I/Adreno-EGL(  777): <qeglDrvAPI_eglInitialize:320>: EGL 1.4 QUALCOMM Build: I0404c4692afb8623f95c43aeb6d5e13ed4b30ddbDate: 11/06/13
03-11 16:40:53.215 I/PrintSpoolerService( 1039): No existing print spooler state.
03-11 16:40:53.215 I/ActivityManager(  646): Start proc com.google.android.gms for service com.google.android.gms/.cast.media.CastRemoteDisplayProviderService: pid=1056 uid=10023 gids={50023, 3003, 1007, 3002, 3001, 1028, 1015, 3007, 2001, 3006}
03-11 16:40:53.225 D/BluetoothAdapter(  927): 1692282544: getState() :  mService = null. Returning STATE_OFF
03-11 16:40:53.235 D/BluetoothManagerService(  646): Message: 30
03-11 16:40:53.235 W/ContextImpl(  927): Calling a method in the system process without a qualified user: android.app.ContextImpl.bindService:1543 android.content.ContextWrapper.bindService:517 android.bluetooth.BluetoothInputDevice.doBind:245 android.bluetooth.BluetoothInputDevice.<init>:238 android.bluetooth.BluetoothAdapter.getProfileProxy:1187 
03-11 16:40:53.245 I/LatinIME:LogUtils(  882): Dictionary info: dictionary = main:en_us ; version = 39 ; date = 1380099174
03-11 16:40:53.245 D/OpenGLRenderer(  777): Enabling debug mode 0
03-11 16:40:53.255 D/BluetoothManagerService(  646): Message: 30
03-11 16:40:53.255 D/LocalBluetoothProfileManager(  927): Adding local MAP profile
03-11 16:40:53.255 D/BluetoothMap(  927): Create BluetoothMap proxy object
03-11 16:40:53.255 D/BluetoothManagerService(  646): Message: 30
03-11 16:40:53.255 W/ContextImpl(  927): Calling a method in the system process without a qualified user: android.app.ContextImpl.bindService:1543 android.content.ContextWrapper.bindService:517 android.bluetooth.BluetoothPan.doBind:149 android.bluetooth.BluetoothPan.<init>:141 android.bluetooth.BluetoothAdapter.getProfileProxy:1190 
03-11 16:40:53.265 W/ContextImpl(  927): Calling a method in the system process without a qualified user: android.app.ContextImpl.bindService:1543 android.content.ContextWrapper.bindService:517 android.bluetooth.BluetoothMap.doBind:109 android.bluetooth.BluetoothMap.<init>:102 android.bluetooth.BluetoothAdapter.getProfileProxy:1196 
03-11 16:40:53.275 E/LocSvc_eng(  646): W/int loc_eng_init(loc_eng_data_s_type&, LocCallbacks*, LOC_API_ADAPTER_EVENT_MASK_T): log_eng state error: instance already initialized
03-11 16:40:53.275 E/LocSvc_eng(  646): W/void loc_eng_agps_init(loc_eng_data_s_type&, AGpsExtCallbacks*): log_eng state error: agps instance already initialized
03-11 16:40:53.285 W/art     ( 1056): Failed to find ELF magic in /system/framework/com.android.location.provider.odex: dey
03-11 16:40:53.285 W/art     ( 1056): Failed to find ELF magic in /system/framework/com.android.media.remotedisplay.odex: dey
03-11 16:40:53.295 D/BluetoothManagerService(  646): Message: 30
03-11 16:40:53.295 D/LocalBluetoothProfileManager(  927): LocalBluetoothProfileManager construction complete
03-11 16:40:53.295 D/BluetoothAdapter(  927): 1692282544: getState() :  mService = null. Returning STATE_OFF
03-11 16:40:53.295 D/BluetoothAdapter(  927): 1692282544: getState() :  mService = null. Returning STATE_OFF
03-11 16:40:53.295 W/ContextImpl(  927): Calling a method in the system process without a qualified user: android.app.ContextImpl.bindService:1543 android.content.ContextWrapper.bindService:517 android.bluetooth.BluetoothPbap.doBind:164 android.bluetooth.BluetoothPbap.<init>:157 com.android.settings.bluetooth.PbapServerProfile.<init>:68 
03-11 16:40:53.315 W/NfceeAccess(  983): could not find /etc/nfcee_access.xml, no NFCEE access allowed
03-11 16:40:53.315 I/NfceeAccess(  983): read 0 signature(s) for NFCEE access
03-11 16:40:53.315 W/Settings(  983): Setting airplane_mode_radios has moved from android.provider.Settings.System to android.provider.Settings.Global, returning read-only value.
03-11 16:40:53.315 W/Settings(  983): Setting airplane_mode_toggleable_radios has moved from android.provider.Settings.System to android.provider.Settings.Global, returning read-only value.
03-11 16:40:53.325 I/ActivityManager(  646): Start proc com.google.android.keep for broadcast com.google.android.keep/.notification.AlertReceiver: pid=1081 uid=10034 gids={50034, 3003, 1028, 1015}
03-11 16:40:53.375 D/NfcService(  983): checking on firmware download
03-11 16:40:53.375 W/Settings(  983): Setting airplane_mode_on has moved from android.provider.Settings.System to android.provider.Settings.Global, returning read-only value.
03-11 16:40:53.375 D/NfcService(  983): NFC is on. Doing normal stuff
03-11 16:40:53.375 I/NfcService(  983): Enabling NFC
03-11 16:40:53.375 D/BrcmNfcJni(  983): nfcManager_doInitialize: enter; ver=NFCDROID_MI_422.10.0.15 nfa=NFA_MI_1.03.62+ NCI_VERSION=0x10
03-11 16:40:53.375 D/BrcmNfcJni(  983): PowerSwitch::initialize: level=PS-FULL (1)
03-11 16:40:53.375 D/BrcmNfcJni(  983): PowerSwitch::initialize: desired screen-off state=0
03-11 16:40:53.375 D/NfcAdaptation(  983): NfcAdaptation::Initialize: enter
03-11 16:40:53.375 E/NfcAdaptation(  983): NfcAdaptation::Initialize: ver=NFCDROID_MI_422.10.0.15 nfa=NFA_MI_1.03.62+
03-11 16:40:53.375 D/NfcAdaptation(  983): const CNfcParam* CNfcConfig::find(const char*) const found NFA_STORAGE=/data/nfc
03-11 16:40:53.375 D/NfcAdaptation(  983): const CNfcParam* CNfcConfig::find(const char*) const found PROTOCOL_TRACE_LEVEL=(0x0)
03-11 16:40:53.375 D/NfcAdaptation(  983): const CNfcParam* CNfcConfig::find(const char*) const found APPL_TRACE_LEVEL=(0x1)
03-11 16:40:53.395 I/BrcmNfcNfa(  983): NFC_TASK started.
03-11 16:40:53.395 D/NfcNciHal(  983): nfc_open: enter; name=nci
03-11 16:40:53.395 D/NfcNciHal(  983): HaiInitializeLibrary: enter
03-11 16:40:53.395 E/NfcNciHal(  983): HaiInitializeLibrary: ver=NFCDROID_MI_422.10.0.15 nfa=NFA_MI_1.03.62+
03-11 16:40:53.395 D/NfcNciHal(  983): bool CNfcConfig::readConfig(const char*, bool) Opened base config /etc/libnfc-brcm.conf
03-11 16:40:53.406 D/NfcNciHal(  983): const CNfcParam* CNfcConfig::find(const char*) const found APPL_TRACE_LEVEL=(0x1)
03-11 16:40:53.406 I/USERIAL_LINUX(  983): USERIAL_Init
03-11 16:40:53.406 I/NfcNciHal(  983): HAL_NfcInitialize (): NFC_HAL_TASK id=0
03-11 16:40:53.406 I/NfcNciHal(  983): NFC_HAL_TASK started
03-11 16:40:53.406 I/BrcmNfcNfa(  983): nfa_dm_init ()
03-11 16:40:53.406 I/BrcmNfcNfa(  983): nfa_sys_register () id=1, enable_cplt_mask=0x0
03-11 16:40:53.406 I/BrcmNfcNfa(  983): nfa_sys_register () id=3, enable_cplt_mask=0x8
03-11 16:40:53.406 I/BrcmNfcNfa(  983): nfa_rw_init ()
03-11 16:40:53.406 I/BrcmNfcNfa(  983): nfa_sys_register () id=6, enable_cplt_mask=0x48
03-11 16:40:53.406 I/BrcmNfcNfa(  983): nfa_ce_init ()
03-11 16:40:53.406 I/BrcmNfcNfa(  983): nfa_sys_register () id=7, enable_cplt_mask=0xc8
03-11 16:40:53.406 I/BrcmNfcNfa(  983): nfa_ee_init ()
03-11 16:40:53.406 I/BrcmNfcNfa(  983): nfa_sys_register () id=2, enable_cplt_mask=0xcc
03-11 16:40:53.406 I/BrcmNfcNfa(  983): nfa_hci_init ()
03-11 16:40:53.406 I/BrcmNfcNfa(  983): nfa_sys_register () id=8, enable_cplt_mask=0x1cc
03-11 16:40:53.476 D/PhoneStatusBar(  777): disable: < expand icons alerts ticker system_info back home RECENT* clock search >
