03-11 15:26:41.123 E/dalvikvm( 3348): Could not find class 'com.google.trix.ritz.shared.mutation.O', referenced from method bnz.<init>
03-11 15:26:41.123 W/dalvikvm( 3348): VFY: unable to resolve new-instance 7301 (Lcom/google/trix/ritz/shared/mutation/O;) in Lbnz;
03-11 15:26:41.123 D/dalvikvm( 3348): VFY: replacing opcode 0x22 at 0x07a9
03-11 15:26:41.123 D/dalvikvm( 3348): DexOpt: unable to opt direct call 0xb146 at 0x3be in Lbnz;.<init>
03-11 15:26:41.123 D/dalvikvm( 3348): DexOpt: unable to opt direct call 0xb292 at 0x3cd in Lbnz;.<init>
03-11 15:26:41.123 D/dalvikvm( 3348): DexOpt: unable to opt direct call 0xb108 at 0x5da in Lbnz;.<init>
03-11 15:26:41.123 D/dalvikvm( 3348): DexOpt: unable to opt direct call 0xb23b at 0x7ab in Lbnz;.<init>
03-11 15:26:41.143 D/dalvikvm( 3348): GC_CONCURRENT freed 347K, 3% free 17090K/17472K, paused 1ms+1ms, total 9ms
03-11 15:26:41.153 W/dalvikvm( 3348): method Lcom/google/android/apps/docs/editors/toolbar/PreHoneyCombActionBar;.a incorrectly overrides package-private method with same name in Lakm;
03-11 15:26:41.153 W/dalvikvm( 3348): method Lcom/google/android/apps/docs/editors/toolbar/PreHoneyCombActionBar;.b incorrectly overrides package-private method with same name in Lakm;
03-11 15:26:41.193 D/dalvikvm( 3348): GC_CONCURRENT freed 307K, 2% free 17212K/17556K, paused 1ms+1ms, total 12ms
03-11 15:26:41.203 W/dalvikvm( 3348): VFY: unable to resolve instance field 20115
03-11 15:26:41.203 D/dalvikvm( 3348): VFY: replacing opcode 0x54 at 0x001e
03-11 15:26:41.213 I/dalvikvm( 3348): DexOpt: unable to optimize instance field ref 0x4e93 at 0x28 in LbvF;.getInstance
03-11 15:26:41.283 D/dalvikvm( 3348): GC_CONCURRENT freed 408K, 3% free 17313K/17756K, paused 1ms+5ms, total 38ms
03-11 15:26:41.283 D/dalvikvm( 3348): WAIT_FOR_CONCURRENT_GC blocked 9ms
03-11 15:26:41.353 D/dalvikvm( 3348): GC_CONCURRENT freed 316K, 2% free 17418K/17772K, paused 2ms+2ms, total 15ms
03-11 15:26:41.393 W/ActiveOrDefaultContextProvider( 3348): Missing scope.enter somewhere. Returning default context
03-11 15:26:41.413 W/ActiveOrDefaultContextProvider( 3348): Missing scope.enter somewhere. Returning default context
03-11 15:26:41.413 E/JavaBinder( 3348): *** Uncaught remote exception!  (Exceptions are not yet supported across processes.)
03-11 15:26:41.413 E/JavaBinder( 3348): java.lang.RuntimeException: Can't create handler inside thread that has not called Looper.prepare()
03-11 15:26:41.413 E/JavaBinder( 3348): 	at android.os.Handler.<init>(Handler.java:200)
03-11 15:26:41.413 E/JavaBinder( 3348): 	at android.os.Handler.<init>(Handler.java:114)
03-11 15:26:41.413 E/JavaBinder( 3348): 	at aOW.<init>(ToastErrorReporter.java:72)
03-11 15:26:41.413 E/JavaBinder( 3348): 	at com.google.android.apps.docs.utils.ToastErrorReporter.<init>(ToastErrorReporter.java:72)
03-11 15:26:41.413 E/JavaBinder( 3348): 	at aNE.getInstance(GellyInjectorStore.java:438)
03-11 15:26:41.413 E/JavaBinder( 3348): 	at bnB.a(ConstructorProvider.java:30)
03-11 15:26:41.413 E/JavaBinder( 3348): 	at boi.a(RuntimeProvider.java:96)
03-11 15:26:41.413 E/JavaBinder( 3348): 	at boi.a(RuntimeProvider.java:96)
03-11 15:26:41.413 E/JavaBinder( 3348): 	at Jh.a(GellyInjectorStore.java:294)
03-11 15:26:41.413 E/JavaBinder( 3348): 	at Jh.performStaticMembersInjection(GellyInjectorStore.java:361)
03-11 15:26:41.413 E/JavaBinder( 3348): 	at bnP.b(GellyInjectorBuilderBase.java:45)
03-11 15:26:41.413 E/JavaBinder( 3348): 	at bnX.b(GellyInjectorBuilderBase.java:146)
03-11 15:26:41.413 E/JavaBinder( 3348): 	at bnR.a(GellyInjectorBuilderBase.java:174)
03-11 15:26:41.413 E/JavaBinder( 3348): 	at bnP.a(GellyInjectorBuilderBase.java:267)
03-11 15:26:41.413 E/JavaBinder( 3348): 	at com.google.common.labs.inject.gelly.GellyStaticRuntime.a(GellyStaticRuntime.java:1516)
03-11 15:26:41.413 E/JavaBinder( 3348): 	at bnw.a(Gelly.java:53)
03-11 15:26:41.413 E/JavaBinder( 3348): 	at aLP.a(InjectorRegistry.java:67)
03-11 15:26:41.413 E/JavaBinder( 3348): 	at aLI.a(GuiceApplication.java:27)
03-11 15:26:41.413 E/JavaBinder( 3348): 	at aLN.b(GuiceUtils.java:90)
03-11 15:26:41.413 E/JavaBinder( 3348): 	at aLN.a(GuiceUtils.java:64)
03-11 15:26:41.413 E/JavaBinder( 3348): 	at aLu.b(ContextScopedInjectorFactory.java:60)
03-11 15:26:41.413 E/JavaBinder( 3348): 	at com.google.android.gms.drive.external.StorageBackendContentProvider.a(StorageBackendContentProvider.java:112)
03-11 15:26:41.413 E/JavaBinder( 3348): 	at com.google.android.gms.drive.external.StorageBackendContentProvider.a(StorageBackendContentProvider.java:133)
03-11 15:26:41.413 E/JavaBinder( 3348): 	at com.google.android.gms.drive.external.StorageBackendContentProvider.queryRoots(StorageBackendContentProvider.java:154)
03-11 15:26:41.413 E/JavaBinder( 3348): 	at android.provider.DocumentsProvider.query(DocumentsProvider.java:416)
03-11 15:26:41.413 E/JavaBinder( 3348): 	at android.content.ContentProvider.query(ContentProvider.java:857)
03-11 15:26:41.413 E/JavaBinder( 3348): 	at android.content.ContentProvider$Transport.query(ContentProvider.java:200)
03-11 15:26:41.413 E/JavaBinder( 3348): 	at android.content.ContentProviderNative.onTransact(ContentProviderNative.java:112)
03-11 15:26:41.413 E/JavaBinder( 3348): 	at android.os.Binder.execTransact(Binder.java:404)
03-11 15:26:41.413 E/JavaBinder( 3348): 	at dalvik.system.NativeStart.run(Native Method)
03-11 15:26:41.413 W/Documents( 3292): Failed to load some roots from com.google.android.apps.docs.storage: java.lang.NullPointerException
03-11 15:26:41.413 D/Documents( 3292): Update found 6 roots in 559ms
03-11 15:26:41.413 D/Documents( 3292): Used cached roots for com.android.providers.downloads.documents
03-11 15:26:41.413 D/Documents( 3292): Loading roots for com.android.externalstorage.documents
03-11 15:26:41.423 D/Documents( 3292): Used cached roots for com.android.providers.media.documents
03-11 15:26:41.423 D/Documents( 3292): Loading roots for com.google.android.apps.docs.storage
03-11 15:26:41.433 D/dalvikvm( 3348): GC_CONCURRENT freed 356K, 3% free 17569K/17964K, paused 2ms+2ms, total 24ms
03-11 15:26:41.433 D/dalvikvm( 3348): WAIT_FOR_CONCURRENT_GC blocked 5ms
03-11 15:26:41.473 D/dalvikvm( 3348): GC_CONCURRENT freed 430K, 3% free 17644K/18116K, paused 2ms+2ms, total 24ms
03-11 15:26:41.473 D/dalvikvm( 3348): WAIT_FOR_CONCURRENT_GC blocked 13ms
03-11 15:26:41.533 D/dalvikvm( 3348): GC_CONCURRENT freed 373K, 3% free 17777K/18188K, paused 2ms+3ms, total 26ms
03-11 15:26:41.533 D/dalvikvm( 3348): WAIT_FOR_CONCURRENT_GC blocked 13ms
03-11 15:26:41.533 W/ActiveOrDefaultContextProvider( 3348): Missing scope.enter somewhere. Returning default context
03-11 15:26:41.543 W/ActiveOrDefaultContextProvider( 3348): Missing scope.enter somewhere. Returning default context
03-11 15:26:41.543 E/JavaBinder( 3348): *** Uncaught remote exception!  (Exceptions are not yet supported across processes.)
03-11 15:26:41.543 E/JavaBinder( 3348): java.lang.RuntimeException: Can't create handler inside thread that has not called Looper.prepare()
03-11 15:26:41.543 E/JavaBinder( 3348): 	at android.os.Handler.<init>(Handler.java:200)
03-11 15:26:41.543 E/JavaBinder( 3348): 	at android.os.Handler.<init>(Handler.java:114)
03-11 15:26:41.543 E/JavaBinder( 3348): 	at aOW.<init>(ToastErrorReporter.java:72)
03-11 15:26:41.543 E/JavaBinder( 3348): 	at com.google.android.apps.docs.utils.ToastErrorReporter.<init>(ToastErrorReporter.java:72)
03-11 15:26:41.543 E/JavaBinder( 3348): 	at aNE.getInstance(GellyInjectorStore.java:438)
03-11 15:26:41.543 E/JavaBinder( 3348): 	at bnB.a(ConstructorProvider.java:30)
03-11 15:26:41.543 E/JavaBinder( 3348): 	at boi.a(RuntimeProvider.java:96)
03-11 15:26:41.543 E/JavaBinder( 3348): 	at boi.a(RuntimeProvider.java:96)
03-11 15:26:41.543 E/JavaBinder( 3348): 	at Jh.a(GellyInjectorStore.java:294)
03-11 15:26:41.543 E/JavaBinder( 3348): 	at Jh.performStaticMembersInjection(GellyInjectorStore.java:361)
03-11 15:26:41.543 E/JavaBinder( 3348): 	at bnP.b(GellyInjectorBuilderBase.java:45)
03-11 15:26:41.543 E/JavaBinder( 3348): 	at bnX.b(GellyInjectorBuilderBase.java:146)
03-11 15:26:41.543 E/JavaBinder( 3348): 	at bnR.a(GellyInjectorBuilderBase.java:174)
03-11 15:26:41.543 E/JavaBinder( 3348): 	at bnP.a(GellyInjectorBuilderBase.java:267)
03-11 15:26:41.543 E/JavaBinder( 3348): 	at com.google.common.labs.inject.gelly.GellyStaticRuntime.a(GellyStaticRuntime.java:1516)
03-11 15:26:41.543 E/JavaBinder( 3348): 	at bnw.a(Gelly.java:53)
03-11 15:26:41.543 E/JavaBinder( 3348): 	at aLP.a(InjectorRegistry.java:67)
03-11 15:26:41.543 E/JavaBinder( 3348): 	at aLI.a(GuiceApplication.java:27)
03-11 15:26:41.543 E/JavaBinder( 3348): 	at aLN.b(GuiceUtils.java:90)
03-11 15:26:41.543 E/JavaBinder( 3348): 	at aLN.a(GuiceUtils.java:64)
03-11 15:26:41.543 E/JavaBinder( 3348): 	at aLu.b(ContextScopedInjectorFactory.java:60)
03-11 15:26:41.543 E/JavaBinder( 3348): 	at com.google.android.gms.drive.external.StorageBackendContentProvider.a(StorageBackendContentProvider.java:112)
03-11 15:26:41.543 E/JavaBinder( 3348): 	at com.google.android.gms.drive.external.StorageBackendContentProvider.a(StorageBackendContentProvider.java:133)
03-11 15:26:41.543 E/JavaBinder( 3348): 	at com.google.android.gms.drive.external.StorageBackendContentProvider.queryRoots(StorageBackendContentProvider.java:154)
03-11 15:26:41.543 E/JavaBinder( 3348): 	at android.provider.DocumentsProvider.query(DocumentsProvider.java:416)
03-11 15:26:41.543 E/JavaBinder( 3348): 	at android.content.ContentProvider.query(ContentProvider.java:857)
03-11 15:26:41.543 E/JavaBinder( 3348): 	at android.content.ContentProvider$Transport.query(ContentProvider.java:200)
03-11 15:26:41.543 E/JavaBinder( 3348): 	at android.content.ContentProviderNative.onTransact(ContentProviderNative.java:112)
03-11 15:26:41.543 E/JavaBinder( 3348): 	at android.os.Binder.execTransact(Binder.java:404)
03-11 15:26:41.543 E/JavaBinder( 3348): 	at dalvik.system.NativeStart.run(Native Method)
03-11 15:26:41.543 W/Documents( 3292): Failed to load some roots from com.google.android.apps.docs.storage: java.lang.NullPointerException
03-11 15:26:41.543 D/Documents( 3292): Update found 6 roots in 127ms
03-11 15:26:41.603 D/dalvikvm( 3348): GC_CONCURRENT freed 420K, 3% free 17855K/18324K, paused 2ms+2ms, total 26ms
03-11 15:26:41.603 D/dalvikvm( 3348): WAIT_FOR_CONCURRENT_GC blocked 18ms
03-11 15:26:41.643 D/dalvikvm( 3348): GC_CONCURRENT freed 450K, 3% free 17902K/18400K, paused 1ms+1ms, total 16ms
03-11 15:26:41.643 D/dalvikvm( 3348): WAIT_FOR_CONCURRENT_GC blocked 5ms
03-11 15:26:41.673 W/ActiveOrDefaultContextProvider( 3348): Missing scope.enter somewhere. Returning default context
03-11 15:26:41.683 W/ActiveOrDefaultContextProvider( 3348): Missing scope.enter somewhere. Returning default context
03-11 15:26:41.713 D/dalvikvm( 3348): GC_CONCURRENT freed 311K, 2% free 18114K/18440K, paused 1ms+4ms, total 34ms
03-11 15:26:41.723 W/GAV2    ( 3348): Thread[main,5,main]: Need to call initialize() and be in fallback mode to start dispatch.
03-11 15:26:42.333 D/AndroidRuntime( 3379): 
03-11 15:26:42.333 D/AndroidRuntime( 3379): >>>>>> AndroidRuntime START com.android.internal.os.RuntimeInit <<<<<<
03-11 15:26:42.343 D/AndroidRuntime( 3379): CheckJNI is OFF
03-11 15:26:42.343 D/dalvikvm( 3379): Trying to load lib libjavacore.so 0x0
03-11 15:26:42.353 D/dalvikvm( 3379): Added shared lib libjavacore.so 0x0
03-11 15:26:42.353 D/dalvikvm( 3379): Trying to load lib libnativehelper.so 0x0
03-11 15:26:42.353 D/dalvikvm( 3379): Added shared lib libnativehelper.so 0x0
03-11 15:26:42.353 D/dalvikvm( 3379): No JNI_OnLoad found in libnativehelper.so 0x0, skipping init
03-11 15:26:42.373 D/dalvikvm( 3379): Note: class Landroid/app/ActivityManagerNative; has 179 unimplemented (abstract) methods
03-11 15:26:42.503 D/AndroidRuntime( 3379): Calling main entry com.android.commands.am.Am
03-11 15:26:42.513 I/ActivityManager(  785): START u0 {flg=0x10000000 cmp=com.android.helloworldminimal/.HelloWorld} from pid 3379
03-11 15:26:42.833 D/AndroidRuntime( 3379): Shutting down VM
03-11 15:26:42.833 I/WindowManager(  785): Screenshot max retries 4 of Token{42d38ac8 ActivityRecord{42e9d780 u0 com.google.android.googlequicksearchbox/com.google.android.launcher.GEL t1}} appWin=Window{431b0e10 u0 com.google.android.googlequicksearchbox/com.google.android.launcher.GEL} drawState=4
03-11 15:26:42.833 W/WindowManager(  785): Screenshot failure taking screenshot for (1080x1920) to layer 21000
03-11 15:26:42.833 D/dalvikvm( 3379): GC_CONCURRENT freed 95K, 15% free 586K/684K, paused 1ms+0ms, total 3ms
03-11 15:26:42.843 I/ActivityManager(  785): Start proc com.android.helloworldminimal for activity com.android.helloworldminimal/.HelloWorld: pid=3390 uid=10076 gids={50076}
03-11 15:26:42.913 D/dalvikvm( 3390): GC_CONCURRENT freed 191K, 2% free 16937K/17160K, paused 1ms+1ms, total 14ms
03-11 15:26:42.993 D/dalvikvm( 3390): GC_CONCURRENT freed 217K, 2% free 17151K/17400K, paused 1ms+2ms, total 11ms
03-11 15:26:43.073 D/dalvikvm( 3390): GC_CONCURRENT freed 263K, 2% free 17401K/17696K, paused 1ms+3ms, total 21ms
03-11 15:26:43.073 D/dalvikvm( 3390): WAIT_FOR_CONCURRENT_GC blocked 4ms
03-11 15:26:43.153 D/dalvikvm( 3390): GC_CONCURRENT freed 257K, 2% free 17630K/17920K, paused 2ms+3ms, total 23ms
03-11 15:26:43.253 D/dalvikvm( 3390): GC_CONCURRENT freed 310K, 2% free 17736K/18096K, paused 2ms+1ms, total 13ms
03-11 15:26:43.333 D/dalvikvm( 3390): GC_CONCURRENT freed 317K, 3% free 17847K/18212K, paused 1ms+2ms, total 14ms
03-11 15:26:43.363 I/dalvikvm( 3390): Could not find method java.beans.Introspector.getBeanInfo, referenced from method clojure.core$bean.invoke
03-11 15:26:43.363 W/dalvikvm( 3390): VFY: unable to resolve static method 13119: Ljava/beans/Introspector;.getBeanInfo (Ljava/lang/Class;)Ljava/beans/BeanInfo;
03-11 15:26:43.363 D/dalvikvm( 3390): VFY: replacing opcode 0x71 at 0x0021
03-11 15:26:43.413 D/dalvikvm( 3390): GC_CONCURRENT freed 312K, 2% free 17999K/18344K, paused 1ms+2ms, total 14ms
03-11 15:26:43.473 D/dalvikvm( 3390): GC_CONCURRENT freed 398K, 3% free 18114K/18544K, paused 1ms+1ms, total 19ms
03-11 15:26:43.533 D/dalvikvm( 3390): GC_CONCURRENT freed 401K, 3% free 18147K/18580K, paused 2ms+2ms, total 16ms
03-11 15:26:43.623 D/dalvikvm( 3390): GC_CONCURRENT freed 447K, 3% free 18213K/18692K, paused 1ms+2ms, total 24ms
03-11 15:26:43.623 D/dalvikvm( 3390): WAIT_FOR_CONCURRENT_GC blocked 9ms
03-11 15:26:43.693 D/dalvikvm( 3390): GC_CONCURRENT freed 465K, 3% free 18263K/18760K, paused 1ms+2ms, total 27ms
03-11 15:26:43.693 D/dalvikvm( 3390): WAIT_FOR_CONCURRENT_GC blocked 10ms
03-11 15:26:43.763 D/dalvikvm( 3390): GC_CONCURRENT freed 499K, 3% free 18274K/18804K, paused 2ms+2ms, total 17ms
03-11 15:26:43.833 D/dalvikvm( 3390): GC_CONCURRENT freed 453K, 3% free 18379K/18820K, paused 2ms+2ms, total 23ms
03-11 15:26:43.923 D/dalvikvm( 3390): GC_CONCURRENT freed 522K, 3% free 18374K/18928K, paused 2ms+1ms, total 16ms
03-11 15:26:43.983 D/dalvikvm( 3390): GC_CONCURRENT freed 451K, 3% free 18416K/18928K, paused 2ms+2ms, total 19ms
03-11 15:26:44.073 D/dalvikvm( 3390): GC_CONCURRENT freed 501K, 3% free 18484K/19000K, paused 0ms+2ms, total 28ms
03-11 15:26:44.133 D/dalvikvm( 3390): GC_CONCURRENT freed 376K, 3% free 18630K/19084K, paused 2ms+2ms, total 19ms
03-11 15:26:44.213 D/dalvikvm( 3390): GC_CONCURRENT freed 564K, 4% free 18665K/19264K, paused 3ms+1ms, total 20ms
03-11 15:26:44.273 D/dalvikvm( 3390): GC_CONCURRENT freed 569K, 4% free 18759K/19360K, paused 2ms+2ms, total 21ms
03-11 15:26:44.273 D/dalvikvm( 3390): WAIT_FOR_CONCURRENT_GC blocked 13ms
03-11 15:26:44.343 D/dalvikvm( 3390): GC_CONCURRENT freed 543K, 3% free 18908K/19484K, paused 1ms+1ms, total 28ms
03-11 15:26:44.343 D/dalvikvm( 3390): WAIT_FOR_CONCURRENT_GC blocked 17ms
03-11 15:26:44.373 I/Adreno-EGL( 3390): <qeglDrvAPI_eglInitialize:320>: EGL 1.4 QUALCOMM Build: I0404c4692afb8623f95c43aeb6d5e13ed4b30ddbDate: 11/06/13
03-11 15:26:44.393 D/OpenGLRenderer( 3390): Enabling debug mode 0
03-11 15:26:44.443 I/ActivityManager(  785): Displayed com.android.helloworldminimal/.HelloWorld: +1s617ms
03-11 15:26:45.713 W/GAV2    ( 3348): Thread[main,5,main]: dispatch call queued.  Need to call GAServiceManager.getInstance().initialize().
03-11 15:26:46.413 W/GAV2    ( 3348): Thread[GAThread,5,main]: Service unavailable (code=1), will retry.
03-11 15:26:46.413 I/GAV2    ( 3348): Thread[GAThread,5,main]: No campaign data found.
03-11 15:26:46.413 W/ActivityManager(  785): Unable to start service Intent { act=com.google.android.gms.analytics.service.START cmp=com.google.android.gms/.analytics.service.AnalyticsService (has extras) } U=0: not found
03-11 15:26:51.413 W/GAV2    ( 3348): Thread[Service Reconnect,5,main]: Service unavailable (code=1), using local store.
03-11 15:26:51.413 W/ActivityManager(  785): Unable to start service Intent { act=com.google.android.gms.analytics.service.START cmp=com.google.android.gms/.analytics.service.AnalyticsService (has extras) } U=0: not found
03-11 15:27:02.173 D/dalvikvm( 1222): GC_CONCURRENT freed 314K, 2% free 17946K/18308K, paused 6ms+1ms, total 42ms
03-11 15:27:03.233 I/FxAccounts( 2828): fennec :: FxAccountSyncAdapter :: Syncing FxAccount account named like XXXXXXXX.XXXXXXXXX@XXXXX.XXX for authority org.mozilla.fennec.db.browser with instance org.mozilla.gecko.fxa.sync.FxAccountSyncAdapter@429b12a0.
03-11 15:27:03.233 D/dalvikvm( 2828): GC_CONCURRENT freed 282K, 2% free 16856K/17172K, paused 8ms+1ms, total 22ms
03-11 15:27:03.233 D/dalvikvm( 2828): WAIT_FOR_CONCURRENT_GC blocked 2ms
03-11 15:27:03.253 D/AndroidRuntime( 3414): 
03-11 15:27:03.253 D/AndroidRuntime( 3414): >>>>>> AndroidRuntime START com.android.internal.os.RuntimeInit <<<<<<
03-11 15:27:03.253 D/AndroidRuntime( 3414): CheckJNI is OFF
03-11 15:27:03.253 D/dalvikvm( 2828): GC_FOR_ALLOC freed 220K, 3% free 16993K/17388K, paused 8ms, total 8ms
03-11 15:27:03.263 D/dalvikvm( 3414): Trying to load lib libjavacore.so 0x0
03-11 15:27:03.263 D/dalvikvm( 3414): Added shared lib libjavacore.so 0x0
03-11 15:27:03.273 D/dalvikvm( 3414): Trying to load lib libnativehelper.so 0x0
03-11 15:27:03.273 D/dalvikvm( 3414): Added shared lib libnativehelper.so 0x0
03-11 15:27:03.273 D/dalvikvm( 3414): No JNI_OnLoad found in libnativehelper.so 0x0, skipping init
03-11 15:27:03.273 I/FxAccounts( 2828): fennec :: FxAccountSyncAdapter :: handleFinal: in Married
03-11 15:27:03.273 I/FxAccounts( 2828): fennec :: AndroidFxAccount :: Moving account named like XXXXXXXX.XXXXXXXXX@XXXXX.XXX to state Married
03-11 15:27:03.293 D/dalvikvm( 3414): Note: class Landroid/app/ActivityManagerNative; has 179 unimplemented (abstract) methods
03-11 15:27:03.313 D/dalvikvm( 2828): GC_CONCURRENT freed 336K, 3% free 17048K/17496K, paused 2ms+1ms, total 10ms
03-11 15:27:03.323 I/FxAccounts( 2828): fennec :: FxAccountNotificationManager :: State Married needs no action; cancelling any existing notification.
03-11 15:27:03.353 D/dalvikvm( 2828): GC_CONCURRENT freed 421K, 3% free 17062K/17588K, paused 2ms+1ms, total 11ms
03-11 15:27:03.353 D/dalvikvm( 2828): WAIT_FOR_CONCURRENT_GC blocked 3ms
03-11 15:27:03.423 D/dalvikvm( 2828): GC_CONCURRENT freed 181K, 2% free 17393K/17608K, paused 4ms+2ms, total 21ms
03-11 15:27:03.423 D/dalvikvm( 2828): WAIT_FOR_CONCURRENT_GC blocked 8ms
03-11 15:27:03.423 D/AndroidRuntime( 3414): Calling main entry com.android.commands.pm.Pm
03-11 15:27:03.433 I/ActivityManager(  785): Force stopping com.android.helloworldminimal appid=10076 user=0: clear data
03-11 15:27:03.433 I/ActivityManager(  785): Killing 3390:com.android.helloworldminimal/u0a76 (adj 0): stop com.android.helloworldminimal
03-11 15:27:03.433 W/ActivityManager(  785): Force removing ActivityRecord{42f8ee48 u0 com.android.helloworldminimal/.HelloWorld t3}: app died, no saved state
03-11 15:27:03.433 W/WindowManager(  785): Rebuild removed 2 windows but added 1
03-11 15:27:03.433 W/WindowManager(  785): java.lang.RuntimeException: here
03-11 15:27:03.433 W/WindowManager(  785): 	at com.android.server.wm.WindowManagerService.rebuildAppWindowListLocked(WindowManagerService.java:8011)
03-11 15:27:03.433 W/WindowManager(  785): 	at com.android.server.wm.WindowManagerService.rebuildAppWindowListLocked(WindowManagerService.java:7947)
03-11 15:27:03.433 W/WindowManager(  785): 	at com.android.server.wm.WindowManagerService.handleAppTransitionReadyLocked(WindowManagerService.java:8430)
03-11 15:27:03.433 W/WindowManager(  785): 	at com.android.server.wm.WindowManagerService.performLayoutAndPlaceSurfacesLockedInner(WindowManagerService.java:9193)
03-11 15:27:03.433 W/WindowManager(  785): 	at com.android.server.wm.WindowManagerService.performLayoutAndPlaceSurfacesLockedLoop(WindowManagerService.java:8163)
03-11 15:27:03.433 W/WindowManager(  785): 	at com.android.server.wm.WindowManagerService.performLayoutAndPlaceSurfacesLocked(WindowManagerService.java:8105)
03-11 15:27:03.433 W/WindowManager(  785): 	at com.android.server.wm.WindowManagerService.executeAppTransition(WindowManagerService.java:3918)
03-11 15:27:03.433 W/WindowManager(  785): 	at com.android.server.am.ActivityStackSupervisor.reportResumedActivityLocked(ActivityStackSupervisor.java:2241)
03-11 15:27:03.433 W/WindowManager(  785): 	at com.android.server.am.ActivityStack.completeResumeLocked(ActivityStack.java:968)
03-11 15:27:03.433 W/WindowManager(  785): 	at com.android.server.am.ActivityStack.resumeTopActivityLocked(ActivityStack.java:1631)
03-11 15:27:03.433 W/WindowManager(  785): 	at com.android.server.am.ActivityStackSupervisor.resumeTopActivitiesLocked(ActivityStackSupervisor.java:2022)
03-11 15:27:03.433 W/WindowManager(  785): 	at com.android.server.am.ActivityStackSupervisor.resumeTopActivitiesLocked(ActivityStackSupervisor.java:2009)
03-11 15:27:03.433 W/WindowManager(  785): 	at com.android.server.am.ActivityManagerService.forceStopPackageLocked(ActivityManagerService.java:4750)
03-11 15:27:03.433 W/WindowManager(  785): 	at com.android.server.am.ActivityManagerService.forceStopPackageLocked(ActivityManagerService.java:4496)
03-11 15:27:03.433 W/WindowManager(  785): 	at com.android.server.am.ActivityManagerService.clearApplicationUserData(ActivityManagerService.java:4176)
03-11 15:27:03.433 W/WindowManager(  785): 	at android.app.ActivityManagerNative.onTransact(ActivityManagerNative.java:1114)
03-11 15:27:03.433 W/WindowManager(  785): 	at com.android.server.am.ActivityManagerService.onTransact(ActivityManagerService.java:2071)
03-11 15:27:03.433 W/WindowManager(  785): 	at android.os.Binder.execTransact(Binder.java:404)
03-11 15:27:03.433 W/WindowManager(  785): 	at dalvik.system.NativeStart.run(Native Method)
03-11 15:27:03.443 W/InputDispatcher(  785): channel '42f84660 com.android.helloworldminimal/com.android.helloworldminimal.HelloWorld (server)' ~ Consumer closed input channel or an error occurred.  events=0x9
03-11 15:27:03.443 E/InputDispatcher(  785): channel '42f84660 com.android.helloworldminimal/com.android.helloworldminimal.HelloWorld (server)' ~ Channel is unrecoverably broken and will be disposed!
03-11 15:27:03.443 W/InputDispatcher(  785): Attempted to unregister already unregistered input channel '42f84660 com.android.helloworldminimal/com.android.helloworldminimal.HelloWorld (server)'
03-11 15:27:03.443 W/WindowManager(  785): This window was lost: Window{42f84660 u0 com.android.helloworldminimal/com.android.helloworldminimal.HelloWorld}
03-11 15:27:03.443 W/WindowManager(  785): mDisplayId=0 mSession=Session{431528c0 3390:u0a10076} mClient=android.os.BinderProxy@43159250
03-11 15:27:03.443 W/WindowManager(  785): mOwnerUid=10076 mShowToOwnerOnly=true package=com.android.helloworldminimal appop=NONE
03-11 15:27:03.443 W/WindowManager(  785): mAttrs=WM.LayoutParams{(0,0)(fillxfill) sim=#120 ty=1 fl=#1810100 pfl=0x8 wanim=0x10302f5}
03-11 15:27:03.443 W/WindowManager(  785): Requested w=1080 h=1776 mLayoutSeq=75
03-11 15:27:03.443 W/WindowManager(  785): mBaseLayer=21000 mSubLayer=0 mAnimLayer=21005+0=21005 mLastLayer=0
03-11 15:27:03.443 W/WindowManager(  785): mToken=AppWindowToken{4319b100 token=Token{42fc0c30 ActivityRecord{42f8ee48 u0 com.android.helloworldminimal/.HelloWorld t3}}}
03-11 15:27:03.443 W/WindowManager(  785): mRootToken=AppWindowToken{4319b100 token=Token{42fc0c30 ActivityRecord{42f8ee48 u0 com.android.helloworldminimal/.HelloWorld t3}}}
03-11 15:27:03.443 W/WindowManager(  785): mAppToken=AppWindowToken{4319b100 token=Token{42fc0c30 ActivityRecord{42f8ee48 u0 com.android.helloworldminimal/.HelloWorld t3}}}
03-11 15:27:03.443 W/WindowManager(  785): mViewVisibility=0x0 mHaveFrame=true mObscured=true
03-11 15:27:03.443 W/WindowManager(  785): mSeq=0 mSystemUiVisibility=0x0
03-11 15:27:03.443 W/WindowManager(  785): mPolicyVisibility=false mPolicyVisibilityAfterAnim=false mAppOpVisibility=true mAttachedHidden=false
03-11 15:27:03.443 W/WindowManager(  785): mGivenContentInsets=[0,0][0,0] mGivenVisibleInsets=[0,0][0,0]
03-11 15:27:03.443 W/WindowManager(  785): mConfiguration={1.0 244mcc21mnc en_US ldltr sw360dp w360dp h567dp 480dpi nrml port finger -keyb/v/h -nav/h s.5}
03-11 15:27:03.443 W/WindowManager(  785): mHasSurface=true mShownFrame=[0.0,0.0][1080.0,1776.0] isReadyForDisplay()=false
03-11 15:27:03.443 W/WindowManager(  785): mFrame=[0,0][1080,1776] last=[0,0][1080,1776]
03-11 15:27:03.443 W/WindowManager(  785): mSystemDecorRect=[0,0][1080,1776] last=[0,0][1080,1776]
03-11 15:27:03.443 W/WindowManager(  785): Frames: containing=[0,0][1080,1776] parent=[0,0][1080,1776]
03-11 15:27:03.443 W/WindowManager(  785):     display=[0,0][1080,1776] overscan=[0,0][1080,1920]
03-11 15:27:03.443 W/WindowManager(  785):     content=[0,75][1080,1776] visible=[0,75][1080,1776]
03-11 15:27:03.443 W/WindowManager(  785):     decor=[0,0][1080,1920]
03-11 15:27:03.443 W/WindowManager(  785): Cur insets: overscan=[0,0][0,0] content=[0,75][0,0] visible=[0,75][0,0]
03-11 15:27:03.443 W/WindowManager(  785): Lst insets: overscan=[0,0][0,0] content=[0,75][0,0] visible=[0,75][0,0]
03-11 15:27:03.443 W/WindowManager(  785): WindowStateAnimator{431af438 com.android.helloworldminimal/com.android.helloworldminimal.HelloWorld}:
03-11 15:27:03.443 W/WindowManager(  785):   mSurface=Surface(name=com.android.helloworldminimal/com.android.helloworldminimal.HelloWorld)
03-11 15:27:03.443 W/WindowManager(  785):   mDrawState=HAS_DRAWN mLastHidden=true
03-11 15:27:03.443 W/WindowManager(  785):   Surface: shown=false layer=21005 alpha=0.0 rect=(0.0,0.0) 1080.0 x 1776.0
03-11 15:27:03.443 W/WindowManager(  785):   mShownAlpha=1.0 mAlpha=1.0 mLastAlpha=-1.0
03-11 15:27:03.443 W/WindowManager(  785): Current app token list:
03-11 15:27:03.443 V/WindowManager(  785):   Display 0
03-11 15:27:03.443 V/WindowManager(  785):   #0: Token{42d38ac8 ActivityRecord{42e9d780 u0 com.google.android.googlequicksearchbox/com.google.android.launcher.GEL t1}}
03-11 15:27:03.443 W/WindowManager(  785): Final window list:
03-11 15:27:03.443 V/WindowManager(  785):   #0: Window{42f41020 u0 SearchPanel}
03-11 15:27:03.443 V/WindowManager(  785):   #1: Window{4318a860 u0 NavigationBar}
03-11 15:27:03.443 V/WindowManager(  785):   #2: Window{42ee65d0 u0 StatusBar}
03-11 15:27:03.443 V/WindowManager(  785):   #3: Window{42e9de98 u0 Keyguard}
03-11 15:27:03.443 V/WindowManager(  785):   #4: Window{42f47198 u0 KeyguardScrim}
03-11 15:27:03.443 V/WindowManager(  785):   #5: Window{431b0e10 u0 com.google.android.googlequicksearchbox/com.google.android.launcher.GEL}
03-11 15:27:03.443 V/WindowManager(  785):   #6: Window{42ec5c30 u0 com.android.systemui.ImageWallpaper}
03-11 15:27:03.443 I/WindowState(  785): WIN DEATH: Window{42f84660 u0 com.android.helloworldminimal/com.android.helloworldminimal.HelloWorld}
03-11 15:27:03.453 D/keystore(  187): calling clear_uid in state: 3
03-11 15:27:03.453 D/Documents( 3292): Used cached roots for com.android.providers.downloads.documents
03-11 15:27:03.453 D/Documents( 3292): Used cached roots for com.android.externalstorage.documents
03-11 15:27:03.453 D/Documents( 3292): Used cached roots for com.android.providers.media.documents
03-11 15:27:03.453 D/Documents( 3292): Loading roots for com.google.android.apps.docs.storage
03-11 15:27:03.463 D/PackageBroadcastService( 1209): Received broadcast action=android.intent.action.PACKAGE_DATA_CLEARED and uri=com.android.helloworldminimal
03-11 15:27:03.473 D/AndroidRuntime( 3414): Shutting down VM
03-11 15:27:03.473 D/dalvikvm( 3414): GC_CONCURRENT freed 94K, 15% free 558K/656K, paused 0ms+0ms, total 1ms
03-11 15:27:03.473 I/Icing   ( 1209): doRemovePackageData com.android.helloworldminimal
03-11 15:27:03.483 D/dalvikvm( 1209): GC_CONCURRENT freed 393K, 3% free 17154K/17584K, paused 2ms+1ms, total 16ms
03-11 15:27:03.493 D/dalvikvm( 3348): GC_CONCURRENT freed 235K, 2% free 18283K/18564K, paused 2ms+2ms, total 22ms
03-11 15:27:03.503 D/Documents( 3292): Update found 7 roots in 53ms
03-11 15:27:03.593 D/dalvikvm(  998): GC_CONCURRENT freed 397K, 4% free 17335K/17872K, paused 1ms+1ms, total 14ms
03-11 15:27:04.973 D/AndroidRuntime( 3453): 
03-11 15:27:04.973 D/AndroidRuntime( 3453): >>>>>> AndroidRuntime START com.android.internal.os.RuntimeInit <<<<<<
03-11 15:27:04.973 D/AndroidRuntime( 3453): CheckJNI is OFF
03-11 15:27:04.983 D/dalvikvm( 3453): Trying to load lib libjavacore.so 0x0
03-11 15:27:04.983 D/dalvikvm( 3453): Added shared lib libjavacore.so 0x0
03-11 15:27:04.983 D/dalvikvm( 3453): Trying to load lib libnativehelper.so 0x0
03-11 15:27:04.983 D/dalvikvm( 3453): Added shared lib libnativehelper.so 0x0
03-11 15:27:04.983 D/dalvikvm( 3453): No JNI_OnLoad found in libnativehelper.so 0x0, skipping init
03-11 15:27:05.003 D/dalvikvm( 3453): Note: class Landroid/app/ActivityManagerNative; has 179 unimplemented (abstract) methods
03-11 15:27:05.133 D/AndroidRuntime( 3453): Calling main entry com.android.commands.am.Am
03-11 15:27:05.143 I/ActivityManager(  785): START u0 {flg=0x10000000 cmp=com.android.helloworldminimal/.HelloWorld} from pid 3453
03-11 15:27:05.463 D/AndroidRuntime( 3453): Shutting down VM
03-11 15:27:05.463 D/dalvikvm( 3453): GC_CONCURRENT freed 95K, 15% free 586K/684K, paused 0ms+0ms, total 1ms
03-11 15:27:05.463 I/WindowManager(  785): Screenshot max retries 4 of Token{42d38ac8 ActivityRecord{42e9d780 u0 com.google.android.googlequicksearchbox/com.google.android.launcher.GEL t1}} appWin=Window{431b0e10 u0 com.google.android.googlequicksearchbox/com.google.android.launcher.GEL} drawState=4
03-11 15:27:05.463 W/WindowManager(  785): Screenshot failure taking screenshot for (1080x1920) to layer 21000
03-11 15:27:05.473 I/ActivityManager(  785): Start proc com.android.helloworldminimal for activity com.android.helloworldminimal/.HelloWorld: pid=3471 uid=10076 gids={50076}
03-11 15:27:05.533 D/dalvikvm( 3471): GC_CONCURRENT freed 182K, 2% free 16926K/17144K, paused 1ms+2ms, total 15ms
03-11 15:27:05.633 D/dalvikvm( 3471): GC_CONCURRENT freed 217K, 2% free 17133K/17384K, paused 0ms+2ms, total 10ms
03-11 15:27:05.683 V/QcrilMsgTunnelSocket( 1721): After reading offset = 0 remaining = 4 countRead = 4
03-11 15:27:05.683 D/QcrilMsgTunnelSocket( 1721): messageLength extracted from first 4 inputStream reads = 29
03-11 15:27:05.683 V/QcrilMsgTunnelSocket( 1721): offset = 0 remaining = 29 countRead = 0
03-11 15:27:05.683 V/QcrilMsgTunnelSocket( 1721): offset = 0 remaining = 29 countRead = 29
03-11 15:27:05.683 D/QcrilMsgTunnelSocket( 1721): readRilMessage: Buffer = [B@42980c38 HexData = [0100000004040000110000005155414c434f4d4def0308000100000001]
03-11 15:27:05.683 V/QcrilMsgTunnelSocket( 1721): Read packet: 29 bytes. Data Available = 32 Position = 0
03-11 15:27:05.683 D/QcrilMsgTunnelSocket( 1721): processResponse. message type = 1. Data Available = 28
03-11 15:27:05.683 D/QcrilMsgTunnelSocket( 1721): ByteArray from parcel = 5155414c434f4d4def0308000100000001
03-11 15:27:05.683 D/QcrilMsgTunnelSocket( 1721): Received RIL_UNSOL_OEM_HOOK_RAW message
03-11 15:27:05.683 D/QcrilMsgTunnelSocket( 1721): Oem ID in RIL_UNSOL_OEM_HOOK_RAW is QUALCOMM
03-11 15:27:05.683 D/QcrilMsgTunnelSocket( 1721): OEM ID check Passed
03-11 15:27:05.683 D/QcrilMsgTunnelSocket( 1721): Response ID in RIL_UNSOL_OEM_HOOK_RAW is 525295
03-11 15:27:05.683 D/QcrilMsgTunnelSocket( 1721): Response ID 525295is not served in this process.
03-11 15:27:05.683 D/QcrilMsgTunnelSocket( 1721): To broadcast an Intent via the notifier to external apps
03-11 15:27:05.683 V/QcrilMsgTunnelSocket( 1721): Before reading offset = 0 remaining = 4 countRead = 0
03-11 15:27:05.683 D/QcrilMsgTunnelIfaceManager( 1721): handleMessage what=0
03-11 15:27:05.683 D/QcrilMsgTunnelIfaceManager( 1721): Broadcasting intent ACTION_UNSOL_RESPONSE_OEM_HOOK_RAW
03-11 15:27:05.683 V/QcrilMsgTunnelSocket( 1721): After reading offset = 0 remaining = 4 countRead = 4
03-11 15:27:05.683 D/QcrilMsgTunnelSocket( 1721): messageLength extracted from first 4 inputStream reads = 29
03-11 15:27:05.683 V/QcrilMsgTunnelSocket( 1721): offset = 0 remaining = 29 countRead = 0
03-11 15:27:05.683 V/QcrilMsgTunnelSocket( 1721): offset = 0 remaining = 29 countRead = 29
03-11 15:27:05.683 D/QcrilMsgTunnelSocket( 1721): readRilMessage: Buffer = [B@42980c38 HexData = [0100000004040000110000005155414c434f4d4def0308000100000001]
03-11 15:27:05.683 V/QcrilMsgTunnelSocket( 1721): Read packet: 29 bytes. Data Available = 32 Position = 0
03-11 15:27:05.683 D/QcrilMsgTunnelSocket( 1721): processResponse. message type = 1. Data Available = 28
03-11 15:27:05.683 D/QcrilMsgTunnelSocket( 1721): ByteArray from parcel = 5155414c434f4d4def0308000100000001
03-11 15:27:05.683 D/QcrilMsgTunnelSocket( 1721): Received RIL_UNSOL_OEM_HOOK_RAW message
03-11 15:27:05.683 D/QcrilMsgTunnelSocket( 1721): Oem ID in RIL_UNSOL_OEM_HOOK_RAW is QUALCOMM
03-11 15:27:05.683 D/QcrilMsgTunnelSocket( 1721): OEM ID check Passed
03-11 15:27:05.683 D/QcrilMsgTunnelSocket( 1721): Response ID in RIL_UNSOL_OEM_HOOK_RAW is 525295
03-11 15:27:05.683 D/QcrilMsgTunnelSocket( 1721): Response ID 525295is not served in this process.
03-11 15:27:05.683 D/QcrilMsgTunnelSocket( 1721): To broadcast an Intent via the notifier to external apps
03-11 15:27:05.683 V/QcrilMsgTunnelSocket( 1721): Before reading offset = 0 remaining = 4 countRead = 0
03-11 15:27:05.683 V/QcrilMsgTunnelSocket( 1721): After reading offset = 0 remaining = 4 countRead = 4
03-11 15:27:05.683 D/QcrilMsgTunnelSocket( 1721): messageLength extracted from first 4 inputStream reads = 29
03-11 15:27:05.683 V/QcrilMsgTunnelSocket( 1721): offset = 0 remaining = 29 countRead = 0
03-11 15:27:05.683 V/QcrilMsgTunnelSocket( 1721): offset = 0 remaining = 29 countRead = 29
03-11 15:27:05.683 D/QcrilMsgTunnelSocket( 1721): readRilMessage: Buffer = [B@42980c38 HexData = [0100000004040000110000005155414c434f4d4def0308000100000001]
03-11 15:27:05.683 V/QcrilMsgTunnelSocket( 1721): Read packet: 29 bytes. Data Available = 32 Position = 0
03-11 15:27:05.693 D/QcrilMsgTunnelSocket( 1721): processResponse. message type = 1. Data Available = 28
03-11 15:27:05.693 D/QcrilMsgTunnelSocket( 1721): ByteArray from parcel = 5155414c434f4d4def0308000100000001
03-11 15:27:05.693 D/QcrilMsgTunnelSocket( 1721): Received RIL_UNSOL_OEM_HOOK_RAW message
03-11 15:27:05.693 D/QcrilMsgTunnelSocket( 1721): Oem ID in RIL_UNSOL_OEM_HOOK_RAW is QUALCOMM
03-11 15:27:05.693 D/QcrilMsgTunnelSocket( 1721): OEM ID check Passed
03-11 15:27:05.693 D/QcrilMsgTunnelSocket( 1721): Response ID in RIL_UNSOL_OEM_HOOK_RAW is 525295
03-11 15:27:05.693 D/QcrilMsgTunnelSocket( 1721): Response ID 525295is not served in this process.
03-11 15:27:05.693 D/QcrilMsgTunnelSocket( 1721): To broadcast an Intent via the notifier to external apps
03-11 15:27:05.693 V/QcrilMsgTunnelSocket( 1721): Before reading offset = 0 remaining = 4 countRead = 0
03-11 15:27:05.693 D/QcrilMsgTunnelIfaceManager( 1721): handleMessage what=0
03-11 15:27:05.713 D/QcrilMsgTunnelIfaceManager( 1721): Broadcasting intent ACTION_UNSOL_RESPONSE_OEM_HOOK_RAW
03-11 15:27:05.713 D/QcrilMsgTunnelIfaceManager( 1721): handleMessage what=0
03-11 15:27:05.713 D/QcrilMsgTunnelIfaceManager( 1721): Broadcasting intent ACTION_UNSOL_RESPONSE_OEM_HOOK_RAW
03-11 15:27:05.733 D/dalvikvm( 3471): GC_CONCURRENT freed 213K, 2% free 17403K/17588K, paused 3ms+4ms, total 27ms
03-11 15:27:05.733 D/MobileDataStateTracker(  785): default: Broadcast received: android.intent.action.ANY_DATA_STATE apnType=default
03-11 15:27:05.733 D/MobileDataStateTracker(  785): default: Received state=CONNECTED, old=CONNECTED, reason=(unspecified)
03-11 15:27:05.813 D/dalvikvm( 3471): GC_CONCURRENT freed 253K, 2% free 17590K/17876K, paused 1ms+1ms, total 12ms
03-11 15:27:05.923 D/dalvikvm( 3471): GC_CONCURRENT freed 306K, 2% free 17714K/18068K, paused 2ms+2ms, total 15ms
03-11 15:27:06.003 D/dalvikvm( 3471): GC_CONCURRENT freed 327K, 3% free 17828K/18204K, paused 1ms+2ms, total 14ms
03-11 15:27:06.043 I/dalvikvm( 3471): Could not find method java.beans.Introspector.getBeanInfo, referenced from method clojure.core$bean.invoke
03-11 15:27:06.043 W/dalvikvm( 3471): VFY: unable to resolve static method 13119: Ljava/beans/Introspector;.getBeanInfo (Ljava/lang/Class;)Ljava/beans/BeanInfo;
03-11 15:27:06.043 D/dalvikvm( 3471): VFY: replacing opcode 0x71 at 0x0021
03-11 15:27:06.083 D/dalvikvm( 3471): GC_CONCURRENT freed 325K, 2% free 17967K/18328K, paused 2ms+1ms, total 15ms
03-11 15:27:06.163 D/dalvikvm( 3471): GC_CONCURRENT freed 370K, 3% free 18109K/18512K, paused 2ms+2ms, total 28ms
03-11 15:27:06.163 D/dalvikvm( 3471): WAIT_FOR_CONCURRENT_GC blocked 12ms
03-11 15:27:06.233 D/dalvikvm( 3471): GC_CONCURRENT freed 436K, 3% free 18143K/18612K, paused 2ms+2ms, total 26ms
03-11 15:27:06.243 D/dalvikvm( 2828): GC_CONCURRENT freed 356K, 3% free 17437K/17828K, paused 3ms+1ms, total 20ms
03-11 15:27:06.303 D/dalvikvm( 3471): GC_CONCURRENT freed 399K, 3% free 18214K/18640K, paused 2ms+1ms, total 16ms
03-11 15:27:06.333 V/QcrilMsgTunnelSocket( 1721): After reading offset = 0 remaining = 4 countRead = 4
03-11 15:27:06.333 D/QcrilMsgTunnelSocket( 1721): messageLength extracted from first 4 inputStream reads = 29
03-11 15:27:06.333 V/QcrilMsgTunnelSocket( 1721): offset = 0 remaining = 29 countRead = 0
03-11 15:27:06.333 V/QcrilMsgTunnelSocket( 1721): offset = 0 remaining = 29 countRead = 29
03-11 15:27:06.333 D/QcrilMsgTunnelSocket( 1721): readRilMessage: Buffer = [B@42980c38 HexData = [0100000004040000110000005155414c434f4d4def0308000100000001]
03-11 15:27:06.333 V/QcrilMsgTunnelSocket( 1721): Read packet: 29 bytes. Data Available = 32 Position = 0
03-11 15:27:06.333 D/QcrilMsgTunnelSocket( 1721): processResponse. message type = 1. Data Available = 28
03-11 15:27:06.333 D/QcrilMsgTunnelSocket( 1721): ByteArray from parcel = 5155414c434f4d4def0308000100000001
03-11 15:27:06.333 D/QcrilMsgTunnelSocket( 1721): Received RIL_UNSOL_OEM_HOOK_RAW message
03-11 15:27:06.333 D/QcrilMsgTunnelSocket( 1721): Oem ID in RIL_UNSOL_OEM_HOOK_RAW is QUALCOMM
03-11 15:27:06.333 D/QcrilMsgTunnelSocket( 1721): OEM ID check Passed
03-11 15:27:06.333 D/QcrilMsgTunnelSocket( 1721): Response ID in RIL_UNSOL_OEM_HOOK_RAW is 525295
03-11 15:27:06.333 D/QcrilMsgTunnelSocket( 1721): Response ID 525295is not served in this process.
03-11 15:27:06.333 D/QcrilMsgTunnelSocket( 1721): To broadcast an Intent via the notifier to external apps
03-11 15:27:06.333 V/QcrilMsgTunnelSocket( 1721): Before reading offset = 0 remaining = 4 countRead = 0
03-11 15:27:06.333 D/QcrilMsgTunnelIfaceManager( 1721): handleMessage what=0
03-11 15:27:06.333 D/QcrilMsgTunnelIfaceManager( 1721): Broadcasting intent ACTION_UNSOL_RESPONSE_OEM_HOOK_RAW
03-11 15:27:06.383 D/dalvikvm( 3471): GC_CONCURRENT freed 482K, 3% free 18245K/18760K, paused 1ms+2ms, total 22ms
03-11 15:27:06.383 D/dalvikvm( 3471): WAIT_FOR_CONCURRENT_GC blocked 7ms
03-11 15:27:06.453 D/dalvikvm( 3471): GC_CONCURRENT freed 501K, 3% free 18267K/18800K, paused 3ms+1ms, total 24ms
03-11 15:27:06.453 D/dalvikvm( 3471): WAIT_FOR_CONCURRENT_GC blocked 8ms
03-11 15:27:06.523 D/dalvikvm( 3471): GC_CONCURRENT freed 444K, 3% free 18329K/18804K, paused 1ms+2ms, total 17ms
03-11 15:27:06.583 D/dalvikvm( 3471): GC_CONCURRENT freed 506K, 3% free 18366K/18904K, paused 1ms+2ms, total 18ms
03-11 15:27:06.653 D/dalvikvm( 3471): GC_CONCURRENT freed 512K, 3% free 18414K/18960K, paused 1ms+3ms, total 20ms
03-11 15:27:06.733 D/dalvikvm( 3471): GC_CONCURRENT freed 533K, 3% free 18458K/19024K, paused 2ms+2ms, total 32ms
03-11 15:27:06.733 D/dalvikvm( 3471): WAIT_FOR_CONCURRENT_GC blocked 7ms
03-11 15:27:06.793 D/dalvikvm( 3471): GC_FOR_ALLOC freed 262K, 3% free 18618K/19084K, paused 15ms, total 15ms
03-11 15:27:06.893 D/dalvikvm( 3471): GC_CONCURRENT freed 603K, 4% free 18661K/19296K, paused 2ms+1ms, total 33ms
03-11 15:27:06.893 D/dalvikvm( 3471): WAIT_FOR_CONCURRENT_GC blocked 18ms
03-11 15:27:06.933 I/FxAccounts( 2828): fennec :: GlobalSession :: Running next stage checkPreconditions (org.mozilla.gecko.sync.stage.CheckPreconditionsStage@42a1baf8)...
03-11 15:27:06.933 I/FxAccounts( 2828): fennec :: GlobalSession :: Running next stage ensureClusterURL (org.mozilla.gecko.sync.stage.CheckPreconditionsStage@4299eb30)...
03-11 15:27:06.933 I/FxAccounts( 2828): fennec :: GlobalSession :: Running next stage fetchInfoCollections (org.mozilla.gecko.sync.stage.FetchInfoCollectionsStage@42a1cf10)...
03-11 15:27:06.953 D/dalvikvm( 3471): GC_CONCURRENT freed 564K, 4% free 18756K/19352K, paused 1ms+1ms, total 20ms
03-11 15:27:06.953 D/dalvikvm( 3471): WAIT_FOR_CONCURRENT_GC blocked 10ms
03-11 15:27:07.023 D/dalvikvm( 3471): GC_CONCURRENT freed 544K, 3% free 18904K/19480K, paused 1ms+3ms, total 33ms
03-11 15:27:07.023 D/dalvikvm( 3471): WAIT_FOR_CONCURRENT_GC blocked 24ms
03-11 15:27:07.073 D/dalvikvm( 3471): GC_FOR_ALLOC freed 318K, 4% free 18915K/19596K, paused 16ms, total 16ms
03-11 15:27:07.093 I/Adreno-EGL( 3471): <qeglDrvAPI_eglInitialize:320>: EGL 1.4 QUALCOMM Build: I0404c4692afb8623f95c43aeb6d5e13ed4b30ddbDate: 11/06/13
03-11 15:27:07.113 D/OpenGLRenderer( 3471): Enabling debug mode 0
03-11 15:27:07.163 I/ActivityManager(  785): Displayed com.android.helloworldminimal/.HelloWorld: +1s699ms
03-11 15:27:07.653 D/dalvikvm( 2828): GC_CONCURRENT freed 336K, 3% free 17497K/17876K, paused 5ms+1ms, total 24ms
03-11 15:27:07.843 I/FxAccounts( 2828): fennec :: GlobalSession :: Running next stage fetchMetaGlobal (org.mozilla.gecko.sync.stage.FetchMetaGlobalStage@42a46478)...
03-11 15:27:07.843 I/FxAccounts( 2828): fennec :: FetchMetaGlobalStage :: Trying to use persisted meta/global for this session.
03-11 15:27:07.863 I/FxAccounts( 2828): fennec :: FetchMetaGlobalStage :: Using persisted meta/global for this session.
03-11 15:27:07.873 I/FxAccounts( 2828): fennec :: GlobalSession :: Running next stage ensureKeysStage (org.mozilla.gecko.sync.stage.EnsureCrypto5KeysStage@42a1e520)...
03-11 15:27:07.883 I/FxAccounts( 2828): fennec :: GlobalSession :: Running next stage syncClientsEngine (org.mozilla.gecko.sync.stage.SyncClientsEngineStage@429683b8)...
03-11 15:27:07.893 D/dalvikvm( 2828): GC_CONCURRENT freed 387K, 3% free 17528K/18044K, paused 0ms+0ms, total 10ms
03-11 15:27:08.203 D/dalvikvm( 2828): GC_FOR_ALLOC freed 265K, 3% free 17588K/18044K, paused 9ms, total 9ms
03-11 15:27:08.313 I/FxAccounts( 2828): fennec :: SyncClientsEngineStage :: Local client GUID exists on server and was downloaded.
03-11 15:27:08.333 D/dalvikvm( 2828): GC_FOR_ALLOC freed 357K, 3% free 17591K/18116K, paused 8ms, total 8ms
03-11 15:27:08.353 I/FxAccounts( 2828): fennec :: GlobalSession :: Running next stage syncTabs (org.mozilla.gecko.sync.stage.FennecTabsServerSyncStage@4297b660)...
03-11 15:27:08.373 D/dalvikvm( 2828): GC_CONCURRENT freed 447K, 3% free 17593K/18116K, paused 1ms+1ms, total 13ms
03-11 15:27:08.613 W/GeckoProfile( 2828): Requested profile directory missing.
03-11 15:27:08.613 D/GeckoProfile( 2828): Found profile dir.
03-11 15:27:08.653 W/GeckoProfile( 2828): Requested profile directory missing.
03-11 15:27:08.673 W/GeckoProfile( 2828): Requested profile directory missing.
03-11 15:27:08.673 W/GeckoProfile( 2828): Requested profile directory missing.
03-11 15:27:08.673 W/GeckoProfile( 2828): Requested profile directory missing.
03-11 15:27:08.673 W/GeckoProfile( 2828): Requested profile directory missing.
03-11 15:27:08.673 W/GeckoProfile( 2828): Requested profile directory missing.
03-11 15:27:08.683 W/GeckoProfile( 2828): Requested profile directory missing.
03-11 15:27:08.693 I/FxAccounts( 2828): fennec :: ServerSyncStage :: Stage tabs received 1 and sent 0 records in 0.33 seconds.
03-11 15:27:08.693 I/FxAccounts( 2828): fennec :: ServerSyncStage :: Advancing session.
03-11 15:27:08.693 I/FxAccounts( 2828): fennec :: GlobalSession :: Running next stage syncPasswords (org.mozilla.gecko.sync.stage.PasswordsServerSyncStage@42a42ef0)...
03-11 15:27:08.703 D/dalvikvm( 2828): GC_CONCURRENT freed 505K, 4% free 17568K/18116K, paused 3ms+1ms, total 17ms
03-11 15:27:08.703 D/dalvikvm( 2828): WAIT_FOR_CONCURRENT_GC blocked 4ms
03-11 15:27:08.713 I/ActivityManager(  785): Start proc org.mozilla.fennec.PasswordsProvider for content provider org.mozilla.fennec/org.mozilla.gecko.db.PasswordsProvider: pid=3513 uid=10075 gids={50075, 3003, 1028, 1015}
03-11 15:27:08.733 D/dalvikvm( 3513): Trying to load lib /data/app-lib/org.mozilla.fennec-1/libmozglue.so 0x42976c98
03-11 15:27:08.733 D/dalvikvm( 3513): Added shared lib /data/app-lib/org.mozilla.fennec-1/libmozglue.so 0x42976c98
03-11 15:27:08.733 D/dalvikvm( 3513): No JNI_OnLoad found in /data/app-lib/org.mozilla.fennec-1/libmozglue.so 0x42976c98, skipping init
03-11 15:27:08.743 D/dalvikvm( 3513): Trying to load lib /data/app-lib/org.mozilla.fennec-1/libmozglue.so 0x42976c98
03-11 15:27:08.743 D/dalvikvm( 3513): Shared lib '/data/app-lib/org.mozilla.fennec-1/libmozglue.so' already loaded in same CL 0x42976c98
03-11 15:27:08.953 W/GeckoProfile( 3513): Requested profile directory missing.
03-11 15:27:08.963 D/GeckoProfile( 3513): Found profile dir.
03-11 15:27:08.963 E/GeckoLibLoad( 3513): Load sqlite start
03-11 15:27:08.983 E/GeckoLinker( 3513): /data/app/org.mozilla.fennec-1.apk!/assets/libnss3.so: Warning: unhandled flags #8 not handled
03-11 15:27:08.993 E/GeckoLinker( 3513): /data/app/org.mozilla.fennec-1.apk!/assets/libnss3.so: Warning: relocation to NULL @0x0018fc24
03-11 15:27:08.993 E/GeckoLinker( 3513): /data/app/org.mozilla.fennec-1.apk!/assets/libnss3.so: Warning: relocation to NULL @0x0018ffdc for symbol "__cxa_begin_cleanup"
03-11 15:27:08.993 E/GeckoLinker( 3513): /data/app/org.mozilla.fennec-1.apk!/assets/libnss3.so: Warning: relocation to NULL @0x0018ffe0 for symbol "__cxa_type_match"
03-11 15:27:09.003 E/GeckoLibLoad( 3513): Load sqlite done
03-11 15:27:09.003 E/GeckoLibLoad( 3513): Load nss start
03-11 15:27:09.003 E/GeckoLibLoad( 3513): Load nss done
03-11 15:27:09.023 I/FxAccounts( 2828): fennec :: ServerSyncStage :: Stage passwords received 0 and sent 0 records in 0.32 seconds.
03-11 15:27:09.023 I/FxAccounts( 2828): fennec :: ServerSyncStage :: Advancing session.
03-11 15:27:09.023 I/FxAccounts( 2828): fennec :: GlobalSession :: Running next stage syncBookmarks (org.mozilla.gecko.sync.stage.AndroidBrowserBookmarksServerSyncStage@42987380)...
03-11 15:27:09.033 D/dalvikvm( 2828): GC_FOR_ALLOC freed 397K, 3% free 17584K/18116K, paused 9ms, total 9ms
03-11 15:27:09.053 D/dalvikvm( 2828): GC_CONCURRENT freed 136K, 3% free 17600K/18116K, paused 1ms+3ms, total 16ms
03-11 15:27:09.303 I/FxAccounts( 2828): fennec :: ServerSyncStage :: Stage bookmarks received 0 and sent 0 records in 0.26 seconds.
03-11 15:27:09.303 I/FxAccounts( 2828): fennec :: ServerSyncStage :: Advancing session.
03-11 15:27:09.303 I/FxAccounts( 2828): fennec :: GlobalSession :: Running next stage syncHistory (org.mozilla.gecko.sync.stage.AndroidBrowserHistoryServerSyncStage@429bd690)...
03-11 15:27:09.343 D/dalvikvm( 2828): GC_CONCURRENT freed 393K, 3% free 17679K/18116K, paused 5ms+2ms, total 46ms
03-11 15:27:09.843 I/FxAccounts( 2828): fennec :: BrowserRepoSession :: BEGIN: creating record -> GUID map.
03-11 15:27:09.883 D/dalvikvm( 2828): GC_FOR_ALLOC freed 405K, 3% free 17685K/18224K, paused 23ms, total 23ms
03-11 15:27:09.903 D/dalvikvm( 2828): GC_FOR_ALLOC freed 463K, 3% free 17697K/18224K, paused 13ms, total 13ms
03-11 15:27:09.943 D/dalvikvm( 2828): GC_CONCURRENT freed 504K, 3% free 17705K/18244K, paused 17ms+1ms, total 30ms
03-11 15:27:09.943 D/dalvikvm( 2828): WAIT_FOR_CONCURRENT_GC blocked 20ms
03-11 15:27:09.943 D/dalvikvm( 2828): WAIT_FOR_CONCURRENT_GC blocked 13ms
03-11 15:27:09.953 D/dalvikvm( 2828): GC_FOR_ALLOC freed 344K, 3% free 17706K/18244K, paused 10ms, total 10ms
03-11 15:27:09.963 D/dalvikvm( 2828): GC_FOR_ALLOC freed 350K, 3% free 17711K/18244K, paused 9ms, total 9ms
03-11 15:27:09.983 D/dalvikvm( 2828): GC_FOR_ALLOC freed 346K, 3% free 17713K/18244K, paused 9ms, total 9ms
03-11 15:27:09.993 D/dalvikvm( 2828): GC_FOR_ALLOC freed 333K, 3% free 17717K/18244K, paused 10ms, total 10ms
03-11 15:27:10.003 D/dalvikvm( 2828): GC_FOR_ALLOC freed 344K, 3% free 17719K/18244K, paused 10ms, total 10ms
03-11 15:27:10.023 D/dalvikvm( 2828): GC_FOR_ALLOC freed 327K, 3% free 17722K/18244K, paused 9ms, total 9ms
03-11 15:27:10.033 D/dalvikvm( 2828): GC_FOR_ALLOC freed 329K, 3% free 17724K/18244K, paused 9ms, total 9ms
03-11 15:27:10.043 D/dalvikvm( 2828): GC_FOR_ALLOC freed 333K, 3% free 17728K/18244K, paused 9ms, total 9ms
03-11 15:27:10.073 D/dalvikvm( 2828): GC_CONCURRENT freed 521K, 4% free 17683K/18244K, paused 2ms+3ms, total 17ms
03-11 15:27:10.103 I/FxAccounts( 2828): fennec :: BrowserRepoSession :: END: creating record -> GUID map.
03-11 15:27:10.253 D/dalvikvm( 2828): GC_CONCURRENT freed 419K, 3% free 17711K/18244K, paused 2ms+1ms, total 35ms
03-11 15:27:10.383 D/dalvikvm( 2828): GC_CONCURRENT freed 360K, 3% free 17811K/18244K, paused 1ms+1ms, total 21ms
03-11 15:27:10.403 I/FxAccounts( 2828): fennec :: ServerSyncStage :: Stage history received 24 and sent 0 records in 1.10 seconds.
