03-11 15:24:47.563 D/MobileDataStateTracker(  785): default: setPolicyDataEnable(enabled=true)
03-11 15:24:47.573 D/dalvikvm( 1088): GC_EXPLICIT freed 123K, 3% free 17302K/17804K, paused 6ms+5ms, total 39ms
03-11 15:24:47.573 I/ActivityManager(  785): Delay finish: com.google.android.talk/com.google.android.apps.babel.realtimechat.RealTimeChatService$AlarmReceiver
03-11 15:24:47.573 I/ActivityManager(  785): Resuming delayed broadcast
03-11 15:24:47.673 I/NotifUtils( 2192): Validating Notification, mapSize: 0 getAttention: true ignoreUnobtrusive: false
03-11 15:24:47.673 I/NotifUtils( 2192): validateNotifications - cancelling account -2040901717 / folder 3019
03-11 15:24:47.683 D/GCM     ( 1088): GcmService start Intent { act=android.net.conn.CONNECTIVITY_CHANGE flg=0x4000010 cmp=com.google.android.gms/.gcm.GcmService (has extras) } android.net.conn.CONNECTIVITY_CHANGE
03-11 15:24:47.723 D/dalvikvm(  785): GC_CONCURRENT freed 1864K, 8% free 24126K/26152K, paused 1ms+3ms, total 52ms
03-11 15:24:47.723 D/dalvikvm(  785): WAIT_FOR_CONCURRENT_GC blocked 33ms
03-11 15:24:47.723 D/dalvikvm(  785): WAIT_FOR_CONCURRENT_GC blocked 33ms
03-11 15:24:47.723 D/dalvikvm(  785): WAIT_FOR_CONCURRENT_GC blocked 29ms
03-11 15:24:47.723 D/dalvikvm(  785): WAIT_FOR_CONCURRENT_GC blocked 27ms
03-11 15:24:47.723 I/ActivityManager(  785): Start proc com.google.android.apps.magazines for broadcast com.google.android.apps.magazines/com.google.apps.dots.android.newsstand.appwidget.NewsWidgetProvider: pid=2652 uid=10056 gids={50056, 3003, 1028, 1015}
03-11 15:24:47.763 D/dalvikvm( 2606): GC_CONCURRENT freed 290K, 2% free 16993K/17336K, paused 3ms+1ms, total 12ms
03-11 15:24:47.763 V/WebViewChromium( 2652): Binding Chromium to the background looper Looper (main, tid 1) {42978880}
03-11 15:24:47.763 I/chromium( 2652): [INFO:library_loader_hooks.cc(112)] Chromium logging enabled: level = 0, default verbosity = 0
03-11 15:24:47.763 I/BrowserProcessMain( 2652): Initializing chromium process, renderers=0
03-11 15:24:47.773 W/chromium( 2652): [WARNING:proxy_service.cc(888)] PAC support disabled because there is no system implementation
03-11 15:24:47.783 I/Adreno-EGL( 2652): <qeglDrvAPI_eglInitialize:320>: EGL 1.4 QUALCOMM Build: I0404c4692afb8623f95c43aeb6d5e13ed4b30ddbDate: 11/06/13
03-11 15:24:47.823 E/ThermalEngine(  194): TM Id 'battery_LCD_monitor' Sensor 'batt_therm' - alarm raised 2 at 342.0 degC
03-11 15:24:47.823 E/ThermalEngine(  194): override action 7500
03-11 15:24:47.823 E/ThermalEngine(  194): Thermal-Server: Thermal received msg override 7500
03-11 15:24:47.823 E/ThermalEngine(  194): override_notify : SS mode 1 override 7500
03-11 15:24:47.823 E/ThermalEngine(  194): enable_threshold: tsens_tz_sensor3 (/sys/devices/virtual/thermal/thermal_zone3/trip_point_0_type)
03-11 15:24:47.823 E/ThermalEngine(  194): enable_threshold: tsens_tz_sensor3 (/sys/devices/virtual/thermal/thermal_zone3/trip_point_1_type)
03-11 15:24:47.823 E/ThermalEngine(  194): enable_threshold: tsens_tz_sensor8 (/sys/devices/virtual/thermal/thermal_zone8/trip_point_0_type)
03-11 15:24:47.823 E/ThermalEngine(  194): enable_threshold: tsens_tz_sensor8 (/sys/devices/virtual/thermal/thermal_zone8/trip_point_1_type)
03-11 15:24:47.823 E/ThermalEngine(  194): enable_threshold: tsens_tz_sensor7 (/sys/devices/virtual/thermal/thermal_zone7/trip_point_0_type)
03-11 15:24:47.823 E/ThermalEngine(  194): enable_threshold: tsens_tz_sensor7 (/sys/devices/virtual/thermal/thermal_zone7/trip_point_1_type)
03-11 15:24:47.823 E/ThermalEngine(  194): enable_threshold: tsens_tz_sensor6 (/sys/devices/virtual/thermal/thermal_zone6/trip_point_0_type)
03-11 15:24:47.823 E/ThermalEngine(  194): enable_threshold: tsens_tz_sensor6 (/sys/devices/virtual/thermal/thermal_zone6/trip_point_1_type)
03-11 15:24:47.823 E/ThermalEngine(  194): enable_threshold: tsens_tz_sensor5 (/sys/devices/virtual/thermal/thermal_zone5/trip_point_0_type)
03-11 15:24:47.823 E/ThermalEngine(  194): enable_threshold: tsens_tz_sensor5 (/sys/devices/virtual/thermal/thermal_zone5/trip_point_1_type)
03-11 15:24:47.843 E/ThermalEngine(  194): TM Id 'SKIN_THERMAL_management_1' Sensor 'xo_therm_pu2' - alarm raised 2 at 42.0 degC
03-11 15:24:47.843 E/ThermalEngine(  194): ACTION: LCD - Setting max LCD brightness to 204
03-11 15:24:47.843 W/GAV2    ( 2652): Thread[main,5,main]: Need to call initialize() and be in fallback mode to start dispatch.
03-11 15:24:47.873 D/dalvikvm( 2652): GC_CONCURRENT freed 300K, 2% free 16920K/17216K, paused 2ms+4ms, total 37ms
03-11 15:24:47.983 D/dalvikvm(  785): GC_CONCURRENT freed 1886K, 8% free 24104K/26152K, paused 3ms+4ms, total 55ms
03-11 15:24:47.983 D/dalvikvm(  785): WAIT_FOR_CONCURRENT_GC blocked 35ms
03-11 15:24:47.983 D/dalvikvm(  785): WAIT_FOR_CONCURRENT_GC blocked 35ms
03-11 15:24:47.983 D/dalvikvm(  785): WAIT_FOR_CONCURRENT_GC blocked 36ms
03-11 15:24:48.003 D/dalvikvm( 2652): GC_CONCURRENT freed 232K, 2% free 17128K/17392K, paused 2ms+2ms, total 14ms
03-11 15:24:48.013 I/NSApplication( 2652): Starting up...
03-11 15:24:48.053 I/ActivityManager(  785): Start proc com.google.android.youtube for broadcast com.google.android.youtube/com.google.android.apps.youtube.app.prefetch.PrefetchService$DeviceStateReceiver: pid=2691 uid=10071 gids={50071, 3003, 1028, 1015}
03-11 15:24:48.053 I/ActivityManager(  785): Killing 1528:com.google.android.partnersetup/u0a11 (adj 15): empty #17
03-11 15:24:48.063 D/dalvikvm(  182): GC_EXPLICIT freed 42K, 1% free 16691K/16768K, paused 2ms+2ms, total 20ms
03-11 15:24:48.083 D/dalvikvm(  182): GC_EXPLICIT freed <1K, 1% free 16691K/16768K, paused 1ms+2ms, total 14ms
03-11 15:24:48.093 D/dalvikvm(  182): GC_EXPLICIT freed <1K, 1% free 16691K/16768K, paused 1ms+2ms, total 15ms
03-11 15:24:48.103 D/dalvikvm( 2652): GC_CONCURRENT freed 318K, 2% free 17229K/17580K, paused 1ms+2ms, total 16ms
03-11 15:24:48.113 I/Icing   ( 1209): Indexing DFBA040CFE63555BF40C028A21AB1505A9843DE0 from com.google.android.music
03-11 15:24:48.143 D/YouTube ( 2691): apps.youtube.core.utils.bh.a:41 HttpClient.UserAgent: com.google.android.youtube/5.3.32(Linux; U; Android 4.4.2; en_US; Nexus 5 Build/KOT49H)
03-11 15:24:48.173 D/dalvikvm( 2691): GC_CONCURRENT freed 258K, 2% free 16940K/17236K, paused 7ms+6ms, total 25ms
03-11 15:24:48.203 I/Icing   ( 1209): Indexing done DFBA040CFE63555BF40C028A21AB1505A9843DE0
03-11 15:24:48.213 D/YouTube ( 2691): apps.youtube.core.utils.bh.a:41 HttpClient.UserAgent: com.google.android.youtube/5.3.32(Linux; U; Android 4.4.2; en_US; Nexus 5 Build/KOT49H)
03-11 15:24:48.223 D/dalvikvm( 1088): GC_EXPLICIT freed 137K, 3% free 17319K/17804K, paused 2ms+3ms, total 21ms
03-11 15:24:48.273 D/dalvikvm(  785): GC_CONCURRENT freed 1860K, 8% free 24103K/26152K, paused 3ms+4ms, total 55ms
03-11 15:24:48.273 D/dalvikvm(  785): WAIT_FOR_CONCURRENT_GC blocked 33ms
03-11 15:24:48.273 D/dalvikvm(  785): WAIT_FOR_CONCURRENT_GC blocked 14ms
03-11 15:24:48.273 D/dalvikvm(  785): WAIT_FOR_CONCURRENT_GC blocked 28ms
03-11 15:24:48.313 D/YouTube ( 2691): apps.youtube.core.client.y.a:114 event [version=5.3.32-s2000, action=Startup, label=NORMAL_STARTUP, value=-1]
03-11 15:24:48.323 D/dalvikvm( 2691): GC_CONCURRENT freed 323K, 3% free 17079K/17436K, paused 2ms+3ms, total 21ms
03-11 15:24:48.373 D/dalvikvm( 2691): GC_CONCURRENT freed 333K, 3% free 17258K/17624K, paused 3ms+2ms, total 21ms
03-11 15:24:48.373 D/dalvikvm( 2691): WAIT_FOR_CONCURRENT_GC blocked 13ms
03-11 15:24:48.373 D/dalvikvm( 2691): WAIT_FOR_CONCURRENT_GC blocked 16ms
03-11 15:24:48.383 D/dalvikvm( 2691): WAIT_FOR_CONCURRENT_GC blocked 24ms
03-11 15:24:48.393 D/YouTube ( 2691): apps.youtube.core.cache.f.run:163 Cache is below limit, no need to shrink: [size=1653501, limit=20971520]
03-11 15:24:48.403 D/dalvikvm( 2691): DexOpt: --- BEGIN 'ads856130887.jar' (bootstrap=0) ---
03-11 15:24:48.453 D/dalvikvm( 2717): DexOpt: load 3ms, verify+opt 5ms, 158252 bytes
03-11 15:24:48.463 D/dalvikvm( 2691): DexOpt: --- END 'ads856130887.jar' (success) ---
03-11 15:24:48.463 D/dalvikvm( 2691): DEX prep '/data/data/com.google.android.youtube/cache/ads856130887.jar': unzip in 0ms, rewrite 67ms
03-11 15:24:48.503 D/dalvikvm( 2691): GC_CONCURRENT freed 311K, 2% free 17398K/17744K, paused 3ms+2ms, total 22ms
03-11 15:24:48.533 D/dalvikvm(  785): GC_CONCURRENT freed 1863K, 8% free 24098K/26152K, paused 2ms+4ms, total 54ms
03-11 15:24:48.533 D/dalvikvm(  785): WAIT_FOR_CONCURRENT_GC blocked 36ms
03-11 15:24:48.533 D/dalvikvm(  785): WAIT_FOR_CONCURRENT_GC blocked 40ms
03-11 15:24:48.573 I/GoogleConversionPing( 2691): Pinging: http://www.googleadservices.com/pagead/conversion/1001680686/?label=4dahCKKczAYQrt7R3QM&value=&muid=htvkUmllSKdBco3N4TeCHQ&bundleid=com.google.android.youtube&appversion=5.3.32&osversion=4.4.2&sdkversion=ct-sdk-a-v1.1.0&remarketing_only=1&timestamp=1394544288&data=screen_name%3D%3CAndroid_YT_Open_App%3E
03-11 15:24:48.623 D/dalvikvm( 2691): GC_CONCURRENT freed 300K, 2% free 17611K/17944K, paused 2ms+3ms, total 20ms
03-11 15:24:48.623 D/dalvikvm( 2691): WAIT_FOR_CONCURRENT_GC blocked 8ms
03-11 15:24:48.623 D/dalvikvm( 2691): WAIT_FOR_CONCURRENT_GC blocked 15ms
03-11 15:24:48.643 D/YouTube ( 2691): apps.youtube.app.prefetch.PrefetchService$DeviceStateReceiver.onReceive:565 Got device state change intent: android.net.conn.CONNECTIVITY_CHANGE
03-11 15:24:48.643 D/YouTube ( 2691): apps.youtube.core.transfer.TransferService.onCreate:108 creating transfer service
03-11 15:24:48.663 I/ActivityManager(  785): Start proc com.google.android.apps.plus for broadcast com.google.android.apps.plus/.service.ConnectivityReceiver: pid=2741 uid=10063 gids={50063, 3003, 3002, 1028, 1015}
03-11 15:24:48.693 D/YouTube ( 2691): apps.youtube.app.prefetch.PrefetchService.onStartCommand:167 PrefetchService started at 11 Mar 2014 13:24:48 GMT
03-11 15:24:48.693 D/YouTube ( 2691): apps.youtube.app.prefetch.PrefetchService.p_:245 Download snapshot restored
03-11 15:24:48.703 D/YouTube ( 2691): apps.youtube.app.prefetch.PrefetchService.onDestroy:215 PrefetchService destroyed at 11 Mar 2014 13:24:48 GMT
03-11 15:24:48.703 I/ActivityManager(  785): Killing 2160:com.google.android.googlequicksearchbox:search/u0a19 (adj 15): empty #17
03-11 15:24:48.733 D/dalvikvm( 2691): GC_CONCURRENT freed 305K, 3% free 17696K/18076K, paused 2ms+2ms, total 21ms
03-11 15:24:48.733 W/GLSUser ( 1088): GoogleAccountDataService.getToken()
03-11 15:24:48.793 D/dalvikvm(  785): GC_CONCURRENT freed 1845K, 8% free 24110K/26152K, paused 3ms+3ms, total 53ms
03-11 15:24:48.793 D/dalvikvm(  785): WAIT_FOR_CONCURRENT_GC blocked 35ms
03-11 15:24:48.803 I/GoogleConversionPing( 2691): Ping responded with response code 200
03-11 15:24:48.903 D/dalvikvm( 2741): Trying to load lib /data/app-lib/com.google.android.apps.plus-1/libcrashreporter.so 0x429782e0
03-11 15:24:48.903 D/dalvikvm( 2741): Added shared lib /data/app-lib/com.google.android.apps.plus-1/libcrashreporter.so 0x429782e0
03-11 15:24:48.923 W/GAV2    ( 2192): Thread[GAThread,5,main]: Service unavailable (code=1), will retry.
03-11 15:24:48.923 I/GAV2    ( 2192): Thread[GAThread,5,main]: No campaign data found.
03-11 15:24:48.923 W/ActivityManager(  785): Unable to start service Intent { act=com.google.android.gms.analytics.service.START cmp=com.google.android.gms/.analytics.service.AnalyticsService (has extras) } U=0: not found
03-11 15:24:48.933 D/dalvikvm( 2741): GC_CONCURRENT freed 208K, 2% free 16894K/17136K, paused 3ms+2ms, total 19ms
03-11 15:24:48.933 D/dalvikvm( 2192): GC_CONCURRENT freed 338K, 3% free 17435K/17860K, paused 1ms+1ms, total 13ms
03-11 15:24:48.943 D/Tethering(  785): MasterInitialState.processMessage what=3
03-11 15:24:48.943 D/CaptivePortalTracker(  785): NoActiveNetworkState{ when=0 what=1 obj=NetworkInfo: type: mobile_hipri[HSPA+], state: DISCONNECTED/DISCONNECTED, reason: dataDisabled, extra: internet.saunalahti, roaming: false, failover: false, isAvailable: true, isConnectedToProvisioningNetwork: false target=com.android.internal.util.StateMachine$SmHandler }
03-11 15:24:48.943 D/CaptivePortalTracker(  785): NoActiveNetworkState not a wifi connectivity change, ignore
03-11 15:24:48.943 D/Tethering(  785): MasterInitialState.processMessage what=3
03-11 15:24:48.943 D/CaptivePortalTracker(  785): NoActiveNetworkState{ when=0 what=1 obj=NetworkInfo: type: mobile[HSPA+], state: CONNECTED/CONNECTED, reason: connected, extra: internet.saunalahti, roaming: false, failover: false, isAvailable: true, isConnectedToProvisioningNetwork: false target=com.android.internal.util.StateMachine$SmHandler }
03-11 15:24:48.943 D/CaptivePortalTracker(  785): NoActiveNetworkState not a wifi connectivity change, ignore
03-11 15:24:49.013 D/dalvikvm( 2741): GC_CONCURRENT freed 258K, 2% free 17145K/17440K, paused 3ms+1ms, total 14ms
03-11 15:24:49.013 D/dalvikvm( 2741): WAIT_FOR_CONCURRENT_GC blocked 8ms
03-11 15:24:49.013 D/dalvikvm( 2741): WAIT_FOR_CONCURRENT_GC blocked 7ms
03-11 15:24:49.033 D/dalvikvm(  785): GC_CONCURRENT freed 1853K, 8% free 24117K/26152K, paused 3ms+3ms, total 55ms
03-11 15:24:49.033 D/dalvikvm(  785): WAIT_FOR_CONCURRENT_GC blocked 32ms
03-11 15:24:49.033 D/dalvikvm(  785): WAIT_FOR_CONCURRENT_GC blocked 20ms
03-11 15:24:49.033 D/dalvikvm(  785): WAIT_FOR_CONCURRENT_GC blocked 37ms
03-11 15:24:49.033 D/dalvikvm(  785): WAIT_FOR_CONCURRENT_GC blocked 30ms
03-11 15:24:49.033 D/dalvikvm(  785): WAIT_FOR_CONCURRENT_GC blocked 16ms
03-11 15:24:49.043 I/ImageResourceManager( 2741): ImageResourceManager: uninitalized
03-11 15:24:49.053 I/iu.Environment( 2741): update battery state; isPlugged? true*
03-11 15:24:49.053 I/iu.Environment( 2741): update connectivity state; isNetworkMetered? true*, isRoaming? false, isBackgroundDataAllowed? true*
03-11 15:24:49.063 I/iu.Environment( 2741): update connectivity state; isNetworkMetered? true, isRoaming? false, isBackgroundDataAllowed? true
03-11 15:24:49.063 I/ActivityManager(  785): Start proc com.facebook.katana for broadcast com.facebook.katana/com.facebook.vault.service.VaultConnectivityChangeReceiver: pid=2770 uid=10077 gids={50077, 1028, 1015, 3003}
03-11 15:24:49.063 I/ActivityManager(  785): Killing 2230:org.mozilla.fennec/u0a75 (adj 15): empty #17
03-11 15:24:49.073 D/dalvikvm( 2741): GC_FOR_ALLOC freed 103K, 2% free 17164K/17440K, paused 12ms, total 12ms
03-11 15:24:49.073 I/dalvikvm-heap( 2741): Grow heap (frag case) to 20.701MB for 4099024-byte allocation
03-11 15:24:49.093 D/dalvikvm( 2741): GC_FOR_ALLOC freed <1K, 2% free 21166K/21444K, paused 12ms, total 12ms
03-11 15:24:49.113 D/dalvikvm( 2741): GC_CONCURRENT freed 11K, 2% free 21169K/21444K, paused 2ms+1ms, total 12ms
03-11 15:24:49.133 D/dalvikvm( 2741): GC_FOR_ALLOC freed 51K, 2% free 21185K/21444K, paused 13ms, total 13ms
03-11 15:24:49.143 I/dalvikvm-heap( 2741): Grow heap (frag case) to 24.627MB for 4099024-byte allocation
03-11 15:24:49.153 D/dalvikvm( 2741): GC_FOR_ALLOC freed <1K, 2% free 25187K/25448K, paused 11ms, total 11ms
03-11 15:24:49.163 D/CatchMeIfYouCan( 2770): Process (<default>) ca: '/data/data/com.facebook.katana/app_cmiyc/A1657CCD543F12E66E587EE52ED9D802E22AAC4701'
03-11 15:24:49.163 D/CatchMeIfYouCan( 2770): Process (<default>) fc: '/data/data/com.facebook.katana/app_cmiyc/A1657CCD543F12E66E587EE52ED9D802E22AAC4702'
03-11 15:24:49.163 D/CatchMeIfYouCan( 2770): Process (<default>) cp: '('default', 3, 120000, silent [true], restart [false], logout [false])'
03-11 15:24:49.163 D/dalvikvm( 2741): GC_CONCURRENT freed <1K, 2% free 25187K/25448K, paused 1ms+1ms, total 11ms
03-11 15:24:49.163 D/ACRA    ( 2770): ACRA is enabled for com.facebook.katana, intializing...
03-11 15:24:49.173 D/ACRA    ( 2770): Looking for error files in /data/data/com.facebook.katana/app_acra-reports
03-11 15:24:49.173 D/ACRA    ( 2770): Looking for error files in /data/data/com.facebook.katana/app_minidumps
03-11 15:24:49.173 D/dalvikvm( 2770): Trying to load lib /data/app-lib/com.facebook.katana-1/libfb_stl_shared.so 0x42981d98
03-11 15:24:49.173 D/dalvikvm( 2770): Added shared lib /data/app-lib/com.facebook.katana-1/libfb_stl_shared.so 0x42981d98
03-11 15:24:49.173 D/dalvikvm( 2770): No JNI_OnLoad found in /data/app-lib/com.facebook.katana-1/libfb_stl_shared.so 0x42981d98, skipping init
03-11 15:24:49.173 D/dalvikvm( 2770): Trying to load lib /data/app-lib/com.facebook.katana-1/libfb_breakpad_client.so 0x42981d98
03-11 15:24:49.183 D/dalvikvm( 2770): Added shared lib /data/app-lib/com.facebook.katana-1/libfb_breakpad_client.so 0x42981d98
03-11 15:24:49.183 W/SystemClassLoaderAdder( 2770): Could not find zipFile entry corresponding to path /data/app/com.facebook.katana-1.apk
03-11 15:24:49.193 V/DexLibLoader( 2770): Preparing secondary program dexes.
03-11 15:24:49.193 V/DexLibLoader( 2770): Loaded 2 raw lines of metadata.
03-11 15:24:49.193 V/DexLibLoader( 2770): Secondary program dex metadata: secondary-1.dex.jar.xz 188f1cf98e7929d7457e2cdf72a0777981e1fc27 secondary.dex01.Canary
03-11 15:24:49.193 V/DexLibLoader( 2770): Secondary program dex metadata: secondary-2.dex.jar.xz 14314443648960c2f9d1e4924306d1af2de75315 secondary.dex02.Canary
03-11 15:24:49.193 W/DexLibLoader( 2770): Unexpected file in program dex directory: /data/data/com.facebook.katana/app_secondary_program_dex/temp_dex_lock
03-11 15:24:49.193 V/DexLibLoader( 2770): Preparing to extract secondary-1.dex.jar.xz to /data/data/com.facebook.katana/app_secondary_program_dex/program-188f1cf98e7929d7457e2cdf72a0777981e1fc2731a2345d.dex.jar
03-11 15:24:49.193 V/DexLibLoader( 2770): Dex already copied
03-11 15:24:49.193 D/OdexVerifier( 2770): Odex verification is skipped.
03-11 15:24:49.193 V/DexLibLoader( 2770): Creating class loader
03-11 15:24:49.193 V/DexLibLoader( 2770): Finished creating class loader
03-11 15:24:49.193 V/DexLibLoader( 2770): Preparing to extract secondary-2.dex.jar.xz to /data/data/com.facebook.katana/app_secondary_program_dex/program-14314443648960c2f9d1e4924306d1af2de7531531a2345d.dex.jar
03-11 15:24:49.193 V/DexLibLoader( 2770): Dex already copied
03-11 15:24:49.193 D/OdexVerifier( 2770): Odex verification is skipped.
03-11 15:24:49.193 V/DexLibLoader( 2770): Creating class loader
03-11 15:24:49.193 V/DexLibLoader( 2770): Finished creating class loader
03-11 15:24:49.193 V/DexLibLoader( 2770): Verifying classes from secondary dexes.
03-11 15:24:49.203 I/iu.UploadsManager( 2741): #reloadSettings(); account: null; pageID: none; IU: disabled; IS: disabled; photoWiFi: true; videoWiFi: true; roam: false; battery: true; size: FULL; maxMobile: 157286400
03-11 15:24:49.203 D/dalvikvm( 2770): GC_CONCURRENT freed 294K, 2% free 16876K/17204K, paused 2ms+2ms, total 19ms
03-11 15:24:49.203 D/DexLibLoader( 2770): DexLibLoader.ensureDexLoaded took 20 ms
03-11 15:24:49.243 D/dalvikvm( 2567): GC_CONCURRENT freed 212K, 2% free 16873K/17120K, paused 3ms+1ms, total 17ms
03-11 15:24:49.253 I/iu.FingerprintManager( 2741): Start processing all media
03-11 15:24:49.253 I/iu.FingerprintManager( 2741): Start processing media store URI: content://media/external/images/media
03-11 15:24:49.293 I/iu.FingerprintManager( 2741): Start processing media store URI: content://media/external/video/media
03-11 15:24:49.293 I/iu.FingerprintManager( 2741): Start processing media store URI: content://media/phoneStorage/images/media
03-11 15:24:49.293 D/dalvikvm(  785): GC_CONCURRENT freed 1851K, 8% free 24129K/26152K, paused 2ms+3ms, total 53ms
03-11 15:24:49.293 D/dalvikvm(  785): WAIT_FOR_CONCURRENT_GC blocked 29ms
03-11 15:24:49.293 I/iu.FingerprintManager( 2741): Start processing media store URI: content://media/phoneStorage/video/media
03-11 15:24:49.293 D/dalvikvm(  785): WAIT_FOR_CONCURRENT_GC blocked 28ms
03-11 15:24:49.293 D/dalvikvm(  785): WAIT_FOR_CONCURRENT_GC blocked 35ms
03-11 15:24:49.303 I/iu.FingerprintManager( 2741): Finished generating fingerprints; 0.049 seconds
03-11 15:24:49.303 I/iu.FingerprintManager( 2741):   numSeen=178 numGenerated=0 numDeleted=0 numFailed=0
03-11 15:24:49.333 I/iu.UploadsManager( 2741): End new media; added: 0, uploading: 0, time: 129 ms
03-11 15:24:49.333 D/dalvikvm( 2770): GC_CONCURRENT freed 296K, 2% free 17010K/17344K, paused 3ms+2ms, total 14ms
03-11 15:24:49.393 D/dalvikvm( 2770): GC_CONCURRENT freed 317K, 2% free 17142K/17492K, paused 1ms+2ms, total 13ms
03-11 15:24:49.463 D/dalvikvm( 2770): GC_CONCURRENT freed 303K, 2% free 17313K/17652K, paused 2ms+7ms, total 21ms
03-11 15:24:49.523 D/dalvikvm(  785): GC_CONCURRENT freed 1867K, 8% free 24126K/26152K, paused 3ms+3ms, total 64ms
03-11 15:24:49.523 D/dalvikvm(  785): WAIT_FOR_CONCURRENT_GC blocked 50ms
03-11 15:24:49.533 D/dalvikvm( 2770): GC_CONCURRENT freed 268K, 2% free 17482K/17784K, paused 2ms+2ms, total 16ms
03-11 15:24:49.633 D/dalvikvm( 2770): GC_CONCURRENT freed 360K, 3% free 17635K/18028K, paused 3ms+2ms, total 23ms
03-11 15:24:49.633 D/dalvikvm( 2770): WAIT_FOR_CONCURRENT_GC blocked 5ms
03-11 15:24:49.723 D/dalvikvm( 2770): GC_CONCURRENT freed 270K, 2% free 17791K/18096K, paused 3ms+3ms, total 25ms
03-11 15:24:49.733 D/dalvikvm(  785): GC_CONCURRENT freed 1867K, 8% free 24123K/26152K, paused 3ms+3ms, total 56ms
03-11 15:24:49.733 D/dalvikvm(  785): WAIT_FOR_CONCURRENT_GC blocked 42ms
03-11 15:24:49.793 D/dalvikvm( 2770): GC_CONCURRENT freed 305K, 2% free 17954K/18292K, paused 2ms+1ms, total 18ms
03-11 15:24:49.803 W/dalvikvm( 2770): method Lcom/facebook/reflex/view/AbstractListView;.invalidate incorrectly overrides package-private method with same name in Landroid/view/View;
03-11 15:24:49.803 W/dalvikvm( 2770): method Lcom/facebook/reflex/view/GalleryViewAutoReflex;.invalidate incorrectly overrides package-private method with same name in Landroid/view/View;
03-11 15:24:49.813 W/dalvikvm( 2770): method Lcom/facebook/reflex/view/HorizontalScrollViewAutoReflex;.invalidate incorrectly overrides package-private method with same name in Landroid/view/View;
03-11 15:24:49.813 W/dalvikvm( 2770): method Lcom/facebook/reflex/view/ImageViewAutoReflex;.invalidate incorrectly overrides package-private method with same name in Landroid/view/View;
03-11 15:24:49.823 W/dalvikvm( 2770): method Lcom/facebook/reflex/view/ScrollViewAutoReflex;.invalidate incorrectly overrides package-private method with same name in Landroid/view/View;
03-11 15:24:49.823 W/dalvikvm( 2770): method Lcom/facebook/reflex/view/ViewPagerAutoReflex;.invalidate incorrectly overrides package-private method with same name in Landroid/view/View;
03-11 15:24:49.893 D/dalvikvm( 2770): GC_CONCURRENT freed 323K, 2% free 18144K/18500K, paused 2ms+2ms, total 31ms
03-11 15:24:49.893 D/dalvikvm( 2770): WAIT_FOR_CONCURRENT_GC blocked 14ms
03-11 15:24:49.943 D/dalvikvm(  785): GC_CONCURRENT freed 1864K, 8% free 24123K/26152K, paused 2ms+3ms, total 53ms
03-11 15:24:49.943 D/dalvikvm(  785): WAIT_FOR_CONCURRENT_GC blocked 40ms
03-11 15:24:49.963 D/dalvikvm( 2770): GC_CONCURRENT freed 262K, 2% free 18384K/18680K, paused 3ms+2ms, total 21ms
03-11 15:24:50.043 D/dalvikvm( 2770): GC_CONCURRENT freed 332K, 2% free 18613K/18980K, paused 1ms+3ms, total 22ms
03-11 15:24:50.153 D/dalvikvm(  785): GC_CONCURRENT freed 1863K, 8% free 24123K/26152K, paused 3ms+3ms, total 52ms
03-11 15:24:50.153 D/dalvikvm(  785): WAIT_FOR_CONCURRENT_GC blocked 13ms
03-11 15:24:50.153 D/dalvikvm( 2770): GC_CONCURRENT freed 376K, 3% free 18823K/19232K, paused 2ms+3ms, total 32ms
03-11 15:24:50.283 D/dalvikvm( 2770): GC_CONCURRENT freed 439K, 3% free 19045K/19516K, paused 3ms+2ms, total 26ms
03-11 15:24:50.293 W/dalvikvm( 2770): method Lcom/facebook/reflex/view/FrameLayoutAutoReflex;.invalidate incorrectly overrides package-private method with same name in Landroid/view/View;
03-11 15:24:50.343 W/dalvikvm( 2770): method Lcom/facebook/messaging/reflex/SwipableOverlayLayoutAutoReflex;.invalidate incorrectly overrides package-private method with same name in Landroid/view/View;
03-11 15:24:50.363 D/dalvikvm(  785): GC_CONCURRENT freed 1863K, 8% free 24123K/26152K, paused 3ms+3ms, total 52ms
03-11 15:24:50.363 D/dalvikvm(  785): WAIT_FOR_CONCURRENT_GC blocked 34ms
03-11 15:24:50.403 D/dalvikvm( 2770): GC_CONCURRENT freed 489K, 3% free 19342K/19864K, paused 2ms+2ms, total 27ms
03-11 15:24:50.403 D/dalvikvm( 2770): WAIT_FOR_CONCURRENT_GC blocked 7ms
03-11 15:24:50.433 E/FbInjectorInitializer( 2770): Multi-binding Key[type=com.facebook.common.init.INeedInit, annotation=[none]] wasn't declared.
03-11 15:24:50.543 D/dalvikvm( 2770): GC_CONCURRENT freed 589K, 4% free 19629K/20252K, paused 2ms+3ms, total 30ms
03-11 15:24:50.583 D/dalvikvm(  785): GC_CONCURRENT freed 1862K, 8% free 24124K/26152K, paused 3ms+3ms, total 53ms
03-11 15:24:50.583 D/dalvikvm(  785): WAIT_FOR_CONCURRENT_GC blocked 24ms
03-11 15:24:50.653 W/fb4a(:<default>):BaseAnalyticsConfig( 2770): willEventBeLogged() called before shared prefs were initialized! Defaulting to true.
03-11 15:24:50.653 W/fb4a(:<default>):BaseAnalyticsConfig( 2770): willEventBeLogged() called before shared prefs were initialized! Defaulting to true.
03-11 15:24:50.683 I/ActivityManager(  785): Start proc com.devhd.feedly for broadcast com.devhd.feedly/.widget.FeedlyWidgetProvider: pid=2801 uid=10088 gids={50088, 3003, 1028, 1015}
03-11 15:24:50.683 I/ActivityManager(  785): Killing 2298:com.laurencedawson.reddit_sync:remote/u0a80 (adj 15): empty #17
03-11 15:24:50.723 D/dalvikvm( 2770): GC_CONCURRENT freed 720K, 4% free 19875K/20632K, paused 4ms+3ms, total 52ms
03-11 15:24:50.733 D/ConnectivityService(  785): handleInetConditionHoldEnd: net=0, condition=0, published condition=0
03-11 15:24:50.763 I/widget.provider( 2801): com.devhd.feedly.widget.FeedlyWidgetProvider onReceive: android.net.conn.CONNECTIVITY_CHANGE
03-11 15:24:50.763 W/widget.data( 2801): **** creating widget[0] data model object ****
03-11 15:24:50.793 D/GCM     ( 1088): GcmService start Intent { act=android.net.conn.CONNECTIVITY_CHANGE flg=0x4000010 cmp=com.google.android.gms/.gcm.GcmService (has extras) } android.net.conn.CONNECTIVITY_CHANGE
03-11 15:24:50.793 D/YouTube ( 2691): apps.youtube.app.prefetch.PrefetchService$DeviceStateReceiver.onReceive:565 Got device state change intent: android.net.conn.CONNECTIVITY_CHANGE
03-11 15:24:50.793 D/dalvikvm( 1209): GC_CONCURRENT freed 416K, 3% free 17116K/17584K, paused 3ms+2ms, total 16ms
03-11 15:24:50.793 I/ActivityManager(  785): Killing 2337:com.laurencedawson.reddit_sync/u0a80 (adj 15): empty #17
03-11 15:24:50.803 W/fb4a(:<default>):UserScope( 2770): Called user scoped provider with no viewer. ViewerContextManager was created with no ViewerContext. Using EmptyViewerContextManager to return fake logged in instance.
03-11 15:24:50.803 I/iu.Environment( 2741): update connectivity state; isNetworkMetered? true, isRoaming? false, isBackgroundDataAllowed? true
03-11 15:24:50.803 D/YouTube ( 2691): apps.youtube.app.prefetch.PrefetchService.onStartCommand:167 PrefetchService started at 11 Mar 2014 13:24:50 GMT
03-11 15:24:50.803 W/fb4a(:<default>):ViewerContextManagerForUserScope( 2770): User no longer logged in. Original uid: 0, viewer context: null, is_logged_in: false. Returning original viewer context.
03-11 15:24:50.813 D/YouTube ( 2691): apps.youtube.app.prefetch.PrefetchService.p_:245 Download snapshot restored
03-11 15:24:50.813 I/widget.provider( 2801): com.devhd.feedly.widget.FeedlyWidgetProvider onReceive: android.net.conn.CONNECTIVITY_CHANGE
03-11 15:24:50.823 W/fb4a(:<default>):UserScope( 2770): Called user scoped provider with no viewer. ViewerContextManager was created with no ViewerContext. Using EmptyViewerContextManager to return fake logged in instance.
03-11 15:24:50.823 I/ActivityManager(  785): Start proc org.mozilla.fennec for broadcast org.mozilla.fennec/org.mozilla.gecko.background.announcements.AnnouncementsBroadcastReceiver: pid=2828 uid=10075 gids={50075, 3003, 1028, 1015}
03-11 15:24:50.833 D/YouTube ( 2691): apps.youtube.app.prefetch.PrefetchService.onDestroy:215 PrefetchService destroyed at 11 Mar 2014 13:24:50 GMT
03-11 15:24:50.863 D/dalvikvm(  785): GC_CONCURRENT freed 1852K, 8% free 24136K/26152K, paused 3ms+3ms, total 54ms
03-11 15:24:50.863 D/dalvikvm(  785): WAIT_FOR_CONCURRENT_GC blocked 20ms
03-11 15:24:50.863 D/dalvikvm(  785): WAIT_FOR_CONCURRENT_GC blocked 29ms
03-11 15:24:50.863 D/dalvikvm(  785): WAIT_FOR_CONCURRENT_GC blocked 14ms
03-11 15:24:50.883 D/dalvikvm( 2828): Trying to load lib /data/app-lib/org.mozilla.fennec-1/libmozglue.so 0x42979db0
03-11 15:24:50.893 D/dalvikvm( 2828): Added shared lib /data/app-lib/org.mozilla.fennec-1/libmozglue.so 0x42979db0
03-11 15:24:50.893 D/dalvikvm( 2828): No JNI_OnLoad found in /data/app-lib/org.mozilla.fennec-1/libmozglue.so 0x42979db0, skipping init
03-11 15:24:50.893 E/dalvikvm( 2770): Could not find class 'org.apache.harmony.xnet.provider.jsse.OpenSSLSocketImpl', referenced from method com.facebook.ssl.openssl.check.CheckOpenSSLImplHasRequiredMethods.<clinit>
03-11 15:24:50.893 W/dalvikvm( 2770): VFY: unable to resolve const-class 13583 (Lorg/apache/harmony/xnet/provider/jsse/OpenSSLSocketImpl;) in Lcom/facebook/ssl/openssl/check/CheckOpenSSLImplHasRequiredMethods;
03-11 15:24:50.893 D/dalvikvm( 2770): VFY: replacing opcode 0x1c at 0x000d
03-11 15:24:50.893 I/GeckoAnnounce( 2828): fennec :: AnnounceBrSvc :: Registering AnnouncementsService.
03-11 15:24:50.893 E/dalvikvm( 2770): Could not find class 'org.apache.harmony.xnet.provider.jsse.OpenSSLSocketFactoryImpl', referenced from method com.facebook.ssl.openssl.reflect.SSLParametersGetter.<clinit>
03-11 15:24:50.893 W/dalvikvm( 2770): VFY: unable to resolve const-class 13582 (Lorg/apache/harmony/xnet/provider/jsse/OpenSSLSocketFactoryImpl;) in Lcom/facebook/ssl/openssl/reflect/SSLParametersGetter;
03-11 15:24:50.893 D/dalvikvm( 2770): VFY: replacing opcode 0x1c at 0x000d
03-11 15:24:50.893 E/dalvikvm( 2770): Could not find class 'org.apache.harmony.xnet.provider.jsse.SSLParametersImpl', referenced from method com.facebook.ssl.openssl.reflect.SSLParametersGetter.a
03-11 15:24:50.893 W/dalvikvm( 2770): VFY: unable to resolve check-cast 13585 (Lorg/apache/harmony/xnet/provider/jsse/SSLParametersImpl;) in Lcom/facebook/ssl/openssl/reflect/SSLParametersGetter;
03-11 15:24:50.893 D/dalvikvm( 2770): VFY: replacing opcode 0x1f at 0x0006
03-11 15:24:50.893 E/dalvikvm( 2770): Could not find class 'org.apache.harmony.xnet.provider.jsse.SSLParametersImpl', referenced from method com.facebook.ssl.openssl.reflect.SSLSessionTimeoutSetter.<clinit>
03-11 15:24:50.893 W/dalvikvm( 2770): VFY: unable to resolve const-class 13585 (Lorg/apache/harmony/xnet/provider/jsse/SSLParametersImpl;) in Lcom/facebook/ssl/openssl/reflect/SSLSessionTimeoutSetter;
03-11 15:24:50.893 D/dalvikvm( 2770): VFY: replacing opcode 0x1c at 0x000d
03-11 15:24:50.893 W/dalvikvm( 2770): VFY: unable to find class referenced in signature (Lorg/apache/harmony/xnet/provider/jsse/SSLParametersImpl;)
03-11 15:24:50.893 E/dalvikvm( 2770): Could not find class 'org.apache.harmony.xnet.provider.jsse.ClientSessionContext', referenced from method com.facebook.ssl.openssl.reflect.SSLSessionTimeoutSetter.a
03-11 15:24:50.893 W/dalvikvm( 2770): VFY: unable to resolve check-cast 13581 (Lorg/apache/harmony/xnet/provider/jsse/ClientSessionContext;) in Lcom/facebook/ssl/openssl/reflect/SSLSessionTimeoutSetter;
03-11 15:24:50.893 D/dalvikvm( 2770): VFY: replacing opcode 0x1f at 0x0006
03-11 15:24:50.893 I/ActivityManager(  785): Delay finish: org.mozilla.fennec/org.mozilla.gecko.background.announcements.AnnouncementsBroadcastReceiver
03-11 15:24:50.893 D/ConnectivityService(  785): [CheckMp] isMobileOk: X result=1
03-11 15:24:50.893 D/ConnectivityService(  785): [CheckMp] onPostExecute: result=1
03-11 15:24:50.893 D/ConnectivityService(  785): CheckMp.onComplete: result=1
03-11 15:24:50.893 D/ConnectivityService(  785): CheckMp.onComplete: ignore, connected or no connection
03-11 15:24:50.903 W/dalvikvm( 2770): VFY: unable to find class referenced in signature (Lorg/apache/harmony/xnet/provider/jsse/SSLParametersImpl;)
03-11 15:24:50.903 W/dalvikvm( 2770): Unable to resolve superclass of Lcom/facebook/ssl/openssl/TicketEnabledOpenSSLSocketImplWrapper; (13584)
03-11 15:24:50.903 W/dalvikvm( 2770): Link of class 'Lcom/facebook/ssl/openssl/TicketEnabledOpenSSLSocketImplWrapper;' failed
03-11 15:24:50.903 E/dalvikvm( 2770): Could not find class 'com.facebook.ssl.openssl.TicketEnabledOpenSSLSocketImplWrapper', referenced from method com.facebook.ssl.openssl.TicketEnabledOpenSSLSocketFactoryHelper.a
03-11 15:24:50.903 W/dalvikvm( 2770): VFY: unable to resolve new-instance 10322 (Lcom/facebook/ssl/openssl/TicketEnabledOpenSSLSocketImplWrapper;) in Lcom/facebook/ssl/openssl/TicketEnabledOpenSSLSocketFactoryHelper;
03-11 15:24:50.903 D/dalvikvm( 2770): VFY: replacing opcode 0x22 at 0x0000
03-11 15:24:50.903 W/dalvikvm( 2770): Unable to resolve superclass of Lcom/facebook/ssl/openssl/TicketEnabledOpenSSLSocketImplWrapper; (13584)
03-11 15:24:50.903 W/dalvikvm( 2770): Link of class 'Lcom/facebook/ssl/openssl/TicketEnabledOpenSSLSocketImplWrapper;' failed
03-11 15:24:50.903 D/dalvikvm( 2770): DexOpt: unable to opt direct call 0xaa3b at 0x08 in Lcom/facebook/ssl/openssl/TicketEnabledOpenSSLSocketFactoryHelper;.a
03-11 15:24:50.903 I/GeckoAnnounce( 2828): fennec :: BackgroundService :: Setting inexact repeating alarm for interval 43200000
03-11 15:24:50.913 I/GeckoHealth( 2828): fennec :: HealthReportBroadcastService :: Registering HealthReportUploadService.
03-11 15:24:50.913 I/GeckoHealth( 2828): fennec :: BackgroundService :: Setting inexact repeating alarm for interval 3600000
03-11 15:24:50.913 I/ActivityManager(  785): Resuming delayed broadcast
03-11 15:24:50.913 I/ActivityManager(  785): Delay finish: org.mozilla.fennec/org.mozilla.gecko.background.healthreport.HealthReportBroadcastReceiver
03-11 15:24:50.913 I/ActivityManager(  785): Resuming delayed broadcast
03-11 15:24:50.923 I/GeckoHealth( 2828): fennec :: HealthReportBroadcastService :: Registering HealthReportPruneService.
03-11 15:24:50.923 I/GeckoHealth( 2828): fennec :: BackgroundService :: Setting inexact repeating alarm for interval 86400000
03-11 15:24:50.923 I/ActivityManager(  785): Delay finish: org.mozilla.fennec/org.mozilla.gecko.background.healthreport.HealthReportBroadcastReceiver
03-11 15:24:50.923 I/ActivityManager(  785): Resuming delayed broadcast
03-11 15:24:50.923 I/ActivityManager(  785): Killing 2377:com.onelouder.baconreader/u0a81 (adj 15): empty #17
03-11 15:24:50.973 D/PackageBroadcastService( 1209): Received broadcast action=android.intent.action.PACKAGE_CHANGED and uri=com.android.stk
03-11 15:24:50.983 D/dalvikvm( 2192): GC_CONCURRENT freed 433K, 3% free 17471K/17976K, paused 2ms+1ms, total 16ms
03-11 15:24:50.983 D/dalvikvm( 2192): WAIT_FOR_CONCURRENT_GC blocked 10ms
03-11 15:24:50.993 I/ActivityManager(  785): Delay finish: com.google.android.apps.plus/.service.PackagesMediaMonitor
03-11 15:24:50.993 I/ActivityManager(  785): Resuming delayed broadcast
03-11 15:24:51.003 D/dalvikvm( 2770): GC_CONCURRENT freed 660K, 4% free 20279K/20972K, paused 3ms+11ms, total 66ms
03-11 15:24:51.013 I/ActivityManager(  785): Start proc com.google.android.googlequicksearchbox:search for broadcast com.google.android.googlequicksearchbox/com.google.android.search.core.summons.icing.InternalIcingCorporaProvider$CorporaChangedReceiver: pid=2853 uid=10019 gids={50019, 3003, 1028, 3002, 1015}
03-11 15:24:51.023 I/PeopleContactsSync( 1209): CP2 sync disabled
03-11 15:24:51.053 I/Icing.InternalIcingCorporaProvider( 2853): Updating corpora: A: com.android.stk, C: MAYBE
03-11 15:24:51.053 W/BroadcastQueue(  785): Permission Denial: broadcasting Intent { act=android.net.conn.INET_CONDITION_ACTION flg=0x4000010 (has extras) } from null (pid=-1, uid=-1) requires com.facebook.permission.prod.FB_APP_COMMUNICATION due to registered receiver BroadcastFilter{4320ee98 u0 ReceiverList{4320ee38 2770 com.facebook.katana/10077/u0 remote:4324b480}}
03-11 15:24:51.053 W/BroadcastQueue(  785): Permission Denial: broadcasting Intent { act=android.net.conn.CONNECTIVITY_CHANGE flg=0x4000010 (has extras) } from null (pid=-1, uid=-1) requires com.facebook.permission.prod.FB_APP_COMMUNICATION due to registered receiver BroadcastFilter{4320ee98 u0 ReceiverList{4320ee38 2770 com.facebook.katana/10077/u0 remote:4324b480}}
03-11 15:24:51.053 W/BroadcastQueue(  785): Permission Denial: broadcasting Intent { act=android.net.conn.CONNECTIVITY_CHANGE flg=0x4000010 (has extras) } from null (pid=-1, uid=-1) requires com.facebook.permission.prod.FB_APP_COMMUNICATION due to registered receiver BroadcastFilter{42f66720 u0 ReceiverList{42f83628 2770 com.facebook.katana/10077/u0 remote:42ff1f50}}
03-11 15:24:51.053 I/ActivityManager(  785): Delay finish: com.google.android.googlequicksearchbox/com.google.android.search.core.summons.icing.InternalIcingCorporaProvider$CorporaChangedReceiver
03-11 15:24:51.093 I/ActivityManager(  785): Start proc com.google.android.partnersetup for content provider com.google.android.partnersetup/.RlzAppProvider: pid=2872 uid=10011 gids={50011, 3003}
03-11 15:24:51.123 D/GCoreFlp( 1222): Unknown pending intent to remove.
03-11 15:24:51.123 D/GCM     ( 1088): Connected
03-11 15:24:51.143 I/GCM     ( 1088): GCM message com.google.android.gsf.gtalkservice 
03-11 15:24:51.153 I/ActivityManager(  785): Killing 2438:org.thoughtcrime.securesms/u0a84 (adj 15): empty #17
03-11 15:24:51.163 D/GCM     ( 1088): Message class hwi
03-11 15:24:51.163 D/dalvikvm( 2853): GC_CONCURRENT freed 205K, 2% free 16936K/17176K, paused 3ms+3ms, total 43ms
03-11 15:24:51.223 D/dalvikvm( 2853): GC_CONCURRENT freed 140K, 1% free 17306K/17480K, paused 3ms+1ms, total 15ms
03-11 15:24:51.223 D/dalvikvm( 2853): WAIT_FOR_CONCURRENT_GC blocked 8ms
03-11 15:24:51.223 D/dalvikvm( 2853): WAIT_FOR_CONCURRENT_GC blocked 7ms
03-11 15:24:51.333 D/dalvikvm( 1209): GC_CONCURRENT freed 381K, 3% free 17157K/17584K, paused 3ms+2ms, total 16ms
03-11 15:24:51.453 D/dalvikvm( 2853): GC_CONCURRENT freed 134K, 1% free 17577K/17748K, paused 2ms+2ms, total 17ms
03-11 15:24:51.543 W/Launcher( 1048): setApplicationContext called twice! old=com.google.android.velvet.VelvetApplication@4297ddf0 new=com.google.android.velvet.VelvetApplication@4297ddf0
03-11 15:24:51.543 I/ActivityManager(  785): Resuming delayed broadcast
03-11 15:24:51.543 I/ActivityManager(  785): Killing 2508:com.qualcomm.timeservice/u0a68 (adj 15): empty #17
03-11 15:24:51.553 I/ActivityManager(  785): Waited long enough for: ServiceRecord{42e9e580 u0 com.qualcomm.qcrilmsgtunnel/.QcrilMsgTunnelService}
03-11 15:24:51.633 D/GCM     ( 1088): GcmService start Intent { act=android.net.conn.CONNECTIVITY_CHANGE flg=0x4000010 cmp=com.google.android.gms/.gcm.GcmService (has extras) } android.net.conn.CONNECTIVITY_CHANGE
03-11 15:24:51.633 D/ConnectivityService(  785): handleInetConditionHoldEnd: net=0, condition=100, published condition=0
03-11 15:24:51.643 D/YouTube ( 2691): apps.youtube.app.prefetch.PrefetchService$DeviceStateReceiver.onReceive:565 Got device state change intent: android.net.conn.CONNECTIVITY_CHANGE
03-11 15:24:51.663 I/iu.Environment( 2741): update connectivity state; isNetworkMetered? true, isRoaming? false, isBackgroundDataAllowed? true
03-11 15:24:51.663 D/YouTube ( 2691): apps.youtube.app.prefetch.PrefetchService.onStartCommand:167 PrefetchService started at 11 Mar 2014 13:24:51 GMT
03-11 15:24:51.663 D/YouTube ( 2691): apps.youtube.app.prefetch.PrefetchService.p_:245 Download snapshot restored
03-11 15:24:51.673 D/YouTube ( 2691): apps.youtube.app.prefetch.PrefetchService.onDestroy:215 PrefetchService destroyed at 11 Mar 2014 13:24:51 GMT
03-11 15:24:51.673 D/dalvikvm( 2192): GC_CONCURRENT freed 500K, 3% free 17442K/17976K, paused 2ms+2ms, total 18ms
03-11 15:24:51.713 I/widget.provider( 2801): com.devhd.feedly.widget.FeedlyWidgetProvider onReceive: android.net.conn.CONNECTIVITY_CHANGE
03-11 15:24:51.713 D/dalvikvm( 2770): GC_CONCURRENT freed 717K, 4% free 20724K/21476K, paused 3ms+3ms, total 35ms
03-11 15:24:51.733 D/GCM     ( 1088): GcmService start Intent { act=android.net.conn.CONNECTIVITY_CHANGE flg=0x4000010 cmp=com.google.android.gms/.gcm.GcmService (has extras) } android.net.conn.CONNECTIVITY_CHANGE
03-11 15:24:51.733 D/YouTube ( 2691): apps.youtube.app.prefetch.PrefetchService$DeviceStateReceiver.onReceive:565 Got device state change intent: android.net.conn.CONNECTIVITY_CHANGE
03-11 15:24:51.743 D/YouTube ( 2691): apps.youtube.app.prefetch.PrefetchService.onStartCommand:167 PrefetchService started at 11 Mar 2014 13:24:51 GMT
03-11 15:24:51.743 D/YouTube ( 2691): apps.youtube.app.prefetch.PrefetchService.p_:245 Download snapshot restored
03-11 15:24:51.743 I/iu.Environment( 2741): update connectivity state; isNetworkMetered? true, isRoaming? false, isBackgroundDataAllowed? true
03-11 15:24:51.743 D/YouTube ( 2691): apps.youtube.app.prefetch.PrefetchService.onDestroy:215 PrefetchService destroyed at 11 Mar 2014 13:24:51 GMT
03-11 15:24:51.743 I/widget.provider( 2801): com.devhd.feedly.widget.FeedlyWidgetProvider onReceive: android.net.conn.CONNECTIVITY_CHANGE
03-11 15:24:51.883 W/ContextImpl( 2526): Implicit intents with startService are not safe: Intent { act=com.google.android.music.NETWORK_MONITOR_SERVICE } android.content.ContextWrapper.bindService:517 com.google.android.music.utils.SafeServiceConnection$ServiceConnectionImp.bindService:98 com.google.android.music.utils.SafeServiceConnection.bindService:259 
03-11 15:24:51.893 W/ContextImpl( 2526): Implicit intents with startService are not safe: Intent { act=com.google.android.music.NETWORK_MONITOR_SERVICE } android.content.ContextWrapper.bindService:517 com.google.android.music.utils.SafeServiceConnection$ServiceConnectionImp.bindService:98 com.google.android.music.utils.SafeServiceConnection.bindService:259 
03-11 15:24:51.893 D/CacheService( 2526): onCreate
03-11 15:24:51.903 D/dalvikvm( 2526): GC_CONCURRENT freed 267K, 2% free 17417K/17720K, paused 1ms+2ms, total 19ms
03-11 15:24:51.903 D/CacheService( 2526): onBind
03-11 15:24:51.913 D/AlertService( 1959): Beginning updateAlertNotification
03-11 15:24:51.923 D/AlertService( 1959): No fired or scheduled alerts
03-11 15:24:51.923 I/MusicLeanback( 2526): Conditions not met for autocaching.
03-11 15:24:51.923 I/MusicLeanback( 2526): Stop autocaching.
03-11 15:24:51.933 D/CacheService( 2526): onDestroy
03-11 15:24:51.933 D/AlertService( 1959): Scheduling next alarm with AlarmScheduler. sEventReminderReceived: null
03-11 15:24:51.933 D/AlarmScheduler( 1959): Query result count for events starting within 1 week: 3
03-11 15:24:51.943 D/AlertService( 1959): 0 Action = android.intent.action.PROVIDER_CHANGED
03-11 15:24:52.153 D/ConnectivityService(  785): handleInetConditionHoldEnd: net=0, condition=100, published condition=100
03-11 15:24:52.543 I/Icing   ( 1209): Indexing 667B6FACEE5159635D04097E2A71E1797FB1DEAB from com.google.android.googlequicksearchbox
03-11 15:24:52.673 I/Icing   ( 1209): Indexing done 667B6FACEE5159635D04097E2A71E1797FB1DEAB
03-11 15:24:52.853 W/GAV2    ( 2652): Thread[GAThread,5,main]: Service unavailable (code=1), will retry.
03-11 15:24:52.853 W/ActivityManager(  785): Unable to start service Intent { act=com.google.android.gms.analytics.service.START cmp=com.google.android.gms/.analytics.service.AnalyticsService (has extras) } U=0: not found
03-11 15:24:52.873 I/GAV2    ( 2652): Thread[GAThread,5,main]: No campaign data found.
03-11 15:24:53.363 W/fb4a(:<default>):UserScope( 2770): Called user scoped provider with no viewer. ViewerContextManager was created with no ViewerContext. Using EmptyViewerContextManager to return fake logged in instance.
03-11 15:24:53.363 W/fb4a(:<default>):UserScope( 2770): Called user scoped provider with no viewer. ViewerContextManager was created with no ViewerContext. Using EmptyViewerContextManager to return fake logged in instance.
03-11 15:24:53.363 I/ActivityManager(  785): Waited long enough for: ServiceRecord{42ee2218 u0 com.google.android.calendar/com.android.calendar.alerts.InitAlarmsService}
03-11 15:24:53.603 E/fb4a(:<default>):LocalFbBroadcastManager( 2770): Called registerBroadcastReceiver twice.
03-11 15:24:53.613 D/dalvikvm( 2770): GC_CONCURRENT freed 987K, 5% free 21089K/22096K, paused 3ms+13ms, total 77ms
03-11 15:24:53.923 W/GAV2    ( 2192): Thread[Service Reconnect,5,main]: Service unavailable (code=1), using local store.
03-11 15:24:53.923 W/ActivityManager(  785): Unable to start service Intent { act=com.google.android.gms.analytics.service.START cmp=com.google.android.gms/.analytics.service.AnalyticsService (has extras) } U=0: not found
03-11 15:24:53.963 W/GAV2    ( 2741): Thread[GAThread,5,main]: Service unavailable (code=1), will retry.
03-11 15:24:53.963 W/ActivityManager(  785): Unable to start service Intent { act=com.google.android.gms.analytics.service.START cmp=com.google.android.gms/.analytics.service.AnalyticsService (has extras) } U=0: not found
03-11 15:24:53.973 I/GAV2    ( 2741): Thread[GAThread,5,main]: No campaign data found.
03-11 15:24:55.493 V/QcrilMsgTunnelSocket( 1721): After reading offset = 0 remaining = 4 countRead = 4
03-11 15:24:55.493 D/QcrilMsgTunnelSocket( 1721): messageLength extracted from first 4 inputStream reads = 29
03-11 15:24:55.493 V/QcrilMsgTunnelSocket( 1721): offset = 0 remaining = 29 countRead = 0
03-11 15:24:55.543 D/MobileDataStateTracker(  785): default: Broadcast received: android.intent.action.ANY_DATA_STATE apnType=default
03-11 15:24:55.543 D/MobileDataStateTracker(  785): default: Received state=CONNECTED, old=CONNECTED, reason=(unspecified)
03-11 15:24:55.553 V/QcrilMsgTunnelSocket( 1721): offset = 0 remaining = 29 countRead = 29
03-11 15:24:55.553 D/QcrilMsgTunnelSocket( 1721): readRilMessage: Buffer = [B@42980c38 HexData = [0100000004040000110000005155414c434f4d4def0308000100000002]
03-11 15:24:55.553 V/QcrilMsgTunnelSocket( 1721): Read packet: 29 bytes. Data Available = 32 Position = 0
03-11 15:24:55.553 D/QcrilMsgTunnelSocket( 1721): processResponse. message type = 1. Data Available = 28
03-11 15:24:55.553 D/QcrilMsgTunnelSocket( 1721): ByteArray from parcel = 5155414c434f4d4def0308000100000002
03-11 15:24:55.553 D/QcrilMsgTunnelSocket( 1721): Received RIL_UNSOL_OEM_HOOK_RAW message
03-11 15:24:55.553 D/QcrilMsgTunnelSocket( 1721): Oem ID in RIL_UNSOL_OEM_HOOK_RAW is QUALCOMM
03-11 15:24:55.553 D/QcrilMsgTunnelSocket( 1721): OEM ID check Passed
03-11 15:24:55.553 D/QcrilMsgTunnelSocket( 1721): Response ID in RIL_UNSOL_OEM_HOOK_RAW is 525295
03-11 15:24:55.553 D/QcrilMsgTunnelSocket( 1721): Response ID 525295is not served in this process.
03-11 15:24:55.553 D/QcrilMsgTunnelSocket( 1721): To broadcast an Intent via the notifier to external apps
03-11 15:24:55.553 V/QcrilMsgTunnelSocket( 1721): Before reading offset = 0 remaining = 4 countRead = 0
03-11 15:24:55.553 D/QcrilMsgTunnelIfaceManager( 1721): handleMessage what=0
03-11 15:24:55.553 D/QcrilMsgTunnelIfaceManager( 1721): Broadcasting intent ACTION_UNSOL_RESPONSE_OEM_HOOK_RAW
03-11 15:24:55.603 V/QcrilMsgTunnelSocket( 1721): After reading offset = 0 remaining = 4 countRead = 4
03-11 15:24:55.603 D/QcrilMsgTunnelSocket( 1721): messageLength extracted from first 4 inputStream reads = 29
03-11 15:24:55.603 V/QcrilMsgTunnelSocket( 1721): offset = 0 remaining = 29 countRead = 0
03-11 15:24:55.613 V/QcrilMsgTunnelSocket( 1721): offset = 0 remaining = 29 countRead = 29
03-11 15:24:55.623 D/QcrilMsgTunnelSocket( 1721): readRilMessage: Buffer = [B@42980c38 HexData = [0100000004040000110000005155414c434f4d4def0308000100000002]
03-11 15:24:55.623 V/QcrilMsgTunnelSocket( 1721): Read packet: 29 bytes. Data Available = 32 Position = 0
03-11 15:24:55.623 D/QcrilMsgTunnelSocket( 1721): processResponse. message type = 1. Data Available = 28
03-11 15:24:55.623 D/QcrilMsgTunnelSocket( 1721): ByteArray from parcel = 5155414c434f4d4def0308000100000002
03-11 15:24:55.623 D/QcrilMsgTunnelSocket( 1721): Received RIL_UNSOL_OEM_HOOK_RAW message
03-11 15:24:55.623 D/QcrilMsgTunnelSocket( 1721): Oem ID in RIL_UNSOL_OEM_HOOK_RAW is QUALCOMM
03-11 15:24:55.623 D/QcrilMsgTunnelSocket( 1721): OEM ID check Passed
03-11 15:24:55.623 D/QcrilMsgTunnelSocket( 1721): Response ID in RIL_UNSOL_OEM_HOOK_RAW is 525295
03-11 15:24:55.623 D/QcrilMsgTunnelSocket( 1721): Response ID 525295is not served in this process.
03-11 15:24:55.623 D/QcrilMsgTunnelSocket( 1721): To broadcast an Intent via the notifier to external apps
03-11 15:24:55.623 V/QcrilMsgTunnelSocket( 1721): Before reading offset = 0 remaining = 4 countRead = 0
03-11 15:24:55.623 D/QcrilMsgTunnelIfaceManager( 1721): handleMessage what=0
03-11 15:24:55.623 D/QcrilMsgTunnelIfaceManager( 1721): Broadcasting intent ACTION_UNSOL_RESPONSE_OEM_HOOK_RAW
03-11 15:24:56.183 D/dalvikvm( 1222): GC_CONCURRENT freed 367K, 3% free 17873K/18308K, paused 2ms+2ms, total 44ms
03-11 15:24:56.283 V/QcrilMsgTunnelSocket( 1721): After reading offset = 0 remaining = 4 countRead = 4
03-11 15:24:56.283 D/QcrilMsgTunnelSocket( 1721): messageLength extracted from first 4 inputStream reads = 29
03-11 15:24:56.283 V/QcrilMsgTunnelSocket( 1721): offset = 0 remaining = 29 countRead = 0
03-11 15:24:56.293 V/QcrilMsgTunnelSocket( 1721): offset = 0 remaining = 29 countRead = 29
03-11 15:24:56.293 D/QcrilMsgTunnelSocket( 1721): readRilMessage: Buffer = [B@42980c38 HexData = [0100000004040000110000005155414c434f4d4def0308000100000002]
03-11 15:24:56.293 V/QcrilMsgTunnelSocket( 1721): Read packet: 29 bytes. Data Available = 32 Position = 0
03-11 15:24:56.293 D/QcrilMsgTunnelSocket( 1721): processResponse. message type = 1. Data Available = 28
03-11 15:24:56.293 D/QcrilMsgTunnelSocket( 1721): ByteArray from parcel = 5155414c434f4d4def0308000100000002
03-11 15:24:56.293 D/QcrilMsgTunnelSocket( 1721): Received RIL_UNSOL_OEM_HOOK_RAW message
03-11 15:24:56.293 D/QcrilMsgTunnelSocket( 1721): Oem ID in RIL_UNSOL_OEM_HOOK_RAW is QUALCOMM
03-11 15:24:56.293 D/QcrilMsgTunnelSocket( 1721): OEM ID check Passed
