03-11 15:29:19.323 W/WindowManager(  785): 	at com.android.server.wm.WindowManagerService.handleAppTransitionReadyLocked(WindowManagerService.java:8430)
03-11 15:29:19.323 W/WindowManager(  785): 	at com.android.server.wm.WindowManagerService.performLayoutAndPlaceSurfacesLockedInner(WindowManagerService.java:9193)
03-11 15:29:19.323 W/WindowManager(  785): 	at com.android.server.wm.WindowManagerService.performLayoutAndPlaceSurfacesLockedLoop(WindowManagerService.java:8163)
03-11 15:29:19.323 W/WindowManager(  785): 	at com.android.server.wm.WindowManagerService.performLayoutAndPlaceSurfacesLocked(WindowManagerService.java:8105)
03-11 15:29:19.323 W/WindowManager(  785): 	at com.android.server.wm.WindowManagerService.executeAppTransition(WindowManagerService.java:3918)
03-11 15:29:19.323 W/WindowManager(  785): 	at com.android.server.am.ActivityStackSupervisor.reportResumedActivityLocked(ActivityStackSupervisor.java:2241)
03-11 15:29:19.323 W/WindowManager(  785): 	at com.android.server.am.ActivityStack.completeResumeLocked(ActivityStack.java:968)
03-11 15:29:19.323 W/WindowManager(  785): 	at com.android.server.am.ActivityStack.resumeTopActivityLocked(ActivityStack.java:1631)
03-11 15:29:19.323 W/WindowManager(  785): 	at com.android.server.am.ActivityStackSupervisor.resumeTopActivitiesLocked(ActivityStackSupervisor.java:2022)
03-11 15:29:19.323 W/WindowManager(  785): 	at com.android.server.am.ActivityStackSupervisor.resumeTopActivitiesLocked(ActivityStackSupervisor.java:2009)
03-11 15:29:19.323 W/WindowManager(  785): 	at com.android.server.am.ActivityManagerService.forceStopPackageLocked(ActivityManagerService.java:4750)
03-11 15:29:19.323 W/WindowManager(  785): 	at com.android.server.am.ActivityManagerService.forceStopPackageLocked(ActivityManagerService.java:4496)
03-11 15:29:19.323 W/WindowManager(  785): 	at com.android.server.am.ActivityManagerService.clearApplicationUserData(ActivityManagerService.java:4176)
03-11 15:29:19.323 W/WindowManager(  785): 	at android.app.ActivityManagerNative.onTransact(ActivityManagerNative.java:1114)
03-11 15:29:19.323 W/WindowManager(  785): 	at com.android.server.am.ActivityManagerService.onTransact(ActivityManagerService.java:2071)
03-11 15:29:19.323 W/WindowManager(  785): 	at android.os.Binder.execTransact(Binder.java:404)
03-11 15:29:19.323 W/WindowManager(  785): 	at dalvik.system.NativeStart.run(Native Method)
03-11 15:29:19.323 W/WindowManager(  785): This window was lost: Window{42f7f868 u0 com.android.helloworldminimal/com.android.helloworldminimal.HelloWorld}
03-11 15:29:19.323 W/WindowManager(  785): mDisplayId=0 mSession=Session{43157e30 4090:u0a10076} mClient=android.os.BinderProxy@4319d830
03-11 15:29:19.323 W/WindowManager(  785): mOwnerUid=10076 mShowToOwnerOnly=true package=com.android.helloworldminimal appop=NONE
03-11 15:29:19.323 W/WindowManager(  785): mAttrs=WM.LayoutParams{(0,0)(fillxfill) sim=#120 ty=1 fl=#1810100 pfl=0x8 wanim=0x10302f5}
03-11 15:29:19.323 W/WindowManager(  785): Requested w=1080 h=1776 mLayoutSeq=186
03-11 15:29:19.323 W/WindowManager(  785): mBaseLayer=21000 mSubLayer=0 mAnimLayer=21005+0=21005 mLastLayer=0
03-11 15:29:19.323 W/WindowManager(  785): mToken=AppWindowToken{42ee5ca0 token=Token{431e8f38 ActivityRecord{42eeefd8 u0 com.android.helloworldminimal/.HelloWorld t9}}}
03-11 15:29:19.323 W/WindowManager(  785): mRootToken=AppWindowToken{42ee5ca0 token=Token{431e8f38 ActivityRecord{42eeefd8 u0 com.android.helloworldminimal/.HelloWorld t9}}}
03-11 15:29:19.323 W/WindowManager(  785): mAppToken=AppWindowToken{42ee5ca0 token=Token{431e8f38 ActivityRecord{42eeefd8 u0 com.android.helloworldminimal/.HelloWorld t9}}}
03-11 15:29:19.323 W/WindowManager(  785): mViewVisibility=0x0 mHaveFrame=true mObscured=true
03-11 15:29:19.323 W/WindowManager(  785): mSeq=0 mSystemUiVisibility=0x0
03-11 15:29:19.323 W/WindowManager(  785): mPolicyVisibility=false mPolicyVisibilityAfterAnim=false mAppOpVisibility=true mAttachedHidden=false
03-11 15:29:19.323 W/WindowManager(  785): mGivenContentInsets=[0,0][0,0] mGivenVisibleInsets=[0,0][0,0]
03-11 15:29:19.323 W/WindowManager(  785): mConfiguration={1.0 244mcc21mnc en_US ldltr sw360dp w360dp h567dp 480dpi nrml port finger -keyb/v/h -nav/h s.5}
03-11 15:29:19.323 W/WindowManager(  785): mHasSurface=true mShownFrame=[0.0,0.0][1080.0,1776.0] isReadyForDisplay()=false
03-11 15:29:19.323 W/WindowManager(  785): mFrame=[0,0][1080,1776] last=[0,0][1080,1776]
03-11 15:29:19.323 W/WindowManager(  785): mSystemDecorRect=[0,0][1080,1776] last=[0,0][1080,1776]
03-11 15:29:19.323 W/WindowManager(  785): Frames: containing=[0,0][1080,1776] parent=[0,0][1080,1776]
03-11 15:29:19.323 W/WindowManager(  785):     display=[0,0][1080,1776] overscan=[0,0][1080,1920]
03-11 15:29:19.323 W/WindowManager(  785):     content=[0,75][1080,1776] visible=[0,75][1080,1776]
03-11 15:29:19.323 W/WindowManager(  785):     decor=[0,0][1080,1920]
03-11 15:29:19.323 W/WindowManager(  785): Cur insets: overscan=[0,0][0,0] content=[0,75][0,0] visible=[0,75][0,0]
03-11 15:29:19.323 W/WindowManager(  785): Lst insets: overscan=[0,0][0,0] content=[0,75][0,0] visible=[0,75][0,0]
03-11 15:29:19.323 W/WindowManager(  785): WindowStateAnimator{43207ea0 com.android.helloworldminimal/com.android.helloworldminimal.HelloWorld}:
03-11 15:29:19.323 W/WindowManager(  785):   mSurface=Surface(name=com.android.helloworldminimal/com.android.helloworldminimal.HelloWorld)
03-11 15:29:19.323 W/WindowManager(  785):   mDrawState=HAS_DRAWN mLastHidden=true
03-11 15:29:19.323 W/WindowManager(  785):   Surface: shown=false layer=21005 alpha=0.0 rect=(0.0,0.0) 1080.0 x 1776.0
03-11 15:29:19.323 W/WindowManager(  785):   mShownAlpha=1.0 mAlpha=1.0 mLastAlpha=-1.0
03-11 15:29:19.323 W/WindowManager(  785): Current app token list:
03-11 15:29:19.323 V/WindowManager(  785):   Display 0
03-11 15:29:19.323 V/WindowManager(  785):   #0: Token{42d38ac8 ActivityRecord{42e9d780 u0 com.google.android.googlequicksearchbox/com.google.android.launcher.GEL t1}}
03-11 15:29:19.323 W/WindowManager(  785): Final window list:
03-11 15:29:19.323 V/WindowManager(  785):   #0: Window{42f41020 u0 SearchPanel}
03-11 15:29:19.323 V/WindowManager(  785):   #1: Window{4318a860 u0 NavigationBar}
03-11 15:29:19.323 V/WindowManager(  785):   #2: Window{42ee65d0 u0 StatusBar}
03-11 15:29:19.323 V/WindowManager(  785):   #3: Window{42e9de98 u0 Keyguard}
03-11 15:29:19.323 V/WindowManager(  785):   #4: Window{42f47198 u0 KeyguardScrim}
03-11 15:29:19.323 V/WindowManager(  785):   #5: Window{431b0e10 u0 com.google.android.googlequicksearchbox/com.google.android.launcher.GEL}
03-11 15:29:19.323 V/WindowManager(  785):   #6: Window{42ec5c30 u0 com.android.systemui.ImageWallpaper}
03-11 15:29:19.333 D/Documents( 3292): Used cached roots for com.android.providers.downloads.documents
03-11 15:29:19.343 I/WindowState(  785): WIN DEATH: Window{42f7f868 u0 com.android.helloworldminimal/com.android.helloworldminimal.HelloWorld}
03-11 15:29:19.353 D/PackageBroadcastService( 1209): Received broadcast action=android.intent.action.PACKAGE_DATA_CLEARED and uri=com.android.helloworldminimal
03-11 15:29:19.363 D/Documents( 3292): Used cached roots for com.android.externalstorage.documents
03-11 15:29:19.363 D/Documents( 3292): Used cached roots for com.android.providers.media.documents
03-11 15:29:19.363 I/Icing   ( 1209): doRemovePackageData com.android.helloworldminimal
03-11 15:29:19.363 D/Documents( 3292): Used cached roots for com.google.android.apps.docs.storage
03-11 15:29:19.363 D/Documents( 3292): Update found 7 roots in 30ms
03-11 15:29:19.363 D/keystore(  187): calling clear_uid in state: 3
03-11 15:29:19.373 D/AndroidRuntime( 4111): Shutting down VM
03-11 15:29:19.373 D/dalvikvm( 4111): GC_CONCURRENT freed 94K, 15% free 558K/656K, paused 0ms+0ms, total 1ms
03-11 15:29:20.853 D/AndroidRuntime( 4135): 
03-11 15:29:20.853 D/AndroidRuntime( 4135): >>>>>> AndroidRuntime START com.android.internal.os.RuntimeInit <<<<<<
03-11 15:29:20.853 D/AndroidRuntime( 4135): CheckJNI is OFF
03-11 15:29:20.863 D/dalvikvm( 4135): Trying to load lib libjavacore.so 0x0
03-11 15:29:20.863 D/dalvikvm( 4135): Added shared lib libjavacore.so 0x0
03-11 15:29:20.863 D/dalvikvm( 4135): Trying to load lib libnativehelper.so 0x0
03-11 15:29:20.863 D/dalvikvm( 4135): Added shared lib libnativehelper.so 0x0
03-11 15:29:20.863 D/dalvikvm( 4135): No JNI_OnLoad found in libnativehelper.so 0x0, skipping init
03-11 15:29:20.883 D/dalvikvm( 4135): Note: class Landroid/app/ActivityManagerNative; has 179 unimplemented (abstract) methods
03-11 15:29:21.043 D/AndroidRuntime( 4135): Calling main entry com.android.commands.am.Am
03-11 15:29:21.053 I/ActivityManager(  785): START u0 {flg=0x10000000 cmp=com.android.helloworldminimal/.HelloWorld} from pid 4135
03-11 15:29:21.353 D/AndroidRuntime( 4135): Shutting down VM
03-11 15:29:21.353 I/WindowManager(  785): Screenshot max retries 4 of Token{42d38ac8 ActivityRecord{42e9d780 u0 com.google.android.googlequicksearchbox/com.google.android.launcher.GEL t1}} appWin=Window{431b0e10 u0 com.google.android.googlequicksearchbox/com.google.android.launcher.GEL} drawState=4
03-11 15:29:21.353 W/WindowManager(  785): Screenshot failure taking screenshot for (1080x1920) to layer 21000
03-11 15:29:21.363 D/dalvikvm( 4135): GC_CONCURRENT freed 95K, 15% free 586K/684K, paused 0ms+0ms, total 2ms
03-11 15:29:21.373 D/dalvikvm(  182): GC_EXPLICIT freed 40K, 1% free 16691K/16768K, paused 1ms+1ms, total 15ms
03-11 15:29:21.373 I/ActivityManager(  785): Start proc com.android.helloworldminimal for activity com.android.helloworldminimal/.HelloWorld: pid=4162 uid=10076 gids={50076}
03-11 15:29:21.383 D/dalvikvm(  182): GC_EXPLICIT freed <1K, 1% free 16691K/16768K, paused 1ms+2ms, total 11ms
03-11 15:29:21.403 D/dalvikvm(  182): GC_EXPLICIT freed <1K, 1% free 16691K/16768K, paused 1ms+1ms, total 11ms
03-11 15:29:21.433 D/dalvikvm( 4162): GC_CONCURRENT freed 191K, 2% free 16914K/17140K, paused 2ms+1ms, total 13ms
03-11 15:29:21.523 D/dalvikvm( 4162): GC_CONCURRENT freed 239K, 2% free 17135K/17408K, paused 2ms+3ms, total 20ms
03-11 15:29:21.593 D/dalvikvm( 4162): GC_CONCURRENT freed 218K, 2% free 17356K/17608K, paused 1ms+1ms, total 11ms
03-11 15:29:21.693 D/dalvikvm( 4162): GC_CONCURRENT freed 246K, 2% free 17594K/17872K, paused 2ms+4ms, total 24ms
03-11 15:29:21.803 D/dalvikvm( 4162): GC_CONCURRENT freed 343K, 3% free 17725K/18112K, paused 2ms+3ms, total 25ms
03-11 15:29:21.903 D/dalvikvm( 4162): GC_CONCURRENT freed 353K, 3% free 17849K/18248K, paused 3ms+3ms, total 26ms
03-11 15:29:21.923 I/dalvikvm( 4162): Could not find method java.beans.Introspector.getBeanInfo, referenced from method clojure.core$bean.invoke
03-11 15:29:21.923 W/dalvikvm( 4162): VFY: unable to resolve static method 13119: Ljava/beans/Introspector;.getBeanInfo (Ljava/lang/Class;)Ljava/beans/BeanInfo;
03-11 15:29:21.923 D/dalvikvm( 4162): VFY: replacing opcode 0x71 at 0x0021
03-11 15:29:21.983 D/dalvikvm( 4162): GC_CONCURRENT freed 332K, 2% free 18031K/18396K, paused 2ms+2ms, total 26ms
03-11 15:29:21.983 D/dalvikvm( 4162): WAIT_FOR_CONCURRENT_GC blocked 10ms
03-11 15:29:22.063 D/dalvikvm( 4162): GC_CONCURRENT freed 427K, 3% free 18116K/18576K, paused 2ms+1ms, total 26ms
03-11 15:29:22.063 D/dalvikvm( 4162): WAIT_FOR_CONCURRENT_GC blocked 4ms
03-11 15:29:22.123 D/dalvikvm( 4162): GC_CONCURRENT freed 412K, 3% free 18135K/18580K, paused 1ms+0ms, total 14ms
03-11 15:29:22.193 D/dalvikvm( 4162): GC_CONCURRENT freed 414K, 3% free 18216K/18664K, paused 1ms+1ms, total 14ms
03-11 15:29:22.253 D/dalvikvm( 4162): GC_CONCURRENT freed 463K, 3% free 18264K/18760K, paused 1ms+2ms, total 22ms
03-11 15:29:22.253 D/dalvikvm( 4162): WAIT_FOR_CONCURRENT_GC blocked 5ms
03-11 15:29:22.333 D/dalvikvm( 4162): GC_CONCURRENT freed 516K, 3% free 18276K/18824K, paused 1ms+2ms, total 28ms
03-11 15:29:22.333 D/dalvikvm( 4162): WAIT_FOR_CONCURRENT_GC blocked 12ms
03-11 15:29:22.413 D/dalvikvm( 4162): GC_CONCURRENT freed 471K, 3% free 18336K/18840K, paused 2ms+2ms, total 30ms
03-11 15:29:22.413 D/dalvikvm( 4162): WAIT_FOR_CONCURRENT_GC blocked 14ms
03-11 15:29:22.493 D/dalvikvm( 4162): GC_CONCURRENT freed 486K, 3% free 18402K/18920K, paused 2ms+7ms, total 31ms
03-11 15:29:22.493 D/dalvikvm( 4162): WAIT_FOR_CONCURRENT_GC blocked 2ms
03-11 15:29:22.553 D/dalvikvm( 4162): GC_CONCURRENT freed 498K, 3% free 18422K/18952K, paused 2ms+0ms, total 17ms
03-11 15:29:22.643 D/dalvikvm( 4162): GC_CONCURRENT freed 454K, 3% free 18478K/18968K, paused 1ms+2ms, total 17ms
03-11 15:29:22.723 D/dalvikvm( 4162): GC_CONCURRENT freed 361K, 3% free 18665K/19052K, paused 2ms+2ms, total 22ms
03-11 15:29:22.793 D/dalvikvm( 4162): GC_CONCURRENT freed 623K, 4% free 18674K/19328K, paused 2ms+2ms, total 21ms
03-11 15:29:22.863 D/dalvikvm( 4162): GC_CONCURRENT freed 574K, 4% free 18766K/19372K, paused 1ms+1ms, total 27ms
03-11 15:29:22.863 D/dalvikvm( 4162): WAIT_FOR_CONCURRENT_GC blocked 19ms
03-11 15:29:22.923 D/dalvikvm( 4162): GC_CONCURRENT freed 430K, 3% free 19029K/19492K, paused 1ms+1ms, total 19ms
03-11 15:29:22.923 D/dalvikvm( 4162): WAIT_FOR_CONCURRENT_GC blocked 7ms
03-11 15:29:22.953 I/Adreno-EGL( 4162): <qeglDrvAPI_eglInitialize:320>: EGL 1.4 QUALCOMM Build: I0404c4692afb8623f95c43aeb6d5e13ed4b30ddbDate: 11/06/13
03-11 15:29:22.973 D/OpenGLRenderer( 4162): Enabling debug mode 0
03-11 15:29:23.023 I/ActivityManager(  785): Displayed com.android.helloworldminimal/.HelloWorld: +1s671ms
03-11 15:29:24.353 W/ProcessCpuTracker(  785): Skipping unknown process pid 4137
03-11 15:29:24.353 W/ProcessCpuTracker(  785): Skipping unknown process pid 4140
03-11 15:29:36.633 V/BufferedAnalyticsState( 1222): Not ready for upload, 276 seconds left.
03-11 15:29:37.273 D/dalvikvm( 1222): GC_CONCURRENT freed 472K, 3% free 17892K/18404K, paused 2ms+1ms, total 13ms
03-11 15:29:37.293 V/BufferedAnalyticsState( 1222): Not ready for upload, 275 seconds left.
03-11 15:29:41.803 D/AndroidRuntime( 4182): 
03-11 15:29:41.803 D/AndroidRuntime( 4182): >>>>>> AndroidRuntime START com.android.internal.os.RuntimeInit <<<<<<
03-11 15:29:41.813 D/AndroidRuntime( 4182): CheckJNI is OFF
03-11 15:29:41.823 D/dalvikvm( 4182): Trying to load lib libjavacore.so 0x0
03-11 15:29:41.823 D/dalvikvm( 4182): Added shared lib libjavacore.so 0x0
03-11 15:29:41.823 D/dalvikvm( 4182): Trying to load lib libnativehelper.so 0x0
03-11 15:29:41.823 D/dalvikvm( 4182): Added shared lib libnativehelper.so 0x0
03-11 15:29:41.823 D/dalvikvm( 4182): No JNI_OnLoad found in libnativehelper.so 0x0, skipping init
03-11 15:29:41.843 D/dalvikvm( 4182): Note: class Landroid/app/ActivityManagerNative; has 179 unimplemented (abstract) methods
03-11 15:29:41.993 D/AndroidRuntime( 4182): Calling main entry com.android.commands.pm.Pm
03-11 15:29:41.993 I/ActivityManager(  785): Force stopping com.android.helloworldminimal appid=10076 user=0: clear data
03-11 15:29:41.993 I/ActivityManager(  785): Killing 4162:com.android.helloworldminimal/u0a76 (adj 0): stop com.android.helloworldminimal
03-11 15:29:41.993 W/ActivityManager(  785): Force removing ActivityRecord{431dfc20 u0 com.android.helloworldminimal/.HelloWorld t10}: app died, no saved state
03-11 15:29:42.003 W/InputDispatcher(  785): channel '431a2ba0 com.android.helloworldminimal/com.android.helloworldminimal.HelloWorld (server)' ~ Consumer closed input channel or an error occurred.  events=0x9
03-11 15:29:42.003 E/InputDispatcher(  785): channel '431a2ba0 com.android.helloworldminimal/com.android.helloworldminimal.HelloWorld (server)' ~ Channel is unrecoverably broken and will be disposed!
03-11 15:29:42.003 W/WindowManager(  785): Rebuild removed 2 windows but added 1
03-11 15:29:42.003 W/WindowManager(  785): java.lang.RuntimeException: here
03-11 15:29:42.003 W/WindowManager(  785): 	at com.android.server.wm.WindowManagerService.rebuildAppWindowListLocked(WindowManagerService.java:8011)
03-11 15:29:42.003 W/WindowManager(  785): 	at com.android.server.wm.WindowManagerService.rebuildAppWindowListLocked(WindowManagerService.java:7947)
03-11 15:29:42.003 W/WindowManager(  785): 	at com.android.server.wm.WindowManagerService.handleAppTransitionReadyLocked(WindowManagerService.java:8430)
03-11 15:29:42.003 W/WindowManager(  785): 	at com.android.server.wm.WindowManagerService.performLayoutAndPlaceSurfacesLockedInner(WindowManagerService.java:9193)
03-11 15:29:42.003 W/WindowManager(  785): 	at com.android.server.wm.WindowManagerService.performLayoutAndPlaceSurfacesLockedLoop(WindowManagerService.java:8163)
03-11 15:29:42.003 W/WindowManager(  785): 	at com.android.server.wm.WindowManagerService.performLayoutAndPlaceSurfacesLocked(WindowManagerService.java:8105)
03-11 15:29:42.003 W/WindowManager(  785): 	at com.android.server.wm.WindowManagerService.executeAppTransition(WindowManagerService.java:3918)
03-11 15:29:42.003 W/WindowManager(  785): 	at com.android.server.am.ActivityStackSupervisor.reportResumedActivityLocked(ActivityStackSupervisor.java:2241)
03-11 15:29:42.003 W/WindowManager(  785): 	at com.android.server.am.ActivityStack.completeResumeLocked(ActivityStack.java:968)
03-11 15:29:42.003 W/WindowManager(  785): 	at com.android.server.am.ActivityStack.resumeTopActivityLocked(ActivityStack.java:1631)
03-11 15:29:42.003 W/WindowManager(  785): 	at com.android.server.am.ActivityStackSupervisor.resumeTopActivitiesLocked(ActivityStackSupervisor.java:2022)
03-11 15:29:42.003 W/WindowManager(  785): 	at com.android.server.am.ActivityStackSupervisor.resumeTopActivitiesLocked(ActivityStackSupervisor.java:2009)
03-11 15:29:42.003 W/WindowManager(  785): 	at com.android.server.am.ActivityManagerService.forceStopPackageLocked(ActivityManagerService.java:4750)
03-11 15:29:42.003 W/WindowManager(  785): 	at com.android.server.am.ActivityManagerService.forceStopPackageLocked(ActivityManagerService.java:4496)
03-11 15:29:42.003 W/WindowManager(  785): 	at com.android.server.am.ActivityManagerService.clearApplicationUserData(ActivityManagerService.java:4176)
03-11 15:29:42.003 W/WindowManager(  785): 	at android.app.ActivityManagerNative.onTransact(ActivityManagerNative.java:1114)
03-11 15:29:42.003 W/WindowManager(  785): 	at com.android.server.am.ActivityManagerService.onTransact(ActivityManagerService.java:2071)
03-11 15:29:42.003 W/WindowManager(  785): 	at android.os.Binder.execTransact(Binder.java:404)
03-11 15:29:42.003 W/WindowManager(  785): 	at dalvik.system.NativeStart.run(Native Method)
03-11 15:29:42.003 W/WindowManager(  785): This window was lost: Window{431a2ba0 u0 com.android.helloworldminimal/com.android.helloworldminimal.HelloWorld}
03-11 15:29:42.003 W/WindowManager(  785): mDisplayId=0 mSession=Session{430ee8e8 4162:u0a10076} mClient=android.os.BinderProxy@430eeb20
03-11 15:29:42.003 W/WindowManager(  785): mOwnerUid=10076 mShowToOwnerOnly=true package=com.android.helloworldminimal appop=NONE
03-11 15:29:42.003 W/WindowManager(  785): mAttrs=WM.LayoutParams{(0,0)(fillxfill) sim=#120 ty=1 fl=#1810100 pfl=0x8 wanim=0x10302f5}
03-11 15:29:42.003 W/WindowManager(  785): Requested w=1080 h=1776 mLayoutSeq=203
03-11 15:29:42.003 W/WindowManager(  785): mBaseLayer=21000 mSubLayer=0 mAnimLayer=21005+0=21005 mLastLayer=0
03-11 15:29:42.003 W/WindowManager(  785): mToken=AppWindowToken{43178d48 token=Token{43198610 ActivityRecord{431dfc20 u0 com.android.helloworldminimal/.HelloWorld t10}}}
03-11 15:29:42.003 W/WindowManager(  785): mRootToken=AppWindowToken{43178d48 token=Token{43198610 ActivityRecord{431dfc20 u0 com.android.helloworldminimal/.HelloWorld t10}}}
03-11 15:29:42.003 W/WindowManager(  785): mAppToken=AppWindowToken{43178d48 token=Token{43198610 ActivityRecord{431dfc20 u0 com.android.helloworldminimal/.HelloWorld t10}}}
03-11 15:29:42.003 W/WindowManager(  785): mViewVisibility=0x0 mHaveFrame=true mObscured=true
03-11 15:29:42.003 W/WindowManager(  785): mSeq=0 mSystemUiVisibility=0x0
03-11 15:29:42.003 W/WindowManager(  785): mPolicyVisibility=false mPolicyVisibilityAfterAnim=false mAppOpVisibility=true mAttachedHidden=false
03-11 15:29:42.003 W/WindowManager(  785): mGivenContentInsets=[0,0][0,0] mGivenVisibleInsets=[0,0][0,0]
03-11 15:29:42.003 W/WindowManager(  785): mConfiguration={1.0 244mcc21mnc en_US ldltr sw360dp w360dp h567dp 480dpi nrml port finger -keyb/v/h -nav/h s.5}
03-11 15:29:42.003 W/WindowManager(  785): mHasSurface=true mShownFrame=[0.0,0.0][1080.0,1776.0] isReadyForDisplay()=false
03-11 15:29:42.003 W/WindowManager(  785): mFrame=[0,0][1080,1776] last=[0,0][1080,1776]
03-11 15:29:42.003 W/WindowManager(  785): mSystemDecorRect=[0,0][1080,1776] last=[0,0][1080,1776]
03-11 15:29:42.003 W/WindowManager(  785): Frames: containing=[0,0][1080,1776] parent=[0,0][1080,1776]
03-11 15:29:42.003 W/WindowManager(  785):     display=[0,0][1080,1776] overscan=[0,0][1080,1920]
03-11 15:29:42.003 W/WindowManager(  785):     content=[0,75][1080,1776] visible=[0,75][1080,1776]
03-11 15:29:42.003 W/WindowManager(  785):     decor=[0,0][1080,1920]
03-11 15:29:42.003 W/WindowManager(  785): Cur insets: overscan=[0,0][0,0] content=[0,75][0,0] visible=[0,75][0,0]
03-11 15:29:42.003 W/WindowManager(  785): Lst insets: overscan=[0,0][0,0] content=[0,75][0,0] visible=[0,75][0,0]
03-11 15:29:42.003 W/WindowManager(  785): WindowStateAnimator{4321ca70 com.android.helloworldminimal/com.android.helloworldminimal.HelloWorld}:
03-11 15:29:42.003 W/WindowManager(  785):   mSurface=Surface(name=com.android.helloworldminimal/com.android.helloworldminimal.HelloWorld)
03-11 15:29:42.003 W/WindowManager(  785):   mDrawState=HAS_DRAWN mLastHidden=true
03-11 15:29:42.003 W/WindowManager(  785):   Surface: shown=false layer=21005 alpha=0.0 rect=(0.0,0.0) 1080.0 x 1776.0
03-11 15:29:42.003 W/WindowManager(  785):   mShownAlpha=1.0 mAlpha=1.0 mLastAlpha=-1.0
03-11 15:29:42.003 W/WindowManager(  785): Current app token list:
03-11 15:29:42.003 V/WindowManager(  785):   Display 0
03-11 15:29:42.003 V/WindowManager(  785):   #0: Token{42d38ac8 ActivityRecord{42e9d780 u0 com.google.android.googlequicksearchbox/com.google.android.launcher.GEL t1}}
03-11 15:29:42.003 W/WindowManager(  785): Final window list:
03-11 15:29:42.003 V/WindowManager(  785):   #0: Window{42f41020 u0 SearchPanel}
03-11 15:29:42.003 V/WindowManager(  785):   #1: Window{4318a860 u0 NavigationBar}
03-11 15:29:42.003 V/WindowManager(  785):   #2: Window{42ee65d0 u0 StatusBar}
03-11 15:29:42.003 V/WindowManager(  785):   #3: Window{42e9de98 u0 Keyguard}
03-11 15:29:42.003 V/WindowManager(  785):   #4: Window{42f47198 u0 KeyguardScrim}
03-11 15:29:42.003 V/WindowManager(  785):   #5: Window{431b0e10 u0 com.google.android.googlequicksearchbox/com.google.android.launcher.GEL}
03-11 15:29:42.003 V/WindowManager(  785):   #6: Window{42ec5c30 u0 com.android.systemui.ImageWallpaper}
03-11 15:29:42.013 W/InputDispatcher(  785): Attempted to unregister already unregistered input channel '431a2ba0 com.android.helloworldminimal/com.android.helloworldminimal.HelloWorld (server)'
03-11 15:29:42.013 D/keystore(  187): calling clear_uid in state: 3
03-11 15:29:42.013 I/WindowState(  785): WIN DEATH: Window{431a2ba0 u0 com.android.helloworldminimal/com.android.helloworldminimal.HelloWorld}
03-11 15:29:42.033 D/Documents( 3292): Used cached roots for com.android.providers.downloads.documents
03-11 15:29:42.033 D/Documents( 3292): Used cached roots for com.android.externalstorage.documents
03-11 15:29:42.033 D/Documents( 3292): Used cached roots for com.android.providers.media.documents
03-11 15:29:42.033 D/Documents( 3292): Used cached roots for com.google.android.apps.docs.storage
03-11 15:29:42.033 D/Documents( 3292): Update found 7 roots in 4ms
03-11 15:29:42.033 D/PackageBroadcastService( 1209): Received broadcast action=android.intent.action.PACKAGE_DATA_CLEARED and uri=com.android.helloworldminimal
03-11 15:29:42.043 I/Icing   ( 1209): doRemovePackageData com.android.helloworldminimal
03-11 15:29:42.053 D/AndroidRuntime( 4182): Shutting down VM
03-11 15:29:42.063 D/dalvikvm( 4182): GC_CONCURRENT freed 94K, 15% free 558K/656K, paused 0ms+0ms, total 1ms
03-11 15:29:43.533 D/AndroidRuntime( 4206): 
03-11 15:29:43.533 D/AndroidRuntime( 4206): >>>>>> AndroidRuntime START com.android.internal.os.RuntimeInit <<<<<<
03-11 15:29:43.533 D/AndroidRuntime( 4206): CheckJNI is OFF
03-11 15:29:43.543 D/dalvikvm( 4206): Trying to load lib libjavacore.so 0x0
03-11 15:29:43.543 D/dalvikvm( 4206): Added shared lib libjavacore.so 0x0
03-11 15:29:43.543 D/dalvikvm( 4206): Trying to load lib libnativehelper.so 0x0
03-11 15:29:43.543 D/dalvikvm( 4206): Added shared lib libnativehelper.so 0x0
03-11 15:29:43.543 D/dalvikvm( 4206): No JNI_OnLoad found in libnativehelper.so 0x0, skipping init
03-11 15:29:43.563 D/dalvikvm( 4206): Note: class Landroid/app/ActivityManagerNative; has 179 unimplemented (abstract) methods
03-11 15:29:43.693 D/AndroidRuntime( 4206): Calling main entry com.android.commands.am.Am
03-11 15:29:43.703 I/ActivityManager(  785): START u0 {flg=0x10000000 cmp=com.android.helloworldminimal/.HelloWorld} from pid 4206
03-11 15:29:44.003 D/AndroidRuntime( 4206): Shutting down VM
03-11 15:29:44.003 I/WindowManager(  785): Screenshot max retries 4 of Token{42d38ac8 ActivityRecord{42e9d780 u0 com.google.android.googlequicksearchbox/com.google.android.launcher.GEL t1}} appWin=Window{431b0e10 u0 com.google.android.googlequicksearchbox/com.google.android.launcher.GEL} drawState=4
03-11 15:29:44.003 W/WindowManager(  785): Screenshot failure taking screenshot for (1080x1920) to layer 21000
03-11 15:29:44.013 D/dalvikvm( 4206): GC_CONCURRENT freed 95K, 15% free 586K/684K, paused 1ms+0ms, total 4ms
03-11 15:29:44.023 I/ActivityManager(  785): Start proc com.android.helloworldminimal for activity com.android.helloworldminimal/.HelloWorld: pid=4224 uid=10076 gids={50076}
03-11 15:29:44.113 D/dalvikvm( 4224): GC_CONCURRENT freed 177K, 2% free 16930K/17140K, paused 3ms+2ms, total 15ms
03-11 15:29:44.193 D/dalvikvm( 4224): GC_CONCURRENT freed 220K, 2% free 17141K/17396K, paused 2ms+2ms, total 12ms
03-11 15:29:44.263 D/dalvikvm( 4224): GC_CONCURRENT freed 252K, 2% free 17384K/17668K, paused 2ms+2ms, total 21ms
03-11 15:29:44.343 D/dalvikvm( 4224): GC_CONCURRENT freed 216K, 2% free 17604K/17856K, paused 1ms+1ms, total 12ms
03-11 15:29:44.453 D/dalvikvm( 4224): GC_CONCURRENT freed 323K, 3% free 17722K/18088K, paused 2ms+3ms, total 20ms
03-11 15:29:44.533 D/dalvikvm( 4224): GC_CONCURRENT freed 317K, 2% free 17833K/18196K, paused 1ms+1ms, total 13ms
03-11 15:29:44.563 I/dalvikvm( 4224): Could not find method java.beans.Introspector.getBeanInfo, referenced from method clojure.core$bean.invoke
03-11 15:29:44.563 W/dalvikvm( 4224): VFY: unable to resolve static method 13119: Ljava/beans/Introspector;.getBeanInfo (Ljava/lang/Class;)Ljava/beans/BeanInfo;
03-11 15:29:44.563 D/dalvikvm( 4224): VFY: replacing opcode 0x71 at 0x0021
03-11 15:29:44.623 D/dalvikvm( 4224): GC_CONCURRENT freed 356K, 3% free 17991K/18380K, paused 2ms+2ms, total 25ms
03-11 15:29:44.623 D/dalvikvm( 4224): WAIT_FOR_CONCURRENT_GC blocked 7ms
03-11 15:29:44.693 D/dalvikvm( 4224): GC_CONCURRENT freed 390K, 3% free 18113K/18536K, paused 2ms+1ms, total 23ms
03-11 15:29:44.693 D/dalvikvm( 4224): WAIT_FOR_CONCURRENT_GC blocked 6ms
03-11 15:29:44.753 D/dalvikvm( 4224): GC_CONCURRENT freed 441K, 3% free 18156K/18632K, paused 1ms+2ms, total 16ms
03-11 15:29:44.823 D/dalvikvm( 4224): GC_CONCURRENT freed 435K, 3% free 18215K/18684K, paused 2ms+2ms, total 17ms
03-11 15:29:44.893 D/dalvikvm( 4224): GC_CONCURRENT freed 463K, 3% free 18264K/18760K, paused 2ms+2ms, total 28ms
03-11 15:29:44.893 D/dalvikvm( 4224): WAIT_FOR_CONCURRENT_GC blocked 10ms
03-11 15:29:44.953 D/dalvikvm( 4224): GC_CONCURRENT freed 444K, 3% free 18271K/18760K, paused 2ms+2ms, total 16ms
03-11 15:29:45.043 D/dalvikvm( 4224): GC_CONCURRENT freed 468K, 3% free 18332K/18832K, paused 1ms+2ms, total 18ms
03-11 15:29:45.113 D/dalvikvm( 4224): GC_CONCURRENT freed 513K, 3% free 18370K/18916K, paused 2ms+1ms, total 27ms
03-11 15:29:45.113 D/dalvikvm( 4224): WAIT_FOR_CONCURRENT_GC blocked 11ms
03-11 15:29:45.183 D/dalvikvm( 4224): GC_CONCURRENT freed 514K, 3% free 18418K/18964K, paused 1ms+1ms, total 22ms
03-11 15:29:45.183 D/dalvikvm( 4224): WAIT_FOR_CONCURRENT_GC blocked 7ms
03-11 15:29:45.263 D/dalvikvm( 4224): GC_CONCURRENT freed 508K, 3% free 18484K/19028K, paused 2ms+1ms, total 23ms
03-11 15:29:45.263 D/dalvikvm( 4224): WAIT_FOR_CONCURRENT_GC blocked 4ms
03-11 15:29:45.333 D/dalvikvm( 4224): GC_CONCURRENT freed 393K, 3% free 18636K/19096K, paused 2ms+1ms, total 17ms
03-11 15:29:45.403 D/dalvikvm( 4224): GC_CONCURRENT freed 611K, 4% free 18676K/19320K, paused 2ms+2ms, total 20ms
03-11 15:29:45.473 D/dalvikvm( 4224): GC_CONCURRENT freed 571K, 4% free 18768K/19372K, paused 2ms+2ms, total 34ms
03-11 15:29:45.473 D/dalvikvm( 4224): WAIT_FOR_CONCURRENT_GC blocked 24ms
03-11 15:29:45.553 D/dalvikvm( 4224): GC_CONCURRENT freed 606K, 4% free 18856K/19496K, paused 1ms+3ms, total 35ms
03-11 15:29:45.553 D/dalvikvm( 4224): WAIT_FOR_CONCURRENT_GC blocked 22ms
03-11 15:29:45.583 D/dalvikvm( 4224): GC_FOR_ALLOC freed 66K, 4% free 18915K/19580K, paused 16ms, total 16ms
03-11 15:29:45.613 I/Adreno-EGL( 4224): <qeglDrvAPI_eglInitialize:320>: EGL 1.4 QUALCOMM Build: I0404c4692afb8623f95c43aeb6d5e13ed4b30ddbDate: 11/06/13
03-11 15:29:45.633 D/OpenGLRenderer( 4224): Enabling debug mode 0
03-11 15:29:45.703 I/ActivityManager(  785): Displayed com.android.helloworldminimal/.HelloWorld: +1s690ms
03-11 15:29:52.263 V/QcrilMsgTunnelSocket( 1721): After reading offset = 0 remaining = 4 countRead = 4
03-11 15:29:52.263 D/QcrilMsgTunnelSocket( 1721): messageLength extracted from first 4 inputStream reads = 29
03-11 15:29:52.263 V/QcrilMsgTunnelSocket( 1721): offset = 0 remaining = 29 countRead = 0
03-11 15:29:52.273 V/QcrilMsgTunnelSocket( 1721): offset = 0 remaining = 29 countRead = 29
03-11 15:29:52.323 D/MobileDataStateTracker(  785): default: Broadcast received: android.intent.action.ANY_DATA_STATE apnType=default
03-11 15:29:52.323 D/MobileDataStateTracker(  785): default: Received state=CONNECTED, old=CONNECTED, reason=(unspecified)
03-11 15:29:52.333 D/QcrilMsgTunnelSocket( 1721): readRilMessage: Buffer = [B@42980c38 HexData = [0100000004040000110000005155414c434f4d4def0308000100000001]
03-11 15:29:52.333 V/QcrilMsgTunnelSocket( 1721): Read packet: 29 bytes. Data Available = 32 Position = 0
03-11 15:29:52.333 D/QcrilMsgTunnelSocket( 1721): processResponse. message type = 1. Data Available = 28
03-11 15:29:52.333 D/QcrilMsgTunnelSocket( 1721): ByteArray from parcel = 5155414c434f4d4def0308000100000001
03-11 15:29:52.333 D/QcrilMsgTunnelSocket( 1721): Received RIL_UNSOL_OEM_HOOK_RAW message
03-11 15:29:52.333 D/QcrilMsgTunnelSocket( 1721): Oem ID in RIL_UNSOL_OEM_HOOK_RAW is QUALCOMM
03-11 15:29:52.333 D/QcrilMsgTunnelSocket( 1721): OEM ID check Passed
03-11 15:29:52.333 D/QcrilMsgTunnelSocket( 1721): Response ID in RIL_UNSOL_OEM_HOOK_RAW is 525295
03-11 15:29:52.333 D/QcrilMsgTunnelSocket( 1721): Response ID 525295is not served in this process.
03-11 15:29:52.333 D/QcrilMsgTunnelSocket( 1721): To broadcast an Intent via the notifier to external apps
03-11 15:29:52.333 V/QcrilMsgTunnelSocket( 1721): Before reading offset = 0 remaining = 4 countRead = 0
03-11 15:29:52.333 D/QcrilMsgTunnelIfaceManager( 1721): handleMessage what=0
03-11 15:29:52.333 D/QcrilMsgTunnelIfaceManager( 1721): Broadcasting intent ACTION_UNSOL_RESPONSE_OEM_HOOK_RAW
03-11 15:29:52.333 D/dalvikvm(  998): GC_CONCURRENT freed 423K, 3% free 17394K/17852K, paused 4ms+1ms, total 65ms
03-11 15:29:52.383 I/GCM     ( 1088): GCM message com.google.android.talk 0:1394544591091470%5a539273f9fd7ecd
03-11 15:29:52.403 I/ActivityManager(  785): Start proc com.google.android.talk for broadcast com.google.android.talk/com.google.android.apps.babel.realtimechat.MessagesAvailableReceiver: pid=4261 uid=10051 gids={50051, 3003, 1028, 1015, 3002}
03-11 15:29:52.453 D/dalvikvm( 4261): GC_CONCURRENT freed 279K, 2% free 16849K/17164K, paused 3ms+0ms, total 22ms
03-11 15:29:52.463 I/MmsConfig( 4261): MmsConfig.init: mnc/mcc: 244/21
03-11 15:29:52.463 W/Settings( 4261): Setting airplane_mode_on has moved from android.provider.Settings.System to android.provider.Settings.Global, returning read-only value.
03-11 15:29:52.463 I/Babel   ( 4261): ### loadDeviceMmsSettings from API: mUserAgent=Nexus5, mUaProfUrl=http://gsm.lge.com/html/gsm/Nexus5-M3.xml
03-11 15:29:52.463 V/MmsConfig( 4261): tag: bool value: enabledMMS - true
03-11 15:29:52.463 V/MmsConfig( 4261): tag: int value: maxMessageSize - 307200
03-11 15:29:52.463 V/MmsConfig( 4261): tag: int value: maxImageHeight - 480
03-11 15:29:52.463 V/MmsConfig( 4261): tag: int value: maxImageWidth - 640
03-11 15:29:52.463 V/MmsConfig( 4261): tag: int value: recipientLimit - -1
03-11 15:29:52.463 V/MmsConfig( 4261): tag: bool value: enableMultipartSMS - true
03-11 15:29:52.463 V/MmsConfig( 4261): tag: int value: smsToMmsTextThreshold - -1
03-11 15:29:52.463 V/MmsConfig( 4261): tag: int value: maxMessageTextSize - -1
03-11 15:29:52.463 I/Babel   ( 4261): ### loadMmsSettings: mUserAgent=Nexus5, mUaProfUrl=http://gsm.lge.com/html/gsm/Nexus5-M3.xml
03-11 15:29:52.493 D/dalvikvm( 4261): GC_CONCURRENT freed 400K, 3% free 16892K/17324K, paused 1ms+1ms, total 9ms
03-11 15:29:52.593 D/dalvikvm( 1088): null clazz in OP_INSTANCE_OF, single-stepping
03-11 15:29:52.653 D/dalvikvm(  785): GC_CONCURRENT freed 1808K, 8% free 24558K/26408K, paused 1ms+4ms, total 46ms
03-11 15:29:52.653 D/dalvikvm( 4261): GC_CONCURRENT freed 279K, 2% free 17010K/17324K, paused 2ms+1ms, total 12ms
03-11 15:29:52.713 D/dalvikvm( 1088): GC_EXPLICIT freed 279K, 3% free 17345K/17836K, paused 1ms+2ms, total 15ms
03-11 15:29:52.723 I/ActivityManager(  785): Killing 2801:com.devhd.feedly/u0a88 (adj 15): empty #17
03-11 15:29:52.763 D/dalvikvm( 4261): GC_CONCURRENT freed 340K, 3% free 17076K/17448K, paused 2ms+1ms, total 13ms
03-11 15:29:52.833 D/dalvikvm( 4261): GC_FOR_ALLOC freed 177K, 2% free 17262K/17608K, paused 15ms, total 15ms
03-11 15:29:52.843 D/dalvikvm( 4261): GC_FOR_ALLOC freed 1K, 2% free 17405K/17756K, paused 14ms, total 14ms
03-11 15:29:52.863 D/dalvikvm( 4261): GC_FOR_ALLOC freed 1K, 2% free 17548K/17904K, paused 13ms, total 13ms
03-11 15:29:52.873 D/dalvikvm( 4261): GC_FOR_ALLOC freed 1K, 3% free 17690K/18052K, paused 8ms, total 8ms
03-11 15:29:52.873 D/dalvikvm( 4261): GC_FOR_ALLOC freed 1K, 3% free 17833K/18200K, paused 8ms, total 8ms
03-11 15:29:52.883 D/dalvikvm( 4261): GC_FOR_ALLOC freed <1K, 3% free 17976K/18348K, paused 8ms, total 8ms
03-11 15:29:52.893 D/dalvikvm( 4261): GC_FOR_ALLOC freed <1K, 3% free 18120K/18496K, paused 9ms, total 9ms
03-11 15:29:52.893 D/ConnectivityService(  785): handleInetConditionHoldEnd: net=0, condition=100, published condition=100
03-11 15:29:52.903 D/dalvikvm( 4261): GC_FOR_ALLOC freed <1K, 3% free 18264K/18644K, paused 8ms, total 8ms
03-11 15:29:52.913 D/dalvikvm( 4261): GC_FOR_ALLOC freed <1K, 3% free 18408K/18792K, paused 8ms, total 8ms
03-11 15:29:52.923 D/dalvikvm( 4261): GC_FOR_ALLOC freed 1K, 3% free 18551K/18940K, paused 9ms, total 9ms
03-11 15:29:52.933 D/dalvikvm( 4261): GC_FOR_ALLOC freed <1K, 3% free 18695K/19088K, paused 8ms, total 8ms
03-11 15:29:52.943 D/dalvikvm( 4261): GC_FOR_ALLOC freed 1K, 3% free 18982K/19384K, paused 8ms, total 8ms
03-11 15:29:52.953 D/dalvikvm( 4261): GC_FOR_ALLOC freed 8K, 3% free 19262K/19680K, paused 8ms, total 8ms
03-11 15:29:52.953 D/dalvikvm( 4261): GC_FOR_ALLOC freed 4K, 3% free 19689K/20124K, paused 8ms, total 8ms
03-11 15:29:52.963 D/dalvikvm( 4261): GC_FOR_ALLOC freed <1K, 3% free 20266K/20716K, paused 8ms, total 8ms
03-11 15:29:52.973 D/dalvikvm( 4261): GC_FOR_ALLOC freed <1K, 3% free 20988K/21456K, paused 8ms, total 8ms
03-11 15:29:53.033 D/dalvikvm(  785): GC_FOR_ALLOC freed 372K, 9% free 24363K/26556K, paused 43ms, total 43ms
03-11 15:29:53.073 D/dalvikvm(  785): GC_FOR_ALLOC freed 14K, 8% free 24494K/26556K, paused 35ms, total 35ms
03-11 15:29:53.073 I/dalvikvm-heap(  785): Grow heap (frag case) to 24.096MB for 147472-byte allocation
03-11 15:29:53.103 D/dalvikvm(  785): GC_FOR_ALLOC freed 0K, 8% free 24638K/26704K, paused 35ms, total 35ms
03-11 15:29:53.143 D/dalvikvm(  785): GC_FOR_ALLOC freed <1K, 8% free 24639K/26704K, paused 35ms, total 35ms
03-11 15:29:53.143 I/dalvikvm-heap(  785): Grow heap (frag case) to 24.238MB for 147472-byte allocation
03-11 15:29:53.173 D/dalvikvm(  785): GC_FOR_ALLOC freed 0K, 8% free 24783K/26852K, paused 35ms, total 35ms
03-11 15:29:53.243 D/dalvikvm(  785): GC_FOR_ALLOC freed 2K, 8% free 24787K/26852K, paused 63ms, total 64ms
03-11 15:29:53.243 I/dalvikvm-heap(  785): Grow heap (frag case) to 24.382MB for 147472-byte allocation
03-11 15:29:53.273 D/dalvikvm(  785): GC_FOR_ALLOC freed 0K, 8% free 24931K/27000K, paused 36ms, total 36ms
03-11 15:29:53.353 D/dalvikvm(  785): GC_FOR_ALLOC freed 1K, 8% free 24932K/27000K, paused 34ms, total 34ms
03-11 15:29:53.353 I/dalvikvm-heap(  785): Grow heap (frag case) to 24.524MB for 147472-byte allocation
03-11 15:29:53.383 D/dalvikvm(  785): GC_FOR_ALLOC freed 0K, 8% free 25076K/27148K, paused 35ms, total 35ms
03-11 15:29:53.423 D/dalvikvm(  785): GC_FOR_ALLOC freed <1K, 8% free 25078K/27148K, paused 35ms, total 36ms
03-11 15:29:53.423 I/dalvikvm-heap(  785): Grow heap (frag case) to 24.666MB for 147472-byte allocation
03-11 15:29:53.463 D/dalvikvm(  785): GC_FOR_ALLOC freed <1K, 8% free 25222K/27296K, paused 35ms, total 35ms
03-11 15:29:53.493 D/dalvikvm(  785): GC_FOR_ALLOC freed <1K, 8% free 25227K/27296K, paused 35ms, total 35ms
03-11 15:29:53.493 I/dalvikvm-heap(  785): Grow heap (frag case) to 24.812MB for 147472-byte allocation
03-11 15:29:53.533 D/dalvikvm(  785): GC_FOR_ALLOC freed <1K, 8% free 25371K/27444K, paused 41ms, total 41ms
03-11 15:29:53.573 D/dalvikvm(  785): GC_FOR_ALLOC freed 2K, 8% free 25371K/27444K, paused 36ms, total 36ms
03-11 15:29:53.573 I/dalvikvm-heap(  785): Grow heap (frag case) to 24.953MB for 147472-byte allocation
03-11 15:29:53.603 D/dalvikvm(  785): GC_FOR_ALLOC freed <1K, 8% free 25515K/27592K, paused 34ms, total 34ms
03-11 15:29:59.203 V/QcrilMsgTunnelSocket( 1721): After reading offset = 0 remaining = 4 countRead = 4
03-11 15:29:59.203 D/QcrilMsgTunnelSocket( 1721): messageLength extracted from first 4 inputStream reads = 29
03-11 15:29:59.203 V/QcrilMsgTunnelSocket( 1721): offset = 0 remaining = 29 countRead = 0
03-11 15:29:59.203 V/QcrilMsgTunnelSocket( 1721): offset = 0 remaining = 29 countRead = 29
03-11 15:29:59.203 D/QcrilMsgTunnelSocket( 1721): readRilMessage: Buffer = [B@42980c38 HexData = [0100000004040000110000005155414c434f4d4def0308000100000002]
03-11 15:29:59.203 V/QcrilMsgTunnelSocket( 1721): Read packet: 29 bytes. Data Available = 32 Position = 0
03-11 15:29:59.203 D/QcrilMsgTunnelSocket( 1721): processResponse. message type = 1. Data Available = 28
03-11 15:29:59.203 D/QcrilMsgTunnelSocket( 1721): ByteArray from parcel = 5155414c434f4d4def0308000100000002
03-11 15:29:59.203 D/QcrilMsgTunnelSocket( 1721): Received RIL_UNSOL_OEM_HOOK_RAW message
03-11 15:29:59.203 D/QcrilMsgTunnelSocket( 1721): Oem ID in RIL_UNSOL_OEM_HOOK_RAW is QUALCOMM
03-11 15:29:59.203 D/QcrilMsgTunnelSocket( 1721): OEM ID check Passed
03-11 15:29:59.203 D/QcrilMsgTunnelSocket( 1721): Response ID in RIL_UNSOL_OEM_HOOK_RAW is 525295
03-11 15:29:59.203 D/QcrilMsgTunnelSocket( 1721): Response ID 525295is not served in this process.
03-11 15:29:59.203 D/QcrilMsgTunnelSocket( 1721): To broadcast an Intent via the notifier to external apps
03-11 15:29:59.203 V/QcrilMsgTunnelSocket( 1721): Before reading offset = 0 remaining = 4 countRead = 0
03-11 15:29:59.223 D/MobileDataStateTracker(  785): default: Broadcast received: android.intent.action.ANY_DATA_STATE apnType=default
03-11 15:29:59.223 D/MobileDataStateTracker(  785): default: Received state=CONNECTED, old=CONNECTED, reason=(unspecified)
03-11 15:29:59.233 D/QcrilMsgTunnelIfaceManager( 1721): handleMessage what=0
03-11 15:29:59.243 D/QcrilMsgTunnelIfaceManager( 1721): Broadcasting intent ACTION_UNSOL_RESPONSE_OEM_HOOK_RAW
03-11 15:29:59.263 V/QcrilMsgTunnelSocket( 1721): After reading offset = 0 remaining = 4 countRead = 4
03-11 15:29:59.263 D/QcrilMsgTunnelSocket( 1721): messageLength extracted from first 4 inputStream reads = 29
03-11 15:29:59.263 V/QcrilMsgTunnelSocket( 1721): offset = 0 remaining = 29 countRead = 0
03-11 15:29:59.263 V/QcrilMsgTunnelSocket( 1721): offset = 0 remaining = 29 countRead = 29
03-11 15:29:59.263 D/QcrilMsgTunnelSocket( 1721): readRilMessage: Buffer = [B@42980c38 HexData = [0100000004040000110000005155414c434f4d4def0308000100000002]
03-11 15:29:59.263 V/QcrilMsgTunnelSocket( 1721): Read packet: 29 bytes. Data Available = 32 Position = 0
03-11 15:29:59.263 D/QcrilMsgTunnelSocket( 1721): processResponse. message type = 1. Data Available = 28
03-11 15:29:59.263 D/QcrilMsgTunnelSocket( 1721): ByteArray from parcel = 5155414c434f4d4def0308000100000002
03-11 15:29:59.263 D/QcrilMsgTunnelSocket( 1721): Received RIL_UNSOL_OEM_HOOK_RAW message
03-11 15:29:59.263 D/QcrilMsgTunnelSocket( 1721): Oem ID in RIL_UNSOL_OEM_HOOK_RAW is QUALCOMM
03-11 15:29:59.263 D/QcrilMsgTunnelSocket( 1721): OEM ID check Passed
03-11 15:29:59.263 D/QcrilMsgTunnelSocket( 1721): Response ID in RIL_UNSOL_OEM_HOOK_RAW is 525295
03-11 15:29:59.263 D/QcrilMsgTunnelSocket( 1721): Response ID 525295is not served in this process.
03-11 15:29:59.263 D/QcrilMsgTunnelSocket( 1721): To broadcast an Intent via the notifier to external apps
03-11 15:29:59.263 V/QcrilMsgTunnelSocket( 1721): Before reading offset = 0 remaining = 4 countRead = 0
03-11 15:29:59.273 D/QcrilMsgTunnelIfaceManager( 1721): handleMessage what=0
03-11 15:29:59.273 D/QcrilMsgTunnelIfaceManager( 1721): Broadcasting intent ACTION_UNSOL_RESPONSE_OEM_HOOK_RAW
03-11 15:29:59.843 V/QcrilMsgTunnelSocket( 1721): After reading offset = 0 remaining = 4 countRead = 4
03-11 15:29:59.843 D/QcrilMsgTunnelSocket( 1721): messageLength extracted from first 4 inputStream reads = 29
03-11 15:29:59.843 V/QcrilMsgTunnelSocket( 1721): offset = 0 remaining = 29 countRead = 0
03-11 15:29:59.863 V/QcrilMsgTunnelSocket( 1721): offset = 0 remaining = 29 countRead = 29
03-11 15:29:59.863 D/QcrilMsgTunnelSocket( 1721): readRilMessage: Buffer = [B@42980c38 HexData = [0100000004040000110000005155414c434f4d4def0308000100000002]
03-11 15:29:59.863 V/QcrilMsgTunnelSocket( 1721): Read packet: 29 bytes. Data Available = 32 Position = 0
03-11 15:29:59.863 D/QcrilMsgTunnelSocket( 1721): processResponse. message type = 1. Data Available = 28
03-11 15:29:59.863 D/QcrilMsgTunnelSocket( 1721): ByteArray from parcel = 5155414c434f4d4def0308000100000002
03-11 15:29:59.863 D/QcrilMsgTunnelSocket( 1721): Received RIL_UNSOL_OEM_HOOK_RAW message
03-11 15:29:59.863 D/QcrilMsgTunnelSocket( 1721): Oem ID in RIL_UNSOL_OEM_HOOK_RAW is QUALCOMM
03-11 15:29:59.863 D/QcrilMsgTunnelSocket( 1721): OEM ID check Passed
03-11 15:29:59.863 D/QcrilMsgTunnelSocket( 1721): Response ID in RIL_UNSOL_OEM_HOOK_RAW is 525295
03-11 15:29:59.863 D/QcrilMsgTunnelSocket( 1721): Response ID 525295is not served in this process.
03-11 15:29:59.863 D/QcrilMsgTunnelSocket( 1721): To broadcast an Intent via the notifier to external apps
03-11 15:29:59.863 V/QcrilMsgTunnelSocket( 1721): Before reading offset = 0 remaining = 4 countRead = 0
03-11 15:29:59.863 D/QcrilMsgTunnelIfaceManager( 1721): handleMessage what=0
03-11 15:29:59.863 D/QcrilMsgTunnelIfaceManager( 1721): Broadcasting intent ACTION_UNSOL_RESPONSE_OEM_HOOK_RAW
03-11 15:30:01.063 I/ActivityManager(  785): Start proc com.google.android.deskclock for broadcast com.google.android.deskclock/com.android.alarmclock.DigitalAppWidgetProvider: pid=4350 uid=10033 gids={50033, 1028}
03-11 15:30:01.083 I/ActivityManager(  785): Killing 1959:com.google.android.calendar/u0a28 (adj 15): empty #17
03-11 15:30:04.463 D/AndroidRuntime( 4371): 
03-11 15:30:04.463 D/AndroidRuntime( 4371): >>>>>> AndroidRuntime START com.android.internal.os.RuntimeInit <<<<<<
03-11 15:30:04.463 D/AndroidRuntime( 4371): CheckJNI is OFF
03-11 15:30:04.473 D/dalvikvm( 4371): Trying to load lib libjavacore.so 0x0
03-11 15:30:04.473 D/dalvikvm( 4371): Added shared lib libjavacore.so 0x0
03-11 15:30:04.483 D/dalvikvm( 4371): Trying to load lib libnativehelper.so 0x0
03-11 15:30:04.483 D/dalvikvm( 4371): Added shared lib libnativehelper.so 0x0
03-11 15:30:04.483 D/dalvikvm( 4371): No JNI_OnLoad found in libnativehelper.so 0x0, skipping init
03-11 15:30:04.503 D/dalvikvm( 4371): Note: class Landroid/app/ActivityManagerNative; has 179 unimplemented (abstract) methods
03-11 15:30:04.623 D/AndroidRuntime( 4371): Calling main entry com.android.commands.pm.Pm
03-11 15:30:04.623 I/ActivityManager(  785): Force stopping com.android.helloworldminimal appid=10076 user=0: clear data
03-11 15:30:04.623 I/ActivityManager(  785): Killing 4224:com.android.helloworldminimal/u0a76 (adj 0): stop com.android.helloworldminimal
03-11 15:30:04.623 W/ActivityManager(  785): Force removing ActivityRecord{4324f658 u0 com.android.helloworldminimal/.HelloWorld t11}: app died, no saved state
03-11 15:30:04.633 W/InputDispatcher(  785): channel '42fd6738 com.android.helloworldminimal/com.android.helloworldminimal.HelloWorld (server)' ~ Consumer closed input channel or an error occurred.  events=0x9
03-11 15:30:04.633 E/InputDispatcher(  785): channel '42fd6738 com.android.helloworldminimal/com.android.helloworldminimal.HelloWorld (server)' ~ Channel is unrecoverably broken and will be disposed!
03-11 15:30:04.633 W/WindowManager(  785): Rebuild removed 2 windows but added 1
03-11 15:30:04.633 W/WindowManager(  785): java.lang.RuntimeException: here
03-11 15:30:04.633 W/WindowManager(  785): 	at com.android.server.wm.WindowManagerService.rebuildAppWindowListLocked(WindowManagerService.java:8011)
03-11 15:30:04.633 W/WindowManager(  785): 	at com.android.server.wm.WindowManagerService.rebuildAppWindowListLocked(WindowManagerService.java:7947)
03-11 15:30:04.633 W/WindowManager(  785): 	at com.android.server.wm.WindowManagerService.handleAppTransitionReadyLocked(WindowManagerService.java:8430)
03-11 15:30:04.633 W/WindowManager(  785): 	at com.android.server.wm.WindowManagerService.performLayoutAndPlaceSurfacesLockedInner(WindowManagerService.java:9193)
03-11 15:30:04.633 W/WindowManager(  785): 	at com.android.server.wm.WindowManagerService.performLayoutAndPlaceSurfacesLockedLoop(WindowManagerService.java:8163)
03-11 15:30:04.633 W/WindowManager(  785): 	at com.android.server.wm.WindowManagerService.performLayoutAndPlaceSurfacesLocked(WindowManagerService.java:8105)
03-11 15:30:04.633 W/WindowManager(  785): 	at com.android.server.wm.WindowManagerService.executeAppTransition(WindowManagerService.java:3918)
03-11 15:30:04.633 W/WindowManager(  785): 	at com.android.server.am.ActivityStackSupervisor.reportResumedActivityLocked(ActivityStackSupervisor.java:2241)
03-11 15:30:04.633 W/WindowManager(  785): 	at com.android.server.am.ActivityStack.completeResumeLocked(ActivityStack.java:968)
03-11 15:30:04.633 W/WindowManager(  785): 	at com.android.server.am.ActivityStack.resumeTopActivityLocked(ActivityStack.java:1631)
03-11 15:30:04.633 W/WindowManager(  785): 	at com.android.server.am.ActivityStackSupervisor.resumeTopActivitiesLocked(ActivityStackSupervisor.java:2022)
03-11 15:30:04.633 W/WindowManager(  785): 	at com.android.server.am.ActivityStackSupervisor.resumeTopActivitiesLocked(ActivityStackSupervisor.java:2009)
03-11 15:30:04.633 W/WindowManager(  785): 	at com.android.server.am.ActivityManagerService.forceStopPackageLocked(ActivityManagerService.java:4750)
03-11 15:30:04.633 W/WindowManager(  785): 	at com.android.server.am.ActivityManagerService.forceStopPackageLocked(ActivityManagerService.java:4496)
03-11 15:30:04.633 W/WindowManager(  785): 	at com.android.server.am.ActivityManagerService.clearApplicationUserData(ActivityManagerService.java:4176)
03-11 15:30:04.633 W/WindowManager(  785): 	at android.app.ActivityManagerNative.onTransact(ActivityManagerNative.java:1114)
03-11 15:30:04.633 W/WindowManager(  785): 	at com.android.server.am.ActivityManagerService.onTransact(ActivityManagerService.java:2071)
03-11 15:30:04.633 W/WindowManager(  785): 	at android.os.Binder.execTransact(Binder.java:404)
03-11 15:30:04.633 W/WindowManager(  785): 	at dalvik.system.NativeStart.run(Native Method)
03-11 15:30:04.633 W/WindowManager(  785): This window was lost: Window{42fd6738 u0 com.android.helloworldminimal/com.android.helloworldminimal.HelloWorld}
03-11 15:30:04.633 W/WindowManager(  785): mDisplayId=0 mSession=Session{42fd6280 4224:u0a10076} mClient=android.os.BinderProxy@42fd64b8
03-11 15:30:04.633 W/WindowManager(  785): mOwnerUid=10076 mShowToOwnerOnly=true package=com.android.helloworldminimal appop=NONE
03-11 15:30:04.633 W/WindowManager(  785): mAttrs=WM.LayoutParams{(0,0)(fillxfill) sim=#120 ty=1 fl=#1810100 pfl=0x8 wanim=0x10302f5}
03-11 15:30:04.633 W/WindowManager(  785): Requested w=1080 h=1776 mLayoutSeq=222
03-11 15:30:04.633 W/WindowManager(  785): mBaseLayer=21000 mSubLayer=0 mAnimLayer=21005+0=21005 mLastLayer=0
03-11 15:30:04.633 W/WindowManager(  785): mToken=AppWindowToken{430f0ee8 token=Token{4324f7b8 ActivityRecord{4324f658 u0 com.android.helloworldminimal/.HelloWorld t11}}}
03-11 15:30:04.633 W/WindowManager(  785): mRootToken=AppWindowToken{430f0ee8 token=Token{4324f7b8 ActivityRecord{4324f658 u0 com.android.helloworldminimal/.HelloWorld t11}}}
03-11 15:30:04.633 W/WindowManager(  785): mAppToken=AppWindowToken{430f0ee8 token=Token{4324f7b8 ActivityRecord{4324f658 u0 com.android.helloworldminimal/.HelloWorld t11}}}
03-11 15:30:04.633 W/WindowManager(  785): mViewVisibility=0x0 mHaveFrame=true mObscured=true
03-11 15:30:04.633 W/WindowManager(  785): mSeq=0 mSystemUiVisibility=0x0
03-11 15:30:04.633 W/WindowManager(  785): mPolicyVisibility=false mPolicyVisibilityAfterAnim=false mAppOpVisibility=true mAttachedHidden=false
