03-11 15:27:10.403 I/FxAccounts( 2828): fennec :: ServerSyncStage :: Advancing session.
03-11 15:27:10.403 I/FxAccounts( 2828): fennec :: GlobalSession :: Running next stage syncFormHistory (org.mozilla.gecko.sync.stage.FormHistoryServerSyncStage@42981488)...
03-11 15:27:10.413 D/dalvikvm( 2828): GC_CONCURRENT freed 571K, 4% free 17661K/18268K, paused 1ms+1ms, total 10ms
03-11 15:27:10.653 E/GeckoLibLoad( 2828): Load sqlite start
03-11 15:27:10.653 E/GeckoLinker( 2828): /data/app/org.mozilla.fennec-1.apk!/assets/libnss3.so: Warning: unhandled flags #8 not handled
03-11 15:27:10.653 E/GeckoLinker( 2828): /data/app/org.mozilla.fennec-1.apk!/assets/libnss3.so: Warning: relocation to NULL @0x0018fc24
03-11 15:27:10.653 E/GeckoLinker( 2828): /data/app/org.mozilla.fennec-1.apk!/assets/libnss3.so: Warning: relocation to NULL @0x0018ffdc for symbol "__cxa_begin_cleanup"
03-11 15:27:10.653 E/GeckoLinker( 2828): /data/app/org.mozilla.fennec-1.apk!/assets/libnss3.so: Warning: relocation to NULL @0x0018ffe0 for symbol "__cxa_type_match"
03-11 15:27:10.673 E/GeckoLibLoad( 2828): Load sqlite done
03-11 15:27:10.673 E/GeckoLibLoad( 2828): Load nss start
03-11 15:27:10.673 E/GeckoLibLoad( 2828): Load nss done
03-11 15:27:10.703 I/FxAccounts( 2828): fennec :: ServerSyncStage :: Stage forms received 0 and sent 0 records in 0.30 seconds.
03-11 15:27:10.703 I/FxAccounts( 2828): fennec :: ServerSyncStage :: Advancing session.
03-11 15:27:10.703 I/FxAccounts( 2828): fennec :: GlobalSession :: Running next stage uploadMetaGlobal (org.mozilla.gecko.sync.stage.UploadMetaGlobalStage@42a1ab90)...
03-11 15:27:10.703 I/FxAccounts( 2828): fennec :: GlobalSession :: Not uploading updated meta/global record since there are no engines requesting upload.
03-11 15:27:10.703 I/FxAccounts( 2828): fennec :: GlobalSession :: Running next stage completed (org.mozilla.gecko.sync.stage.CompletedStage@42a47750)...
03-11 15:27:10.703 I/FxAccounts( 2828): fennec :: FxAccountSyncAdapter :: Global session succeeded.
03-11 15:27:10.703 I/FxAccounts( 2828): fennec :: FxAccountSchedulePolicy :: Scheduling periodic sync for 1800.
03-11 15:27:10.723 I/FxAccounts( 2828): fennec :: FxAccountSyncAdapter :: Sync succeeded.
03-11 15:27:10.723 I/FxAccounts( 2828): fennec :: FxAccountSyncAdapter :: Syncing done.
03-11 15:27:10.723 I/ActivityManager(  785): Killing 2652:com.google.android.apps.magazines/u0a56 (adj 15): empty #17
03-11 15:27:15.093 V/QcrilMsgTunnelSocket( 1721): After reading offset = 0 remaining = 4 countRead = 4
03-11 15:27:15.093 D/QcrilMsgTunnelSocket( 1721): messageLength extracted from first 4 inputStream reads = 29
03-11 15:27:15.093 V/QcrilMsgTunnelSocket( 1721): offset = 0 remaining = 29 countRead = 0
03-11 15:27:15.113 D/MobileDataStateTracker(  785): default: Broadcast received: android.intent.action.ANY_DATA_STATE apnType=default
03-11 15:27:15.113 D/MobileDataStateTracker(  785): default: Received state=CONNECTED, old=CONNECTED, reason=(unspecified)
03-11 15:27:15.123 V/QcrilMsgTunnelSocket( 1721): offset = 0 remaining = 29 countRead = 29
03-11 15:27:15.123 D/QcrilMsgTunnelSocket( 1721): readRilMessage: Buffer = [B@42980c38 HexData = [0100000004040000110000005155414c434f4d4def0308000100000002]
03-11 15:27:15.123 V/QcrilMsgTunnelSocket( 1721): Read packet: 29 bytes. Data Available = 32 Position = 0
03-11 15:27:15.123 D/QcrilMsgTunnelSocket( 1721): processResponse. message type = 1. Data Available = 28
03-11 15:27:15.123 D/QcrilMsgTunnelSocket( 1721): ByteArray from parcel = 5155414c434f4d4def0308000100000002
03-11 15:27:15.123 D/QcrilMsgTunnelSocket( 1721): Received RIL_UNSOL_OEM_HOOK_RAW message
03-11 15:27:15.123 D/QcrilMsgTunnelSocket( 1721): Oem ID in RIL_UNSOL_OEM_HOOK_RAW is QUALCOMM
03-11 15:27:15.123 D/QcrilMsgTunnelSocket( 1721): OEM ID check Passed
03-11 15:27:15.123 D/QcrilMsgTunnelSocket( 1721): Response ID in RIL_UNSOL_OEM_HOOK_RAW is 525295
03-11 15:27:15.123 D/QcrilMsgTunnelSocket( 1721): Response ID 525295is not served in this process.
03-11 15:27:15.123 D/QcrilMsgTunnelSocket( 1721): To broadcast an Intent via the notifier to external apps
03-11 15:27:15.123 V/QcrilMsgTunnelSocket( 1721): Before reading offset = 0 remaining = 4 countRead = 0
03-11 15:27:15.123 D/QcrilMsgTunnelIfaceManager( 1721): handleMessage what=0
03-11 15:27:15.123 D/QcrilMsgTunnelIfaceManager( 1721): Broadcasting intent ACTION_UNSOL_RESPONSE_OEM_HOOK_RAW
03-11 15:27:15.203 V/QcrilMsgTunnelSocket( 1721): After reading offset = 0 remaining = 4 countRead = 4
03-11 15:27:15.203 D/QcrilMsgTunnelSocket( 1721): messageLength extracted from first 4 inputStream reads = 29
03-11 15:27:15.203 V/QcrilMsgTunnelSocket( 1721): offset = 0 remaining = 29 countRead = 0
03-11 15:27:15.203 V/QcrilMsgTunnelSocket( 1721): offset = 0 remaining = 29 countRead = 29
03-11 15:27:15.203 D/QcrilMsgTunnelSocket( 1721): readRilMessage: Buffer = [B@42980c38 HexData = [0100000004040000110000005155414c434f4d4def0308000100000002]
03-11 15:27:15.203 V/QcrilMsgTunnelSocket( 1721): Read packet: 29 bytes. Data Available = 32 Position = 0
03-11 15:27:15.203 D/QcrilMsgTunnelSocket( 1721): processResponse. message type = 1. Data Available = 28
03-11 15:27:15.203 D/QcrilMsgTunnelSocket( 1721): ByteArray from parcel = 5155414c434f4d4def0308000100000002
03-11 15:27:15.203 D/QcrilMsgTunnelSocket( 1721): Received RIL_UNSOL_OEM_HOOK_RAW message
03-11 15:27:15.203 D/QcrilMsgTunnelSocket( 1721): Oem ID in RIL_UNSOL_OEM_HOOK_RAW is QUALCOMM
03-11 15:27:15.203 D/QcrilMsgTunnelSocket( 1721): OEM ID check Passed
03-11 15:27:15.203 D/QcrilMsgTunnelSocket( 1721): Response ID in RIL_UNSOL_OEM_HOOK_RAW is 525295
03-11 15:27:15.203 D/QcrilMsgTunnelSocket( 1721): Response ID 525295is not served in this process.
03-11 15:27:15.203 D/QcrilMsgTunnelSocket( 1721): To broadcast an Intent via the notifier to external apps
03-11 15:27:15.203 V/QcrilMsgTunnelSocket( 1721): Before reading offset = 0 remaining = 4 countRead = 0
03-11 15:27:15.203 D/QcrilMsgTunnelIfaceManager( 1721): handleMessage what=0
03-11 15:27:15.203 D/QcrilMsgTunnelIfaceManager( 1721): Broadcasting intent ACTION_UNSOL_RESPONSE_OEM_HOOK_RAW
03-11 15:27:15.263 D/dalvikvm(  785): GC_EXPLICIT freed 1655K, 7% free 24482K/26284K, paused 1ms+5ms, total 51ms
03-11 15:27:15.993 V/QcrilMsgTunnelSocket( 1721): After reading offset = 0 remaining = 4 countRead = 4
03-11 15:27:15.993 D/QcrilMsgTunnelSocket( 1721): messageLength extracted from first 4 inputStream reads = 29
03-11 15:27:15.993 V/QcrilMsgTunnelSocket( 1721): offset = 0 remaining = 29 countRead = 0
03-11 15:27:16.003 V/QcrilMsgTunnelSocket( 1721): offset = 0 remaining = 29 countRead = 29
03-11 15:27:16.003 D/QcrilMsgTunnelSocket( 1721): readRilMessage: Buffer = [B@42980c38 HexData = [0100000004040000110000005155414c434f4d4def0308000100000002]
03-11 15:27:16.003 V/QcrilMsgTunnelSocket( 1721): Read packet: 29 bytes. Data Available = 32 Position = 0
03-11 15:27:16.003 D/QcrilMsgTunnelSocket( 1721): processResponse. message type = 1. Data Available = 28
03-11 15:27:16.003 D/QcrilMsgTunnelSocket( 1721): ByteArray from parcel = 5155414c434f4d4def0308000100000002
03-11 15:27:16.003 D/QcrilMsgTunnelSocket( 1721): Received RIL_UNSOL_OEM_HOOK_RAW message
03-11 15:27:16.003 D/QcrilMsgTunnelSocket( 1721): Oem ID in RIL_UNSOL_OEM_HOOK_RAW is QUALCOMM
03-11 15:27:16.003 D/QcrilMsgTunnelSocket( 1721): OEM ID check Passed
03-11 15:27:16.003 D/QcrilMsgTunnelSocket( 1721): Response ID in RIL_UNSOL_OEM_HOOK_RAW is 525295
03-11 15:27:16.003 D/QcrilMsgTunnelSocket( 1721): Response ID 525295is not served in this process.
03-11 15:27:16.003 D/QcrilMsgTunnelSocket( 1721): To broadcast an Intent via the notifier to external apps
03-11 15:27:16.003 V/QcrilMsgTunnelSocket( 1721): Before reading offset = 0 remaining = 4 countRead = 0
03-11 15:27:16.033 D/dalvikvm(  998): GC_CONCURRENT freed 469K, 3% free 17352K/17852K, paused 5ms+9ms, total 52ms
03-11 15:27:16.033 D/QcrilMsgTunnelIfaceManager( 1721): handleMessage what=0
03-11 15:27:16.033 D/QcrilMsgTunnelIfaceManager( 1721): Broadcasting intent ACTION_UNSOL_RESPONSE_OEM_HOOK_RAW
03-11 15:27:25.923 D/AndroidRuntime( 3620): 
03-11 15:27:25.923 D/AndroidRuntime( 3620): >>>>>> AndroidRuntime START com.android.internal.os.RuntimeInit <<<<<<
03-11 15:27:25.923 D/AndroidRuntime( 3620): CheckJNI is OFF
03-11 15:27:25.933 D/dalvikvm( 3620): Trying to load lib libjavacore.so 0x0
03-11 15:27:25.933 D/dalvikvm( 3620): Added shared lib libjavacore.so 0x0
03-11 15:27:25.933 D/dalvikvm( 3620): Trying to load lib libnativehelper.so 0x0
03-11 15:27:25.933 D/dalvikvm( 3620): Added shared lib libnativehelper.so 0x0
03-11 15:27:25.933 D/dalvikvm( 3620): No JNI_OnLoad found in libnativehelper.so 0x0, skipping init
03-11 15:27:25.953 D/dalvikvm( 3620): Note: class Landroid/app/ActivityManagerNative; has 179 unimplemented (abstract) methods
03-11 15:27:26.083 D/AndroidRuntime( 3620): Calling main entry com.android.commands.pm.Pm
03-11 15:27:26.083 I/ActivityManager(  785): Force stopping com.android.helloworldminimal appid=10076 user=0: clear data
03-11 15:27:26.083 I/ActivityManager(  785): Killing 3471:com.android.helloworldminimal/u0a76 (adj 0): stop com.android.helloworldminimal
03-11 15:27:26.083 W/ActivityManager(  785): Force removing ActivityRecord{430e59b0 u0 com.android.helloworldminimal/.HelloWorld t4}: app died, no saved state
03-11 15:27:26.093 I/WindowState(  785): WIN DEATH: Window{4310da38 u0 com.android.helloworldminimal/com.android.helloworldminimal.HelloWorld}
03-11 15:27:26.123 D/keystore(  187): calling clear_uid in state: 3
03-11 15:27:26.123 D/Documents( 3292): Used cached roots for com.android.providers.downloads.documents
03-11 15:27:26.123 D/Documents( 3292): Used cached roots for com.android.externalstorage.documents
03-11 15:27:26.123 D/Documents( 3292): Used cached roots for com.android.providers.media.documents
03-11 15:27:26.123 D/Documents( 3292): Used cached roots for com.google.android.apps.docs.storage
03-11 15:27:26.123 D/Documents( 3292): Update found 7 roots in 6ms
03-11 15:27:26.123 D/PackageBroadcastService( 1209): Received broadcast action=android.intent.action.PACKAGE_DATA_CLEARED and uri=com.android.helloworldminimal
03-11 15:27:26.143 I/Icing   ( 1209): doRemovePackageData com.android.helloworldminimal
03-11 15:27:26.143 D/AndroidRuntime( 3620): Shutting down VM
03-11 15:27:26.143 D/dalvikvm( 3620): GC_CONCURRENT freed 94K, 15% free 558K/656K, paused 0ms+0ms, total 1ms
03-11 15:27:27.643 D/AndroidRuntime( 3645): 
03-11 15:27:27.643 D/AndroidRuntime( 3645): >>>>>> AndroidRuntime START com.android.internal.os.RuntimeInit <<<<<<
03-11 15:27:27.643 D/AndroidRuntime( 3645): CheckJNI is OFF
03-11 15:27:27.653 D/dalvikvm( 3645): Trying to load lib libjavacore.so 0x0
03-11 15:27:27.653 D/dalvikvm( 3645): Added shared lib libjavacore.so 0x0
03-11 15:27:27.653 D/dalvikvm( 3645): Trying to load lib libnativehelper.so 0x0
03-11 15:27:27.653 D/dalvikvm( 3645): Added shared lib libnativehelper.so 0x0
03-11 15:27:27.653 D/dalvikvm( 3645): No JNI_OnLoad found in libnativehelper.so 0x0, skipping init
03-11 15:27:27.683 D/dalvikvm( 3645): Note: class Landroid/app/ActivityManagerNative; has 179 unimplemented (abstract) methods
03-11 15:27:27.813 D/AndroidRuntime( 3645): Calling main entry com.android.commands.am.Am
03-11 15:27:27.833 I/ActivityManager(  785): START u0 {flg=0x10000000 cmp=com.android.helloworldminimal/.HelloWorld} from pid 3645
03-11 15:27:28.133 D/AndroidRuntime( 3645): Shutting down VM
03-11 15:27:28.133 I/WindowManager(  785): Screenshot max retries 4 of Token{42d38ac8 ActivityRecord{42e9d780 u0 com.google.android.googlequicksearchbox/com.google.android.launcher.GEL t1}} appWin=Window{431b0e10 u0 com.google.android.googlequicksearchbox/com.google.android.launcher.GEL} drawState=4
03-11 15:27:28.133 W/WindowManager(  785): Screenshot failure taking screenshot for (1080x1920) to layer 21000
03-11 15:27:28.143 D/dalvikvm( 3645): GC_CONCURRENT freed 95K, 15% free 586K/684K, paused 0ms+0ms, total 1ms
03-11 15:27:28.143 I/ActivityManager(  785): Start proc com.android.helloworldminimal for activity com.android.helloworldminimal/.HelloWorld: pid=3663 uid=10076 gids={50076}
03-11 15:27:28.203 D/dalvikvm( 3663): GC_CONCURRENT freed 187K, 2% free 16927K/17148K, paused 1ms+2ms, total 15ms
03-11 15:27:28.293 D/dalvikvm( 3663): GC_CONCURRENT freed 235K, 2% free 17153K/17424K, paused 3ms+2ms, total 20ms
03-11 15:27:28.373 D/dalvikvm( 3663): GC_CONCURRENT freed 255K, 2% free 17396K/17684K, paused 1ms+4ms, total 22ms
03-11 15:27:28.453 D/dalvikvm( 3663): GC_CONCURRENT freed 233K, 2% free 17621K/17888K, paused 3ms+2ms, total 20ms
03-11 15:27:28.563 D/dalvikvm( 3663): GC_CONCURRENT freed 333K, 3% free 17732K/18112K, paused 2ms+2ms, total 14ms
03-11 15:27:28.643 D/dalvikvm( 3663): GC_CONCURRENT freed 315K, 2% free 17845K/18208K, paused 1ms+0ms, total 13ms
03-11 15:27:28.673 I/dalvikvm( 3663): Could not find method java.beans.Introspector.getBeanInfo, referenced from method clojure.core$bean.invoke
03-11 15:27:28.673 W/dalvikvm( 3663): VFY: unable to resolve static method 13119: Ljava/beans/Introspector;.getBeanInfo (Ljava/lang/Class;)Ljava/beans/BeanInfo;
03-11 15:27:28.673 D/dalvikvm( 3663): VFY: replacing opcode 0x71 at 0x0021
03-11 15:27:28.733 D/dalvikvm( 3663): GC_CONCURRENT freed 332K, 2% free 18020K/18384K, paused 2ms+2ms, total 19ms
03-11 15:27:28.803 D/dalvikvm( 3663): GC_CONCURRENT freed 417K, 3% free 18115K/18564K, paused 1ms+1ms, total 23ms
03-11 15:27:28.803 D/dalvikvm( 3663): WAIT_FOR_CONCURRENT_GC blocked 8ms
03-11 15:27:28.873 D/dalvikvm( 3663): GC_CONCURRENT freed 433K, 3% free 18161K/18628K, paused 2ms+3ms, total 26ms
03-11 15:27:28.933 D/dalvikvm( 3663): GC_CONCURRENT freed 406K, 3% free 18215K/18656K, paused 2ms+1ms, total 16ms
03-11 15:27:29.013 D/dalvikvm( 3663): GC_CONCURRENT freed 423K, 3% free 18263K/18720K, paused 3ms+2ms, total 28ms
03-11 15:27:29.073 D/dalvikvm( 3663): GC_CONCURRENT freed 519K, 3% free 18273K/18824K, paused 1ms+1ms, total 20ms
03-11 15:27:29.073 D/dalvikvm( 3663): WAIT_FOR_CONCURRENT_GC blocked 5ms
03-11 15:27:29.153 D/dalvikvm( 3663): GC_CONCURRENT freed 437K, 3% free 18331K/18824K, paused 3ms+2ms, total 27ms
03-11 15:27:29.213 D/dalvikvm( 3663): GC_CONCURRENT freed 469K, 3% free 18368K/18872K, paused 2ms+2ms, total 18ms
03-11 15:27:29.283 D/dalvikvm( 3663): GC_CONCURRENT freed 501K, 3% free 18413K/18948K, paused 2ms+1ms, total 17ms
03-11 15:27:29.353 D/dalvikvm( 3663): GC_CONCURRENT freed 470K, 3% free 18449K/18952K, paused 1ms+2ms, total 16ms
03-11 15:27:29.423 D/dalvikvm( 3663): GC_CONCURRENT freed 383K, 3% free 18633K/19056K, paused 1ms+2ms, total 18ms
03-11 15:27:29.513 D/dalvikvm( 3663): GC_CONCURRENT freed 618K, 4% free 18666K/19316K, paused 3ms+1ms, total 22ms
03-11 15:27:29.513 D/dalvikvm( 3663): WAIT_FOR_CONCURRENT_GC blocked 5ms
03-11 15:27:29.563 D/dalvikvm( 3663): GC_CONCURRENT freed 568K, 4% free 18760K/19360K, paused 1ms+1ms, total 17ms
03-11 15:27:29.563 D/dalvikvm( 3663): WAIT_FOR_CONCURRENT_GC blocked 8ms
03-11 15:27:29.623 D/dalvikvm( 3663): GC_CONCURRENT freed 531K, 3% free 18920K/19484K, paused 1ms+1ms, total 18ms
03-11 15:27:29.623 D/dalvikvm( 3663): WAIT_FOR_CONCURRENT_GC blocked 6ms
03-11 15:27:29.673 I/Adreno-EGL( 3663): <qeglDrvAPI_eglInitialize:320>: EGL 1.4 QUALCOMM Build: I0404c4692afb8623f95c43aeb6d5e13ed4b30ddbDate: 11/06/13
03-11 15:27:29.693 D/OpenGLRenderer( 3663): Enabling debug mode 0
03-11 15:27:29.753 I/ActivityManager(  785): Displayed com.android.helloworldminimal/.HelloWorld: +1s622ms
03-11 15:27:31.153 W/ProcessCpuTracker(  785): Skipping unknown process pid 3677
03-11 15:27:31.153 W/ProcessCpuTracker(  785): Skipping unknown process pid 3678
03-11 15:27:33.113 I/EsService( 2741): readResults: read results: 0, lastRequestId: 159
03-11 15:27:33.143 D/dalvikvm( 2741): GC_CONCURRENT freed 417K, 2% free 27585K/28036K, paused 2ms+1ms, total 18ms
03-11 15:27:33.143 D/dalvikvm( 2741): WAIT_FOR_CONCURRENT_GC blocked 7ms
03-11 15:27:33.153 I/EsSyncAdapterService( 2741): G+ sync (full, periodic) started.
03-11 15:27:33.163 I/EsNotificationData( 2741): syncNotifications starting sync stream
03-11 15:27:33.183 W/GLSUser ( 1088): GoogleAccountDataService.getToken()
03-11 15:27:33.193 D/dalvikvm( 2741): Trying to load lib /data/app-lib/com.google.android.apps.plus-1/libnetjni.so 0x429782e0
03-11 15:27:33.193 D/dalvikvm( 2741): Added shared lib /data/app-lib/com.google.android.apps.plus-1/libnetjni.so 0x429782e0
03-11 15:27:33.193 W/chromium( 2741): [0311/152733:WARNING:proxy_service.cc(888)] PAC support disabled because there is no system implementation
03-11 15:27:33.193 I/HttpUrlRequestFactory( 2741): Using network stack: Chromium/29.0.1547.59/1
03-11 15:27:35.503 V/QcrilMsgTunnelSocket( 1721): After reading offset = 0 remaining = 4 countRead = 4
03-11 15:27:35.503 D/QcrilMsgTunnelSocket( 1721): messageLength extracted from first 4 inputStream reads = 29
03-11 15:27:35.503 V/QcrilMsgTunnelSocket( 1721): offset = 0 remaining = 29 countRead = 0
03-11 15:27:35.563 V/QcrilMsgTunnelSocket( 1721): offset = 0 remaining = 29 countRead = 29
03-11 15:27:35.563 D/QcrilMsgTunnelSocket( 1721): readRilMessage: Buffer = [B@42980c38 HexData = [0100000004040000110000005155414c434f4d4def0308000100000001]
03-11 15:27:35.563 V/QcrilMsgTunnelSocket( 1721): Read packet: 29 bytes. Data Available = 32 Position = 0
03-11 15:27:35.563 D/QcrilMsgTunnelSocket( 1721): processResponse. message type = 1. Data Available = 28
03-11 15:27:35.563 D/QcrilMsgTunnelSocket( 1721): ByteArray from parcel = 5155414c434f4d4def0308000100000001
03-11 15:27:35.563 D/QcrilMsgTunnelSocket( 1721): Received RIL_UNSOL_OEM_HOOK_RAW message
03-11 15:27:35.563 D/QcrilMsgTunnelSocket( 1721): Oem ID in RIL_UNSOL_OEM_HOOK_RAW is QUALCOMM
03-11 15:27:35.563 D/QcrilMsgTunnelSocket( 1721): OEM ID check Passed
03-11 15:27:35.563 D/QcrilMsgTunnelSocket( 1721): Response ID in RIL_UNSOL_OEM_HOOK_RAW is 525295
03-11 15:27:35.563 D/QcrilMsgTunnelSocket( 1721): Response ID 525295is not served in this process.
03-11 15:27:35.563 D/QcrilMsgTunnelSocket( 1721): To broadcast an Intent via the notifier to external apps
03-11 15:27:35.563 V/QcrilMsgTunnelSocket( 1721): Before reading offset = 0 remaining = 4 countRead = 0
03-11 15:27:35.563 V/QcrilMsgTunnelSocket( 1721): After reading offset = 0 remaining = 4 countRead = 4
03-11 15:27:35.563 D/QcrilMsgTunnelSocket( 1721): messageLength extracted from first 4 inputStream reads = 29
03-11 15:27:35.563 V/QcrilMsgTunnelSocket( 1721): offset = 0 remaining = 29 countRead = 0
03-11 15:27:35.573 D/QcrilMsgTunnelIfaceManager( 1721): handleMessage what=0
03-11 15:27:35.573 D/QcrilMsgTunnelIfaceManager( 1721): Broadcasting intent ACTION_UNSOL_RESPONSE_OEM_HOOK_RAW
03-11 15:27:35.573 V/QcrilMsgTunnelSocket( 1721): offset = 0 remaining = 29 countRead = 29
03-11 15:27:35.573 D/QcrilMsgTunnelSocket( 1721): readRilMessage: Buffer = [B@42980c38 HexData = [0100000004040000110000005155414c434f4d4def0308000100000001]
03-11 15:27:35.573 V/QcrilMsgTunnelSocket( 1721): Read packet: 29 bytes. Data Available = 32 Position = 0
03-11 15:27:35.573 D/QcrilMsgTunnelSocket( 1721): processResponse. message type = 1. Data Available = 28
03-11 15:27:35.573 D/QcrilMsgTunnelSocket( 1721): ByteArray from parcel = 5155414c434f4d4def0308000100000001
03-11 15:27:35.573 D/QcrilMsgTunnelSocket( 1721): Received RIL_UNSOL_OEM_HOOK_RAW message
03-11 15:27:35.573 D/QcrilMsgTunnelSocket( 1721): Oem ID in RIL_UNSOL_OEM_HOOK_RAW is QUALCOMM
03-11 15:27:35.573 D/QcrilMsgTunnelSocket( 1721): OEM ID check Passed
03-11 15:27:35.573 D/QcrilMsgTunnelSocket( 1721): Response ID in RIL_UNSOL_OEM_HOOK_RAW is 525295
03-11 15:27:35.573 D/QcrilMsgTunnelSocket( 1721): Response ID 525295is not served in this process.
03-11 15:27:35.573 D/QcrilMsgTunnelSocket( 1721): To broadcast an Intent via the notifier to external apps
03-11 15:27:35.573 V/QcrilMsgTunnelSocket( 1721): Before reading offset = 0 remaining = 4 countRead = 0
03-11 15:27:35.573 D/QcrilMsgTunnelIfaceManager( 1721): handleMessage what=0
03-11 15:27:35.573 D/QcrilMsgTunnelIfaceManager( 1721): Broadcasting intent ACTION_UNSOL_RESPONSE_OEM_HOOK_RAW
03-11 15:27:35.583 D/MobileDataStateTracker(  785): default: Broadcast received: android.intent.action.ANY_DATA_STATE apnType=default
03-11 15:27:35.583 D/MobileDataStateTracker(  785): default: Received state=CONNECTED, old=CONNECTED, reason=(unspecified)
03-11 15:27:35.623 D/dalvikvm(  998): GC_CONCURRENT freed 400K, 3% free 17351K/17852K, paused 2ms+0ms, total 11ms
03-11 15:27:35.753 V/QcrilMsgTunnelSocket( 1721): After reading offset = 0 remaining = 4 countRead = 4
03-11 15:27:35.753 D/QcrilMsgTunnelSocket( 1721): messageLength extracted from first 4 inputStream reads = 29
03-11 15:27:35.753 V/QcrilMsgTunnelSocket( 1721): offset = 0 remaining = 29 countRead = 0
03-11 15:27:35.753 V/QcrilMsgTunnelSocket( 1721): offset = 0 remaining = 29 countRead = 29
03-11 15:27:35.753 D/QcrilMsgTunnelSocket( 1721): readRilMessage: Buffer = [B@42980c38 HexData = [0100000004040000110000005155414c434f4d4def0308000100000001]
03-11 15:27:35.753 V/QcrilMsgTunnelSocket( 1721): Read packet: 29 bytes. Data Available = 32 Position = 0
03-11 15:27:35.753 D/QcrilMsgTunnelSocket( 1721): processResponse. message type = 1. Data Available = 28
03-11 15:27:35.753 D/QcrilMsgTunnelSocket( 1721): ByteArray from parcel = 5155414c434f4d4def0308000100000001
03-11 15:27:35.753 D/QcrilMsgTunnelSocket( 1721): Received RIL_UNSOL_OEM_HOOK_RAW message
03-11 15:27:35.753 D/QcrilMsgTunnelSocket( 1721): Oem ID in RIL_UNSOL_OEM_HOOK_RAW is QUALCOMM
03-11 15:27:35.753 D/QcrilMsgTunnelSocket( 1721): OEM ID check Passed
03-11 15:27:35.753 D/QcrilMsgTunnelSocket( 1721): Response ID in RIL_UNSOL_OEM_HOOK_RAW is 525295
03-11 15:27:35.753 D/QcrilMsgTunnelSocket( 1721): Response ID 525295is not served in this process.
03-11 15:27:35.753 D/QcrilMsgTunnelSocket( 1721): To broadcast an Intent via the notifier to external apps
03-11 15:27:35.753 V/QcrilMsgTunnelSocket( 1721): Before reading offset = 0 remaining = 4 countRead = 0
03-11 15:27:35.753 D/QcrilMsgTunnelIfaceManager( 1721): handleMessage what=0
03-11 15:27:35.753 D/QcrilMsgTunnelIfaceManager( 1721): Broadcasting intent ACTION_UNSOL_RESPONSE_OEM_HOOK_RAW
03-11 15:27:37.473 I/EsNotificationData( 2741): deleteOldNotifications, keep count: 200, have: 35
03-11 15:27:37.873 I/ActivityManager(  785): Start proc android.process.media for content provider com.android.providers.media/.MediaProvider: pid=3734 uid=10005 gids={50005, 1028, 1015, 1023, 1024, 2001, 3003, 3007}
03-11 15:27:37.923 I/iu.UploadsManager( 2741): storage changed; old: -1, new: -1
03-11 15:27:38.333 I/EsSyncAdapterService( 2741): G+ sync (full, periodic) finished. Elapsed time: 5176ms
03-11 15:27:38.333 I/EsSyncAdapterService( 2741):   [Notifications] items: 9, sub-items: 0, bytes: 0, duration: 4360ms, avg: 484ms
03-11 15:27:38.333 I/EsSyncAdapterService( 2741):     [Sync:gid], duration: 4282ms, network: 4218ms, processing: 64ms, requests: 0, sent: 0, received: 0
03-11 15:27:38.333 I/EsSyncAdapterService( 2741):   [Activities:Sync] items: 0, sub-items: 0, bytes: 0, duration: 0ms, avg: 0ms
03-11 15:27:38.333 I/EsSyncAdapterService( 2741):   [MyProfile] items: 0, sub-items: 0, bytes: 0, duration: 111ms, avg: 111ms
03-11 15:27:38.333 I/EsSyncAdapterService( 2741):     [loadpeople], duration: 109ms, network: 108ms, processing: 1ms, requests: 0, sent: 0, received: 0
03-11 15:27:38.333 I/EsSyncAdapterService( 2741):   [Circles] items: 0, sub-items: 0, bytes: 0, duration: 192ms, avg: 192ms
03-11 15:27:38.333 I/EsSyncAdapterService( 2741):     [loadsocialnetwork], duration: 189ms, network: 186ms, processing: 3ms, requests: 0, sent: 0, received: 0
03-11 15:27:38.333 I/EsSyncAdapterService( 2741):   [SocialNetwork] items: 0, sub-items: 0, bytes: 0, duration: 222ms, avg: 222ms
03-11 15:27:38.333 I/EsSyncAdapterService( 2741):     [loadsocialnetwork], duration: 174ms, network: 172ms, processing: 2ms, requests: 0, sent: 0, received: 0
03-11 15:27:42.523 I/ActivityManager(  785): Killing 2691:com.google.android.youtube/u0a71 (adj 15): empty #17
03-11 15:27:42.583 V/QcrilMsgTunnelSocket( 1721): After reading offset = 0 remaining = 4 countRead = 4
03-11 15:27:42.583 D/QcrilMsgTunnelSocket( 1721): messageLength extracted from first 4 inputStream reads = 29
03-11 15:27:42.583 V/QcrilMsgTunnelSocket( 1721): offset = 0 remaining = 29 countRead = 0
03-11 15:27:42.593 D/MobileDataStateTracker(  785): default: Broadcast received: android.intent.action.ANY_DATA_STATE apnType=default
03-11 15:27:42.613 D/MobileDataStateTracker(  785): default: Received state=CONNECTED, old=CONNECTED, reason=(unspecified)
03-11 15:27:42.623 V/QcrilMsgTunnelSocket( 1721): offset = 0 remaining = 29 countRead = 29
03-11 15:27:42.623 D/QcrilMsgTunnelSocket( 1721): readRilMessage: Buffer = [B@42980c38 HexData = [0100000004040000110000005155414c434f4d4def0308000100000002]
03-11 15:27:42.623 V/QcrilMsgTunnelSocket( 1721): Read packet: 29 bytes. Data Available = 32 Position = 0
03-11 15:27:42.623 D/QcrilMsgTunnelSocket( 1721): processResponse. message type = 1. Data Available = 28
03-11 15:27:42.623 D/QcrilMsgTunnelSocket( 1721): ByteArray from parcel = 5155414c434f4d4def0308000100000002
03-11 15:27:42.623 D/QcrilMsgTunnelSocket( 1721): Received RIL_UNSOL_OEM_HOOK_RAW message
03-11 15:27:42.623 D/QcrilMsgTunnelSocket( 1721): Oem ID in RIL_UNSOL_OEM_HOOK_RAW is QUALCOMM
03-11 15:27:42.623 D/QcrilMsgTunnelSocket( 1721): OEM ID check Passed
03-11 15:27:42.623 D/QcrilMsgTunnelSocket( 1721): Response ID in RIL_UNSOL_OEM_HOOK_RAW is 525295
03-11 15:27:42.623 D/QcrilMsgTunnelSocket( 1721): Response ID 525295is not served in this process.
03-11 15:27:42.623 D/QcrilMsgTunnelSocket( 1721): To broadcast an Intent via the notifier to external apps
03-11 15:27:42.623 V/QcrilMsgTunnelSocket( 1721): Before reading offset = 0 remaining = 4 countRead = 0
03-11 15:27:42.633 D/dalvikvm( 1022): GC_CONCURRENT freed 331K, 3% free 16738K/17100K, paused 1ms+0ms, total 33ms
03-11 15:27:42.633 D/QcrilMsgTunnelIfaceManager( 1721): handleMessage what=0
03-11 15:27:42.633 D/QcrilMsgTunnelIfaceManager( 1721): Broadcasting intent ACTION_UNSOL_RESPONSE_OEM_HOOK_RAW
03-11 15:27:42.703 V/QcrilMsgTunnelSocket( 1721): After reading offset = 0 remaining = 4 countRead = 4
03-11 15:27:42.703 D/QcrilMsgTunnelSocket( 1721): messageLength extracted from first 4 inputStream reads = 29
03-11 15:27:42.703 V/QcrilMsgTunnelSocket( 1721): offset = 0 remaining = 29 countRead = 0
03-11 15:27:42.703 V/QcrilMsgTunnelSocket( 1721): offset = 0 remaining = 29 countRead = 29
03-11 15:27:42.703 D/QcrilMsgTunnelSocket( 1721): readRilMessage: Buffer = [B@42980c38 HexData = [0100000004040000110000005155414c434f4d4def0308000100000002]
03-11 15:27:42.703 V/QcrilMsgTunnelSocket( 1721): Read packet: 29 bytes. Data Available = 32 Position = 0
03-11 15:27:42.703 D/QcrilMsgTunnelSocket( 1721): processResponse. message type = 1. Data Available = 28
03-11 15:27:42.703 D/QcrilMsgTunnelSocket( 1721): ByteArray from parcel = 5155414c434f4d4def0308000100000002
03-11 15:27:42.703 D/QcrilMsgTunnelSocket( 1721): Received RIL_UNSOL_OEM_HOOK_RAW message
03-11 15:27:42.713 D/QcrilMsgTunnelSocket( 1721): Oem ID in RIL_UNSOL_OEM_HOOK_RAW is QUALCOMM
03-11 15:27:42.713 D/QcrilMsgTunnelSocket( 1721): OEM ID check Passed
03-11 15:27:42.713 D/QcrilMsgTunnelSocket( 1721): Response ID in RIL_UNSOL_OEM_HOOK_RAW is 525295
03-11 15:27:42.713 D/QcrilMsgTunnelSocket( 1721): Response ID 525295is not served in this process.
03-11 15:27:42.713 D/QcrilMsgTunnelSocket( 1721): To broadcast an Intent via the notifier to external apps
03-11 15:27:42.723 D/QcrilMsgTunnelIfaceManager( 1721): handleMessage what=0
03-11 15:27:42.723 D/QcrilMsgTunnelIfaceManager( 1721): Broadcasting intent ACTION_UNSOL_RESPONSE_OEM_HOOK_RAW
03-11 15:27:42.723 V/QcrilMsgTunnelSocket( 1721): Before reading offset = 0 remaining = 4 countRead = 0
03-11 15:27:43.473 V/QcrilMsgTunnelSocket( 1721): After reading offset = 0 remaining = 4 countRead = 4
03-11 15:27:43.473 D/QcrilMsgTunnelSocket( 1721): messageLength extracted from first 4 inputStream reads = 29
03-11 15:27:43.473 V/QcrilMsgTunnelSocket( 1721): offset = 0 remaining = 29 countRead = 0
03-11 15:27:43.533 V/QcrilMsgTunnelSocket( 1721): offset = 0 remaining = 29 countRead = 29
03-11 15:27:43.533 D/QcrilMsgTunnelSocket( 1721): readRilMessage: Buffer = [B@42980c38 HexData = [0100000004040000110000005155414c434f4d4def0308000100000002]
03-11 15:27:43.533 V/QcrilMsgTunnelSocket( 1721): Read packet: 29 bytes. Data Available = 32 Position = 0
03-11 15:27:43.533 D/QcrilMsgTunnelSocket( 1721): processResponse. message type = 1. Data Available = 28
03-11 15:27:43.533 D/QcrilMsgTunnelSocket( 1721): ByteArray from parcel = 5155414c434f4d4def0308000100000002
03-11 15:27:43.533 D/QcrilMsgTunnelSocket( 1721): Received RIL_UNSOL_OEM_HOOK_RAW message
03-11 15:27:43.533 D/QcrilMsgTunnelSocket( 1721): Oem ID in RIL_UNSOL_OEM_HOOK_RAW is QUALCOMM
03-11 15:27:43.533 D/QcrilMsgTunnelSocket( 1721): OEM ID check Passed
03-11 15:27:43.533 D/QcrilMsgTunnelSocket( 1721): Response ID in RIL_UNSOL_OEM_HOOK_RAW is 525295
03-11 15:27:43.533 D/QcrilMsgTunnelSocket( 1721): Response ID 525295is not served in this process.
03-11 15:27:43.533 D/QcrilMsgTunnelSocket( 1721): To broadcast an Intent via the notifier to external apps
03-11 15:27:43.533 V/QcrilMsgTunnelSocket( 1721): Before reading offset = 0 remaining = 4 countRead = 0
03-11 15:27:43.533 D/QcrilMsgTunnelIfaceManager( 1721): handleMessage what=0
03-11 15:27:43.533 D/QcrilMsgTunnelIfaceManager( 1721): Broadcasting intent ACTION_UNSOL_RESPONSE_OEM_HOOK_RAW
03-11 15:27:48.593 D/AndroidRuntime( 3769): 
03-11 15:27:48.593 D/AndroidRuntime( 3769): >>>>>> AndroidRuntime START com.android.internal.os.RuntimeInit <<<<<<
03-11 15:27:48.593 D/AndroidRuntime( 3769): CheckJNI is OFF
03-11 15:27:48.603 D/dalvikvm( 3769): Trying to load lib libjavacore.so 0x0
03-11 15:27:48.603 D/dalvikvm( 3769): Added shared lib libjavacore.so 0x0
03-11 15:27:48.613 D/dalvikvm( 3769): Trying to load lib libnativehelper.so 0x0
03-11 15:27:48.613 D/dalvikvm( 3769): Added shared lib libnativehelper.so 0x0
03-11 15:27:48.613 D/dalvikvm( 3769): No JNI_OnLoad found in libnativehelper.so 0x0, skipping init
03-11 15:27:48.633 D/dalvikvm( 3769): Note: class Landroid/app/ActivityManagerNative; has 179 unimplemented (abstract) methods
03-11 15:27:48.753 D/AndroidRuntime( 3769): Calling main entry com.android.commands.pm.Pm
03-11 15:27:48.753 I/ActivityManager(  785): Force stopping com.android.helloworldminimal appid=10076 user=0: clear data
03-11 15:27:48.753 I/ActivityManager(  785): Killing 3663:com.android.helloworldminimal/u0a76 (adj 0): stop com.android.helloworldminimal
03-11 15:27:48.753 W/ActivityManager(  785): Force removing ActivityRecord{42eb5c70 u0 com.android.helloworldminimal/.HelloWorld t5}: app died, no saved state
03-11 15:27:48.763 W/InputDispatcher(  785): channel '42f966b0 com.android.helloworldminimal/com.android.helloworldminimal.HelloWorld (server)' ~ Consumer closed input channel or an error occurred.  events=0x9
03-11 15:27:48.763 E/InputDispatcher(  785): channel '42f966b0 com.android.helloworldminimal/com.android.helloworldminimal.HelloWorld (server)' ~ Channel is unrecoverably broken and will be disposed!
03-11 15:27:48.763 W/InputDispatcher(  785): Attempted to unregister already unregistered input channel '42f966b0 com.android.helloworldminimal/com.android.helloworldminimal.HelloWorld (server)'
03-11 15:27:48.763 W/WindowManager(  785): Rebuild removed 2 windows but added 1
03-11 15:27:48.763 W/WindowManager(  785): java.lang.RuntimeException: here
03-11 15:27:48.763 W/WindowManager(  785): 	at com.android.server.wm.WindowManagerService.rebuildAppWindowListLocked(WindowManagerService.java:8011)
03-11 15:27:48.763 W/WindowManager(  785): 	at com.android.server.wm.WindowManagerService.rebuildAppWindowListLocked(WindowManagerService.java:7947)
03-11 15:27:48.763 W/WindowManager(  785): 	at com.android.server.wm.WindowManagerService.handleAppTransitionReadyLocked(WindowManagerService.java:8430)
03-11 15:27:48.763 W/WindowManager(  785): 	at com.android.server.wm.WindowManagerService.performLayoutAndPlaceSurfacesLockedInner(WindowManagerService.java:9193)
03-11 15:27:48.763 W/WindowManager(  785): 	at com.android.server.wm.WindowManagerService.performLayoutAndPlaceSurfacesLockedLoop(WindowManagerService.java:8163)
03-11 15:27:48.763 W/WindowManager(  785): 	at com.android.server.wm.WindowManagerService.performLayoutAndPlaceSurfacesLocked(WindowManagerService.java:8105)
03-11 15:27:48.763 W/WindowManager(  785): 	at com.android.server.wm.WindowManagerService.executeAppTransition(WindowManagerService.java:3918)
03-11 15:27:48.763 W/WindowManager(  785): 	at com.android.server.am.ActivityStackSupervisor.reportResumedActivityLocked(ActivityStackSupervisor.java:2241)
03-11 15:27:48.763 W/WindowManager(  785): 	at com.android.server.am.ActivityStack.completeResumeLocked(ActivityStack.java:968)
03-11 15:27:48.763 W/WindowManager(  785): 	at com.android.server.am.ActivityStack.resumeTopActivityLocked(ActivityStack.java:1631)
03-11 15:27:48.763 W/WindowManager(  785): 	at com.android.server.am.ActivityStackSupervisor.resumeTopActivitiesLocked(ActivityStackSupervisor.java:2022)
03-11 15:27:48.763 W/WindowManager(  785): 	at com.android.server.am.ActivityStackSupervisor.resumeTopActivitiesLocked(ActivityStackSupervisor.java:2009)
03-11 15:27:48.763 W/WindowManager(  785): 	at com.android.server.am.ActivityManagerService.forceStopPackageLocked(ActivityManagerService.java:4750)
03-11 15:27:48.763 W/WindowManager(  785): 	at com.android.server.am.ActivityManagerService.forceStopPackageLocked(ActivityManagerService.java:4496)
03-11 15:27:48.763 W/WindowManager(  785): 	at com.android.server.am.ActivityManagerService.clearApplicationUserData(ActivityManagerService.java:4176)
03-11 15:27:48.763 W/WindowManager(  785): 	at android.app.ActivityManagerNative.onTransact(ActivityManagerNative.java:1114)
03-11 15:27:48.763 W/WindowManager(  785): 	at com.android.server.am.ActivityManagerService.onTransact(ActivityManagerService.java:2071)
03-11 15:27:48.763 W/WindowManager(  785): 	at android.os.Binder.execTransact(Binder.java:404)
03-11 15:27:48.763 W/WindowManager(  785): 	at dalvik.system.NativeStart.run(Native Method)
03-11 15:27:48.763 W/WindowManager(  785): This window was lost: Window{42f966b0 u0 com.android.helloworldminimal/com.android.helloworldminimal.HelloWorld}
03-11 15:27:48.763 W/WindowManager(  785): mDisplayId=0 mSession=Session{430d0280 3663:u0a10076} mClient=android.os.BinderProxy@430d0408
03-11 15:27:48.763 W/WindowManager(  785): mOwnerUid=10076 mShowToOwnerOnly=true package=com.android.helloworldminimal appop=NONE
03-11 15:27:48.763 W/WindowManager(  785): mAttrs=WM.LayoutParams{(0,0)(fillxfill) sim=#120 ty=1 fl=#1810100 pfl=0x8 wanim=0x10302f5}
03-11 15:27:48.763 W/WindowManager(  785): Requested w=1080 h=1776 mLayoutSeq=112
03-11 15:27:48.763 W/WindowManager(  785): mBaseLayer=21000 mSubLayer=0 mAnimLayer=21005+0=21005 mLastLayer=0
03-11 15:27:48.763 W/WindowManager(  785): mToken=AppWindowToken{4328d700 token=Token{43107f90 ActivityRecord{42eb5c70 u0 com.android.helloworldminimal/.HelloWorld t5}}}
03-11 15:27:48.763 W/WindowManager(  785): mRootToken=AppWindowToken{4328d700 token=Token{43107f90 ActivityRecord{42eb5c70 u0 com.android.helloworldminimal/.HelloWorld t5}}}
03-11 15:27:48.763 W/WindowManager(  785): mAppToken=AppWindowToken{4328d700 token=Token{43107f90 ActivityRecord{42eb5c70 u0 com.android.helloworldminimal/.HelloWorld t5}}}
03-11 15:27:48.763 W/WindowManager(  785): mViewVisibility=0x0 mHaveFrame=true mObscured=true
03-11 15:27:48.763 W/WindowManager(  785): mSeq=0 mSystemUiVisibility=0x0
03-11 15:27:48.763 W/WindowManager(  785): mPolicyVisibility=false mPolicyVisibilityAfterAnim=false mAppOpVisibility=true mAttachedHidden=false
03-11 15:27:48.763 W/WindowManager(  785): mGivenContentInsets=[0,0][0,0] mGivenVisibleInsets=[0,0][0,0]
03-11 15:27:48.763 W/WindowManager(  785): mConfiguration={1.0 244mcc21mnc en_US ldltr sw360dp w360dp h567dp 480dpi nrml port finger -keyb/v/h -nav/h s.5}
03-11 15:27:48.763 W/WindowManager(  785): mHasSurface=true mShownFrame=[0.0,0.0][1080.0,1776.0] isReadyForDisplay()=false
03-11 15:27:48.763 W/WindowManager(  785): mFrame=[0,0][1080,1776] last=[0,0][1080,1776]
03-11 15:27:48.763 W/WindowManager(  785): mSystemDecorRect=[0,0][1080,1776] last=[0,0][1080,1776]
03-11 15:27:48.763 W/WindowManager(  785): Frames: containing=[0,0][1080,1776] parent=[0,0][1080,1776]
03-11 15:27:48.763 W/WindowManager(  785):     display=[0,0][1080,1776] overscan=[0,0][1080,1920]
03-11 15:27:48.763 W/WindowManager(  785):     content=[0,75][1080,1776] visible=[0,75][1080,1776]
03-11 15:27:48.763 W/WindowManager(  785):     decor=[0,0][1080,1920]
03-11 15:27:48.763 W/WindowManager(  785): Cur insets: overscan=[0,0][0,0] content=[0,75][0,0] visible=[0,75][0,0]
03-11 15:27:48.763 W/WindowManager(  785): Lst insets: overscan=[0,0][0,0] content=[0,75][0,0] visible=[0,75][0,0]
03-11 15:27:48.763 W/WindowManager(  785): WindowStateAnimator{432262e8 com.android.helloworldminimal/com.android.helloworldminimal.HelloWorld}:
03-11 15:27:48.763 W/WindowManager(  785):   mSurface=Surface(name=com.android.helloworldminimal/com.android.helloworldminimal.HelloWorld)
03-11 15:27:48.763 W/WindowManager(  785):   mDrawState=HAS_DRAWN mLastHidden=true
03-11 15:27:48.763 W/WindowManager(  785):   Surface: shown=false layer=21005 alpha=0.0 rect=(0.0,0.0) 1080.0 x 1776.0
03-11 15:27:48.763 W/WindowManager(  785):   mShownAlpha=1.0 mAlpha=1.0 mLastAlpha=-1.0
03-11 15:27:48.763 W/WindowManager(  785): Current app token list:
03-11 15:27:48.763 V/WindowManager(  785):   Display 0
03-11 15:27:48.763 V/WindowManager(  785):   #0: Token{42d38ac8 ActivityRecord{42e9d780 u0 com.google.android.googlequicksearchbox/com.google.android.launcher.GEL t1}}
03-11 15:27:48.763 W/WindowManager(  785): Final window list:
03-11 15:27:48.763 V/WindowManager(  785):   #0: Window{42f41020 u0 SearchPanel}
03-11 15:27:48.763 V/WindowManager(  785):   #1: Window{4318a860 u0 NavigationBar}
03-11 15:27:48.763 V/WindowManager(  785):   #2: Window{42ee65d0 u0 StatusBar}
03-11 15:27:48.763 V/WindowManager(  785):   #3: Window{42e9de98 u0 Keyguard}
03-11 15:27:48.763 V/WindowManager(  785):   #4: Window{42f47198 u0 KeyguardScrim}
03-11 15:27:48.763 V/WindowManager(  785):   #5: Window{431b0e10 u0 com.google.android.googlequicksearchbox/com.google.android.launcher.GEL}
03-11 15:27:48.763 V/WindowManager(  785):   #6: Window{42ec5c30 u0 com.android.systemui.ImageWallpaper}
03-11 15:27:48.763 I/WindowState(  785): WIN DEATH: Window{42f966b0 u0 com.android.helloworldminimal/com.android.helloworldminimal.HelloWorld}
03-11 15:27:48.783 D/keystore(  187): calling clear_uid in state: 3
03-11 15:27:48.783 D/Documents( 3292): Used cached roots for com.android.providers.downloads.documents
03-11 15:27:48.783 D/Documents( 3292): Used cached roots for com.android.externalstorage.documents
03-11 15:27:48.783 D/Documents( 3292): Used cached roots for com.android.providers.media.documents
03-11 15:27:48.783 D/Documents( 3292): Used cached roots for com.google.android.apps.docs.storage
03-11 15:27:48.783 D/Documents( 3292): Update found 7 roots in 4ms
03-11 15:27:48.793 D/AndroidRuntime( 3769): Shutting down VM
03-11 15:27:48.803 D/dalvikvm( 3769): GC_CONCURRENT freed 94K, 15% free 558K/656K, paused 0ms+0ms, total 2ms
03-11 15:27:48.803 D/PackageBroadcastService( 1209): Received broadcast action=android.intent.action.PACKAGE_DATA_CLEARED and uri=com.android.helloworldminimal
03-11 15:27:48.803 I/Icing   ( 1209): doRemovePackageData com.android.helloworldminimal
03-11 15:27:50.263 D/AndroidRuntime( 3794): 
03-11 15:27:50.263 D/AndroidRuntime( 3794): >>>>>> AndroidRuntime START com.android.internal.os.RuntimeInit <<<<<<
03-11 15:27:50.263 D/AndroidRuntime( 3794): CheckJNI is OFF
03-11 15:27:50.273 D/dalvikvm( 3794): Trying to load lib libjavacore.so 0x0
03-11 15:27:50.273 D/dalvikvm( 3794): Added shared lib libjavacore.so 0x0
03-11 15:27:50.273 D/dalvikvm( 3794): Trying to load lib libnativehelper.so 0x0
03-11 15:27:50.273 D/dalvikvm( 3794): Added shared lib libnativehelper.so 0x0
03-11 15:27:50.273 D/dalvikvm( 3794): No JNI_OnLoad found in libnativehelper.so 0x0, skipping init
03-11 15:27:50.293 D/dalvikvm( 3794): Note: class Landroid/app/ActivityManagerNative; has 179 unimplemented (abstract) methods
03-11 15:27:50.413 D/AndroidRuntime( 3794): Calling main entry com.android.commands.am.Am
03-11 15:27:50.423 I/ActivityManager(  785): START u0 {flg=0x10000000 cmp=com.android.helloworldminimal/.HelloWorld} from pid 3794
03-11 15:27:50.733 D/AndroidRuntime( 3794): Shutting down VM
03-11 15:27:50.733 D/dalvikvm( 3794): GC_CONCURRENT freed 95K, 15% free 586K/684K, paused 0ms+0ms, total 1ms
03-11 15:27:50.733 I/WindowManager(  785): Screenshot max retries 4 of Token{42d38ac8 ActivityRecord{42e9d780 u0 com.google.android.googlequicksearchbox/com.google.android.launcher.GEL t1}} appWin=Window{431b0e10 u0 com.google.android.googlequicksearchbox/com.google.android.launcher.GEL} drawState=4
03-11 15:27:50.733 W/WindowManager(  785): Screenshot failure taking screenshot for (1080x1920) to layer 21000
03-11 15:27:50.743 I/ActivityManager(  785): Start proc com.android.helloworldminimal for activity com.android.helloworldminimal/.HelloWorld: pid=3812 uid=10076 gids={50076}
03-11 15:27:50.813 D/dalvikvm( 3812): GC_CONCURRENT freed 180K, 2% free 16916K/17128K, paused 2ms+1ms, total 14ms
03-11 15:27:50.903 D/dalvikvm( 3812): GC_CONCURRENT freed 216K, 2% free 17114K/17364K, paused 2ms+2ms, total 12ms
03-11 15:27:50.973 D/dalvikvm( 3812): GC_CONCURRENT freed 218K, 2% free 17330K/17580K, paused 2ms+1ms, total 12ms
03-11 15:27:51.043 D/dalvikvm( 3812): GC_CONCURRENT freed 216K, 2% free 17541K/17792K, paused 1ms+1ms, total 11ms
03-11 15:27:51.153 D/dalvikvm( 3812): GC_CONCURRENT freed 303K, 2% free 17700K/18036K, paused 2ms+3ms, total 25ms
03-11 15:27:51.233 D/dalvikvm( 3812): GC_CONCURRENT freed 320K, 3% free 17804K/18168K, paused 2ms+2ms, total 15ms
03-11 15:27:51.293 I/dalvikvm( 3812): Could not find method java.beans.Introspector.getBeanInfo, referenced from method clojure.core$bean.invoke
03-11 15:27:51.293 W/dalvikvm( 3812): VFY: unable to resolve static method 13119: Ljava/beans/Introspector;.getBeanInfo (Ljava/lang/Class;)Ljava/beans/BeanInfo;
03-11 15:27:51.293 D/dalvikvm( 3812): VFY: replacing opcode 0x71 at 0x0021
03-11 15:27:51.323 D/dalvikvm( 3812): GC_CONCURRENT freed 324K, 2% free 17937K/18296K, paused 2ms+2ms, total 25ms
03-11 15:27:51.393 D/dalvikvm( 3812): GC_CONCURRENT freed 335K, 2% free 18104K/18472K, paused 1ms+2ms, total 19ms
03-11 15:27:51.443 D/dalvikvm( 3812): GC_CONCURRENT freed 446K, 3% free 18137K/18616K, paused 0ms+2ms, total 15ms
03-11 15:27:51.533 D/dalvikvm( 3812): GC_CONCURRENT freed 447K, 3% free 18204K/18684K, paused 2ms+2ms, total 27ms
03-11 15:27:51.533 D/dalvikvm( 3812): WAIT_FOR_CONCURRENT_GC blocked 10ms
03-11 15:27:51.603 D/dalvikvm( 3812): GC_CONCURRENT freed 475K, 3% free 18241K/18748K, paused 2ms+2ms, total 27ms
03-11 15:27:51.603 D/dalvikvm( 3812): WAIT_FOR_CONCURRENT_GC blocked 12ms
03-11 15:27:51.673 D/dalvikvm( 3812): GC_CONCURRENT freed 497K, 3% free 18263K/18792K, paused 2ms+2ms, total 28ms
03-11 15:27:51.673 D/dalvikvm( 3812): WAIT_FOR_CONCURRENT_GC blocked 12ms
03-11 15:27:51.743 D/dalvikvm( 3812): GC_CONCURRENT freed 435K, 3% free 18324K/18792K, paused 2ms+2ms, total 17ms
03-11 15:27:51.803 D/dalvikvm( 3812): GC_CONCURRENT freed 483K, 3% free 18360K/18876K, paused 2ms+2ms, total 18ms
03-11 15:27:51.873 D/dalvikvm( 3812): GC_CONCURRENT freed 509K, 3% free 18407K/18952K, paused 3ms+1ms, total 19ms
03-11 15:27:51.953 D/dalvikvm( 3812): GC_CONCURRENT freed 536K, 3% free 18447K/19016K, paused 2ms+1ms, total 25ms
03-11 15:27:51.953 D/dalvikvm( 3812): WAIT_FOR_CONCURRENT_GC blocked 6ms
03-11 15:27:51.993 D/dalvikvm( 3812): GC_FOR_ALLOC freed 174K, 3% free 18506K/19052K, paused 14ms, total 14ms
03-11 15:27:52.073 D/dalvikvm( 3812): GC_CONCURRENT freed 442K, 3% free 18637K/19112K, paused 2ms+1ms, total 18ms
03-11 15:27:52.143 D/dalvikvm( 3812): GC_CONCURRENT freed 583K, 4% free 18708K/19324K, paused 1ms+1ms, total 17ms
03-11 15:27:52.143 D/dalvikvm( 3812): WAIT_FOR_CONCURRENT_GC blocked 6ms
03-11 15:27:52.203 D/dalvikvm( 3812): GC_CONCURRENT freed 604K, 4% free 18780K/19416K, paused 3ms+0ms, total 19ms
03-11 15:27:52.203 D/dalvikvm( 3812): WAIT_FOR_CONCURRENT_GC blocked 6ms
03-11 15:27:52.263 D/dalvikvm( 3812): GC_CONCURRENT freed 436K, 3% free 18931K/19432K, paused 2ms+1ms, total 20ms
03-11 15:27:52.293 I/Adreno-EGL( 3812): <qeglDrvAPI_eglInitialize:320>: EGL 1.4 QUALCOMM Build: I0404c4692afb8623f95c43aeb6d5e13ed4b30ddbDate: 11/06/13
03-11 15:27:52.313 D/OpenGLRenderer( 3812): Enabling debug mode 0
03-11 15:27:52.383 I/ActivityManager(  785): Displayed com.android.helloworldminimal/.HelloWorld: +1s651ms
03-11 15:27:54.933 D/dalvikvm(  998): GC_CONCURRENT freed 446K, 3% free 17360K/17852K, paused 15ms+2ms, total 32ms
03-11 15:28:03.203 I/FxAccounts( 2828): fennec :: FxAccountSyncAdapter :: Syncing FxAccount account named like XXXXXXXX.XXXXXXXXX@XXXXX.XXX for authority org.mozilla.fennec.db.browser with instance org.mozilla.gecko.fxa.sync.FxAccountSyncAdapter@429b12a0.
03-11 15:28:03.223 D/dalvikvm( 2828): GC_FOR_ALLOC freed 341K, 4% free 17632K/18268K, paused 9ms, total 10ms
03-11 15:28:03.233 I/FxAccounts( 2828): fennec :: FxAccountSyncAdapter :: handleFinal: in Married
03-11 15:28:03.233 I/FxAccounts( 2828): fennec :: AndroidFxAccount :: Moving account named like XXXXXXXX.XXXXXXXXX@XXXXX.XXX to state Married
03-11 15:28:03.263 D/dalvikvm( 2828): GC_FOR_ALLOC freed 342K, 4% free 17632K/18268K, paused 8ms, total 9ms
03-11 15:28:03.283 D/dalvikvm( 2828): GC_FOR_ALLOC freed 223K, 4% free 17626K/18268K, paused 8ms, total 9ms
03-11 15:28:03.283 I/FxAccounts( 2828): fennec :: FxAccountNotificationManager :: State Married needs no action; cancelling any existing notification.
03-11 15:28:04.023 V/QcrilMsgTunnelSocket( 1721): After reading offset = 0 remaining = 4 countRead = 4
03-11 15:28:04.023 D/QcrilMsgTunnelSocket( 1721): messageLength extracted from first 4 inputStream reads = 29
03-11 15:28:04.023 V/QcrilMsgTunnelSocket( 1721): offset = 0 remaining = 29 countRead = 0
03-11 15:28:04.033 V/QcrilMsgTunnelSocket( 1721): offset = 0 remaining = 29 countRead = 29
03-11 15:28:04.033 D/QcrilMsgTunnelSocket( 1721): readRilMessage: Buffer = [B@42980c38 HexData = [0100000004040000110000005155414c434f4d4def0308000100000001]
03-11 15:28:04.033 V/QcrilMsgTunnelSocket( 1721): Read packet: 29 bytes. Data Available = 32 Position = 0
03-11 15:28:04.033 D/QcrilMsgTunnelSocket( 1721): processResponse. message type = 1. Data Available = 28
03-11 15:28:04.033 D/QcrilMsgTunnelSocket( 1721): ByteArray from parcel = 5155414c434f4d4def0308000100000001
03-11 15:28:04.033 D/QcrilMsgTunnelSocket( 1721): Received RIL_UNSOL_OEM_HOOK_RAW message
03-11 15:28:04.033 D/QcrilMsgTunnelSocket( 1721): Oem ID in RIL_UNSOL_OEM_HOOK_RAW is QUALCOMM
03-11 15:28:04.033 D/QcrilMsgTunnelSocket( 1721): OEM ID check Passed
03-11 15:28:04.033 D/QcrilMsgTunnelSocket( 1721): Response ID in RIL_UNSOL_OEM_HOOK_RAW is 525295
03-11 15:28:04.033 D/QcrilMsgTunnelSocket( 1721): Response ID 525295is not served in this process.
03-11 15:28:04.033 D/QcrilMsgTunnelSocket( 1721): To broadcast an Intent via the notifier to external apps
03-11 15:28:04.033 V/QcrilMsgTunnelSocket( 1721): Before reading offset = 0 remaining = 4 countRead = 0
03-11 15:28:04.043 D/QcrilMsgTunnelIfaceManager( 1721): handleMessage what=0
03-11 15:28:04.043 D/QcrilMsgTunnelIfaceManager( 1721): Broadcasting intent ACTION_UNSOL_RESPONSE_OEM_HOOK_RAW
03-11 15:28:04.053 D/MobileDataStateTracker(  785): default: Broadcast received: android.intent.action.ANY_DATA_STATE apnType=default
03-11 15:28:04.053 D/MobileDataStateTracker(  785): default: Received state=CONNECTED, old=CONNECTED, reason=(unspecified)
03-11 15:28:04.723 D/dalvikvm( 2828): GC_FOR_ALLOC freed 206K, 4% free 17667K/18268K, paused 42ms, total 43ms
03-11 15:28:04.723 I/FxAccounts( 2828): fennec :: GlobalSession :: Running next stage checkPreconditions (org.mozilla.gecko.sync.stage.CheckPreconditionsStage@42a19e08)...
03-11 15:28:04.723 I/FxAccounts( 2828): fennec :: GlobalSession :: Running next stage ensureClusterURL (org.mozilla.gecko.sync.stage.CheckPreconditionsStage@429cc3e8)...
03-11 15:28:04.723 I/FxAccounts( 2828): fennec :: GlobalSession :: Running next stage fetchInfoCollections (org.mozilla.gecko.sync.stage.FetchInfoCollectionsStage@42a10018)...
03-11 15:28:04.913 I/FxAccounts( 2828): fennec :: GlobalSession :: Running next stage fetchMetaGlobal (org.mozilla.gecko.sync.stage.FetchMetaGlobalStage@42a3a788)...
03-11 15:28:04.913 I/FxAccounts( 2828): fennec :: FetchMetaGlobalStage :: Trying to use persisted meta/global for this session.
03-11 15:28:04.933 D/dalvikvm( 2828): GC_FOR_ALLOC freed 234K, 4% free 17650K/18268K, paused 21ms, total 22ms
03-11 15:28:04.943 I/FxAccounts( 2828): fennec :: FetchMetaGlobalStage :: Using persisted meta/global for this session.
03-11 15:28:04.943 I/FxAccounts( 2828): fennec :: GlobalSession :: Running next stage ensureKeysStage (org.mozilla.gecko.sync.stage.EnsureCrypto5KeysStage@42a48cb8)...
03-11 15:28:04.953 I/FxAccounts( 2828): fennec :: GlobalSession :: Running next stage syncClientsEngine (org.mozilla.gecko.sync.stage.SyncClientsEngineStage@42a5e2d0)...
03-11 15:28:05.233 D/dalvikvm( 2828): GC_FOR_ALLOC freed 299K, 4% free 17667K/18268K, paused 55ms, total 56ms
03-11 15:28:05.283 D/dalvikvm( 2828): GC_FOR_ALLOC freed 155K, 4% free 17714K/18268K, paused 9ms, total 9ms
03-11 15:28:05.303 D/dalvikvm( 2828): GC_FOR_ALLOC freed 154K, 4% free 17715K/18268K, paused 9ms, total 9ms
