03-10 17:47:16.793 D/BrcmNfcJni(  928): RoutingManager::nfaEeCallback: NFA_EE_SET_TECH_CFG_EVT; status=0x0
03-10 17:47:16.793 D/BrcmNfcJni(  928): RoutingManager::nfaEeCallback: NFA_EE_SET_PROTO_CFG_EVT; status=0x0
03-10 17:47:16.793 E/BrcmNfcNfa(  928): UICC[0x0] is not activated
03-10 17:47:16.793 E/BrcmNfcNfa(  928): UICC[0x0] is not activated
03-10 17:47:16.793 D/BrcmNfcJni(  928): RoutingManager::stackCallback: event=0x15
03-10 17:47:16.793 D/BrcmNfcJni(  928): RoutingManager::stackCallback: NFA_CE_REGISTERED_EVT; status=0x0; h=0x302
03-10 17:47:16.803 V/BufferedAnalyticsState( 1106): Not ready for upload, 571 seconds left.
03-10 17:47:16.803 W/GAV2    ( 1150): Thread[main,5,main]: Need to call initialize() and be in fallback mode to start dispatch.
03-10 17:47:16.803 D/NdefPushServer(  928): start, thread = null
03-10 17:47:16.803 D/NdefPushServer(  928): starting new server thread
03-10 17:47:16.803 D/NdefPushServer(  928): about create LLCP service socket
03-10 17:47:16.803 D/NdefPushServer(  928): created LLCP service socket
03-10 17:47:16.803 D/NdefPushServer(  928): about to accept
03-10 17:47:16.803 D/dalvikvm( 1150): GC_CONCURRENT freed 232K, 3% free 9155K/9420K, paused 1ms+23ms, total 39ms
03-10 17:47:16.813 D/NfcService(  928): NFC-EE OFF
03-10 17:47:16.813 E/BrcmNfcJni(  928): nfcManager_doDeselectSecureElement: already deselected
03-10 17:47:16.813 D/NfcService(  928): NFC-C OFF
03-10 17:47:16.883 D/dalvikvm( 1150): GC_CONCURRENT freed 206K, 3% free 9363K/9600K, paused 2ms+3ms, total 15ms
03-10 17:47:16.933 I/NSApplication( 1150): Starting up...
03-10 17:47:16.953 V/ProvidersChangedReceiver( 1106): calling applySettings
03-10 17:47:16.973 I/GCoreUlr( 1106): Starting service, intent=Intent { cmp=com.google.android.gms/com.google.android.location.reporting.service.DispatchingService (has extras) }, extras=Bundle[{intentType=2, receiverAction=android.location.PROVIDERS_CHANGED}]
03-10 17:47:16.973 I/GCoreUlr( 1106): WorldUpdater received intent Intent { cmp=com.google.android.gms/com.google.android.location.reporting.service.DispatchingService (has extras) } with receiverAction android.location.PROVIDERS_CHANGED, forceUpdate false
03-10 17:47:16.973 D/BluetoothAdapter(  779): 1112019544: getState() :  mService = null. Returning STATE_OFF
03-10 17:47:16.993 I/ActivityManager(  648): Start proc com.google.android.partnersetup for broadcast com.google.android.partnersetup/.PhoneStateReceiver: pid=1215 uid=10028 gids={50028, 3003}
03-10 17:47:17.043 D/dalvikvm( 1150): GC_CONCURRENT freed 289K, 4% free 9492K/9816K, paused 68ms+3ms, total 88ms
03-10 17:47:17.053 I/MediaFocusControl(  648):  AudioFocus  abandonAudioFocus() from android.media.AudioManager@42531f70com.google.apps.dots.android.newsstand.audio.AudioPlayerService$3@424c2a90
03-10 17:47:17.053 I/MultiDex(  976): load(/data/app/com.google.android.gms-2.apk, forceReload=false)
03-10 17:47:17.053 D/dalvikvm(  988): GC_CONCURRENT freed 255K, 4% free 9479K/9776K, paused 2ms+2ms, total 14ms
03-10 17:47:17.063 I/MediaFocusControl(  648):   Remote Control   unregisterMediaButtonIntent() for PendingIntent{42b00e98: PendingIntentRecord{429bd828 com.google.android.apps.magazines broadcastIntent}}
03-10 17:47:17.103 D/dalvikvm(  976): GC_EXPLICIT freed 206K, 3% free 9463K/9696K, paused 3ms+4ms, total 30ms
03-10 17:47:17.123 I/MultiDex(  976): Need extracted file /data/data/com.google.android.gms/files/secondary-dexes/com.google.android.gms-2.apk.classes2.zip
03-10 17:47:17.123 I/MultiDex(  976): No extraction needed for /data/data/com.google.android.gms/files/secondary-dexes/com.google.android.gms-2.apk.classes2.zip of size 1430457
03-10 17:47:17.133 D/GCM     (  976): COMPAT: Multi user ser=0 current=0
03-10 17:47:17.153 I/GCoreUlr( 1106): Ensuring that reporting is stopped because of reasons: {account#-17#=[InactiveReason{mVersionCode=0, mIdentifier=6, mName='ReportingNotSelected'}]}
03-10 17:47:17.153 D/GCoreFlp( 1106): Unknown pending intent to remove.
03-10 17:47:17.153 I/GCoreUlr( 1106): Unbound from all location providers
03-10 17:47:17.153 I/ActivityManager(  648): Start proc com.facebook.katana:dash_service for broadcast com.facebook.katana/com.facebook.keyguardservice.KeyguardServiceBooter: pid=1241 uid=10114 gids={50114, 1028, 1015, 3003}
03-10 17:47:17.193 W/GCM     (  976): Using fallback http
03-10 17:47:17.193 I/GoogleHttpClient(  976): Falling back to old http client 0 java.lang.NoSuchMethodException: <init> [class android.content.Context, class java.lang.String, boolean]
03-10 17:47:17.213 I/GCM     (  976): GCM config loaded
03-10 17:47:17.213 D/GCM     (  976): GcmService start Intent { act=com.google.android.gms.INITIALIZE flg=0x10 pkg=com.google.android.gms cmp=com.google.android.gms/.gcm.GcmService } com.google.android.gms.INITIALIZE
03-10 17:47:17.233 D/dalvikvm(  976): GC_CONCURRENT freed 287K, 4% free 9609K/9996K, paused 2ms+3ms, total 15ms
03-10 17:47:17.233 D/dalvikvm(  976): WAIT_FOR_CONCURRENT_GC blocked 10ms
03-10 17:47:17.263 D/ConnectivityService(  648): handleInetConditionChange: no active default network - ignore
03-10 17:47:17.313 D/CatchMeIfYouCan( 1241): Process (dash_service) ca: '/data/data/com.facebook.katana/app_cmiyc/FC3D6AF0DCAD751E9720A8A1538A89840AD3817701'
03-10 17:47:17.313 D/CatchMeIfYouCan( 1241): Process (dash_service) fc: '/data/data/com.facebook.katana/app_cmiyc/FC3D6AF0DCAD751E9720A8A1538A89840AD3817702'
03-10 17:47:17.313 D/CatchMeIfYouCan( 1241): Process (dash_service) cp: '('default', 3, 120000, silent [true], restart [false], logout [false])'
03-10 17:47:17.333 D/ACRA    ( 1241): ACRA is enabled for com.facebook.katana, intializing...
03-10 17:47:17.343 D/ACRA    ( 1241): Looking for error files in /data/data/com.facebook.katana/app_acra-reports
03-10 17:47:17.343 D/ACRA    ( 1241): Looking for error files in /data/data/com.facebook.katana/app_minidumps
03-10 17:47:17.364 D/dalvikvm( 1241): Trying to load lib /data/app-lib/com.facebook.katana-2/libfb_stl_shared.so 0x4247d808
03-10 17:47:17.364 D/dalvikvm( 1241): Added shared lib /data/app-lib/com.facebook.katana-2/libfb_stl_shared.so 0x4247d808
03-10 17:47:17.364 D/dalvikvm( 1241): No JNI_OnLoad found in /data/app-lib/com.facebook.katana-2/libfb_stl_shared.so 0x4247d808, skipping init
03-10 17:47:17.364 D/dalvikvm( 1241): Trying to load lib /data/app-lib/com.facebook.katana-2/libfb_breakpad_client.so 0x4247d808
03-10 17:47:17.364 D/dalvikvm( 1241): Added shared lib /data/app-lib/com.facebook.katana-2/libfb_breakpad_client.so 0x4247d808
03-10 17:47:17.384 W/SystemClassLoaderAdder( 1241): Could not find zipFile entry corresponding to path /data/app/com.facebook.katana-2.apk
03-10 17:47:17.384 V/DexLibLoader( 1241): Preparing secondary program dexes.
03-10 17:47:17.404 V/DexLibLoader( 1241): Loaded 2 raw lines of metadata.
03-10 17:47:17.404 V/DexLibLoader( 1241): Secondary program dex metadata: secondary-1.dex.jar.xz 188f1cf98e7929d7457e2cdf72a0777981e1fc27 secondary.dex01.Canary
03-10 17:47:17.404 V/DexLibLoader( 1241): Secondary program dex metadata: secondary-2.dex.jar.xz 14314443648960c2f9d1e4924306d1af2de75315 secondary.dex02.Canary
03-10 17:47:17.404 W/DexLibLoader( 1241): Unexpected file in program dex directory: /data/data/com.facebook.katana/app_secondary_program_dex/temp_dex_lock
03-10 17:47:17.404 D/dalvikvm( 1241): GC_CONCURRENT freed 258K, 4% free 9139K/9428K, paused 3ms+3ms, total 22ms
03-10 17:47:17.404 V/DexLibLoader( 1241): Preparing to extract secondary-1.dex.jar.xz to /data/data/com.facebook.katana/app_secondary_program_dex/program-188f1cf98e7929d7457e2cdf72a0777981e1fc2731a2345d.dex.jar
03-10 17:47:17.404 V/DexLibLoader( 1241): Dex already copied
03-10 17:47:17.414 D/OdexVerifier( 1241): Odex verification is skipped.
03-10 17:47:17.414 V/DexLibLoader( 1241): Creating class loader
03-10 17:47:17.414 V/DexLibLoader( 1241): Finished creating class loader
03-10 17:47:17.414 V/DexLibLoader( 1241): Preparing to extract secondary-2.dex.jar.xz to /data/data/com.facebook.katana/app_secondary_program_dex/program-14314443648960c2f9d1e4924306d1af2de7531531a2345d.dex.jar
03-10 17:47:17.414 V/DexLibLoader( 1241): Dex already copied
03-10 17:47:17.414 D/OdexVerifier( 1241): Odex verification is skipped.
03-10 17:47:17.414 V/DexLibLoader( 1241): Creating class loader
03-10 17:47:17.424 V/DexLibLoader( 1241): Finished creating class loader
03-10 17:47:17.424 V/DexLibLoader( 1241): Verifying classes from secondary dexes.
03-10 17:47:17.454 D/DexLibLoader( 1241): DexLibLoader.ensureDexLoaded took 83 ms
03-10 17:47:17.514 D/WifiStateMachine(  648): VerifyingLinkState enter
03-10 17:47:17.524 D/WifiStateMachine(  648): VerifyingLinkState GOOD_LINK_DETECTED: transition to captive portal check
03-10 17:47:17.524 D/WifiStateMachine(  648): CaptivePortalCheckState enter
03-10 17:47:17.524 D/WifiStateMachine(  648): CaptivePortalCheckState CMD_CAPTIVE_CHECK_COMPLETE
03-10 17:47:17.524 D/ConnectivityService(  648): Captive portal check NetworkInfo: type: WIFI[], state: CONNECTING/CAPTIVE_PORTAL_CHECK, reason: (unspecified), extra: "kariniemi", roaming: false, failover: false, isAvailable: true, isConnectedToProvisioningNetwork: false
03-10 17:47:17.524 D/ConnectivityService(  648): handleCaptivePortalTrackerCheck: call captivePortalCheckComplete ni=NetworkInfo: type: WIFI[], state: CONNECTING/CAPTIVE_PORTAL_CHECK, reason: (unspecified), extra: "kariniemi", roaming: false, failover: false, isAvailable: true, isConnectedToProvisioningNetwork: false
03-10 17:47:17.534 D/ConnectivityService(  648): ConnectivityChange for WIFI: CONNECTED/CONNECTED
03-10 17:47:17.534 E/ConnectivityService(  648): Unexpected mtu value: android.net.wifi.WifiStateTracker@42acd998
03-10 17:47:17.544 D/Nat464Xlat(  648): requiresClat: netType=1, hasIPv4Address=true
03-10 17:47:17.734 D/dalvikvm( 1241): GC_CONCURRENT freed 359K, 5% free 9209K/9604K, paused 1ms+3ms, total 18ms
03-10 17:47:17.824 D/dalvikvm( 1241): GC_CONCURRENT freed 306K, 4% free 9362K/9700K, paused 3ms+2ms, total 20ms
03-10 17:47:17.934 D/dalvikvm( 1241): GC_CONCURRENT freed 318K, 4% free 9540K/9892K, paused 4ms+3ms, total 29ms
03-10 17:47:18.034 D/dalvikvm( 1241): GC_CONCURRENT freed 330K, 4% free 9710K/10072K, paused 1ms+4ms, total 24ms
03-10 17:47:18.124 D/dalvikvm( 1241): GC_CONCURRENT freed 298K, 4% free 9891K/10220K, paused 2ms+2ms, total 25ms
03-10 17:47:18.214 D/dalvikvm( 1241): GC_CONCURRENT freed 307K, 4% free 10030K/10368K, paused 2ms+2ms, total 21ms
03-10 17:47:18.314 D/dalvikvm( 1241): GC_CONCURRENT freed 361K, 4% free 10169K/10564K, paused 2ms+4ms, total 29ms
03-10 17:47:18.324 D/BluetoothManagerService(  648): Message: 30
03-10 17:47:18.324 W/ContextImpl(  648): Calling a method in the system process without a qualified user: android.app.ContextImpl.bindService:1543 android.bluetooth.BluetoothHeadset.doBind:283 android.bluetooth.BluetoothHeadset.<init>:276 android.bluetooth.BluetoothAdapter.getProfileProxy:1181 android.media.AudioService.getBluetoothHeadset:2245 
03-10 17:47:18.334 D/BluetoothManagerService(  648): Message: 30
03-10 17:47:18.334 W/ContextImpl(  648): Calling a method in the system process without a qualified user: android.app.ContextImpl.bindService:1543 android.bluetooth.BluetoothA2dp.doBind:165 android.bluetooth.BluetoothA2dp.<init>:158 android.bluetooth.BluetoothAdapter.getProfileProxy:1184 android.media.AudioService$AudioServiceBroadcastReceiver.onReceive:4166 
03-10 17:47:18.334 V/WiredAccessoryManager(  648): init()
03-10 17:47:18.334 I/PowerManagerService(  648): Boot animation finished.
03-10 17:47:18.344 I/ActivityManager(  648): Start proc com.android.providers.calendar for broadcast com.android.providers.calendar/.CalendarReceiver: pid=1296 uid=10008 gids={50008, 3003, 1028, 1015}
03-10 17:47:18.354 I/RecoverySystem(  648): No recovery log file
03-10 17:47:18.415 I/ActivityManager(  648): Start proc com.chrome.beta for service com.chrome.beta/com.google.android.apps.chrome.sync.ChromeBrowserSyncAdapterService: pid=1311 uid=10110 gids={50110, 3003, 1028, 1015}
03-10 17:47:18.465 I/ActivityManager(  648): Start proc com.facebook.katana for content provider com.facebook.katana/.provider.orca.FbSharedPreferencesContentProvider: pid=1332 uid=10114 gids={50114, 1028, 1015, 3003}
03-10 17:47:18.475 D/dalvikvm(  187): GC_EXPLICIT freed 43K, 1% free 8980K/9056K, paused 1ms+2ms, total 20ms
03-10 17:47:18.495 D/dalvikvm(  187): GC_EXPLICIT freed <1K, 1% free 8980K/9056K, paused 1ms+2ms, total 17ms
03-10 17:47:18.505 D/dalvikvm(  187): GC_EXPLICIT freed <1K, 1% free 8980K/9056K, paused 1ms+2ms, total 16ms
03-10 17:47:18.505 I/BootReceiver(  648): Copying /proc/last_kmsg to DropBox (SYSTEM_LAST_KMSG)
03-10 17:47:18.535 I/BootReceiver(  648): Copying audit failures to DropBox
03-10 17:47:18.605 D/dalvikvm(  648): GC_CONCURRENT freed 1448K, 14% free 16621K/19108K, paused 4ms+4ms, total 67ms
03-10 17:47:18.605 D/dalvikvm(  648): WAIT_FOR_CONCURRENT_GC blocked 61ms
03-10 17:47:18.605 D/dalvikvm(  648): WAIT_FOR_CONCURRENT_GC blocked 54ms
03-10 17:47:18.605 D/dalvikvm(  648): WAIT_FOR_CONCURRENT_GC blocked 41ms
03-10 17:47:18.605 D/dalvikvm(  648): WAIT_FOR_CONCURRENT_GC blocked 31ms
03-10 17:47:18.605 D/dalvikvm(  648): WAIT_FOR_CONCURRENT_GC blocked 60ms
03-10 17:47:18.605 I/CalendarProvider2( 1296): Created com.android.providers.calendar.CalendarAlarmManager@42493690(com.android.providers.calendar.CalendarProvider2@4248b360)
03-10 17:47:18.625 I/BootReceiver(  648): Copied 1686 worth of audits to DropBox
03-10 17:47:18.625 I/BootReceiver(  648): Checking for fsck errors
03-10 17:47:18.635 D/DelayedSyncController( 1311): Delaying sync.
03-10 17:47:18.645 D/CatchMeIfYouCan( 1332): Process (<default>) ca: '/data/user/0/com.facebook.katana/app_cmiyc/A1657CCD543F12E66E587EE52ED9D802E22AAC4701'
03-10 17:47:18.645 D/CatchMeIfYouCan( 1332): Process (<default>) fc: '/data/user/0/com.facebook.katana/app_cmiyc/A1657CCD543F12E66E587EE52ED9D802E22AAC4702'
03-10 17:47:18.645 D/CatchMeIfYouCan( 1332): Process (<default>) cp: '('default', 3, 120000, silent [true], restart [false], logout [false])'
03-10 17:47:18.645 I/ActivityManager(  648): Delay finish: com.android.providers.calendar/.CalendarReceiver
03-10 17:47:18.655 D/ACRA    ( 1332): ACRA is enabled for com.facebook.katana, intializing...
03-10 17:47:18.665 D/ACRA    ( 1332): Looking for error files in /data/user/0/com.facebook.katana/app_acra-reports
03-10 17:47:18.665 D/ACRA    ( 1332): Looking for error files in /data/user/0/com.facebook.katana/app_minidumps
03-10 17:47:18.665 D/dalvikvm( 1332): Trying to load lib /data/app-lib/com.facebook.katana-2/libfb_stl_shared.so 0x4248c078
03-10 17:47:18.675 D/dalvikvm( 1332): Added shared lib /data/app-lib/com.facebook.katana-2/libfb_stl_shared.so 0x4248c078
03-10 17:47:18.675 D/dalvikvm( 1332): No JNI_OnLoad found in /data/app-lib/com.facebook.katana-2/libfb_stl_shared.so 0x4248c078, skipping init
03-10 17:47:18.675 D/dalvikvm( 1332): Trying to load lib /data/app-lib/com.facebook.katana-2/libfb_breakpad_client.so 0x4248c078
03-10 17:47:18.675 D/dalvikvm( 1332): Added shared lib /data/app-lib/com.facebook.katana-2/libfb_breakpad_client.so 0x4248c078
03-10 17:47:18.675 W/SystemClassLoaderAdder( 1332): Could not find zipFile entry corresponding to path /data/app/com.facebook.katana-2.apk
03-10 17:47:18.675 V/DexLibLoader( 1332): Preparing secondary program dexes.
03-10 17:47:18.685 V/DexLibLoader( 1332): Loaded 2 raw lines of metadata.
03-10 17:47:18.685 V/DexLibLoader( 1332): Secondary program dex metadata: secondary-1.dex.jar.xz 188f1cf98e7929d7457e2cdf72a0777981e1fc27 secondary.dex01.Canary
03-10 17:47:18.685 V/DexLibLoader( 1332): Secondary program dex metadata: secondary-2.dex.jar.xz 14314443648960c2f9d1e4924306d1af2de75315 secondary.dex02.Canary
03-10 17:47:18.685 D/dalvikvm( 1332): GC_CONCURRENT freed 286K, 4% free 9156K/9476K, paused 1ms+2ms, total 18ms
03-10 17:47:18.685 W/DexLibLoader( 1332): Unexpected file in program dex directory: /data/user/0/com.facebook.katana/app_secondary_program_dex/temp_dex_lock
03-10 17:47:18.685 V/DexLibLoader( 1332): Preparing to extract secondary-1.dex.jar.xz to /data/user/0/com.facebook.katana/app_secondary_program_dex/program-188f1cf98e7929d7457e2cdf72a0777981e1fc2731a2345d.dex.jar
03-10 17:47:18.685 V/DexLibLoader( 1332): Dex already copied
03-10 17:47:18.685 D/OdexVerifier( 1332): Odex verification is skipped. OS version not supported.
03-10 17:47:18.685 V/DexLibLoader( 1332): Creating class loader
03-10 17:47:18.685 V/DexLibLoader( 1332): Finished creating class loader
03-10 17:47:18.685 V/DexLibLoader( 1332): Preparing to extract secondary-2.dex.jar.xz to /data/user/0/com.facebook.katana/app_secondary_program_dex/program-14314443648960c2f9d1e4924306d1af2de7531531a2345d.dex.jar
03-10 17:47:18.685 V/DexLibLoader( 1332): Dex already copied
03-10 17:47:18.685 D/OdexVerifier( 1332): Odex verification is skipped. OS version not supported.
03-10 17:47:18.685 V/DexLibLoader( 1332): Creating class loader
03-10 17:47:18.685 V/DexLibLoader( 1332): Finished creating class loader
03-10 17:47:18.695 V/DexLibLoader( 1332): Verifying classes from secondary dexes.
03-10 17:47:18.695 D/DexLibLoader( 1332): DexLibLoader.ensureDexLoaded took 17 ms
03-10 17:47:18.785 D/dalvikvm( 1332): GC_CONCURRENT freed 298K, 4% free 9299K/9632K, paused 2ms+2ms, total 15ms
03-10 17:47:18.865 D/dalvikvm( 1332): GC_CONCURRENT freed 326K, 4% free 9419K/9780K, paused 2ms+1ms, total 15ms
03-10 17:47:18.945 D/dalvikvm( 1332): GC_CONCURRENT freed 307K, 4% free 9592K/9932K, paused 2ms+4ms, total 23ms
03-10 17:47:19.105 D/dalvikvm( 1332): GC_CONCURRENT freed 289K, 3% free 9818K/10096K, paused 1ms+3ms, total 25ms
03-10 17:47:19.105 D/ConnectivityService(  648): handleConnectivityChange: addresses changed linkProperty[1]: resetMask=0
03-10 17:47:19.105 D/ConnectivityService(  648):    car=removed=[] added=[fe80::beee:7bff:fe4c:a773/64,]
03-10 17:47:19.105 D/Nat464Xlat(  648): requiresClat: netType=1, hasIPv4Address=true
03-10 17:47:19.205 D/dalvikvm( 1332): GC_CONCURRENT freed 375K, 4% free 9940K/10348K, paused 2ms+3ms, total 24ms
03-10 17:47:19.315 D/dalvikvm( 1332): GC_CONCURRENT freed 325K, 4% free 10144K/10484K, paused 2ms+3ms, total 28ms
03-10 17:47:19.385 W/dalvikvm( 1332): method Lcom/facebook/reflex/view/AbstractListView;.invalidate incorrectly overrides package-private method with same name in Landroid/view/View;
03-10 17:47:19.395 W/dalvikvm( 1332): method Lcom/facebook/reflex/view/GalleryViewAutoReflex;.invalidate incorrectly overrides package-private method with same name in Landroid/view/View;
03-10 17:47:19.395 W/dalvikvm( 1332): method Lcom/facebook/reflex/view/HorizontalScrollViewAutoReflex;.invalidate incorrectly overrides package-private method with same name in Landroid/view/View;
03-10 17:47:19.395 W/dalvikvm( 1332): method Lcom/facebook/reflex/view/ImageViewAutoReflex;.invalidate incorrectly overrides package-private method with same name in Landroid/view/View;
03-10 17:47:19.406 W/dalvikvm( 1332): method Lcom/facebook/reflex/view/ScrollViewAutoReflex;.invalidate incorrectly overrides package-private method with same name in Landroid/view/View;
03-10 17:47:19.406 W/dalvikvm( 1332): method Lcom/facebook/reflex/view/ViewPagerAutoReflex;.invalidate incorrectly overrides package-private method with same name in Landroid/view/View;
03-10 17:47:19.406 D/dalvikvm( 1332): GC_CONCURRENT freed 302K, 4% free 10280K/10616K, paused 2ms+3ms, total 29ms
03-10 17:47:19.506 D/dalvikvm( 1332): GC_CONCURRENT freed 318K, 4% free 10474K/10824K, paused 2ms+2ms, total 24ms
03-10 17:47:19.506 D/dalvikvm( 1332): WAIT_FOR_CONCURRENT_GC blocked 4ms
03-10 17:47:19.586 D/dalvikvm( 1332): GC_CONCURRENT freed 278K, 3% free 10711K/11020K, paused 2ms+2ms, total 33ms
03-10 17:47:19.586 D/dalvikvm( 1332): WAIT_FOR_CONCURRENT_GC blocked 7ms
03-10 17:47:19.656 I/CalendarProvider2( 1296): Sending notification intent: Intent { act=android.intent.action.PROVIDER_CHANGED dat=content://com.android.calendar }
03-10 17:47:19.656 W/ContentResolver( 1296): Failed to get type for: content://com.android.calendar (Unknown URL content://com.android.calendar)
03-10 17:47:19.656 I/ActivityManager(  648): Resuming delayed broadcast
03-10 17:47:19.656 I/ActivityManager(  648): Start proc com.google.android.configupdater for broadcast com.google.android.configupdater/.CertPin.CertPinUpdateRequestReceiver: pid=1376 uid=10011 gids={50011, 3003, 2001}
03-10 17:47:19.706 D/dalvikvm( 1332): GC_CONCURRENT freed 333K, 4% free 10959K/11324K, paused 5ms+3ms, total 41ms
03-10 17:47:19.706 D/dalvikvm( 1332): WAIT_FOR_CONCURRENT_GC blocked 8ms
03-10 17:47:19.726 E/UpdateRequestReceiver( 1376): ignoring update request
03-10 17:47:19.726 E/UpdateRequestReceiver( 1376): ignoring update request
03-10 17:47:19.736 E/UpdateRequestReceiver( 1376): ignoring update request
03-10 17:47:19.736 E/UpdateRequestReceiver( 1376): ignoring update request
03-10 17:47:19.746 E/UpdateRequestReceiver( 1376): ignoring update request
03-10 17:47:19.756 D/dalvikvm( 1376): GC_CONCURRENT freed 339K, 4% free 9030K/9404K, paused 1ms+1ms, total 16ms
03-10 17:47:19.756 E/UpdateRequestReceiver( 1376): ignoring update request
03-10 17:47:19.766 I/ActivityManager(  648): Delay finish: com.android.providers.downloads/.DownloadReceiver
03-10 17:47:19.786 I/ActivityManager(  648): Resuming delayed broadcast
03-10 17:47:19.796 I/ActivityManager(  648): Start proc com.google.android.onetimeinitializer for broadcast com.google.android.onetimeinitializer/.OneTimeInitializerReceiver: pid=1403 uid=10027 gids={50027}
03-10 17:47:19.826 V/OneTimeInitializerReceiver( 1403): OneTimeInitializerReceiver.onReceive
03-10 17:47:19.826 I/ActivityManager(  648): Delay finish: com.google.android.onetimeinitializer/.OneTimeInitializerReceiver
03-10 17:47:19.836 V/OneTimeService( 1403): OneTimeService.onHandleIntent
03-10 17:47:19.846 I/ActivityManager(  648): Resuming delayed broadcast
03-10 17:47:19.856 I/ActivityManager(  648): Delay finish: com.google.android.partnersetup/.GooglePartnerSetup
03-10 17:47:19.926 D/dalvikvm( 1332): GC_CONCURRENT freed 382K, 4% free 11160K/11576K, paused 5ms+3ms, total 69ms
03-10 17:47:20.046 W/dalvikvm( 1332): method Lcom/facebook/reflex/view/FrameLayoutAutoReflex;.invalidate incorrectly overrides package-private method with same name in Landroid/view/View;
03-10 17:47:20.066 D/dalvikvm( 1106): GC_CONCURRENT freed 371K, 4% free 10116K/10528K, paused 3ms+1ms, total 23ms
03-10 17:47:20.066 I/ActivityManager(  648): Resuming delayed broadcast
03-10 17:47:20.076 I/ActivityManager(  648): Delay finish: com.google.android.partnersetup/.RlzPingBroadcastReceiver
03-10 17:47:20.096 D/dalvikvm( 1332): GC_CONCURRENT freed 468K, 5% free 11414K/11916K, paused 1ms+2ms, total 37ms
03-10 17:47:20.126 W/dalvikvm( 1332): method Lcom/facebook/messaging/reflex/SwipableOverlayLayoutAutoReflex;.invalidate incorrectly overrides package-private method with same name in Landroid/view/View;
03-10 17:47:20.146 I/RlzPingService( 1215): Setting next ping for 1395071240154
03-10 17:47:20.156 I/ActivityManager(  648): Resuming delayed broadcast
03-10 17:47:20.166 I/ActivityManager(  648): Delay finish: com.google.android.gsf/.checkin.CheckinService$Receiver
03-10 17:47:20.176 D/dalvikvm( 1215): GC_CONCURRENT freed 281K, 4% free 9104K/9424K, paused 3ms+4ms, total 32ms
03-10 17:47:20.186 I/ActivityManager(  648): Resuming delayed broadcast
03-10 17:47:20.196 I/ActivityManager(  648): Delay finish: com.google.android.gsf/.update.SystemUpdateService$Receiver
03-10 17:47:20.206 I/SystemUpdateService(  976): cancelUpdate (empty URL)
03-10 17:47:20.226 D/dalvikvm(  976): GC_CONCURRENT freed 495K, 6% free 9561K/10152K, paused 3ms+2ms, total 22ms
03-10 17:47:20.236 D/dalvikvm( 1066): GC_CONCURRENT freed 208K, 3% free 9158K/9400K, paused 1ms+1ms, total 18ms
03-10 17:47:20.246 I/SystemUpdateService(  976): cancelUpdate (empty URL)
03-10 17:47:20.256 I/ActivityManager(  648): Resuming delayed broadcast
03-10 17:47:20.266 D/dalvikvm( 1332): GC_CONCURRENT freed 494K, 5% free 11734K/12260K, paused 3ms+3ms, total 45ms
03-10 17:47:20.266 D/dalvikvm( 1332): WAIT_FOR_CONCURRENT_GC blocked 15ms
03-10 17:47:20.266 E/FbInjectorInitializer( 1332): Multi-binding Key[type=com.facebook.common.init.INeedInit, annotation=[none]] wasn't declared.
03-10 17:47:20.266 I/ActivityManager(  648): Delay finish: com.android.providers.media/.MediaScannerReceiver
03-10 17:47:20.315 I/ActivityManager(  648): Resuming delayed broadcast
03-10 17:47:20.345 I/ActivityManager(  648): Start proc com.google.android.nfcprovision for broadcast com.google.android.nfcprovision/.BootReceiver: pid=1459 uid=10046 gids={50046, 1028, 3002, 3001, 3003}
03-10 17:47:20.395 I/ActivityManager(  648): Start proc com.google.android.deskclock for broadcast com.google.android.deskclock/com.android.deskclock.AlarmInitReceiver: pid=1472 uid=10015 gids={50015, 1028}
03-10 17:47:20.447 D/dalvikvm( 1332): GC_CONCURRENT freed 660K, 6% free 11988K/12688K, paused 2ms+2ms, total 38ms
03-10 17:47:20.447 D/dalvikvm( 1332): WAIT_FOR_CONCURRENT_GC blocked 12ms
03-10 17:47:20.485 I/ActivityManager(  648): Start proc com.google.android.email for broadcast com.google.android.email/com.android.email.service.EmailBroadcastReceiver: pid=1488 uid=10018 gids={50018, 3003, 1028, 1015}
03-10 17:47:20.525 W/BroadcastQueue(  648): Permission Denial: broadcasting Intent { act=android.net.conn.CONNECTIVITY_CHANGE flg=0x4000010 (has extras) } from null (pid=-1, uid=-1) requires com.facebook.permission.prod.FB_APP_COMMUNICATION due to registered receiver BroadcastFilter{42d2b368 u0 ReceiverList{42d2b278 1241 com.facebook.katana:dash_service/10114/u0 remote:42d2af60}}
03-10 17:47:20.557 D/Tethering(  648): MasterInitialState.processMessage what=3
03-10 17:47:20.557 D/CaptivePortalTracker(  648): NoActiveNetworkState{ when=-1ms what=1 obj=NetworkInfo: type: WIFI[], state: CONNECTED/CONNECTED, reason: (unspecified), extra: "kariniemi", roaming: false, failover: false, isAvailable: true, isConnectedToProvisioningNetwork: false target=com.android.internal.util.StateMachine$SmHandler }
03-10 17:47:20.095 W/fb4a(:<default>):BaseAnalyticsConfig( 1332): willEventBeLogged() called before shared prefs were initialized! Defaulting to true.
03-10 17:47:20.095 W/fb4a(:<default>):BaseAnalyticsConfig( 1332): willEventBeLogged() called before shared prefs were initialized! Defaulting to true.
03-10 17:47:20.115 D/GpsLocationProvider(  648): NTP server returned: 1394466437132 (Mon Mar 10 17:47:17 EET 2014) reference: 29068 certainty: 10 system time offset: -2995
03-10 17:47:20.235 D/dalvikvm( 1066): GC_CONCURRENT freed 254K, 3% free 9297K/9584K, paused 2ms+2ms, total 15ms
03-10 17:47:20.315 V/MediaScanner( 1066): pruneDeadThumbnailFiles... android.database.sqlite.SQLiteCursor@424e9000
03-10 17:47:20.315 V/MediaScanner( 1066): /pruneDeadThumbnailFiles... android.database.sqlite.SQLiteCursor@424e9000
03-10 17:47:20.345 D/MtpService( 1066): updating state; isCurrentUser=true, mMtpLocked=false
03-10 17:47:20.385 D/dalvikvm( 1332): GC_CONCURRENT freed 631K, 6% free 12261K/12928K, paused 3ms+3ms, total 36ms
03-10 17:47:20.435 V/AlarmClock( 1472): AlarmInitReceiver android.intent.action.BOOT_COMPLETED
03-10 17:47:20.455 D/dalvikvm( 1241): GC_CONCURRENT freed 232K, 3% free 10430K/10696K, paused 2ms+3ms, total 23ms
03-10 17:47:20.455 V/AlarmClock( 1472): AlarmInitReceiver - Reset timers and clear stopwatch data
03-10 17:47:20.465 I/AlarmClock( 1472): Displaying next alarm time: ''
03-10 17:47:20.475 V/AlarmClock( 1472): AlarmInitReceiver finished
03-10 17:47:20.557 D/        (  648): Setting time of day to sec=1394466440
03-10 17:47:20.605 D/dalvikvm(  648): GC_EXPLICIT freed 894K, 14% free 16506K/19108K, paused 3ms+5ms, total 76ms
03-10 17:47:20.605 W/BroadcastQueue(  648): Permission Denial: broadcasting Intent { act=android.net.conn.CONNECTIVITY_CHANGE flg=0x4000010 (has extras) } from null (pid=-1, uid=-1) requires com.facebook.permission.prod.FB_APP_COMMUNICATION due to registered receiver BroadcastFilter{42e3b968 u0 ReceiverList{42e32aa8 1241 com.facebook.katana:dash_service/10114/u0 remote:42d2b9f0}}
03-10 17:47:20.615 D/ActivityThread( 1488): Loading provider com.google.android.email.provider;com.google.android.email.notifier: com.android.email.provider.EmailProvider
03-10 17:47:20.615 D/ActivityThread( 1488): Loading provider com.google.android.email.provider;com.google.android.email.notifier: com.android.email.provider.EmailProvider
03-10 17:47:20.625 I/ActivityManager(  648): Delay finish: com.google.android.syncadapters.contacts/.ContactsSyncAdapterBroadcastReceiver
03-10 17:47:20.645 D/dalvikvm( 1241): GC_CONCURRENT freed 365K, 4% free 10580K/10976K, paused 3ms+1ms, total 25ms
03-10 17:47:20.645 D/dalvikvm( 1241): WAIT_FOR_CONCURRENT_GC blocked 5ms
03-10 17:47:20.645 D/dalvikvm( 1241): WAIT_FOR_CONCURRENT_GC blocked 7ms
03-10 17:47:20.645 I/ActivityManager(  648): Resuming delayed broadcast
03-10 17:47:20.655 I/LauncherIconVisibilityManager(  869): Boot has been completed
03-10 17:47:20.655 I/LauncherIconVisibilityManager(  869): Activity has already been disabled: ComponentInfo{com.google.android.inputmethod.latin/com.android.inputmethod.latin.setup.SetupActivity}
03-10 17:47:20.655 E/dalvikvm( 1241): Could not find class 'org.apache.harmony.xnet.provider.jsse.OpenSSLSocketImpl', referenced from method com.facebook.ssl.openssl.check.CheckOpenSSLImplHasRequiredMethods.<clinit>
03-10 17:47:20.655 W/dalvikvm( 1241): VFY: unable to resolve const-class 13583 (Lorg/apache/harmony/xnet/provider/jsse/OpenSSLSocketImpl;) in Lcom/facebook/ssl/openssl/check/CheckOpenSSLImplHasRequiredMethods;
03-10 17:47:20.655 D/dalvikvm( 1241): VFY: replacing opcode 0x1c at 0x000d
03-10 17:47:20.655 E/dalvikvm( 1241): Could not find class 'org.apache.harmony.xnet.provider.jsse.OpenSSLSocketFactoryImpl', referenced from method com.facebook.ssl.openssl.reflect.SSLParametersGetter.<clinit>
03-10 17:47:20.655 W/dalvikvm( 1241): VFY: unable to resolve const-class 13582 (Lorg/apache/harmony/xnet/provider/jsse/OpenSSLSocketFactoryImpl;) in Lcom/facebook/ssl/openssl/reflect/SSLParametersGetter;
03-10 17:47:20.655 D/dalvikvm( 1241): VFY: replacing opcode 0x1c at 0x000d
03-10 17:47:20.655 E/dalvikvm( 1241): Could not find class 'org.apache.harmony.xnet.provider.jsse.SSLParametersImpl', referenced from method com.facebook.ssl.openssl.reflect.SSLParametersGetter.a
03-10 17:47:20.655 W/dalvikvm( 1241): VFY: unable to resolve check-cast 13585 (Lorg/apache/harmony/xnet/provider/jsse/SSLParametersImpl;) in Lcom/facebook/ssl/openssl/reflect/SSLParametersGetter;
03-10 17:47:20.655 D/dalvikvm( 1241): VFY: replacing opcode 0x1f at 0x0006
03-10 17:47:20.655 E/dalvikvm( 1241): Could not find class 'org.apache.harmony.xnet.provider.jsse.SSLParametersImpl', referenced from method com.facebook.ssl.openssl.reflect.SSLSessionTimeoutSetter.<clinit>
03-10 17:47:20.655 W/dalvikvm( 1241): VFY: unable to resolve const-class 13585 (Lorg/apache/harmony/xnet/provider/jsse/SSLParametersImpl;) in Lcom/facebook/ssl/openssl/reflect/SSLSessionTimeoutSetter;
03-10 17:47:20.655 D/dalvikvm( 1241): VFY: replacing opcode 0x1c at 0x000d
03-10 17:47:20.655 W/dalvikvm( 1241): VFY: unable to find class referenced in signature (Lorg/apache/harmony/xnet/provider/jsse/SSLParametersImpl;)
03-10 17:47:20.655 E/dalvikvm( 1241): Could not find class 'org.apache.harmony.xnet.provider.jsse.ClientSessionContext', referenced from method com.facebook.ssl.openssl.reflect.SSLSessionTimeoutSetter.a
03-10 17:47:20.655 W/dalvikvm( 1241): VFY: unable to resolve check-cast 13581 (Lorg/apache/harmony/xnet/provider/jsse/ClientSessionContext;) in Lcom/facebook/ssl/openssl/reflect/SSLSessionTimeoutSetter;
03-10 17:47:20.655 D/dalvikvm( 1241): VFY: replacing opcode 0x1f at 0x0006
03-10 17:47:20.675 W/dalvikvm( 1241): VFY: unable to find class referenced in signature (Lorg/apache/harmony/xnet/provider/jsse/SSLParametersImpl;)
03-10 17:47:20.675 W/dalvikvm( 1241): Unable to resolve superclass of Lcom/facebook/ssl/openssl/TicketEnabledOpenSSLSocketImplWrapper; (13584)
03-10 17:47:20.675 W/dalvikvm( 1241): Link of class 'Lcom/facebook/ssl/openssl/TicketEnabledOpenSSLSocketImplWrapper;' failed
03-10 17:47:20.675 E/dalvikvm( 1241): Could not find class 'com.facebook.ssl.openssl.TicketEnabledOpenSSLSocketImplWrapper', referenced from method com.facebook.ssl.openssl.TicketEnabledOpenSSLSocketFactoryHelper.a
03-10 17:47:20.675 W/dalvikvm( 1241): VFY: unable to resolve new-instance 10322 (Lcom/facebook/ssl/openssl/TicketEnabledOpenSSLSocketImplWrapper;) in Lcom/facebook/ssl/openssl/TicketEnabledOpenSSLSocketFactoryHelper;
03-10 17:47:20.675 D/dalvikvm( 1241): VFY: replacing opcode 0x22 at 0x0000
03-10 17:47:20.675 W/dalvikvm( 1241): Unable to resolve superclass of Lcom/facebook/ssl/openssl/TicketEnabledOpenSSLSocketImplWrapper; (13584)
03-10 17:47:20.675 W/dalvikvm( 1241): Link of class 'Lcom/facebook/ssl/openssl/TicketEnabledOpenSSLSocketImplWrapper;' failed
03-10 17:47:20.675 D/dalvikvm( 1241): DexOpt: unable to opt direct call 0xaa3b at 0x08 in Lcom/facebook/ssl/openssl/TicketEnabledOpenSSLSocketFactoryHelper;.a
03-10 17:47:20.675 I/ActivityManager(  648): Start proc com.android.vending for broadcast com.android.vending/com.google.android.finsky.receivers.BootCompletedReceiver: pid=1515 uid=10052 gids={50052, 3003, 1028, 1015}
03-10 17:47:20.685 D/dalvikvm( 1488): GC_CONCURRENT freed 216K, 3% free 9170K/9420K, paused 5ms+5ms, total 32ms
03-10 17:47:20.745 D/dalvikvm( 1241): GC_CONCURRENT freed 306K, 4% free 10738K/11096K, paused 3ms+2ms, total 28ms
03-10 17:47:20.765 D/dalvikvm( 1332): GC_CONCURRENT freed 596K, 5% free 12761K/13388K, paused 3ms+2ms, total 40ms
03-10 17:47:20.765 D/dalvikvm( 1332): WAIT_FOR_CONCURRENT_GC blocked 23ms
03-10 17:47:20.765 D/dalvikvm( 1332): WAIT_FOR_CONCURRENT_GC blocked 23ms
03-10 17:47:20.785 E/dalvikvm( 1332): Could not find class 'org.apache.harmony.xnet.provider.jsse.OpenSSLSocketImpl', referenced from method com.facebook.ssl.openssl.check.CheckOpenSSLImplHasRequiredMethods.<clinit>
03-10 17:47:20.785 W/dalvikvm( 1332): VFY: unable to resolve const-class 13583 (Lorg/apache/harmony/xnet/provider/jsse/OpenSSLSocketImpl;) in Lcom/facebook/ssl/openssl/check/CheckOpenSSLImplHasRequiredMethods;
03-10 17:47:20.785 D/dalvikvm( 1332): VFY: replacing opcode 0x1c at 0x000d
03-10 17:47:20.785 E/dalvikvm( 1332): Could not find class 'org.apache.harmony.xnet.provider.jsse.OpenSSLSocketFactoryImpl', referenced from method com.facebook.ssl.openssl.reflect.SSLParametersGetter.<clinit>
03-10 17:47:20.785 W/dalvikvm( 1332): VFY: unable to resolve const-class 13582 (Lorg/apache/harmony/xnet/provider/jsse/OpenSSLSocketFactoryImpl;) in Lcom/facebook/ssl/openssl/reflect/SSLParametersGetter;
03-10 17:47:20.785 D/dalvikvm( 1332): VFY: replacing opcode 0x1c at 0x000d
03-10 17:47:20.785 E/dalvikvm( 1332): Could not find class 'org.apache.harmony.xnet.provider.jsse.SSLParametersImpl', referenced from method com.facebook.ssl.openssl.reflect.SSLParametersGetter.a
03-10 17:47:20.785 W/dalvikvm( 1332): VFY: unable to resolve check-cast 13585 (Lorg/apache/harmony/xnet/provider/jsse/SSLParametersImpl;) in Lcom/facebook/ssl/openssl/reflect/SSLParametersGetter;
03-10 17:47:20.785 D/dalvikvm( 1332): VFY: replacing opcode 0x1f at 0x0006
03-10 17:47:20.785 E/dalvikvm( 1332): Could not find class 'org.apache.harmony.xnet.provider.jsse.SSLParametersImpl', referenced from method com.facebook.ssl.openssl.reflect.SSLSessionTimeoutSetter.<clinit>
03-10 17:47:20.785 W/dalvikvm( 1332): VFY: unable to resolve const-class 13585 (Lorg/apache/harmony/xnet/provider/jsse/SSLParametersImpl;) in Lcom/facebook/ssl/openssl/reflect/SSLSessionTimeoutSetter;
03-10 17:47:20.785 D/dalvikvm( 1332): VFY: replacing opcode 0x1c at 0x000d
03-10 17:47:20.785 W/dalvikvm( 1332): VFY: unable to find class referenced in signature (Lorg/apache/harmony/xnet/provider/jsse/SSLParametersImpl;)
03-10 17:47:20.785 E/dalvikvm( 1332): Could not find class 'org.apache.harmony.xnet.provider.jsse.ClientSessionContext', referenced from method com.facebook.ssl.openssl.reflect.SSLSessionTimeoutSetter.a
03-10 17:47:20.785 W/dalvikvm( 1332): VFY: unable to resolve check-cast 13581 (Lorg/apache/harmony/xnet/provider/jsse/ClientSessionContext;) in Lcom/facebook/ssl/openssl/reflect/SSLSessionTimeoutSetter;
03-10 17:47:20.785 D/dalvikvm( 1332): VFY: replacing opcode 0x1f at 0x0006
03-10 17:47:20.785 W/dalvikvm( 1332): VFY: unable to find class referenced in signature (Lorg/apache/harmony/xnet/provider/jsse/SSLParametersImpl;)
03-10 17:47:20.785 W/dalvikvm( 1332): Unable to resolve superclass of Lcom/facebook/ssl/openssl/TicketEnabledOpenSSLSocketImplWrapper; (13584)
03-10 17:47:20.785 W/dalvikvm( 1332): Link of class 'Lcom/facebook/ssl/openssl/TicketEnabledOpenSSLSocketImplWrapper;' failed
03-10 17:47:20.785 E/dalvikvm( 1332): Could not find class 'com.facebook.ssl.openssl.TicketEnabledOpenSSLSocketImplWrapper', referenced from method com.facebook.ssl.openssl.TicketEnabledOpenSSLSocketFactoryHelper.a
03-10 17:47:20.785 W/dalvikvm( 1332): VFY: unable to resolve new-instance 10322 (Lcom/facebook/ssl/openssl/TicketEnabledOpenSSLSocketImplWrapper;) in Lcom/facebook/ssl/openssl/TicketEnabledOpenSSLSocketFactoryHelper;
03-10 17:47:20.785 D/dalvikvm( 1332): VFY: replacing opcode 0x22 at 0x0000
03-10 17:47:20.785 W/dalvikvm( 1332): Unable to resolve superclass of Lcom/facebook/ssl/openssl/TicketEnabledOpenSSLSocketImplWrapper; (13584)
03-10 17:47:20.785 W/dalvikvm( 1332): Link of class 'Lcom/facebook/ssl/openssl/TicketEnabledOpenSSLSocketImplWrapper;' failed
03-10 17:47:20.785 D/dalvikvm( 1332): DexOpt: unable to opt direct call 0xaa3b at 0x08 in Lcom/facebook/ssl/openssl/TicketEnabledOpenSSLSocketFactoryHelper;.a
03-10 17:47:20.845 W/ActivityManager(  648): Unable to start service Intent { cmp=com.google.android.email/com.android.email.service.AttachmentDownloadService } U=0: not found
03-10 17:47:20.855 I/Email   ( 1488): Observing account changes for notifications
03-10 17:47:20.885 W/ActivityManager(  648): Unable to start service Intent { cmp=com.google.android.email/com.android.email.service.AttachmentDownloadService } U=0: not found
03-10 17:47:20.895 W/ActivityManager(  648): Unable to start service Intent { cmp=com.google.android.email/com.android.email.service.AttachmentDownloadService } U=0: not found
03-10 17:47:20.915 D/Finsky  ( 1515): [1] FinskyApp.onCreate: Initializing network with DFE https://android.clients.google.com/fdfe/
03-10 17:47:20.945 D/dalvikvm( 1332): GC_CONCURRENT freed 747K, 6% free 13277K/14056K, paused 3ms+3ms, total 43ms
03-10 17:47:20.945 D/dalvikvm( 1332): WAIT_FOR_CONCURRENT_GC blocked 33ms
03-10 17:47:20.945 D/dalvikvm( 1332): WAIT_FOR_CONCURRENT_GC blocked 32ms
03-10 17:47:20.945 I/ActivityManager(  648): Start proc com.google.android.exchange for service com.google.android.exchange/com.android.exchange.service.EmailSyncAdapterService: pid=1546 uid=10019 gids={50019, 3003, 1028, 1015}
03-10 17:47:20.955 D/dalvikvm( 1515): GC_CONCURRENT freed 237K, 3% free 9170K/9436K, paused 2ms+18ms, total 36ms
03-10 17:47:20.965 W/BroadcastQueue(  648): Permission Denial: broadcasting Intent { act=android.net.conn.CONNECTIVITY_CHANGE flg=0x4000010 (has extras) } from null (pid=-1, uid=-1) requires com.facebook.permission.prod.FB_APP_COMMUNICATION due to registered receiver BroadcastFilter{42b1ae30 u0 ReceiverList{42ad5d28 1332 com.facebook.katana/10114/u0 remote:42d2dd30}}
03-10 17:47:20.965 W/BroadcastQueue(  648): Permission Denial: broadcasting Intent { act=android.net.conn.CONNECTIVITY_CHANGE flg=0x4000010 (has extras) } from null (pid=-1, uid=-1) requires com.facebook.permission.prod.FB_APP_COMMUNICATION due to registered receiver BroadcastFilter{42b0f118 u0 ReceiverList{42ad3200 1332 com.facebook.katana/10114/u0 remote:42d2e068}}
03-10 17:47:20.995 D/Finsky  ( 1515): [1] DailyHygiene.goMakeHygieneIfDirty: No need to run daily hygiene.
03-10 17:47:21.005 W/Settings( 1515): Setting download_manager_max_bytes_over_mobile has moved from android.provider.Settings.Secure to android.provider.Settings.Global.
03-10 17:47:21.005 W/Settings( 1515): Setting download_manager_recommended_max_bytes_over_mobile has moved from android.provider.Settings.Secure to android.provider.Settings.Global.
03-10 17:47:21.045 D/dalvikvm( 1241): GC_CONCURRENT freed 350K, 4% free 10859K/11240K, paused 3ms+3ms, total 30ms
03-10 17:47:21.045 D/Volley  ( 1515): [97] DiskBasedCache.clear: Cache cleared.
03-10 17:47:21.045 D/Volley  ( 1515): [101] DiskBasedCache.clear: Cache cleared.
03-10 17:47:21.055 D/dalvikvm( 1515): GC_CONCURRENT freed 278K, 4% free 9308K/9620K, paused 3ms+2ms, total 20ms
03-10 17:47:21.055 I/ActivityManager(  648): Delay finish: com.android.vending/com.google.android.finsky.receivers.BootCompletedReceiver
03-10 17:47:21.055 I/ActivityManager(  648): Resuming delayed broadcast
03-10 17:47:21.065 I/ActivityManager(  648): Delay finish: com.google.android.gms/.common.status.StatusServiceLauncherBroadcastReceiver
03-10 17:47:21.065 I/ActivityManager(  648): Resuming delayed broadcast
03-10 17:47:21.075 D/GCM     (  988): COMPAT: Multi user ser=0 current=0
03-10 17:47:21.075 V/KeepAlert(  854): Action android.intent.action.BOOT_COMPLETED
03-10 17:47:21.075 I/ActivityManager(  648): Delay finish: com.google.android.keep/.notification.AlertReceiver
03-10 17:47:21.085 D/GCM     (  976): GcmService start Intent { act=android.intent.action.BOOT_COMPLETED flg=0x8000010 cmp=com.google.android.gms/.gcm.GcmService (has extras) } android.intent.action.BOOT_COMPLETED
03-10 17:47:21.085 I/ActivityManager(  648): Resuming delayed broadcast
03-10 17:47:21.095 I/ActivityManager(  648): Start proc com.google.android.calendar for broadcast com.google.android.calendar/com.android.calendar.alerts.AlertReceiver: pid=1576 uid=10007 gids={50007, 3003}
03-10 17:47:21.115 I/ActivityManager(  648): Start proc com.google.android.gms.ui for service com.google.android.gms/.auth.authzen.GcmReceiverService: pid=1590 uid=10023 gids={50023, 3003, 1007, 3002, 3001, 1028, 1015, 3007, 2001, 3006}
03-10 17:47:21.135 W/fb4a(:<default>):MqttPushService( 1332): Attempt to start service that is already started
03-10 17:47:21.135 D/Finsky  ( 1515): [1] GmsCoreHelper.cleanupNlp: result=false type=4
03-10 17:47:21.145 I/MultiDex( 1590): load(/data/app/com.google.android.gms-2.apk, forceReload=false)
03-10 17:47:21.145 I/GCoreUlr(  988): Starting service, intent=Intent { cmp=com.google.android.gms/com.google.android.location.reporting.service.DispatchingService (has extras) }, extras=Bundle[{intentType=2, receiverAction=android.intent.action.BOOT_COMPLETED}]
03-10 17:47:21.155 I/GCoreUlr( 1106): WorldUpdater received intent Intent { cmp=com.google.android.gms/com.google.android.location.reporting.service.DispatchingService (has extras) } with receiverAction android.intent.action.BOOT_COMPLETED, forceUpdate false
03-10 17:47:21.165 D/dalvikvm(  988): Trying to load lib /data/app-lib/com.google.android.gms-2/libAppDataSearch.so 0x4247c210
03-10 17:47:21.165 D/dalvikvm(  988): Added shared lib /data/app-lib/com.google.android.gms-2/libAppDataSearch.so 0x4247c210
03-10 17:47:21.165 D/dalvikvm(  988): No JNI_OnLoad found in /data/app-lib/com.google.android.gms-2/libAppDataSearch.so 0x4247c210, skipping init
03-10 17:47:21.195 D/dalvikvm( 1590): GC_CONCURRENT freed 181K, 3% free 9292K/9508K, paused 2ms+1ms, total 20ms
03-10 17:47:21.195 D/dalvikvm( 1590): WAIT_FOR_CONCURRENT_GC blocked 4ms
03-10 17:47:21.205 I/MultiDex( 1590): Need extracted file /data/data/com.google.android.gms/files/secondary-dexes/com.google.android.gms-2.apk.classes2.zip
03-10 17:47:21.205 I/MultiDex( 1590): No extraction needed for /data/data/com.google.android.gms/files/secondary-dexes/com.google.android.gms-2.apk.classes2.zip of size 1430457
03-10 17:47:21.205 D/GCoreFlp( 1106): Unknown pending intent to remove.
03-10 17:47:21.205 V/AuthZen ( 1590): Received a GCM message.
03-10 17:47:21.225 D/dalvikvm( 1515): GC_CONCURRENT freed 166K, 3% free 9562K/9764K, paused 2ms+1ms, total 15ms
03-10 17:47:21.225 V/AuthZen ( 1590): [DefaultAuthzenGcmReceiverDelegateService] Received an Authzen GCM message.
03-10 17:47:21.275 D/AlertReceiver( 1576): onReceive: a=android.intent.action.BOOT_COMPLETED Intent { act=android.intent.action.BOOT_COMPLETED flg=0x8000010 cmp=com.google.android.calendar/com.android.calendar.alerts.AlertReceiver (has extras) }
03-10 17:47:21.275 D/Finsky  ( 1515): [1] 2.run: Loaded library for account: [h8oDSybNDDZzpp4iys_x3qq36Xs]
03-10 17:47:21.275 D/Finsky  ( 1515): [1] 2.run: Finished loading 1 libraries.
03-10 17:47:21.275 D/Finsky  ( 1515): [1] RestoreTracker.stopServiceIfDone: Restore complete with 0 success and 0 failed.
03-10 17:47:21.275 I/ActivityManager(  648): Delay finish: com.google.android.calendar/com.android.calendar.alerts.AlertReceiver
03-10 17:47:21.285 D/dalvikvm(  988): GC_CONCURRENT freed 635K, 7% free 9268K/9936K, paused 1ms+2ms, total 16ms
03-10 17:47:21.285 D/AlertService( 1576): 0 Action = android.intent.action.BOOT_COMPLETED
03-10 17:47:21.295 D/AlertService( 1576): Scheduling next alarm with AlarmScheduler. sEventReminderReceived: null
03-10 17:47:21.315 I/AuthZen ( 1590): Fetching signing key...
03-10 17:47:21.335 W/GAV2    ( 1150): Thread[GAThread,5,main]: Service unavailable (code=1), will retry.
03-10 17:47:21.335 W/ActivityManager(  648): Unable to start service Intent { act=com.google.android.gms.analytics.service.START cmp=com.google.android.gms/.analytics.service.AnalyticsService (has extras) } U=0: not found
03-10 17:47:21.355 I/GAV2    ( 1150): Thread[GAThread,5,main]: No campaign data found.
03-10 17:47:21.355 I/GCoreUlr( 1106): Ensuring that reporting is stopped because of reasons: {account#-17#=[InactiveReason{mVersionCode=0, mIdentifier=6, mName='ReportingNotSelected'}]}
03-10 17:47:21.355 D/GCoreFlp( 1106): Unknown pending intent to remove.
03-10 17:47:21.355 I/GCoreUlr( 1106): Unbound from all location providers
03-10 17:47:21.365 D/AlarmScheduler( 1576): Query result count for events starting within 1 week: 3
03-10 17:47:21.375 I/AuthZen ( 1590): Signing key fetched successfuly!
03-10 17:47:21.385 I/ActivityManager(  648): Resuming delayed broadcast
03-10 17:47:21.395 I/ActivityManager(  648): Start proc com.google.android.youtube for broadcast com.google.android.youtube/com.google.android.apps.youtube.core.transfer.DownloadService$BootReceiver: pid=1626 uid=10066 gids={50066, 3003, 1028, 1015}
03-10 17:47:21.395 I/ActivityManager(  648): Killing 881:android.process.acore/u0a0 (adj 15): empty #17
03-10 17:47:21.555 D/YouTube ( 1626): apps.youtube.core.utils.bh.a:41 HttpClient.UserAgent: com.google.android.youtube/5.3.32(Linux; U; Android 4.4.2; en_US; Nexus 7 Build/KOT49H)
03-10 17:47:21.575 D/dalvikvm( 1626): GC_CONCURRENT freed 294K, 4% free 9198K/9524K, paused 2ms+2ms, total 21ms
03-10 17:47:21.585 D/dalvikvm( 1626): WAIT_FOR_CONCURRENT_GC blocked 9ms
03-10 17:47:21.615 D/YouTube ( 1626): apps.youtube.core.utils.bh.a:41 HttpClient.UserAgent: com.google.android.youtube/5.3.32(Linux; U; Android 4.4.2; en_US; Nexus 7 Build/KOT49H)
03-10 17:47:21.706 D/YouTube ( 1626): apps.youtube.core.client.y.a:114 event [version=5.3.32-s2000, action=Startup, label=NORMAL_STARTUP, value=-1]
03-10 17:47:21.706 D/dalvikvm( 1626): GC_CONCURRENT freed 282K, 4% free 9351K/9668K, paused 2ms+2ms, total 17ms
03-10 17:47:21.756 D/dalvikvm( 1626): GC_CONCURRENT freed 285K, 4% free 9580K/9896K, paused 3ms+2ms, total 18ms
03-10 17:47:21.756 D/dalvikvm( 1626): WAIT_FOR_CONCURRENT_GC blocked 11ms
03-10 17:47:21.756 D/dalvikvm( 1626): WAIT_FOR_CONCURRENT_GC blocked 11ms
03-10 17:47:21.756 D/dalvikvm( 1626): WAIT_FOR_CONCURRENT_GC blocked 11ms
03-10 17:47:21.786 E/LocSvc_ApiV02(  648): W/virtual loc_api_adapter_err LocApiV02::setXtraData(char*, int):1005]: failed status = eLOC_CLIENT_SUCCESS, inject_pos_ind.status = eQMI_LOC_INVALID_PARAMETER_V02, part num = 59, ind.partNum = 0
03-10 17:47:21.796 D/dalvikvm( 1626): GC_CONCURRENT freed 304K, 4% free 9788K/10124K, paused 2ms+2ms, total 20ms
03-10 17:47:21.796 D/dalvikvm( 1626): WAIT_FOR_CONCURRENT_GC blocked 13ms
03-10 17:47:21.796 D/dalvikvm( 1626): WAIT_FOR_CONCURRENT_GC blocked 13ms
03-10 17:47:21.796 D/dalvikvm( 1626): WAIT_FOR_CONCURRENT_GC blocked 13ms
03-10 17:47:21.796 D/dalvikvm( 1626): WAIT_FOR_CONCURRENT_GC blocked 13ms
03-10 17:47:21.796 D/dalvikvm( 1626): WAIT_FOR_CONCURRENT_GC blocked 12ms
03-10 17:47:21.836 D/dalvikvm( 1626): GC_CONCURRENT freed 260K, 3% free 10041K/10332K, paused 3ms+2ms, total 23ms
03-10 17:47:21.836 D/dalvikvm( 1626): WAIT_FOR_CONCURRENT_GC blocked 16ms
03-10 17:47:21.836 D/dalvikvm( 1626): WAIT_FOR_CONCURRENT_GC blocked 16ms
03-10 17:47:21.836 D/dalvikvm( 1626): WAIT_FOR_CONCURRENT_GC blocked 16ms
03-10 17:47:21.836 D/dalvikvm( 1626): WAIT_FOR_CONCURRENT_GC blocked 16ms
03-10 17:47:21.836 D/dalvikvm( 1626): WAIT_FOR_CONCURRENT_GC blocked 16ms
03-10 17:47:21.856 D/dalvikvm( 1626): DexOpt: --- BEGIN 'ads-827104896.jar' (bootstrap=0) ---
03-10 17:47:21.876 D/dalvikvm( 1626): GC_CONCURRENT freed 442K, 5% free 10099K/10572K, paused 2ms+3ms, total 26ms
03-10 17:47:21.906 D/dalvikvm( 1653): DexOpt: load 3ms, verify+opt 5ms, 158252 bytes
03-10 17:47:21.916 D/dalvikvm( 1626): DexOpt: --- END 'ads-827104896.jar' (success) ---
03-10 17:47:21.916 D/dalvikvm( 1626): DEX prep '/data/data/com.google.android.youtube/cache/ads-827104896.jar': unzip in 0ms, rewrite 62ms
03-10 17:47:21.926 D/dalvikvm( 1626): GC_CONCURRENT freed 363K, 4% free 10160K/10572K, paused 1ms+1ms, total 17ms
03-10 17:47:21.966 D/dalvikvm( 1332): GC_CONCURRENT freed 1082K, 8% free 13541K/14656K, paused 3ms+4ms, total 50ms
03-10 17:47:21.976 D/dalvikvm( 1626): GC_CONCURRENT freed 314K, 4% free 10355K/10704K, paused 3ms+2ms, total 20ms
03-10 17:47:21.976 D/dalvikvm( 1626): WAIT_FOR_CONCURRENT_GC blocked 11ms
03-10 17:47:21.976 D/dalvikvm( 1626): WAIT_FOR_CONCURRENT_GC blocked 11ms
