03-10 17:52:00.117 W/WindowManager(  648): 	at android.os.Binder.execTransact(Binder.java:404)
03-10 17:52:00.117 W/WindowManager(  648): 	at dalvik.system.NativeStart.run(Native Method)
03-10 17:52:00.117 W/WindowManager(  648): This window was lost: Window{42b5dd70 u0 com.android.helloworldlein/com.android.helloworldlein.HelloWorld}
03-10 17:52:00.117 W/WindowManager(  648): mDisplayId=0 mSession=Session{42e31ba8 2645:u0a10119} mClient=android.os.BinderProxy@42b44ed8
03-10 17:52:00.117 W/WindowManager(  648): mOwnerUid=10119 mShowToOwnerOnly=true package=com.android.helloworldlein appop=NONE
03-10 17:52:00.117 W/WindowManager(  648): mAttrs=WM.LayoutParams{(0,0)(fillxfill) sim=#120 ty=1 fl=#1810100 pfl=0x8 wanim=0x10302f5}
03-10 17:52:00.117 W/WindowManager(  648): Requested w=1200 h=1824 mLayoutSeq=198
03-10 17:52:00.117 W/WindowManager(  648): mBaseLayer=21000 mSubLayer=0 mAnimLayer=21005+0=21005 mLastLayer=0
03-10 17:52:00.117 W/WindowManager(  648): mToken=AppWindowToken{42becc38 token=Token{42b905d8 ActivityRecord{42b90478 u0 com.android.helloworldlein/.HelloWorld t9}}}
03-10 17:52:00.117 W/WindowManager(  648): mRootToken=AppWindowToken{42becc38 token=Token{42b905d8 ActivityRecord{42b90478 u0 com.android.helloworldlein/.HelloWorld t9}}}
03-10 17:52:00.117 W/WindowManager(  648): mAppToken=AppWindowToken{42becc38 token=Token{42b905d8 ActivityRecord{42b90478 u0 com.android.helloworldlein/.HelloWorld t9}}}
03-10 17:52:00.117 W/WindowManager(  648): mViewVisibility=0x0 mHaveFrame=true mObscured=true
03-10 17:52:00.117 W/WindowManager(  648): mSeq=0 mSystemUiVisibility=0x0
03-10 17:52:00.117 W/WindowManager(  648): mPolicyVisibility=false mPolicyVisibilityAfterAnim=false mAppOpVisibility=true mAttachedHidden=false
03-10 17:52:00.117 W/WindowManager(  648): mGivenContentInsets=[0,0][0,0] mGivenVisibleInsets=[0,0][0,0]
03-10 17:52:00.117 W/WindowManager(  648): mConfiguration={1.0 ?mcc?mnc en_US ldltr sw600dp w600dp h887dp 320dpi lrg port finger -keyb/v/h -nav/h s.5}
03-10 17:52:00.117 W/WindowManager(  648): mHasSurface=true mShownFrame=[0.0,0.0][1200.0,1824.0] isReadyForDisplay()=false
03-10 17:52:00.117 W/WindowManager(  648): mFrame=[0,0][1200,1824] last=[0,0][1200,1824]
03-10 17:52:00.117 W/WindowManager(  648): mSystemDecorRect=[0,0][1200,1824] last=[0,0][1200,1824]
03-10 17:52:00.117 W/WindowManager(  648): Frames: containing=[0,0][1200,1824] parent=[0,0][1200,1824]
03-10 17:52:00.117 W/WindowManager(  648):     display=[0,0][1200,1824] overscan=[0,0][1200,1920]
03-10 17:52:00.117 W/WindowManager(  648):     content=[0,50][1200,1824] visible=[0,50][1200,1824]
03-10 17:52:00.117 W/WindowManager(  648):     decor=[0,0][1200,1920]
03-10 17:52:00.117 W/WindowManager(  648): Cur insets: overscan=[0,0][0,0] content=[0,50][0,0] visible=[0,50][0,0]
03-10 17:52:00.117 W/WindowManager(  648): Lst insets: overscan=[0,0][0,0] content=[0,50][0,0] visible=[0,50][0,0]
03-10 17:52:00.117 W/WindowManager(  648): WindowStateAnimator{42b87ba0 com.android.helloworldlein/com.android.helloworldlein.HelloWorld}:
03-10 17:52:00.117 W/WindowManager(  648):   mSurface=Surface(name=com.android.helloworldlein/com.android.helloworldlein.HelloWorld)
03-10 17:52:00.117 W/WindowManager(  648):   mDrawState=HAS_DRAWN mLastHidden=true
03-10 17:52:00.117 W/WindowManager(  648):   Surface: shown=false layer=21010 alpha=0.0 rect=(0.0,0.0) 1200.0 x 1824.0
03-10 17:52:00.117 W/WindowManager(  648):   mShownAlpha=1.0 mAlpha=1.0 mLastAlpha=-1.0
03-10 17:52:00.117 W/WindowManager(  648): Current app token list:
03-10 17:52:00.117 V/WindowManager(  648):   Display 0
03-10 17:52:00.117 V/WindowManager(  648):   #0: Token{42beaf70 ActivityRecord{42beaa70 u0 com.android.launcher/com.android.launcher2.Launcher t1}}
03-10 17:52:00.117 W/WindowManager(  648): Final window list:
03-10 17:52:00.117 V/WindowManager(  648):   #0: Window{42e14050 u0 SearchPanel}
03-10 17:52:00.117 V/WindowManager(  648):   #1: Window{42a686f8 u0 NavigationBar}
03-10 17:52:00.117 V/WindowManager(  648):   #2: Window{42b82df0 u0 StatusBar}
03-10 17:52:00.117 V/WindowManager(  648):   #3: Window{42e30728 u0 Keyguard}
03-10 17:52:00.117 V/WindowManager(  648):   #4: Window{42b10fd8 u0 KeyguardScrim}
03-10 17:52:00.117 V/WindowManager(  648):   #5: Window{42b1b0c8 u0 com.android.launcher/com.android.launcher2.Launcher}
03-10 17:52:00.117 V/WindowManager(  648):   #6: Window{42a14a98 u0 com.android.systemui.ImageWallpaper}
03-10 17:52:00.117 I/WindowState(  648): WIN DEATH: Window{42b5dd70 u0 com.android.helloworldlein/com.android.helloworldlein.HelloWorld}
03-10 17:52:00.127 D/AndroidRuntime( 2666): Shutting down VM
03-10 17:52:00.127 D/dalvikvm( 2666): GC_CONCURRENT freed 93K, 15% free 553K/648K, paused 0ms+0ms, total 2ms
03-10 17:52:01.689 D/AndroidRuntime( 2684): 
03-10 17:52:01.689 D/AndroidRuntime( 2684): >>>>>> AndroidRuntime START com.android.internal.os.RuntimeInit <<<<<<
03-10 17:52:01.689 D/AndroidRuntime( 2684): CheckJNI is OFF
03-10 17:52:01.709 D/dalvikvm( 2684): Trying to load lib libjavacore.so 0x0
03-10 17:52:01.709 D/dalvikvm( 2684): Added shared lib libjavacore.so 0x0
03-10 17:52:01.719 D/dalvikvm( 2684): Trying to load lib libnativehelper.so 0x0
03-10 17:52:01.719 D/dalvikvm( 2684): Added shared lib libnativehelper.so 0x0
03-10 17:52:01.719 D/dalvikvm( 2684): No JNI_OnLoad found in libnativehelper.so 0x0, skipping init
03-10 17:52:01.749 D/dalvikvm( 2684): Note: class Landroid/app/ActivityManagerNative; has 179 unimplemented (abstract) methods
03-10 17:52:01.939 D/AndroidRuntime( 2684): Calling main entry com.android.commands.am.Am
03-10 17:52:01.959 I/ActivityManager(  648): START u0 {flg=0x10000000 cmp=com.android.helloworldlein/.SplashActivity} from pid 2684
03-10 17:52:02.259 I/WindowManager(  648): Screenshot max retries 4 of Token{42beaf70 ActivityRecord{42beaa70 u0 com.android.launcher/com.android.launcher2.Launcher t1}} appWin=Window{42b1b0c8 u0 com.android.launcher/com.android.launcher2.Launcher} drawState=4
03-10 17:52:02.259 W/WindowManager(  648): Screenshot failure taking screenshot for (1200x1920) to layer 21000
03-10 17:52:02.279 D/AndroidRuntime( 2684): Shutting down VM
03-10 17:52:02.289 D/dalvikvm( 2684): GC_CONCURRENT freed 95K, 15% free 586K/684K, paused 0ms+0ms, total 5ms
03-10 17:52:02.329 I/ActivityManager(  648): Start proc com.android.helloworldlein for activity com.android.helloworldlein/.SplashActivity: pid=2701 uid=10119 gids={50119}
03-10 17:52:02.359 D/dalvikvm(  187): GC_EXPLICIT freed 40K, 1% free 8980K/9056K, paused 3ms+2ms, total 60ms
03-10 17:52:02.379 D/dalvikvm(  187): GC_EXPLICIT freed <1K, 1% free 8980K/9056K, paused 1ms+2ms, total 17ms
03-10 17:52:02.399 D/dalvikvm(  187): GC_EXPLICIT freed <1K, 1% free 8980K/9056K, paused 1ms+2ms, total 18ms
03-10 17:52:02.409 D/dalvikvm( 2701): GC_FOR_ALLOC freed 73K, 2% free 9018K/9124K, paused 16ms, total 16ms
03-10 17:52:02.409 I/dalvikvm-heap( 2701): Grow heap (frag case) to 9.445MB for 640016-byte allocation
03-10 17:52:02.419 D/dalvikvm( 2701): GC_CONCURRENT freed <1K, 2% free 9642K/9752K, paused 1ms+1ms, total 12ms
03-10 17:52:02.419 D/dalvikvm( 2701): WAIT_FOR_CONCURRENT_GC blocked 11ms
03-10 17:52:02.419 D/dalvikvm( 2701): WAIT_FOR_CONCURRENT_GC blocked 6ms
03-10 17:52:02.439 D/dalvikvm( 2701): GC_FOR_ALLOC freed <1K, 2% free 9644K/9752K, paused 12ms, total 12ms
03-10 17:52:02.439 I/dalvikvm-heap( 2701): Grow heap (frag case) to 10.057MB for 640016-byte allocation
03-10 17:52:02.459 D/dalvikvm( 2701): GC_CONCURRENT freed 0K, 2% free 10269K/10380K, paused 2ms+1ms, total 13ms
03-10 17:52:02.459 D/dalvikvm( 2701): WAIT_FOR_CONCURRENT_GC blocked 11ms
03-10 17:52:02.459 D/dalvikvm( 2701): WAIT_FOR_CONCURRENT_GC blocked 3ms
03-10 17:52:02.479 D/dalvikvm( 2701): GC_FOR_ALLOC freed <1K, 2% free 10270K/10380K, paused 12ms, total 13ms
03-10 17:52:02.479 I/dalvikvm-heap( 2701): Grow heap (frag case) to 10.668MB for 640016-byte allocation
03-10 17:52:02.489 D/dalvikvm( 2701): GC_FOR_ALLOC freed 0K, 2% free 10895K/11008K, paused 11ms, total 11ms
03-10 17:52:02.499 D/dalvikvm( 2701): GC_CONCURRENT freed 2K, 1% free 10902K/11008K, paused 2ms+2ms, total 13ms
03-10 17:52:02.539 I/Adreno-EGL( 2701): <qeglDrvAPI_eglInitialize:320>: EGL 1.4 QUALCOMM Build: I0404c4692afb8623f95c43aeb6d5e13ed4b30ddbDate: 11/06/13
03-10 17:52:02.569 D/OpenGLRenderer( 2701): Enabling debug mode 0
03-10 17:52:02.620 D/dalvikvm( 2701): GC_CONCURRENT freed 234K, 3% free 11221K/11488K, paused 1ms+3ms, total 20ms
03-10 17:52:02.620 I/ActivityManager(  648): Displayed com.android.helloworldlein/.SplashActivity: +365ms
03-10 17:52:02.830 D/dalvikvm( 2701): GC_CONCURRENT freed 348K, 4% free 11563K/11944K, paused 2ms+2ms, total 25ms
03-10 17:52:03.130 D/dalvikvm( 2701): GC_CONCURRENT freed 462K, 4% free 11912K/12400K, paused 2ms+3ms, total 46ms
03-10 17:52:03.350 I/dalvikvm( 2701): Could not find method java.beans.Introspector.getBeanInfo, referenced from method clojure.core$bean.invoke
03-10 17:52:03.350 W/dalvikvm( 2701): VFY: unable to resolve static method 17499: Ljava/beans/Introspector;.getBeanInfo (Ljava/lang/Class;)Ljava/beans/BeanInfo;
03-10 17:52:03.350 D/dalvikvm( 2701): VFY: replacing opcode 0x71 at 0x0021
03-10 17:52:03.450 D/dalvikvm( 2701): GC_CONCURRENT freed 658K, 6% free 12186K/12876K, paused 2ms+2ms, total 29ms
03-10 17:52:03.691 D/dalvikvm( 2701): GC_CONCURRENT freed 860K, 7% free 12363K/13256K, paused 1ms+3ms, total 36ms
03-10 17:52:03.921 D/dalvikvm( 2701): GC_CONCURRENT freed 1038K, 8% free 12455K/13524K, paused 1ms+2ms, total 34ms
03-10 17:52:03.921 D/dalvikvm( 2701): WAIT_FOR_CONCURRENT_GC blocked 10ms
03-10 17:52:04.141 D/dalvikvm( 2701): GC_CONCURRENT freed 1058K, 8% free 12558K/13648K, paused 2ms+2ms, total 36ms
03-10 17:52:04.141 D/dalvikvm( 2701): WAIT_FOR_CONCURRENT_GC blocked 12ms
03-10 17:52:04.361 D/dalvikvm( 2701): GC_CONCURRENT freed 1039K, 8% free 12659K/13716K, paused 2ms+4ms, total 39ms
03-10 17:52:04.631 D/dalvikvm( 2701): GC_CONCURRENT freed 1009K, 8% free 12879K/13920K, paused 2ms+2ms, total 33ms
03-10 17:52:04.631 D/dalvikvm( 2701): WAIT_FOR_CONCURRENT_GC blocked 14ms
03-10 17:52:04.802 D/dalvikvm( 2701): GC_CONCURRENT freed 1253K, 10% free 12927K/14212K, paused 1ms+2ms, total 36ms
03-10 17:52:04.802 D/dalvikvm( 2701): WAIT_FOR_CONCURRENT_GC blocked 22ms
03-10 17:52:04.982 D/dalvikvm( 2701): GC_CONCURRENT freed 1228K, 9% free 13021K/14280K, paused 2ms+2ms, total 39ms
03-10 17:52:04.982 D/dalvikvm( 2701): WAIT_FOR_CONCURRENT_GC blocked 11ms
03-10 17:52:05.152 D/dalvikvm( 2701): GC_CONCURRENT freed 1307K, 10% free 13066K/14404K, paused 2ms+2ms, total 39ms
03-10 17:52:05.152 D/dalvikvm( 2701): WAIT_FOR_CONCURRENT_GC blocked 22ms
03-10 17:52:05.352 D/dalvikvm( 2701): GC_CONCURRENT freed 1300K, 10% free 13132K/14464K, paused 2ms+2ms, total 42ms
03-10 17:52:05.352 D/dalvikvm( 2701): WAIT_FOR_CONCURRENT_GC blocked 27ms
03-10 17:52:05.552 D/dalvikvm( 2701): GC_CONCURRENT freed 1242K, 9% free 13279K/14552K, paused 3ms+2ms, total 40ms
03-10 17:52:05.562 D/dalvikvm( 2701): WAIT_FOR_CONCURRENT_GC blocked 22ms
03-10 17:52:05.753 D/dalvikvm( 2701): GC_CONCURRENT freed 1361K, 10% free 13355K/14748K, paused 1ms+2ms, total 44ms
03-10 17:52:05.753 D/dalvikvm( 2701): WAIT_FOR_CONCURRENT_GC blocked 29ms
03-10 17:52:05.953 D/dalvikvm( 2701): GC_CONCURRENT freed 1387K, 10% free 13430K/14848K, paused 1ms+2ms, total 45ms
03-10 17:52:05.953 D/dalvikvm( 2701): WAIT_FOR_CONCURRENT_GC blocked 30ms
03-10 17:52:06.153 D/dalvikvm( 2701): GC_CONCURRENT freed 1378K, 10% free 13538K/14948K, paused 2ms+3ms, total 47ms
03-10 17:52:06.153 D/dalvikvm( 2701): WAIT_FOR_CONCURRENT_GC blocked 28ms
03-10 17:52:06.363 D/dalvikvm( 2701): GC_CONCURRENT freed 1455K, 10% free 13606K/15092K, paused 3ms+2ms, total 48ms
03-10 17:52:06.363 D/dalvikvm( 2701): WAIT_FOR_CONCURRENT_GC blocked 31ms
03-10 17:52:06.613 I/ActivityManager(  648): START u0 {act=com.android.helloworldlein.MAIN cmp=com.android.helloworldlein/.HelloWorld} from pid 2701
03-10 17:52:06.663 D/dalvikvm( 2701): GC_CONCURRENT freed 1418K, 10% free 13688K/15128K, paused 3ms+6ms, total 61ms
03-10 17:52:06.734 I/ActivityManager(  648): Displayed com.android.helloworldlein/.HelloWorld: +121ms
03-10 17:52:22.709 D/dalvikvm( 1332): GC_CONCURRENT freed 1796K, 12% free 14433K/16260K, paused 3ms+5ms, total 68ms
03-10 17:52:22.709 D/dalvikvm( 1332): WAIT_FOR_CONCURRENT_GC blocked 54ms
03-10 17:52:22.799 D/AndroidRuntime( 2749): 
03-10 17:52:22.799 D/AndroidRuntime( 2749): >>>>>> AndroidRuntime START com.android.internal.os.RuntimeInit <<<<<<
03-10 17:52:22.799 D/AndroidRuntime( 2749): CheckJNI is OFF
03-10 17:52:22.809 D/dalvikvm( 2749): Trying to load lib libjavacore.so 0x0
03-10 17:52:22.809 D/dalvikvm( 2749): Added shared lib libjavacore.so 0x0
03-10 17:52:22.819 D/dalvikvm( 2749): Trying to load lib libnativehelper.so 0x0
03-10 17:52:22.819 D/dalvikvm( 2749): Added shared lib libnativehelper.so 0x0
03-10 17:52:22.819 D/dalvikvm( 2749): No JNI_OnLoad found in libnativehelper.so 0x0, skipping init
03-10 17:52:22.849 D/dalvikvm( 2749): Note: class Landroid/app/ActivityManagerNative; has 179 unimplemented (abstract) methods
03-10 17:52:22.929 D/dalvikvm( 1332): GC_CONCURRENT freed 1609K, 11% free 14644K/16284K, paused 4ms+4ms, total 59ms
03-10 17:52:22.929 D/dalvikvm( 1332): WAIT_FOR_CONCURRENT_GC blocked 47ms
03-10 17:52:23.039 D/AndroidRuntime( 2749): Calling main entry com.android.commands.am.Am
03-10 17:52:23.049 I/ActivityManager(  648): Force stopping com.android.helloworldlein appid=10119 user=0: from pid 2749
03-10 17:52:23.049 I/ActivityManager(  648): Killing 2701:com.android.helloworldlein/u0a119 (adj 0): stop com.android.helloworldlein
03-10 17:52:23.049 W/ActivityManager(  648): Force removing ActivityRecord{42b2b470 u0 com.android.helloworldlein/.HelloWorld t10}: app died, no saved state
03-10 17:52:23.059 D/AndroidRuntime( 2749): Shutting down VM
03-10 17:52:23.059 W/WindowManager(  648): Rebuild removed 2 windows but added 1
03-10 17:52:23.059 W/WindowManager(  648): java.lang.RuntimeException: here
03-10 17:52:23.059 W/WindowManager(  648): 	at com.android.server.wm.WindowManagerService.rebuildAppWindowListLocked(WindowManagerService.java:8011)
03-10 17:52:23.059 W/WindowManager(  648): 	at com.android.server.wm.WindowManagerService.rebuildAppWindowListLocked(WindowManagerService.java:7947)
03-10 17:52:23.059 W/WindowManager(  648): 	at com.android.server.wm.WindowManagerService.handleAppTransitionReadyLocked(WindowManagerService.java:8430)
03-10 17:52:23.059 W/WindowManager(  648): 	at com.android.server.wm.WindowManagerService.performLayoutAndPlaceSurfacesLockedInner(WindowManagerService.java:9193)
03-10 17:52:23.059 W/WindowManager(  648): 	at com.android.server.wm.WindowManagerService.performLayoutAndPlaceSurfacesLockedLoop(WindowManagerService.java:8163)
03-10 17:52:23.059 W/WindowManager(  648): 	at com.android.server.wm.WindowManagerService.performLayoutAndPlaceSurfacesLocked(WindowManagerService.java:8105)
03-10 17:52:23.059 W/WindowManager(  648): 	at com.android.server.wm.WindowManagerService.executeAppTransition(WindowManagerService.java:3918)
03-10 17:52:23.059 W/WindowManager(  648): 	at com.android.server.am.ActivityStackSupervisor.reportResumedActivityLocked(ActivityStackSupervisor.java:2241)
03-10 17:52:23.059 W/WindowManager(  648): 	at com.android.server.am.ActivityStack.completeResumeLocked(ActivityStack.java:968)
03-10 17:52:23.059 W/WindowManager(  648): 	at com.android.server.am.ActivityStack.resumeTopActivityLocked(ActivityStack.java:1631)
03-10 17:52:23.059 W/WindowManager(  648): 	at com.android.server.am.ActivityStackSupervisor.resumeTopActivitiesLocked(ActivityStackSupervisor.java:2022)
03-10 17:52:23.059 W/WindowManager(  648): 	at com.android.server.am.ActivityStackSupervisor.resumeTopActivitiesLocked(ActivityStackSupervisor.java:2009)
03-10 17:52:23.059 W/WindowManager(  648): 	at com.android.server.am.ActivityManagerService.forceStopPackageLocked(ActivityManagerService.java:4750)
03-10 17:52:23.059 W/WindowManager(  648): 	at com.android.server.am.ActivityManagerService.forceStopPackageLocked(ActivityManagerService.java:4496)
03-10 17:52:23.059 W/WindowManager(  648): 	at com.android.server.am.ActivityManagerService.forceStopPackage(ActivityManagerService.java:4327)
03-10 17:52:23.059 W/WindowManager(  648): 	at android.app.ActivityManagerNative.onTransact(ActivityManagerNative.java:1365)
03-10 17:52:23.059 W/WindowManager(  648): 	at com.android.server.am.ActivityManagerService.onTransact(ActivityManagerService.java:2071)
03-10 17:52:23.059 W/WindowManager(  648): 	at android.os.Binder.execTransact(Binder.java:404)
03-10 17:52:23.059 W/WindowManager(  648): 	at dalvik.system.NativeStart.run(Native Method)
03-10 17:52:23.059 W/WindowManager(  648): This window was lost: Window{42b9de38 u0 com.android.helloworldlein/com.android.helloworldlein.HelloWorld}
03-10 17:52:23.059 W/WindowManager(  648): mDisplayId=0 mSession=Session{42db5ae8 2701:u0a10119} mClient=android.os.BinderProxy@42db0178
03-10 17:52:23.059 W/WindowManager(  648): mOwnerUid=10119 mShowToOwnerOnly=true package=com.android.helloworldlein appop=NONE
03-10 17:52:23.059 W/WindowManager(  648): mAttrs=WM.LayoutParams{(0,0)(fillxfill) sim=#120 ty=1 fl=#1810100 pfl=0x8 wanim=0x10302f5}
03-10 17:52:23.059 W/WindowManager(  648): Requested w=1200 h=1824 mLayoutSeq=221
03-10 17:52:23.059 W/WindowManager(  648): mBaseLayer=21000 mSubLayer=0 mAnimLayer=21005+0=21005 mLastLayer=0
03-10 17:52:23.059 W/WindowManager(  648): mToken=AppWindowToken{42b2b770 token=Token{42be92d8 ActivityRecord{42b2b470 u0 com.android.helloworldlein/.HelloWorld t10}}}
03-10 17:52:23.059 W/WindowManager(  648): mRootToken=AppWindowToken{42b2b770 token=Token{42be92d8 ActivityRecord{42b2b470 u0 com.android.helloworldlein/.HelloWorld t10}}}
03-10 17:52:23.059 W/WindowManager(  648): mAppToken=AppWindowToken{42b2b770 token=Token{42be92d8 ActivityRecord{42b2b470 u0 com.android.helloworldlein/.HelloWorld t10}}}
03-10 17:52:23.059 W/WindowManager(  648): mViewVisibility=0x0 mHaveFrame=true mObscured=true
03-10 17:52:23.059 W/WindowManager(  648): mSeq=0 mSystemUiVisibility=0x0
03-10 17:52:23.059 W/WindowManager(  648): mPolicyVisibility=false mPolicyVisibilityAfterAnim=false mAppOpVisibility=true mAttachedHidden=false
03-10 17:52:23.059 W/WindowManager(  648): mGivenContentInsets=[0,0][0,0] mGivenVisibleInsets=[0,0][0,0]
03-10 17:52:23.059 W/WindowManager(  648): mConfiguration={1.0 ?mcc?mnc en_US ldltr sw600dp w600dp h887dp 320dpi lrg port finger -keyb/v/h -nav/h s.5}
03-10 17:52:23.059 W/WindowManager(  648): mHasSurface=true mShownFrame=[0.0,0.0][1200.0,1824.0] isReadyForDisplay()=false
03-10 17:52:23.059 W/WindowManager(  648): mFrame=[0,0][1200,1824] last=[0,0][1200,1824]
03-10 17:52:23.059 W/WindowManager(  648): mSystemDecorRect=[0,0][1200,1824] last=[0,0][1200,1824]
03-10 17:52:23.059 W/WindowManager(  648): Frames: containing=[0,0][1200,1824] parent=[0,0][1200,1824]
03-10 17:52:23.059 W/WindowManager(  648):     display=[0,0][1200,1824] overscan=[0,0][1200,1920]
03-10 17:52:23.059 W/WindowManager(  648):     content=[0,50][1200,1824] visible=[0,50][1200,1824]
03-10 17:52:23.059 W/WindowManager(  648):     decor=[0,0][1200,1920]
03-10 17:52:23.059 W/WindowManager(  648): Cur insets: overscan=[0,0][0,0] content=[0,50][0,0] visible=[0,50][0,0]
03-10 17:52:23.059 W/WindowManager(  648): Lst insets: overscan=[0,0][0,0] content=[0,50][0,0] visible=[0,50][0,0]
03-10 17:52:23.059 W/WindowManager(  648): WindowStateAnimator{42b5af18 com.android.helloworldlein/com.android.helloworldlein.HelloWorld}:
03-10 17:52:23.059 W/WindowManager(  648):   mSurface=Surface(name=com.android.helloworldlein/com.android.helloworldlein.HelloWorld)
03-10 17:52:23.059 W/WindowManager(  648):   mDrawState=HAS_DRAWN mLastHidden=true
03-10 17:52:23.059 W/WindowManager(  648):   Surface: shown=false layer=21010 alpha=0.0 rect=(0.0,0.0) 1200.0 x 1824.0
03-10 17:52:23.059 W/WindowManager(  648):   mShownAlpha=1.0 mAlpha=1.0 mLastAlpha=-1.0
03-10 17:52:23.059 W/WindowManager(  648): Current app token list:
03-10 17:52:23.059 V/WindowManager(  648):   Display 0
03-10 17:52:23.059 V/WindowManager(  648):   #0: Token{42beaf70 ActivityRecord{42beaa70 u0 com.android.launcher/com.android.launcher2.Launcher t1}}
03-10 17:52:23.059 W/WindowManager(  648): Final window list:
03-10 17:52:23.059 V/WindowManager(  648):   #0: Window{42e14050 u0 SearchPanel}
03-10 17:52:23.059 V/WindowManager(  648):   #1: Window{42a686f8 u0 NavigationBar}
03-10 17:52:23.059 V/WindowManager(  648):   #2: Window{42b82df0 u0 StatusBar}
03-10 17:52:23.059 V/WindowManager(  648):   #3: Window{42e30728 u0 Keyguard}
03-10 17:52:23.059 V/WindowManager(  648):   #4: Window{42b10fd8 u0 KeyguardScrim}
03-10 17:52:23.059 V/WindowManager(  648):   #5: Window{42b1b0c8 u0 com.android.launcher/com.android.launcher2.Launcher}
03-10 17:52:23.059 V/WindowManager(  648):   #6: Window{42a14a98 u0 com.android.systemui.ImageWallpaper}
03-10 17:52:23.069 D/dalvikvm( 2749): GC_CONCURRENT freed 93K, 15% free 553K/648K, paused 0ms+0ms, total 3ms
03-10 17:52:23.069 I/WindowState(  648): WIN DEATH: Window{42b9de38 u0 com.android.helloworldlein/com.android.helloworldlein.HelloWorld}
03-10 17:52:23.150 D/dalvikvm( 1332): GC_CONCURRENT freed 2021K, 13% free 14515K/16568K, paused 5ms+3ms, total 61ms
03-10 17:52:23.150 D/dalvikvm( 1332): WAIT_FOR_CONCURRENT_GC blocked 49ms
03-10 17:52:24.611 D/AndroidRuntime( 2772): 
03-10 17:52:24.611 D/AndroidRuntime( 2772): >>>>>> AndroidRuntime START com.android.internal.os.RuntimeInit <<<<<<
03-10 17:52:24.611 D/AndroidRuntime( 2772): CheckJNI is OFF
03-10 17:52:24.631 D/dalvikvm( 2772): Trying to load lib libjavacore.so 0x0
03-10 17:52:24.631 D/dalvikvm( 2772): Added shared lib libjavacore.so 0x0
03-10 17:52:24.641 D/dalvikvm( 2772): Trying to load lib libnativehelper.so 0x0
03-10 17:52:24.641 D/dalvikvm( 2772): Added shared lib libnativehelper.so 0x0
03-10 17:52:24.641 D/dalvikvm( 2772): No JNI_OnLoad found in libnativehelper.so 0x0, skipping init
03-10 17:52:24.671 D/dalvikvm( 2772): Note: class Landroid/app/ActivityManagerNative; has 179 unimplemented (abstract) methods
03-10 17:52:24.881 D/AndroidRuntime( 2772): Calling main entry com.android.commands.am.Am
03-10 17:52:24.901 I/ActivityManager(  648): START u0 {flg=0x10000000 cmp=com.android.helloworldlein/.SplashActivity} from pid 2772
03-10 17:52:25.202 I/WindowManager(  648): Screenshot max retries 4 of Token{42beaf70 ActivityRecord{42beaa70 u0 com.android.launcher/com.android.launcher2.Launcher t1}} appWin=Window{42b1b0c8 u0 com.android.launcher/com.android.launcher2.Launcher} drawState=4
03-10 17:52:25.202 W/WindowManager(  648): Screenshot failure taking screenshot for (1200x1920) to layer 21000
03-10 17:52:25.222 D/AndroidRuntime( 2772): Shutting down VM
03-10 17:52:25.232 D/dalvikvm( 2772): GC_CONCURRENT freed 95K, 15% free 586K/684K, paused 0ms+1ms, total 5ms
03-10 17:52:25.242 I/ActivityManager(  648): Start proc com.android.helloworldlein for activity com.android.helloworldlein/.SplashActivity: pid=2789 uid=10119 gids={50119}
03-10 17:52:25.322 D/dalvikvm( 2789): GC_FOR_ALLOC freed 36K, 1% free 9017K/9088K, paused 17ms, total 17ms
03-10 17:52:25.332 I/dalvikvm-heap( 2789): Grow heap (frag case) to 9.445MB for 640016-byte allocation
03-10 17:52:25.352 D/dalvikvm( 2789): GC_FOR_ALLOC freed <1K, 1% free 9642K/9716K, paused 20ms, total 20ms
03-10 17:52:25.372 D/dalvikvm( 2789): GC_CONCURRENT freed <1K, 1% free 9644K/9716K, paused 2ms+1ms, total 19ms
03-10 17:52:25.372 D/dalvikvm( 2789): WAIT_FOR_CONCURRENT_GC blocked 1ms
03-10 17:52:25.372 I/dalvikvm-heap( 2789): Grow heap (frag case) to 10.057MB for 640016-byte allocation
03-10 17:52:25.382 D/dalvikvm( 2789): GC_CONCURRENT freed <1K, 1% free 10269K/10344K, paused 1ms+1ms, total 12ms
03-10 17:52:25.382 D/dalvikvm( 2789): WAIT_FOR_CONCURRENT_GC blocked 6ms
03-10 17:52:25.402 D/dalvikvm( 2789): GC_FOR_ALLOC freed <1K, 1% free 10270K/10344K, paused 13ms, total 13ms
03-10 17:52:25.402 I/dalvikvm-heap( 2789): Grow heap (frag case) to 10.668MB for 640016-byte allocation
03-10 17:52:25.422 D/dalvikvm( 2789): GC_CONCURRENT freed 0K, 1% free 10895K/10972K, paused 2ms+1ms, total 15ms
03-10 17:52:25.422 D/dalvikvm( 2789): WAIT_FOR_CONCURRENT_GC blocked 13ms
03-10 17:52:25.422 D/dalvikvm( 2789): WAIT_FOR_CONCURRENT_GC blocked 8ms
03-10 17:52:25.472 I/Adreno-EGL( 2789): <qeglDrvAPI_eglInitialize:320>: EGL 1.4 QUALCOMM Build: I0404c4692afb8623f95c43aeb6d5e13ed4b30ddbDate: 11/06/13
03-10 17:52:25.502 D/OpenGLRenderer( 2789): Enabling debug mode 0
03-10 17:52:25.542 D/dalvikvm( 2789): GC_CONCURRENT freed 223K, 3% free 11208K/11464K, paused 2ms+3ms, total 18ms
03-10 17:52:25.572 I/ActivityManager(  648): Displayed com.android.helloworldlein/.SplashActivity: +364ms
03-10 17:52:25.772 D/dalvikvm( 2789): GC_CONCURRENT freed 342K, 4% free 11553K/11928K, paused 3ms+3ms, total 24ms
03-10 17:52:26.032 D/dalvikvm( 2789): GC_CONCURRENT freed 432K, 4% free 11885K/12348K, paused 3ms+1ms, total 22ms
03-10 17:52:26.273 D/dalvikvm( 1106): GC_CONCURRENT freed 445K, 5% free 10283K/10772K, paused 2ms+2ms, total 26ms
03-10 17:52:26.273 D/dalvikvm( 1106): WAIT_FOR_CONCURRENT_GC blocked 13ms
03-10 17:52:26.273 D/dalvikvm( 1106): WAIT_FOR_CONCURRENT_GC blocked 13ms
03-10 17:52:26.303 I/dalvikvm( 2789): Could not find method java.beans.Introspector.getBeanInfo, referenced from method clojure.core$bean.invoke
03-10 17:52:26.303 W/dalvikvm( 2789): VFY: unable to resolve static method 17499: Ljava/beans/Introspector;.getBeanInfo (Ljava/lang/Class;)Ljava/beans/BeanInfo;
03-10 17:52:26.303 D/dalvikvm( 2789): VFY: replacing opcode 0x71 at 0x0021
03-10 17:52:26.373 D/dalvikvm( 2789): GC_CONCURRENT freed 639K, 6% free 12148K/12816K, paused 1ms+2ms, total 40ms
03-10 17:52:26.613 D/dalvikvm( 2789): GC_CONCURRENT freed 859K, 7% free 12349K/13240K, paused 3ms+2ms, total 33ms
03-10 17:52:26.613 D/dalvikvm( 2789): WAIT_FOR_CONCURRENT_GC blocked 9ms
03-10 17:52:26.843 D/dalvikvm( 2789): GC_CONCURRENT freed 1008K, 8% free 12468K/13508K, paused 2ms+2ms, total 37ms
03-10 17:52:26.843 D/dalvikvm( 2789): WAIT_FOR_CONCURRENT_GC blocked 4ms
03-10 17:52:27.063 D/dalvikvm( 2789): GC_CONCURRENT freed 1081K, 9% free 12552K/13664K, paused 1ms+2ms, total 34ms
03-10 17:52:27.063 D/dalvikvm( 2789): WAIT_FOR_CONCURRENT_GC blocked 10ms
03-10 17:52:27.284 D/dalvikvm( 2789): GC_CONCURRENT freed 1085K, 9% free 12659K/13776K, paused 1ms+2ms, total 39ms
03-10 17:52:27.284 D/dalvikvm( 2789): WAIT_FOR_CONCURRENT_GC blocked 16ms
03-10 17:52:27.564 D/dalvikvm( 2789): GC_CONCURRENT freed 1012K, 8% free 12877K/13920K, paused 2ms+1ms, total 35ms
03-10 17:52:27.564 D/dalvikvm( 2789): WAIT_FOR_CONCURRENT_GC blocked 18ms
03-10 17:52:27.744 D/dalvikvm( 2789): GC_CONCURRENT freed 1255K, 10% free 12926K/14212K, paused 3ms+2ms, total 37ms
03-10 17:52:27.744 D/dalvikvm( 2789): WAIT_FOR_CONCURRENT_GC blocked 18ms
03-10 17:52:27.924 D/dalvikvm( 2789): GC_CONCURRENT freed 1232K, 9% free 13013K/14276K, paused 2ms+1ms, total 44ms
03-10 17:52:27.924 D/dalvikvm( 2789): WAIT_FOR_CONCURRENT_GC blocked 25ms
03-10 17:52:28.104 D/dalvikvm( 2789): GC_CONCURRENT freed 1297K, 10% free 13064K/14392K, paused 2ms+2ms, total 43ms
03-10 17:52:28.104 D/dalvikvm( 2789): WAIT_FOR_CONCURRENT_GC blocked 26ms
03-10 17:52:28.295 D/dalvikvm( 2789): GC_CONCURRENT freed 1297K, 10% free 13132K/14460K, paused 3ms+3ms, total 39ms
03-10 17:52:28.295 D/dalvikvm( 2789): WAIT_FOR_CONCURRENT_GC blocked 20ms
03-10 17:52:28.495 D/dalvikvm( 2789): GC_CONCURRENT freed 1243K, 9% free 13277K/14552K, paused 2ms+3ms, total 43ms
03-10 17:52:28.495 D/dalvikvm( 2789): WAIT_FOR_CONCURRENT_GC blocked 28ms
03-10 17:52:28.695 D/dalvikvm( 2789): GC_CONCURRENT freed 1359K, 10% free 13353K/14744K, paused 2ms+3ms, total 46ms
03-10 17:52:28.695 D/dalvikvm( 2789): WAIT_FOR_CONCURRENT_GC blocked 30ms
03-10 17:52:28.895 D/dalvikvm( 2789): GC_CONCURRENT freed 1385K, 10% free 13427K/14844K, paused 2ms+2ms, total 46ms
03-10 17:52:28.895 D/dalvikvm( 2789): WAIT_FOR_CONCURRENT_GC blocked 28ms
03-10 17:52:29.095 D/dalvikvm( 2789): GC_CONCURRENT freed 1389K, 10% free 13524K/14944K, paused 3ms+2ms, total 44ms
03-10 17:52:29.095 D/dalvikvm( 2789): WAIT_FOR_CONCURRENT_GC blocked 24ms
03-10 17:52:29.316 D/dalvikvm( 2789): GC_CONCURRENT freed 1437K, 10% free 13603K/15072K, paused 3ms+2ms, total 46ms
03-10 17:52:29.316 D/dalvikvm( 2789): WAIT_FOR_CONCURRENT_GC blocked 25ms
03-10 17:52:29.566 I/ActivityManager(  648): START u0 {act=com.android.helloworldlein.MAIN cmp=com.android.helloworldlein/.HelloWorld} from pid 2789
03-10 17:52:29.616 D/dalvikvm( 2789): GC_CONCURRENT freed 1461K, 10% free 13688K/15168K, paused 1ms+4ms, total 63ms
03-10 17:52:29.686 I/ActivityManager(  648): Displayed com.android.helloworldlein/.HelloWorld: +113ms
03-10 17:52:45.782 D/AndroidRuntime( 2819): 
03-10 17:52:45.782 D/AndroidRuntime( 2819): >>>>>> AndroidRuntime START com.android.internal.os.RuntimeInit <<<<<<
03-10 17:52:45.782 D/AndroidRuntime( 2819): CheckJNI is OFF
03-10 17:52:45.802 D/dalvikvm( 2819): Trying to load lib libjavacore.so 0x0
03-10 17:52:45.802 D/dalvikvm( 2819): Added shared lib libjavacore.so 0x0
03-10 17:52:45.802 D/dalvikvm( 2819): Trying to load lib libnativehelper.so 0x0
03-10 17:52:45.802 D/dalvikvm( 2819): Added shared lib libnativehelper.so 0x0
03-10 17:52:45.802 D/dalvikvm( 2819): No JNI_OnLoad found in libnativehelper.so 0x0, skipping init
03-10 17:52:45.842 D/dalvikvm( 2819): Note: class Landroid/app/ActivityManagerNative; has 179 unimplemented (abstract) methods
03-10 17:52:46.032 D/AndroidRuntime( 2819): Calling main entry com.android.commands.am.Am
03-10 17:52:46.042 I/ActivityManager(  648): Force stopping com.android.helloworldlein appid=10119 user=0: from pid 2819
03-10 17:52:46.042 I/ActivityManager(  648): Killing 2789:com.android.helloworldlein/u0a119 (adj 0): stop com.android.helloworldlein
03-10 17:52:46.052 W/ActivityManager(  648): Force removing ActivityRecord{42c78210 u0 com.android.helloworldlein/.HelloWorld t11}: app died, no saved state
03-10 17:52:46.052 W/WindowManager(  648): Rebuild removed 2 windows but added 1
03-10 17:52:46.052 W/WindowManager(  648): java.lang.RuntimeException: here
03-10 17:52:46.052 W/WindowManager(  648): 	at com.android.server.wm.WindowManagerService.rebuildAppWindowListLocked(WindowManagerService.java:8011)
03-10 17:52:46.052 W/WindowManager(  648): 	at com.android.server.wm.WindowManagerService.rebuildAppWindowListLocked(WindowManagerService.java:7947)
03-10 17:52:46.052 W/WindowManager(  648): 	at com.android.server.wm.WindowManagerService.handleAppTransitionReadyLocked(WindowManagerService.java:8430)
03-10 17:52:46.052 W/WindowManager(  648): 	at com.android.server.wm.WindowManagerService.performLayoutAndPlaceSurfacesLockedInner(WindowManagerService.java:9193)
03-10 17:52:46.052 W/WindowManager(  648): 	at com.android.server.wm.WindowManagerService.performLayoutAndPlaceSurfacesLockedLoop(WindowManagerService.java:8163)
03-10 17:52:46.052 W/WindowManager(  648): 	at com.android.server.wm.WindowManagerService.performLayoutAndPlaceSurfacesLocked(WindowManagerService.java:8105)
03-10 17:52:46.052 W/WindowManager(  648): 	at com.android.server.wm.WindowManagerService.executeAppTransition(WindowManagerService.java:3918)
03-10 17:52:46.052 W/WindowManager(  648): 	at com.android.server.am.ActivityStackSupervisor.reportResumedActivityLocked(ActivityStackSupervisor.java:2241)
03-10 17:52:46.052 W/WindowManager(  648): 	at com.android.server.am.ActivityStack.completeResumeLocked(ActivityStack.java:968)
03-10 17:52:46.052 W/WindowManager(  648): 	at com.android.server.am.ActivityStack.resumeTopActivityLocked(ActivityStack.java:1631)
03-10 17:52:46.052 W/WindowManager(  648): 	at com.android.server.am.ActivityStackSupervisor.resumeTopActivitiesLocked(ActivityStackSupervisor.java:2022)
03-10 17:52:46.052 W/WindowManager(  648): 	at com.android.server.am.ActivityStackSupervisor.resumeTopActivitiesLocked(ActivityStackSupervisor.java:2009)
03-10 17:52:46.052 W/WindowManager(  648): 	at com.android.server.am.ActivityManagerService.forceStopPackageLocked(ActivityManagerService.java:4750)
03-10 17:52:46.052 W/WindowManager(  648): 	at com.android.server.am.ActivityManagerService.forceStopPackageLocked(ActivityManagerService.java:4496)
03-10 17:52:46.052 W/WindowManager(  648): 	at com.android.server.am.ActivityManagerService.forceStopPackage(ActivityManagerService.java:4327)
03-10 17:52:46.052 W/WindowManager(  648): 	at android.app.ActivityManagerNative.onTransact(ActivityManagerNative.java:1365)
03-10 17:52:46.052 W/WindowManager(  648): 	at com.android.server.am.ActivityManagerService.onTransact(ActivityManagerService.java:2071)
03-10 17:52:46.052 W/WindowManager(  648): 	at android.os.Binder.execTransact(Binder.java:404)
03-10 17:52:46.052 W/WindowManager(  648): 	at dalvik.system.NativeStart.run(Native Method)
03-10 17:52:46.052 W/WindowManager(  648): This window was lost: Window{42c79f18 u0 com.android.helloworldlein/com.android.helloworldlein.HelloWorld}
03-10 17:52:46.052 W/WindowManager(  648): mDisplayId=0 mSession=Session{42da56b8 2789:u0a10119} mClient=android.os.BinderProxy@42c79c88
03-10 17:52:46.052 W/WindowManager(  648): mOwnerUid=10119 mShowToOwnerOnly=true package=com.android.helloworldlein appop=NONE
03-10 17:52:46.052 W/WindowManager(  648): mAttrs=WM.LayoutParams{(0,0)(fillxfill) sim=#120 ty=1 fl=#1810100 pfl=0x8 wanim=0x10302f5}
03-10 17:52:46.052 W/WindowManager(  648): Requested w=1200 h=1824 mLayoutSeq=242
03-10 17:52:46.052 W/WindowManager(  648): mBaseLayer=21000 mSubLayer=0 mAnimLayer=21005+0=21005 mLastLayer=0
03-10 17:52:46.052 W/WindowManager(  648): mToken=AppWindowToken{42c78570 token=Token{42c78370 ActivityRecord{42c78210 u0 com.android.helloworldlein/.HelloWorld t11}}}
03-10 17:52:46.052 W/WindowManager(  648): mRootToken=AppWindowToken{42c78570 token=Token{42c78370 ActivityRecord{42c78210 u0 com.android.helloworldlein/.HelloWorld t11}}}
03-10 17:52:46.052 W/WindowManager(  648): mAppToken=AppWindowToken{42c78570 token=Token{42c78370 ActivityRecord{42c78210 u0 com.android.helloworldlein/.HelloWorld t11}}}
03-10 17:52:46.052 W/WindowManager(  648): mViewVisibility=0x0 mHaveFrame=true mObscured=true
03-10 17:52:46.052 W/WindowManager(  648): mSeq=0 mSystemUiVisibility=0x0
03-10 17:52:46.052 W/WindowManager(  648): mPolicyVisibility=false mPolicyVisibilityAfterAnim=false mAppOpVisibility=true mAttachedHidden=false
03-10 17:52:46.052 W/WindowManager(  648): mGivenContentInsets=[0,0][0,0] mGivenVisibleInsets=[0,0][0,0]
03-10 17:52:46.052 W/WindowManager(  648): mConfiguration={1.0 ?mcc?mnc en_US ldltr sw600dp w600dp h887dp 320dpi lrg port finger -keyb/v/h -nav/h s.5}
03-10 17:52:46.052 W/WindowManager(  648): mHasSurface=true mShownFrame=[0.0,0.0][1200.0,1824.0] isReadyForDisplay()=false
03-10 17:52:46.052 W/WindowManager(  648): mFrame=[0,0][1200,1824] last=[0,0][1200,1824]
03-10 17:52:46.052 W/WindowManager(  648): mSystemDecorRect=[0,0][1200,1824] last=[0,0][1200,1824]
03-10 17:52:46.052 W/WindowManager(  648): Frames: containing=[0,0][1200,1824] parent=[0,0][1200,1824]
03-10 17:52:46.052 W/WindowManager(  648):     display=[0,0][1200,1824] overscan=[0,0][1200,1920]
03-10 17:52:46.052 W/WindowManager(  648):     content=[0,50][1200,1824] visible=[0,50][1200,1824]
03-10 17:52:46.052 W/WindowManager(  648):     decor=[0,0][1200,1920]
03-10 17:52:46.052 W/WindowManager(  648): Cur insets: overscan=[0,0][0,0] content=[0,50][0,0] visible=[0,50][0,0]
03-10 17:52:46.052 W/WindowManager(  648): Lst insets: overscan=[0,0][0,0] content=[0,50][0,0] visible=[0,50][0,0]
03-10 17:52:46.052 W/WindowManager(  648): WindowStateAnimator{42c7a4d8 com.android.helloworldlein/com.android.helloworldlein.HelloWorld}:
03-10 17:52:46.052 W/WindowManager(  648):   mSurface=Surface(name=com.android.helloworldlein/com.android.helloworldlein.HelloWorld)
03-10 17:52:46.052 W/WindowManager(  648):   mDrawState=HAS_DRAWN mLastHidden=true
03-10 17:52:46.052 W/WindowManager(  648):   Surface: shown=false layer=21010 alpha=0.0 rect=(0.0,0.0) 1200.0 x 1824.0
03-10 17:52:46.052 W/WindowManager(  648):   mShownAlpha=1.0 mAlpha=1.0 mLastAlpha=-1.0
03-10 17:52:46.052 W/WindowManager(  648): Current app token list:
03-10 17:52:46.052 V/WindowManager(  648):   Display 0
03-10 17:52:46.052 V/WindowManager(  648):   #0: Token{42beaf70 ActivityRecord{42beaa70 u0 com.android.launcher/com.android.launcher2.Launcher t1}}
03-10 17:52:46.052 W/WindowManager(  648): Final window list:
03-10 17:52:46.052 V/WindowManager(  648):   #0: Window{42e14050 u0 SearchPanel}
03-10 17:52:46.052 V/WindowManager(  648):   #1: Window{42a686f8 u0 NavigationBar}
03-10 17:52:46.052 V/WindowManager(  648):   #2: Window{42b82df0 u0 StatusBar}
03-10 17:52:46.052 V/WindowManager(  648):   #3: Window{42e30728 u0 Keyguard}
03-10 17:52:46.052 V/WindowManager(  648):   #4: Window{42b10fd8 u0 KeyguardScrim}
03-10 17:52:46.052 V/WindowManager(  648):   #5: Window{42b1b0c8 u0 com.android.launcher/com.android.launcher2.Launcher}
03-10 17:52:46.052 V/WindowManager(  648):   #6: Window{42a14a98 u0 com.android.systemui.ImageWallpaper}
03-10 17:52:46.062 I/WindowState(  648): WIN DEATH: Window{42c79f18 u0 com.android.helloworldlein/com.android.helloworldlein.HelloWorld}
03-10 17:52:46.072 D/AndroidRuntime( 2819): Shutting down VM
03-10 17:52:46.072 D/dalvikvm( 2819): GC_CONCURRENT freed 93K, 15% free 553K/648K, paused 1ms+1ms, total 3ms
