03-10 17:47:21.976 D/dalvikvm( 1626): WAIT_FOR_CONCURRENT_GC blocked 11ms
03-10 17:47:21.976 D/dalvikvm( 1626): WAIT_FOR_CONCURRENT_GC blocked 12ms
03-10 17:47:21.976 D/dalvikvm( 1626): WAIT_FOR_CONCURRENT_GC blocked 12ms
03-10 17:47:21.976 D/dalvikvm( 1626): WAIT_FOR_CONCURRENT_GC blocked 12ms
03-10 17:47:22.016 D/dalvikvm( 1626): GC_CONCURRENT freed 413K, 5% free 10448K/10900K, paused 1ms+2ms, total 21ms
03-10 17:47:22.016 D/dalvikvm( 1626): WAIT_FOR_CONCURRENT_GC blocked 15ms
03-10 17:47:22.016 D/dalvikvm( 1626): WAIT_FOR_CONCURRENT_GC blocked 15ms
03-10 17:47:22.016 D/dalvikvm( 1626): WAIT_FOR_CONCURRENT_GC blocked 15ms
03-10 17:47:22.016 D/dalvikvm( 1626): WAIT_FOR_CONCURRENT_GC blocked 15ms
03-10 17:47:22.016 D/dalvikvm( 1626): WAIT_FOR_CONCURRENT_GC blocked 15ms
03-10 17:47:22.056 D/dalvikvm( 1626): GC_CONCURRENT freed 344K, 4% free 10612K/10992K, paused 2ms+3ms, total 23ms
03-10 17:47:22.056 D/dalvikvm( 1626): WAIT_FOR_CONCURRENT_GC blocked 17ms
03-10 17:47:22.056 D/dalvikvm( 1626): WAIT_FOR_CONCURRENT_GC blocked 16ms
03-10 17:47:22.056 D/dalvikvm( 1626): WAIT_FOR_CONCURRENT_GC blocked 16ms
03-10 17:47:22.056 D/dalvikvm( 1626): WAIT_FOR_CONCURRENT_GC blocked 17ms
03-10 17:47:22.056 D/dalvikvm( 1626): WAIT_FOR_CONCURRENT_GC blocked 17ms
03-10 17:47:22.056 D/YouTube ( 1626): apps.youtube.core.cache.f.run:163 Cache is below limit, no need to shrink: [size=20959091, limit=20971520]
03-10 17:47:22.076 I/GoogleConversionPing( 1626): Pinging: http://www.googleadservices.com/pagead/conversion/1001680686/?label=4dahCKKczAYQrt7R3QM&value=&muid=3d7Kar_rtkE_kqQoEbYVwg&bundleid=com.google.android.youtube&appversion=5.3.32&osversion=4.4.2&sdkversion=ct-sdk-a-v1.1.0&remarketing_only=1&timestamp=1394466442&data=screen_name%3D%3CAndroid_YT_Open_App%3E
03-10 17:47:22.096 D/dalvikvm( 1626): GC_CONCURRENT freed 481K, 5% free 10679K/11192K, paused 1ms+2ms, total 22ms
03-10 17:47:22.096 D/dalvikvm( 1626): WAIT_FOR_CONCURRENT_GC blocked 17ms
03-10 17:47:22.096 D/dalvikvm( 1626): WAIT_FOR_CONCURRENT_GC blocked 17ms
03-10 17:47:22.096 D/dalvikvm( 1626): WAIT_FOR_CONCURRENT_GC blocked 16ms
03-10 17:47:22.096 D/dalvikvm( 1626): WAIT_FOR_CONCURRENT_GC blocked 17ms
03-10 17:47:22.096 D/dalvikvm( 1626): WAIT_FOR_CONCURRENT_GC blocked 16ms
03-10 17:47:22.146 D/dalvikvm( 1626): GC_CONCURRENT freed 487K, 5% free 10751K/11280K, paused 3ms+2ms, total 24ms
03-10 17:47:22.146 D/dalvikvm( 1626): WAIT_FOR_CONCURRENT_GC blocked 9ms
03-10 17:47:22.176 D/dalvikvm( 1626): GC_FOR_ALLOC freed 290K, 6% free 10786K/11376K, paused 21ms, total 21ms
03-10 17:47:22.186 D/YouTube ( 1626): apps.youtube.core.transfer.DownloadService$BootReceiver.onReceive:97 boot completed, starting download service
03-10 17:47:22.186 D/YouTube ( 1626): apps.youtube.core.transfer.TransferService.onCreate:108 creating transfer service
03-10 17:47:22.206 D/YouTube ( 1626): apps.youtube.app.prefetch.PrefetchService$DeviceStateReceiver.onReceive:565 Got device state change intent: android.intent.action.BOOT_COMPLETED
03-10 17:47:22.206 I/ActivityManager(  648): Delay finish: com.google.android.youtube/com.google.android.apps.youtube.app.prefetch.PrefetchService$DeviceStateReceiver
03-10 17:47:22.216 D/YouTube ( 1626): apps.youtube.app.prefetch.PrefetchService.onStartCommand:167 PrefetchService started at 10 Mar 2014 15:47:22 GMT
03-10 17:47:22.256 I/GoogleConversionPing( 1626): Ping responded with response code 200
03-10 17:47:22.286 D/dalvikvm(  648): GC_EXPLICIT freed 341K, 14% free 16599K/19108K, paused 2ms+5ms, total 74ms
03-10 17:47:22.286 D/YouTube ( 1626): apps.youtube.app.prefetch.PrefetchService.p_:245 Download snapshot restored
03-10 17:47:22.296 I/ActivityManager(  648): Resuming delayed broadcast
03-10 17:47:22.306 D/YouTube ( 1626): apps.youtube.app.prefetch.PrefetchService.onDestroy:215 PrefetchService destroyed at 10 Mar 2014 15:47:22 GMT
03-10 17:47:22.306 I/ActivityManager(  648): Start proc com.google.android.googlequicksearchbox:search for broadcast com.google.android.googlequicksearchbox/com.google.android.search.core.StartUpReceiver: pid=1682 uid=10060 gids={50060, 3003, 1028, 3002, 1015}
03-10 17:47:22.306 I/ActivityManager(  648): Killing 1150:com.google.android.apps.magazines/u0a40 (adj 15): empty #17
03-10 17:47:22.316 D/dalvikvm(  187): GC_EXPLICIT freed 42K, 1% free 8980K/9056K, paused 1ms+3ms, total 19ms
03-10 17:47:22.336 D/dalvikvm(  187): GC_EXPLICIT freed <1K, 1% free 8980K/9056K, paused 2ms+3ms, total 17ms
03-10 17:47:22.336 W/GLSUser (  976): GoogleAccountDataService.getToken()
03-10 17:47:22.356 D/dalvikvm(  187): GC_EXPLICIT freed <1K, 1% free 8980K/9056K, paused 2ms+2ms, total 18ms
03-10 17:47:22.356 D/dalvikvm(  976): GC_CONCURRENT freed 421K, 6% free 9546K/10152K, paused 2ms+6ms, total 20ms
03-10 17:47:22.366 I/GoogleHttpClient(  976): Falling back to old http client 0 java.lang.NoSuchMethodException: <init> [class android.content.Context, class java.lang.String, boolean]
03-10 17:47:22.446 I/NotificationStore(  976): file does not exist: /data/data/com.google.android.gms/files/notification_data.dat
03-10 17:47:22.466 D/dalvikvm( 1332): GC_CONCURRENT freed 1303K, 9% free 13762K/15096K, paused 3ms+4ms, total 50ms
03-10 17:47:22.466 D/dalvikvm( 1332): WAIT_FOR_CONCURRENT_GC blocked 29ms
03-10 17:47:22.466 D/dalvikvm( 1332): WAIT_FOR_CONCURRENT_GC blocked 28ms
03-10 17:47:22.586 D/dalvikvm( 1682): GC_CONCURRENT freed 258K, 4% free 9223K/9516K, paused 10ms+5ms, total 39ms
03-10 17:47:22.606 E/fb4a(:<default>):LocalFbBroadcastManager( 1332): Called registerBroadcastReceiver twice.
03-10 17:47:22.626 I/dalvikvm( 1332): Could not find method com.android.internal.widget.ILockSettings$Stub.a, referenced from method com.facebook.keyguardtype.LockSettingsServiceKeyguardTypeResolver.b
03-10 17:47:22.626 W/dalvikvm( 1332): VFY: unable to resolve static method 4729: Lcom/android/internal/widget/ILockSettings$Stub;.a (Landroid/os/IBinder;)Lcom/android/internal/widget/ILockSettings;
03-10 17:47:22.626 D/dalvikvm( 1332): VFY: replacing opcode 0x71 at 0x0023
03-10 17:47:22.626 D/HandsFreeActivity( 1682): shouldBeEnabled: locale=en-US
03-10 17:47:22.626 D/HandsFreeActivity( 1682): Voice dialer enabled state: true
03-10 17:47:22.626 I/ActivityManager(  648): Delay finish: com.google.android.googlequicksearchbox/com.google.android.search.core.StartUpReceiver
03-10 17:47:22.636 I/ActivityManager(  648): Killing 779:com.android.settings/1000 (adj 15): empty #17
03-10 17:47:22.646 W/Settings( 1332): Setting wifi_sleep_policy has moved from android.provider.Settings.System to android.provider.Settings.Global, returning read-only value.
03-10 17:47:22.676 D/dalvikvm( 1682): GC_CONCURRENT freed 191K, 3% free 9469K/9696K, paused 1ms+1ms, total 15ms
03-10 17:47:22.807 D/dalvikvm( 1332): GC_CONCURRENT freed 1309K, 9% free 14051K/15392K, paused 4ms+4ms, total 58ms
03-10 17:47:22.807 D/dalvikvm( 1332): WAIT_FOR_CONCURRENT_GC blocked 22ms
03-10 17:47:22.857 I/ActivityManager(  648): Resuming delayed broadcast
03-10 17:47:22.877 I/ActivityManager(  648): Start proc com.dropbox.android for broadcast com.dropbox.android/.service.WakeupReceiver: pid=1710 uid=10075 gids={50075, 3003, 1028, 1015}
03-10 17:47:23.027 I/com.dropbox.android.service.DropboxNetworkReceiver( 1710): Setting receiver enabled: false
03-10 17:47:23.067 D/dalvikvm( 1710): Trying to load lib /data/app-lib/com.dropbox.android-2/libDbxFileObserver.so 0x42477d50
03-10 17:47:23.067 D/dalvikvm( 1710): Added shared lib /data/app-lib/com.dropbox.android-2/libDbxFileObserver.so 0x42477d50
03-10 17:47:23.067 D/dalvikvm( 1710): No JNI_OnLoad found in /data/app-lib/com.dropbox.android-2/libDbxFileObserver.so 0x42477d50, skipping init
03-10 17:47:23.097 D/dalvikvm( 1710): GC_CONCURRENT freed 247K, 3% free 9192K/9472K, paused 3ms+1ms, total 28ms
03-10 17:47:23.107 W/Settings( 1710): Setting airplane_mode_on has moved from android.provider.Settings.System to android.provider.Settings.Global, returning read-only value.
03-10 17:47:23.127 I/com.dropbox.sync.android.a( 1710): Prepared cache dir '/data/data/com.dropbox.android/app_DropboxSyncCache/hizqkiq3952astb'.
03-10 17:47:23.127 D/dalvikvm( 1710): Trying to load lib /data/app-lib/com.dropbox.android-2/libDropboxSync.so 0x42477d50
03-10 17:47:23.127 D/dalvikvm( 1710): Added shared lib /data/app-lib/com.dropbox.android-2/libDropboxSync.so 0x42477d50
03-10 17:47:23.127 D/dalvikvm( 1710): Trying to load lib /data/app-lib/com.dropbox.android-2/libDropboxSync.so 0x42477d50
03-10 17:47:23.127 D/dalvikvm( 1710): Shared lib '/data/app-lib/com.dropbox.android-2/libDropboxSync.so' already loaded in same CL 0x42477d50
03-10 17:47:23.127 D/dalvikvm( 1710): Trying to load lib /data/app-lib/com.dropbox.android-2/libDropboxSync.so 0x42477d50
03-10 17:47:23.127 D/dalvikvm( 1710): Shared lib '/data/app-lib/com.dropbox.android-2/libDropboxSync.so' already loaded in same CL 0x42477d50
03-10 17:47:23.137 D/dalvikvm( 1710): Trying to load lib /data/app-lib/com.dropbox.android-2/libDropboxSync.so 0x42477d50
03-10 17:47:23.137 D/dalvikvm( 1710): Shared lib '/data/app-lib/com.dropbox.android-2/libDropboxSync.so' already loaded in same CL 0x42477d50
03-10 17:47:23.137 I/com.dropbox.sync.android.aa( 1710): Dropbox initialized for application: hizqkiq3952astb (com.dropbox.android/231210 DropboxSync/2.0.2 (Android; 4.4.2; asus Nexus 7 armeabi-v7a; en_US))
03-10 17:47:23.137 D/dalvikvm( 1710): Trying to load lib /data/app-lib/com.dropbox.android-2/libDropboxSync.so 0x42477d50
03-10 17:47:23.137 D/dalvikvm( 1710): Shared lib '/data/app-lib/com.dropbox.android-2/libDropboxSync.so' already loaded in same CL 0x42477d50
03-10 17:47:23.157 I/com.dropbox.sync.android.V( 1710): Dropbox user 11616711 linked.
03-10 17:47:23.157 D/dalvikvm( 1710): Trying to load lib /data/app-lib/com.dropbox.android-2/libDropboxSync.so 0x42477d50
03-10 17:47:23.157 D/dalvikvm( 1710): Shared lib '/data/app-lib/com.dropbox.android-2/libDropboxSync.so' already loaded in same CL 0x42477d50
03-10 17:47:23.157 I/dbxyzptlk.db231210.k.c( 1710): Watching file: /8fb0427b/4fa4b1d1/30/2fe0ce4f/2eefaa/fe467c90/5ceba77/72d0b2fa/c74b192d/75bd7a7a
03-10 17:47:23.167 D/dalvikvm( 1710): GC_CONCURRENT freed 201K, 3% free 9461K/9696K, paused 2ms+10ms, total 22ms
03-10 17:47:23.167 I/dbxyzptlk.db231210.k.c( 1710): Notifying of potential change to /8fb0427b/4fa4b1d1/30/2fe0ce4f/2eefaa/fe467c90/5ceba77/72d0b2fa/c74b192d/75bd7a7a
03-10 17:47:23.217 W/ContextImpl( 1710): Implicit intents with startService are not safe: Intent { act=com.android.vending.billing.InAppBillingService.BIND } android.content.ContextWrapper.bindService:517 com.dropbox.android.payments.h.c:298 com.dropbox.android.payments.DbxSubscriptions.c:109 
03-10 17:47:23.227 I/ActivityManager(  648): Start proc org.mozilla.fennec for broadcast org.mozilla.fennec/org.mozilla.gecko.background.announcements.AnnouncementsBroadcastReceiver: pid=1742 uid=10111 gids={50111, 3003, 1028, 1015}
03-10 17:47:23.227 I/ActivityManager(  648): Killing 1241:com.facebook.katana:dash_service/u0a114 (adj 15): empty #17
03-10 17:47:23.247 D/Finsky  ( 1515): [91] InAppBillingUtils.pickAccount: com.dropbox.android: Account determined from installer data - [h8oDSybNDDZzpp4iys_x3qq36Xs]
03-10 17:47:23.267 D/Finsky  ( 1515): [90] InAppBillingUtils.pickAccount: com.dropbox.android: Account determined from installer data - [h8oDSybNDDZzpp4iys_x3qq36Xs]
03-10 17:47:23.267 D/Finsky  ( 1515): [90] InAppBillingUtils.pickAccount: com.dropbox.android: Account determined from installer data - [h8oDSybNDDZzpp4iys_x3qq36Xs]
03-10 17:47:23.287 D/dalvikvm( 1710): GC_CONCURRENT freed 187K, 3% free 9702K/9924K, paused 1ms+3ms, total 21ms
03-10 17:47:23.337 D/dalvikvm( 1742): Trying to load lib /data/app-lib/org.mozilla.fennec-2/libmozglue.so 0x424798e8
03-10 17:47:23.337 D/dalvikvm( 1742): Added shared lib /data/app-lib/org.mozilla.fennec-2/libmozglue.so 0x424798e8
03-10 17:47:23.337 D/dalvikvm( 1742): No JNI_OnLoad found in /data/app-lib/org.mozilla.fennec-2/libmozglue.so 0x424798e8, skipping init
03-10 17:47:23.337 I/ActivityManager(  648): Delay finish: org.mozilla.fennec/org.mozilla.gecko.background.announcements.AnnouncementsBroadcastReceiver
03-10 17:47:23.367 W/GeckoProfile( 1742): Requested profile directory missing.
03-10 17:47:23.367 D/GeckoProfile( 1742): Found profile dir.
03-10 17:47:23.367 W/GeckoProfile( 1742): Requested profile directory missing.
03-10 17:47:23.367 I/ActivityManager(  648): Resuming delayed broadcast
03-10 17:47:23.367 I/ActivityManager(  648): Delay finish: org.mozilla.fennec/org.mozilla.gecko.background.healthreport.HealthReportBroadcastReceiver
03-10 17:47:23.387 W/GeckoProfile( 1742): Requested profile directory missing.
03-10 17:47:23.387 D/dalvikvm( 1710): GC_CONCURRENT freed 248K, 3% free 9878K/10160K, paused 2ms+3ms, total 17ms
03-10 17:47:23.387 I/ActivityManager(  648): Resuming delayed broadcast
03-10 17:47:23.397 I/ActivityManager(  648): Start proc com.laurencedawson.reddit_sync:remote for broadcast com.laurencedawson.reddit_sync/.RedditMessageReceiver: pid=1764 uid=10073 gids={50073, 3003, 1028, 1015}
03-10 17:47:23.397 I/ActivityManager(  648): Killing 1311:com.chrome.beta/u0a110 (adj 15): empty #17
03-10 17:47:23.467 D/dalvikvm( 1710): GC_CONCURRENT freed 362K, 4% free 10023K/10420K, paused 2ms+2ms, total 18ms
03-10 17:47:23.507 I/ActivityManager(  648): Start proc com.laurencedawson.reddit_sync for service com.laurencedawson.reddit_sync/.activities.MessagingService: pid=1786 uid=10073 gids={50073, 3003, 1028, 1015}
03-10 17:47:23.507 I/ActivityManager(  648): Delay finish: com.laurencedawson.reddit_sync/.RedditMessageReceiver
03-10 17:47:23.507 I/ActivityManager(  648): Killing 1296:com.android.providers.calendar/u0a8 (adj 15): empty #17
03-10 17:47:23.607 D/dalvikvm( 1786): GC_CONCURRENT freed 191K, 3% free 9259K/9484K, paused 2ms+2ms, total 22ms
03-10 17:47:24.038 D/dalvikvm( 1710): GC_CONCURRENT freed 344K, 4% free 10155K/10532K, paused 3ms+2ms, total 31ms
03-10 17:47:24.138 D/dalvikvm( 1786): GC_CONCURRENT freed 236K, 3% free 9414K/9684K, paused 2ms+2ms, total 27ms
03-10 17:47:24.378 I/ActivityManager(  648): Resuming delayed broadcast
03-10 17:47:24.398 I/GCoreUlr( 1106): Starting service, intent=Intent { cmp=com.google.android.gms/com.google.android.location.reporting.service.DispatchingService (has extras) }, extras=Bundle[{intentType=2, receiverAction=com.google.android.location.internal.server.ACTION_RESTARTED}]
03-10 17:47:24.398 D/GCM     (  976): GcmService start Intent { act=com.google.android.gms.INITIALIZE flg=0x10 pkg=com.google.android.gms cmp=com.google.android.gms/.gcm.GcmService } com.google.android.gms.INITIALIZE
03-10 17:47:24.408 I/GCoreUlr( 1106): WorldUpdater received intent Intent { cmp=com.google.android.gms/com.google.android.location.reporting.service.DispatchingService (has extras) } with receiverAction com.google.android.location.internal.server.ACTION_RESTARTED, forceUpdate false
03-10 17:47:24.408 I/ActivityManager(  648): Delay finish: com.google.android.keep/.notification.AlertReceiver
03-10 17:47:24.418 V/KeepAlert(  854): Action com.google.android.location.internal.server.ACTION_RESTARTED
03-10 17:47:24.428 I/ActivityManager(  648): Resuming delayed broadcast
03-10 17:47:24.428 I/ActivityManager(  648): Killing 963:com.android.printspooler/u0a105 (adj 15): empty #17
03-10 17:47:24.448 D/ThermalDaemon(  198): Maximum CPU[1] frequency 1512000 KHz
03-10 17:47:24.458 D/GCM     (  976): GcmService start Intent { act=com.google.android.gms.INITIALIZE flg=0x10 pkg=com.google.android.gms cmp=com.google.android.gms/.gcm.GcmService } com.google.android.gms.INITIALIZE
03-10 17:47:24.498 D/AlertReceiver( 1576): onReceive: a=android.intent.action.PROVIDER_CHANGED Intent { act=android.intent.action.PROVIDER_CHANGED dat=content://com.android.calendar flg=0x10 cmp=com.google.android.calendar/com.android.calendar.alerts.AlertReceiver }
03-10 17:47:24.508 D/AlertService( 1576): 0 Action = android.intent.action.PROVIDER_CHANGED
03-10 17:47:24.508 I/ActivityManager(  648): Delay finish: com.google.android.calendar/com.android.calendar.alerts.AlertReceiver
03-10 17:47:24.548 I/dalvikvm(  648): Jit: resizing JitTable from 4096 to 8192
03-10 17:47:24.558 D/dalvikvm( 1472): GC_CONCURRENT freed 248K, 3% free 9134K/9416K, paused 2ms+1ms, total 24ms
03-10 17:47:24.578 I/GCoreUlr( 1106): Ensuring that reporting is stopped because of reasons: {account#-17#=[InactiveReason{mVersionCode=0, mIdentifier=6, mName='ReportingNotSelected'}]}
03-10 17:47:24.578 D/GCoreFlp( 1106): Unknown pending intent to remove.
03-10 17:47:24.578 I/GCoreUlr( 1106): Unbound from all location providers
03-10 17:47:28.342 V/GCMRegistrar( 1710): Is registered on server: true
03-10 17:47:28.352 D/dalvikvm( 1106): GC_CONCURRENT freed 334K, 4% free 10294K/10660K, paused 12ms+3ms, total 50ms
03-10 17:47:28.352 D/dalvikvm( 1106): WAIT_FOR_CONCURRENT_GC blocked 24ms
03-10 17:47:28.682 W/ProcessCpuTracker(  648): Skipping unknown process pid 1842
03-10 17:47:28.682 W/ProcessCpuTracker(  648): Skipping unknown process pid 1843
03-10 17:47:28.682 W/ProcessCpuTracker(  648): Skipping unknown process pid 1845
03-10 17:47:29.513 D/AlertService( 1576): Beginning updateAlertNotification
03-10 17:47:29.563 I/ActivityManager(  648): Start proc com.android.providers.calendar for content provider com.android.providers.calendar/.CalendarProvider2: pid=1847 uid=10008 gids={50008, 3003, 1028, 1015}
03-10 17:47:29.643 I/CalendarProvider2( 1847): Created com.android.providers.calendar.CalendarAlarmManager@4248ec40(com.android.providers.calendar.CalendarProvider2@42486900)
03-10 17:47:29.653 D/AlertService( 1576): No fired or scheduled alerts
03-10 17:47:29.663 D/AlertService( 1576): Scheduling next alarm with AlarmScheduler. sEventReminderReceived: null
03-10 17:47:29.673 D/AlarmScheduler( 1576): Query result count for events starting within 1 week: 3
03-10 17:47:30.084 D/CaptivePortalTracker(  648): DelayedCaptiveCheckState{ when=-6ms what=2 arg1=1 target=com.android.internal.util.StateMachine$SmHandler }
03-10 17:47:30.084 D/ConnectivityService(  648): setProvNotificationVisible: E visible=false networkType=1 extraInfo=null url=null
03-10 17:47:30.124 D/CaptivePortalTracker(  648): Checking http://80.239.229.245/generate_204
03-10 17:47:30.124 W/ActivityThread(  648): ClassLoader.loadClass: The class loader returned by Thread.getContextClassLoader() may fail for processes that host multiple applications. You should explicitly specify a context class loader. For example: Thread.setContextClassLoader(getClass().getClassLoader());
03-10 17:47:30.264 D/CaptivePortalTracker(  648): isCaptivePortal: ret=false rspCode=204
03-10 17:47:30.264 D/CaptivePortalTracker(  648): Not captive network NetworkInfo: type: WIFI[], state: CONNECTED/CONNECTED, reason: (unspecified), extra: "kariniemi", roaming: false, failover: false, isAvailable: true, isConnectedToProvisioningNetwork: false
03-10 17:47:30.264 D/CaptivePortalTracker(  648): notifyPortalCheckCompleted: captive=false ni=NetworkInfo: type: WIFI[], state: CONNECTED/CONNECTED, reason: (unspecified), extra: "kariniemi", roaming: false, failover: false, isAvailable: true, isConnectedToProvisioningNetwork: false
03-10 17:47:30.264 W/ContextImpl(  648): Calling a method in the system process without a qualified user: android.app.ContextImpl.sendBroadcast:1137 android.net.CaptivePortalTracker.sendNetworkConditionsBroadcast:507 android.net.CaptivePortalTracker.isCaptivePortal:399 android.net.CaptivePortalTracker.access$2600:60 android.net.CaptivePortalTracker$DelayedCaptiveCheckState.processMessage:283 
03-10 17:47:30.264 D/ConnectivityService(  648): captivePortalCheckCompleted: ni=NetworkInfo: type: WIFI[], state: CONNECTED/CONNECTED, reason: (unspecified), extra: "kariniemi", roaming: false, failover: false, isAvailable: true, isConnectedToProvisioningNetwork: false captive=false
03-10 17:47:30.504 D/dalvikvm( 1332): GC_CONCURRENT freed 1397K, 10% free 14304K/15732K, paused 5ms+10ms, total 149ms
03-10 17:47:30.594 D/dalvikvm( 1332): GC_FOR_ALLOC freed 345K, 11% free 14394K/16044K, paused 75ms, total 75ms
03-10 17:47:30.654 I/CalendarProvider2( 1847): Sending notification intent: Intent { act=android.intent.action.PROVIDER_CHANGED dat=content://com.android.calendar }
03-10 17:47:30.654 W/ContentResolver( 1847): Failed to get type for: content://com.android.calendar (Unknown URL content://com.android.calendar)
03-10 17:47:30.654 I/ActivityManager(  648): Resuming delayed broadcast
03-10 17:47:30.654 I/ActivityManager(  648): Killing 1376:com.google.android.configupdater/u0a11 (adj 15): empty #17
03-10 17:47:30.684 I/ActivityManager(  648): Start proc com.google.android.music:main for broadcast com.google.android.music/.store.MediaStoreImportService$Receiver: pid=1876 uid=10044 gids={50044, 3003, 1028, 1015}
03-10 17:47:30.704 D/dalvikvm( 1332): GC_FOR_ALLOC freed 740K, 11% free 14413K/16192K, paused 74ms, total 74ms
03-10 17:47:30.744 D/dalvikvm( 1576): GC_CONCURRENT freed 286K, 4% free 9082K/9400K, paused 4ms+1ms, total 32ms
03-10 17:47:30.844 I/MusicStore( 1876): Database version: 85
03-10 17:47:30.864 W/ContextImpl( 1876): Implicit intents with startService are not safe: Intent { act=com.google.android.music.PREFERENCE_SERVICE } android.content.ContextWrapper.bindService:517 com.google.android.music.utils.SafeServiceConnection$ServiceConnectionImp.bindService:98 com.google.android.music.utils.SafeServiceConnection.bindService:259 
03-10 17:47:30.874 D/dalvikvm( 1876): GC_CONCURRENT freed 212K, 3% free 9207K/9452K, paused 3ms+3ms, total 21ms
03-10 17:47:30.904 W/ContextImpl( 1876): Implicit intents with startService are not safe: Intent { act=com.google.android.music.NETWORK_MONITOR_SERVICE } android.content.ContextWrapper.bindService:517 com.google.android.music.utils.SafeServiceConnection$ServiceConnectionImp.bindService:98 com.google.android.music.utils.SafeServiceConnection.bindService:259 
03-10 17:47:30.954 D/dalvikvm( 1876): GC_CONCURRENT freed 288K, 4% free 9328K/9652K, paused 3ms+1ms, total 15ms
03-10 17:47:31.055 D/dalvikvm(  648): GC_EXPLICIT freed 855K, 12% free 16909K/19104K, paused 3ms+8ms, total 106ms
03-10 17:47:31.115 I/Icing   (  988): Storage manager: low false usage 1.16MB avail 20.96GB capacity 22.46GB
03-10 17:47:31.115 I/MediaRouter( 1876): Found default route: MediaRouter.RouteInfo{ uniqueId=android/.support.v7.media.SystemMediaRouteProvider:DEFAULT_ROUTE, name=Tablet, description=null, enabled=true, connecting=false, playbackType=0, playbackStream=3, volumeHandling=1, volume=0, volumeMax=15, presentationDisplayId=-1, extras=null, providerPackageName=android }
03-10 17:47:31.135 I/ActivityManager(  648): Delay finish: com.google.android.music/.store.MediaStoreImportService$Receiver
03-10 17:47:31.165 I/CastUtils( 1876): Removing provider: MediaRouter.RouteProviderInfo{ packageName=com.google.android.gms }
03-10 17:47:31.165 I/ActivityManager(  648): Resuming delayed broadcast
03-10 17:47:31.165 I/ActivityManager(  648): Delay finish: com.google.android.music/.store.MediaStoreImportService$Receiver
03-10 17:47:31.175 D/dalvikvm(  988): GC_CONCURRENT freed 296K, 6% free 9364K/9936K, paused 2ms+3ms, total 19ms
03-10 17:47:31.175 I/ActivityManager(  648): Resuming delayed broadcast
03-10 17:47:31.175 I/ActivityManager(  648): Killing 1403:com.google.android.onetimeinitializer/u0a27 (adj 15): empty #17
03-10 17:47:31.225 D/GCM     (  976): GcmService start Intent { act=android.net.conn.CONNECTIVITY_CHANGE flg=0x4000010 cmp=com.google.android.gms/.gcm.GcmService (has extras) } android.net.conn.CONNECTIVITY_CHANGE
03-10 17:47:31.225 D/YouTube ( 1626): apps.youtube.app.prefetch.PrefetchService$DeviceStateReceiver.onReceive:565 Got device state change intent: android.net.conn.CONNECTIVITY_CHANGE
03-10 17:47:31.225 D/YouTube ( 1626): apps.youtube.app.prefetch.PrefetchService.onStartCommand:167 PrefetchService started at 10 Mar 2014 15:47:31 GMT
03-10 17:47:31.235 D/YouTube ( 1626): apps.youtube.app.prefetch.PrefetchService.p_:245 Download snapshot restored
03-10 17:47:31.235 I/ActivityManager(  648): Start proc com.google.android.apps.magazines for broadcast com.google.android.apps.magazines/com.google.apps.dots.android.newsstand.appwidget.NewsWidgetProvider: pid=1923 uid=10040 gids={50040, 3003, 1028, 1015}
03-10 17:47:31.245 D/YouTube ( 1626): apps.youtube.app.prefetch.PrefetchService.onDestroy:215 PrefetchService destroyed at 10 Mar 2014 15:47:31 GMT
03-10 17:47:31.285 V/WebViewChromium( 1923): Binding Chromium to the background looper Looper (main, tid 1) {42477c28}
03-10 17:47:31.285 I/chromium( 1923): [INFO:library_loader_hooks.cc(112)] Chromium logging enabled: level = 0, default verbosity = 0
03-10 17:47:31.285 I/BrowserProcessMain( 1923): Initializing chromium process, renderers=0
03-10 17:47:31.295 W/chromium( 1923): [WARNING:proxy_service.cc(888)] PAC support disabled because there is no system implementation
03-10 17:47:31.305 I/Adreno-EGL( 1923): <qeglDrvAPI_eglInitialize:320>: EGL 1.4 QUALCOMM Build: I0404c4692afb8623f95c43aeb6d5e13ed4b30ddbDate: 11/06/13
03-10 17:47:31.375 D/dalvikvm(  988): GC_FOR_ALLOC freed 318K, 6% free 9420K/9936K, paused 13ms, total 13ms
03-10 17:47:31.375 W/GAV2    ( 1923): Thread[main,5,main]: Need to call initialize() and be in fallback mode to start dispatch.
03-10 17:47:31.385 D/dalvikvm( 1923): GC_CONCURRENT freed 290K, 4% free 9165K/9488K, paused 3ms+3ms, total 23ms
03-10 17:47:31.385 I/Icing   (  988): doRemovePackageData com.google.android.gm
03-10 17:47:31.425 I/Icing   (  988): Internal init done: storage state 0
03-10 17:47:31.435 I/Icing   (  988): Post-init done
03-10 17:47:31.475 D/dalvikvm( 1923): GC_CONCURRENT freed 225K, 3% free 9414K/9672K, paused 1ms+2ms, total 15ms
03-10 17:47:31.495 I/NSApplication( 1923): Starting up...
03-10 17:47:31.515 D/dalvikvm(  988): GC_CONCURRENT freed 432K, 6% free 9421K/9936K, paused 1ms+2ms, total 13ms
03-10 17:47:31.525 I/ActivityManager(  648): Start proc com.google.android.apps.plus for broadcast com.google.android.apps.plus/.service.ConnectivityReceiver: pid=1969 uid=10054 gids={50054, 3003, 3002, 1028, 1015}
03-10 17:47:31.525 I/ActivityManager(  648): Killing 1459:com.google.android.nfcprovision/u0a46 (adj 15): empty #17
03-10 17:47:31.565 D/dalvikvm( 1923): GC_CONCURRENT freed 316K, 4% free 9517K/9864K, paused 1ms+2ms, total 15ms
03-10 17:47:31.685 D/dalvikvm( 1969): Trying to load lib /data/app-lib/com.google.android.apps.plus-2/libcrashreporter.so 0x42480e58
03-10 17:47:31.685 D/dalvikvm( 1969): Added shared lib /data/app-lib/com.google.android.apps.plus-2/libcrashreporter.so 0x42480e58
03-10 17:47:31.725 D/dalvikvm( 1969): GC_CONCURRENT freed 239K, 3% free 9199K/9472K, paused 3ms+5ms, total 25ms
03-10 17:47:31.845 D/dalvikvm( 1969): GC_CONCURRENT freed 271K, 4% free 9402K/9708K, paused 2ms+18ms, total 33ms
03-10 17:47:31.855 I/ImageResourceManager( 1969): ImageResourceManager: uninitalized
03-10 17:47:31.865 I/iu.Environment( 1969): update battery state; isPlugged? true*
03-10 17:47:31.865 I/iu.Environment( 1969): update connectivity state; isNetworkMetered? false, isRoaming? false, isBackgroundDataAllowed? true*
03-10 17:47:31.865 I/iu.Environment( 1969): update connectivity state; isNetworkMetered? false, isRoaming? false, isBackgroundDataAllowed? true
03-10 17:47:31.875 D/dalvikvm( 1969): GC_FOR_ALLOC freed 80K, 4% free 9367K/9708K, paused 14ms, total 14ms
03-10 17:47:31.885 I/ActivityManager(  648): Start proc com.yle.webtv for broadcast com.yle.webtv/.net.ConnectionChangeReceiver: pid=2000 uid=10116 gids={50116, 3003}
03-10 17:47:31.885 I/ActivityManager(  648): Killing 1546:com.google.android.exchange/u0a19 (adj 15): empty #17
03-10 17:47:31.895 I/dalvikvm-heap( 1969): Grow heap (frag case) to 13.298MB for 4322896-byte allocation
03-10 17:47:31.895 I/dalvikvm( 2000): Enabling JNI app bug workarounds for target SDK version 10...
03-10 17:47:31.905 D/dalvikvm( 1969): GC_FOR_ALLOC freed <1K, 3% free 13588K/13932K, paused 15ms, total 15ms
03-10 17:47:31.925 D/dalvikvm( 1969): GC_CONCURRENT freed 9K, 3% free 13593K/13932K, paused 2ms+2ms, total 17ms
03-10 17:47:31.985 D/dalvikvm( 1969): GC_FOR_ALLOC freed 3K, 3% free 13597K/13932K, paused 30ms, total 30ms
03-10 17:47:31.996 I/dalvikvm-heap( 1969): Grow heap (frag case) to 17.429MB for 4322896-byte allocation
03-10 17:47:32.006 D/dalvikvm( 1969): GC_FOR_ALLOC freed <1K, 2% free 17817K/18156K, paused 14ms, total 14ms
03-10 17:47:32.026 I/ActivityManager(  648): Start proc android.process.acore for content provider com.android.providers.contacts/.ContactsProvider2: pid=2014 uid=10000 gids={50000, 3003, 1028, 1015}
03-10 17:47:32.036 D/dalvikvm( 1969): GC_CONCURRENT freed 1K, 2% free 17820K/18156K, paused 3ms+4ms, total 21ms
03-10 17:47:32.046 I/ActivityManager(  648): Killing 1488:com.google.android.email/u0a18 (adj 15): empty #17
03-10 17:47:32.066 D/dalvikvm( 2000): GC_CONCURRENT freed 215K, 3% free 9277K/9524K, paused 3ms+2ms, total 34ms
03-10 17:47:32.066 D/dalvikvm( 2000): WAIT_FOR_CONCURRENT_GC blocked 5ms
03-10 17:47:32.086 D/dalvikvm( 2000): GC_CONCURRENT freed 242K, 4% free 9457K/9796K, paused 2ms+1ms, total 15ms
03-10 17:47:32.086 D/dalvikvm( 2000): WAIT_FOR_CONCURRENT_GC blocked 6ms
03-10 17:47:32.126 D/dalvikvm( 2014): GC_CONCURRENT freed 273K, 4% free 9211K/9516K, paused 1ms+2ms, total 19ms
03-10 17:47:32.156 D/dalvikvm( 2000): GC_CONCURRENT freed 272K, 3% free 9716K/10000K, paused 1ms+1ms, total 25ms
03-10 17:47:32.176 I/iu.UploadsManager( 1969): #reloadSettings(); account: null; pageID: none; IU: disabled; IS: disabled; photoWiFi: true; videoWiFi: true; roam: false; battery: true; size: FULL; maxMobile: 157286400
03-10 17:47:32.226 I/ContactLocale( 2014): AddressBook Labels [en_US]: [, A, B, C, D, E, F, G, H, I, J, K, L, M, N, O, P, Q, R, S, T, U, V, W, X, Y, Z, , , , , , , , , , , , , , , , , , , , , , , , , , , , , , , , , , , , , , , , , , , , , , , , , , , , , , , , , , , , , , , , , , , , , , , , , , , , , , , , , , , , , , , , , , , , , , , , , , , , , , , , , , , , , , , , , , , , , , , , , , , , , , , , , , , , , , , , , , , , , , , , , , , , , , , , , , , , , , , , , , , , , , , , , , , , , , , , , , , , , , #, ]
03-10 17:47:32.236 D/dalvikvm( 2000): GC_CONCURRENT freed 327K, 4% free 9873K/10232K, paused 2ms+1ms, total 20ms
03-10 17:47:32.246 I/iu.UploadsManager( 1969): End new media; added: 0, uploading: 0, time: 68 ms
03-10 17:47:32.256 I/iu.FingerprintManager( 1969): Start processing all media
03-10 17:47:32.256 I/iu.FingerprintManager( 1969): Start processing media store URI: content://media/external/images/media
03-10 17:47:32.266 I/iu.FingerprintManager( 1969): Start processing media store URI: content://media/external/video/media
03-10 17:47:32.266 I/iu.FingerprintManager( 1969): Start processing media store URI: content://media/phoneStorage/images/media
03-10 17:47:32.276 I/iu.FingerprintManager( 1969): Start processing media store URI: content://media/phoneStorage/video/media
03-10 17:47:32.276 I/iu.FingerprintManager( 1969): Finished generating fingerprints; 0.021 seconds
03-10 17:47:32.276 I/iu.FingerprintManager( 1969):   numSeen=0 numGenerated=0 numDeleted=0 numFailed=0
03-10 17:47:32.356 D/dalvikvm( 2000): GC_CONCURRENT freed 280K, 4% free 9990K/10304K, paused 2ms+2ms, total 22ms
03-10 17:47:32.366 I/ActivityManager(  648): Start proc com.chrome.beta for broadcast com.chrome.beta/com.google.android.apps.chrome.precache.PrecacheServiceLauncher: pid=2040 uid=10110 gids={50110, 3003, 1028, 1015}
03-10 17:47:32.366 I/ActivityManager(  648): Killing 1590:com.google.android.gms.ui/u0a23 (adj 15): empty #17
03-10 17:47:32.386 D/dalvikvm(  187): GC_EXPLICIT freed 42K, 1% free 8980K/9056K, paused 1ms+2ms, total 20ms
03-10 17:47:32.406 D/dalvikvm(  187): GC_EXPLICIT freed <1K, 1% free 8980K/9056K, paused 3ms+2ms, total 19ms
03-10 17:47:32.416 D/dalvikvm(  187): GC_EXPLICIT freed <1K, 1% free 8980K/9056K, paused 1ms+2ms, total 17ms
03-10 17:47:32.416 I/ActivityManager(  648): Killing 1215:com.google.android.partnersetup/u0a28 (adj 15): empty #17
03-10 17:47:32.426 I/ActivityManager(  648): Start proc com.devhd.feedly for broadcast com.devhd.feedly/.widget.FeedlyWidgetProvider: pid=2053 uid=10083 gids={50083, 3003, 1028, 1015}
03-10 17:47:32.526 I/widget.provider( 2053): com.devhd.feedly.widget.FeedlyWidgetProvider onReceive: android.net.conn.CONNECTIVITY_CHANGE
03-10 17:47:32.526 W/widget.data( 2053): **** creating widget[0] data model object ****
03-10 17:47:32.526 I/ActivityManager(  648): Killing 1682:com.google.android.googlequicksearchbox:search/u0a60 (adj 15): empty #17
03-10 17:47:32.556 V/AlarmClock( 1472): AlarmInitReceiver android.intent.action.TIME_SET
03-10 17:47:32.576 I/AlarmClock( 1472): Displaying next alarm time: ''
03-10 17:47:32.586 V/AlarmClock( 1472): AlarmInitReceiver finished
03-10 17:47:32.626 V/KeepAlert(  854): Action android.intent.action.TIME_SET
03-10 17:47:32.656 I/ActivityManager(  648): Delay finish: com.google.android.music/.store.MediaStoreImportService$Receiver
03-10 17:47:32.676 D/dalvikvm( 1876): GC_CONCURRENT freed 259K, 4% free 9498K/9792K, paused 3ms+2ms, total 49ms
03-10 17:47:32.716 I/MediaStoreImporter( 1876): Update: incremental Added music: 0 Updated music: 0 Deleted music: 0 Created playlists: 0 Updated playlists: 0 Deleted playlists: 0 Inserted playlist items: 0 Deleted playlist items: 0 Removed orphaned playlist items: 0
03-10 17:47:32.716 I/ActivityManager(  648): Resuming delayed broadcast
03-10 17:47:32.736 I/ActivityManager(  648): Start proc com.google.android.email for broadcast com.google.android.email/com.android.email.provider.WidgetProvider: pid=2084 uid=10018 gids={50018, 3003, 1028, 1015}
03-10 17:47:32.786 I/Icing   (  988): Indexing 89C722CAC15EF46A4C7BB4760D5543033178AD63 from com.google.android.music
03-10 17:47:32.786 D/ActivityThread( 2084): Loading provider com.google.android.email.provider;com.google.android.email.notifier: com.android.email.provider.EmailProvider
03-10 17:47:32.796 D/ActivityThread( 2084): Loading provider com.google.android.email.provider;com.google.android.email.notifier: com.android.email.provider.EmailProvider
03-10 17:47:32.796 D/ActivityThread( 2084): Loading provider com.google.android.email.provider;com.google.android.email.notifier: com.android.email.provider.EmailProvider
03-10 17:47:32.836 D/dalvikvm( 2084): GC_CONCURRENT freed 206K, 3% free 9179K/9416K, paused 1ms+2ms, total 16ms
03-10 17:47:32.896 D/dalvikvm(  648): GC_EXPLICIT freed 394K, 12% free 16895K/19104K, paused 2ms+7ms, total 94ms
03-10 17:47:32.916 D/GCM     (  976): GcmService start Intent { act=com.google.android.gms.INITIALIZE flg=0x10 pkg=com.google.android.gms cmp=com.google.android.gms/.gcm.GcmService } com.google.android.gms.INITIALIZE
03-10 17:47:32.926 I/Icing   (  988): Indexing done 89C722CAC15EF46A4C7BB4760D5543033178AD63
03-10 17:47:32.936 I/Email   ( 2084): Observing account changes for notifications
03-10 17:47:32.936 W/ActivityManager(  648): Unable to start service Intent { cmp=com.google.android.email/com.android.email.service.AttachmentDownloadService } U=0: not found
03-10 17:47:32.936 W/ActivityManager(  648): Unable to start service Intent { cmp=com.google.android.email/com.android.email.service.AttachmentDownloadService } U=0: not found
03-10 17:47:32.936 W/ActivityManager(  648): Unable to start service Intent { cmp=com.google.android.email/com.android.email.service.AttachmentDownloadService } U=0: not found
03-10 17:47:32.936 W/ActivityManager(  648): Unable to start service Intent { cmp=com.google.android.email/com.android.email.service.AttachmentDownloadService } U=0: not found
03-10 17:47:32.946 I/ActivityManager(  648): Delay finish: com.android.providers.calendar/.CalendarProviderBroadcastReceiver
03-10 17:47:32.976 I/ActivityManager(  648): Resuming delayed broadcast
03-10 17:47:32.986 I/GeckoAnnounce( 1742): fennec :: AnnounceBrSvc :: Registering AnnouncementsService.
03-10 17:47:32.986 I/ActivityManager(  648): Delay finish: org.mozilla.fennec/org.mozilla.gecko.background.announcements.AnnouncementsBroadcastReceiver
03-10 17:47:32.996 I/GeckoAnnounce( 1742): fennec :: BackgroundService :: Setting inexact repeating alarm for interval 43200000
03-10 17:47:32.996 I/ActivityManager(  648): Resuming delayed broadcast
03-10 17:47:32.996 I/ActivityManager(  648): Delay finish: org.mozilla.fennec/org.mozilla.gecko.background.healthreport.HealthReportBroadcastReceiver
03-10 17:47:33.017 D/dalvikvm( 1742): GC_CONCURRENT freed 269K, 4% free 9203K/9504K, paused 3ms+2ms, total 19ms
03-10 17:47:33.017 D/dalvikvm( 1742): WAIT_FOR_CONCURRENT_GC blocked 15ms
03-10 17:47:33.017 I/GeckoHealth( 1742): fennec :: HealthReportBroadcastService :: Registering HealthReportUploadService.
03-10 17:47:33.027 I/GeckoHealth( 1742): fennec :: BackgroundService :: Setting inexact repeating alarm for interval 3600000
03-10 17:47:33.027 I/GeckoHealth( 1742): fennec :: HealthReportBroadcastService :: Registering HealthReportPruneService.
03-10 17:47:33.027 I/GeckoHealth( 1742): fennec :: BackgroundService :: Setting inexact repeating alarm for interval 86400000
03-10 17:47:33.027 I/ActivityManager(  648): Resuming delayed broadcast
03-10 17:47:33.027 I/ActivityManager(  648): Delay finish: org.mozilla.fennec/org.mozilla.gecko.background.healthreport.HealthReportBroadcastReceiver
03-10 17:47:33.027 I/ActivityManager(  648): Resuming delayed broadcast
03-10 17:47:33.037 D/AlertReceiver( 1576): onReceive: a=android.intent.action.PROVIDER_CHANGED Intent { act=android.intent.action.PROVIDER_CHANGED dat=content://com.android.calendar flg=0x10 cmp=com.google.android.calendar/com.android.calendar.alerts.AlertReceiver }
03-10 17:47:33.037 D/AlertService( 1576): 0 Action = android.intent.action.PROVIDER_CHANGED
03-10 17:47:33.037 I/ActivityManager(  648): Delay finish: com.google.android.calendar/com.android.calendar.alerts.AlertReceiver
03-10 17:47:34.238 D/ConnectivityService(  648): handleInetConditionHoldEnd: net=1, condition=0, published condition=0
03-10 17:47:36.039 I/ActivityManager(  648): Waited long enough for: ServiceRecord{42c0ae50 u0 com.facebook.katana/com.facebook.push.mqtt.MqttPushService}
03-10 17:47:36.039 I/ActivityManager(  648): Resuming delayed broadcast
03-10 17:47:36.130 I/ActivityManager(  648): Delay finish: com.google.android.music/.leanback.AutoCacheSchedulingService$EnablingReceiver
03-10 17:47:36.150 W/ContextImpl( 1876): Implicit intents with startService are not safe: Intent { act=com.google.android.music.NETWORK_MONITOR_SERVICE } android.content.ContextWrapper.bindService:517 com.google.android.music.utils.SafeServiceConnection$ServiceConnectionImp.bindService:98 com.google.android.music.utils.SafeServiceConnection.bindService:259 
03-10 17:47:36.150 W/ContextImpl( 1876): Implicit intents with startService are not safe: Intent { act=com.google.android.music.NETWORK_MONITOR_SERVICE } android.content.ContextWrapper.bindService:517 com.google.android.music.utils.SafeServiceConnection$ServiceConnectionImp.bindService:98 com.google.android.music.utils.SafeServiceConnection.bindService:259 
03-10 17:47:36.160 D/CacheService( 1876): onCreate
03-10 17:47:36.160 D/dalvikvm( 1876): GC_CONCURRENT freed 215K, 3% free 9734K/10000K, paused 3ms+2ms, total 16ms
03-10 17:47:36.170 D/CacheService( 1876): onBind
03-10 17:47:36.210 I/MusicLeanback( 1876): Conditions not met for autocaching.
03-10 17:47:36.210 I/MusicLeanback( 1876): Stop autocaching.
03-10 17:47:36.210 D/CacheService( 1876): onDestroy
03-10 17:47:36.210 I/ActivityManager(  648): Resuming delayed broadcast
03-10 17:47:36.280 I/ActivityManager(  648): Waited long enough for: ServiceRecord{42afc428 u0 com.google.android.calendar/com.android.calendar.alerts.InitAlarmsService}
03-10 17:47:36.390 W/GAV2    ( 1923): Thread[GAThread,5,main]: Service unavailable (code=1), will retry.
03-10 17:47:36.390 I/GAV2    ( 1923): Thread[GAThread,5,main]: No campaign data found.
03-10 17:47:36.390 W/ActivityManager(  648): Unable to start service Intent { act=com.google.android.gms.analytics.service.START cmp=com.google.android.gms/.analytics.service.AnalyticsService (has extras) } U=0: not found
03-10 17:47:36.770 W/GAV2    ( 1969): Thread[GAThread,5,main]: Service unavailable (code=1), will retry.
03-10 17:47:36.770 W/ActivityManager(  648): Unable to start service Intent { act=com.google.android.gms.analytics.service.START cmp=com.google.android.gms/.analytics.service.AnalyticsService (has extras) } U=0: not found
03-10 17:47:36.790 I/GAV2    ( 1969): Thread[GAThread,5,main]: No campaign data found.
03-10 17:47:37.631 I/ActivityManager(  648): Killing 1710:com.dropbox.android/u0a75 (adj 15): empty #17
03-10 17:47:38.031 D/AlertService( 1576): Beginning updateAlertNotification
03-10 17:47:38.071 D/AlertService( 1576): No fired or scheduled alerts
03-10 17:47:38.081 D/AlertService( 1576): Scheduling next alarm with AlarmScheduler. sEventReminderReceived: null
03-10 17:47:38.091 D/AlarmScheduler( 1576): Query result count for events starting within 1 week: 3
03-10 17:47:39.933 D/dalvikvm( 1106): GC_CONCURRENT freed 564K, 6% free 10238K/10840K, paused 6ms+3ms, total 51ms
03-10 17:47:39.933 D/dalvikvm( 1106): WAIT_FOR_CONCURRENT_GC blocked 9ms
03-10 17:47:39.943 D/dalvikvm( 1106): WAIT_FOR_CONCURRENT_GC blocked 16ms
03-10 17:47:41.395 W/GAV2    ( 1923): Thread[Service Reconnect,5,main]: Service unavailable (code=1), using local store.
03-10 17:47:41.395 W/ActivityManager(  648): Unable to start service Intent { act=com.google.android.gms.analytics.service.START cmp=com.google.android.gms/.analytics.service.AnalyticsService (has extras) } U=0: not found
03-10 17:47:41.785 W/GAV2    ( 1969): Thread[Service Reconnect,5,main]: Service unavailable (code=1), using local store.
03-10 17:47:41.785 W/ActivityManager(  648): Unable to start service Intent { act=com.google.android.gms.analytics.service.START cmp=com.google.android.gms/.analytics.service.AnalyticsService (has extras) } U=0: not found
03-10 17:47:46.370 D/GCM     (  976): Connected
03-10 17:47:46.420 I/GCM     (  976): GCM message com.google.android.gsf.gtalkservice 
03-10 17:47:46.450 D/GCM     (  976): Message class hwi
03-10 17:47:46.890 D/ConnectivityService(  648): handleInetConditionHoldEnd: net=1, condition=100, published condition=0
03-10 17:47:48.592 D/dalvikvm( 1106): GC_CONCURRENT freed 478K, 7% free 10144K/10840K, paused 5ms+1ms, total 69ms
03-10 17:47:48.882 D/dalvikvm( 1106): GC_CONCURRENT freed 415K, 6% free 10217K/10840K, paused 2ms+2ms, total 41ms
03-10 17:47:51.144 W/GLSUser (  976): GoogleAccountDataService.getToken()
03-10 17:47:51.184 D/dalvikvm(  976): GC_CONCURRENT freed 342K, 6% free 9600K/10152K, paused 2ms+2ms, total 37ms
03-10 17:47:51.294 D/InitAlarmsService( 1576): Clearing and rescheduling alarms.
03-10 17:47:51.424 D/dalvikvm( 1515): GC_CONCURRENT freed 214K, 3% free 9755K/10004K, paused 4ms+3ms, total 29ms
03-10 17:47:52.045 D/dalvikvm( 1515): GC_CONCURRENT freed 351K, 4% free 9794K/10180K, paused 7ms+3ms, total 43ms
03-10 17:47:52.165 D/dalvikvm( 1515): GC_CONCURRENT freed 228K, 3% free 9953K/10216K, paused 3ms+7ms, total 27ms
03-10 17:47:52.225 D/dalvikvm( 1515): GC_CONCURRENT freed 156K, 2% free 10297K/10496K, paused 1ms+2ms, total 22ms
03-10 17:47:52.225 D/dalvikvm( 1515): WAIT_FOR_CONCURRENT_GC blocked 11ms
03-10 17:47:52.285 D/dalvikvm( 1515): GC_CONCURRENT freed 228K, 3% free 10534K/10820K, paused 1ms+2ms, total 23ms
03-10 17:47:52.285 D/dalvikvm( 1515): WAIT_FOR_CONCURRENT_GC blocked 18ms
03-10 17:47:52.315 D/dalvikvm( 1515): GC_FOR_ALLOC freed 245K, 4% free 10660K/11076K, paused 26ms, total 26ms
03-10 17:47:52.345 D/dalvikvm( 1515): GC_FOR_ALLOC freed 255K, 4% free 10801K/11236K, paused 23ms, total 23ms
03-10 17:47:52.425 D/dalvikvm( 1515): GC_CONCURRENT freed 272K, 4% free 11020K/11364K, paused 3ms+5ms, total 48ms
03-10 17:47:52.506 D/dalvikvm( 1515): GC_CONCURRENT freed 207K, 3% free 11497K/11736K, paused 1ms+2ms, total 29ms
03-10 17:47:52.506 D/dalvikvm( 1515): WAIT_FOR_CONCURRENT_GC blocked 16ms
03-10 17:47:52.616 D/dalvikvm( 1515): GC_CONCURRENT freed 516K, 5% free 11825K/12372K, paused 2ms+2ms, total 34ms
03-10 17:47:52.616 D/dalvikvm( 1515): WAIT_FOR_CONCURRENT_GC blocked 21ms
03-10 17:47:52.706 D/Finsky  ( 1515): [1] CheckWifiAndAutoUpdate.cancelCheck: Cancelling auto-update wifi check.
03-10 17:47:52.786 D/dalvikvm( 1515): GC_CONCURRENT freed 613K, 6% free 12158K/12808K, paused 3ms+3ms, total 46ms
03-10 17:47:52.786 D/dalvikvm( 1515): WAIT_FOR_CONCURRENT_GC blocked 32ms
03-10 17:47:52.886 W/GLSUser (  976): GoogleAccountDataService.getToken()
03-10 17:47:53.096 I/qtaguid ( 1515): Failed write_ctrl(u 53) res=-1 errno=22
03-10 17:47:53.096 I/qtaguid ( 1515): Untagging socket 53 failed errno=-22
03-10 17:47:53.096 W/NetworkManagementSocketTagger( 1515): untagSocket(53) failed with errno -22
03-10 17:47:53.276 D/dalvikvm( 1515): GC_CONCURRENT freed 748K, 6% free 12439K/13228K, paused 1ms+2ms, total 57ms
03-10 17:47:53.306 D/Finsky  ( 1515): [1] DailyHygiene.flushEventLogs: Flushing event logs for [h8oDSybNDDZzpp4iys_x3qq36Xs]
03-10 17:47:53.336 I/ActivityManager(  648): Killing 1764:com.laurencedawson.reddit_sync:remote/u0a73 (adj 15): empty #17
03-10 17:47:54.377 D/ConnectivityService(  648): handleInetConditionHoldEnd: net=1, condition=0, published condition=100
03-10 17:48:03.987 D/GCM     (  976): Connected
03-10 17:48:04.007 I/GCM     (  976): GCM message com.google.android.gsf.gtalkservice 
03-10 17:48:04.027 D/GCM     (  976): Message class hwi
03-10 17:48:04.497 D/ConnectivityService(  648): handleInetConditionHoldEnd: net=1, condition=100, published condition=0
03-10 17:48:07.430 I/Icing   (  988): Indexing 89C722CAC15EF46A4C7BB4760D5543033178AD63 from com.google.android.music
03-10 17:48:07.570 I/Icing   (  988): Indexing done 89C722CAC15EF46A4C7BB4760D5543033178AD63
03-10 17:48:07.860 D/Finsky  ( 1515): [1] 5.onFinished: Installation state replication succeeded.
03-10 17:48:11.424 D/ConnectivityService(  648): Sampling interval elapsed, updating statistics ..
03-10 17:48:11.464 D/ConnectivityService(  648): Done.
03-10 17:48:11.464 D/ConnectivityService(  648): Setting timer for 720seconds
03-10 17:48:44.426 E/kickstart(  678): Wrote to /sys/power/wake_lock
03-10 17:48:44.616 E/kickstart(  678): Received file "/dev/block/platform/msm_sdcc.1/by-name/m9kefs2"
03-10 17:48:44.616 E/kickstart(  678): 786432 bytes transferred in 0.183s (4.10 MBps)
03-10 17:48:44.616 E/kickstart(  678): Successfully downloaded files from target 
03-10 17:48:44.616 E/kickstart(  678): Wrote to /sys/power/wake_unlock
03-10 17:48:44.616 E/kickstart(  678): Sahara protocol completed
03-10 17:48:57.769 D/AndroidRuntime( 2200): 
03-10 17:48:57.769 D/AndroidRuntime( 2200): >>>>>> AndroidRuntime START com.android.internal.os.RuntimeInit <<<<<<
03-10 17:48:57.769 D/AndroidRuntime( 2200): CheckJNI is OFF
03-10 17:48:57.779 D/dalvikvm( 2200): Trying to load lib libjavacore.so 0x0
03-10 17:48:57.789 D/dalvikvm( 2200): Added shared lib libjavacore.so 0x0
03-10 17:48:57.789 D/dalvikvm( 2200): Trying to load lib libnativehelper.so 0x0
03-10 17:48:57.789 D/dalvikvm( 2200): Added shared lib libnativehelper.so 0x0
03-10 17:48:57.789 D/dalvikvm( 2200): No JNI_OnLoad found in libnativehelper.so 0x0, skipping init
03-10 17:48:57.829 D/dalvikvm( 2200): Note: class Landroid/app/ActivityManagerNative; has 179 unimplemented (abstract) methods
03-10 17:48:58.019 D/AndroidRuntime( 2200): Calling main entry com.android.commands.am.Am
03-10 17:48:58.029 I/ActivityManager(  648): START u0 {flg=0x10000000 cmp=com.android.helloworldlein/.SplashActivity} from pid 2200
03-10 17:48:58.330 I/WindowManager(  648): Screenshot max retries 4 of Token{42beaf70 ActivityRecord{42beaa70 u0 com.android.launcher/com.android.launcher2.Launcher t1}} appWin=Window{42b1b0c8 u0 com.android.launcher/com.android.launcher2.Launcher} drawState=4
03-10 17:48:58.330 W/WindowManager(  648): Screenshot failure taking screenshot for (1200x1920) to layer 21005
03-10 17:48:58.350 D/AndroidRuntime( 2200): Shutting down VM
03-10 17:48:58.360 D/dalvikvm( 2200): GC_CONCURRENT freed 95K, 15% free 586K/684K, paused 1ms+1ms, total 6ms
03-10 17:48:58.380 I/ActivityManager(  648): Start proc com.android.helloworldlein for activity com.android.helloworldlein/.SplashActivity: pid=2217 uid=10119 gids={50119}
03-10 17:48:58.500 D/dalvikvm( 2217): GC_FOR_ALLOC freed 44K, 1% free 9017K/9096K, paused 16ms, total 16ms
03-10 17:48:58.500 I/dalvikvm-heap( 2217): Grow heap (frag case) to 9.445MB for 640016-byte allocation
03-10 17:48:58.510 D/dalvikvm( 2217): GC_CONCURRENT freed <1K, 1% free 9642K/9724K, paused 3ms+1ms, total 14ms
03-10 17:48:58.510 D/dalvikvm( 2217): WAIT_FOR_CONCURRENT_GC blocked 11ms
03-10 17:48:58.510 D/dalvikvm( 2217): WAIT_FOR_CONCURRENT_GC blocked 6ms
03-10 17:48:58.530 D/dalvikvm( 2217): GC_FOR_ALLOC freed <1K, 1% free 9644K/9724K, paused 12ms, total 12ms
03-10 17:48:58.530 I/dalvikvm-heap( 2217): Grow heap (frag case) to 10.056MB for 640016-byte allocation
03-10 17:48:58.550 D/dalvikvm( 2217): GC_CONCURRENT freed 0K, 1% free 10269K/10352K, paused 2ms+1ms, total 14ms
03-10 17:48:58.550 D/dalvikvm( 2217): WAIT_FOR_CONCURRENT_GC blocked 12ms
03-10 17:48:58.550 D/dalvikvm( 2217): WAIT_FOR_CONCURRENT_GC blocked 7ms
03-10 17:48:58.570 D/dalvikvm( 2217): GC_FOR_ALLOC freed <1K, 1% free 10270K/10352K, paused 10ms, total 10ms
03-10 17:48:58.570 I/dalvikvm-heap( 2217): Grow heap (frag case) to 10.668MB for 640016-byte allocation
03-10 17:48:58.580 D/dalvikvm( 2217): GC_CONCURRENT freed <1K, 1% free 10895K/10980K, paused 1ms+1ms, total 13ms
03-10 17:48:58.580 D/dalvikvm( 2217): WAIT_FOR_CONCURRENT_GC blocked 12ms
03-10 17:48:58.580 D/dalvikvm( 2217): WAIT_FOR_CONCURRENT_GC blocked 7ms
03-10 17:48:58.610 I/Adreno-EGL( 2217): <qeglDrvAPI_eglInitialize:320>: EGL 1.4 QUALCOMM Build: I0404c4692afb8623f95c43aeb6d5e13ed4b30ddbDate: 11/06/13
