03-10 17:50:30.580 I/Adreno-EGL( 2475): <qeglDrvAPI_eglInitialize:320>: EGL 1.4 QUALCOMM Build: I0404c4692afb8623f95c43aeb6d5e13ed4b30ddbDate: 11/06/13
03-10 17:50:30.610 D/OpenGLRenderer( 2475): Enabling debug mode 0
03-10 17:50:30.660 D/dalvikvm( 2475): GC_CONCURRENT freed 229K, 3% free 11215K/11476K, paused 2ms+2ms, total 17ms
03-10 17:50:30.670 I/ActivityManager(  648): Displayed com.android.helloworldlein/.SplashActivity: +346ms
03-10 17:50:30.880 D/dalvikvm( 2475): GC_CONCURRENT freed 346K, 4% free 11554K/11932K, paused 1ms+2ms, total 20ms
03-10 17:50:31.130 D/dalvikvm( 2475): GC_CONCURRENT freed 435K, 4% free 11890K/12360K, paused 3ms+2ms, total 27ms
03-10 17:50:31.381 I/dalvikvm( 2475): Could not find method java.beans.Introspector.getBeanInfo, referenced from method clojure.core$bean.invoke
03-10 17:50:31.381 W/dalvikvm( 2475): VFY: unable to resolve static method 17499: Ljava/beans/Introspector;.getBeanInfo (Ljava/lang/Class;)Ljava/beans/BeanInfo;
03-10 17:50:31.381 D/dalvikvm( 2475): VFY: replacing opcode 0x71 at 0x0021
03-10 17:50:31.451 D/dalvikvm( 2475): GC_CONCURRENT freed 655K, 6% free 12150K/12836K, paused 3ms+1ms, total 35ms
03-10 17:50:31.701 D/dalvikvm( 2475): GC_CONCURRENT freed 857K, 7% free 12352K/13240K, paused 2ms+1ms, total 32ms
03-10 17:50:31.701 D/dalvikvm( 2475): WAIT_FOR_CONCURRENT_GC blocked 9ms
03-10 17:50:31.941 D/dalvikvm( 2475): GC_CONCURRENT freed 1028K, 8% free 12452K/13512K, paused 3ms+3ms, total 44ms
03-10 17:50:31.941 D/dalvikvm( 2475): WAIT_FOR_CONCURRENT_GC blocked 14ms
03-10 17:50:32.171 D/dalvikvm( 2475): GC_CONCURRENT freed 1058K, 8% free 12555K/13644K, paused 2ms+1ms, total 35ms
03-10 17:50:32.171 D/dalvikvm( 2475): WAIT_FOR_CONCURRENT_GC blocked 12ms
03-10 17:50:32.392 D/dalvikvm( 2475): GC_CONCURRENT freed 1082K, 9% free 12666K/13780K, paused 2ms+3ms, total 43ms
03-10 17:50:32.672 D/dalvikvm( 2475): GC_CONCURRENT freed 1020K, 8% free 12881K/13932K, paused 1ms+2ms, total 37ms
03-10 17:50:32.672 D/dalvikvm( 2475): WAIT_FOR_CONCURRENT_GC blocked 21ms
03-10 17:50:32.842 D/dalvikvm( 2475): GC_CONCURRENT freed 1255K, 10% free 12929K/14216K, paused 3ms+2ms, total 36ms
03-10 17:50:32.842 D/dalvikvm( 2475): WAIT_FOR_CONCURRENT_GC blocked 17ms
03-10 17:50:33.032 D/dalvikvm( 2475): GC_CONCURRENT freed 1228K, 9% free 13021K/14280K, paused 2ms+2ms, total 45ms
03-10 17:50:33.032 D/dalvikvm( 2475): WAIT_FOR_CONCURRENT_GC blocked 24ms
03-10 17:50:33.212 D/dalvikvm( 2475): GC_CONCURRENT freed 1304K, 10% free 13068K/14404K, paused 1ms+2ms, total 41ms
03-10 17:50:33.212 D/dalvikvm( 2475): WAIT_FOR_CONCURRENT_GC blocked 25ms
03-10 17:50:33.392 D/dalvikvm( 2475): GC_CONCURRENT freed 1301K, 10% free 13135K/14468K, paused 2ms+1ms, total 42ms
03-10 17:50:33.392 D/dalvikvm( 2475): WAIT_FOR_CONCURRENT_GC blocked 26ms
03-10 17:50:33.593 D/dalvikvm( 2475): GC_CONCURRENT freed 1244K, 9% free 13281K/14556K, paused 2ms+2ms, total 40ms
03-10 17:50:33.593 D/dalvikvm( 2475): WAIT_FOR_CONCURRENT_GC blocked 21ms
03-10 17:50:33.783 D/dalvikvm( 2475): GC_CONCURRENT freed 1360K, 10% free 13357K/14748K, paused 2ms+2ms, total 44ms
03-10 17:50:33.783 D/dalvikvm( 2475): WAIT_FOR_CONCURRENT_GC blocked 29ms
03-10 17:50:33.983 D/dalvikvm( 2475): GC_CONCURRENT freed 1389K, 10% free 13432K/14852K, paused 2ms+3ms, total 50ms
03-10 17:50:33.983 D/dalvikvm( 2475): WAIT_FOR_CONCURRENT_GC blocked 34ms
03-10 17:50:34.183 D/dalvikvm( 2475): GC_CONCURRENT freed 1375K, 10% free 13546K/14952K, paused 2ms+2ms, total 48ms
03-10 17:50:34.183 D/dalvikvm( 2475): WAIT_FOR_CONCURRENT_GC blocked 25ms
03-10 17:50:34.403 D/dalvikvm( 2475): GC_CONCURRENT freed 1464K, 10% free 13608K/15104K, paused 2ms+2ms, total 48ms
03-10 17:50:34.403 D/dalvikvm( 2475): WAIT_FOR_CONCURRENT_GC blocked 31ms
03-10 17:50:34.634 I/ActivityManager(  648): START u0 {act=com.android.helloworldlein.MAIN cmp=com.android.helloworldlein/.HelloWorld} from pid 2475
03-10 17:50:34.684 D/dalvikvm( 2475): GC_CONCURRENT freed 1392K, 10% free 13671K/15104K, paused 1ms+6ms, total 50ms
03-10 17:50:34.774 I/ActivityManager(  648): Displayed com.android.helloworldlein/.HelloWorld: +124ms
03-10 17:50:50.890 D/AndroidRuntime( 2502): 
03-10 17:50:50.890 D/AndroidRuntime( 2502): >>>>>> AndroidRuntime START com.android.internal.os.RuntimeInit <<<<<<
03-10 17:50:50.890 D/AndroidRuntime( 2502): CheckJNI is OFF
03-10 17:50:50.910 D/dalvikvm( 2502): Trying to load lib libjavacore.so 0x0
03-10 17:50:50.910 D/dalvikvm( 2502): Added shared lib libjavacore.so 0x0
03-10 17:50:50.910 D/dalvikvm( 2502): Trying to load lib libnativehelper.so 0x0
03-10 17:50:50.910 D/dalvikvm( 2502): Added shared lib libnativehelper.so 0x0
03-10 17:50:50.910 D/dalvikvm( 2502): No JNI_OnLoad found in libnativehelper.so 0x0, skipping init
03-10 17:50:50.950 D/dalvikvm( 2502): Note: class Landroid/app/ActivityManagerNative; has 179 unimplemented (abstract) methods
03-10 17:50:51.140 D/AndroidRuntime( 2502): Calling main entry com.android.commands.am.Am
03-10 17:50:51.150 I/ActivityManager(  648): Force stopping com.android.helloworldlein appid=10119 user=0: from pid 2502
03-10 17:50:51.150 I/ActivityManager(  648): Killing 2475:com.android.helloworldlein/u0a119 (adj 0): stop com.android.helloworldlein
03-10 17:50:51.150 W/ActivityManager(  648): Force removing ActivityRecord{42b7c628 u0 com.android.helloworldlein/.HelloWorld t6}: app died, no saved state
03-10 17:50:51.160 W/WindowManager(  648): Rebuild removed 2 windows but added 1
03-10 17:50:51.160 W/WindowManager(  648): java.lang.RuntimeException: here
03-10 17:50:51.160 W/WindowManager(  648): 	at com.android.server.wm.WindowManagerService.rebuildAppWindowListLocked(WindowManagerService.java:8011)
03-10 17:50:51.160 W/WindowManager(  648): 	at com.android.server.wm.WindowManagerService.rebuildAppWindowListLocked(WindowManagerService.java:7947)
03-10 17:50:51.160 W/WindowManager(  648): 	at com.android.server.wm.WindowManagerService.handleAppTransitionReadyLocked(WindowManagerService.java:8430)
03-10 17:50:51.160 W/WindowManager(  648): 	at com.android.server.wm.WindowManagerService.performLayoutAndPlaceSurfacesLockedInner(WindowManagerService.java:9193)
03-10 17:50:51.160 W/WindowManager(  648): 	at com.android.server.wm.WindowManagerService.performLayoutAndPlaceSurfacesLockedLoop(WindowManagerService.java:8163)
03-10 17:50:51.160 W/WindowManager(  648): 	at com.android.server.wm.WindowManagerService.performLayoutAndPlaceSurfacesLocked(WindowManagerService.java:8105)
03-10 17:50:51.160 W/WindowManager(  648): 	at com.android.server.wm.WindowManagerService.executeAppTransition(WindowManagerService.java:3918)
03-10 17:50:51.160 W/WindowManager(  648): 	at com.android.server.am.ActivityStackSupervisor.reportResumedActivityLocked(ActivityStackSupervisor.java:2241)
03-10 17:50:51.160 W/WindowManager(  648): 	at com.android.server.am.ActivityStack.completeResumeLocked(ActivityStack.java:968)
03-10 17:50:51.160 W/WindowManager(  648): 	at com.android.server.am.ActivityStack.resumeTopActivityLocked(ActivityStack.java:1631)
03-10 17:50:51.160 W/WindowManager(  648): 	at com.android.server.am.ActivityStackSupervisor.resumeTopActivitiesLocked(ActivityStackSupervisor.java:2022)
03-10 17:50:51.160 W/WindowManager(  648): 	at com.android.server.am.ActivityStackSupervisor.resumeTopActivitiesLocked(ActivityStackSupervisor.java:2009)
03-10 17:50:51.160 W/WindowManager(  648): 	at com.android.server.am.ActivityManagerService.forceStopPackageLocked(ActivityManagerService.java:4750)
03-10 17:50:51.160 W/WindowManager(  648): 	at com.android.server.am.ActivityManagerService.forceStopPackageLocked(ActivityManagerService.java:4496)
03-10 17:50:51.160 W/WindowManager(  648): 	at com.android.server.am.ActivityManagerService.forceStopPackage(ActivityManagerService.java:4327)
03-10 17:50:51.160 W/WindowManager(  648): 	at android.app.ActivityManagerNative.onTransact(ActivityManagerNative.java:1365)
03-10 17:50:51.160 W/WindowManager(  648): 	at com.android.server.am.ActivityManagerService.onTransact(ActivityManagerService.java:2071)
03-10 17:50:51.160 W/WindowManager(  648): 	at android.os.Binder.execTransact(Binder.java:404)
03-10 17:50:51.160 W/WindowManager(  648): 	at dalvik.system.NativeStart.run(Native Method)
03-10 17:50:51.160 W/WindowManager(  648): This window was lost: Window{42b493c8 u0 com.android.helloworldlein/com.android.helloworldlein.HelloWorld}
03-10 17:50:51.160 W/WindowManager(  648): mDisplayId=0 mSession=Session{42bc8e68 2475:u0a10119} mClient=android.os.BinderProxy@42a73e30
03-10 17:50:51.160 W/WindowManager(  648): mOwnerUid=10119 mShowToOwnerOnly=true package=com.android.helloworldlein appop=NONE
03-10 17:50:51.160 W/WindowManager(  648): mAttrs=WM.LayoutParams{(0,0)(fillxfill) sim=#120 ty=1 fl=#1810100 pfl=0x8 wanim=0x10302f5}
03-10 17:50:51.160 W/WindowManager(  648): Requested w=1200 h=1824 mLayoutSeq=134
03-10 17:50:51.160 W/WindowManager(  648): mBaseLayer=21000 mSubLayer=0 mAnimLayer=21005+0=21005 mLastLayer=0
03-10 17:50:51.160 W/WindowManager(  648): mToken=AppWindowToken{42d23898 token=Token{42b40e80 ActivityRecord{42b7c628 u0 com.android.helloworldlein/.HelloWorld t6}}}
03-10 17:50:51.160 W/WindowManager(  648): mRootToken=AppWindowToken{42d23898 token=Token{42b40e80 ActivityRecord{42b7c628 u0 com.android.helloworldlein/.HelloWorld t6}}}
03-10 17:50:51.160 W/WindowManager(  648): mAppToken=AppWindowToken{42d23898 token=Token{42b40e80 ActivityRecord{42b7c628 u0 com.android.helloworldlein/.HelloWorld t6}}}
03-10 17:50:51.160 W/WindowManager(  648): mViewVisibility=0x0 mHaveFrame=true mObscured=true
03-10 17:50:51.160 W/WindowManager(  648): mSeq=0 mSystemUiVisibility=0x0
03-10 17:50:51.160 W/WindowManager(  648): mPolicyVisibility=false mPolicyVisibilityAfterAnim=false mAppOpVisibility=true mAttachedHidden=false
03-10 17:50:51.160 W/WindowManager(  648): mGivenContentInsets=[0,0][0,0] mGivenVisibleInsets=[0,0][0,0]
03-10 17:50:51.160 W/WindowManager(  648): mConfiguration={1.0 ?mcc?mnc en_US ldltr sw600dp w600dp h887dp 320dpi lrg port finger -keyb/v/h -nav/h s.5}
03-10 17:50:51.160 W/WindowManager(  648): mHasSurface=true mShownFrame=[0.0,0.0][1200.0,1824.0] isReadyForDisplay()=false
03-10 17:50:51.160 W/WindowManager(  648): mFrame=[0,0][1200,1824] last=[0,0][1200,1824]
03-10 17:50:51.160 W/WindowManager(  648): mSystemDecorRect=[0,0][1200,1824] last=[0,0][1200,1824]
03-10 17:50:51.160 W/WindowManager(  648): Frames: containing=[0,0][1200,1824] parent=[0,0][1200,1824]
03-10 17:50:51.160 W/WindowManager(  648):     display=[0,0][1200,1824] overscan=[0,0][1200,1920]
03-10 17:50:51.160 W/WindowManager(  648):     content=[0,50][1200,1824] visible=[0,50][1200,1824]
03-10 17:50:51.160 W/WindowManager(  648):     decor=[0,0][1200,1920]
03-10 17:50:51.160 W/WindowManager(  648): Cur insets: overscan=[0,0][0,0] content=[0,50][0,0] visible=[0,50][0,0]
03-10 17:50:51.160 W/WindowManager(  648): Lst insets: overscan=[0,0][0,0] content=[0,50][0,0] visible=[0,50][0,0]
03-10 17:50:51.160 W/WindowManager(  648): WindowStateAnimator{42d5f228 com.android.helloworldlein/com.android.helloworldlein.HelloWorld}:
03-10 17:50:51.160 W/WindowManager(  648):   mSurface=Surface(name=com.android.helloworldlein/com.android.helloworldlein.HelloWorld)
03-10 17:50:51.160 W/WindowManager(  648):   mDrawState=HAS_DRAWN mLastHidden=true
03-10 17:50:51.160 W/WindowManager(  648):   Surface: shown=false layer=21010 alpha=0.0 rect=(0.0,0.0) 1200.0 x 1824.0
03-10 17:50:51.160 W/WindowManager(  648):   mShownAlpha=1.0 mAlpha=1.0 mLastAlpha=-1.0
03-10 17:50:51.170 W/InputDispatcher(  648): channel '42b493c8 com.android.helloworldlein/com.android.helloworldlein.HelloWorld (server)' ~ Consumer closed input channel or an error occurred.  events=0x9
03-10 17:50:51.170 E/InputDispatcher(  648): channel '42b493c8 com.android.helloworldlein/com.android.helloworldlein.HelloWorld (server)' ~ Channel is unrecoverably broken and will be disposed!
03-10 17:50:51.170 W/InputDispatcher(  648): Attempted to unregister already unregistered input channel '42b493c8 com.android.helloworldlein/com.android.helloworldlein.HelloWorld (server)'
03-10 17:50:51.170 W/WindowManager(  648): Current app token list:
03-10 17:50:51.170 V/WindowManager(  648):   Display 0
03-10 17:50:51.170 V/WindowManager(  648):   #0: Token{42beaf70 ActivityRecord{42beaa70 u0 com.android.launcher/com.android.launcher2.Launcher t1}}
03-10 17:50:51.170 W/WindowManager(  648): Final window list:
03-10 17:50:51.170 V/WindowManager(  648):   #0: Window{42e14050 u0 SearchPanel}
03-10 17:50:51.170 V/WindowManager(  648):   #1: Window{42a686f8 u0 NavigationBar}
03-10 17:50:51.170 V/WindowManager(  648):   #2: Window{42b82df0 u0 StatusBar}
03-10 17:50:51.170 V/WindowManager(  648):   #3: Window{42e30728 u0 Keyguard}
03-10 17:50:51.170 V/WindowManager(  648):   #4: Window{42b10fd8 u0 KeyguardScrim}
03-10 17:50:51.170 V/WindowManager(  648):   #5: Window{42b1b0c8 u0 com.android.launcher/com.android.launcher2.Launcher}
03-10 17:50:51.170 V/WindowManager(  648):   #6: Window{42a14a98 u0 com.android.systemui.ImageWallpaper}
03-10 17:50:51.170 I/WindowState(  648): WIN DEATH: Window{42b493c8 u0 com.android.helloworldlein/com.android.helloworldlein.HelloWorld}
03-10 17:50:51.180 D/AndroidRuntime( 2502): Shutting down VM
03-10 17:50:51.180 D/dalvikvm( 2502): GC_CONCURRENT freed 93K, 15% free 553K/648K, paused 0ms+0ms, total 3ms
03-10 17:50:52.731 D/AndroidRuntime( 2520): 
03-10 17:50:52.731 D/AndroidRuntime( 2520): >>>>>> AndroidRuntime START com.android.internal.os.RuntimeInit <<<<<<
03-10 17:50:52.731 D/AndroidRuntime( 2520): CheckJNI is OFF
03-10 17:50:52.751 D/dalvikvm( 2520): Trying to load lib libjavacore.so 0x0
03-10 17:50:52.751 D/dalvikvm( 2520): Added shared lib libjavacore.so 0x0
03-10 17:50:52.751 D/dalvikvm( 2520): Trying to load lib libnativehelper.so 0x0
03-10 17:50:52.751 D/dalvikvm( 2520): Added shared lib libnativehelper.so 0x0
03-10 17:50:52.751 D/dalvikvm( 2520): No JNI_OnLoad found in libnativehelper.so 0x0, skipping init
03-10 17:50:52.791 D/dalvikvm( 2520): Note: class Landroid/app/ActivityManagerNative; has 179 unimplemented (abstract) methods
03-10 17:50:52.982 D/AndroidRuntime( 2520): Calling main entry com.android.commands.am.Am
03-10 17:50:53.002 I/ActivityManager(  648): START u0 {flg=0x10000000 cmp=com.android.helloworldlein/.SplashActivity} from pid 2520
03-10 17:50:53.302 I/WindowManager(  648): Screenshot max retries 4 of Token{42beaf70 ActivityRecord{42beaa70 u0 com.android.launcher/com.android.launcher2.Launcher t1}} appWin=Window{42b1b0c8 u0 com.android.launcher/com.android.launcher2.Launcher} drawState=4
03-10 17:50:53.302 W/WindowManager(  648): Screenshot failure taking screenshot for (1200x1920) to layer 21000
03-10 17:50:53.312 D/AndroidRuntime( 2520): Shutting down VM
03-10 17:50:53.312 D/dalvikvm( 2520): GC_CONCURRENT freed 95K, 15% free 586K/684K, paused 1ms+1ms, total 4ms
03-10 17:50:53.322 I/ActivityManager(  648): Start proc com.android.helloworldlein for activity com.android.helloworldlein/.SplashActivity: pid=2535 uid=10119 gids={50119}
03-10 17:50:53.432 D/dalvikvm( 2535): GC_FOR_ALLOC freed 62K, 2% free 9017K/9112K, paused 25ms, total 26ms
03-10 17:50:53.432 I/dalvikvm-heap( 2535): Grow heap (frag case) to 9.445MB for 640016-byte allocation
03-10 17:50:53.452 D/dalvikvm( 2535): GC_CONCURRENT freed <1K, 1% free 9642K/9740K, paused 2ms+1ms, total 17ms
03-10 17:50:53.452 D/dalvikvm( 2535): WAIT_FOR_CONCURRENT_GC blocked 15ms
03-10 17:50:53.452 D/dalvikvm( 2535): WAIT_FOR_CONCURRENT_GC blocked 8ms
03-10 17:50:53.472 D/dalvikvm( 2535): GC_FOR_ALLOC freed <1K, 1% free 9644K/9740K, paused 12ms, total 12ms
03-10 17:50:53.472 I/dalvikvm-heap( 2535): Grow heap (frag case) to 10.056MB for 640016-byte allocation
03-10 17:50:53.482 D/dalvikvm( 2535): GC_CONCURRENT freed 0K, 1% free 10269K/10368K, paused 3ms+1ms, total 14ms
03-10 17:50:53.482 D/dalvikvm( 2535): WAIT_FOR_CONCURRENT_GC blocked 11ms
03-10 17:50:53.482 D/dalvikvm( 2535): WAIT_FOR_CONCURRENT_GC blocked 6ms
03-10 17:50:53.512 D/dalvikvm( 2535): GC_FOR_ALLOC freed <1K, 1% free 10270K/10368K, paused 14ms, total 14ms
03-10 17:50:53.512 I/dalvikvm-heap( 2535): Grow heap (frag case) to 10.668MB for 640016-byte allocation
03-10 17:50:53.522 D/dalvikvm( 2535): GC_CONCURRENT freed 0K, 1% free 10895K/10996K, paused 2ms+1ms, total 12ms
03-10 17:50:53.522 D/dalvikvm( 2535): WAIT_FOR_CONCURRENT_GC blocked 10ms
03-10 17:50:53.572 I/Adreno-EGL( 2535): <qeglDrvAPI_eglInitialize:320>: EGL 1.4 QUALCOMM Build: I0404c4692afb8623f95c43aeb6d5e13ed4b30ddbDate: 11/06/13
03-10 17:50:53.602 D/OpenGLRenderer( 2535): Enabling debug mode 0
03-10 17:50:53.672 D/dalvikvm( 2535): GC_CONCURRENT freed 228K, 3% free 11213K/11476K, paused 3ms+3ms, total 32ms
03-10 17:50:53.672 I/ActivityManager(  648): Displayed com.android.helloworldlein/.SplashActivity: +360ms
03-10 17:50:53.902 D/dalvikvm( 2535): GC_CONCURRENT freed 336K, 4% free 11542K/11912K, paused 2ms+3ms, total 23ms
03-10 17:50:54.173 D/dalvikvm( 2535): GC_CONCURRENT freed 430K, 4% free 11884K/12348K, paused 2ms+2ms, total 31ms
03-10 17:50:54.443 I/dalvikvm( 2535): Could not find method java.beans.Introspector.getBeanInfo, referenced from method clojure.core$bean.invoke
03-10 17:50:54.443 W/dalvikvm( 2535): VFY: unable to resolve static method 17499: Ljava/beans/Introspector;.getBeanInfo (Ljava/lang/Class;)Ljava/beans/BeanInfo;
03-10 17:50:54.443 D/dalvikvm( 2535): VFY: replacing opcode 0x71 at 0x0021
03-10 17:50:54.503 D/dalvikvm( 2535): GC_CONCURRENT freed 632K, 6% free 12139K/12804K, paused 3ms+2ms, total 44ms
03-10 17:50:54.753 D/dalvikvm( 2535): GC_CONCURRENT freed 800K, 7% free 12345K/13176K, paused 2ms+2ms, total 30ms
03-10 17:50:54.994 D/dalvikvm( 2535): GC_CONCURRENT freed 1000K, 8% free 12469K/13500K, paused 2ms+2ms, total 38ms
03-10 17:50:54.994 D/dalvikvm( 2535): WAIT_FOR_CONCURRENT_GC blocked 8ms
03-10 17:50:55.214 D/dalvikvm( 2535): GC_CONCURRENT freed 1090K, 9% free 12547K/13668K, paused 1ms+2ms, total 33ms
03-10 17:50:55.214 D/dalvikvm( 2535): WAIT_FOR_CONCURRENT_GC blocked 10ms
03-10 17:50:55.434 D/dalvikvm( 2535): GC_CONCURRENT freed 1096K, 9% free 12645K/13772K, paused 2ms+2ms, total 34ms
03-10 17:50:55.434 D/dalvikvm( 2535): WAIT_FOR_CONCURRENT_GC blocked 9ms
03-10 17:50:55.714 D/dalvikvm( 2535): GC_CONCURRENT freed 998K, 8% free 12871K/13900K, paused 2ms+2ms, total 36ms
03-10 17:50:55.714 D/dalvikvm( 2535): WAIT_FOR_CONCURRENT_GC blocked 21ms
03-10 17:50:55.884 D/dalvikvm( 2535): GC_CONCURRENT freed 1251K, 10% free 12921K/14204K, paused 2ms+2ms, total 39ms
03-10 17:50:55.884 D/dalvikvm( 2535): WAIT_FOR_CONCURRENT_GC blocked 21ms
03-10 17:50:56.075 D/dalvikvm( 2535): GC_CONCURRENT freed 1232K, 9% free 13005K/14268K, paused 2ms+2ms, total 38ms
03-10 17:50:56.075 D/dalvikvm( 2535): WAIT_FOR_CONCURRENT_GC blocked 18ms
03-10 17:50:56.255 D/dalvikvm( 2535): GC_CONCURRENT freed 1291K, 10% free 13057K/14380K, paused 2ms+3ms, total 38ms
03-10 17:50:56.255 D/dalvikvm( 2535): WAIT_FOR_CONCURRENT_GC blocked 19ms
03-10 17:50:56.445 D/dalvikvm( 2535): GC_CONCURRENT freed 1294K, 10% free 13126K/14452K, paused 3ms+3ms, total 40ms
03-10 17:50:56.445 D/dalvikvm( 2535): WAIT_FOR_CONCURRENT_GC blocked 21ms
03-10 17:50:56.635 D/dalvikvm( 2535): GC_CONCURRENT freed 1243K, 9% free 13269K/14544K, paused 1ms+2ms, total 39ms
03-10 17:50:56.635 D/dalvikvm( 2535): WAIT_FOR_CONCURRENT_GC blocked 26ms
03-10 17:50:56.835 D/dalvikvm( 2535): GC_CONCURRENT freed 1356K, 10% free 13349K/14736K, paused 2ms+2ms, total 50ms
03-10 17:50:56.835 D/dalvikvm( 2535): WAIT_FOR_CONCURRENT_GC blocked 33ms
03-10 17:50:57.026 D/dalvikvm( 2535): GC_CONCURRENT freed 1386K, 10% free 13422K/14840K, paused 2ms+2ms, total 45ms
03-10 17:50:57.026 D/dalvikvm( 2535): WAIT_FOR_CONCURRENT_GC blocked 25ms
03-10 17:50:57.256 D/dalvikvm( 2535): GC_CONCURRENT freed 1388K, 10% free 13516K/14936K, paused 2ms+4ms, total 52ms
03-10 17:50:57.256 D/dalvikvm( 2535): WAIT_FOR_CONCURRENT_GC blocked 36ms
03-10 17:50:57.466 D/dalvikvm( 2535): GC_CONCURRENT freed 1437K, 10% free 13595K/15064K, paused 2ms+2ms, total 49ms
03-10 17:50:57.466 D/dalvikvm( 2535): WAIT_FOR_CONCURRENT_GC blocked 32ms
03-10 17:50:57.746 D/dalvikvm( 2535): GC_CONCURRENT freed 1471K, 10% free 13665K/15168K, paused 2ms+2ms, total 47ms
03-10 17:50:57.746 D/dalvikvm( 2535): WAIT_FOR_CONCURRENT_GC blocked 31ms
03-10 17:50:57.756 I/ActivityManager(  648): START u0 {act=com.android.helloworldlein.MAIN cmp=com.android.helloworldlein/.HelloWorld} from pid 2535
03-10 17:50:57.896 I/ActivityManager(  648): Displayed com.android.helloworldlein/.HelloWorld: +128ms
03-10 17:51:13.862 D/AndroidRuntime( 2552): 
03-10 17:51:13.862 D/AndroidRuntime( 2552): >>>>>> AndroidRuntime START com.android.internal.os.RuntimeInit <<<<<<
03-10 17:51:13.862 D/AndroidRuntime( 2552): CheckJNI is OFF
03-10 17:51:13.882 D/dalvikvm( 2552): Trying to load lib libjavacore.so 0x0
03-10 17:51:13.882 D/dalvikvm( 2552): Added shared lib libjavacore.so 0x0
03-10 17:51:13.892 D/dalvikvm( 2552): Trying to load lib libnativehelper.so 0x0
03-10 17:51:13.892 D/dalvikvm( 2552): Added shared lib libnativehelper.so 0x0
03-10 17:51:13.892 D/dalvikvm( 2552): No JNI_OnLoad found in libnativehelper.so 0x0, skipping init
03-10 17:51:13.922 D/dalvikvm( 2552): Note: class Landroid/app/ActivityManagerNative; has 179 unimplemented (abstract) methods
03-10 17:51:14.112 D/AndroidRuntime( 2552): Calling main entry com.android.commands.am.Am
03-10 17:51:14.122 I/ActivityManager(  648): Force stopping com.android.helloworldlein appid=10119 user=0: from pid 2552
03-10 17:51:14.122 I/ActivityManager(  648): Killing 2535:com.android.helloworldlein/u0a119 (adj 0): stop com.android.helloworldlein
03-10 17:51:14.122 W/ActivityManager(  648): Force removing ActivityRecord{42bea510 u0 com.android.helloworldlein/.HelloWorld t7}: app died, no saved state
03-10 17:51:14.132 W/WindowManager(  648): Rebuild removed 2 windows but added 1
03-10 17:51:14.132 W/WindowManager(  648): java.lang.RuntimeException: here
03-10 17:51:14.132 W/WindowManager(  648): 	at com.android.server.wm.WindowManagerService.rebuildAppWindowListLocked(WindowManagerService.java:8011)
03-10 17:51:14.132 W/WindowManager(  648): 	at com.android.server.wm.WindowManagerService.rebuildAppWindowListLocked(WindowManagerService.java:7947)
03-10 17:51:14.132 W/WindowManager(  648): 	at com.android.server.wm.WindowManagerService.handleAppTransitionReadyLocked(WindowManagerService.java:8430)
03-10 17:51:14.132 W/WindowManager(  648): 	at com.android.server.wm.WindowManagerService.performLayoutAndPlaceSurfacesLockedInner(WindowManagerService.java:9193)
03-10 17:51:14.132 W/WindowManager(  648): 	at com.android.server.wm.WindowManagerService.performLayoutAndPlaceSurfacesLockedLoop(WindowManagerService.java:8163)
03-10 17:51:14.132 W/WindowManager(  648): 	at com.android.server.wm.WindowManagerService.performLayoutAndPlaceSurfacesLocked(WindowManagerService.java:8105)
03-10 17:51:14.132 W/WindowManager(  648): 	at com.android.server.wm.WindowManagerService.executeAppTransition(WindowManagerService.java:3918)
03-10 17:51:14.132 W/WindowManager(  648): 	at com.android.server.am.ActivityStackSupervisor.reportResumedActivityLocked(ActivityStackSupervisor.java:2241)
03-10 17:51:14.132 W/WindowManager(  648): 	at com.android.server.am.ActivityStack.completeResumeLocked(ActivityStack.java:968)
03-10 17:51:14.132 W/WindowManager(  648): 	at com.android.server.am.ActivityStack.resumeTopActivityLocked(ActivityStack.java:1631)
03-10 17:51:14.132 W/WindowManager(  648): 	at com.android.server.am.ActivityStackSupervisor.resumeTopActivitiesLocked(ActivityStackSupervisor.java:2022)
03-10 17:51:14.132 W/WindowManager(  648): 	at com.android.server.am.ActivityStackSupervisor.resumeTopActivitiesLocked(ActivityStackSupervisor.java:2009)
03-10 17:51:14.132 W/WindowManager(  648): 	at com.android.server.am.ActivityManagerService.forceStopPackageLocked(ActivityManagerService.java:4750)
03-10 17:51:14.132 W/WindowManager(  648): 	at com.android.server.am.ActivityManagerService.forceStopPackageLocked(ActivityManagerService.java:4496)
03-10 17:51:14.132 W/WindowManager(  648): 	at com.android.server.am.ActivityManagerService.forceStopPackage(ActivityManagerService.java:4327)
03-10 17:51:14.132 W/WindowManager(  648): 	at android.app.ActivityManagerNative.onTransact(ActivityManagerNative.java:1365)
03-10 17:51:14.132 W/WindowManager(  648): 	at com.android.server.am.ActivityManagerService.onTransact(ActivityManagerService.java:2071)
03-10 17:51:14.132 W/WindowManager(  648): 	at android.os.Binder.execTransact(Binder.java:404)
03-10 17:51:14.132 W/WindowManager(  648): 	at dalvik.system.NativeStart.run(Native Method)
03-10 17:51:14.132 W/WindowManager(  648): This window was lost: Window{42b8af78 u0 com.android.helloworldlein/com.android.helloworldlein.HelloWorld}
03-10 17:51:14.132 W/WindowManager(  648): mDisplayId=0 mSession=Session{42ddce08 2535:u0a10119} mClient=android.os.BinderProxy@42dbf990
03-10 17:51:14.132 W/WindowManager(  648): mOwnerUid=10119 mShowToOwnerOnly=true package=com.android.helloworldlein appop=NONE
03-10 17:51:14.132 W/WindowManager(  648): mAttrs=WM.LayoutParams{(0,0)(fillxfill) sim=#120 ty=1 fl=#1810100 pfl=0x8 wanim=0x10302f5}
03-10 17:51:14.132 W/WindowManager(  648): Requested w=1200 h=1824 mLayoutSeq=156
03-10 17:51:14.132 W/WindowManager(  648): mBaseLayer=21000 mSubLayer=0 mAnimLayer=21005+0=21005 mLastLayer=0
03-10 17:51:14.132 W/WindowManager(  648): mToken=AppWindowToken{42e3bdb0 token=Token{42e3b0a8 ActivityRecord{42bea510 u0 com.android.helloworldlein/.HelloWorld t7}}}
03-10 17:51:14.132 W/WindowManager(  648): mRootToken=AppWindowToken{42e3bdb0 token=Token{42e3b0a8 ActivityRecord{42bea510 u0 com.android.helloworldlein/.HelloWorld t7}}}
03-10 17:51:14.132 W/WindowManager(  648): mAppToken=AppWindowToken{42e3bdb0 token=Token{42e3b0a8 ActivityRecord{42bea510 u0 com.android.helloworldlein/.HelloWorld t7}}}
03-10 17:51:14.132 W/WindowManager(  648): mViewVisibility=0x0 mHaveFrame=true mObscured=true
03-10 17:51:14.132 W/WindowManager(  648): mSeq=0 mSystemUiVisibility=0x0
03-10 17:51:14.132 W/WindowManager(  648): mPolicyVisibility=false mPolicyVisibilityAfterAnim=false mAppOpVisibility=true mAttachedHidden=false
03-10 17:51:14.132 W/WindowManager(  648): mGivenContentInsets=[0,0][0,0] mGivenVisibleInsets=[0,0][0,0]
03-10 17:51:14.132 W/WindowManager(  648): mConfiguration={1.0 ?mcc?mnc en_US ldltr sw600dp w600dp h887dp 320dpi lrg port finger -keyb/v/h -nav/h s.5}
03-10 17:51:14.132 W/WindowManager(  648): mHasSurface=true mShownFrame=[0.0,0.0][1200.0,1824.0] isReadyForDisplay()=false
03-10 17:51:14.132 W/WindowManager(  648): mFrame=[0,0][1200,1824] last=[0,0][1200,1824]
03-10 17:51:14.132 W/WindowManager(  648): mSystemDecorRect=[0,0][1200,1824] last=[0,0][1200,1824]
03-10 17:51:14.132 W/WindowManager(  648): Frames: containing=[0,0][1200,1824] parent=[0,0][1200,1824]
03-10 17:51:14.132 W/WindowManager(  648):     display=[0,0][1200,1824] overscan=[0,0][1200,1920]
03-10 17:51:14.132 W/WindowManager(  648):     content=[0,50][1200,1824] visible=[0,50][1200,1824]
03-10 17:51:14.132 W/WindowManager(  648):     decor=[0,0][1200,1920]
03-10 17:51:14.132 W/WindowManager(  648): Cur insets: overscan=[0,0][0,0] content=[0,50][0,0] visible=[0,50][0,0]
03-10 17:51:14.132 W/WindowManager(  648): Lst insets: overscan=[0,0][0,0] content=[0,50][0,0] visible=[0,50][0,0]
03-10 17:51:14.132 W/WindowManager(  648): WindowStateAnimator{42ba6c48 com.android.helloworldlein/com.android.helloworldlein.HelloWorld}:
03-10 17:51:14.132 W/WindowManager(  648):   mSurface=Surface(name=com.android.helloworldlein/com.android.helloworldlein.HelloWorld)
03-10 17:51:14.132 W/WindowManager(  648):   mDrawState=HAS_DRAWN mLastHidden=true
03-10 17:51:14.132 W/WindowManager(  648):   Surface: shown=false layer=21010 alpha=0.0 rect=(0.0,0.0) 1200.0 x 1824.0
03-10 17:51:14.132 W/WindowManager(  648):   mShownAlpha=1.0 mAlpha=1.0 mLastAlpha=-1.0
03-10 17:51:14.132 W/WindowManager(  648): Current app token list:
03-10 17:51:14.132 V/WindowManager(  648):   Display 0
03-10 17:51:14.132 V/WindowManager(  648):   #0: Token{42beaf70 ActivityRecord{42beaa70 u0 com.android.launcher/com.android.launcher2.Launcher t1}}
03-10 17:51:14.132 W/WindowManager(  648): Final window list:
03-10 17:51:14.132 V/WindowManager(  648):   #0: Window{42e14050 u0 SearchPanel}
03-10 17:51:14.132 V/WindowManager(  648):   #1: Window{42a686f8 u0 NavigationBar}
03-10 17:51:14.132 V/WindowManager(  648):   #2: Window{42b82df0 u0 StatusBar}
03-10 17:51:14.132 V/WindowManager(  648):   #3: Window{42e30728 u0 Keyguard}
03-10 17:51:14.132 V/WindowManager(  648):   #4: Window{42b10fd8 u0 KeyguardScrim}
03-10 17:51:14.132 V/WindowManager(  648):   #5: Window{42b1b0c8 u0 com.android.launcher/com.android.launcher2.Launcher}
03-10 17:51:14.132 V/WindowManager(  648):   #6: Window{42a14a98 u0 com.android.systemui.ImageWallpaper}
03-10 17:51:14.142 D/AndroidRuntime( 2552): Shutting down VM
03-10 17:51:14.152 D/dalvikvm( 2552): GC_CONCURRENT freed 93K, 15% free 553K/648K, paused 0ms+0ms, total 2ms
03-10 17:51:14.152 W/InputDispatcher(  648): channel '42b8af78 com.android.helloworldlein/com.android.helloworldlein.HelloWorld (server)' ~ Consumer closed input channel or an error occurred.  events=0x9
03-10 17:51:14.152 E/InputDispatcher(  648): channel '42b8af78 com.android.helloworldlein/com.android.helloworldlein.HelloWorld (server)' ~ Channel is unrecoverably broken and will be disposed!
03-10 17:51:14.152 W/InputDispatcher(  648): Attempted to unregister already unregistered input channel '42b8af78 com.android.helloworldlein/com.android.helloworldlein.HelloWorld (server)'
03-10 17:51:14.152 I/WindowState(  648): WIN DEATH: Window{42b8af78 u0 com.android.helloworldlein/com.android.helloworldlein.HelloWorld}
03-10 17:51:15.704 D/AndroidRuntime( 2570): 
03-10 17:51:15.704 D/AndroidRuntime( 2570): >>>>>> AndroidRuntime START com.android.internal.os.RuntimeInit <<<<<<
03-10 17:51:15.704 D/AndroidRuntime( 2570): CheckJNI is OFF
03-10 17:51:15.714 D/dalvikvm( 2570): Trying to load lib libjavacore.so 0x0
03-10 17:51:15.724 D/dalvikvm( 2570): Added shared lib libjavacore.so 0x0
03-10 17:51:15.724 D/dalvikvm( 2570): Trying to load lib libnativehelper.so 0x0
03-10 17:51:15.724 D/dalvikvm( 2570): Added shared lib libnativehelper.so 0x0
03-10 17:51:15.724 D/dalvikvm( 2570): No JNI_OnLoad found in libnativehelper.so 0x0, skipping init
03-10 17:51:15.754 D/dalvikvm( 2570): Note: class Landroid/app/ActivityManagerNative; has 179 unimplemented (abstract) methods
03-10 17:51:15.954 D/AndroidRuntime( 2570): Calling main entry com.android.commands.am.Am
03-10 17:51:15.964 I/ActivityManager(  648): START u0 {flg=0x10000000 cmp=com.android.helloworldlein/.SplashActivity} from pid 2570
03-10 17:51:16.274 I/WindowManager(  648): Screenshot max retries 4 of Token{42beaf70 ActivityRecord{42beaa70 u0 com.android.launcher/com.android.launcher2.Launcher t1}} appWin=Window{42b1b0c8 u0 com.android.launcher/com.android.launcher2.Launcher} drawState=4
03-10 17:51:16.274 W/WindowManager(  648): Screenshot failure taking screenshot for (1200x1920) to layer 21000
03-10 17:51:16.294 D/AndroidRuntime( 2570): Shutting down VM
03-10 17:51:16.294 D/dalvikvm( 2570): GC_CONCURRENT freed 95K, 15% free 586K/684K, paused 1ms+1ms, total 5ms
03-10 17:51:16.314 I/ActivityManager(  648): Start proc com.android.helloworldlein for activity com.android.helloworldlein/.SplashActivity: pid=2587 uid=10119 gids={50119}
03-10 17:51:16.404 D/dalvikvm( 2587): GC_FOR_ALLOC freed 65K, 2% free 9017K/9116K, paused 17ms, total 18ms
03-10 17:51:16.414 I/dalvikvm-heap( 2587): Grow heap (frag case) to 9.445MB for 640016-byte allocation
03-10 17:51:16.434 D/dalvikvm( 2587): GC_FOR_ALLOC freed <1K, 2% free 9642K/9744K, paused 20ms, total 20ms
03-10 17:51:16.454 D/dalvikvm( 2587): GC_CONCURRENT freed <1K, 2% free 9644K/9744K, paused 2ms+1ms, total 21ms
03-10 17:51:16.454 D/dalvikvm( 2587): WAIT_FOR_CONCURRENT_GC blocked 5ms
03-10 17:51:16.454 I/dalvikvm-heap( 2587): Grow heap (frag case) to 10.057MB for 640016-byte allocation
03-10 17:51:16.465 D/dalvikvm( 2587): GC_FOR_ALLOC freed <1K, 1% free 10268K/10372K, paused 17ms, total 17ms
03-10 17:51:16.485 D/dalvikvm( 2587): GC_CONCURRENT freed <1K, 1% free 10270K/10372K, paused 2ms+2ms, total 14ms
03-10 17:51:16.485 I/dalvikvm-heap( 2587): Grow heap (frag case) to 10.668MB for 640016-byte allocation
03-10 17:51:16.495 D/dalvikvm( 2587): GC_CONCURRENT freed <1K, 1% free 10895K/11000K, paused 2ms+1ms, total 14ms
03-10 17:51:16.495 D/dalvikvm( 2587): WAIT_FOR_CONCURRENT_GC blocked 7ms
03-10 17:51:16.545 I/Adreno-EGL( 2587): <qeglDrvAPI_eglInitialize:320>: EGL 1.4 QUALCOMM Build: I0404c4692afb8623f95c43aeb6d5e13ed4b30ddbDate: 11/06/13
03-10 17:51:16.575 D/OpenGLRenderer( 2587): Enabling debug mode 0
03-10 17:51:16.635 I/ActivityManager(  648): Displayed com.android.helloworldlein/.SplashActivity: +358ms
03-10 17:51:16.645 D/dalvikvm( 2587): GC_CONCURRENT freed 224K, 3% free 11209K/11464K, paused 2ms+3ms, total 34ms
03-10 17:51:16.885 D/dalvikvm( 2587): GC_CONCURRENT freed 351K, 4% free 11563K/11936K, paused 2ms+3ms, total 31ms
03-10 17:51:17.145 D/dalvikvm( 2587): GC_CONCURRENT freed 433K, 4% free 11889K/12356K, paused 3ms+2ms, total 25ms
03-10 17:51:17.405 I/dalvikvm( 2587): Could not find method java.beans.Introspector.getBeanInfo, referenced from method clojure.core$bean.invoke
03-10 17:51:17.405 W/dalvikvm( 2587): VFY: unable to resolve static method 17499: Ljava/beans/Introspector;.getBeanInfo (Ljava/lang/Class;)Ljava/beans/BeanInfo;
03-10 17:51:17.405 D/dalvikvm( 2587): VFY: replacing opcode 0x71 at 0x0021
03-10 17:51:17.475 D/dalvikvm( 2587): GC_CONCURRENT freed 640K, 6% free 12164K/12816K, paused 1ms+2ms, total 36ms
03-10 17:51:17.726 D/dalvikvm( 2587): GC_CONCURRENT freed 847K, 7% free 12380K/13232K, paused 1ms+3ms, total 33ms
03-10 17:51:17.946 D/dalvikvm( 2587): GC_CONCURRENT freed 1032K, 8% free 12451K/13516K, paused 2ms+2ms, total 33ms
03-10 17:51:18.176 D/dalvikvm( 2587): GC_CONCURRENT freed 1060K, 8% free 12552K/13644K, paused 1ms+2ms, total 37ms
03-10 17:51:18.176 D/dalvikvm( 2587): WAIT_FOR_CONCURRENT_GC blocked 13ms
03-10 17:51:18.386 D/dalvikvm( 2587): GC_CONCURRENT freed 1081K, 9% free 12664K/13776K, paused 2ms+2ms, total 37ms
03-10 17:51:18.386 D/dalvikvm( 2587): WAIT_FOR_CONCURRENT_GC blocked 11ms
03-10 17:51:18.667 D/dalvikvm( 2587): GC_CONCURRENT freed 1019K, 8% free 12878K/13928K, paused 2ms+3ms, total 39ms
03-10 17:51:18.667 D/dalvikvm( 2587): WAIT_FOR_CONCURRENT_GC blocked 22ms
03-10 17:51:18.847 D/dalvikvm( 2587): GC_CONCURRENT freed 1254K, 10% free 12926K/14212K, paused 3ms+2ms, total 55ms
03-10 17:51:18.847 D/dalvikvm( 2587): WAIT_FOR_CONCURRENT_GC blocked 39ms
03-10 17:51:19.027 D/dalvikvm( 2587): GC_CONCURRENT freed 1231K, 9% free 13013K/14276K, paused 2ms+2ms, total 40ms
03-10 17:51:19.027 D/dalvikvm( 2587): WAIT_FOR_CONCURRENT_GC blocked 21ms
03-10 17:51:19.197 D/dalvikvm( 2587): GC_CONCURRENT freed 1296K, 10% free 13064K/14392K, paused 2ms+2ms, total 41ms
03-10 17:51:19.197 D/dalvikvm( 2587): WAIT_FOR_CONCURRENT_GC blocked 25ms
03-10 17:51:19.377 D/dalvikvm( 2587): GC_CONCURRENT freed 1297K, 10% free 13132K/14460K, paused 1ms+3ms, total 38ms
03-10 17:51:19.377 D/dalvikvm( 2587): WAIT_FOR_CONCURRENT_GC blocked 24ms
03-10 17:51:19.568 D/dalvikvm( 2587): GC_CONCURRENT freed 1243K, 9% free 13277K/14552K, paused 2ms+1ms, total 43ms
03-10 17:51:19.568 D/dalvikvm( 2587): WAIT_FOR_CONCURRENT_GC blocked 28ms
03-10 17:51:19.768 D/dalvikvm( 2587): GC_CONCURRENT freed 1358K, 10% free 13354K/14744K, paused 2ms+3ms, total 45ms
03-10 17:51:19.768 D/dalvikvm( 2587): WAIT_FOR_CONCURRENT_GC blocked 30ms
03-10 17:51:19.968 D/dalvikvm( 2587): GC_CONCURRENT freed 1388K, 10% free 13428K/14848K, paused 2ms+3ms, total 53ms
03-10 17:51:19.968 D/dalvikvm( 2587): WAIT_FOR_CONCURRENT_GC blocked 33ms
03-10 17:51:20.158 D/dalvikvm( 2587): GC_CONCURRENT freed 1388K, 10% free 13525K/14944K, paused 4ms+2ms, total 45ms
03-10 17:51:20.158 D/dalvikvm( 2587): WAIT_FOR_CONCURRENT_GC blocked 22ms
03-10 17:51:20.368 D/dalvikvm( 2587): GC_CONCURRENT freed 1441K, 10% free 13604K/15076K, paused 2ms+2ms, total 47ms
03-10 17:51:20.368 D/dalvikvm( 2587): WAIT_FOR_CONCURRENT_GC blocked 30ms
03-10 17:51:20.599 I/ActivityManager(  648): START u0 {act=com.android.helloworldlein.MAIN cmp=com.android.helloworldlein/.HelloWorld} from pid 2587
03-10 17:51:20.649 D/dalvikvm( 2587): GC_CONCURRENT freed 1453K, 10% free 13673K/15156K, paused 2ms+3ms, total 62ms
03-10 17:51:20.729 I/ActivityManager(  648): Displayed com.android.helloworldlein/.HelloWorld: +113ms
03-10 17:51:36.834 D/AndroidRuntime( 2610): 
03-10 17:51:36.834 D/AndroidRuntime( 2610): >>>>>> AndroidRuntime START com.android.internal.os.RuntimeInit <<<<<<
03-10 17:51:36.834 D/AndroidRuntime( 2610): CheckJNI is OFF
03-10 17:51:36.844 D/dalvikvm( 2610): Trying to load lib libjavacore.so 0x0
03-10 17:51:36.854 D/dalvikvm( 2610): Added shared lib libjavacore.so 0x0
03-10 17:51:36.854 D/dalvikvm( 2610): Trying to load lib libnativehelper.so 0x0
03-10 17:51:36.854 D/dalvikvm( 2610): Added shared lib libnativehelper.so 0x0
03-10 17:51:36.854 D/dalvikvm( 2610): No JNI_OnLoad found in libnativehelper.so 0x0, skipping init
03-10 17:51:36.884 D/dalvikvm( 2610): Note: class Landroid/app/ActivityManagerNative; has 179 unimplemented (abstract) methods
03-10 17:51:37.075 D/AndroidRuntime( 2610): Calling main entry com.android.commands.am.Am
03-10 17:51:37.085 I/ActivityManager(  648): Force stopping com.android.helloworldlein appid=10119 user=0: from pid 2610
03-10 17:51:37.085 I/ActivityManager(  648): Killing 2587:com.android.helloworldlein/u0a119 (adj 0): stop com.android.helloworldlein
03-10 17:51:37.095 W/ActivityManager(  648): Force removing ActivityRecord{42df6e90 u0 com.android.helloworldlein/.HelloWorld t8}: app died, no saved state
03-10 17:51:37.095 I/WindowState(  648): WIN DEATH: Window{42d64a40 u0 com.android.helloworldlein/com.android.helloworldlein.HelloWorld}
03-10 17:51:37.105 D/AndroidRuntime( 2610): Shutting down VM
03-10 17:51:37.105 D/dalvikvm( 2610): GC_CONCURRENT freed 93K, 15% free 553K/648K, paused 0ms+0ms, total 2ms
03-10 17:51:38.666 D/AndroidRuntime( 2628): 
03-10 17:51:38.666 D/AndroidRuntime( 2628): >>>>>> AndroidRuntime START com.android.internal.os.RuntimeInit <<<<<<
03-10 17:51:38.666 D/AndroidRuntime( 2628): CheckJNI is OFF
03-10 17:51:38.686 D/dalvikvm( 2628): Trying to load lib libjavacore.so 0x0
03-10 17:51:38.686 D/dalvikvm( 2628): Added shared lib libjavacore.so 0x0
03-10 17:51:38.686 D/dalvikvm( 2628): Trying to load lib libnativehelper.so 0x0
03-10 17:51:38.686 D/dalvikvm( 2628): Added shared lib libnativehelper.so 0x0
03-10 17:51:38.686 D/dalvikvm( 2628): No JNI_OnLoad found in libnativehelper.so 0x0, skipping init
03-10 17:51:38.726 D/dalvikvm( 2628): Note: class Landroid/app/ActivityManagerNative; has 179 unimplemented (abstract) methods
03-10 17:51:38.946 D/AndroidRuntime( 2628): Calling main entry com.android.commands.am.Am
03-10 17:51:38.966 I/ActivityManager(  648): START u0 {flg=0x10000000 cmp=com.android.helloworldlein/.SplashActivity} from pid 2628
03-10 17:51:39.267 I/WindowManager(  648): Screenshot max retries 4 of Token{42beaf70 ActivityRecord{42beaa70 u0 com.android.launcher/com.android.launcher2.Launcher t1}} appWin=Window{42b1b0c8 u0 com.android.launcher/com.android.launcher2.Launcher} drawState=4
03-10 17:51:39.267 W/WindowManager(  648): Screenshot failure taking screenshot for (1200x1920) to layer 21000
03-10 17:51:39.287 D/AndroidRuntime( 2628): Shutting down VM
03-10 17:51:39.297 D/dalvikvm( 2628): GC_CONCURRENT freed 95K, 15% free 586K/684K, paused 1ms+0ms, total 5ms
03-10 17:51:39.307 I/ActivityManager(  648): Start proc com.android.helloworldlein for activity com.android.helloworldlein/.SplashActivity: pid=2645 uid=10119 gids={50119}
03-10 17:51:39.387 D/dalvikvm( 2645): GC_FOR_ALLOC freed 69K, 2% free 9017K/9120K, paused 17ms, total 18ms
03-10 17:51:39.387 I/dalvikvm-heap( 2645): Grow heap (frag case) to 9.445MB for 640016-byte allocation
03-10 17:51:39.407 D/dalvikvm( 2645): GC_FOR_ALLOC freed <1K, 2% free 9642K/9748K, paused 19ms, total 19ms
03-10 17:51:39.427 D/dalvikvm( 2645): GC_CONCURRENT freed 0K, 2% free 9644K/9748K, paused 2ms+1ms, total 17ms
03-10 17:51:39.447 D/dalvikvm( 2645): GC_FOR_ALLOC freed <1K, 2% free 9643K/9748K, paused 11ms, total 11ms
03-10 17:51:39.447 I/dalvikvm-heap( 2645): Grow heap (frag case) to 10.056MB for 640016-byte allocation
03-10 17:51:39.467 D/dalvikvm( 2645): GC_CONCURRENT freed <1K, 2% free 10268K/10376K, paused 2ms+2ms, total 16ms
03-10 17:51:39.467 D/dalvikvm( 2645): WAIT_FOR_CONCURRENT_GC blocked 14ms
03-10 17:51:39.467 D/dalvikvm( 2645): WAIT_FOR_CONCURRENT_GC blocked 9ms
03-10 17:51:39.487 D/dalvikvm( 2645): GC_FOR_ALLOC freed <1K, 2% free 10270K/10376K, paused 12ms, total 12ms
03-10 17:51:39.487 I/dalvikvm-heap( 2645): Grow heap (frag case) to 10.668MB for 640016-byte allocation
03-10 17:51:39.497 D/dalvikvm( 2645): GC_CONCURRENT freed <1K, 1% free 10895K/11004K, paused 2ms+1ms, total 13ms
03-10 17:51:39.497 D/dalvikvm( 2645): WAIT_FOR_CONCURRENT_GC blocked 11ms
03-10 17:51:39.497 D/dalvikvm( 2645): WAIT_FOR_CONCURRENT_GC blocked 5ms
03-10 17:51:39.537 I/Adreno-EGL( 2645): <qeglDrvAPI_eglInitialize:320>: EGL 1.4 QUALCOMM Build: I0404c4692afb8623f95c43aeb6d5e13ed4b30ddbDate: 11/06/13
03-10 17:51:39.567 D/OpenGLRenderer( 2645): Enabling debug mode 0
03-10 17:51:39.627 I/ActivityManager(  648): Displayed com.android.helloworldlein/.SplashActivity: +355ms
03-10 17:51:39.677 D/dalvikvm( 2645): GC_CONCURRENT freed 220K, 3% free 11208K/11460K, paused 2ms+5ms, total 25ms
03-10 17:51:39.887 D/dalvikvm( 2645): GC_CONCURRENT freed 351K, 4% free 11550K/11932K, paused 1ms+2ms, total 24ms
03-10 17:51:40.148 D/dalvikvm( 2645): GC_CONCURRENT freed 430K, 4% free 11886K/12348K, paused 1ms+2ms, total 28ms
03-10 17:51:40.408 I/dalvikvm( 2645): Could not find method java.beans.Introspector.getBeanInfo, referenced from method clojure.core$bean.invoke
03-10 17:51:40.408 W/dalvikvm( 2645): VFY: unable to resolve static method 17499: Ljava/beans/Introspector;.getBeanInfo (Ljava/lang/Class;)Ljava/beans/BeanInfo;
03-10 17:51:40.408 D/dalvikvm( 2645): VFY: replacing opcode 0x71 at 0x0021
03-10 17:51:40.458 D/dalvikvm( 2645): GC_CONCURRENT freed 622K, 6% free 12139K/12796K, paused 3ms+3ms, total 28ms
03-10 17:51:40.708 D/dalvikvm( 2645): GC_CONCURRENT freed 801K, 7% free 12344K/13180K, paused 2ms+2ms, total 30ms
03-10 17:51:40.938 D/dalvikvm( 2645): GC_CONCURRENT freed 999K, 8% free 12469K/13500K, paused 1ms+1ms, total 37ms
03-10 17:51:40.938 D/dalvikvm( 2645): WAIT_FOR_CONCURRENT_GC blocked 10ms
03-10 17:51:41.169 D/dalvikvm( 2645): GC_CONCURRENT freed 1090K, 9% free 12546K/13668K, paused 2ms+3ms, total 40ms
03-10 17:51:41.169 D/dalvikvm( 2645): WAIT_FOR_CONCURRENT_GC blocked 17ms
03-10 17:51:41.389 D/dalvikvm( 2645): GC_CONCURRENT freed 1096K, 9% free 12644K/13772K, paused 3ms+2ms, total 36ms
03-10 17:51:41.389 D/dalvikvm( 2645): WAIT_FOR_CONCURRENT_GC blocked 13ms
03-10 17:51:41.669 D/dalvikvm( 2645): GC_CONCURRENT freed 998K, 8% free 12871K/13900K, paused 3ms+2ms, total 34ms
03-10 17:51:41.669 D/dalvikvm( 2645): WAIT_FOR_CONCURRENT_GC blocked 15ms
03-10 17:51:41.839 D/dalvikvm( 2645): GC_CONCURRENT freed 1252K, 10% free 12921K/14204K, paused 2ms+2ms, total 37ms
03-10 17:51:41.839 D/dalvikvm( 2645): WAIT_FOR_CONCURRENT_GC blocked 19ms
03-10 17:51:42.009 D/dalvikvm( 2645): GC_CONCURRENT freed 1233K, 9% free 13004K/14268K, paused 1ms+2ms, total 34ms
03-10 17:51:42.009 D/dalvikvm( 2645): WAIT_FOR_CONCURRENT_GC blocked 18ms
03-10 17:51:42.190 D/dalvikvm( 2645): GC_CONCURRENT freed 1291K, 10% free 13057K/14380K, paused 2ms+1ms, total 42ms
03-10 17:51:42.190 D/dalvikvm( 2645): WAIT_FOR_CONCURRENT_GC blocked 23ms
03-10 17:51:42.360 D/dalvikvm( 2645): GC_CONCURRENT freed 1294K, 10% free 13126K/14452K, paused 1ms+2ms, total 37ms
03-10 17:51:42.360 D/dalvikvm( 2645): WAIT_FOR_CONCURRENT_GC blocked 20ms
03-10 17:51:42.550 D/dalvikvm( 2645): GC_CONCURRENT freed 1243K, 9% free 13270K/14544K, paused 1ms+1ms, total 37ms
03-10 17:51:42.550 D/dalvikvm( 2645): WAIT_FOR_CONCURRENT_GC blocked 23ms
03-10 17:51:42.750 D/dalvikvm( 2645): GC_CONCURRENT freed 1356K, 10% free 13349K/14736K, paused 2ms+3ms, total 53ms
03-10 17:51:42.750 D/dalvikvm( 2645): WAIT_FOR_CONCURRENT_GC blocked 38ms
03-10 17:51:42.940 D/dalvikvm( 2645): GC_CONCURRENT freed 1386K, 10% free 13422K/14840K, paused 1ms+2ms, total 44ms
03-10 17:51:42.940 D/dalvikvm( 2645): WAIT_FOR_CONCURRENT_GC blocked 25ms
03-10 17:51:43.141 D/dalvikvm( 2645): GC_CONCURRENT freed 1389K, 10% free 13516K/14936K, paused 2ms+2ms, total 46ms
03-10 17:51:43.141 D/dalvikvm( 2645): WAIT_FOR_CONCURRENT_GC blocked 30ms
03-10 17:51:43.361 D/dalvikvm( 2645): GC_CONCURRENT freed 1438K, 10% free 13595K/15064K, paused 2ms+2ms, total 45ms
03-10 17:51:43.361 D/dalvikvm( 2645): WAIT_FOR_CONCURRENT_GC blocked 28ms
03-10 17:51:43.641 D/dalvikvm( 2645): GC_CONCURRENT freed 1471K, 10% free 13666K/15168K, paused 2ms+2ms, total 61ms
03-10 17:51:43.641 D/dalvikvm( 2645): WAIT_FOR_CONCURRENT_GC blocked 46ms
03-10 17:51:43.651 I/ActivityManager(  648): START u0 {act=com.android.helloworldlein.MAIN cmp=com.android.helloworldlein/.HelloWorld} from pid 2645
03-10 17:51:43.781 I/ActivityManager(  648): Displayed com.android.helloworldlein/.HelloWorld: +120ms
03-10 17:51:59.837 D/AndroidRuntime( 2666): 
03-10 17:51:59.837 D/AndroidRuntime( 2666): >>>>>> AndroidRuntime START com.android.internal.os.RuntimeInit <<<<<<
03-10 17:51:59.837 D/AndroidRuntime( 2666): CheckJNI is OFF
03-10 17:51:59.857 D/dalvikvm( 2666): Trying to load lib libjavacore.so 0x0
03-10 17:51:59.857 D/dalvikvm( 2666): Added shared lib libjavacore.so 0x0
03-10 17:51:59.867 D/dalvikvm( 2666): Trying to load lib libnativehelper.so 0x0
03-10 17:51:59.867 D/dalvikvm( 2666): Added shared lib libnativehelper.so 0x0
03-10 17:51:59.867 D/dalvikvm( 2666): No JNI_OnLoad found in libnativehelper.so 0x0, skipping init
03-10 17:51:59.897 D/dalvikvm( 2666): Note: class Landroid/app/ActivityManagerNative; has 179 unimplemented (abstract) methods
03-10 17:52:00.097 D/AndroidRuntime( 2666): Calling main entry com.android.commands.am.Am
03-10 17:52:00.097 I/ActivityManager(  648): Force stopping com.android.helloworldlein appid=10119 user=0: from pid 2666
03-10 17:52:00.097 I/ActivityManager(  648): Killing 2645:com.android.helloworldlein/u0a119 (adj 0): stop com.android.helloworldlein
03-10 17:52:00.107 W/ActivityManager(  648): Force removing ActivityRecord{42b90478 u0 com.android.helloworldlein/.HelloWorld t9}: app died, no saved state
03-10 17:52:00.117 W/InputDispatcher(  648): channel '42b5dd70 com.android.helloworldlein/com.android.helloworldlein.HelloWorld (server)' ~ Consumer closed input channel or an error occurred.  events=0x9
03-10 17:52:00.117 E/InputDispatcher(  648): channel '42b5dd70 com.android.helloworldlein/com.android.helloworldlein.HelloWorld (server)' ~ Channel is unrecoverably broken and will be disposed!
03-10 17:52:00.117 W/InputDispatcher(  648): Attempted to unregister already unregistered input channel '42b5dd70 com.android.helloworldlein/com.android.helloworldlein.HelloWorld (server)'
03-10 17:52:00.117 W/WindowManager(  648): Rebuild removed 2 windows but added 1
03-10 17:52:00.117 W/WindowManager(  648): java.lang.RuntimeException: here
03-10 17:52:00.117 W/WindowManager(  648): 	at com.android.server.wm.WindowManagerService.rebuildAppWindowListLocked(WindowManagerService.java:8011)
03-10 17:52:00.117 W/WindowManager(  648): 	at com.android.server.wm.WindowManagerService.rebuildAppWindowListLocked(WindowManagerService.java:7947)
03-10 17:52:00.117 W/WindowManager(  648): 	at com.android.server.wm.WindowManagerService.handleAppTransitionReadyLocked(WindowManagerService.java:8430)
03-10 17:52:00.117 W/WindowManager(  648): 	at com.android.server.wm.WindowManagerService.performLayoutAndPlaceSurfacesLockedInner(WindowManagerService.java:9193)
03-10 17:52:00.117 W/WindowManager(  648): 	at com.android.server.wm.WindowManagerService.performLayoutAndPlaceSurfacesLockedLoop(WindowManagerService.java:8163)
03-10 17:52:00.117 W/WindowManager(  648): 	at com.android.server.wm.WindowManagerService.performLayoutAndPlaceSurfacesLocked(WindowManagerService.java:8105)
03-10 17:52:00.117 W/WindowManager(  648): 	at com.android.server.wm.WindowManagerService.executeAppTransition(WindowManagerService.java:3918)
03-10 17:52:00.117 W/WindowManager(  648): 	at com.android.server.am.ActivityStackSupervisor.reportResumedActivityLocked(ActivityStackSupervisor.java:2241)
03-10 17:52:00.117 W/WindowManager(  648): 	at com.android.server.am.ActivityStack.completeResumeLocked(ActivityStack.java:968)
03-10 17:52:00.117 W/WindowManager(  648): 	at com.android.server.am.ActivityStack.resumeTopActivityLocked(ActivityStack.java:1631)
03-10 17:52:00.117 W/WindowManager(  648): 	at com.android.server.am.ActivityStackSupervisor.resumeTopActivitiesLocked(ActivityStackSupervisor.java:2022)
03-10 17:52:00.117 W/WindowManager(  648): 	at com.android.server.am.ActivityStackSupervisor.resumeTopActivitiesLocked(ActivityStackSupervisor.java:2009)
03-10 17:52:00.117 W/WindowManager(  648): 	at com.android.server.am.ActivityManagerService.forceStopPackageLocked(ActivityManagerService.java:4750)
03-10 17:52:00.117 W/WindowManager(  648): 	at com.android.server.am.ActivityManagerService.forceStopPackageLocked(ActivityManagerService.java:4496)
03-10 17:52:00.117 W/WindowManager(  648): 	at com.android.server.am.ActivityManagerService.forceStopPackage(ActivityManagerService.java:4327)
03-10 17:52:00.117 W/WindowManager(  648): 	at android.app.ActivityManagerNative.onTransact(ActivityManagerNative.java:1365)
03-10 17:52:00.117 W/WindowManager(  648): 	at com.android.server.am.ActivityManagerService.onTransact(ActivityManagerService.java:2071)
