03-10 13:49:46.812 D/dalvikvm( 2598): Shared lib '/data/app-lib/com.dropbox.android-1/libDropboxSync.so' already loaded in same CL 0x42a61cb0
03-10 13:49:46.812 I/dbxyzptlk.db231210.k.c( 2598): Watching file: /8fb0427b/4fa4b1d1/30/2fe0ce4f/2eefaa/fe467c90/5ceba77/72d0b2fa/c74b192d/75bd7a7a
03-10 13:49:46.812 I/dbxyzptlk.db231210.k.c( 2598): Notifying of potential change to /8fb0427b/4fa4b1d1/30/2fe0ce4f/2eefaa/fe467c90/5ceba77/72d0b2fa/c74b192d/75bd7a7a
03-10 13:49:46.812 I/com.dropbox.sync.android.aa( 2598): Dropbox initialized for application: hizqkiq3952astb (com.dropbox.android/231210 DropboxSync/2.0.2 (Android; 4.4.2; LGE Nexus 5 armeabi-v7a; en_IN))
03-10 13:49:46.812 D/dalvikvm( 2598): Trying to load lib /data/app-lib/com.dropbox.android-1/libDropboxSync.so 0x42a61cb0
03-10 13:49:46.812 D/dalvikvm( 2598): Shared lib '/data/app-lib/com.dropbox.android-1/libDropboxSync.so' already loaded in same CL 0x42a61cb0
03-10 13:49:46.812 I/dbxyzptlk.db231210.k.c( 2598): Watching file: /8fb0427b/4fa4b1d1/30/2fe0ce4f/2eefaa/fe467c90/5ceba77/72d0b2fa/c74b192d/a14d8726
03-10 13:49:46.822 I/com.dropbox.sync.android.V( 2598): Dropbox user 11616711 linked.
03-10 13:49:46.822 D/dalvikvm( 2598): Trying to load lib /data/app-lib/com.dropbox.android-1/libDropboxSync.so 0x42a61cb0
03-10 13:49:46.822 D/dalvikvm( 2598): Shared lib '/data/app-lib/com.dropbox.android-1/libDropboxSync.so' already loaded in same CL 0x42a61cb0
03-10 13:49:46.822 I/dbxyzptlk.db231210.k.c( 2598): Notifying of potential change to /8fb0427b/4fa4b1d1/30/2fe0ce4f/2eefaa/fe467c90/5ceba77/72d0b2fa/c74b192d/a14d8726
03-10 13:49:46.832 D/dalvikvm( 2598): GC_CONCURRENT freed 307K, 2% free 17175K/17512K, paused 2ms+2ms, total 17ms
03-10 13:49:46.832 D/dalvikvm( 2598): WAIT_FOR_CONCURRENT_GC blocked 10ms
03-10 13:49:46.832 D/dalvikvm( 2598): WAIT_FOR_CONCURRENT_GC blocked 9ms
03-10 13:49:46.832 I/dbxyzptlk.db231210.k.c( 2598): Watching file: /8fb0427b/4fa4b1d1/30/2fe0ce4f/2eefaa/fe467c90/5ceba77/72d0b2fa/af3b036a/b454ade0
03-10 13:49:46.832 I/dbxyzptlk.db231210.k.c( 2598): Notifying of potential change to /8fb0427b/4fa4b1d1/30/2fe0ce4f/2eefaa/fe467c90/5ceba77/72d0b2fa/af3b036a/b454ade0
03-10 13:49:46.842 I/dbxyzptlk.db231210.k.c( 2598): Watching file: /8fb0427b/4fa4b1d1/30/2fe0ce4f/2eefaa/fe467c90/5ceba77/72d0b2fa/af3b036a/74e8f6c2
03-10 13:49:46.842 I/dbxyzptlk.db231210.k.c( 2598): Notifying of potential change to /8fb0427b/4fa4b1d1/30/2fe0ce4f/2eefaa/fe467c90/5ceba77/72d0b2fa/af3b036a/74e8f6c2
03-10 13:49:46.852 I/dbxyzptlk.db231210.k.c( 2598): Watching file: /8fb0427b/4fa4b1d1/30/2fe0ce4f/2eefaa/fe467c90/5ceba77/72d0b2fa/af3b036a/5222c2a9
03-10 13:49:46.852 I/dbxyzptlk.db231210.k.c( 2598): Notifying of potential change to /8fb0427b/4fa4b1d1/30/2fe0ce4f/2eefaa/fe467c90/5ceba77/72d0b2fa/af3b036a/5222c2a9
03-10 13:49:46.862 I/dbxyzptlk.db231210.k.c( 2598): Watching file: /8fb0427b/4fa4b1d1/30/2fe0ce4f/2eefaa/fe467c90/5ceba77/72d0b2fa/af3b036a/31e17f7e
03-10 13:49:46.862 I/dbxyzptlk.db231210.k.c( 2598): Notifying of potential change to /8fb0427b/4fa4b1d1/30/2fe0ce4f/2eefaa/fe467c90/5ceba77/72d0b2fa/af3b036a/31e17f7e
03-10 13:49:46.862 I/dbxyzptlk.db231210.k.c( 2598): Watching file: /8fb0427b/4fa4b1d1/30/2fe0ce4f/2eefaa/fe467c90/5ceba77/72d0b2fa/af3b036a/746dcfd5
03-10 13:49:46.862 I/dbxyzptlk.db231210.k.c( 2598): Notifying of potential change to /8fb0427b/4fa4b1d1/30/2fe0ce4f/2eefaa/fe467c90/5ceba77/72d0b2fa/af3b036a/746dcfd5
03-10 13:49:46.862 E/mm-camera(  196): stats_module_stop_session: list =0xb7a973d8, remove port =0xb7a8cd90 name=stats_sink from module=0xb7a76778, name=stats
03-10 13:49:46.862 E/mm-camera(  196): stats_module_stop_session: 1 port =0xb7a8cd90 name=stats_sink 
03-10 13:49:46.862 E/mm-camera(  196): stats_module_stop_session: 2 port =0xb7a8cd90 name=stats_sink 
03-10 13:49:46.862 I/mm-camera(  196): gyro_module_stop_session: Enter
03-10 13:49:46.862 I/mm-camera(  196): gyro_module_stop_session: Deinit DSPS
03-10 13:49:46.872 I/mm-camera(  196): gyro_module_stop_session: Exit successful
03-10 13:49:46.872 E/mm-camera(  196): stats_module_stop_session: 3 port =0xb7a8cd90 name=stats_sink 
03-10 13:49:46.872 E/mm-camera(  196): cpp_module_stop_session:453, info: stopping session 1 ...
03-10 13:49:46.872 E/mm-camera(  196): cpp_thread_process_pipe_message:359, CPP_THREAD_MSG_ABORT: cpp_thread exiting..
03-10 13:49:46.872 E/mm-camera(  196): cpp_module_stop_session:495, info: session 1 stopped.
03-10 13:49:46.872 E/mm-camera(  196): c2d_module_stop_session:322, info: stopping session 1 ...
03-10 13:49:46.872 E/mm-camera(  196): c2d_module_stop_session:327, info: stopping c2d_thread...
03-10 13:49:46.872 E/mm-camera(  196): c2d_module_post_msg_to_thread:381, msg.type=1
03-10 13:49:46.872 E/mm-camera(  196): c2d_thread_process_pipe_message:503, C2D_THREAD_MSG_ABORT: c2d_thread exiting..
03-10 13:49:46.872 E/mm-camera(  196): c2d_module_stop_session:339, closing c2d subdev...
03-10 13:49:46.872 E/mm-camera(  196): c2d_module_stop_session:361, info: session 1 stopped.
03-10 13:49:46.872 W/ContextImpl( 2598): Implicit intents with startService are not safe: Intent { act=com.android.vending.billing.InAppBillingService.BIND } android.content.ContextWrapper.bindService:517 com.dropbox.android.payments.h.c:298 com.dropbox.android.payments.DbxSubscriptions.c:109 
03-10 13:49:46.872 I/dbxyzptlk.db231210.k.c( 2598): Watching file: /8fb0427b/4fa4b1d1/30/2fe0ce4f/2eefaa/fe467c90/5ceba77/72d0b2fa/af3b036a/77001ed1
03-10 13:49:46.872 I/dbxyzptlk.db231210.k.c( 2598): Notifying of potential change to /8fb0427b/4fa4b1d1/30/2fe0ce4f/2eefaa/fe467c90/5ceba77/72d0b2fa/af3b036a/77001ed1
03-10 13:49:46.872 I/ActivityManager(  774): Start proc org.mozilla.fennec for broadcast org.mozilla.fennec/org.mozilla.gecko.background.announcements.AnnouncementsBroadcastReceiver: pid=2643 uid=10098 gids={50098, 3003, 1028, 1015}
03-10 13:49:46.872 I/ActivityManager(  774): Killing 1726:com.google.android.apps.genie.geniewidget/u0a41 (adj 15): empty #17
03-10 13:49:46.882 I/Camera2Client(  183): Camera 0: Closed
03-10 13:49:46.882 I/Camera2ClientBase(  183): Closed Camera 0
03-10 13:49:46.892 I/AwesomePlayer(  183): setDataSource_l(URL suppressed)
03-10 13:49:46.892 I/dbxyzptlk.db231210.k.c( 2598): Watching file: /8fb0427b/4fa4b1d1/30/2fe0ce4f/2eefaa/fe467c90/5ceba77/72d0b2fa/584a3c7/4ea361a7/a46814de
03-10 13:49:46.892 I/dbxyzptlk.db231210.k.c( 2598): Notifying of potential change to /8fb0427b/4fa4b1d1/30/2fe0ce4f/2eefaa/fe467c90/5ceba77/72d0b2fa/584a3c7/4ea361a7/a46814de
03-10 13:49:46.902 D/Finsky  ( 1986): [108] InAppBillingUtils.pickAccount: com.dropbox.android: Account determined from installer data - [h8oDSybNDDZzpp4iys_x3qq36Xs]
03-10 13:49:46.912 I/AwesomePlayer(  183): setDataSource_l(URL suppressed)
03-10 13:49:46.912 D/Finsky  ( 1986): [109] InAppBillingUtils.pickAccount: com.dropbox.android: Account determined from installer data - [h8oDSybNDDZzpp4iys_x3qq36Xs]
03-10 13:49:46.922 D/Finsky  ( 1986): [109] InAppBillingUtils.pickAccount: com.dropbox.android: Account determined from installer data - [h8oDSybNDDZzpp4iys_x3qq36Xs]
03-10 13:49:46.932 D/dalvikvm( 2598): GC_FOR_ALLOC freed 261K, 2% free 17296K/17588K, paused 13ms, total 14ms
03-10 13:49:46.932 I/Camera2ClientBase(  183): Camera 1: Opened
03-10 13:49:46.942 E/mm-camera-intf(  183): mm_camera_open: dev name = /dev/video2, cam_idx = 2
03-10 13:49:46.942 E/mm-camera-sensor(  196): module_sensor_start_session:577 session 2
03-10 13:49:46.962 D/dalvikvm( 2598): GC_FOR_ALLOC freed 108K, 2% free 17483K/17796K, paused 11ms, total 11ms
03-10 13:49:46.972 D/dalvikvm( 2643): Trying to load lib /data/app-lib/org.mozilla.fennec-1/libmozglue.so 0x42a63658
03-10 13:49:46.972 D/dalvikvm( 2643): Added shared lib /data/app-lib/org.mozilla.fennec-1/libmozglue.so 0x42a63658
03-10 13:49:46.972 D/dalvikvm( 2643): No JNI_OnLoad found in /data/app-lib/org.mozilla.fennec-1/libmozglue.so 0x42a63658, skipping init
03-10 13:49:46.982 I/ActivityManager(  774): Delay finish: org.mozilla.fennec/org.mozilla.gecko.background.announcements.AnnouncementsBroadcastReceiver
03-10 13:49:47.002 W/GeckoProfile( 2643): Requested profile directory missing.
03-10 13:49:47.002 D/GeckoProfile( 2643): Found profile dir.
03-10 13:49:47.002 I/ActivityManager(  774): Resuming delayed broadcast
03-10 13:49:47.012 W/GeckoProfile( 2643): Requested profile directory missing.
03-10 13:49:47.012 I/ActivityManager(  774): Delay finish: org.mozilla.fennec/org.mozilla.gecko.background.healthreport.HealthReportBroadcastReceiver
03-10 13:49:47.022 W/GeckoProfile( 2643): Requested profile directory missing.
03-10 13:49:47.022 I/ActivityManager(  774): Resuming delayed broadcast
03-10 13:49:47.042 I/ActivityManager(  774): Start proc com.onelouder.baconreader for broadcast com.onelouder.baconreader/.BootReceiver: pid=2674 uid=10106 gids={50106, 3003, 1028, 1015}
03-10 13:49:47.042 I/ActivityManager(  774): Killing 1745:com.lge.SprintHiddenMenu/1000 (adj 15): empty #17
03-10 13:49:47.052 D/dalvikvm( 2598): GC_CONCURRENT freed 244K, 2% free 17685K/17960K, paused 2ms+3ms, total 23ms
03-10 13:49:47.102 D/dalvikvm( 2598): GC_CONCURRENT freed 270K, 2% free 17859K/18160K, paused 2ms+2ms, total 20ms
03-10 13:49:47.132 I/ErrorAgent( 2674): Registering custom exceptions handler
03-10 13:49:47.162 E/mm-camera-sensor(  196): module_sensor_init_session:471 ois device is not supported
03-10 13:49:47.162 E/mm-camera-sensor(  196): 
03-10 13:49:47.162 I/mm-camera(  196): gyro_module_start_session: Enter
03-10 13:49:47.162 I/mm-camera(  196): gyro_module_start_session: Init DSPS
03-10 13:49:47.162 I/mm-camera(  196): gyro_module_start_session: Exit successful
03-10 13:49:47.162 I/mm-camera(  196): gyro_module_get_port: Exit successful
03-10 13:49:47.162 E/mm-camera(  196): cpp_module_start_session:352, info: starting session 2
03-10 13:49:47.162 D/ImageCache( 2674): enabled write through to /storage/emulated/0/Android/data/com.onelouder.baconreader/cache/cachefu/image_cache
03-10 13:49:47.162 D/ImageCache( 2674): sanitize DISK cache
03-10 13:49:47.182 E/mm-camera(  196): cpp_thread_func:55: cpp_thread entering the polling loop...
03-10 13:49:47.182 E/mm-camera(  196): cpp_module_start_session:422, info: cpp_thread created.
03-10 13:49:47.182 E/mm-camera(  196): cpp_module_start_session:425, info: session 2 started.
03-10 13:49:47.182 E/mm-camera(  196): c2d_module_start_session:246, info: starting session 2
03-10 13:49:47.182 E/mm-camera(  196): c2d_thread_func:39: c2d_thread entering the polling loop...
03-10 13:49:47.182 E/mm-camera(  196): c2d_module_start_session:284, info: c2d_thread created.
03-10 13:49:47.182 E/mm-camera(  196): c2d_module_start_session:306, info: session 2 started.
03-10 13:49:47.182 E/mm-camera-sensor(  196): module_module_set_session_data:2435 max delay 2 report dSelay 1
03-10 13:49:47.182 E/mm-camera(  196): module_faceproc_set_session_data:1826] Per frame control 2 1
03-10 13:49:47.182 E/mm-camera-intf(  183): mm_camera_open:  opened, break out while loop
03-10 13:49:47.192 I/Camera2-Parameters(  183): Camera 1: Disabling ZSL mode
03-10 13:49:47.212 D/dalvikvm( 2674): GC_CONCURRENT freed 219K, 2% free 17019K/17268K, paused 4ms+2ms, total 23ms
03-10 13:49:47.212 D/dalvikvm( 2674): WAIT_FOR_CONCURRENT_GC blocked 5ms
03-10 13:49:47.232 D/Setting notifications for every ( 2674): 86400000
03-10 13:49:47.242 I/ActivityManager(  774): Killing 1953:com.chrome.beta/u0a83 (adj 15): empty #17
03-10 13:49:47.252 D/GCM     ( 1078): GcmService start Intent { act=com.google.android.gms.INITIALIZE flg=0x10 pkg=com.google.android.gms cmp=com.google.android.gms/.gcm.GcmService } com.google.android.gms.INITIALIZE
03-10 13:49:47.252 D/GCM     ( 1078): GcmService start Intent { act=com.google.android.gms.INITIALIZE flg=0x10 pkg=com.google.android.gms cmp=com.google.android.gms/.gcm.GcmService } com.google.android.gms.INITIALIZE
03-10 13:49:47.292 V/KeepAlert(  935): Action com.google.android.location.internal.server.ACTION_RESTARTED
03-10 13:49:47.292 E/mm-camera(  196): mct_pipeline_process_set:command=800000b
03-10 13:49:47.292 E/mm-camera(  196): mct_pipeline_get_stream: no children
03-10 13:49:47.292 E/mm-camera(  196): mct_pipeline_process_set:1370: Couldn't find stream
03-10 13:49:47.292 E/mm-camera-sensor(  196): module_sensor_stop_session:630 session 2
03-10 13:49:47.292 I/ActivityManager(  774): Delay finish: com.google.android.keep/.notification.AlertReceiver
03-10 13:49:47.312 I/GCoreUlr( 1178): Starting service, intent=Intent { cmp=com.google.android.gms/com.google.android.location.reporting.service.DispatchingService (has extras) }, extras=Bundle[{intentType=2, receiverAction=com.google.android.location.internal.server.ACTION_RESTARTED}]
03-10 13:49:47.312 I/ActivityManager(  774): Resuming delayed broadcast
03-10 13:49:47.322 I/GCoreUlr( 1178): WorldUpdater received intent Intent { cmp=com.google.android.gms/com.google.android.location.reporting.service.DispatchingService (has extras) } with receiverAction com.google.android.location.internal.server.ACTION_RESTARTED, forceUpdate false
03-10 13:49:47.382 E/mm-camera(  196): stats_module_stop_session: list =0xb7a92ee8, remove port =0xb7a888d8 name=stats_sink from module=0xb7a76778, name=stats
03-10 13:49:47.382 E/mm-camera(  196): stats_module_stop_session: 1 port =0xb7a888d8 name=stats_sink 
03-10 13:49:47.382 E/mm-camera(  196): stats_module_stop_session: 2 port =0xb7a888d8 name=stats_sink 
03-10 13:49:47.382 I/mm-camera(  196): gyro_module_stop_session: Enter
03-10 13:49:47.382 I/mm-camera(  196): gyro_module_stop_session: Deinit DSPS
03-10 13:49:47.382 I/mm-camera(  196): gyro_module_stop_session: Exit successful
03-10 13:49:47.382 E/mm-camera(  196): stats_module_stop_session: 3 port =0xb7a888d8 name=stats_sink 
03-10 13:49:47.382 E/mm-camera(  196): cpp_module_stop_session:453, info: stopping session 2 ...
03-10 13:49:47.382 E/mm-camera(  196): cpp_thread_process_pipe_message:359, CPP_THREAD_MSG_ABORT: cpp_thread exiting..
03-10 13:49:47.382 E/mm-camera(  196): cpp_module_stop_session:495, info: session 2 stopped.
03-10 13:49:47.382 E/mm-camera(  196): c2d_module_stop_session:322, info: stopping session 2 ...
03-10 13:49:47.382 E/mm-camera(  196): c2d_module_stop_session:327, info: stopping c2d_thread...
03-10 13:49:47.382 E/mm-camera(  196): c2d_module_post_msg_to_thread:381, msg.type=1
03-10 13:49:47.382 E/mm-camera(  196): c2d_thread_process_pipe_message:503, C2D_THREAD_MSG_ABORT: c2d_thread exiting..
03-10 13:49:47.382 E/mm-camera(  196): c2d_module_stop_session:339, closing c2d subdev...
03-10 13:49:47.382 E/mm-camera(  196): c2d_module_stop_session:361, info: session 2 stopped.
03-10 13:49:47.412 D/dalvikvm( 2220): GC_CONCURRENT freed 293K, 2% free 16826K/17152K, paused 3ms+1ms, total 19ms
03-10 13:49:47.472 I/GCoreUlr( 1178): Ensuring that reporting is active for [account#-17#]
03-10 13:49:47.472 I/ActivityManager(  774): Start proc com.google.android.deskclock for broadcast com.google.android.deskclock/com.android.deskclock.AlarmInitReceiver: pid=2725 uid=10034 gids={50034, 1028}
03-10 13:49:47.502 D/dalvikvm( 2162): GC_CONCURRENT freed 369K, 3% free 17329K/17728K, paused 4ms+3ms, total 19ms
03-10 13:49:47.512 V/AlarmClock( 2725): AlarmInitReceiver android.intent.action.TIME_SET
03-10 13:49:47.532 I/GCoreUlr( 1178): GMS FLP location updates requested: {"timestampMs":1394452187470,"description":"stationary","samplePeriodMs":1200000,"sampleSource":"internal","sampleReason":"stationary"}; triggerImmediate=false
03-10 13:49:47.562 D/dalvikvm( 2162): GC_CONCURRENT freed 364K, 3% free 17409K/17832K, paused 3ms+3ms, total 23ms
03-10 13:49:47.572 I/AlarmClock( 2725): Displaying next alarm time: ''
03-10 13:49:47.572 V/AlarmClock( 2725): AlarmInitReceiver finished
03-10 13:49:47.582 I/ActivityManager(  774): Start proc com.qualcomm.timeservice for broadcast com.qualcomm.timeservice/.TimeServiceBroadcastReceiver: pid=2742 uid=10070 gids={50070}
03-10 13:49:47.612 D/dalvikvm( 2742): No JNI_OnLoad found in /vendor/lib/libTimeService.so 0x42a63c50, skipping init
03-10 13:49:47.612 D/TimeService( 2742): Receivedandroid.intent.action.TIME_SET intent. Current Time is 1394452187623
03-10 13:49:47.612 D/        ( 2742): TimeServiceNative: User Time to be set is 1394452187623
03-10 13:49:47.612 D/QC-time-services( 2742): Lib:time_genoff_operation: pargs->base = 2
03-10 13:49:47.612 D/QC-time-services( 2742): Lib:time_genoff_operation: pargs->operation = 0
03-10 13:49:47.612 D/QC-time-services( 2742): Lib:time_genoff_operation: pargs->ts_val = 1394452187623
03-10 13:49:47.612 D/QC-time-services( 2742): Lib:time_genoff_operation: Send to server  passed!!
03-10 13:49:47.612 D/QC-time-services(  197): Daemon: Connection accepted:time_genoff
03-10 13:49:47.612 D/QC-time-services(  197): Daemon:Received base = 2, unit = 1, operation = 0,value = 1394452187623
03-10 13:49:47.612 D/QC-time-services(  197): Daemon:genoff_opr: Base = 2, val = 1394452187623, operation = 0
03-10 13:49:47.612 D/QC-time-services(  197): Daemon:rtc_get: Time read from RTC -- MM/DD/YY HH:MM:SS3/18/70 16:12:31
03-10 13:49:47.612 D/QC-time-services(  197): Daemon:Value read from RTC seconds = 9303151000
03-10 13:49:47.612 D/QC-time-services(  197): Daemon:new time 1394452187623 
03-10 13:49:47.612 D/QC-time-services(  197): Daemon: delta 1385149036623 genoff 1385149036623 
03-10 13:49:47.612 D/QC-time-services(  197): Daemon:genoff_persistent_update: Writing genoff = 1385149036623 to memory
03-10 13:49:47.612 D/QC-time-services(  197): Daemon:Opening File: /data/system/time/ats_2
03-10 13:49:47.612 D/QC-time-services(  197): Daemon:time_persistent_memory_opr:Genoff write operation 
03-10 13:49:47.622 D/QC-time-services(  197): Updating the TOD offset
03-10 13:49:47.622 D/QC-time-services(  197): Daemon:genoff_persistent_update: Writing genoff = 1385149036623 to memory
03-10 13:49:47.622 D/QC-time-services(  197): Daemon:Opening File: /data/system/time/ats_1
03-10 13:49:47.622 D/QC-time-services(  197): Daemon:time_persistent_memory_opr:Genoff write operation 
03-10 13:49:47.622 D/QC-time-services(  197): Daemon:Update to modem bit set
03-10 13:49:47.622 D/QC-time-services(  197): Daemon:genoff_send_modem: Sending data to MODEM !
03-10 13:49:47.622 D/QC-time-services(  197): Daemon: Base = 2, Value being sent to MODEM = 1078487387623
03-10 13:49:47.622 E/QC-time-services( 2742): Receive Passed == base = 2, unit = 1, operation = 0, result = 0
03-10 13:49:47.622 D/QC-time-services(  197): Daemon: Time-services: Waiting to acceptconnection
03-10 13:49:47.622 D/QC-time-services(  197): Daemon:tod_update_ind_cb: Got Update from modem msg_id 40
03-10 13:49:47.632 D/dalvikvm( 2162): GC_CONCURRENT freed 447K, 3% free 17444K/17936K, paused 2ms+1ms, total 15ms
03-10 13:49:47.632 V/KeepAlert(  935): Action android.intent.action.TIME_SET
03-10 13:49:47.632 D/AlertReceiver( 2220): onReceive: a=android.intent.action.PROVIDER_CHANGED Intent { act=android.intent.action.PROVIDER_CHANGED dat=content://com.android.calendar flg=0x10 cmp=com.google.android.calendar/com.android.calendar.alerts.AlertReceiver }
03-10 13:49:47.632 I/ActivityManager(  774): Delay finish: com.google.android.calendar/com.android.calendar.alerts.AlertReceiver
03-10 13:49:47.642 D/AlertService( 2220): 0 Action = android.intent.action.PROVIDER_CHANGED
03-10 13:49:47.652 I/ActivityManager(  774): Resuming delayed broadcast
03-10 13:49:47.662 I/ActivityManager(  774): Killing 2034:com.google.android.talk/u0a52 (adj 15): empty #17
03-10 13:49:47.672 I/ActivityManager(  774): Start proc com.google.android.music:main for broadcast com.google.android.music/.store.MediaStoreImportService$Receiver: pid=2763 uid=10060 gids={50060, 3003, 1028, 1015}
03-10 13:49:47.752 D/dalvikvm( 2598): GC_CONCURRENT freed 338K, 3% free 17907K/18276K, paused 3ms+2ms, total 19ms
03-10 13:49:47.782 D/dalvikvm( 2162): GC_CONCURRENT freed 460K, 3% free 17442K/17936K, paused 3ms+2ms, total 16ms
03-10 13:49:47.812 I/MusicStore( 2763): Database version: 85
03-10 13:49:47.832 W/ContextImpl( 2763): Implicit intents with startService are not safe: Intent { act=com.google.android.music.PREFERENCE_SERVICE } android.content.ContextWrapper.bindService:517 com.google.android.music.utils.SafeServiceConnection$ServiceConnectionImp.bindService:98 com.google.android.music.utils.SafeServiceConnection.bindService:259 
03-10 13:49:47.842 D/dalvikvm( 2763): GC_CONCURRENT freed 252K, 2% free 16925K/17208K, paused 3ms+3ms, total 20ms
03-10 13:49:47.862 W/ContextImpl( 2763): Implicit intents with startService are not safe: Intent { act=com.google.android.music.NETWORK_MONITOR_SERVICE } android.content.ContextWrapper.bindService:517 com.google.android.music.utils.SafeServiceConnection$ServiceConnectionImp.bindService:98 com.google.android.music.utils.SafeServiceConnection.bindService:259 
03-10 13:49:47.902 D/dalvikvm( 2763): GC_CONCURRENT freed 269K, 2% free 17086K/17388K, paused 2ms+1ms, total 17ms
03-10 13:49:48.002 D/dalvikvm(  774): GC_EXPLICIT freed 786K, 10% free 26593K/29320K, paused 2ms+5ms, total 77ms
03-10 13:49:48.012 I/MediaRouter( 2763): Found default route: MediaRouter.RouteInfo{ uniqueId=android/.support.v7.media.SystemMediaRouteProvider:DEFAULT_ROUTE, name=Phone, description=null, enabled=true, connecting=false, playbackType=0, playbackStream=3, volumeHandling=1, volume=0, volumeMax=15, presentationDisplayId=-1, extras=null, providerPackageName=android }
03-10 13:49:48.022 I/ActivityManager(  774): Delay finish: com.google.android.music/.store.MediaStoreImportService$Receiver
03-10 13:49:48.042 I/CastUtils( 2763): Removing provider: MediaRouter.RouteProviderInfo{ packageName=com.google.android.gms }
03-10 13:49:48.042 I/ActivityManager(  774): Resuming delayed broadcast
03-10 13:49:48.052 I/ActivityManager(  774): Delay finish: com.google.android.music/.store.MediaStoreImportService$Receiver
03-10 13:49:48.052 I/ActivityManager(  774): Resuming delayed broadcast
03-10 13:49:48.062 I/ActivityManager(  774): Delay finish: com.google.android.music/.store.MediaStoreImportService$Receiver
03-10 13:49:48.082 D/dalvikvm( 1235): GC_FOR_ALLOC freed 315K, 3% free 17143K/17628K, paused 12ms, total 12ms
03-10 13:49:48.112 D/dalvikvm( 2763): GC_CONCURRENT freed 241K, 2% free 17242K/17516K, paused 3ms+2ms, total 19ms
03-10 13:49:48.152 I/MediaStoreImporter( 2763): Update: incremental Added music: 0 Updated music: 0 Deleted music: 0 Created playlists: 0 Updated playlists: 0 Deleted playlists: 0 Inserted playlist items: 0 Deleted playlist items: 0 Removed orphaned playlist items: 0
03-10 13:49:48.162 I/ActivityManager(  774): Resuming delayed broadcast
03-10 13:49:48.162 I/ActivityManager(  774): Killing 2061:com.google.android.youtube/u0a73 (adj 15): empty #17
03-10 13:49:48.182 D/MobileDataStateTracker(  774): default: setPolicyDataEnable(enabled=true)
03-10 13:49:48.192 I/ActivityManager(  774): Delay finish: com.android.providers.calendar/.CalendarProviderBroadcastReceiver
03-10 13:49:48.232 I/ActivityManager(  774): Resuming delayed broadcast
03-10 13:49:48.272 I/ActivityManager(  774): Start proc com.google.android.email for broadcast com.google.android.email/com.android.email.provider.WidgetProvider: pid=2794 uid=10037 gids={50037, 3003, 1028, 1015}
03-10 13:49:48.322 D/ActivityThread( 2794): Loading provider com.google.android.email.provider;com.google.android.email.notifier: com.android.email.provider.EmailProvider
03-10 13:49:48.342 D/ActivityThread( 2794): Loading provider com.google.android.email.provider;com.google.android.email.notifier: com.android.email.provider.EmailProvider
03-10 13:49:48.362 I/ActivityManager(  774): Killing 2279:com.google.android.gms.ui/u0a7 (adj 15): empty #17
03-10 13:49:48.402 D/dalvikvm( 2794): GC_CONCURRENT freed 271K, 2% free 16891K/17196K, paused 2ms+2ms, total 34ms
03-10 13:49:48.422 I/ActivityManager(  774): Start proc com.google.android.setupwizard for broadcast com.google.android.setupwizard/.MobileConnectivityChangeReceiver: pid=2815 uid=10017 gids={50017, 3003}
03-10 13:49:48.442 D/dalvikvm(  181): GC_EXPLICIT freed 42K, 1% free 16726K/16800K, paused 2ms+2ms, total 24ms
03-10 13:49:48.452 W/ActivityManager(  774): Unable to start service Intent { cmp=com.google.android.email/com.android.email.service.AttachmentDownloadService } U=0: not found
03-10 13:49:48.462 I/Email   ( 2794): Observing account changes for notifications
03-10 13:49:48.462 D/dalvikvm(  181): GC_EXPLICIT freed <1K, 1% free 16726K/16800K, paused 1ms+1ms, total 15ms
03-10 13:49:48.472 D/dalvikvm(  181): GC_EXPLICIT freed <1K, 1% free 16727K/16800K, paused 1ms+2ms, total 15ms
03-10 13:49:48.472 W/ActivityManager(  774): Unable to start service Intent { cmp=com.google.android.email/com.android.email.service.AttachmentDownloadService } U=0: not found
03-10 13:49:48.482 D/MobileConnectivityChangeReceiver( 2815): onReceive Intent { act=android.net.conn.CONNECTIVITY_CHANGE flg=0x4000010 cmp=com.google.android.setupwizard/.MobileConnectivityChangeReceiver (has extras) }
03-10 13:49:48.482 D/MobileConnectivityChangeReceiver( 2815): onReceive CONNECTIVITY_CHANGE networkType=0
03-10 13:49:48.482 D/MobileConnectivityChangeReceiver( 2815): onReceive CONNECTIVITY_CHANGE: checkConnection
03-10 13:49:48.482 E/PhoneMonitor( 2815): onOtaspChanged old =0, new =3
03-10 13:49:48.482 V/PhoneMonitor( 2815): mOtaspPhoneStateListener#onOtaspChanged, mOtaspMode=3
03-10 13:49:48.482 W/ActivityManager(  774): Unable to start service Intent { cmp=com.google.android.email/com.android.email.service.AttachmentDownloadService } U=0: not found
03-10 13:49:48.502 D/CheckConnectionTask( 2815): doInBackground: url=http://clients3.google.com/generate_204
03-10 13:49:48.502 I/ActivityManager(  774): Start proc com.google.android.youtube for broadcast com.google.android.youtube/com.google.android.apps.youtube.app.prefetch.PrefetchService$DeviceStateReceiver: pid=2831 uid=10073 gids={50073, 3003, 1028, 1015}
03-10 13:49:48.502 I/ActivityManager(  774): Killing 1560:com.google.android.partnersetup/u0a11 (adj 15): empty #17
03-10 13:49:48.512 I/CheckinService( 1078): Preparing to send checkin request
03-10 13:49:48.512 I/EventLogService( 1078): Accumulating logs since 1394451926442
03-10 13:49:48.552 D/dalvikvm( 2815): GC_CONCURRENT freed 214K, 2% free 16947K/17196K, paused 3ms+2ms, total 17ms
03-10 13:49:48.572 D/dalvikvm( 1078): GC_CONCURRENT freed 317K, 3% free 17427K/17908K, paused 2ms+9ms, total 24ms
03-10 13:49:48.602 W/EventLogAggregator( 1078): Unknown tag: SYSTEM_AUDIT
03-10 13:49:48.612 D/YouTube ( 2831): apps.youtube.core.utils.bh.a:41 HttpClient.UserAgent: com.google.android.youtube/5.3.32(Linux; U; Android 4.4.2; en_IN; Nexus 5 Build/KOT49H)
03-10 13:49:48.632 D/dalvikvm( 2831): GC_CONCURRENT freed 224K, 2% free 16984K/17240K, paused 3ms+4ms, total 20ms
03-10 13:49:48.662 W/GLSUser ( 1078): GoogleAccountDataService.getToken()
03-10 13:49:48.662 D/YouTube ( 2831): apps.youtube.core.utils.bh.a:41 HttpClient.UserAgent: com.google.android.youtube/5.3.32(Linux; U; Android 4.4.2; en_IN; Nexus 5 Build/KOT49H)
03-10 13:49:48.712 D/dalvikvm( 1078): GC_CONCURRENT freed 307K, 3% free 17511K/17984K, paused 2ms+2ms, total 16ms
03-10 13:49:48.712 D/dalvikvm( 1078): WAIT_FOR_CONCURRENT_GC blocked 13ms
03-10 13:49:48.722 D/CheckConnectionTask( 2815): doInBackground: resultCode=204 retVal=true
03-10 13:49:48.722 D/CheckConnectionTask( 2815): onPostExecute connected=true
03-10 13:49:48.722 D/CheckConnectionTask( 2815): onPostExecute set preference connected=true
03-10 13:49:48.722 D/dalvikvm( 1078): GC_FOR_ALLOC freed 54K, 3% free 17541K/18072K, paused 14ms, total 14ms
03-10 13:49:48.742 D/dalvikvm( 1078): GC_FOR_ALLOC freed 1K, 3% free 17603K/18072K, paused 14ms, total 14ms
03-10 13:49:48.752 D/dalvikvm( 1078): GC_FOR_ALLOC freed 9K, 3% free 17719K/18200K, paused 16ms, total 16ms
03-10 13:49:48.782 D/dalvikvm( 1078): GC_FOR_ALLOC freed 258K, 4% free 17543K/18264K, paused 13ms, total 13ms
03-10 13:49:48.782 D/dalvikvm( 2831): GC_CONCURRENT freed 300K, 2% free 17075K/17408K, paused 1ms+1ms, total 15ms
03-10 13:49:48.792 D/YouTube ( 2831): apps.youtube.core.client.y.a:114 event [version=5.3.32-s2000, action=Startup, label=NORMAL_STARTUP, value=-1]
03-10 13:49:48.812 I/CheckinTask( 1078): Sending checkin request (21136 bytes)
03-10 13:49:48.822 D/dalvikvm( 2831): GC_CONCURRENT freed 305K, 2% free 17282K/17616K, paused 2ms+2ms, total 18ms
03-10 13:49:48.822 D/dalvikvm( 2831): WAIT_FOR_CONCURRENT_GC blocked 6ms
03-10 13:49:48.822 D/dalvikvm( 2831): WAIT_FOR_CONCURRENT_GC blocked 6ms
03-10 13:49:48.842 D/YouTube ( 2831): apps.youtube.core.cache.f.run:163 Cache is below limit, no need to shrink: [size=5201654, limit=20971520]
03-10 13:49:48.862 D/dalvikvm( 2831): GC_CONCURRENT freed 370K, 3% free 17422K/17820K, paused 3ms+2ms, total 20ms
03-10 13:49:48.872 D/dalvikvm( 2831): DexOpt: --- BEGIN 'ads974178290.jar' (bootstrap=0) ---
03-10 13:49:48.902 D/dalvikvm( 2863): DexOpt: load 2ms, verify+opt 4ms, 158252 bytes
03-10 13:49:48.912 D/dalvikvm( 2831): DexOpt: --- END 'ads974178290.jar' (success) ---
03-10 13:49:48.912 D/dalvikvm( 2831): DEX prep '/data/data/com.google.android.youtube/cache/ads974178290.jar': unzip in 0ms, rewrite 45ms
03-10 13:49:48.942 D/dalvikvm( 2831): GC_CONCURRENT freed 374K, 3% free 17561K/17964K, paused 2ms+1ms, total 16ms
03-10 13:49:48.942 D/dalvikvm( 2831): WAIT_FOR_CONCURRENT_GC blocked 10ms
03-10 13:49:48.942 D/dalvikvm( 2831): WAIT_FOR_CONCURRENT_GC blocked 10ms
03-10 13:49:48.942 D/dalvikvm( 2831): WAIT_FOR_CONCURRENT_GC blocked 10ms
03-10 13:49:48.942 D/dalvikvm( 2831): WAIT_FOR_CONCURRENT_GC blocked 10ms
03-10 13:49:48.942 I/ActivityManager(  774): Waited long enough for: ServiceRecord{431e80a0 u0 com.qualcomm.qcrilmsgtunnel/.QcrilMsgTunnelService}
03-10 13:49:48.982 I/GoogleConversionPing( 2831): Pinging: http://www.googleadservices.com/pagead/conversion/1001680686/?label=4dahCKKczAYQrt7R3QM&value=&muid=lOR1YT1J7380QCofupCa2g&bundleid=com.google.android.youtube&appversion=5.3.32&osversion=4.4.2&sdkversion=ct-sdk-a-v1.1.0&remarketing_only=1&timestamp=1394452188&data=screen_name%3D%3CAndroid_YT_Open_App%3E
03-10 13:49:48.992 D/dalvikvm( 2831): GC_CONCURRENT freed 348K, 3% free 17696K/18076K, paused 2ms+2ms, total 18ms
03-10 13:49:49.032 D/dalvikvm( 1078): GC_CONCURRENT freed 347K, 4% free 17642K/18264K, paused 3ms+3ms, total 20ms
03-10 13:49:49.052 D/YouTube ( 2831): apps.youtube.app.prefetch.PrefetchService$DeviceStateReceiver.onReceive:565 Got device state change intent: android.net.conn.CONNECTIVITY_CHANGE
03-10 13:49:49.052 D/YouTube ( 2831): apps.youtube.core.transfer.TransferService.onCreate:108 creating transfer service
03-10 13:49:49.072 I/ActivityManager(  774): Start proc com.google.android.apps.magazines for broadcast com.google.android.apps.magazines/com.google.apps.dots.android.newsstand.appwidget.NewsWidgetProvider: pid=2886 uid=10057 gids={50057, 3003, 1028, 1015}
03-10 13:49:49.082 D/GCM     ( 1078): GcmService start Intent { act=android.net.conn.CONNECTIVITY_CHANGE flg=0x4000010 cmp=com.google.android.gms/.gcm.GcmService (has extras) } android.net.conn.CONNECTIVITY_CHANGE
03-10 13:49:49.102 D/dalvikvm( 2831): GC_CONCURRENT freed 339K, 3% free 17869K/18240K, paused 2ms+12ms, total 37ms
03-10 13:49:49.102 D/dalvikvm( 2831): WAIT_FOR_CONCURRENT_GC blocked 21ms
03-10 13:49:49.102 D/dalvikvm( 2831): WAIT_FOR_CONCURRENT_GC blocked 23ms
03-10 13:49:49.102 D/YouTube ( 2831): apps.youtube.app.prefetch.PrefetchService.onStartCommand:167 PrefetchService started at 10 Mar 2014 11:49:49 GMT
03-10 13:49:49.112 D/YouTube ( 2831): apps.youtube.app.prefetch.PrefetchService.p_:245 Download snapshot restored
03-10 13:49:49.112 D/YouTube ( 2831): apps.youtube.app.prefetch.PrefetchService.onDestroy:215 PrefetchService destroyed at 10 Mar 2014 11:49:49 GMT
03-10 13:49:49.112 I/ActivityManager(  774): Killing 2275:com.google.android.googlequicksearchbox:search/u0a20 (adj 15): empty #17
03-10 13:49:49.122 V/WebViewChromium( 2886): Binding Chromium to the background looper Looper (main, tid 1) {42a59b20}
03-10 13:49:49.122 I/chromium( 2886): [INFO:library_loader_hooks.cc(112)] Chromium logging enabled: level = 0, default verbosity = 0
03-10 13:49:49.122 I/BrowserProcessMain( 2886): Initializing chromium process, renderers=0
03-10 13:49:49.122 W/GLSUser ( 1078): GoogleAccountDataService.getToken()
03-10 13:49:49.132 W/chromium( 2886): [WARNING:proxy_service.cc(888)] PAC support disabled because there is no system implementation
03-10 13:49:49.132 I/Adreno-EGL( 2886): <qeglDrvAPI_eglInitialize:320>: EGL 1.4 QUALCOMM Build: I0404c4692afb8623f95c43aeb6d5e13ed4b30ddbDate: 11/06/13
03-10 13:49:49.192 W/GAV2    ( 2886): Thread[main,5,main]: Need to call initialize() and be in fallback mode to start dispatch.
03-10 13:49:49.212 I/Icing   ( 1235): Indexing A0DFF7A479489E0E9E8CF33BD7C972B2FF32644C from com.google.android.music
03-10 13:49:49.222 D/dalvikvm( 2886): GC_CONCURRENT freed 266K, 2% free 16937K/17236K, paused 3ms+5ms, total 22ms
03-10 13:49:49.282 I/Icing   ( 1235): Indexing done A0DFF7A479489E0E9E8CF33BD7C972B2FF32644C
03-10 13:49:49.302 D/dalvikvm( 2886): GC_CONCURRENT freed 236K, 2% free 17159K/17424K, paused 2ms+1ms, total 15ms
03-10 13:49:49.312 W/ActivityThread( 1078): ClassLoader.loadClass: The class loader returned by Thread.getContextClassLoader() may fail for processes that host multiple applications. You should explicitly specify a context class loader. For example: Thread.setContextClassLoader(getClass().getClassLoader());
03-10 13:49:49.322 I/NSApplication( 2886): Starting up...
03-10 13:49:49.342 I/ActivityManager(  774): Start proc com.google.android.apps.plus for broadcast com.google.android.apps.plus/.service.ConnectivityReceiver: pid=2922 uid=10065 gids={50065, 3003, 3002, 1028, 1015}
03-10 13:49:49.342 I/ActivityManager(  774): Killing 2376:android.process.acore/u0a3 (adj 15): empty #17
03-10 13:49:49.362 I/GoogleConversionPing( 2831): Ping responded with response code 200
03-10 13:49:49.462 D/dalvikvm( 2922): Trying to load lib /data/app-lib/com.google.android.apps.plus-2/libcrashreporter.so 0x42a63228
03-10 13:49:49.462 D/dalvikvm( 2922): Added shared lib /data/app-lib/com.google.android.apps.plus-2/libcrashreporter.so 0x42a63228
03-10 13:49:49.492 D/dalvikvm( 2922): GC_CONCURRENT freed 216K, 2% free 16931K/17176K, paused 3ms+2ms, total 17ms
03-10 13:49:49.572 D/dalvikvm( 2922): GC_CONCURRENT freed 262K, 2% free 17146K/17440K, paused 3ms+4ms, total 19ms
03-10 13:49:49.582 D/ConnectivityService(  774): handleInetConditionHoldEnd: net=0, condition=100, published condition=100
03-10 13:49:49.592 I/ImageResourceManager( 2922): ImageResourceManager: uninitalized
03-10 13:49:49.602 I/iu.Environment( 2922): update battery state; isPlugged? true*
03-10 13:49:49.602 I/iu.Environment( 2922): update connectivity state; isNetworkMetered? true*, isRoaming? false, isBackgroundDataAllowed? true*
03-10 13:49:49.602 I/iu.Environment( 2922): update connectivity state; isNetworkMetered? true, isRoaming? false, isBackgroundDataAllowed? true
03-10 13:49:49.622 D/dalvikvm( 2922): GC_FOR_ALLOC freed 95K, 2% free 17192K/17476K, paused 12ms, total 13ms
03-10 13:49:49.622 I/ActivityManager(  774): Start proc com.google.android.apps.maps for broadcast com.google.android.apps.maps/com.google.userfeedback.android.api.FeedbackConnectivityReceiver: pid=2953 uid=10058 gids={50058, 3003, 1028, 1015}
03-10 13:49:49.622 I/ActivityManager(  774): Killing 2393:com.laurencedawson.reddit_sync:remote/u0a80 (adj 15): empty #17
03-10 13:49:49.632 I/dalvikvm-heap( 2922): Grow heap (frag case) to 20.725MB for 4099024-byte allocation
03-10 13:49:49.642 D/dalvikvm( 2922): GC_FOR_ALLOC freed <1K, 2% free 21194K/21480K, paused 11ms, total 11ms
03-10 13:49:49.662 D/dalvikvm( 2922): GC_CONCURRENT freed 9K, 2% free 21200K/21480K, paused 2ms+1ms, total 13ms
03-10 13:49:49.712 D/dalvikvm( 2922): GC_FOR_ALLOC freed 2K, 2% free 21200K/21480K, paused 10ms, total 10ms
03-10 13:49:49.722 I/dalvikvm-heap( 2922): Grow heap (frag case) to 24.639MB for 4099024-byte allocation
03-10 13:49:49.732 D/dalvikvm( 2922): GC_FOR_ALLOC freed <1K, 2% free 25202K/25484K, paused 11ms, total 11ms
03-10 13:49:49.752 D/dalvikvm( 2922): GC_CONCURRENT freed 2K, 2% free 25207K/25484K, paused 2ms+1ms, total 20ms
03-10 13:49:49.752 I/ActivityManager(  774): Start proc android.process.acore for content provider com.android.providers.contacts/.ContactsProvider2: pid=2967 uid=10003 gids={50003, 3003, 1028, 1015}
03-10 13:49:49.792 I/Adreno-EGL( 2953): <qeglDrvAPI_eglInitialize:320>: EGL 1.4 QUALCOMM Build: I0404c4692afb8623f95c43aeb6d5e13ed4b30ddbDate: 11/06/13
03-10 13:49:49.792 D/dalvikvm( 2953): GC_CONCURRENT freed 272K, 2% free 16900K/17204K, paused 3ms+1ms, total 25ms
03-10 13:49:49.832 D/dalvikvm(  774): GC_EXPLICIT freed 525K, 10% free 26635K/29320K, paused 3ms+5ms, total 74ms
03-10 13:49:49.842 I/ActivityManager(  774): Killing 2428:com.laurencedawson.reddit_sync/u0a80 (adj 15): empty #17
03-10 13:49:49.922 D/dalvikvm( 2953): GC_CONCURRENT freed 303K, 2% free 17108K/17440K, paused 2ms+2ms, total 26ms
03-10 13:49:49.922 D/dalvikvm( 2953): WAIT_FOR_CONCURRENT_GC blocked 4ms
03-10 13:49:49.922 D/dalvikvm( 2953): WAIT_FOR_CONCURRENT_GC blocked 4ms
03-10 13:49:49.922 D/dalvikvm( 2953): WAIT_FOR_CONCURRENT_GC blocked 9ms
03-10 13:49:49.922 W/ActivityThread( 2953): ClassLoader.loadClass: The class loader returned by Thread.getContextClassLoader() may fail for processes that host multiple applications. You should explicitly specify a context class loader. For example: Thread.setContextClassLoader(getClass().getClassLoader());
03-10 13:49:49.932 D/dalvikvm( 2967): GC_CONCURRENT freed 259K, 2% free 16971K/17260K, paused 8ms+2ms, total 37ms
03-10 13:49:49.972 D/dalvikvm( 1178): GC_CONCURRENT freed 347K, 3% free 18145K/18572K, paused 2ms+2ms, total 27ms
03-10 13:49:49.972 D/dalvikvm( 1078): GC_CONCURRENT freed 544K, 5% free 17491K/18264K, paused 5ms+1ms, total 29ms
03-10 13:49:50.002 D/dalvikvm( 2953): GC_CONCURRENT freed 246K, 2% free 17333K/17608K, paused 2ms+1ms, total 22ms
03-10 13:49:50.002 I/iu.UploadsManager( 2922): #reloadSettings(); account: null; pageID: none; IU: disabled; IS: disabled; photoWiFi: true; videoWiFi: true; roam: false; battery: true; size: FULL; maxMobile: 157286400
03-10 13:49:50.052 D/dalvikvm( 1165): GC_CONCURRENT freed 389K, 3% free 17093K/17596K, paused 2ms+2ms, total 14ms
03-10 13:49:50.052 W/GLSUser ( 1078): GoogleAccountDataService.getToken()
03-10 13:49:50.062 I/iu.UploadsManager( 2922): End new media; added: 0, uploading: 0, time: 66 ms
03-10 13:49:50.082 I/ContactLocale( 2967): AddressBook Labels [en_IN]: [, A, B, C, D, E, F, G, H, I, J, K, L, M, N, O, P, Q, R, S, T, U, V, W, X, Y, Z, , , , , , , , , , , , , , , , , , , , , , , , , , , , , , , , , , , , , , , , , , , , , , , , , , , , , , , , , , , , , , , , , , , , , , , , , , , , , , , , , , , , , , , , , , , , , , , , , , , , , , , , , , , , , , , , , , , , , , , , , , , , , , , , , , , , , , , , , , , , , , , , , , , , , , , , , , , , , , , , , , , , , , , , , , , , , , , , , , , , , , #, ]
03-10 13:49:50.102 I/CheckinTask( 1078): Checkin success: https://android.clients.google.com/checkin (1 requests sent)
03-10 13:49:50.132 D/dalvikvm( 2953): GC_CONCURRENT freed 302K, 2% free 17508K/17840K, paused 7ms+2ms, total 19ms
03-10 13:49:50.162 I/TextToSpeech( 2953): Sucessfully bound to com.google.android.tts
03-10 13:49:50.162 I/iu.FingerprintManager( 2922): Start processing all media
03-10 13:49:50.162 I/ActivityManager(  774): Start proc com.google.android.tts for service com.google.android.tts/.service.GoogleTTSService: pid=3014 uid=10049 gids={50049, 3003, 1028, 1015}
03-10 13:49:50.172 D/dalvikvm( 2953): GC_CONCURRENT freed 268K, 2% free 17755K/18052K, paused 1ms+7ms, total 25ms
03-10 13:49:50.172 D/dalvikvm( 2953): WAIT_FOR_CONCURRENT_GC blocked 5ms
03-10 13:49:50.172 D/dalvikvm( 2953): WAIT_FOR_CONCURRENT_GC blocked 5ms
03-10 13:49:50.172 D/StrictMode( 2953): StrictMode policy violation; ~duration=123 ms: android.os.StrictMode$StrictModeDiskReadViolation: policy=287 violation=2
03-10 13:49:50.172 D/StrictMode( 2953): 	at android.os.StrictMode$AndroidBlockGuardPolicy.onReadFromDisk(StrictMode.java:1135)
03-10 13:49:50.172 D/StrictMode( 2953): 	at android.database.sqlite.SQLiteConnection.applyBlockGuardPolicy(SQLiteConnection.java:1041)
03-10 13:49:50.172 D/StrictMode( 2953): 	at android.database.sqlite.SQLiteConnection.executeForCursorWindow(SQLiteConnection.java:842)
03-10 13:49:50.172 D/StrictMode( 2953): 	at android.database.sqlite.SQLiteSession.executeForCursorWindow(SQLiteSession.java:836)
03-10 13:49:50.172 D/StrictMode( 2953): 	at android.database.sqlite.SQLiteQuery.fillWindow(SQLiteQuery.java:62)
03-10 13:49:50.172 D/StrictMode( 2953): 	at android.database.sqlite.SQLiteCursor.fillWindow(SQLiteCursor.java:144)
03-10 13:49:50.172 D/StrictMode( 2953): 	at android.database.sqlite.SQLiteCursor.getCount(SQLiteCursor.java:133)
03-10 13:49:50.172 D/StrictMode( 2953): 	at android.database.CursorToBulkCursorAdaptor.getBulkCursorDescriptor(CursorToBulkCursorAdaptor.java:148)
03-10 13:49:50.172 D/StrictMode( 2953): 	at android.content.ContentProviderNative.onTransact(ContentProviderNative.java:118)
03-10 13:49:50.172 D/StrictMode( 2953): 	at android.os.Binder.execTransact(Binder.java:404)
03-10 13:49:50.172 D/StrictMode( 2953): 	at dalvik.system.NativeStart.run(Native Method)
03-10 13:49:50.172 D/StrictMode( 2953): # via Binder call with stack:
03-10 13:49:50.172 D/StrictMode( 2953): android.os.StrictMode$LogStackTrace
03-10 13:49:50.172 D/StrictMode( 2953): 	at android.os.StrictMode.readAndHandleBinderCallViolations(StrictMode.java:1705)
03-10 13:49:50.172 D/StrictMode( 2953): 	at android.os.Parcel.readExceptionCode(Parcel.java:1447)
03-10 13:49:50.172 D/StrictMode( 2953): 	at android.database.DatabaseUtils.readExceptionFromParcel(DatabaseUtils.java:134)
03-10 13:49:50.172 D/StrictMode( 2953): 	at android.content.ContentProviderProxy.query(ContentProviderNative.java:413)
03-10 13:49:50.172 D/StrictMode( 2953): 	at android.content.ContentResolver.query(ContentResolver.java:461)
03-10 13:49:50.172 D/StrictMode( 2953): 	at android.content.ContentResolver.query(ContentResolver.java:404)
03-10 13:49:50.172 D/StrictMode( 2953): 	at com.google.android.apps.gmm.map.n.b.j.b(SourceFile:67)
03-10 13:49:50.172 D/StrictMode( 2953): 	at com.google.android.apps.gmm.map.n.b.j.a(SourceFile:100)
03-10 13:49:50.172 D/StrictMode( 2953): 	at com.google.android.apps.gmm.map.n.b.d.a(SourceFile:197)
03-10 13:49:50.172 D/StrictMode( 2953): 	at com.google.android.apps.gmm.map.n.b.d.<init>(SourceFile:178)
03-10 13:49:50.172 D/StrictMode( 2953): 	at com.google.android.apps.gmm.base.app.GoogleMapsApplication.onCreate(SourceFile:195)
03-10 13:49:50.172 D/StrictMode( 2953): 	at android.app.Instrumentation.callApplicationOnCreate(Instrumentation.java:1007)
03-10 13:49:50.172 D/StrictMode( 2953): 	at android.app.ActivityThread.handleBindApplication(ActivityThread.java:4344)
03-10 13:49:50.172 D/StrictMode( 2953): 	at android.app.ActivityThread.access$1500(ActivityThread.java:135)
03-10 13:49:50.172 D/StrictMode( 2953): 	at android.app.ActivityThread$H.handleMessage(ActivityThread.java:1256)
03-10 13:49:50.172 D/StrictMode( 2953): 	at android.os.Handler.dispatchMessage(Handler.java:102)
03-10 13:49:50.172 D/StrictMode( 2953): 	at android.os.Looper.loop(Looper.java:136)
03-10 13:49:50.172 D/StrictMode( 2953): 	at android.app.ActivityThread.main(ActivityThread.java:5017)
03-10 13:49:50.172 D/StrictMode( 2953): 	at java.lang.reflect.Method.invokeNative(Native Method)
03-10 13:49:50.172 D/StrictMode( 2953): 	at java.lang.reflect.Method.invoke(Method.java:515)
03-10 13:49:50.172 D/StrictMode( 2953): 	at com.android.internal.os.ZygoteInit$MethodAndArgsCaller.run(ZygoteInit.java:779)
03-10 13:49:50.172 D/StrictMode( 2953): 	at com.android.internal.os.ZygoteInit.main(ZygoteInit.java:595)
03-10 13:49:50.172 D/StrictMode( 2953): 	at dalvik.system.NativeStart.main(Native Method)
03-10 13:49:50.172 D/StrictMode( 2953): StrictMode policy violation; ~duration=102 ms: android.os.StrictMode$StrictModeDiskReadViolation: policy=287 violation=2
03-10 13:49:50.172 D/StrictMode( 2953): 	at android.os.StrictMode$AndroidBlockGuardPolicy.onReadFromDisk(StrictMode.java:1135)
03-10 13:49:50.172 D/StrictMode( 2953): 	at android.database.sqlite.SQLiteConnection.applyBlockGuardPolicy(SQLiteConnection.java:1041)
03-10 13:49:50.172 D/StrictMode( 2953): 	at android.database.sqlite.SQLiteConnection.executeForCursorWindow(SQLiteConnection.java:842)
03-10 13:49:50.172 D/StrictMode( 2953): 	at android.database.sqlite.SQLiteSession.executeForCursorWindow(SQLiteSession.java:836)
03-10 13:49:50.172 D/StrictMode( 2953): 	at android.database.sqlite.SQLiteQuery.fillWindow(SQLiteQuery.java:62)
03-10 13:49:50.172 D/StrictMode( 2953): 	at android.database.sqlite.SQLiteCursor.fillWindow(SQLiteCursor.java:144)
03-10 13:49:50.172 D/StrictMode( 2953): 	at android.database.sqlite.SQLiteCursor.getCount(SQLiteCursor.java:133)
03-10 13:49:50.172 D/StrictMode( 2953): 	at android.database.CursorToBulkCursorAdaptor.getBulkCursorDescriptor(CursorToBulkCursorAdaptor.java:148)
03-10 13:49:50.172 D/StrictMode( 2953): 	at android.content.ContentProviderNative.onTransact(ContentProviderNative.java:118)
03-10 13:49:50.172 D/StrictMode( 2953): 	at android.os.Binder.execTransact(Binder.java:404)
03-10 13:49:50.172 D/StrictMode( 2953): 	at dalvik.system.NativeStart.run(Native Method)
03-10 13:49:50.172 D/StrictMode( 2953): # via Binder call with stack:
03-10 13:49:50.172 D/StrictMode( 2953): android.os.StrictMode$LogStackTrace
03-10 13:49:50.172 D/StrictMode( 2953): 	at android.os.StrictMode.readAndHandleBinderCallViolations(StrictMode.java:1705)
03-10 13:49:50.172 D/StrictMode( 2953): 	at android.os.Parcel.readExceptionCode(Parcel.java:1447)
03-10 13:49:50.172 D/StrictMode( 2953): 	at android.database.DatabaseUtils.readExceptionFromParcel(DatabaseUtils.java:134)
03-10 13:49:50.172 D/StrictMode( 2953): 	at android.content.ContentProviderProxy.query(ContentProviderNative.java:413)
03-10 13:49:50.172 D/StrictMode( 2953): 	at android.content.ContentResolver.query(ContentResolver.java:461)
03-10 13:49:50.172 D/StrictMode( 2953): 	at android.content.ContentResolver.query(ContentResolver.java:404)
03-10 13:49:50.172 D/StrictMode( 2953): 	at com.google.android.apps.gmm.map.n.b.j.b(SourceFile:67)
03-10 13:49:50.172 D/StrictMode( 2953): 	at com.google.android.apps.gmm.map.n.b.j.a(SourceFile:100)
03-10 13:49:50.172 D/StrictMode( 2953): 	at com.google.android.apps.gmm.location.a.m.a(SourceFile:193)
03-10 13:49:50.172 D/StrictMode( 2953): 	at com.google.android.apps.gmm.location.a.m.<init>(SourceFile:174)
03-10 13:49:50.172 D/StrictMode( 2953): 	at com.google.android.apps.gmm.base.app.GoogleMapsApplication.onCreate(SourceFile:195)
03-10 13:49:50.172 D/StrictMode( 2953): 	at android.app.Instrumentation.callApplicationOnCreate(Instrumentation.java:1007)
03-10 13:49:50.172 D/StrictMode( 2953): 	at android.app.ActivityThread.handleBindApplication(ActivityThread.java:4344)
03-10 13:49:50.172 D/StrictMode( 2953): 	at android.app.ActivityThread.access$1500(ActivityThread.java:135)
03-10 13:49:50.172 D/StrictMode( 2953): 	at android.app.ActivityThread$H.handleMessage(ActivityThread.java:1256)
03-10 13:49:50.172 D/StrictMode( 2953): 	at android.os.Handler.dispatchMessage(Handler.java:102)
03-10 13:49:50.172 D/StrictMode( 2953): 	at android.os.Looper.loop(Looper.java:136)
03-10 13:49:50.172 D/StrictMode( 2953): 	at android.app.ActivityThread.main(ActivityThread.java:5017)
03-10 13:49:50.172 D/StrictMode( 2953): 	at java.lang.reflect.Method.invokeNative(Native Method)
03-10 13:49:50.172 D/StrictMode( 2953): 	at java.lang.reflect.Method.invoke(Method.java:515)
03-10 13:49:50.172 D/StrictMode( 2953): 	at com.android.internal.os.ZygoteInit$MethodAndArgsCaller.run(ZygoteInit.java:779)
03-10 13:49:50.172 D/StrictMode( 2953): 	at com.android.internal.os.ZygoteInit.main(ZygoteInit.java:595)
03-10 13:49:50.172 D/StrictMode( 2953): 	at dalvik.system.NativeStart.main(Native Method)
03-10 13:49:50.192 I/ActivityManager(  774): Start proc com.devhd.feedly for broadcast com.devhd.feedly/.widget.FeedlyWidgetProvider: pid=3028 uid=10085 gids={50085, 3003, 1028, 1015}
03-10 13:49:50.202 I/iu.FingerprintManager( 2922): Start processing media store URI: content://media/external/images/media
03-10 13:49:50.272 D/dalvikvm( 2953): GC_CONCURRENT freed 492K, 3% free 17666K/18188K, paused 3ms+9ms, total 28ms
03-10 13:49:50.282 I/widget.provider( 3028): com.devhd.feedly.widget.FeedlyWidgetProvider onReceive: android.net.conn.CONNECTIVITY_CHANGE
03-10 13:49:50.282 W/widget.data( 3028): **** creating widget[0] data model object ****
03-10 13:49:50.292 I/ActivityManager(  774): Start proc com.chrome.beta for broadcast com.chrome.beta/com.google.android.apps.chrome.precache.PrecacheServiceLauncher: pid=3046 uid=10083 gids={50083, 3003, 1028, 1015}
03-10 13:49:50.302 I/iu.FingerprintManager( 2922): Start processing media store URI: content://media/external/video/media
03-10 13:49:50.302 I/iu.FingerprintManager( 2922): Start processing media store URI: content://media/phoneStorage/images/media
03-10 13:49:50.302 I/iu.FingerprintManager( 2922): Start processing media store URI: content://media/phoneStorage/video/media
03-10 13:49:50.312 I/iu.FingerprintManager( 2922): Finished generating fingerprints; 0.149 seconds
03-10 13:49:50.312 I/iu.FingerprintManager( 2922):   numSeen=342 numGenerated=0 numDeleted=0 numFailed=0
03-10 13:49:50.322 I/ActivityManager(  774): Killing 2470:org.thoughtcrime.securesms/u0a59 (adj 15): empty #17
03-10 13:49:50.332 I/ActivityManager(  774): Killing 2598:com.dropbox.android/u0a94 (adj 15): empty #17
03-10 13:49:50.352 W/GLSUser ( 1078): GoogleAccountDataService.getToken()
