03-10 13:53:00.002 D/dalvikvm( 4895): GC_CONCURRENT freed 468K, 3% free 18484K/18992K, paused 2ms+2ms, total 24ms
03-10 13:53:00.082 D/dalvikvm( 4895): GC_CONCURRENT freed 373K, 3% free 18667K/19076K, paused 2ms+2ms, total 19ms
03-10 13:53:00.162 D/dalvikvm( 4895): GC_CONCURRENT freed 582K, 4% free 18700K/19312K, paused 2ms+0ms, total 19ms
03-10 13:53:00.232 D/dalvikvm( 4895): GC_CONCURRENT freed 569K, 4% free 18794K/19392K, paused 1ms+1ms, total 17ms
03-10 13:53:00.232 D/dalvikvm( 4895): WAIT_FOR_CONCURRENT_GC blocked 8ms
03-10 13:53:00.302 D/dalvikvm( 4895): GC_CONCURRENT freed 531K, 3% free 18956K/19516K, paused 1ms+1ms, total 19ms
03-10 13:53:00.302 D/dalvikvm( 4895): WAIT_FOR_CONCURRENT_GC blocked 7ms
03-10 13:53:00.342 I/Adreno-EGL( 4895): <qeglDrvAPI_eglInitialize:320>: EGL 1.4 QUALCOMM Build: I0404c4692afb8623f95c43aeb6d5e13ed4b30ddbDate: 11/06/13
03-10 13:53:00.362 D/OpenGLRenderer( 4895): Enabling debug mode 0
03-10 13:53:00.392 I/ActivityManager(  774): Displayed com.android.helloworldminimal/.HelloWorld: +1s655ms
03-10 13:53:09.412 D/dalvikvm( 1178): GC_CONCURRENT freed 293K, 2% free 18347K/18672K, paused 13ms+1ms, total 39ms
03-10 13:53:09.412 D/dalvikvm( 1178): WAIT_FOR_CONCURRENT_GC blocked 13ms
03-10 13:53:09.443 I/GoogleHttpClient( 1178): Falling back to old http client 0 java.lang.NoSuchMethodException: <init> [class android.content.Context, class java.lang.String, boolean]
03-10 13:53:11.792 W/ActivityThread( 1178): ClassLoader.loadClass: The class loader returned by Thread.getContextClassLoader() may fail for processes that host multiple applications. You should explicitly specify a context class loader. For example: Thread.setContextClassLoader(getClass().getClassLoader());
03-10 13:53:11.872 D/dalvikvm( 1178): GC_CONCURRENT freed 318K, 2% free 18479K/18844K, paused 8ms+2ms, total 78ms
03-10 13:53:12.442 V/QcrilMsgTunnelSocket( 1765): After reading offset = 0 remaining = 4 countRead = 4
03-10 13:53:12.442 D/QcrilMsgTunnelSocket( 1765): messageLength extracted from first 4 inputStream reads = 29
03-10 13:53:12.442 V/QcrilMsgTunnelSocket( 1765): offset = 0 remaining = 29 countRead = 0
03-10 13:53:12.472 V/QcrilMsgTunnelSocket( 1765): offset = 0 remaining = 29 countRead = 29
03-10 13:53:12.472 D/QcrilMsgTunnelSocket( 1765): readRilMessage: Buffer = [B@42a6abf0 HexData = [0100000004040000110000005155414c434f4d4def0308000100000001]
03-10 13:53:12.472 V/QcrilMsgTunnelSocket( 1765): Read packet: 29 bytes. Data Available = 32 Position = 0
03-10 13:53:12.472 D/QcrilMsgTunnelSocket( 1765): processResponse. message type = 1. Data Available = 28
03-10 13:53:12.472 D/QcrilMsgTunnelSocket( 1765): ByteArray from parcel = 5155414c434f4d4def0308000100000001
03-10 13:53:12.472 D/QcrilMsgTunnelSocket( 1765): Received RIL_UNSOL_OEM_HOOK_RAW message
03-10 13:53:12.472 D/QcrilMsgTunnelSocket( 1765): Oem ID in RIL_UNSOL_OEM_HOOK_RAW is QUALCOMM
03-10 13:53:12.472 D/QcrilMsgTunnelSocket( 1765): OEM ID check Passed
03-10 13:53:12.472 D/QcrilMsgTunnelSocket( 1765): Response ID in RIL_UNSOL_OEM_HOOK_RAW is 525295
03-10 13:53:12.472 D/QcrilMsgTunnelSocket( 1765): Response ID 525295is not served in this process.
03-10 13:53:12.472 D/QcrilMsgTunnelSocket( 1765): To broadcast an Intent via the notifier to external apps
03-10 13:53:12.472 V/QcrilMsgTunnelSocket( 1765): Before reading offset = 0 remaining = 4 countRead = 0
03-10 13:53:12.482 D/AlarmManagerService(  774): Kernel timezone updated to -120 minutes west of GMT
03-10 13:53:12.502 D/MobileDataStateTracker(  774): default: Broadcast received: android.intent.action.ANY_DATA_STATE apnType=default
03-10 13:53:12.502 D/MobileDataStateTracker(  774): default: Received state=CONNECTED, old=CONNECTED, reason=(unspecified)
03-10 13:53:12.512 D/QcrilMsgTunnelIfaceManager( 1765): handleMessage what=0
03-10 13:53:12.512 D/QcrilMsgTunnelIfaceManager( 1765): Broadcasting intent ACTION_UNSOL_RESPONSE_OEM_HOOK_RAW
03-10 13:53:12.542 D/dalvikvm(  983): GC_CONCURRENT freed 406K, 3% free 17391K/17908K, paused 3ms+1ms, total 29ms
03-10 13:53:13.832 D/dalvikvm( 1178): GC_CONCURRENT freed 435K, 3% free 18568K/19036K, paused 2ms+1ms, total 26ms
03-10 13:53:14.442 D/dalvikvm( 1178): GC_CONCURRENT freed 535K, 3% free 18542K/19112K, paused 2ms+1ms, total 17ms
03-10 13:53:14.942 D/dalvikvm( 1178): GC_CONCURRENT freed 573K, 4% free 18506K/19124K, paused 8ms+1ms, total 35ms
03-10 13:53:15.562 D/dalvikvm( 1178): GC_CONCURRENT freed 548K, 4% free 18471K/19124K, paused 2ms+1ms, total 64ms
03-10 13:53:16.062 D/dalvikvm( 1178): GC_CONCURRENT freed 582K, 5% free 18353K/19124K, paused 2ms+1ms, total 19ms
03-10 13:53:19.192 D/AndroidRuntime( 4943): 
03-10 13:53:19.192 D/AndroidRuntime( 4943): >>>>>> AndroidRuntime START com.android.internal.os.RuntimeInit <<<<<<
03-10 13:53:19.192 D/AndroidRuntime( 4943): CheckJNI is OFF
03-10 13:53:19.202 D/dalvikvm( 4943): Trying to load lib libjavacore.so 0x0
03-10 13:53:19.202 D/dalvikvm( 4943): Added shared lib libjavacore.so 0x0
03-10 13:53:19.202 D/dalvikvm( 4943): Trying to load lib libnativehelper.so 0x0
03-10 13:53:19.202 D/dalvikvm( 4943): Added shared lib libnativehelper.so 0x0
03-10 13:53:19.202 D/dalvikvm( 4943): No JNI_OnLoad found in libnativehelper.so 0x0, skipping init
03-10 13:53:19.222 D/dalvikvm( 4943): Note: class Landroid/app/ActivityManagerNative; has 179 unimplemented (abstract) methods
03-10 13:53:19.342 D/AndroidRuntime( 4943): Calling main entry com.android.commands.am.Am
03-10 13:53:19.352 I/ActivityManager(  774): Force stopping com.android.helloworldminimal appid=10101 user=0: from pid 4943
03-10 13:53:19.352 I/ActivityManager(  774): Killing 4895:com.android.helloworldminimal/u0a101 (adj 0): stop com.android.helloworldminimal
03-10 13:53:19.352 W/ActivityManager(  774): Force removing ActivityRecord{43166980 u0 com.android.helloworldminimal/.HelloWorld t7}: app died, no saved state
03-10 13:53:19.362 W/InputDispatcher(  774): channel '432d08b0 com.android.helloworldminimal/com.android.helloworldminimal.HelloWorld (server)' ~ Consumer closed input channel or an error occurred.  events=0x9
03-10 13:53:19.362 E/InputDispatcher(  774): channel '432d08b0 com.android.helloworldminimal/com.android.helloworldminimal.HelloWorld (server)' ~ Channel is unrecoverably broken and will be disposed!
03-10 13:53:19.372 W/InputDispatcher(  774): Attempted to unregister already unregistered input channel '432d08b0 com.android.helloworldminimal/com.android.helloworldminimal.HelloWorld (server)'
03-10 13:53:19.372 D/AndroidRuntime( 4943): Shutting down VM
03-10 13:53:19.372 W/WindowManager(  774): Rebuild removed 2 windows but added 1
03-10 13:53:19.372 W/WindowManager(  774): java.lang.RuntimeException: here
03-10 13:53:19.372 W/WindowManager(  774): 	at com.android.server.wm.WindowManagerService.rebuildAppWindowListLocked(WindowManagerService.java:8011)
03-10 13:53:19.372 W/WindowManager(  774): 	at com.android.server.wm.WindowManagerService.rebuildAppWindowListLocked(WindowManagerService.java:7947)
03-10 13:53:19.372 W/WindowManager(  774): 	at com.android.server.wm.WindowManagerService.handleAppTransitionReadyLocked(WindowManagerService.java:8430)
03-10 13:53:19.372 W/WindowManager(  774): 	at com.android.server.wm.WindowManagerService.performLayoutAndPlaceSurfacesLockedInner(WindowManagerService.java:9193)
03-10 13:53:19.372 W/WindowManager(  774): 	at com.android.server.wm.WindowManagerService.performLayoutAndPlaceSurfacesLockedLoop(WindowManagerService.java:8163)
03-10 13:53:19.372 W/WindowManager(  774): 	at com.android.server.wm.WindowManagerService.performLayoutAndPlaceSurfacesLocked(WindowManagerService.java:8105)
03-10 13:53:19.372 W/WindowManager(  774): 	at com.android.server.wm.WindowManagerService.executeAppTransition(WindowManagerService.java:3918)
03-10 13:53:19.372 W/WindowManager(  774): 	at com.android.server.am.ActivityStackSupervisor.reportResumedActivityLocked(ActivityStackSupervisor.java:2241)
03-10 13:53:19.372 W/WindowManager(  774): 	at com.android.server.am.ActivityStack.completeResumeLocked(ActivityStack.java:968)
03-10 13:53:19.372 W/WindowManager(  774): 	at com.android.server.am.ActivityStack.resumeTopActivityLocked(ActivityStack.java:1631)
03-10 13:53:19.372 W/WindowManager(  774): 	at com.android.server.am.ActivityStackSupervisor.resumeTopActivitiesLocked(ActivityStackSupervisor.java:2022)
03-10 13:53:19.372 W/WindowManager(  774): 	at com.android.server.am.ActivityStackSupervisor.resumeTopActivitiesLocked(ActivityStackSupervisor.java:2009)
03-10 13:53:19.372 W/WindowManager(  774): 	at com.android.server.am.ActivityManagerService.forceStopPackageLocked(ActivityManagerService.java:4750)
03-10 13:53:19.372 W/WindowManager(  774): 	at com.android.server.am.ActivityManagerService.forceStopPackageLocked(ActivityManagerService.java:4496)
03-10 13:53:19.372 W/WindowManager(  774): 	at com.android.server.am.ActivityManagerService.forceStopPackage(ActivityManagerService.java:4327)
03-10 13:53:19.372 W/WindowManager(  774): 	at android.app.ActivityManagerNative.onTransact(ActivityManagerNative.java:1365)
03-10 13:53:19.372 W/WindowManager(  774): 	at com.android.server.am.ActivityManagerService.onTransact(ActivityManagerService.java:2071)
03-10 13:53:19.372 W/WindowManager(  774): 	at android.os.Binder.execTransact(Binder.java:404)
03-10 13:53:19.372 W/WindowManager(  774): 	at dalvik.system.NativeStart.run(Native Method)
03-10 13:53:19.372 W/WindowManager(  774): This window was lost: Window{432d08b0 u0 com.android.helloworldminimal/com.android.helloworldminimal.HelloWorld}
03-10 13:53:19.372 W/WindowManager(  774): mDisplayId=0 mSession=Session{43230778 4895:u0a10101} mClient=android.os.BinderProxy@4322d680
03-10 13:53:19.372 W/WindowManager(  774): mOwnerUid=10101 mShowToOwnerOnly=true package=com.android.helloworldminimal appop=NONE
03-10 13:53:19.372 W/WindowManager(  774): mAttrs=WM.LayoutParams{(0,0)(fillxfill) sim=#120 ty=1 fl=#1810100 pfl=0x8 wanim=0x10302f5}
03-10 13:53:19.372 W/WindowManager(  774): Requested w=1080 h=1776 mLayoutSeq=157
03-10 13:53:19.372 W/WindowManager(  774): mBaseLayer=21000 mSubLayer=0 mAnimLayer=21005+0=21005 mLastLayer=0
03-10 13:53:19.372 W/WindowManager(  774): mToken=AppWindowToken{43516b30 token=Token{42af2208 ActivityRecord{43166980 u0 com.android.helloworldminimal/.HelloWorld t7}}}
03-10 13:53:19.372 W/WindowManager(  774): mRootToken=AppWindowToken{43516b30 token=Token{42af2208 ActivityRecord{43166980 u0 com.android.helloworldminimal/.HelloWorld t7}}}
03-10 13:53:19.372 W/WindowManager(  774): mAppToken=AppWindowToken{43516b30 token=Token{42af2208 ActivityRecord{43166980 u0 com.android.helloworldminimal/.HelloWorld t7}}}
03-10 13:53:19.372 W/WindowManager(  774): mViewVisibility=0x0 mHaveFrame=true mObscured=true
03-10 13:53:19.372 W/WindowManager(  774): mSeq=0 mSystemUiVisibility=0x0
03-10 13:53:19.372 W/WindowManager(  774): mPolicyVisibility=false mPolicyVisibilityAfterAnim=false mAppOpVisibility=true mAttachedHidden=false
03-10 13:53:19.372 W/WindowManager(  774): mGivenContentInsets=[0,0][0,0] mGivenVisibleInsets=[0,0][0,0]
03-10 13:53:19.372 W/WindowManager(  774): mConfiguration={1.0 244mcc21mnc en_IN ldltr sw360dp w360dp h567dp 480dpi nrml port finger -keyb/v/h -nav/h s.5}
03-10 13:53:19.372 W/WindowManager(  774): mHasSurface=true mShownFrame=[0.0,0.0][1080.0,1776.0] isReadyForDisplay()=false
03-10 13:53:19.372 W/WindowManager(  774): mFrame=[0,0][1080,1776] last=[0,0][1080,1776]
03-10 13:53:19.372 W/WindowManager(  774): mSystemDecorRect=[0,0][1080,1776] last=[0,0][1080,1776]
03-10 13:53:19.372 W/WindowManager(  774): Frames: containing=[0,0][1080,1776] parent=[0,0][1080,1776]
03-10 13:53:19.372 W/WindowManager(  774):     display=[0,0][1080,1776] overscan=[0,0][1080,1920]
03-10 13:53:19.372 W/WindowManager(  774):     content=[0,75][1080,1776] visible=[0,75][1080,1776]
03-10 13:53:19.372 W/WindowManager(  774):     decor=[0,0][1080,1920]
03-10 13:53:19.372 W/WindowManager(  774): Cur insets: overscan=[0,0][0,0] content=[0,75][0,0] visible=[0,75][0,0]
03-10 13:53:19.372 W/WindowManager(  774): Lst insets: overscan=[0,0][0,0] content=[0,75][0,0] visible=[0,75][0,0]
03-10 13:53:19.372 W/WindowManager(  774): WindowStateAnimator{4350bab8 com.android.helloworldminimal/com.android.helloworldminimal.HelloWorld}:
03-10 13:53:19.372 W/WindowManager(  774):   mSurface=Surface(name=com.android.helloworldminimal/com.android.helloworldminimal.HelloWorld)
03-10 13:53:19.372 W/WindowManager(  774):   mDrawState=HAS_DRAWN mLastHidden=true
03-10 13:53:19.372 W/WindowManager(  774):   Surface: shown=false layer=21005 alpha=0.0 rect=(0.0,0.0) 1080.0 x 1776.0
03-10 13:53:19.372 W/WindowManager(  774):   mShownAlpha=1.0 mAlpha=1.0 mLastAlpha=-1.0
03-10 13:53:19.372 W/WindowManager(  774): Current app token list:
03-10 13:53:19.372 V/WindowManager(  774):   Display 0
03-10 13:53:19.372 V/WindowManager(  774):   #0: Token{43141e98 ActivityRecord{43141c20 u0 com.google.android.googlequicksearchbox/com.google.android.launcher.GEL t1}}
03-10 13:53:19.372 W/WindowManager(  774): Final window list:
03-10 13:53:19.372 V/WindowManager(  774):   #0: Window{432c2450 u0 SearchPanel}
03-10 13:53:19.372 V/WindowManager(  774):   #1: Window{431c5a08 u0 NavigationBar}
03-10 13:53:19.372 V/WindowManager(  774):   #2: Window{4312c1d0 u0 StatusBar}
03-10 13:53:19.372 V/WindowManager(  774):   #3: Window{4308a2c0 u0 Keyguard}
03-10 13:53:19.372 V/WindowManager(  774):   #4: Window{431b7bb0 u0 KeyguardScrim}
03-10 13:53:19.372 V/WindowManager(  774):   #5: Window{432cfe08 u0 com.google.android.googlequicksearchbox/com.google.android.launcher.GEL}
03-10 13:53:19.372 V/WindowManager(  774):   #6: Window{43111d08 u0 com.android.systemui.ImageWallpaper}
03-10 13:53:19.372 I/WindowState(  774): WIN DEATH: Window{432d08b0 u0 com.android.helloworldminimal/com.android.helloworldminimal.HelloWorld}
03-10 13:53:19.382 D/dalvikvm( 4943): GC_CONCURRENT freed 93K, 15% free 553K/648K, paused 1ms+0ms, total 3ms
03-10 13:53:20.422 V/QcrilMsgTunnelSocket( 1765): After reading offset = 0 remaining = 4 countRead = 4
03-10 13:53:20.422 D/QcrilMsgTunnelSocket( 1765): messageLength extracted from first 4 inputStream reads = 29
03-10 13:53:20.422 V/QcrilMsgTunnelSocket( 1765): offset = 0 remaining = 29 countRead = 0
03-10 13:53:20.432 D/AlarmManagerService(  774): Kernel timezone updated to -120 minutes west of GMT
03-10 13:53:20.442 D/MobileDataStateTracker(  774): default: Broadcast received: android.intent.action.ANY_DATA_STATE apnType=default
03-10 13:53:20.452 V/QcrilMsgTunnelSocket( 1765): offset = 0 remaining = 29 countRead = 29
03-10 13:53:20.452 D/QcrilMsgTunnelSocket( 1765): readRilMessage: Buffer = [B@42a6abf0 HexData = [0100000004040000110000005155414c434f4d4def0308000100000002]
03-10 13:53:20.452 V/QcrilMsgTunnelSocket( 1765): Read packet: 29 bytes. Data Available = 32 Position = 0
03-10 13:53:20.452 D/QcrilMsgTunnelSocket( 1765): processResponse. message type = 1. Data Available = 28
03-10 13:53:20.452 D/QcrilMsgTunnelSocket( 1765): ByteArray from parcel = 5155414c434f4d4def0308000100000002
03-10 13:53:20.452 D/QcrilMsgTunnelSocket( 1765): Received RIL_UNSOL_OEM_HOOK_RAW message
03-10 13:53:20.452 D/QcrilMsgTunnelSocket( 1765): Oem ID in RIL_UNSOL_OEM_HOOK_RAW is QUALCOMM
03-10 13:53:20.452 D/QcrilMsgTunnelSocket( 1765): OEM ID check Passed
03-10 13:53:20.452 D/QcrilMsgTunnelSocket( 1765): Response ID in RIL_UNSOL_OEM_HOOK_RAW is 525295
03-10 13:53:20.452 D/QcrilMsgTunnelSocket( 1765): Response ID 525295is not served in this process.
03-10 13:53:20.452 D/QcrilMsgTunnelSocket( 1765): To broadcast an Intent via the notifier to external apps
03-10 13:53:20.452 V/QcrilMsgTunnelSocket( 1765): Before reading offset = 0 remaining = 4 countRead = 0
03-10 13:53:20.452 D/MobileDataStateTracker(  774): default: Received state=CONNECTED, old=CONNECTED, reason=(unspecified)
03-10 13:53:20.462 D/QcrilMsgTunnelIfaceManager( 1765): handleMessage what=0
03-10 13:53:20.462 D/QcrilMsgTunnelIfaceManager( 1765): Broadcasting intent ACTION_UNSOL_RESPONSE_OEM_HOOK_RAW
03-10 13:53:20.492 V/QcrilMsgTunnelSocket( 1765): After reading offset = 0 remaining = 4 countRead = 4
03-10 13:53:20.492 D/QcrilMsgTunnelSocket( 1765): messageLength extracted from first 4 inputStream reads = 29
03-10 13:53:20.492 V/QcrilMsgTunnelSocket( 1765): offset = 0 remaining = 29 countRead = 0
03-10 13:53:20.492 V/QcrilMsgTunnelSocket( 1765): offset = 0 remaining = 29 countRead = 29
03-10 13:53:20.492 D/QcrilMsgTunnelSocket( 1765): readRilMessage: Buffer = [B@42a6abf0 HexData = [0100000004040000110000005155414c434f4d4def0308000100000002]
03-10 13:53:20.492 V/QcrilMsgTunnelSocket( 1765): Read packet: 29 bytes. Data Available = 32 Position = 0
03-10 13:53:20.492 D/QcrilMsgTunnelSocket( 1765): processResponse. message type = 1. Data Available = 28
03-10 13:53:20.492 D/QcrilMsgTunnelSocket( 1765): ByteArray from parcel = 5155414c434f4d4def0308000100000002
03-10 13:53:20.492 D/QcrilMsgTunnelSocket( 1765): Received RIL_UNSOL_OEM_HOOK_RAW message
03-10 13:53:20.492 D/QcrilMsgTunnelSocket( 1765): Oem ID in RIL_UNSOL_OEM_HOOK_RAW is QUALCOMM
03-10 13:53:20.492 D/QcrilMsgTunnelSocket( 1765): OEM ID check Passed
03-10 13:53:20.492 D/QcrilMsgTunnelSocket( 1765): Response ID in RIL_UNSOL_OEM_HOOK_RAW is 525295
03-10 13:53:20.492 D/QcrilMsgTunnelSocket( 1765): Response ID 525295is not served in this process.
03-10 13:53:20.492 D/QcrilMsgTunnelSocket( 1765): To broadcast an Intent via the notifier to external apps
03-10 13:53:20.492 V/QcrilMsgTunnelSocket( 1765): Before reading offset = 0 remaining = 4 countRead = 0
03-10 13:53:20.492 D/QcrilMsgTunnelIfaceManager( 1765): handleMessage what=0
03-10 13:53:20.492 D/QcrilMsgTunnelIfaceManager( 1765): Broadcasting intent ACTION_UNSOL_RESPONSE_OEM_HOOK_RAW
03-10 13:53:20.862 D/AndroidRuntime( 4993): 
03-10 13:53:20.862 D/AndroidRuntime( 4993): >>>>>> AndroidRuntime START com.android.internal.os.RuntimeInit <<<<<<
03-10 13:53:20.862 D/AndroidRuntime( 4993): CheckJNI is OFF
03-10 13:53:20.872 D/dalvikvm( 4993): Trying to load lib libjavacore.so 0x0
03-10 13:53:20.872 D/dalvikvm( 4993): Added shared lib libjavacore.so 0x0
03-10 13:53:20.882 D/dalvikvm( 4993): Trying to load lib libnativehelper.so 0x0
03-10 13:53:20.882 D/dalvikvm( 4993): Added shared lib libnativehelper.so 0x0
03-10 13:53:20.882 D/dalvikvm( 4993): No JNI_OnLoad found in libnativehelper.so 0x0, skipping init
03-10 13:53:20.892 D/dalvikvm( 4993): Note: class Landroid/app/ActivityManagerNative; has 179 unimplemented (abstract) methods
03-10 13:53:21.022 D/AndroidRuntime( 4993): Calling main entry com.android.commands.am.Am
03-10 13:53:21.032 I/ActivityManager(  774): START u0 {flg=0x10000000 cmp=com.android.helloworldminimal/.HelloWorld} from pid 4993
03-10 13:53:21.282 V/QcrilMsgTunnelSocket( 1765): After reading offset = 0 remaining = 4 countRead = 4
03-10 13:53:21.282 D/QcrilMsgTunnelSocket( 1765): messageLength extracted from first 4 inputStream reads = 29
03-10 13:53:21.282 V/QcrilMsgTunnelSocket( 1765): offset = 0 remaining = 29 countRead = 0
03-10 13:53:21.292 V/QcrilMsgTunnelSocket( 1765): offset = 0 remaining = 29 countRead = 29
03-10 13:53:21.292 D/QcrilMsgTunnelSocket( 1765): readRilMessage: Buffer = [B@42a6abf0 HexData = [0100000004040000110000005155414c434f4d4def0308000100000002]
03-10 13:53:21.292 V/QcrilMsgTunnelSocket( 1765): Read packet: 29 bytes. Data Available = 32 Position = 0
03-10 13:53:21.292 D/QcrilMsgTunnelSocket( 1765): processResponse. message type = 1. Data Available = 28
03-10 13:53:21.292 D/QcrilMsgTunnelSocket( 1765): ByteArray from parcel = 5155414c434f4d4def0308000100000002
03-10 13:53:21.292 D/QcrilMsgTunnelSocket( 1765): Received RIL_UNSOL_OEM_HOOK_RAW message
03-10 13:53:21.292 D/QcrilMsgTunnelSocket( 1765): Oem ID in RIL_UNSOL_OEM_HOOK_RAW is QUALCOMM
03-10 13:53:21.292 D/QcrilMsgTunnelSocket( 1765): OEM ID check Passed
03-10 13:53:21.292 D/QcrilMsgTunnelSocket( 1765): Response ID in RIL_UNSOL_OEM_HOOK_RAW is 525295
03-10 13:53:21.292 D/QcrilMsgTunnelSocket( 1765): Response ID 525295is not served in this process.
03-10 13:53:21.292 D/QcrilMsgTunnelSocket( 1765): To broadcast an Intent via the notifier to external apps
03-10 13:53:21.292 V/QcrilMsgTunnelSocket( 1765): Before reading offset = 0 remaining = 4 countRead = 0
03-10 13:53:21.292 D/QcrilMsgTunnelIfaceManager( 1765): handleMessage what=0
03-10 13:53:21.292 D/QcrilMsgTunnelIfaceManager( 1765): Broadcasting intent ACTION_UNSOL_RESPONSE_OEM_HOOK_RAW
03-10 13:53:21.342 D/AndroidRuntime( 4993): Shutting down VM
03-10 13:53:21.342 I/WindowManager(  774): Screenshot max retries 4 of Token{43141e98 ActivityRecord{43141c20 u0 com.google.android.googlequicksearchbox/com.google.android.launcher.GEL t1}} appWin=Window{432cfe08 u0 com.google.android.googlequicksearchbox/com.google.android.launcher.GEL} drawState=4
03-10 13:53:21.342 W/WindowManager(  774): Screenshot failure taking screenshot for (1080x1920) to layer 21000
03-10 13:53:21.342 D/dalvikvm( 4993): GC_CONCURRENT freed 95K, 15% free 586K/684K, paused 1ms+0ms, total 4ms
03-10 13:53:21.352 I/ActivityManager(  774): Start proc com.android.helloworldminimal for activity com.android.helloworldminimal/.HelloWorld: pid=5017 uid=10101 gids={50101}
03-10 13:53:21.452 D/dalvikvm( 5017): GC_CONCURRENT freed 176K, 2% free 16958K/17164K, paused 3ms+1ms, total 13ms
03-10 13:53:21.542 D/dalvikvm( 5017): GC_CONCURRENT freed 217K, 2% free 17163K/17412K, paused 2ms+2ms, total 12ms
03-10 13:53:21.622 D/dalvikvm( 5017): GC_CONCURRENT freed 221K, 2% free 17380K/17632K, paused 1ms+2ms, total 12ms
03-10 13:53:21.702 D/dalvikvm( 5017): GC_CONCURRENT freed 248K, 2% free 17651K/17924K, paused 2ms+4ms, total 27ms
03-10 13:53:21.702 D/dalvikvm( 5017): WAIT_FOR_CONCURRENT_GC blocked 1ms
03-10 13:53:21.812 D/dalvikvm( 5017): GC_CONCURRENT freed 300K, 2% free 17748K/18092K, paused 2ms+2ms, total 16ms
03-10 13:53:21.902 D/dalvikvm( 5017): GC_CONCURRENT freed 335K, 3% free 17873K/18244K, paused 1ms+2ms, total 18ms
03-10 13:53:21.942 I/dalvikvm( 5017): Could not find method java.beans.Introspector.getBeanInfo, referenced from method clojure.core$bean.invoke
03-10 13:53:21.942 W/dalvikvm( 5017): VFY: unable to resolve static method 13119: Ljava/beans/Introspector;.getBeanInfo (Ljava/lang/Class;)Ljava/beans/BeanInfo;
03-10 13:53:21.942 D/dalvikvm( 5017): VFY: replacing opcode 0x71 at 0x0021
03-10 13:53:21.992 D/dalvikvm( 5017): GC_CONCURRENT freed 363K, 3% free 18018K/18412K, paused 2ms+1ms, total 20ms
03-10 13:53:21.992 D/dalvikvm( 5017): WAIT_FOR_CONCURRENT_GC blocked 3ms
03-10 13:53:22.052 D/dalvikvm( 5017): GC_CONCURRENT freed 362K, 3% free 18147K/18540K, paused 1ms+2ms, total 15ms
03-10 13:53:22.112 D/dalvikvm( 5017): GC_CONCURRENT freed 452K, 3% free 18189K/18668K, paused 0ms+2ms, total 16ms
03-10 13:53:22.182 D/dalvikvm( 5017): GC_CONCURRENT freed 441K, 3% free 18250K/18720K, paused 1ms+2ms, total 17ms
03-10 13:53:22.252 D/dalvikvm( 5017): GC_CONCURRENT freed 464K, 3% free 18299K/18792K, paused 2ms+3ms, total 29ms
03-10 13:53:22.252 D/dalvikvm( 5017): WAIT_FOR_CONCURRENT_GC blocked 12ms
03-10 13:53:22.332 D/dalvikvm( 5017): GC_CONCURRENT freed 518K, 3% free 18309K/18856K, paused 2ms+3ms, total 30ms
03-10 13:53:22.332 D/dalvikvm( 5017): WAIT_FOR_CONCURRENT_GC blocked 14ms
03-10 13:53:22.412 D/dalvikvm( 5017): GC_CONCURRENT freed 469K, 3% free 18370K/18868K, paused 2ms+2ms, total 31ms
03-10 13:53:22.412 D/dalvikvm( 5017): WAIT_FOR_CONCURRENT_GC blocked 15ms
03-10 13:53:22.492 D/dalvikvm( 5017): GC_CONCURRENT freed 503K, 3% free 18420K/18952K, paused 3ms+2ms, total 32ms
03-10 13:53:22.492 D/dalvikvm( 5017): WAIT_FOR_CONCURRENT_GC blocked 14ms
03-10 13:53:22.582 D/dalvikvm( 5017): GC_CONCURRENT freed 529K, 3% free 18458K/19016K, paused 3ms+2ms, total 32ms
03-10 13:53:22.582 D/dalvikvm( 5017): WAIT_FOR_CONCURRENT_GC blocked 15ms
03-10 13:53:22.672 D/dalvikvm( 5017): GC_CONCURRENT freed 497K, 3% free 18541K/19068K, paused 2ms+1ms, total 29ms
03-10 13:53:22.672 D/dalvikvm( 5017): WAIT_FOR_CONCURRENT_GC blocked 18ms
03-10 13:53:22.752 D/dalvikvm( 5017): GC_CONCURRENT freed 477K, 3% free 18673K/19180K, paused 1ms+2ms, total 22ms
03-10 13:53:22.752 D/dalvikvm( 5017): WAIT_FOR_CONCURRENT_GC blocked 7ms
03-10 13:53:22.832 D/dalvikvm( 5017): GC_CONCURRENT freed 575K, 4% free 18752K/19356K, paused 1ms+1ms, total 21ms
03-10 13:53:22.832 D/dalvikvm( 5017): WAIT_FOR_CONCURRENT_GC blocked 11ms
03-10 13:53:22.892 D/dalvikvm( 5017): GC_CONCURRENT freed 613K, 4% free 18817K/19460K, paused 1ms+1ms, total 24ms
03-10 13:53:22.892 D/dalvikvm( 5017): WAIT_FOR_CONCURRENT_GC blocked 13ms
03-10 13:53:22.952 D/dalvikvm( 5017): GC_CONCURRENT freed 534K, 4% free 18867K/19488K, paused 1ms+1ms, total 18ms
03-10 13:53:22.952 D/dalvikvm( 5017): WAIT_FOR_CONCURRENT_GC blocked 14ms
03-10 13:53:22.972 D/dalvikvm( 5017): GC_FOR_ALLOC freed 2K, 4% free 18950K/19572K, paused 15ms, total 15ms
03-10 13:53:22.992 I/Adreno-EGL( 5017): <qeglDrvAPI_eglInitialize:320>: EGL 1.4 QUALCOMM Build: I0404c4692afb8623f95c43aeb6d5e13ed4b30ddbDate: 11/06/13
03-10 13:53:23.012 D/OpenGLRenderer( 5017): Enabling debug mode 0
03-10 13:53:23.062 I/ActivityManager(  774): Displayed com.android.helloworldminimal/.HelloWorld: +1s722ms
03-10 13:53:41.782 D/AndroidRuntime( 5041): 
03-10 13:53:41.782 D/AndroidRuntime( 5041): >>>>>> AndroidRuntime START com.android.internal.os.RuntimeInit <<<<<<
03-10 13:53:41.792 D/AndroidRuntime( 5041): CheckJNI is OFF
03-10 13:53:41.802 D/dalvikvm( 5041): Trying to load lib libjavacore.so 0x0
03-10 13:53:41.802 D/dalvikvm( 5041): Added shared lib libjavacore.so 0x0
03-10 13:53:41.802 D/dalvikvm( 5041): Trying to load lib libnativehelper.so 0x0
03-10 13:53:41.802 D/dalvikvm( 5041): Added shared lib libnativehelper.so 0x0
03-10 13:53:41.802 D/dalvikvm( 5041): No JNI_OnLoad found in libnativehelper.so 0x0, skipping init
03-10 13:53:41.822 D/dalvikvm( 5041): Note: class Landroid/app/ActivityManagerNative; has 179 unimplemented (abstract) methods
03-10 13:53:41.952 D/AndroidRuntime( 5041): Calling main entry com.android.commands.am.Am
03-10 13:53:41.952 I/ActivityManager(  774): Force stopping com.android.helloworldminimal appid=10101 user=0: from pid 5041
03-10 13:53:41.952 I/ActivityManager(  774): Killing 5017:com.android.helloworldminimal/u0a101 (adj 0): stop com.android.helloworldminimal
03-10 13:53:41.952 W/ActivityManager(  774): Force removing ActivityRecord{43300008 u0 com.android.helloworldminimal/.HelloWorld t8}: app died, no saved state
03-10 13:53:41.962 W/InputDispatcher(  774): channel '432f0f18 com.android.helloworldminimal/com.android.helloworldminimal.HelloWorld (server)' ~ Consumer closed input channel or an error occurred.  events=0x9
03-10 13:53:41.962 E/InputDispatcher(  774): channel '432f0f18 com.android.helloworldminimal/com.android.helloworldminimal.HelloWorld (server)' ~ Channel is unrecoverably broken and will be disposed!
03-10 13:53:41.962 W/WindowManager(  774): Rebuild removed 2 windows but added 1
03-10 13:53:41.962 W/WindowManager(  774): java.lang.RuntimeException: here
03-10 13:53:41.962 W/WindowManager(  774): 	at com.android.server.wm.WindowManagerService.rebuildAppWindowListLocked(WindowManagerService.java:8011)
03-10 13:53:41.962 W/WindowManager(  774): 	at com.android.server.wm.WindowManagerService.rebuildAppWindowListLocked(WindowManagerService.java:7947)
03-10 13:53:41.962 W/WindowManager(  774): 	at com.android.server.wm.WindowManagerService.handleAppTransitionReadyLocked(WindowManagerService.java:8430)
03-10 13:53:41.962 W/WindowManager(  774): 	at com.android.server.wm.WindowManagerService.performLayoutAndPlaceSurfacesLockedInner(WindowManagerService.java:9193)
03-10 13:53:41.962 W/WindowManager(  774): 	at com.android.server.wm.WindowManagerService.performLayoutAndPlaceSurfacesLockedLoop(WindowManagerService.java:8163)
03-10 13:53:41.962 W/WindowManager(  774): 	at com.android.server.wm.WindowManagerService.performLayoutAndPlaceSurfacesLocked(WindowManagerService.java:8105)
03-10 13:53:41.962 W/WindowManager(  774): 	at com.android.server.wm.WindowManagerService.executeAppTransition(WindowManagerService.java:3918)
03-10 13:53:41.962 W/WindowManager(  774): 	at com.android.server.am.ActivityStackSupervisor.reportResumedActivityLocked(ActivityStackSupervisor.java:2241)
03-10 13:53:41.962 W/WindowManager(  774): 	at com.android.server.am.ActivityStack.completeResumeLocked(ActivityStack.java:968)
03-10 13:53:41.962 W/WindowManager(  774): 	at com.android.server.am.ActivityStack.resumeTopActivityLocked(ActivityStack.java:1631)
03-10 13:53:41.962 W/WindowManager(  774): 	at com.android.server.am.ActivityStackSupervisor.resumeTopActivitiesLocked(ActivityStackSupervisor.java:2022)
03-10 13:53:41.962 W/WindowManager(  774): 	at com.android.server.am.ActivityStackSupervisor.resumeTopActivitiesLocked(ActivityStackSupervisor.java:2009)
03-10 13:53:41.962 W/WindowManager(  774): 	at com.android.server.am.ActivityManagerService.forceStopPackageLocked(ActivityManagerService.java:4750)
03-10 13:53:41.962 W/WindowManager(  774): 	at com.android.server.am.ActivityManagerService.forceStopPackageLocked(ActivityManagerService.java:4496)
03-10 13:53:41.962 W/WindowManager(  774): 	at com.android.server.am.ActivityManagerService.forceStopPackage(ActivityManagerService.java:4327)
03-10 13:53:41.962 W/WindowManager(  774): 	at android.app.ActivityManagerNative.onTransact(ActivityManagerNative.java:1365)
03-10 13:53:41.962 W/WindowManager(  774): 	at com.android.server.am.ActivityManagerService.onTransact(ActivityManagerService.java:2071)
03-10 13:53:41.962 W/WindowManager(  774): 	at android.os.Binder.execTransact(Binder.java:404)
03-10 13:53:41.962 W/WindowManager(  774): 	at dalvik.system.NativeStart.run(Native Method)
03-10 13:53:41.962 W/WindowManager(  774): This window was lost: Window{432f0f18 u0 com.android.helloworldminimal/com.android.helloworldminimal.HelloWorld}
03-10 13:53:41.962 W/WindowManager(  774): mDisplayId=0 mSession=Session{43470d50 5017:u0a10101} mClient=android.os.BinderProxy@434e4060
03-10 13:53:41.962 W/WindowManager(  774): mOwnerUid=10101 mShowToOwnerOnly=true package=com.android.helloworldminimal appop=NONE
03-10 13:53:41.962 W/WindowManager(  774): mAttrs=WM.LayoutParams{(0,0)(fillxfill) sim=#120 ty=1 fl=#1810100 pfl=0x8 wanim=0x10302f5}
03-10 13:53:41.962 W/WindowManager(  774): Requested w=1080 h=1776 mLayoutSeq=175
03-10 13:53:41.962 W/WindowManager(  774): mBaseLayer=21000 mSubLayer=0 mAnimLayer=21005+0=21005 mLastLayer=0
03-10 13:53:41.962 W/WindowManager(  774): mToken=AppWindowToken{43171ee8 token=Token{4319eb40 ActivityRecord{43300008 u0 com.android.helloworldminimal/.HelloWorld t8}}}
03-10 13:53:41.962 W/WindowManager(  774): mRootToken=AppWindowToken{43171ee8 token=Token{4319eb40 ActivityRecord{43300008 u0 com.android.helloworldminimal/.HelloWorld t8}}}
03-10 13:53:41.962 W/WindowManager(  774): mAppToken=AppWindowToken{43171ee8 token=Token{4319eb40 ActivityRecord{43300008 u0 com.android.helloworldminimal/.HelloWorld t8}}}
03-10 13:53:41.962 W/WindowManager(  774): mViewVisibility=0x0 mHaveFrame=true mObscured=true
03-10 13:53:41.962 W/WindowManager(  774): mSeq=0 mSystemUiVisibility=0x0
03-10 13:53:41.962 W/WindowManager(  774): mPolicyVisibility=false mPolicyVisibilityAfterAnim=false mAppOpVisibility=true mAttachedHidden=false
03-10 13:53:41.962 W/WindowManager(  774): mGivenContentInsets=[0,0][0,0] mGivenVisibleInsets=[0,0][0,0]
03-10 13:53:41.962 W/WindowManager(  774): mConfiguration={1.0 244mcc21mnc en_IN ldltr sw360dp w360dp h567dp 480dpi nrml port finger -keyb/v/h -nav/h s.5}
03-10 13:53:41.962 W/WindowManager(  774): mHasSurface=true mShownFrame=[0.0,0.0][1080.0,1776.0] isReadyForDisplay()=false
03-10 13:53:41.962 W/WindowManager(  774): mFrame=[0,0][1080,1776] last=[0,0][1080,1776]
03-10 13:53:41.962 W/WindowManager(  774): mSystemDecorRect=[0,0][1080,1776] last=[0,0][1080,1776]
03-10 13:53:41.962 W/WindowManager(  774): Frames: containing=[0,0][1080,1776] parent=[0,0][1080,1776]
03-10 13:53:41.962 W/WindowManager(  774):     display=[0,0][1080,1776] overscan=[0,0][1080,1920]
03-10 13:53:41.962 W/WindowManager(  774):     content=[0,75][1080,1776] visible=[0,75][1080,1776]
03-10 13:53:41.962 W/WindowManager(  774):     decor=[0,0][1080,1920]
03-10 13:53:41.962 W/WindowManager(  774): Cur insets: overscan=[0,0][0,0] content=[0,75][0,0] visible=[0,75][0,0]
03-10 13:53:41.962 W/WindowManager(  774): Lst insets: overscan=[0,0][0,0] content=[0,75][0,0] visible=[0,75][0,0]
03-10 13:53:41.962 W/WindowManager(  774): WindowStateAnimator{431264e8 com.android.helloworldminimal/com.android.helloworldminimal.HelloWorld}:
03-10 13:53:41.962 W/WindowManager(  774):   mSurface=Surface(name=com.android.helloworldminimal/com.android.helloworldminimal.HelloWorld)
03-10 13:53:41.962 W/WindowManager(  774):   mDrawState=HAS_DRAWN mLastHidden=true
03-10 13:53:41.962 W/WindowManager(  774):   Surface: shown=false layer=21005 alpha=0.0 rect=(0.0,0.0) 1080.0 x 1776.0
03-10 13:53:41.962 W/WindowManager(  774):   mShownAlpha=1.0 mAlpha=1.0 mLastAlpha=-1.0
03-10 13:53:41.962 W/WindowManager(  774): Current app token list:
03-10 13:53:41.962 V/WindowManager(  774):   Display 0
03-10 13:53:41.962 V/WindowManager(  774):   #0: Token{43141e98 ActivityRecord{43141c20 u0 com.google.android.googlequicksearchbox/com.google.android.launcher.GEL t1}}
03-10 13:53:41.962 W/WindowManager(  774): Final window list:
03-10 13:53:41.962 V/WindowManager(  774):   #0: Window{432c2450 u0 SearchPanel}
03-10 13:53:41.962 V/WindowManager(  774):   #1: Window{431c5a08 u0 NavigationBar}
03-10 13:53:41.962 V/WindowManager(  774):   #2: Window{4312c1d0 u0 StatusBar}
03-10 13:53:41.962 V/WindowManager(  774):   #3: Window{4308a2c0 u0 Keyguard}
03-10 13:53:41.962 V/WindowManager(  774):   #4: Window{431b7bb0 u0 KeyguardScrim}
03-10 13:53:41.962 V/WindowManager(  774):   #5: Window{432cfe08 u0 com.google.android.googlequicksearchbox/com.google.android.launcher.GEL}
03-10 13:53:41.962 V/WindowManager(  774):   #6: Window{43111d08 u0 com.android.systemui.ImageWallpaper}
03-10 13:53:41.972 W/InputDispatcher(  774): Attempted to unregister already unregistered input channel '432f0f18 com.android.helloworldminimal/com.android.helloworldminimal.HelloWorld (server)'
03-10 13:53:41.972 D/AndroidRuntime( 5041): Shutting down VM
03-10 13:53:41.972 D/dalvikvm( 5041): GC_CONCURRENT freed 93K, 15% free 553K/648K, paused 1ms+0ms, total 2ms
03-10 13:53:41.972 I/WindowState(  774): WIN DEATH: Window{432f0f18 u0 com.android.helloworldminimal/com.android.helloworldminimal.HelloWorld}
03-10 13:53:43.482 D/AndroidRuntime( 5063): 
03-10 13:53:43.482 D/AndroidRuntime( 5063): >>>>>> AndroidRuntime START com.android.internal.os.RuntimeInit <<<<<<
03-10 13:53:43.482 D/AndroidRuntime( 5063): CheckJNI is OFF
03-10 13:53:43.492 D/dalvikvm( 5063): Trying to load lib libjavacore.so 0x0
03-10 13:53:43.492 D/dalvikvm( 5063): Added shared lib libjavacore.so 0x0
03-10 13:53:43.492 D/dalvikvm( 5063): Trying to load lib libnativehelper.so 0x0
03-10 13:53:43.492 D/dalvikvm( 5063): Added shared lib libnativehelper.so 0x0
03-10 13:53:43.492 D/dalvikvm( 5063): No JNI_OnLoad found in libnativehelper.so 0x0, skipping init
03-10 13:53:43.512 D/dalvikvm( 5063): Note: class Landroid/app/ActivityManagerNative; has 179 unimplemented (abstract) methods
03-10 13:53:43.732 D/AndroidRuntime( 5063): Calling main entry com.android.commands.am.Am
03-10 13:53:43.742 I/ActivityManager(  774): START u0 {flg=0x10000000 cmp=com.android.helloworldminimal/.HelloWorld} from pid 5063
03-10 13:53:44.062 I/WindowManager(  774): Screenshot max retries 4 of Token{43141e98 ActivityRecord{43141c20 u0 com.google.android.googlequicksearchbox/com.google.android.launcher.GEL t1}} appWin=Window{432cfe08 u0 com.google.android.googlequicksearchbox/com.google.android.launcher.GEL} drawState=4
03-10 13:53:44.062 W/WindowManager(  774): Screenshot failure taking screenshot for (1080x1920) to layer 21000
03-10 13:53:44.082 D/AndroidRuntime( 5063): Shutting down VM
03-10 13:53:44.092 D/dalvikvm( 5063): GC_CONCURRENT freed 95K, 15% free 586K/684K, paused 1ms+2ms, total 11ms
03-10 13:53:44.122 I/ActivityManager(  774): Start proc com.android.helloworldminimal for activity com.android.helloworldminimal/.HelloWorld: pid=5094 uid=10101 gids={50101}
03-10 13:53:44.182 D/dalvikvm( 5094): GC_CONCURRENT freed 188K, 2% free 16964K/17184K, paused 2ms+2ms, total 15ms
03-10 13:53:44.262 D/dalvikvm( 5094): GC_CONCURRENT freed 218K, 2% free 17174K/17424K, paused 2ms+2ms, total 12ms
03-10 13:53:44.332 D/dalvikvm( 5094): GC_CONCURRENT freed 242K, 2% free 17424K/17688K, paused 2ms+2ms, total 20ms
03-10 13:53:44.422 D/dalvikvm( 5094): GC_CONCURRENT freed 254K, 2% free 17662K/17948K, paused 2ms+4ms, total 29ms
03-10 13:53:44.542 D/dalvikvm( 5094): GC_CONCURRENT freed 372K, 3% free 17783K/18200K, paused 2ms+5ms, total 27ms
03-10 13:53:44.632 D/dalvikvm( 5094): GC_CONCURRENT freed 359K, 3% free 17931K/18324K, paused 1ms+3ms, total 26ms
03-10 13:53:44.632 D/dalvikvm( 5094): WAIT_FOR_CONCURRENT_GC blocked 6ms
03-10 13:53:44.632 I/dalvikvm( 5094): Could not find method java.beans.Introspector.getBeanInfo, referenced from method clojure.core$bean.invoke
03-10 13:53:44.632 W/dalvikvm( 5094): VFY: unable to resolve static method 13119: Ljava/beans/Introspector;.getBeanInfo (Ljava/lang/Class;)Ljava/beans/BeanInfo;
03-10 13:53:44.632 D/dalvikvm( 5094): VFY: replacing opcode 0x71 at 0x0021
03-10 13:53:44.712 D/dalvikvm( 5094): GC_CONCURRENT freed 337K, 2% free 18105K/18472K, paused 2ms+2ms, total 27ms
03-10 13:53:44.712 D/dalvikvm( 5094): WAIT_FOR_CONCURRENT_GC blocked 9ms
03-10 13:53:44.792 D/dalvikvm( 5094): GC_CONCURRENT freed 461K, 3% free 18158K/18648K, paused 2ms+1ms, total 28ms
03-10 13:53:44.792 D/dalvikvm( 5094): WAIT_FOR_CONCURRENT_GC blocked 11ms
03-10 13:53:44.872 D/dalvikvm( 5094): GC_CONCURRENT freed 415K, 2% free 18295K/18664K, paused 1ms+2ms, total 26ms
03-10 13:53:44.942 D/dalvikvm( 5094): GC_CONCURRENT freed 554K, 4% free 18269K/18852K, paused 2ms+2ms, total 26ms
03-10 13:53:44.942 D/dalvikvm( 5094): WAIT_FOR_CONCURRENT_GC blocked 11ms
03-10 13:53:45.012 D/dalvikvm( 5094): GC_CONCURRENT freed 494K, 3% free 18292K/18852K, paused 1ms+2ms, total 25ms
03-10 13:53:45.012 D/dalvikvm( 5094): WAIT_FOR_CONCURRENT_GC blocked 9ms
03-10 13:53:45.082 D/dalvikvm( 5094): GC_CONCURRENT freed 418K, 3% free 18331K/18852K, paused 3ms+3ms, total 25ms
03-10 13:53:45.162 D/dalvikvm( 5094): GC_CONCURRENT freed 486K, 3% free 18385K/18900K, paused 1ms+1ms, total 24ms
03-10 13:53:45.162 D/dalvikvm( 5094): WAIT_FOR_CONCURRENT_GC blocked 9ms
03-10 13:53:45.242 D/dalvikvm( 5094): GC_CONCURRENT freed 508K, 3% free 18435K/18972K, paused 2ms+3ms, total 29ms
03-10 13:53:45.242 D/dalvikvm( 5094): WAIT_FOR_CONCURRENT_GC blocked 12ms
03-10 13:53:45.322 D/dalvikvm( 5094): GC_CONCURRENT freed 526K, 3% free 18481K/19036K, paused 2ms+2ms, total 30ms
03-10 13:53:45.322 D/dalvikvm( 5094): WAIT_FOR_CONCURRENT_GC blocked 13ms
03-10 13:53:45.402 D/dalvikvm( 5094): GC_CONCURRENT freed 376K, 3% free 18648K/19092K, paused 2ms+2ms, total 18ms
03-10 13:53:45.492 D/dalvikvm( 5094): GC_CONCURRENT freed 605K, 4% free 18686K/19320K, paused 2ms+1ms, total 26ms
03-10 13:53:45.492 D/dalvikvm( 5094): WAIT_FOR_CONCURRENT_GC blocked 9ms
03-10 13:53:45.562 D/dalvikvm( 5094): GC_CONCURRENT freed 559K, 4% free 18784K/19372K, paused 1ms+1ms, total 17ms
03-10 13:53:45.562 D/dalvikvm( 5094): WAIT_FOR_CONCURRENT_GC blocked 7ms
03-10 13:53:45.632 D/dalvikvm( 5094): GC_CONCURRENT freed 613K, 4% free 18862K/19504K, paused 1ms+2ms, total 29ms
03-10 13:53:45.632 D/dalvikvm( 5094): WAIT_FOR_CONCURRENT_GC blocked 18ms
03-10 13:53:45.682 D/dalvikvm( 5094): GC_FOR_ALLOC freed 325K, 4% free 18862K/19528K, paused 16ms, total 16ms
03-10 13:53:45.682 I/dalvikvm-heap( 5094): Grow heap (frag case) to 18.525MB for 82960-byte allocation
03-10 13:53:45.702 D/dalvikvm( 5094): GC_FOR_ALLOC freed 0K, 4% free 18943K/19612K, paused 28ms, total 28ms
03-10 13:53:45.722 I/Adreno-EGL( 5094): <qeglDrvAPI_eglInitialize:320>: EGL 1.4 QUALCOMM Build: I0404c4692afb8623f95c43aeb6d5e13ed4b30ddbDate: 11/06/13
03-10 13:53:45.742 D/OpenGLRenderer( 5094): Enabling debug mode 0
03-10 13:53:45.772 I/ActivityManager(  774): Displayed com.android.helloworldminimal/.HelloWorld: +1s711ms
03-10 13:54:04.562 D/AndroidRuntime( 5129): 
03-10 13:54:04.562 D/AndroidRuntime( 5129): >>>>>> AndroidRuntime START com.android.internal.os.RuntimeInit <<<<<<
03-10 13:54:04.572 D/AndroidRuntime( 5129): CheckJNI is OFF
03-10 13:54:04.572 D/dalvikvm( 5129): Trying to load lib libjavacore.so 0x0
03-10 13:54:04.582 D/dalvikvm( 5129): Added shared lib libjavacore.so 0x0
03-10 13:54:04.582 D/dalvikvm( 5129): Trying to load lib libnativehelper.so 0x0
03-10 13:54:04.582 D/dalvikvm( 5129): Added shared lib libnativehelper.so 0x0
03-10 13:54:04.582 D/dalvikvm( 5129): No JNI_OnLoad found in libnativehelper.so 0x0, skipping init
03-10 13:54:04.602 D/dalvikvm( 5129): Note: class Landroid/app/ActivityManagerNative; has 179 unimplemented (abstract) methods
03-10 13:54:04.722 D/AndroidRuntime( 5129): Calling main entry com.android.commands.am.Am
03-10 13:54:04.722 I/ActivityManager(  774): Force stopping com.android.helloworldminimal appid=10101 user=0: from pid 5129
03-10 13:54:04.732 I/ActivityManager(  774): Killing 5094:com.android.helloworldminimal/u0a101 (adj 0): stop com.android.helloworldminimal
03-10 13:54:04.732 W/ActivityManager(  774): Force removing ActivityRecord{434486a0 u0 com.android.helloworldminimal/.HelloWorld t9}: app died, no saved state
03-10 13:54:04.742 D/AndroidRuntime( 5129): Shutting down VM
03-10 13:54:04.742 I/WindowState(  774): WIN DEATH: Window{433364b8 u0 com.android.helloworldminimal/com.android.helloworldminimal.HelloWorld}
03-10 13:54:04.752 D/dalvikvm( 5129): GC_CONCURRENT freed 93K, 15% free 553K/648K, paused 0ms+0ms, total 1ms
03-10 13:54:06.212 D/AndroidRuntime( 5151): 
03-10 13:54:06.212 D/AndroidRuntime( 5151): >>>>>> AndroidRuntime START com.android.internal.os.RuntimeInit <<<<<<
03-10 13:54:06.212 D/AndroidRuntime( 5151): CheckJNI is OFF
03-10 13:54:06.222 D/dalvikvm( 5151): Trying to load lib libjavacore.so 0x0
03-10 13:54:06.222 D/dalvikvm( 5151): Added shared lib libjavacore.so 0x0
03-10 13:54:06.232 D/dalvikvm( 5151): Trying to load lib libnativehelper.so 0x0
03-10 13:54:06.232 D/dalvikvm( 5151): Added shared lib libnativehelper.so 0x0
03-10 13:54:06.232 D/dalvikvm( 5151): No JNI_OnLoad found in libnativehelper.so 0x0, skipping init
03-10 13:54:06.252 D/dalvikvm( 5151): Note: class Landroid/app/ActivityManagerNative; has 179 unimplemented (abstract) methods
03-10 13:54:06.372 D/AndroidRuntime( 5151): Calling main entry com.android.commands.am.Am
03-10 13:54:06.382 I/ActivityManager(  774): START u0 {flg=0x10000000 cmp=com.android.helloworldminimal/.HelloWorld} from pid 5151
03-10 13:54:06.702 D/AndroidRuntime( 5151): Shutting down VM
03-10 13:54:06.702 I/WindowManager(  774): Screenshot max retries 4 of Token{43141e98 ActivityRecord{43141c20 u0 com.google.android.googlequicksearchbox/com.google.android.launcher.GEL t1}} appWin=Window{432cfe08 u0 com.google.android.googlequicksearchbox/com.google.android.launcher.GEL} drawState=4
03-10 13:54:06.702 W/WindowManager(  774): Screenshot failure taking screenshot for (1080x1920) to layer 21000
03-10 13:54:06.712 D/dalvikvm( 5151): GC_CONCURRENT freed 95K, 15% free 586K/684K, paused 0ms+0ms, total 3ms
03-10 13:54:06.732 I/ActivityManager(  774): Start proc com.android.helloworldminimal for activity com.android.helloworldminimal/.HelloWorld: pid=5182 uid=10101 gids={50101}
03-10 13:54:06.822 D/dalvikvm( 5182): GC_CONCURRENT freed 165K, 2% free 16947K/17144K, paused 3ms+0ms, total 13ms
03-10 13:54:06.912 D/dalvikvm( 5182): GC_CONCURRENT freed 222K, 2% free 17148K/17400K, paused 1ms+2ms, total 12ms
03-10 13:54:06.982 D/dalvikvm( 5182): GC_CONCURRENT freed 225K, 2% free 17372K/17628K, paused 2ms+1ms, total 12ms
03-10 13:54:07.052 D/dalvikvm( 5182): GC_CONCURRENT freed 227K, 2% free 17595K/17852K, paused 1ms+2ms, total 14ms
03-10 13:54:07.192 D/dalvikvm( 5182): GC_CONCURRENT freed 320K, 2% free 17746K/18096K, paused 2ms+3ms, total 24ms
03-10 13:54:07.272 D/dalvikvm( 5182): GC_CONCURRENT freed 330K, 3% free 17858K/18228K, paused 2ms+1ms, total 15ms
03-10 13:54:07.312 I/dalvikvm( 5182): Could not find method java.beans.Introspector.getBeanInfo, referenced from method clojure.core$bean.invoke
03-10 13:54:07.312 W/dalvikvm( 5182): VFY: unable to resolve static method 13119: Ljava/beans/Introspector;.getBeanInfo (Ljava/lang/Class;)Ljava/beans/BeanInfo;
03-10 13:54:07.312 D/dalvikvm( 5182): VFY: replacing opcode 0x71 at 0x0021
03-10 13:54:07.352 D/dalvikvm( 5182): GC_CONCURRENT freed 311K, 2% free 17974K/18316K, paused 2ms+2ms, total 16ms
03-10 13:54:07.422 D/dalvikvm( 5182): GC_CONCURRENT freed 335K, 2% free 18141K/18504K, paused 1ms+3ms, total 21ms
03-10 13:54:07.492 D/dalvikvm( 5182): GC_CONCURRENT freed 479K, 3% free 18176K/18684K, paused 2ms+2ms, total 26ms
03-10 13:54:07.492 D/dalvikvm( 5182): WAIT_FOR_CONCURRENT_GC blocked 9ms
03-10 13:54:07.572 D/dalvikvm( 5182): GC_CONCURRENT freed 443K, 3% free 18243K/18716K, paused 1ms+2ms, total 25ms
03-10 13:54:07.572 D/dalvikvm( 5182): WAIT_FOR_CONCURRENT_GC blocked 9ms
03-10 13:54:07.642 D/dalvikvm( 5182): GC_CONCURRENT freed 474K, 3% free 18281K/18784K, paused 1ms+2ms, total 27ms
03-10 13:54:07.642 D/dalvikvm( 5182): WAIT_FOR_CONCURRENT_GC blocked 11ms
03-10 13:54:07.712 D/dalvikvm( 5182): GC_CONCURRENT freed 500K, 3% free 18303K/18832K, paused 2ms+2ms, total 27ms
03-10 13:54:07.722 D/dalvikvm( 5182): WAIT_FOR_CONCURRENT_GC blocked 11ms
03-10 13:54:07.802 D/dalvikvm( 5182): GC_CONCURRENT freed 467K, 3% free 18364K/18860K, paused 2ms+3ms, total 28ms
03-10 13:54:07.802 D/dalvikvm( 5182): WAIT_FOR_CONCURRENT_GC blocked 10ms
03-10 13:54:07.862 D/dalvikvm( 5182): GC_CONCURRENT freed 484K, 3% free 18403K/18916K, paused 2ms+0ms, total 17ms
03-10 13:54:07.932 D/dalvikvm( 5182): GC_CONCURRENT freed 505K, 3% free 18465K/18984K, paused 1ms+1ms, total 18ms
03-10 13:54:08.002 D/dalvikvm( 5182): GC_CONCURRENT freed 485K, 3% free 18483K/18996K, paused 1ms+1ms, total 17ms
03-10 13:54:08.072 D/dalvikvm( 5182): GC_CONCURRENT freed 382K, 3% free 18668K/19084K, paused 1ms+2ms, total 18ms
03-10 13:54:08.162 D/dalvikvm( 5182): GC_CONCURRENT freed 617K, 4% free 18702K/19348K, paused 1ms+1ms, total 24ms
03-10 13:54:08.162 D/dalvikvm( 5182): WAIT_FOR_CONCURRENT_GC blocked 8ms
03-10 13:54:08.222 D/dalvikvm( 5182): GC_CONCURRENT freed 568K, 4% free 18795K/19392K, paused 1ms+0ms, total 17ms
03-10 13:54:08.222 D/dalvikvm( 5182): WAIT_FOR_CONCURRENT_GC blocked 9ms
03-10 13:54:08.292 D/dalvikvm( 5182): GC_CONCURRENT freed 531K, 3% free 18955K/19516K, paused 2ms+2ms, total 33ms
03-10 13:54:08.292 D/dalvikvm( 5182): WAIT_FOR_CONCURRENT_GC blocked 22ms
03-10 13:54:08.342 I/Adreno-EGL( 5182): <qeglDrvAPI_eglInitialize:320>: EGL 1.4 QUALCOMM Build: I0404c4692afb8623f95c43aeb6d5e13ed4b30ddbDate: 11/06/13
03-10 13:54:08.362 D/OpenGLRenderer( 5182): Enabling debug mode 0
03-10 13:54:08.412 I/ActivityManager(  774): Displayed com.android.helloworldminimal/.HelloWorld: +1s706ms
03-10 13:54:11.743 W/ProcessCpuTracker(  774): Skipping unknown process pid 5194
03-10 13:54:11.753 W/ProcessCpuTracker(  774): Skipping unknown process pid 5197
03-10 13:54:25.992 V/BufferedAnalyticsState( 1178): Not ready for upload, 272 seconds left.
03-10 13:54:26.052 I/GCoreUlr( 1178): Successfully inserted location
03-10 13:54:26.062 I/GCoreUlr( 1178): Starting service, intent=Intent { cmp=com.google.android.gms/com.google.android.location.reporting.LocationReportingService }, extras=null
03-10 13:54:26.092 D/dalvikvm( 1178): GC_CONCURRENT freed 500K, 4% free 18372K/19120K, paused 1ms+2ms, total 20ms
03-10 13:54:26.142 D/dalvikvm( 1178): GC_FOR_ALLOC freed 151K, 4% free 18380K/19120K, paused 13ms, total 13ms
03-10 13:54:26.182 W/GLSUser ( 1078): GoogleAccountDataService.getToken()
03-10 13:54:26.432 D/dalvikvm(  983): GC_CONCURRENT freed 401K, 3% free 17412K/17908K, paused 2ms+1ms, total 19ms
03-10 13:54:27.162 D/AndroidRuntime( 5233): 
03-10 13:54:27.162 D/AndroidRuntime( 5233): >>>>>> AndroidRuntime START com.android.internal.os.RuntimeInit <<<<<<
03-10 13:54:27.162 D/AndroidRuntime( 5233): CheckJNI is OFF
03-10 13:54:27.182 D/dalvikvm( 5233): Trying to load lib libjavacore.so 0x0
03-10 13:54:27.182 D/dalvikvm( 5233): Added shared lib libjavacore.so 0x0
03-10 13:54:27.182 D/dalvikvm( 5233): Trying to load lib libnativehelper.so 0x0
03-10 13:54:27.182 D/dalvikvm( 5233): Added shared lib libnativehelper.so 0x0
03-10 13:54:27.182 D/dalvikvm( 5233): No JNI_OnLoad found in libnativehelper.so 0x0, skipping init
03-10 13:54:27.202 D/dalvikvm( 5233): Note: class Landroid/app/ActivityManagerNative; has 179 unimplemented (abstract) methods
03-10 13:54:27.322 D/AndroidRuntime( 5233): Calling main entry com.android.commands.am.Am
03-10 13:54:27.322 I/ActivityManager(  774): Force stopping com.android.helloworldminimal appid=10101 user=0: from pid 5233
03-10 13:54:27.322 I/ActivityManager(  774): Killing 5182:com.android.helloworldminimal/u0a101 (adj 0): stop com.android.helloworldminimal
03-10 13:54:27.322 W/ActivityManager(  774): Force removing ActivityRecord{433f7190 u0 com.android.helloworldminimal/.HelloWorld t10}: app died, no saved state
03-10 13:54:27.332 I/WindowState(  774): WIN DEATH: Window{433e7968 u0 com.android.helloworldminimal/com.android.helloworldminimal.HelloWorld}
03-10 13:54:27.342 D/AndroidRuntime( 5233): Shutting down VM
03-10 13:54:27.352 D/dalvikvm( 5233): GC_CONCURRENT freed 93K, 15% free 553K/648K, paused 1ms+0ms, total 3ms
03-10 13:54:28.902 D/AndroidRuntime( 5259): 
03-10 13:54:28.902 D/AndroidRuntime( 5259): >>>>>> AndroidRuntime START com.android.internal.os.RuntimeInit <<<<<<
03-10 13:54:28.902 D/AndroidRuntime( 5259): CheckJNI is OFF
03-10 13:54:28.912 D/dalvikvm( 5259): Trying to load lib libjavacore.so 0x0
