03-10 13:49:50.372 I/ActivityManager(  774): Start proc com.ttxapps.wifiadb for broadcast com.ttxapps.wifiadb/.NetworkStateReceiver: pid=3063 uid=10090 gids={50090, 3003}
03-10 13:49:50.372 I/ActivityManager(  774): Killing 2643:org.mozilla.fennec/u0a98 (adj 15): empty #17
03-10 13:49:50.382 I/GoogleTTSService( 3014): Creating Google TTS service, version 3.0.10.1047791
03-10 13:49:50.402 D/dalvikvm( 3014): Trying to load lib /data/app-lib/com.google.android.tts-1/libspeexwrapper.so 0x42a61fe8
03-10 13:49:50.402 D/dalvikvm( 3014): Added shared lib /data/app-lib/com.google.android.tts-1/libspeexwrapper.so 0x42a61fe8
03-10 13:49:50.412 D/dalvikvm( 3014): Trying to load lib /data/app-lib/com.google.android.tts-1/libpatts_engine_jni_api_ub.so 0x42a61fe8
03-10 13:49:50.412 D/ACRA    ( 3063): ACRA is enabled for com.ttxapps.wifiadb, intializing...
03-10 13:49:50.422 D/dalvikvm( 3014): Added shared lib /data/app-lib/com.google.android.tts-1/libpatts_engine_jni_api_ub.so 0x42a61fe8
03-10 13:49:50.422 I/patts   ( 3014): [embedded_hmm_synthesizer.cc:21] Embedded HMM synthesizer initialized.
03-10 13:49:50.432 I/patts   ( 3014): [jni_loader.cc:74] Patts JNI loaded successfully.
03-10 13:49:50.432 D/ACRA    ( 3063): Looking for error files in /data/data/com.ttxapps.wifiadb/files
03-10 13:49:50.432 I/TextToSpeech( 2953): Connected to ComponentInfo{com.google.android.tts/com.google.android.tts.service.GoogleTTSService}
03-10 13:49:50.432 I/TextToSpeech( 2953): Set up connection to ComponentInfo{com.google.android.tts/com.google.android.tts.service.GoogleTTSService}
03-10 13:49:50.432 I/ActivityManager(  774): Killing 2674:com.onelouder.baconreader/u0a106 (adj 15): empty #17
03-10 13:49:50.452 D/dalvikvm( 2953): GC_CONCURRENT freed 419K, 3% free 17698K/18208K, paused 3ms+1ms, total 21ms
03-10 13:49:50.452 D/dalvikvm( 2953): WAIT_FOR_CONCURRENT_GC blocked 13ms
03-10 13:49:50.452 I/dalvikvm-heap( 2953): Grow heap (frag case) to 17.373MB for 65552-byte allocation
03-10 13:49:50.462 D/dalvikvm( 2953): GC_FOR_ALLOC freed 1K, 3% free 17761K/18276K, paused 12ms, total 12ms
03-10 13:49:50.462 D/dalvikvm( 2953): WAIT_FOR_CONCURRENT_GC blocked 23ms
03-10 13:49:50.472 D/dalvikvm( 3063): GC_CONCURRENT freed 354K, 3% free 16885K/17268K, paused 2ms+2ms, total 20ms
03-10 13:49:50.472 D/dalvikvm( 3063): WAIT_FOR_CONCURRENT_GC blocked 3ms
03-10 13:49:50.512 D/dalvikvm( 3063): GC_CONCURRENT freed 238K, 2% free 17061K/17372K, paused 1ms+1ms, total 15ms
03-10 13:49:50.512 D/dalvikvm( 3063): WAIT_FOR_CONCURRENT_GC blocked 13ms
03-10 13:49:50.542 D/dalvikvm( 3063): GC_CONCURRENT freed 276K, 2% free 17265K/17572K, paused 2ms+1ms, total 17ms
03-10 13:49:50.622 D/dalvikvm( 3063): GC_CONCURRENT freed 287K, 2% free 17482K/17800K, paused 1ms+1ms, total 18ms
03-10 13:49:50.632 I/WifiADB ( 3063): maxLogLevel is INFO
03-10 13:49:50.652 I/ActivityManager(  774): Start proc com.ted.android for broadcast com.ted.android/.service.DataUpdateCheckBroadcastReceiver: pid=3085 uid=10088 gids={50088, 3003, 1028, 1015}
03-10 13:49:50.652 I/ActivityManager(  774): Killing 2742:com.qualcomm.timeservice/u0a70 (adj 15): empty #17
03-10 13:49:50.722 I/Logging ( 3085): Testing for android stub library...
03-10 13:49:50.732 D/dalvikvm( 1235): GC_CONCURRENT freed 379K, 3% free 17163K/17628K, paused 2ms+2ms, total 18ms
03-10 13:49:50.762 I/ActivityManager(  774): Killing 935:com.google.android.keep/u0a53 (adj 15): empty #17
03-10 13:49:50.772 D/MobileConnectivityChangeReceiver( 2815): onReceive Intent { act=android.net.conn.CONNECTIVITY_CHANGE flg=0x4000010 cmp=com.google.android.setupwizard/.MobileConnectivityChangeReceiver (has extras) }
03-10 13:49:50.772 D/MobileConnectivityChangeReceiver( 2815): onReceive CONNECTIVITY_CHANGE networkType=5
03-10 13:49:50.772 D/YouTube ( 2831): apps.youtube.app.prefetch.PrefetchService$DeviceStateReceiver.onReceive:565 Got device state change intent: android.net.conn.CONNECTIVITY_CHANGE
03-10 13:49:50.792 D/GCM     ( 1078): GcmService start Intent { act=android.net.conn.CONNECTIVITY_CHANGE flg=0x4000010 cmp=com.google.android.gms/.gcm.GcmService (has extras) } android.net.conn.CONNECTIVITY_CHANGE
03-10 13:49:50.792 D/YouTube ( 2831): apps.youtube.app.prefetch.PrefetchService.onStartCommand:167 PrefetchService started at 10 Mar 2014 11:49:50 GMT
03-10 13:49:50.792 I/GCM     ( 1078): requestRouteToHost: failed!
03-10 13:49:50.792 I/iu.Environment( 2922): update connectivity state; isNetworkMetered? true, isRoaming? false, isBackgroundDataAllowed? true
03-10 13:49:50.792 D/YouTube ( 2831): apps.youtube.app.prefetch.PrefetchService.p_:245 Download snapshot restored
03-10 13:49:50.802 I/widget.provider( 3028): com.devhd.feedly.widget.FeedlyWidgetProvider onReceive: android.net.conn.CONNECTIVITY_CHANGE
03-10 13:49:50.802 D/YouTube ( 2831): apps.youtube.app.prefetch.PrefetchService.onDestroy:215 PrefetchService destroyed at 10 Mar 2014 11:49:50 GMT
03-10 13:49:50.842 I/ActivityManager(  774): Start proc com.google.android.talk for broadcast com.google.android.talk/com.google.android.apps.babel.realtimechat.RealTimeChatService$AlarmReceiver: pid=3115 uid=10052 gids={50052, 3003, 1028, 1015, 3002}
03-10 13:49:50.862 D/dalvikvm(  181): GC_EXPLICIT freed 42K, 1% free 16726K/16800K, paused 1ms+2ms, total 19ms
03-10 13:49:50.872 D/dalvikvm(  181): GC_EXPLICIT freed <1K, 1% free 16726K/16800K, paused 1ms+2ms, total 15ms
03-10 13:49:50.892 D/dalvikvm(  181): GC_EXPLICIT freed <1K, 1% free 16726K/16800K, paused 1ms+2ms, total 15ms
03-10 13:49:50.922 D/dalvikvm( 3115): GC_CONCURRENT freed 345K, 3% free 16875K/17252K, paused 3ms+5ms, total 28ms
03-10 13:49:50.922 D/dalvikvm( 3115): WAIT_FOR_CONCURRENT_GC blocked 12ms
03-10 13:49:50.922 I/MmsConfig( 3115): MmsConfig.init: mnc/mcc: 244/21
03-10 13:49:50.932 I/Babel   ( 3115): ### loadDeviceMmsSettings from API: mUserAgent=Nexus5, mUaProfUrl=http://gsm.lge.com/html/gsm/Nexus5-M3.xml
03-10 13:49:50.932 V/MmsConfig( 3115): tag: bool value: enabledMMS - true
03-10 13:49:50.932 W/Settings( 3115): Setting airplane_mode_on has moved from android.provider.Settings.System to android.provider.Settings.Global, returning read-only value.
03-10 13:49:50.932 V/MmsConfig( 3115): tag: int value: maxMessageSize - 307200
03-10 13:49:50.932 V/MmsConfig( 3115): tag: int value: maxImageHeight - 480
03-10 13:49:50.932 V/MmsConfig( 3115): tag: int value: maxImageWidth - 640
03-10 13:49:50.932 V/MmsConfig( 3115): tag: int value: recipientLimit - -1
03-10 13:49:50.932 V/MmsConfig( 3115): tag: bool value: enableMultipartSMS - true
03-10 13:49:50.932 V/MmsConfig( 3115): tag: int value: smsToMmsTextThreshold - -1
03-10 13:49:50.942 V/MmsConfig( 3115): tag: int value: maxMessageTextSize - -1
03-10 13:49:50.942 I/Babel   ( 3115): ### loadMmsSettings: mUserAgent=Nexus5, mUaProfUrl=http://gsm.lge.com/html/gsm/Nexus5-M3.xml
03-10 13:49:50.972 D/dalvikvm( 3115): GC_CONCURRENT freed 363K, 3% free 16929K/17324K, paused 2ms+2ms, total 17ms
03-10 13:49:50.992 D/GCM     ( 1078): GcmService start Intent { act=com.google.android.gms.INITIALIZE flg=0x10 pkg=com.google.android.gms cmp=com.google.android.gms/.gcm.GcmService } com.google.android.gms.INITIALIZE
03-10 13:49:51.002 D/AlertReceiver( 2220): onReceive: a=android.intent.action.PROVIDER_CHANGED Intent { act=android.intent.action.PROVIDER_CHANGED dat=content://com.android.calendar flg=0x10 cmp=com.google.android.calendar/com.android.calendar.alerts.AlertReceiver }
03-10 13:49:51.022 D/dalvikvm( 2162): GC_CONCURRENT freed 461K, 3% free 17446K/17940K, paused 1ms+2ms, total 13ms
03-10 13:49:51.032 D/GCM     ( 1078): GcmService start Intent { act=com.google.android.gms.INITIALIZE flg=0x10 pkg=com.google.android.gms cmp=com.google.android.gms/.gcm.GcmService } com.google.android.gms.INITIALIZE
03-10 13:49:51.042 I/NotifUtils( 2162): Validating Notification, mapSize: 0 getAttention: true ignoreUnobtrusive: false
03-10 13:49:51.042 I/NotifUtils( 2162): validateNotifications - cancelling account -2040901717 / folder 3019
03-10 13:49:51.112 D/dalvikvm(  774): GC_EXPLICIT freed 403K, 9% free 26645K/29260K, paused 3ms+6ms, total 72ms
03-10 13:49:51.142 D/MobileConnectivityChangeReceiver( 2815): onReceive Intent { act=android.net.conn.CONNECTIVITY_CHANGE flg=0x4000010 cmp=com.google.android.setupwizard/.MobileConnectivityChangeReceiver (has extras) }
03-10 13:49:51.142 D/MobileConnectivityChangeReceiver( 2815): onReceive CONNECTIVITY_CHANGE networkType=5
03-10 13:49:51.142 D/YouTube ( 2831): apps.youtube.app.prefetch.PrefetchService$DeviceStateReceiver.onReceive:565 Got device state change intent: android.net.conn.CONNECTIVITY_CHANGE
03-10 13:49:51.152 D/YouTube ( 2831): apps.youtube.app.prefetch.PrefetchService.onStartCommand:167 PrefetchService started at 10 Mar 2014 11:49:51 GMT
03-10 13:49:51.162 D/YouTube ( 2831): apps.youtube.app.prefetch.PrefetchService.p_:245 Download snapshot restored
03-10 13:49:51.162 D/YouTube ( 2831): apps.youtube.app.prefetch.PrefetchService.onDestroy:215 PrefetchService destroyed at 10 Mar 2014 11:49:51 GMT
03-10 13:49:51.162 D/GCM     ( 1078): GcmService start Intent { act=android.net.conn.CONNECTIVITY_CHANGE flg=0x4000010 cmp=com.google.android.gms/.gcm.GcmService (has extras) } android.net.conn.CONNECTIVITY_CHANGE
03-10 13:49:51.172 I/iu.Environment( 2922): update connectivity state; isNetworkMetered? true, isRoaming? false, isBackgroundDataAllowed? true
03-10 13:49:51.182 I/widget.provider( 3028): com.devhd.feedly.widget.FeedlyWidgetProvider onReceive: android.net.conn.CONNECTIVITY_CHANGE
03-10 13:49:51.192 D/dalvikvm( 1078): GC_CONCURRENT freed 416K, 5% free 17465K/18264K, paused 1ms+2ms, total 25ms
03-10 13:49:51.222 D/dalvikvm( 3063): GC_CONCURRENT freed 489K, 3% free 17445K/17968K, paused 2ms+1ms, total 21ms
03-10 13:49:51.252 D/MobileConnectivityChangeReceiver( 2815): onReceive Intent { act=android.net.conn.CONNECTIVITY_CHANGE flg=0x4000010 cmp=com.google.android.setupwizard/.MobileConnectivityChangeReceiver (has extras) }
03-10 13:49:51.252 D/MobileConnectivityChangeReceiver( 2815): onReceive CONNECTIVITY_CHANGE networkType=0
03-10 13:49:51.252 D/MobileConnectivityChangeReceiver( 2815): onReceive CONNECTIVITY_CHANGE: checkConnection
03-10 13:49:51.252 D/CheckConnectionTask( 2815): doInBackground: url=http://clients3.google.com/generate_204
03-10 13:49:51.252 D/YouTube ( 2831): apps.youtube.app.prefetch.PrefetchService$DeviceStateReceiver.onReceive:565 Got device state change intent: android.net.conn.CONNECTIVITY_CHANGE
03-10 13:49:51.262 D/YouTube ( 2831): apps.youtube.app.prefetch.PrefetchService.onStartCommand:167 PrefetchService started at 10 Mar 2014 11:49:51 GMT
03-10 13:49:51.272 D/YouTube ( 2831): apps.youtube.app.prefetch.PrefetchService.p_:245 Download snapshot restored
03-10 13:49:51.272 D/GCM     ( 1078): GcmService start Intent { act=android.net.conn.CONNECTIVITY_CHANGE flg=0x4000010 cmp=com.google.android.gms/.gcm.GcmService (has extras) } android.net.conn.CONNECTIVITY_CHANGE
03-10 13:49:51.272 D/YouTube ( 2831): apps.youtube.app.prefetch.PrefetchService.onDestroy:215 PrefetchService destroyed at 10 Mar 2014 11:49:51 GMT
03-10 13:49:51.282 I/iu.Environment( 2922): update connectivity state; isNetworkMetered? true, isRoaming? false, isBackgroundDataAllowed? true
03-10 13:49:51.282 I/widget.provider( 3028): com.devhd.feedly.widget.FeedlyWidgetProvider onReceive: android.net.conn.CONNECTIVITY_CHANGE
03-10 13:49:51.302 D/dalvikvm( 3115): GC_CONCURRENT freed 314K, 2% free 17108K/17452K, paused 1ms+2ms, total 37ms
03-10 13:49:51.342 I/ActivityManager(  774): Killing 2725:com.google.android.deskclock/u0a34 (adj 15): empty #17
03-10 13:49:51.352 D/CheckConnectionTask( 2815): doInBackground: resultCode=204 retVal=true
03-10 13:49:51.352 D/CheckConnectionTask( 2815): onPostExecute connected=true
03-10 13:49:51.352 D/CheckConnectionTask( 2815): onPostExecute set preference connected=true
03-10 13:49:51.352 D/PackageBroadcastService( 1235): Received broadcast action=android.intent.action.PACKAGE_CHANGED and uri=com.android.stk
03-10 13:49:51.372 W/GLSUser ( 1078): GoogleAccountDataService.getToken()
03-10 13:49:51.372 I/ActivityManager(  774): Start proc com.google.android.googlequicksearchbox:search for broadcast com.google.android.googlequicksearchbox/com.google.android.search.core.summons.icing.InternalIcingCorporaProvider$CorporaChangedReceiver: pid=3183 uid=10020 gids={50020, 3003, 1028, 3002, 1015}
03-10 13:49:51.382 W/GAV2    ( 2162): Thread[Service Reconnect,5,main]: Service unavailable (code=1), using local store.
03-10 13:49:51.382 W/ActivityManager(  774): Unable to start service Intent { act=com.google.android.gms.analytics.service.START cmp=com.google.android.gms/.analytics.service.AnalyticsService (has extras) } U=0: not found
03-10 13:49:51.412 I/PeopleContactsSync( 1235): CP2 sync disabled
03-10 13:49:51.442 D/dalvikvm( 3115): GC_CONCURRENT freed 302K, 2% free 17214K/17548K, paused 3ms+4ms, total 19ms
03-10 13:49:51.442 I/Icing.InternalIcingCorporaProvider( 3183): Updating corpora: A: com.android.stk, C: MAYBE
03-10 13:49:51.452 W/Launcher( 1025): setApplicationContext called twice! old=com.google.android.velvet.VelvetApplication@42a67c60 new=com.google.android.velvet.VelvetApplication@42a67c60
03-10 13:49:51.452 I/ActivityManager(  774): Delay finish: com.google.android.apps.plus/.service.PackagesMediaMonitor
03-10 13:49:51.472 I/ActivityManager(  774): Start proc com.google.android.partnersetup for content provider com.google.android.partnersetup/.RlzAppProvider: pid=3207 uid=10011 gids={50011, 3003}
03-10 13:49:51.472 I/ActivityManager(  774): Resuming delayed broadcast
03-10 13:49:51.492 I/ActivityManager(  774): Start proc org.mozilla.fennec for broadcast org.mozilla.fennec/org.mozilla.gecko.background.announcements.AnnouncementsBroadcastReceiver: pid=3219 uid=10098 gids={50098, 3003, 1028, 1015}
03-10 13:49:51.552 D/dalvikvm( 3219): Trying to load lib /data/app-lib/org.mozilla.fennec-1/libmozglue.so 0x42a61900
03-10 13:49:51.552 I/ActivityManager(  774): Killing 2794:com.google.android.email/u0a37 (adj 15): empty #17
03-10 13:49:51.562 D/dalvikvm( 3219): Added shared lib /data/app-lib/org.mozilla.fennec-1/libmozglue.so 0x42a61900
03-10 13:49:51.562 D/dalvikvm( 3219): No JNI_OnLoad found in /data/app-lib/org.mozilla.fennec-1/libmozglue.so 0x42a61900, skipping init
03-10 13:49:51.562 I/ActivityManager(  774): Delay finish: org.mozilla.fennec/org.mozilla.gecko.background.announcements.AnnouncementsBroadcastReceiver
03-10 13:49:51.572 I/GeckoAnnounce( 3219): fennec :: AnnounceBrSvc :: Registering AnnouncementsService.
03-10 13:49:51.572 D/dalvikvm( 3183): GC_CONCURRENT freed 246K, 2% free 16992K/17268K, paused 2ms+1ms, total 45ms
03-10 13:49:51.572 D/dalvikvm( 3183): WAIT_FOR_CONCURRENT_GC blocked 16ms
03-10 13:49:51.572 D/dalvikvm( 3183): WAIT_FOR_CONCURRENT_GC blocked 16ms
03-10 13:49:51.572 D/dalvikvm( 3183): WAIT_FOR_CONCURRENT_GC blocked 16ms
03-10 13:49:51.592 I/GeckoAnnounce( 3219): fennec :: BackgroundService :: Setting inexact repeating alarm for interval 43200000
03-10 13:49:51.592 I/ActivityManager(  774): Resuming delayed broadcast
03-10 13:49:51.592 I/ActivityManager(  774): Delay finish: org.mozilla.fennec/org.mozilla.gecko.background.healthreport.HealthReportBroadcastReceiver
03-10 13:49:51.602 I/GeckoHealth( 3219): fennec :: HealthReportBroadcastService :: Registering HealthReportUploadService.
03-10 13:49:51.602 I/GeckoHealth( 3219): fennec :: BackgroundService :: Setting inexact repeating alarm for interval 3600000
03-10 13:49:51.602 I/ActivityManager(  774): Resuming delayed broadcast
03-10 13:49:51.602 I/ActivityManager(  774): Delay finish: org.mozilla.fennec/org.mozilla.gecko.background.healthreport.HealthReportBroadcastReceiver
03-10 13:49:51.612 I/GeckoHealth( 3219): fennec :: HealthReportBroadcastService :: Registering HealthReportPruneService.
03-10 13:49:51.612 I/GeckoHealth( 3219): fennec :: BackgroundService :: Setting inexact repeating alarm for interval 86400000
03-10 13:49:51.612 I/ActivityManager(  774): Resuming delayed broadcast
03-10 13:49:51.612 I/ActivityManager(  774): Killing 2763:com.google.android.music:main/u0a60 (adj 15): empty #17
03-10 13:49:51.622 D/dalvikvm( 3219): GC_CONCURRENT freed 190K, 2% free 16943K/17164K, paused 2ms+1ms, total 28ms
03-10 13:49:51.632 D/dalvikvm( 3183): GC_CONCURRENT freed 108K, 1% free 17397K/17536K, paused 5ms+3ms, total 23ms
03-10 13:49:51.632 D/dalvikvm( 3183): WAIT_FOR_CONCURRENT_GC blocked 6ms
03-10 13:49:51.632 D/dalvikvm( 3183): WAIT_FOR_CONCURRENT_GC blocked 6ms
03-10 13:49:51.652 I/ActivityManager(  774): Start proc com.google.android.deskclock for broadcast com.google.android.deskclock/com.android.alarmclock.DigitalAppWidgetProvider: pid=3242 uid=10034 gids={50034, 1028}
03-10 13:49:51.682 D/ConnectivityService(  774): handleInetConditionHoldEnd: net=0, condition=100, published condition=100
03-10 13:49:51.702 I/ActivityManager(  774): Killing 3115:com.google.android.talk/u0a52 (adj 15): empty #17
03-10 13:49:51.712 I/ActivityManager(  774): Start proc com.google.android.email for broadcast com.google.android.email/com.android.email.provider.WidgetProvider: pid=3255 uid=10037 gids={50037, 3003, 1028, 1015}
03-10 13:49:51.722 D/dalvikvm( 2162): GC_CONCURRENT freed 418K, 3% free 17527K/17976K, paused 1ms+3ms, total 17ms
03-10 13:49:51.752 D/dalvikvm( 1235): GC_CONCURRENT freed 363K, 3% free 17213K/17628K, paused 1ms+2ms, total 15ms
03-10 13:49:51.762 D/ActivityThread( 3255): Loading provider com.google.android.email.provider;com.google.android.email.notifier: com.android.email.provider.EmailProvider
03-10 13:49:51.782 D/ActivityThread( 3255): Loading provider com.google.android.email.provider;com.google.android.email.notifier: com.android.email.provider.EmailProvider
03-10 13:49:51.792 I/ActivityManager(  774): Killing 2240:com.android.providers.calendar/u0a1 (adj 15): empty #17
03-10 13:49:51.832 D/dalvikvm( 3255): GC_CONCURRENT freed 253K, 2% free 16898K/17180K, paused 2ms+3ms, total 28ms
03-10 13:49:51.892 D/dalvikvm( 2162): GC_CONCURRENT freed 528K, 3% free 17501K/18040K, paused 1ms+1ms, total 13ms
03-10 13:49:51.902 D/dalvikvm( 3183): GC_CONCURRENT freed 181K, 2% free 17643K/17856K, paused 3ms+3ms, total 17ms
03-10 13:49:51.912 W/ActivityManager(  774): Unable to start service Intent { cmp=com.google.android.email/com.android.email.service.AttachmentDownloadService } U=0: not found
03-10 13:49:51.922 I/Email   ( 3255): Observing account changes for notifications
03-10 13:49:51.922 W/ActivityManager(  774): Unable to start service Intent { cmp=com.google.android.email/com.android.email.service.AttachmentDownloadService } U=0: not found
03-10 13:49:51.922 W/ActivityManager(  774): Unable to start service Intent { cmp=com.google.android.email/com.android.email.service.AttachmentDownloadService } U=0: not found
03-10 13:49:52.042 D/dalvikvm(  774): GC_EXPLICIT freed 443K, 9% free 26655K/29260K, paused 2ms+5ms, total 69ms
03-10 13:49:52.042 I/ActivityManager(  774): Killing 2815:com.google.android.setupwizard/u0a17 (adj 15): empty #17
03-10 13:49:52.332 W/ProcessCpuTracker(  774): Skipping unknown process pid 3136
03-10 13:49:52.332 W/ProcessCpuTracker(  774): Skipping unknown process pid 3139
03-10 13:49:52.332 W/ProcessCpuTracker(  774): Skipping unknown process pid 3159
03-10 13:49:52.332 W/ProcessCpuTracker(  774): Skipping unknown process pid 3162
03-10 13:49:52.652 D/AlertService( 2220): Beginning updateAlertNotification
03-10 13:49:52.672 I/ActivityManager(  774): Start proc com.android.providers.calendar for content provider com.android.providers.calendar/.CalendarProvider2: pid=3284 uid=10001 gids={50001, 3003, 1028, 1015}
03-10 13:49:52.722 I/CalendarProvider2( 3284): Created com.android.providers.calendar.CalendarAlarmManager@42a76c58(com.android.providers.calendar.CalendarProvider2@42a6e918)
03-10 13:49:52.742 D/AlertService( 2220): No fired or scheduled alerts
03-10 13:49:52.752 D/AlertService( 2220): Scheduling next alarm with AlarmScheduler. sEventReminderReceived: null
03-10 13:49:52.762 D/AlarmScheduler( 2220): Query result count for events starting within 1 week: 3
03-10 13:49:52.772 D/AlertService( 2220): 0 Action = android.intent.action.PROVIDER_CHANGED
03-10 13:49:53.052 I/Icing   ( 1235): Indexing 9E464DC2A102057D86495404FBBAAC90B8242C74 from com.google.android.googlequicksearchbox
03-10 13:49:53.172 D/dalvikvm( 3183): GC_CONCURRENT freed 400K, 3% free 17629K/18064K, paused 3ms+2ms, total 17ms
03-10 13:49:53.172 I/Icing   ( 1235): Indexing done 9E464DC2A102057D86495404FBBAAC90B8242C74
03-10 13:49:53.742 I/CalendarProvider2( 3284): Sending notification intent: Intent { act=android.intent.action.PROVIDER_CHANGED dat=content://com.android.calendar }
03-10 13:49:53.742 W/ContentResolver( 3284): Failed to get type for: content://com.android.calendar (Unknown URL content://com.android.calendar)
03-10 13:49:53.742 D/AlertReceiver( 2220): onReceive: a=android.intent.action.PROVIDER_CHANGED Intent { act=android.intent.action.PROVIDER_CHANGED dat=content://com.android.calendar flg=0x10 cmp=com.google.android.calendar/com.android.calendar.alerts.AlertReceiver }
03-10 13:49:53.752 I/ActivityManager(  774): Killing 2831:com.google.android.youtube/u0a73 (adj 15): empty #17
03-10 13:49:54.212 W/GAV2    ( 2886): Thread[GAThread,5,main]: Service unavailable (code=1), will retry.
03-10 13:49:54.212 I/GAV2    ( 2886): Thread[GAThread,5,main]: No campaign data found.
03-10 13:49:54.212 W/ActivityManager(  774): Unable to start service Intent { act=com.google.android.gms.analytics.service.START cmp=com.google.android.gms/.analytics.service.AnalyticsService (has extras) } U=0: not found
03-10 13:49:54.522 W/ActivityManager(  774): Unable to start service Intent { act=com.google.android.gms.analytics.service.START cmp=com.google.android.gms/.analytics.service.AnalyticsService (has extras) } U=0: not found
03-10 13:49:54.532 W/GAV2    ( 2922): Thread[GAThread,5,main]: Service unavailable (code=1), will retry.
03-10 13:49:54.552 I/GAV2    ( 2922): Thread[GAThread,5,main]: No campaign data found.
03-10 13:49:56.252 W/msgr(:<default>):i( 1362): Exception during service
03-10 13:49:56.252 W/msgr(:<default>):i( 1362): com.fasterxml.jackson.databind.r: Can not deserialize instance of com.fasterxml.jackson.databind.t out of END_ARRAY token
03-10 13:49:56.252 W/msgr(:<default>):i( 1362):  at [Source: com.facebook.http.b.b.b@42d4cfe8; line: 1, column: 2]
03-10 13:49:56.252 W/msgr(:<default>):i( 1362): 	at com.fasterxml.jackson.databind.k.a(DeserializationContext.java:575)
03-10 13:49:56.252 W/msgr(:<default>):i( 1362): 	at com.fasterxml.jackson.databind.k.b(DeserializationContext.java:569)
03-10 13:49:56.252 W/msgr(:<default>):i( 1362): 	at com.fasterxml.jackson.databind.a.b.b.c(JsonNodeDeserializer.java:322)
03-10 13:49:56.252 W/msgr(:<default>):i( 1362): 	at com.fasterxml.jackson.databind.a.b.ak.b(JsonNodeDeserializer.java:63)
03-10 13:49:56.252 W/msgr(:<default>):i( 1362): 	at com.fasterxml.jackson.databind.a.b.ak.a(JsonNodeDeserializer.java:15)
03-10 13:49:56.252 W/msgr(:<default>):i( 1362): 	at com.fasterxml.jackson.databind.ab.c(MappingIterator.java:189)
03-10 13:49:56.252 W/msgr(:<default>):i( 1362): 	at com.facebook.http.protocol.bn.b(MethodBatcherImpl.java:281)
03-10 13:49:56.252 W/msgr(:<default>):i( 1362): 	at com.facebook.http.protocol.bn.a(MethodBatcherImpl.java:255)
03-10 13:49:56.252 W/msgr(:<default>):i( 1362): 	at com.facebook.http.protocol.bn.handleResponse(MethodBatcherImpl.java:235)
03-10 13:49:56.252 W/msgr(:<default>):i( 1362): 	at com.facebook.http.b.t.a(FbHttpRequestProcessor.java:325)
03-10 13:49:56.252 W/msgr(:<default>):i( 1362): 	at com.facebook.http.b.t.a(FbHttpRequestProcessor.java:151)
03-10 13:49:56.252 W/msgr(:<default>):i( 1362): 	at com.facebook.http.b.t.b(FbHttpRequestProcessor.java:103)
03-10 13:49:56.252 W/msgr(:<default>):i( 1362): 	at com.facebook.http.b.t.a(FbHttpRequestProcessor.java:241)
03-10 13:49:56.252 W/msgr(:<default>):i( 1362): 	at com.facebook.http.protocol.bm.a(MethodBatcherImpl.java:217)
03-10 13:49:56.252 W/msgr(:<default>):i( 1362): 	at com.facebook.http.protocol.ad.a(BatchComponentRunner.java:79)
03-10 13:49:56.252 W/msgr(:<default>):i( 1362): 	at com.facebook.config.background.e.a(ConfigBackgroundServiceHandler.java:90)
03-10 13:49:56.252 W/msgr(:<default>):i( 1362): 	at com.facebook.config.background.e.a(ConfigBackgroundServiceHandler.java:59)
03-10 13:49:56.252 W/msgr(:<default>):i( 1362): 	at com.facebook.fbservice.service.i.e(BlueServiceQueue.java:302)
03-10 13:49:56.252 W/msgr(:<default>):i( 1362): 	at com.facebook.fbservice.service.i.d(BlueServiceQueue.java:54)
03-10 13:49:56.252 W/msgr(:<default>):i( 1362): 	at com.facebook.fbservice.service.l.run(BlueServiceQueue.java:232)
03-10 13:49:56.252 W/msgr(:<default>):i( 1362): 	at java.util.concurrent.Executors$RunnableAdapter.call(Executors.java:422)
03-10 13:49:56.252 W/msgr(:<default>):i( 1362): 	at java.util.concurrent.FutureTask.run(FutureTask.java:237)
03-10 13:49:56.252 W/msgr(:<default>):i( 1362): 	at com.facebook.common.executors.ak.run(ListenableScheduledFutureImpl.java:59)
03-10 13:49:56.252 W/msgr(:<default>):i( 1362): 	at android.os.Handler.handleCallback(Handler.java:733)
03-10 13:49:56.252 W/msgr(:<default>):i( 1362): 	at android.os.Handler.dispatchMessage(Handler.java:95)
03-10 13:49:56.252 W/msgr(:<default>):i( 1362): 	at android.os.Looper.loop(Looper.java:136)
03-10 13:49:56.252 W/msgr(:<default>):i( 1362): 	at android.os.HandlerThread.run(HandlerThread.java:61)
03-10 13:49:56.282 D/dalvikvm( 1362): GC_CONCURRENT freed 735K, 5% free 19502K/20484K, paused 3ms+2ms, total 42ms
03-10 13:49:56.482 I/ActivityManager(  774): Waited long enough for: ServiceRecord{43241b50 u0 com.google.android.calendar/com.android.calendar.alerts.InitAlarmsService}
03-10 13:49:56.932 I/ActivityManager(  774): Killing 2886:com.google.android.apps.magazines/u0a57 (adj 15): empty #17
03-10 13:49:57.772 D/AlertService( 2220): Beginning updateAlertNotification
03-10 13:49:57.812 D/AlertService( 2220): No fired or scheduled alerts
03-10 13:49:57.832 D/AlertService( 2220): Scheduling next alarm with AlarmScheduler. sEventReminderReceived: null
03-10 13:49:57.842 D/AlarmScheduler( 2220): Query result count for events starting within 1 week: 3
03-10 13:49:57.852 D/AlertService( 2220): 0 Action = android.intent.action.PROVIDER_CHANGED
03-10 13:49:58.272 I/InputReader(  774): Reconfiguring input devices.  changes=0x00000010
03-10 13:49:58.292 I/PackageManager(  774):   Action: "android.intent.action.SENDTO"
03-10 13:49:58.292 I/PackageManager(  774):   Category: "android.intent.category.DEFAULT"
03-10 13:49:58.292 I/PackageManager(  774):   Scheme: "sms"
03-10 13:49:58.292 D/Launcher.Model( 1025): 11683562 - loadWorkspaceScreensDb()
03-10 13:49:58.292 I/PackageManager(  774): Adding preferred activity ComponentInfo{org.thoughtcrime.securesms/org.thoughtcrime.securesms.RoutingActivity} for user 0 :
03-10 13:49:58.302 D/Launcher.Model( 1025): 11683562 -   screens: { 0: 1 }, { 1: 7 }
03-10 13:49:58.302 D/Launcher.Model( 1025): 11683562 - updateWorkspaceScreenOrder()
03-10 13:49:58.302 D/Launcher.Model( 1025): 11683562 -   screens: 1, 7
03-10 13:49:58.322 I/PackageManager(  774):   Action: "android.intent.action.SENDTO"
03-10 13:49:58.322 I/PackageManager(  774):   Category: "android.intent.category.DEFAULT"
03-10 13:49:58.322 I/PackageManager(  774):   Scheme: "smsto"
03-10 13:49:58.322 I/PackageManager(  774): Adding preferred activity ComponentInfo{org.thoughtcrime.securesms/org.thoughtcrime.securesms.RoutingActivity} for user 0 :
03-10 13:49:58.342 I/PackageManager(  774):   Action: "android.intent.action.SENDTO"
03-10 13:49:58.342 I/PackageManager(  774):   Category: "android.intent.category.DEFAULT"
03-10 13:49:58.342 I/PackageManager(  774):   Scheme: "mms"
03-10 13:49:58.342 I/PackageManager(  774): Adding preferred activity ComponentInfo{org.thoughtcrime.securesms/org.thoughtcrime.securesms.RoutingActivity} for user 0 :
03-10 13:49:58.362 I/PackageManager(  774):   Action: "android.intent.action.SENDTO"
03-10 13:49:58.362 I/PackageManager(  774):   Category: "android.intent.category.DEFAULT"
03-10 13:49:58.362 I/PackageManager(  774):   Scheme: "mmsto"
03-10 13:49:58.362 I/PackageManager(  774): Adding preferred activity ComponentInfo{org.thoughtcrime.securesms/org.thoughtcrime.securesms.RoutingActivity} for user 0 :
03-10 13:49:58.382 D/Launcher( 1025): 11683562 - bindAddScreens()
03-10 13:49:58.382 D/Launcher( 1025): 11683562 -   orderedScreenIds: 
03-10 13:49:58.382 D/Launcher.Workspace( 1025): 11683562 - removeExtraEmptyScreen()
03-10 13:49:58.382 D/Launcher.Workspace( 1025): 11683562 - convertFinalScreenToEmptyScreenIfNecessary()
03-10 13:49:58.392 I/PackageManager(  774):   Action: "android.intent.action.SENDTO"
03-10 13:49:58.392 I/PackageManager(  774):   Category: "android.intent.category.DEFAULT"
03-10 13:49:58.392 I/PackageManager(  774):   Scheme: "sms"
03-10 13:49:58.392 I/PackageManager(  774): Adding preferred activity ComponentInfo{org.thoughtcrime.securesms/org.thoughtcrime.securesms.RoutingActivity} for user 0 :
03-10 13:49:58.412 I/PackageManager(  774):   Action: "android.intent.action.SENDTO"
03-10 13:49:58.412 I/PackageManager(  774):   Category: "android.intent.category.DEFAULT"
03-10 13:49:58.412 I/PackageManager(  774):   Scheme: "smsto"
03-10 13:49:58.412 D/PackageBroadcastService( 1235): Received broadcast action=android.intent.action.PACKAGE_CHANGED and uri=com.android.stk
03-10 13:49:58.412 I/PackageManager(  774): Adding preferred activity ComponentInfo{org.thoughtcrime.securesms/org.thoughtcrime.securesms.RoutingActivity} for user 0 :
03-10 13:49:58.422 D/dalvikvm( 1025): GC_CONCURRENT freed 3059K, 8% free 35730K/38812K, paused 2ms+3ms, total 25ms
03-10 13:49:58.442 I/PackageManager(  774):   Action: "android.intent.action.SENDTO"
03-10 13:49:58.442 I/PackageManager(  774):   Category: "android.intent.category.DEFAULT"
03-10 13:49:58.442 I/PackageManager(  774):   Scheme: "mms"
03-10 13:49:58.442 I/PackageManager(  774): Adding preferred activity ComponentInfo{org.thoughtcrime.securesms/org.thoughtcrime.securesms.RoutingActivity} for user 0 :
03-10 13:49:58.452 I/PeopleContactsSync( 1235): CP2 sync disabled
03-10 13:49:58.452 I/PackageManager(  774):   Action: "android.intent.action.SENDTO"
03-10 13:49:58.452 I/PackageManager(  774):   Category: "android.intent.category.DEFAULT"
03-10 13:49:58.452 I/PackageManager(  774):   Scheme: "mmsto"
03-10 13:49:58.452 I/PackageManager(  774): Adding preferred activity ComponentInfo{org.thoughtcrime.securesms/org.thoughtcrime.securesms.RoutingActivity} for user 0 :
03-10 13:49:58.462 I/Icing.InternalIcingCorporaProvider( 3183): Updating corpora: A: com.android.stk, C: MAYBE
03-10 13:49:58.482 E/AppsCustomizePagedView( 1025): Widget ComponentInfo{com.devhd.feedly/com.devhd.feedly.widget.FeedlyWidgetProvider_4_1} has invalid dimensions (0, 0)
03-10 13:49:58.502 W/Launcher( 1025): setApplicationContext called twice! old=com.google.android.velvet.VelvetApplication@42a67c60 new=com.google.android.velvet.VelvetApplication@42a67c60
03-10 13:49:58.542 D/dalvikvm( 2922): GC_CONCURRENT freed 584K, 3% free 27394K/28016K, paused 2ms+1ms, total 23ms
03-10 13:49:58.582 D/dalvikvm( 3183): GC_CONCURRENT freed 408K, 3% free 17622K/18060K, paused 3ms+3ms, total 22ms
03-10 13:49:58.582 D/dalvikvm( 1235): GC_CONCURRENT freed 422K, 3% free 17206K/17660K, paused 1ms+2ms, total 15ms
03-10 13:49:59.042 D/dalvikvm( 1375): GC_FOR_ALLOC freed 1229K, 8% free 21984K/23708K, paused 39ms, total 39ms
03-10 13:49:59.222 I/ActivityManager(  774): Start proc com.onelouder.baconreader for service com.onelouder.baconreader/.CheckMessageService: pid=3341 uid=10106 gids={50106, 3003, 1028, 1015}
03-10 13:49:59.242 I/ActivityManager(  774): Start proc com.google.android.talk for broadcast com.google.android.talk/com.google.android.apps.babel.realtimechat.RealTimeChatService$AlarmReceiver: pid=3350 uid=10052 gids={50052, 3003, 1028, 1015, 3002}
03-10 13:49:59.272 I/ErrorAgent( 3341): Registering custom exceptions handler
03-10 13:49:59.292 D/ImageCache( 3341): enabled write through to /storage/emulated/0/Android/data/com.onelouder.baconreader/cache/cachefu/image_cache
03-10 13:49:59.292 D/ImageCache( 3341): sanitize DISK cache
03-10 13:49:59.332 D/dalvikvm( 3350): GC_CONCURRENT freed 303K, 2% free 16884K/17216K, paused 3ms+1ms, total 21ms
03-10 13:49:59.342 I/MmsConfig( 3350): MmsConfig.init: mnc/mcc: 244/21
03-10 13:49:59.352 W/Settings( 3350): Setting airplane_mode_on has moved from android.provider.Settings.System to android.provider.Settings.Global, returning read-only value.
03-10 13:49:59.352 I/Babel   ( 3350): ### loadDeviceMmsSettings from API: mUserAgent=Nexus5, mUaProfUrl=http://gsm.lge.com/html/gsm/Nexus5-M3.xml
03-10 13:49:59.352 V/MmsConfig( 3350): tag: bool value: enabledMMS - true
03-10 13:49:59.352 V/MmsConfig( 3350): tag: int value: maxMessageSize - 307200
03-10 13:49:59.352 V/MmsConfig( 3350): tag: int value: maxImageHeight - 480
03-10 13:49:59.352 V/MmsConfig( 3350): tag: int value: maxImageWidth - 640
03-10 13:49:59.352 V/MmsConfig( 3350): tag: int value: recipientLimit - -1
03-10 13:49:59.352 V/MmsConfig( 3350): tag: bool value: enableMultipartSMS - true
03-10 13:49:59.352 V/MmsConfig( 3350): tag: int value: smsToMmsTextThreshold - -1
03-10 13:49:59.352 V/MmsConfig( 3350): tag: int value: maxMessageTextSize - -1
03-10 13:49:59.352 I/Babel   ( 3350): ### loadMmsSettings: mUserAgent=Nexus5, mUaProfUrl=http://gsm.lge.com/html/gsm/Nexus5-M3.xml
03-10 13:49:59.392 D/dalvikvm( 3350): GC_CONCURRENT freed 389K, 3% free 16920K/17340K, paused 3ms+1ms, total 22ms
03-10 13:49:59.422 I/ActivityManager(  774): Killing 3014:com.google.android.tts/u0a49 (adj 15): empty #17
03-10 13:49:59.432 I/TextToSpeech( 2953): Asked to disconnect from ComponentInfo{com.google.android.tts/com.google.android.tts.service.GoogleTTSService}
03-10 13:49:59.452 D/dalvikvm( 1078): GC_EXPLICIT freed 194K, 3% free 17478K/18004K, paused 1ms+3ms, total 20ms
03-10 13:49:59.532 W/GAV2    ( 2922): Thread[Service Reconnect,5,main]: Service unavailable (code=1), using local store.
03-10 13:49:59.532 W/ActivityManager(  774): Unable to start service Intent { act=com.google.android.gms.analytics.service.START cmp=com.google.android.gms/.analytics.service.AnalyticsService (has extras) } U=0: not found
03-10 13:49:59.582 I/Icing   ( 1235): Indexing 9E464DC2A102057D86495404FBBAAC90B8242C74 from com.google.android.googlequicksearchbox
03-10 13:49:59.652 I/Icing   ( 1235): Indexing done 9E464DC2A102057D86495404FBBAAC90B8242C74
03-10 13:49:59.782 D/dalvikvm( 1078): GC_EXPLICIT freed 94K, 3% free 17476K/18004K, paused 1ms+3ms, total 27ms
03-10 13:49:59.792 D/dalvikvm( 1078): null clazz in OP_INSTANCE_OF, single-stepping
03-10 13:49:59.832 D/dalvikvm( 3350): GC_EXPLICIT freed 180K, 2% free 17033K/17340K, paused 1ms+3ms, total 25ms
03-10 13:50:02.852 D/AlertService( 2220): Beginning updateAlertNotification
03-10 13:50:02.862 D/AlertService( 2220): No fired or scheduled alerts
03-10 13:50:02.903 D/AlertService( 2220): Scheduling next alarm with AlarmScheduler. sEventReminderReceived: null
03-10 13:50:02.913 D/AlarmScheduler( 2220): Query result count for events starting within 1 week: 3
03-10 13:50:04.472 V/QcrilMsgTunnelSocket( 1765): After reading offset = 0 remaining = 4 countRead = 4
03-10 13:50:04.472 D/QcrilMsgTunnelSocket( 1765): messageLength extracted from first 4 inputStream reads = 29
03-10 13:50:04.472 V/QcrilMsgTunnelSocket( 1765): offset = 0 remaining = 29 countRead = 0
03-10 13:50:04.492 D/MobileDataStateTracker(  774): default: Broadcast received: android.intent.action.ANY_DATA_STATE apnType=default
03-10 13:50:04.492 D/MobileDataStateTracker(  774): default: Received state=CONNECTED, old=CONNECTED, reason=(unspecified)
03-10 13:50:04.512 V/QcrilMsgTunnelSocket( 1765): offset = 0 remaining = 29 countRead = 29
03-10 13:50:04.512 D/QcrilMsgTunnelSocket( 1765): readRilMessage: Buffer = [B@42a6abf0 HexData = [0100000004040000110000005155414c434f4d4def0308000100000002]
03-10 13:50:04.512 V/QcrilMsgTunnelSocket( 1765): Read packet: 29 bytes. Data Available = 32 Position = 0
03-10 13:50:04.512 D/QcrilMsgTunnelSocket( 1765): processResponse. message type = 1. Data Available = 28
03-10 13:50:04.512 D/QcrilMsgTunnelSocket( 1765): ByteArray from parcel = 5155414c434f4d4def0308000100000002
03-10 13:50:04.512 D/QcrilMsgTunnelSocket( 1765): Received RIL_UNSOL_OEM_HOOK_RAW message
03-10 13:50:04.512 D/QcrilMsgTunnelSocket( 1765): Oem ID in RIL_UNSOL_OEM_HOOK_RAW is QUALCOMM
03-10 13:50:04.512 D/QcrilMsgTunnelSocket( 1765): OEM ID check Passed
03-10 13:50:04.512 D/QcrilMsgTunnelSocket( 1765): Response ID in RIL_UNSOL_OEM_HOOK_RAW is 525295
03-10 13:50:04.512 D/QcrilMsgTunnelSocket( 1765): Response ID 525295is not served in this process.
03-10 13:50:04.512 D/QcrilMsgTunnelSocket( 1765): To broadcast an Intent via the notifier to external apps
03-10 13:50:04.512 V/QcrilMsgTunnelSocket( 1765): Before reading offset = 0 remaining = 4 countRead = 0
03-10 13:50:04.512 D/QcrilMsgTunnelIfaceManager( 1765): handleMessage what=0
03-10 13:50:04.512 D/QcrilMsgTunnelIfaceManager( 1765): Broadcasting intent ACTION_UNSOL_RESPONSE_OEM_HOOK_RAW
03-10 13:50:04.562 V/QcrilMsgTunnelSocket( 1765): After reading offset = 0 remaining = 4 countRead = 4
03-10 13:50:04.562 D/QcrilMsgTunnelSocket( 1765): messageLength extracted from first 4 inputStream reads = 29
03-10 13:50:04.562 V/QcrilMsgTunnelSocket( 1765): offset = 0 remaining = 29 countRead = 0
03-10 13:50:04.562 V/QcrilMsgTunnelSocket( 1765): offset = 0 remaining = 29 countRead = 29
03-10 13:50:04.562 D/QcrilMsgTunnelSocket( 1765): readRilMessage: Buffer = [B@42a6abf0 HexData = [0100000004040000110000005155414c434f4d4def0308000100000002]
03-10 13:50:04.562 V/QcrilMsgTunnelSocket( 1765): Read packet: 29 bytes. Data Available = 32 Position = 0
03-10 13:50:04.562 D/QcrilMsgTunnelSocket( 1765): processResponse. message type = 1. Data Available = 28
03-10 13:50:04.562 D/QcrilMsgTunnelSocket( 1765): ByteArray from parcel = 5155414c434f4d4def0308000100000002
03-10 13:50:04.562 D/QcrilMsgTunnelSocket( 1765): Received RIL_UNSOL_OEM_HOOK_RAW message
03-10 13:50:04.562 D/QcrilMsgTunnelSocket( 1765): Oem ID in RIL_UNSOL_OEM_HOOK_RAW is QUALCOMM
03-10 13:50:04.562 D/QcrilMsgTunnelSocket( 1765): OEM ID check Passed
03-10 13:50:04.562 D/QcrilMsgTunnelSocket( 1765): Response ID in RIL_UNSOL_OEM_HOOK_RAW is 525295
03-10 13:50:04.562 D/QcrilMsgTunnelSocket( 1765): Response ID 525295is not served in this process.
03-10 13:50:04.562 D/QcrilMsgTunnelSocket( 1765): To broadcast an Intent via the notifier to external apps
03-10 13:50:04.562 V/QcrilMsgTunnelSocket( 1765): Before reading offset = 0 remaining = 4 countRead = 0
03-10 13:50:04.562 D/QcrilMsgTunnelIfaceManager( 1765): handleMessage what=0
03-10 13:50:04.562 D/QcrilMsgTunnelIfaceManager( 1765): Broadcasting intent ACTION_UNSOL_RESPONSE_OEM_HOOK_RAW
03-10 13:50:05.402 V/QcrilMsgTunnelSocket( 1765): After reading offset = 0 remaining = 4 countRead = 4
03-10 13:50:05.402 D/QcrilMsgTunnelSocket( 1765): messageLength extracted from first 4 inputStream reads = 29
03-10 13:50:05.402 V/QcrilMsgTunnelSocket( 1765): offset = 0 remaining = 29 countRead = 0
03-10 13:50:05.423 V/QcrilMsgTunnelSocket( 1765): offset = 0 remaining = 29 countRead = 29
03-10 13:50:05.423 D/QcrilMsgTunnelSocket( 1765): readRilMessage: Buffer = [B@42a6abf0 HexData = [0100000004040000110000005155414c434f4d4def0308000100000002]
03-10 13:50:05.423 V/QcrilMsgTunnelSocket( 1765): Read packet: 29 bytes. Data Available = 32 Position = 0
03-10 13:50:05.423 D/QcrilMsgTunnelSocket( 1765): processResponse. message type = 1. Data Available = 28
03-10 13:50:05.423 D/QcrilMsgTunnelSocket( 1765): ByteArray from parcel = 5155414c434f4d4def0308000100000002
03-10 13:50:05.423 D/QcrilMsgTunnelSocket( 1765): Received RIL_UNSOL_OEM_HOOK_RAW message
03-10 13:50:05.423 D/QcrilMsgTunnelSocket( 1765): Oem ID in RIL_UNSOL_OEM_HOOK_RAW is QUALCOMM
03-10 13:50:05.423 D/QcrilMsgTunnelSocket( 1765): OEM ID check Passed
03-10 13:50:05.423 D/QcrilMsgTunnelSocket( 1765): Response ID in RIL_UNSOL_OEM_HOOK_RAW is 525295
03-10 13:50:05.423 D/QcrilMsgTunnelSocket( 1765): Response ID 525295is not served in this process.
03-10 13:50:05.423 D/QcrilMsgTunnelSocket( 1765): To broadcast an Intent via the notifier to external apps
03-10 13:50:05.423 V/QcrilMsgTunnelSocket( 1765): Before reading offset = 0 remaining = 4 countRead = 0
03-10 13:50:05.432 D/dalvikvm(  983): GC_CONCURRENT freed 475K, 3% free 17336K/17828K, paused 2ms+2ms, total 56ms
03-10 13:50:05.432 D/QcrilMsgTunnelIfaceManager( 1765): handleMessage what=0
03-10 13:50:05.432 D/QcrilMsgTunnelIfaceManager( 1765): Broadcasting intent ACTION_UNSOL_RESPONSE_OEM_HOOK_RAW
03-10 13:50:10.073 W/GLSUser ( 1078): GoogleAccountDataService.getToken()
03-10 13:50:10.892 V/QcrilMsgTunnelSocket( 1765): After reading offset = 0 remaining = 4 countRead = 4
03-10 13:50:10.892 D/QcrilMsgTunnelSocket( 1765): messageLength extracted from first 4 inputStream reads = 29
03-10 13:50:10.892 V/QcrilMsgTunnelSocket( 1765): offset = 0 remaining = 29 countRead = 0
03-10 13:50:10.902 V/QcrilMsgTunnelSocket( 1765): offset = 0 remaining = 29 countRead = 29
03-10 13:50:10.902 D/QcrilMsgTunnelSocket( 1765): readRilMessage: Buffer = [B@42a6abf0 HexData = [0100000004040000110000005155414c434f4d4def0308000100000001]
03-10 13:50:10.902 V/QcrilMsgTunnelSocket( 1765): Read packet: 29 bytes. Data Available = 32 Position = 0
03-10 13:50:10.902 D/QcrilMsgTunnelSocket( 1765): processResponse. message type = 1. Data Available = 28
03-10 13:50:10.902 D/QcrilMsgTunnelSocket( 1765): ByteArray from parcel = 5155414c434f4d4def0308000100000001
03-10 13:50:10.902 D/QcrilMsgTunnelSocket( 1765): Received RIL_UNSOL_OEM_HOOK_RAW message
03-10 13:50:10.902 D/QcrilMsgTunnelSocket( 1765): Oem ID in RIL_UNSOL_OEM_HOOK_RAW is QUALCOMM
03-10 13:50:10.902 D/QcrilMsgTunnelSocket( 1765): OEM ID check Passed
03-10 13:50:10.902 D/QcrilMsgTunnelSocket( 1765): Response ID in RIL_UNSOL_OEM_HOOK_RAW is 525295
03-10 13:50:10.922 D/MobileDataStateTracker(  774): default: Broadcast received: android.intent.action.ANY_DATA_STATE apnType=default
03-10 13:50:10.922 D/MobileDataStateTracker(  774): default: Received state=CONNECTED, old=CONNECTED, reason=(unspecified)
03-10 13:50:10.932 D/QcrilMsgTunnelSocket( 1765): Response ID 525295is not served in this process.
03-10 13:50:10.932 D/QcrilMsgTunnelSocket( 1765): To broadcast an Intent via the notifier to external apps
03-10 13:50:10.942 D/QcrilMsgTunnelIfaceManager( 1765): handleMessage what=0
03-10 13:50:10.942 D/QcrilMsgTunnelIfaceManager( 1765): Broadcasting intent ACTION_UNSOL_RESPONSE_OEM_HOOK_RAW
03-10 13:50:10.942 V/QcrilMsgTunnelSocket( 1765): Before reading offset = 0 remaining = 4 countRead = 0
03-10 13:50:11.202 V/QcrilMsgTunnelSocket( 1765): After reading offset = 0 remaining = 4 countRead = 4
03-10 13:50:11.202 D/QcrilMsgTunnelSocket( 1765): messageLength extracted from first 4 inputStream reads = 29
03-10 13:50:11.202 V/QcrilMsgTunnelSocket( 1765): offset = 0 remaining = 29 countRead = 0
03-10 13:50:11.222 V/QcrilMsgTunnelSocket( 1765): offset = 0 remaining = 29 countRead = 29
03-10 13:50:11.222 D/QcrilMsgTunnelSocket( 1765): readRilMessage: Buffer = [B@42a6abf0 HexData = [0100000004040000110000005155414c434f4d4def0308000100000000]
03-10 13:50:11.222 V/QcrilMsgTunnelSocket( 1765): Read packet: 29 bytes. Data Available = 32 Position = 0
03-10 13:50:11.222 D/QcrilMsgTunnelSocket( 1765): processResponse. message type = 1. Data Available = 28
03-10 13:50:11.222 D/QcrilMsgTunnelSocket( 1765): ByteArray from parcel = 5155414c434f4d4def0308000100000000
03-10 13:50:11.222 D/QcrilMsgTunnelSocket( 1765): Received RIL_UNSOL_OEM_HOOK_RAW message
03-10 13:50:11.222 D/QcrilMsgTunnelSocket( 1765): Oem ID in RIL_UNSOL_OEM_HOOK_RAW is QUALCOMM
03-10 13:50:11.222 D/QcrilMsgTunnelSocket( 1765): OEM ID check Passed
03-10 13:50:11.222 D/QcrilMsgTunnelSocket( 1765): Response ID in RIL_UNSOL_OEM_HOOK_RAW is 525295
03-10 13:50:11.222 D/QcrilMsgTunnelSocket( 1765): Response ID 525295is not served in this process.
03-10 13:50:11.222 D/QcrilMsgTunnelSocket( 1765): To broadcast an Intent via the notifier to external apps
03-10 13:50:11.232 V/QcrilMsgTunnelSocket( 1765): Before reading offset = 0 remaining = 4 countRead = 0
03-10 13:50:11.232 D/QcrilMsgTunnelIfaceManager( 1765): handleMessage what=0
03-10 13:50:11.232 D/QcrilMsgTunnelIfaceManager( 1765): Broadcasting intent ACTION_UNSOL_RESPONSE_OEM_HOOK_RAW
03-10 13:50:11.482 D/InitAlarmsService( 2220): Clearing and rescheduling alarms.
03-10 13:50:11.482 I/ActivityManager(  774): Killing 2953:com.google.android.apps.maps/u0a58 (adj 15): empty #17
03-10 13:50:11.922 I/qtaguid ( 1986): Failed write_ctrl(u 53) res=-1 errno=22
03-10 13:50:11.922 I/qtaguid ( 1986): Untagging socket 53 failed errno=-22
03-10 13:50:11.932 W/NetworkManagementSocketTagger( 1986): untagSocket(53) failed with errno -22
03-10 13:50:11.992 D/dalvikvm( 1986): GC_CONCURRENT freed 311K, 2% free 17625K/17968K, paused 2ms+3ms, total 17ms
03-10 13:50:12.082 D/dalvikvm( 1986): GC_CONCURRENT freed 183K, 2% free 17848K/18072K, paused 2ms+3ms, total 17ms
03-10 13:50:12.142 D/dalvikvm( 1986): GC_CONCURRENT freed 142K, 2% free 18147K/18336K, paused 2ms+2ms, total 22ms
03-10 13:50:12.192 D/dalvikvm( 1986): GC_CONCURRENT freed 205K, 2% free 18359K/18628K, paused 3ms+1ms, total 18ms
03-10 13:50:12.192 D/dalvikvm( 1986): WAIT_FOR_CONCURRENT_GC blocked 3ms
03-10 13:50:12.212 D/dalvikvm( 1986): GC_FOR_ALLOC freed 259K, 3% free 18471K/18884K, paused 15ms, total 15ms
03-10 13:50:12.232 D/dalvikvm( 1986): GC_FOR_ALLOC freed 271K, 3% free 18628K/19076K, paused 14ms, total 14ms
03-10 13:50:12.292 D/dalvikvm( 1986): GC_CONCURRENT freed 267K, 2% free 18873K/19204K, paused 2ms+1ms, total 17ms
03-10 13:50:12.362 D/dalvikvm( 1986): GC_CONCURRENT freed 179K, 2% free 19285K/19496K, paused 2ms+1ms, total 19ms
03-10 13:50:12.472 D/dalvikvm( 1986): GC_CONCURRENT freed 519K, 3% free 19620K/20172K, paused 3ms+3ms, total 34ms
03-10 13:50:12.542 D/Finsky  ( 1986): [1] CheckWifiAndAutoUpdate.cancelCheck: Cancelling auto-update wifi check.
03-10 13:50:12.602 D/dalvikvm( 1986): GC_CONCURRENT freed 589K, 4% free 19871K/20496K, paused 2ms+1ms, total 23ms
03-10 13:50:12.772 D/dalvikvm(  774): GC_EXPLICIT freed 1606K, 9% free 26729K/29260K, paused 2ms+6ms, total 79ms
03-10 13:50:12.792 W/GLSUser ( 1078): GoogleAccountDataService.getToken()
03-10 13:50:14.522 I/qtaguid ( 1986): Failed write_ctrl(u 53) res=-1 errno=22
03-10 13:50:14.522 I/qtaguid ( 1986): Untagging socket 53 failed errno=-22
03-10 13:50:14.522 W/NetworkManagementSocketTagger( 1986): untagSocket(53) failed with errno -22
03-10 13:50:14.612 D/dalvikvm( 1986): GC_CONCURRENT freed 685K, 4% free 20165K/20912K, paused 3ms+7ms, total 31ms
03-10 13:50:14.732 D/Finsky  ( 1986): [1] DailyHygiene.flushEventLogs: Flushing event logs for [h8oDSybNDDZzpp4iys_x3qq36Xs]
03-10 13:50:18.393 D/ConnectivityService(  774): Sampling interval elapsed, updating statistics ..
03-10 13:50:18.433 D/ConnectivityService(  774): Done.
03-10 13:50:18.433 D/ConnectivityService(  774): Setting timer for 720seconds
03-10 13:50:18.962 V/QcrilMsgTunnelSocket( 1765): After reading offset = 0 remaining = 4 countRead = 4
03-10 13:50:18.962 D/QcrilMsgTunnelSocket( 1765): messageLength extracted from first 4 inputStream reads = 29
03-10 13:50:18.972 V/QcrilMsgTunnelSocket( 1765): offset = 0 remaining = 29 countRead = 0
03-10 13:50:18.992 D/MobileDataStateTracker(  774): default: Broadcast received: android.intent.action.ANY_DATA_STATE apnType=default
03-10 13:50:18.992 D/MobileDataStateTracker(  774): default: Received state=CONNECTED, old=CONNECTED, reason=(unspecified)
03-10 13:50:19.002 V/QcrilMsgTunnelSocket( 1765): offset = 0 remaining = 29 countRead = 29
03-10 13:50:19.002 D/QcrilMsgTunnelSocket( 1765): readRilMessage: Buffer = [B@42a6abf0 HexData = [0100000004040000110000005155414c434f4d4def0308000100000002]
03-10 13:50:19.002 V/QcrilMsgTunnelSocket( 1765): Read packet: 29 bytes. Data Available = 32 Position = 0
03-10 13:50:19.002 D/QcrilMsgTunnelSocket( 1765): processResponse. message type = 1. Data Available = 28
03-10 13:50:19.002 D/QcrilMsgTunnelSocket( 1765): ByteArray from parcel = 5155414c434f4d4def0308000100000002
03-10 13:50:19.002 D/QcrilMsgTunnelSocket( 1765): Received RIL_UNSOL_OEM_HOOK_RAW message
03-10 13:50:19.002 D/QcrilMsgTunnelSocket( 1765): Oem ID in RIL_UNSOL_OEM_HOOK_RAW is QUALCOMM
03-10 13:50:19.002 D/QcrilMsgTunnelSocket( 1765): OEM ID check Passed
03-10 13:50:19.002 D/QcrilMsgTunnelSocket( 1765): Response ID in RIL_UNSOL_OEM_HOOK_RAW is 525295
03-10 13:50:19.002 D/QcrilMsgTunnelSocket( 1765): Response ID 525295is not served in this process.
03-10 13:50:19.002 D/QcrilMsgTunnelSocket( 1765): To broadcast an Intent via the notifier to external apps
03-10 13:50:19.002 V/QcrilMsgTunnelSocket( 1765): Before reading offset = 0 remaining = 4 countRead = 0
03-10 13:50:19.012 D/QcrilMsgTunnelIfaceManager( 1765): handleMessage what=0
03-10 13:50:19.012 D/QcrilMsgTunnelIfaceManager( 1765): Broadcasting intent ACTION_UNSOL_RESPONSE_OEM_HOOK_RAW
03-10 13:50:19.022 V/QcrilMsgTunnelSocket( 1765): After reading offset = 0 remaining = 4 countRead = 4
03-10 13:50:19.022 D/QcrilMsgTunnelSocket( 1765): messageLength extracted from first 4 inputStream reads = 29
03-10 13:50:19.022 V/QcrilMsgTunnelSocket( 1765): offset = 0 remaining = 29 countRead = 0
03-10 13:50:19.032 V/QcrilMsgTunnelSocket( 1765): offset = 0 remaining = 29 countRead = 29
03-10 13:50:19.052 D/dalvikvm(  983): GC_CONCURRENT freed 408K, 3% free 17326K/17828K, paused 1ms+1ms, total 22ms
03-10 13:50:19.052 D/QcrilMsgTunnelSocket( 1765): readRilMessage: Buffer = [B@42a6abf0 HexData = [0100000004040000110000005155414c434f4d4def0308000100000002]
