03-10 13:50:19.052 V/QcrilMsgTunnelSocket( 1765): Read packet: 29 bytes. Data Available = 32 Position = 0
03-10 13:50:19.052 D/QcrilMsgTunnelSocket( 1765): processResponse. message type = 1. Data Available = 28
03-10 13:50:19.052 D/QcrilMsgTunnelSocket( 1765): ByteArray from parcel = 5155414c434f4d4def0308000100000002
03-10 13:50:19.052 D/QcrilMsgTunnelSocket( 1765): Received RIL_UNSOL_OEM_HOOK_RAW message
03-10 13:50:19.052 D/QcrilMsgTunnelSocket( 1765): Oem ID in RIL_UNSOL_OEM_HOOK_RAW is QUALCOMM
03-10 13:50:19.052 D/QcrilMsgTunnelSocket( 1765): OEM ID check Passed
03-10 13:50:19.052 D/QcrilMsgTunnelSocket( 1765): Response ID in RIL_UNSOL_OEM_HOOK_RAW is 525295
03-10 13:50:19.052 D/QcrilMsgTunnelSocket( 1765): Response ID 525295is not served in this process.
03-10 13:50:19.052 D/QcrilMsgTunnelSocket( 1765): To broadcast an Intent via the notifier to external apps
03-10 13:50:19.052 V/QcrilMsgTunnelSocket( 1765): Before reading offset = 0 remaining = 4 countRead = 0
03-10 13:50:19.052 D/QcrilMsgTunnelIfaceManager( 1765): handleMessage what=0
03-10 13:50:19.052 D/QcrilMsgTunnelIfaceManager( 1765): Broadcasting intent ACTION_UNSOL_RESPONSE_OEM_HOOK_RAW
03-10 13:50:19.612 V/QcrilMsgTunnelSocket( 1765): After reading offset = 0 remaining = 4 countRead = 4
03-10 13:50:19.612 D/QcrilMsgTunnelSocket( 1765): messageLength extracted from first 4 inputStream reads = 29
03-10 13:50:19.612 V/QcrilMsgTunnelSocket( 1765): offset = 0 remaining = 29 countRead = 0
03-10 13:50:19.612 V/QcrilMsgTunnelSocket( 1765): offset = 0 remaining = 29 countRead = 29
03-10 13:50:19.612 D/QcrilMsgTunnelSocket( 1765): readRilMessage: Buffer = [B@42a6abf0 HexData = [0100000004040000110000005155414c434f4d4def0308000100000002]
03-10 13:50:19.612 V/QcrilMsgTunnelSocket( 1765): Read packet: 29 bytes. Data Available = 32 Position = 0
03-10 13:50:19.632 D/QcrilMsgTunnelSocket( 1765): processResponse. message type = 1. Data Available = 28
03-10 13:50:19.632 D/QcrilMsgTunnelSocket( 1765): ByteArray from parcel = 5155414c434f4d4def0308000100000002
03-10 13:50:19.632 D/QcrilMsgTunnelSocket( 1765): Received RIL_UNSOL_OEM_HOOK_RAW message
03-10 13:50:19.632 D/QcrilMsgTunnelSocket( 1765): Oem ID in RIL_UNSOL_OEM_HOOK_RAW is QUALCOMM
03-10 13:50:19.632 D/QcrilMsgTunnelSocket( 1765): OEM ID check Passed
03-10 13:50:19.632 D/QcrilMsgTunnelSocket( 1765): Response ID in RIL_UNSOL_OEM_HOOK_RAW is 525295
03-10 13:50:19.632 D/QcrilMsgTunnelSocket( 1765): Response ID 525295is not served in this process.
03-10 13:50:19.632 D/QcrilMsgTunnelSocket( 1765): To broadcast an Intent via the notifier to external apps
03-10 13:50:19.632 V/QcrilMsgTunnelSocket( 1765): Before reading offset = 0 remaining = 4 countRead = 0
03-10 13:50:19.632 D/QcrilMsgTunnelIfaceManager( 1765): handleMessage what=0
03-10 13:50:19.632 D/QcrilMsgTunnelIfaceManager( 1765): Broadcasting intent ACTION_UNSOL_RESPONSE_OEM_HOOK_RAW
03-10 13:50:23.183 E/ThermalEngine(  193): TM Id 'SKIN_THERMAL_management_1' Sensor 'xo_therm_pu2' - alarm cleared 2 at 40.0 degC
03-10 13:50:23.183 E/ThermalEngine(  193): ACTION: LCD - Setting max LCD brightness to 229
03-10 13:50:26.442 D/dalvikvm( 1362): GC_CONCURRENT freed 674K, 4% free 19704K/20484K, paused 2ms+3ms, total 27ms
03-10 13:50:27.592 V/QcrilMsgTunnelSocket( 1765): After reading offset = 0 remaining = 4 countRead = 4
03-10 13:50:27.592 D/QcrilMsgTunnelSocket( 1765): messageLength extracted from first 4 inputStream reads = 29
03-10 13:50:27.592 V/QcrilMsgTunnelSocket( 1765): offset = 0 remaining = 29 countRead = 0
03-10 13:50:27.612 V/QcrilMsgTunnelSocket( 1765): offset = 0 remaining = 29 countRead = 29
03-10 13:50:27.612 D/QcrilMsgTunnelSocket( 1765): readRilMessage: Buffer = [B@42a6abf0 HexData = [0100000004040000110000005155414c434f4d4def0308000100000000]
03-10 13:50:27.612 V/QcrilMsgTunnelSocket( 1765): Read packet: 29 bytes. Data Available = 32 Position = 0
03-10 13:50:27.612 D/QcrilMsgTunnelSocket( 1765): processResponse. message type = 1. Data Available = 28
03-10 13:50:27.612 D/QcrilMsgTunnelSocket( 1765): ByteArray from parcel = 5155414c434f4d4def0308000100000000
03-10 13:50:27.612 D/QcrilMsgTunnelSocket( 1765): Received RIL_UNSOL_OEM_HOOK_RAW message
03-10 13:50:27.612 D/QcrilMsgTunnelSocket( 1765): Oem ID in RIL_UNSOL_OEM_HOOK_RAW is QUALCOMM
03-10 13:50:27.612 D/QcrilMsgTunnelSocket( 1765): OEM ID check Passed
03-10 13:50:27.612 D/QcrilMsgTunnelSocket( 1765): Response ID in RIL_UNSOL_OEM_HOOK_RAW is 525295
03-10 13:50:27.612 D/QcrilMsgTunnelSocket( 1765): Response ID 525295is not served in this process.
03-10 13:50:27.612 D/QcrilMsgTunnelSocket( 1765): To broadcast an Intent via the notifier to external apps
03-10 13:50:27.612 V/QcrilMsgTunnelSocket( 1765): Before reading offset = 0 remaining = 4 countRead = 0
03-10 13:50:27.622 D/QcrilMsgTunnelIfaceManager( 1765): handleMessage what=0
03-10 13:50:27.622 D/QcrilMsgTunnelIfaceManager( 1765): Broadcasting intent ACTION_UNSOL_RESPONSE_OEM_HOOK_RAW
03-10 13:50:27.632 D/dalvikvm(  983): GC_CONCURRENT freed 385K, 3% free 17339K/17816K, paused 0ms+0ms, total 13ms
03-10 13:50:27.642 D/MobileDataStateTracker(  774): default: Broadcast received: android.intent.action.ANY_DATA_STATE apnType=default
03-10 13:50:27.652 D/MobileDataStateTracker(  774): default: Received state=CONNECTED, old=CONNECTED, reason=(unspecified)
03-10 13:50:27.782 D/Finsky  ( 1986): [1] 5.onFinished: Installation state replication succeeded.
03-10 13:50:27.792 D/dalvikvm( 1986): GC_CONCURRENT freed 1012K, 5% free 20283K/21336K, paused 2ms+1ms, total 53ms
03-10 13:50:28.302 D/dalvikvm( 1362): GC_CONCURRENT freed 993K, 5% free 19706K/20728K, paused 3ms+2ms, total 39ms
03-10 13:50:28.302 D/dalvikvm( 1362): WAIT_FOR_CONCURRENT_GC blocked 8ms
03-10 13:50:28.362 V/QcrilMsgTunnelSocket( 1765): After reading offset = 0 remaining = 4 countRead = 4
03-10 13:50:28.362 D/QcrilMsgTunnelSocket( 1765): messageLength extracted from first 4 inputStream reads = 29
03-10 13:50:28.362 V/QcrilMsgTunnelSocket( 1765): offset = 0 remaining = 29 countRead = 0
03-10 13:50:28.362 V/QcrilMsgTunnelSocket( 1765): offset = 0 remaining = 29 countRead = 29
03-10 13:50:28.362 D/QcrilMsgTunnelSocket( 1765): readRilMessage: Buffer = [B@42a6abf0 HexData = [0100000004040000110000005155414c434f4d4def0308000100000000]
03-10 13:50:28.362 V/QcrilMsgTunnelSocket( 1765): Read packet: 29 bytes. Data Available = 32 Position = 0
03-10 13:50:28.362 D/QcrilMsgTunnelSocket( 1765): processResponse. message type = 1. Data Available = 28
03-10 13:50:28.362 D/QcrilMsgTunnelSocket( 1765): ByteArray from parcel = 5155414c434f4d4def0308000100000000
03-10 13:50:28.362 D/QcrilMsgTunnelSocket( 1765): Received RIL_UNSOL_OEM_HOOK_RAW message
03-10 13:50:28.362 D/QcrilMsgTunnelSocket( 1765): Oem ID in RIL_UNSOL_OEM_HOOK_RAW is QUALCOMM
03-10 13:50:28.362 D/QcrilMsgTunnelSocket( 1765): OEM ID check Passed
03-10 13:50:28.362 D/QcrilMsgTunnelSocket( 1765): Response ID in RIL_UNSOL_OEM_HOOK_RAW is 525295
03-10 13:50:28.362 D/QcrilMsgTunnelSocket( 1765): Response ID 525295is not served in this process.
03-10 13:50:28.362 D/QcrilMsgTunnelSocket( 1765): To broadcast an Intent via the notifier to external apps
03-10 13:50:28.362 V/QcrilMsgTunnelSocket( 1765): Before reading offset = 0 remaining = 4 countRead = 0
03-10 13:50:28.362 D/QcrilMsgTunnelIfaceManager( 1765): handleMessage what=0
03-10 13:50:28.362 D/QcrilMsgTunnelIfaceManager( 1765): Broadcasting intent ACTION_UNSOL_RESPONSE_OEM_HOOK_RAW
03-10 13:50:32.952 V/QcrilMsgTunnelSocket( 1765): After reading offset = 0 remaining = 4 countRead = 4
03-10 13:50:32.952 D/QcrilMsgTunnelSocket( 1765): messageLength extracted from first 4 inputStream reads = 29
03-10 13:50:32.952 V/QcrilMsgTunnelSocket( 1765): offset = 0 remaining = 29 countRead = 0
03-10 13:50:32.982 D/MobileDataStateTracker(  774): default: Broadcast received: android.intent.action.ANY_DATA_STATE apnType=default
03-10 13:50:32.982 D/MobileDataStateTracker(  774): default: Received state=CONNECTED, old=CONNECTED, reason=(unspecified)
03-10 13:50:33.002 V/QcrilMsgTunnelSocket( 1765): offset = 0 remaining = 29 countRead = 29
03-10 13:50:33.002 D/QcrilMsgTunnelSocket( 1765): readRilMessage: Buffer = [B@42a6abf0 HexData = [0100000004040000110000005155414c434f4d4def0308000100000002]
03-10 13:50:33.002 V/QcrilMsgTunnelSocket( 1765): Read packet: 29 bytes. Data Available = 32 Position = 0
03-10 13:50:33.002 D/QcrilMsgTunnelSocket( 1765): processResponse. message type = 1. Data Available = 28
03-10 13:50:33.002 D/QcrilMsgTunnelSocket( 1765): ByteArray from parcel = 5155414c434f4d4def0308000100000002
03-10 13:50:33.002 D/QcrilMsgTunnelSocket( 1765): Received RIL_UNSOL_OEM_HOOK_RAW message
03-10 13:50:33.002 D/QcrilMsgTunnelSocket( 1765): Oem ID in RIL_UNSOL_OEM_HOOK_RAW is QUALCOMM
03-10 13:50:33.002 D/QcrilMsgTunnelSocket( 1765): OEM ID check Passed
03-10 13:50:33.002 D/QcrilMsgTunnelSocket( 1765): Response ID in RIL_UNSOL_OEM_HOOK_RAW is 525295
03-10 13:50:33.002 D/QcrilMsgTunnelSocket( 1765): Response ID 525295is not served in this process.
03-10 13:50:33.002 D/QcrilMsgTunnelSocket( 1765): To broadcast an Intent via the notifier to external apps
03-10 13:50:33.002 V/QcrilMsgTunnelSocket( 1765): Before reading offset = 0 remaining = 4 countRead = 0
03-10 13:50:33.002 D/QcrilMsgTunnelIfaceManager( 1765): handleMessage what=0
03-10 13:50:33.002 D/QcrilMsgTunnelIfaceManager( 1765): Broadcasting intent ACTION_UNSOL_RESPONSE_OEM_HOOK_RAW
03-10 13:50:33.042 V/QcrilMsgTunnelSocket( 1765): After reading offset = 0 remaining = 4 countRead = 4
03-10 13:50:33.042 D/QcrilMsgTunnelSocket( 1765): messageLength extracted from first 4 inputStream reads = 29
03-10 13:50:33.042 V/QcrilMsgTunnelSocket( 1765): offset = 0 remaining = 29 countRead = 0
03-10 13:50:33.042 V/QcrilMsgTunnelSocket( 1765): offset = 0 remaining = 29 countRead = 29
03-10 13:50:33.042 D/QcrilMsgTunnelSocket( 1765): readRilMessage: Buffer = [B@42a6abf0 HexData = [0100000004040000110000005155414c434f4d4def0308000100000002]
03-10 13:50:33.042 V/QcrilMsgTunnelSocket( 1765): Read packet: 29 bytes. Data Available = 32 Position = 0
03-10 13:50:33.042 D/QcrilMsgTunnelSocket( 1765): processResponse. message type = 1. Data Available = 28
03-10 13:50:33.042 D/QcrilMsgTunnelSocket( 1765): ByteArray from parcel = 5155414c434f4d4def0308000100000002
03-10 13:50:33.042 D/QcrilMsgTunnelSocket( 1765): Received RIL_UNSOL_OEM_HOOK_RAW message
03-10 13:50:33.042 D/QcrilMsgTunnelSocket( 1765): Oem ID in RIL_UNSOL_OEM_HOOK_RAW is QUALCOMM
03-10 13:50:33.042 D/QcrilMsgTunnelSocket( 1765): OEM ID check Passed
03-10 13:50:33.042 D/QcrilMsgTunnelSocket( 1765): Response ID in RIL_UNSOL_OEM_HOOK_RAW is 525295
03-10 13:50:33.052 D/QcrilMsgTunnelSocket( 1765): Response ID 525295is not served in this process.
03-10 13:50:33.052 D/QcrilMsgTunnelSocket( 1765): To broadcast an Intent via the notifier to external apps
03-10 13:50:33.052 V/QcrilMsgTunnelSocket( 1765): Before reading offset = 0 remaining = 4 countRead = 0
03-10 13:50:33.052 D/QcrilMsgTunnelIfaceManager( 1765): handleMessage what=0
03-10 13:50:33.052 D/QcrilMsgTunnelIfaceManager( 1765): Broadcasting intent ACTION_UNSOL_RESPONSE_OEM_HOOK_RAW
03-10 13:50:33.532 V/QcrilMsgTunnelSocket( 1765): After reading offset = 0 remaining = 4 countRead = 4
03-10 13:50:33.532 D/QcrilMsgTunnelSocket( 1765): messageLength extracted from first 4 inputStream reads = 29
03-10 13:50:33.532 V/QcrilMsgTunnelSocket( 1765): offset = 0 remaining = 29 countRead = 0
03-10 13:50:33.572 V/QcrilMsgTunnelSocket( 1765): offset = 0 remaining = 29 countRead = 29
03-10 13:50:33.572 D/QcrilMsgTunnelSocket( 1765): readRilMessage: Buffer = [B@42a6abf0 HexData = [0100000004040000110000005155414c434f4d4def0308000100000002]
03-10 13:50:33.572 V/QcrilMsgTunnelSocket( 1765): Read packet: 29 bytes. Data Available = 32 Position = 0
03-10 13:50:33.572 D/QcrilMsgTunnelSocket( 1765): processResponse. message type = 1. Data Available = 28
03-10 13:50:33.572 D/QcrilMsgTunnelSocket( 1765): ByteArray from parcel = 5155414c434f4d4def0308000100000002
03-10 13:50:33.572 D/QcrilMsgTunnelSocket( 1765): Received RIL_UNSOL_OEM_HOOK_RAW message
03-10 13:50:33.572 D/QcrilMsgTunnelSocket( 1765): Oem ID in RIL_UNSOL_OEM_HOOK_RAW is QUALCOMM
03-10 13:50:33.572 D/QcrilMsgTunnelSocket( 1765): OEM ID check Passed
03-10 13:50:33.572 D/QcrilMsgTunnelSocket( 1765): Response ID in RIL_UNSOL_OEM_HOOK_RAW is 525295
03-10 13:50:33.572 D/QcrilMsgTunnelSocket( 1765): Response ID 525295is not served in this process.
03-10 13:50:33.572 D/QcrilMsgTunnelSocket( 1765): To broadcast an Intent via the notifier to external apps
03-10 13:50:33.572 D/QcrilMsgTunnelIfaceManager( 1765): handleMessage what=0
03-10 13:50:33.572 D/QcrilMsgTunnelIfaceManager( 1765): Broadcasting intent ACTION_UNSOL_RESPONSE_OEM_HOOK_RAW
03-10 13:50:33.572 V/QcrilMsgTunnelSocket( 1765): Before reading offset = 0 remaining = 4 countRead = 0
03-10 13:50:42.892 V/QcrilMsgTunnelSocket( 1765): After reading offset = 0 remaining = 4 countRead = 4
03-10 13:50:42.892 D/QcrilMsgTunnelSocket( 1765): messageLength extracted from first 4 inputStream reads = 29
03-10 13:50:42.892 V/QcrilMsgTunnelSocket( 1765): offset = 0 remaining = 29 countRead = 0
03-10 13:50:42.912 V/QcrilMsgTunnelSocket( 1765): offset = 0 remaining = 29 countRead = 29
03-10 13:50:42.912 D/QcrilMsgTunnelSocket( 1765): readRilMessage: Buffer = [B@42a6abf0 HexData = [0100000004040000110000005155414c434f4d4def0308000100000000]
03-10 13:50:42.912 V/QcrilMsgTunnelSocket( 1765): Read packet: 29 bytes. Data Available = 32 Position = 0
03-10 13:50:42.912 D/QcrilMsgTunnelSocket( 1765): processResponse. message type = 1. Data Available = 28
03-10 13:50:42.912 D/QcrilMsgTunnelSocket( 1765): ByteArray from parcel = 5155414c434f4d4def0308000100000000
03-10 13:50:42.912 D/QcrilMsgTunnelSocket( 1765): Received RIL_UNSOL_OEM_HOOK_RAW message
03-10 13:50:42.912 D/QcrilMsgTunnelSocket( 1765): Oem ID in RIL_UNSOL_OEM_HOOK_RAW is QUALCOMM
03-10 13:50:42.912 D/QcrilMsgTunnelSocket( 1765): OEM ID check Passed
03-10 13:50:42.912 D/QcrilMsgTunnelSocket( 1765): Response ID in RIL_UNSOL_OEM_HOOK_RAW is 525295
03-10 13:50:42.912 D/QcrilMsgTunnelSocket( 1765): Response ID 525295is not served in this process.
03-10 13:50:42.912 D/QcrilMsgTunnelSocket( 1765): To broadcast an Intent via the notifier to external apps
03-10 13:50:42.912 V/QcrilMsgTunnelSocket( 1765): Before reading offset = 0 remaining = 4 countRead = 0
03-10 13:50:42.912 D/QcrilMsgTunnelIfaceManager( 1765): handleMessage what=0
03-10 13:50:42.912 D/QcrilMsgTunnelIfaceManager( 1765): Broadcasting intent ACTION_UNSOL_RESPONSE_OEM_HOOK_RAW
03-10 13:50:44.833 I/ActivityManager(  774): Killing 3028:com.devhd.feedly/u0a85 (adj 15): empty #17
03-10 13:50:50.312 V/QcrilMsgTunnelSocket( 1765): After reading offset = 0 remaining = 4 countRead = 4
03-10 13:50:50.312 D/QcrilMsgTunnelSocket( 1765): messageLength extracted from first 4 inputStream reads = 29
03-10 13:50:50.312 V/QcrilMsgTunnelSocket( 1765): offset = 0 remaining = 29 countRead = 0
03-10 13:50:50.352 V/QcrilMsgTunnelSocket( 1765): offset = 0 remaining = 29 countRead = 29
03-10 13:50:50.352 D/QcrilMsgTunnelSocket( 1765): readRilMessage: Buffer = [B@42a6abf0 HexData = [0100000004040000110000005155414c434f4d4def0308000100000000]
03-10 13:50:50.352 V/QcrilMsgTunnelSocket( 1765): Read packet: 29 bytes. Data Available = 32 Position = 0
03-10 13:50:50.352 D/QcrilMsgTunnelSocket( 1765): processResponse. message type = 1. Data Available = 28
03-10 13:50:50.352 D/QcrilMsgTunnelSocket( 1765): ByteArray from parcel = 5155414c434f4d4def0308000100000000
03-10 13:50:50.352 D/QcrilMsgTunnelSocket( 1765): Received RIL_UNSOL_OEM_HOOK_RAW message
03-10 13:50:50.352 D/QcrilMsgTunnelSocket( 1765): Oem ID in RIL_UNSOL_OEM_HOOK_RAW is QUALCOMM
03-10 13:50:50.352 D/QcrilMsgTunnelSocket( 1765): OEM ID check Passed
03-10 13:50:50.352 D/QcrilMsgTunnelSocket( 1765): Response ID in RIL_UNSOL_OEM_HOOK_RAW is 525295
03-10 13:50:50.352 D/QcrilMsgTunnelSocket( 1765): Response ID 525295is not served in this process.
03-10 13:50:50.352 D/QcrilMsgTunnelSocket( 1765): To broadcast an Intent via the notifier to external apps
03-10 13:50:50.362 D/QcrilMsgTunnelIfaceManager( 1765): handleMessage what=0
03-10 13:50:50.362 D/QcrilMsgTunnelIfaceManager( 1765): Broadcasting intent ACTION_UNSOL_RESPONSE_OEM_HOOK_RAW
03-10 13:50:50.402 V/QcrilMsgTunnelSocket( 1765): Before reading offset = 0 remaining = 4 countRead = 0
03-10 13:50:50.412 D/dalvikvm(  983): GC_CONCURRENT freed 403K, 3% free 17344K/17816K, paused 23ms+3ms, total 48ms
03-10 13:50:52.723 I/rmt_storage(  176): rmt_storage_connect_cb: clnt_h=0x7 conn_h=0xb822f160
03-10 13:50:52.723 I/rmt_storage(  176): rmt_storage_rw_iovec_cb: /boot/modem_fs1: clnt_h=0x1: req_h=0xb msg_id=3: R/W request received
03-10 13:50:52.723 I/rmt_storage(  176): wakelock acquired: 1, error no: 2
03-10 13:50:52.723 I/rmt_storage(  176): rmt_storage_client_thread: /boot/modem_fs1: clnt_h=0x1 Unblock worker thread (th_id: -1205670192)
03-10 13:50:52.793 I/rmt_storage(  176): rmt_storage_client_thread: /boot/modem_fs1: clnt_h=0x1: req_h=0xb msg_id=3: Bytes written = 1572864
03-10 13:50:52.793 I/rmt_storage(  176): rmt_storage_client_thread: /boot/modem_fs1: clnt_h=0x1: req_h=0xb msg_id=3: Send response: res=0 err=0
03-10 13:50:52.793 I/rmt_storage(  176): rmt_storage_client_thread: /boot/modem_fs1: clnt_h=0x1 About to block rmt_storage client thread (th_id: -1205670192) wakelock released: 1, error no: 0
03-10 13:50:52.793 I/rmt_storage(  176): 
03-10 13:50:52.793 I/rmt_storage(  176): rmt_storage_disconnect_cb: clnt_h=0x0x7 conn_h=0x0xb822f160
03-10 13:50:54.803 D/MobileDataStateTracker(  774): default: Broadcast received: android.intent.action.ANY_DATA_STATE apnType=default
03-10 13:50:54.822 D/MobileDataStateTracker(  774): default: Received state=DISCONNECTED, old=CONNECTED, reason=(unspecified)
03-10 13:50:54.822 D/MobileDataStateTracker(  774): default: setDetailed state, old =CONNECTED and new state=DISCONNECTED
03-10 13:50:54.822 E/MobileDataStateTracker(  774): default: unknown network type: 0
03-10 13:50:54.822 D/ConnectivityService(  774): ConnectivityChange for mobile: DISCONNECTED/DISCONNECTED
03-10 13:50:54.822 D/ConnectivityService(  774): tryFailover: set mActiveDefaultNetwork=-1, prevNetType=0
03-10 13:50:54.822 D/ConnectivityService(  774): Attempting to switch to wifi
03-10 13:50:54.822 D/ConnectivityService(  774): Attempting to switch to BLUETOOTH_TETHER
03-10 13:50:54.832 D/NetUtils(  774): android_net_utils_resetConnections in env=0x77577410 clazz=0xb1a00001 iface=rmnet0 mask=0x3
03-10 13:50:54.832 D/ConnectivityService(  774): resetConnections(rmnet0, 3)
03-10 13:50:54.842 D/MobileDataStateTracker(  774): default: Broadcast received: android.intent.action.ANY_DATA_STATE apnType=default
03-10 13:50:54.852 D/MobileDataStateTracker(  774): default: Received state=DISCONNECTED, old=DISCONNECTED, reason=dataDetached
03-10 13:50:54.852 D/MobileDataStateTracker(  774): fota: Broadcast received: android.intent.action.ANY_DATA_STATE apnType=fota
03-10 13:50:54.852 D/MobileDataStateTracker(  774): fota: Received state=DISCONNECTED, old=DISCONNECTED, reason=dataDetached
03-10 13:50:54.872 D/MobileDataStateTracker(  774): dun: Broadcast received: android.intent.action.ANY_DATA_STATE apnType=dun
03-10 13:50:54.872 D/MobileDataStateTracker(  774): dun: Received state=DISCONNECTED, old=DISCONNECTED, reason=dataDetached
03-10 13:50:54.872 D/MobileDataStateTracker(  774): ia: Broadcast received: android.intent.action.ANY_DATA_STATE apnType=ia
03-10 13:50:54.872 D/MobileDataStateTracker(  774): ia: Received state=DISCONNECTED, old=DISCONNECTED, reason=dataDetached
03-10 13:50:54.882 D/MobileDataStateTracker(  774): supl: Broadcast received: android.intent.action.ANY_DATA_STATE apnType=supl
03-10 13:50:54.882 D/MobileDataStateTracker(  774): supl: Received state=DISCONNECTED, old=DISCONNECTED, reason=dataDetached
03-10 13:50:54.882 D/MobileDataStateTracker(  774): hipri: Broadcast received: android.intent.action.ANY_DATA_STATE apnType=hipri
03-10 13:50:54.882 D/MobileDataStateTracker(  774): hipri: Received state=DISCONNECTED, old=DISCONNECTED, reason=dataDetached
03-10 13:50:54.882 D/MobileDataStateTracker(  774): ims: Broadcast received: android.intent.action.ANY_DATA_STATE apnType=ims
03-10 13:50:54.882 D/MobileDataStateTracker(  774): ims: Received state=DISCONNECTED, old=DISCONNECTED, reason=dataDetached
03-10 13:50:54.902 D/MobileDataStateTracker(  774): mms: Broadcast received: android.intent.action.ANY_DATA_STATE apnType=mms
03-10 13:50:54.902 D/MobileDataStateTracker(  774): mms: Received state=DISCONNECTED, old=DISCONNECTED, reason=dataDetached
03-10 13:50:54.902 D/MobileDataStateTracker(  774): cbs: Broadcast received: android.intent.action.ANY_DATA_STATE apnType=cbs
03-10 13:50:54.902 D/MobileDataStateTracker(  774): cbs: Received state=DISCONNECTED, old=DISCONNECTED, reason=dataDetached
03-10 13:50:54.932 D/dalvikvm(  995): GC_CONCURRENT freed 353K, 3% free 16771K/17152K, paused 1ms+1ms, total 75ms
03-10 13:50:54.982 D/Nat464Xlat(  774): requiresClat: netType=0, hasIPv4Address=true
03-10 13:50:54.982 D/ConnectivityService(  774): handleInetConditionChange: no active default network - ignore
03-10 13:50:54.982 D/MobileDataStateTracker(  774): default: setPolicyDataEnable(enabled=true)
03-10 13:50:55.022 D/MobileDataStateTracker(  774): default: setPolicyDataEnable(enabled=true)
03-10 13:50:55.332 W/ProcessCpuTracker(  774): Skipping unknown process pid 3606
03-10 13:50:55.332 W/ProcessCpuTracker(  774): Skipping unknown process pid 3609
03-10 13:50:55.332 W/ProcessCpuTracker(  774): Skipping unknown process pid 3612
03-10 13:50:55.332 W/ProcessCpuTracker(  774): Skipping unknown process pid 3615
03-10 13:50:57.992 D/Tethering(  774): MasterInitialState.processMessage what=3
03-10 13:50:57.992 D/CaptivePortalTracker(  774): NoActiveNetworkState{ when=0 what=1 obj=NetworkInfo: type: mobile[UNKNOWN], state: DISCONNECTED/DISCONNECTED, reason: (unspecified), extra: internet.saunalahti, roaming: false, failover: false, isAvailable: true, isConnectedToProvisioningNetwork: false target=com.android.internal.util.StateMachine$SmHandler }
03-10 13:50:57.992 D/CaptivePortalTracker(  774): NoActiveNetworkState not a wifi connectivity change, ignore
03-10 13:50:58.102 I/ActivityManager(  774): Start proc com.google.android.setupwizard for broadcast com.google.android.setupwizard/.MobileConnectivityChangeReceiver: pid=3641 uid=10017 gids={50017, 3003}
03-10 13:50:58.142 D/MobileConnectivityChangeReceiver( 3641): onReceive Intent { act=android.net.conn.CONNECTIVITY_CHANGE flg=0x4000010 cmp=com.google.android.setupwizard/.MobileConnectivityChangeReceiver (has extras) }
03-10 13:50:58.142 D/MobileConnectivityChangeReceiver( 3641): onReceive CONNECTIVITY_CHANGE networkType=0
03-10 13:50:58.142 D/MobileConnectivityChangeReceiver( 3641): onReceive CONNECTIVITY_CHANGE: not connected|connecting, ignore
03-10 13:50:58.142 E/PhoneMonitor( 3641): onOtaspChanged old =0, new =3
03-10 13:50:58.142 V/PhoneMonitor( 3641): mOtaspPhoneStateListener#onOtaspChanged, mOtaspMode=3
03-10 13:50:58.152 I/ActivityManager(  774): Start proc com.google.android.youtube for broadcast com.google.android.youtube/com.google.android.apps.youtube.app.prefetch.PrefetchService$DeviceStateReceiver: pid=3669 uid=10073 gids={50073, 3003, 1028, 1015}
03-10 13:50:58.152 I/ActivityManager(  774): Killing 3046:com.chrome.beta/u0a83 (adj 15): empty #17
03-10 13:50:58.202 D/YouTube ( 3669): apps.youtube.core.utils.bh.a:41 HttpClient.UserAgent: com.google.android.youtube/5.3.32(Linux; U; Android 4.4.2; en_IN; Nexus 5 Build/KOT49H)
03-10 13:50:58.222 D/dalvikvm( 3669): GC_CONCURRENT freed 253K, 2% free 16975K/17264K, paused 2ms+2ms, total 14ms
03-10 13:50:58.252 D/YouTube ( 3669): apps.youtube.core.utils.bh.a:41 HttpClient.UserAgent: com.google.android.youtube/5.3.32(Linux; U; Android 4.4.2; en_IN; Nexus 5 Build/KOT49H)
03-10 13:50:58.312 D/dalvikvm( 3669): GC_CONCURRENT freed 295K, 2% free 17089K/17412K, paused 1ms+1ms, total 11ms
03-10 13:50:58.312 D/YouTube ( 3669): apps.youtube.core.client.y.a:114 event [version=5.3.32-s2000, action=Startup, label=NORMAL_STARTUP, value=-1]
03-10 13:50:58.342 D/dalvikvm( 3669): GC_CONCURRENT freed 303K, 2% free 17338K/17632K, paused 1ms+1ms, total 15ms
03-10 13:50:58.352 D/YouTube ( 3669): apps.youtube.core.cache.f.run:163 Cache is below limit, no need to shrink: [size=5201654, limit=20971520]
03-10 13:50:58.372 D/dalvikvm( 3669): DexOpt: --- BEGIN 'ads974178290.jar' (bootstrap=0) ---
03-10 13:50:58.382 D/dalvikvm( 3669): GC_CONCURRENT freed 444K, 3% free 17407K/17880K, paused 3ms+2ms, total 26ms
03-10 13:50:58.382 D/dalvikvm( 3669): WAIT_FOR_CONCURRENT_GC blocked 5ms
03-10 13:50:58.412 D/dalvikvm( 3697): DexOpt: load 2ms, verify+opt 3ms, 158252 bytes
03-10 13:50:58.422 D/dalvikvm( 3669): DexOpt: --- END 'ads974178290.jar' (success) ---
03-10 13:50:58.422 D/dalvikvm( 3669): DEX prep '/data/data/com.google.android.youtube/cache/ads974178290.jar': unzip in 0ms, rewrite 46ms
03-10 13:50:58.452 D/dalvikvm( 3669): GC_CONCURRENT freed 337K, 3% free 17582K/17948K, paused 2ms+1ms, total 14ms
03-10 13:50:58.452 D/dalvikvm( 3669): WAIT_FOR_CONCURRENT_GC blocked 4ms
03-10 13:50:58.452 D/dalvikvm( 3669): WAIT_FOR_CONCURRENT_GC blocked 5ms
03-10 13:50:58.452 D/dalvikvm( 3669): WAIT_FOR_CONCURRENT_GC blocked 4ms
03-10 13:50:58.482 I/GoogleConversionPing( 3669): Pinging: http://www.googleadservices.com/pagead/conversion/1001680686/?label=4dahCKKczAYQrt7R3QM&value=&muid=lOR1YT1J7380QCofupCa2g&bundleid=com.google.android.youtube&appversion=5.3.32&osversion=4.4.2&sdkversion=ct-sdk-a-v1.1.0&remarketing_only=1&timestamp=1394452258&data=screen_name%3D%3CAndroid_YT_Open_App%3E
03-10 13:50:58.482 E/GoogleConversionPing( 3669): Error sending ping
03-10 13:50:58.492 D/dalvikvm( 3669): GC_CONCURRENT freed 321K, 2% free 17692K/18044K, paused 1ms+1ms, total 13ms
03-10 13:50:58.532 D/YouTube ( 3669): apps.youtube.app.prefetch.PrefetchService$DeviceStateReceiver.onReceive:565 Got device state change intent: android.net.conn.CONNECTIVITY_CHANGE
03-10 13:50:58.532 D/YouTube ( 3669): apps.youtube.core.transfer.TransferService.onCreate:108 creating transfer service
03-10 13:50:58.532 D/GCM     ( 1078): GcmService start Intent { act=android.net.conn.CONNECTIVITY_CHANGE flg=0x4000010 cmp=com.google.android.gms/.gcm.GcmService (has extras) } android.net.conn.CONNECTIVITY_CHANGE
03-10 13:50:58.542 I/ActivityManager(  774): Start proc com.google.android.apps.magazines for broadcast com.google.android.apps.magazines/com.google.apps.dots.android.newsstand.appwidget.NewsWidgetProvider: pid=3723 uid=10057 gids={50057, 3003, 1028, 1015}
03-10 13:50:58.552 D/dalvikvm(  181): GC_EXPLICIT freed 42K, 1% free 16726K/16800K, paused 1ms+1ms, total 15ms
03-10 13:50:58.562 D/YouTube ( 3669): apps.youtube.app.prefetch.PrefetchService.onStartCommand:167 PrefetchService started at 10 Mar 2014 11:50:58 GMT
03-10 13:50:58.572 D/dalvikvm(  181): GC_EXPLICIT freed <1K, 1% free 16726K/16800K, paused 1ms+1ms, total 13ms
03-10 13:50:58.572 D/YouTube ( 3669): apps.youtube.app.prefetch.PrefetchService.p_:245 Download snapshot restored
03-10 13:50:58.572 D/YouTube ( 3669): apps.youtube.app.prefetch.PrefetchService.onDestroy:215 PrefetchService destroyed at 10 Mar 2014 11:50:58 GMT
03-10 13:50:58.572 I/ActivityManager(  774): Killing 2496:com.skype.raider/u0a108 (adj 15): empty #17
03-10 13:50:58.582 D/dalvikvm(  181): GC_EXPLICIT freed <1K, 1% free 16726K/16800K, paused 1ms+2ms, total 12ms
03-10 13:50:58.582 D/dalvikvm( 3669): GC_CONCURRENT freed 249K, 2% free 17891K/18172K, paused 2ms+2ms, total 25ms
03-10 13:50:58.592 I/Camera2Client(  183): Camera 1: Closed
03-10 13:50:58.592 I/Camera2ClientBase(  183): Closed Camera 1
03-10 13:50:58.592 V/WebViewChromium( 3723): Binding Chromium to the background looper Looper (main, tid 1) {42a62960}
03-10 13:50:58.602 I/chromium( 3723): [INFO:library_loader_hooks.cc(112)] Chromium logging enabled: level = 0, default verbosity = 0
03-10 13:50:58.602 I/BrowserProcessMain( 3723): Initializing chromium process, renderers=0
03-10 13:50:58.602 W/GLSUser ( 1078): GoogleAccountDataService.getToken()
03-10 13:50:58.602 W/chromium( 3723): [WARNING:proxy_service.cc(888)] PAC support disabled because there is no system implementation
03-10 13:50:58.612 I/Adreno-EGL( 3723): <qeglDrvAPI_eglInitialize:320>: EGL 1.4 QUALCOMM Build: I0404c4692afb8623f95c43aeb6d5e13ed4b30ddbDate: 11/06/13
03-10 13:50:58.682 W/GAV2    ( 3723): Thread[main,5,main]: Need to call initialize() and be in fallback mode to start dispatch.
03-10 13:50:58.682 D/dalvikvm( 3723): GC_CONCURRENT freed 281K, 2% free 16893K/17204K, paused 3ms+3ms, total 23ms
03-10 13:50:58.772 D/dalvikvm( 3723): GC_CONCURRENT freed 246K, 2% free 17154K/17432K, paused 2ms+2ms, total 17ms
03-10 13:50:58.792 I/NSApplication( 3723): Starting up...
03-10 13:50:58.802 I/iu.Environment( 2922): update connectivity state; isNetworkMetered? false*, isRoaming? false, isBackgroundDataAllowed? false*
03-10 13:50:58.802 I/iu.SyncManager( 2922): SYNC; picasa accounts
03-10 13:50:58.812 I/iu.UploadsManager( 2922): num queued entries: 0
03-10 13:50:58.812 I/iu.UploadsManager( 2922): num updated entries: 0
03-10 13:50:58.812 I/iu.SyncManager( 2922): NEXT; no task
03-10 13:50:58.812 I/ActivityManager(  774): Start proc com.google.android.apps.maps for broadcast com.google.android.apps.maps/com.google.userfeedback.android.api.FeedbackConnectivityReceiver: pid=3761 uid=10058 gids={50058, 3003, 1028, 1015}
03-10 13:50:58.812 I/ActivityManager(  774): Killing 3063:com.ttxapps.wifiadb/u0a90 (adj 15): empty #17
03-10 13:50:58.902 I/Adreno-EGL( 3761): <qeglDrvAPI_eglInitialize:320>: EGL 1.4 QUALCOMM Build: I0404c4692afb8623f95c43aeb6d5e13ed4b30ddbDate: 11/06/13
03-10 13:50:58.922 D/dalvikvm( 3761): GC_CONCURRENT freed 260K, 2% free 16900K/17192K, paused 4ms+1ms, total 33ms
03-10 13:50:58.982 D/dalvikvm( 3761): GC_CONCURRENT freed 292K, 2% free 17096K/17420K, paused 1ms+2ms, total 11ms
03-10 13:50:59.042 D/dalvikvm( 1178): GC_CONCURRENT freed 452K, 3% free 18130K/18612K, paused 1ms+2ms, total 15ms
03-10 13:50:59.062 D/dalvikvm( 3761): GC_CONCURRENT freed 305K, 2% free 17217K/17552K, paused 2ms+1ms, total 20ms
03-10 13:50:59.062 D/dalvikvm( 1078): GC_EXPLICIT freed 370K, 3% free 17484K/18004K, paused 1ms+2ms, total 16ms
03-10 13:50:59.122 D/dalvikvm( 3761): GC_CONCURRENT freed 222K, 2% free 17459K/17708K, paused 1ms+2ms, total 13ms
03-10 13:50:59.152 I/TextToSpeech( 3761): Sucessfully bound to com.google.android.tts
03-10 13:50:59.152 D/StrictMode( 3761): StrictMode policy violation; ~duration=86 ms: android.os.StrictMode$StrictModeDiskReadViolation: policy=287 violation=2
03-10 13:50:59.152 D/StrictMode( 3761): 	at android.os.StrictMode$AndroidBlockGuardPolicy.onReadFromDisk(StrictMode.java:1135)
03-10 13:50:59.152 D/StrictMode( 3761): 	at android.database.sqlite.SQLiteConnection.applyBlockGuardPolicy(SQLiteConnection.java:1041)
03-10 13:50:59.152 D/StrictMode( 3761): 	at android.database.sqlite.SQLiteConnection.executeForCursorWindow(SQLiteConnection.java:842)
03-10 13:50:59.152 D/StrictMode( 3761): 	at android.database.sqlite.SQLiteSession.executeForCursorWindow(SQLiteSession.java:836)
03-10 13:50:59.152 D/StrictMode( 3761): 	at android.database.sqlite.SQLiteQuery.fillWindow(SQLiteQuery.java:62)
03-10 13:50:59.152 D/StrictMode( 3761): 	at android.database.sqlite.SQLiteCursor.fillWindow(SQLiteCursor.java:144)
03-10 13:50:59.152 D/StrictMode( 3761): 	at android.database.sqlite.SQLiteCursor.getCount(SQLiteCursor.java:133)
03-10 13:50:59.152 D/StrictMode( 3761): 	at android.database.CursorToBulkCursorAdaptor.getBulkCursorDescriptor(CursorToBulkCursorAdaptor.java:148)
03-10 13:50:59.152 D/StrictMode( 3761): 	at android.content.ContentProviderNative.onTransact(ContentProviderNative.java:118)
03-10 13:50:59.152 D/StrictMode( 3761): 	at android.os.Binder.execTransact(Binder.java:404)
03-10 13:50:59.152 D/StrictMode( 3761): 	at dalvik.system.NativeStart.run(Native Method)
03-10 13:50:59.152 D/StrictMode( 3761): # via Binder call with stack:
03-10 13:50:59.152 D/StrictMode( 3761): android.os.StrictMode$LogStackTrace
03-10 13:50:59.152 D/StrictMode( 3761): 	at android.os.StrictMode.readAndHandleBinderCallViolations(StrictMode.java:1705)
03-10 13:50:59.152 D/StrictMode( 3761): 	at android.os.Parcel.readExceptionCode(Parcel.java:1447)
03-10 13:50:59.152 D/StrictMode( 3761): 	at android.database.DatabaseUtils.readExceptionFromParcel(DatabaseUtils.java:134)
03-10 13:50:59.152 D/StrictMode( 3761): 	at android.content.ContentProviderProxy.query(ContentProviderNative.java:413)
03-10 13:50:59.152 D/StrictMode( 3761): 	at android.content.ContentResolver.query(ContentResolver.java:461)
03-10 13:50:59.152 D/StrictMode( 3761): 	at android.content.ContentResolver.query(ContentResolver.java:404)
03-10 13:50:59.152 D/StrictMode( 3761): 	at com.google.android.apps.gmm.map.n.b.j.b(SourceFile:67)
03-10 13:50:59.152 D/StrictMode( 3761): 	at com.google.android.apps.gmm.map.n.b.j.a(SourceFile:100)
03-10 13:50:59.152 D/StrictMode( 3761): 	at com.google.android.apps.gmm.map.n.b.d.a(SourceFile:197)
03-10 13:50:59.152 D/StrictMode( 3761): 	at com.google.android.apps.gmm.map.n.b.d.<init>(SourceFile:178)
03-10 13:50:59.152 D/StrictMode( 3761): 	at com.google.android.apps.gmm.base.app.GoogleMapsApplication.onCreate(SourceFile:195)
03-10 13:50:59.152 D/StrictMode( 3761): 	at android.app.Instrumentation.callApplicationOnCreate(Instrumentation.java:1007)
03-10 13:50:59.152 D/StrictMode( 3761): 	at android.app.ActivityThread.handleBindApplication(ActivityThread.java:4344)
03-10 13:50:59.152 D/StrictMode( 3761): 	at android.app.ActivityThread.access$1500(ActivityThread.java:135)
03-10 13:50:59.152 D/StrictMode( 3761): 	at android.app.ActivityThread$H.handleMessage(ActivityThread.java:1256)
03-10 13:50:59.152 D/StrictMode( 3761): 	at android.os.Handler.dispatchMessage(Handler.java:102)
03-10 13:50:59.152 D/StrictMode( 3761): 	at android.os.Looper.loop(Looper.java:136)
03-10 13:50:59.152 D/StrictMode( 3761): 	at android.app.ActivityThread.main(ActivityThread.java:5017)
03-10 13:50:59.152 D/StrictMode( 3761): 	at java.lang.reflect.Method.invokeNative(Native Method)
03-10 13:50:59.152 D/StrictMode( 3761): 	at java.lang.reflect.Method.invoke(Method.java:515)
03-10 13:50:59.152 D/StrictMode( 3761): 	at com.android.internal.os.ZygoteInit$MethodAndArgsCaller.run(ZygoteInit.java:779)
03-10 13:50:59.152 D/StrictMode( 3761): 	at com.android.internal.os.ZygoteInit.main(ZygoteInit.java:595)
03-10 13:50:59.152 D/StrictMode( 3761): 	at dalvik.system.NativeStart.main(Native Method)
03-10 13:50:59.152 D/StrictMode( 3761): StrictMode policy violation; ~duration=77 ms: android.os.StrictMode$StrictModeDiskReadViolation: policy=287 violation=2
03-10 13:50:59.152 D/StrictMode( 3761): 	at android.os.StrictMode$AndroidBlockGuardPolicy.onReadFromDisk(StrictMode.java:1135)
03-10 13:50:59.152 D/StrictMode( 3761): 	at android.database.sqlite.SQLiteConnection.applyBlockGuardPolicy(SQLiteConnection.java:1041)
03-10 13:50:59.152 D/StrictMode( 3761): 	at android.database.sqlite.SQLiteConnection.executeForCursorWindow(SQLiteConnection.java:842)
03-10 13:50:59.152 D/StrictMode( 3761): 	at android.database.sqlite.SQLiteSession.executeForCursorWindow(SQLiteSession.java:836)
03-10 13:50:59.152 D/StrictMode( 3761): 	at android.database.sqlite.SQLiteQuery.fillWindow(SQLiteQuery.java:62)
03-10 13:50:59.152 D/StrictMode( 3761): 	at android.database.sqlite.SQLiteCursor.fillWindow(SQLiteCursor.java:144)
03-10 13:50:59.152 D/StrictMode( 3761): 	at android.database.sqlite.SQLiteCursor.getCount(SQLiteCursor.java:133)
03-10 13:50:59.152 D/StrictMode( 3761): 	at android.database.CursorToBulkCursorAdaptor.getBulkCursorDescriptor(CursorToBulkCursorAdaptor.java:148)
03-10 13:50:59.152 D/StrictMode( 3761): 	at android.content.ContentProviderNative.onTransact(ContentProviderNative.java:118)
03-10 13:50:59.152 D/StrictMode( 3761): 	at android.os.Binder.execTransact(Binder.java:404)
03-10 13:50:59.152 D/StrictMode( 3761): 	at dalvik.system.NativeStart.run(Native Method)
03-10 13:50:59.152 D/StrictMode( 3761): # via Binder call with stack:
03-10 13:50:59.152 D/StrictMode( 3761): android.os.StrictMode$LogStackTrace
03-10 13:50:59.152 D/StrictMode( 3761): 	at android.os.StrictMode.readAndHandleBinderCallViolations(StrictMode.java:1705)
03-10 13:50:59.152 D/StrictMode( 3761): 	at android.os.Parcel.readExceptionCode(Parcel.java:1447)
03-10 13:50:59.152 D/StrictMode( 3761): 	at android.database.DatabaseUtils.readExceptionFromParcel(DatabaseUtils.java:134)
03-10 13:50:59.152 D/StrictMode( 3761): 	at android.content.ContentProviderProxy.query(ContentProviderNative.java:413)
03-10 13:50:59.152 D/StrictMode( 3761): 	at android.content.ContentResolver.query(ContentResolver.java:461)
03-10 13:50:59.152 D/StrictMode( 3761): 	at android.content.ContentResolver.query(ContentResolver.java:404)
03-10 13:50:59.152 D/StrictMode( 3761): 	at com.google.android.apps.gmm.map.n.b.j.b(SourceFile:67)
03-10 13:50:59.152 D/StrictMode( 3761): 	at com.google.android.apps.gmm.map.n.b.j.a(SourceFile:100)
03-10 13:50:59.152 D/StrictMode( 3761): 	at com.google.android.apps.gmm.location.a.m.a(SourceFile:193)
03-10 13:50:59.152 D/StrictMode( 3761): 	at com.google.android.apps.gmm.location.a.m.<init>(SourceFile:174)
03-10 13:50:59.152 D/StrictMode( 3761): 	at com.google.android.apps.gmm.base.app.GoogleMapsApplication.onCreate(SourceFile:195)
03-10 13:50:59.152 D/StrictMode( 3761): 	at android.app.Instrumentation.callApplicationOnCreate(Instrumentation.java:1007)
03-10 13:50:59.152 D/StrictMode( 3761): 	at android.app.ActivityThread.handleBindApplication(ActivityThread.java:4344)
03-10 13:50:59.152 D/StrictMode( 3761): 	at android.app.ActivityThread.access$1500(ActivityThread.java:135)
03-10 13:50:59.152 D/StrictMode( 3761): 	at android.app.ActivityThread$H.handleMessage(ActivityThread.java:1256)
03-10 13:50:59.152 D/StrictMode( 3761): 	at android.os.Handler.dispatchMessage(Handler.java:102)
03-10 13:50:59.152 D/StrictMode( 3761): 	at android.os.Looper.loop(Looper.java:136)
03-10 13:50:59.152 D/StrictMode( 3761): 	at android.app.ActivityThread.main(ActivityThread.java:5017)
03-10 13:50:59.152 D/StrictMode( 3761): 	at java.lang.reflect.Method.invokeNative(Native Method)
03-10 13:50:59.152 D/StrictMode( 3761): 	at java.lang.reflect.Method.invoke(Method.java:515)
03-10 13:50:59.152 D/StrictMode( 3761): 	at com.android.internal.os.ZygoteInit$MethodAndArgsCaller.run(ZygoteInit.java:779)
03-10 13:50:59.152 D/StrictMode( 3761): 	at com.android.internal.os.ZygoteInit.main(ZygoteInit.java:595)
03-10 13:50:59.152 D/StrictMode( 3761): 	at dalvik.system.NativeStart.main(Native Method)
03-10 13:50:59.152 D/StrictMode( 3761): StrictMode policy violation; ~duration=38 ms: android.os.StrictMode$StrictModeDiskReadViolation: policy=31 violation=2
03-10 13:50:59.152 D/StrictMode( 3761): 	at android.os.StrictMode$AndroidBlockGuardPolicy.onReadFromDisk(StrictMode.java:1135)
03-10 13:50:59.152 D/StrictMode( 3761): 	at android.app.SharedPreferencesImpl.awaitLoadedLocked(SharedPreferencesImpl.java:203)
03-10 13:50:59.152 D/StrictMode( 3761): 	at android.app.SharedPreferencesImpl.getString(SharedPreferencesImpl.java:223)
03-10 13:50:59.152 D/StrictMode( 3761): 	at com.google.android.apps.gmm.util.A.a(SourceFile:117)
03-10 13:50:59.152 D/StrictMode( 3761): 	at com.google.android.apps.gmm.navigation.a.N.b(SourceFile:252)
03-10 13:50:59.152 D/StrictMode( 3761): 	at com.google.android.apps.gmm.navigation.a.N.<init>(SourceFile:242)
03-10 13:50:59.152 D/StrictMode( 3761): 	at com.google.android.apps.gmm.base.app.GoogleMapsApplication.onCreate(SourceFile:211)
03-10 13:50:59.152 D/StrictMode( 3761): 	at android.app.Instrumentation.callApplicationOnCreate(Instrumentation.java:1007)
03-10 13:50:59.152 D/StrictMode( 3761): 	at android.app.ActivityThread.handleBindApplication(ActivityThread.java:4344)
03-10 13:50:59.152 D/StrictMode( 3761): 	at android.app.ActivityThread.access$1500(ActivityThread.java:135)
03-10 13:50:59.152 D/StrictMode( 3761): 	at android.app.ActivityThread$H.handleMessage(ActivityThread.java:1256)
03-10 13:50:59.152 D/StrictMode( 3761): 	at android.os.Handler.dispatchMessage(Handler.java:102)
03-10 13:50:59.152 D/StrictMode( 3761): 	at android.os.Looper.loop(Looper.java:136)
03-10 13:50:59.152 D/StrictMode( 3761): 	at android.app.ActivityThread.main(ActivityThread.java:5017)
03-10 13:50:59.152 D/StrictMode( 3761): 	at java.lang.reflect.Method.invokeNative(Native Method)
03-10 13:50:59.152 D/StrictMode( 3761): 	at java.lang.reflect.Method.invoke(Method.java:515)
03-10 13:50:59.152 D/StrictMode( 3761): 	at com.android.internal.os.ZygoteInit$MethodAndArgsCaller.run(ZygoteInit.java:779)
03-10 13:50:59.152 D/StrictMode( 3761): 	at com.android.internal.os.ZygoteInit.main(ZygoteInit.java:595)
03-10 13:50:59.152 D/StrictMode( 3761): 	at dalvik.system.NativeStart.main(Native Method)
03-10 13:50:59.152 I/ActivityManager(  774): Start proc com.google.android.tts for service com.google.android.tts/.service.GoogleTTSService: pid=3797 uid=10049 gids={50049, 3003, 1028, 1015}
03-10 13:50:59.172 D/dalvikvm( 3761): GC_CONCURRENT freed 350K, 3% free 17621K/18000K, paused 3ms+1ms, total 22ms
03-10 13:50:59.172 D/dalvikvm( 3761): WAIT_FOR_CONCURRENT_GC blocked 3ms
03-10 13:50:59.172 D/dalvikvm( 3761): WAIT_FOR_CONCURRENT_GC blocked 3ms
03-10 13:50:59.172 I/ActivityManager(  774): Start proc com.devhd.feedly for broadcast com.devhd.feedly/.widget.FeedlyWidgetProvider: pid=3809 uid=10085 gids={50085, 3003, 1028, 1015}
03-10 13:50:59.202 I/ActivityManager(  774): Killing 3085:com.ted.android/u0a88 (adj 15): empty #17
03-10 13:50:59.252 D/dalvikvm(  774): GC_EXPLICIT freed 1429K, 9% free 26679K/29260K, paused 4ms+5ms, total 73ms
03-10 13:50:59.272 I/widget.provider( 3809): com.devhd.feedly.widget.FeedlyWidgetProvider onReceive: android.net.conn.CONNECTIVITY_CHANGE
03-10 13:50:59.282 W/widget.data( 3809): **** creating widget[0] data model object ****
03-10 13:50:59.292 I/ActivityManager(  774): Start proc com.chrome.beta for broadcast com.chrome.beta/com.google.android.apps.chrome.precache.PrecacheServiceLauncher: pid=3833 uid=10083 gids={50083, 3003, 1028, 1015}
03-10 13:50:59.292 I/ActivityManager(  774): Killing 3207:com.google.android.partnersetup/u0a11 (adj 15): empty #17
03-10 13:50:59.302 W/GLSUser ( 1078): GoogleAccountDataService.getToken()
03-10 13:50:59.362 I/ActivityManager(  774): Start proc com.skype.raider for broadcast com.skype.raider/com.skype.android.app.calling.SeamlessCapabilityReceiver: pid=3851 uid=10108 gids={50108, 3003, 3002, 1028, 1015}
03-10 13:50:59.362 I/ActivityManager(  774): Killing 3242:com.google.android.deskclock/u0a34 (adj 15): empty #17
03-10 13:50:59.382 I/GoogleTTSService( 3797): Creating Google TTS service, version 3.0.10.1047791
03-10 13:50:59.392 D/dalvikvm( 3797): Trying to load lib /data/app-lib/com.google.android.tts-1/libspeexwrapper.so 0x42a5dd18
03-10 13:50:59.392 D/dalvikvm( 3797): Added shared lib /data/app-lib/com.google.android.tts-1/libspeexwrapper.so 0x42a5dd18
03-10 13:50:59.392 D/dalvikvm( 3851): Trying to load lib /data/app-lib/com.skype.raider-2/libSkypeAndroid.so 0x42a60fa0
03-10 13:50:59.392 W/linker  ( 3851): libSkypeAndroid.so has text relocations. This is wasting memory and is a security risk. Please fix.
03-10 13:50:59.392 D/dalvikvm( 3851): Added shared lib /data/app-lib/com.skype.raider-2/libSkypeAndroid.so 0x42a60fa0
03-10 13:50:59.412 D/dalvikvm( 3797): Trying to load lib /data/app-lib/com.google.android.tts-1/libpatts_engine_jni_api_ub.so 0x42a5dd18
03-10 13:50:59.422 D/dalvikvm( 3797): Added shared lib /data/app-lib/com.google.android.tts-1/libpatts_engine_jni_api_ub.so 0x42a5dd18
03-10 13:50:59.422 I/patts   ( 3797): [embedded_hmm_synthesizer.cc:21] Embedded HMM synthesizer initialized.
03-10 13:50:59.422 I/patts   ( 3797): [jni_loader.cc:74] Patts JNI loaded successfully.
03-10 13:50:59.422 I/TextToSpeech( 3761): Connected to ComponentInfo{com.google.android.tts/com.google.android.tts.service.GoogleTTSService}
03-10 13:50:59.422 I/TextToSpeech( 3761): Set up connection to ComponentInfo{com.google.android.tts/com.google.android.tts.service.GoogleTTSService}
03-10 13:50:59.422 I/ActivityManager(  774): Killing 2162:com.google.android.gm/u0a42 (adj 15): empty #17
03-10 13:50:59.442 D/dalvikvm( 3761): GC_CONCURRENT freed 457K, 3% free 17635K/18124K, paused 1ms+1ms, total 12ms
03-10 13:50:59.452 D/dalvikvm( 3851): GC_CONCURRENT freed 339K, 3% free 16819K/17184K, paused 2ms+1ms, total 14ms
03-10 13:50:59.502 D/dalvikvm( 3851): GC_CONCURRENT freed 463K, 3% free 16846K/17336K, paused 1ms+2ms, total 11ms
03-10 13:50:59.542 D/dalvikvm( 3851): GC_CONCURRENT freed 456K, 3% free 16880K/17364K, paused 1ms+2ms, total 11ms
03-10 13:50:59.572 D/dalvikvm( 3851): GC_CONCURRENT freed 484K, 3% free 16900K/17416K, paused 1ms+1ms, total 11ms
03-10 13:50:59.612 D/dalvikvm( 3851): GC_CONCURRENT freed 488K, 3% free 16926K/17444K, paused 1ms+2ms, total 15ms
03-10 13:50:59.612 D/dalvikvm( 3851): WAIT_FOR_CONCURRENT_GC blocked 10ms
03-10 13:50:59.742 D/dalvikvm( 3851): GC_CONCURRENT freed 387K, 3% free 16955K/17444K, paused 2ms+2ms, total 30ms
03-10 13:50:59.802 D/dalvikvm( 3851): GC_CONCURRENT freed 416K, 3% free 16984K/17444K, paused 1ms+1ms, total 12ms
03-10 13:50:59.872 D/dalvikvm( 3851): GC_CONCURRENT freed 365K, 3% free 17110K/17504K, paused 3ms+2ms, total 20ms
03-10 13:50:59.952 D/dalvikvm( 3851): GC_CONCURRENT freed 471K, 3% free 17151K/17652K, paused 2ms+1ms, total 11ms
03-10 13:50:59.952 D/dalvikvm( 3851): WAIT_FOR_CONCURRENT_GC blocked 4ms
03-10 13:50:59.982 D//Ln.java:218( 3851): main Configuring Logging, minimum log level is INFO
03-10 13:50:59.992 D/dalvikvm( 3851): Trying to load lib /data/app-lib/com.skype.raider-2/libsliq.so 0x42a60fa0
03-10 13:50:59.992 W/linker  ( 3851): libsliq.so has text relocations. This is wasting memory and is a security risk. Please fix.
03-10 13:50:59.992 D/dalvikvm( 3851): Added shared lib /data/app-lib/com.skype.raider-2/libsliq.so 0x42a60fa0
03-10 13:50:59.992 D/dalvikvm( 3851): No JNI_OnLoad found in /data/app-lib/com.skype.raider-2/libsliq.so 0x42a60fa0, skipping init
03-10 13:50:59.992 D/dalvikvm( 3851): Trying to load lib /data/app-lib/com.skype.raider-2/libSkyLib.so 0x42a60fa0
03-10 13:50:59.992 W/linker  ( 3851): libSkyLib.so has text relocations. This is wasting memory and is a security risk. Please fix.
03-10 13:51:00.012 V/skype_jni( 3851): jni_CallDevice::jni_CallDevice()
03-10 13:51:00.012 V/skype_jni( 3851): jni_CallDevice::Init()
03-10 13:51:00.012 E/skype_jni( 3851): g_jniCallback == 0
03-10 13:51:00.012 E/skype_jni( 3851): g_pcmInit == 0
03-10 13:51:00.012 D/dalvikvm( 3851): Added shared lib /data/app-lib/com.skype.raider-2/libSkyLib.so 0x42a60fa0
03-10 13:51:00.042 V/skype_jni( 3851): JNI Init
03-10 13:51:00.042 V/skype_jni( 3851): jniSetup
03-10 13:51:00.042 D/dalvikvm( 3851): Trying to load lib /data/app-lib/com.skype.raider-2/libSkypeAndroid.so 0x42a60fa0
03-10 13:51:00.042 D/dalvikvm( 3851): Shared lib '/data/app-lib/com.skype.raider-2/libSkypeAndroid.so' already loaded in same CL 0x42a60fa0
03-10 13:51:00.052 D/dalvikvm( 3851): GC_CONCURRENT freed 391K, 3% free 17156K/17652K, paused 2ms+1ms, total 16ms
03-10 13:51:00.112 I/AwesomePlayer(  183): setDataSource_l(URL suppressed)
03-10 13:51:00.132 I/AwesomePlayer(  183): setDataSource_l(URL suppressed)
03-10 13:51:00.152 I/Camera2ClientBase(  183): Camera 0: Opened
03-10 13:51:00.152 E/mm-camera-intf(  183): mm_camera_open: dev name = /dev/video1, cam_idx = 1
03-10 13:51:00.152 E/mm-camera-sensor(  196): module_sensor_start_session:577 session 1
03-10 13:51:00.162 E/mm-camera-sensor(  196): eeprom_load_library:515 e_ctrl->eeprom_lib.func_tbl =0xb6b81004
03-10 13:51:00.162 I/ActivityManager(  774): Start proc com.ttxapps.wifiadb for broadcast com.ttxapps.wifiadb/.NetworkStateReceiver: pid=3897 uid=10090 gids={50090, 3003}
03-10 13:51:00.162 I/ActivityManager(  774): Killing 3255:com.google.android.email/u0a37 (adj 15): empty #17
03-10 13:51:00.182 D/ACRA    ( 3897): ACRA is enabled for com.ttxapps.wifiadb, intializing...
03-10 13:51:00.182 I/mm-camera(  196): gyro_module_start_session: Enter
03-10 13:51:00.182 I/mm-camera(  196): gyro_module_start_session: Init DSPS
03-10 13:51:00.192 I/mm-camera(  196): gyro_module_start_session: Exit successful
03-10 13:51:00.192 I/mm-camera(  196): gyro_module_get_port: Exit successful
03-10 13:51:00.192 E/mm-camera(  196): cpp_module_start_session:352, info: starting session 1
03-10 13:51:00.192 D/ACRA    ( 3897): Looking for error files in /data/data/com.ttxapps.wifiadb/files
03-10 13:51:00.212 E/mm-camera(  196): cpp_module_start_session:422, info: cpp_thread created.
03-10 13:51:00.212 E/mm-camera(  196): cpp_module_start_session:425, info: session 1 started.
03-10 13:51:00.212 E/mm-camera(  196): c2d_module_start_session:246, info: starting session 1
03-10 13:51:00.212 E/mm-camera(  196): cpp_thread_func:55: cpp_thread entering the polling loop...
03-10 13:51:00.212 E/mm-camera(  196): c2d_module_start_session:284, info: c2d_thread created.
03-10 13:51:00.212 E/mm-camera(  196): c2d_module_start_session:306, info: session 1 started.
03-10 13:51:00.212 E/mm-camera-sensor(  196): module_module_set_session_data:2435 max delay 2 report dSelay 1
03-10 13:51:00.212 E/mm-camera(  196): module_faceproc_set_session_data:1826] Per frame control 2 1
03-10 13:51:00.212 E/mm-camera(  196): c2d_thread_func:39: c2d_thread entering the polling loop...
03-10 13:51:00.212 E/mm-camera-intf(  183): mm_camera_open:  opened, break out while loop
03-10 13:51:00.212 I/Camera2-Parameters(  183): Camera 0: Disabling ZSL mode
03-10 13:51:00.222 D/dalvikvm( 3897): GC_CONCURRENT freed 341K, 3% free 16863K/17236K, paused 3ms+2ms, total 19ms
