03-11 16:08:55.639 I/DEBUG   (  177):     60000000-60a9c000 rw- /data/dalvik-cache/system@framework@boot.art
03-11 16:08:55.739 I/ServiceManager(  171): service 'sensorservice' died
03-11 16:08:55.739 I/ServiceManager(  171): service 'power' died
03-11 16:08:55.739 I/ServiceManager(  171): service 'batterystats' died
03-11 16:08:55.739 I/ServiceManager(  171): service 'usagestats' died
03-11 16:08:55.739 I/ServiceManager(  171): service 'appops' died
03-11 16:08:55.739 I/ServiceManager(  171): service 'display' died
03-11 16:08:55.739 I/ServiceManager(  171): service 'telephony.registry' died
03-11 16:08:55.739 I/ServiceManager(  171): service 'scheduling_policy' died
03-11 16:08:55.739 W/AudioFlinger(  855): power manager service died !!!
03-11 16:08:55.739 W/AudioFlinger(  855): power manager service died !!!
03-11 16:08:55.759 E/installd(  184): eof
03-11 16:08:55.759 E/installd(  184): failed to read size
03-11 16:08:55.759 I/installd(  184): closing connection
03-11 16:08:55.799 I/art     (  853): Process 1156 terminated by signal (11)
03-11 16:08:55.799 E/art     (  853): Exit zygote because system server (1156) has terminated
03-11 16:08:55.839 I/ServiceManager(  171): service 'media.audio_flinger' died
03-11 16:08:55.839 I/ServiceManager(  171): service 'media.player' died
03-11 16:08:55.839 I/ServiceManager(  171): service 'media.camera' died
03-11 16:08:55.839 I/ServiceManager(  171): service 'media.audio_policy' died
03-11 16:08:57.849 I/Netd    ( 1201): Netd 1.0 starting
03-11 16:08:57.849 W/InterfaceController( 1201): Warning (dlopen failed: library "/system/lib/libnetcmdiface.so" not found) while opening the net interface command library
03-11 16:08:57.949 I/mediaserver( 1203): ServiceManager: 0xb8915460
03-11 16:08:57.949 I/AudioFlinger( 1203): Using default 3000 mSec as standby time.
03-11 16:08:57.949 I/CameraService( 1203): CameraService started (pid=1203)
03-11 16:08:57.949 E/mm-camera-intf( 1203): mm_camera_open: dev name = /dev/video1, cam_idx = 1
03-11 16:08:57.949 E/mm-camera-sensor(  196): module_sensor_start_session:577 session 1
03-11 16:08:57.959 E/mm-camera-sensor(  196): eeprom_load_library:515 e_ctrl->eeprom_lib.func_tbl =0xb6ac5004
03-11 16:08:57.989 I/mm-camera(  196): gyro_module_start_session: Enter
03-11 16:08:57.989 I/mm-camera(  196): gyro_module_start_session: Init DSPS
03-11 16:08:57.989 I/mm-camera(  196): gyro_module_start_session: Exit successful
03-11 16:08:57.989 I/mm-camera(  196): gyro_module_get_port: Exit successful
03-11 16:08:57.989 E/mm-camera(  196): cpp_module_start_session:352, info: starting session 1
03-11 16:08:58.009 E/mm-camera(  196): cpp_module_start_session:422, info: cpp_thread created.
03-11 16:08:58.009 E/mm-camera(  196): cpp_thread_func:55: cpp_thread entering the polling loop...
03-11 16:08:58.009 E/mm-camera(  196): cpp_module_start_session:425, info: session 1 started.
03-11 16:08:58.009 E/mm-camera(  196): c2d_module_start_session:246, info: starting session 1
03-11 16:08:58.009 E/mm-camera(  196): c2d_thread_func:39: c2d_thread entering the polling loop...
03-11 16:08:58.009 E/mm-camera(  196): c2d_module_start_session:284, info: c2d_thread created.
03-11 16:08:58.009 E/mm-camera(  196): c2d_module_start_session:306, info: session 1 started.
03-11 16:08:58.009 E/mm-camera-sensor(  196): module_module_set_session_data:2435 max delay 2 report dSelay 1
03-11 16:08:58.009 E/mm-camera(  196): module_faceproc_set_session_data:1826] Per frame control 2 1
03-11 16:08:58.009 E/mm-camera-intf( 1203): mm_camera_open:  opened, break out while loop
03-11 16:08:58.009 E/mm-camera(  196): mct_pipeline_process_set:command=800000b
03-11 16:08:58.009 E/mm-camera(  196): mct_pipeline_get_stream: no children
03-11 16:08:58.009 E/mm-camera(  196): mct_pipeline_process_set:1370: Couldn't find stream
03-11 16:08:58.009 E/mm-camera-sensor(  196): module_sensor_stop_session:630 session 1
03-11 16:08:58.069 D/AndroidRuntime( 1202): 
03-11 16:08:58.069 D/AndroidRuntime( 1202): >>>>>> AndroidRuntime START com.android.internal.os.ZygoteInit <<<<<<
03-11 16:08:58.069 D/AndroidRuntime( 1202): CheckJNI is OFF
03-11 16:08:58.069 I/art     ( 1202): option[0]=-Xzygote
03-11 16:08:58.069 I/art     ( 1202): option[1]=exit
03-11 16:08:58.069 I/art     ( 1202): option[2]=vfprintf
03-11 16:08:58.069 I/art     ( 1202): option[3]=sensitiveThread
03-11 16:08:58.069 I/art     ( 1202): option[4]=-verbose:gc
03-11 16:08:58.069 I/art     ( 1202): option[5]=-Xms8m
03-11 16:08:58.069 I/art     ( 1202): option[6]=-Xmx512m
03-11 16:08:58.069 I/art     ( 1202): option[7]=-XX:mainThreadStackSize=24K
03-11 16:08:58.069 E/art     ( 1202): Unrecognized option -XX:mainThreadStackSize=24K
03-11 16:08:58.069 I/art     ( 1202): option[8]=-XX:HeapGrowthLimit=192m
03-11 16:08:58.069 I/art     ( 1202): option[9]=-XX:HeapMinFree=512k
03-11 16:08:58.069 I/art     ( 1202): option[10]=-XX:HeapMaxFree=8m
03-11 16:08:58.069 I/art     ( 1202): option[11]=-XX:HeapTargetUtilization=0.75
03-11 16:08:58.069 I/art     ( 1202): option[12]=-Xgenregmap
03-11 16:08:58.069 I/art     ( 1202): option[13]=-Xgc:precise
03-11 16:08:58.069 W/art     ( 1202): Ignoring unknown -Xgc option: precise
03-11 16:08:58.069 I/art     ( 1202): option[14]=-agentlib:jdwp=transport=dt_android_adb,suspend=n,server=y
03-11 16:08:58.069 I/art     ( 1202): option[15]=-Xstacktracefile:/data/anr/traces.txt
03-11 16:08:58.069 I/art     ( 1202): option[16]=-Duser.language=en
03-11 16:08:58.069 I/art     ( 1202): option[17]=-Duser.region=US
03-11 16:08:58.069 I/art     ( 1202): option[18]=-Djava.io.tmpdir=/sdcard
03-11 16:08:58.139 W/art     ( 1202): JNI RegisterNativeMethods: attempt to register 0 native methods for android.content.res.Configuration
03-11 16:08:58.139 I/SamplingProfilerIntegration( 1202): Profiling disabled.
03-11 16:08:58.149 I/Zygote  ( 1202): Preloading classes...
03-11 16:08:58.229 D/TextLayoutCache( 1202): Using debug level = 0 - Debug Enabled = 0
03-11 16:08:58.249 I/art     ( 1202): Thread[1,tid=1202,WaitingForJniOnLoad,Thread*=0x416e1af0,peer=0x6461dac8,"main"] recursive attempt to load library "/system/lib/libmedia_jni.so"
03-11 16:08:58.249 D/MtpDeviceJNI( 1202): register_android_mtp_MtpDevice
03-11 16:08:58.249 I/art     ( 1202): Thread[1,tid=1202,WaitingForJniOnLoad,Thread*=0x416e1af0,peer=0x6461dac8,"main"] recursive attempt to load library "/system/lib/libmedia_jni.so"
03-11 16:08:58.249 I/art     ( 1202): Thread[1,tid=1202,WaitingForJniOnLoad,Thread*=0x416e1af0,peer=0x6461dac8,"main"] recursive attempt to load library "/system/lib/libmedia_jni.so"
03-11 16:08:58.249 I/art     ( 1202): Thread[1,tid=1202,WaitingForJniOnLoad,Thread*=0x416e1af0,peer=0x6461dac8,"main"] recursive attempt to load library "/system/lib/libmedia_jni.so"
03-11 16:08:58.319 E/mm-camera(  196): stats_module_stop_session: list =0xb73633d8, remove port =0xb7358d90 name=stats_sink from module=0xb7342778, name=stats
03-11 16:08:58.319 E/mm-camera(  196): stats_module_stop_session: 1 port =0xb7358d90 name=stats_sink 
03-11 16:08:58.319 E/mm-camera(  196): stats_module_stop_session: 2 port =0xb7358d90 name=stats_sink 
03-11 16:08:58.319 I/mm-camera(  196): gyro_module_stop_session: Enter
03-11 16:08:58.319 I/mm-camera(  196): gyro_module_stop_session: Deinit DSPS
03-11 16:08:58.319 I/mm-camera(  196): gyro_module_stop_session: Exit successful
03-11 16:08:58.319 E/mm-camera(  196): stats_module_stop_session: 3 port =0xb7358d90 name=stats_sink 
03-11 16:08:58.319 E/mm-camera(  196): cpp_module_stop_session:453, info: stopping session 1 ...
03-11 16:08:58.319 E/mm-camera(  196): cpp_thread_process_pipe_message:359, CPP_THREAD_MSG_ABORT: cpp_thread exiting..
03-11 16:08:58.319 E/EmojiFactory_jni( 1202): Failed to load libemoji.so: dlopen failed: library "libemoji.so" not found
03-11 16:08:58.319 E/mm-camera(  196): cpp_module_stop_session:495, info: session 1 stopped.
03-11 16:08:58.319 E/mm-camera(  196): c2d_module_stop_session:322, info: stopping session 1 ...
03-11 16:08:58.319 E/mm-camera(  196): c2d_module_stop_session:327, info: stopping c2d_thread...
03-11 16:08:58.319 E/mm-camera(  196): c2d_module_post_msg_to_thread:381, msg.type=1
03-11 16:08:58.319 E/mm-camera(  196): c2d_thread_process_pipe_message:503, C2D_THREAD_MSG_ABORT: c2d_thread exiting..
03-11 16:08:58.319 E/mm-camera(  196): c2d_module_stop_session:339, closing c2d subdev...
03-11 16:08:58.319 E/mm-camera(  196): c2d_module_stop_session:361, info: session 1 stopped.
03-11 16:08:58.319 D/QCamera3HWI( 1203): static int8_t qcamera::QCamera3HardwareInterface::lookupFwkName(const qcamera::QCamera3HardwareInterface::QCameraMap*, int, int): Cannot find matching framework type
03-11 16:08:58.319 D/QCamera3HWI( 1203): static int8_t qcamera::QCamera3HardwareInterface::lookupFwkName(const qcamera::QCamera3HardwareInterface::QCameraMap*, int, int): Cannot find matching framework type
03-11 16:08:58.319 D/QCamera3HWI( 1203): static int8_t qcamera::QCamera3HardwareInterface::lookupFwkName(const qcamera::QCamera3HardwareInterface::QCameraMap*, int, int): Cannot find matching framework type
03-11 16:08:58.319 D/QCamera3HWI( 1203): static int8_t qcamera::QCamera3HardwareInterface::lookupFwkName(const qcamera::QCamera3HardwareInterface::QCameraMap*, int, int): Cannot find matching framework type
03-11 16:08:58.319 D/QCamera3HWI( 1203): static int8_t qcamera::QCamera3HardwareInterface::lookupFwkName(const qcamera::QCamera3HardwareInterface::QCameraMap*, int, int): Cannot find matching framework type
03-11 16:08:58.319 D/QCamera3HWI( 1203): static int8_t qcamera::QCamera3HardwareInterface::lookupFwkName(const qcamera::QCamera3HardwareInterface::QCameraMap*, int, int): Cannot find matching framework type
03-11 16:08:58.319 D/QCamera3HWI( 1203): static int8_t qcamera::QCamera3HardwareInterface::lookupFwkName(const qcamera::QCamera3HardwareInterface::QCameraMap*, int, int): Cannot find matching framework type
03-11 16:08:58.319 D/QCamera3HWI( 1203): static int8_t qcamera::QCamera3HardwareInterface::lookupFwkName(const qcamera::QCamera3HardwareInterface::QCameraMap*, int, int): Cannot find matching framework type
03-11 16:08:58.319 D/QCamera3HWI( 1203): static int8_t qcamera::QCamera3HardwareInterface::lookupFwkName(const qcamera::QCamera3HardwareInterface::QCameraMap*, int, int): Cannot find matching framework type
03-11 16:08:58.319 E/mm-camera-intf( 1203): mm_camera_open: dev name = /dev/video2, cam_idx = 2
03-11 16:08:58.319 E/mm-camera-sensor(  196): module_sensor_start_session:577 session 2
03-11 16:08:58.359 I/LibraryLoader( 1202): loading: webviewchromium
03-11 16:08:58.409 I/LibraryLoader( 1202): loaded: webviewchromium
03-11 16:08:58.529 W/Zygote  ( 1202): Class not found for preloading: java.lang.UnsafeByteSequence
03-11 16:08:58.549 E/mm-camera-sensor(  196): module_sensor_init_session:471 ois device is not supported
03-11 16:08:58.549 E/mm-camera-sensor(  196): 
03-11 16:08:58.549 I/mm-camera(  196): gyro_module_start_session: Enter
03-11 16:08:58.549 I/mm-camera(  196): gyro_module_start_session: Init DSPS
03-11 16:08:58.549 I/mm-camera(  196): gyro_module_start_session: Exit successful
03-11 16:08:58.549 I/mm-camera(  196): gyro_module_get_port: Exit successful
03-11 16:08:58.549 E/mm-camera(  196): cpp_module_start_session:352, info: starting session 2
03-11 16:08:58.569 E/mm-camera(  196): cpp_module_start_session:422, info: cpp_thread created.
03-11 16:08:58.569 E/mm-camera(  196): cpp_thread_func:55: cpp_thread entering the polling loop...
03-11 16:08:58.569 E/mm-camera(  196): cpp_module_start_session:425, info: session 2 started.
03-11 16:08:58.569 E/mm-camera(  196): c2d_module_start_session:246, info: starting session 2
03-11 16:08:58.569 E/mm-camera(  196): c2d_thread_func:39: c2d_thread entering the polling loop...
03-11 16:08:58.569 E/mm-camera(  196): c2d_module_start_session:284, info: c2d_thread created.
03-11 16:08:58.569 E/mm-camera(  196): c2d_module_start_session:306, info: session 2 started.
03-11 16:08:58.569 E/mm-camera-sensor(  196): module_module_set_session_data:2435 max delay 2 report dSelay 1
03-11 16:08:58.569 E/mm-camera(  196): module_faceproc_set_session_data:1826] Per frame control 2 1
03-11 16:08:58.569 E/mm-camera-intf( 1203): mm_camera_open:  opened, break out while loop
03-11 16:08:58.569 E/mm-camera(  196): mct_pipeline_process_set:command=800000b
03-11 16:08:58.569 E/mm-camera(  196): mct_pipeline_get_stream: no children
03-11 16:08:58.569 E/mm-camera(  196): mct_pipeline_process_set:1370: Couldn't find stream
03-11 16:08:58.569 E/mm-camera-sensor(  196): module_sensor_stop_session:630 session 2
03-11 16:08:58.609 I/System  ( 1202): Loaded time zone names for "" in 51ms (47ms in ICU)
03-11 16:08:58.639 I/System  ( 1202): Loaded time zone names for "en_US" in 33ms (29ms in ICU)
03-11 16:08:58.669 E/mm-camera(  196): stats_module_stop_session: list =0xb735ef20, remove port =0xb73548d8 name=stats_sink from module=0xb7342778, name=stats
03-11 16:08:58.669 E/mm-camera(  196): stats_module_stop_session: 1 port =0xb73548d8 name=stats_sink 
03-11 16:08:58.669 E/mm-camera(  196): stats_module_stop_session: 2 port =0xb73548d8 name=stats_sink 
03-11 16:08:58.669 I/mm-camera(  196): gyro_module_stop_session: Enter
03-11 16:08:58.669 I/mm-camera(  196): gyro_module_stop_session: Deinit DSPS
03-11 16:08:58.669 I/mm-camera(  196): gyro_module_stop_session: Exit successful
03-11 16:08:58.669 E/mm-camera(  196): stats_module_stop_session: 3 port =0xb73548d8 name=stats_sink 
03-11 16:08:58.669 E/mm-camera(  196): cpp_module_stop_session:453, info: stopping session 2 ...
03-11 16:08:58.669 E/mm-camera(  196): cpp_thread_process_pipe_message:359, CPP_THREAD_MSG_ABORT: cpp_thread exiting..
03-11 16:08:58.679 E/mm-camera(  196): cpp_module_stop_session:495, info: session 2 stopped.
03-11 16:08:58.679 E/mm-camera(  196): c2d_module_stop_session:322, info: stopping session 2 ...
03-11 16:08:58.679 E/mm-camera(  196): c2d_module_stop_session:327, info: stopping c2d_thread...
03-11 16:08:58.679 E/mm-camera(  196): c2d_module_post_msg_to_thread:381, msg.type=1
03-11 16:08:58.679 E/mm-camera(  196): c2d_thread_process_pipe_message:503, C2D_THREAD_MSG_ABORT: c2d_thread exiting..
03-11 16:08:58.679 E/mm-camera(  196): c2d_module_stop_session:339, closing c2d subdev...
03-11 16:08:58.679 E/mm-camera(  196): c2d_module_stop_session:361, info: session 2 stopped.
03-11 16:08:58.679 D/QCamera3HWI( 1203): static int8_t qcamera::QCamera3HardwareInterface::lookupFwkName(const qcamera::QCamera3HardwareInterface::QCameraMap*, int, int): Cannot find matching framework type
03-11 16:08:58.679 D/QCamera3HWI( 1203): static int8_t qcamera::QCamera3HardwareInterface::lookupFwkName(const qcamera::QCamera3HardwareInterface::QCameraMap*, int, int): Cannot find matching framework type
03-11 16:08:58.679 D/QCamera3HWI( 1203): static int8_t qcamera::QCamera3HardwareInterface::lookupFwkName(const qcamera::QCamera3HardwareInterface::QCameraMap*, int, int): Cannot find matching framework type
03-11 16:08:58.679 D/QCamera3HWI( 1203): static int8_t qcamera::QCamera3HardwareInterface::lookupFwkName(const qcamera::QCamera3HardwareInterface::QCameraMap*, int, int): Cannot find matching framework type
03-11 16:08:58.679 D/QCamera3HWI( 1203): static int8_t qcamera::QCamera3HardwareInterface::lookupFwkName(const qcamera::QCamera3HardwareInterface::QCameraMap*, int, int): Cannot find matching framework type
03-11 16:08:58.679 D/QCamera3HWI( 1203): static int8_t qcamera::QCamera3HardwareInterface::lookupFwkName(const qcamera::QCamera3HardwareInterface::QCameraMap*, int, int): Cannot find matching framework type
03-11 16:08:58.679 D/QCamera3HWI( 1203): static int8_t qcamera::QCamera3HardwareInterface::lookupFwkName(const qcamera::QCamera3HardwareInterface::QCameraMap*, int, int): Cannot find matching framework type
03-11 16:08:58.679 D/QCamera3HWI( 1203): static int8_t qcamera::QCamera3HardwareInterface::lookupFwkName(const qcamera::QCamera3HardwareInterface::QCameraMap*, int, int): Cannot find matching framework type
03-11 16:08:58.679 I/CameraService( 1203): Loaded "QCamera Module" camera module
03-11 16:08:58.679 I/AudioPolicyManagerBase( 1203): loadAudioPolicyConfig() loaded /system/etc/audio_policy.conf
03-11 16:08:58.679 D/audio_hw_primary( 1203): adev_open: enter
03-11 16:08:58.689 I/Zygote  ( 1202): ...preloaded 2777 classes in 548ms.
03-11 16:08:58.699 I/Zygote  ( 1202): Preloading resources...
03-11 16:08:58.709 V/NatController( 1201): runCmd(/system/bin/iptables -F natctrl_FORWARD) res=0
03-11 16:08:58.719 V/NatController( 1201): runCmd(/system/bin/iptables -A natctrl_FORWARD -j DROP) res=0
03-11 16:08:58.719 V/NatController( 1201): runCmd(/system/bin/iptables -t nat -F natctrl_nat_POSTROUTING) res=0
03-11 16:08:58.729 V/NatController( 1201): runCmd(/system/bin/ip rule flush) res=0
03-11 16:08:58.739 V/NatController( 1201): runCmd(/system/bin/ip -6 rule flush) res=0
03-11 16:08:58.749 V/NatController( 1201): runCmd(/system/bin/ip rule add from all lookup default prio 32767) res=0
03-11 16:08:58.749 V/NatController( 1201): runCmd(/system/bin/ip rule add from all lookup main prio 32766) res=0
03-11 16:08:58.749 V/NatController( 1201): runCmd(/system/bin/ip -6 rule add from all lookup default prio 32767) res=0
03-11 16:08:58.749 V/NatController( 1201): runCmd(/system/bin/ip -6 rule add from all lookup main prio 32766) res=0
03-11 16:08:58.759 V/NatController( 1201): runCmd(/system/bin/ip route flush cache) res=0
03-11 16:08:58.759 V/NatController( 1201): runCmd(/system/bin/iptables -F natctrl_tether_counters) res=0
03-11 16:08:58.769 V/NatController( 1201): runCmd(/system/bin/iptables -X natctrl_tether_counters) res=0
03-11 16:08:58.769 V/NatController( 1201): runCmd(/system/bin/iptables -N natctrl_tether_counters) res=0
03-11 16:08:58.809 D/        ( 1203): [ACDB Command]->SW Minor/Major version mismatch warning /etc/Bluetooth_cal.acdb
03-11 16:08:58.809 D/        ( 1203): [ACDB Command]->ACDB Sw Major = 2, ACDB Sw Minor = 0
03-11 16:08:58.809 D/        ( 1203): [ACDB Command]->ACDB File Major = 1, ACDB File Minor = 3
03-11 16:08:58.809 D/        ( 1203): [ACDB Command]->SW Minor/Major version mismatch warning /etc/General_cal.acdb
03-11 16:08:58.809 D/        ( 1203): [ACDB Command]->ACDB Sw Major = 2, ACDB Sw Minor = 0
03-11 16:08:58.809 D/        ( 1203): [ACDB Command]->ACDB File Major = 1, ACDB File Minor = 3
03-11 16:08:58.809 D/        ( 1203): [ACDB Command]->SW Minor/Major version mismatch warning /etc/Global_cal.acdb
03-11 16:08:58.809 D/        ( 1203): [ACDB Command]->ACDB Sw Major = 2, ACDB Sw Minor = 0
03-11 16:08:58.809 D/        ( 1203): [ACDB Command]->ACDB File Major = 1, ACDB File Minor = 3
03-11 16:08:58.809 D/        ( 1203): [ACDB Command]->SW Minor/Major version mismatch warning /etc/Handset_cal.acdb
03-11 16:08:58.809 D/        ( 1203): [ACDB Command]->ACDB Sw Major = 2, ACDB Sw Minor = 0
03-11 16:08:58.809 D/        ( 1203): [ACDB Command]->ACDB File Major = 1, ACDB File Minor = 3
03-11 16:08:58.809 D/        ( 1203): [ACDB Command]->SW Minor/Major version mismatch warning /etc/Hdmi_cal.acdb
03-11 16:08:58.809 D/        ( 1203): [ACDB Command]->ACDB Sw Major = 2, ACDB Sw Minor = 0
03-11 16:08:58.809 D/        ( 1203): [ACDB Command]->ACDB File Major = 1, ACDB File Minor = 3
03-11 16:08:58.809 D/        ( 1203): [ACDB Command]->SW Minor/Major version mismatch warning /etc/Headset_cal.acdb
03-11 16:08:58.809 D/        ( 1203): [ACDB Command]->ACDB Sw Major = 2, ACDB Sw Minor = 0
03-11 16:08:58.809 D/        ( 1203): [ACDB Command]->ACDB File Major = 1, ACDB File Minor = 3
03-11 16:08:58.809 D/        ( 1203): [ACPH]->Online service registered with ACPH
03-11 16:08:58.809 E/Diag_Lib( 1203):  Diag_LSM_Init: Failed to open handle to diag driver, error = 2
03-11 16:08:58.809 E/Diag_Lib( 1203):  diagpkt_tbl_reg: Registration failed.
03-11 16:08:58.809 D/        ( 1203): [ACPH]->ACPH init success
03-11 16:08:58.809 D/        ( 1203): [ACPH]->DSP RTC service registered with ACPH
03-11 16:08:58.809 D/        ( 1203): [ACPH]->ADIE RTC service registered with ACPH
03-11 16:08:58.809 D/        ( 1203): ACDBFILE_MGR: Property for the pid 00012E47 not found
03-11 16:08:58.809 D/        ( 1203): ACDB_COMMAND: Failed to fetch the property info for pid 00012E47 
03-11 16:08:58.809 E/ACDB-LOADER( 1203): Error: ACDB get adm topologies returned = -18
03-11 16:08:58.809 D/        ( 1203): ACDBFILE_MGR: Property for the pid 00012E48 not found
03-11 16:08:58.809 D/        ( 1203): ACDB_COMMAND: Failed to fetch the property info for pid 00012E48 
03-11 16:08:58.809 E/ACDB-LOADER( 1203): Error: ACDB get asm topologies returned = -18
03-11 16:08:58.819 D/        ( 1203): Failed to fetch the lookup information of the device 00000067 
03-11 16:08:58.819 E/ACDB-LOADER( 1203): Error: ACDB ANC returned = -1
03-11 16:08:58.819 I/AudioFlinger( 1203): loadHwModule() Loaded primary audio interface from QCOM Audio HAL (audio) handle 1
03-11 16:08:58.819 I/AudioFlinger( 1203): HAL output buffer size 240 frames, normal mix buffer size 960 frames
03-11 16:08:58.819 I/AudioMixer( 1203): found effect "Downmixer" from Fraunhofer IIS
03-11 16:08:58.819 E/MonoPipe( 1203): Failed to fetch local time frequency when constructing a MonoPipe (res = -32).  getNextWriteTimestamp calls will be non-functional
03-11 16:08:59.049 D/MDnsDS  ( 1201): MDnsSdListener::Hander starting up
03-11 16:08:59.049 D/MDnsDS  ( 1201): MDnsSdListener starting to monitor
03-11 16:08:59.049 D/MDnsDS  ( 1201): Going to poll with pollCount 1
03-11 16:08:59.069 I/art     ( 1202): WaitForConcurrentGcToComplete blocked for 7.006459ms
03-11 16:08:59.349 I/Zygote  ( 1202): ...preloaded 274 resources in 653ms.
03-11 16:08:59.359 I/Zygote  ( 1202): ...preloaded 31 resources in 4ms.
03-11 16:08:59.359 D/libEGL  ( 1202): loaded /vendor/lib/egl/libEGL_adreno.so
03-11 16:08:59.359 D/libEGL  ( 1202): loaded /vendor/lib/egl/libGLESv1_CM_adreno.so
03-11 16:08:59.359 D/libEGL  ( 1202): loaded /vendor/lib/egl/libGLESv2_adreno.so
03-11 16:08:59.389 I/art     ( 1202): System server process 1499 has been created
03-11 16:08:59.399 I/Zygote  ( 1202): Accepting command socket connections
03-11 16:08:59.419 D/SensorService( 1499): nuSensorService starting...
03-11 16:08:59.419 I/libsensor1( 1499): sensor1_init_once: Setting log level to 4
03-11 16:08:59.419 I/qcom_sensors_hal( 1499): hal_init: Setting log level to 4
03-11 16:08:59.419 I/SystemServer( 1499): Entered the Android system server!
03-11 16:08:59.439 I/SensorService( 1499): MPU6515 Accelerometer
03-11 16:08:59.439 I/SensorService( 1499): AK8963 Magnetometer
03-11 16:08:59.439 I/SensorService( 1499): AK8963 Magnetometer Uncalibrated
03-11 16:08:59.439 I/SensorService( 1499): MPU6515 Gyroscope
03-11 16:08:59.439 I/SensorService( 1499): MPU6515 Gyroscope Uncalibrated
03-11 16:08:59.439 I/SensorService( 1499): Proximity Proximity & Light
03-11 16:08:59.439 I/SensorService( 1499): Light Proximity & Light
03-11 16:08:59.439 I/SensorService( 1499): BMP280 Barometer
03-11 16:08:59.439 I/SensorService( 1499): Gravity
03-11 16:08:59.439 I/SensorService( 1499): Linear Acceleration
03-11 16:08:59.439 I/SensorService( 1499): Rotation Vector
03-11 16:08:59.439 I/SensorService( 1499): Step Detector
03-11 16:08:59.439 I/SensorService( 1499): Step Counter
03-11 16:08:59.439 I/SensorService( 1499): Significant Motion Detector
03-11 16:08:59.439 I/SensorService( 1499): Game Rotation Vector
03-11 16:08:59.439 I/SensorService( 1499): Geomagnetic Rotation Vector
03-11 16:08:59.439 I/SensorService( 1499): Orientation
03-11 16:08:59.439 D/SensorService( 1499): Max socket buffer size 1048576
03-11 16:08:59.439 D/SensorService( 1499): nuSensorService thread starting...
03-11 16:08:59.439 I/installd(  184): new connection
03-11 16:08:59.439 I/PowerHAL( 1499): power_init
03-11 16:08:59.439 I/SystemServer( 1499): Waiting for installd to be ready.
03-11 16:08:59.439 I/Installer( 1499): connecting...
03-11 16:08:59.439 I/SystemServer( 1499): Power Manager
03-11 16:08:59.439 I/SystemServer( 1499): Activity Manager
03-11 16:08:59.469 I/ActivityManager( 1499): Memory class: 192
03-11 16:08:59.559 I/IntentFirewall( 1499): Read new rules (A:0 B:0 S:0)
03-11 16:08:59.569 I/SystemServer( 1499): Display Manager
03-11 16:08:59.569 I/SystemServer( 1499): Telephony Registry
03-11 16:08:59.579 I/DisplayManagerService( 1499): Display device added: DisplayDeviceInfo{"Built-in Screen": 1080 x 1920, 60.0 fps, density 480, 442.451 x 443.345 dpi, touch INTERNAL, rotation 0, type BUILT_IN, FLAG_DEFAULT_DISPLAY, FLAG_ROTATES_WITH_CONTENT, FLAG_SECURE, FLAG_SUPPORTS_PROTECTED_BUFFERS}
03-11 16:08:59.579 I/SystemServer( 1499): Scheduling Policy
03-11 16:08:59.579 I/SystemServer( 1499): Package Manager
03-11 16:08:59.619 D/SELinuxMMAC( 1499): Couldn't find install policy /data/security/mac_permissions.xml
03-11 16:08:59.619 D/SELinuxMMAC( 1499): Using install policy file /system/etc/security/mac_permissions.xml
03-11 16:08:59.719 W/art     ( 1499): Failed to find ELF magic in /system/framework/javax.obex.odex: dey
03-11 16:08:59.719 W/art     ( 1499): Failed to find ELF magic in /system/framework/com.google.android.media.effects.odex: dey
03-11 16:08:59.719 W/art     ( 1499): Failed to find ELF magic in /system/framework/com.android.future.usb.accessory.odex: dey
03-11 16:08:59.719 W/art     ( 1499): Failed to find ELF magic in /system/framework/android.test.runner.odex: dey
03-11 16:08:59.719 W/art     ( 1499): Failed to find ELF magic in /system/framework/com.google.widevine.software.drm.odex: dey
03-11 16:08:59.719 W/art     ( 1499): Failed to find ELF magic in /system/framework/com.google.android.camera2.odex: dey
03-11 16:08:59.719 W/art     ( 1499): Failed to find ELF magic in /system/framework/com.google.android.maps.odex: dey
03-11 16:08:59.729 W/art     ( 1499): Failed to find ELF magic in /system/framework/qcrilhook.odex: dey
03-11 16:08:59.729 W/art     ( 1499): Failed to find ELF magic in /system/framework/com.android.location.provider.odex: dey
03-11 16:08:59.729 W/art     ( 1499): Failed to find ELF magic in /system/framework/com.android.media.remotedisplay.odex: dey
03-11 16:08:59.729 W/art     ( 1499): Failed to find ELF magic in /system/framework/am.odex: dey
03-11 16:08:59.729 W/art     ( 1499): Failed to find ELF magic in /system/framework/android.test.runner.odex: dey
03-11 16:08:59.729 W/art     ( 1499): Failed to find ELF magic in /system/framework/bmgr.odex: dey
03-11 16:08:59.729 W/art     ( 1499): Failed to find ELF magic in /system/framework/bu.odex: dey
03-11 16:08:59.729 W/art     ( 1499): Failed to find ELF magic in /system/framework/com.android.future.usb.accessory.odex: dey
03-11 16:08:59.729 W/art     ( 1499): Failed to find ELF magic in /system/framework/com.android.location.provider.odex: dey
03-11 16:08:59.729 W/art     ( 1499): Failed to find ELF magic in /system/framework/com.android.nfc_extras.odex: dey
03-11 16:08:59.729 W/art     ( 1499): Failed to find ELF magic in /system/framework/com.google.android.camera2.odex: dey
03-11 16:08:59.729 W/art     ( 1499): Failed to find ELF magic in /system/framework/com.google.android.maps.odex: dey
03-11 16:08:59.729 W/art     ( 1499): Failed to find ELF magic in /system/framework/com.google.android.media.effects.odex: dey
03-11 16:08:59.729 W/art     ( 1499): Failed to find ELF magic in /system/framework/com.google.widevine.software.drm.odex: dey
03-11 16:08:59.729 W/art     ( 1499): Failed to find ELF magic in /system/framework/content.odex: dey
03-11 16:08:59.729 W/art     ( 1499): Failed to find ELF magic in /system/framework/core.odex: dey
03-11 16:08:59.729 W/art     ( 1499): Failed to find ELF magic in /system/framework/ime.odex: dey
03-11 16:08:59.729 W/art     ( 1499): Failed to find ELF magic in /system/framework/input.odex: dey
03-11 16:08:59.729 W/art     ( 1499): Failed to find ELF magic in /system/framework/javax.obex.odex: dey
03-11 16:08:59.729 W/art     ( 1499): Failed to find ELF magic in /system/framework/media_cmd.odex: dey
03-11 16:08:59.729 W/art     ( 1499): Failed to find ELF magic in /system/framework/monkey.odex: dey
03-11 16:08:59.729 W/art     ( 1499): Failed to find ELF magic in /system/framework/pm.odex: dey
03-11 16:08:59.729 W/art     ( 1499): Failed to find ELF magic in /system/framework/qcrilhook.odex: dey
03-11 16:08:59.729 W/art     ( 1499): Failed to find ELF magic in /system/framework/requestsync.odex: dey
03-11 16:08:59.739 W/art     ( 1499): Failed to find ELF magic in /system/framework/settings.odex: dey
03-11 16:08:59.739 W/art     ( 1499): Failed to find ELF magic in /system/framework/svc.odex: dey
03-11 16:08:59.739 W/art     ( 1499): Failed to find ELF magic in /system/framework/uiautomator.odex: dey
03-11 16:08:59.739 W/art     ( 1499): Failed to find ELF magic in /system/framework/wm.odex: dey
03-11 16:08:59.739 W/art     ( 1499): Failed to find ELF magic in /system/framework/com.android.media.remotedisplay.odex: dey
03-11 16:08:59.779 W/art     ( 1499): Failed to find ELF magic in /system/priv-app/BackupRestoreConfirmation.odex: dey
03-11 16:08:59.779 W/art     ( 1499): Failed to find ELF magic in /system/priv-app/CalendarProvider.odex: dey
03-11 16:08:59.789 W/art     ( 1499): Failed to find ELF magic in /system/priv-app/ConfigUpdater.odex: dey
03-11 16:08:59.799 W/art     ( 1499): Failed to find ELF magic in /system/priv-app/Contacts.odex: dey
03-11 16:08:59.799 W/art     ( 1499): Failed to find ELF magic in /system/priv-app/ContactsProvider.odex: dey
03-11 16:08:59.799 W/PackageParser( 1499): No actions in intent filter at /system/priv-app/Contacts.apk Binary XML file line #375
03-11 16:08:59.809 W/art     ( 1499): Failed to find ELF magic in /system/priv-app/DefaultContainerService.odex: dey
03-11 16:08:59.809 W/art     ( 1499): Failed to find ELF magic in /system/priv-app/DownloadProvider.odex: dey
03-11 16:08:59.809 W/art     ( 1499): Failed to find ELF magic in /system/priv-app/ExternalStorageProvider.odex: dey
03-11 16:08:59.809 W/art     ( 1499): Failed to find ELF magic in /system/priv-app/FusedLocation.odex: dey
03-11 16:08:59.819 W/art     ( 1499): Failed to find ELF magic in /system/priv-app/GoogleBackupTransport.odex: dey
03-11 16:08:59.819 W/art     ( 1499): Failed to find ELF magic in /system/priv-app/GoogleDialer.odex: dey
03-11 16:08:59.819 I/AudioFlinger( 1203): Using module 1 has the primary audio interface
03-11 16:08:59.819 I/AudioFlinger( 1203): AudioFlinger's thread 0xb5eba008 ready to run
03-11 16:08:59.819 W/PackageParser( 1499): No actions in intent filter at /system/priv-app/GoogleDialer.apk Binary XML file line #183
03-11 16:08:59.829 D/audio_hw_primary( 1203): out_set_parameters: enter: usecase(1: low-latency-playback) kvpairs: routing=2
03-11 16:08:59.829 W/art     ( 1499): Failed to find ELF magic in /system/priv-app/GoogleFeedback.odex: dey
03-11 16:08:59.829 I/AudioFlinger( 1203): HAL output buffer size 960 frames, normal mix buffer size 960 frames
03-11 16:08:59.829 I/AudioMixer( 1203): found effect "Downmixer" from Fraunhofer IIS
03-11 16:08:59.829 I/AudioFlinger( 1203): AudioFlinger's thread 0xb5c2f008 ready to run
03-11 16:08:59.829 D/audio_hw_primary( 1203): out_set_parameters: enter: usecase(0: deep-buffer-playback) kvpairs: routing=2
03-11 16:08:59.829 W/Binder  ( 1499): Caught a RuntimeException from the binder stub implementation.
03-11 16:08:59.829 W/Binder  ( 1499): java.lang.NullPointerException: Attempt to invoke virtual method 'void android.content.Context.enforceCallingOrSelfPermission(java.lang.String, java.lang.String)' on a null object reference
03-11 16:08:59.829 W/Binder  ( 1499): 	at com.android.server.power.PowerManagerService.updateWakeLockWorkSource(PowerManagerService.java:770)
03-11 16:08:59.829 W/Binder  ( 1499): 	at com.android.server.power.PowerManagerService.updateWakeLockUids(PowerManagerService.java:761)
03-11 16:08:59.829 W/Binder  ( 1499): 	at android.os.IPowerManager$Stub.onTransact(IPowerManager.java:103)
03-11 16:08:59.829 W/Binder  ( 1499): 	at android.os.Binder.execTransact(Binder.java:404)
03-11 16:08:59.829 W/Binder  ( 1499): Caught a RuntimeException from the binder stub implementation.
03-11 16:08:59.829 W/Binder  ( 1499): java.lang.NullPointerException: Attempt to invoke virtual method 'void android.content.Context.enforceCallingOrSelfPermission(java.lang.String, java.lang.String)' on a null object reference
03-11 16:08:59.829 W/Binder  ( 1499): 	at com.android.server.power.PowerManagerService.updateWakeLockWorkSource(PowerManagerService.java:770)
03-11 16:08:59.829 W/Binder  ( 1499): 	at com.android.server.power.PowerManagerService.updateWakeLockUids(PowerManagerService.java:761)
03-11 16:08:59.829 W/Binder  ( 1499): 	at android.os.IPowerManager$Stub.onTransact(IPowerManager.java:103)
03-11 16:08:59.829 W/Binder  ( 1499): 	at android.os.Binder.execTransact(Binder.java:404)
03-11 16:08:59.829 I/audio_a2dp_hw( 1203): adev_open:  adev_open in A2dp_hw module
03-11 16:08:59.829 I/AudioFlinger( 1203): loadHwModule() Loaded a2dp audio interface from A2DP Audio HW HAL (audio) handle 4
03-11 16:08:59.829 I/AudioFlinger( 1203): loadHwModule() Loaded usb audio interface from USB audio HW HAL (audio) handle 5
03-11 16:08:59.829 I/r_submix( 1203): adev_open(name=audio_hw_if)
03-11 16:08:59.829 I/r_submix( 1203): adev_init_check()
03-11 16:08:59.829 I/AudioFlinger( 1203): loadHwModule() Loaded r_submix audio interface from Wifi Display audio HAL (audio) handle 6
03-11 16:08:59.829 I/AudioPolicyService( 1203): Loaded audio policy from LEGACY Audio Policy HAL (audio_policy)
03-11 16:08:59.839 W/art     ( 1499): Failed to find ELF magic in /system/priv-app/GoogleLoginService.odex: dey
03-11 16:08:59.839 W/art     ( 1499): Failed to find ELF magic in /system/priv-app/GoogleOneTimeInitializer.odex: dey
03-11 16:08:59.839 W/art     ( 1499): Failed to find ELF magic in /system/priv-app/GooglePartnerSetup.odex: dey
03-11 16:08:59.859 W/art     ( 1499): Failed to find ELF magic in /system/priv-app/GoogleServicesFramework.odex: dey
03-11 16:08:59.859 W/art     ( 1499): Failed to find ELF magic in /system/priv-app/InputDevices.odex: dey
03-11 16:08:59.859 W/ResourceType( 1499): Failure getting entry for 0x7f050000 (t=4 e=0) in package 0 (error -75)
03-11 16:08:59.869 W/art     ( 1499): Failed to find ELF magic in /system/priv-app/Keyguard.odex: dey
03-11 16:08:59.869 W/art     ( 1499): Failed to find ELF magic in /system/priv-app/MediaProvider.odex: dey
03-11 16:08:59.869 W/art     ( 1499): Failed to find ELF magic in /system/priv-app/MusicFX.odex: dey
03-11 16:08:59.889 I/PackageManager( 1499): Package com.android.vending at /system/priv-app/Phonesky.apk ignored: updated version 80250010 better than this 80240022
03-11 16:08:59.919 I/PackageManager( 1499): Package com.google.android.gms at /system/priv-app/PrebuiltGmsCore.apk ignored: updated version 4243038 better than this 4033538
03-11 16:08:59.919 W/art     ( 1499): Failed to find ELF magic in /system/priv-app/ProxyHandler.odex: dey
03-11 16:08:59.959 W/art     ( 1499): Failed to find ELF magic in /system/priv-app/Settings.odex: dey
03-11 16:08:59.959 W/art     ( 1499): Failed to find ELF magic in /system/priv-app/SettingsProvider.odex: dey
03-11 16:08:59.959 W/PackageParser( 1499): No actions in intent filter at /system/priv-app/SetupWizard.apk Binary XML file line #117
03-11 16:08:59.969 W/art     ( 1499): Failed to find ELF magic in /system/priv-app/SetupWizard.odex: dey
03-11 16:08:59.969 W/art     ( 1499): Failed to find ELF magic in /system/priv-app/SharedStorageBackup.odex: dey
03-11 16:08:59.969 W/art     ( 1499): Failed to find ELF magic in /system/priv-app/Shell.odex: dey
03-11 16:08:59.979 W/art     ( 1499): Failed to find ELF magic in /system/priv-app/SystemUI.odex: dey
03-11 16:08:59.979 W/art     ( 1499): Failed to find ELF magic in /system/priv-app/TagGoogle.odex: dey
03-11 16:08:59.989 W/art     ( 1499): Failed to find ELF magic in /system/priv-app/TeleService.odex: dey
03-11 16:09:00.029 I/PackageManager( 1499): Package com.google.android.googlequicksearchbox at /system/priv-app/Velvet.apk ignored: updated version 300302170 better than this 300301080
03-11 16:09:00.029 W/art     ( 1499): Failed to find ELF magic in /system/priv-app/VpnDialogs.odex: dey
03-11 16:09:00.049 W/art     ( 1499): Failed to find ELF magic in /system/priv-app/WallpaperCropper.odex: dey
03-11 16:09:00.059 W/art     ( 1499): Failed to find ELF magic in /system/app/BasicDreams.odex: dey
03-11 16:09:00.069 W/art     ( 1499): Failed to find ELF magic in /system/app/Bluetooth.odex: dey
03-11 16:09:00.069 W/PackageParser( 1499): No actions in intent filter at /system/app/Bluetooth.apk Binary XML file line #210
03-11 16:09:00.079 W/Resources( 1499): Converting to boolean: TypedValue{t=0x3/d=0x3e0 "true" a=2 r=0x7f090005}
03-11 16:09:00.079 I/PackageManager( 1499): Package com.google.android.apps.books at /system/app/Books.apk ignored: updated version 30133 better than this 30015
03-11 16:09:00.079 W/art     ( 1499): Failed to find ELF magic in /system/app/BrowserProviderProxy.odex: dey
03-11 16:09:00.079 W/art     ( 1499): Failed to find ELF magic in /system/app/Calculator.odex: dey
03-11 16:09:00.089 I/PackageManager( 1499): Package com.google.android.calendar at /system/app/CalendarGoogle.apk ignored: updated version 201308023 better than this 201308021
03-11 16:09:00.089 W/art     ( 1499): Failed to find ELF magic in /system/app/CellBroadcastReceiver.odex: dey
03-11 16:09:00.099 W/art     ( 1499): Failed to find ELF magic in /system/app/CertInstaller.odex: dey
03-11 16:09:00.109 I/PackageManager( 1499): Package com.android.chrome at /system/app/Chrome.apk ignored: updated version 1750136 better than this 1599105
03-11 16:09:00.109 I/PackageManager( 1499): Package com.google.android.apps.cloudprint at /system/app/CloudPrint2.apk ignored: updated version 52 better than this 45
03-11 16:09:00.119 W/art     ( 1499): Failed to find ELF magic in /system/app/DeskClockGoogle.odex: dey
03-11 16:09:00.119 W/art     ( 1499): Failed to find ELF magic in /system/app/DocumentsUI.odex: dey
03-11 16:09:00.119 W/art     ( 1499): Failed to find ELF magic in /system/app/DownloadProviderUi.odex: dey
03-11 16:09:00.139 I/PackageManager( 1499): Package com.google.android.apps.docs at /system/app/Drive.apk ignored: updated version 1256331 better than this 1240310
03-11 16:09:00.149 W/art     ( 1499): Failed to find ELF magic in /system/app/EmailGoogle.odex: dey
03-11 16:09:00.149 W/art     ( 1499): Failed to find ELF magic in /system/app/Exchange2Google.odex: dey
03-11 16:09:00.159 W/art     ( 1499): Failed to find ELF magic in /system/app/FaceLock.odex: dey
03-11 16:09:00.159 W/PackageParser( 1499): Unknown element under <application>: permission at /system/app/GalleryGoogle.apk Binary XML file line #255
03-11 16:09:00.159 W/PackageParser( 1499): Unknown element under <application>: permission at /system/app/GalleryGoogle.apk Binary XML file line #258
03-11 16:09:00.169 W/art     ( 1499): Failed to find ELF magic in /system/app/GalleryGoogle.odex: dey
03-11 16:09:00.169 W/art     ( 1499): Failed to find ELF magic in /system/app/GenieWidget.odex: dey
03-11 16:09:00.189 I/PackageManager( 1499): Package com.google.android.gm at /system/app/Gmail2.apk ignored: updated version 4720010 better than this 4610000
03-11 16:09:00.189 W/ResourceType( 1499): Failure getting entry for 0x7f040012 (t=3 e=18) in package 0 (error -75)
03-11 16:09:00.189 W/ResourceType( 1499): Failure getting entry for 0x7f040012 (t=3 e=18) in package 0 (error -75)
03-11 16:09:00.189 W/art     ( 1499): Failed to find ELF magic in /system/app/GoogleCamera.odex: dey
03-11 16:09:00.199 W/art     ( 1499): Failed to find ELF magic in /system/app/GoogleContactsSyncAdapter.odex: dey
03-11 16:09:00.199 W/art     ( 1499): Failed to find ELF magic in /system/app/GoogleEars.odex: dey
03-11 16:09:00.199 W/PackageParser( 1499): Unknown element under <manifest>: supports-gl-texture at /system/app/GoogleEarth.apk Binary XML file line #19
03-11 16:09:00.209 I/PackageManager( 1499): Package com.google.android.launcher at /system/app/GoogleHome.apk ignored: updated version 100090 better than this 10010
03-11 16:09:00.209 I/PackageManager( 1499): Package com.google.android.tts at /system/app/GoogleTTS.apk ignored: updated version 210030010 better than this 210020403
03-11 16:09:00.219 I/PackageManager( 1499): Package com.hp.android.printservice at /system/app/HPPrintPlugin.apk ignored: updated version 43 better than this 39
03-11 16:09:00.219 W/art     ( 1499): Failed to find ELF magic in /system/app/HTMLViewer.odex: dey
03-11 16:09:00.229 I/PackageManager( 1499): Package com.google.android.talk at /system/app/Hangouts.apk ignored: updated version 20303130 better than this 20128130
03-11 16:09:00.239 I/PackageManager( 1499): Package com.google.android.keep at /system/app/Keep.apk ignored: updated version 2101 better than this 2051
03-11 16:09:00.239 W/art     ( 1499): Failed to find ELF magic in /system/app/KeyChain.odex: dey
03-11 16:09:00.269 W/art     ( 1499): Failed to find ELF magic in /system/app/LatinImeGoogle.odex: dey
03-11 16:09:00.279 W/art     ( 1499): Failed to find ELF magic in /system/app/LiveWallpapersPicker.odex: dey
03-11 16:09:00.299 I/PackageManager( 1499): Package com.google.android.apps.magazines at /system/app/Magazines.apk ignored: updated version 140341352 better than this 131632251
03-11 16:09:00.379 I/PackageManager( 1499): Package eu.chainfire.supersu at /system/app/Superuser.apk ignored: updated version 193 better than this 1
03-11 16:09:00.419 I/PackageManager( 1499): Package com.google.android.music at /system/app/Music2.apk ignored: updated version 1413 better than this 1301
03-11 16:09:00.429 W/art     ( 1499): Failed to find ELF magic in /system/app/NfcNci.odex: dey
03-11 16:09:00.439 W/PackageParser( 1499): No actions in intent filter at /system/app/OmaDmclient.apk Binary XML file line #31
03-11 16:09:00.439 W/PackageParser( 1499): No actions in intent filter at /system/app/OmaDmclient.apk Binary XML file line #41
03-11 16:09:00.449 W/art     ( 1499): Failed to find ELF magic in /system/app/PacProcessor.odex: dey
03-11 16:09:00.459 W/art     ( 1499): Failed to find ELF magic in /system/app/PackageInstaller.odex: dey
03-11 16:09:00.459 W/art     ( 1499): Failed to find ELF magic in /system/app/PartnerBookmarksProvider.odex: dey
03-11 16:09:00.469 I/PackageManager( 1499): Package com.google.android.play.games at /system/app/PlayGames.apk ignored: updated version 15080138 better than this 11040130
03-11 16:09:00.549 I/PackageManager( 1499): Package com.google.android.apps.plus at /system/app/PlusOne.apk ignored: updated version 413065449 better than this 413004781
03-11 16:09:00.559 W/art     ( 1499): Failed to find ELF magic in /system/app/PrintSpooler.odex: dey
03-11 16:09:00.599 I/PackageManager( 1499): Package com.quickoffice.android at /system/app/QuickOffice.apk ignored: updated version 140210 better than this 131106
03-11 16:09:00.609 W/art     ( 1499): Failed to find ELF magic in /system/app/Stk.odex: dey
03-11 16:09:00.629 W/art     ( 1499): Failed to find ELF magic in /system/app/TelephonyProvider.odex: dey
03-11 16:09:00.639 W/art     ( 1499): Failed to find ELF magic in /system/app/TimeService.odex: dey
03-11 16:09:00.639 W/art     ( 1499): Failed to find ELF magic in /system/app/UpdateSetting.odex: dey
03-11 16:09:00.639 W/art     ( 1499): Failed to find ELF magic in /system/app/UserDictionaryProvider.odex: dey
03-11 16:09:00.699 I/PackageManager( 1499): Package com.google.android.youtube at /system/app/YouTube.apk ignored: updated version 5332 better than this 5227
03-11 16:09:00.739 W/art     ( 1499): Failed to find ELF magic in /system/app/qcrilmsgtunnel.odex: dey
03-11 16:09:00.739 W/art     ( 1499): Failed to find ELF magic in /system/app/shutdownlistener.odex: dey
03-11 16:09:00.739 D/PackageManager( 1499): No files in app dir /vendor/app
03-11 16:09:00.739 W/PackageParser( 1499): Unknown element under <application>: uses-permission at /system/app/shutdownlistener.apk Binary XML file line #11
03-11 16:09:01.369 W/PackageManager( 1499): Package com.whatsapp desires unavailable shared library com.sec.android.app.multiwindow; ignoring!
03-11 16:09:01.699 W/PackageParser( 1499): Unknown element under <application>: enable-feature at /data/app/com.facebook.katana-1.apk Binary XML file line #142
03-11 16:09:03.229 W/Resources( 1499): Converting to boolean: TypedValue{t=0x3/d=0x57d "true" a=2 r=0x7f090005}
03-11 16:09:03.639 W/PackageManager( 1499): Package com.dropbox.android has activity com.dropbox.android.activity.SsoCallbackReceiver with priority > 0, forcing to 0
03-11 16:09:03.689 W/PackageManager( 1499): Package com.adobe.reader desires unavailable shared library com.sec.android.app.multiwindow; ignoring!
03-11 16:09:03.769 W/PackageManager( 1499): Package com.flyersoft.moonreader desires unavailable shared library com.sec.android.app.multiwindow; ignoring!
03-11 16:09:03.829 I/PackageParser( 1499): com.android.helloworldjava: compat added android.permission.WRITE_EXTERNAL_STORAGE android.permission.READ_PHONE_STATE
03-11 16:09:03.839 W/PackageManager( 1499): Package com.google.android.apps.walletnfcrel desires unavailable shared library com.android.nfc_extras; ignoring!
03-11 16:09:03.839 W/PackageManager( 1499): Package com.flyersoft.moonreader desires unavailable shared library com.sec.android.app.multiwindow; ignoring!
03-11 16:09:03.839 W/PackageManager( 1499): Package com.adobe.reader desires unavailable shared library com.sec.android.app.multiwindow; ignoring!
03-11 16:09:03.839 W/PackageManager( 1499): Package com.whatsapp desires unavailable shared library com.sec.android.app.multiwindow; ignoring!
03-11 16:09:03.839 W/PackageManager( 1499): Package com.google.android.GoogleCamera desires unavailable shared library com.google.android.gestureservice; ignoring!
03-11 16:09:03.839 I/PackageManager( 1499): Time to scan packages: 4.117 seconds
03-11 16:09:03.839 W/PackageManager( 1499): Unknown permission com.android.smspush.WAPPUSH_MANAGER_BIND in package com.android.phone
03-11 16:09:03.839 W/PackageManager( 1499): Unknown permission com.android.nfc.permission.NFCEE_ADMIN in package com.google.android.apps.walletnfcrel
03-11 16:09:03.839 W/PackageManager( 1499): Unknown permission com.android.vending.billing.IBillingAccountService.BIND2 in package com.google.android.gsf.login
03-11 16:09:03.839 W/PackageManager( 1499): Unknown permission com.android.gallery3d.permission.GALLERY_PROVIDER in package com.android.bluetooth
03-11 16:09:03.839 W/PackageManager( 1499): Unknown permission android.permission.MMS_SEND_OUTBOX_MSG in package com.android.bluetooth
03-11 16:09:03.839 W/PackageManager( 1499): Not granting permission android.permission.DEVICE_POWER to package com.google.android.deskclock (protectionLevel=2 flags=0x48be45)
03-11 16:09:03.839 W/PackageManager( 1499): Not granting permission android.permission.READ_FRAME_BUFFER to package com.google.android.gms (protectionLevel=18 flags=0x483ec5)
03-11 16:09:03.839 W/PackageManager( 1499): Unknown permission android.permission.READ_OWNER_DATA in package com.google.android.setupwizard
03-11 16:09:03.839 W/PackageManager( 1499): Unknown permission android.permission.WRITE_OWNER_DATA in package com.google.android.setupwizard
03-11 16:09:03.839 W/PackageManager( 1499): Unknown permission com.android.launcher.permission.READ_SETTINGS in package com.android.settings
03-11 16:09:03.839 W/PackageManager( 1499): Unknown permission com.android.launcher.permission.WRITE_SETTINGS in package com.android.settings
03-11 16:09:03.839 W/PackageManager( 1499): Unknown permission com.sprint.internal.permission.SYSTEMPROPERTIES in package com.redbend.vdmc
03-11 16:09:03.839 W/PackageManager( 1499): Unknown permission com.sprint.internal.permission.SYSTEMPROPERTIES_WRITE in package com.redbend.vdmc
03-11 16:09:03.839 W/PackageManager( 1499): Unknown permission com.sprint.internal.permission.CONNECTIONMANAGER in package com.redbend.vdmc
03-11 16:09:03.839 W/PackageManager( 1499): Unknown permission com.sprint.internal.permission.PLATFORM in package com.redbend.vdmc
03-11 16:09:03.839 W/PackageManager( 1499): Unknown permission com.android.launcher.permission.READ_SETTINGS in package com.google.android.googlequicksearchbox
03-11 16:09:03.839 W/PackageManager( 1499): Unknown permission com.android.launcher.permission.WRITE_SETTINGS in package com.google.android.googlequicksearchbox
03-11 16:09:03.839 W/PackageManager( 1499): Unknown permission com.google.android.voicesearch.SHORTCUTS_ACCESS in package com.google.android.googlequicksearchbox
03-11 16:09:03.839 W/PackageManager( 1499): Unknown permission com.google.android.voicesearch.ACCESS_SETTINGS in package com.google.android.googlequicksearchbox
03-11 16:09:03.839 W/PackageManager( 1499): Unknown permission com.android.browser.permission.PRELOAD in package com.google.android.googlequicksearchbox
03-11 16:09:03.839 W/PackageManager( 1499): Unknown permission com.google.android.apps.googlevoice.permission.AUTO_SEND in package com.google.android.googlequicksearchbox
03-11 16:09:03.839 W/PackageManager( 1499): Unknown permission com.facebook.orca.provider.ACCESS in package com.facebook.katana
03-11 16:09:03.839 W/PackageManager( 1499): Unknown permission com.amazon.device.messaging.permission.RECEIVE in package com.facebook.katana
03-11 16:09:03.839 W/PackageManager( 1499): Not granting permission android.permission.BATTERY_STATS to package com.facebook.katana (protectionLevel=18 flags=0x8be44)
03-11 16:09:03.839 W/PackageManager( 1499): Unknown permission com.sec.android.provider.badge.permission.READ in package com.facebook.katana
03-11 16:09:03.839 W/PackageManager( 1499): Unknown permission com.sec.android.provider.badge.permission.WRITE in package com.facebook.katana
03-11 16:09:03.839 W/PackageManager( 1499): Unknown permission com.htc.launcher.permission.READ_SETTINGS in package com.facebook.katana
