03-11 16:09:19.932 D/Finsky  ( 2938): [189] InAppBillingUtils.pickAccount: com.whatsapp: Account determined from installer data - [h8oDSybNDDZzpp4iys_x3qq36Xs]
03-11 16:09:19.982 W/GLSUser ( 1956): GoogleAccountDataService.getToken()
03-11 16:09:20.012 I/ActivityManager( 1499): Start proc com.laurencedawson.reddit_sync for service com.laurencedawson.reddit_sync/.activities.MessagingService: pid=3334 uid=10080 gids={50080, 3003, 1028, 1015}
03-11 16:09:20.012 I/ActivityManager( 1499): Delay finish: com.laurencedawson.reddit_sync/.RedditMessageReceiver
03-11 16:09:20.072 D/ConnectivityService( 1499): [CheckMp] isMobileOk: newUrl=https://193.229.108.170/generate_204
03-11 16:09:20.072 W/ActivityThread( 1499): ClassLoader.loadClass: The class loader returned by Thread.getContextClassLoader() may fail for processes that host multiple applications. You should explicitly specify a context class loader. For example: Thread.setContextClassLoader(getClass().getClassLoader());
03-11 16:09:20.532 D/Finsky  ( 2938): [190] InAppBillingUtils.pickAccount: com.whatsapp: Account determined from installer data - [h8oDSybNDDZzpp4iys_x3qq36Xs]
03-11 16:09:20.532 D/Finsky  ( 2938): [190] InAppBillingUtils.pickAccount: com.whatsapp: Account determined from installer data - [h8oDSybNDDZzpp4iys_x3qq36Xs]
03-11 16:09:20.752 D/ConnectivityService( 1499): [CheckMp] isMobileOk: hostnameVerify retVal=true hostname=193.229.108.170 orgUriHost=clients3.google.com
03-11 16:09:20.922 D/ConnectivityService( 1499): [CheckMp] isMobileOk: headers={null=[HTTP/1.1 204 No Content], Connection=[close], Content-Length=[0], Content-Type=[text/html; charset=UTF-8], Date=[Tue, 11 Mar 2014 14:09:21 GMT], Server=[GFE/2.0], X-Android-Received-Millis=[1394546960928], X-Android-Response-Source=[NETWORK 204], X-Android-Selected-Transport=[http/1.1], X-Android-Sent-Millis=[1394546960775]}
03-11 16:09:20.922 D/ConnectivityService( 1499): [CheckMp] isMobileOk: X got expected responseCode=204 result=1
03-11 16:09:20.922 D/ConnectivityService( 1499): [CheckMp] isMobileOk: F stop hipri
03-11 16:09:20.922 D/MobileDataStateTracker( 1499): default: setEnableFailFastMobileData(enabled=0)
03-11 16:09:20.922 D/ConnectivityService( 1499): stopUsingNetworkFeature: teardown net 0: enableHIPRI
03-11 16:09:20.932 D/MobileDataStateTracker( 1499): hipri: Broadcast received: android.intent.action.ANY_DATA_STATE apnType=hipri
03-11 16:09:20.942 D/MobileDataStateTracker( 1499): hipri: Received state=DISCONNECTED, old=CONNECTED, reason=dataDisabled
03-11 16:09:20.942 D/MobileDataStateTracker( 1499): hipri: setDetailed state, old =CONNECTED and new state=DISCONNECTED
03-11 16:09:20.942 D/ConnectivityService( 1499): ConnectivityChange for mobile_hipri: DISCONNECTED/DISCONNECTED
03-11 16:09:20.952 I/ActivityManager( 1499): Resuming delayed broadcast
03-11 16:09:20.972 I/ActivityManager( 1499): Start proc com.onelouder.baconreader for broadcast com.onelouder.baconreader/.BootReceiver: pid=3383 uid=10081 gids={50081, 3003, 1028, 1015}
03-11 16:09:20.972 I/ActivityManager( 1499): Killing 2589:com.google.android.email/u0a36 (adj 15): empty #17
03-11 16:09:20.992 D/Nat464Xlat( 1499): requiresClat: netType=5, hasIPv4Address=true
03-11 16:09:21.002 D/MobileDataStateTracker( 1499): default: setPolicyDataEnable(enabled=true)
03-11 16:09:21.072 D/MobileDataStateTracker( 1499): default: setPolicyDataEnable(enabled=true)
03-11 16:09:21.152 D/MobileDataStateTracker( 1499): default: setPolicyDataEnable(enabled=true)
03-11 16:09:21.152 D/MobileDataStateTracker( 1499): default: setPolicyDataEnable(enabled=true)
03-11 16:09:21.172 I/ErrorAgent( 3383): Registering custom exceptions handler
03-11 16:09:21.202 D/ImageCache( 3383): enabled write through to /storage/emulated/0/Android/data/com.onelouder.baconreader/cache/cachefu/image_cache
03-11 16:09:21.202 D/ImageCache( 3383): sanitize DISK cache
03-11 16:09:21.252 D/Setting notifications for every ( 3383): 86400000
03-11 16:09:21.272 W/art     ( 1202): Could not get current activity
03-11 16:09:21.282 I/ActivityManager( 1499): Start proc org.thoughtcrime.securesms for broadcast org.thoughtcrime.securesms/.service.DirectoryRefreshListener: pid=3474 uid=10084 gids={50084, 3003, 1028, 1015}
03-11 16:09:21.282 I/ActivityManager( 1499): Killing 2664:com.google.android.apps.genie.geniewidget/u0a40 (adj 15): empty #17
03-11 16:09:21.302 W/art     ( 3474): Failed to find ELF magic in /system/framework/android.test.runner.odex: dey
03-11 16:09:21.362 W/DirectoryRefreshListener( 3474): Scheduling for: 1394550923615
03-11 16:09:21.362 I/GCoreUlr( 1908): Starting service, intent=Intent { cmp=com.google.android.gms/com.google.android.location.reporting.service.DispatchingService (has extras) }, extras=Bundle[{intentType=2, receiverAction=com.google.android.location.internal.server.ACTION_RESTARTED}]
03-11 16:09:21.362 I/GCoreUlr( 1908): WorldUpdater received intent Intent { cmp=com.google.android.gms/com.google.android.location.reporting.service.DispatchingService (has extras) } with receiverAction com.google.android.location.internal.server.ACTION_RESTARTED, forceUpdate false
03-11 16:09:21.362 V/KeepAlert( 2843): Action com.google.android.location.internal.server.ACTION_RESTARTED
03-11 16:09:21.362 I/ActivityManager( 1499): Delay finish: com.google.android.keep/.notification.AlertReceiver
03-11 16:09:21.372 I/ActivityManager( 1499): Resuming delayed broadcast
03-11 16:09:21.402 W/service ( 3474): Broadcasting new secret...
03-11 16:09:21.402 D/GCM     ( 1956): GcmService start Intent { act=com.google.android.gms.INITIALIZE flg=0x10 pkg=com.google.android.gms cmp=com.google.android.gms/.gcm.GcmService } com.google.android.gms.INITIALIZE
03-11 16:09:21.402 I/ActivityManager( 1499): Delay finish: com.google.android.gm/.MailIntentReceiver
03-11 16:09:21.412 W/SendReceiveService( 3474): Got a MasterSecret broadcast...
03-11 16:09:21.412 W/PartProvider( 3474): Got master secret: org.whispersystems.textsecure.crypto.MasterSecret@655cb588
03-11 16:09:21.412 W/PartProvider( 3474): Got master secret: org.whispersystems.textsecure.crypto.MasterSecret@655c8948
03-11 16:09:21.412 W/KeyCachingService( 3474): KCS Is Being Destroyed!
03-11 16:09:21.412 I/ActivityManager( 1499): Resuming delayed broadcast
03-11 16:09:21.412 I/ActivityManager( 1499): Killing 2713:com.lge.SprintHiddenMenu/1000 (adj 15): empty #17
03-11 16:09:21.422 W/DecryptingQueue( 3474): Processing pending decrypts...
03-11 16:09:21.472 I/GCoreUlr( 1908): Ensuring that reporting is stopped because of reasons: {account#-17#=[InactiveReason{mVersionCode=0, mIdentifier=6, mName='ReportingNotSelected'}]}
03-11 16:09:21.472 D/GCoreFlp( 1908): Unknown pending intent to remove.
03-11 16:09:21.492 I/GCoreUlr( 1908): Unbound from all location providers
03-11 16:09:21.492 I/ActivityManager( 1499): Start proc com.google.android.deskclock for broadcast com.google.android.deskclock/com.android.deskclock.AlarmInitReceiver: pid=3507 uid=10033 gids={50033, 1028}
03-11 16:09:21.502 I/art     ( 2175): Heap trim of managed (duration=2.500729ms, advised=1884KB) and native (duration=1.236094ms, advised=8KB) heaps. Managed heap utilization of 30%.
03-11 16:09:21.512 W/art     ( 3507): Failed to find ELF magic in /system/app/DeskClockGoogle.odex: dey
03-11 16:09:21.522 W/MmsSmsDatabase( 3474): Executing query: SELECT _id, body, read, type, address, address_device_id, subject, thread_id, status, date_sent, date_received, m_type, msg_box, part_count, ct_l, tr_id, m_size, exp, st, transport_type FROM (SELECT DISTINCT date_sent * 1 AS date_sent, date * 1 AS date_received, _id, body, read, thread_id, type, address, address_device_id, subject, NULL AS m_type, NULL AS msg_box, status, NULL AS part_count, NULL AS ct_l, NULL AS tr_id, NULL AS m_size, NULL AS exp, NULL AS st, 'sms' AS transport_type FROM sms WHERE (read = 0) UNION ALL SELECT DISTINCT date * 1000 AS date_sent, date_received * 1000 AS date_received, _id, body, read, thread_id, NULL AS type, address, address_device_id, NULL AS subject, m_type, msg_box, NULL AS status, part_count, ct_l, tr_id, m_size, exp, st, 'mms' AS transport_type FROM mms WHERE (read = 0) ORDER BY date_received ASC)
03-11 16:09:21.522 W/MmsSmsDatabase( 3474): Executing query: SELECT _id, body, read, type, address, address_device_id, subject, thread_id, status, date_sent, date_received, m_type, msg_box, part_count, ct_l, tr_id, m_size, exp, st, transport_type FROM (SELECT DISTINCT date_sent * 1 AS date_sent, date * 1 AS date_received, _id, body, read, thread_id, type, address, address_device_id, subject, NULL AS m_type, NULL AS msg_box, status, NULL AS part_count, NULL AS ct_l, NULL AS tr_id, NULL AS m_size, NULL AS exp, NULL AS st, 'sms' AS transport_type FROM sms WHERE (read = 0) UNION ALL SELECT DISTINCT date * 1000 AS date_sent, date_received * 1000 AS date_received, _id, body, read, thread_id, NULL AS type, address, address_device_id, NULL AS subject, m_type, msg_box, NULL AS status, part_count, ct_l, tr_id, m_size, exp, st, 'mms' AS transport_type FROM mms WHERE (read = 0) ORDER BY date_received ASC)
03-11 16:09:21.522 V/AlarmClock( 3507): AlarmInitReceiver android.intent.action.TIME_SET
03-11 16:09:21.552 I/AlarmClock( 3507): Displaying next alarm time: ''
03-11 16:09:21.552 V/AlarmClock( 3507): AlarmInitReceiver finished
03-11 16:09:21.622 I/ActivityManager( 1499): Start proc com.qualcomm.timeservice for broadcast com.qualcomm.timeservice/.TimeServiceBroadcastReceiver: pid=3536 uid=10068 gids={50068}
03-11 16:09:21.622 I/ActivityManager( 1499): Killing 2870:com.google.android.gms.ui/u0a7 (adj 15): empty #17
03-11 16:09:21.652 W/art     ( 3536): Failed to find ELF magic in /system/app/TimeService.odex: dey
03-11 16:09:21.662 D/TimeService( 3536): Receivedandroid.intent.action.TIME_SET intent. Current Time is 1394546961664
03-11 16:09:21.662 D/        ( 3536): TimeServiceNative: User Time to be set is 1394546961664
03-11 16:09:21.662 D/QC-time-services( 3536): Lib:time_genoff_operation: pargs->base = 2
03-11 16:09:21.662 D/QC-time-services( 3536): Lib:time_genoff_operation: pargs->operation = 0
03-11 16:09:21.662 D/QC-time-services( 3536): Lib:time_genoff_operation: pargs->ts_val = 1394546961664
03-11 16:09:21.662 D/QC-time-services(  197): Daemon: Connection accepted:time_genoff
03-11 16:09:21.662 D/QC-time-services( 3536): Lib:time_genoff_operation: Send to server  passed!!
03-11 16:09:21.662 D/QC-time-services(  197): Daemon:Received base = 2, unit = 1, operation = 0,value = 1394546961664
03-11 16:09:21.662 D/QC-time-services(  197): Daemon:genoff_opr: Base = 2, val = 1394546961664, operation = 0
03-11 16:09:21.662 D/QC-time-services(  197): Daemon:rtc_get: Time read from RTC -- MM/DD/YY HH:MM:SS3/19/70 18:32:4
03-11 16:09:21.662 D/QC-time-services(  197): Daemon:Value read from RTC seconds = 9397924000
03-11 16:09:21.662 D/QC-time-services(  197): Daemon:new time 1394546961664 
03-11 16:09:21.662 D/QC-time-services(  197): Daemon: delta 1385149037664 genoff 1385149037664 
03-11 16:09:21.662 D/QC-time-services(  197): Daemon:genoff_persistent_update: Writing genoff = 1385149037664 to memory
03-11 16:09:21.662 D/QC-time-services(  197): Daemon:Opening File: /data/system/time/ats_2
03-11 16:09:21.662 D/QC-time-services(  197): Daemon:time_persistent_memory_opr:Genoff write operation 
03-11 16:09:21.662 D/QC-time-services(  197): Updating the TOD offset
03-11 16:09:21.662 D/QC-time-services(  197): Daemon:genoff_persistent_update: Writing genoff = 1385149037664 to memory
03-11 16:09:21.662 D/QC-time-services(  197): Daemon:Opening File: /data/system/time/ats_1
03-11 16:09:21.662 D/QC-time-services(  197): Daemon:time_persistent_memory_opr:Genoff write operation 
03-11 16:09:21.662 D/QC-time-services(  197): Daemon:Update to modem bit set
03-11 16:09:21.662 D/QC-time-services(  197): Daemon:genoff_send_modem: Sending data to MODEM !
03-11 16:09:21.672 D/QC-time-services(  197): Daemon: Base = 2, Value being sent to MODEM = 1078582161664
03-11 16:09:21.672 E/QC-time-services( 3536): Receive Passed == base = 2, unit = 1, operation = 0, result = 0
03-11 16:09:21.672 D/QC-time-services(  197): Daemon: Time-services: Waiting to acceptconnection
03-11 16:09:21.672 D/QC-time-services(  197): Daemon:tod_update_ind_cb: Got Update from modem msg_id 40
03-11 16:09:21.672 V/KeepAlert( 2843): Action android.intent.action.TIME_SET
03-11 16:09:21.672 D/AlertReceiver( 2204): onReceive: a=android.intent.action.PROVIDER_CHANGED Intent { act=android.intent.action.PROVIDER_CHANGED dat=content://com.android.calendar flg=0x10 cmp=com.google.android.calendar/com.android.calendar.alerts.AlertReceiver }
03-11 16:09:21.672 I/ActivityManager( 1499): Delay finish: com.google.android.calendar/com.android.calendar.alerts.AlertReceiver
03-11 16:09:21.682 D/AlertService( 2204): 0 Action = android.intent.action.PROVIDER_CHANGED
03-11 16:09:21.682 I/ActivityManager( 1499): Resuming delayed broadcast
03-11 16:09:21.742 I/ActivityManager( 1499): Start proc com.google.android.music:main for broadcast com.google.android.music/.store.MediaStoreImportService$Receiver: pid=3562 uid=10058 gids={50058, 3003, 1028, 1015}
03-11 16:09:21.932 I/MusicStore( 3562): Database version: 85
03-11 16:09:21.962 W/ContextImpl( 3562): Implicit intents with startService are not safe: Intent { act=com.google.android.music.PREFERENCE_SERVICE } android.content.ContextWrapper.bindService:517 com.google.android.music.utils.SafeServiceConnection$ServiceConnectionImp.bindService:98 com.google.android.music.utils.SafeServiceConnection.bindService:259 
03-11 16:09:21.992 I/art     ( 1956): Heap trim of managed (duration=1.528386ms, advised=36KB) and native (duration=797.083us, advised=0B) heaps. Managed heap utilization of 72%.
03-11 16:09:22.022 W/ContextImpl( 3562): Implicit intents with startService are not safe: Intent { act=com.google.android.music.NETWORK_MONITOR_SERVICE } android.content.ContextWrapper.bindService:517 com.google.android.music.utils.SafeServiceConnection$ServiceConnectionImp.bindService:98 com.google.android.music.utils.SafeServiceConnection.bindService:259 
03-11 16:09:22.122 I/MediaRouter( 3562): Found default route: MediaRouter.RouteInfo{ uniqueId=android/.support.v7.media.SystemMediaRouteProvider:DEFAULT_ROUTE, name=Phone, description=null, enabled=true, connecting=false, playbackType=0, playbackStream=3, volumeHandling=1, volume=6, volumeMax=15, presentationDisplayId=-1, extras=null, providerPackageName=android }
03-11 16:09:22.142 I/ActivityManager( 1499): Delay finish: com.google.android.music/.store.MediaStoreImportService$Receiver
03-11 16:09:22.172 I/CastUtils( 3562): Removing provider: MediaRouter.RouteProviderInfo{ packageName=com.google.android.gms }
03-11 16:09:22.172 I/ActivityManager( 1499): Resuming delayed broadcast
03-11 16:09:22.172 I/ActivityManager( 1499): Delay finish: com.google.android.music/.store.MediaStoreImportService$Receiver
03-11 16:09:22.192 I/ActivityManager( 1499): Resuming delayed broadcast
03-11 16:09:22.202 I/ActivityManager( 1499): Delay finish: com.google.android.music/.store.MediaStoreImportService$Receiver
03-11 16:09:22.352 I/MediaStoreImporter( 3562): Update: incremental Added music: 0 Updated music: 0 Deleted music: 0 Created playlists: 0 Updated playlists: 0 Deleted playlists: 0 Inserted playlist items: 0 Deleted playlist items: 0 Removed orphaned playlist items: 0
03-11 16:09:22.352 I/ActivityManager( 1499): Resuming delayed broadcast
03-11 16:09:22.372 I/ActivityManager( 1499): Start proc com.google.android.email for broadcast com.google.android.email/com.android.email.provider.WidgetProvider: pid=3600 uid=10036 gids={50036, 3003, 1028, 1015}
03-11 16:09:22.392 I/art     ( 1499): Heap trim of managed (duration=8.311615ms, advised=4MB) and native (duration=1.709635ms, advised=636KB) heaps. Managed heap utilization of 59%.
03-11 16:09:22.412 W/art     ( 3600): Failed to find ELF magic in /system/app/EmailGoogle.odex: dey
03-11 16:09:22.472 D/ActivityThread( 3600): Loading provider com.google.android.email.provider;com.google.android.email.notifier: com.android.email.provider.EmailProvider
03-11 16:09:22.502 D/ActivityThread( 3600): Loading provider com.google.android.email.provider;com.google.android.email.notifier: com.android.email.provider.EmailProvider
03-11 16:09:22.502 D/ActivityThread( 3600): Loading provider com.google.android.email.provider;com.google.android.email.notifier: com.android.email.provider.EmailProvider
03-11 16:09:22.502 D/ActivityThread( 3600): Loading provider com.google.android.email.provider;com.google.android.email.notifier: com.android.email.provider.EmailProvider
03-11 16:09:22.502 D/ActivityThread( 3600): Loading provider com.google.android.email.provider;com.google.android.email.notifier: com.android.email.provider.EmailProvider
03-11 16:09:22.522 I/ActivityManager( 1499): Killing 1655:android.process.media/u0a5 (adj 15): empty #17
03-11 16:09:22.602 D/MobileDataStateTracker( 1499): default: setPolicyDataEnable(enabled=true)
03-11 16:09:22.622 D/GCM     ( 1956): GcmService start Intent { act=com.google.android.gms.INITIALIZE flg=0x10 pkg=com.google.android.gms cmp=com.google.android.gms/.gcm.GcmService } com.google.android.gms.INITIALIZE
03-11 16:09:22.622 W/ActivityManager( 1499): Unable to start service Intent { cmp=com.google.android.email/com.android.email.service.AttachmentDownloadService } U=0: not found
03-11 16:09:22.632 I/Email   ( 3600): Observing account changes for notifications
03-11 16:09:22.632 I/ActivityManager( 1499): Delay finish: com.google.android.talk/com.google.android.apps.babel.realtimechat.RealTimeChatService$AlarmReceiver
03-11 16:09:22.632 W/ActivityManager( 1499): Unable to start service Intent { cmp=com.google.android.email/com.android.email.service.AttachmentDownloadService } U=0: not found
03-11 16:09:22.632 W/ActivityManager( 1499): Unable to start service Intent { cmp=com.google.android.email/com.android.email.service.AttachmentDownloadService } U=0: not found
03-11 16:09:22.642 W/ActivityManager( 1499): Unable to start service Intent { cmp=com.google.android.email/com.android.email.service.AttachmentDownloadService } U=0: not found
03-11 16:09:22.642 W/ActivityManager( 1499): Unable to start service Intent { cmp=com.google.android.email/com.android.email.service.AttachmentDownloadService } U=0: not found
03-11 16:09:22.642 W/ActivityManager( 1499): Unable to start service Intent { cmp=com.google.android.email/com.android.email.service.AttachmentDownloadService } U=0: not found
03-11 16:09:22.672 I/ActivityManager( 1499): Resuming delayed broadcast
03-11 16:09:22.672 I/ActivityManager( 1499): Delay finish: com.google.android.talk/com.google.android.apps.babel.realtimechat.RealTimeChatService$AlarmReceiver
03-11 16:09:22.742 I/ActivityManager( 1499): Resuming delayed broadcast
03-11 16:09:22.772 I/ActivityManager( 1499): Start proc android.process.media for broadcast com.android.providers.downloads/.DownloadReceiver: pid=3636 uid=10005 gids={50005, 1028, 1015, 1023, 1024, 2001, 3003, 3007}
03-11 16:09:22.792 W/art     ( 3636): Failed to find ELF magic in /system/priv-app/DownloadProvider.odex: dey
03-11 16:09:22.812 W/art     ( 3636): Failed to find ELF magic in /system/priv-app/MediaProvider.odex: dey
03-11 16:09:22.882 I/ActivityManager( 1499): Start proc com.google.android.gallery3d for broadcast com.google.android.gallery3d/com.google.android.picasasync.ConnectivityReceiver: pid=3670 uid=10039 gids={50039, 3003, 1028, 1015}
03-11 16:09:22.922 I/art     ( 2988): Heap trim of managed (duration=955.364us, advised=72KB) and native (duration=1.418594ms, advised=52KB) heaps. Managed heap utilization of 67%.
03-11 16:09:22.932 W/art     ( 3670): Failed to find ELF magic in /system/framework/com.google.android.media.effects.odex: dey
03-11 16:09:22.932 W/art     ( 3670): Failed to find ELF magic in /system/app/GalleryGoogle.odex: dey
03-11 16:09:22.932 I/ActivityManager( 1499): Killing 3030:eu.chainfire.supersu/u0a74 (adj 15): empty #17
03-11 16:09:23.202 D/GCM     ( 1956): GcmService start Intent { act=android.net.conn.CONNECTIVITY_CHANGE flg=0x4000010 cmp=com.google.android.gms/.gcm.GcmService (has extras) } android.net.conn.CONNECTIVITY_CHANGE
03-11 16:09:23.232 D/UploadsManager( 3670):    wifiOnlyPhoto changed to true
03-11 16:09:23.232 D/UploadsManager( 3670):    wifiOnlyVideo changed to true
03-11 16:09:23.232 D/UploadsManager( 3670):    syncOnBattery changed to true
03-11 16:09:23.232 D/PicasaSync( 3670): sync account database
03-11 16:09:23.232 W/GAV2    ( 3164): Thread[GAThread,5,main]: Service unavailable (code=1), will retry.
03-11 16:09:23.232 I/ActivityManager( 1499): Start proc com.google.android.apps.magazines for broadcast com.google.android.apps.magazines/com.google.apps.dots.android.newsstand.appwidget.NewsWidgetProvider: pid=3700 uid=10056 gids={50056, 3003, 1028, 1015}
03-11 16:09:23.232 W/ActivityManager( 1499): Unable to start service Intent { act=com.google.android.gms.analytics.service.START cmp=com.google.android.gms/.analytics.service.AnalyticsService (has extras) } U=0: not found
03-11 16:09:23.232 I/ActivityManager( 1499): Killing 3056:com.google.android.youtube/u0a71 (adj 15): empty #17
03-11 16:09:23.262 I/GAV2    ( 3164): Thread[GAThread,5,main]: No campaign data found.
03-11 16:09:23.312 V/WebViewChromium( 3700): Binding Chromium to the background looper Looper (main, tid 1) {6551d578}
03-11 16:09:23.312 I/chromium( 3700): [INFO:library_loader_hooks.cc(112)] Chromium logging enabled: level = 0, default verbosity = 0
03-11 16:09:23.322 I/BrowserProcessMain( 3700): Initializing chromium process, renderers=0
03-11 16:09:23.322 W/art     ( 3700): Attempt to remove local SIRT entry from IRT, ignoring
03-11 16:09:23.322 D/PicasaSync( 3670): accounts in DB=1
03-11 16:09:23.322 D/PicasaSyncManager( 3670): background data: true
03-11 16:09:23.322 W/art     ( 3700): Thread[13,tid=3725,Native,Thread*=0x4983e008,peer=0x655caba0,"Thread-281"] attached without supplying a name
03-11 16:09:23.322 W/art     ( 3700): Thread[14,tid=3724,Native,Thread*=0x4983f640,peer=0x655cb120,"Thread-282"] attached without supplying a name
03-11 16:09:23.332 W/chromium( 3700): [WARNING:proxy_service.cc(888)] PAC support disabled because there is no system implementation
03-11 16:09:23.332 I/Adreno-EGL( 3700): <qeglDrvAPI_eglInitialize:320>: EGL 1.4 QUALCOMM Build: I0404c4692afb8623f95c43aeb6d5e13ed4b30ddbDate: 11/06/13
03-11 16:09:23.352 W/art     ( 3700): Thread[15,tid=3719,Native,Thread*=0x4a0d7ce8,peer=0x655d4e98,"Thread-283"] attached without supplying a name
03-11 16:09:23.352 D/PicasaSyncManager( 3670): reject MetadataSyncTask (****************************) for non-wifi connection
03-11 16:09:23.362 D/PicasaSyncManager( 3670): battery info: true
03-11 16:09:23.372 D/PicasaSyncManager( 3670): reject MetadataSyncTask (****************************) for non-wifi connection
03-11 16:09:23.372 W/art     ( 3700): Attempt to remove local SIRT entry from IRT, ignoring
03-11 16:09:23.412 W/GAV2    ( 3700): Thread[main,5,main]: Need to call initialize() and be in fallback mode to start dispatch.
03-11 16:09:23.422 I/Icing   ( 1803): Indexing DFBA040CFE63555BF40C028A21AB1505A9843DE0 from com.google.android.music
03-11 16:09:23.492 I/Icing   ( 1803): Indexing done DFBA040CFE63555BF40C028A21AB1505A9843DE0
03-11 16:09:23.532 I/NSApplication( 3700): Starting up...
03-11 16:09:23.572 W/art     ( 1202): Could not get current activity
03-11 16:09:23.572 I/ActivityManager( 1499): Start proc com.google.android.youtube for broadcast com.google.android.youtube/com.google.android.apps.youtube.app.prefetch.PrefetchService$DeviceStateReceiver: pid=3744 uid=10071 gids={50071, 3003, 1028, 1015}
03-11 16:09:23.572 I/ActivityManager( 1499): Killing 2463:com.google.android.partnersetup/u0a11 (adj 15): empty #17
03-11 16:09:23.602 D/GCM     ( 1956): Connected
03-11 16:09:23.612 I/GCM     ( 1956): GCM message com.google.android.gsf.gtalkservice 
03-11 16:09:23.632 D/GCM     ( 1956): Message class hwi
03-11 16:09:23.672 D/YouTube ( 3744): apps.youtube.core.utils.bh.a:41 HttpClient.UserAgent: com.google.android.youtube/5.3.32(Linux; U; Android 4.4.2; en_US; Nexus 5 Build/KOT49H)
03-11 16:09:23.692 D/YouTube ( 3744): apps.youtube.core.utils.bh.a:41 HttpClient.UserAgent: com.google.android.youtube/5.3.32(Linux; U; Android 4.4.2; en_US; Nexus 5 Build/KOT49H)
03-11 16:09:23.772 D/YouTube ( 3744): apps.youtube.core.client.y.a:114 event [version=5.3.32-s2000, action=Startup, label=NORMAL_STARTUP, value=-1]
03-11 16:09:23.822 D/YouTube ( 3744): apps.youtube.core.cache.f.run:163 Cache is below limit, no need to shrink: [size=1653501, limit=20971520]
03-11 16:09:23.932 I/dex2oat ( 3777): dex2oat: /data/data/com.google.android.youtube/cache/ads2069673332.dex
03-11 16:09:24.002 D/Tethering( 1499): MasterInitialState.processMessage what=3
03-11 16:09:24.002 D/CaptivePortalTracker( 1499): NoActiveNetworkState{ when=0 what=1 obj=NetworkInfo: type: mobile_hipri[HSPA+], state: DISCONNECTED/DISCONNECTED, reason: dataDisabled, extra: internet.saunalahti, roaming: false, failover: false, isAvailable: true, isConnectedToProvisioningNetwork: false target=com.android.internal.util.StateMachine$SmHandler }
03-11 16:09:24.002 D/CaptivePortalTracker( 1499): NoActiveNetworkState not a wifi connectivity change, ignore
03-11 16:09:24.002 D/Tethering( 1499): MasterInitialState.processMessage what=3
03-11 16:09:24.002 D/CaptivePortalTracker( 1499): NoActiveNetworkState{ when=0 what=1 obj=NetworkInfo: type: mobile[HSPA+], state: CONNECTED/CONNECTED, reason: connected, extra: internet.saunalahti, roaming: false, failover: false, isAvailable: true, isConnectedToProvisioningNetwork: false target=com.android.internal.util.StateMachine$SmHandler }
03-11 16:09:24.002 D/CaptivePortalTracker( 1499): NoActiveNetworkState not a wifi connectivity change, ignore
03-11 16:09:24.062 I/GoogleConversionPing( 3744): Pinging: http://www.googleadservices.com/pagead/conversion/1001680686/?label=4dahCKKczAYQrt7R3QM&value=&muid=htvkUmllSKdBco3N4TeCHQ&bundleid=com.google.android.youtube&appversion=5.3.32&osversion=4.4.2&sdkversion=ct-sdk-a-v1.1.0&remarketing_only=1&timestamp=1394546964&data=screen_name%3D%3CAndroid_YT_Open_App%3E
03-11 16:09:24.102 D/ConnectivityService( 1499): handleInetConditionHoldEnd: net=0, condition=100, published condition=0
03-11 16:09:24.122 D/YouTube ( 3744): apps.youtube.app.prefetch.PrefetchService$DeviceStateReceiver.onReceive:565 Got device state change intent: android.net.conn.CONNECTIVITY_CHANGE
03-11 16:09:24.132 D/YouTube ( 3744): apps.youtube.core.transfer.TransferService.onCreate:108 creating transfer service
03-11 16:09:24.152 I/ActivityManager( 1499): Start proc com.google.android.apps.plus for broadcast com.google.android.apps.plus/.service.ConnectivityReceiver: pid=3802 uid=10063 gids={50063, 3003, 3002, 1028, 1015}
03-11 16:09:24.172 D/YouTube ( 3744): apps.youtube.app.prefetch.PrefetchService.onStartCommand:167 PrefetchService started at 11 Mar 2014 14:09:24 GMT
03-11 16:09:24.172 D/YouTube ( 3744): apps.youtube.app.prefetch.PrefetchService.p_:245 Download snapshot restored
03-11 16:09:24.172 W/art     ( 3802): Failed to find ELF magic in /system/framework/com.google.android.maps.odex: dey
03-11 16:09:24.182 D/YouTube ( 3744): apps.youtube.app.prefetch.PrefetchService.onDestroy:215 PrefetchService destroyed at 11 Mar 2014 14:09:24 GMT
03-11 16:09:24.182 I/ActivityManager( 1499): Killing 3164:com.google.android.googlequicksearchbox:search/u0a19 (adj 15): empty #17
03-11 16:09:24.202 W/GLSUser ( 1956): GoogleAccountDataService.getToken()
03-11 16:09:24.272 I/GoogleConversionPing( 3744): Ping responded with response code 200
03-11 16:09:24.502 I/ImageResourceManager( 3802): ImageResourceManager: uninitalized
03-11 16:09:24.502 I/iu.Environment( 3802): update battery state; isPlugged? true*
03-11 16:09:24.512 I/iu.Environment( 3802): update connectivity state; isNetworkMetered? true*, isRoaming? false, isBackgroundDataAllowed? true*
03-11 16:09:24.512 I/iu.Environment( 3802): update connectivity state; isNetworkMetered? true, isRoaming? false, isBackgroundDataAllowed? true
03-11 16:09:24.532 I/ActivityManager( 1499): Start proc com.facebook.katana for broadcast com.facebook.katana/com.facebook.vault.service.VaultConnectivityChangeReceiver: pid=3834 uid=10077 gids={50077, 1028, 1015, 3003}
03-11 16:09:24.532 I/ActivityManager( 1499): Killing 3244:org.mozilla.fennec/u0a75 (adj 15): empty #17
03-11 16:09:24.562 I/iu.UploadsManager( 3802): #reloadSettings(); account: null; pageID: none; IU: disabled; IS: disabled; photoWiFi: true; videoWiFi: true; roam: false; battery: true; size: FULL; maxMobile: 157286400
03-11 16:09:24.582 W/art     ( 3834): Failed to find ELF magic in /system/framework/com.google.android.maps.odex: dey
03-11 16:09:24.642 D/CatchMeIfYouCan( 3834): Process (<default>) ca: '/data/data/com.facebook.katana/app_cmiyc/A1657CCD543F12E66E587EE52ED9D802E22AAC4701'
03-11 16:09:24.642 D/CatchMeIfYouCan( 3834): Process (<default>) fc: '/data/data/com.facebook.katana/app_cmiyc/A1657CCD543F12E66E587EE52ED9D802E22AAC4702'
03-11 16:09:24.642 D/CatchMeIfYouCan( 3834): Process (<default>) cp: '('default', 3, 120000, silent [true], restart [false], logout [false])'
03-11 16:09:24.652 D/ACRA    ( 3834): ACRA is enabled for com.facebook.katana, intializing...
03-11 16:09:24.662 D/ACRA    ( 3834): Looking for error files in /data/data/com.facebook.katana/app_acra-reports
03-11 16:09:24.662 D/ACRA    ( 3834): Looking for error files in /data/data/com.facebook.katana/app_minidumps
03-11 16:09:24.672 I/art     ( 1499): Heap trim of managed (duration=10.373072ms, advised=4MB) and native (duration=1.479480ms, advised=680KB) heaps. Managed heap utilization of 57%.
03-11 16:09:24.692 W/SystemClassLoaderAdder( 3834): Could not find zipFile entry corresponding to path /data/app/com.facebook.katana-1.apk
03-11 16:09:24.692 I/iu.UploadsManager( 3802): End new media; added: 0, uploading: 0, time: 130 ms
03-11 16:09:24.692 V/DexLibLoader( 3834): Preparing secondary program dexes.
03-11 16:09:24.692 V/DexLibLoader( 3834): Loaded 2 raw lines of metadata.
03-11 16:09:24.692 V/DexLibLoader( 3834): Secondary program dex metadata: secondary-1.dex.jar.xz 188f1cf98e7929d7457e2cdf72a0777981e1fc27 secondary.dex01.Canary
03-11 16:09:24.692 V/DexLibLoader( 3834): Secondary program dex metadata: secondary-2.dex.jar.xz 14314443648960c2f9d1e4924306d1af2de75315 secondary.dex02.Canary
03-11 16:09:24.692 W/DexLibLoader( 3834): Unexpected file in program dex directory: /data/data/com.facebook.katana/app_secondary_program_dex/temp_dex_lock
03-11 16:09:24.692 V/DexLibLoader( 3834): Preparing to extract secondary-1.dex.jar.xz to /data/data/com.facebook.katana/app_secondary_program_dex/program-188f1cf98e7929d7457e2cdf72a0777981e1fc2731a2345d.dex.jar
03-11 16:09:24.702 V/DexLibLoader( 3834): Dex already copied
03-11 16:09:24.702 D/OdexVerifier( 3834): Odex verification is skipped.
03-11 16:09:24.702 V/DexLibLoader( 3834): Creating class loader
03-11 16:09:24.702 V/DexLibLoader( 3834): Finished creating class loader
03-11 16:09:24.702 V/DexLibLoader( 3834): Preparing to extract secondary-2.dex.jar.xz to /data/data/com.facebook.katana/app_secondary_program_dex/program-14314443648960c2f9d1e4924306d1af2de7531531a2345d.dex.jar
03-11 16:09:24.702 V/DexLibLoader( 3834): Dex already copied
03-11 16:09:24.702 D/OdexVerifier( 3834): Odex verification is skipped.
03-11 16:09:24.702 V/DexLibLoader( 3834): Creating class loader
03-11 16:09:24.702 V/DexLibLoader( 3834): Finished creating class loader
03-11 16:09:24.702 V/DexLibLoader( 3834): Verifying classes from secondary dexes.
03-11 16:09:24.702 D/DexLibLoader( 3834): DexLibLoader.ensureDexLoaded took 17 ms
03-11 16:09:24.742 I/iu.FingerprintManager( 3802): Start processing all media
03-11 16:09:24.742 I/iu.FingerprintManager( 3802): Start processing media store URI: content://media/external/images/media
03-11 16:09:24.752 I/iu.FingerprintManager( 3802): Start processing media store URI: content://media/external/video/media
03-11 16:09:24.762 I/iu.FingerprintManager( 3802): Start processing media store URI: content://media/phoneStorage/images/media
03-11 16:09:24.762 I/iu.FingerprintManager( 3802): Start processing media store URI: content://media/phoneStorage/video/media
03-11 16:09:24.762 I/iu.FingerprintManager( 3802): Finished generating fingerprints; 0.024 seconds
03-11 16:09:24.762 I/iu.FingerprintManager( 3802):   numSeen=178 numGenerated=0 numDeleted=0 numFailed=0
03-11 16:09:25.442 I/art     ( 3834): GcCauseBackground sticky partial concurrent mark sweep GC freed 5367(425KB) AllocSpace objects, 0(0B) LOS objects, 3% free, 19MB/20MB, paused 8.938ms total 16.395ms
03-11 16:09:25.672 W/art     ( 3834): Before Android 4.1, method void com.facebook.reflex.view.AbstractListView.invalidate(boolean) would have incorrectly overridden the package-private method in android.view.View
03-11 16:09:25.682 W/art     ( 3834): Before Android 4.1, method void com.facebook.reflex.view.GalleryViewAutoReflex.invalidate(boolean) would have incorrectly overridden the package-private method in android.view.View
03-11 16:09:25.692 W/art     ( 3834): Before Android 4.1, method void com.facebook.reflex.view.GalleryView.invalidate(boolean) would have incorrectly overridden the package-private method in android.view.View
03-11 16:09:25.702 W/art     ( 3834): Before Android 4.1, method void com.facebook.reflex.view.HorizontalScrollViewAutoReflex.invalidate(boolean) would have incorrectly overridden the package-private method in android.view.View
03-11 16:09:25.702 W/art     ( 3834): Before Android 4.1, method void com.facebook.reflex.view.HorizontalScrollView.invalidate(boolean) would have incorrectly overridden the package-private method in android.view.View
03-11 16:09:25.702 W/art     ( 3834): Before Android 4.1, method void com.facebook.reflex.view.ImageViewAutoReflex.invalidate(boolean) would have incorrectly overridden the package-private method in android.view.View
03-11 16:09:25.712 W/art     ( 3834): Before Android 4.1, method void com.facebook.reflex.view.ScrollViewAutoReflex.invalidate(boolean) would have incorrectly overridden the package-private method in android.view.View
03-11 16:09:25.722 W/art     ( 3834): Before Android 4.1, method void com.facebook.reflex.view.ScrollView.invalidate(boolean) would have incorrectly overridden the package-private method in android.view.View
03-11 16:09:25.732 W/art     ( 3834): Before Android 4.1, method void com.facebook.reflex.view.ViewPagerAutoReflex.invalidate(boolean) would have incorrectly overridden the package-private method in android.view.View
03-11 16:09:25.742 W/art     ( 3834): Before Android 4.1, method void com.facebook.reflex.view.ViewPager.invalidate(boolean) would have incorrectly overridden the package-private method in android.view.View
03-11 16:09:25.932 D/ConnectivityService( 1499): [CheckMp] isMobileOk: X result=1
03-11 16:09:25.932 D/ConnectivityService( 1499): [CheckMp] onPostExecute: result=1
03-11 16:09:25.932 D/ConnectivityService( 1499): CheckMp.onComplete: result=1
03-11 16:09:25.932 D/ConnectivityService( 1499): CheckMp.onComplete: ignore, connected or no connection
03-11 16:09:26.612 W/art     ( 3834): Before Android 4.1, method void com.facebook.reflex.view.FrameLayoutAutoReflex.invalidate(boolean) would have incorrectly overridden the package-private method in android.view.View
03-11 16:09:26.622 W/art     ( 3834): Before Android 4.1, method void com.facebook.reflex.view.FrameLayout.invalidate(boolean) would have incorrectly overridden the package-private method in android.view.View
03-11 16:09:26.692 D/AlertService( 2204): Beginning updateAlertNotification
03-11 16:09:26.762 I/art     ( 3834): Heap trim of managed (duration=5.828698ms, advised=12KB) and native (duration=1.274635ms, advised=220KB) heaps. Managed heap utilization of 72%.
03-11 16:09:26.762 I/art     ( 1499): Heap trim of managed (duration=14.666407ms, advised=4MB) and native (duration=1.424167ms, advised=684KB) heaps. Managed heap utilization of 55%.
03-11 16:09:26.762 D/AlertService( 2204): No fired or scheduled alerts
03-11 16:09:26.772 D/AlertService( 2204): Scheduling next alarm with AlarmScheduler. sEventReminderReceived: null
03-11 16:09:26.772 D/AlarmScheduler( 2204): Query result count for events starting within 1 week: 3
03-11 16:09:26.792 W/art     ( 3834): Before Android 4.1, method void com.facebook.messaging.reflex.SwipableOverlayLayoutAutoReflex.invalidate(boolean) would have incorrectly overridden the package-private method in android.view.View
03-11 16:09:26.792 W/art     ( 3834): Before Android 4.1, method void com.facebook.messaging.reflex.SwipableOverlayLayout.invalidate(boolean) would have incorrectly overridden the package-private method in android.view.View
03-11 16:09:26.882 I/ActivityManager( 1499): Killing 3299:com.laurencedawson.reddit_sync:remote/u0a80 (adj 15): empty #17
03-11 16:09:26.972 E/FbInjectorInitializer( 3834): Multi-binding Key[type=com.facebook.common.init.INeedInit, annotation=[none]] wasn't declared.
03-11 16:09:27.262 W/fb4a(:<default>):BaseAnalyticsConfig( 3834): willEventBeLogged() called before shared prefs were initialized! Defaulting to true.
03-11 16:09:27.262 W/fb4a(:<default>):BaseAnalyticsConfig( 3834): willEventBeLogged() called before shared prefs were initialized! Defaulting to true.
03-11 16:09:27.382 W/fb4a(:<default>):UserScope( 3834): Called user scoped provider with no viewer. ViewerContextManager was created with no ViewerContext. Using EmptyViewerContextManager to return fake logged in instance.
03-11 16:09:27.382 W/fb4a(:<default>):ViewerContextManagerForUserScope( 3834): User no longer logged in. Original uid: 0, viewer context: null, is_logged_in: false. Returning original viewer context.
03-11 16:09:27.382 W/fb4a(:<default>):UserScope( 3834): Called user scoped provider with no viewer. ViewerContextManager was created with no ViewerContext. Using EmptyViewerContextManager to return fake logged in instance.
03-11 16:09:27.442 W/art     ( 1202): Could not get current activity
03-11 16:09:27.442 I/ActivityManager( 1499): Start proc com.devhd.feedly for broadcast com.devhd.feedly/.widget.FeedlyWidgetProvider: pid=3880 uid=10088 gids={50088, 3003, 1028, 1015}
03-11 16:09:27.442 I/ActivityManager( 1499): Killing 3334:com.laurencedawson.reddit_sync/u0a80 (adj 15): empty #17
03-11 16:09:27.572 I/widget.provider( 3880): com.devhd.feedly.widget.FeedlyWidgetProvider onReceive: android.net.conn.CONNECTIVITY_CHANGE
03-11 16:09:27.572 W/widget.data( 3880): **** creating widget[0] data model object ****
03-11 16:09:27.582 D/AlertReceiver( 2204): onReceive: a=android.intent.action.PROVIDER_CHANGED Intent { act=android.intent.action.PROVIDER_CHANGED dat=content://com.android.calendar flg=0x10 cmp=com.google.android.calendar/com.android.calendar.alerts.AlertReceiver }
03-11 16:09:27.582 D/AlertService( 2204): 0 Action = android.intent.action.PROVIDER_CHANGED
03-11 16:09:27.582 I/ActivityManager( 1499): Killing 3383:com.onelouder.baconreader/u0a81 (adj 15): empty #17
03-11 16:09:27.582 I/ActivityManager( 1499): Delay finish: com.google.android.calendar/com.android.calendar.alerts.AlertReceiver
03-11 16:09:27.692 W/BroadcastQueue( 1499): Permission Denial: broadcasting Intent { act=android.net.conn.INET_CONDITION_ACTION flg=0x4000010 (has extras) } from null (pid=-1, uid=-1) requires com.facebook.permission.prod.FB_APP_COMMUNICATION due to registered receiver BroadcastFilter{65d1a698 u0 ReceiverList{659f5240 3834 com.facebook.katana/10077/u0 remote:659ff350}}
03-11 16:09:27.692 W/BroadcastQueue( 1499): Permission Denial: broadcasting Intent { act=android.net.conn.CONNECTIVITY_CHANGE flg=0x4000010 (has extras) } from null (pid=-1, uid=-1) requires com.facebook.permission.prod.FB_APP_COMMUNICATION due to registered receiver BroadcastFilter{65d1a698 u0 ReceiverList{659f5240 3834 com.facebook.katana/10077/u0 remote:659ff350}}
03-11 16:09:27.692 W/BroadcastQueue( 1499): Permission Denial: broadcasting Intent { act=android.net.conn.CONNECTIVITY_CHANGE flg=0x4000010 (has extras) } from null (pid=-1, uid=-1) requires com.facebook.permission.prod.FB_APP_COMMUNICATION due to registered receiver BroadcastFilter{65cf2788 u0 ReceiverList{659ba378 3834 com.facebook.katana/10077/u0 remote:65a85ec0}}
03-11 16:09:27.752 D/GCoreFlp( 1908): Unknown pending intent to remove.
03-11 16:09:28.172 W/GAV2    ( 3670): Thread[GAThread,5,main]: Service unavailable (code=1), will retry.
03-11 16:09:28.172 W/ActivityManager( 1499): Unable to start service Intent { act=com.google.android.gms.analytics.service.START cmp=com.google.android.gms/.analytics.service.AnalyticsService (has extras) } U=0: not found
03-11 16:09:28.192 I/GAV2    ( 3670): Thread[GAThread,5,main]: No campaign data found.
03-11 16:09:28.422 W/GAV2    ( 3700): Thread[GAThread,5,main]: Service unavailable (code=1), will retry.
03-11 16:09:28.422 W/ActivityManager( 1499): Unable to start service Intent { act=com.google.android.gms.analytics.service.START cmp=com.google.android.gms/.analytics.service.AnalyticsService (has extras) } U=0: not found
03-11 16:09:28.442 I/GAV2    ( 3700): Thread[GAThread,5,main]: No campaign data found.
03-11 16:09:28.982 W/fb4a(:<default>):UserScope( 3834): Called user scoped provider with no viewer. ViewerContextManager was created with no ViewerContext. Using EmptyViewerContextManager to return fake logged in instance.
03-11 16:09:28.982 W/fb4a(:<default>):UserScope( 3834): Called user scoped provider with no viewer. ViewerContextManager was created with no ViewerContext. Using EmptyViewerContextManager to return fake logged in instance.
03-11 16:09:29.162 E/fb4a(:<default>):LocalFbBroadcastManager( 3834): Called registerBroadcastReceiver twice.
03-11 16:09:29.432 W/GAV2    ( 3802): Thread[GAThread,5,main]: Service unavailable (code=1), will retry.
03-11 16:09:29.432 W/ActivityManager( 1499): Unable to start service Intent { act=com.google.android.gms.analytics.service.START cmp=com.google.android.gms/.analytics.service.AnalyticsService (has extras) } U=0: not found
03-11 16:09:29.442 I/GAV2    ( 3802): Thread[GAThread,5,main]: No campaign data found.
03-11 16:09:30.092 I/ActivityManager( 1499): Waited long enough for: ServiceRecord{65c128e0 u0 com.qualcomm.qcrilmsgtunnel/.QcrilMsgTunnelService}
03-11 16:09:30.092 I/ActivityManager( 1499): Resuming delayed broadcast
03-11 16:09:30.102 D/YouTube ( 3744): apps.youtube.app.prefetch.PrefetchService$DeviceStateReceiver.onReceive:565 Got device state change intent: android.net.conn.CONNECTIVITY_CHANGE
03-11 16:09:30.112 I/iu.Environment( 3802): update connectivity state; isNetworkMetered? true, isRoaming? false, isBackgroundDataAllowed? true
03-11 16:09:30.122 D/GCM     ( 1956): GcmService start Intent { act=android.net.conn.CONNECTIVITY_CHANGE flg=0x4000010 cmp=com.google.android.gms/.gcm.GcmService (has extras) } android.net.conn.CONNECTIVITY_CHANGE
03-11 16:09:30.122 D/YouTube ( 3744): apps.youtube.app.prefetch.PrefetchService.onStartCommand:167 PrefetchService started at 11 Mar 2014 14:09:30 GMT
03-11 16:09:30.122 I/GCM     ( 1956): requestRouteToHost: failed!
03-11 16:09:30.122 D/YouTube ( 3744): apps.youtube.app.prefetch.PrefetchService.p_:245 Download snapshot restored
03-11 16:09:30.122 D/YouTube ( 3744): apps.youtube.app.prefetch.PrefetchService.onDestroy:215 PrefetchService destroyed at 11 Mar 2014 14:09:30 GMT
03-11 16:09:30.132 I/widget.provider( 3880): com.devhd.feedly.widget.FeedlyWidgetProvider onReceive: android.net.conn.CONNECTIVITY_CHANGE
03-11 16:09:30.132 I/ActivityManager( 1499): Delay finish: com.google.android.gm/.GmailReceiver
03-11 16:09:30.162 I/ActivityManager( 1499): Resuming delayed broadcast
03-11 16:09:30.162 I/ActivityManager( 1499): Delay finish: com.google.android.gm/.GmailReceiver
03-11 16:09:30.192 I/NotifUtils( 2175): Validating Notification, mapSize: 0 getAttention: true ignoreUnobtrusive: false
03-11 16:09:30.192 I/NotifUtils( 2175): validateNotifications - cancelling account -2040901717 / folder 3019
03-11 16:09:30.202 I/ActivityManager( 1499): Resuming delayed broadcast
03-11 16:09:30.212 W/art     ( 1202): Could not get current activity
03-11 16:09:30.212 I/ActivityManager( 1499): Start proc org.mozilla.fennec for broadcast org.mozilla.fennec/org.mozilla.gecko.background.announcements.AnnouncementsBroadcastReceiver: pid=3937 uid=10075 gids={50075, 3003, 1028, 1015}
03-11 16:09:30.282 I/ActivityManager( 1499): Delay finish: org.mozilla.fennec/org.mozilla.gecko.background.announcements.AnnouncementsBroadcastReceiver
03-11 16:09:30.292 I/GeckoAnnounce( 3937): fennec :: AnnounceBrSvc :: Registering AnnouncementsService.
03-11 16:09:30.292 I/GeckoAnnounce( 3937): fennec :: BackgroundService :: Setting inexact repeating alarm for interval 43200000
03-11 16:09:30.292 I/ActivityManager( 1499): Resuming delayed broadcast
03-11 16:09:30.292 I/ActivityManager( 1499): Delay finish: org.mozilla.fennec/org.mozilla.gecko.background.healthreport.HealthReportBroadcastReceiver
03-11 16:09:30.312 I/GeckoHealth( 3937): fennec :: HealthReportBroadcastService :: Registering HealthReportUploadService.
03-11 16:09:30.312 I/GeckoHealth( 3937): fennec :: BackgroundService :: Setting inexact repeating alarm for interval 3600000
03-11 16:09:30.312 I/ActivityManager( 1499): Resuming delayed broadcast
03-11 16:09:30.312 I/ActivityManager( 1499): Delay finish: org.mozilla.fennec/org.mozilla.gecko.background.healthreport.HealthReportBroadcastReceiver
03-11 16:09:30.322 I/GeckoHealth( 3937): fennec :: HealthReportBroadcastService :: Registering HealthReportPruneService.
03-11 16:09:30.322 I/GeckoHealth( 3937): fennec :: BackgroundService :: Setting inexact repeating alarm for interval 86400000
03-11 16:09:30.322 I/ActivityManager( 1499): Resuming delayed broadcast
03-11 16:09:30.322 I/ActivityManager( 1499): Killing 3474:org.thoughtcrime.securesms/u0a84 (adj 15): empty #17
03-11 16:09:30.412 D/GCM     ( 1956): GcmService start Intent { act=android.net.conn.CONNECTIVITY_CHANGE flg=0x4000010 cmp=com.google.android.gms/.gcm.GcmService (has extras) } android.net.conn.CONNECTIVITY_CHANGE
03-11 16:09:30.412 D/YouTube ( 3744): apps.youtube.app.prefetch.PrefetchService$DeviceStateReceiver.onReceive:565 Got device state change intent: android.net.conn.CONNECTIVITY_CHANGE
03-11 16:09:30.422 D/YouTube ( 3744): apps.youtube.app.prefetch.PrefetchService.onStartCommand:167 PrefetchService started at 11 Mar 2014 14:09:30 GMT
03-11 16:09:30.422 I/iu.Environment( 3802): update connectivity state; isNetworkMetered? true, isRoaming? false, isBackgroundDataAllowed? true
03-11 16:09:30.422 D/YouTube ( 3744): apps.youtube.app.prefetch.PrefetchService.p_:245 Download snapshot restored
03-11 16:09:30.422 I/widget.provider( 3880): com.devhd.feedly.widget.FeedlyWidgetProvider onReceive: android.net.conn.CONNECTIVITY_CHANGE
03-11 16:09:30.422 D/YouTube ( 3744): apps.youtube.app.prefetch.PrefetchService.onDestroy:215 PrefetchService destroyed at 11 Mar 2014 14:09:30 GMT
03-11 16:09:30.442 D/YouTube ( 3744): apps.youtube.app.prefetch.PrefetchService$DeviceStateReceiver.onReceive:565 Got device state change intent: android.net.conn.CONNECTIVITY_CHANGE
03-11 16:09:30.442 D/GCM     ( 1956): GcmService start Intent { act=android.net.conn.CONNECTIVITY_CHANGE flg=0x4000010 cmp=com.google.android.gms/.gcm.GcmService (has extras) } android.net.conn.CONNECTIVITY_CHANGE
03-11 16:09:30.442 I/iu.Environment( 3802): update connectivity state; isNetworkMetered? true, isRoaming? false, isBackgroundDataAllowed? true
03-11 16:09:30.452 D/YouTube ( 3744): apps.youtube.app.prefetch.PrefetchService.onStartCommand:167 PrefetchService started at 11 Mar 2014 14:09:30 GMT
03-11 16:09:30.452 I/widget.provider( 3880): com.devhd.feedly.widget.FeedlyWidgetProvider onReceive: android.net.conn.CONNECTIVITY_CHANGE
03-11 16:09:30.452 D/YouTube ( 3744): apps.youtube.app.prefetch.PrefetchService.p_:245 Download snapshot restored
03-11 16:09:30.452 D/YouTube ( 3744): apps.youtube.app.prefetch.PrefetchService.onDestroy:215 PrefetchService destroyed at 11 Mar 2014 14:09:30 GMT
03-11 16:09:30.452 I/ActivityManager( 1499): Delay finish: com.google.android.music/.leanback.AutoCacheSchedulingService$EnablingReceiver
03-11 16:09:30.472 W/ContextImpl( 3562): Implicit intents with startService are not safe: Intent { act=com.google.android.music.NETWORK_MONITOR_SERVICE } android.content.ContextWrapper.bindService:517 com.google.android.music.utils.SafeServiceConnection$ServiceConnectionImp.bindService:98 com.google.android.music.utils.SafeServiceConnection.bindService:259 
03-11 16:09:30.482 W/ContextImpl( 3562): Implicit intents with startService are not safe: Intent { act=com.google.android.music.NETWORK_MONITOR_SERVICE } android.content.ContextWrapper.bindService:517 com.google.android.music.utils.SafeServiceConnection$ServiceConnectionImp.bindService:98 com.google.android.music.utils.SafeServiceConnection.bindService:259 
03-11 16:09:30.482 D/CacheService( 3562): onCreate
03-11 16:09:30.492 D/CacheService( 3562): onBind
03-11 16:09:30.502 I/MusicLeanback( 3562): Conditions not met for autocaching.
03-11 16:09:30.502 I/MusicLeanback( 3562): Stop autocaching.
03-11 16:09:30.502 D/CacheService( 3562): onDestroy
03-11 16:09:30.502 I/ActivityManager( 1499): Resuming delayed broadcast
03-11 16:09:30.912 D/ConnectivityService( 1499): handleInetConditionHoldEnd: net=0, condition=100, published condition=100
03-11 16:09:31.972 V/QcrilMsgTunnelSocket( 2731): After reading offset = 0 remaining = 4 countRead = 4
03-11 16:09:31.972 D/QcrilMsgTunnelSocket( 2731): messageLength extracted from first 4 inputStream reads = 29
03-11 16:09:31.972 V/QcrilMsgTunnelSocket( 2731): offset = 0 remaining = 29 countRead = 0
03-11 16:09:31.992 V/QcrilMsgTunnelSocket( 2731): offset = 0 remaining = 29 countRead = 29
