03-11 16:09:11.193 D/CatchMeIfYouCan( 2347): Process (<default>) fc: '/data/user/0/com.facebook.katana/app_cmiyc/A1657CCD543F12E66E587EE52ED9D802E22AAC4702'
03-11 16:09:11.193 D/CatchMeIfYouCan( 2347): Process (<default>) cp: '('default', 3, 120000, silent [true], restart [false], logout [false])'
03-11 16:09:11.193 I/ActivityManager( 1499): Start proc com.google.android.configupdater for broadcast com.google.android.configupdater/.CertPin.CertPinUpdateRequestReceiver: pid=2393 uid=10002 gids={50002, 3003, 2001}
03-11 16:09:11.203 D/ACRA    ( 2347): ACRA is enabled for com.facebook.katana, intializing...
03-11 16:09:11.213 D/ACRA    ( 2347): Looking for error files in /data/user/0/com.facebook.katana/app_acra-reports
03-11 16:09:11.213 D/ACRA    ( 2347): Looking for error files in /data/user/0/com.facebook.katana/app_minidumps
03-11 16:09:11.213 I/BootReceiver( 1499): Copying audit failures to DropBox
03-11 16:09:11.213 I/BootReceiver( 1499): Copied 3470 worth of audits to DropBox
03-11 16:09:11.223 I/BootReceiver( 1499): Checking for fsck errors
03-11 16:09:11.223 I/BootReceiver( 1499): Copying /data/tombstones/tombstone_01 to DropBox (SYSTEM_TOMBSTONE)
03-11 16:09:11.233 W/art     ( 2393): Failed to find ELF magic in /system/priv-app/ConfigUpdater.odex: dey
03-11 16:09:11.253 W/SystemClassLoaderAdder( 2347): Could not find zipFile entry corresponding to path /data/app/com.facebook.katana-1.apk
03-11 16:09:11.253 V/DexLibLoader( 2347): Preparing secondary program dexes.
03-11 16:09:11.253 I/BootReceiver( 1499): Copying /data/tombstones/tombstone_02 to DropBox (SYSTEM_TOMBSTONE)
03-11 16:09:11.263 V/DexLibLoader( 2347): Loaded 2 raw lines of metadata.
03-11 16:09:11.263 V/DexLibLoader( 2347): Secondary program dex metadata: secondary-1.dex.jar.xz 188f1cf98e7929d7457e2cdf72a0777981e1fc27 secondary.dex01.Canary
03-11 16:09:11.263 V/DexLibLoader( 2347): Secondary program dex metadata: secondary-2.dex.jar.xz 14314443648960c2f9d1e4924306d1af2de75315 secondary.dex02.Canary
03-11 16:09:11.263 W/DexLibLoader( 2347): Unexpected file in program dex directory: /data/user/0/com.facebook.katana/app_secondary_program_dex/temp_dex_lock
03-11 16:09:11.263 V/DexLibLoader( 2347): Preparing to extract secondary-1.dex.jar.xz to /data/user/0/com.facebook.katana/app_secondary_program_dex/program-188f1cf98e7929d7457e2cdf72a0777981e1fc2731a2345d.dex.jar
03-11 16:09:11.263 V/DexLibLoader( 2347): Dex already copied
03-11 16:09:11.263 D/OdexVerifier( 2347): Odex verification is skipped.
03-11 16:09:11.263 V/DexLibLoader( 2347): Creating class loader
03-11 16:09:11.263 V/DexLibLoader( 2347): Finished creating class loader
03-11 16:09:11.263 V/DexLibLoader( 2347): Preparing to extract secondary-2.dex.jar.xz to /data/user/0/com.facebook.katana/app_secondary_program_dex/program-14314443648960c2f9d1e4924306d1af2de7531531a2345d.dex.jar
03-11 16:09:11.263 V/DexLibLoader( 2347): Dex already copied
03-11 16:09:11.263 D/OdexVerifier( 2347): Odex verification is skipped.
03-11 16:09:11.263 V/DexLibLoader( 2347): Creating class loader
03-11 16:09:11.263 V/DexLibLoader( 2347): Finished creating class loader
03-11 16:09:11.263 V/DexLibLoader( 2347): Verifying classes from secondary dexes.
03-11 16:09:11.273 D/DexLibLoader( 2347): DexLibLoader.ensureDexLoaded took 42 ms
03-11 16:09:11.283 E/UpdateRequestReceiver( 2393): ignoring update request
03-11 16:09:11.283 E/UpdateRequestReceiver( 2393): ignoring update request
03-11 16:09:11.293 E/UpdateRequestReceiver( 2393): ignoring update request
03-11 16:09:11.293 E/UpdateRequestReceiver( 2393): ignoring update request
03-11 16:09:11.293 E/UpdateRequestReceiver( 2393): ignoring update request
03-11 16:09:11.293 E/UpdateRequestReceiver( 2393): ignoring update request
03-11 16:09:11.293 I/ActivityManager( 1499): Delay finish: com.android.providers.downloads/.DownloadReceiver
03-11 16:09:11.303 I/ActivityManager( 1499): Resuming delayed broadcast
03-11 16:09:11.313 I/ActivityManager( 1499): Start proc com.google.android.onetimeinitializer for broadcast com.google.android.onetimeinitializer/.OneTimeInitializerReceiver: pid=2439 uid=10010 gids={50010}
03-11 16:09:11.343 W/art     ( 2439): Failed to find ELF magic in /system/priv-app/GoogleOneTimeInitializer.odex: dey
03-11 16:09:11.353 V/OneTimeInitializerReceiver( 2439): OneTimeInitializerReceiver.onReceive
03-11 16:09:11.353 V/OneTimeService( 2439): OneTimeService.onHandleIntent
03-11 16:09:11.353 I/ActivityManager( 1499): Delay finish: com.google.android.onetimeinitializer/.OneTimeInitializerReceiver
03-11 16:09:11.353 I/ActivityManager( 1499): Resuming delayed broadcast
03-11 16:09:11.373 I/ActivityManager( 1499): Start proc com.google.android.partnersetup for broadcast com.google.android.partnersetup/.GooglePartnerSetup: pid=2463 uid=10011 gids={50011, 3003}
03-11 16:09:11.403 W/art     ( 2463): Failed to find ELF magic in /system/priv-app/GooglePartnerSetup.odex: dey
03-11 16:09:11.423 I/ActivityManager( 1499): Delay finish: com.google.android.partnersetup/.GooglePartnerSetup
03-11 16:09:11.503 W/art     ( 2347): Verification of void com.facebook.katana.app.module.FbandroidAppModule.a() took 100.513645ms
03-11 16:09:11.653 I/art     ( 1908): Heap trim of managed (duration=2.888438ms, advised=636KB) and native (duration=977.917us, advised=32KB) heaps. Managed heap utilization of 57%.
03-11 16:09:11.683 I/ActivityManager( 1499): Resuming delayed broadcast
03-11 16:09:11.693 I/ActivityManager( 1499): Delay finish: com.google.android.partnersetup/.RlzPingBroadcastReceiver
03-11 16:09:11.723 I/RlzPingService( 2463): Setting next ping for 1395151751730
03-11 16:09:11.733 I/ActivityManager( 1499): Resuming delayed broadcast
03-11 16:09:11.733 I/ActivityManager( 1499): Delay finish: com.google.android.gsf/.checkin.CheckinService$Receiver
03-11 16:09:11.753 I/ActivityManager( 1499): Resuming delayed broadcast
03-11 16:09:11.763 I/ActivityManager( 1499): Delay finish: com.google.android.gsf/.update.SystemUpdateService$Receiver
03-11 16:09:11.773 I/SystemUpdateService( 1956): cancelUpdate (empty URL)
03-11 16:09:11.783 I/SystemUpdateService( 1956): cancelUpdate (empty URL)
03-11 16:09:11.823 I/ActivityManager( 1499): Resuming delayed broadcast
03-11 16:09:11.833 I/ActivityManager( 1499): Delay finish: com.android.providers.media/.MediaScannerReceiver
03-11 16:09:12.453 W/art     ( 2347): Before Android 4.1, method void com.facebook.reflex.view.AbstractListView.invalidate(boolean) would have incorrectly overridden the package-private method in android.view.View
03-11 16:09:12.463 W/art     ( 2347): Before Android 4.1, method void com.facebook.reflex.view.GalleryViewAutoReflex.invalidate(boolean) would have incorrectly overridden the package-private method in android.view.View
03-11 16:09:12.463 W/art     ( 2347): Before Android 4.1, method void com.facebook.reflex.view.GalleryView.invalidate(boolean) would have incorrectly overridden the package-private method in android.view.View
03-11 16:09:12.473 W/art     ( 2347): Before Android 4.1, method void com.facebook.reflex.view.HorizontalScrollViewAutoReflex.invalidate(boolean) would have incorrectly overridden the package-private method in android.view.View
03-11 16:09:12.473 W/art     ( 2347): Before Android 4.1, method void com.facebook.reflex.view.HorizontalScrollView.invalidate(boolean) would have incorrectly overridden the package-private method in android.view.View
03-11 16:09:12.483 W/art     ( 2347): Before Android 4.1, method void com.facebook.reflex.view.ImageViewAutoReflex.invalidate(boolean) would have incorrectly overridden the package-private method in android.view.View
03-11 16:09:12.483 W/art     ( 2347): Before Android 4.1, method void com.facebook.reflex.view.ScrollViewAutoReflex.invalidate(boolean) would have incorrectly overridden the package-private method in android.view.View
03-11 16:09:12.493 W/art     ( 2347): Before Android 4.1, method void com.facebook.reflex.view.ScrollView.invalidate(boolean) would have incorrectly overridden the package-private method in android.view.View
03-11 16:09:12.503 W/art     ( 2347): Before Android 4.1, method void com.facebook.reflex.view.ViewPagerAutoReflex.invalidate(boolean) would have incorrectly overridden the package-private method in android.view.View
03-11 16:09:12.513 W/art     ( 2347): Before Android 4.1, method void com.facebook.reflex.view.ViewPager.invalidate(boolean) would have incorrectly overridden the package-private method in android.view.View
03-11 16:09:12.563 I/ActivityManager( 1499): Resuming delayed broadcast
03-11 16:09:12.583 I/ActivityManager( 1499): Start proc com.android.cellbroadcastreceiver for broadcast com.android.cellbroadcastreceiver/.CellBroadcastReceiver: pid=2531 uid=10029 gids={50029}
03-11 16:09:12.613 W/art     ( 2531): Failed to find ELF magic in /system/app/CellBroadcastReceiver.odex: dey
03-11 16:09:12.623 D/CellBroadcastReceiver( 2531): onReceive Intent { act=android.intent.action.BOOT_COMPLETED flg=0x8000010 cmp=com.android.cellbroadcastreceiver/.CellBroadcastReceiver (has extras) }
03-11 16:09:12.623 D/CellBroadcastReceiver( 2531): Registering for ServiceState updates
03-11 16:09:12.643 D/CellBroadcastReceiver( 2531): Service state changed! 0 Full: 0 0 home Saunalahti Saunalahti 24405  UMTS UMTS CSS not supported -1 -1 RoamInd=-1 DefRoamInd=-1 EmergOnly=false
03-11 16:09:12.663 I/ActivityManager( 1499): Start proc com.google.android.deskclock for broadcast com.google.android.deskclock/com.android.deskclock.AlarmInitReceiver: pid=2549 uid=10033 gids={50033, 1028}
03-11 16:09:12.683 D/CellBroadcastConfigService( 2531): enabling emergency cell broadcast channels
03-11 16:09:12.683 D/IccSmsInterfaceManager( 1701): [IccSmsInterfaceManager] enableGsmBroadcastRange
03-11 16:09:12.683 D/IccSmsInterfaceManager( 1701): [IccSmsInterfaceManager] Calling setGsmBroadcastConfig with 1 configurations
03-11 16:09:12.703 W/art     ( 2549): Failed to find ELF magic in /system/app/DeskClockGoogle.odex: dey
03-11 16:09:12.743 V/AlarmClock( 2549): AlarmInitReceiver android.intent.action.BOOT_COMPLETED
03-11 16:09:12.753 V/AlarmClock( 2549): AlarmInitReceiver - Reset timers and clear stopwatch data
03-11 16:09:12.783 I/AlarmClock( 2549): Displaying next alarm time: ''
03-11 16:09:12.783 V/AlarmClock( 2549): AlarmInitReceiver finished
03-11 16:09:12.783 I/ActivityManager( 1499): Delay finish: com.google.android.deskclock/com.android.deskclock.AlarmInitReceiver
03-11 16:09:13.063 D/IccSmsInterfaceManager( 1701): [IccSmsInterfaceManager] Added cell broadcast subscription for MID range 4352 to 4354 from client com.android.cellbroadcastreceiver
03-11 16:09:13.063 D/IccSmsInterfaceManager( 1701): [IccSmsInterfaceManager] Calling setCellBroadcastActivation(true)
03-11 16:09:13.073 D/IccSmsInterfaceManager( 1701): [IccSmsInterfaceManager] enableGsmBroadcastRange
03-11 16:09:13.073 D/IccSmsInterfaceManager( 1701): [IccSmsInterfaceManager] Calling setGsmBroadcastConfig with 2 configurations
03-11 16:09:13.123 W/ActivityManager( 1499): Unable to start service Intent { act=com.google.android.gms.analytics.service.START cmp=com.google.android.gms/.analytics.service.AnalyticsService (has extras) } U=0: not found
03-11 16:09:13.133 W/GAV2    ( 2071): Thread[GAThread,5,main]: Service unavailable (code=1), will retry.
03-11 16:09:13.143 I/GAV2    ( 2071): Thread[GAThread,5,main]: No campaign data found.
03-11 16:09:13.463 W/art     ( 2347): Before Android 4.1, method void com.facebook.reflex.view.FrameLayoutAutoReflex.invalidate(boolean) would have incorrectly overridden the package-private method in android.view.View
03-11 16:09:13.463 W/art     ( 2347): Before Android 4.1, method void com.facebook.reflex.view.FrameLayout.invalidate(boolean) would have incorrectly overridden the package-private method in android.view.View
03-11 16:09:13.583 W/art     ( 2347): Before Android 4.1, method void com.facebook.messaging.reflex.SwipableOverlayLayoutAutoReflex.invalidate(boolean) would have incorrectly overridden the package-private method in android.view.View
03-11 16:09:13.593 W/art     ( 2347): Before Android 4.1, method void com.facebook.messaging.reflex.SwipableOverlayLayout.invalidate(boolean) would have incorrectly overridden the package-private method in android.view.View
03-11 16:09:13.613 I/art     ( 2347): Heap trim of managed (duration=10.070157ms, advised=12KB) and native (duration=1.549114ms, advised=0B) heaps. Managed heap utilization of 72%.
03-11 16:09:13.783 E/FbInjectorInitializer( 2347): Multi-binding Key[type=com.facebook.common.init.INeedInit, annotation=[none]] wasn't declared.
03-11 16:09:14.003 W/GAV2    ( 2175): Thread[GAThread,5,main]: Service unavailable (code=1), will retry.
03-11 16:09:14.003 W/ActivityManager( 1499): Unable to start service Intent { act=com.google.android.gms.analytics.service.START cmp=com.google.android.gms/.analytics.service.AnalyticsService (has extras) } U=0: not found
03-11 16:09:14.013 I/GAV2    ( 2175): Thread[GAThread,5,main]: No campaign data found.
03-11 16:09:14.053 W/fb4a(:dash_service):UserScope( 2255): Called user scoped provider with no viewer. ViewerContextManager was created with no ViewerContext. Using EmptyViewerContextManager to return fake logged in instance.
03-11 16:09:14.063 W/fb4a(:dash_service):ViewerContextManagerForUserScope( 2255): User no longer logged in. Original uid: 0, viewer context: null, is_logged_in: false. Returning original viewer context.
03-11 16:09:14.063 W/fb4a(:<default>):BaseAnalyticsConfig( 2347): willEventBeLogged() called before shared prefs were initialized! Defaulting to true.
03-11 16:09:14.073 W/fb4a(:<default>):BaseAnalyticsConfig( 2347): willEventBeLogged() called before shared prefs were initialized! Defaulting to true.
03-11 16:09:14.073 W/fb4a(:dash_service):UserScope( 2255): Called user scoped provider with no viewer. ViewerContextManager was created with no ViewerContext. Using EmptyViewerContextManager to return fake logged in instance.
03-11 16:09:14.083 I/ActivityManager( 1499): Resuming delayed broadcast
03-11 16:09:14.093 W/art     ( 1202): Could not get current activity
03-11 16:09:14.103 I/ActivityManager( 1499): Start proc com.google.android.email for broadcast com.google.android.email/com.android.email.service.EmailBroadcastReceiver: pid=2589 uid=10036 gids={50036, 3003, 1028, 1015}
03-11 16:09:14.113 D/IccSmsInterfaceManager( 1701): [IccSmsInterfaceManager] Added cell broadcast subscription for MID range 4356 to 4356 from client com.android.cellbroadcastreceiver
03-11 16:09:14.113 D/IccSmsInterfaceManager( 1701): [IccSmsInterfaceManager] Calling setCellBroadcastActivation(true)
03-11 16:09:14.113 D/IccSmsInterfaceManager( 1701): [IccSmsInterfaceManager] enableGsmBroadcastRange
03-11 16:09:14.113 D/IccSmsInterfaceManager( 1701): [IccSmsInterfaceManager] Calling setGsmBroadcastConfig with 3 configurations
03-11 16:09:14.143 W/art     ( 2589): Failed to find ELF magic in /system/app/EmailGoogle.odex: dey
03-11 16:09:14.203 W/fb4a(:<default>):UserScope( 2347): Called user scoped provider with no viewer. ViewerContextManager was created with no ViewerContext. Using EmptyViewerContextManager to return fake logged in instance.
03-11 16:09:14.203 W/fb4a(:<default>):ViewerContextManagerForUserScope( 2347): User no longer logged in. Original uid: 0, viewer context: null, is_logged_in: false. Returning original viewer context.
03-11 16:09:14.203 W/fb4a(:<default>):UserScope( 2347): Called user scoped provider with no viewer. ViewerContextManager was created with no ViewerContext. Using EmptyViewerContextManager to return fake logged in instance.
03-11 16:09:14.333 D/ActivityThread( 2589): Loading provider com.google.android.email.provider;com.google.android.email.notifier: com.android.email.provider.EmailProvider
03-11 16:09:14.373 D/ActivityThread( 2589): Loading provider com.google.android.email.provider;com.google.android.email.notifier: com.android.email.provider.EmailProvider
03-11 16:09:14.383 I/ActivityManager( 1499): Delay finish: com.google.android.email/com.android.email.service.EmailBroadcastReceiver
03-11 16:09:14.443 I/Email   ( 2589): Observing account changes for notifications
03-11 16:09:14.443 W/ActivityManager( 1499): Unable to start service Intent { cmp=com.google.android.email/com.android.email.service.AttachmentDownloadService } U=0: not found
03-11 16:09:14.443 W/ActivityManager( 1499): Unable to start service Intent { cmp=com.google.android.email/com.android.email.service.AttachmentDownloadService } U=0: not found
03-11 16:09:14.473 I/ActivityManager( 1499): Delaying start of: ServiceRecord{65ccee80 u0 com.google.android.exchange/com.android.exchange.service.EmailSyncAdapterService}
03-11 16:09:14.493 I/ActivityManager( 1499): Start proc com.google.android.exchange for service com.google.android.exchange/com.android.exchange.service.EmailSyncAdapterService: pid=2644 uid=10037 gids={50037, 3003, 1028, 1015}
03-11 16:09:14.503 W/ActivityManager( 1499): Unable to start service Intent { cmp=com.google.android.email/com.android.email.service.AttachmentDownloadService } U=0: not found
03-11 16:09:14.523 W/art     ( 2644): Failed to find ELF magic in /system/app/Exchange2Google.odex: dey
03-11 16:09:14.593 I/ActivityManager( 1499): Killing 1824:android.process.acore/u0a3 (adj 15): empty #17
03-11 16:09:14.593 I/ActivityManager( 1499): Resuming delayed broadcast
03-11 16:09:14.613 I/ActivityManager( 1499): Start proc com.google.android.apps.genie.geniewidget for broadcast com.google.android.apps.genie.geniewidget/.miniwidget.MiniWidgetProvider: pid=2664 uid=10040 gids={50040, 3003, 1028, 1015}
03-11 16:09:14.623 I/ActivityManager( 1499): Killing 2071:com.google.android.apps.magazines/u0a56 (adj 15): empty #17
03-11 16:09:14.633 W/art     ( 2664): Failed to find ELF magic in /system/app/GenieWidget.odex: dey
03-11 16:09:14.693 I/System.out( 2664): [INFO:13]: LogSource: Logging disabled
03-11 16:09:14.693 W/Genie   ( 2664): Cache file not found: java.io.FileNotFoundException: /data/data/com.google.android.apps.genie.geniewidget/cache/genie_masfcache: open failed: ENOENT (No such file or directory)
03-11 16:09:14.693 D/GCoreFlp( 1908): Unknown pending intent to remove.
03-11 16:09:14.703 W/Genie   ( 2664): Cache file not found: java.io.FileNotFoundException: /data/data/com.google.android.apps.genie.geniewidget/cache/genie_iconcache: open failed: ENOENT (No such file or directory)
03-11 16:09:14.703 I/Genie   ( 2664): MiniWidgetModel()
03-11 16:09:14.743 V/Genie   ( 2664): onReceive: intent action=android.intent.action.BOOT_COMPLETED
03-11 16:09:14.743 I/Genie   ( 2664): ignoring BOOT_COMPLETE since app has never been started
03-11 16:09:14.743 I/ActivityManager( 1499): Killing 2035:com.android.settings/1000 (adj 15): empty #17
03-11 16:09:14.743 I/ActivityManager( 1499): Delay finish: com.google.android.syncadapters.contacts/.ContactsSyncAdapterBroadcastReceiver
03-11 16:09:14.763 I/ActivityManager( 1499): Start proc android.process.acore for content provider com.android.providers.contacts/.ContactsProvider2: pid=2691 uid=10003 gids={50003, 3003, 1028, 1015}
03-11 16:09:14.783 W/art     ( 2691): Failed to find ELF magic in /system/priv-app/ContactsProvider.odex: dey
03-11 16:09:14.813 W/art     ( 2691): Failed to find ELF magic in /system/app/UserDictionaryProvider.odex: dey
03-11 16:09:14.923 I/ContactLocale( 2691): AddressBook Labels [en_US]: [, A, B, C, D, E, F, G, H, I, J, K, L, M, N, O, P, Q, R, S, T, U, V, W, X, Y, Z, , , , , , , , , , , , , , , , , , , , , , , , , , , , , , , , , , , , , , , , , , , , , , , , , , , , , , , , , , , , , , , , , , , , , , , , , , , , , , , , , , , , , , , , , , , , , , , , , , , , , , , , , , , , , , , , , , , , , , , , , , , , , , , , , , , , , , , , , , , , , , , , , , , , , , , , , , , , , , , , , , , , , , , , , , , , , , , , , , , , , , #, ]
03-11 16:09:14.973 I/LauncherIconVisibilityManager( 1675): Boot has been completed
03-11 16:09:14.973 I/LauncherIconVisibilityManager( 1675): Activity has already been disabled: ComponentInfo{com.google.android.inputmethod.latin/com.android.inputmethod.latin.setup.SetupActivity}
03-11 16:09:14.973 I/ActivityManager( 1499): Resuming delayed broadcast
03-11 16:09:14.973 I/ActivityManager( 1499): Killing 2120:com.google.android.keep/u0a52 (adj 15): empty #17
03-11 16:09:15.003 I/ActivityManager( 1499): Start proc com.lge.SprintHiddenMenu for broadcast com.lge.SprintHiddenMenu/.sprintspec.data.UaproflieSettingReceiver: pid=2713 uid=1000 gids={41000, 1028, 1015, 3002, 3001, 3003}
03-11 16:09:15.023 W/art     ( 2713): Failed to find ELF magic in /system/framework/qcrilhook.odex: dey
03-11 16:09:15.033 W/art     ( 1701): Failed to find ELF magic in /system/app/Stk.odex: dey
03-11 16:09:15.033 I/ActivityManager( 1499): Killing 1781:com.android.printspooler/u0a64 (adj 15): empty #17
03-11 16:09:15.063 I/ActivityManager( 1499): Start proc com.qualcomm.qcrilmsgtunnel for broadcast com.qualcomm.qcrilmsgtunnel/.QcrilMsgTunnelAutoboot: pid=2731 uid=1001 gids={41001, 3002, 3001, 3003, 2001, 1028, 1015}
03-11 16:09:15.083 W/art     ( 2731): Failed to find ELF magic in /system/app/qcrilmsgtunnel.odex: dey
03-11 16:09:15.093 D/QcrilMsgTunnelAutoboot( 2731): ComponentInfo{com.qualcomm.qcrilmsgtunnel/com.qualcomm.qcrilmsgtunnel.QcrilMsgTunnelService} started successfully
03-11 16:09:15.093 D/QcrilMsgTunnelService( 2731): onCreate method
03-11 16:09:15.093 D/QcrilMsgTunnelIfaceManager( 2731): : Instantiated
03-11 16:09:15.093 V/QcrilMsgTunnelSocket( 2731): Starting QcRilReceiver
03-11 16:09:15.093 D/QcrilMsgTunnelIfaceManager( 2731):  Registered for UNSOL OEM HOOK Responses to deliver external apps
03-11 16:09:15.093 D/QcrilMsgTunnelSocket( 2731): Connecting to socket android.net.LocalSocket@6552edd8 impl:android.net.LocalSocketImpl@6552ee00 fd:FileDescriptor[28]
03-11 16:09:15.093 I/QcrilMsgTunnelSocket( 2731): Connected to 'qmux_radio/rild_oem0' socket
03-11 16:09:15.093 V/QcrilMsgTunnelSocket( 2731): Before reading offset = 0 remaining = 4 countRead = 0
03-11 16:09:15.093 I/ActivityManager( 1499): Delay finish: com.qualcomm.qcrilmsgtunnel/.QcrilMsgTunnelAutoboot
03-11 16:09:15.232 D/IccSmsInterfaceManager( 1701): [IccSmsInterfaceManager] Added cell broadcast subscription for MID range 4371 to 4372 from client com.android.cellbroadcastreceiver
03-11 16:09:15.232 D/IccSmsInterfaceManager( 1701): [IccSmsInterfaceManager] Calling setCellBroadcastActivation(true)
03-11 16:09:15.232 D/IccSmsInterfaceManager( 1701): [IccSmsInterfaceManager] enableGsmBroadcastRange
03-11 16:09:15.232 D/MobileDataStateTracker( 1499): default: Broadcast received: android.intent.action.ANY_DATA_STATE apnType=default
03-11 16:09:15.232 D/MobileDataStateTracker( 1499): default: Received state=CONNECTING, old=CONNECTING, reason=(unspecified)
03-11 16:09:15.242 D/IccSmsInterfaceManager( 1701): [IccSmsInterfaceManager] Calling setGsmBroadcastConfig with 4 configurations
03-11 16:09:15.622 D/IccSmsInterfaceManager( 1701): [IccSmsInterfaceManager] Added cell broadcast subscription for MID range 4373 to 4378 from client com.android.cellbroadcastreceiver
03-11 16:09:15.622 D/IccSmsInterfaceManager( 1701): [IccSmsInterfaceManager] Calling setCellBroadcastActivation(true)
03-11 16:09:15.622 D/IccSmsInterfaceManager( 1701): [IccSmsInterfaceManager] enableGsmBroadcastRange
03-11 16:09:15.622 D/IccSmsInterfaceManager( 1701): [IccSmsInterfaceManager] Calling setGsmBroadcastConfig with 4 configurations
03-11 16:09:15.882 D/IccSmsInterfaceManager( 1701): [IccSmsInterfaceManager] Added cell broadcast subscription for MID range 4379 to 4379 from client com.android.cellbroadcastreceiver
03-11 16:09:15.882 D/IccSmsInterfaceManager( 1701): [IccSmsInterfaceManager] Calling setCellBroadcastActivation(true)
03-11 16:09:15.882 D/IccSmsInterfaceManager( 1701): [IccSmsInterfaceManager] enableGsmBroadcastRange
03-11 16:09:15.882 D/IccSmsInterfaceManager( 1701): [IccSmsInterfaceManager] Calling setGsmBroadcastConfig with 4 configurations
03-11 16:09:15.962 W/fb4a(:<default>):UserScope( 2347): Called user scoped provider with no viewer. ViewerContextManager was created with no ViewerContext. Using EmptyViewerContextManager to return fake logged in instance.
03-11 16:09:15.962 W/fb4a(:<default>):UserScope( 2347): Called user scoped provider with no viewer. ViewerContextManager was created with no ViewerContext. Using EmptyViewerContextManager to return fake logged in instance.
03-11 16:09:15.992 D/MobileDataStateTracker( 1499): default: Broadcast received: android.intent.action.ANY_DATA_STATE apnType=default
03-11 16:09:15.992 D/MobileDataStateTracker( 1499): default: Received state=CONNECTED, old=CONNECTING, reason=connected
03-11 16:09:15.992 D/MobileDataStateTracker( 1499): default: setDetailed state, old =CONNECTING and new state=CONNECTED
03-11 16:09:15.992 D/ConnectivityService( 1499): ConnectivityChange for mobile: CONNECTED/CONNECTED
03-11 16:09:15.992 D/ConnectivityService( 1499): ConnectivityChange checkMobileProvisioning for TYPE_MOBILE or ProvisioningNetwork
03-11 16:09:15.992 D/ConnectivityService( 1499): checkMobileProvisioning: E suggestedTimeOutMs=60000
03-11 16:09:15.992 D/ConnectivityService( 1499): setProvNotificationVisible: E visible=false networkType=5 extraInfo=null url=null
03-11 16:09:15.992 D/ConnectivityService( 1499): checkMobileProvisioning: params={ url=http://clients3.google.com/generate_204 mTimeOutMs=60000 mCb=com.android.server.ConnectivityService$5@6555ea78}
03-11 16:09:15.992 D/ConnectivityService( 1499): checkMobileProvisioning: X
03-11 16:09:16.002 D/Nat464Xlat( 1499): requiresClat: netType=0, hasIPv4Address=true
03-11 16:09:16.012 D/MobileDataStateTracker( 1499): default: isProvisioningNetwork: retVal=false
03-11 16:09:16.012 D/ConnectivityService( 1499): [CheckMp] isMobileOk: isDefaultProvisioning=false
03-11 16:09:16.012 D/MobileDataStateTracker( 1499): hipri: isProvisioningNetwork: retVal=false
03-11 16:09:16.012 D/ConnectivityService( 1499): [CheckMp] isMobileOk: isHipriProvisioning=false
03-11 16:09:16.012 D/ConnectivityService( 1499): [CheckMp] isMobileOk: start hipri url=http://clients3.google.com/generate_204
03-11 16:09:16.012 D/ConnectivityService( 1499): startUsingNetworkFeature reconnecting to 0: enableHIPRI
03-11 16:09:16.022 D/MobileDataStateTracker( 1499): hipri: Broadcast received: android.intent.action.ANY_DATA_STATE apnType=hipri
03-11 16:09:16.022 D/MobileDataStateTracker( 1499): hipri: Received state=CONNECTING, old=DISCONNECTED, reason=dataEnabled
03-11 16:09:16.022 D/MobileDataStateTracker( 1499): hipri: setDetailed state, old =IDLE and new state=CONNECTING
03-11 16:09:16.022 D/ConnectivityService( 1499): startUsingNetworkFeature X: return APN_REQUEST_STARTED
03-11 16:09:16.022 D/ConnectivityService( 1499): [CheckMp] isMobileOk: hipri started
03-11 16:09:16.022 D/ConnectivityService( 1499): [CheckMp] isMobileOk: not connected ni=NetworkInfo: type: mobile_hipri[HSPA+], state: DISCONNECTED/IDLE, reason: (unspecified), extra: (none), roaming: false, failover: false, isAvailable: true, isConnectedToProvisioningNetwork: false
03-11 16:09:16.022 D/MobileDataStateTracker( 1499): fota: Broadcast received: android.intent.action.ANY_DATA_STATE apnType=fota
03-11 16:09:16.022 D/MobileDataStateTracker( 1499): fota: Received state=DISCONNECTED, old=DISCONNECTED, reason=dataEnabled
03-11 16:09:16.022 D/MobileDataStateTracker( 1499): dun: Broadcast received: android.intent.action.ANY_DATA_STATE apnType=dun
03-11 16:09:16.022 D/MobileDataStateTracker( 1499): dun: Received state=DISCONNECTED, old=DISCONNECTED, reason=dataEnabled
03-11 16:09:16.032 D/MobileDataStateTracker( 1499): ia: Broadcast received: android.intent.action.ANY_DATA_STATE apnType=ia
03-11 16:09:16.032 D/MobileDataStateTracker( 1499): ia: Received state=DISCONNECTED, old=DISCONNECTED, reason=dataEnabled
03-11 16:09:16.032 D/MobileDataStateTracker( 1499): supl: Broadcast received: android.intent.action.ANY_DATA_STATE apnType=supl
03-11 16:09:16.032 D/MobileDataStateTracker( 1499): supl: Received state=DISCONNECTED, old=DISCONNECTED, reason=dataEnabled
03-11 16:09:16.032 D/MobileDataStateTracker( 1499): ims: Broadcast received: android.intent.action.ANY_DATA_STATE apnType=ims
03-11 16:09:16.032 D/MobileDataStateTracker( 1499): ims: Received state=DISCONNECTED, old=DISCONNECTED, reason=dataEnabled
03-11 16:09:16.032 D/MobileDataStateTracker( 1499): mms: Broadcast received: android.intent.action.ANY_DATA_STATE apnType=mms
03-11 16:09:16.032 D/MobileDataStateTracker( 1499): mms: Received state=DISCONNECTED, old=DISCONNECTED, reason=dataEnabled
03-11 16:09:16.032 D/MobileDataStateTracker( 1499): cbs: Broadcast received: android.intent.action.ANY_DATA_STATE apnType=cbs
03-11 16:09:16.032 D/MobileDataStateTracker( 1499): cbs: Received state=DISCONNECTED, old=DISCONNECTED, reason=dataEnabled
03-11 16:09:16.032 D/MobileDataStateTracker( 1499): hipri: Broadcast received: android.intent.action.ANY_DATA_STATE apnType=hipri
03-11 16:09:16.042 D/MobileDataStateTracker( 1499): hipri: Received state=CONNECTED, old=CONNECTING, reason=dataEnabled
03-11 16:09:16.042 D/MobileDataStateTracker( 1499): hipri: setDetailed state, old =IDLE and new state=CONNECTED
03-11 16:09:16.042 D/ConnectivityService( 1499): ConnectivityChange for mobile_hipri: CONNECTED/CONNECTED
03-11 16:09:16.092 D/Nat464Xlat( 1499): requiresClat: netType=5, hasIPv4Address=true
03-11 16:09:16.102 D/MobileDataStateTracker( 1499): default: setPolicyDataEnable(enabled=true)
03-11 16:09:16.112 W/NetworkPolicy( 1499): shared quota unsupported; generating rule for each iface
03-11 16:09:16.202 E/fb4a(:<default>):LocalFbBroadcastManager( 2347): Called registerBroadcastReceiver twice.
03-11 16:09:16.232 D/IccSmsInterfaceManager( 1701): [IccSmsInterfaceManager] Added cell broadcast subscription for MID range 4370 to 4370 from client com.android.cellbroadcastreceiver
03-11 16:09:16.232 D/IccSmsInterfaceManager( 1701): [IccSmsInterfaceManager] Calling setCellBroadcastActivation(true)
03-11 16:09:16.232 D/CellBroadcastConfigService( 2531): enabled emergency cell broadcast channels
03-11 16:09:16.232 D/CellBroadcastConfigService( 2531): disabling cell broadcast channel 50
03-11 16:09:16.232 D/IccSmsInterfaceManager( 1701): [IccSmsInterfaceManager] disableGsmBroadcastRange
03-11 16:09:16.232 D/IccSmsInterfaceManager( 1701): [IccSmsInterfaceManager] Failed to remove cell broadcast subscription for MID range 50 to 50 from client com.android.cellbroadcastreceiver
03-11 16:09:16.232 D/CellBroadcastConfigService( 2531): disabling channels 919-928
03-11 16:09:16.232 D/IccSmsInterfaceManager( 1701): [IccSmsInterfaceManager] disableGsmBroadcastRange
03-11 16:09:16.232 D/IccSmsInterfaceManager( 1701): [IccSmsInterfaceManager] Failed to remove cell broadcast subscription for MID range 919 to 928 from client com.android.cellbroadcastreceiver
03-11 16:09:16.232 D/CellBroadcastConfigService( 2531): disabling cell broadcast ETWS test messages
03-11 16:09:16.232 D/IccSmsInterfaceManager( 1701): [IccSmsInterfaceManager] disableGsmBroadcastRange
03-11 16:09:16.232 D/IccSmsInterfaceManager( 1701): [IccSmsInterfaceManager] Failed to remove cell broadcast subscription for MID range 4355 to 4355 from client com.android.cellbroadcastreceiver
03-11 16:09:16.232 D/CellBroadcastConfigService( 2531): disabling cell broadcast CMAS test messages
03-11 16:09:16.232 D/IccSmsInterfaceManager( 1701): [IccSmsInterfaceManager] disableGsmBroadcastRange
03-11 16:09:16.232 D/IccSmsInterfaceManager( 1701): [IccSmsInterfaceManager] Failed to remove cell broadcast subscription for MID range 4380 to 4382 from client com.android.cellbroadcastreceiver
03-11 16:09:16.232 I/ActivityManager( 1499): Resuming delayed broadcast
03-11 16:09:16.232 I/ActivityManager( 1499): Killing 2255:com.facebook.katana:dash_service/u0a77 (adj 15): empty #17
03-11 16:09:16.252 W/art     ( 1202): Could not get current activity
03-11 16:09:16.262 I/ActivityManager( 1499): Start proc com.google.android.keep for broadcast com.google.android.keep/.notification.AlertReceiver: pid=2843 uid=10052 gids={50052, 3003, 1028, 1015}
03-11 16:09:16.272 D/GCM     ( 1956): GcmService start Intent { act=android.intent.action.BOOT_COMPLETED flg=0x8000010 cmp=com.google.android.gms/.gcm.GcmService (has extras) } android.intent.action.BOOT_COMPLETED
03-11 16:09:16.272 D/MobileDataStateTracker( 1499): default: setPolicyDataEnable(enabled=true)
03-11 16:09:16.272 D/MobileDataStateTracker( 1499): default: setPolicyDataEnable(enabled=true)
03-11 16:09:16.272 W/NetworkPolicy( 1499): shared quota unsupported; generating rule for each iface
03-11 16:09:16.302 I/ActivityManager( 1499): Start proc com.google.android.gms.ui for service com.google.android.gms/.auth.authzen.GcmReceiverService: pid=2870 uid=10007 gids={50007, 3003, 1007, 3002, 3001, 1028, 1015, 3007, 2001, 3006}
03-11 16:09:16.322 I/GCoreUlr( 1803): Starting service, intent=Intent { cmp=com.google.android.gms/com.google.android.location.reporting.service.DispatchingService (has extras) }, extras=Bundle[{intentType=2, receiverAction=android.intent.action.BOOT_COMPLETED}]
03-11 16:09:16.322 I/GCoreUlr( 1908): WorldUpdater received intent Intent { cmp=com.google.android.gms/com.google.android.location.reporting.service.DispatchingService (has extras) } with receiverAction android.intent.action.BOOT_COMPLETED, forceUpdate false
03-11 16:09:16.332 W/art     ( 2870): Failed to find ELF magic in /system/framework/com.android.location.provider.odex: dey
03-11 16:09:16.332 W/art     ( 2870): Failed to find ELF magic in /system/framework/com.android.media.remotedisplay.odex: dey
03-11 16:09:16.342 I/MultiDex( 2870): load(/data/app/com.google.android.gms-1.apk, forceReload=false)
03-11 16:09:16.362 I/MultiDex( 2870): Need extracted file /data/data/com.google.android.gms/files/secondary-dexes/com.google.android.gms-1.apk.classes2.zip
03-11 16:09:16.362 I/MultiDex( 2870): No extraction needed for /data/data/com.google.android.gms/files/secondary-dexes/com.google.android.gms-1.apk.classes2.zip of size 1430457
03-11 16:09:16.362 V/AuthZen ( 2870): Received a GCM message.
03-11 16:09:16.372 V/AuthZen ( 2870): [DefaultAuthzenGcmReceiverDelegateService] Received an Authzen GCM message.
03-11 16:09:16.402 E/KeepSync( 2843): Try to add invalid account
03-11 16:09:16.402 E/KeepSync( 2843): Try to force sync on a null account
03-11 16:09:16.452 I/AuthZen ( 2870): Fetching signing key...
03-11 16:09:16.472 I/AuthZen ( 2870): Signing key fetched successfuly!
03-11 16:09:16.472 I/ActivityManager( 1499): Delay finish: com.google.android.keep/.notification.AlertReceiver
03-11 16:09:16.482 V/KeepAlert( 2843): Action android.intent.action.BOOT_COMPLETED
03-11 16:09:16.482 I/ActivityManager( 1499): Resuming delayed broadcast
03-11 16:09:16.482 I/ActivityManager( 1499): Killing 2347:com.facebook.katana/u0a77 (adj 15): empty #17
03-11 16:09:16.492 I/GCoreUlr( 1908): Ensuring that reporting is stopped because of reasons: {account#-17#=[InactiveReason{mVersionCode=0, mIdentifier=6, mName='ReportingNotSelected'}]}
03-11 16:09:16.492 D/GCoreFlp( 1908): Unknown pending intent to remove.
03-11 16:09:16.492 I/ActivityManager( 1499): Start proc com.android.vending for broadcast com.android.vending/com.google.android.finsky.receivers.BootCompletedReceiver: pid=2938 uid=10014 gids={50014, 3003, 1028, 1015}
03-11 16:09:16.502 I/GCoreUlr( 1908): Unbound from all location providers
03-11 16:09:16.532 D/MobileDataStateTracker( 1499): default: setPolicyDataEnable(enabled=true)
03-11 16:09:16.532 I/ActivityManager( 1499): Killing 2320:com.google.android.dialer/u0a8 (adj 15): empty #17
03-11 16:09:16.702 D/Finsky  ( 2938): [1] FinskyApp.onCreate: Initializing network with DFE https://android.clients.google.com/fdfe/
03-11 16:09:16.752 D/Finsky  ( 2938): [1] DailyHygiene.goMakeHygieneIfDirty: No need to run daily hygiene.
03-11 16:09:16.772 W/Settings( 2938): Setting download_manager_max_bytes_over_mobile has moved from android.provider.Settings.Secure to android.provider.Settings.Global.
03-11 16:09:16.772 W/Settings( 2938): Setting download_manager_recommended_max_bytes_over_mobile has moved from android.provider.Settings.Secure to android.provider.Settings.Global.
03-11 16:09:16.842 D/Volley  ( 2938): [196] DiskBasedCache.clear: Cache cleared.
03-11 16:09:16.852 D/Volley  ( 2938): [200] DiskBasedCache.clear: Cache cleared.
03-11 16:09:16.862 I/ActivityManager( 1499): Start proc com.google.android.talk for broadcast com.google.android.talk/com.google.android.apps.babel.service.BootReceiver: pid=2988 uid=10051 gids={50051, 3003, 1028, 1015, 3002}
03-11 16:09:16.862 I/ActivityManager( 1499): Killing 2234:com.android.providers.calendar/u0a1 (adj 15): empty #17
03-11 16:09:16.872 D/Finsky  ( 2938): [1] GmsCoreHelper.cleanupNlp: result=false type=4
03-11 16:09:16.892 W/art     ( 2988): Failed to find ELF magic in /system/framework/com.google.android.media.effects.odex: dey
03-11 16:09:16.902 D/Finsky  ( 2938): [1] 2.run: Loaded library for account: [h8oDSybNDDZzpp4iys_x3qq36Xs]
03-11 16:09:16.902 D/Finsky  ( 2938): [1] 2.run: Finished loading 1 libraries.
03-11 16:09:16.902 D/Finsky  ( 2938): [1] RestoreTracker.stopServiceIfDone: Restore complete with 0 success and 0 failed.
03-11 16:09:17.022 I/MmsConfig( 2988): MmsConfig.init: mnc/mcc: 244/21
03-11 16:09:17.022 D/MobileDataStateTracker( 1499): hipri: isProvisioningNetwork: retVal=false
03-11 16:09:17.022 D/ConnectivityService( 1499): [CheckMp] isMobileOk: isProvisioningNetwork is false, continue
03-11 16:09:17.032 I/Babel   ( 2988): ### loadDeviceMmsSettings from API: mUserAgent=Nexus5, mUaProfUrl=http://gsm.lge.com/html/gsm/Nexus5-M3.xml
03-11 16:09:17.032 W/Settings( 2988): Setting airplane_mode_on has moved from android.provider.Settings.System to android.provider.Settings.Global, returning read-only value.
03-11 16:09:17.032 V/MmsConfig( 2988): tag: bool value: enabledMMS - true
03-11 16:09:17.032 V/MmsConfig( 2988): tag: int value: maxMessageSize - 307200
03-11 16:09:17.032 V/MmsConfig( 2988): tag: int value: maxImageHeight - 480
03-11 16:09:17.032 V/MmsConfig( 2988): tag: int value: maxImageWidth - 640
03-11 16:09:17.032 V/MmsConfig( 2988): tag: int value: recipientLimit - -1
03-11 16:09:17.032 V/MmsConfig( 2988): tag: bool value: enableMultipartSMS - true
03-11 16:09:17.032 V/MmsConfig( 2988): tag: int value: smsToMmsTextThreshold - -1
03-11 16:09:17.032 V/MmsConfig( 2988): tag: int value: maxMessageTextSize - -1
03-11 16:09:17.032 I/Babel   ( 2988): ### loadMmsSettings: mUserAgent=Nexus5, mUaProfUrl=http://gsm.lge.com/html/gsm/Nexus5-M3.xml
03-11 16:09:17.052 D/ConnectivityService( 1499): [CheckMp] isMobileOk: addresses=clients3.google.com/193.229.108.174,clients3.google.com/193.229.108.144,clients3.google.com/193.229.108.159,clients3.google.com/193.229.108.155,clients3.google.com/193.229.108.163,clients3.google.com/193.229.108.181,clients3.google.com/193.229.108.148,clients3.google.com/193.229.108.165,clients3.google.com/193.229.108.152,clients3.google.com/193.229.108.176,clients3.google.com/193.229.108.166,clients3.google.com/193.229.108.154,clients3.google.com/193.229.108.185,clients3.google.com/193.229.108.177,clients3.google.com/193.229.108.170,clients3.google.com/193.229.108.187
03-11 16:09:17.052 D/ConnectivityService( 1499): [CheckMp] isMobileOk: linkHasIpv4=true linkHasIpv6=false
03-11 16:09:17.072 I/art     ( 1956): Heap trim of managed (duration=886.875us, advised=36KB) and native (duration=1.652448ms, advised=36KB) heaps. Managed heap utilization of 66%.
03-11 16:09:17.072 D/ConnectivityService( 1499): requestRouteToHostAddress ok=true
03-11 16:09:17.072 D/ConnectivityService( 1499): [CheckMp] isMobileOk: wait to establish route to hostAddr=clients3.google.com/193.229.108.170
03-11 16:09:17.122 V/Babel   ( 2988): babel boot account: SMS
03-11 16:09:17.122 V/Babel   ( 2988): babel boot account: nicholas.kariniemi@gmail.com
03-11 16:09:17.142 I/ActivityManager( 1499): Start proc eu.chainfire.supersu for broadcast eu.chainfire.supersu/.BootCompleteReceiver: pid=3030 uid=10074 gids={50074}
03-11 16:09:17.142 I/ActivityManager( 1499): Killing 2393:com.google.android.configupdater/u0a2 (adj 15): empty #17
03-11 16:09:17.202 I/ActivityManager( 1499): Start proc com.google.android.youtube for broadcast com.google.android.youtube/com.google.android.apps.youtube.core.transfer.DownloadService$BootReceiver: pid=3056 uid=10071 gids={50071, 3003, 1028, 1015}
03-11 16:09:17.352 D/YouTube ( 3056): apps.youtube.core.utils.bh.a:41 HttpClient.UserAgent: com.google.android.youtube/5.3.32(Linux; U; Android 4.4.2; en_US; Nexus 5 Build/KOT49H)
03-11 16:09:17.372 D/YouTube ( 3056): apps.youtube.core.utils.bh.a:41 HttpClient.UserAgent: com.google.android.youtube/5.3.32(Linux; U; Android 4.4.2; en_US; Nexus 5 Build/KOT49H)
03-11 16:09:17.512 D/YouTube ( 3056): apps.youtube.core.client.y.a:114 event [version=5.3.32-s2000, action=Startup, label=NORMAL_STARTUP, value=-1]
03-11 16:09:17.552 I/ActivityManager( 1499): Killing 2439:com.google.android.onetimeinitializer/u0a10 (adj 15): empty #17
03-11 16:09:17.562 D/YouTube ( 3056): apps.youtube.core.cache.f.run:163 Cache is below limit, no need to shrink: [size=1653501, limit=20971520]
03-11 16:09:17.682 I/dex2oat ( 3132): dex2oat: /data/data/com.google.android.youtube/cache/ads2069673332.dex
03-11 16:09:17.822 I/GoogleConversionPing( 3056): Pinging: http://www.googleadservices.com/pagead/conversion/1001680686/?label=4dahCKKczAYQrt7R3QM&value=&muid=htvkUmllSKdBco3N4TeCHQ&bundleid=com.google.android.youtube&appversion=5.3.32&osversion=4.4.2&sdkversion=ct-sdk-a-v1.1.0&remarketing_only=1&timestamp=1394546957&data=screen_name%3D%3CAndroid_YT_Open_App%3E
03-11 16:09:17.892 D/YouTube ( 3056): apps.youtube.core.transfer.DownloadService$BootReceiver.onReceive:97 boot completed, starting download service
03-11 16:09:17.892 D/YouTube ( 3056): apps.youtube.core.transfer.TransferService.onCreate:108 creating transfer service
03-11 16:09:17.902 D/YouTube ( 3056): apps.youtube.app.prefetch.PrefetchService$DeviceStateReceiver.onReceive:565 Got device state change intent: android.intent.action.BOOT_COMPLETED
03-11 16:09:17.912 D/YouTube ( 3056): apps.youtube.app.prefetch.PrefetchService.onStartCommand:167 PrefetchService started at 11 Mar 2014 14:09:17 GMT
03-11 16:09:17.912 D/YouTube ( 3056): apps.youtube.app.prefetch.PrefetchService.p_:245 Download snapshot restored
03-11 16:09:17.912 D/AlertReceiver( 2204): onReceive: a=android.intent.action.BOOT_COMPLETED Intent { act=android.intent.action.BOOT_COMPLETED flg=0x8000010 cmp=com.google.android.calendar/com.android.calendar.alerts.AlertReceiver (has extras) }
03-11 16:09:17.922 D/YouTube ( 3056): apps.youtube.app.prefetch.PrefetchService.onDestroy:215 PrefetchService destroyed at 11 Mar 2014 14:09:17 GMT
03-11 16:09:17.922 D/AlertService( 2204): 0 Action = android.intent.action.BOOT_COMPLETED
03-11 16:09:17.932 D/AlertService( 2204): Scheduling next alarm with AlarmScheduler. sEventReminderReceived: null
03-11 16:09:17.932 I/ActivityManager( 1499): Start proc com.google.android.googlequicksearchbox:search for broadcast com.google.android.googlequicksearchbox/com.google.android.search.core.StartUpReceiver: pid=3164 uid=10019 gids={50019, 3003, 1028, 3002, 1015}
03-11 16:09:17.972 I/ActivityManager( 1499): Start proc com.android.providers.calendar for content provider com.android.providers.calendar/.CalendarProvider2: pid=3182 uid=10001 gids={50001, 3003, 1028, 1015}
03-11 16:09:17.992 W/art     ( 3182): Failed to find ELF magic in /system/framework/android.test.runner.odex: dey
03-11 16:09:17.992 W/art     ( 3182): Failed to find ELF magic in /system/priv-app/CalendarProvider.odex: dey
03-11 16:09:18.012 I/GoogleConversionPing( 3056): Ping responded with response code 200
03-11 16:09:18.012 W/GLSUser ( 1956): GoogleAccountDataService.getToken()
03-11 16:09:18.022 I/GoogleHttpClient( 1956): Falling back to old http client 0 java.lang.NoSuchMethodException: <init> [class android.content.Context, class java.lang.String, boolean]
03-11 16:09:18.042 I/CalendarProvider2( 3182): Created com.android.providers.calendar.CalendarAlarmManager@6554af80(com.android.providers.calendar.CalendarProvider2@6553b988)
03-11 16:09:18.052 I/NotificationStore( 1956): file does not exist: /data/data/com.google.android.gms/files/notification_data.dat
03-11 16:09:18.062 D/AlarmScheduler( 2204): Query result count for events starting within 1 week: 3
03-11 16:09:18.172 D/HandsFreeActivity( 3164): shouldBeEnabled: locale=en-US
03-11 16:09:18.172 D/HandsFreeActivity( 3164): Voice dialer enabled state: true
03-11 16:09:18.192 I/ActivityManager( 1499): Delay finish: com.google.android.googlequicksearchbox/com.google.android.search.core.StartUpReceiver
03-11 16:09:18.202 W/GAV2    ( 3164): Thread[Thread-218,5,main]: Need to call initialize() and be in fallback mode to start dispatch.
03-11 16:09:18.202 W/GAV2    ( 3164): Thread[Thread-218,5,main]: dispatch call queued.  Need to call GAServiceManager.getInstance().initialize().
03-11 16:09:18.212 I/ActivityManager( 1499): Killing 2531:com.android.cellbroadcastreceiver/u0a29 (adj 15): empty #17
03-11 16:09:19.002 W/GAV2    ( 2175): Thread[Service Reconnect,5,main]: Service unavailable (code=1), using local store.
03-11 16:09:19.002 W/ActivityManager( 1499): Unable to start service Intent { act=com.google.android.gms.analytics.service.START cmp=com.google.android.gms/.analytics.service.AnalyticsService (has extras) } U=0: not found
03-11 16:09:19.012 D/Tethering( 1499): MasterInitialState.processMessage what=3
03-11 16:09:19.022 D/CaptivePortalTracker( 1499): NoActiveNetworkState{ when=-14ms what=1 obj=NetworkInfo: type: mobile[HSPA+], state: CONNECTED/CONNECTED, reason: connected, extra: internet.saunalahti, roaming: false, failover: false, isAvailable: true, isConnectedToProvisioningNetwork: false target=com.android.internal.util.StateMachine$SmHandler }
03-11 16:09:19.022 D/CaptivePortalTracker( 1499): NoActiveNetworkState not a wifi connectivity change, ignore
03-11 16:09:19.062 D/GpsLocationProvider( 1499): NTP server returned: 1394546956350 (Tue Mar 11 16:09:16 EET 2014) reference: 36353 certainty: 21 system time offset: -2713
03-11 16:09:19.062 I/CalendarProvider2( 3182): Sending notification intent: Intent { act=android.intent.action.PROVIDER_CHANGED dat=content://com.android.calendar }
03-11 16:09:19.062 W/ContentResolver( 3182): Failed to get type for: content://com.android.calendar (Unknown URL content://com.android.calendar)
03-11 16:09:19.062 I/ActivityManager( 1499): Resuming delayed broadcast
03-11 16:09:19.072 I/ActivityManager( 1499): Delay finish: com.google.android.gm/.GoogleMailDeviceStartupReceiver
03-11 16:09:19.092 D/Tethering( 1499): MasterInitialState.processMessage what=3
03-11 16:09:19.092 D/CaptivePortalTracker( 1499): NoActiveNetworkState{ when=-1ms what=1 obj=NetworkInfo: type: mobile_hipri[HSPA+], state: CONNECTED/CONNECTED, reason: dataEnabled, extra: internet.saunalahti, roaming: false, failover: false, isAvailable: true, isConnectedToProvisioningNetwork: false target=com.android.internal.util.StateMachine$SmHandler }
03-11 16:09:19.092 D/CaptivePortalTracker( 1499): NoActiveNetworkState not a wifi connectivity change, ignore
03-11 16:09:19.092 I/ActivityManager( 1499): Resuming delayed broadcast
03-11 16:09:19.102 I/ActivityManager( 1499): Delay finish: com.google.android.gm/.MailIntentReceiver
03-11 16:09:19.112 I/Gmail   ( 2175): Sending provider changed intent: Intent { act=android.intent.action.PROVIDER_CHANGED dat=content://gmail-ls/unread/^iim (has extras) }
03-11 16:09:19.122 I/Gmail   ( 2175): Sending provider changed intent: Intent { act=android.intent.action.PROVIDER_CHANGED dat=content://gmail-ls/unread/^i (has extras) }
03-11 16:09:19.122 I/ActivityManager( 1499): Resuming delayed broadcast
03-11 16:09:19.132 W/art     ( 1202): Could not get current activity
03-11 16:09:19.142 I/ActivityManager( 1499): Start proc org.mozilla.fennec for broadcast org.mozilla.fennec/org.mozilla.gecko.background.announcements.AnnouncementsBroadcastReceiver: pid=3244 uid=10075 gids={50075, 3003, 1028, 1015}
03-11 16:09:19.142 I/ActivityManager( 1499): Killing 2549:com.google.android.deskclock/u0a33 (adj 15): empty #17
03-11 16:09:19.242 I/ActivityManager( 1499): Delay finish: org.mozilla.fennec/org.mozilla.gecko.background.announcements.AnnouncementsBroadcastReceiver
03-11 16:09:19.272 W/GeckoProfile( 3244): Requested profile directory missing.
03-11 16:09:19.272 D/GeckoProfile( 3244): Found profile dir.
03-11 16:09:19.272 W/GeckoProfile( 3244): Requested profile directory missing.
03-11 16:09:19.272 W/GeckoProfile( 3244): Requested profile directory missing.
03-11 16:09:19.272 I/ActivityManager( 1499): Resuming delayed broadcast
03-11 16:09:19.272 I/ActivityManager( 1499): Delay finish: org.mozilla.fennec/org.mozilla.gecko.background.healthreport.HealthReportBroadcastReceiver
03-11 16:09:19.272 I/ActivityManager( 1499): Resuming delayed broadcast
03-11 16:09:19.292 I/ActivityManager( 1499): Start proc com.whatsapp for broadcast com.whatsapp/.BootReceiver: pid=3267 uid=10079 gids={50079, 1028, 1015, 3003}
03-11 16:09:19.292 I/ActivityManager( 1499): Killing 2644:com.google.android.exchange/u0a37 (adj 15): empty #17
03-11 16:09:19.312 W/art     ( 3267): Failed to find ELF magic in /system/framework/com.google.android.maps.odex: dey
03-11 16:09:19.902 I/ActivityManager( 1499): Start proc com.laurencedawson.reddit_sync:remote for broadcast com.laurencedawson.reddit_sync/.RedditMessageReceiver: pid=3299 uid=10080 gids={50080, 3003, 1028, 1015}
03-11 16:09:19.932 D/Finsky  ( 2938): [190] InAppBillingUtils.pickAccount: com.whatsapp: Account determined from installer data - [h8oDSybNDDZzpp4iys_x3qq36Xs]
03-11 16:09:19.932 D/Finsky  ( 2938): [189] InAppBillingUtils.pickAccount: com.whatsapp: Account determined from installer data - [h8oDSybNDDZzpp4iys_x3qq36Xs]
