03-11 16:13:21.772 D/keystore(  186): calling clear_uid in state: 3
03-11 16:13:21.772 I/WindowState( 1499): WIN DEATH: Window{65eaf4c8 u0 com.android.helloworldjava/com.android.helloworldjava.HelloWorld}
03-11 16:13:21.782 D/PackageBroadcastService( 1803): Received broadcast action=android.intent.action.PACKAGE_DATA_CLEARED and uri=com.android.helloworldjava
03-11 16:13:21.782 I/Icing   ( 1803): doRemovePackageData com.android.helloworldjava
03-11 16:13:21.782 D/Documents( 4322): Used cached roots for com.android.providers.downloads.documents
03-11 16:13:21.782 D/Documents( 4322): Used cached roots for com.android.externalstorage.documents
03-11 16:13:21.782 D/Documents( 4322): Used cached roots for com.android.providers.media.documents
03-11 16:13:21.782 D/Documents( 4322): Used cached roots for com.google.android.apps.docs.storage
03-11 16:13:21.792 D/Documents( 4322): Update found 7 roots in 12ms
03-11 16:13:21.802 D/AndroidRuntime( 4932): Shutting down VM
03-11 16:13:23.282 D/AndroidRuntime( 4958): 
03-11 16:13:23.282 D/AndroidRuntime( 4958): >>>>>> AndroidRuntime START com.android.internal.os.RuntimeInit <<<<<<
03-11 16:13:23.282 D/AndroidRuntime( 4958): CheckJNI is OFF
03-11 16:13:23.282 E/art     ( 4958): Unrecognized option -XX:mainThreadStackSize=24K
03-11 16:13:23.282 W/art     ( 4958): Ignoring unknown -Xgc option: precise
03-11 16:13:23.302 W/art     ( 4958): Failed to find ELF magic in /system/framework/am.odex: dey
03-11 16:13:23.342 W/art     ( 4958): JNI RegisterNativeMethods: attempt to register 0 native methods for android.content.res.Configuration
03-11 16:13:23.352 D/AndroidRuntime( 4958): Calling main entry com.android.commands.am.Am
03-11 16:13:23.352 I/ActivityManager( 1499): START u0 {flg=0x10000000 cmp=com.android.helloworldjava/.HelloWorld} from pid 4958
03-11 16:13:23.652 I/WindowManager( 1499): Screenshot max retries 4 of Token{65de30e8 ActivityRecord{65de2110 u0 com.google.android.googlequicksearchbox/com.google.android.launcher.GEL t1}} appWin=Window{65c0f630 u0 com.google.android.googlequicksearchbox/com.google.android.launcher.GEL} drawState=4
03-11 16:13:23.652 W/WindowManager( 1499): Screenshot failure taking screenshot for (1080x1920) to layer 21000
03-11 16:13:23.662 D/AndroidRuntime( 4958): Shutting down VM
03-11 16:13:23.672 W/art     ( 1202): Could not get current activity
03-11 16:13:23.682 I/ActivityManager( 1499): Start proc com.android.helloworldjava for activity com.android.helloworldjava/.HelloWorld: pid=4979 uid=10082 gids={50082, 1028, 1015}
03-11 16:13:23.762 I/ActivityManager( 1499): Displayed com.android.helloworldjava/.HelloWorld: +107ms
03-11 16:13:44.122 D/AndroidRuntime( 5001): 
03-11 16:13:44.122 D/AndroidRuntime( 5001): >>>>>> AndroidRuntime START com.android.internal.os.RuntimeInit <<<<<<
03-11 16:13:44.122 D/AndroidRuntime( 5001): CheckJNI is OFF
03-11 16:13:44.122 E/art     ( 5001): Unrecognized option -XX:mainThreadStackSize=24K
03-11 16:13:44.122 W/art     ( 5001): Ignoring unknown -Xgc option: precise
03-11 16:13:44.152 W/art     ( 5001): Failed to find ELF magic in /system/framework/pm.odex: dey
03-11 16:13:44.192 W/art     ( 5001): JNI RegisterNativeMethods: attempt to register 0 native methods for android.content.res.Configuration
03-11 16:13:44.192 D/AndroidRuntime( 5001): Calling main entry com.android.commands.pm.Pm
03-11 16:13:44.202 I/ActivityManager( 1499): Force stopping com.android.helloworldjava appid=10082 user=0: clear data
03-11 16:13:44.202 I/ActivityManager( 1499): Killing 4979:com.android.helloworldjava/u0a82 (adj 0): stop com.android.helloworldjava
03-11 16:13:44.202 I/WindowState( 1499): WIN DEATH: Window{65e0d198 u0 com.android.helloworldjava/com.android.helloworldjava.HelloWorld}
03-11 16:13:44.202 W/ActivityManager( 1499): Force removing ActivityRecord{660750d8 u0 com.android.helloworldjava/.HelloWorld t9}: app died, no saved state
03-11 16:13:44.212 D/keystore(  186): calling clear_uid in state: 3
03-11 16:13:44.212 D/Documents( 4322): Used cached roots for com.android.providers.downloads.documents
03-11 16:13:44.212 D/Documents( 4322): Used cached roots for com.android.externalstorage.documents
03-11 16:13:44.212 D/Documents( 4322): Used cached roots for com.android.providers.media.documents
03-11 16:13:44.212 D/Documents( 4322): Used cached roots for com.google.android.apps.docs.storage
03-11 16:13:44.212 D/Documents( 4322): Update found 7 roots in 3ms
03-11 16:13:44.222 D/PackageBroadcastService( 1803): Received broadcast action=android.intent.action.PACKAGE_DATA_CLEARED and uri=com.android.helloworldjava
03-11 16:13:44.222 I/Icing   ( 1803): doRemovePackageData com.android.helloworldjava
03-11 16:13:44.232 D/AndroidRuntime( 5001): Shutting down VM
03-11 16:13:45.742 D/AndroidRuntime( 5028): 
03-11 16:13:45.742 D/AndroidRuntime( 5028): >>>>>> AndroidRuntime START com.android.internal.os.RuntimeInit <<<<<<
03-11 16:13:45.742 D/AndroidRuntime( 5028): CheckJNI is OFF
03-11 16:13:45.742 E/art     ( 5028): Unrecognized option -XX:mainThreadStackSize=24K
03-11 16:13:45.742 W/art     ( 5028): Ignoring unknown -Xgc option: precise
03-11 16:13:45.772 W/art     ( 5028): Failed to find ELF magic in /system/framework/am.odex: dey
03-11 16:13:45.812 W/art     ( 5028): JNI RegisterNativeMethods: attempt to register 0 native methods for android.content.res.Configuration
03-11 16:13:45.822 D/AndroidRuntime( 5028): Calling main entry com.android.commands.am.Am
03-11 16:13:45.822 I/ActivityManager( 1499): START u0 {flg=0x10000000 cmp=com.android.helloworldjava/.HelloWorld} from pid 5028
03-11 16:13:46.132 I/WindowManager( 1499): Screenshot max retries 4 of Token{65de30e8 ActivityRecord{65de2110 u0 com.google.android.googlequicksearchbox/com.google.android.launcher.GEL t1}} appWin=Window{65c0f630 u0 com.google.android.googlequicksearchbox/com.google.android.launcher.GEL} drawState=4
03-11 16:13:46.132 W/WindowManager( 1499): Screenshot failure taking screenshot for (1080x1920) to layer 21000
03-11 16:13:46.152 D/AndroidRuntime( 5028): Shutting down VM
03-11 16:13:46.152 W/art     ( 1202): Could not get current activity
03-11 16:13:46.162 I/ActivityManager( 1499): Start proc com.android.helloworldjava for activity com.android.helloworldjava/.HelloWorld: pid=5062 uid=10082 gids={50082, 1028, 1015}
03-11 16:13:46.242 I/art     ( 1202): GcCauseExplicit concurrent mark sweep GC freed 2(56B) AllocSpace objects, 0(0B) LOS objects, 0% free, 14MB/14MB, paused 10.871ms total 30.177ms
03-11 16:13:46.312 I/ActivityManager( 1499): Displayed com.android.helloworldjava/.HelloWorld: +180ms
03-11 16:14:06.602 D/AndroidRuntime( 5100): 
03-11 16:14:06.602 D/AndroidRuntime( 5100): >>>>>> AndroidRuntime START com.android.internal.os.RuntimeInit <<<<<<
03-11 16:14:06.602 D/AndroidRuntime( 5100): CheckJNI is OFF
03-11 16:14:06.602 E/art     ( 5100): Unrecognized option -XX:mainThreadStackSize=24K
03-11 16:14:06.602 W/art     ( 5100): Ignoring unknown -Xgc option: precise
03-11 16:14:06.642 W/art     ( 5100): Failed to find ELF magic in /system/framework/pm.odex: dey
03-11 16:14:06.702 W/art     ( 5100): JNI RegisterNativeMethods: attempt to register 0 native methods for android.content.res.Configuration
03-11 16:14:06.712 D/AndroidRuntime( 5100): Calling main entry com.android.commands.pm.Pm
03-11 16:14:06.712 I/ActivityManager( 1499): Force stopping com.android.helloworldjava appid=10082 user=0: clear data
03-11 16:14:06.712 I/ActivityManager( 1499): Killing 5062:com.android.helloworldjava/u0a82 (adj 0): stop com.android.helloworldjava
03-11 16:14:06.712 W/ActivityManager( 1499): Force removing ActivityRecord{66043128 u0 com.android.helloworldjava/.HelloWorld t10}: app died, no saved state
03-11 16:14:06.722 D/keystore(  186): calling clear_uid in state: 3
03-11 16:14:06.722 W/InputDispatcher( 1499): channel '66095c60 com.android.helloworldjava/com.android.helloworldjava.HelloWorld (server)' ~ Consumer closed input channel or an error occurred.  events=0x9
03-11 16:14:06.722 E/InputDispatcher( 1499): channel '66095c60 com.android.helloworldjava/com.android.helloworldjava.HelloWorld (server)' ~ Channel is unrecoverably broken and will be disposed!
03-11 16:14:06.722 W/InputDispatcher( 1499): Attempted to unregister already unregistered input channel '66095c60 com.android.helloworldjava/com.android.helloworldjava.HelloWorld (server)'
03-11 16:14:06.722 W/WindowManager( 1499): Rebuild removed 2 windows but added 1
03-11 16:14:06.722 W/WindowManager( 1499): java.lang.RuntimeException: here
03-11 16:14:06.722 W/WindowManager( 1499): 	at com.android.server.wm.WindowManagerService.rebuildAppWindowListLocked(WindowManagerService.java:8011)
03-11 16:14:06.722 W/WindowManager( 1499): 	at com.android.server.wm.WindowManagerService.rebuildAppWindowListLocked(WindowManagerService.java:7947)
03-11 16:14:06.722 W/WindowManager( 1499): 	at com.android.server.wm.WindowManagerService.handleAppTransitionReadyLocked(WindowManagerService.java:8430)
03-11 16:14:06.722 W/WindowManager( 1499): 	at com.android.server.wm.WindowManagerService.performLayoutAndPlaceSurfacesLockedInner(WindowManagerService.java:9193)
03-11 16:14:06.722 W/WindowManager( 1499): 	at com.android.server.wm.WindowManagerService.performLayoutAndPlaceSurfacesLockedLoop(WindowManagerService.java:8163)
03-11 16:14:06.722 W/WindowManager( 1499): 	at com.android.server.wm.WindowManagerService.performLayoutAndPlaceSurfacesLocked(WindowManagerService.java:8105)
03-11 16:14:06.722 W/WindowManager( 1499): 	at com.android.server.wm.WindowManagerService.executeAppTransition(WindowManagerService.java:3918)
03-11 16:14:06.722 W/WindowManager( 1499): 	at com.android.server.am.ActivityStackSupervisor.reportResumedActivityLocked(ActivityStackSupervisor.java:2241)
03-11 16:14:06.722 W/WindowManager( 1499): 	at com.android.server.am.ActivityStack.completeResumeLocked(ActivityStack.java:968)
03-11 16:14:06.722 W/WindowManager( 1499): 	at com.android.server.am.ActivityStack.resumeTopActivityLocked(ActivityStack.java:1631)
03-11 16:14:06.722 W/WindowManager( 1499): 	at com.android.server.am.ActivityStackSupervisor.resumeTopActivitiesLocked(ActivityStackSupervisor.java:2022)
03-11 16:14:06.722 W/WindowManager( 1499): 	at com.android.server.am.ActivityStackSupervisor.resumeTopActivitiesLocked(ActivityStackSupervisor.java:2009)
03-11 16:14:06.722 W/WindowManager( 1499): 	at com.android.server.am.ActivityManagerService.forceStopPackageLocked(ActivityManagerService.java:4750)
03-11 16:14:06.722 W/WindowManager( 1499): 	at com.android.server.am.ActivityManagerService.forceStopPackageLocked(ActivityManagerService.java:4496)
03-11 16:14:06.722 W/WindowManager( 1499): 	at com.android.server.am.ActivityManagerService.clearApplicationUserData(ActivityManagerService.java:4176)
03-11 16:14:06.722 W/WindowManager( 1499): 	at android.app.ActivityManagerNative.onTransact(ActivityManagerNative.java:1114)
03-11 16:14:06.722 W/WindowManager( 1499): 	at com.android.server.am.ActivityManagerService.onTransact(ActivityManagerService.java:2071)
03-11 16:14:06.722 W/WindowManager( 1499): 	at android.os.Binder.execTransact(Binder.java:404)
03-11 16:14:06.722 W/WindowManager( 1499): This window was lost: Window{66095c60 u0 com.android.helloworldjava/com.android.helloworldjava.HelloWorld}
03-11 16:14:06.722 W/WindowManager( 1499): mDisplayId=0 mSession=Session{660957d0 5062:u0a10082} mClient=android.os.BinderProxy@660959f8
03-11 16:14:06.722 W/WindowManager( 1499): mOwnerUid=10082 mShowToOwnerOnly=true package=com.android.helloworldjava appop=NONE
03-11 16:14:06.722 W/WindowManager( 1499): mAttrs=WM.LayoutParams{(0,0)(fillxfill) sim=#120 ty=1 fl=#40010100 compatible=true pfl=0x88 wanim=0x1030001}
03-11 16:14:06.722 W/WindowManager( 1499): Requested w=1080 h=1776 mLayoutSeq=225
03-11 16:14:06.722 W/WindowManager( 1499): mBaseLayer=21000 mSubLayer=0 mAnimLayer=21005+0=21005 mLastLayer=0
03-11 16:14:06.722 W/WindowManager( 1499): mToken=AppWindowToken{660439f0 token=Token{66043288 ActivityRecord{66043128 u0 com.android.helloworldjava/.HelloWorld t10}}}
03-11 16:14:06.722 W/WindowManager( 1499): mRootToken=AppWindowToken{660439f0 token=Token{66043288 ActivityRecord{66043128 u0 com.android.helloworldjava/.HelloWorld t10}}}
03-11 16:14:06.722 W/WindowManager( 1499): mAppToken=AppWindowToken{660439f0 token=Token{66043288 ActivityRecord{66043128 u0 com.android.helloworldjava/.HelloWorld t10}}}
03-11 16:14:06.722 W/WindowManager( 1499): mViewVisibility=0x0 mHaveFrame=true mObscured=true
03-11 16:14:06.722 W/WindowManager( 1499): mSeq=0 mSystemUiVisibility=0x0
03-11 16:14:06.722 W/WindowManager( 1499): mPolicyVisibility=false mPolicyVisibilityAfterAnim=false mAppOpVisibility=true mAttachedHidden=false
03-11 16:14:06.722 W/WindowManager( 1499): mGivenContentInsets=[0,0][0,0] mGivenVisibleInsets=[0,0][0,0]
03-11 16:14:06.722 W/WindowManager( 1499): mConfiguration={1.0 244mcc21mnc en_US ldltr sw360dp w360dp h567dp 480dpi nrml port finger -keyb/v/h -nav/h s.5}
03-11 16:14:06.722 W/WindowManager( 1499): mHasSurface=true mShownFrame=[0.0,0.0][1080.0,1776.0] isReadyForDisplay()=false
03-11 16:14:06.722 W/WindowManager( 1499): mFrame=[0,0][1080,1776] last=[0,0][1080,1776]
03-11 16:14:06.722 W/WindowManager( 1499): mSystemDecorRect=[0,0][960,1579] last=[0,0][960,1579]
03-11 16:14:06.722 W/WindowManager( 1499): mCompatFrame=[0,0][960,1579]
03-11 16:14:06.722 W/WindowManager( 1499): Frames: containing=[0,0][1080,1776] parent=[0,0][1080,1776]
03-11 16:14:06.722 W/WindowManager( 1499):     display=[0,0][1080,1776] overscan=[0,0][1080,1920]
03-11 16:14:06.722 W/WindowManager( 1499):     content=[0,75][1080,1776] visible=[0,75][1080,1776]
03-11 16:14:06.722 W/WindowManager( 1499):     decor=[0,0][1080,1920]
03-11 16:14:06.722 W/WindowManager( 1499): Cur insets: overscan=[0,0][0,0] content=[0,67][0,0] visible=[0,67][0,0]
03-11 16:14:06.722 W/WindowManager( 1499): Lst insets: overscan=[0,0][0,0] content=[0,67][0,0] visible=[0,67][0,0]
03-11 16:14:06.722 W/WindowManager( 1499): WindowStateAnimator{660961f0 com.android.helloworldjava/com.android.helloworldjava.HelloWorld}:
03-11 16:14:06.722 W/WindowManager( 1499):   mSurface=Surface(name=com.android.helloworldjava/com.android.helloworldjava.HelloWorld)
03-11 16:14:06.722 W/WindowManager( 1499):   mDrawState=HAS_DRAWN mLastHidden=true
03-11 16:14:06.722 W/WindowManager( 1499):   Surface: shown=false layer=21005 alpha=0.0 rect=(0.0,0.0) 960.0 x 1579.0
03-11 16:14:06.722 W/WindowManager( 1499):   mShownAlpha=1.0 mAlpha=1.0 mLastAlpha=-1.0
03-11 16:14:06.722 W/WindowManager( 1499):   mGlobalScale=1.1247625 mDsDx=1.1247625 mDtDx=0.0 mDsDy=0.0 mDtDy=1.1247625
03-11 16:14:06.722 W/WindowManager( 1499): Current app token list:
03-11 16:14:06.722 V/WindowManager( 1499):   Display 0
03-11 16:14:06.722 V/WindowManager( 1499):   #0: Token{65de30e8 ActivityRecord{65de2110 u0 com.google.android.googlequicksearchbox/com.google.android.launcher.GEL t1}}
03-11 16:14:06.722 W/WindowManager( 1499): Final window list:
03-11 16:14:06.722 V/WindowManager( 1499):   #0: Window{6563dfe0 u0 SearchPanel}
03-11 16:14:06.722 V/WindowManager( 1499):   #1: Window{659bc930 u0 NavigationBar}
03-11 16:14:06.722 V/WindowManager( 1499):   #2: Window{65a4d9a0 u0 StatusBar}
03-11 16:14:06.722 V/WindowManager( 1499):   #3: Window{65deb810 u0 Keyguard}
03-11 16:14:06.722 V/WindowManager( 1499):   #4: Window{65cdcb58 u0 KeyguardScrim}
03-11 16:14:06.722 V/WindowManager( 1499):   #5: Window{65c0f630 u0 com.google.android.googlequicksearchbox/com.google.android.launcher.GEL}
03-11 16:14:06.722 V/WindowManager( 1499):   #6: Window{65c758b0 u0 com.android.systemui.ImageWallpaper}
03-11 16:14:06.722 I/WindowState( 1499): WIN DEATH: Window{66095c60 u0 com.android.helloworldjava/com.android.helloworldjava.HelloWorld}
03-11 16:14:06.742 D/Documents( 4322): Used cached roots for com.android.providers.downloads.documents
03-11 16:14:06.742 D/Documents( 4322): Used cached roots for com.android.externalstorage.documents
03-11 16:14:06.742 D/Documents( 4322): Used cached roots for com.android.providers.media.documents
03-11 16:14:06.742 D/Documents( 4322): Used cached roots for com.google.android.apps.docs.storage
03-11 16:14:06.742 D/Documents( 4322): Update found 7 roots in 5ms
03-11 16:14:06.742 D/PackageBroadcastService( 1803): Received broadcast action=android.intent.action.PACKAGE_DATA_CLEARED and uri=com.android.helloworldjava
03-11 16:14:06.812 I/art     ( 1499): Heap trim of managed (duration=14.437708ms, advised=3MB) and native (duration=3.451511ms, advised=1152KB) heaps. Managed heap utilization of 58%.
03-11 16:14:06.812 D/AndroidRuntime( 5100): Shutting down VM
03-11 16:14:06.822 I/art     ( 1803): Heap trim of managed (duration=1.219322ms, advised=1380KB) and native (duration=887.032us, advised=60KB) heaps. Managed heap utilization of 34%.
03-11 16:14:06.822 I/Icing   ( 1803): doRemovePackageData com.android.helloworldjava
03-11 16:14:08.282 D/AndroidRuntime( 5127): 
03-11 16:14:08.282 D/AndroidRuntime( 5127): >>>>>> AndroidRuntime START com.android.internal.os.RuntimeInit <<<<<<
03-11 16:14:08.282 D/AndroidRuntime( 5127): CheckJNI is OFF
03-11 16:14:08.282 E/art     ( 5127): Unrecognized option -XX:mainThreadStackSize=24K
03-11 16:14:08.282 W/art     ( 5127): Ignoring unknown -Xgc option: precise
03-11 16:14:08.312 W/art     ( 5127): Failed to find ELF magic in /system/framework/am.odex: dey
03-11 16:14:08.342 W/art     ( 5127): JNI RegisterNativeMethods: attempt to register 0 native methods for android.content.res.Configuration
03-11 16:14:08.352 D/AndroidRuntime( 5127): Calling main entry com.android.commands.am.Am
03-11 16:14:08.352 I/ActivityManager( 1499): START u0 {flg=0x10000000 cmp=com.android.helloworldjava/.HelloWorld} from pid 5127
03-11 16:14:08.662 D/AndroidRuntime( 5127): Shutting down VM
03-11 16:14:08.662 I/WindowManager( 1499): Screenshot max retries 4 of Token{65de30e8 ActivityRecord{65de2110 u0 com.google.android.googlequicksearchbox/com.google.android.launcher.GEL t1}} appWin=Window{65c0f630 u0 com.google.android.googlequicksearchbox/com.google.android.launcher.GEL} drawState=4
03-11 16:14:08.662 W/WindowManager( 1499): Screenshot failure taking screenshot for (1080x1920) to layer 21000
03-11 16:14:08.672 W/art     ( 1202): Could not get current activity
03-11 16:14:08.682 I/ActivityManager( 1499): Start proc com.android.helloworldjava for activity com.android.helloworldjava/.HelloWorld: pid=5148 uid=10082 gids={50082, 1028, 1015}
03-11 16:14:08.762 I/ActivityManager( 1499): Displayed com.android.helloworldjava/.HelloWorld: +98ms
03-11 16:14:14.762 V/BufferedAnalyticsState( 1908): Not ready for upload, 265 seconds left.
03-11 16:14:16.622 V/BufferedAnalyticsState( 1908): Not ready for upload, 263 seconds left.
03-11 16:14:29.112 D/AndroidRuntime( 5171): 
03-11 16:14:29.112 D/AndroidRuntime( 5171): >>>>>> AndroidRuntime START com.android.internal.os.RuntimeInit <<<<<<
03-11 16:14:29.112 D/AndroidRuntime( 5171): CheckJNI is OFF
03-11 16:14:29.112 E/art     ( 5171): Unrecognized option -XX:mainThreadStackSize=24K
03-11 16:14:29.112 W/art     ( 5171): Ignoring unknown -Xgc option: precise
03-11 16:14:29.142 W/art     ( 5171): Failed to find ELF magic in /system/framework/pm.odex: dey
03-11 16:14:29.182 W/art     ( 5171): JNI RegisterNativeMethods: attempt to register 0 native methods for android.content.res.Configuration
03-11 16:14:29.182 D/AndroidRuntime( 5171): Calling main entry com.android.commands.pm.Pm
03-11 16:14:29.192 E/JavaBinder( 1499): !!! FAILED BINDER TRANSACTION !!!
03-11 16:14:29.192 W/InputDispatcher( 1499): channel '65b0b0c8 com.android.helloworldjava/com.android.helloworldjava.HelloWorld (server)' ~ Consumer closed input channel or an error occurred.  events=0x9
03-11 16:14:29.192 E/InputDispatcher( 1499): channel '65b0b0c8 com.android.helloworldjava/com.android.helloworldjava.HelloWorld (server)' ~ Channel is unrecoverably broken and will be disposed!
03-11 16:14:29.192 I/ActivityManager( 1499): Force stopping com.android.helloworldjava appid=10082 user=0: clear data
03-11 16:14:29.192 I/ActivityManager( 1499): Killing 5148:com.android.helloworldjava/u0a82 (adj 0): stop com.android.helloworldjava
03-11 16:14:29.192 W/ActivityManager( 1499): Force removing ActivityRecord{65838f10 u0 com.android.helloworldjava/.HelloWorld t11}: app died, no saved state
03-11 16:14:29.202 W/InputDispatcher( 1499): Attempted to unregister already unregistered input channel '65b0b0c8 com.android.helloworldjava/com.android.helloworldjava.HelloWorld (server)'
03-11 16:14:29.202 D/Documents( 4322): Used cached roots for com.android.providers.downloads.documents
03-11 16:14:29.202 D/Documents( 4322): Used cached roots for com.android.externalstorage.documents
03-11 16:14:29.202 D/Documents( 4322): Used cached roots for com.android.providers.media.documents
03-11 16:14:29.202 D/Documents( 4322): Used cached roots for com.google.android.apps.docs.storage
03-11 16:14:29.202 D/Documents( 4322): Update found 7 roots in 2ms
03-11 16:14:29.202 D/keystore(  186): calling clear_uid in state: 3
03-11 16:14:29.202 I/WindowState( 1499): WIN DEATH: Window{65b0b0c8 u0 com.android.helloworldjava/com.android.helloworldjava.HelloWorld}
03-11 16:14:29.212 D/PackageBroadcastService( 1803): Received broadcast action=android.intent.action.PACKAGE_DATA_CLEARED and uri=com.android.helloworldjava
03-11 16:14:29.222 I/Icing   ( 1803): doRemovePackageData com.android.helloworldjava
03-11 16:14:29.222 D/AndroidRuntime( 5171): Shutting down VM
