--------- beginning of /dev/log/main
04-19 20:37:25.190 I/bdAddrLoader(  193): option : f=/persist/bluetooth/.bdaddr
04-19 20:37:25.190 I/bdAddrLoader(  193): option : h
04-19 20:37:25.190 I/bdAddrLoader(  193): option : x
04-19 20:37:25.190 I/bdAddrLoader(  193): Read From /persist/bluetooth/.bdaddr by Path type(0x11), Data type (0x21)
04-19 20:37:25.210 I/installd(  185): installd firing up
04-19 20:37:25.240 I/bdAddrLoader(  193): Output Data type(0x22), bPrintout(1), bPath((null))
04-19 20:37:25.240 I/bdAddrLoader(  193): Loaded Data type(0x21)
04-19 20:37:25.240 I/bdAddrLoader(  193): hex_to_ascii() - converted Data (BCF5AC82A4CF)
04-19 20:37:25.270 E/Diag_Lib(  188):  Diag_LSM_Init: Failed to open handle to diag driver, error = 2
04-19 20:37:25.270 E/Diag_Lib(  189):  Diag_LSM_Init: Failed to open handle to diag driver, error = 2
04-19 20:37:25.270 E/Diag_Lib(  188):  Diag_LSM_Init: Failed to open handle to diag driver, error = 2
04-19 20:37:25.280 E/Diag_Lib(  190):  Diag_LSM_Init: Failed to open handle to diag driver, error = 2
04-19 20:37:25.300 I/Netd    (  178): Netd 1.0 starting
04-19 20:37:25.300 W/InterfaceController(  178): Warning (dlopen failed: library "/system/lib/libnetcmdiface.so" not found) while opening the net interface command library
04-19 20:37:25.320 I/DEBUG   (  179): debuggerd: Dec  4 2013 23:14:10
04-19 20:37:25.330 D/QC-time-services(  198): Daemon:genoff_pre_init::Base = 0
04-19 20:37:25.330 I/rmt_storage(  177): SoC HW id is 126
04-19 20:37:25.330 D/QC-time-services(  198): Daemon:ats_rtc_init: Time read from RTC -- year = 70, month = 3,day = 19
04-19 20:37:25.330 E/ThermalEngine(  194): Thermal daemon started
04-19 20:37:25.330 E/ThermalEngine(  194): devices_manager_init: Init
04-19 20:37:25.330 E/ThermalEngine(  194): Number of gpus :1
04-19 20:37:25.330 E/ThermalEngine(  194): Number of cpus :4
04-19 20:37:25.330 I/rmt_storage(  177): No EBR found
04-19 20:37:25.330 I/rmt_storage(  177): Error (-1) parsing MBR partitions
04-19 20:37:25.330 I/rmt_storage(  177): Registering modemst1: 0x4a /boot/modem_fs1
04-19 20:37:25.330 I/rmt_storage(  177): Registering modemst2: 0x4b /boot/modem_fs2
04-19 20:37:25.330 I/rmt_storage(  177): Registering fsg: 0x58 /boot/modem_fsg
04-19 20:37:25.330 I/rmt_storage(  177): Registering ssd: 0x5d ssd
04-19 20:37:25.330 I/rmt_storage(  177): Registering fsc: 0xff /boot/modem_fsc
04-19 20:37:25.330 I/rmt_storage(  177): 5 GPT partitions found
04-19 20:37:25.330 I/ThermalEngine(  194): vdd_rstr_init: Init KTM VDD RSTR enabled: 0
04-19 20:37:25.330 E/ThermalEngine(  194): sensors_manager_init: Init
04-19 20:37:25.340 E/ThermalEngine(  194): bcl_setup: Error opening /sys/devices/qcom,bcl.60/ibat
04-19 20:37:25.340 E/ThermalEngine(  194): add_tgt_sensors_set: Error adding bcl
04-19 20:37:25.340 E/ThermalEngine(  194): sensors_init: Error adding BCL TS
04-19 20:37:25.340 E/ThermalEngine(  194): Loading config file for virtual sensor
04-19 20:37:25.350 E/Sensors (  191): sns_debug_set_dbg_str_mask: Setting log level to 4
04-19 20:37:25.350 E/Diag_Lib(  191):  Diag_LSM_Init: Failed to open handle to diag driver, error = 2
04-19 20:37:25.370 D/QSEECOMD: (  195): qseecom listener services process entry PPID = 1
04-19 20:37:25.370 D/QSEECOMD: (  195): Parent qseecom daemon process paused!! 
04-19 20:37:25.370 D/QSEECOMD: (  281): QSEECOM DAEMON RUNNING 
04-19 20:37:25.370 D/QSEECOMD: (  281): qseecom listener service threads starting!!! 
04-19 20:37:25.370 D/QSEECOMD: (  281): Total listener services to start = 2
--------- beginning of /dev/log/system
04-19 20:37:25.370 I/Vold    (  176): Vold 2.1 (the revenge) firing up
04-19 20:37:25.380 D/QSEECOMAPI: (  187): QSEECom_get_handle sb_length = 0x2000
04-19 20:37:25.380 D/QSEECOMAPI: (  187): App is not loaded in QSEE
04-19 20:37:25.390 D/QSEECOMD: (  281): Init dlopen(libdrmtime.so, RTLD_NOW) succeeds
04-19 20:37:25.390 D/QSEECOMD: (  281): Init::Init dlsym(g_FSHandle atime_start) succeeds
04-19 20:37:25.390 D/QSEECOMAPI: (  281): QSEECom_register_listener 11 sb_length = 0x5000
04-19 20:37:25.390 D/QSEECOMD: (  281): Init atime_start ret = 0
04-19 20:37:25.390 D/QSEECOMD: (  281): time services: Started
04-19 20:37:25.390 D/QSEECOMD: (  281): Init dlopen(libdrmfs.so, RTLD_NOW) succeeds
04-19 20:37:25.390 D/QSEECOMD: (  281): Init::Init dlsym(g_FSHandle fs_start) succeeds
04-19 20:37:25.390 D/QSEECOMAPI: (  281): QSEECom_register_listener 10 sb_length = 0x5000
04-19 20:37:25.390 D/QSEECOMD: (  281): Init fs_start ret = 0
04-19 20:37:25.390 D/QSEECOMD: (  281): file system services: Started
04-19 20:37:25.400 D/QC-time-services(  198): Daemon:Value read from RTC seconds = 9398245000
04-19 20:37:25.400 D/QC-time-services(  198): Daemon:genoff_init_config: ATS_RTC initialized
04-19 20:37:25.400 D/QC-time-services(  198): Daemon:genoff_pre_init::Base = 1
04-19 20:37:25.400 D/QC-time-services(  198): Daemon: Storage Name: ats_1 
04-19 20:37:25.400 D/QC-time-services(  198): Daemon:Opening File: /data/system/time/ats_1
04-19 20:37:25.400 D/QC-time-services(  198): Daemon:time_persistent_memory_opr:Genoff Read operation 
04-19 20:37:25.480 D/QC-time-services(  198): Daemon:genoff_pre_init::Base = 2
04-19 20:37:25.480 D/QC-time-services(  198): Daemon: Storage Name: ats_2 
04-19 20:37:25.480 D/QC-time-services(  198): Daemon:Opening File: /data/system/time/ats_2
04-19 20:37:25.480 D/QC-time-services(  198): Daemon:time_persistent_memory_opr:Genoff Read operation 
04-19 20:37:25.480 D/QC-time-services(  198): Daemon:genoff_pre_init::Base = 3
04-19 20:37:25.480 D/QC-time-services(  198): Daemon: Storage Name: ats_3 
04-19 20:37:25.480 D/QC-time-services(  198): Daemon:Opening File: /data/system/time/ats_3
04-19 20:37:25.480 D/QC-time-services(  198): Daemon:time_persistent_memory_opr:Genoff Read operation 
04-19 20:37:25.480 D/QC-time-services(  198): Daemon:Unable to open filefor read
04-19 20:37:25.480 D/QC-time-services(  198): Daemon:genoff_post_init:Error in accessing storage
04-19 20:37:25.480 D/QC-time-services(  198): Daemon:genoff_pre_init::Base = 4
04-19 20:37:25.480 D/QC-time-services(  198): Daemon: Storage Name: ats_4 
04-19 20:37:25.480 D/QC-time-services(  198): Daemon:Opening File: /data/system/time/ats_4
04-19 20:37:25.480 D/QC-time-services(  198): Daemon:time_persistent_memory_opr:Genoff Read operation 
04-19 20:37:25.480 D/QC-time-services(  198): Daemon:Unable to open filefor read
04-19 20:37:25.480 D/QC-time-services(  198): Daemon:genoff_post_init:Error in accessing storage
04-19 20:37:25.480 D/QC-time-services(  198): Daemon:genoff_pre_init::Base = 5
04-19 20:37:25.480 D/QC-time-services(  198): Daemon: Storage Name: ats_5 
04-19 20:37:25.480 D/QC-time-services(  198): Daemon:Opening File: /data/system/time/ats_5
04-19 20:37:25.480 D/QC-time-services(  198): Daemon:time_persistent_memory_opr:Genoff Read operation 
04-19 20:37:25.480 D/QC-time-services(  198): Daemon:Unable to open filefor read
04-19 20:37:25.480 D/QC-time-services(  198): Daemon:genoff_post_init:Error in accessing storage
04-19 20:37:25.480 D/QC-time-services(  198): Daemon:genoff_pre_init::Base = 6
04-19 20:37:25.480 D/QC-time-services(  198): Daemon: Storage Name: ats_6 
04-19 20:37:25.480 D/QC-time-services(  198): Daemon:Opening File: /data/system/time/ats_6
04-19 20:37:25.480 D/QC-time-services(  198): Daemon:time_persistent_memory_opr:Genoff Read operation 
04-19 20:37:25.480 D/QC-time-services(  198): Daemon:Unable to open filefor read
04-19 20:37:25.480 D/QC-time-services(  198): Daemon:genoff_post_init:Error in accessing storage
04-19 20:37:25.480 D/QC-time-services(  198): Daemon:genoff_pre_init::Base = 7
04-19 20:37:25.480 D/QC-time-services(  198): Daemon: Storage Name: ats_7 
04-19 20:37:25.480 D/QC-time-services(  198): Daemon:Opening File: /data/system/time/ats_7
04-19 20:37:25.480 D/QC-time-services(  198): Daemon:time_persistent_memory_opr:Genoff Read operation 
04-19 20:37:25.480 D/QC-time-services(  198): Daemon:Unable to open filefor read
04-19 20:37:25.480 D/QC-time-services(  198): Daemon:genoff_post_init:Error in accessing storage
04-19 20:37:25.480 D/QC-time-services(  198): Daemon:genoff_pre_init::Base = 8
04-19 20:37:25.480 D/QC-time-services(  198): Daemon: Storage Name: ats_8 
04-19 20:37:25.480 D/QC-time-services(  198): Daemon:Opening File: /data/system/time/ats_8
04-19 20:37:25.480 D/QC-time-services(  198): Daemon:time_persistent_memory_opr:Genoff Read operation 
04-19 20:37:25.480 D/QC-time-services(  198): Daemon:Unable to open filefor read
04-19 20:37:25.480 D/QC-time-services(  198): Daemon:genoff_post_init:Error in accessing storage
04-19 20:37:25.480 D/QC-time-services(  198): Daemon:genoff_pre_init::Base = 9
04-19 20:37:25.480 D/QC-time-services(  198): Daemon: Storage Name: ats_9 
04-19 20:37:25.480 D/QC-time-services(  198): Daemon:Opening File: /data/system/time/ats_9
04-19 20:37:25.480 D/QC-time-services(  198): Daemon:time_persistent_memory_opr:Genoff Read operation 
04-19 20:37:25.480 D/QC-time-services(  198): Daemon:Unable to open filefor read
04-19 20:37:25.480 D/QC-time-services(  198): Daemon:genoff_post_init:Error in accessing storage
04-19 20:37:25.480 D/QC-time-services(  198): Daemon:genoff_pre_init::Base = 10
04-19 20:37:25.480 D/QC-time-services(  198): Daemon: Storage Name: ats_10 
04-19 20:37:25.480 D/QC-time-services(  198): Daemon:Opening File: /data/system/time/ats_10
04-19 20:37:25.480 D/QC-time-services(  198): Daemon:time_persistent_memory_opr:Genoff Read operation 
04-19 20:37:25.480 D/QC-time-services(  198): Daemon:Unable to open filefor read
04-19 20:37:25.480 D/QC-time-services(  198): Daemon:genoff_post_init:Error in accessing storage
04-19 20:37:25.480 D/QC-time-services(  198): Daemon:genoff_pre_init::Base = 11
04-19 20:37:25.480 D/QC-time-services(  198): Daemon: Storage Name: ats_11 
04-19 20:37:25.480 D/QC-time-services(  198): Daemon:Opening File: /data/system/time/ats_11
04-19 20:37:25.480 D/QC-time-services(  198): Daemon:time_persistent_memory_opr:Genoff Read operation 
04-19 20:37:25.480 D/QC-time-services(  198): Daemon:Unable to open filefor read
04-19 20:37:25.480 D/QC-time-services(  198): Daemon:genoff_post_init:Error in accessing storage
04-19 20:37:25.480 D/QC-time-services(  198): Daemon:genoff_pre_init::Base = 12
04-19 20:37:25.480 D/QC-time-services(  198): Daemon: Storage Name: ats_12 
04-19 20:37:25.480 D/QC-time-services(  198): Daemon:Opening File: /data/system/time/ats_12
04-19 20:37:25.480 D/QC-time-services(  198): Daemon:time_persistent_memory_opr:Genoff Read operation 
04-19 20:37:25.480 D/QC-time-services(  198): Daemon:Unable to open filefor read
04-19 20:37:25.480 D/QC-time-services(  198): Daemon:genoff_post_init:Error in accessing storage
04-19 20:37:25.480 D/QC-time-services(  198): Daemon:genoff_pre_init::Base = 13
04-19 20:37:25.480 D/QC-time-services(  198): Daemon: Storage Name: ats_13 
04-19 20:37:25.480 D/QC-time-services(  198): Daemon:Opening File: /data/system/time/ats_13
04-19 20:37:25.480 D/QC-time-services(  198): Daemon:time_persistent_memory_opr:Genoff Read operation 
04-19 20:37:25.480 D/QC-time-services(  198): Daemon:Unable to open filefor read
04-19 20:37:25.480 D/QC-time-services(  198): Daemon:genoff_post_init:Error in accessing storage
04-19 20:37:25.480 D/QC-time-services(  198): Daemon:genoff_init_config: Other bases initilized, exiting genoff_init
04-19 20:37:25.480 D/QC-time-services(  198): Daemon:genoff_opr: Base = 1, val = 0, operation = 1
04-19 20:37:25.480 D/QC-time-services(  198): Daemon: genoff get for 1
04-19 20:37:25.480 D/QC-time-services(  198): Daemon:rtc_get: Time read from RTC -- MM/DD/YY HH:MM:SS3/19/70 18:37:25
04-19 20:37:25.480 D/QC-time-services(  198): Daemon:Value read from RTC seconds = 9398245000
04-19 20:37:25.480 D/QC-time-services(  198): Daemon:Value read from RTC seconds = 9398245000
04-19 20:37:25.480 D/QC-time-services(  198): Daemon:Value read from generif offset = 1385149037664
04-19 20:37:25.480 D/QC-time-services(  198): Daemon:Final Time = 1394547282664
04-19 20:37:25.480 D/QC-time-services(  198): Daemon:genoff_boot_tod_init: Setting system time to sec =1394547282, nsec =664000000
03-11 16:14:42.664 E/QC-time-services(  198): Daemon:genoff_boot_tod_init: Unable to set TOD at boot up
03-11 16:14:42.664 E/QC-time-services(  198): Daemon: Unable to set TOD at boot up
03-11 16:14:42.664 D/QC-time-services(  198): Daemon:genoff_modem_qmi_init: Initiallizing QMI 
03-11 16:14:42.664 E/ThermalEngine(  194): Algo Type 'monitor'
03-11 16:14:42.664 E/ThermalEngine(  194): Threshold 0 Action[0] : override
03-11 16:14:42.664 E/ThermalEngine(  194): Threshold 1 Action[0] : override
03-11 16:14:42.664 E/ThermalEngine(  194): Threshold 2 Action[0] : override
03-11 16:14:42.664 E/ThermalEngine(  194): Threshold 3 Action[0] : override
03-11 16:14:42.664 E/ThermalEngine(  194): Threshold 4 Action[0] : override
03-11 16:14:42.664 E/ThermalEngine(  194): Threshold 0 Action Info[0] : 10000
03-11 16:14:42.664 E/ThermalEngine(  194): Threshold 1 Action Info[0] : 7500
03-11 16:14:42.664 E/ThermalEngine(  194): Threshold 2 Action Info[0] : 5000
03-11 16:14:42.664 E/ThermalEngine(  194): Threshold 3 Action Info[0] : 2500
03-11 16:14:42.664 E/ThermalEngine(  194): Threshold 4 Action Info[0] : 0
03-11 16:14:42.664 E/ThermalEngine(  194): Algo Type 'monitor'
03-11 16:14:42.664 E/ThermalEngine(  194): Threshold 0 Action[0] : cpu
03-11 16:14:42.664 E/ThermalEngine(  194): Threshold 0 Action[1] : lcd
03-11 16:14:42.664 E/ThermalEngine(  194): Threshold 1 Action[0] : cpu
03-11 16:14:42.664 E/ThermalEngine(  194): Threshold 1 Action[1] : lcd
03-11 16:14:42.664 E/ThermalEngine(  194): Threshold 2 Action[0] : cpu
03-11 16:14:42.664 E/ThermalEngine(  194): Threshold 2 Action[1] : lcd
03-11 16:14:42.664 E/ThermalEngine(  194): Threshold 0 Action Info[0] : 1958400
03-11 16:14:42.664 E/ThermalEngine(  194): Threshold 0 Action Info[1] : 229
03-11 16:14:42.664 E/ThermalEngine(  194): Threshold 1 Action Info[0] : 1574400
03-11 16:14:42.664 E/ThermalEngine(  194): Threshold 1 Action Info[1] : 204
03-11 16:14:42.664 E/ThermalEngine(  194): Threshold 2 Action Info[0] : 1190400
03-11 16:14:42.664 E/ThermalEngine(  194): Threshold 2 Action Info[1] : 178
03-11 16:14:42.664 E/ThermalEngine(  194): Algo Type 'monitor'
03-11 16:14:42.664 E/ThermalEngine(  194): Threshold 0 Action[0] : battery
03-11 16:14:42.664 E/ThermalEngine(  194): Threshold 1 Action[0] : battery
03-11 16:14:42.664 E/ThermalEngine(  194): Threshold 0 Action Info[0] : 2
03-11 16:14:42.664 E/ThermalEngine(  194): Threshold 1 Action Info[0] : 3
03-11 16:14:42.664 E/ThermalEngine(  194): Algo Type 'monitor'
03-11 16:14:42.664 E/ThermalEngine(  194): Threshold 0 Action[0] : shutdown
03-11 16:14:42.664 E/ThermalEngine(  194): Threshold 0 Action Info[0] : 0
03-11 16:14:42.664 E/ThermalEngine(  194): Algo Type 'monitor'
03-11 16:14:42.664 E/ThermalEngine(  194): Threshold 0 Action[0] : shutdown
03-11 16:14:42.664 E/ThermalEngine(  194): Threshold 0 Action Info[0] : 0
03-11 16:14:42.664 E/ThermalEngine(  194): Algo Type 'monitor'
03-11 16:14:42.664 E/ThermalEngine(  194): Threshold 0 Action[0] : shutdown
03-11 16:14:42.664 E/ThermalEngine(  194): Threshold 0 Action Info[0] : 0
03-11 16:14:42.664 E/ThermalEngine(  194): Algo Type 'monitor'
03-11 16:14:42.664 E/ThermalEngine(  194): Threshold 0 Action[0] : shutdown
03-11 16:14:42.664 E/ThermalEngine(  194): Threshold 0 Action Info[0] : 0
03-11 16:14:42.664 E/ThermalEngine(  194): Algo Type 'monitor'
03-11 16:14:42.664 E/ThermalEngine(  194): Threshold 0 Action[0] : hotplug_1
03-11 16:14:42.664 E/ThermalEngine(  194): Threshold 0 Action Info[0] : 1
03-11 16:14:42.664 E/ThermalEngine(  194): Algo Type 'monitor'
03-11 16:14:42.664 E/ThermalEngine(  194): Threshold 0 Action[0] : hotplug_2
03-11 16:14:42.664 E/ThermalEngine(  194): Threshold 0 Action Info[0] : 1
03-11 16:14:42.664 E/ThermalEngine(  194): Algo Type 'monitor'
03-11 16:14:42.664 E/ThermalEngine(  194): Threshold 0 Action[0] : hotplug_3
03-11 16:14:42.664 E/ThermalEngine(  194): Threshold 0 Action Info[0] : 1
03-11 16:14:42.664 E/ThermalEngine(  194): parse_section: algo_type field not first field in section
03-11 16:14:42.664 E/ThermalEngine(  194): parse_section: algo_type field not first field in section
03-11 16:14:42.664 E/ThermalEngine(  194): parse_section: algo_type field not first field in section
03-11 16:14:42.664 E/ThermalEngine(  194): parse_section: algo_type field not first field in section
03-11 16:14:42.664 E/ThermalEngine(  194): parse_section: algo_type field not first field in section
03-11 16:14:42.664 E/ThermalEngine(  194): Algo Type 'ss'
03-11 16:14:42.664 E/ThermalEngine(  194): Algo Type 'ss'
03-11 16:14:42.664 E/ThermalEngine(  194): Algo Type 'ss'
03-11 16:14:42.664 E/ThermalEngine(  194): Algo Type 'ss'
03-11 16:14:42.664 E/ThermalEngine(  194): Algo Type 'ss'
03-11 16:14:42.664 E/ThermalEngine(  194): virtual_sensors_init: Error getting virtual sensors set
03-11 16:14:42.664 E/ThermalEngine(  194): Algo Type 'monitor'
03-11 16:14:42.664 E/ThermalEngine(  194): Threshold 0 Action[0] : override
03-11 16:14:42.664 E/ThermalEngine(  194): Threshold 1 Action[0] : override
03-11 16:14:42.664 E/ThermalEngine(  194): Threshold 2 Action[0] : override
03-11 16:14:42.664 E/ThermalEngine(  194): Threshold 3 Action[0] : override
03-11 16:14:42.664 E/ThermalEngine(  194): Threshold 4 Action[0] : override
03-11 16:14:42.664 E/ThermalEngine(  194): Threshold 0 Action Info[0] : 10000
03-11 16:14:42.664 E/ThermalEngine(  194): Threshold 1 Action Info[0] : 7500
03-11 16:14:42.664 E/ThermalEngine(  194): Threshold 2 Action Info[0] : 5000
03-11 16:14:42.664 E/ThermalEngine(  194): Threshold 3 Action Info[0] : 2500
03-11 16:14:42.664 E/ThermalEngine(  194): Threshold 4 Action Info[0] : 0
03-11 16:14:42.664 E/ThermalEngine(  194): Algo Type 'monitor'
03-11 16:14:42.664 E/ThermalEngine(  194): Threshold 0 Action[0] : cpu
03-11 16:14:42.664 E/ThermalEngine(  194): Threshold 0 Action[1] : lcd
03-11 16:14:42.664 E/ThermalEngine(  194): Threshold 1 Action[0] : cpu
03-11 16:14:42.664 E/ThermalEngine(  194): Threshold 1 Action[1] : lcd
03-11 16:14:42.664 E/ThermalEngine(  194): Threshold 2 Action[0] : cpu
03-11 16:14:42.664 E/ThermalEngine(  194): Threshold 2 Action[1] : lcd
03-11 16:14:42.664 E/ThermalEngine(  194): Threshold 0 Action Info[0] : 1958400
03-11 16:14:42.664 E/ThermalEngine(  194): Threshold 0 Action Info[1] : 229
03-11 16:14:42.664 E/ThermalEngine(  194): Threshold 1 Action Info[0] : 1574400
03-11 16:14:42.664 E/ThermalEngine(  194): Threshold 1 Action Info[1] : 204
03-11 16:14:42.664 E/ThermalEngine(  194): Threshold 2 Action Info[0] : 1190400
03-11 16:14:42.664 E/ThermalEngine(  194): Threshold 2 Action Info[1] : 178
03-11 16:14:42.664 E/ThermalEngine(  194): Algo Type 'monitor'
03-11 16:14:42.664 E/ThermalEngine(  194): Threshold 0 Action[0] : battery
03-11 16:14:42.664 E/ThermalEngine(  194): Threshold 1 Action[0] : battery
03-11 16:14:42.664 E/ThermalEngine(  194): Threshold 0 Action Info[0] : 2
03-11 16:14:42.664 E/ThermalEngine(  194): Threshold 1 Action Info[0] : 3
03-11 16:14:42.664 E/ThermalEngine(  194): Algo Type 'monitor'
03-11 16:14:42.664 E/ThermalEngine(  194): Threshold 0 Action[0] : shutdown
03-11 16:14:42.664 E/ThermalEngine(  194): Threshold 0 Action Info[0] : 0
03-11 16:14:42.664 E/ThermalEngine(  194): Algo Type 'monitor'
03-11 16:14:42.664 E/ThermalEngine(  194): Threshold 0 Action[0] : shutdown
03-11 16:14:42.664 E/ThermalEngine(  194): Threshold 0 Action Info[0] : 0
03-11 16:14:42.664 E/ThermalEngine(  194): Algo Type 'monitor'
03-11 16:14:42.664 E/ThermalEngine(  194): Threshold 0 Action[0] : shutdown
03-11 16:14:42.664 E/ThermalEngine(  194): Threshold 0 Action Info[0] : 0
03-11 16:14:42.664 E/ThermalEngine(  194): Algo Type 'monitor'
03-11 16:14:42.664 E/ThermalEngine(  194): Threshold 0 Action[0] : shutdown
03-11 16:14:42.664 E/ThermalEngine(  194): Threshold 0 Action Info[0] : 0
03-11 16:14:42.664 E/ThermalEngine(  194): Algo Type 'monitor'
03-11 16:14:42.664 E/ThermalEngine(  194): Threshold 0 Action[0] : hotplug_1
03-11 16:14:42.664 E/ThermalEngine(  194): Threshold 0 Action Info[0] : 1
03-11 16:14:42.664 E/ThermalEngine(  194): Algo Type 'monitor'
03-11 16:14:42.664 E/ThermalEngine(  194): Threshold 0 Action[0] : hotplug_2
03-11 16:14:42.664 E/ThermalEngine(  194): Threshold 0 Action Info[0] : 1
03-11 16:14:42.664 E/ThermalEngine(  194): Algo Type 'monitor'
03-11 16:14:42.664 E/ThermalEngine(  194): Threshold 0 Action[0] : hotplug_3
03-11 16:14:42.664 E/ThermalEngine(  194): Threshold 0 Action Info[0] : 1
03-11 16:14:42.664 E/ThermalEngine(  194): Disable section PID-CPU0
03-11 16:14:42.664 E/ThermalEngine(  194): Ignoring unknown field '1'
03-11 16:14:42.664 E/ThermalEngine(  194): Disable section PID-CPU1
03-11 16:14:42.664 E/ThermalEngine(  194): Ignoring unknown field '1'
03-11 16:14:42.664 E/ThermalEngine(  194): Disable section PID-CPU2
03-11 16:14:42.664 E/ThermalEngine(  194): Ignoring unknown field '1'
03-11 16:14:42.664 E/ThermalEngine(  194): Disable section PID-CPU3
03-11 16:14:42.664 E/ThermalEngine(  194): Ignoring unknown field '1'
03-11 16:14:42.664 E/ThermalEngine(  194): Disable section PID-POPMEM
03-11 16:14:42.664 E/ThermalEngine(  194): Ignoring unknown field '1'
03-11 16:14:42.664 E/ThermalEngine(  194): Algo Type 'ss'
03-11 16:14:42.664 E/ThermalEngine(  194): Algo Type 'ss'
03-11 16:14:42.664 E/ThermalEngine(  194): Algo Type 'ss'
03-11 16:14:42.664 E/ThermalEngine(  194): Algo Type 'ss'
03-11 16:14:42.664 E/ThermalEngine(  194): Algo Type 'ss'
03-11 16:14:42.664 E/ThermalEngine(  194): pid_algo_init: Entry Disabled PID-POPMEM.
03-11 16:14:42.664 E/ThermalEngine(  194): pid_algo_init: Entry Disabled PID-CPU3.
03-11 16:14:42.664 E/ThermalEngine(  194): pid_algo_init: Entry Disabled PID-CPU2.
03-11 16:14:42.664 E/ThermalEngine(  194): pid_algo_init: Entry Disabled PID-CPU1.
03-11 16:14:42.664 E/ThermalEngine(  194): pid_algo_init: Entry Disabled PID-CPU0.
03-11 16:14:42.664 E/ThermalEngine(  194): pid_algo_init: No PID's to configured.
03-11 16:14:42.664 E/ThermalEngine(  194): sensors_setup: tm_cnt 10
03-11 16:14:42.664 E/ThermalEngine(  194): sensors_setup: TM Id HOTPLUG-CPU3 Sensor cpu3 num_thresholds 1
03-11 16:14:42.664 E/ThermalEngine(  194): sensors_setup: TM Id HOTPLUG-CPU2 Sensor cpu2 num_thresholds 1
03-11 16:14:42.664 E/ThermalEngine(  194): sensors_setup: TM Id HOTPLUG-CPU1 Sensor cpu1 num_thresholds 1
03-11 16:14:42.664 E/ThermalEngine(  194): sensors_setup: TM Id CPU3_MONITOR Sensor cpu3 num_thresholds 1
03-11 16:14:42.664 E/ThermalEngine(  194): sensors_setup: TM Id CPU2_MONITOR Sensor cpu2 num_thresholds 1
03-11 16:14:42.664 E/ThermalEngine(  194): sensors_setup: TM Id CPU1_MONITOR Sensor cpu1 num_thresholds 1
03-11 16:14:42.664 E/ThermalEngine(  194): sensors_setup: TM Id CPU0_MONITOR Sensor cpu0 num_thresholds 1
03-11 16:14:42.664 E/ThermalEngine(  194): sensors_setup: TM Id battery_monitor Sensor batt_therm num_thresholds 2
03-11 16:14:42.664 E/ThermalEngine(  194): sensors_setup: TM Id SKIN_THERMAL_management_1 Sensor xo_therm_pu2 num_thresholds 3
03-11 16:14:42.664 E/ThermalEngine(  194): sensors_setup: TM Id battery_LCD_monitor Sensor batt_therm num_thresholds 5
03-11 16:14:42.664 E/ThermalEngine(  194): enable_threshold: tsens_tz_sensor8 (/sys/devices/virtual/thermal/thermal_zone8/trip_point_0_type)
03-11 16:14:42.664 E/ThermalEngine(  194): enable_threshold: tsens_tz_sensor8 (/sys/devices/virtual/thermal/thermal_zone8/trip_point_1_type)
03-11 16:14:42.664 E/ThermalEngine(  194): enable_threshold: tsens_tz_sensor7 (/sys/devices/virtual/thermal/thermal_zone7/trip_point_0_type)
03-11 16:14:42.664 E/ThermalEngine(  194): enable_threshold: tsens_tz_sensor7 (/sys/devices/virtual/thermal/thermal_zone7/trip_point_1_type)
03-11 16:14:42.664 E/ThermalEngine(  194): enable_threshold: tsens_tz_sensor6 (/sys/devices/virtual/thermal/thermal_zone6/trip_point_0_type)
03-11 16:14:42.664 E/ThermalEngine(  194): enable_threshold: tsens_tz_sensor6 (/sys/devices/virtual/thermal/thermal_zone6/trip_point_1_type)
03-11 16:14:42.664 E/ThermalEngine(  194): enable_threshold: tsens_tz_sensor6 (/sys/devices/virtual/thermal/thermal_zone6/trip_point_0_type)
03-11 16:14:42.664 E/ThermalEngine(  194): enable_threshold: tsens_tz_sensor6 (/sys/devices/virtual/thermal/thermal_zone6/trip_point_1_type)
03-11 16:14:42.664 E/ThermalEngine(  194): enable_threshold: tsens_tz_sensor7 (/sys/devices/virtual/thermal/thermal_zone7/trip_point_0_type)
03-11 16:14:42.664 E/ThermalEngine(  194): enable_threshold: tsens_tz_sensor7 (/sys/devices/virtual/thermal/thermal_zone7/trip_point_1_type)
03-11 16:14:42.664 E/ThermalEngine(  194): enable_threshold: tsens_tz_sensor8 (/sys/devices/virtual/thermal/thermal_zone8/trip_point_0_type)
03-11 16:14:42.664 E/ThermalEngine(  194): enable_threshold: tsens_tz_sensor8 (/sys/devices/virtual/thermal/thermal_zone8/trip_point_1_type)
03-11 16:14:42.664 E/ThermalEngine(  194): enable_threshold: tsens_tz_sensor8 (/sys/devices/virtual/thermal/thermal_zone8/trip_point_0_type)
03-11 16:14:42.664 E/ThermalEngine(  194): enable_threshold: tsens_tz_sensor8 (/sys/devices/virtual/thermal/thermal_zone8/trip_point_1_type)
03-11 16:14:42.664 E/ThermalEngine(  194): enable_threshold: tsens_tz_sensor3 (/sys/devices/virtual/thermal/thermal_zone3/trip_point_0_type)
03-11 16:14:42.664 E/ThermalEngine(  194): enable_threshold: tsens_tz_sensor3 (/sys/devices/virtual/thermal/thermal_zone3/trip_point_1_type)
03-11 16:14:42.664 E/ThermalEngine(  194): enable_threshold: tsens_tz_sensor8 (/sys/devices/virtual/thermal/thermal_zone8/trip_point_0_type)
03-11 16:14:42.664 E/ThermalEngine(  194): enable_threshold: tsens_tz_sensor8 (/sys/devices/virtual/thermal/thermal_zone8/trip_point_1_type)
03-11 16:14:42.664 E/ThermalEngine(  194): enable_threshold: tsens_tz_sensor7 (/sys/devices/virtual/thermal/thermal_zone7/trip_point_0_type)
03-11 16:14:42.664 E/ThermalEngine(  194): enable_threshold: tsens_tz_sensor7 (/sys/devices/virtual/thermal/thermal_zone7/trip_point_1_type)
03-11 16:14:42.664 E/ThermalEngine(  194): enable_threshold: tsens_tz_sensor6 (/sys/devices/virtual/thermal/thermal_zone6/trip_point_0_type)
03-11 16:14:42.664 E/ThermalEngine(  194): enable_threshold: tsens_tz_sensor6 (/sys/devices/virtual/thermal/thermal_zone6/trip_point_1_type)
03-11 16:14:42.664 E/ThermalEngine(  194): enable_threshold: tsens_tz_sensor5 (/sys/devices/virtual/thermal/thermal_zone5/trip_point_0_type)
03-11 16:14:42.664 E/ThermalEngine(  194): enable_threshold: tsens_tz_sensor5 (/sys/devices/virtual/thermal/thermal_zone5/trip_point_1_type)
03-11 16:14:42.664 E/ThermalEngine(  194): enable_threshold: tsens_tz_sensor5 (/sys/devices/virtual/thermal/thermal_zone5/trip_point_0_type)
03-11 16:14:42.664 E/ThermalEngine(  194): enable_threshold: tsens_tz_sensor5 (/sys/devices/virtual/thermal/thermal_zone5/trip_point_1_type)
03-11 16:14:42.664 E/ThermalEngine(  194): enable_threshold: tsens_tz_sensor7 (/sys/devices/virtual/thermal/thermal_zone7/trip_point_0_type)
03-11 16:14:42.664 E/ThermalEngine(  194): enable_threshold: tsens_tz_sensor7 (/sys/devices/virtual/thermal/thermal_zone7/trip_point_1_type)
03-11 16:14:42.664 E/ThermalEngine(  194): enable_threshold: tsens_tz_sensor6 (/sys/devices/virtual/thermal/thermal_zone6/trip_point_0_type)
03-11 16:14:42.664 E/ThermalEngine(  194): enable_threshold: tsens_tz_sensor6 (/sys/devices/virtual/thermal/thermal_zone6/trip_point_1_type)
03-11 16:14:42.664 E/ThermalEngine(  194): enable_threshold: tsens_tz_sensor3 (/sys/devices/virtual/thermal/thermal_zone3/trip_point_0_type)
03-11 16:14:42.664 E/ThermalEngine(  194): enable_threshold: tsens_tz_sensor3 (/sys/devices/virtual/thermal/thermal_zone3/trip_point_1_type)
03-11 16:14:42.664 E/ThermalEngine(  194): enable_threshold: tsens_tz_sensor5 (/sys/devices/virtual/thermal/thermal_zone5/trip_point_0_type)
03-11 16:14:42.664 E/ThermalEngine(  194): enable_threshold: tsens_tz_sensor5 (/sys/devices/virtual/thermal/thermal_zone5/trip_point_1_type)
03-11 16:14:42.674 E/ThermalEngine(  194): TM Id 'battery_LCD_monitor' Sensor 'batt_therm' - alarm raised 1 at 315.0 degC
03-11 16:14:42.674 E/ThermalEngine(  194): override action 10000
03-11 16:14:42.674 E/ThermalEngine(  194): Thermal-Server: Thermal received msg override 10000
03-11 16:14:42.674 E/ThermalEngine(  194): override_notify : SS mode 1 override 10000
03-11 16:14:42.674 I/ThermalEngine(  194): vdd_restrict_qmi_request: MODEM req level(0) is recorded and waiting for completing QMI registration
03-11 16:14:42.674 I/ThermalEngine(  194): vdd_restrict_qmi_request: ADSP req level(0) is recorded and waiting for completing QMI registration
03-11 16:14:42.674 I/ThermalEngine(  194): vdd_dig_sw_mode_ktm_disable_cb: write out 0
03-11 16:14:42.674 I/ThermalEngine(  194): hotplug_ktm_disable_cb: write out 0
03-11 16:14:42.674 E/ThermalEngine(  194): hotplug_ktm_disable_cb: CPU 1 Failed attempt to sync up with MP Desc.
03-11 16:14:42.674 E/ThermalEngine(  194): hotplug_ktm_disable_cb: CPU 2 Failed attempt to sync up with MP Desc.
03-11 16:14:42.674 E/ThermalEngine(  194): hotplug_ktm_disable_cb: CPU 3 Failed attempt to sync up with MP Desc.
03-11 16:14:42.674 E/ThermalEngine(  194): enable_threshold: tsens_tz_sensor3 (/sys/devices/virtual/thermal/thermal_zone3/trip_point_0_type)
03-11 16:14:42.674 E/ThermalEngine(  194): enable_threshold: tsens_tz_sensor3 (/sys/devices/virtual/thermal/thermal_zone3/trip_point_1_type)
03-11 16:14:42.674 E/ThermalEngine(  194): enable_threshold: tsens_tz_sensor8 (/sys/devices/virtual/thermal/thermal_zone8/trip_point_0_type)
03-11 16:14:42.674 E/ThermalEngine(  194): enable_threshold: tsens_tz_sensor8 (/sys/devices/virtual/thermal/thermal_zone8/trip_point_1_type)
03-11 16:14:42.674 E/ThermalEngine(  194): enable_threshold: tsens_tz_sensor7 (/sys/devices/virtual/thermal/thermal_zone7/trip_point_0_type)
03-11 16:14:42.674 E/ThermalEngine(  194): enable_threshold: tsens_tz_sensor7 (/sys/devices/virtual/thermal/thermal_zone7/trip_point_1_type)
03-11 16:14:42.674 E/ThermalEngine(  194): enable_threshold: tsens_tz_sensor6 (/sys/devices/virtual/thermal/thermal_zone6/trip_point_0_type)
03-11 16:14:42.674 E/ThermalEngine(  194): enable_threshold: tsens_tz_sensor6 (/sys/devices/virtual/thermal/thermal_zone6/trip_point_1_type)
03-11 16:14:42.674 E/ThermalEngine(  194): enable_threshold: tsens_tz_sensor5 (/sys/devices/virtual/thermal/thermal_zone5/trip_point_0_type)
03-11 16:14:42.674 E/ThermalEngine(  194): enable_threshold: tsens_tz_sensor5 (/sys/devices/virtual/thermal/thermal_zone5/trip_point_1_type)
03-11 16:14:42.704 I/SurfaceFlinger(  181): SurfaceFlinger is starting
03-11 16:14:42.704 I/SurfaceFlinger(  181): SurfaceFlinger's main thread ready to run. Initializing graphics H/W...
03-11 16:14:42.724 D/libEGL  (  181): loaded /vendor/lib/egl/libEGL_adreno.so
03-11 16:14:42.724 E/mm-camera(  197): server_process_module_init:59, int mods
03-11 16:14:42.724 E/mm-camera-sensor(  197): module_sensor_init:2821 Enter
03-11 16:14:42.734 D/libEGL  (  181): loaded /vendor/lib/egl/libGLESv1_CM_adreno.so
03-11 16:14:42.744 E/mm-camera(  197): isp_util_gen_hws_caps: integrating kernel vfe is pending
03-11 16:14:42.754 I/mm-camera(  197): gyro_module_init: Enter
03-11 16:14:42.754 I/mm-camera(  197): gyro_module_init: Exit successful
03-11 16:14:42.754 E/mm-camera(  197): cpp_module_init:75 name=cpp
03-11 16:14:42.754 E/mm-camera(  197): cpp_hardware_load_firmware:353, cpphw->hwinfo.version = 0x10010000
03-11 16:14:42.834 D/libEGL  (  181): loaded /vendor/lib/egl/libGLESv2_adreno.so
03-11 16:14:42.844 I/mediaserver(  184): ServiceManager: 0xb7317460
03-11 16:14:42.844 I/AudioFlinger(  184): Using default 3000 mSec as standby time.
03-11 16:14:42.844 I/CameraService(  184): CameraService started (pid=184)
03-11 16:14:42.854 E/mm-camera-intf(  184): mm_camera_open: dev name = /dev/video1, cam_idx = 1
03-11 16:14:42.874 I/Adreno-EGL(  181): <qeglDrvAPI_eglInitialize:320>: EGL 1.4 QUALCOMM Build: I0404c4692afb8623f95c43aeb6d5e13ed4b30ddbDate: 11/06/13
03-11 16:14:42.884 D/QSEECOMAPI: (  187): Loaded image: APP id = 2
03-11 16:14:42.964 E/Diag_Lib(  180):  Diag_LSM_Init: Failed to open handle to diag driver, error = 2
03-11 16:14:42.984 E/Diag_Lib(  180):  Diag_LSM_Init: Failed to open handle to diag driver, error = 2
03-11 16:14:42.994 E/mm-camera(  197): cpp_module_init:117: info: CPP module_init successful
03-11 16:14:42.994 E/mm-camera(  197): c2d_module_init:45 name=c2d
03-11 16:14:42.994 E/mm-camera(  197): c2d_port_create:17: Enter: name=c2d_src_0, dir=1
03-11 16:14:42.994 E/mm-camera(  197): c2d_port_create:17: Enter: name=c2d_src_1, dir=1
03-11 16:14:42.994 E/mm-camera(  197): c2d_port_create:17: Enter: name=c2d_src_2, dir=1
03-11 16:14:42.994 E/mm-camera(  197): c2d_port_create:17: Enter: name=c2d_src_3, dir=1
03-11 16:14:42.994 E/mm-camera(  197): c2d_port_create:17: Enter: name=c2d_src_4, dir=1
03-11 16:14:42.994 E/mm-camera(  197): c2d_port_create:17: Enter: name=c2d_src_5, dir=1
03-11 16:14:42.994 E/mm-camera(  197): c2d_port_create:17: Enter: name=c2d_sink_0, dir=2
03-11 16:14:42.994 E/mm-camera(  197): c2d_port_create:17: Enter: name=c2d_sink_1, dir=2
03-11 16:14:42.994 E/mm-camera(  197): c2d_port_create:17: Enter: name=c2d_sink_2, dir=2
03-11 16:14:42.994 E/mm-camera(  197): c2d_port_create:17: Enter: name=c2d_sink_3, dir=2
03-11 16:14:42.994 E/mm-camera(  197): c2d_port_create:17: Enter: name=c2d_sink_4, dir=2
03-11 16:14:42.994 E/mm-camera(  197): c2d_port_create:17: Enter: name=c2d_sink_5, dir=2
03-11 16:14:42.994 E/mm-camera(  197): c2d_module_init:86: info: C2D module_init successful
03-11 16:14:42.994 E/mm-camera-img(  197): img_core_get_comp:37] role 3 name qcom.cac
03-11 16:14:42.994 E/mm-camera-img(  197): img_core_get_comp:42] comp_index[0] role 0 name qcom.wavelet
03-11 16:14:42.994 E/mm-camera-img(  197): img_core_get_comp:42] comp_index[1] role 1 name qcom.hdr
03-11 16:14:42.994 E/mm-camera-img(  197): img_core_get_comp:42] comp_index[2] role 2 name qcom.faceproc
03-11 16:14:42.994 E/mm-camera-img(  197): img_core_get_comp:42] comp_index[3] role 3 name qcom.cac
03-11 16:14:42.994 E/mm-camera-img(  197): img_core_get_comp:47] find component role 3 name qcom.cac
03-11 16:14:42.994 E/mm-camera-img(  197): cac_comp_load:679] Error opening CAC library
03-11 16:14:42.994 E/mm-camera(  197): module_cac_init:1027] Error rc -6
03-11 16:14:42.994 E/mm-camera(  197): pproc_module_init:1967] cac module create failed
03-11 16:14:42.994 E/mm-camera-img(  197): img_core_get_comp:37] role 2 name qcom.faceproc
03-11 16:14:42.994 E/mm-camera-img(  197): img_core_get_comp:42] comp_index[0] role 0 name qcom.wavelet
03-11 16:14:42.994 E/mm-camera-img(  197): img_core_get_comp:42] comp_index[1] role 1 name qcom.hdr
03-11 16:14:42.994 E/mm-camera-img(  197): img_core_get_comp:42] comp_index[2] role 2 name qcom.faceproc
03-11 16:14:42.994 E/mm-camera-img(  197): img_core_get_comp:47] find component role 2 name qcom.faceproc
03-11 16:14:43.004 W/linker  (  197): libmmcamera_faceproc.so has text relocations. This is wasting memory and is a security risk. Please fix.
03-11 16:14:43.014 I/qdutils (  181): Right Split=0
03-11 16:14:43.014 D/qdhwcomposer(  181): int qhwc::adRead(): /sys/class/graphics/fb2/ad could not be opened : No such file or directory
03-11 16:14:43.014 I/qdhwcomposer(  181): Initializing Qualcomm Hardware Composer
03-11 16:14:43.014 I/qdhwcomposer(  181): MDP version: 500
03-11 16:14:43.014 I/SurfaceFlinger(  181): Using composer version 1.3
03-11 16:14:43.014 I/qdhwcomposer(  181): hwc_registerProcs
03-11 16:14:43.014 I/qdhwcomposer(  181): Initializing UEVENT Thread
03-11 16:14:43.014 I/qdhwcomposer(  181): Initializing VSYNC Thread
03-11 16:14:43.014 D/qdhwcomposer(  181): hwc_getDisplayAttributes disp = 0, width = 1080
03-11 16:14:43.014 D/qdhwcomposer(  181): hwc_getDisplayAttributes disp = 0, height = 1920
03-11 16:14:43.014 I/qdhwcomposer(  181): vsync_loop: Reading vsync for dpy=0 from /sys/class/graphics/fb0/vsync_event
03-11 16:14:43.014 I/qdhwcomposer(  181): vsync_loop: Reading vsync for dpy=1 from /sys/class/graphics/fb1/vsync_event
03-11 16:14:43.014 I/SurfaceFlinger(  181): EGL informations:
03-11 16:14:43.014 I/SurfaceFlinger(  181): vendor    : Android
03-11 16:14:43.014 I/SurfaceFlinger(  181): version   : 1.4 Android META-EGL
03-11 16:14:43.014 I/SurfaceFlinger(  181): extensions: EGL_KHR_get_all_proc_addresses EGL_ANDROID_presentation_time EGL_KHR_image EGL_KHR_image_base EGL_KHR_lock_surface EGL_KHR_gl_texture_2D_image EGL_KHR_gl_texture_cubemap_image EGL_KHR_gl_renderbuffer_image EGL_KHR_fence_sync EGL_KHR_create_context EGL_EXT_create_context_robustness EGL_ANDROID_image_native_buffer EGL_KHR_wait_sync EGL_ANDROID_recordable 
03-11 16:14:43.014 I/SurfaceFlinger(  181): Client API: OpenGL_ES
03-11 16:14:43.014 I/SurfaceFlinger(  181): EGLSurface: 8-8-8-8, config=0x5
03-11 16:14:43.144 I/SurfaceFlinger(  181): OpenGL ES informations:
03-11 16:14:43.144 I/SurfaceFlinger(  181): vendor    : Qualcomm
03-11 16:14:43.144 I/SurfaceFlinger(  181): renderer  : Adreno (TM) 330
03-11 16:14:43.144 I/SurfaceFlinger(  181): version   : OpenGL ES 3.0 V@53.0 AU@  (CL@)
03-11 16:14:43.144 I/SurfaceFlinger(  181): extensions: GL_AMD_compressed_ATC_texture GL_AMD_performance_monitor GL_AMD_program_binary_Z400 GL_EXT_debug_label GL_EXT_debug_marker GL_EXT_discard_framebuffer GL_EXT_robustness GL_EXT_texture_format_BGRA8888 GL_EXT_texture_type_2_10_10_10_REV GL_NV_fence GL_OES_compressed_ETC1_RGB8_texture GL_OES_depth_texture GL_OES_depth24 GL_OES_EGL_image GL_OES_EGL_image_external GL_OES_element_index_uint GL_OES_fbo_render_mipmap GL_OES_fragment_precision_high GL_OES_get_program_binary GL_OES_packed_depth_stencil GL_OES_depth_texture_cube_map GL_OES_rgb8_rgba8 GL_OES_standard_derivatives GL_OES_texture_3D GL_OES_texture_float GL_OES_texture_half_float GL_OES_texture_half_float_linear GL_OES_texture_npot GL_OES_vertex_half_float GL_OES_vertex_type_10_10_10_2 GL_OES_vertex_array_object GL_QCOM_alpha_test GL_QCOM_binning_control GL_QCOM_driver_control GL_QCOM_perfmon_global_mode GL_QCOM_extended_get GL_QCOM_extended_get2 GL_QCOM_tiled_rendering GL_QCOM_writeonly_rendering GL_EXT_sRGB GL_EXT_texture_filter_anisotropic GL_
03-11 16:14:43.144 I/SurfaceFlinger(  181): GL_MAX_TEXTURE_SIZE = 4096
03-11 16:14:43.144 I/SurfaceFlinger(  181): GL_MAX_VIEWPORT_DIMS = 4096
03-11 16:14:43.154 V/NatController(  178): runCmd(/system/bin/iptables -F natctrl_FORWARD) res=0
03-11 16:14:43.154 V/NatController(  178): runCmd(/system/bin/iptables -A natctrl_FORWARD -j DROP) res=0
03-11 16:14:43.154 V/NatController(  178): runCmd(/system/bin/iptables -t nat -F natctrl_nat_POSTROUTING) res=0
03-11 16:14:43.174 D/SurfaceFlinger(  181): Screen acquired, type=0 flinger=0xb8c60450
03-11 16:14:43.174 D/qdhwcomposer(  181): hwc_blank: Unblanking display: 0
03-11 16:14:43.174 D/qdhwcomposer(  181): hwc_blank: Done unblanking display: 0
03-11 16:14:43.174 E/qdhwcomposer(  181): hwc_vsync_control: vsync control failed. Dpy=0, enable=1 : Operation not supported on transport endpoint
03-11 16:14:43.174 E/SurfaceFlinger(  181): eventControl(0, 1) failed Operation not supported on transport endpoint
03-11 16:14:43.184 V/NatController(  178): runCmd(/system/bin/ip rule flush) res=0
03-11 16:14:43.184 V/NatController(  178): runCmd(/system/bin/ip -6 rule flush) res=0
03-11 16:14:43.194 V/NatController(  178): runCmd(/system/bin/ip rule add from all lookup default prio 32767) res=0
03-11 16:14:43.194 V/NatController(  178): runCmd(/system/bin/ip rule add from all lookup main prio 32766) res=0
03-11 16:14:43.194 V/NatController(  178): runCmd(/system/bin/ip -6 rule add from all lookup default prio 32767) res=0
03-11 16:14:43.194 V/NatController(  178): runCmd(/system/bin/ip -6 rule add from all lookup main prio 32766) res=0
03-11 16:14:43.204 V/NatController(  178): runCmd(/system/bin/ip route flush cache) res=0
03-11 16:14:43.204 V/NatController(  178): runCmd(/system/bin/iptables -F natctrl_tether_counters) res=1
03-11 16:14:43.204 V/NatController(  178): runCmd(/system/bin/iptables -X natctrl_tether_counters) res=1
03-11 16:14:43.214 V/NatController(  178): runCmd(/system/bin/iptables -N natctrl_tether_counters) res=0
03-11 16:14:43.254 D/libEGL  (  500): loaded /vendor/lib/egl/libEGL_adreno.so
03-11 16:14:43.254 D/libEGL  (  500): loaded /vendor/lib/egl/libGLESv1_CM_adreno.so
03-11 16:14:43.254 D/libEGL  (  500): loaded /vendor/lib/egl/libGLESv2_adreno.so
03-11 16:14:43.254 I/Adreno-EGL(  500): <qeglDrvAPI_eglInitialize:320>: EGL 1.4 QUALCOMM Build: I0404c4692afb8623f95c43aeb6d5e13ed4b30ddbDate: 11/06/13
03-11 16:14:43.424 D/AndroidRuntime(  182): 
03-11 16:14:43.424 D/AndroidRuntime(  182): >>>>>> AndroidRuntime START com.android.internal.os.ZygoteInit <<<<<<
03-11 16:14:43.454 D/MDnsDS  (  178): MDnsSdListener::Hander starting up
03-11 16:14:43.454 D/MDnsDS  (  178): MDnsSdListener starting to monitor
03-11 16:14:43.454 D/MDnsDS  (  178): Going to poll with pollCount 1
03-11 16:14:43.494 D/AndroidRuntime(  182): CheckJNI is OFF
03-11 16:14:43.494 I/art     (  182): option[0]=-Xzygote
03-11 16:14:43.494 I/art     (  182): option[1]=exit
03-11 16:14:43.494 I/art     (  182): option[2]=vfprintf
03-11 16:14:43.494 I/art     (  182): option[3]=sensitiveThread
03-11 16:14:43.494 I/art     (  182): option[4]=-verbose:gc
03-11 16:14:43.494 I/art     (  182): option[5]=-Xms8m
03-11 16:14:43.494 I/art     (  182): option[6]=-Xmx512m
03-11 16:14:43.494 I/art     (  182): option[7]=-XX:mainThreadStackSize=24K
03-11 16:14:43.494 E/art     (  182): Unrecognized option -XX:mainThreadStackSize=24K
03-11 16:14:43.494 I/art     (  182): option[8]=-XX:HeapGrowthLimit=192m
03-11 16:14:43.494 I/art     (  182): option[9]=-XX:HeapMinFree=512k
03-11 16:14:43.494 I/art     (  182): option[10]=-XX:HeapMaxFree=8m
03-11 16:14:43.494 I/art     (  182): option[11]=-XX:HeapTargetUtilization=0.75
03-11 16:14:43.494 I/art     (  182): option[12]=-Xgenregmap
03-11 16:14:43.494 I/art     (  182): option[13]=-Xgc:precise
03-11 16:14:43.494 W/art     (  182): Ignoring unknown -Xgc option: precise
03-11 16:14:43.494 I/art     (  182): option[14]=-agentlib:jdwp=transport=dt_android_adb,suspend=n,server=y
03-11 16:14:43.494 I/art     (  182): option[15]=-Xstacktracefile:/data/anr/traces.txt
03-11 16:14:43.494 I/art     (  182): option[16]=-Duser.language=en
03-11 16:14:43.494 I/art     (  182): option[17]=-Duser.region=US
03-11 16:14:43.494 I/art     (  182): option[18]=-Djava.io.tmpdir=/sdcard
03-11 16:14:43.674 D/qdutils (  181): DEBUG_CALC_FPS: 0
03-11 16:14:43.674 D/qdutils (  181): period: 10
03-11 16:14:43.674 D/qdutils (  181): ignorethresh_us: 500000
03-11 16:14:44.064 E/Diag_Lib(  194):  Diag_LSM_Init: Failed to open handle to diag driver, error = 2
03-11 16:14:44.064 E/Diag_Lib(  198):  Diag_LSM_Init: Failed to open handle to diag driver, error = 2
03-11 16:14:44.064 E/QC-time-services(  198): Daemon:genoff_modem_qmi_init: qmi_client_get_service_list returned -2num_services 0
03-11 16:14:44.064 I/rmt_storage(  177): rmt_storage_connect_cb: clnt_h=0x1 conn_h=0xb87e3d90
03-11 16:14:44.064 I/rmt_storage(  177): rmt_storage_open_cb: /boot/modem_fs1: clnt_h=0x1: req_h=0x1 msg_id=1: Client found
03-11 16:14:44.064 I/rmt_storage(  177): rmt_storage_open_cb: /boot/modem_fs1: clnt_h=0x1: req_h=0x1 msg_id=1: Send response: res=0 err=0
03-11 16:14:44.064 I/rmt_storage(  177): rmt_storage_client_thread: /boot/modem_fs1: clnt_h=0x1 Worker thread started
03-11 16:14:44.064 I/rmt_storage(  177): wake lock name: rmt_storage_-1199685936, name creation success: 23
03-11 16:14:44.064 I/rmt_storage(  177): rmt_storage_connect_cb: clnt_h=0x2 conn_h=0xb87e3de8
03-11 16:14:44.064 I/rmt_storage(  177): rmt_storage_open_cb: /boot/modem_fs2: clnt_h=0x2: req_h=0x2 msg_id=1: Client found
03-11 16:14:44.064 I/rmt_storage(  177): rmt_storage_open_cb: /boot/modem_fs2: clnt_h=0x2: req_h=0x2 msg_id=1: Send response: res=0 err=0
03-11 16:14:44.064 I/rmt_storage(  177): rmt_storage_client_thread: /boot/modem_fs2: clnt_h=0x2 Worker thread started
03-11 16:14:44.064 I/rmt_storage(  177): wake lock name: rmt_storage_-1199685088, name creation success: 23
03-11 16:14:44.064 I/rmt_storage(  177): rmt_storage_connect_cb: clnt_h=0x3 conn_h=0xb87e3e40
03-11 16:14:44.074 I/rmt_storage(  177): rmt_storage_open_cb: /boot/modem_fsg: clnt_h=0x3: req_h=0x3 msg_id=1: Client found
03-11 16:14:44.074 I/rmt_storage(  177): rmt_storage_open_cb: /boot/modem_fsg: clnt_h=0x3: req_h=0x3 msg_id=1: Send response: res=0 err=0
03-11 16:14:44.074 I/rmt_storage(  177): rmt_storage_connect_cb: clnt_h=0x4 conn_h=0xb87e3e98
03-11 16:14:44.074 I/rmt_storage(  177): rmt_storage_open_cb: /boot/modem_fsc: clnt_h=0x4: req_h=0x4 msg_id=1: Client found
03-11 16:14:44.074 I/rmt_storage(  177): rmt_storage_open_cb: /boot/modem_fsc: clnt_h=0x4: req_h=0x4 msg_id=1: Send response: res=0 err=0
03-11 16:14:44.074 I/rmt_storage(  177): rmt_storage_client_thread: /boot/modem_fsc: clnt_h=0x4 Worker thread started
03-11 16:14:44.074 I/rmt_storage(  177): wake lock name: rmt_storage_-1199683920, name creation success: 23
03-11 16:14:44.074 I/rmt_storage(  177): rmt_storage_client_thread: /boot/modem_fsg: clnt_h=0x3 Worker thread started
03-11 16:14:44.074 I/rmt_storage(  177): wake lock name: rmt_storage_-1199684504, name creation success: 23
03-11 16:14:44.074 I/rmt_storage(  177): rmt_storage_alloc_buff_cb: /boot/modem_fs1: clnt_h=0x1: req_h=0x5 msg_id=4: Alloc request received: Size: 1572864
03-11 16:14:44.074 I/rmt_storage(  177): rmt_storage_alloc_buff_cb: /boot/modem_fs1: clnt_h=0x1: req_h=0x5 msg_id=4: Send response: res=0 err=0
03-11 16:14:44.074 I/rmt_storage(  177): rmt_storage_rw_iovec_cb: /boot/modem_fs1: clnt_h=0x1: req_h=0x6 msg_id=3: R/W request received
03-11 16:14:44.074 I/rmt_storage(  177): Shared mem address set to 0xb68cd000
03-11 16:14:44.074 I/rmt_storage(  177): wakelock acquired: 1, error no: 2
03-11 16:14:44.074 I/rmt_storage(  177): rmt_storage_client_thread: /boot/modem_fs1: clnt_h=0x1 Unblock worker thread (th_id: -1199685936)
03-11 16:14:44.074 I/rmt_storage(  177): rmt_storage_client_thread: /boot/modem_fs1: clnt_h=0x1: req_h=0x6 msg_id=3: Bytes read = 512
03-11 16:14:44.074 I/rmt_storage(  177): rmt_storage_client_thread: /boot/modem_fs1: clnt_h=0x1: req_h=0x6 msg_id=3: Send response: res=0 err=0
03-11 16:14:44.074 I/rmt_storage(  177): rmt_storage_client_thread: /boot/modem_fs1: clnt_h=0x1 About to block rmt_storage client thread (th_id: -1199685936) wakelock released: 1, error no: 0
03-11 16:14:44.074 I/rmt_storage(  177): 
03-11 16:14:44.074 I/rmt_storage(  177): rmt_storage_rw_iovec_cb: /boot/modem_fs2: clnt_h=0x2: req_h=0x7 msg_id=3: R/W request received
03-11 16:14:44.074 I/rmt_storage(  177): Shared mem address set to 0xb68cd000
03-11 16:14:44.074 I/rmt_storage(  177): wakelock acquired: 1, error no: 2
03-11 16:14:44.074 I/rmt_storage(  177): rmt_storage_client_thread: /boot/modem_fs2: clnt_h=0x2 Unblock worker thread (th_id: -1199685088)
03-11 16:14:44.074 I/rmt_storage(  177): rmt_storage_client_thread: /boot/modem_fs2: clnt_h=0x2: req_h=0x7 msg_id=3: Bytes read = 512
03-11 16:14:44.074 I/rmt_storage(  177): rmt_storage_client_thread: /boot/modem_fs2: clnt_h=0x2: req_h=0x7 msg_id=3: Send response: res=0 err=0
03-11 16:14:44.074 I/rmt_storage(  177): rmt_storage_client_thread: /boot/modem_fs2: clnt_h=0x2 About to block rmt_storage client thread (th_id: -1199685088) wakelock released: 1, error no: 0
03-11 16:14:44.074 I/rmt_storage(  177): 
03-11 16:14:44.074 I/rmt_storage(  177): rmt_storage_rw_iovec_cb: /boot/modem_fs1: clnt_h=0x1: req_h=0x8 msg_id=3: R/W request received
03-11 16:14:44.074 I/rmt_storage(  177): wakelock acquired: 1, error no: 2
03-11 16:14:44.074 I/rmt_storage(  177): rmt_storage_client_thread: /boot/modem_fs1: clnt_h=0x1 Unblock worker thread (th_id: -1199685936)
03-11 16:14:44.094 I/rmt_storage(  177): rmt_storage_client_thread: /boot/modem_fs1: clnt_h=0x1: req_h=0x8 msg_id=3: Bytes read = 1571840
03-11 16:14:44.094 I/rmt_storage(  177): rmt_storage_client_thread: /boot/modem_fs1: clnt_h=0x1: req_h=0x8 msg_id=3: Send response: res=0 err=0
03-11 16:14:44.094 I/rmt_storage(  177): rmt_storage_client_thread: /boot/modem_fs1: clnt_h=0x1 About to block rmt_storage client thread (th_id: -1199685936) wakelock released: 1, error no: 0
03-11 16:14:44.094 I/rmt_storage(  177): 
03-11 16:14:44.134 W/art     (  182): JNI RegisterNativeMethods: attempt to register 0 native methods for android.content.res.Configuration
03-11 16:14:44.144 I/SamplingProfilerIntegration(  182): Profiling disabled.
03-11 16:14:44.174 I/Zygote  (  182): Preloading classes...
03-11 16:14:44.204 E/Diag_Lib(  191):  Diag_LSM_Init: Failed to open handle to diag driver, error = 2
03-11 16:14:44.464 D/TextLayoutCache(  182): Using debug level = 0 - Debug Enabled = 0
03-11 16:14:44.484 I/rmt_storage(  177): rmt_storage_connect_cb: clnt_h=0x5 conn_h=0xb87e4160
03-11 16:14:44.484 I/rmt_storage(  177): rmt_storage_rw_iovec_cb: /boot/modem_fs2: clnt_h=0x2: req_h=0x9 msg_id=3: R/W request received
03-11 16:14:44.484 I/rmt_storage(  177): wakelock acquired: 1, error no: 2
03-11 16:14:44.484 I/rmt_storage(  177): rmt_storage_client_thread: /boot/modem_fs2: clnt_h=0x2 Unblock worker thread (th_id: -1199685088)
03-11 16:14:44.504 I/art     (  182): Thread[1,tid=182,WaitingForJniOnLoad,Thread*=0x41e26928,peer=0x6461dac8,"main"] recursive attempt to load library "/system/lib/libmedia_jni.so"
03-11 16:14:44.504 D/MtpDeviceJNI(  182): register_android_mtp_MtpDevice
03-11 16:14:44.504 I/art     (  182): Thread[1,tid=182,WaitingForJniOnLoad,Thread*=0x41e26928,peer=0x6461dac8,"main"] recursive attempt to load library "/system/lib/libmedia_jni.so"
03-11 16:14:44.504 I/art     (  182): Thread[1,tid=182,WaitingForJniOnLoad,Thread*=0x41e26928,peer=0x6461dac8,"main"] recursive attempt to load library "/system/lib/libmedia_jni.so"
