03-11 16:15:03.003 D/CellBroadcastReceiver( 1750): onReceive Intent { act=android.intent.action.BOOT_COMPLETED flg=0x8000010 cmp=com.android.cellbroadcastreceiver/.CellBroadcastReceiver (has extras) }
03-11 16:15:03.003 D/CellBroadcastReceiver( 1750): Registering for ServiceState updates
03-11 16:15:03.003 D/CellBroadcastReceiver( 1750): Service state changed! 0 Full: 0 0 home Saunalahti Saunalahti 24405  UMTS UMTS CSS not supported -1 -1 RoamInd=-1 DefRoamInd=-1 EmergOnly=false
03-11 16:15:03.033 I/art     ( 1538): Heap trim of managed (duration=5.720104ms, advised=4KB) and native (duration=1.073594ms, advised=264KB) heaps. Managed heap utilization of 72%.
03-11 16:15:03.033 D/CellBroadcastConfigService( 1750): enabling emergency cell broadcast channels
03-11 16:15:03.033 D/IccSmsInterfaceManager( 1055): [IccSmsInterfaceManager] enableGsmBroadcastRange
03-11 16:15:03.033 I/ActivityManager(  769): Start proc com.google.android.deskclock for broadcast com.google.android.deskclock/com.android.deskclock.AlarmInitReceiver: pid=1768 uid=10033 gids={50033, 1028}
03-11 16:15:03.043 D/IccSmsInterfaceManager( 1055): [IccSmsInterfaceManager] Calling setGsmBroadcastConfig with 1 configurations
03-11 16:15:03.053 W/art     ( 1768): Failed to find ELF magic in /system/app/DeskClockGoogle.odex: dey
03-11 16:15:03.063 W/art     ( 1538): Before Android 4.1, method void com.facebook.messaging.reflex.SwipableOverlayLayoutAutoReflex.invalidate(boolean) would have incorrectly overridden the package-private method in android.view.View
03-11 16:15:03.063 W/art     ( 1538): Before Android 4.1, method void com.facebook.messaging.reflex.SwipableOverlayLayout.invalidate(boolean) would have incorrectly overridden the package-private method in android.view.View
03-11 16:15:03.073 V/AlarmClock( 1768): AlarmInitReceiver android.intent.action.BOOT_COMPLETED
03-11 16:15:03.093 V/AlarmClock( 1768): AlarmInitReceiver - Reset timers and clear stopwatch data
03-11 16:15:03.113 I/AlarmClock( 1768): Displaying next alarm time: ''
03-11 16:15:03.123 V/AlarmClock( 1768): AlarmInitReceiver finished
03-11 16:15:03.123 I/ActivityManager(  769): Delay finish: com.google.android.deskclock/com.android.deskclock.AlarmInitReceiver
03-11 16:15:03.143 W/GAV2    ( 1374): Thread[GAThread,5,main]: Service unavailable (code=1), will retry.
03-11 16:15:03.143 W/ActivityManager(  769): Unable to start service Intent { act=com.google.android.gms.analytics.service.START cmp=com.google.android.gms/.analytics.service.AnalyticsService (has extras) } U=0: not found
03-11 16:15:03.153 I/GAV2    ( 1374): Thread[GAThread,5,main]: No campaign data found.
03-11 16:15:03.243 E/FbInjectorInitializer( 1538): Multi-binding Key[type=com.facebook.common.init.INeedInit, annotation=[none]] wasn't declared.
03-11 16:15:03.523 W/fb4a(:<default>):BaseAnalyticsConfig( 1538): willEventBeLogged() called before shared prefs were initialized! Defaulting to true.
03-11 16:15:03.523 W/fb4a(:<default>):BaseAnalyticsConfig( 1538): willEventBeLogged() called before shared prefs were initialized! Defaulting to true.
03-11 16:15:03.752 D/IccSmsInterfaceManager( 1055): [IccSmsInterfaceManager] Added cell broadcast subscription for MID range 4352 to 4354 from client com.android.cellbroadcastreceiver
03-11 16:15:03.752 D/IccSmsInterfaceManager( 1055): [IccSmsInterfaceManager] Calling setCellBroadcastActivation(true)
03-11 16:15:03.752 D/IccSmsInterfaceManager( 1055): [IccSmsInterfaceManager] enableGsmBroadcastRange
03-11 16:15:03.752 D/IccSmsInterfaceManager( 1055): [IccSmsInterfaceManager] Calling setGsmBroadcastConfig with 2 configurations
03-11 16:15:04.013 W/fb4a(:dash_service):UserScope( 1469): Called user scoped provider with no viewer. ViewerContextManager was created with no ViewerContext. Using EmptyViewerContextManager to return fake logged in instance.
03-11 16:15:04.013 W/fb4a(:dash_service):ViewerContextManagerForUserScope( 1469): User no longer logged in. Original uid: 0, viewer context: null, is_logged_in: false. Returning original viewer context.
03-11 16:15:04.033 W/fb4a(:dash_service):UserScope( 1469): Called user scoped provider with no viewer. ViewerContextManager was created with no ViewerContext. Using EmptyViewerContextManager to return fake logged in instance.
03-11 16:15:04.053 I/ActivityManager(  769): Resuming delayed broadcast
03-11 16:15:04.073 I/ActivityManager(  769): Start proc com.google.android.email for broadcast com.google.android.email/com.android.email.service.EmailBroadcastReceiver: pid=1803 uid=10036 gids={50036, 3003, 1028, 1015}
03-11 16:15:04.093 W/art     ( 1803): Failed to find ELF magic in /system/app/EmailGoogle.odex: dey
03-11 16:15:04.133 W/fb4a(:<default>):UserScope( 1538): Called user scoped provider with no viewer. ViewerContextManager was created with no ViewerContext. Using EmptyViewerContextManager to return fake logged in instance.
03-11 16:15:04.133 W/fb4a(:<default>):ViewerContextManagerForUserScope( 1538): User no longer logged in. Original uid: 0, viewer context: null, is_logged_in: false. Returning original viewer context.
03-11 16:15:04.133 W/fb4a(:<default>):UserScope( 1538): Called user scoped provider with no viewer. ViewerContextManager was created with no ViewerContext. Using EmptyViewerContextManager to return fake logged in instance.
03-11 16:15:04.303 D/ActivityThread( 1803): Loading provider com.google.android.email.provider;com.google.android.email.notifier: com.android.email.provider.EmailProvider
03-11 16:15:04.353 D/ActivityThread( 1803): Loading provider com.google.android.email.provider;com.google.android.email.notifier: com.android.email.provider.EmailProvider
03-11 16:15:04.363 I/ActivityManager(  769): Delay finish: com.google.android.email/com.android.email.service.EmailBroadcastReceiver
03-11 16:15:04.493 I/Email   ( 1803): Observing account changes for notifications
03-11 16:15:04.493 W/ActivityManager(  769): Unable to start service Intent { cmp=com.google.android.email/com.android.email.service.AttachmentDownloadService } U=0: not found
03-11 16:15:04.493 W/ActivityManager(  769): Unable to start service Intent { cmp=com.google.android.email/com.android.email.service.AttachmentDownloadService } U=0: not found
03-11 16:15:04.493 W/ActivityManager(  769): Unable to start service Intent { cmp=com.google.android.email/com.android.email.service.AttachmentDownloadService } U=0: not found
03-11 16:15:04.513 D/GCoreFlp( 1197): Unknown pending intent to remove.
03-11 16:15:04.533 I/ActivityManager(  769): Delaying start of: ServiceRecord{65cd22e8 u0 com.google.android.exchange/com.android.exchange.service.EmailSyncAdapterService}
03-11 16:15:04.553 I/ActivityManager(  769): Start proc com.google.android.exchange for service com.google.android.exchange/com.android.exchange.service.EmailSyncAdapterService: pid=1866 uid=10037 gids={50037, 3003, 1028, 1015}
03-11 16:15:04.573 W/art     ( 1866): Failed to find ELF magic in /system/app/Exchange2Google.odex: dey
03-11 16:15:04.643 I/ActivityManager(  769): Resuming delayed broadcast
03-11 16:15:04.653 I/ActivityManager(  769): Start proc com.google.android.apps.genie.geniewidget for broadcast com.google.android.apps.genie.geniewidget/.miniwidget.MiniWidgetProvider: pid=1884 uid=10040 gids={50040, 3003, 1028, 1015}
03-11 16:15:04.683 W/art     ( 1884): Failed to find ELF magic in /system/app/GenieWidget.odex: dey
03-11 16:15:04.733 I/System.out( 1884): [INFO:8]: LogSource: Logging disabled
03-11 16:15:04.733 W/Genie   ( 1884): Cache file not found: java.io.FileNotFoundException: /data/data/com.google.android.apps.genie.geniewidget/cache/genie_masfcache: open failed: ENOENT (No such file or directory)
03-11 16:15:04.733 W/Genie   ( 1884): Cache file not found: java.io.FileNotFoundException: /data/data/com.google.android.apps.genie.geniewidget/cache/genie_iconcache: open failed: ENOENT (No such file or directory)
03-11 16:15:04.733 I/Genie   ( 1884): MiniWidgetModel()
03-11 16:15:04.773 V/Genie   ( 1884): onReceive: intent action=android.intent.action.BOOT_COMPLETED
03-11 16:15:04.773 I/Genie   ( 1884): ignoring BOOT_COMPLETE since app has never been started
03-11 16:15:04.773 I/ActivityManager(  769): Killing 1037:android.process.acore/u0a3 (adj 15): empty #17
03-11 16:15:04.783 I/ActivityManager(  769): Delay finish: com.google.android.syncadapters.contacts/.ContactsSyncAdapterBroadcastReceiver
03-11 16:15:04.813 I/ActivityManager(  769): Start proc android.process.acore for content provider com.android.providers.contacts/.ContactsProvider2: pid=1911 uid=10003 gids={50003, 3003, 1028, 1015}
03-11 16:15:04.833 W/art     ( 1911): Failed to find ELF magic in /system/priv-app/ContactsProvider.odex: dey
03-11 16:15:04.853 W/art     ( 1911): Failed to find ELF magic in /system/app/UserDictionaryProvider.odex: dey
03-11 16:15:04.983 I/ContactLocale( 1911): AddressBook Labels [en_US]: [, A, B, C, D, E, F, G, H, I, J, K, L, M, N, O, P, Q, R, S, T, U, V, W, X, Y, Z, , , , , , , , , , , , , , , , , , , , , , , , , , , , , , , , , , , , , , , , , , , , , , , , , , , , , , , , , , , , , , , , , , , , , , , , , , , , , , , , , , , , , , , , , , , , , , , , , , , , , , , , , , , , , , , , , , , , , , , , , , , , , , , , , , , , , , , , , , , , , , , , , , , , , , , , , , , , , , , , , , , , , , , , , , , , , , , , , , , , , , #, ]
03-11 16:15:05.033 I/LauncherIconVisibilityManager(  985): Boot has been completed
03-11 16:15:05.033 I/LauncherIconVisibilityManager(  985): Activity has already been disabled: ComponentInfo{com.google.android.inputmethod.latin/com.android.inputmethod.latin.setup.SetupActivity}
03-11 16:15:05.033 I/ActivityManager(  769): Resuming delayed broadcast
03-11 16:15:05.033 I/ActivityManager(  769): Killing 1374:com.google.android.apps.magazines/u0a56 (adj 15): empty #17
03-11 16:15:05.073 W/art     (  182): Could not get current activity
03-11 16:15:05.073 I/ActivityManager(  769): Start proc com.lge.SprintHiddenMenu for broadcast com.lge.SprintHiddenMenu/.sprintspec.data.UaproflieSettingReceiver: pid=1933 uid=1000 gids={41000, 1028, 1015, 3002, 3001, 3003}
03-11 16:15:05.093 W/art     ( 1933): Failed to find ELF magic in /system/framework/qcrilhook.odex: dey
03-11 16:15:05.103 W/art     ( 1055): Failed to find ELF magic in /system/app/Stk.odex: dey
03-11 16:15:05.103 I/ActivityManager(  769): Killing 1353:com.android.settings/1000 (adj 15): empty #17
03-11 16:15:05.123 I/ActivityManager(  769): Start proc com.qualcomm.qcrilmsgtunnel for broadcast com.qualcomm.qcrilmsgtunnel/.QcrilMsgTunnelAutoboot: pid=1951 uid=1001 gids={41001, 3002, 3001, 3003, 2001, 1028, 1015}
03-11 16:15:05.143 W/art     ( 1951): Failed to find ELF magic in /system/app/qcrilmsgtunnel.odex: dey
03-11 16:15:05.153 D/QcrilMsgTunnelAutoboot( 1951): ComponentInfo{com.qualcomm.qcrilmsgtunnel/com.qualcomm.qcrilmsgtunnel.QcrilMsgTunnelService} started successfully
03-11 16:15:05.153 D/QcrilMsgTunnelService( 1951): onCreate method
03-11 16:15:05.153 D/QcrilMsgTunnelIfaceManager( 1951): : Instantiated
03-11 16:15:05.153 V/QcrilMsgTunnelSocket( 1951): Starting QcRilReceiver
03-11 16:15:05.153 D/QcrilMsgTunnelIfaceManager( 1951):  Registered for UNSOL OEM HOOK Responses to deliver external apps
03-11 16:15:05.153 D/QcrilMsgTunnelSocket( 1951): Connecting to socket android.net.LocalSocket@6552ed28 impl:android.net.LocalSocketImpl@6552ed50 fd:FileDescriptor[28]
03-11 16:15:05.153 I/QcrilMsgTunnelSocket( 1951): Connected to 'qmux_radio/rild_oem0' socket
03-11 16:15:05.153 V/QcrilMsgTunnelSocket( 1951): Before reading offset = 0 remaining = 4 countRead = 0
03-11 16:15:05.153 I/ActivityManager(  769): Delay finish: com.qualcomm.qcrilmsgtunnel/.QcrilMsgTunnelAutoboot
03-11 16:15:05.523 D/IccSmsInterfaceManager( 1055): [IccSmsInterfaceManager] Added cell broadcast subscription for MID range 4356 to 4356 from client com.android.cellbroadcastreceiver
03-11 16:15:05.523 D/IccSmsInterfaceManager( 1055): [IccSmsInterfaceManager] Calling setCellBroadcastActivation(true)
03-11 16:15:05.532 D/IccSmsInterfaceManager( 1055): [IccSmsInterfaceManager] enableGsmBroadcastRange
03-11 16:15:05.532 D/IccSmsInterfaceManager( 1055): [IccSmsInterfaceManager] Calling setGsmBroadcastConfig with 3 configurations
03-11 16:15:05.582 V/QcrilMsgTunnelSocket( 1951): After reading offset = 0 remaining = 4 countRead = 4
03-11 16:15:05.582 D/QcrilMsgTunnelSocket( 1951): messageLength extracted from first 4 inputStream reads = 29
03-11 16:15:05.582 V/QcrilMsgTunnelSocket( 1951): offset = 0 remaining = 29 countRead = 0
03-11 16:15:05.582 V/QcrilMsgTunnelSocket( 1951): offset = 0 remaining = 29 countRead = 29
03-11 16:15:05.582 D/QcrilMsgTunnelSocket( 1951): readRilMessage: Buffer = [B@6552ca98 HexData = [0100000004040000110000005155414c434f4d4def0308000100000002]
03-11 16:15:05.582 V/QcrilMsgTunnelSocket( 1951): Read packet: 29 bytes. Data Available = 32 Position = 0
03-11 16:15:05.582 D/QcrilMsgTunnelSocket( 1951): processResponse. message type = 1. Data Available = 28
03-11 16:15:05.582 D/QcrilMsgTunnelSocket( 1951): ByteArray from parcel = 5155414c434f4d4def0308000100000002
03-11 16:15:05.582 D/QcrilMsgTunnelSocket( 1951): Received RIL_UNSOL_OEM_HOOK_RAW message
03-11 16:15:05.582 D/QcrilMsgTunnelSocket( 1951): Oem ID in RIL_UNSOL_OEM_HOOK_RAW is QUALCOMM
03-11 16:15:05.582 D/QcrilMsgTunnelSocket( 1951): OEM ID check Passed
03-11 16:15:05.582 D/QcrilMsgTunnelSocket( 1951): Response ID in RIL_UNSOL_OEM_HOOK_RAW is 525295
03-11 16:15:05.582 D/QcrilMsgTunnelSocket( 1951): Response ID 525295is not served in this process.
03-11 16:15:05.582 D/QcrilMsgTunnelSocket( 1951): To broadcast an Intent via the notifier to external apps
03-11 16:15:05.593 V/QcrilMsgTunnelSocket( 1951): Before reading offset = 0 remaining = 4 countRead = 0
03-11 16:15:05.593 D/QcrilMsgTunnelIfaceManager( 1951): handleMessage what=0
03-11 16:15:05.593 D/QcrilMsgTunnelIfaceManager( 1951): Broadcasting intent ACTION_UNSOL_RESPONSE_OEM_HOOK_RAW
03-11 16:15:05.762 W/fb4a(:<default>):UserScope( 1538): Called user scoped provider with no viewer. ViewerContextManager was created with no ViewerContext. Using EmptyViewerContextManager to return fake logged in instance.
03-11 16:15:05.762 W/fb4a(:<default>):UserScope( 1538): Called user scoped provider with no viewer. ViewerContextManager was created with no ViewerContext. Using EmptyViewerContextManager to return fake logged in instance.
03-11 16:15:05.922 D/MobileDataStateTracker(  769): default: Broadcast received: android.intent.action.ANY_DATA_STATE apnType=default
03-11 16:15:05.932 D/MobileDataStateTracker(  769): default: Received state=CONNECTING, old=CONNECTING, reason=(unspecified)
03-11 16:15:05.962 E/fb4a(:<default>):LocalFbBroadcastManager( 1538): Called registerBroadcastReceiver twice.
03-11 16:15:06.722 D/MobileDataStateTracker(  769): default: Broadcast received: android.intent.action.ANY_DATA_STATE apnType=default
03-11 16:15:06.722 D/MobileDataStateTracker(  769): default: Received state=CONNECTED, old=CONNECTING, reason=connected
03-11 16:15:06.722 D/MobileDataStateTracker(  769): default: setDetailed state, old =CONNECTING and new state=CONNECTED
03-11 16:15:06.722 D/ConnectivityService(  769): ConnectivityChange for mobile: CONNECTED/CONNECTED
03-11 16:15:06.722 D/ConnectivityService(  769): ConnectivityChange checkMobileProvisioning for TYPE_MOBILE or ProvisioningNetwork
03-11 16:15:06.722 D/ConnectivityService(  769): checkMobileProvisioning: E suggestedTimeOutMs=60000
03-11 16:15:06.722 D/ConnectivityService(  769): setProvNotificationVisible: E visible=false networkType=5 extraInfo=null url=null
03-11 16:15:06.732 D/ConnectivityService(  769): checkMobileProvisioning: params={ url=http://clients3.google.com/generate_204 mTimeOutMs=60000 mCb=com.android.server.ConnectivityService$5@65ca8368}
03-11 16:15:06.732 D/ConnectivityService(  769): checkMobileProvisioning: X
03-11 16:15:06.742 D/MobileDataStateTracker(  769): default: isProvisioningNetwork: retVal=false
03-11 16:15:06.742 D/ConnectivityService(  769): [CheckMp] isMobileOk: isDefaultProvisioning=false
03-11 16:15:06.742 D/MobileDataStateTracker(  769): hipri: isProvisioningNetwork: retVal=false
03-11 16:15:06.742 D/ConnectivityService(  769): [CheckMp] isMobileOk: isHipriProvisioning=false
03-11 16:15:06.742 D/ConnectivityService(  769): [CheckMp] isMobileOk: start hipri url=http://clients3.google.com/generate_204
03-11 16:15:06.742 D/Nat464Xlat(  769): requiresClat: netType=0, hasIPv4Address=true
03-11 16:15:06.742 D/ConnectivityService(  769): startUsingNetworkFeature reconnecting to 0: enableHIPRI
03-11 16:15:06.752 D/MobileDataStateTracker(  769): hipri: Broadcast received: android.intent.action.ANY_DATA_STATE apnType=hipri
03-11 16:15:06.752 D/MobileDataStateTracker(  769): hipri: Received state=CONNECTING, old=DISCONNECTED, reason=dataEnabled
03-11 16:15:06.752 D/MobileDataStateTracker(  769): hipri: setDetailed state, old =IDLE and new state=CONNECTING
03-11 16:15:06.752 D/MobileDataStateTracker(  769): fota: Broadcast received: android.intent.action.ANY_DATA_STATE apnType=fota
03-11 16:15:06.752 D/ConnectivityService(  769): startUsingNetworkFeature X: return APN_REQUEST_STARTED
03-11 16:15:06.752 D/ConnectivityService(  769): [CheckMp] isMobileOk: hipri started
03-11 16:15:06.752 D/MobileDataStateTracker(  769): fota: Received state=DISCONNECTED, old=DISCONNECTED, reason=dataEnabled
03-11 16:15:06.752 D/MobileDataStateTracker(  769): dun: Broadcast received: android.intent.action.ANY_DATA_STATE apnType=dun
03-11 16:15:06.762 D/MobileDataStateTracker(  769): dun: Received state=DISCONNECTED, old=DISCONNECTED, reason=dataEnabled
03-11 16:15:06.762 D/MobileDataStateTracker(  769): ia: Broadcast received: android.intent.action.ANY_DATA_STATE apnType=ia
03-11 16:15:06.762 D/MobileDataStateTracker(  769): ia: Received state=DISCONNECTED, old=DISCONNECTED, reason=dataEnabled
03-11 16:15:06.762 D/ConnectivityService(  769): [CheckMp] isMobileOk: not connected ni=NetworkInfo: type: mobile_hipri[HSPA+], state: DISCONNECTED/IDLE, reason: (unspecified), extra: (none), roaming: false, failover: false, isAvailable: true, isConnectedToProvisioningNetwork: false
03-11 16:15:06.762 D/MobileDataStateTracker(  769): supl: Broadcast received: android.intent.action.ANY_DATA_STATE apnType=supl
03-11 16:15:06.762 D/MobileDataStateTracker(  769): supl: Received state=DISCONNECTED, old=DISCONNECTED, reason=dataEnabled
03-11 16:15:06.762 D/MobileDataStateTracker(  769): ims: Broadcast received: android.intent.action.ANY_DATA_STATE apnType=ims
03-11 16:15:06.762 D/MobileDataStateTracker(  769): ims: Received state=DISCONNECTED, old=DISCONNECTED, reason=dataEnabled
03-11 16:15:06.762 D/MobileDataStateTracker(  769): mms: Broadcast received: android.intent.action.ANY_DATA_STATE apnType=mms
03-11 16:15:06.762 D/MobileDataStateTracker(  769): mms: Received state=DISCONNECTED, old=DISCONNECTED, reason=dataEnabled
03-11 16:15:06.762 D/MobileDataStateTracker(  769): cbs: Broadcast received: android.intent.action.ANY_DATA_STATE apnType=cbs
03-11 16:15:06.762 D/MobileDataStateTracker(  769): cbs: Received state=DISCONNECTED, old=DISCONNECTED, reason=dataEnabled
03-11 16:15:06.762 D/MobileDataStateTracker(  769): hipri: Broadcast received: android.intent.action.ANY_DATA_STATE apnType=hipri
03-11 16:15:06.762 D/MobileDataStateTracker(  769): hipri: Received state=CONNECTED, old=CONNECTING, reason=dataEnabled
03-11 16:15:06.772 D/MobileDataStateTracker(  769): hipri: setDetailed state, old =IDLE and new state=CONNECTED
03-11 16:15:06.772 D/ConnectivityService(  769): ConnectivityChange for mobile_hipri: CONNECTED/CONNECTED
03-11 16:15:06.842 D/Nat464Xlat(  769): requiresClat: netType=5, hasIPv4Address=true
03-11 16:15:06.852 D/MobileDataStateTracker(  769): default: setPolicyDataEnable(enabled=true)
03-11 16:15:06.852 W/NetworkPolicy(  769): shared quota unsupported; generating rule for each iface
03-11 16:15:07.062 D/MobileDataStateTracker(  769): default: setPolicyDataEnable(enabled=true)
03-11 16:15:07.062 D/MobileDataStateTracker(  769): default: setPolicyDataEnable(enabled=true)
03-11 16:15:07.062 W/NetworkPolicy(  769): shared quota unsupported; generating rule for each iface
03-11 16:15:07.312 D/MobileDataStateTracker(  769): default: setPolicyDataEnable(enabled=true)
03-11 16:15:07.472 D/IccSmsInterfaceManager( 1055): [IccSmsInterfaceManager] Added cell broadcast subscription for MID range 4371 to 4372 from client com.android.cellbroadcastreceiver
03-11 16:15:07.472 D/IccSmsInterfaceManager( 1055): [IccSmsInterfaceManager] Calling setCellBroadcastActivation(true)
03-11 16:15:07.472 D/IccSmsInterfaceManager( 1055): [IccSmsInterfaceManager] enableGsmBroadcastRange
03-11 16:15:07.472 D/IccSmsInterfaceManager( 1055): [IccSmsInterfaceManager] Calling setGsmBroadcastConfig with 4 configurations
03-11 16:15:07.762 D/MobileDataStateTracker(  769): hipri: isProvisioningNetwork: retVal=false
03-11 16:15:07.762 D/ConnectivityService(  769): [CheckMp] isMobileOk: isProvisioningNetwork is false, continue
03-11 16:15:07.812 D/ConnectivityService(  769): [CheckMp] isMobileOk: addresses=clients3.google.com/193.229.108.165,clients3.google.com/193.229.108.166,clients3.google.com/193.229.108.148,clients3.google.com/193.229.108.176,clients3.google.com/193.229.108.174,clients3.google.com/193.229.108.155,clients3.google.com/193.229.108.170,clients3.google.com/193.229.108.163,clients3.google.com/193.229.108.144,clients3.google.com/193.229.108.181,clients3.google.com/193.229.108.159,clients3.google.com/193.229.108.185,clients3.google.com/193.229.108.152,clients3.google.com/193.229.108.154,clients3.google.com/193.229.108.187,clients3.google.com/193.229.108.177
03-11 16:15:07.812 D/ConnectivityService(  769): [CheckMp] isMobileOk: linkHasIpv4=true linkHasIpv6=false
03-11 16:15:07.862 D/ConnectivityService(  769): requestRouteToHostAddress ok=true
03-11 16:15:07.862 D/ConnectivityService(  769): [CheckMp] isMobileOk: wait to establish route to hostAddr=clients3.google.com/193.229.108.174
03-11 16:15:09.552 D/IccSmsInterfaceManager( 1055): [IccSmsInterfaceManager] Added cell broadcast subscription for MID range 4373 to 4378 from client com.android.cellbroadcastreceiver
03-11 16:15:09.552 D/IccSmsInterfaceManager( 1055): [IccSmsInterfaceManager] Calling setCellBroadcastActivation(true)
03-11 16:15:09.562 D/IccSmsInterfaceManager( 1055): [IccSmsInterfaceManager] enableGsmBroadcastRange
03-11 16:15:09.562 D/IccSmsInterfaceManager( 1055): [IccSmsInterfaceManager] Calling setGsmBroadcastConfig with 4 configurations
03-11 16:15:09.752 D/Tethering(  769): MasterInitialState.processMessage what=3
03-11 16:15:09.762 D/CaptivePortalTracker(  769): NoActiveNetworkState{ when=-15ms what=1 obj=NetworkInfo: type: mobile[HSPA+], state: CONNECTED/CONNECTED, reason: connected, extra: internet.saunalahti, roaming: false, failover: false, isAvailable: true, isConnectedToProvisioningNetwork: false target=com.android.internal.util.StateMachine$SmHandler }
03-11 16:15:09.762 D/CaptivePortalTracker(  769): NoActiveNetworkState not a wifi connectivity change, ignore
03-11 16:15:09.832 D/GpsLocationProvider(  769): NTP server returned: 1394547307094 (Tue Mar 11 16:15:07 EET 2014) reference: 28673 certainty: 30 system time offset: -2751
03-11 16:15:09.842 D/Tethering(  769): MasterInitialState.processMessage what=3
03-11 16:15:09.842 D/CaptivePortalTracker(  769): NoActiveNetworkState{ when=0 what=1 obj=NetworkInfo: type: mobile_hipri[HSPA+], state: CONNECTED/CONNECTED, reason: dataEnabled, extra: internet.saunalahti, roaming: false, failover: false, isAvailable: true, isConnectedToProvisioningNetwork: false target=com.android.internal.util.StateMachine$SmHandler }
03-11 16:15:09.842 D/CaptivePortalTracker(  769): NoActiveNetworkState not a wifi connectivity change, ignore
03-11 16:15:10.402 D/IccSmsInterfaceManager( 1055): [IccSmsInterfaceManager] Added cell broadcast subscription for MID range 4379 to 4379 from client com.android.cellbroadcastreceiver
03-11 16:15:10.402 D/IccSmsInterfaceManager( 1055): [IccSmsInterfaceManager] Calling setCellBroadcastActivation(true)
03-11 16:15:10.402 D/IccSmsInterfaceManager( 1055): [IccSmsInterfaceManager] enableGsmBroadcastRange
03-11 16:15:10.402 D/IccSmsInterfaceManager( 1055): [IccSmsInterfaceManager] Calling setGsmBroadcastConfig with 4 configurations
03-11 16:15:10.872 D/ConnectivityService(  769): [CheckMp] isMobileOk: newUrl=https://193.229.108.174/generate_204
03-11 16:15:10.872 W/ActivityThread(  769): ClassLoader.loadClass: The class loader returned by Thread.getContextClassLoader() may fail for processes that host multiple applications. You should explicitly specify a context class loader. For example: Thread.setContextClassLoader(getClass().getClassLoader());
03-11 16:15:11.212 D/IccSmsInterfaceManager( 1055): [IccSmsInterfaceManager] Added cell broadcast subscription for MID range 4370 to 4370 from client com.android.cellbroadcastreceiver
03-11 16:15:11.212 D/IccSmsInterfaceManager( 1055): [IccSmsInterfaceManager] Calling setCellBroadcastActivation(true)
03-11 16:15:11.212 D/CellBroadcastConfigService( 1750): enabled emergency cell broadcast channels
03-11 16:15:11.212 D/CellBroadcastConfigService( 1750): disabling cell broadcast channel 50
03-11 16:15:11.212 D/IccSmsInterfaceManager( 1055): [IccSmsInterfaceManager] disableGsmBroadcastRange
03-11 16:15:11.212 D/IccSmsInterfaceManager( 1055): [IccSmsInterfaceManager] Failed to remove cell broadcast subscription for MID range 50 to 50 from client com.android.cellbroadcastreceiver
03-11 16:15:11.212 D/CellBroadcastConfigService( 1750): disabling channels 919-928
03-11 16:15:11.212 D/IccSmsInterfaceManager( 1055): [IccSmsInterfaceManager] disableGsmBroadcastRange
03-11 16:15:11.212 D/IccSmsInterfaceManager( 1055): [IccSmsInterfaceManager] Failed to remove cell broadcast subscription for MID range 919 to 928 from client com.android.cellbroadcastreceiver
03-11 16:15:11.212 D/CellBroadcastConfigService( 1750): disabling cell broadcast ETWS test messages
03-11 16:15:11.212 D/IccSmsInterfaceManager( 1055): [IccSmsInterfaceManager] disableGsmBroadcastRange
03-11 16:15:11.212 D/IccSmsInterfaceManager( 1055): [IccSmsInterfaceManager] Failed to remove cell broadcast subscription for MID range 4355 to 4355 from client com.android.cellbroadcastreceiver
03-11 16:15:11.212 D/CellBroadcastConfigService( 1750): disabling cell broadcast CMAS test messages
03-11 16:15:11.212 D/IccSmsInterfaceManager( 1055): [IccSmsInterfaceManager] disableGsmBroadcastRange
03-11 16:15:11.212 D/IccSmsInterfaceManager( 1055): [IccSmsInterfaceManager] Failed to remove cell broadcast subscription for MID range 4380 to 4382 from client com.android.cellbroadcastreceiver
03-11 16:15:11.212 I/ActivityManager(  769): Resuming delayed broadcast
03-11 16:15:11.222 I/ActivityManager(  769): Killing 1424:com.google.android.keep/u0a52 (adj 15): empty #17
03-11 16:15:11.242 D/GCM     ( 1240): GcmService start Intent { act=android.intent.action.BOOT_COMPLETED flg=0x8000010 cmp=com.google.android.gms/.gcm.GcmService (has extras) } android.intent.action.BOOT_COMPLETED
03-11 16:15:11.252 W/art     (  182): Could not get current activity
03-11 16:15:11.262 I/ActivityManager(  769): Start proc com.google.android.gms.ui for service com.google.android.gms/.auth.authzen.GcmReceiverService: pid=2100 uid=10007 gids={50007, 3003, 1007, 3002, 3001, 1028, 1015, 3007, 2001, 3006}
03-11 16:15:11.302 I/GCoreUlr( 1017): Starting service, intent=Intent { cmp=com.google.android.gms/com.google.android.location.reporting.service.DispatchingService (has extras) }, extras=Bundle[{intentType=2, receiverAction=android.intent.action.BOOT_COMPLETED}]
03-11 16:15:11.312 I/GCoreUlr( 1197): WorldUpdater received intent Intent { cmp=com.google.android.gms/com.google.android.location.reporting.service.DispatchingService (has extras) } with receiverAction android.intent.action.BOOT_COMPLETED, forceUpdate false
03-11 16:15:11.312 W/art     ( 2100): Failed to find ELF magic in /system/framework/com.android.location.provider.odex: dey
03-11 16:15:11.312 W/art     ( 2100): Failed to find ELF magic in /system/framework/com.android.media.remotedisplay.odex: dey
03-11 16:15:11.322 I/MultiDex( 2100): load(/data/app/com.google.android.gms-1.apk, forceReload=false)
03-11 16:15:11.332 I/ActivityManager(  769): Start proc com.google.android.keep for broadcast com.google.android.keep/.syncadapter.RefreshSyncReceiver: pid=2138 uid=10052 gids={50052, 3003, 1028, 1015}
03-11 16:15:11.342 I/MultiDex( 2100): Need extracted file /data/data/com.google.android.gms/files/secondary-dexes/com.google.android.gms-1.apk.classes2.zip
03-11 16:15:11.342 I/MultiDex( 2100): No extraction needed for /data/data/com.google.android.gms/files/secondary-dexes/com.google.android.gms-1.apk.classes2.zip of size 1430457
03-11 16:15:11.352 V/AuthZen ( 2100): Received a GCM message.
03-11 16:15:11.352 V/AuthZen ( 2100): [DefaultAuthzenGcmReceiverDelegateService] Received an Authzen GCM message.
03-11 16:15:11.392 I/GCoreUlr( 1197): Ensuring that reporting is stopped because of reasons: {account#-17#=[InactiveReason{mVersionCode=0, mIdentifier=6, mName='ReportingNotSelected'}]}
03-11 16:15:11.392 D/GCoreFlp( 1197): Unknown pending intent to remove.
03-11 16:15:11.402 I/GCoreUlr( 1197): Unbound from all location providers
03-11 16:15:11.412 I/AuthZen ( 2100): Fetching signing key...
03-11 16:15:11.432 I/AuthZen ( 2100): Signing key fetched successfuly!
03-11 16:15:11.442 E/KeepSync( 2138): Try to add invalid account
03-11 16:15:11.442 E/KeepSync( 2138): Try to force sync on a null account
03-11 16:15:11.442 I/ActivityManager(  769): Killing 1128:com.android.printspooler/u0a64 (adj 15): empty #17
03-11 16:15:11.442 D/ConnectivityService(  769): [CheckMp] isMobileOk: hostnameVerify retVal=true hostname=193.229.108.174 orgUriHost=clients3.google.com
03-11 16:15:11.492 I/ActivityManager(  769): Start proc com.android.vending for broadcast com.android.vending/com.google.android.finsky.receivers.BootCompletedReceiver: pid=2168 uid=10014 gids={50014, 3003, 1028, 1015}
03-11 16:15:11.492 I/ActivityManager(  769): Killing 1469:com.facebook.katana:dash_service/u0a77 (adj 15): empty #17
03-11 16:15:11.622 D/ConnectivityService(  769): [CheckMp] isMobileOk: headers={null=[HTTP/1.1 204 No Content], Connection=[close], Content-Length=[0], Content-Type=[text/html; charset=UTF-8], Date=[Tue, 11 Mar 2014 14:15:11 GMT], Server=[GFE/2.0], X-Android-Received-Millis=[1394547311631], X-Android-Response-Source=[NETWORK 204], X-Android-Selected-Transport=[http/1.1], X-Android-Sent-Millis=[1394547311464]}
03-11 16:15:11.622 D/ConnectivityService(  769): [CheckMp] isMobileOk: X got expected responseCode=204 result=1
03-11 16:15:11.622 D/ConnectivityService(  769): [CheckMp] isMobileOk: F stop hipri
03-11 16:15:11.622 D/MobileDataStateTracker(  769): default: setEnableFailFastMobileData(enabled=0)
03-11 16:15:11.622 D/ConnectivityService(  769): stopUsingNetworkFeature: teardown net 0: enableHIPRI
03-11 16:15:11.622 D/MobileDataStateTracker(  769): hipri: Broadcast received: android.intent.action.ANY_DATA_STATE apnType=hipri
03-11 16:15:11.622 D/MobileDataStateTracker(  769): hipri: Received state=DISCONNECTED, old=CONNECTED, reason=dataDisabled
03-11 16:15:11.622 D/MobileDataStateTracker(  769): hipri: setDetailed state, old =CONNECTED and new state=DISCONNECTED
03-11 16:15:11.622 D/ConnectivityService(  769): ConnectivityChange for mobile_hipri: DISCONNECTED/DISCONNECTED
03-11 16:15:11.662 D/Nat464Xlat(  769): requiresClat: netType=5, hasIPv4Address=true
03-11 16:15:11.662 D/MobileDataStateTracker(  769): default: setPolicyDataEnable(enabled=true)
03-11 16:15:11.702 D/Finsky  ( 2168): [1] FinskyApp.onCreate: Initializing network with DFE https://android.clients.google.com/fdfe/
03-11 16:15:11.782 D/Finsky  ( 2168): [1] DailyHygiene.goMakeHygieneIfDirty: No need to run daily hygiene.
03-11 16:15:11.792 D/MobileDataStateTracker(  769): default: setPolicyDataEnable(enabled=true)
03-11 16:15:11.812 W/Settings( 2168): Setting download_manager_max_bytes_over_mobile has moved from android.provider.Settings.Secure to android.provider.Settings.Global.
03-11 16:15:11.812 W/Settings( 2168): Setting download_manager_recommended_max_bytes_over_mobile has moved from android.provider.Settings.Secure to android.provider.Settings.Global.
03-11 16:15:11.862 D/Volley  ( 2168): [186] DiskBasedCache.clear: Cache cleared.
03-11 16:15:11.872 I/ActivityManager(  769): Start proc com.google.android.talk for broadcast com.google.android.talk/com.google.android.apps.babel.service.BootReceiver: pid=2257 uid=10051 gids={50051, 3003, 1028, 1015, 3002}
03-11 16:15:11.872 I/ActivityManager(  769): Killing 1538:com.facebook.katana/u0a77 (adj 15): empty #17
03-11 16:15:11.882 D/Volley  ( 2168): [190] DiskBasedCache.clear: Cache cleared.
03-11 16:15:11.902 D/MobileDataStateTracker(  769): default: setPolicyDataEnable(enabled=true)
03-11 16:15:11.902 D/MobileDataStateTracker(  769): default: setPolicyDataEnable(enabled=true)
03-11 16:15:11.912 D/Finsky  ( 2168): [1] GmsCoreHelper.cleanupNlp: result=false type=4
03-11 16:15:11.912 W/art     ( 2257): Failed to find ELF magic in /system/framework/com.google.android.media.effects.odex: dey
03-11 16:15:11.942 D/Finsky  ( 2168): [1] 2.run: Loaded library for account: [h8oDSybNDDZzpp4iys_x3qq36Xs]
03-11 16:15:11.942 D/Finsky  ( 2168): [1] 2.run: Finished loading 1 libraries.
03-11 16:15:11.942 D/Finsky  ( 2168): [1] RestoreTracker.stopServiceIfDone: Restore complete with 0 success and 0 failed.
03-11 16:15:12.052 I/MmsConfig( 2257): MmsConfig.init: mnc/mcc: 244/21
03-11 16:15:12.052 W/Settings( 2257): Setting airplane_mode_on has moved from android.provider.Settings.System to android.provider.Settings.Global, returning read-only value.
03-11 16:15:12.052 I/Babel   ( 2257): ### loadDeviceMmsSettings from API: mUserAgent=Nexus5, mUaProfUrl=http://gsm.lge.com/html/gsm/Nexus5-M3.xml
03-11 16:15:12.062 V/MmsConfig( 2257): tag: bool value: enabledMMS - true
03-11 16:15:12.062 V/MmsConfig( 2257): tag: int value: maxMessageSize - 307200
03-11 16:15:12.062 V/MmsConfig( 2257): tag: int value: maxImageHeight - 480
03-11 16:15:12.062 V/MmsConfig( 2257): tag: int value: maxImageWidth - 640
03-11 16:15:12.062 V/MmsConfig( 2257): tag: int value: recipientLimit - -1
03-11 16:15:12.062 V/MmsConfig( 2257): tag: bool value: enableMultipartSMS - true
03-11 16:15:12.062 V/MmsConfig( 2257): tag: int value: smsToMmsTextThreshold - -1
03-11 16:15:12.062 V/MmsConfig( 2257): tag: int value: maxMessageTextSize - -1
03-11 16:15:12.062 I/Babel   ( 2257): ### loadMmsSettings: mUserAgent=Nexus5, mUaProfUrl=http://gsm.lge.com/html/gsm/Nexus5-M3.xml
03-11 16:15:12.092 I/art     ( 1240): Heap trim of managed (duration=1.331927ms, advised=72KB) and native (duration=767.396us, advised=52KB) heaps. Managed heap utilization of 62%.
03-11 16:15:12.112 V/Babel   ( 2257): babel boot account: SMS
03-11 16:15:12.112 V/Babel   ( 2257): babel boot account: nicholas.kariniemi@gmail.com
03-11 16:15:12.132 I/ActivityManager(  769): Start proc eu.chainfire.supersu for broadcast eu.chainfire.supersu/.BootCompleteReceiver: pid=2306 uid=10074 gids={50074}
03-11 16:15:12.132 I/ActivityManager(  769): Killing 1521:com.google.android.dialer/u0a8 (adj 15): empty #17
03-11 16:15:12.192 I/ActivityManager(  769): Start proc com.google.android.youtube for broadcast com.google.android.youtube/com.google.android.apps.youtube.core.transfer.DownloadService$BootReceiver: pid=2332 uid=10071 gids={50071, 3003, 1028, 1015}
03-11 16:15:12.372 D/YouTube ( 2332): apps.youtube.core.utils.bh.a:41 HttpClient.UserAgent: com.google.android.youtube/5.3.32(Linux; U; Android 4.4.2; en_US; Nexus 5 Build/KOT49H)
03-11 16:15:12.392 D/YouTube ( 2332): apps.youtube.core.utils.bh.a:41 HttpClient.UserAgent: com.google.android.youtube/5.3.32(Linux; U; Android 4.4.2; en_US; Nexus 5 Build/KOT49H)
03-11 16:15:12.542 D/YouTube ( 2332): apps.youtube.core.client.y.a:114 event [version=5.3.32-s2000, action=Startup, label=NORMAL_STARTUP, value=-1]
03-11 16:15:12.552 I/ActivityManager(  769): Killing 1564:com.android.providers.calendar/u0a1 (adj 15): empty #17
03-11 16:15:12.592 D/YouTube ( 2332): apps.youtube.core.cache.f.run:163 Cache is below limit, no need to shrink: [size=1653501, limit=20971520]
03-11 16:15:12.712 I/dex2oat ( 2410): dex2oat: /data/data/com.google.android.youtube/cache/ads858729505.dex
03-11 16:15:12.872 I/GoogleConversionPing( 2332): Pinging: http://www.googleadservices.com/pagead/conversion/1001680686/?label=4dahCKKczAYQrt7R3QM&value=&muid=htvkUmllSKdBco3N4TeCHQ&bundleid=com.google.android.youtube&appversion=5.3.32&osversion=4.4.2&sdkversion=ct-sdk-a-v1.1.0&remarketing_only=1&timestamp=1394547312&data=screen_name%3D%3CAndroid_YT_Open_App%3E
03-11 16:15:12.972 D/YouTube ( 2332): apps.youtube.core.transfer.DownloadService$BootReceiver.onReceive:97 boot completed, starting download service
03-11 16:15:12.972 D/YouTube ( 2332): apps.youtube.core.transfer.TransferService.onCreate:108 creating transfer service
03-11 16:15:12.982 D/YouTube ( 2332): apps.youtube.app.prefetch.PrefetchService$DeviceStateReceiver.onReceive:565 Got device state change intent: android.intent.action.BOOT_COMPLETED
03-11 16:15:13.002 D/YouTube ( 2332): apps.youtube.app.prefetch.PrefetchService.onStartCommand:167 PrefetchService started at 11 Mar 2014 14:15:13 GMT
03-11 16:15:13.002 D/YouTube ( 2332): apps.youtube.app.prefetch.PrefetchService.p_:245 Download snapshot restored
03-11 16:15:13.002 I/ActivityManager(  769): Start proc com.google.android.calendar for broadcast com.google.android.calendar/com.android.calendar.alerts.AlertReceiver: pid=2436 uid=10028 gids={50028, 3003}
03-11 16:15:13.012 D/YouTube ( 2332): apps.youtube.app.prefetch.PrefetchService.onDestroy:215 PrefetchService destroyed at 11 Mar 2014 14:15:13 GMT
03-11 16:15:13.012 I/ActivityManager(  769): Killing 1645:com.google.android.configupdater/u0a2 (adj 15): empty #17
03-11 16:15:13.032 I/art     (  769): Heap trim of managed (duration=8.344531ms, advised=4MB) and native (duration=1.509011ms, advised=564KB) heaps. Managed heap utilization of 58%.
03-11 16:15:13.032 E/ThermalEngine(  194): TM Id 'SKIN_THERMAL_management_1' Sensor 'xo_therm_pu2' - alarm raised 1 at 40.0 degC
03-11 16:15:13.032 E/ThermalEngine(  194): ACTION: LCD - Setting max LCD brightness to 229
03-11 16:15:13.062 I/GoogleConversionPing( 2332): Ping responded with response code 200
03-11 16:15:13.082 W/GLSUser ( 1240): GoogleAccountDataService.getToken()
03-11 16:15:13.092 D/AlertReceiver( 2436): onReceive: a=android.intent.action.BOOT_COMPLETED Intent { act=android.intent.action.BOOT_COMPLETED flg=0x8000010 cmp=com.google.android.calendar/com.android.calendar.alerts.AlertReceiver (has extras) }
03-11 16:15:13.092 D/AlertService( 2436): 0 Action = android.intent.action.BOOT_COMPLETED
03-11 16:15:13.102 I/GoogleHttpClient( 1240): Falling back to old http client 0 java.lang.NoSuchMethodException: <init> [class android.content.Context, class java.lang.String, boolean]
03-11 16:15:13.112 D/AlertService( 2436): Scheduling next alarm with AlarmScheduler. sEventReminderReceived: null
03-11 16:15:13.112 I/ActivityManager(  769): Start proc com.google.android.googlequicksearchbox:search for broadcast com.google.android.googlequicksearchbox/com.google.android.search.core.StartUpReceiver: pid=2464 uid=10019 gids={50019, 3003, 1028, 3002, 1015}
03-11 16:15:13.122 I/NotificationStore( 1240): file does not exist: /data/data/com.google.android.gms/files/notification_data.dat
03-11 16:15:13.152 I/ActivityManager(  769): Start proc com.android.providers.calendar for content provider com.android.providers.calendar/.CalendarProvider2: pid=2483 uid=10001 gids={50001, 3003, 1028, 1015}
03-11 16:15:13.182 W/art     ( 2483): Failed to find ELF magic in /system/framework/android.test.runner.odex: dey
03-11 16:15:13.182 W/art     ( 2483): Failed to find ELF magic in /system/priv-app/CalendarProvider.odex: dey
03-11 16:15:13.212 I/CalendarProvider2( 2483): Created com.android.providers.calendar.CalendarAlarmManager@6554af88(com.android.providers.calendar.CalendarProvider2@6553b990)
03-11 16:15:13.232 D/AlarmScheduler( 2436): Query result count for events starting within 1 week: 3
03-11 16:15:13.362 D/HandsFreeActivity( 2464): shouldBeEnabled: locale=en-US
03-11 16:15:13.362 D/HandsFreeActivity( 2464): Voice dialer enabled state: true
03-11 16:15:13.362 I/ActivityManager(  769): Delay finish: com.google.android.googlequicksearchbox/com.google.android.search.core.StartUpReceiver
03-11 16:15:13.362 I/ActivityManager(  769): Killing 1684:com.google.android.onetimeinitializer/u0a10 (adj 15): empty #17
03-11 16:15:13.382 I/ActivityManager(  769): Delaying start of: ServiceRecord{65f42a58 u0 com.google.android.googlequicksearchbox/com.google.android.velvet.VelvetBackgroundTasksImpl$Service}
03-11 16:15:14.222 I/CalendarProvider2( 2483): Sending notification intent: Intent { act=android.intent.action.PROVIDER_CHANGED dat=content://com.android.calendar }
03-11 16:15:14.222 W/ContentResolver( 2483): Failed to get type for: content://com.android.calendar (Unknown URL content://com.android.calendar)
03-11 16:15:14.232 I/Search.RefreshSearchDomainAndCookiesTask( 2464): refreshing search domain
03-11 16:15:14.232 W/art     ( 2464): Attempt to remove local SIRT entry from IRT, ignoring
03-11 16:15:14.592 I/ActivityManager(  769): Resuming delayed broadcast
03-11 16:15:14.602 W/art     (  182): Could not get current activity
03-11 16:15:14.612 I/ActivityManager(  769): Start proc com.google.android.gm for broadcast com.google.android.gm/.GoogleMailDeviceStartupReceiver: pid=2529 uid=10041 gids={50041, 3003, 1028, 1015}
03-11 16:15:14.612 I/ActivityManager(  769): Killing 1750:com.android.cellbroadcastreceiver/u0a29 (adj 15): empty #17
03-11 16:15:14.662 D/Tethering(  769): MasterInitialState.processMessage what=3
03-11 16:15:14.662 D/CaptivePortalTracker(  769): NoActiveNetworkState{ when=-1ms what=1 obj=NetworkInfo: type: mobile_hipri[HSPA+], state: DISCONNECTED/DISCONNECTED, reason: dataDisabled, extra: internet.saunalahti, roaming: false, failover: false, isAvailable: true, isConnectedToProvisioningNetwork: false target=com.android.internal.util.StateMachine$SmHandler }
03-11 16:15:14.662 D/CaptivePortalTracker(  769): NoActiveNetworkState not a wifi connectivity change, ignore
03-11 16:15:14.672 D/Tethering(  769): MasterInitialState.processMessage what=3
03-11 16:15:14.672 D/CaptivePortalTracker(  769): NoActiveNetworkState{ when=0 what=1 obj=NetworkInfo: type: mobile[HSPA+], state: CONNECTED/CONNECTED, reason: connected, extra: internet.saunalahti, roaming: false, failover: false, isAvailable: true, isConnectedToProvisioningNetwork: false target=com.android.internal.util.StateMachine$SmHandler }
03-11 16:15:14.672 D/CaptivePortalTracker(  769): NoActiveNetworkState not a wifi connectivity change, ignore
03-11 16:15:14.742 D/ActivityThread( 2529): Loading provider com.android.gmail.ui: com.google.android.gm.provider.GmailProvider
03-11 16:15:14.822 W/art     ( 1240): Failed to find ELF magic in /system/priv-app/GoogleLoginService.odex: dey
03-11 16:15:14.862 W/GAV2    ( 2529): Thread[main,5,main]: Need to call initialize() and be in fallback mode to start dispatch.
03-11 16:15:14.892 I/ActivityManager(  769): Delay finish: com.google.android.gm/.GoogleMailDeviceStartupReceiver
03-11 16:15:14.902 I/ActivityManager(  769): Resuming delayed broadcast
03-11 16:15:14.912 I/ActivityManager(  769): Delay finish: com.google.android.gm/.MailIntentReceiver
03-11 16:15:14.932 I/Icing   ( 1017): Storage manager: low false usage 1.77MB avail 9.34GB capacity 10.68GB
03-11 16:15:14.992 I/Gmail   ( 2529): calculateUnknownSyncRationalesAndPurgeInBackground: queueing
03-11 16:15:15.012 I/Gmail   ( 2529): Sending provider changed intent: Intent { act=android.intent.action.PROVIDER_CHANGED dat=content://gmail-ls/unread/^iim (has extras) }
03-11 16:15:15.012 I/Gmail   ( 2529): calculateUnknownSyncRationalesAndPurgeInBackground: queueing
03-11 16:15:15.012 I/Gmail   ( 2529): Sending provider changed intent: Intent { act=android.intent.action.PROVIDER_CHANGED dat=content://gmail-ls/unread/^i (has extras) }
03-11 16:15:15.012 I/ActivityManager(  769): Resuming delayed broadcast
03-11 16:15:15.022 I/Gmail   ( 2529): calculateUnknownSyncRationalesAndPurgeInBackground: running
03-11 16:15:15.022 I/Gmail   ( 2529): calculateUnknownSyncRationalesAndPurgeInBackground: running
03-11 16:15:15.022 I/ActivityManager(  769): Start proc org.mozilla.fennec for broadcast org.mozilla.fennec/org.mozilla.gecko.background.announcements.AnnouncementsBroadcastReceiver: pid=2579 uid=10075 gids={50075, 3003, 1028, 1015}
03-11 16:15:15.032 I/ActivityManager(  769): Killing 1768:com.google.android.deskclock/u0a33 (adj 15): empty #17
03-11 16:15:15.182 I/art     (  769): Heap trim of managed (duration=9.361354ms, advised=3MB) and native (duration=1.317136ms, advised=524KB) heaps. Managed heap utilization of 62%.
03-11 16:15:15.192 I/Icing   ( 1017): Internal init done: storage state 0
03-11 16:15:15.212 I/Icing   ( 1017): Post-init done
03-11 16:15:15.212 I/ActivityManager(  769): Delay finish: org.mozilla.fennec/org.mozilla.gecko.background.announcements.AnnouncementsBroadcastReceiver
03-11 16:15:15.242 W/GeckoProfile( 2579): Requested profile directory missing.
03-11 16:15:15.242 D/GeckoProfile( 2579): Found profile dir.
03-11 16:15:15.242 I/ActivityManager(  769): Resuming delayed broadcast
03-11 16:15:15.252 W/GeckoProfile( 2579): Requested profile directory missing.
03-11 16:15:15.252 W/GeckoProfile( 2579): Requested profile directory missing.
03-11 16:15:15.252 I/ActivityManager(  769): Delay finish: org.mozilla.fennec/org.mozilla.gecko.background.healthreport.HealthReportBroadcastReceiver
03-11 16:15:15.252 I/ActivityManager(  769): Resuming delayed broadcast
03-11 16:15:15.272 I/ActivityManager(  769): Start proc com.whatsapp for broadcast com.whatsapp/.BootReceiver: pid=2602 uid=10079 gids={50079, 1028, 1015, 3003}
03-11 16:15:15.272 I/ActivityManager(  769): Killing 1866:com.google.android.exchange/u0a37 (adj 15): empty #17
03-11 16:15:15.282 I/InputReader(  769): Reconfiguring input devices.  changes=0x00000010
03-11 16:15:15.292 D/Launcher.Workspace( 1105): 11683562 - stripEmptyScreens()
03-11 16:15:15.292 I/PackageManager(  769):   Action: "android.intent.action.SENDTO"
03-11 16:15:15.292 I/PackageManager(  769):   Category: "android.intent.category.DEFAULT"
03-11 16:15:15.292 I/PackageManager(  769):   Scheme: "sms"
03-11 16:15:15.292 I/PackageManager(  769): Adding preferred activity ComponentInfo{org.thoughtcrime.securesms/org.thoughtcrime.securesms.RoutingActivity} for user 0 :
03-11 16:15:15.322 I/PackageManager(  769):   Action: "android.intent.action.SENDTO"
03-11 16:15:15.322 I/PackageManager(  769):   Category: "android.intent.category.DEFAULT"
03-11 16:15:15.322 I/PackageManager(  769):   Scheme: "smsto"
03-11 16:15:15.322 I/PackageManager(  769): Adding preferred activity ComponentInfo{org.thoughtcrime.securesms/org.thoughtcrime.securesms.RoutingActivity} for user 0 :
03-11 16:15:15.352 I/PackageManager(  769):   Action: "android.intent.action.SENDTO"
03-11 16:15:15.352 I/PackageManager(  769):   Category: "android.intent.category.DEFAULT"
03-11 16:15:15.352 I/PackageManager(  769):   Scheme: "mms"
03-11 16:15:15.352 I/PackageManager(  769): Adding preferred activity ComponentInfo{org.thoughtcrime.securesms/org.thoughtcrime.securesms.RoutingActivity} for user 0 :
03-11 16:15:15.362 W/art     ( 2602): Failed to find ELF magic in /system/framework/com.google.android.maps.odex: dey
03-11 16:15:15.372 I/PackageManager(  769):   Action: "android.intent.action.SENDTO"
03-11 16:15:15.372 I/PackageManager(  769):   Category: "android.intent.category.DEFAULT"
03-11 16:15:15.372 I/PackageManager(  769):   Scheme: "mmsto"
03-11 16:15:15.372 I/PackageManager(  769): Adding preferred activity ComponentInfo{org.thoughtcrime.securesms/org.thoughtcrime.securesms.RoutingActivity} for user 0 :
03-11 16:15:15.402 I/PackageManager(  769):   Action: "android.intent.action.SENDTO"
03-11 16:15:15.402 I/PackageManager(  769):   Category: "android.intent.category.DEFAULT"
03-11 16:15:15.402 I/PackageManager(  769):   Scheme: "sms"
03-11 16:15:15.402 E/AppsCustomizePagedView( 1105): Widget ComponentInfo{com.devhd.feedly/com.devhd.feedly.widget.FeedlyWidgetProvider_4_1} has invalid dimensions (0, 0)
03-11 16:15:15.402 I/PackageManager(  769): Adding preferred activity ComponentInfo{org.thoughtcrime.securesms/org.thoughtcrime.securesms.RoutingActivity} for user 0 :
03-11 16:15:15.432 I/PackageManager(  769):   Action: "android.intent.action.SENDTO"
03-11 16:15:15.432 I/PackageManager(  769):   Category: "android.intent.category.DEFAULT"
03-11 16:15:15.432 I/PackageManager(  769):   Scheme: "smsto"
03-11 16:15:15.432 I/PackageManager(  769): Adding preferred activity ComponentInfo{org.thoughtcrime.securesms/org.thoughtcrime.securesms.RoutingActivity} for user 0 :
03-11 16:15:15.452 I/PackageManager(  769):   Action: "android.intent.action.SENDTO"
03-11 16:15:15.452 I/PackageManager(  769):   Category: "android.intent.category.DEFAULT"
03-11 16:15:15.452 I/PackageManager(  769):   Scheme: "mms"
03-11 16:15:15.452 I/PackageManager(  769): Adding preferred activity ComponentInfo{org.thoughtcrime.securesms/org.thoughtcrime.securesms.RoutingActivity} for user 0 :
03-11 16:15:15.482 I/PackageManager(  769):   Action: "android.intent.action.SENDTO"
03-11 16:15:15.482 I/PackageManager(  769):   Category: "android.intent.category.DEFAULT"
03-11 16:15:15.482 I/PackageManager(  769):   Scheme: "mmsto"
03-11 16:15:15.482 I/PackageManager(  769): Adding preferred activity ComponentInfo{org.thoughtcrime.securesms/org.thoughtcrime.securesms.RoutingActivity} for user 0 :
