03-11 16:15:16.072 I/ActivityManager(  769): Start proc com.laurencedawson.reddit_sync:remote for broadcast com.laurencedawson.reddit_sync/.RedditMessageReceiver: pid=2636 uid=10080 gids={50080, 3003, 1028, 1015}
03-11 16:15:16.112 D/Finsky  ( 2168): [179] InAppBillingUtils.pickAccount: com.whatsapp: Account determined from installer data - [h8oDSybNDDZzpp4iys_x3qq36Xs]
03-11 16:15:16.122 D/Finsky  ( 2168): [180] InAppBillingUtils.pickAccount: com.whatsapp: Account determined from installer data - [h8oDSybNDDZzpp4iys_x3qq36Xs]
03-11 16:15:16.122 D/Finsky  ( 2168): [180] InAppBillingUtils.pickAccount: com.whatsapp: Account determined from installer data - [h8oDSybNDDZzpp4iys_x3qq36Xs]
03-11 16:15:16.152 W/GLSUser ( 1240): GoogleAccountDataService.getToken()
03-11 16:15:16.202 I/ActivityManager(  769): Start proc com.laurencedawson.reddit_sync for service com.laurencedawson.reddit_sync/.activities.MessagingService: pid=2678 uid=10080 gids={50080, 3003, 1028, 1015}
03-11 16:15:16.202 I/ActivityManager(  769): Delay finish: com.laurencedawson.reddit_sync/.RedditMessageReceiver
03-11 16:15:16.622 D/ConnectivityService(  769): [CheckMp] isMobileOk: X result=1
03-11 16:15:16.622 D/ConnectivityService(  769): [CheckMp] onPostExecute: result=1
03-11 16:15:16.622 D/ConnectivityService(  769): CheckMp.onComplete: result=1
03-11 16:15:16.622 D/ConnectivityService(  769): CheckMp.onComplete: ignore, connected or no connection
03-11 16:15:16.742 D/Finsky  ( 2168): [204] InAppBillingUtils.pickAccount: com.whatsapp: Account determined from installer data - [h8oDSybNDDZzpp4iys_x3qq36Xs]
03-11 16:15:16.742 D/Finsky  ( 2168): [204] InAppBillingUtils.pickAccount: com.whatsapp: Account determined from installer data - [h8oDSybNDDZzpp4iys_x3qq36Xs]
03-11 16:15:16.792 I/art     ( 2602): Heap trim of managed (duration=3.799584ms, advised=736KB) and native (duration=1.718073ms, advised=28KB) heaps. Managed heap utilization of 47%.
03-11 16:15:16.832 I/ActivityManager(  769): Resuming delayed broadcast
03-11 16:15:16.852 W/art     (  182): Could not get current activity
03-11 16:15:16.862 I/ActivityManager(  769): Start proc com.onelouder.baconreader for broadcast com.onelouder.baconreader/.BootReceiver: pid=2716 uid=10081 gids={50081, 3003, 1028, 1015}
03-11 16:15:16.862 I/ActivityManager(  769): Killing 1803:com.google.android.email/u0a36 (adj 15): empty #17
03-11 16:15:17.042 I/ErrorAgent( 2716): Registering custom exceptions handler
03-11 16:15:17.072 D/ImageCache( 2716): enabled write through to /storage/emulated/0/Android/data/com.onelouder.baconreader/cache/cachefu/image_cache
03-11 16:15:17.072 D/ImageCache( 2716): sanitize DISK cache
03-11 16:15:17.122 D/Setting notifications for every ( 2716): 86400000
03-11 16:15:17.152 I/ActivityManager(  769): Start proc org.thoughtcrime.securesms for broadcast org.thoughtcrime.securesms/.service.DirectoryRefreshListener: pid=2738 uid=10084 gids={50084, 3003, 1028, 1015}
03-11 16:15:17.152 I/ActivityManager(  769): Killing 1884:com.google.android.apps.genie.geniewidget/u0a40 (adj 15): empty #17
03-11 16:15:17.182 W/art     ( 2738): Failed to find ELF magic in /system/framework/android.test.runner.odex: dey
03-11 16:15:17.232 W/DirectoryRefreshListener( 2738): Scheduling for: 1394550923615
03-11 16:15:17.262 I/GCoreUlr( 1197): Starting service, intent=Intent { cmp=com.google.android.gms/com.google.android.location.reporting.service.DispatchingService (has extras) }, extras=Bundle[{intentType=2, receiverAction=com.google.android.location.internal.server.ACTION_RESTARTED}]
03-11 16:15:17.272 I/GCoreUlr( 1197): WorldUpdater received intent Intent { cmp=com.google.android.gms/com.google.android.location.reporting.service.DispatchingService (has extras) } with receiverAction com.google.android.location.internal.server.ACTION_RESTARTED, forceUpdate false
03-11 16:15:17.282 W/service ( 2738): Broadcasting new secret...
03-11 16:15:17.282 W/SendReceiveService( 2738): Got a MasterSecret broadcast...
03-11 16:15:17.282 W/PartProvider( 2738): Got master secret: org.whispersystems.textsecure.crypto.MasterSecret@655ca1a8
03-11 16:15:17.282 W/PartProvider( 2738): Got master secret: org.whispersystems.textsecure.crypto.MasterSecret@655c8938
03-11 16:15:17.282 W/KeyCachingService( 2738): KCS Is Being Destroyed!
03-11 16:15:17.282 V/KeepAlert( 2138): Action com.google.android.location.internal.server.ACTION_RESTARTED
03-11 16:15:17.282 I/ActivityManager(  769): Delay finish: com.google.android.keep/.notification.AlertReceiver
03-11 16:15:17.292 W/DecryptingQueue( 2738): Processing pending decrypts...
03-11 16:15:17.312 I/ActivityManager(  769): Resuming delayed broadcast
03-11 16:15:17.332 I/ActivityManager(  769): Killing 1933:com.lge.SprintHiddenMenu/1000 (adj 15): empty #17
03-11 16:15:17.352 D/GCM     ( 1240): GcmService start Intent { act=com.google.android.gms.INITIALIZE flg=0x10 pkg=com.google.android.gms cmp=com.google.android.gms/.gcm.GcmService } com.google.android.gms.INITIALIZE
03-11 16:15:17.392 I/GCoreUlr( 1197): Ensuring that reporting is stopped because of reasons: {account#-17#=[InactiveReason{mVersionCode=0, mIdentifier=6, mName='ReportingNotSelected'}]}
03-11 16:15:17.402 W/MmsSmsDatabase( 2738): Executing query: SELECT _id, body, read, type, address, address_device_id, subject, thread_id, status, date_sent, date_received, m_type, msg_box, part_count, ct_l, tr_id, m_size, exp, st, transport_type FROM (SELECT DISTINCT date_sent * 1 AS date_sent, date * 1 AS date_received, _id, body, read, thread_id, type, address, address_device_id, subject, NULL AS m_type, NULL AS msg_box, status, NULL AS part_count, NULL AS ct_l, NULL AS tr_id, NULL AS m_size, NULL AS exp, NULL AS st, 'sms' AS transport_type FROM sms WHERE (read = 0) UNION ALL SELECT DISTINCT date * 1000 AS date_sent, date_received * 1000 AS date_received, _id, body, read, thread_id, NULL AS type, address, address_device_id, NULL AS subject, m_type, msg_box, NULL AS status, part_count, ct_l, tr_id, m_size, exp, st, 'mms' AS transport_type FROM mms WHERE (read = 0) ORDER BY date_received ASC)
03-11 16:15:17.402 D/GCoreFlp( 1197): Unknown pending intent to remove.
03-11 16:15:17.402 I/GCoreUlr( 1197): Unbound from all location providers
03-11 16:15:17.402 I/ActivityManager(  769): Start proc com.google.android.deskclock for broadcast com.google.android.deskclock/com.android.deskclock.AlarmInitReceiver: pid=2775 uid=10033 gids={50033, 1028}
03-11 16:15:17.412 W/MmsSmsDatabase( 2738): Executing query: SELECT _id, body, read, type, address, address_device_id, subject, thread_id, status, date_sent, date_received, m_type, msg_box, part_count, ct_l, tr_id, m_size, exp, st, transport_type FROM (SELECT DISTINCT date_sent * 1 AS date_sent, date * 1 AS date_received, _id, body, read, thread_id, type, address, address_device_id, subject, NULL AS m_type, NULL AS msg_box, status, NULL AS part_count, NULL AS ct_l, NULL AS tr_id, NULL AS m_size, NULL AS exp, NULL AS st, 'sms' AS transport_type FROM sms WHERE (read = 0) UNION ALL SELECT DISTINCT date * 1000 AS date_sent, date_received * 1000 AS date_received, _id, body, read, thread_id, NULL AS type, address, address_device_id, NULL AS subject, m_type, msg_box, NULL AS status, part_count, ct_l, tr_id, m_size, exp, st, 'mms' AS transport_type FROM mms WHERE (read = 0) ORDER BY date_received ASC)
03-11 16:15:17.432 W/art     ( 2775): Failed to find ELF magic in /system/app/DeskClockGoogle.odex: dey
03-11 16:15:17.442 V/AlarmClock( 2775): AlarmInitReceiver android.intent.action.TIME_SET
03-11 16:15:17.452 I/art     ( 1240): Heap trim of managed (duration=950.417us, advised=96KB) and native (duration=882.812us, advised=4KB) heaps. Managed heap utilization of 72%.
03-11 16:15:17.472 I/AlarmClock( 2775): Displaying next alarm time: ''
03-11 16:15:17.472 V/AlarmClock( 2775): AlarmInitReceiver finished
03-11 16:15:17.492 I/ActivityManager(  769): Start proc com.qualcomm.timeservice for broadcast com.qualcomm.timeservice/.TimeServiceBroadcastReceiver: pid=2799 uid=10068 gids={50068}
03-11 16:15:17.532 W/art     ( 2799): Failed to find ELF magic in /system/app/TimeService.odex: dey
03-11 16:15:17.542 D/TimeService( 2799): Receivedandroid.intent.action.TIME_SET intent. Current Time is 1394547317559
03-11 16:15:17.542 D/        ( 2799): TimeServiceNative: User Time to be set is 1394547317559
03-11 16:15:17.542 D/QC-time-services( 2799): Lib:time_genoff_operation: pargs->base = 2
03-11 16:15:17.542 D/QC-time-services( 2799): Lib:time_genoff_operation: pargs->operation = 0
03-11 16:15:17.542 D/QC-time-services( 2799): Lib:time_genoff_operation: pargs->ts_val = 1394547317559
03-11 16:15:17.542 D/QC-time-services(  198): Daemon: Connection accepted:time_genoff
03-11 16:15:17.542 D/QC-time-services( 2799): Lib:time_genoff_operation: Send to server  passed!!
03-11 16:15:17.542 D/QC-time-services(  198): Daemon:Received base = 2, unit = 1, operation = 0,value = 1394547317559
03-11 16:15:17.542 D/QC-time-services(  198): Daemon:genoff_opr: Base = 2, val = 1394547317559, operation = 0
03-11 16:15:17.542 D/QC-time-services(  198): Daemon:rtc_get: Time read from RTC -- MM/DD/YY HH:MM:SS3/19/70 18:38:0
03-11 16:15:17.542 D/QC-time-services(  198): Daemon:Value read from RTC seconds = 9398280000
03-11 16:15:17.542 D/QC-time-services(  198): Daemon:new time 1394547317559 
03-11 16:15:17.542 D/QC-time-services(  198): Daemon: delta 1385149037559 genoff 1385149037559 
03-11 16:15:17.542 D/QC-time-services(  198): Daemon:genoff_persistent_update: Writing genoff = 1385149037559 to memory
03-11 16:15:17.542 D/QC-time-services(  198): Daemon:Opening File: /data/system/time/ats_2
03-11 16:15:17.542 D/QC-time-services(  198): Daemon:time_persistent_memory_opr:Genoff write operation 
03-11 16:15:17.582 D/QC-time-services(  198): Updating the TOD offset
03-11 16:15:17.582 D/QC-time-services(  198): Daemon:genoff_persistent_update: Writing genoff = 1385149037559 to memory
03-11 16:15:17.582 D/QC-time-services(  198): Daemon:Opening File: /data/system/time/ats_1
03-11 16:15:17.582 D/QC-time-services(  198): Daemon:time_persistent_memory_opr:Genoff write operation 
03-11 16:15:17.592 D/QC-time-services(  198): Daemon:Update to modem bit set
03-11 16:15:17.592 D/QC-time-services(  198): Daemon:genoff_send_modem: Sending data to MODEM !
03-11 16:15:17.592 D/QC-time-services(  198): Daemon: Base = 2, Value being sent to MODEM = 1078582517559
03-11 16:15:17.592 E/QC-time-services( 2799): Receive Passed == base = 2, unit = 1, operation = 0, result = 0
03-11 16:15:17.592 D/QC-time-services(  198): Daemon: Time-services: Waiting to acceptconnection
03-11 16:15:17.592 D/QC-time-services(  198): Daemon:tod_update_ind_cb: Got Update from modem msg_id 40
03-11 16:15:17.632 I/art     (  769): Heap trim of managed (duration=9.049948ms, advised=3MB) and native (duration=1.946979ms, advised=688KB) heaps. Managed heap utilization of 57%.
03-11 16:15:17.632 V/KeepAlert( 2138): Action android.intent.action.TIME_SET
03-11 16:15:17.642 I/ActivityManager(  769): Delay finish: com.google.android.calendar/com.android.calendar.widget.CalendarAppWidgetProvider
03-11 16:15:17.652 I/ActivityManager(  769): Resuming delayed broadcast
03-11 16:15:17.652 I/ActivityManager(  769): Killing 2100:com.google.android.gms.ui/u0a7 (adj 15): empty #17
03-11 16:15:17.682 D/AlertReceiver( 2436): onReceive: a=android.intent.action.PROVIDER_CHANGED Intent { act=android.intent.action.PROVIDER_CHANGED dat=content://com.android.calendar flg=0x10 cmp=com.google.android.calendar/com.android.calendar.alerts.AlertReceiver }
03-11 16:15:17.682 D/AlertService( 2436): 0 Action = android.intent.action.PROVIDER_CHANGED
03-11 16:15:17.722 I/ActivityManager(  769): Start proc com.google.android.music:main for broadcast com.google.android.music/.store.MediaStoreImportService$Receiver: pid=2824 uid=10058 gids={50058, 3003, 1028, 1015}
03-11 16:15:17.802 I/art     ( 2529): Heap trim of managed (duration=2.134479ms, advised=2004KB) and native (duration=1.342969ms, advised=16KB) heaps. Managed heap utilization of 33%.
03-11 16:15:17.912 I/MusicStore( 2824): Database version: 85
03-11 16:15:17.942 W/ContextImpl( 2824): Implicit intents with startService are not safe: Intent { act=com.google.android.music.PREFERENCE_SERVICE } android.content.ContextWrapper.bindService:517 com.google.android.music.utils.SafeServiceConnection$ServiceConnectionImp.bindService:98 com.google.android.music.utils.SafeServiceConnection.bindService:259 
03-11 16:15:17.982 W/ContextImpl( 2824): Implicit intents with startService are not safe: Intent { act=com.google.android.music.NETWORK_MONITOR_SERVICE } android.content.ContextWrapper.bindService:517 com.google.android.music.utils.SafeServiceConnection$ServiceConnectionImp.bindService:98 com.google.android.music.utils.SafeServiceConnection.bindService:259 
03-11 16:15:18.112 I/MediaRouter( 2824): Found default route: MediaRouter.RouteInfo{ uniqueId=android/.support.v7.media.SystemMediaRouteProvider:DEFAULT_ROUTE, name=Phone, description=null, enabled=true, connecting=false, playbackType=0, playbackStream=3, volumeHandling=1, volume=6, volumeMax=15, presentationDisplayId=-1, extras=null, providerPackageName=android }
03-11 16:15:18.132 I/ActivityManager(  769): Delay finish: com.google.android.music/.store.MediaStoreImportService$Receiver
03-11 16:15:18.162 I/CastUtils( 2824): Removing provider: MediaRouter.RouteProviderInfo{ packageName=com.google.android.gms }
03-11 16:15:18.162 I/ActivityManager(  769): Resuming delayed broadcast
03-11 16:15:18.172 I/ActivityManager(  769): Delay finish: com.google.android.music/.store.MediaStoreImportService$Receiver
03-11 16:15:18.172 I/ActivityManager(  769): Resuming delayed broadcast
03-11 16:15:18.192 I/ActivityManager(  769): Delay finish: com.google.android.music/.store.MediaStoreImportService$Receiver
03-11 16:15:18.272 I/MediaStoreImporter( 2824): Update: incremental Added music: 0 Updated music: 0 Deleted music: 0 Created playlists: 0 Updated playlists: 0 Deleted playlists: 0 Inserted playlist items: 0 Deleted playlist items: 0 Removed orphaned playlist items: 0
03-11 16:15:18.272 I/ActivityManager(  769): Resuming delayed broadcast
03-11 16:15:18.292 I/ActivityManager(  769): Start proc com.google.android.email for broadcast com.google.android.email/com.android.email.provider.WidgetProvider: pid=2865 uid=10036 gids={50036, 3003, 1028, 1015}
03-11 16:15:18.292 I/ActivityManager(  769): Killing 967:android.process.media/u0a5 (adj 15): empty #17
03-11 16:15:18.312 W/art     ( 2865): Failed to find ELF magic in /system/app/EmailGoogle.odex: dey
03-11 16:15:18.352 D/ActivityThread( 2865): Loading provider com.google.android.email.provider;com.google.android.email.notifier: com.android.email.provider.EmailProvider
03-11 16:15:18.392 D/ActivityThread( 2865): Loading provider com.google.android.email.provider;com.google.android.email.notifier: com.android.email.provider.EmailProvider
03-11 16:15:18.402 I/ActivityManager(  769): Killing 2257:com.google.android.talk/u0a51 (adj 15): empty #17
03-11 16:15:18.422 D/MobileDataStateTracker(  769): default: setPolicyDataEnable(enabled=true)
03-11 16:15:18.422 I/ActivityManager(  769): Delay finish: com.android.providers.calendar/.CalendarProviderBroadcastReceiver
03-11 16:15:18.452 I/ActivityManager(  769): Resuming delayed broadcast
03-11 16:15:18.512 I/ActivityManager(  769): Start proc android.process.media for broadcast com.android.providers.downloads/.DownloadReceiver: pid=2896 uid=10005 gids={50005, 1028, 1015, 1023, 1024, 2001, 3003, 3007}
03-11 16:15:18.512 W/ActivityManager(  769): Unable to start service Intent { cmp=com.google.android.email/com.android.email.service.AttachmentDownloadService } U=0: not found
03-11 16:15:18.522 I/Email   ( 2865): Observing account changes for notifications
03-11 16:15:18.542 W/art     ( 2896): Failed to find ELF magic in /system/priv-app/DownloadProvider.odex: dey
03-11 16:15:18.542 W/ActivityManager(  769): Unable to start service Intent { cmp=com.google.android.email/com.android.email.service.AttachmentDownloadService } U=0: not found
03-11 16:15:18.542 W/ActivityManager(  769): Unable to start service Intent { cmp=com.google.android.email/com.android.email.service.AttachmentDownloadService } U=0: not found
03-11 16:15:18.562 W/art     ( 2896): Failed to find ELF magic in /system/priv-app/MediaProvider.odex: dey
03-11 16:15:18.632 I/ActivityManager(  769): Start proc com.google.android.gallery3d for broadcast com.google.android.gallery3d/com.google.android.picasasync.ConnectivityReceiver: pid=2922 uid=10039 gids={50039, 3003, 1028, 1015}
03-11 16:15:18.642 I/ActivityManager(  769): Killing 2306:eu.chainfire.supersu/u0a74 (adj 15): empty #17
03-11 16:15:18.662 W/art     ( 2922): Failed to find ELF magic in /system/framework/com.google.android.media.effects.odex: dey
03-11 16:15:18.672 W/art     ( 2922): Failed to find ELF magic in /system/app/GalleryGoogle.odex: dey
03-11 16:15:18.982 I/ActivityManager(  769): Killing 2332:com.google.android.youtube/u0a71 (adj 15): empty #17
03-11 16:15:18.992 D/GCM     ( 1240): GcmService start Intent { act=android.net.conn.CONNECTIVITY_CHANGE flg=0x4000010 cmp=com.google.android.gms/.gcm.GcmService (has extras) } android.net.conn.CONNECTIVITY_CHANGE
03-11 16:15:19.012 W/art     (  182): Could not get current activity
03-11 16:15:19.022 I/ActivityManager(  769): Start proc com.google.android.apps.magazines for broadcast com.google.android.apps.magazines/com.google.apps.dots.android.newsstand.appwidget.NewsWidgetProvider: pid=2952 uid=10056 gids={50056, 3003, 1028, 1015}
03-11 16:15:19.032 D/UploadsManager( 2922):    wifiOnlyPhoto changed to true
03-11 16:15:19.032 D/UploadsManager( 2922):    wifiOnlyVideo changed to true
03-11 16:15:19.032 D/UploadsManager( 2922):    syncOnBattery changed to true
03-11 16:15:19.042 D/PicasaSync( 2922): sync account database
03-11 16:15:19.102 V/WebViewChromium( 2952): Binding Chromium to the background looper Looper (main, tid 1) {6551d578}
03-11 16:15:19.102 I/chromium( 2952): [INFO:library_loader_hooks.cc(112)] Chromium logging enabled: level = 0, default verbosity = 0
03-11 16:15:19.112 I/BrowserProcessMain( 2952): Initializing chromium process, renderers=0
03-11 16:15:19.112 W/art     ( 2952): Attempt to remove local SIRT entry from IRT, ignoring
03-11 16:15:19.112 D/PicasaSync( 2922): accounts in DB=1
03-11 16:15:19.112 D/PicasaSyncManager( 2922): background data: true
03-11 16:15:19.112 W/art     ( 2952): Thread[13,tid=2976,Native,Thread*=0x4976dc60,peer=0x655ca970,"Thread-281"] attached without supplying a name
03-11 16:15:19.112 W/art     ( 2952): Thread[14,tid=2975,Native,Thread*=0x4986f538,peer=0x655cafb8,"Thread-282"] attached without supplying a name
03-11 16:15:19.112 W/chromium( 2952): [WARNING:proxy_service.cc(888)] PAC support disabled because there is no system implementation
03-11 16:15:19.122 I/Adreno-EGL( 2952): <qeglDrvAPI_eglInitialize:320>: EGL 1.4 QUALCOMM Build: I0404c4692afb8623f95c43aeb6d5e13ed4b30ddbDate: 11/06/13
03-11 16:15:19.132 D/PicasaSyncManager( 2922): reject MetadataSyncTask (****************************) for non-wifi connection
03-11 16:15:19.132 D/PicasaSyncManager( 2922): battery info: true
03-11 16:15:19.142 D/PicasaSyncManager( 2922): reject MetadataSyncTask (****************************) for non-wifi connection
03-11 16:15:19.162 W/art     ( 2952): Thread[15,tid=2970,Native,Thread*=0x4a25b4f0,peer=0x655cc780,"Thread-283"] attached without supplying a name
03-11 16:15:19.192 W/art     ( 2952): Attempt to remove local SIRT entry from IRT, ignoring
03-11 16:15:19.242 W/GAV2    ( 2952): Thread[main,5,main]: Need to call initialize() and be in fallback mode to start dispatch.
03-11 16:15:19.302 I/Icing   ( 1017): Indexing DFBA040CFE63555BF40C028A21AB1505A9843DE0 from com.google.android.music
03-11 16:15:19.312 D/GCM     ( 1240): Connected
03-11 16:15:19.362 I/GCM     ( 1240): GCM message com.google.android.gsf.gtalkservice 
03-11 16:15:19.382 D/GCM     ( 1240): Message class hwi
03-11 16:15:19.392 I/NSApplication( 2952): Starting up...
03-11 16:15:19.422 I/Icing   ( 1017): Indexing done DFBA040CFE63555BF40C028A21AB1505A9843DE0
03-11 16:15:19.432 I/ActivityManager(  769): Start proc com.google.android.youtube for broadcast com.google.android.youtube/com.google.android.apps.youtube.app.prefetch.PrefetchService$DeviceStateReceiver: pid=3003 uid=10071 gids={50071, 3003, 1028, 1015}
03-11 16:15:19.442 I/ActivityManager(  769): Killing 1703:com.google.android.partnersetup/u0a11 (adj 15): empty #17
03-11 16:15:19.582 D/YouTube ( 3003): apps.youtube.core.utils.bh.a:41 HttpClient.UserAgent: com.google.android.youtube/5.3.32(Linux; U; Android 4.4.2; en_US; Nexus 5 Build/KOT49H)
03-11 16:15:19.602 D/YouTube ( 3003): apps.youtube.core.utils.bh.a:41 HttpClient.UserAgent: com.google.android.youtube/5.3.32(Linux; U; Android 4.4.2; en_US; Nexus 5 Build/KOT49H)
03-11 16:15:19.702 D/YouTube ( 3003): apps.youtube.core.client.y.a:114 event [version=5.3.32-s2000, action=Startup, label=NORMAL_STARTUP, value=-1]
03-11 16:15:19.742 D/YouTube ( 3003): apps.youtube.core.cache.f.run:163 Cache is below limit, no need to shrink: [size=1653501, limit=20971520]
03-11 16:15:19.822 D/ConnectivityService(  769): handleInetConditionHoldEnd: net=0, condition=100, published condition=0
03-11 16:15:19.852 I/dex2oat ( 3037): dex2oat: /data/data/com.google.android.youtube/cache/ads858729505.dex
03-11 16:15:19.862 W/GAV2    ( 2529): Thread[GAThread,5,main]: Service unavailable (code=1), will retry.
03-11 16:15:19.862 W/ActivityManager(  769): Unable to start service Intent { act=com.google.android.gms.analytics.service.START cmp=com.google.android.gms/.analytics.service.AnalyticsService (has extras) } U=0: not found
03-11 16:15:19.872 I/GAV2    ( 2529): Thread[GAThread,5,main]: No campaign data found.
03-11 16:15:20.002 I/GoogleConversionPing( 3003): Pinging: http://www.googleadservices.com/pagead/conversion/1001680686/?label=4dahCKKczAYQrt7R3QM&value=&muid=htvkUmllSKdBco3N4TeCHQ&bundleid=com.google.android.youtube&appversion=5.3.32&osversion=4.4.2&sdkversion=ct-sdk-a-v1.1.0&remarketing_only=1&timestamp=1394547320&data=screen_name%3D%3CAndroid_YT_Open_App%3E
03-11 16:15:20.082 D/YouTube ( 3003): apps.youtube.app.prefetch.PrefetchService$DeviceStateReceiver.onReceive:565 Got device state change intent: android.net.conn.CONNECTIVITY_CHANGE
03-11 16:15:20.102 D/YouTube ( 3003): apps.youtube.core.transfer.TransferService.onCreate:108 creating transfer service
03-11 16:15:20.122 I/ActivityManager(  769): Start proc com.google.android.apps.plus for broadcast com.google.android.apps.plus/.service.ConnectivityReceiver: pid=3064 uid=10063 gids={50063, 3003, 3002, 1028, 1015}
03-11 16:15:20.152 D/YouTube ( 3003): apps.youtube.app.prefetch.PrefetchService.onStartCommand:167 PrefetchService started at 11 Mar 2014 14:15:20 GMT
03-11 16:15:20.152 I/ActivityManager(  769): Waited long enough for: ServiceRecord{65d734a8 u0 com.qualcomm.qcrilmsgtunnel/.QcrilMsgTunnelService}
03-11 16:15:20.162 D/YouTube ( 3003): apps.youtube.app.prefetch.PrefetchService.p_:245 Download snapshot restored
03-11 16:15:20.162 D/YouTube ( 3003): apps.youtube.app.prefetch.PrefetchService.onDestroy:215 PrefetchService destroyed at 11 Mar 2014 14:15:20 GMT
03-11 16:15:20.162 I/ActivityManager(  769): Killing 2464:com.google.android.googlequicksearchbox:search/u0a19 (adj 15): empty #17
03-11 16:15:20.172 W/art     ( 3064): Failed to find ELF magic in /system/framework/com.google.android.maps.odex: dey
03-11 16:15:20.182 W/GLSUser ( 1240): GoogleAccountDataService.getToken()
03-11 16:15:20.212 I/GoogleConversionPing( 3003): Ping responded with response code 200
03-11 16:15:20.552 I/ImageResourceManager( 3064): ImageResourceManager: uninitalized
03-11 16:15:20.552 I/iu.Environment( 3064): update battery state; isPlugged? true*
03-11 16:15:20.562 I/iu.Environment( 3064): update connectivity state; isNetworkMetered? true*, isRoaming? false, isBackgroundDataAllowed? true*
03-11 16:15:20.562 I/iu.Environment( 3064): update connectivity state; isNetworkMetered? true, isRoaming? false, isBackgroundDataAllowed? true
03-11 16:15:20.592 I/ActivityManager(  769): Start proc com.facebook.katana for broadcast com.facebook.katana/com.facebook.vault.service.VaultConnectivityChangeReceiver: pid=3103 uid=10077 gids={50077, 1028, 1015, 3003}
03-11 16:15:20.592 I/ActivityManager(  769): Killing 2579:org.mozilla.fennec/u0a75 (adj 15): empty #17
03-11 16:15:20.622 I/iu.UploadsManager( 3064): #reloadSettings(); account: null; pageID: none; IU: disabled; IS: disabled; photoWiFi: true; videoWiFi: true; roam: false; battery: true; size: FULL; maxMobile: 157286400
03-11 16:15:20.642 W/art     ( 3103): Failed to find ELF magic in /system/framework/com.google.android.maps.odex: dey
03-11 16:15:20.662 I/iu.UploadsManager( 3064): End new media; added: 0, uploading: 0, time: 37 ms
03-11 16:15:20.682 I/iu.FingerprintManager( 3064): Start processing all media
03-11 16:15:20.682 I/iu.FingerprintManager( 3064): Start processing media store URI: content://media/external/images/media
03-11 16:15:20.692 D/CatchMeIfYouCan( 3103): Process (<default>) ca: '/data/data/com.facebook.katana/app_cmiyc/A1657CCD543F12E66E587EE52ED9D802E22AAC4701'
03-11 16:15:20.692 D/CatchMeIfYouCan( 3103): Process (<default>) fc: '/data/data/com.facebook.katana/app_cmiyc/A1657CCD543F12E66E587EE52ED9D802E22AAC4702'
03-11 16:15:20.692 D/CatchMeIfYouCan( 3103): Process (<default>) cp: '('default', 3, 120000, silent [true], restart [false], logout [false])'
03-11 16:15:20.702 I/iu.FingerprintManager( 3064): Start processing media store URI: content://media/external/video/media
03-11 16:15:20.702 I/iu.FingerprintManager( 3064): Start processing media store URI: content://media/phoneStorage/images/media
03-11 16:15:20.702 D/ACRA    ( 3103): ACRA is enabled for com.facebook.katana, intializing...
03-11 16:15:20.702 I/iu.FingerprintManager( 3064): Start processing media store URI: content://media/phoneStorage/video/media
03-11 16:15:20.712 I/iu.FingerprintManager( 3064): Finished generating fingerprints; 0.030 seconds
03-11 16:15:20.712 I/iu.FingerprintManager( 3064):   numSeen=178 numGenerated=0 numDeleted=0 numFailed=0
03-11 16:15:20.712 D/ACRA    ( 3103): Looking for error files in /data/data/com.facebook.katana/app_acra-reports
03-11 16:15:20.712 D/ACRA    ( 3103): Looking for error files in /data/data/com.facebook.katana/app_minidumps
03-11 16:15:20.722 W/SystemClassLoaderAdder( 3103): Could not find zipFile entry corresponding to path /data/app/com.facebook.katana-1.apk
03-11 16:15:20.732 V/DexLibLoader( 3103): Preparing secondary program dexes.
03-11 16:15:20.732 V/DexLibLoader( 3103): Loaded 2 raw lines of metadata.
03-11 16:15:20.732 V/DexLibLoader( 3103): Secondary program dex metadata: secondary-1.dex.jar.xz 188f1cf98e7929d7457e2cdf72a0777981e1fc27 secondary.dex01.Canary
03-11 16:15:20.732 V/DexLibLoader( 3103): Secondary program dex metadata: secondary-2.dex.jar.xz 14314443648960c2f9d1e4924306d1af2de75315 secondary.dex02.Canary
03-11 16:15:20.732 W/DexLibLoader( 3103): Unexpected file in program dex directory: /data/data/com.facebook.katana/app_secondary_program_dex/temp_dex_lock
03-11 16:15:20.732 V/DexLibLoader( 3103): Preparing to extract secondary-1.dex.jar.xz to /data/data/com.facebook.katana/app_secondary_program_dex/program-188f1cf98e7929d7457e2cdf72a0777981e1fc2731a2345d.dex.jar
03-11 16:15:20.732 V/DexLibLoader( 3103): Dex already copied
03-11 16:15:20.732 D/OdexVerifier( 3103): Odex verification is skipped. OS version not supported.
03-11 16:15:20.732 V/DexLibLoader( 3103): Creating class loader
03-11 16:15:20.732 V/DexLibLoader( 3103): Finished creating class loader
03-11 16:15:20.732 V/DexLibLoader( 3103): Preparing to extract secondary-2.dex.jar.xz to /data/data/com.facebook.katana/app_secondary_program_dex/program-14314443648960c2f9d1e4924306d1af2de7531531a2345d.dex.jar
03-11 16:15:20.732 V/DexLibLoader( 3103): Dex already copied
03-11 16:15:20.732 D/OdexVerifier( 3103): Odex verification is skipped. OS version not supported.
03-11 16:15:20.732 V/DexLibLoader( 3103): Creating class loader
03-11 16:15:20.732 V/DexLibLoader( 3103): Finished creating class loader
03-11 16:15:20.732 V/DexLibLoader( 3103): Verifying classes from secondary dexes.
03-11 16:15:20.742 D/DexLibLoader( 3103): DexLibLoader.ensureDexLoaded took 18 ms
03-11 16:15:20.932 W/art     ( 3103): Verification of void com.facebook.katana.app.module.FbandroidAppModule.a() took 104.128802ms
03-11 16:15:21.162 I/art     ( 3103): Heap trim of managed (duration=1.615520ms, advised=56KB) and native (duration=976.563us, advised=32KB) heaps. Managed heap utilization of 68%.
03-11 16:15:21.732 W/art     ( 3103): Before Android 4.1, method void com.facebook.reflex.view.AbstractListView.invalidate(boolean) would have incorrectly overridden the package-private method in android.view.View
03-11 16:15:21.752 W/art     ( 3103): Before Android 4.1, method void com.facebook.reflex.view.GalleryViewAutoReflex.invalidate(boolean) would have incorrectly overridden the package-private method in android.view.View
03-11 16:15:21.762 W/art     ( 3103): Before Android 4.1, method void com.facebook.reflex.view.GalleryView.invalidate(boolean) would have incorrectly overridden the package-private method in android.view.View
03-11 16:15:21.772 W/art     ( 3103): Before Android 4.1, method void com.facebook.reflex.view.HorizontalScrollViewAutoReflex.invalidate(boolean) would have incorrectly overridden the package-private method in android.view.View
03-11 16:15:21.772 W/art     ( 3103): Before Android 4.1, method void com.facebook.reflex.view.HorizontalScrollView.invalidate(boolean) would have incorrectly overridden the package-private method in android.view.View
03-11 16:15:21.782 W/art     ( 3103): Before Android 4.1, method void com.facebook.reflex.view.ImageViewAutoReflex.invalidate(boolean) would have incorrectly overridden the package-private method in android.view.View
03-11 16:15:21.782 W/art     ( 3103): Before Android 4.1, method void com.facebook.reflex.view.ScrollViewAutoReflex.invalidate(boolean) would have incorrectly overridden the package-private method in android.view.View
03-11 16:15:21.792 W/art     ( 3103): Before Android 4.1, method void com.facebook.reflex.view.ScrollView.invalidate(boolean) would have incorrectly overridden the package-private method in android.view.View
03-11 16:15:21.812 W/art     ( 3103): Before Android 4.1, method void com.facebook.reflex.view.ViewPagerAutoReflex.invalidate(boolean) would have incorrectly overridden the package-private method in android.view.View
03-11 16:15:21.812 W/art     ( 3103): Before Android 4.1, method void com.facebook.reflex.view.ViewPager.invalidate(boolean) would have incorrectly overridden the package-private method in android.view.View
03-11 16:15:22.642 W/art     ( 3103): Before Android 4.1, method void com.facebook.reflex.view.FrameLayoutAutoReflex.invalidate(boolean) would have incorrectly overridden the package-private method in android.view.View
03-11 16:15:22.652 W/art     ( 3103): Before Android 4.1, method void com.facebook.reflex.view.FrameLayout.invalidate(boolean) would have incorrectly overridden the package-private method in android.view.View
03-11 16:15:22.712 D/AlertService( 2436): Beginning updateAlertNotification
03-11 16:15:22.752 D/AlertService( 2436): No fired or scheduled alerts
03-11 16:15:22.752 D/AlertService( 2436): Scheduling next alarm with AlarmScheduler. sEventReminderReceived: null
03-11 16:15:22.762 D/AlarmScheduler( 2436): Query result count for events starting within 1 week: 3
03-11 16:15:22.792 W/art     ( 3103): Before Android 4.1, method void com.facebook.messaging.reflex.SwipableOverlayLayoutAutoReflex.invalidate(boolean) would have incorrectly overridden the package-private method in android.view.View
03-11 16:15:22.792 W/art     ( 3103): Before Android 4.1, method void com.facebook.messaging.reflex.SwipableOverlayLayout.invalidate(boolean) would have incorrectly overridden the package-private method in android.view.View
03-11 16:15:22.812 I/ActivityManager(  769): Killing 2636:com.laurencedawson.reddit_sync:remote/u0a80 (adj 15): empty #17
03-11 16:15:22.972 E/FbInjectorInitializer( 3103): Multi-binding Key[type=com.facebook.common.init.INeedInit, annotation=[none]] wasn't declared.
03-11 16:15:23.292 W/fb4a(:<default>):BaseAnalyticsConfig( 3103): willEventBeLogged() called before shared prefs were initialized! Defaulting to true.
03-11 16:15:23.292 W/fb4a(:<default>):BaseAnalyticsConfig( 3103): willEventBeLogged() called before shared prefs were initialized! Defaulting to true.
03-11 16:15:23.422 W/art     (  182): Could not get current activity
03-11 16:15:23.422 W/fb4a(:<default>):UserScope( 3103): Called user scoped provider with no viewer. ViewerContextManager was created with no ViewerContext. Using EmptyViewerContextManager to return fake logged in instance.
03-11 16:15:23.422 I/ActivityManager(  769): Start proc com.devhd.feedly for broadcast com.devhd.feedly/.widget.FeedlyWidgetProvider: pid=3127 uid=10088 gids={50088, 3003, 1028, 1015}
03-11 16:15:23.422 I/ActivityManager(  769): Killing 2678:com.laurencedawson.reddit_sync/u0a80 (adj 15): empty #17
03-11 16:15:23.442 W/fb4a(:<default>):ViewerContextManagerForUserScope( 3103): User no longer logged in. Original uid: 0, viewer context: null, is_logged_in: false. Returning original viewer context.
03-11 16:15:23.452 W/fb4a(:<default>):UserScope( 3103): Called user scoped provider with no viewer. ViewerContextManager was created with no ViewerContext. Using EmptyViewerContextManager to return fake logged in instance.
03-11 16:15:23.512 I/widget.provider( 3127): com.devhd.feedly.widget.FeedlyWidgetProvider onReceive: android.net.conn.CONNECTIVITY_CHANGE
03-11 16:15:23.512 W/widget.data( 3127): **** creating widget[0] data model object ****
03-11 16:15:23.552 D/GCM     ( 1240): GcmService start Intent { act=android.net.conn.CONNECTIVITY_CHANGE flg=0x4000010 cmp=com.google.android.gms/.gcm.GcmService (has extras) } android.net.conn.CONNECTIVITY_CHANGE
03-11 16:15:23.552 D/YouTube ( 3003): apps.youtube.app.prefetch.PrefetchService$DeviceStateReceiver.onReceive:565 Got device state change intent: android.net.conn.CONNECTIVITY_CHANGE
03-11 16:15:23.552 I/GCM     ( 1240): requestRouteToHost: failed!
03-11 16:15:23.552 I/ActivityManager(  769): Killing 2716:com.onelouder.baconreader/u0a81 (adj 15): empty #17
03-11 16:15:23.562 I/iu.Environment( 3064): update connectivity state; isNetworkMetered? true, isRoaming? false, isBackgroundDataAllowed? true
03-11 16:15:23.562 D/YouTube ( 3003): apps.youtube.app.prefetch.PrefetchService.onStartCommand:167 PrefetchService started at 11 Mar 2014 14:15:23 GMT
03-11 16:15:23.562 D/YouTube ( 3003): apps.youtube.app.prefetch.PrefetchService.p_:245 Download snapshot restored
03-11 16:15:23.562 D/YouTube ( 3003): apps.youtube.app.prefetch.PrefetchService.onDestroy:215 PrefetchService destroyed at 11 Mar 2014 14:15:23 GMT
03-11 16:15:23.732 W/BroadcastQueue(  769): Permission Denial: broadcasting Intent { act=android.net.conn.INET_CONDITION_ACTION flg=0x4000010 (has extras) } from null (pid=-1, uid=-1) requires com.facebook.permission.prod.FB_APP_COMMUNICATION due to registered receiver BroadcastFilter{659e6800 u0 ReceiverList{659e67c0 3103 com.facebook.katana/10077/u0 remote:65aba500}}
03-11 16:15:23.732 W/BroadcastQueue(  769): Permission Denial: broadcasting Intent { act=android.net.conn.CONNECTIVITY_CHANGE flg=0x4000010 (has extras) } from null (pid=-1, uid=-1) requires com.facebook.permission.prod.FB_APP_COMMUNICATION due to registered receiver BroadcastFilter{659e6800 u0 ReceiverList{659e67c0 3103 com.facebook.katana/10077/u0 remote:65aba500}}
03-11 16:15:23.732 W/BroadcastQueue(  769): Permission Denial: broadcasting Intent { act=android.net.conn.CONNECTIVITY_CHANGE flg=0x4000010 (has extras) } from null (pid=-1, uid=-1) requires com.facebook.permission.prod.FB_APP_COMMUNICATION due to registered receiver BroadcastFilter{65defcc0 u0 ReceiverList{65e029f0 3103 com.facebook.katana/10077/u0 remote:65ea1138}}
03-11 16:15:23.802 I/widget.provider( 3127): com.devhd.feedly.widget.FeedlyWidgetProvider onReceive: android.net.conn.CONNECTIVITY_CHANGE
03-11 16:15:23.802 D/GCoreFlp( 1197): Unknown pending intent to remove.
03-11 16:15:23.812 D/GCM     ( 1240): GcmService start Intent { act=com.google.android.gms.INITIALIZE flg=0x10 pkg=com.google.android.gms cmp=com.google.android.gms/.gcm.GcmService } com.google.android.gms.INITIALIZE
03-11 16:15:23.832 I/ActivityManager(  769): Start proc com.google.android.talk for broadcast com.google.android.talk/com.google.android.apps.babel.realtimechat.RealTimeChatService$AlarmReceiver: pid=3164 uid=10051 gids={50051, 3003, 1028, 1015, 3002}
03-11 16:15:23.872 W/art     ( 3164): Failed to find ELF magic in /system/framework/com.google.android.media.effects.odex: dey
03-11 16:15:23.942 I/MmsConfig( 3164): MmsConfig.init: mnc/mcc: 244/21
03-11 16:15:23.942 I/Babel   ( 3164): ### loadDeviceMmsSettings from API: mUserAgent=Nexus5, mUaProfUrl=http://gsm.lge.com/html/gsm/Nexus5-M3.xml
03-11 16:15:23.942 V/MmsConfig( 3164): tag: bool value: enabledMMS - true
03-11 16:15:23.942 V/MmsConfig( 3164): tag: int value: maxMessageSize - 307200
03-11 16:15:23.942 V/MmsConfig( 3164): tag: int value: maxImageHeight - 480
03-11 16:15:23.942 V/MmsConfig( 3164): tag: int value: maxImageWidth - 640
03-11 16:15:23.942 V/MmsConfig( 3164): tag: int value: recipientLimit - -1
03-11 16:15:23.942 V/MmsConfig( 3164): tag: bool value: enableMultipartSMS - true
03-11 16:15:23.942 V/MmsConfig( 3164): tag: int value: smsToMmsTextThreshold - -1
03-11 16:15:23.942 V/MmsConfig( 3164): tag: int value: maxMessageTextSize - -1
03-11 16:15:23.942 I/Babel   ( 3164): ### loadMmsSettings: mUserAgent=Nexus5, mUaProfUrl=http://gsm.lge.com/html/gsm/Nexus5-M3.xml
03-11 16:15:23.942 W/Settings( 3164): Setting airplane_mode_on has moved from android.provider.Settings.System to android.provider.Settings.Global, returning read-only value.
03-11 16:15:23.962 W/GAV2    ( 2922): Thread[GAThread,5,main]: Service unavailable (code=1), will retry.
03-11 16:15:23.962 I/GAV2    ( 2922): Thread[GAThread,5,main]: No campaign data found.
03-11 16:15:23.962 W/ActivityManager(  769): Unable to start service Intent { act=com.google.android.gms.analytics.service.START cmp=com.google.android.gms/.analytics.service.AnalyticsService (has extras) } U=0: not found
03-11 16:15:23.982 I/art     ( 1240): Heap trim of managed (duration=1.114531ms, advised=108KB) and native (duration=873.177us, advised=0B) heaps. Managed heap utilization of 74%.
03-11 16:15:24.012 I/art     (  769): Heap trim of managed (duration=7.591978ms, advised=3MB) and native (duration=1.442084ms, advised=724KB) heaps. Managed heap utilization of 57%.
03-11 16:15:24.052 D/AlertReceiver( 2436): onReceive: a=android.intent.action.PROVIDER_CHANGED Intent { act=android.intent.action.PROVIDER_CHANGED dat=content://com.android.calendar flg=0x10 cmp=com.google.android.calendar/com.android.calendar.alerts.AlertReceiver }
03-11 16:15:24.052 D/AlertService( 2436): 0 Action = android.intent.action.PROVIDER_CHANGED
03-11 16:15:24.052 I/ActivityManager(  769): Delay finish: com.google.android.calendar/com.android.calendar.alerts.AlertReceiver
03-11 16:15:24.192 I/ActivityManager(  769): Resuming delayed broadcast
03-11 16:15:24.192 I/ActivityManager(  769): Killing 2738:org.thoughtcrime.securesms/u0a84 (adj 15): empty #17
03-11 16:15:24.212 D/GCM     ( 1240): GcmService start Intent { act=android.net.conn.CONNECTIVITY_CHANGE flg=0x4000010 cmp=com.google.android.gms/.gcm.GcmService (has extras) } android.net.conn.CONNECTIVITY_CHANGE
03-11 16:15:24.222 D/YouTube ( 3003): apps.youtube.app.prefetch.PrefetchService$DeviceStateReceiver.onReceive:565 Got device state change intent: android.net.conn.CONNECTIVITY_CHANGE
03-11 16:15:24.232 I/iu.Environment( 3064): update connectivity state; isNetworkMetered? true, isRoaming? false, isBackgroundDataAllowed? true
03-11 16:15:24.232 D/YouTube ( 3003): apps.youtube.app.prefetch.PrefetchService.onStartCommand:167 PrefetchService started at 11 Mar 2014 14:15:24 GMT
03-11 16:15:24.232 D/YouTube ( 3003): apps.youtube.app.prefetch.PrefetchService.p_:245 Download snapshot restored
03-11 16:15:24.232 D/YouTube ( 3003): apps.youtube.app.prefetch.PrefetchService.onDestroy:215 PrefetchService destroyed at 11 Mar 2014 14:15:24 GMT
03-11 16:15:24.242 W/GAV2    ( 2952): Thread[GAThread,5,main]: Service unavailable (code=1), will retry.
03-11 16:15:24.242 W/ActivityManager(  769): Unable to start service Intent { act=com.google.android.gms.analytics.service.START cmp=com.google.android.gms/.analytics.service.AnalyticsService (has extras) } U=0: not found
03-11 16:15:24.262 I/GAV2    ( 2952): Thread[GAThread,5,main]: No campaign data found.
03-11 16:15:24.312 I/art     ( 3164): WaitForConcurrentGcToComplete blocked for 7.094739ms
03-11 16:15:24.522 I/widget.provider( 3127): com.devhd.feedly.widget.FeedlyWidgetProvider onReceive: android.net.conn.CONNECTIVITY_CHANGE
03-11 16:15:24.542 D/GCM     ( 1240): GcmService start Intent { act=android.net.conn.CONNECTIVITY_CHANGE flg=0x4000010 cmp=com.google.android.gms/.gcm.GcmService (has extras) } android.net.conn.CONNECTIVITY_CHANGE
03-11 16:15:24.542 D/YouTube ( 3003): apps.youtube.app.prefetch.PrefetchService$DeviceStateReceiver.onReceive:565 Got device state change intent: android.net.conn.CONNECTIVITY_CHANGE
03-11 16:15:24.542 D/YouTube ( 3003): apps.youtube.app.prefetch.PrefetchService.onStartCommand:167 PrefetchService started at 11 Mar 2014 14:15:24 GMT
03-11 16:15:24.552 D/YouTube ( 3003): apps.youtube.app.prefetch.PrefetchService.p_:245 Download snapshot restored
03-11 16:15:24.552 I/iu.Environment( 3064): update connectivity state; isNetworkMetered? true, isRoaming? false, isBackgroundDataAllowed? true
03-11 16:15:24.552 I/widget.provider( 3127): com.devhd.feedly.widget.FeedlyWidgetProvider onReceive: android.net.conn.CONNECTIVITY_CHANGE
03-11 16:15:24.552 D/YouTube ( 3003): apps.youtube.app.prefetch.PrefetchService.onDestroy:215 PrefetchService destroyed at 11 Mar 2014 14:15:24 GMT
03-11 16:15:24.552 I/ActivityManager(  769): Delay finish: com.google.android.gm/.MailIntentReceiver
03-11 16:15:24.552 I/ActivityManager(  769): Resuming delayed broadcast
03-11 16:15:24.562 I/ActivityManager(  769): Delay finish: com.google.android.gm/.GmailReceiver
03-11 16:15:24.572 I/ActivityManager(  769): Resuming delayed broadcast
03-11 16:15:24.572 I/ActivityManager(  769): Delay finish: com.google.android.gm/.GmailReceiver
03-11 16:15:24.582 I/NotifUtils( 2529): Validating Notification, mapSize: 0 getAttention: true ignoreUnobtrusive: false
03-11 16:15:24.592 I/NotifUtils( 2529): validateNotifications - cancelling account -2040901717 / folder 3019
03-11 16:15:24.592 I/ActivityManager(  769): Resuming delayed broadcast
03-11 16:15:24.612 I/ActivityManager(  769): Start proc org.mozilla.fennec for broadcast org.mozilla.fennec/org.mozilla.gecko.background.announcements.AnnouncementsBroadcastReceiver: pid=3236 uid=10075 gids={50075, 3003, 1028, 1015}
03-11 16:15:24.682 I/ActivityManager(  769): Delay finish: org.mozilla.fennec/org.mozilla.gecko.background.announcements.AnnouncementsBroadcastReceiver
03-11 16:15:24.692 I/GeckoAnnounce( 3236): fennec :: AnnounceBrSvc :: Registering AnnouncementsService.
03-11 16:15:24.702 I/GeckoAnnounce( 3236): fennec :: BackgroundService :: Setting inexact repeating alarm for interval 43200000
03-11 16:15:24.702 I/ActivityManager(  769): Resuming delayed broadcast
03-11 16:15:24.702 I/ActivityManager(  769): Delay finish: org.mozilla.fennec/org.mozilla.gecko.background.healthreport.HealthReportBroadcastReceiver
03-11 16:15:24.722 D/ConnectivityService(  769): handleInetConditionHoldEnd: net=0, condition=100, published condition=100
03-11 16:15:24.732 I/GeckoHealth( 3236): fennec :: HealthReportBroadcastService :: Registering HealthReportUploadService.
03-11 16:15:24.732 I/GeckoHealth( 3236): fennec :: BackgroundService :: Setting inexact repeating alarm for interval 3600000
03-11 16:15:24.732 I/ActivityManager(  769): Resuming delayed broadcast
03-11 16:15:24.732 I/ActivityManager(  769): Delay finish: org.mozilla.fennec/org.mozilla.gecko.background.healthreport.HealthReportBroadcastReceiver
03-11 16:15:24.742 I/GeckoHealth( 3236): fennec :: HealthReportBroadcastService :: Registering HealthReportPruneService.
03-11 16:15:24.742 I/GeckoHealth( 3236): fennec :: BackgroundService :: Setting inexact repeating alarm for interval 86400000
03-11 16:15:24.742 I/ActivityManager(  769): Resuming delayed broadcast
03-11 16:15:24.742 I/ActivityManager(  769): Killing 2799:com.qualcomm.timeservice/u0a68 (adj 15): empty #17
03-11 16:15:24.752 D/PackageBroadcastService( 1017): Received broadcast action=android.intent.action.PACKAGE_CHANGED and uri=com.android.stk
03-11 16:15:24.782 I/ActivityManager(  769): Delay finish: com.google.android.apps.plus/.service.PackagesMediaMonitor
03-11 16:15:24.792 I/ActivityManager(  769): Resuming delayed broadcast
03-11 16:15:24.802 I/ActivityManager(  769): Start proc com.google.android.googlequicksearchbox:search for broadcast com.google.android.googlequicksearchbox/com.google.android.search.core.summons.icing.InternalIcingCorporaProvider$CorporaChangedReceiver: pid=3264 uid=10019 gids={50019, 3003, 1028, 3002, 1015}
03-11 16:15:24.822 I/PeopleContactsSync( 1017): CP2 sync disabled
03-11 16:15:24.872 W/GAV2    ( 2529): Thread[Service Reconnect,5,main]: Service unavailable (code=1), using local store.
03-11 16:15:24.872 W/ActivityManager(  769): Unable to start service Intent { act=com.google.android.gms.analytics.service.START cmp=com.google.android.gms/.analytics.service.AnalyticsService (has extras) } U=0: not found
03-11 16:15:24.912 I/Icing.InternalIcingCorporaProvider( 3264): Updating corpora: A: com.android.stk, C: MAYBE
03-11 16:15:24.912 I/ActivityManager(  769): Delay finish: com.google.android.googlequicksearchbox/com.google.android.search.core.summons.icing.InternalIcingCorporaProvider$CorporaChangedReceiver
03-11 16:15:24.942 I/ActivityManager(  769): Start proc com.google.android.partnersetup for content provider com.google.android.partnersetup/.RlzAppProvider: pid=3293 uid=10011 gids={50011, 3003}
03-11 16:15:24.972 W/art     ( 3293): Failed to find ELF magic in /system/priv-app/GooglePartnerSetup.odex: dey
03-11 16:15:25.002 I/ActivityManager(  769): Killing 2138:com.google.android.keep/u0a52 (adj 15): empty #17
03-11 16:15:25.022 W/fb4a(:<default>):UserScope( 3103): Called user scoped provider with no viewer. ViewerContextManager was created with no ViewerContext. Using EmptyViewerContextManager to return fake logged in instance.
03-11 16:15:25.022 W/fb4a(:<default>):UserScope( 3103): Called user scoped provider with no viewer. ViewerContextManager was created with no ViewerContext. Using EmptyViewerContextManager to return fake logged in instance.
03-11 16:15:25.242 E/fb4a(:<default>):LocalFbBroadcastManager( 3103): Called registerBroadcastReceiver twice.
03-11 16:15:25.362 I/art     ( 1017): Heap trim of managed (duration=2.145104ms, advised=712KB) and native (duration=1.055573ms, advised=24KB) heaps. Managed heap utilization of 45%.
03-11 16:15:25.402 W/Launcher( 1105): setApplicationContext called twice! old=com.google.android.velvet.VelvetApplication@655c8938 new=com.google.android.velvet.VelvetApplication@655c8938
03-11 16:15:25.402 I/ActivityManager(  769): Resuming delayed broadcast
03-11 16:15:25.402 I/ActivityManager(  769): Killing 2775:com.google.android.deskclock/u0a33 (adj 15): empty #17
03-11 16:15:25.472 W/GAV2    ( 3064): Thread[GAThread,5,main]: Service unavailable (code=1), will retry.
03-11 16:15:25.472 W/ActivityManager(  769): Unable to start service Intent { act=com.google.android.gms.analytics.service.START cmp=com.google.android.gms/.analytics.service.AnalyticsService (has extras) } U=0: not found
03-11 16:15:25.492 I/GAV2    ( 3064): Thread[GAThread,5,main]: No campaign data found.
03-11 16:15:26.412 I/Icing   ( 1017): Indexing 667B6FACEE5159635D04097E2A71E1797FB1DEAB from com.google.android.googlequicksearchbox
03-11 16:15:26.512 I/Icing   ( 1017): Indexing done 667B6FACEE5159635D04097E2A71E1797FB1DEAB
03-11 16:15:27.402 I/ActivityManager(  769): Delay finish: com.google.android.music/.leanback.AutoCacheSchedulingService$EnablingReceiver
03-11 16:15:27.432 W/ContextImpl( 2824): Implicit intents with startService are not safe: Intent { act=com.google.android.music.NETWORK_MONITOR_SERVICE } android.content.ContextWrapper.bindService:517 com.google.android.music.utils.SafeServiceConnection$ServiceConnectionImp.bindService:98 com.google.android.music.utils.SafeServiceConnection.bindService:259 
03-11 16:15:27.432 W/ContextImpl( 2824): Implicit intents with startService are not safe: Intent { act=com.google.android.music.NETWORK_MONITOR_SERVICE } android.content.ContextWrapper.bindService:517 com.google.android.music.utils.SafeServiceConnection$ServiceConnectionImp.bindService:98 com.google.android.music.utils.SafeServiceConnection.bindService:259 
03-11 16:15:27.442 D/CacheService( 2824): onCreate
03-11 16:15:27.452 D/CacheService( 2824): onBind
03-11 16:15:27.472 I/MusicLeanback( 2824): Conditions not met for autocaching.
03-11 16:15:27.472 I/MusicLeanback( 2824): Stop autocaching.
03-11 16:15:27.472 D/CacheService( 2824): onDestroy
03-11 16:15:27.472 I/ActivityManager(  769): Resuming delayed broadcast
03-11 16:15:27.992 V/QcrilMsgTunnelSocket( 1951): After reading offset = 0 remaining = 4 countRead = 4
03-11 16:15:27.992 D/QcrilMsgTunnelSocket( 1951): messageLength extracted from first 4 inputStream reads = 29
03-11 16:15:28.002 V/QcrilMsgTunnelSocket( 1951): offset = 0 remaining = 29 countRead = 0
03-11 16:15:28.002 V/QcrilMsgTunnelSocket( 1951): offset = 0 remaining = 29 countRead = 29
