03-11 16:14:44.504 I/art     (  182): Thread[1,tid=182,WaitingForJniOnLoad,Thread*=0x41e26928,peer=0x6461dac8,"main"] recursive attempt to load library "/system/lib/libmedia_jni.so"
03-11 16:14:44.544 I/rmt_storage(  177): rmt_storage_client_thread: /boot/modem_fs2: clnt_h=0x2: req_h=0x9 msg_id=3: Bytes written = 1572864
03-11 16:14:44.544 I/rmt_storage(  177): rmt_storage_client_thread: /boot/modem_fs2: clnt_h=0x2: req_h=0x9 msg_id=3: Send response: res=0 err=0
03-11 16:14:44.544 I/rmt_storage(  177): rmt_storage_client_thread: /boot/modem_fs2: clnt_h=0x2 About to block rmt_storage client thread (th_id: -1199685088) wakelock released: 1, error no: 0
03-11 16:14:44.544 I/rmt_storage(  177): 
03-11 16:14:44.544 I/rmt_storage(  177): rmt_storage_disconnect_cb: clnt_h=0x0x5 conn_h=0x0xb87e4160
03-11 16:14:44.664 E/EmojiFactory_jni(  182): Failed to load libemoji.so: dlopen failed: library "libemoji.so" not found
03-11 16:14:44.734 I/LibraryLoader(  182): loading: webviewchromium
03-11 16:14:44.894 I/LibraryLoader(  182): loaded: webviewchromium
03-11 16:14:45.074 W/Zygote  (  182): Class not found for preloading: java.lang.UnsafeByteSequence
03-11 16:14:45.194 I/System  (  182): Loaded time zone names for "" in 92ms (89ms in ICU)
03-11 16:14:45.234 I/System  (  182): Loaded time zone names for "en_US" in 37ms (31ms in ICU)
03-11 16:14:45.294 I/Zygote  (  182): ...preloaded 2777 classes in 1120ms.
03-11 16:14:45.304 I/Zygote  (  182): Preloading resources...
03-11 16:14:45.354 E/Sensors (  191): sns_debug_main.c(438):Debug Config File missing in EFS!
03-11 16:14:45.994 I/Zygote  (  182): ...preloaded 274 resources in 699ms.
03-11 16:14:46.043 E/Diag_Lib(  180):  Diag_LSM_Init: Failed to open handle to diag driver, error = 2
03-11 16:14:46.053 I/Zygote  (  182): ...preloaded 31 resources in 55ms.
03-11 16:14:46.053 D/libEGL  (  182): loaded /vendor/lib/egl/libEGL_adreno.so
03-11 16:14:46.053 D/libEGL  (  182): loaded /vendor/lib/egl/libGLESv1_CM_adreno.so
03-11 16:14:46.053 D/libEGL  (  182): loaded /vendor/lib/egl/libGLESv2_adreno.so
03-11 16:14:46.063 E/QC-time-services(  198): Daemon:genoff_modem_qmi_init: qmi_client_get_service_list returned 0num_services 1
03-11 16:14:46.074 E/ThermalEngine(  194): qmi: Instance id 25 for fusion TS
03-11 16:14:46.074 D/QC-time-services(  198): Daemon:genoff_modem_qmi_init: Initial transaction successfull
03-11 16:14:46.074 D/QC-time-services(  198): Daemon:tod_update_ind_cb: Got Update from modem msg_id 40
03-11 16:14:46.074 D/QC-time-services(  198): Daemon: Time-services: All initializations done
03-11 16:14:46.074 D/QC-time-services(  198): Daemon: Time-services: Waiting to acceptconnection
03-11 16:14:46.074 E/QMI_FW  (  180): [LGE_VSS_QCCI][AP]Daemon:qcci_qmi_lge_vs_nv_init: qmi_client_get_service_list returned 0 num_services 1
03-11 16:14:46.074 I/ThermalEngine(  194): MODEM thermal mitigation available.
03-11 16:14:46.084 I/ThermalEngine(  194): ADSP thermal mitigation available.
03-11 16:14:46.084 I/ThermalEngine(  194): ACTION: MODEM - Pending request: pa mitigation succeeded for level 0.
03-11 16:14:46.084 I/ThermalEngine(  194): ACTION: MODEM - Pending request: cpuv_restriction_cold mitigation succeeded for level 0.
03-11 16:14:46.084 E/QMI_FW  (  180): [LGE_VSS_QCCI][AP] qmi_client_get_service_list() returned 0 num_entries = 1 num_services = 1
03-11 16:14:46.084 I/ThermalEngine(  194): ACTION: ADSP - Pending request: cpuv_restriction_cold mitigation succeeded for level 0.
03-11 16:14:46.084 E/QMI_FW  (  180): [LGE_VSS_QCCI][AP] qmi_client_init returned 0
03-11 16:14:46.084 I/art     (  182): System server process 769 has been created
03-11 16:14:46.094 I/Zygote  (  182): Accepting command socket connections
03-11 16:14:46.144 D/SensorService(  769): nuSensorService starting...
03-11 16:14:46.144 I/SystemServer(  769): Entered the Android system server!
03-11 16:14:46.154 I/libsensor1(  769): sensor1_init_once: Setting log level to 4
03-11 16:14:46.154 I/qcom_sensors_hal(  769): hal_init: Setting log level to 4
03-11 16:14:47.393 E/Sensors (  191): sns_smr_util.c(104):Unable to initialize service 259 with QCCI, timed out (2000 ms)
03-11 16:14:47.393 E/Sensors (  191): sns_acm_mr.c(388):Error getting info for service 3
03-11 16:14:47.443 I/SensorService(  769): MPU6515 Accelerometer
03-11 16:14:47.443 I/SensorService(  769): AK8963 Magnetometer
03-11 16:14:47.443 I/SensorService(  769): AK8963 Magnetometer Uncalibrated
03-11 16:14:47.443 I/SensorService(  769): MPU6515 Gyroscope
03-11 16:14:47.443 I/SensorService(  769): MPU6515 Gyroscope Uncalibrated
03-11 16:14:47.443 I/SensorService(  769): Proximity Proximity & Light
03-11 16:14:47.443 I/SensorService(  769): Light Proximity & Light
03-11 16:14:47.443 I/SensorService(  769): BMP280 Barometer
03-11 16:14:47.443 I/SensorService(  769): Gravity
03-11 16:14:47.443 I/SensorService(  769): Linear Acceleration
03-11 16:14:47.443 I/SensorService(  769): Rotation Vector
03-11 16:14:47.443 I/SensorService(  769): Step Detector
03-11 16:14:47.443 I/SensorService(  769): Step Counter
03-11 16:14:47.443 I/SensorService(  769): Significant Motion Detector
03-11 16:14:47.443 I/SensorService(  769): Game Rotation Vector
03-11 16:14:47.443 I/SensorService(  769): Geomagnetic Rotation Vector
03-11 16:14:47.443 I/SensorService(  769): Orientation
03-11 16:14:47.443 D/SensorService(  769): Max socket buffer size 1048576
03-11 16:14:47.443 D/SensorService(  769): nuSensorService thread starting...
03-11 16:14:47.453 I/installd(  185): new connection
03-11 16:14:47.453 I/SystemServer(  769): Waiting for installd to be ready.
03-11 16:14:47.453 I/Installer(  769): connecting...
03-11 16:14:47.453 I/SystemServer(  769): Power Manager
03-11 16:14:47.463 I/PowerHAL(  769): power_init
03-11 16:14:47.463 I/SystemServer(  769): Activity Manager
03-11 16:14:47.533 I/ActivityManager(  769): Memory class: 192
03-11 16:14:47.703 I/IntentFirewall(  769): Read new rules (A:0 B:0 S:0)
03-11 16:14:47.723 I/SystemServer(  769): Display Manager
03-11 16:14:47.723 I/SystemServer(  769): Telephony Registry
03-11 16:14:47.723 I/DisplayManagerService(  769): Display device added: DisplayDeviceInfo{"Built-in Screen": 1080 x 1920, 60.0 fps, density 480, 442.451 x 443.345 dpi, touch INTERNAL, rotation 0, type BUILT_IN, FLAG_DEFAULT_DISPLAY, FLAG_ROTATES_WITH_CONTENT, FLAG_SECURE, FLAG_SUPPORTS_PROTECTED_BUFFERS}
03-11 16:14:47.733 I/SystemServer(  769): Scheduling Policy
03-11 16:14:47.733 I/SystemServer(  769): Package Manager
03-11 16:14:47.823 D/SELinuxMMAC(  769): Couldn't find install policy /data/security/mac_permissions.xml
03-11 16:14:47.823 D/SELinuxMMAC(  769): Using install policy file /system/etc/security/mac_permissions.xml
03-11 16:14:47.853 E/mm-camera-intf(  184): mm_camera_open:  opened, break out while loop
03-11 16:14:47.853 E/mm-camera-intf(  184): mm_camera_open: cannot open control fd of '/dev/video1' (Connection timed out)
03-11 16:14:47.853 E/mm-camera-intf(  184): camera_open: mm_camera_open err = -1
03-11 16:14:47.853 E/QCamera3HWI(  184): static int qcamera::QCamera3HardwareInterface::initCapabilities(int): camera_open failed
03-11 16:14:47.853 E/mm-camera-intf(  184): mm_camera_open: dev name = /dev/video2, cam_idx = 2
03-11 16:14:47.853 E/mm-camera-sensor(  197): module_sensor_start_session:577 session 2
03-11 16:14:47.923 W/art     (  769): Failed to find ELF magic in /system/framework/javax.obex.odex: dey
03-11 16:14:47.923 W/art     (  769): Failed to find ELF magic in /system/framework/com.google.android.media.effects.odex: dey
03-11 16:14:47.933 W/art     (  769): Failed to find ELF magic in /system/framework/com.android.future.usb.accessory.odex: dey
03-11 16:14:47.933 W/art     (  769): Failed to find ELF magic in /system/framework/android.test.runner.odex: dey
03-11 16:14:47.943 W/art     (  769): Failed to find ELF magic in /system/framework/com.google.widevine.software.drm.odex: dey
03-11 16:14:47.943 W/art     (  769): Failed to find ELF magic in /system/framework/com.google.android.camera2.odex: dey
03-11 16:14:47.943 W/art     (  769): Failed to find ELF magic in /system/framework/com.google.android.maps.odex: dey
03-11 16:14:47.953 W/art     (  769): Failed to find ELF magic in /system/framework/qcrilhook.odex: dey
03-11 16:14:47.953 W/art     (  769): Failed to find ELF magic in /system/framework/com.android.location.provider.odex: dey
03-11 16:14:47.953 W/art     (  769): Failed to find ELF magic in /system/framework/com.android.media.remotedisplay.odex: dey
03-11 16:14:47.963 W/art     (  769): Failed to find ELF magic in /system/framework/am.odex: dey
03-11 16:14:47.963 W/art     (  769): Failed to find ELF magic in /system/framework/android.test.runner.odex: dey
03-11 16:14:47.963 W/art     (  769): Failed to find ELF magic in /system/framework/bmgr.odex: dey
03-11 16:14:47.963 W/art     (  769): Failed to find ELF magic in /system/framework/bu.odex: dey
03-11 16:14:47.963 W/art     (  769): Failed to find ELF magic in /system/framework/com.android.future.usb.accessory.odex: dey
03-11 16:14:47.963 W/art     (  769): Failed to find ELF magic in /system/framework/com.android.location.provider.odex: dey
03-11 16:14:47.963 W/art     (  769): Failed to find ELF magic in /system/framework/com.android.nfc_extras.odex: dey
03-11 16:14:47.973 W/art     (  769): Failed to find ELF magic in /system/framework/com.google.android.camera2.odex: dey
03-11 16:14:47.973 W/art     (  769): Failed to find ELF magic in /system/framework/com.google.android.maps.odex: dey
03-11 16:14:47.973 W/art     (  769): Failed to find ELF magic in /system/framework/com.google.android.media.effects.odex: dey
03-11 16:14:47.973 W/art     (  769): Failed to find ELF magic in /system/framework/com.google.widevine.software.drm.odex: dey
03-11 16:14:47.973 W/art     (  769): Failed to find ELF magic in /system/framework/content.odex: dey
03-11 16:14:47.973 W/art     (  769): Failed to find ELF magic in /system/framework/core.odex: dey
03-11 16:14:47.983 W/art     (  769): Failed to find ELF magic in /system/framework/ime.odex: dey
03-11 16:14:47.983 W/art     (  769): Failed to find ELF magic in /system/framework/input.odex: dey
03-11 16:14:47.983 W/art     (  769): Failed to find ELF magic in /system/framework/javax.obex.odex: dey
03-11 16:14:47.983 W/art     (  769): Failed to find ELF magic in /system/framework/media_cmd.odex: dey
03-11 16:14:47.983 W/art     (  769): Failed to find ELF magic in /system/framework/monkey.odex: dey
03-11 16:14:47.983 E/Diag_Lib(  190):  Diag_LSM_Init: Failed to open handle to diag driver, error = 2
03-11 16:14:47.993 W/art     (  769): Failed to find ELF magic in /system/framework/pm.odex: dey
03-11 16:14:47.993 W/art     (  769): Failed to find ELF magic in /system/framework/qcrilhook.odex: dey
03-11 16:14:47.993 W/art     (  769): Failed to find ELF magic in /system/framework/requestsync.odex: dey
03-11 16:14:47.993 W/art     (  769): Failed to find ELF magic in /system/framework/settings.odex: dey
03-11 16:14:48.003 W/art     (  769): Failed to find ELF magic in /system/framework/svc.odex: dey
03-11 16:14:48.003 W/art     (  769): Failed to find ELF magic in /system/framework/uiautomator.odex: dey
03-11 16:14:48.003 W/art     (  769): Failed to find ELF magic in /system/framework/wm.odex: dey
03-11 16:14:48.003 W/art     (  769): Failed to find ELF magic in /system/framework/com.android.media.remotedisplay.odex: dey
03-11 16:14:48.053 W/art     (  769): Failed to find ELF magic in /system/priv-app/BackupRestoreConfirmation.odex: dey
03-11 16:14:48.063 W/art     (  769): Failed to find ELF magic in /system/priv-app/CalendarProvider.odex: dey
03-11 16:14:48.073 E/mm-camera-sensor(  197): module_sensor_init_session:471 ois device is not supported
03-11 16:14:48.073 E/mm-camera-sensor(  197): 
03-11 16:14:48.073 I/mm-camera(  197): gyro_module_start_session: Enter
03-11 16:14:48.073 I/mm-camera(  197): gyro_module_start_session: Init DSPS
03-11 16:14:48.073 I/libsensor1(  197): sensor1_init_once: Setting log level to 4
03-11 16:14:48.073 W/art     (  769): Failed to find ELF magic in /system/priv-app/ConfigUpdater.odex: dey
03-11 16:14:48.093 W/PackageParser(  769): No actions in intent filter at /system/priv-app/Contacts.apk Binary XML file line #375
03-11 16:14:48.103 W/art     (  769): Failed to find ELF magic in /system/priv-app/Contacts.odex: dey
03-11 16:14:48.113 W/art     (  769): Failed to find ELF magic in /system/priv-app/ContactsProvider.odex: dey
03-11 16:14:48.113 I/mm-camera(  197): gyro_module_start_session: Exit successful
03-11 16:14:48.113 I/mm-camera(  197): gyro_module_get_port: Exit successful
03-11 16:14:48.113 E/mm-camera(  197): cpp_module_start_session:352, info: starting session 2
03-11 16:14:48.123 W/art     (  769): Failed to find ELF magic in /system/priv-app/DefaultContainerService.odex: dey
03-11 16:14:48.123 W/art     (  769): Failed to find ELF magic in /system/priv-app/DownloadProvider.odex: dey
03-11 16:14:48.133 W/art     (  769): Failed to find ELF magic in /system/priv-app/ExternalStorageProvider.odex: dey
03-11 16:14:48.133 W/art     (  769): Failed to find ELF magic in /system/priv-app/FusedLocation.odex: dey
03-11 16:14:48.133 E/mm-camera(  197): cpp_thread_func:55: cpp_thread entering the polling loop...
03-11 16:14:48.133 E/mm-camera(  197): cpp_module_start_session:422, info: cpp_thread created.
03-11 16:14:48.133 E/mm-camera(  197): cpp_module_start_session:425, info: session 2 started.
03-11 16:14:48.133 E/mm-camera(  197): c2d_module_start_session:246, info: starting session 2
03-11 16:14:48.133 E/mm-camera(  197): c2d_thread_func:39: c2d_thread entering the polling loop...
03-11 16:14:48.133 E/mm-camera(  197): c2d_module_start_session:284, info: c2d_thread created.
03-11 16:14:48.143 E/mm-camera(  197): c2d_module_start_session:306, info: session 2 started.
03-11 16:14:48.143 E/mm-camera-sensor(  197): module_module_set_session_data:2435 max delay 2 report dSelay 1
03-11 16:14:48.143 E/mm-camera(  197): module_faceproc_set_session_data:1826] Per frame control 2 1
03-11 16:14:48.143 E/mm-camera-intf(  184): mm_camera_open:  opened, break out while loop
03-11 16:14:48.143 E/mm-camera(  197): mct_pipeline_process_set:command=800000b
03-11 16:14:48.143 E/mm-camera(  197): mct_pipeline_get_stream: no children
03-11 16:14:48.143 E/mm-camera(  197): mct_pipeline_process_set:1370: Couldn't find stream
03-11 16:14:48.143 E/mm-camera-sensor(  197): module_sensor_stop_session:630 session 2
03-11 16:14:48.143 W/art     (  769): Failed to find ELF magic in /system/priv-app/GoogleBackupTransport.odex: dey
03-11 16:14:48.173 W/PackageParser(  769): No actions in intent filter at /system/priv-app/GoogleDialer.apk Binary XML file line #183
03-11 16:14:48.183 W/art     (  769): Failed to find ELF magic in /system/priv-app/GoogleDialer.odex: dey
03-11 16:14:48.193 W/art     (  769): Failed to find ELF magic in /system/priv-app/GoogleFeedback.odex: dey
03-11 16:14:48.213 W/art     (  769): Failed to find ELF magic in /system/priv-app/GoogleLoginService.odex: dey
03-11 16:14:48.223 W/art     (  769): Failed to find ELF magic in /system/priv-app/GoogleOneTimeInitializer.odex: dey
03-11 16:14:48.233 W/art     (  769): Failed to find ELF magic in /system/priv-app/GooglePartnerSetup.odex: dey
03-11 16:14:48.233 E/mm-camera(  197): stats_module_stop_session: list =0xb891ff20, remove port =0xb89158d8 name=stats_sink from module=0xb8903778, name=stats
03-11 16:14:48.233 E/mm-camera(  197): stats_module_stop_session: 1 port =0xb89158d8 name=stats_sink 
03-11 16:14:48.233 E/mm-camera(  197): stats_module_stop_session: 2 port =0xb89158d8 name=stats_sink 
03-11 16:14:48.233 I/mm-camera(  197): gyro_module_stop_session: Enter
03-11 16:14:48.233 I/mm-camera(  197): gyro_module_stop_session: Deinit DSPS
03-11 16:14:48.233 I/mm-camera(  197): gyro_module_stop_session: Exit successful
03-11 16:14:48.233 E/mm-camera(  197): stats_module_stop_session: 3 port =0xb89158d8 name=stats_sink 
03-11 16:14:48.233 E/mm-camera(  197): cpp_module_stop_session:453, info: stopping session 2 ...
03-11 16:14:48.233 E/mm-camera(  197): cpp_thread_process_pipe_message:359, CPP_THREAD_MSG_ABORT: cpp_thread exiting..
03-11 16:14:48.233 E/mm-camera(  197): cpp_module_stop_session:495, info: session 2 stopped.
03-11 16:14:48.243 E/mm-camera(  197): c2d_module_stop_session:322, info: stopping session 2 ...
03-11 16:14:48.243 E/mm-camera(  197): c2d_module_stop_session:327, info: stopping c2d_thread...
03-11 16:14:48.243 E/mm-camera(  197): c2d_module_post_msg_to_thread:381, msg.type=1
03-11 16:14:48.243 E/mm-camera(  197): c2d_thread_process_pipe_message:503, C2D_THREAD_MSG_ABORT: c2d_thread exiting..
03-11 16:14:48.243 E/mm-camera(  197): c2d_module_stop_session:339, closing c2d subdev...
03-11 16:14:48.243 E/mm-camera(  197): c2d_module_stop_session:361, info: session 2 stopped.
03-11 16:14:48.243 D/QCamera3HWI(  184): static int8_t qcamera::QCamera3HardwareInterface::lookupFwkName(const qcamera::QCamera3HardwareInterface::QCameraMap*, int, int): Cannot find matching framework type
03-11 16:14:48.243 D/QCamera3HWI(  184): static int8_t qcamera::QCamera3HardwareInterface::lookupFwkName(const qcamera::QCamera3HardwareInterface::QCameraMap*, int, int): Cannot find matching framework type
03-11 16:14:48.243 D/QCamera3HWI(  184): static int8_t qcamera::QCamera3HardwareInterface::lookupFwkName(const qcamera::QCamera3HardwareInterface::QCameraMap*, int, int): Cannot find matching framework type
03-11 16:14:48.243 D/QCamera3HWI(  184): static int8_t qcamera::QCamera3HardwareInterface::lookupFwkName(const qcamera::QCamera3HardwareInterface::QCameraMap*, int, int): Cannot find matching framework type
03-11 16:14:48.243 D/QCamera3HWI(  184): static int8_t qcamera::QCamera3HardwareInterface::lookupFwkName(const qcamera::QCamera3HardwareInterface::QCameraMap*, int, int): Cannot find matching framework type
03-11 16:14:48.243 D/QCamera3HWI(  184): static int8_t qcamera::QCamera3HardwareInterface::lookupFwkName(const qcamera::QCamera3HardwareInterface::QCameraMap*, int, int): Cannot find matching framework type
03-11 16:14:48.243 D/QCamera3HWI(  184): static int8_t qcamera::QCamera3HardwareInterface::lookupFwkName(const qcamera::QCamera3HardwareInterface::QCameraMap*, int, int): Cannot find matching framework type
03-11 16:14:48.243 D/QCamera3HWI(  184): static int8_t qcamera::QCamera3HardwareInterface::lookupFwkName(const qcamera::QCamera3HardwareInterface::QCameraMap*, int, int): Cannot find matching framework type
03-11 16:14:48.243 I/CameraService(  184): Loaded "QCamera Module" camera module
03-11 16:14:48.243 I/AudioPolicyManagerBase(  184): loadAudioPolicyConfig() loaded /system/etc/audio_policy.conf
03-11 16:14:48.243 D/audio_hw_primary(  184): adev_open: enter
03-11 16:14:48.273 W/art     (  769): Failed to find ELF magic in /system/priv-app/GoogleServicesFramework.odex: dey
03-11 16:14:48.273 W/art     (  769): Failed to find ELF magic in /system/priv-app/InputDevices.odex: dey
03-11 16:14:48.283 W/ResourceType(  769): Failure getting entry for 0x7f050000 (t=4 e=0) in package 0 (error -75)
03-11 16:14:48.283 W/art     (  769): Failed to find ELF magic in /system/priv-app/Keyguard.odex: dey
03-11 16:14:48.293 W/art     (  769): Failed to find ELF magic in /system/priv-app/MediaProvider.odex: dey
03-11 16:14:48.303 W/art     (  769): Failed to find ELF magic in /system/priv-app/MusicFX.odex: dey
03-11 16:14:48.323 D/        (  184): [ACDB Command]->SW Minor/Major version mismatch warning /etc/Bluetooth_cal.acdb
03-11 16:14:48.323 D/        (  184): [ACDB Command]->ACDB Sw Major = 2, ACDB Sw Minor = 0
03-11 16:14:48.323 D/        (  184): [ACDB Command]->ACDB File Major = 1, ACDB File Minor = 3
03-11 16:14:48.323 D/        (  184): [ACDB Command]->SW Minor/Major version mismatch warning /etc/General_cal.acdb
03-11 16:14:48.323 D/        (  184): [ACDB Command]->ACDB Sw Major = 2, ACDB Sw Minor = 0
03-11 16:14:48.323 D/        (  184): [ACDB Command]->ACDB File Major = 1, ACDB File Minor = 3
03-11 16:14:48.323 D/        (  184): [ACDB Command]->SW Minor/Major version mismatch warning /etc/Global_cal.acdb
03-11 16:14:48.323 D/        (  184): [ACDB Command]->ACDB Sw Major = 2, ACDB Sw Minor = 0
03-11 16:14:48.323 D/        (  184): [ACDB Command]->ACDB File Major = 1, ACDB File Minor = 3
03-11 16:14:48.333 D/        (  184): [ACDB Command]->SW Minor/Major version mismatch warning /etc/Handset_cal.acdb
03-11 16:14:48.333 D/        (  184): [ACDB Command]->ACDB Sw Major = 2, ACDB Sw Minor = 0
03-11 16:14:48.333 D/        (  184): [ACDB Command]->ACDB File Major = 1, ACDB File Minor = 3
03-11 16:14:48.333 D/        (  184): [ACDB Command]->SW Minor/Major version mismatch warning /etc/Hdmi_cal.acdb
03-11 16:14:48.333 D/        (  184): [ACDB Command]->ACDB Sw Major = 2, ACDB Sw Minor = 0
03-11 16:14:48.333 D/        (  184): [ACDB Command]->ACDB File Major = 1, ACDB File Minor = 3
03-11 16:14:48.333 D/        (  184): [ACDB Command]->SW Minor/Major version mismatch warning /etc/Headset_cal.acdb
03-11 16:14:48.333 D/        (  184): [ACDB Command]->ACDB Sw Major = 2, ACDB Sw Minor = 0
03-11 16:14:48.333 D/        (  184): [ACDB Command]->ACDB File Major = 1, ACDB File Minor = 3
03-11 16:14:48.333 D/        (  184): [ACPH]->Online service registered with ACPH
03-11 16:14:48.333 E/Diag_Lib(  184):  Diag_LSM_Init: Failed to open handle to diag driver, error = 2
03-11 16:14:48.333 E/Diag_Lib(  184):  diagpkt_tbl_reg: Registration failed.
03-11 16:14:48.333 D/        (  184): [ACPH]->ACPH init success
03-11 16:14:48.333 D/        (  184): [ACPH]->DSP RTC service registered with ACPH
03-11 16:14:48.333 D/        (  184): [ACPH]->ADIE RTC service registered with ACPH
03-11 16:14:48.333 D/        (  184): ACDBFILE_MGR: Property for the pid 00012E47 not found
03-11 16:14:48.333 D/        (  184): ACDB_COMMAND: Failed to fetch the property info for pid 00012E47 
03-11 16:14:48.333 E/ACDB-LOADER(  184): Error: ACDB get adm topologies returned = -18
03-11 16:14:48.333 D/        (  184): ACDBFILE_MGR: Property for the pid 00012E48 not found
03-11 16:14:48.333 D/        (  184): ACDB_COMMAND: Failed to fetch the property info for pid 00012E48 
03-11 16:14:48.333 E/ACDB-LOADER(  184): Error: ACDB get asm topologies returned = -18
03-11 16:14:48.343 D/        (  184): Failed to fetch the lookup information of the device 00000067 
03-11 16:14:48.343 E/ACDB-LOADER(  184): Error: ACDB ANC returned = -1
03-11 16:14:48.343 I/AudioFlinger(  184): loadHwModule() Loaded primary audio interface from QCOM Audio HAL (audio) handle 1
03-11 16:14:48.343 I/AudioFlinger(  184): HAL output buffer size 240 frames, normal mix buffer size 960 frames
03-11 16:14:48.353 I/AudioMixer(  184): found effect "Downmixer" from Fraunhofer IIS
03-11 16:14:48.353 E/MonoPipe(  184): Failed to fetch local time frequency when constructing a MonoPipe (res = -32).  getNextWriteTimestamp calls will be non-functional
03-11 16:14:48.353 I/AudioFlinger(  184): Using module 1 has the primary audio interface
03-11 16:14:48.353 I/AudioFlinger(  184): AudioFlinger's thread 0xb5e24008 ready to run
03-11 16:14:48.353 D/audio_hw_primary(  184): out_set_parameters: enter: usecase(1: low-latency-playback) kvpairs: routing=2
03-11 16:14:48.353 I/AudioFlinger(  184): HAL output buffer size 960 frames, normal mix buffer size 960 frames
03-11 16:14:48.353 I/AudioMixer(  184): found effect "Downmixer" from Fraunhofer IIS
03-11 16:14:48.353 I/AudioFlinger(  184): AudioFlinger's thread 0xb5b99008 ready to run
03-11 16:14:48.353 D/audio_hw_primary(  184): out_set_parameters: enter: usecase(0: deep-buffer-playback) kvpairs: routing=2
03-11 16:14:48.363 I/audio_a2dp_hw(  184): adev_open:  adev_open in A2dp_hw module
03-11 16:14:48.363 I/AudioFlinger(  184): loadHwModule() Loaded a2dp audio interface from A2DP Audio HW HAL (audio) handle 4
03-11 16:14:48.363 I/AudioFlinger(  184): loadHwModule() Loaded usb audio interface from USB audio HW HAL (audio) handle 5
03-11 16:14:48.363 I/r_submix(  184): adev_open(name=audio_hw_if)
03-11 16:14:48.363 I/r_submix(  184): adev_init_check()
03-11 16:14:48.363 I/AudioFlinger(  184): loadHwModule() Loaded r_submix audio interface from Wifi Display audio HAL (audio) handle 6
03-11 16:14:48.363 I/AudioPolicyService(  184): Loaded audio policy from LEGACY Audio Policy HAL (audio_policy)
03-11 16:14:48.373 I/PackageManager(  769): Package com.android.vending at /system/priv-app/Phonesky.apk ignored: updated version 80250010 better than this 80240022
03-11 16:14:48.383 W/Binder  (  769): Caught a RuntimeException from the binder stub implementation.
03-11 16:14:48.383 W/Binder  (  769): java.lang.NullPointerException: Attempt to invoke virtual method 'void android.content.Context.enforceCallingOrSelfPermission(java.lang.String, java.lang.String)' on a null object reference
03-11 16:14:48.383 W/Binder  (  769): 	at com.android.server.power.PowerManagerService.updateWakeLockWorkSource(PowerManagerService.java:770)
03-11 16:14:48.383 W/Binder  (  769): 	at com.android.server.power.PowerManagerService.updateWakeLockUids(PowerManagerService.java:761)
03-11 16:14:48.383 W/Binder  (  769): 	at android.os.IPowerManager$Stub.onTransact(IPowerManager.java:103)
03-11 16:14:48.383 W/Binder  (  769): 	at android.os.Binder.execTransact(Binder.java:404)
03-11 16:14:48.383 W/Binder  (  769): Caught a RuntimeException from the binder stub implementation.
03-11 16:14:48.383 W/Binder  (  769): java.lang.NullPointerException: Attempt to invoke virtual method 'void android.content.Context.enforceCallingOrSelfPermission(java.lang.String, java.lang.String)' on a null object reference
03-11 16:14:48.383 W/Binder  (  769): 	at com.android.server.power.PowerManagerService.updateWakeLockWorkSource(PowerManagerService.java:770)
03-11 16:14:48.383 W/Binder  (  769): 	at com.android.server.power.PowerManagerService.updateWakeLockUids(PowerManagerService.java:761)
03-11 16:14:48.383 W/Binder  (  769): 	at android.os.IPowerManager$Stub.onTransact(IPowerManager.java:103)
03-11 16:14:48.383 W/Binder  (  769): 	at android.os.Binder.execTransact(Binder.java:404)
03-11 16:14:48.443 I/PackageManager(  769): Package com.google.android.gms at /system/priv-app/PrebuiltGmsCore.apk ignored: updated version 4243038 better than this 4033538
03-11 16:14:48.453 W/art     (  769): Failed to find ELF magic in /system/priv-app/ProxyHandler.odex: dey
03-11 16:14:48.533 W/art     (  769): Failed to find ELF magic in /system/priv-app/Settings.odex: dey
03-11 16:14:48.543 W/art     (  769): Failed to find ELF magic in /system/priv-app/SettingsProvider.odex: dey
03-11 16:14:48.563 W/art     (  769): Failed to find ELF magic in /system/priv-app/SetupWizard.odex: dey
03-11 16:14:48.563 W/PackageParser(  769): No actions in intent filter at /system/priv-app/SetupWizard.apk Binary XML file line #117
03-11 16:14:48.573 W/art     (  769): Failed to find ELF magic in /system/priv-app/SharedStorageBackup.odex: dey
03-11 16:14:48.573 W/art     (  769): Failed to find ELF magic in /system/priv-app/Shell.odex: dey
03-11 16:14:48.593 W/art     (  769): Failed to find ELF magic in /system/priv-app/SystemUI.odex: dey
03-11 16:14:48.603 W/art     (  769): Failed to find ELF magic in /system/priv-app/TagGoogle.odex: dey
03-11 16:14:48.613 I/art     (  769): Heap trim of managed (duration=4.538229ms, advised=304KB) and native (duration=888.438us, advised=60KB) heaps. Managed heap utilization of 60%.
03-11 16:14:48.643 W/art     (  769): Failed to find ELF magic in /system/priv-app/TeleService.odex: dey
03-11 16:14:48.713 I/PackageManager(  769): Package com.google.android.googlequicksearchbox at /system/priv-app/Velvet.apk ignored: updated version 300302170 better than this 300301080
03-11 16:14:48.723 W/art     (  769): Failed to find ELF magic in /system/priv-app/VpnDialogs.odex: dey
03-11 16:14:48.763 W/art     (  769): Failed to find ELF magic in /system/priv-app/WallpaperCropper.odex: dey
03-11 16:14:48.793 W/art     (  769): Failed to find ELF magic in /system/app/BasicDreams.odex: dey
03-11 16:14:48.803 W/PackageParser(  769): No actions in intent filter at /system/app/Bluetooth.apk Binary XML file line #210
03-11 16:14:48.813 W/art     (  769): Failed to find ELF magic in /system/app/Bluetooth.odex: dey
03-11 16:14:48.833 W/Resources(  769): Converting to boolean: TypedValue{t=0x3/d=0x3e0 "true" a=2 r=0x7f090005}
03-11 16:14:48.833 I/PackageManager(  769): Package com.google.android.apps.books at /system/app/Books.apk ignored: updated version 30133 better than this 30015
03-11 16:14:48.833 W/art     (  769): Failed to find ELF magic in /system/app/BrowserProviderProxy.odex: dey
03-11 16:14:48.843 W/art     (  769): Failed to find ELF magic in /system/app/Calculator.odex: dey
03-11 16:14:48.863 I/PackageManager(  769): Package com.google.android.calendar at /system/app/CalendarGoogle.apk ignored: updated version 201308023 better than this 201308021
03-11 16:14:48.873 W/art     (  769): Failed to find ELF magic in /system/app/CellBroadcastReceiver.odex: dey
03-11 16:14:48.883 W/art     (  769): Failed to find ELF magic in /system/app/CertInstaller.odex: dey
03-11 16:14:48.913 I/PackageManager(  769): Package com.android.chrome at /system/app/Chrome.apk ignored: updated version 1750136 better than this 1599105
03-11 16:14:48.923 I/PackageManager(  769): Package com.google.android.apps.cloudprint at /system/app/CloudPrint2.apk ignored: updated version 52 better than this 45
03-11 16:14:48.943 W/art     (  769): Failed to find ELF magic in /system/app/DeskClockGoogle.odex: dey
03-11 16:14:48.953 W/art     (  769): Failed to find ELF magic in /system/app/DocumentsUI.odex: dey
03-11 16:14:48.963 W/art     (  769): Failed to find ELF magic in /system/app/DownloadProviderUi.odex: dey
03-11 16:14:49.003 I/PackageManager(  769): Package com.google.android.apps.docs at /system/app/Drive.apk ignored: updated version 1256331 better than this 1240310
03-11 16:14:49.033 W/art     (  769): Failed to find ELF magic in /system/app/EmailGoogle.odex: dey
03-11 16:14:49.053 W/art     (  769): Failed to find ELF magic in /system/app/Exchange2Google.odex: dey
03-11 16:14:49.063 W/art     (  769): Failed to find ELF magic in /system/app/FaceLock.odex: dey
03-11 16:14:49.093 W/PackageParser(  769): Unknown element under <application>: permission at /system/app/GalleryGoogle.apk Binary XML file line #255
03-11 16:14:49.093 W/PackageParser(  769): Unknown element under <application>: permission at /system/app/GalleryGoogle.apk Binary XML file line #258
03-11 16:14:49.103 W/art     (  769): Failed to find ELF magic in /system/app/GalleryGoogle.odex: dey
03-11 16:14:49.123 W/art     (  769): Failed to find ELF magic in /system/app/GenieWidget.odex: dey
03-11 16:14:49.153 I/PackageManager(  769): Package com.google.android.gm at /system/app/Gmail2.apk ignored: updated version 4720010 better than this 4610000
03-11 16:14:49.173 W/ResourceType(  769): Failure getting entry for 0x7f040012 (t=3 e=18) in package 0 (error -75)
03-11 16:14:49.173 W/ResourceType(  769): Failure getting entry for 0x7f040012 (t=3 e=18) in package 0 (error -75)
03-11 16:14:49.173 W/art     (  769): Failed to find ELF magic in /system/app/GoogleCamera.odex: dey
03-11 16:14:49.183 W/art     (  769): Failed to find ELF magic in /system/app/GoogleContactsSyncAdapter.odex: dey
03-11 16:14:49.193 W/art     (  769): Failed to find ELF magic in /system/app/GoogleEars.odex: dey
03-11 16:14:49.203 W/PackageParser(  769): Unknown element under <manifest>: supports-gl-texture at /system/app/GoogleEarth.apk Binary XML file line #19
03-11 16:14:49.223 I/PackageManager(  769): Package com.google.android.launcher at /system/app/GoogleHome.apk ignored: updated version 100090 better than this 10010
03-11 16:14:49.243 I/PackageManager(  769): Package com.google.android.tts at /system/app/GoogleTTS.apk ignored: updated version 210030010 better than this 210020403
03-11 16:14:49.243 I/PackageManager(  769): Package com.hp.android.printservice at /system/app/HPPrintPlugin.apk ignored: updated version 43 better than this 39
03-11 16:14:49.253 W/art     (  769): Failed to find ELF magic in /system/app/HTMLViewer.odex: dey
03-11 16:14:49.303 I/PackageManager(  769): Package com.google.android.talk at /system/app/Hangouts.apk ignored: updated version 20303130 better than this 20128130
03-11 16:14:49.313 I/PackageManager(  769): Package com.google.android.keep at /system/app/Keep.apk ignored: updated version 2101 better than this 2051
03-11 16:14:49.323 W/art     (  769): Failed to find ELF magic in /system/app/KeyChain.odex: dey
03-11 16:14:49.353 W/art     (  769): Failed to find ELF magic in /system/app/LatinImeGoogle.odex: dey
03-11 16:14:49.353 W/art     (  769): Failed to find ELF magic in /system/app/LiveWallpapersPicker.odex: dey
03-11 16:14:49.383 I/PackageManager(  769): Package com.google.android.apps.magazines at /system/app/Magazines.apk ignored: updated version 140341352 better than this 131632251
03-11 16:14:49.473 I/PackageManager(  769): Package eu.chainfire.supersu at /system/app/Superuser.apk ignored: updated version 193 better than this 1
03-11 16:14:49.513 I/PackageManager(  769): Package com.google.android.music at /system/app/Music2.apk ignored: updated version 1413 better than this 1301
03-11 16:14:49.513 W/art     (  769): Failed to find ELF magic in /system/app/NfcNci.odex: dey
03-11 16:14:49.523 W/PackageParser(  769): No actions in intent filter at /system/app/OmaDmclient.apk Binary XML file line #31
03-11 16:14:49.523 W/PackageParser(  769): No actions in intent filter at /system/app/OmaDmclient.apk Binary XML file line #41
03-11 16:14:49.543 W/art     (  769): Failed to find ELF magic in /system/app/PacProcessor.odex: dey
03-11 16:14:49.543 W/art     (  769): Failed to find ELF magic in /system/app/PackageInstaller.odex: dey
03-11 16:14:49.553 W/art     (  769): Failed to find ELF magic in /system/app/PartnerBookmarksProvider.odex: dey
03-11 16:14:49.563 I/PackageManager(  769): Package com.google.android.play.games at /system/app/PlayGames.apk ignored: updated version 15080138 better than this 11040130
03-11 16:14:49.653 I/PackageManager(  769): Package com.google.android.apps.plus at /system/app/PlusOne.apk ignored: updated version 413065449 better than this 413004781
03-11 16:14:49.653 W/art     (  769): Failed to find ELF magic in /system/app/PrintSpooler.odex: dey
03-11 16:14:49.693 I/PackageManager(  769): Package com.quickoffice.android at /system/app/QuickOffice.apk ignored: updated version 140210 better than this 131106
03-11 16:14:49.713 W/art     (  769): Failed to find ELF magic in /system/app/Stk.odex: dey
03-11 16:14:49.733 W/art     (  769): Failed to find ELF magic in /system/app/TelephonyProvider.odex: dey
03-11 16:14:49.733 W/art     (  769): Failed to find ELF magic in /system/app/TimeService.odex: dey
03-11 16:14:49.743 W/art     (  769): Failed to find ELF magic in /system/app/UpdateSetting.odex: dey
03-11 16:14:49.743 W/art     (  769): Failed to find ELF magic in /system/app/UserDictionaryProvider.odex: dey
03-11 16:14:49.803 I/PackageManager(  769): Package com.google.android.youtube at /system/app/YouTube.apk ignored: updated version 5332 better than this 5227
03-11 16:14:49.843 W/art     (  769): Failed to find ELF magic in /system/app/qcrilmsgtunnel.odex: dey
03-11 16:14:49.843 W/art     (  769): Failed to find ELF magic in /system/app/shutdownlistener.odex: dey
03-11 16:14:49.843 D/PackageManager(  769): No files in app dir /vendor/app
03-11 16:14:49.843 W/PackageParser(  769): Unknown element under <application>: uses-permission at /system/app/shutdownlistener.apk Binary XML file line #11
03-11 16:14:50.513 W/PackageManager(  769): Package com.whatsapp desires unavailable shared library com.sec.android.app.multiwindow; ignoring!
03-11 16:14:50.873 W/PackageParser(  769): Unknown element under <application>: enable-feature at /data/app/com.facebook.katana-1.apk Binary XML file line #142
03-11 16:14:52.463 W/Resources(  769): Converting to boolean: TypedValue{t=0x3/d=0x57d "true" a=2 r=0x7f090005}
03-11 16:14:52.943 W/PackageManager(  769): Package com.dropbox.android has activity com.dropbox.android.activity.SsoCallbackReceiver with priority > 0, forcing to 0
03-11 16:14:53.003 W/PackageManager(  769): Package com.adobe.reader desires unavailable shared library com.sec.android.app.multiwindow; ignoring!
03-11 16:14:53.083 W/PackageManager(  769): Package com.flyersoft.moonreader desires unavailable shared library com.sec.android.app.multiwindow; ignoring!
03-11 16:14:53.153 I/PackageParser(  769): com.android.helloworldjava: compat added android.permission.WRITE_EXTERNAL_STORAGE android.permission.READ_PHONE_STATE
03-11 16:14:53.163 W/PackageManager(  769): Package com.google.android.apps.walletnfcrel desires unavailable shared library com.android.nfc_extras; ignoring!
03-11 16:14:53.163 W/PackageManager(  769): Package com.flyersoft.moonreader desires unavailable shared library com.sec.android.app.multiwindow; ignoring!
03-11 16:14:53.163 W/PackageManager(  769): Package com.adobe.reader desires unavailable shared library com.sec.android.app.multiwindow; ignoring!
03-11 16:14:53.163 W/PackageManager(  769): Package com.whatsapp desires unavailable shared library com.sec.android.app.multiwindow; ignoring!
03-11 16:14:53.163 W/PackageManager(  769): Package com.google.android.GoogleCamera desires unavailable shared library com.google.android.gestureservice; ignoring!
03-11 16:14:53.163 I/PackageManager(  769): Time to scan packages: 5.244 seconds
03-11 16:14:53.163 W/PackageManager(  769): Unknown permission com.android.smspush.WAPPUSH_MANAGER_BIND in package com.android.phone
03-11 16:14:53.163 W/PackageManager(  769): Unknown permission com.android.nfc.permission.NFCEE_ADMIN in package com.google.android.apps.walletnfcrel
03-11 16:14:53.163 W/PackageManager(  769): Unknown permission com.android.vending.billing.IBillingAccountService.BIND2 in package com.google.android.gsf.login
03-11 16:14:53.163 W/PackageManager(  769): Unknown permission com.android.gallery3d.permission.GALLERY_PROVIDER in package com.android.bluetooth
03-11 16:14:53.163 W/PackageManager(  769): Unknown permission android.permission.MMS_SEND_OUTBOX_MSG in package com.android.bluetooth
03-11 16:14:53.163 W/PackageManager(  769): Not granting permission android.permission.DEVICE_POWER to package com.google.android.deskclock (protectionLevel=2 flags=0x48be45)
03-11 16:14:53.163 W/PackageManager(  769): Not granting permission android.permission.READ_FRAME_BUFFER to package com.google.android.gms (protectionLevel=18 flags=0x483ec5)
03-11 16:14:53.163 W/PackageManager(  769): Unknown permission android.permission.READ_OWNER_DATA in package com.google.android.setupwizard
03-11 16:14:53.163 W/PackageManager(  769): Unknown permission android.permission.WRITE_OWNER_DATA in package com.google.android.setupwizard
03-11 16:14:53.163 W/PackageManager(  769): Unknown permission com.android.launcher.permission.READ_SETTINGS in package com.android.settings
03-11 16:14:53.163 W/PackageManager(  769): Unknown permission com.android.launcher.permission.WRITE_SETTINGS in package com.android.settings
03-11 16:14:53.163 W/PackageManager(  769): Unknown permission com.sprint.internal.permission.SYSTEMPROPERTIES in package com.redbend.vdmc
03-11 16:14:53.163 W/PackageManager(  769): Unknown permission com.sprint.internal.permission.SYSTEMPROPERTIES_WRITE in package com.redbend.vdmc
03-11 16:14:53.163 W/PackageManager(  769): Unknown permission com.sprint.internal.permission.CONNECTIONMANAGER in package com.redbend.vdmc
03-11 16:14:53.163 W/PackageManager(  769): Unknown permission com.sprint.internal.permission.PLATFORM in package com.redbend.vdmc
03-11 16:14:53.163 W/PackageManager(  769): Unknown permission com.android.launcher.permission.READ_SETTINGS in package com.google.android.googlequicksearchbox
03-11 16:14:53.163 W/PackageManager(  769): Unknown permission com.android.launcher.permission.WRITE_SETTINGS in package com.google.android.googlequicksearchbox
03-11 16:14:53.173 W/PackageManager(  769): Unknown permission com.google.android.voicesearch.SHORTCUTS_ACCESS in package com.google.android.googlequicksearchbox
03-11 16:14:53.173 W/PackageManager(  769): Unknown permission com.google.android.voicesearch.ACCESS_SETTINGS in package com.google.android.googlequicksearchbox
03-11 16:14:53.173 W/PackageManager(  769): Unknown permission com.android.browser.permission.PRELOAD in package com.google.android.googlequicksearchbox
03-11 16:14:53.173 W/PackageManager(  769): Unknown permission com.google.android.apps.googlevoice.permission.AUTO_SEND in package com.google.android.googlequicksearchbox
03-11 16:14:53.173 W/PackageManager(  769): Unknown permission com.facebook.orca.provider.ACCESS in package com.facebook.katana
03-11 16:14:53.173 W/PackageManager(  769): Unknown permission com.amazon.device.messaging.permission.RECEIVE in package com.facebook.katana
03-11 16:14:53.173 W/PackageManager(  769): Not granting permission android.permission.BATTERY_STATS to package com.facebook.katana (protectionLevel=18 flags=0x8be44)
03-11 16:14:53.173 W/PackageManager(  769): Unknown permission com.sec.android.provider.badge.permission.READ in package com.facebook.katana
03-11 16:14:53.173 W/PackageManager(  769): Unknown permission com.sec.android.provider.badge.permission.WRITE in package com.facebook.katana
03-11 16:14:53.173 W/PackageManager(  769): Unknown permission com.htc.launcher.permission.READ_SETTINGS in package com.facebook.katana
03-11 16:14:53.173 W/PackageManager(  769): Unknown permission com.htc.launcher.permission.UPDATE_SHORTCUT in package com.facebook.katana
03-11 16:14:53.173 W/PackageManager(  769): Unknown permission com.sonyericsson.home.permission.BROADCAST_BADGE in package com.facebook.katana
03-11 16:14:53.173 W/PackageManager(  769): Unknown permission com.facebook.home.permission.WRITE_BADGES in package com.facebook.katana
03-11 16:14:53.173 W/PackageManager(  769): Unknown permission com.nokia.pushnotifications.permission.RECEIVE in package com.facebook.katana
03-11 16:14:53.173 W/PackageManager(  769): Unknown permission com.android.launcher.permission.READ_SETTINGS in package com.google.android.launcher
03-11 16:14:53.173 W/PackageManager(  769): Unknown permission com.android.launcher.permission.WRITE_SETTINGS in package com.google.android.launcher
03-11 16:14:53.173 W/PackageManager(  769): Unknown permission android.permission.WRITE_SYNC_STATS in package com.google.android.apps.docs
03-11 16:14:53.173 W/PackageManager(  769): Unknown permission com.android.launcher.permission.READ_SETTINGS in package com.google.android.onetimeinitializer
03-11 16:14:53.173 W/PackageManager(  769): Unknown permission com.android.launcher.permission.WRITE_SETTINGS in package com.google.android.onetimeinitializer
03-11 16:14:53.173 W/PackageManager(  769): Unknown permission com.android.launcher.permission.PRELOAD_WORKSPACE in package com.google.android.partnersetup
03-11 16:14:53.173 W/PackageManager(  769): Unknown permission android.permission.STORAGE in package com.whatsapp
03-11 16:14:53.173 W/PackageManager(  769): Unknown permission android.permission.INSTALL_SHORTCUT in package com.whatsapp
03-11 16:14:53.173 W/PackageManager(  769): Not granting permission android.permission.BROADCAST_WAP_PUSH to package org.thoughtcrime.securesms (protectionLevel=2 flags=0x8be44)
03-11 16:14:53.173 W/PackageManager(  769): Not granting permission android.permission.SEND_DOWNLOAD_COMPLETED_INTENTS to package com.android.vending (protectionLevel=2 flags=0xabec5)
03-11 16:14:53.173 W/PackageManager(  769): Unknown permission android.permission.SEND_SMS_NO_CONFIRMATION in package com.android.vending
03-11 16:14:53.173 W/PackageManager(  769): Not granting permission android.permission.BIND_WALLPAPER to package com.google.android.GoogleCamera (protectionLevel=18 flags=0x58bc45)
03-11 16:14:53.173 W/PackageManager(  769): Not granting permission android.permission.REBOOT to package eu.chainfire.supersu (protectionLevel=18 flags=0x83e85)
03-11 16:14:53.173 W/PackageManager(  769): Not granting permission android.permission.READ_DREAM_STATE to package com.google.android.gsf (protectionLevel=2 flags=0x40083e45)
03-11 16:14:53.173 W/PackageManager(  769): Unknown permission com.sprint.internal.permission.SYSTEMPROPERTIES in package com.lge.SprintHiddenMenu
03-11 16:14:53.173 W/PackageManager(  769): Unknown permission com.sprint.internal.permission.SYSTEMPROPERTIES_WRITE in package com.lge.SprintHiddenMenu
03-11 16:14:53.173 W/PackageManager(  769): Unknown permission com.sprint.internal.permission.CONNECTIONMANAGER in package com.lge.SprintHiddenMenu
03-11 16:14:53.173 W/PackageManager(  769): Unknown permission com.sprint.internal.permission.PLATFORM in package com.lge.SprintHiddenMenu
03-11 16:14:53.173 W/PackageManager(  769): Unknown permission com.sprint.internal.permission.OMADM in package com.lge.SprintHiddenMenu
03-11 16:14:53.173 W/PackageManager(  769): Unknown permission android.permission.FACTORY in package com.lge.SprintHiddenMenu
03-11 16:14:53.173 W/PackageManager(  769): Unknown permission com.lge.permission.LGHIDDEN in package com.lge.SprintHiddenMenu
03-11 16:14:53.173 W/PackageManager(  769): Unknown permission android.permission.MMS_PUSH in package com.lge.SprintHiddenMenu
03-11 16:14:53.283 I/SystemServer(  769): Entropy Mixer
03-11 16:14:53.283 I/EntropyMixer(  769): Writing entropy...
03-11 16:14:53.293 I/SystemServer(  769): User Service
03-11 16:14:53.293 I/SystemServer(  769): Account Manager
03-11 16:14:53.303 W/art     (  769): Failed to find ELF magic in /system/priv-app/SettingsProvider.odex: dey
03-11 16:14:53.303 I/SystemServer(  769): Content Manager
03-11 16:14:53.303 I/SystemServer(  769): System Content Providers
03-11 16:14:53.353 I/SystemServer(  769): Lights Service
03-11 16:14:53.353 I/SystemServer(  769): Battery Service
03-11 16:14:53.373 I/SystemServer(  769): Vibrator Service
03-11 16:14:53.383 E/ConsumerIrService(  769): Can't open consumer IR HW Module, error: -2
03-11 16:14:53.383 W/libsuspend(  769): Error writing 'on' to /sys/power/state: Invalid argument
03-11 16:14:53.383 I/libsuspend(  769): Selected autosleep
03-11 16:14:53.383 E/PowerHAL(  769): sync_thread: failed to send: No such file or directory
03-11 16:14:53.383 E/PowerHAL(  769): touch_boost: failed to send: No such file or directory
03-11 16:14:53.383 D/PermissionCache(  181): checking android.permission.ACCESS_SURFACE_FLINGER for uid=1000 => granted (283 us)
03-11 16:14:53.383 D/SurfaceFlinger(  181): Screen acquired, type=0 flinger=0xb8c60450
03-11 16:14:53.383 D/SurfaceFlinger(  181):  screen was previously acquired
03-11 16:14:53.383 D/AlarmManagerService(  769): Kernel timezone updated to -120 minutes west of GMT
03-11 16:14:53.383 I/SystemServer(  769): Consumer IR Service
03-11 16:14:53.383 I/SystemServer(  769): Alarm Manager
03-11 16:14:53.383 I/SystemServer(  769): Init Watchdog
03-11 16:14:53.383 I/SystemServer(  769): Input Manager
03-11 16:14:53.393 I/InputManager(  769): Initializing input manager, mUseDevInputEventForAudioJack=true
03-11 16:14:53.393 I/SystemServer(  769): Window Manager
03-11 16:14:53.433 I/WindowManager(  769): No existing display settings /data/system/display_settings.xml; starting empty
03-11 16:14:53.483 D/EventHub(  769): No input device configuration file found for device 'msm8974-taiko-mtp-snd-card Headset Jack'.
03-11 16:14:53.483 I/EventHub(  769): New device: id=1, fd=80, path='/dev/input/event5', name='msm8974-taiko-mtp-snd-card Headset Jack', classes=0x80, configuration='', keyLayout='', keyCharacterMap='', builtinKeyboard=false, usingSuspendBlockIoctl=true, usingClockIoctl=true
03-11 16:14:53.483 D/EventHub(  769): No input device configuration file found for device 'msm8974-taiko-mtp-snd-card Button Jack'.
03-11 16:14:53.483 W/EventHub(  769): Unable to disable kernel key repeat for /dev/input/event4: Function not implemented
03-11 16:14:53.483 I/EventHub(  769): New device: id=2, fd=81, path='/dev/input/event4', name='msm8974-taiko-mtp-snd-card Button Jack', classes=0x1, configuration='', keyLayout='/system/usr/keylayout/msm8974-taiko-mtp-snd-card_Button_Jack.kl', keyCharacterMap='/system/usr/keychars/msm8974-taiko-mtp-snd-card_Button_Jack.kcm', builtinKeyboard=false, usingSuspendBlockIoctl=true, usingClockIoctl=true
03-11 16:14:53.483 D/EventHub(  769): No input device configuration file found for device 'hs_detect'.
03-11 16:14:53.483 I/WindowManager(  769): No keyguard interface!
03-11 16:14:53.483 I/InputManager(  769): Starting input manager
03-11 16:14:53.483 I/SystemServer(  769): Bluetooth Manager Service
03-11 16:14:53.493 W/EventHub(  769): Unable to disable kernel key repeat for /dev/input/event3: Function not implemented
03-11 16:14:53.493 I/EventHub(  769): New device: id=3, fd=82, path='/dev/input/event3', name='hs_detect', classes=0x81, configuration='', keyLayout='/system/usr/keylayout/hs_detect.kl', keyCharacterMap='/system/usr/keychars/hs_detect.kcm', builtinKeyboard=false, usingSuspendBlockIoctl=true, usingClockIoctl=true
03-11 16:14:53.493 I/EventHub(  769): New device: id=4, fd=83, path='/dev/input/event1', name='touch_dev', classes=0x14, configuration='/system/usr/idc/touch_dev.idc', keyLayout='', keyCharacterMap='', builtinKeyboard=false, usingSuspendBlockIoctl=true, usingClockIoctl=true
03-11 16:14:53.493 D/EventHub(  769): No input device configuration file found for device 'qpnp_pon'.
03-11 16:14:53.493 W/EventHub(  769): Unable to disable kernel key repeat for /dev/input/event0: Function not implemented
