03-11 16:47:34.038 I/MusicLeanback( 2312): Conditions not met for autocaching.
03-11 16:47:34.038 I/MusicLeanback( 2312): Stop autocaching.
03-11 16:47:34.038 D/CacheService( 2312): onDestroy
03-11 16:47:34.809 D/AlertService( 1784): Beginning updateAlertNotification
03-11 16:47:34.849 D/AlertService( 1784): No fired or scheduled alerts
03-11 16:47:34.869 D/AlertService( 1784): Scheduling next alarm with AlarmScheduler. sEventReminderReceived: null
03-11 16:47:34.879 D/AlarmScheduler( 1784): Query result count for events starting within 1 week: 3
03-11 16:47:37.371 W/GAV2    ( 2192): Thread[Service Reconnect,5,main]: Service unavailable (code=1), using local store.
03-11 16:47:37.371 W/ActivityManager(  638): Unable to start service Intent { act=com.google.android.gms.analytics.service.START cmp=com.google.android.gms/.analytics.service.AnalyticsService (has extras) } U=0: not found
03-11 16:47:41.415 I/GeckoAnnounce( 2025): fennec :: AnnounceFetch :: Fetching announcements from https://campaigns.services.mozilla.com/announce/1/android/nightly/30.0a1/armeabi-v7a?idle=11
03-11 16:47:41.586 I/GeckoAnnounce( 2025): fennec :: AnnounceFetchRD :: If-Modified-Since: Tue, 11 Mar 2014 13:44:49 GMT
03-11 16:47:42.346 D/class ch.boye.httpclientandroidlib.impl.conn.DefaultClientConnection( 2025): Connection shut down
03-11 16:47:42.356 I/GeckoAnnounce( 2025): fennec :: AnnounceService :: No new announcements to display.
03-11 16:47:44.749 W/IdleConnectionHandler( 1984): Removing a connection that never existed!
03-11 16:47:45.670 W/art     ( 1125): Failed to find ELF magic in /system/priv-app/GoogleLoginService.odex: dey
03-11 16:47:45.750 W/GLSUser ( 1125): GoogleAccountDataService.getToken()
03-11 16:47:45.850 I/art     ( 1740): Heap trim of managed (duration=3.784180ms, advised=32KB) and native (duration=3.204346ms, advised=160KB) heaps. Managed heap utilization of 60%.
03-11 16:47:45.980 D/InitAlarmsService( 1784): Clearing and rescheduling alarms.
03-11 16:47:46.781 D/Finsky  ( 1740): [1] CheckWifiAndAutoUpdate.cancelCheck: Cancelling auto-update wifi check.
03-11 16:47:46.901 W/GLSUser ( 1125): GoogleAccountDataService.getToken()
03-11 16:47:47.021 I/qtaguid ( 1740): Failed write_ctrl(u 37) res=-1 errno=22
03-11 16:47:47.021 I/qtaguid ( 1740): Untagging socket 37 failed errno=-22
03-11 16:47:47.021 W/NetworkManagementSocketTagger( 1740): untagSocket(37) failed with errno -22
03-11 16:47:47.151 D/Finsky  ( 1740): [1] DailyHygiene.flushEventLogs: Flushing event logs for [h8oDSybNDDZzpp4iys_x3qq36Xs]
03-11 16:47:47.181 I/ActivityManager(  638): Killing 1984:com.dropbox.android/u0a75 (adj 15): empty #17
03-11 16:48:01.915 D/Finsky  ( 1740): [1] 5.onFinished: Installation state replication succeeded.
03-11 16:48:03.257 D/ConnectivityService(  638): Sampling interval elapsed, updating statistics ..
03-11 16:48:03.287 D/ConnectivityService(  638): Done.
03-11 16:48:03.287 D/ConnectivityService(  638): Setting timer for 720seconds
03-11 16:48:05.249 I/Icing   ( 1062): Indexing 89C722CAC15EF46A4C7BB4760D5543033178AD63 from com.google.android.music
03-11 16:48:05.379 I/Icing   ( 1062): Indexing done 89C722CAC15EF46A4C7BB4760D5543033178AD63
03-11 16:48:44.157 D/AndroidRuntime( 2488): 
03-11 16:48:44.157 D/AndroidRuntime( 2488): >>>>>> AndroidRuntime START com.android.internal.os.RuntimeInit <<<<<<
03-11 16:48:44.157 D/AndroidRuntime( 2488): CheckJNI is OFF
03-11 16:48:44.157 E/art     ( 2488): Unrecognized option -XX:mainThreadStackSize=24K
03-11 16:48:44.157 W/art     ( 2488): Ignoring unknown -Xgc option: precise
03-11 16:48:44.207 W/art     ( 2488): Failed to find ELF magic in /system/framework/am.odex: dey
03-11 16:48:44.267 W/art     ( 2488): JNI RegisterNativeMethods: attempt to register 0 native methods for android.content.res.Configuration
03-11 16:48:44.277 D/AndroidRuntime( 2488): Calling main entry com.android.commands.am.Am
03-11 16:48:44.277 I/ActivityManager(  638): START u0 {flg=0x10000000 cmp=com.android.helloworldminimal/.HelloWorld} from pid 2488
03-11 16:48:44.587 I/WindowManager(  638): Screenshot max retries 4 of Token{656a16b8 ActivityRecord{6539eae0 u0 com.android.launcher/com.android.launcher2.Launcher t1}} appWin=Window{6575b1d0 u0 com.android.launcher/com.android.launcher2.Launcher} drawState=4
03-11 16:48:44.587 W/WindowManager(  638): Screenshot failure taking screenshot for (1200x1920) to layer 21005
03-11 16:48:44.607 D/AndroidRuntime( 2488): Shutting down VM
03-11 16:48:44.617 W/art     (  185): Could not get current activity
03-11 16:48:44.647 I/ActivityManager(  638): Start proc com.android.helloworldminimal for activity com.android.helloworldminimal/.HelloWorld: pid=2508 uid=10122 gids={50122}
03-11 16:48:45.698 I/art     ( 2508): GcCauseBackground sticky partial concurrent mark sweep GC freed 5388(316KB) AllocSpace objects, 0(0B) LOS objects, 3% free, 9MB/9MB, paused 5.798ms total 19.439ms
03-11 16:48:45.918 E/kickstart(  676): Wrote to /sys/power/wake_lock
03-11 16:48:46.028 E/kickstart(  676): Received file "/dev/block/platform/msm_sdcc.1/by-name/m9kefs1"
03-11 16:48:46.028 E/kickstart(  676): 786432 bytes transferred in 0.105s (7.12 MBps)
03-11 16:48:46.028 E/kickstart(  676): Successfully downloaded files from target 
03-11 16:48:46.028 E/kickstart(  676): Wrote to /sys/power/wake_unlock
03-11 16:48:46.028 E/kickstart(  676): Sahara protocol completed
03-11 16:48:47.590 I/Adreno-EGL( 2508): <qeglDrvAPI_eglInitialize:320>: EGL 1.4 QUALCOMM Build: I0404c4692afb8623f95c43aeb6d5e13ed4b30ddbDate: 11/06/13
03-11 16:48:47.620 D/OpenGLRenderer( 2508): Enabling debug mode 0
03-11 16:48:47.710 I/ActivityManager(  638): Displayed com.android.helloworldminimal/.HelloWorld: +3s117ms
03-11 16:49:05.167 D/AndroidRuntime( 2544): 
03-11 16:49:05.167 D/AndroidRuntime( 2544): >>>>>> AndroidRuntime START com.android.internal.os.RuntimeInit <<<<<<
03-11 16:49:05.167 D/AndroidRuntime( 2544): CheckJNI is OFF
03-11 16:49:05.167 E/art     ( 2544): Unrecognized option -XX:mainThreadStackSize=24K
03-11 16:49:05.167 W/art     ( 2544): Ignoring unknown -Xgc option: precise
03-11 16:49:05.207 W/art     ( 2544): Failed to find ELF magic in /system/framework/pm.odex: dey
03-11 16:49:05.267 W/art     ( 2544): JNI RegisterNativeMethods: attempt to register 0 native methods for android.content.res.Configuration
03-11 16:49:05.277 D/AndroidRuntime( 2544): Calling main entry com.android.commands.pm.Pm
03-11 16:49:05.287 I/ActivityManager(  638): Force stopping com.android.helloworldminimal appid=10122 user=0: clear data
03-11 16:49:05.287 I/ActivityManager(  638): Killing 2508:com.android.helloworldminimal/u0a122 (adj 0): stop com.android.helloworldminimal
03-11 16:49:05.287 W/ActivityManager(  638): Force removing ActivityRecord{65677308 u0 com.android.helloworldminimal/.HelloWorld t2}: app died, no saved state
03-11 16:49:05.287 W/WindowManager(  638): Rebuild removed 2 windows but added 1
03-11 16:49:05.287 W/WindowManager(  638): java.lang.RuntimeException: here
03-11 16:49:05.287 W/WindowManager(  638): 	at com.android.server.wm.WindowManagerService.rebuildAppWindowListLocked(WindowManagerService.java:8011)
03-11 16:49:05.287 W/WindowManager(  638): 	at com.android.server.wm.WindowManagerService.rebuildAppWindowListLocked(WindowManagerService.java:7947)
03-11 16:49:05.287 W/WindowManager(  638): 	at com.android.server.wm.WindowManagerService.handleAppTransitionReadyLocked(WindowManagerService.java:8430)
03-11 16:49:05.287 W/WindowManager(  638): 	at com.android.server.wm.WindowManagerService.performLayoutAndPlaceSurfacesLockedInner(WindowManagerService.java:9193)
03-11 16:49:05.287 W/WindowManager(  638): 	at com.android.server.wm.WindowManagerService.performLayoutAndPlaceSurfacesLockedLoop(WindowManagerService.java:8163)
03-11 16:49:05.287 W/WindowManager(  638): 	at com.android.server.wm.WindowManagerService.performLayoutAndPlaceSurfacesLocked(WindowManagerService.java:8105)
03-11 16:49:05.287 W/WindowManager(  638): 	at com.android.server.wm.WindowManagerService.executeAppTransition(WindowManagerService.java:3918)
03-11 16:49:05.287 W/WindowManager(  638): 	at com.android.server.am.ActivityStackSupervisor.reportResumedActivityLocked(ActivityStackSupervisor.java:2241)
03-11 16:49:05.287 W/WindowManager(  638): 	at com.android.server.am.ActivityStack.completeResumeLocked(ActivityStack.java:968)
03-11 16:49:05.287 W/WindowManager(  638): 	at com.android.server.am.ActivityStack.resumeTopActivityLocked(ActivityStack.java:1631)
03-11 16:49:05.287 W/WindowManager(  638): 	at com.android.server.am.ActivityStackSupervisor.resumeTopActivitiesLocked(ActivityStackSupervisor.java:2022)
03-11 16:49:05.287 W/WindowManager(  638): 	at com.android.server.am.ActivityStackSupervisor.resumeTopActivitiesLocked(ActivityStackSupervisor.java:2009)
03-11 16:49:05.287 W/WindowManager(  638): 	at com.android.server.am.ActivityManagerService.forceStopPackageLocked(ActivityManagerService.java:4750)
03-11 16:49:05.287 W/WindowManager(  638): 	at com.android.server.am.ActivityManagerService.forceStopPackageLocked(ActivityManagerService.java:4496)
03-11 16:49:05.287 W/WindowManager(  638): 	at com.android.server.am.ActivityManagerService.clearApplicationUserData(ActivityManagerService.java:4176)
03-11 16:49:05.287 W/WindowManager(  638): 	at android.app.ActivityManagerNative.onTransact(ActivityManagerNative.java:1114)
03-11 16:49:05.287 W/WindowManager(  638): 	at com.android.server.am.ActivityManagerService.onTransact(ActivityManagerService.java:2071)
03-11 16:49:05.287 W/WindowManager(  638): 	at android.os.Binder.execTransact(Binder.java:404)
03-11 16:49:05.287 W/WindowManager(  638): This window was lost: Window{6565a230 u0 com.android.helloworldminimal/com.android.helloworldminimal.HelloWorld}
03-11 16:49:05.287 W/WindowManager(  638): mDisplayId=0 mSession=Session{6580afb0 2508:u0a10122} mClient=android.os.BinderProxy@6580b1d8
03-11 16:49:05.287 W/WindowManager(  638): mOwnerUid=10122 mShowToOwnerOnly=true package=com.android.helloworldminimal appop=NONE
03-11 16:49:05.287 W/WindowManager(  638): mAttrs=WM.LayoutParams{(0,0)(fillxfill) sim=#120 ty=1 fl=#1810100 pfl=0x8 wanim=0x10302f5}
03-11 16:49:05.287 W/WindowManager(  638): Requested w=1200 h=1824 mLayoutSeq=53
03-11 16:49:05.287 W/WindowManager(  638): mBaseLayer=21000 mSubLayer=0 mAnimLayer=21005+0=21005 mLastLayer=0
03-11 16:49:05.287 W/WindowManager(  638): mToken=AppWindowToken{657852e0 token=Token{65677468 ActivityRecord{65677308 u0 com.android.helloworldminimal/.HelloWorld t2}}}
03-11 16:49:05.287 W/WindowManager(  638): mRootToken=AppWindowToken{657852e0 token=Token{65677468 ActivityRecord{65677308 u0 com.android.helloworldminimal/.HelloWorld t2}}}
03-11 16:49:05.287 W/WindowManager(  638): mAppToken=AppWindowToken{657852e0 token=Token{65677468 ActivityRecord{65677308 u0 com.android.helloworldminimal/.HelloWorld t2}}}
03-11 16:49:05.287 W/WindowManager(  638): mViewVisibility=0x0 mHaveFrame=true mObscured=true
03-11 16:49:05.287 W/WindowManager(  638): mSeq=0 mSystemUiVisibility=0x0
03-11 16:49:05.287 W/WindowManager(  638): mPolicyVisibility=false mPolicyVisibilityAfterAnim=false mAppOpVisibility=true mAttachedHidden=false
03-11 16:49:05.287 W/WindowManager(  638): mGivenContentInsets=[0,0][0,0] mGivenVisibleInsets=[0,0][0,0]
03-11 16:49:05.287 W/WindowManager(  638): mConfiguration={1.0 ?mcc?mnc en_US ldltr sw600dp w600dp h887dp 320dpi lrg port finger -keyb/v/h -nav/h s.4}
03-11 16:49:05.287 W/WindowManager(  638): mHasSurface=true mShownFrame=[0.0,0.0][1200.0,1824.0] isReadyForDisplay()=false
03-11 16:49:05.287 W/WindowManager(  638): mFrame=[0,0][1200,1824] last=[0,0][1200,1824]
03-11 16:49:05.287 W/WindowManager(  638): mSystemDecorRect=[0,0][1200,1824] last=[0,0][1200,1824]
03-11 16:49:05.287 W/WindowManager(  638): Frames: containing=[0,0][1200,1824] parent=[0,0][1200,1824]
03-11 16:49:05.287 W/WindowManager(  638):     display=[0,0][1200,1824] overscan=[0,0][1200,1920]
03-11 16:49:05.287 W/WindowManager(  638):     content=[0,50][1200,1824] visible=[0,50][1200,1824]
03-11 16:49:05.287 W/WindowManager(  638):     decor=[0,0][1200,1920]
03-11 16:49:05.287 W/WindowManager(  638): Cur insets: overscan=[0,0][0,0] content=[0,50][0,0] visible=[0,50][0,0]
03-11 16:49:05.287 W/WindowManager(  638): Lst insets: overscan=[0,0][0,0] content=[0,50][0,0] visible=[0,50][0,0]
03-11 16:49:05.287 W/WindowManager(  638): WindowStateAnimator{6565a730 com.android.helloworldminimal/com.android.helloworldminimal.HelloWorld}:
03-11 16:49:05.287 W/WindowManager(  638):   mSurface=Surface(name=com.android.helloworldminimal/com.android.helloworldminimal.HelloWorld)
03-11 16:49:05.287 W/WindowManager(  638):   mDrawState=HAS_DRAWN mLastHidden=true
03-11 16:49:05.287 W/WindowManager(  638):   Surface: shown=false layer=21005 alpha=0.0 rect=(0.0,0.0) 1200.0 x 1824.0
03-11 16:49:05.287 W/WindowManager(  638):   mShownAlpha=1.0 mAlpha=1.0 mLastAlpha=-1.0
03-11 16:49:05.287 W/WindowManager(  638): Current app token list:
03-11 16:49:05.287 V/WindowManager(  638):   Display 0
03-11 16:49:05.287 V/WindowManager(  638):   #0: Token{656a16b8 ActivityRecord{6539eae0 u0 com.android.launcher/com.android.launcher2.Launcher t1}}
03-11 16:49:05.287 W/WindowManager(  638): Final window list:
03-11 16:49:05.287 V/WindowManager(  638):   #0: Window{6537b068 u0 SearchPanel}
03-11 16:49:05.287 V/WindowManager(  638):   #1: Window{655d58f8 u0 NavigationBar}
03-11 16:49:05.287 V/WindowManager(  638):   #2: Window{65215988 u0 StatusBar}
03-11 16:49:05.287 V/WindowManager(  638):   #3: Window{657346f0 u0 Keyguard}
03-11 16:49:05.287 V/WindowManager(  638):   #4: Window{6556f2b8 u0 KeyguardScrim}
03-11 16:49:05.287 V/WindowManager(  638):   #5: Window{6575b1d0 u0 com.android.launcher/com.android.launcher2.Launcher}
03-11 16:49:05.287 V/WindowManager(  638):   #6: Window{654254e8 u0 com.android.systemui.ImageWallpaper}
03-11 16:49:05.297 D/keystore(  190): calling clear_uid in state: 3
03-11 16:49:05.307 W/art     (  185): Could not get current activity
03-11 16:49:05.317 I/ActivityManager(  638): Start proc com.android.documentsui for broadcast com.android.documentsui/.PackageReceiver: pid=2562 uid=10101 gids={50101}
03-11 16:49:05.317 I/WindowState(  638): WIN DEATH: Window{6565a230 u0 com.android.helloworldminimal/com.android.helloworldminimal.HelloWorld}
03-11 16:49:05.387 I/ActivityManager(  638): Start proc com.android.defcontainer for service com.android.defcontainer/.DefaultContainerService: pid=2579 uid=10014 gids={50014, 1028, 1015, 1023, 2001}
03-11 16:49:05.457 W/art     ( 2579): Failed to find ELF magic in /system/priv-app/DefaultContainerService.odex: dey
03-11 16:49:05.457 W/art     ( 2562): Failed to find ELF magic in /system/app/DocumentsUI.odex: dey
03-11 16:49:05.467 D/AndroidRuntime( 2544): Shutting down VM
03-11 16:49:05.477 I/ActivityManager(  638): Killing 2054:com.laurencedawson.reddit_sync:remote/u0a73 (adj 15): empty #17
03-11 16:49:05.497 D/Documents( 2562): Loading roots for com.android.providers.downloads.documents
03-11 16:49:05.497 I/ActivityManager(  638): Killing 2081:com.laurencedawson.reddit_sync/u0a73 (adj 15): empty #17
03-11 16:49:05.507 D/PackageBroadcastService( 1062): Received broadcast action=android.intent.action.PACKAGE_DATA_CLEARED and uri=com.android.helloworldminimal
03-11 16:49:05.507 D/Documents( 2562): Loading roots for com.android.externalstorage.documents
03-11 16:49:05.527 I/Icing   ( 1062): doRemovePackageData com.android.helloworldminimal
03-11 16:49:05.527 I/ActivityManager(  638): Start proc com.google.android.googlequicksearchbox:search for broadcast com.google.android.googlequicksearchbox/com.google.android.search.core.summons.icing.InternalIcingCorporaProvider$CorporaChangedReceiver: pid=2609 uid=10060 gids={50060, 3003, 1028, 3002, 1015}
03-11 16:49:05.547 I/ActivityManager(  638): Start proc com.android.externalstorage for content provider com.android.externalstorage/.ExternalStorageProvider: pid=2626 uid=10096 gids={50096, 1028, 1015, 1023}
03-11 16:49:05.568 I/ActivityManager(  638): Killing 1838:com.google.android.youtube/u0a66 (adj 15): empty #17
03-11 16:49:05.578 W/art     ( 2626): Failed to find ELF magic in /system/priv-app/ExternalStorageProvider.odex: dey
03-11 16:49:05.598 D/ExternalStorage( 2626): After updating volumes, found 1 active roots
03-11 16:49:05.598 D/Documents( 2562): Updating roots due to change at content://com.android.externalstorage.documents/root
03-11 16:49:05.608 D/Documents( 2562): Loading roots for com.android.providers.media.documents
03-11 16:49:05.618 D/Documents( 2562): Loading roots for com.google.android.apps.docs.storage
03-11 16:49:05.648 I/ActivityManager(  638): Start proc com.google.android.apps.docs for content provider com.google.android.apps.docs/com.google.android.gms.drive.external.StorageBackendContentProvider: pid=2644 uid=10017 gids={50017, 3003, 1028, 1015}
03-11 16:49:05.648 I/ActivityManager(  638): Killing 2192:com.google.android.apps.magazines/u0a40 (adj 15): empty #17
03-11 16:49:05.668 I/ActivityManager(  638): Killing 2240:com.yle.webtv/u0a116 (adj 15): empty #17
03-11 16:49:06.258 W/art     ( 2644): Before Android 4.1, method void com.google.android.apps.docs.editors.toolbar.PreHoneyCombActionBar.a() would have incorrectly overridden the package-private method in akm
03-11 16:49:06.258 W/art     ( 2644): Before Android 4.1, method void com.google.android.apps.docs.editors.toolbar.PreHoneyCombActionBar.b() would have incorrectly overridden the package-private method in akm
03-11 16:49:06.969 D/AndroidRuntime( 2665): 
03-11 16:49:06.969 D/AndroidRuntime( 2665): >>>>>> AndroidRuntime START com.android.internal.os.RuntimeInit <<<<<<
03-11 16:49:06.969 D/AndroidRuntime( 2665): CheckJNI is OFF
03-11 16:49:06.969 E/art     ( 2665): Unrecognized option -XX:mainThreadStackSize=24K
03-11 16:49:06.969 W/art     ( 2665): Ignoring unknown -Xgc option: precise
03-11 16:49:07.019 W/art     ( 2665): Failed to find ELF magic in /system/framework/am.odex: dey
03-11 16:49:07.079 W/art     ( 2665): JNI RegisterNativeMethods: attempt to register 0 native methods for android.content.res.Configuration
03-11 16:49:07.089 D/AndroidRuntime( 2665): Calling main entry com.android.commands.am.Am
03-11 16:49:07.089 I/ActivityManager(  638): START u0 {flg=0x10000000 cmp=com.android.helloworldminimal/.HelloWorld} from pid 2665
03-11 16:49:07.229 W/ActiveOrDefaultContextProvider( 2644): Missing scope.enter somewhere. Returning default context
03-11 16:49:07.269 W/ActiveOrDefaultContextProvider( 2644): Missing scope.enter somewhere. Returning default context
03-11 16:49:07.279 E/JavaBinder( 2644): *** Uncaught remote exception!  (Exceptions are not yet supported across processes.)
03-11 16:49:07.279 E/JavaBinder( 2644): java.lang.RuntimeException: Can't create handler inside thread that has not called Looper.prepare()
03-11 16:49:07.279 E/JavaBinder( 2644): 	at android.os.Handler.<init>(Handler.java:200)
03-11 16:49:07.279 E/JavaBinder( 2644): 	at android.os.Handler.<init>(Handler.java:114)
03-11 16:49:07.279 E/JavaBinder( 2644): 	at aOW.<init>(ToastErrorReporter.java:72)
03-11 16:49:07.279 E/JavaBinder( 2644): 	at com.google.android.apps.docs.utils.ToastErrorReporter.<init>(ToastErrorReporter.java:72)
03-11 16:49:07.279 E/JavaBinder( 2644): 	at aNE.getInstance(GellyInjectorStore.java:438)
03-11 16:49:07.279 E/JavaBinder( 2644): 	at bnB.a(ConstructorProvider.java:30)
03-11 16:49:07.279 E/JavaBinder( 2644): 	at boi.a(RuntimeProvider.java:96)
03-11 16:49:07.279 E/JavaBinder( 2644): 	at boi.a(RuntimeProvider.java:96)
03-11 16:49:07.279 E/JavaBinder( 2644): 	at Jh.a(GellyInjectorStore.java:294)
03-11 16:49:07.279 E/JavaBinder( 2644): 	at Jh.performStaticMembersInjection(GellyInjectorStore.java:361)
03-11 16:49:07.279 E/JavaBinder( 2644): 	at bnP.b(GellyInjectorBuilderBase.java:45)
03-11 16:49:07.279 E/JavaBinder( 2644): 	at bnX.b(GellyInjectorBuilderBase.java:146)
03-11 16:49:07.279 E/JavaBinder( 2644): 	at bnR.a(GellyInjectorBuilderBase.java:174)
03-11 16:49:07.279 E/JavaBinder( 2644): 	at bnP.a(GellyInjectorBuilderBase.java:267)
03-11 16:49:07.279 E/JavaBinder( 2644): 	at com.google.common.labs.inject.gelly.GellyStaticRuntime.a(GellyStaticRuntime.java:1516)
03-11 16:49:07.279 E/JavaBinder( 2644): 	at bnw.a(Gelly.java:53)
03-11 16:49:07.279 E/JavaBinder( 2644): 	at aLP.a(InjectorRegistry.java:67)
03-11 16:49:07.279 E/JavaBinder( 2644): 	at aLI.a(GuiceApplication.java:27)
03-11 16:49:07.279 E/JavaBinder( 2644): 	at aLN.b(GuiceUtils.java:90)
03-11 16:49:07.279 E/JavaBinder( 2644): 	at aLN.a(GuiceUtils.java:64)
03-11 16:49:07.279 E/JavaBinder( 2644): 	at aLu.b(ContextScopedInjectorFactory.java:60)
03-11 16:49:07.279 E/JavaBinder( 2644): 	at com.google.android.gms.drive.external.StorageBackendContentProvider.a(StorageBackendContentProvider.java:112)
03-11 16:49:07.279 E/JavaBinder( 2644): 	at com.google.android.gms.drive.external.StorageBackendContentProvider.a(StorageBackendContentProvider.java:133)
03-11 16:49:07.279 E/JavaBinder( 2644): 	at com.google.android.gms.drive.external.StorageBackendContentProvider.queryRoots(StorageBackendContentProvider.java:154)
03-11 16:49:07.279 E/JavaBinder( 2644): 	at android.provider.DocumentsProvider.query(DocumentsProvider.java:416)
03-11 16:49:07.279 E/JavaBinder( 2644): 	at android.content.ContentProvider.query(ContentProvider.java:857)
03-11 16:49:07.279 E/JavaBinder( 2644): 	at android.content.ContentProvider$Transport.query(ContentProvider.java:200)
03-11 16:49:07.279 E/JavaBinder( 2644): 	at android.content.ContentProviderNative.onTransact(ContentProviderNative.java:112)
03-11 16:49:07.279 E/JavaBinder( 2644): 	at android.os.Binder.execTransact(Binder.java:404)
03-11 16:49:07.279 W/Documents( 2562): Failed to load some roots from com.google.android.apps.docs.storage: java.lang.NullPointerException: Attempt to invoke interface method 'boolean android.database.Cursor.moveToNext()' on a null object reference
03-11 16:49:07.279 D/Documents( 2562): Update found 6 roots in 1785ms
03-11 16:49:07.289 D/Documents( 2562): Used cached roots for com.android.providers.downloads.documents
03-11 16:49:07.289 D/Documents( 2562): Loading roots for com.android.externalstorage.documents
03-11 16:49:07.319 I/art     ( 2644): Heap trim of managed (duration=4.791260ms, advised=348KB) and native (duration=1.556396ms, advised=56KB) heaps. Managed heap utilization of 55%.
03-11 16:49:07.399 I/WindowManager(  638): Screenshot max retries 4 of Token{656a16b8 ActivityRecord{6539eae0 u0 com.android.launcher/com.android.launcher2.Launcher t1}} appWin=Window{6575b1d0 u0 com.android.launcher/com.android.launcher2.Launcher} drawState=4
03-11 16:49:07.399 W/WindowManager(  638): Screenshot failure taking screenshot for (1200x1920) to layer 21000
03-11 16:49:07.409 D/AndroidRuntime( 2665): Shutting down VM
03-11 16:49:07.409 D/Documents( 2562): Used cached roots for com.android.providers.media.documents
03-11 16:49:07.409 D/Documents( 2562): Loading roots for com.google.android.apps.docs.storage
03-11 16:49:07.419 W/art     (  185): Could not get current activity
03-11 16:49:07.429 I/ActivityManager(  638): Start proc com.android.helloworldminimal for activity com.android.helloworldminimal/.HelloWorld: pid=2681 uid=10122 gids={50122}
03-11 16:49:07.740 W/ActiveOrDefaultContextProvider( 2644): Missing scope.enter somewhere. Returning default context
03-11 16:49:07.740 W/ActiveOrDefaultContextProvider( 2644): Missing scope.enter somewhere. Returning default context
03-11 16:49:07.880 W/GAV2    ( 2644): Thread[main,5,main]: Need to call initialize() and be in fallback mode to start dispatch.
03-11 16:49:07.890 D/Documents( 2562): Update found 7 roots in 607ms
03-11 16:49:10.192 I/Adreno-EGL( 2681): <qeglDrvAPI_eglInitialize:320>: EGL 1.4 QUALCOMM Build: I0404c4692afb8623f95c43aeb6d5e13ed4b30ddbDate: 11/06/13
03-11 16:49:10.212 D/OpenGLRenderer( 2681): Enabling debug mode 0
03-11 16:49:10.312 I/ActivityManager(  638): Displayed com.android.helloworldminimal/.HelloWorld: +2s915ms
03-11 16:49:11.804 W/GAV2    ( 2644): Thread[main,5,main]: dispatch call queued.  Need to call GAServiceManager.getInstance().initialize().
03-11 16:49:12.274 W/GAV2    ( 2644): Thread[GAThread,5,main]: Service unavailable (code=1), will retry.
03-11 16:49:12.274 W/ActivityManager(  638): Unable to start service Intent { act=com.google.android.gms.analytics.service.START cmp=com.google.android.gms/.analytics.service.AnalyticsService (has extras) } U=0: not found
03-11 16:49:12.304 I/GAV2    ( 2644): Thread[GAThread,5,main]: No campaign data found.
03-11 16:49:17.289 W/GAV2    ( 2644): Thread[Service Reconnect,5,main]: Service unavailable (code=1), using local store.
03-11 16:49:17.289 W/ActivityManager(  638): Unable to start service Intent { act=com.google.android.gms.analytics.service.START cmp=com.google.android.gms/.analytics.service.AnalyticsService (has extras) } U=0: not found
03-11 16:49:17.880 I/EventLogService( 1125): Aggregate from 1394547549610 (log), 1394547549610 (data)
03-11 16:49:17.980 W/EventLogAggregator( 1125): Unknown tag: SYSTEM_AUDIT
03-11 16:49:18.010 I/ServiceDumpSys( 1125): dumping service [account]
03-11 16:49:27.989 D/AndroidRuntime( 2731): 
03-11 16:49:27.989 D/AndroidRuntime( 2731): >>>>>> AndroidRuntime START com.android.internal.os.RuntimeInit <<<<<<
03-11 16:49:27.989 D/AndroidRuntime( 2731): CheckJNI is OFF
03-11 16:49:27.989 E/art     ( 2731): Unrecognized option -XX:mainThreadStackSize=24K
03-11 16:49:27.989 W/art     ( 2731): Ignoring unknown -Xgc option: precise
03-11 16:49:28.039 W/art     ( 2731): Failed to find ELF magic in /system/framework/pm.odex: dey
03-11 16:49:28.099 W/art     ( 2731): JNI RegisterNativeMethods: attempt to register 0 native methods for android.content.res.Configuration
03-11 16:49:28.109 D/AndroidRuntime( 2731): Calling main entry com.android.commands.pm.Pm
03-11 16:49:28.120 I/ActivityManager(  638): Force stopping com.android.helloworldminimal appid=10122 user=0: clear data
03-11 16:49:28.120 I/ActivityManager(  638): Killing 2681:com.android.helloworldminimal/u0a122 (adj 0): stop com.android.helloworldminimal
03-11 16:49:28.120 W/ActivityManager(  638): Force removing ActivityRecord{6558f6d8 u0 com.android.helloworldminimal/.HelloWorld t3}: app died, no saved state
03-11 16:49:28.120 W/WindowManager(  638): Rebuild removed 2 windows but added 1
03-11 16:49:28.120 W/WindowManager(  638): java.lang.RuntimeException: here
03-11 16:49:28.120 W/WindowManager(  638): 	at com.android.server.wm.WindowManagerService.rebuildAppWindowListLocked(WindowManagerService.java:8011)
03-11 16:49:28.120 W/WindowManager(  638): 	at com.android.server.wm.WindowManagerService.rebuildAppWindowListLocked(WindowManagerService.java:7947)
03-11 16:49:28.120 W/WindowManager(  638): 	at com.android.server.wm.WindowManagerService.handleAppTransitionReadyLocked(WindowManagerService.java:8430)
03-11 16:49:28.120 W/WindowManager(  638): 	at com.android.server.wm.WindowManagerService.performLayoutAndPlaceSurfacesLockedInner(WindowManagerService.java:9193)
03-11 16:49:28.120 W/WindowManager(  638): 	at com.android.server.wm.WindowManagerService.performLayoutAndPlaceSurfacesLockedLoop(WindowManagerService.java:8163)
03-11 16:49:28.120 W/WindowManager(  638): 	at com.android.server.wm.WindowManagerService.performLayoutAndPlaceSurfacesLocked(WindowManagerService.java:8105)
03-11 16:49:28.120 W/WindowManager(  638): 	at com.android.server.wm.WindowManagerService.executeAppTransition(WindowManagerService.java:3918)
03-11 16:49:28.120 W/WindowManager(  638): 	at com.android.server.am.ActivityStackSupervisor.reportResumedActivityLocked(ActivityStackSupervisor.java:2241)
03-11 16:49:28.120 W/WindowManager(  638): 	at com.android.server.am.ActivityStack.completeResumeLocked(ActivityStack.java:968)
03-11 16:49:28.120 W/WindowManager(  638): 	at com.android.server.am.ActivityStack.resumeTopActivityLocked(ActivityStack.java:1631)
03-11 16:49:28.120 W/WindowManager(  638): 	at com.android.server.am.ActivityStackSupervisor.resumeTopActivitiesLocked(ActivityStackSupervisor.java:2022)
03-11 16:49:28.120 W/WindowManager(  638): 	at com.android.server.am.ActivityStackSupervisor.resumeTopActivitiesLocked(ActivityStackSupervisor.java:2009)
03-11 16:49:28.120 W/WindowManager(  638): 	at com.android.server.am.ActivityManagerService.forceStopPackageLocked(ActivityManagerService.java:4750)
03-11 16:49:28.120 W/WindowManager(  638): 	at com.android.server.am.ActivityManagerService.forceStopPackageLocked(ActivityManagerService.java:4496)
03-11 16:49:28.120 W/WindowManager(  638): 	at com.android.server.am.ActivityManagerService.clearApplicationUserData(ActivityManagerService.java:4176)
03-11 16:49:28.120 W/WindowManager(  638): 	at android.app.ActivityManagerNative.onTransact(ActivityManagerNative.java:1114)
03-11 16:49:28.120 W/WindowManager(  638): 	at com.android.server.am.ActivityManagerService.onTransact(ActivityManagerService.java:2071)
03-11 16:49:28.120 W/WindowManager(  638): 	at android.os.Binder.execTransact(Binder.java:404)
03-11 16:49:28.120 W/WindowManager(  638): This window was lost: Window{657e8e98 u0 com.android.helloworldminimal/com.android.helloworldminimal.HelloWorld}
03-11 16:49:28.120 W/WindowManager(  638): mDisplayId=0 mSession=Session{6567eff8 2681:u0a10122} mClient=android.os.BinderProxy@657c3630
03-11 16:49:28.120 W/WindowManager(  638): mOwnerUid=10122 mShowToOwnerOnly=true package=com.android.helloworldminimal appop=NONE
03-11 16:49:28.120 W/WindowManager(  638): mAttrs=WM.LayoutParams{(0,0)(fillxfill) sim=#120 ty=1 fl=#1810100 pfl=0x8 wanim=0x10302f5}
03-11 16:49:28.120 W/WindowManager(  638): Requested w=1200 h=1824 mLayoutSeq=71
03-11 16:49:28.120 W/WindowManager(  638): mBaseLayer=21000 mSubLayer=0 mAnimLayer=21005+0=21005 mLastLayer=0
03-11 16:49:28.120 W/WindowManager(  638): mToken=AppWindowToken{657feaf0 token=Token{657bf280 ActivityRecord{6558f6d8 u0 com.android.helloworldminimal/.HelloWorld t3}}}
03-11 16:49:28.120 W/WindowManager(  638): mRootToken=AppWindowToken{657feaf0 token=Token{657bf280 ActivityRecord{6558f6d8 u0 com.android.helloworldminimal/.HelloWorld t3}}}
03-11 16:49:28.120 W/WindowManager(  638): mAppToken=AppWindowToken{657feaf0 token=Token{657bf280 ActivityRecord{6558f6d8 u0 com.android.helloworldminimal/.HelloWorld t3}}}
03-11 16:49:28.120 W/WindowManager(  638): mViewVisibility=0x0 mHaveFrame=true mObscured=true
03-11 16:49:28.120 W/WindowManager(  638): mSeq=0 mSystemUiVisibility=0x0
03-11 16:49:28.120 W/WindowManager(  638): mPolicyVisibility=false mPolicyVisibilityAfterAnim=false mAppOpVisibility=true mAttachedHidden=false
03-11 16:49:28.120 W/WindowManager(  638): mGivenContentInsets=[0,0][0,0] mGivenVisibleInsets=[0,0][0,0]
03-11 16:49:28.120 W/WindowManager(  638): mConfiguration={1.0 ?mcc?mnc en_US ldltr sw600dp w600dp h887dp 320dpi lrg port finger -keyb/v/h -nav/h s.4}
03-11 16:49:28.120 W/WindowManager(  638): mHasSurface=true mShownFrame=[0.0,0.0][1200.0,1824.0] isReadyForDisplay()=false
03-11 16:49:28.120 W/WindowManager(  638): mFrame=[0,0][1200,1824] last=[0,0][1200,1824]
03-11 16:49:28.120 W/WindowManager(  638): mSystemDecorRect=[0,0][1200,1824] last=[0,0][1200,1824]
03-11 16:49:28.120 W/WindowManager(  638): Frames: containing=[0,0][1200,1824] parent=[0,0][1200,1824]
03-11 16:49:28.120 W/WindowManager(  638):     display=[0,0][1200,1824] overscan=[0,0][1200,1920]
03-11 16:49:28.120 W/WindowManager(  638):     content=[0,50][1200,1824] visible=[0,50][1200,1824]
03-11 16:49:28.120 W/WindowManager(  638):     decor=[0,0][1200,1920]
03-11 16:49:28.120 W/WindowManager(  638): Cur insets: overscan=[0,0][0,0] content=[0,50][0,0] visible=[0,50][0,0]
03-11 16:49:28.120 W/WindowManager(  638): Lst insets: overscan=[0,0][0,0] content=[0,50][0,0] visible=[0,50][0,0]
03-11 16:49:28.120 W/WindowManager(  638): WindowStateAnimator{65806680 com.android.helloworldminimal/com.android.helloworldminimal.HelloWorld}:
03-11 16:49:28.120 W/WindowManager(  638):   mSurface=Surface(name=com.android.helloworldminimal/com.android.helloworldminimal.HelloWorld)
03-11 16:49:28.120 W/WindowManager(  638):   mDrawState=HAS_DRAWN mLastHidden=true
03-11 16:49:28.120 W/WindowManager(  638):   Surface: shown=false layer=21005 alpha=0.0 rect=(0.0,0.0) 1200.0 x 1824.0
03-11 16:49:28.120 W/WindowManager(  638):   mShownAlpha=1.0 mAlpha=1.0 mLastAlpha=-1.0
03-11 16:49:28.120 W/WindowManager(  638): Current app token list:
03-11 16:49:28.120 V/WindowManager(  638):   Display 0
03-11 16:49:28.130 V/WindowManager(  638):   #0: Token{656a16b8 ActivityRecord{6539eae0 u0 com.android.launcher/com.android.launcher2.Launcher t1}}
03-11 16:49:28.130 W/WindowManager(  638): Final window list:
03-11 16:49:28.130 V/WindowManager(  638):   #0: Window{6537b068 u0 SearchPanel}
03-11 16:49:28.130 V/WindowManager(  638):   #1: Window{655d58f8 u0 NavigationBar}
03-11 16:49:28.130 V/WindowManager(  638):   #2: Window{65215988 u0 StatusBar}
03-11 16:49:28.130 V/WindowManager(  638):   #3: Window{657346f0 u0 Keyguard}
03-11 16:49:28.130 V/WindowManager(  638):   #4: Window{6556f2b8 u0 KeyguardScrim}
03-11 16:49:28.130 V/WindowManager(  638):   #5: Window{6575b1d0 u0 com.android.launcher/com.android.launcher2.Launcher}
03-11 16:49:28.130 V/WindowManager(  638):   #6: Window{654254e8 u0 com.android.systemui.ImageWallpaper}
03-11 16:49:28.140 D/keystore(  190): calling clear_uid in state: 3
03-11 16:49:28.140 D/Documents( 2562): Used cached roots for com.android.providers.downloads.documents
03-11 16:49:28.140 D/Documents( 2562): Used cached roots for com.android.externalstorage.documents
03-11 16:49:28.140 D/Documents( 2562): Used cached roots for com.android.providers.media.documents
03-11 16:49:28.140 D/Documents( 2562): Used cached roots for com.google.android.apps.docs.storage
03-11 16:49:28.140 D/Documents( 2562): Update found 7 roots in 2ms
03-11 16:49:28.140 I/WindowState(  638): WIN DEATH: Window{657e8e98 u0 com.android.helloworldminimal/com.android.helloworldminimal.HelloWorld}
03-11 16:49:28.150 D/PackageBroadcastService( 1062): Received broadcast action=android.intent.action.PACKAGE_DATA_CLEARED and uri=com.android.helloworldminimal
03-11 16:49:28.160 I/Icing   ( 1062): doRemovePackageData com.android.helloworldminimal
03-11 16:49:28.170 D/AndroidRuntime( 2731): Shutting down VM
03-11 16:49:29.731 D/AndroidRuntime( 2755): 
03-11 16:49:29.731 D/AndroidRuntime( 2755): >>>>>> AndroidRuntime START com.android.internal.os.RuntimeInit <<<<<<
03-11 16:49:29.731 D/AndroidRuntime( 2755): CheckJNI is OFF
03-11 16:49:29.731 E/art     ( 2755): Unrecognized option -XX:mainThreadStackSize=24K
03-11 16:49:29.731 W/art     ( 2755): Ignoring unknown -Xgc option: precise
03-11 16:49:29.771 W/art     ( 2755): Failed to find ELF magic in /system/framework/am.odex: dey
03-11 16:49:29.841 W/art     ( 2755): JNI RegisterNativeMethods: attempt to register 0 native methods for android.content.res.Configuration
03-11 16:49:29.851 D/AndroidRuntime( 2755): Calling main entry com.android.commands.am.Am
03-11 16:49:29.851 I/ActivityManager(  638): START u0 {flg=0x10000000 cmp=com.android.helloworldminimal/.HelloWorld} from pid 2755
03-11 16:49:30.141 I/WindowManager(  638): Screenshot max retries 4 of Token{656a16b8 ActivityRecord{6539eae0 u0 com.android.launcher/com.android.launcher2.Launcher t1}} appWin=Window{6575b1d0 u0 com.android.launcher/com.android.launcher2.Launcher} drawState=4
03-11 16:49:30.161 W/WindowManager(  638): Screenshot failure taking screenshot for (1200x1920) to layer 21000
03-11 16:49:30.172 D/AndroidRuntime( 2755): Shutting down VM
03-11 16:49:30.182 W/art     (  185): Could not get current activity
03-11 16:49:30.192 I/ActivityManager(  638): Start proc com.android.helloworldminimal for activity com.android.helloworldminimal/.HelloWorld: pid=2775 uid=10122 gids={50122}
03-11 16:49:32.944 I/Adreno-EGL( 2775): <qeglDrvAPI_eglInitialize:320>: EGL 1.4 QUALCOMM Build: I0404c4692afb8623f95c43aeb6d5e13ed4b30ddbDate: 11/06/13
03-11 16:49:32.974 D/OpenGLRenderer( 2775): Enabling debug mode 0
03-11 16:49:33.074 I/ActivityManager(  638): Displayed com.android.helloworldminimal/.HelloWorld: +2s925ms
03-11 16:49:50.702 D/AndroidRuntime( 2816): 
03-11 16:49:50.702 D/AndroidRuntime( 2816): >>>>>> AndroidRuntime START com.android.internal.os.RuntimeInit <<<<<<
03-11 16:49:50.702 D/AndroidRuntime( 2816): CheckJNI is OFF
03-11 16:49:50.702 E/art     ( 2816): Unrecognized option -XX:mainThreadStackSize=24K
03-11 16:49:50.702 W/art     ( 2816): Ignoring unknown -Xgc option: precise
03-11 16:49:50.742 W/art     ( 2816): Failed to find ELF magic in /system/framework/pm.odex: dey
03-11 16:49:50.802 W/art     ( 2816): JNI RegisterNativeMethods: attempt to register 0 native methods for android.content.res.Configuration
03-11 16:49:50.812 D/AndroidRuntime( 2816): Calling main entry com.android.commands.pm.Pm
03-11 16:49:50.822 I/ActivityManager(  638): Force stopping com.android.helloworldminimal appid=10122 user=0: clear data
03-11 16:49:50.822 I/ActivityManager(  638): Killing 2775:com.android.helloworldminimal/u0a122 (adj 0): stop com.android.helloworldminimal
03-11 16:49:50.822 W/ActivityManager(  638): Force removing ActivityRecord{655d9810 u0 com.android.helloworldminimal/.HelloWorld t4}: app died, no saved state
03-11 16:49:50.842 W/WindowManager(  638): Rebuild removed 2 windows but added 1
03-11 16:49:50.842 W/WindowManager(  638): java.lang.RuntimeException: here
03-11 16:49:50.842 W/WindowManager(  638): 	at com.android.server.wm.WindowManagerService.rebuildAppWindowListLocked(WindowManagerService.java:8011)
03-11 16:49:50.842 W/WindowManager(  638): 	at com.android.server.wm.WindowManagerService.rebuildAppWindowListLocked(WindowManagerService.java:7947)
03-11 16:49:50.842 W/WindowManager(  638): 	at com.android.server.wm.WindowManagerService.handleAppTransitionReadyLocked(WindowManagerService.java:8430)
03-11 16:49:50.842 W/WindowManager(  638): 	at com.android.server.wm.WindowManagerService.performLayoutAndPlaceSurfacesLockedInner(WindowManagerService.java:9193)
03-11 16:49:50.842 W/WindowManager(  638): 	at com.android.server.wm.WindowManagerService.performLayoutAndPlaceSurfacesLockedLoop(WindowManagerService.java:8163)
03-11 16:49:50.842 W/WindowManager(  638): 	at com.android.server.wm.WindowManagerService.performLayoutAndPlaceSurfacesLocked(WindowManagerService.java:8105)
03-11 16:49:50.842 W/WindowManager(  638): 	at com.android.server.wm.WindowManagerService.executeAppTransition(WindowManagerService.java:3918)
03-11 16:49:50.842 W/WindowManager(  638): 	at com.android.server.am.ActivityStackSupervisor.reportResumedActivityLocked(ActivityStackSupervisor.java:2241)
03-11 16:49:50.842 W/WindowManager(  638): 	at com.android.server.am.ActivityStack.completeResumeLocked(ActivityStack.java:968)
03-11 16:49:50.842 W/WindowManager(  638): 	at com.android.server.am.ActivityStack.resumeTopActivityLocked(ActivityStack.java:1631)
03-11 16:49:50.842 W/WindowManager(  638): 	at com.android.server.am.ActivityStackSupervisor.resumeTopActivitiesLocked(ActivityStackSupervisor.java:2022)
03-11 16:49:50.842 W/WindowManager(  638): 	at com.android.server.am.ActivityStackSupervisor.resumeTopActivitiesLocked(ActivityStackSupervisor.java:2009)
03-11 16:49:50.842 W/WindowManager(  638): 	at com.android.server.am.ActivityManagerService.forceStopPackageLocked(ActivityManagerService.java:4750)
03-11 16:49:50.842 W/WindowManager(  638): 	at com.android.server.am.ActivityManagerService.forceStopPackageLocked(ActivityManagerService.java:4496)
03-11 16:49:50.842 W/WindowManager(  638): 	at com.android.server.am.ActivityManagerService.clearApplicationUserData(ActivityManagerService.java:4176)
03-11 16:49:50.842 W/WindowManager(  638): 	at android.app.ActivityManagerNative.onTransact(ActivityManagerNative.java:1114)
03-11 16:49:50.842 W/WindowManager(  638): 	at com.android.server.am.ActivityManagerService.onTransact(ActivityManagerService.java:2071)
03-11 16:49:50.842 W/WindowManager(  638): 	at android.os.Binder.execTransact(Binder.java:404)
03-11 16:49:50.842 W/WindowManager(  638): This window was lost: Window{6557f280 u0 com.android.helloworldminimal/com.android.helloworldminimal.HelloWorld}
03-11 16:49:50.842 W/WindowManager(  638): mDisplayId=0 mSession=Session{65437e08 2775:u0a10122} mClient=android.os.BinderProxy@65463020
03-11 16:49:50.842 W/WindowManager(  638): mOwnerUid=10122 mShowToOwnerOnly=true package=com.android.helloworldminimal appop=NONE
03-11 16:49:50.842 W/WindowManager(  638): mAttrs=WM.LayoutParams{(0,0)(fillxfill) sim=#120 ty=1 fl=#1810100 pfl=0x8 wanim=0x10302f5}
03-11 16:49:50.842 W/WindowManager(  638): Requested w=1200 h=1824 mLayoutSeq=90
03-11 16:49:50.842 W/WindowManager(  638): mBaseLayer=21000 mSubLayer=0 mAnimLayer=21005+0=21005 mLastLayer=0
03-11 16:49:50.842 W/WindowManager(  638): mToken=AppWindowToken{656d9fd8 token=Token{65659d58 ActivityRecord{655d9810 u0 com.android.helloworldminimal/.HelloWorld t4}}}
03-11 16:49:50.842 W/WindowManager(  638): mRootToken=AppWindowToken{656d9fd8 token=Token{65659d58 ActivityRecord{655d9810 u0 com.android.helloworldminimal/.HelloWorld t4}}}
03-11 16:49:50.842 W/WindowManager(  638): mAppToken=AppWindowToken{656d9fd8 token=Token{65659d58 ActivityRecord{655d9810 u0 com.android.helloworldminimal/.HelloWorld t4}}}
03-11 16:49:50.842 W/WindowManager(  638): mViewVisibility=0x0 mHaveFrame=true mObscured=true
03-11 16:49:50.842 W/WindowManager(  638): mSeq=0 mSystemUiVisibility=0x0
03-11 16:49:50.842 W/WindowManager(  638): mPolicyVisibility=false mPolicyVisibilityAfterAnim=false mAppOpVisibility=true mAttachedHidden=false
03-11 16:49:50.842 W/WindowManager(  638): mGivenContentInsets=[0,0][0,0] mGivenVisibleInsets=[0,0][0,0]
03-11 16:49:50.842 W/WindowManager(  638): mConfiguration={1.0 ?mcc?mnc en_US ldltr sw600dp w600dp h887dp 320dpi lrg port finger -keyb/v/h -nav/h s.4}
03-11 16:49:50.842 W/WindowManager(  638): mHasSurface=true mShownFrame=[0.0,0.0][1200.0,1824.0] isReadyForDisplay()=false
03-11 16:49:50.842 W/WindowManager(  638): mFrame=[0,0][1200,1824] last=[0,0][1200,1824]
03-11 16:49:50.842 W/WindowManager(  638): mSystemDecorRect=[0,0][1200,1824] last=[0,0][1200,1824]
03-11 16:49:50.842 W/WindowManager(  638): Frames: containing=[0,0][1200,1824] parent=[0,0][1200,1824]
03-11 16:49:50.842 W/WindowManager(  638):     display=[0,0][1200,1824] overscan=[0,0][1200,1920]
03-11 16:49:50.842 W/WindowManager(  638):     content=[0,50][1200,1824] visible=[0,50][1200,1824]
03-11 16:49:50.842 W/WindowManager(  638):     decor=[0,0][1200,1920]
03-11 16:49:50.842 W/WindowManager(  638): Cur insets: overscan=[0,0][0,0] content=[0,50][0,0] visible=[0,50][0,0]
03-11 16:49:50.842 W/WindowManager(  638): Lst insets: overscan=[0,0][0,0] content=[0,50][0,0] visible=[0,50][0,0]
03-11 16:49:50.842 W/WindowManager(  638): WindowStateAnimator{6567c588 com.android.helloworldminimal/com.android.helloworldminimal.HelloWorld}:
03-11 16:49:50.842 W/WindowManager(  638):   mSurface=Surface(name=com.android.helloworldminimal/com.android.helloworldminimal.HelloWorld)
03-11 16:49:50.842 W/WindowManager(  638):   mDrawState=HAS_DRAWN mLastHidden=true
03-11 16:49:50.842 W/WindowManager(  638):   Surface: shown=false layer=21005 alpha=0.0 rect=(0.0,0.0) 1200.0 x 1824.0
03-11 16:49:50.842 W/WindowManager(  638):   mShownAlpha=1.0 mAlpha=1.0 mLastAlpha=-1.0
03-11 16:49:50.842 W/WindowManager(  638): Current app token list:
03-11 16:49:50.842 V/WindowManager(  638):   Display 0
03-11 16:49:50.842 V/WindowManager(  638):   #0: Token{656a16b8 ActivityRecord{6539eae0 u0 com.android.launcher/com.android.launcher2.Launcher t1}}
03-11 16:49:50.842 W/WindowManager(  638): Final window list:
03-11 16:49:50.842 V/WindowManager(  638):   #0: Window{6537b068 u0 SearchPanel}
03-11 16:49:50.842 V/WindowManager(  638):   #1: Window{655d58f8 u0 NavigationBar}
03-11 16:49:50.842 V/WindowManager(  638):   #2: Window{65215988 u0 StatusBar}
03-11 16:49:50.842 V/WindowManager(  638):   #3: Window{657346f0 u0 Keyguard}
03-11 16:49:50.842 V/WindowManager(  638):   #4: Window{6556f2b8 u0 KeyguardScrim}
03-11 16:49:50.842 V/WindowManager(  638):   #5: Window{6575b1d0 u0 com.android.launcher/com.android.launcher2.Launcher}
03-11 16:49:50.842 V/WindowManager(  638):   #6: Window{654254e8 u0 com.android.systemui.ImageWallpaper}
03-11 16:49:50.842 I/WindowState(  638): WIN DEATH: Window{6557f280 u0 com.android.helloworldminimal/com.android.helloworldminimal.HelloWorld}
03-11 16:49:50.852 D/keystore(  190): calling clear_uid in state: 3
03-11 16:49:50.862 D/Documents( 2562): Used cached roots for com.android.providers.downloads.documents
03-11 16:49:50.862 D/Documents( 2562): Used cached roots for com.android.externalstorage.documents
03-11 16:49:50.862 D/Documents( 2562): Used cached roots for com.android.providers.media.documents
03-11 16:49:50.862 D/Documents( 2562): Used cached roots for com.google.android.apps.docs.storage
03-11 16:49:50.862 D/Documents( 2562): Update found 7 roots in 2ms
03-11 16:49:50.872 D/PackageBroadcastService( 1062): Received broadcast action=android.intent.action.PACKAGE_DATA_CLEARED and uri=com.android.helloworldminimal
03-11 16:49:50.892 I/Icing   ( 1062): doRemovePackageData com.android.helloworldminimal
03-11 16:49:50.912 I/art     ( 1062): Heap trim of managed (duration=2.502441ms, advised=64KB) and native (duration=3.173828ms, advised=0B) heaps. Managed heap utilization of 68%.
03-11 16:49:50.922 D/AndroidRuntime( 2816): Shutting down VM
03-11 16:49:52.473 D/AndroidRuntime( 2846): 
03-11 16:49:52.473 D/AndroidRuntime( 2846): >>>>>> AndroidRuntime START com.android.internal.os.RuntimeInit <<<<<<
03-11 16:49:52.473 D/AndroidRuntime( 2846): CheckJNI is OFF
03-11 16:49:52.473 E/art     ( 2846): Unrecognized option -XX:mainThreadStackSize=24K
03-11 16:49:52.473 W/art     ( 2846): Ignoring unknown -Xgc option: precise
03-11 16:49:52.523 W/art     ( 2846): Failed to find ELF magic in /system/framework/am.odex: dey
03-11 16:49:52.583 W/art     ( 2846): JNI RegisterNativeMethods: attempt to register 0 native methods for android.content.res.Configuration
03-11 16:49:52.593 D/AndroidRuntime( 2846): Calling main entry com.android.commands.am.Am
03-11 16:49:52.593 I/ActivityManager(  638): START u0 {flg=0x10000000 cmp=com.android.helloworldminimal/.HelloWorld} from pid 2846
03-11 16:49:52.904 I/WindowManager(  638): Screenshot max retries 4 of Token{656a16b8 ActivityRecord{6539eae0 u0 com.android.launcher/com.android.launcher2.Launcher t1}} appWin=Window{6575b1d0 u0 com.android.launcher/com.android.launcher2.Launcher} drawState=4
03-11 16:49:52.904 W/WindowManager(  638): Screenshot failure taking screenshot for (1200x1920) to layer 21000
03-11 16:49:52.914 D/AndroidRuntime( 2846): Shutting down VM
03-11 16:49:52.944 W/art     (  185): Could not get current activity
03-11 16:49:52.944 I/ActivityManager(  638): Start proc com.android.helloworldminimal for activity com.android.helloworldminimal/.HelloWorld: pid=2864 uid=10122 gids={50122}
03-11 16:49:55.656 I/Adreno-EGL( 2864): <qeglDrvAPI_eglInitialize:320>: EGL 1.4 QUALCOMM Build: I0404c4692afb8623f95c43aeb6d5e13ed4b30ddbDate: 11/06/13
03-11 16:49:55.676 D/OpenGLRenderer( 2864): Enabling debug mode 0
03-11 16:49:55.797 I/ActivityManager(  638): Displayed com.android.helloworldminimal/.HelloWorld: +2s882ms
03-11 16:50:13.454 D/AndroidRuntime( 2891): 
03-11 16:50:13.454 D/AndroidRuntime( 2891): >>>>>> AndroidRuntime START com.android.internal.os.RuntimeInit <<<<<<
03-11 16:50:13.454 D/AndroidRuntime( 2891): CheckJNI is OFF
03-11 16:50:13.454 E/art     ( 2891): Unrecognized option -XX:mainThreadStackSize=24K
03-11 16:50:13.454 W/art     ( 2891): Ignoring unknown -Xgc option: precise
03-11 16:50:13.494 W/art     ( 2891): Failed to find ELF magic in /system/framework/pm.odex: dey
03-11 16:50:13.554 W/art     ( 2891): JNI RegisterNativeMethods: attempt to register 0 native methods for android.content.res.Configuration
03-11 16:50:13.564 D/AndroidRuntime( 2891): Calling main entry com.android.commands.pm.Pm
03-11 16:50:13.564 I/ActivityManager(  638): Force stopping com.android.helloworldminimal appid=10122 user=0: clear data
03-11 16:50:13.564 I/ActivityManager(  638): Killing 2864:com.android.helloworldminimal/u0a122 (adj 0): stop com.android.helloworldminimal
03-11 16:50:13.564 W/ActivityManager(  638): Force removing ActivityRecord{65804828 u0 com.android.helloworldminimal/.HelloWorld t5}: app died, no saved state
03-11 16:50:13.574 W/WindowManager(  638): Rebuild removed 2 windows but added 1
03-11 16:50:13.574 W/WindowManager(  638): java.lang.RuntimeException: here
03-11 16:50:13.574 W/WindowManager(  638): 	at com.android.server.wm.WindowManagerService.rebuildAppWindowListLocked(WindowManagerService.java:8011)
03-11 16:50:13.574 W/WindowManager(  638): 	at com.android.server.wm.WindowManagerService.rebuildAppWindowListLocked(WindowManagerService.java:7947)
03-11 16:50:13.574 W/WindowManager(  638): 	at com.android.server.wm.WindowManagerService.handleAppTransitionReadyLocked(WindowManagerService.java:8430)
03-11 16:50:13.574 W/WindowManager(  638): 	at com.android.server.wm.WindowManagerService.performLayoutAndPlaceSurfacesLockedInner(WindowManagerService.java:9193)
03-11 16:50:13.574 W/WindowManager(  638): 	at com.android.server.wm.WindowManagerService.performLayoutAndPlaceSurfacesLockedLoop(WindowManagerService.java:8163)
03-11 16:50:13.574 W/WindowManager(  638): 	at com.android.server.wm.WindowManagerService.performLayoutAndPlaceSurfacesLocked(WindowManagerService.java:8105)
03-11 16:50:13.574 W/WindowManager(  638): 	at com.android.server.wm.WindowManagerService.executeAppTransition(WindowManagerService.java:3918)
03-11 16:50:13.574 W/WindowManager(  638): 	at com.android.server.am.ActivityStackSupervisor.reportResumedActivityLocked(ActivityStackSupervisor.java:2241)
03-11 16:50:13.574 W/WindowManager(  638): 	at com.android.server.am.ActivityStack.completeResumeLocked(ActivityStack.java:968)
