03-11 16:47:13.829 W/art     ( 1496): Before Android 4.1, method void com.facebook.reflex.view.GalleryView.invalidate(boolean) would have incorrectly overridden the package-private method in android.view.View
03-11 16:47:13.839 W/art     ( 1496): Before Android 4.1, method void com.facebook.reflex.view.HorizontalScrollViewAutoReflex.invalidate(boolean) would have incorrectly overridden the package-private method in android.view.View
03-11 16:47:13.849 W/art     ( 1496): Before Android 4.1, method void com.facebook.reflex.view.HorizontalScrollView.invalidate(boolean) would have incorrectly overridden the package-private method in android.view.View
03-11 16:47:13.859 W/art     ( 1496): Before Android 4.1, method void com.facebook.reflex.view.ImageViewAutoReflex.invalidate(boolean) would have incorrectly overridden the package-private method in android.view.View
03-11 16:47:13.869 W/art     ( 1496): Before Android 4.1, method void com.facebook.reflex.view.ScrollViewAutoReflex.invalidate(boolean) would have incorrectly overridden the package-private method in android.view.View
03-11 16:47:13.879 W/art     ( 1496): Before Android 4.1, method void com.facebook.reflex.view.ScrollView.invalidate(boolean) would have incorrectly overridden the package-private method in android.view.View
03-11 16:47:13.899 W/art     ( 1496): Before Android 4.1, method void com.facebook.reflex.view.ViewPagerAutoReflex.invalidate(boolean) would have incorrectly overridden the package-private method in android.view.View
03-11 16:47:13.899 V/MediaScanner(  862): pruneDeadThumbnailFiles... android.database.sqlite.SQLiteCursor@64eb2598
03-11 16:47:13.899 V/MediaScanner(  862): /pruneDeadThumbnailFiles... android.database.sqlite.SQLiteCursor@64eb2598
03-11 16:47:13.909 W/art     ( 1496): Before Android 4.1, method void com.facebook.reflex.view.ViewPager.invalidate(boolean) would have incorrectly overridden the package-private method in android.view.View
03-11 16:47:13.909 I/ActivityManager(  638): Resuming delayed broadcast
03-11 16:47:13.939 W/art     (  185): Could not get current activity
03-11 16:47:13.949 D/MtpService(  862): updating state; isCurrentUser=true, mMtpLocked=false
03-11 16:47:13.949 I/ActivityManager(  638): Start proc com.google.android.nfcprovision for broadcast com.google.android.nfcprovision/.BootReceiver: pid=1649 uid=10046 gids={50046, 1028, 3002, 3001, 3003}
03-11 16:47:13.969 W/art     ( 1649): Failed to find ELF magic in /system/priv-app/NfcProvision.odex: dey
03-11 16:47:14.009 I/ActivityManager(  638): Start proc com.google.android.deskclock for broadcast com.google.android.deskclock/com.android.deskclock.AlarmInitReceiver: pid=1667 uid=10015 gids={50015, 1028}
03-11 16:47:14.049 W/art     ( 1667): Failed to find ELF magic in /system/app/DeskClockGoogle.odex: dey
03-11 16:47:14.069 V/AlarmClock( 1667): AlarmInitReceiver android.intent.action.BOOT_COMPLETED
03-11 16:47:14.109 V/AlarmClock( 1667): AlarmInitReceiver - Reset timers and clear stopwatch data
03-11 16:47:14.139 I/AlarmClock( 1667): Displaying next alarm time: ''
03-11 16:47:14.139 V/AlarmClock( 1667): AlarmInitReceiver finished
03-11 16:47:14.169 I/ActivityManager(  638): Start proc com.google.android.email for broadcast com.google.android.email/com.android.email.service.EmailBroadcastReceiver: pid=1687 uid=10018 gids={50018, 3003, 1028, 1015}
03-11 16:47:14.209 W/art     ( 1687): Failed to find ELF magic in /system/app/EmailGoogle.odex: dey
03-11 16:47:14.379 D/ActivityThread( 1687): Loading provider com.google.android.email.provider;com.google.android.email.notifier: com.android.email.provider.EmailProvider
03-11 16:47:14.529 I/ActivityManager(  638): Delay finish: com.google.android.email/com.android.email.service.EmailBroadcastReceiver
03-11 16:47:14.629 I/iu.UploadsManager( 1470): storage changed; old: -1, new: -1
03-11 16:47:14.699 I/Email   ( 1687): Observing account changes for notifications
03-11 16:47:14.699 W/ActivityManager(  638): Unable to start service Intent { cmp=com.google.android.email/com.android.email.service.AttachmentDownloadService } U=0: not found
03-11 16:47:14.699 I/ActivityManager(  638): Delaying start of: ServiceRecord{6558a938 u0 com.google.android.exchange/com.android.exchange.service.EmailSyncAdapterService}
03-11 16:47:14.719 I/ActivityManager(  638): Start proc com.google.android.exchange for service com.google.android.exchange/com.android.exchange.service.EmailSyncAdapterService: pid=1714 uid=10019 gids={50019, 3003, 1028, 1015}
03-11 16:47:14.800 W/ActivityManager(  638): Unable to start service Intent { cmp=com.google.android.email/com.android.email.service.AttachmentDownloadService } U=0: not found
03-11 16:47:14.820 W/art     ( 1714): Failed to find ELF magic in /system/app/Exchange2Google.odex: dey
03-11 16:47:14.950 I/ActivityManager(  638): Resuming delayed broadcast
03-11 16:47:14.950 I/ActivityManager(  638): Delay finish: com.google.android.syncadapters.contacts/.ContactsSyncAdapterBroadcastReceiver
03-11 16:47:14.970 I/ActivityManager(  638): Resuming delayed broadcast
03-11 16:47:14.980 I/LauncherIconVisibilityManager(  881): Boot has been completed
03-11 16:47:14.980 I/LauncherIconVisibilityManager(  881): Activity has already been disabled: ComponentInfo{com.google.android.inputmethod.latin/com.android.inputmethod.latin.setup.SetupActivity}
03-11 16:47:15.010 I/ActivityManager(  638): Start proc com.android.vending for broadcast com.android.vending/com.google.android.finsky.receivers.BootCompletedReceiver: pid=1740 uid=10052 gids={50052, 3003, 1028, 1015}
03-11 16:47:15.290 I/EsSyncAdapterService( 1470): G+ sync (full, periodic) finished. Elapsed time: 2933ms
03-11 16:47:15.290 I/EsSyncAdapterService( 1470):   [Notifications] items: 9, sub-items: 0, bytes: 0, duration: 1428ms, avg: 158ms
03-11 16:47:15.290 I/EsSyncAdapterService( 1470):     [Sync:gid], duration: 1235ms, network: 1201ms, processing: 34ms, requests: 0, sent: 0, received: 0
03-11 16:47:15.290 I/EsSyncAdapterService( 1470):   [Activities:Sync] items: 0, sub-items: 0, bytes: 0, duration: 1ms, avg: 1ms
03-11 16:47:15.290 I/EsSyncAdapterService( 1470):   [MyProfile] items: 0, sub-items: 0, bytes: 0, duration: 534ms, avg: 534ms
03-11 16:47:15.290 I/EsSyncAdapterService( 1470):     [loadpeople], duration: 529ms, network: 524ms, processing: 5ms, requests: 0, sent: 0, received: 0
03-11 16:47:15.290 I/EsSyncAdapterService( 1470):   [Circles] items: 1, sub-items: 0, bytes: 0, duration: 299ms, avg: 299ms
03-11 16:47:15.290 I/EsSyncAdapterService( 1470):     [loadsocialnetwork], duration: 188ms, network: 136ms, processing: 52ms, requests: 0, sent: 0, received: 0
03-11 16:47:15.290 I/EsSyncAdapterService( 1470):   [SocialNetwork] items: 0, sub-items: 0, bytes: 0, duration: 254ms, avg: 254ms
03-11 16:47:15.290 I/EsSyncAdapterService( 1470):     [loadsocialnetwork], duration: 172ms, network: 171ms, processing: 1ms, requests: 0, sent: 0, received: 0
03-11 16:47:15.340 D/Finsky  ( 1740): [1] FinskyApp.onCreate: Initializing network with DFE https://android.clients.google.com/fdfe/
03-11 16:47:15.440 D/Finsky  ( 1740): [1] DailyHygiene.goMakeHygieneIfDirty: No need to run daily hygiene.
03-11 16:47:15.450 I/EsSyncAdapterService( 1470): G+ sync (android contacts) started.
03-11 16:47:15.510 W/Settings( 1740): Setting download_manager_max_bytes_over_mobile has moved from android.provider.Settings.Secure to android.provider.Settings.Global.
03-11 16:47:15.510 W/Settings( 1740): Setting download_manager_recommended_max_bytes_over_mobile has moved from android.provider.Settings.Secure to android.provider.Settings.Global.
03-11 16:47:15.580 I/EsSyncAdapterService( 1470): G+ sync (android contacts) finished. Elapsed time: 127ms
03-11 16:47:15.580 I/EsSyncAdapterService( 1470):   [Android:DeleteContacts] items: 0, sub-items: 0, bytes: 0, duration: 9ms, avg: 9ms
03-11 16:47:15.580 I/EsSyncAdapterService( 1470):   [Android:DeleteCircles] items: 0, sub-items: 0, bytes: 0, duration: 111ms, avg: 111ms
03-11 16:47:15.580 I/EsSyncAdapterService( 1470):   [Android:MyProfile] items: 0, sub-items: 0, bytes: 0, duration: 6ms, avg: 6ms
03-11 16:47:15.580 I/EsSyncAdapterService( 1470):   [Android:MyProfile] items: 0, sub-items: 0, bytes: 0, duration: 6ms, avg: 6ms
03-11 16:47:15.610 D/Volley  ( 1740): [161] DiskBasedCache.clear: Cache cleared.
03-11 16:47:15.610 D/Finsky  ( 1740): [1] GmsCoreHelper.cleanupNlp: result=false type=4
03-11 16:47:15.620 D/Volley  ( 1740): [165] DiskBasedCache.clear: Cache cleared.
03-11 16:47:15.630 I/ActivityManager(  638): Delay finish: com.google.android.gms/.app.receiver.SystemBroadcastReceiver
03-11 16:47:15.660 D/Finsky  ( 1740): [1] 2.run: Loaded library for account: [h8oDSybNDDZzpp4iys_x3qq36Xs]
03-11 16:47:15.660 D/Finsky  ( 1740): [1] 2.run: Finished loading 1 libraries.
03-11 16:47:15.660 D/GCM     ( 1062): COMPAT: Multi user ser=0 current=0
03-11 16:47:15.660 D/Finsky  ( 1740): [1] RestoreTracker.stopServiceIfDone: Restore complete with 0 success and 0 failed.
03-11 16:47:15.660 I/ActivityManager(  638): Resuming delayed broadcast
03-11 16:47:15.670 V/KeepAlert( 1094): Action android.intent.action.BOOT_COMPLETED
03-11 16:47:15.670 D/GCM     ( 1125): GcmService start Intent { act=android.intent.action.BOOT_COMPLETED flg=0x8000010 cmp=com.google.android.gms/.gcm.GcmService (has extras) } android.intent.action.BOOT_COMPLETED
03-11 16:47:15.670 I/ActivityManager(  638): Delay finish: com.google.android.keep/.notification.AlertReceiver
03-11 16:47:15.670 I/ActivityManager(  638): Resuming delayed broadcast
03-11 16:47:15.690 I/ActivityManager(  638): Start proc com.google.android.calendar for broadcast com.google.android.calendar/com.android.calendar.alerts.AlertReceiver: pid=1784 uid=10007 gids={50007, 3003}
03-11 16:47:15.710 I/art     ( 1125): Heap trim of managed (duration=2.136167ms, advised=48KB) and native (duration=1.098600ms, advised=60KB) heaps. Managed heap utilization of 74%.
03-11 16:47:15.720 I/ActivityManager(  638): Start proc com.google.android.gms.ui for service com.google.android.gms/.auth.authzen.GcmReceiverService: pid=1801 uid=10023 gids={50023, 3003, 1007, 3002, 3001, 1028, 1015, 3007, 2001, 3006}
03-11 16:47:15.750 I/art     ( 1062): Heap trim of managed (duration=1.342736ms, advised=352KB) and native (duration=1.251186ms, advised=0B) heaps. Managed heap utilization of 61%.
03-11 16:47:15.760 W/art     ( 1801): Failed to find ELF magic in /system/framework/com.android.location.provider.odex: dey
03-11 16:47:15.760 W/art     ( 1801): Failed to find ELF magic in /system/framework/com.android.media.remotedisplay.odex: dey
03-11 16:47:15.760 I/GCoreUlr( 1062): Starting service, intent=Intent { cmp=com.google.android.gms/com.google.android.location.reporting.service.DispatchingService (has extras) }, extras=Bundle[{intentType=2, receiverAction=android.intent.action.BOOT_COMPLETED}]
03-11 16:47:15.770 I/GCoreUlr( 1170): WorldUpdater received intent Intent { cmp=com.google.android.gms/com.google.android.location.reporting.service.DispatchingService (has extras) } with receiverAction android.intent.action.BOOT_COMPLETED, forceUpdate false
03-11 16:47:15.780 I/MultiDex( 1801): load(/data/app/com.google.android.gms-2.apk, forceReload=false)
03-11 16:47:15.800 I/MultiDex( 1801): Need extracted file /data/data/com.google.android.gms/files/secondary-dexes/com.google.android.gms-2.apk.classes2.zip
03-11 16:47:15.800 I/MultiDex( 1801): No extraction needed for /data/data/com.google.android.gms/files/secondary-dexes/com.google.android.gms-2.apk.classes2.zip of size 1430457
03-11 16:47:15.810 V/AuthZen ( 1801): Received a GCM message.
03-11 16:47:15.810 V/AuthZen ( 1801): [DefaultAuthzenGcmReceiverDelegateService] Received an Authzen GCM message.
03-11 16:47:15.850 W/art     ( 1496): Before Android 4.1, method void com.facebook.reflex.view.FrameLayoutAutoReflex.invalidate(boolean) would have incorrectly overridden the package-private method in android.view.View
03-11 16:47:15.860 W/art     ( 1496): Before Android 4.1, method void com.facebook.reflex.view.FrameLayout.invalidate(boolean) would have incorrectly overridden the package-private method in android.view.View
03-11 16:47:15.891 D/AlertReceiver( 1784): onReceive: a=android.intent.action.BOOT_COMPLETED Intent { act=android.intent.action.BOOT_COMPLETED flg=0x8000010 cmp=com.google.android.calendar/com.android.calendar.alerts.AlertReceiver (has extras) }
03-11 16:47:15.891 I/AuthZen ( 1801): Fetching signing key...
03-11 16:47:15.891 I/ActivityManager(  638): Delay finish: com.google.android.calendar/com.android.calendar.alerts.AlertReceiver
03-11 16:47:15.901 I/GCoreUlr( 1170): Ensuring that reporting is stopped because of reasons: {account#-17#=[InactiveReason{mVersionCode=0, mIdentifier=6, mName='ReportingNotSelected'}]}
03-11 16:47:15.901 D/GCoreFlp( 1170): Unknown pending intent to remove.
03-11 16:47:15.901 I/GCoreUlr( 1170): Unbound from all location providers
03-11 16:47:15.951 I/AuthZen ( 1801): Signing key fetched successfuly!
03-11 16:47:15.951 I/ActivityManager(  638): Resuming delayed broadcast
03-11 16:47:15.961 D/AlertService( 1784): 0 Action = android.intent.action.BOOT_COMPLETED
03-11 16:47:15.971 W/art     (  185): Could not get current activity
03-11 16:47:15.971 I/ActivityManager(  638): Start proc com.google.android.youtube for broadcast com.google.android.youtube/com.google.android.apps.youtube.core.transfer.DownloadService$BootReceiver: pid=1838 uid=10066 gids={50066, 3003, 1028, 1015}
03-11 16:47:15.981 D/AlertService( 1784): Scheduling next alarm with AlarmScheduler. sEventReminderReceived: null
03-11 16:47:16.011 D/AlarmScheduler( 1784): Query result count for events starting within 1 week: 3
03-11 16:47:16.061 W/art     ( 1496): Before Android 4.1, method void com.facebook.messaging.reflex.SwipableOverlayLayoutAutoReflex.invalidate(boolean) would have incorrectly overridden the package-private method in android.view.View
03-11 16:47:16.061 W/art     ( 1496): Before Android 4.1, method void com.facebook.messaging.reflex.SwipableOverlayLayout.invalidate(boolean) would have incorrectly overridden the package-private method in android.view.View
03-11 16:47:16.081 I/art     ( 1496): GcCauseBackground sticky partial concurrent mark sweep GC freed 11853(956KB) AllocSpace objects, 0(0B) LOS objects, 6% free, 15MB/16MB, paused 10.803ms total 42.235ms
03-11 16:47:16.191 D/YouTube ( 1838): apps.youtube.core.utils.bh.a:41 HttpClient.UserAgent: com.google.android.youtube/5.3.32(Linux; U; Android 4.4.2; en_US; Nexus 7 Build/KOT49H)
03-11 16:47:16.221 D/YouTube ( 1838): apps.youtube.core.utils.bh.a:41 HttpClient.UserAgent: com.google.android.youtube/5.3.32(Linux; U; Android 4.4.2; en_US; Nexus 7 Build/KOT49H)
03-11 16:47:16.351 I/art     ( 1496): GcCauseBackground sticky partial concurrent mark sweep GC freed 7636(515KB) AllocSpace objects, 0(0B) LOS objects, 3% free, 16MB/16MB, paused 6.805ms total 36.254ms
03-11 16:47:16.381 E/FbInjectorInitializer( 1496): Multi-binding Key[type=com.facebook.common.init.INeedInit, annotation=[none]] wasn't declared.
03-11 16:47:16.431 D/YouTube ( 1838): apps.youtube.core.client.y.a:114 event [version=5.3.32-s2000, action=Startup, label=NORMAL_STARTUP, value=-1]
03-11 16:47:16.521 I/art     ( 1496): GcCauseBackground sticky partial concurrent mark sweep GC freed 2711(193KB) AllocSpace objects, 0(0B) LOS objects, 2% free, 16MB/16MB, paused 5.706ms total 32.561ms
03-11 16:47:16.741 D/YouTube ( 1838): apps.youtube.core.cache.f.run:163 Cache is below limit, no need to shrink: [size=20959091, limit=20971520]
03-11 16:47:16.751 I/dex2oat ( 1881): dex2oat: /data/data/com.google.android.youtube/cache/ads1105247925.dex
03-11 16:47:16.881 W/fb4a(:<default>):BaseAnalyticsConfig( 1496): willEventBeLogged() called before shared prefs were initialized! Defaulting to true.
03-11 16:47:16.881 W/fb4a(:<default>):BaseAnalyticsConfig( 1496): willEventBeLogged() called before shared prefs were initialized! Defaulting to true.
03-11 16:47:17.012 W/GAV2    ( 1470): Thread[GAThread,5,main]: Service unavailable (code=1), will retry.
03-11 16:47:17.012 W/ActivityManager(  638): Unable to start service Intent { act=com.google.android.gms.analytics.service.START cmp=com.google.android.gms/.analytics.service.AnalyticsService (has extras) } U=0: not found
03-11 16:47:17.022 I/GAV2    ( 1470): Thread[GAThread,5,main]: No campaign data found.
03-11 16:47:17.072 I/GoogleConversionPing( 1838): Pinging: http://www.googleadservices.com/pagead/conversion/1001680686/?label=4dahCKKczAYQrt7R3QM&value=&muid=3d7Kar_rtkE_kqQoEbYVwg&bundleid=com.google.android.youtube&appversion=5.3.32&osversion=4.4.2&sdkversion=ct-sdk-a-v1.1.0&remarketing_only=1&timestamp=1394549237&data=screen_name%3D%3CAndroid_YT_Open_App%3E
03-11 16:47:17.122 I/ActivityManager(  638): Killing 1233:com.google.android.apps.magazines/u0a40 (adj 15): empty #17
03-11 16:47:17.202 D/YouTube ( 1838): apps.youtube.core.transfer.DownloadService$BootReceiver.onReceive:97 boot completed, starting download service
03-11 16:47:17.212 D/YouTube ( 1838): apps.youtube.core.transfer.TransferService.onCreate:108 creating transfer service
03-11 16:47:17.232 D/YouTube ( 1838): apps.youtube.app.prefetch.PrefetchService$DeviceStateReceiver.onReceive:565 Got device state change intent: android.intent.action.BOOT_COMPLETED
03-11 16:47:17.232 I/ActivityManager(  638): Delay finish: com.google.android.youtube/com.google.android.apps.youtube.app.prefetch.PrefetchService$DeviceStateReceiver
03-11 16:47:17.242 D/YouTube ( 1838): apps.youtube.app.prefetch.PrefetchService.onStartCommand:167 PrefetchService started at 11 Mar 2014 14:47:17 GMT
03-11 16:47:17.242 D/YouTube ( 1838): apps.youtube.app.prefetch.PrefetchService.p_:245 Download snapshot restored
03-11 16:47:17.242 I/ActivityManager(  638): Resuming delayed broadcast
03-11 16:47:17.262 D/YouTube ( 1838): apps.youtube.app.prefetch.PrefetchService.onDestroy:215 PrefetchService destroyed at 11 Mar 2014 14:47:17 GMT
03-11 16:47:17.262 I/ActivityManager(  638): Start proc com.google.android.googlequicksearchbox:search for broadcast com.google.android.googlequicksearchbox/com.google.android.search.core.StartUpReceiver: pid=1915 uid=10060 gids={50060, 3003, 1028, 3002, 1015}
03-11 16:47:17.262 I/ActivityManager(  638): Killing 1002:com.android.settings/1000 (adj 15): empty #17
03-11 16:47:17.282 I/GoogleConversionPing( 1838): Ping responded with response code 200
03-11 16:47:17.292 W/GLSUser ( 1125): GoogleAccountDataService.getToken()
03-11 16:47:17.302 W/BroadcastQueue(  638): Permission Denial: broadcasting Intent { act=android.net.conn.CONNECTIVITY_CHANGE flg=0x4000010 (has extras) } from null (pid=-1, uid=-1) requires com.facebook.permission.prod.FB_APP_COMMUNICATION due to registered receiver BroadcastFilter{655d9810 u0 ReceiverList{655b6d18 1358 com.facebook.katana:dash_service/10114/u0 remote:657e1e80}}
03-11 16:47:17.302 W/BroadcastQueue(  638): Permission Denial: broadcasting Intent { act=android.net.conn.CONNECTIVITY_CHANGE flg=0x4000010 (has extras) } from null (pid=-1, uid=-1) requires com.facebook.permission.prod.FB_APP_COMMUNICATION due to registered receiver BroadcastFilter{6574d7b0 u0 ReceiverList{65766198 1358 com.facebook.katana:dash_service/10114/u0 remote:65703538}}
03-11 16:47:17.302 I/ActivityManager(  638): Killing 1030:com.android.printspooler/u0a105 (adj 15): empty #17
03-11 16:47:17.652 W/BroadcastQueue(  638): Permission Denial: broadcasting Intent { act=android.net.conn.CONNECTIVITY_CHANGE flg=0x4000010 (has extras) } from null (pid=-1, uid=-1) requires com.facebook.permission.prod.FB_APP_COMMUNICATION due to registered receiver BroadcastFilter{657e2628 u0 ReceiverList{657d6148 1496 com.facebook.katana/10114/u0 remote:657e23d8}}
03-11 16:47:17.652 W/BroadcastQueue(  638): Permission Denial: broadcasting Intent { act=android.net.conn.CONNECTIVITY_CHANGE flg=0x4000010 (has extras) } from null (pid=-1, uid=-1) requires com.facebook.permission.prod.FB_APP_COMMUNICATION due to registered receiver BroadcastFilter{657e2058 u0 ReceiverList{6577e580 1496 com.facebook.katana/10114/u0 remote:6579fa18}}
03-11 16:47:17.812 I/art     ( 1496): GcCauseBackground sticky partial concurrent mark sweep GC freed 52698(2MB) AllocSpace objects, 1(38KB) LOS objects, 13% free, 19MB/21MB, paused 10.009ms total 64.666ms
03-11 16:47:17.922 D/HandsFreeActivity( 1915): shouldBeEnabled: locale=en-US
03-11 16:47:17.922 D/HandsFreeActivity( 1915): Voice dialer enabled state: true
03-11 16:47:17.922 I/ActivityManager(  638): Delay finish: com.google.android.googlequicksearchbox/com.google.android.search.core.StartUpReceiver
03-11 16:47:17.943 W/fb4a(:<default>):MqttPushService( 1496): Attempt to start service that is already started
03-11 16:47:17.943 I/Velvet.VelvetFactory( 1915): refreshing search history.
03-11 16:47:17.973 D/GCoreFlp( 1170): Unknown pending intent to remove.
03-11 16:47:18.063 I/art     ( 1915): Heap trim of managed (duration=1.403807ms, advised=84KB) and native (duration=1.220703ms, advised=0B) heaps. Managed heap utilization of 69%.
03-11 16:47:18.073 W/Sidekick_LocationOracleImpl( 1915): Best location was null
03-11 16:47:18.143 W/GLSUser ( 1125): GoogleAccountDataService.getToken()
03-11 16:47:18.153 W/art     ( 1915): Attempt to remove local SIRT entry from IRT, ignoring
03-11 16:47:18.223 I/art     ( 1496): GcCauseBackground sticky partial concurrent mark sweep GC freed 31732(1640KB) AllocSpace objects, 25(608KB) LOS objects, 9% free, 20MB/22MB, paused 11.932ms total 53.863ms
03-11 16:47:18.463 I/art     ( 1496): GcCauseBackground sticky partial concurrent mark sweep GC freed 21775(1447KB) AllocSpace objects, 3(91KB) LOS objects, 6% free, 20MB/22MB, paused 9.582ms total 42.663ms
03-11 16:47:18.643 W/fb4a(:<default>):ImmutableBundle( 1496): Unsupported value type in bundle for key fb4a_new with value {"new_version":"154780","min_version":"148914","new_version_url":"https://m.facebook.com/mobile_builds?build_number=154780&no_fw=1","new_version_notes":"","everstore_handle":"FuuCCQA5cQwCBxEkAFAANnxuPwYAAAA:"}
03-11 16:47:18.643 W/fb4a(:<default>):ImmutableBundle( 1496): Unsupported value type in bundle for key fb4a_master_new with value {"new_version":130613,"new_version_url":"https://m.facebook.com/mobile_builds?build_number=130613&no_fw=1"}
03-11 16:47:18.693 I/art     ( 1496): GcCauseBackground sticky partial concurrent mark sweep GC freed 15705(1142KB) AllocSpace objects, 1(38KB) LOS objects, 5% free, 21MB/22MB, paused 15.197ms total 84.930ms
03-11 16:47:18.773 I/art     ( 1496): GcCauseBackground sticky partial concurrent mark sweep GC freed 18695(802KB) AllocSpace objects, 0(0B) LOS objects, 5% free, 21MB/22MB, paused 8.117ms total 37.994ms
03-11 16:47:18.793 I/ActivityManager(  638): Resuming delayed broadcast
03-11 16:47:18.813 W/art     (  185): Could not get current activity
03-11 16:47:18.823 I/ActivityManager(  638): Start proc com.dropbox.android for broadcast com.dropbox.android/.service.WakeupReceiver: pid=1984 uid=10075 gids={50075, 3003, 1028, 1015}
03-11 16:47:18.833 E/fb4a(:<default>):LocalFbBroadcastManager( 1496): Called registerBroadcastReceiver twice.
03-11 16:47:18.883 W/Settings( 1496): Setting wifi_sleep_policy has moved from android.provider.Settings.System to android.provider.Settings.Global, returning read-only value.
03-11 16:47:18.923 I/art     ( 1496): GcCauseBackground sticky partial concurrent mark sweep GC freed 19459(836KB) AllocSpace objects, 0(0B) LOS objects, 5% free, 21MB/22MB, paused 10.040ms total 35.705ms
03-11 16:47:19.084 I/art     ( 1496): GcCauseBackground sticky partial concurrent mark sweep GC freed 13238(659KB) AllocSpace objects, 0(0B) LOS objects, 4% free, 21MB/22MB, paused 9.613ms total 35.461ms
03-11 16:47:19.154 I/com.dropbox.android.service.DropboxNetworkReceiver( 1984): Setting receiver enabled: false
03-11 16:47:19.274 I/art     ( 1496): GcCauseBackground sticky partial concurrent mark sweep GC freed 7277(408KB) AllocSpace objects, 0(0B) LOS objects, 3% free, 21MB/22MB, paused 6.683ms total 27.954ms
03-11 16:47:19.324 W/Settings( 1984): Setting airplane_mode_on has moved from android.provider.Settings.System to android.provider.Settings.Global, returning read-only value.
03-11 16:47:19.364 I/dbxyzptlk.db231210.k.c( 1984): Watching file: /8fb0427b/4fa4b1d1/30/2fe0ce4f/2eefaa/fe467c90/5ceba77/72d0b2fa/c74b192d/75bd7a7a
03-11 16:47:19.364 I/dbxyzptlk.db231210.k.c( 1984): Notifying of potential change to /8fb0427b/4fa4b1d1/30/2fe0ce4f/2eefaa/fe467c90/5ceba77/72d0b2fa/c74b192d/75bd7a7a
03-11 16:47:19.374 I/com.dropbox.sync.android.a( 1984): Prepared cache dir '/data/data/com.dropbox.android/app_DropboxSyncCache/hizqkiq3952astb'.
03-11 16:47:19.404 I/com.dropbox.sync.android.aa( 1984): Dropbox initialized for application: hizqkiq3952astb (com.dropbox.android/231210 DropboxSync/2.0.2 (Android; 4.4.2; asus Nexus 7 armeabi-v7a; en_US))
03-11 16:47:19.414 I/com.dropbox.sync.android.V( 1984): Dropbox user 11616711 linked.
03-11 16:47:19.474 I/art     ( 1496): GcCauseBackground sticky partial concurrent mark sweep GC freed 5378(313KB) AllocSpace objects, 0(0B) LOS objects, 2% free, 21MB/22MB, paused 9.368ms total 30.273ms
03-11 16:47:19.544 W/ContextImpl( 1984): Implicit intents with startService are not safe: Intent { act=com.android.vending.billing.InAppBillingService.BIND } android.content.ContextWrapper.bindService:517 com.dropbox.android.payments.h.c:298 com.dropbox.android.payments.DbxSubscriptions.c:109 
03-11 16:47:19.554 I/ActivityManager(  638): Start proc org.mozilla.fennec for broadcast org.mozilla.fennec/org.mozilla.gecko.background.announcements.AnnouncementsBroadcastReceiver: pid=2025 uid=10111 gids={50111, 3003, 1028, 1015}
03-11 16:47:19.554 I/ActivityManager(  638): Killing 1358:com.facebook.katana:dash_service/u0a114 (adj 15): empty #17
03-11 16:47:19.574 D/Finsky  ( 1740): [155] InAppBillingUtils.pickAccount: com.dropbox.android: Account determined from installer data - [h8oDSybNDDZzpp4iys_x3qq36Xs]
03-11 16:47:19.584 D/Finsky  ( 1740): [154] InAppBillingUtils.pickAccount: com.dropbox.android: Account determined from installer data - [h8oDSybNDDZzpp4iys_x3qq36Xs]
03-11 16:47:19.584 D/Finsky  ( 1740): [154] InAppBillingUtils.pickAccount: com.dropbox.android: Account determined from installer data - [h8oDSybNDDZzpp4iys_x3qq36Xs]
03-11 16:47:19.634 I/art     ( 1496): GcCauseBackground partial concurrent mark sweep GC freed 20114(892KB) AllocSpace objects, 7(185KB) LOS objects, 4% free, 21MB/22MB, paused 11.108ms total 123.992ms
03-11 16:47:19.714 I/ActivityManager(  638): Delay finish: org.mozilla.fennec/org.mozilla.gecko.background.announcements.AnnouncementsBroadcastReceiver
03-11 16:47:19.764 W/GeckoProfile( 2025): Requested profile directory missing.
03-11 16:47:19.764 D/GeckoProfile( 2025): Found profile dir.
03-11 16:47:19.764 I/ActivityManager(  638): Resuming delayed broadcast
03-11 16:47:19.764 I/ActivityManager(  638): Delay finish: org.mozilla.fennec/org.mozilla.gecko.background.healthreport.HealthReportBroadcastReceiver
03-11 16:47:19.774 W/GeckoProfile( 2025): Requested profile directory missing.
03-11 16:47:19.774 W/GeckoProfile( 2025): Requested profile directory missing.
03-11 16:47:19.774 I/ActivityManager(  638): Resuming delayed broadcast
03-11 16:47:19.804 I/ActivityManager(  638): Start proc com.laurencedawson.reddit_sync:remote for broadcast com.laurencedawson.reddit_sync/.RedditMessageReceiver: pid=2054 uid=10073 gids={50073, 3003, 1028, 1015}
03-11 16:47:19.804 I/ActivityManager(  638): Killing 1419:com.android.providers.calendar/u0a8 (adj 15): empty #17
03-11 16:47:20.005 I/ActivityManager(  638): Start proc com.laurencedawson.reddit_sync for service com.laurencedawson.reddit_sync/.activities.MessagingService: pid=2081 uid=10073 gids={50073, 3003, 1028, 1015}
03-11 16:47:20.015 I/ActivityManager(  638): Delay finish: com.laurencedawson.reddit_sync/.RedditMessageReceiver
03-11 16:47:20.015 I/ActivityManager(  638): Killing 1449:com.chrome.beta/u0a110 (adj 15): empty #17
03-11 16:47:20.475 I/ActivityManager(  638): Killing 1563:com.google.android.configupdater/u0a11 (adj 15): empty #17
03-11 16:47:20.545 I/ActivityManager(  638): Resuming delayed broadcast
03-11 16:47:20.555 I/GCoreUlr( 1170): Starting service, intent=Intent { cmp=com.google.android.gms/com.google.android.location.reporting.service.DispatchingService (has extras) }, extras=Bundle[{intentType=2, receiverAction=com.google.android.location.internal.server.ACTION_RESTARTED}]
03-11 16:47:20.565 D/GCM     ( 1125): GcmService start Intent { act=com.google.android.gms.INITIALIZE flg=0x10 pkg=com.google.android.gms cmp=com.google.android.gms/.gcm.GcmService } com.google.android.gms.INITIALIZE
03-11 16:47:20.565 I/GCoreUlr( 1170): WorldUpdater received intent Intent { cmp=com.google.android.gms/com.google.android.location.reporting.service.DispatchingService (has extras) } with receiverAction com.google.android.location.internal.server.ACTION_RESTARTED, forceUpdate false
03-11 16:47:20.565 I/ActivityManager(  638): Delay finish: com.google.android.keep/.notification.AlertReceiver
03-11 16:47:20.575 V/KeepAlert( 1094): Action com.google.android.location.internal.server.ACTION_RESTARTED
03-11 16:47:20.585 I/ActivityManager(  638): Resuming delayed broadcast
03-11 16:47:20.585 I/ActivityManager(  638): Killing 1595:com.google.android.onetimeinitializer/u0a27 (adj 15): empty #17
03-11 16:47:20.595 D/GCM     ( 1125): GcmService start Intent { act=com.google.android.gms.INITIALIZE flg=0x10 pkg=com.google.android.gms cmp=com.google.android.gms/.gcm.GcmService } com.google.android.gms.INITIALIZE
03-11 16:47:20.665 D/AlertReceiver( 1784): onReceive: a=android.intent.action.PROVIDER_CHANGED Intent { act=android.intent.action.PROVIDER_CHANGED dat=content://com.android.calendar flg=0x10 cmp=com.google.android.calendar/com.android.calendar.alerts.AlertReceiver }
03-11 16:47:20.675 D/AlertService( 1784): 0 Action = android.intent.action.PROVIDER_CHANGED
03-11 16:47:20.675 I/ActivityManager(  638): Delay finish: com.google.android.calendar/com.android.calendar.alerts.AlertReceiver
03-11 16:47:20.715 I/GCoreUlr( 1170): Ensuring that reporting is stopped because of reasons: {account#-17#=[InactiveReason{mVersionCode=0, mIdentifier=6, mName='ReportingNotSelected'}]}
03-11 16:47:20.715 I/GCoreUlr( 1170): Unbound from all location providers
03-11 16:47:20.715 D/GCoreFlp( 1170): Unknown pending intent to remove.
03-11 16:47:22.016 W/GAV2    ( 1470): Thread[Service Reconnect,5,main]: Service unavailable (code=1), using local store.
03-11 16:47:22.016 W/ActivityManager(  638): Unable to start service Intent { act=com.google.android.gms.analytics.service.START cmp=com.google.android.gms/.analytics.service.AnalyticsService (has extras) } U=0: not found
03-11 16:47:23.208 D/CaptivePortalTracker(  638): DelayedCaptiveCheckState{ when=-6ms what=2 arg1=1 target=com.android.internal.util.StateMachine$SmHandler }
03-11 16:47:23.208 D/ConnectivityService(  638): setProvNotificationVisible: E visible=false networkType=1 extraInfo=null url=null
03-11 16:47:23.238 D/CaptivePortalTracker(  638): Checking http://173.194.32.2/generate_204
03-11 16:47:23.248 W/ActivityThread(  638): ClassLoader.loadClass: The class loader returned by Thread.getContextClassLoader() may fail for processes that host multiple applications. You should explicitly specify a context class loader. For example: Thread.setContextClassLoader(getClass().getClassLoader());
03-11 16:47:23.358 D/CaptivePortalTracker(  638): isCaptivePortal: ret=false rspCode=204
03-11 16:47:23.358 D/CaptivePortalTracker(  638): Not captive network NetworkInfo: type: WIFI[], state: CONNECTED/CONNECTED, reason: (unspecified), extra: "aalto open", roaming: false, failover: false, isAvailable: true, isConnectedToProvisioningNetwork: false
03-11 16:47:23.358 D/CaptivePortalTracker(  638): notifyPortalCheckCompleted: captive=false ni=NetworkInfo: type: WIFI[], state: CONNECTED/CONNECTED, reason: (unspecified), extra: "aalto open", roaming: false, failover: false, isAvailable: true, isConnectedToProvisioningNetwork: false
03-11 16:47:23.358 W/ContextImpl(  638): Calling a method in the system process without a qualified user: android.app.ContextImpl.sendBroadcast:1137 android.net.CaptivePortalTracker.sendNetworkConditionsBroadcast:507 android.net.CaptivePortalTracker.isCaptivePortal:399 android.net.CaptivePortalTracker.access$2600:60 android.net.CaptivePortalTracker$DelayedCaptiveCheckState.processMessage:283 
03-11 16:47:23.358 D/ConnectivityService(  638): captivePortalCheckCompleted: ni=NetworkInfo: type: WIFI[], state: CONNECTED/CONNECTED, reason: (unspecified), extra: "aalto open", roaming: false, failover: false, isAvailable: true, isConnectedToProvisioningNetwork: false captive=false
03-11 16:47:24.549 V/GCMRegistrar( 1984): Is registered on server: true
03-11 16:47:25.740 D/AlertService( 1784): Beginning updateAlertNotification
03-11 16:47:25.780 W/art     (  185): Could not get current activity
03-11 16:47:25.800 I/ActivityManager(  638): Start proc com.android.providers.calendar for content provider com.android.providers.calendar/.CalendarProvider2: pid=2129 uid=10008 gids={50008, 3003, 1028, 1015}
03-11 16:47:25.840 W/art     ( 2129): Failed to find ELF magic in /system/framework/android.test.runner.odex: dey
03-11 16:47:25.840 W/art     ( 2129): Failed to find ELF magic in /system/priv-app/CalendarProvider.odex: dey
03-11 16:47:25.880 I/CalendarProvider2( 2129): Created com.android.providers.calendar.CalendarAlarmManager@64dd4f90(com.android.providers.calendar.CalendarProvider2@64dc5998)
03-11 16:47:25.890 D/AlertService( 1784): No fired or scheduled alerts
03-11 16:47:25.900 D/AlertService( 1784): Scheduling next alarm with AlarmScheduler. sEventReminderReceived: null
03-11 16:47:25.910 D/AlarmScheduler( 1784): Query result count for events starting within 1 week: 3
03-11 16:47:26.891 I/CalendarProvider2( 2129): Sending notification intent: Intent { act=android.intent.action.PROVIDER_CHANGED dat=content://com.android.calendar }
03-11 16:47:26.891 W/ContentResolver( 2129): Failed to get type for: content://com.android.calendar (Unknown URL content://com.android.calendar)
03-11 16:47:26.901 I/ActivityManager(  638): Resuming delayed broadcast
03-11 16:47:26.901 I/ActivityManager(  638): Killing 1649:com.google.android.nfcprovision/u0a46 (adj 15): empty #17
03-11 16:47:27.061 D/GCM     ( 1125): GcmService start Intent { act=android.net.conn.CONNECTIVITY_CHANGE flg=0x4000010 cmp=com.google.android.gms/.gcm.GcmService (has extras) } android.net.conn.CONNECTIVITY_CHANGE
03-11 16:47:27.061 D/YouTube ( 1838): apps.youtube.app.prefetch.PrefetchService$DeviceStateReceiver.onReceive:565 Got device state change intent: android.net.conn.CONNECTIVITY_CHANGE
03-11 16:47:27.061 D/YouTube ( 1838): apps.youtube.app.prefetch.PrefetchService.onStartCommand:167 PrefetchService started at 11 Mar 2014 14:47:27 GMT
03-11 16:47:27.081 D/YouTube ( 1838): apps.youtube.app.prefetch.PrefetchService.p_:245 Download snapshot restored
03-11 16:47:27.081 I/ActivityManager(  638): Start proc com.google.android.apps.magazines for broadcast com.google.android.apps.magazines/com.google.apps.dots.android.newsstand.appwidget.NewsWidgetProvider: pid=2192 uid=10040 gids={50040, 3003, 1028, 1015}
03-11 16:47:27.091 D/YouTube ( 1838): apps.youtube.app.prefetch.PrefetchService.onDestroy:215 PrefetchService destroyed at 11 Mar 2014 14:47:27 GMT
03-11 16:47:27.192 V/WebViewChromium( 2192): Binding Chromium to the background looper Looper (main, tid 1) {64da7578}
03-11 16:47:27.192 I/chromium( 2192): [INFO:library_loader_hooks.cc(112)] Chromium logging enabled: level = 0, default verbosity = 0
03-11 16:47:27.202 I/BrowserProcessMain( 2192): Initializing chromium process, renderers=0
03-11 16:47:27.202 W/art     ( 2192): Attempt to remove local SIRT entry from IRT, ignoring
03-11 16:47:27.212 W/art     ( 2192): Thread[13,tid=2216,Native,Thread*=0x498e2b50,peer=0x64e542f8,"Thread-206"] attached without supplying a name
03-11 16:47:27.212 W/chromium( 2192): [WARNING:proxy_service.cc(888)] PAC support disabled because there is no system implementation
03-11 16:47:27.212 I/Adreno-EGL( 2192): <qeglDrvAPI_eglInitialize:320>: EGL 1.4 QUALCOMM Build: I0404c4692afb8623f95c43aeb6d5e13ed4b30ddbDate: 11/06/13
03-11 16:47:27.232 D/GCM     ( 1125): Connected
03-11 16:47:27.252 I/GCM     ( 1125): GCM message com.google.android.gsf.gtalkservice 
03-11 16:47:27.252 W/art     ( 2192): Thread[14,tid=2211,Native,Thread*=0x4a278538,peer=0x64e5cb90,"Thread-207"] attached without supplying a name
03-11 16:47:27.272 D/GCM     ( 1125): Message class hwi
03-11 16:47:27.282 W/art     ( 2192): Attempt to remove local SIRT entry from IRT, ignoring
03-11 16:47:27.342 W/GAV2    ( 2192): Thread[main,5,main]: Need to call initialize() and be in fallback mode to start dispatch.
03-11 16:47:27.512 I/NSApplication( 2192): Starting up...
03-11 16:47:27.582 I/ImageResourceManager( 1470): ImageResourceManager: uninitalized
03-11 16:47:27.592 I/iu.Environment( 1470): update connectivity state; isNetworkMetered? false, isRoaming? false, isBackgroundDataAllowed? true
03-11 16:47:27.612 I/art     ( 2192): GcCauseBackground sticky partial concurrent mark sweep GC freed 13793(840KB) AllocSpace objects, 3(70KB) LOS objects, 8% free, 8MB/9MB, paused 5.676ms total 46.539ms
03-11 16:47:27.622 I/ActivityManager(  638): Start proc com.yle.webtv for broadcast com.yle.webtv/.net.ConnectionChangeReceiver: pid=2240 uid=10116 gids={50116, 3003}
03-11 16:47:27.622 I/ActivityManager(  638): Killing 1714:com.google.android.exchange/u0a19 (adj 15): empty #17
03-11 16:47:27.632 I/art     ( 2240): Turning on JNI app bug workarounds for target SDK version 10...
03-11 16:47:27.642 I/art     ( 1470): GcCauseBackground sticky partial concurrent mark sweep GC freed 4506(232KB) AllocSpace objects, 0(0B) LOS objects, 2% free, 17MB/18MB, paused 14.892ms total 51.666ms
03-11 16:47:27.732 D/ConnectivityService(  638): handleInetConditionHoldEnd: net=1, condition=100, published condition=0
03-11 16:47:27.942 I/art     ( 2240): Heap trim of managed (duration=3.631592ms, advised=76KB) and native (duration=1.495361ms, advised=0B) heaps. Managed heap utilization of 62%.
03-11 16:47:27.992 W/art     (  185): Could not get current activity
03-11 16:47:28.002 I/ActivityManager(  638): Start proc com.chrome.beta for broadcast com.chrome.beta/com.google.android.apps.chrome.precache.PrecacheServiceLauncher: pid=2271 uid=10110 gids={50110, 3003, 1028, 1015}
03-11 16:47:28.002 I/ActivityManager(  638): Killing 1687:com.google.android.email/u0a18 (adj 15): empty #17
03-11 16:47:28.132 I/ActivityManager(  638): Killing 984:android.process.acore/u0a0 (adj 15): empty #17
03-11 16:47:28.152 I/ActivityManager(  638): Start proc com.devhd.feedly for broadcast com.devhd.feedly/.widget.FeedlyWidgetProvider: pid=2289 uid=10083 gids={50083, 3003, 1028, 1015}
03-11 16:47:28.283 I/widget.provider( 2289): com.devhd.feedly.widget.FeedlyWidgetProvider onReceive: android.net.conn.CONNECTIVITY_CHANGE
03-11 16:47:28.283 W/widget.data( 2289): **** creating widget[0] data model object ****
03-11 16:47:28.283 I/ActivityManager(  638): Killing 1801:com.google.android.gms.ui/u0a23 (adj 15): empty #17
03-11 16:47:28.293 V/AlarmClock( 1667): AlarmInitReceiver android.intent.action.TIME_SET
03-11 16:47:28.313 I/AlarmClock( 1667): Displaying next alarm time: ''
03-11 16:47:28.313 V/AlarmClock( 1667): AlarmInitReceiver finished
03-11 16:47:28.333 V/KeepAlert( 1094): Action android.intent.action.TIME_SET
03-11 16:47:28.343 I/ActivityManager(  638): Delay finish: com.google.android.gsf/.settings.GoogleLocationSettings$LocationSettingsChangedListener
03-11 16:47:28.353 I/ActivityManager(  638): Resuming delayed broadcast
03-11 16:47:28.383 I/ActivityManager(  638): Start proc com.google.android.music:main for broadcast com.google.android.music/.store.MediaStoreImportService$Receiver: pid=2312 uid=10044 gids={50044, 3003, 1028, 1015}
03-11 16:47:28.633 I/MusicStore( 2312): Database version: 85
03-11 16:47:28.683 W/ContextImpl( 2312): Implicit intents with startService are not safe: Intent { act=com.google.android.music.PREFERENCE_SERVICE } android.content.ContextWrapper.bindService:517 com.google.android.music.utils.SafeServiceConnection$ServiceConnectionImp.bindService:98 com.google.android.music.utils.SafeServiceConnection.bindService:259 
03-11 16:47:28.743 W/ContextImpl( 2312): Implicit intents with startService are not safe: Intent { act=com.google.android.music.NETWORK_MONITOR_SERVICE } android.content.ContextWrapper.bindService:517 com.google.android.music.utils.SafeServiceConnection$ServiceConnectionImp.bindService:98 com.google.android.music.utils.SafeServiceConnection.bindService:259 
03-11 16:47:28.903 I/MediaRouter( 2312): Found default route: MediaRouter.RouteInfo{ uniqueId=android/.support.v7.media.SystemMediaRouteProvider:DEFAULT_ROUTE, name=Tablet, description=null, enabled=true, connecting=false, playbackType=0, playbackStream=3, volumeHandling=1, volume=0, volumeMax=15, presentationDisplayId=-1, extras=null, providerPackageName=android }
03-11 16:47:28.933 I/ActivityManager(  638): Delay finish: com.google.android.music/.store.MediaStoreImportService$Receiver
03-11 16:47:28.953 I/Icing   ( 1062): Storage manager: low false usage 1.17MB avail 20.60GB capacity 22.46GB
03-11 16:47:28.983 I/CastUtils( 2312): Removing provider: MediaRouter.RouteProviderInfo{ packageName=com.google.android.gms }
03-11 16:47:28.983 I/ActivityManager(  638): Resuming delayed broadcast
03-11 16:47:28.993 I/ActivityManager(  638): Delay finish: com.google.android.music/.store.MediaStoreImportService$Receiver
03-11 16:47:28.993 I/ActivityManager(  638): Resuming delayed broadcast
03-11 16:47:29.003 I/ActivityManager(  638): Delay finish: com.google.android.apps.plus/.service.CameraMonitor
03-11 16:47:29.063 I/iu.UploadsManager( 1470): End new media; added: 0, uploading: 0, time: 21 ms
03-11 16:47:29.063 I/ActivityManager(  638): Resuming delayed broadcast
03-11 16:47:29.063 I/ActivityManager(  638): Delay finish: com.google.android.apps.plus/.service.CameraMonitor
03-11 16:47:29.103 I/iu.UploadsManager( 1470): End new media; added: 0, uploading: 0, time: 16 ms
03-11 16:47:29.103 I/ActivityManager(  638): Resuming delayed broadcast
03-11 16:47:29.113 I/ActivityManager(  638): Delay finish: com.google.android.apps.plus/.service.CameraMonitor
03-11 16:47:29.143 I/art     (  862): Heap trim of managed (duration=1.220703ms, advised=48KB) and native (duration=1.770020ms, advised=16KB) heaps. Managed heap utilization of 50%.
03-11 16:47:29.203 I/Icing   ( 1062): doRemovePackageData com.google.android.gm
03-11 16:47:29.264 I/iu.UploadsManager( 1470): End new media; added: 0, uploading: 0, time: 75 ms
03-11 16:47:29.264 I/Icing   ( 1062): Internal init done: storage state 0
03-11 16:47:29.264 I/ActivityManager(  638): Resuming delayed broadcast
03-11 16:47:29.264 I/ActivityManager(  638): Delay finish: com.google.android.apps.plus/.service.CameraMonitor
03-11 16:47:29.294 I/Icing   ( 1062): Post-init done
03-11 16:47:29.304 I/iu.UploadsManager( 1470): End new media; added: 0, uploading: 0, time: 16 ms
03-11 16:47:29.304 I/ActivityManager(  638): Resuming delayed broadcast
03-11 16:47:29.324 I/ActivityManager(  638): Delay finish: com.google.android.music/.store.MediaStoreImportService$Receiver
03-11 16:47:29.424 I/art     ( 1125): Heap trim of managed (duration=1.342774ms, advised=192KB) and native (duration=1.159667ms, advised=8KB) heaps. Managed heap utilization of 62%.
03-11 16:47:29.444 I/MediaStoreImporter( 2312): Update: incremental Added music: 0 Updated music: 0 Deleted music: 0 Created playlists: 0 Updated playlists: 0 Deleted playlists: 0 Inserted playlist items: 0 Deleted playlist items: 0 Removed orphaned playlist items: 0
03-11 16:47:29.444 I/ActivityManager(  638): Resuming delayed broadcast
03-11 16:47:29.464 I/ActivityManager(  638): Start proc com.google.android.email for broadcast com.google.android.email/com.android.email.provider.WidgetProvider: pid=2369 uid=10018 gids={50018, 3003, 1028, 1015}
03-11 16:47:29.504 W/art     ( 2369): Failed to find ELF magic in /system/app/EmailGoogle.odex: dey
03-11 16:47:29.574 D/ActivityThread( 2369): Loading provider com.google.android.email.provider;com.google.android.email.notifier: com.android.email.provider.EmailProvider
03-11 16:47:29.634 D/ActivityThread( 2369): Loading provider com.google.android.email.provider;com.google.android.email.notifier: com.android.email.provider.EmailProvider
03-11 16:47:29.634 D/ActivityThread( 2369): Loading provider com.google.android.email.provider;com.google.android.email.notifier: com.android.email.provider.EmailProvider
03-11 16:47:29.654 I/ActivityManager(  638): Killing 1335:com.google.android.partnersetup/u0a28 (adj 15): empty #17
03-11 16:47:29.664 D/GCM     ( 1125): GcmService start Intent { act=com.google.android.gms.INITIALIZE flg=0x10 pkg=com.google.android.gms cmp=com.google.android.gms/.gcm.GcmService } com.google.android.gms.INITIALIZE
03-11 16:47:29.684 I/ActivityManager(  638): Delay finish: com.android.providers.calendar/.CalendarProviderBroadcastReceiver
03-11 16:47:29.724 W/ActivityManager(  638): Unable to start service Intent { cmp=com.google.android.email/com.android.email.service.AttachmentDownloadService } U=0: not found
03-11 16:47:29.734 I/GeckoAnnounce( 2025): fennec :: AnnounceBrSvc :: Registering AnnouncementsService.
03-11 16:47:29.734 I/ActivityManager(  638): Resuming delayed broadcast
03-11 16:47:29.734 I/ActivityManager(  638): Delay finish: org.mozilla.fennec/org.mozilla.gecko.background.announcements.AnnouncementsBroadcastReceiver
03-11 16:47:29.744 I/Email   ( 2369): Observing account changes for notifications
03-11 16:47:29.744 I/GeckoAnnounce( 2025): fennec :: BackgroundService :: Setting inexact repeating alarm for interval 43200000
03-11 16:47:29.744 I/ActivityManager(  638): Resuming delayed broadcast
03-11 16:47:29.744 I/ActivityManager(  638): Delay finish: org.mozilla.fennec/org.mozilla.gecko.background.healthreport.HealthReportBroadcastReceiver
03-11 16:47:29.774 I/GeckoHealth( 2025): fennec :: HealthReportBroadcastService :: Registering HealthReportUploadService.
03-11 16:47:29.774 W/ActivityManager(  638): Unable to start service Intent { cmp=com.google.android.email/com.android.email.service.AttachmentDownloadService } U=0: not found
03-11 16:47:29.774 W/ActivityManager(  638): Unable to start service Intent { cmp=com.google.android.email/com.android.email.service.AttachmentDownloadService } U=0: not found
03-11 16:47:29.774 W/ActivityManager(  638): Unable to start service Intent { cmp=com.google.android.email/com.android.email.service.AttachmentDownloadService } U=0: not found
03-11 16:47:29.784 I/GeckoHealth( 2025): fennec :: BackgroundService :: Setting inexact repeating alarm for interval 3600000
03-11 16:47:29.784 I/GeckoHealth( 2025): fennec :: HealthReportBroadcastService :: Registering HealthReportPruneService.
03-11 16:47:29.784 I/GeckoHealth( 2025): fennec :: BackgroundService :: Setting inexact repeating alarm for interval 86400000
03-11 16:47:29.784 I/ActivityManager(  638): Resuming delayed broadcast
03-11 16:47:29.784 I/ActivityManager(  638): Delay finish: org.mozilla.fennec/org.mozilla.gecko.background.healthreport.HealthReportBroadcastReceiver
03-11 16:47:29.784 I/ActivityManager(  638): Resuming delayed broadcast
03-11 16:47:29.804 D/AlertReceiver( 1784): onReceive: a=android.intent.action.PROVIDER_CHANGED Intent { act=android.intent.action.PROVIDER_CHANGED dat=content://com.android.calendar flg=0x10 cmp=com.google.android.calendar/com.android.calendar.alerts.AlertReceiver }
03-11 16:47:29.804 D/AlertService( 1784): 0 Action = android.intent.action.PROVIDER_CHANGED
03-11 16:47:29.804 I/ActivityManager(  638): Delay finish: com.google.android.calendar/com.android.calendar.alerts.AlertReceiver
03-11 16:47:30.445 I/Icing   ( 1062): Indexing 89C722CAC15EF46A4C7BB4760D5543033178AD63 from com.google.android.music
03-11 16:47:30.545 I/Icing   ( 1062): Indexing done 89C722CAC15EF46A4C7BB4760D5543033178AD63
03-11 16:47:30.975 I/ActivityManager(  638): Waited long enough for: ServiceRecord{656a1f88 u0 com.google.android.calendar/com.android.calendar.alerts.InitAlarmsService}
03-11 16:47:30.975 I/ActivityManager(  638): Resuming delayed broadcast
03-11 16:47:32.357 W/GAV2    ( 2192): Thread[GAThread,5,main]: Service unavailable (code=1), will retry.
03-11 16:47:32.357 W/ActivityManager(  638): Unable to start service Intent { act=com.google.android.gms.analytics.service.START cmp=com.google.android.gms/.analytics.service.AnalyticsService (has extras) } U=0: not found
03-11 16:47:32.397 I/GAV2    ( 2192): Thread[GAThread,5,main]: No campaign data found.
03-11 16:47:32.837 I/ActivityManager(  638): Waited long enough for: ServiceRecord{6563f148 u0 com.facebook.katana/com.facebook.push.mqtt.MqttPushService}
03-11 16:47:33.368 I/ActivityManager(  638): Killing 1915:com.google.android.googlequicksearchbox:search/u0a60 (adj 15): empty #17
03-11 16:47:33.978 W/ContextImpl( 2312): Implicit intents with startService are not safe: Intent { act=com.google.android.music.NETWORK_MONITOR_SERVICE } android.content.ContextWrapper.bindService:517 com.google.android.music.utils.SafeServiceConnection$ServiceConnectionImp.bindService:98 com.google.android.music.utils.SafeServiceConnection.bindService:259 
03-11 16:47:33.988 W/ContextImpl( 2312): Implicit intents with startService are not safe: Intent { act=com.google.android.music.NETWORK_MONITOR_SERVICE } android.content.ContextWrapper.bindService:517 com.google.android.music.utils.SafeServiceConnection$ServiceConnectionImp.bindService:98 com.google.android.music.utils.SafeServiceConnection.bindService:259 
03-11 16:47:33.988 D/CacheService( 2312): onCreate
03-11 16:47:33.998 D/CacheService( 2312): onBind
