03-11 16:47:03.083 I/DEBUG   (  182):     b81635c0 e028f8d0 1c0547f0 b8163a11 b81639a8  
03-11 16:47:03.083 I/DEBUG   (  182):     b81635d0 b6e08858 00001008 00000000 00000000  
03-11 16:47:03.083 I/DEBUG   (  182):     b81635e0 00000000 00000000 00000006 00000000  
03-11 16:47:03.083 I/DEBUG   (  182):     b81635f0 b6fc3390 00000000 00000000 00000000  
03-11 16:47:03.083 I/DEBUG   (  182):     b8163600 00000000 00000000 00000000 00000000  
03-11 16:47:03.083 I/DEBUG   (  182):     b8163610 b7c101e0 fa10ee20 b8163594 00000000  
03-11 16:47:03.083 I/DEBUG   (  182):     b8163620 b6dfdfe4 0000101a 00000005 ffffffff  
03-11 16:47:03.083 I/DEBUG   (  182):     b8163630 e028f8d0 00000053 b7c151d8 00000002  
03-11 16:47:03.083 I/DEBUG   (  182):     b8163640 b8163688 f8dee000 f8dee034 f8d00b80  
03-11 16:47:03.083 I/DEBUG   (  182):     b8163650 47f0e028 b8163644 b8163644 00000000  
03-11 16:47:03.083 I/DEBUG   (  182):     b8163660 00000000 00000000 00000040 000081e0  
03-11 16:47:03.083 I/DEBUG   (  182): 
03-11 16:47:03.083 I/DEBUG   (  182): memory near r9:
03-11 16:47:03.083 I/DEBUG   (  182):     b54b77f8 b6f82384 b7c12870 b7d31fe0 b43c8cb8  
03-11 16:47:03.083 I/DEBUG   (  182):     b54b7808 00000000 00000000 b54b780a b6c3b217  
03-11 16:47:03.083 I/DEBUG   (  182):     b54b7818 b4444b08 b43c8ce8 b8163594 b8163590  
03-11 16:47:03.083 I/DEBUG   (  182):     b54b7828 b4444b01 b4444a98 b43c8cb8 d17f3037  
03-11 16:47:03.083 I/DEBUG   (  182):     b54b7838 b8163590 b7c14f60 b7c26220 b6f82384  
03-11 16:47:03.083 I/DEBUG   (  182):     b54b7848 000018df b8163590 00000001 00010081  
03-11 16:47:03.083 I/DEBUG   (  182):     b54b7858 00000000 b6daa079 ffffffff b815e158  
03-11 16:47:03.083 I/DEBUG   (  182):     b54b7868 b7c14f60 000018df b8163590 b7d31fe0  
03-11 16:47:03.083 I/DEBUG   (  182):     b54b7878 b7c261f0 b43c8ce8 00000011 b43d19b8  
03-11 16:47:03.083 I/DEBUG   (  182):     b54b7888 b815e158 b43c8ce1 b43c8cb8 d17f3037  
03-11 16:47:03.083 I/DEBUG   (  182):     b54b7898 000000c8 0000000e 0000000e b815e080  
03-11 16:47:03.083 I/DEBUG   (  182):     b54b78a8 00000001 b6e5b4d1 b815e100 00000001  
03-11 16:47:03.083 I/DEBUG   (  182):     b54b78b8 00000010 b6e59679 00000001 b815e158  
03-11 16:47:03.083 I/DEBUG   (  182):     b54b78c8 b815e080 0000000e b7c14f60 000018df  
03-11 16:47:03.083 I/DEBUG   (  182):     b54b78d8 00000001 00010081 00000000 b6e5a97d  
03-11 16:47:03.083 I/DEBUG   (  182):     b54b78e8 00000001 00000001 00000047 b815e080  
03-11 16:47:03.083 I/DEBUG   (  182): 
03-11 16:47:03.083 I/DEBUG   (  182): memory near sl:
03-11 16:47:03.083 I/DEBUG   (  182):     b54b77f0 b4444a98 b6c3a93f b6f82384 b7c12870  
03-11 16:47:03.083 I/DEBUG   (  182):     b54b7800 b7d31fe0 b43c8cb8 00000000 00000000  
03-11 16:47:03.083 I/DEBUG   (  182):     b54b7810 b54b780a b6c3b217 b4444b08 b43c8ce8  
03-11 16:47:03.083 I/DEBUG   (  182):     b54b7820 b8163594 b8163590 b4444b01 b4444a98  
03-11 16:47:03.083 I/DEBUG   (  182):     b54b7830 b43c8cb8 d17f3037 b8163590 b7c14f60  
03-11 16:47:03.083 I/DEBUG   (  182):     b54b7840 b7c26220 b6f82384 000018df b8163590  
03-11 16:47:03.083 I/DEBUG   (  182):     b54b7850 00000001 00010081 00000000 b6daa079  
03-11 16:47:03.083 I/DEBUG   (  182):     b54b7860 ffffffff b815e158 b7c14f60 000018df  
03-11 16:47:03.083 I/DEBUG   (  182):     b54b7870 b8163590 b7d31fe0 b7c261f0 b43c8ce8  
03-11 16:47:03.083 I/DEBUG   (  182):     b54b7880 00000011 b43d19b8 b815e158 b43c8ce1  
03-11 16:47:03.083 I/DEBUG   (  182):     b54b7890 b43c8cb8 d17f3037 000000c8 0000000e  
03-11 16:47:03.083 I/DEBUG   (  182):     b54b78a0 0000000e b815e080 00000001 b6e5b4d1  
03-11 16:47:03.083 I/DEBUG   (  182):     b54b78b0 b815e100 00000001 00000010 b6e59679  
03-11 16:47:03.083 I/DEBUG   (  182):     b54b78c0 00000001 b815e158 b815e080 0000000e  
03-11 16:47:03.083 I/DEBUG   (  182):     b54b78d0 b7c14f60 000018df 00000001 00010081  
03-11 16:47:03.083 I/DEBUG   (  182):     b54b78e0 00000000 b6e5a97d 00000001 00000001  
03-11 16:47:03.083 I/DEBUG   (  182): 
03-11 16:47:03.083 I/DEBUG   (  182): memory near ip:
03-11 16:47:03.083 I/DEBUG   (  182):     b6e0bc8c b6dcbf49 b6c384c1 b6c37c91 b6c37cf1  
03-11 16:47:03.083 I/DEBUG   (  182):     b6e0bc9c b6c37cd1 b6c37d31 b6c37cb1 b6c37d11  
03-11 16:47:03.083 I/DEBUG   (  182):     b6e0bcac 00000000 00000000 00000000 b6f5c799  
03-11 16:47:03.083 I/DEBUG   (  182):     b6e0bcbc b6f5c6a5 b6f55fcd b6f55978 b6f31927  
03-11 16:47:03.083 I/DEBUG   (  182):     b6e0bccc b6f6f668 b6f31931 b6f56f85 b6fa7cc5  
03-11 16:47:03.083 I/DEBUG   (  182):     b6e0bcdc b6f31919 b6fae3ed b6fa7c2d b6f560dc  
03-11 16:47:03.083 I/DEBUG   (  182):     b6e0bcec b6fbbbe1 b6fa7f41 b6fae367 b6fa7c73  
03-11 16:47:03.083 I/DEBUG   (  182):     b6e0bcfc b6fae37b b6fae3fd b6fae437 b6fa661b  
03-11 16:47:03.083 I/DEBUG   (  182):     b6e0bd0c b6fbbbdd b6faf765 b6f47415 b6f41900  
03-11 16:47:03.083 I/DEBUG   (  182):     b6e0bd1c b6f45ef5 b6f6df13 b6f5cab1 b6f122bd  
03-11 16:47:03.083 I/DEBUG   (  182):     b6e0bd2c b6f543f8 b6f5a109 b6f542dc b6f55f50  
03-11 16:47:03.083 I/DEBUG   (  182):     b6e0bd3c b6f48449 b6f53d5c b6f55b70 b6f6df1b  
03-11 16:47:03.083 I/DEBUG   (  182):     b6e0bd4c b6f5728c b6f5c535 b6f31919 b6f31927  
03-11 16:47:03.083 I/DEBUG   (  182):     b6e0bd5c b6f6e81c b6f6f5d4 b6f2c2c4 b6f54324  
03-11 16:47:03.083 I/DEBUG   (  182):     b6e0bd6c b6f542fc b6f54abc b6f5470c b6f5476c  
03-11 16:47:03.083 I/DEBUG   (  182):     b6e0bd7c b6f542bc b6f54390 b6f61745 b6f54480  
03-11 16:47:03.083 I/DEBUG   (  182): 
03-11 16:47:03.083 I/DEBUG   (  182): memory near sp:
03-11 16:47:03.083 I/DEBUG   (  182):     b54b7760 b8163a30 fffffbcc b54b77e4 b6f41c0d  
03-11 16:47:03.083 I/DEBUG   (  182):     b54b7770 b6fc3390 b6c3a877 b6f82384 b7c12870  
03-11 16:47:03.083 I/DEBUG   (  182):     b54b7780 00000006 00000002 000002d1 b6e0bcac  
03-11 16:47:03.083 I/DEBUG   (  182):     b54b7790 b6e0bcac b6f46fe5 00000006 00000000  
03-11 16:47:03.083 I/DEBUG   (  182):     b54b77a0 b54b7870 b6f471f9 b54b77b4 b6f45f2f  
03-11 16:47:03.083 I/DEBUG   (  182):     b54b77b0 b8163a30 ffffffdf 000000cb b6e0cd00  
03-11 16:47:03.083 I/DEBUG   (  182):     b54b77c0 b6e0cd50 b54b7870 b6e0bcac b6e0cd00  
03-11 16:47:03.083 I/DEBUG   (  182):     b54b77d0 b6e0cd50 b6f55848 00000000 b6d8d659  
03-11 16:47:03.083 I/DEBUG   (  182):     b54b77e0 b6e0bcac 00000000 b54b7818 b4444b01  
03-11 16:47:03.083 I/DEBUG   (  182):     b54b77f0 b4444a98 b6c3a93f b6f82384 b7c12870  
03-11 16:47:03.083 I/DEBUG   (  182):     b54b7800 b7d31fe0 b43c8cb8 00000000 00000000  
03-11 16:47:03.083 I/DEBUG   (  182):     b54b7810 b54b780a b6c3b217 b4444b08 b43c8ce8  
03-11 16:47:03.083 I/DEBUG   (  182):     b54b7820 b8163594 b8163590 b4444b01 b4444a98  
03-11 16:47:03.083 I/DEBUG   (  182):     b54b7830 b43c8cb8 d17f3037 b8163590 b7c14f60  
03-11 16:47:03.083 I/DEBUG   (  182):     b54b7840 b7c26220 b6f82384 000018df b8163590  
03-11 16:47:03.083 I/DEBUG   (  182):     b54b7850 00000001 00010081 00000000 b6daa079  
03-11 16:47:03.083 I/DEBUG   (  182): 
03-11 16:47:03.083 I/DEBUG   (  182): code around pc:
03-11 16:47:03.083 I/DEBUG   (  182):     b6f55f70 e8bd00f0 e3700a01 912fff1e e2600000  
03-11 16:47:03.083 I/DEBUG   (  182):     b6f55f80 ea006d84 e92d50f0 e3a07f43 ef000000  
03-11 16:47:03.083 I/DEBUG   (  182):     b6f55f90 e8bd50f0 e3700a01 912fff1e e2600000  
03-11 16:47:03.083 I/DEBUG   (  182):     b6f55fa0 ea006d7c e92d50f0 e3a070ee ef000000  
03-11 16:47:03.083 I/DEBUG   (  182):     b6f55fb0 e8bd50f0 e3700a01 912fff1e e2600000  
03-11 16:47:03.083 I/DEBUG   (  182):     b6f55fc0 ea006d74 f200429a bf008069 f040f891  
03-11 16:47:03.083 I/DEBUG   (  182):     b6f55fd0 4001e92d d3412a10 0300f1c0 030ff013  
03-11 16:47:03.083 I/DEBUG   (  182):     b6f55fe0 eba2d01d ea5f0203 bf447cc3 eb01f811  
03-11 16:47:03.083 I/DEBUG   (  182):     b6f55ff0 eb01f800 f811bf21 f811cb01 f800eb01  
03-11 16:47:03.093 I/DEBUG   (  182):     b6f56000 f800cb01 ea5feb01 da037c43 030df9a1  
03-11 16:47:03.093 I/DEBUG   (  182):     b6f56010 031df980 f921d303 f900070d 3a40071d  
03-11 16:47:03.093 I/DEBUG   (  182):     b6f56020 f921d30b f921020d f891420d 3a40f100  
03-11 16:47:03.093 I/DEBUG   (  182):     b6f56030 022df900 422df900 3220d2f3 f921d305  
03-11 16:47:03.093 I/DEBUG   (  182):     b6f56040 f1a2020d f9000220 f102022d f0120220  
03-11 16:47:03.093 I/DEBUG   (  182):     b6f56050 d0030f10 0a0df921 0a2df900 7c42ea5f  
03-11 16:47:03.093 I/DEBUG   (  182):     b6f56060 f921d303 f900070d da03070d 030df9a1  
03-11 16:47:03.093 I/DEBUG   (  182): 
03-11 16:47:03.093 I/DEBUG   (  182): code around lr:
03-11 16:47:03.093 I/DEBUG   (  182):     b6f46fc4 447b4b13 42b3e010 6a1ed10e 44784811  
03-11 16:47:03.093 I/DEBUG   (  182):     b6f46fd4 ec84f7fb ea0ef00d 46224631 efd0f00e  
03-11 16:47:03.093 I/DEBUG   (  182):     b6f46fe4 d00a3001 e00b2400 2b00681b 480ad1eb  
03-11 16:47:03.093 I/DEBUG   (  182):     b6f46ff4 44782403 ec72f7fb f001e002 6804fa23  
03-11 16:47:03.093 I/DEBUG   (  182):     b6f47004 fa20f001 46206005 bf00bd70 0003b3de  
03-11 16:47:03.093 I/DEBUG   (  182):     b6f47014 0003b3d2 0003b3ca 0003b3a6 bf7ef7ff  
03-11 16:47:03.093 I/DEBUG   (  182):     b6f47024 4a3e4b3d e92d447b b08b43f0 4606589c  
03-11 16:47:03.093 I/DEBUG   (  182):     b6f47034 6823460d 930946a1 fa04f001 8000f8d0  
03-11 16:47:03.093 I/DEBUG   (  182):     b6f47044 d0482d00 f00f4628 280fff9b d8444604  
03-11 16:47:03.093 I/DEBUG   (  182):     b6f47054 ffe4f7ff d1064286 4629200f e8d8f00d  
03-11 16:47:03.093 I/DEBUG   (  182):     b6f47064 d03c2800 482ee02e f7fb4478 482debb6  
03-11 16:47:03.093 I/DEBUG   (  182):     b6f47074 e0154478 d11342b0 482b6a06 f7fb4478  
03-11 16:47:03.093 I/DEBUG   (  182):     b6f47084 4a2aec2e 46332120 a801447a f83af013  
03-11 16:47:03.093 I/DEBUG   (  182):     b6f47094 a8012101 fb54f01a 46061c42 e011d104  
03-11 16:47:03.093 I/DEBUG   (  182):     b6f470a4 28006800 e02cd1e6 46294630 f00d4622  
03-11 16:47:03.093 I/DEBUG   (  182):     b6f470b4 1c43e914 d11e4607 f9c4f001 29046801  
03-11 16:47:03.143 W/installd(  188): DexInv: --- END '/data/app/fi.sampopankki.android.tribank-2.apk' --- status=0x0006, process failed
03-11 16:47:03.143 E/installd(  188): dexopt in='/data/app/fi.sampopankki.android.tribank-2.apk' out='/data/dalvik-cache/data@app@fi.sampopankki.android.tribank-2.apk@classes.dex' res=6
03-11 16:47:03.143 I/SystemServer(  638): Mount Service
03-11 16:47:03.153 D/MountService(  638): got storage path: null description: Internal storage primary: false removable: false emulated: true mtpReserve: 100 allowMassStorage: false maxFileSize: 0
03-11 16:47:03.153 D/MountService(  638): addVolumeLocked() StorageVolume:
03-11 16:47:03.153 D/MountService(  638):     mStorageId=65537 mPath=/storage/emulated/0 mDescriptionId=17040662 
03-11 16:47:03.153 D/MountService(  638):     mPrimary=true mRemovable=false mEmulated=true mMtpReserveSpace=100 
03-11 16:47:03.153 D/MountService(  638):     mAllowMassStorage=false mMaxFileSize=0 mOwner=UserHandle{0} mUuid=null 
03-11 16:47:03.153 D/MountService(  638):     mUserLabel=null mState=null 
03-11 16:47:03.153 I/SystemServer(  638): LockSettingsService
03-11 16:47:03.163 I/SystemServer(  638): Device Policy
03-11 16:47:03.183 I/SystemServer(  638): Status Bar
03-11 16:47:03.183 I/SystemServer(  638): Clipboard Service
03-11 16:47:03.193 I/SystemServer(  638): NetworkManagement Service
03-11 16:47:03.193 I/SystemServer(  638): Text Service Manager Service
03-11 16:47:03.203 I/SystemServer(  638): NetworkStats Service
03-11 16:47:03.213 I/SystemServer(  638): NetworkPolicy Service
03-11 16:47:03.213 I/SystemServer(  638): Wi-Fi P2pService
03-11 16:47:03.243 I/SystemServer(  638): Wi-Fi Service
03-11 16:47:03.303 I/SystemServer(  638): Connectivity Service
03-11 16:47:03.313 D/ConnectivityService(  638): ConnectivityService starting up
03-11 16:47:03.313 D/ConnectivityService(  638): wifiOnly=false
03-11 16:47:03.313 E/ConnectivityService(  638): Ignoring protectedNetwork 14
03-11 16:47:03.323 D/BluetoothTethering(  638): startMonitoring: target: Handler (com.android.server.ConnectivityService$NetworkStateTrackerHandler) {65538290}
03-11 16:47:03.323 D/BluetoothTethering(  638): startMonitoring: mCsHandler: Handler (com.android.server.ConnectivityService$NetworkStateTrackerHandler) {65538290}
03-11 16:47:03.323 D/BluetoothManagerService(  638): Message: 20
03-11 16:47:03.323 D/BluetoothManagerService(  638): Added callback: android.bluetooth.BluetoothAdapter$1@65543300:true
03-11 16:47:03.323 D/BluetoothManagerService(  638): Message: 30
03-11 16:47:03.323 W/ContextImpl(  638): Calling a method in the system process without a qualified user: android.app.ContextImpl.bindService:1543 android.bluetooth.BluetoothPan.doBind:149 android.bluetooth.BluetoothPan.<init>:141 android.bluetooth.BluetoothAdapter.getProfileProxy:1190 android.bluetooth.BluetoothTetheringDataTracker.startMonitoring:116 
03-11 16:47:03.333 E/MobileDataStateTracker(  638): default: Ignoring feature request because could not acquire PhoneService
03-11 16:47:03.333 E/MobileDataStateTracker(  638): default: Could not enable APN type "default"
03-11 16:47:03.354 D/WifiController(  638): WifiController msg { when=0 what=155656 target=com.android.internal.util.StateMachine$SmHandler } deferred for 455ms
03-11 16:47:03.354 I/WifiService(  638): WifiService starting up with Wi-Fi enabled
03-11 16:47:03.354 D/WifiService(  638): setWifiEnabled: true pid=638, uid=1000
03-11 16:47:03.354 I/SystemServer(  638): Network Service Discovery Service
03-11 16:47:03.364 D/NsdService(  638): Network service discovery enabled true
03-11 16:47:03.364 I/SystemServer(  638): UpdateLock Service
03-11 16:47:03.414 W/PackageManager(  638): Unknown permission com.android.smspush.WAPPUSH_MANAGER_BIND in package com.android.phone
03-11 16:47:03.414 W/PackageManager(  638): Unknown permission com.android.vending.billing.IBillingAccountService.BIND2 in package com.google.android.gsf.login
03-11 16:47:03.414 W/PackageManager(  638): Unknown permission com.android.gallery3d.permission.GALLERY_PROVIDER in package com.android.bluetooth
03-11 16:47:03.414 W/PackageManager(  638): Unknown permission android.permission.MMS_SEND_OUTBOX_MSG in package com.android.bluetooth
03-11 16:47:03.414 W/PackageManager(  638): Unknown permission com.google.android.c2dm.permission.REGISTRATION in package com.rovio.angrybirdsfriends
03-11 16:47:03.414 W/PackageManager(  638): Unknown permission android.permission.READ_MEDIA_STORAGE in package com.keramidas.TitaniumBackup
03-11 16:47:03.414 W/PackageManager(  638): Not granting permission android.permission.WRITE_MEDIA_STORAGE to package com.keramidas.TitaniumBackup (protectionLevel=18 flags=0x8be44)
03-11 16:47:03.414 W/PackageManager(  638): Not granting permission com.android.voicemail.permission.READ_WRITE_ALL_VOICEMAIL to package com.keramidas.TitaniumBackup (protectionLevel=18 flags=0x8be44)
03-11 16:47:03.414 W/PackageManager(  638): Unknown permission android.permission.ACCESS_SUPERUSER in package com.keramidas.TitaniumBackup
03-11 16:47:03.414 W/PackageManager(  638): Not granting permission android.permission.BROADCAST_SMS to package com.keramidas.TitaniumBackup (protectionLevel=2 flags=0x8be44)
03-11 16:47:03.414 W/PackageManager(  638): Not granting permission android.permission.BROADCAST_WAP_PUSH to package com.keramidas.TitaniumBackup (protectionLevel=2 flags=0x8be44)
03-11 16:47:03.414 W/PackageManager(  638): Not granting permission android.permission.DEVICE_POWER to package com.google.android.deskclock (protectionLevel=2 flags=0x48be45)
03-11 16:47:03.414 W/PackageManager(  638): Unknown permission android.permission.ACCESS_SUPERUSER in package com.ttxapps.wifiadb
03-11 16:47:03.414 W/PackageManager(  638): Not granting permission android.permission.READ_FRAME_BUFFER to package com.google.android.gms (protectionLevel=18 flags=0x483ec5)
03-11 16:47:03.414 W/PackageManager(  638): Unknown permission android.permission.READ_OWNER_DATA in package com.google.android.setupwizard
03-11 16:47:03.414 W/PackageManager(  638): Unknown permission android.permission.WRITE_OWNER_DATA in package com.google.android.setupwizard
03-11 16:47:03.414 W/PackageManager(  638): Unknown permission android.permission.ACCESS_SUPERUSER in package com.s0up.goomanager
03-11 16:47:03.414 W/PackageManager(  638): Unknown permission com.amazon.dcp.sso.permission.AMAZON_ACCOUNT_PROPERTY in package com.amazon.kindle
03-11 16:47:03.414 W/PackageManager(  638): Unknown permission com.amazon.dcp.metrics.permission.METRICS_PERMISSION in package com.amazon.kindle
03-11 16:47:03.414 W/PackageManager(  638): Unknown permission com.amazon.dcp.config.permission.DYN_CONFIG_VALUES_UPDATED in package com.amazon.kindle
03-11 16:47:03.414 W/PackageManager(  638): Unknown permission com.amazon.dcp.settings.permission.READ_SETTINGS in package com.amazon.kindle
03-11 16:47:03.414 W/PackageManager(  638): Unknown permission com.amazon.identity.permission.GENERIC_IPC in package com.amazon.kindle
03-11 16:47:03.414 W/PackageManager(  638): Unknown permission com.amazon.dcp.sso.permission.USE_DEVICE_CREDENTIALS in package com.amazon.kindle
03-11 16:47:03.414 W/PackageManager(  638): Unknown permission com.amazon.dcp.sso.permission.EXPIRE_ACCESS_TOKEN in package com.amazon.kindle
03-11 16:47:03.414 W/PackageManager(  638): Unknown permission com.amazon.dcp.sso.permission.MANAGE_COR_PFM in package com.amazon.kindle
03-11 16:47:03.414 W/PackageManager(  638): Unknown permission com.amazon.dcp.sso.permission.CUSTOMER_ATTRIBUTE_SERVICE in package com.amazon.kindle
03-11 16:47:03.414 W/PackageManager(  638): Unknown permission amazon.permission.COLLECT_METRICS in package com.amazon.kindle
03-11 16:47:03.414 W/PackageManager(  638): Unknown permission android.permission.ACCESS_SUPERUSER in package jackpal.androidterm
03-11 16:47:03.414 W/PackageManager(  638): Unknown permission com.google.android.voicesearch.SHORTCUTS_ACCESS in package com.google.android.googlequicksearchbox
03-11 16:47:03.414 W/PackageManager(  638): Unknown permission com.google.android.voicesearch.ACCESS_SETTINGS in package com.google.android.googlequicksearchbox
03-11 16:47:03.414 W/PackageManager(  638): Unknown permission com.android.browser.permission.PRELOAD in package com.google.android.googlequicksearchbox
03-11 16:47:03.414 W/PackageManager(  638): Unknown permission com.google.android.apps.googlevoice.permission.AUTO_SEND in package com.google.android.googlequicksearchbox
03-11 16:47:03.414 W/PackageManager(  638): Unknown permission com.facebook.orca.provider.ACCESS in package com.facebook.katana
03-11 16:47:03.414 W/PackageManager(  638): Unknown permission com.amazon.device.messaging.permission.RECEIVE in package com.facebook.katana
03-11 16:47:03.414 W/PackageManager(  638): Not granting permission android.permission.BATTERY_STATS to package com.facebook.katana (protectionLevel=18 flags=0x8be44)
03-11 16:47:03.414 W/PackageManager(  638): Unknown permission com.sec.android.provider.badge.permission.READ in package com.facebook.katana
03-11 16:47:03.414 W/PackageManager(  638): Unknown permission com.sec.android.provider.badge.permission.WRITE in package com.facebook.katana
03-11 16:47:03.414 W/PackageManager(  638): Unknown permission com.htc.launcher.permission.READ_SETTINGS in package com.facebook.katana
03-11 16:47:03.414 W/PackageManager(  638): Unknown permission com.htc.launcher.permission.UPDATE_SHORTCUT in package com.facebook.katana
03-11 16:47:03.414 W/PackageManager(  638): Unknown permission com.sonyericsson.home.permission.BROADCAST_BADGE in package com.facebook.katana
03-11 16:47:03.414 W/PackageManager(  638): Unknown permission com.facebook.home.permission.WRITE_BADGES in package com.facebook.katana
03-11 16:47:03.414 W/PackageManager(  638): Unknown permission com.nokia.pushnotifications.permission.RECEIVE in package com.facebook.katana
03-11 16:47:03.414 W/PackageManager(  638): Unknown permission com.chrome.permission.DEVICE_EXTRAS in package com.chrome.beta
03-11 16:47:03.414 W/PackageManager(  638): Not granting permission com.android.chrome.TOS_ACKED to package com.chrome.beta (protectionLevel=18 flags=0x48be44)
03-11 16:47:03.414 W/PackageManager(  638): Unknown permission com.sec.enterprise.knox.MDM_CONTENT_PROVIDER in package com.chrome.beta
03-11 16:47:03.414 W/PackageManager(  638): Unknown permission android.permission.WRITE_SYNC_STATS in package com.google.android.apps.docs
03-11 16:47:03.424 W/PackageManager(  638): Unknown permission android.permission.ACCESS_SUPERUSER in package com.koushikdutta.rommanager
03-11 16:47:03.424 W/PackageManager(  638): Not granting permission android.permission.SEND_DOWNLOAD_COMPLETED_INTENTS to package com.android.vending (protectionLevel=2 flags=0xabec5)
03-11 16:47:03.424 W/PackageManager(  638): Unknown permission android.permission.SEND_SMS_NO_CONFIRMATION in package com.android.vending
03-11 16:47:03.424 W/PackageManager(  638): Not granting permission android.permission.BIND_WALLPAPER to package com.google.android.GoogleCamera (protectionLevel=18 flags=0x58bc45)
03-11 16:47:03.424 W/PackageManager(  638): Not granting permission android.permission.READ_DREAM_STATE to package com.google.android.gsf (protectionLevel=2 flags=0x40083e45)
03-11 16:47:03.634 I/SystemServer(  638): Notification Manager
03-11 16:47:03.634 I/SystemServer(  638): Device Storage Monitor
03-11 16:47:03.634 I/SystemServer(  638): Location Manager
03-11 16:47:03.644 I/SystemServer(  638): Country Detector
03-11 16:47:03.644 I/SystemServer(  638): Search Service
03-11 16:47:03.654 I/SystemServer(  638): DropBox Service
03-11 16:47:03.654 I/SystemServer(  638): Wallpaper Service
03-11 16:47:03.654 I/SystemServer(  638): Audio Service
03-11 16:47:03.704 V/AudioService(  638): monitoring device rotation, initial=0
03-11 16:47:03.704 I/SystemServer(  638): Dock Observer
03-11 16:47:03.704 W/DockObserver(  638): This kernel does not have dock station support
03-11 16:47:03.704 I/SystemServer(  638): Wired Accessory Manager
03-11 16:47:03.704 I/SystemServer(  638): USB Service
03-11 16:47:03.714 I/SystemServer(  638): Serial Service
03-11 16:47:03.714 I/SystemServer(  638): Twilight Service
03-11 16:47:03.714 I/SystemServer(  638): UI Mode Manager Service
03-11 16:47:03.714 I/SystemServer(  638): Backup Service
03-11 16:47:03.724 V/BackupManagerService(  638): Initializing package tracking
03-11 16:47:03.774 V/BackupManagerService(  638): addPackageParticipantsLocked: all
03-11 16:47:03.774 I/BackupManagerService(  638): Scheduling backup for new app org.connectbot
03-11 16:47:03.774 D/BackupManagerService(  638): Now staging backup of org.connectbot
03-11 16:47:03.784 I/BackupManagerService(  638): Scheduling backup for new app com.android.sharedstoragebackup
03-11 16:47:03.784 D/BackupManagerService(  638): Now staging backup of com.android.sharedstoragebackup
03-11 16:47:03.784 I/BackupManagerService(  638): Scheduling backup for new app com.google.android.marvin.talkback
03-11 16:47:03.784 D/BackupManagerService(  638): Now staging backup of com.google.android.marvin.talkback
03-11 16:47:03.794 I/BackupManagerService(  638): Scheduling backup for new app com.google.android.googlequicksearchbox
03-11 16:47:03.794 D/BackupManagerService(  638): Now staging backup of com.google.android.googlequicksearchbox
03-11 16:47:03.794 I/BackupManagerService(  638): Scheduling backup for new app com.google.android.inputmethod.latin
03-11 16:47:03.794 D/BackupManagerService(  638): Now staging backup of com.google.android.inputmethod.latin
03-11 16:47:03.794 I/BackupManagerService(  638): Scheduling backup for new app com.android.providers.settings
03-11 16:47:03.794 D/BackupManagerService(  638): Now staging backup of com.android.providers.settings
03-11 16:47:03.804 D/SoftapController(  181): Softap fwReload - Ok
03-11 16:47:03.804 D/WifiController(  638): DEFERRED_TOGGLE handled
03-11 16:47:03.804 D/Tethering(  638): sendTetherStateChangedBroadcast 0, 0, 0
03-11 16:47:03.804 D/Tethering(  638): InitialState.processMessage what=4
03-11 16:47:03.804 D/Tethering(  638): sendTetherStateChangedBroadcast 0, 0, 0
03-11 16:47:03.804 D/CommandListener(  181): Setting iface cfg
03-11 16:47:03.804 D/CommandListener(  181): Trying to bring down wlan0
03-11 16:47:03.804 I/BackupManagerService(  638): Scheduling backup for new app com.google.android.talk
03-11 16:47:03.804 D/BackupManagerService(  638): Now staging backup of com.google.android.talk
03-11 16:47:03.804 I/BackupManagerService(  638): Scheduling backup for new app com.android.nfc
03-11 16:47:03.804 D/BackupManagerService(  638): Now staging backup of com.android.nfc
03-11 16:47:03.814 I/BackupManagerService(  638): Scheduling backup for new app com.android.providers.userdictionary
03-11 16:47:03.814 D/BackupManagerService(  638): Now staging backup of com.android.providers.userdictionary
03-11 16:47:03.814 I/BackupManagerService(  638): Scheduling backup for new app android
03-11 16:47:03.814 D/BackupManagerService(  638): Now staging backup of android
03-11 16:47:03.814 I/BackupManagerService(  638): Scheduling backup for new app com.android.vending
03-11 16:47:03.814 D/BackupManagerService(  638): Now staging backup of com.android.vending
03-11 16:47:03.844 I/BackupManagerService(  638): Scheduling backup for new app com.google.android.gm
03-11 16:47:03.844 D/BackupManagerService(  638): Now staging backup of com.google.android.gm
03-11 16:47:03.854 I/BackupManagerService(  638): Scheduling backup for new app com.google.android.calendar
03-11 16:47:03.854 D/BackupManagerService(  638): Now staging backup of com.google.android.calendar
03-11 16:47:03.854 V/BackupManagerService(  638): Starting with transport com.google.android.backup/.BackupTransportService
03-11 16:47:03.854 V/BackupManagerService(  638): Found transports: 2
03-11 16:47:03.854 I/BackupManagerService(  638): Binding to transport host ComponentInfo{android/com.android.internal.backup.LocalTransportService}
03-11 16:47:03.854 I/BackupManagerService(  638): Binding to transport host ComponentInfo{com.google.android.backuptransport/com.google.android.backup.BackupTransportService}
03-11 16:47:03.854 I/BackupManagerService(  638): Found stale backup journal, scheduling
03-11 16:47:03.854 I/BackupManagerService(  638):   org.connectbot
03-11 16:47:03.854 I/BackupManagerService(  638):   com.android.sharedstoragebackup
03-11 16:47:03.854 I/BackupManagerService(  638):   com.google.android.marvin.talkback
03-11 16:47:03.854 I/BackupManagerService(  638):   com.google.android.googlequicksearchbox
03-11 16:47:03.854 I/BackupManagerService(  638):   com.google.android.inputmethod.latin
03-11 16:47:03.854 I/BackupManagerService(  638):   com.android.providers.settings
03-11 16:47:03.854 I/BackupManagerService(  638):   com.google.android.talk
03-11 16:47:03.854 I/BackupManagerService(  638):   com.android.nfc
03-11 16:47:03.854 I/BackupManagerService(  638):   com.android.providers.userdictionary
03-11 16:47:03.854 I/BackupManagerService(  638):   android
03-11 16:47:03.864 I/BackupManagerService(  638):   com.android.vending
03-11 16:47:03.864 I/BackupManagerService(  638):   com.google.android.gm
03-11 16:47:03.864 I/BackupManagerService(  638):   com.google.android.calendar
03-11 16:47:03.864 I/BackupManagerService(  638): Backup enabled => true
03-11 16:47:03.864 I/SystemServer(  638): AppWidget Service
03-11 16:47:03.864 I/SystemServer(  638): Recognition Service
03-11 16:47:03.864 I/SystemServer(  638): DiskStats Service
03-11 16:47:03.864 I/SystemServer(  638): SamplingProfiler Service
03-11 16:47:03.864 I/SystemServer(  638): NetworkTimeUpdateService
03-11 16:47:03.864 I/SystemServer(  638): CommonTimeManagementService
03-11 16:47:03.864 I/SystemServer(  638): CertBlacklister
03-11 16:47:03.874 I/wpa_supplicant(  770): Successfully initialized wpa_supplicant
03-11 16:47:03.874 I/wpa_supplicant(  770): rfkill: Cannot open RFKILL control device
03-11 16:47:03.874 I/SystemServer(  638): Dreams Service
03-11 16:47:03.874 I/SystemServer(  638): Assets Atlas Service
03-11 16:47:03.874 I/SystemServer(  638): IdleMaintenanceService
03-11 16:47:03.874 I/SystemServer(  638): Print Service
03-11 16:47:03.884 D/Atlas   (  638): Loaded configuration: SliceMinArea (1216x1408) flags=0x2 count=265
03-11 16:47:03.894 I/WindowManager(  638): SAFE MODE not enabled
03-11 16:47:03.894 I/SystemServer(  638): Media Router Service
03-11 16:47:03.924 D/WifiMonitor(  638): startMonitoring(wlan0) with mConnected = false
03-11 16:47:03.954 I/Zygote  (  638): Process: zygote socket opened
03-11 16:47:03.954 I/Adreno-EGL(  638): <qeglDrvAPI_eglInitialize:320>: EGL 1.4 QUALCOMM Build: I0404c4692afb8623f95c43aeb6d5e13ed4b30ddbDate: 11/06/13
03-11 16:47:03.964 W/art     (  185): Could not get current activity
03-11 16:47:03.994 V/KeyguardServiceDelegate(  638): *** Keyguard started
03-11 16:47:03.994 V/KeyguardServiceDelegate(  638): onSystemReady() called before keyguard service was ready
03-11 16:47:03.994 I/ActivityManager(  638): Start proc com.android.systemui for service com.android.keyguard/.KeyguardService: pid=772 uid=10097 gids={50097, 1028, 1015, 3002, 3001}
03-11 16:47:04.034 I/AppOps  (  638): Pruning old package media/1013: new uid=-1
03-11 16:47:04.034 I/ActivityManager(  638): System now ready
03-11 16:47:04.044 I/SystemServer(  638): Making services ready
03-11 16:47:04.044 W/MountService(  638): Duplicate state transition (mounted -> mounted) for /storage/emulated/0
03-11 16:47:04.044 D/NetworkManagementService(  638): enabling bandwidth control
03-11 16:47:04.054 D/Atlas   (  638): Rendered atlas in 135.74ms (34.79+100.95ms)
03-11 16:47:04.074 W/art     (  772): Failed to find ELF magic in /system/priv-app/Keyguard.odex: dey
03-11 16:47:04.154 V/KeyguardService(  772): onCreate()
03-11 16:47:04.154 W/art     (  772): Failed to find ELF magic in /system/priv-app/SystemUI.odex: dey
03-11 16:47:04.164 E/OMXMaster(  187): A component of name 'OMX.qcom.audio.decoder.aac' already exists, ignoring this one.
03-11 16:47:04.204 D/SystemUIService(  772): loading: class com.android.systemui.recent.Recents
03-11 16:47:04.204 D/SystemUIService(  772): running: com.android.systemui.recent.Recents@64df8680
03-11 16:47:04.204 D/SystemUIService(  772): loading: class com.android.systemui.statusbar.SystemBars
03-11 16:47:04.204 D/SystemUIService(  772): running: com.android.systemui.statusbar.SystemBars@64df8c60
03-11 16:47:04.214 D/SystemUIService(  772): loading: class com.android.systemui.usb.StorageNotification
03-11 16:47:04.214 D/SystemUIService(  772): running: com.android.systemui.usb.StorageNotification@64dfbe08
03-11 16:47:04.224 D/SystemUIService(  772): loading: class com.android.systemui.power.PowerUI
03-11 16:47:04.224 D/SystemUIService(  772): running: com.android.systemui.power.PowerUI@64dff670
03-11 16:47:04.224 D/SystemUIService(  772): loading: class com.android.systemui.media.RingtonePlayer
03-11 16:47:04.224 D/SystemUIService(  772): running: com.android.systemui.media.RingtonePlayer@64e00898
03-11 16:47:04.234 D/SystemUIService(  772): loading: class com.android.systemui.settings.SettingsUI
03-11 16:47:04.234 D/SystemUIService(  772): running: com.android.systemui.settings.SettingsUI@64e037e0
03-11 16:47:04.274 D/PhoneStatusBar(  772): mSettingsPanelGravity = 8388661
03-11 16:47:04.274 I/StatusBarManagerService(  638): registerStatusBar bar=com.android.internal.statusbar.IStatusBar$Stub$Proxy@65122c08
03-11 16:47:04.314 W/BroadcastQueue(  638): Permission Denial: broadcasting Intent { act=android.net.conn.TETHER_STATE_CHANGED flg=0x64000010 (has extras) } from null (pid=-1, uid=-1) requires android.permission.CONNECTIVITY_INTERNAL due to registered receiver BroadcastFilter{65691738 u0 ReceiverList{656916d8 638 system/1000/u0 local:656914c8}}
03-11 16:47:04.374 I/wpa_supplicant(  770): rfkill: Cannot open RFKILL control device
03-11 16:47:04.395 I/ActivityManager(  638): Config changes=200 {1.0 ?mcc?mnc en_US ldltr sw600dp w600dp h887dp 320dpi lrg port finger -keyb/v/h -nav/h s.4}
03-11 16:47:04.415 I/ActivityManager(  638): Start proc android.process.media for broadcast com.android.providers.media/.MtpReceiver: pid=862 uid=10016 gids={50016, 1028, 1015, 1023, 1024, 2001, 3003, 3007}
03-11 16:47:04.455 W/art     (  862): Failed to find ELF magic in /system/priv-app/MediaProvider.odex: dey
03-11 16:47:04.465 W/art     (  862): Failed to find ELF magic in /system/priv-app/DownloadProvider.odex: dey
03-11 16:47:04.475 V/PhoneStatusBar/NavigationBarView(  772): touchEnabled:false
03-11 16:47:04.485 D/WifiConfigStore(  638): Loading config and enabling all networks
03-11 16:47:04.505 W/InputMethodManagerService(  638): Ignoring setImeWindowStatus of uid 1000 token: null
03-11 16:47:04.515 D/BluetoothManagerService(  638): Message: 20
03-11 16:47:04.515 D/BluetoothManagerService(  638): Added callback: android.bluetooth.IBluetoothManagerCallback$Stub$Proxy@650293a8:true
03-11 16:47:04.525 D/BluetoothAdapter(  772): 1693211104: getState() :  mService = null. Returning STATE_OFF
03-11 16:47:04.525 D/BluetoothAdapter(  772): 1693211104: getState() :  mService = null. Returning STATE_OFF
03-11 16:47:04.555 D/WifiConfigStore(  638): Missing id while parsing configuration
03-11 16:47:04.555 D/WifiConfigStore(  638): Missing id while parsing configuration
03-11 16:47:04.555 D/WifiConfigStore(  638): Missing id while parsing configuration
03-11 16:47:04.555 D/WifiConfigStore(  638): Missing id while parsing configuration
03-11 16:47:04.555 I/ActivityManager(  638): Start proc com.google.android.inputmethod.latin for service com.google.android.inputmethod.latin/com.android.inputmethod.latin.LatinIME: pid=881 uid=10036 gids={50036, 3003, 1028, 1015}
03-11 16:47:04.555 V/InputMethodManagerService(  638): Adding window token: android.os.Binder@65701388
03-11 16:47:04.575 E/LocSvc_utils_cfg(  638): W/loc_read_conf: no /etc/sap.conf file found
03-11 16:47:04.575 E/LocSvc_afw(  638): W/get_extension: Invalid interface passed in
03-11 16:47:04.585 D/CommandListener(  181): Setting iface cfg
03-11 16:47:04.585 D/CommandListener(  181): Trying to bring up p2p0
03-11 16:47:04.595 D/WifiMonitor(  638): startMonitoring(p2p0) with mConnected = true
03-11 16:47:04.615 W/art     (  881): Failed to find ELF magic in /system/app/LatinImeGoogle.odex: dey
03-11 16:47:04.615 D/WifiConfigStore(  638): Loading config and enabling all networks
03-11 16:47:04.625 D/BluetoothAdapter(  772): 1693211104: getState() :  mService = null. Returning STATE_OFF
03-11 16:47:04.655 V/FlpHardwareProvider(  638): Callback thread attached: 0x4cbf0250
03-11 16:47:04.655 E/QMI_FW  (  638): QMUXD: Service_id=16 not found over conn_id=0
03-11 16:47:04.655 D/FlpHardwareProvider(  638): Hardware Device already opened.
03-11 16:47:04.655 E/LocationManagerService(  638): No FusedProvider found.
03-11 16:47:04.675 E/QMI_FW  (  638): QMUXD: Service_id=16 not found over conn_id=0
03-11 16:47:04.685 D/WifiConfigStore(  638): Missing id while parsing configuration
03-11 16:47:04.685 D/WifiConfigStore(  638): Missing id while parsing configuration
03-11 16:47:04.685 D/WifiConfigStore(  638): Missing id while parsing configuration
03-11 16:47:04.685 D/WifiConfigStore(  638): Missing id while parsing configuration
03-11 16:47:04.695 E/QMI_FW  (  638): QMUXD: Service_id=16 not found over conn_id=0
03-11 16:47:04.725 E/QMI_FW  (  638): QMUXD: Service_id=16 not found over conn_id=0
03-11 16:47:04.735 E/QMI_FW  (  638): QMUXD: Service_id=16 not found over conn_id=0
03-11 16:47:04.755 I/LatinIME(  881): Hardware accelerated drawing: true
03-11 16:47:04.775 E/QMI_FW  (  638): QMUXD: Service_id=16 not found over conn_id=0
03-11 16:47:04.785 E/QMI_FW  (  638): QMUXD: Service_id=16 not found over conn_id=0
03-11 16:47:04.805 E/QMI_FW  (  638): QMUXD: Service_id=16 not found over conn_id=0
03-11 16:47:04.825 I/CommonTimeManagementService(  638): No common time service detected on this platform.  Common time services will be unavailable.
03-11 16:47:04.825 I/InputReader(  638): Reconfiguring input devices.  changes=0x00000020
03-11 16:47:04.835 E/QMI_FW  (  638): QMUXD: Service_id=16 not found over conn_id=0
03-11 16:47:04.835 I/InputReader(  638): Reconfiguring input devices.  changes=0x00000010
03-11 16:47:04.845 I/ActivityManager(  638): Start proc com.nuance.xt9.input for added application com.nuance.xt9.input: pid=911 uid=10065 gids={50065}
03-11 16:47:04.855 E/QMI_FW  (  638): QMUXD: Service_id=16 not found over conn_id=0
03-11 16:47:04.865 D/GpsLocationProvider(  638): set_capabilities_callback: 55u
03-11 16:47:04.865 I/ActivityManager(  638): Start proc com.android.phone for added application com.android.phone: pid=930 uid=1001 gids={41001, 3002, 3001, 3003, 1028, 1015}
03-11 16:47:04.895 D/PhoneStatusBar(  772): disable: < expand icons alerts ticker system_info back home recent clock search >
03-11 16:47:04.895 I/ActivityManager(  638): Start proc com.android.nfc for added application com.android.nfc: pid=947 uid=1027 gids={41027, 3002, 3001, 1028, 1015}
03-11 16:47:04.905 I/ActivityManager(  638): START u0 {act=android.intent.action.MAIN cat=[android.intent.category.HOME] flg=0x10000000 cmp=com.android.launcher/com.android.launcher2.Launcher} from pid 0
03-11 16:47:04.925 I/ActivityManager(  638): Start proc com.android.launcher for activity com.android.launcher/com.android.launcher2.Launcher: pid=964 uid=10037 gids={50037}
03-11 16:47:04.955 I/LatinIME:LogUtils(  881): Dictionary info: dictionary = PersonalizationPredictionDictio ; version = ? ; date = 1393485324
03-11 16:47:04.965 I/ActivityManager(  638): Start proc android.process.acore for content provider com.android.providers.contacts/.ContactsProvider2: pid=984 uid=10000 gids={50000, 3003, 1028, 1015}
03-11 16:47:04.975 D/CommandListener(  181): Setting iface cfg
03-11 16:47:04.975 D/CommandListener(  181): Trying to bring up p2p0
03-11 16:47:04.975 D/WifiMonitor(  638): startMonitoring(p2p0) with mConnected = true
03-11 16:47:04.985 I/LatinIME:LogUtils(  881): Dictionary info: dictionary = personalization.en_US.dict ; version = ? ; date = 1391630706
03-11 16:47:04.995 E/LocSvc_ApiV02(  638): W/virtual loc_api_adapter_err LocApiV02::setAGLONASSProtocol(long unsigned int):1553]: Error status = eLOC_CLIENT_FAILURE_INVALID_PARAMETER, ind..status = eQMI_LOC_SUCCESS_V02 
03-11 16:47:04.995 I/ActivityManager(  638): Start proc com.android.settings for broadcast com.android.settings/.widget.SettingsAppWidgetProvider: pid=1002 uid=1000 gids={41000, 1028, 1015, 3002, 3001, 3003}
03-11 16:47:05.025 W/InputAttributes(  881): No editor info for this field. Bug?
03-11 16:47:05.045 W/art     (  930): Failed to find ELF magic in /system/priv-app/TeleService.odex: dey
03-11 16:47:05.045 W/art     (  964): Failed to find ELF magic in /system/priv-app/Launcher2.odex: dey
03-11 16:47:05.045 W/art     (  947): Failed to find ELF magic in /system/app/NfcNci.odex: dey
03-11 16:47:05.055 I/ResourceUtils(  881): Found default value: resource=keypress_vibration_durations build=[HARDWARE=flo MODEL=Nexus 7 BRAND=google MANUFACTURER=asus] default=-1
03-11 16:47:05.055 I/ResourceUtils(  881): Found default value: resource=keypress_volumes build=[HARDWARE=flo MODEL=Nexus 7 BRAND=google MANUFACTURER=asus] default=-1.0f
03-11 16:47:05.065 D/MtpService(  862): updating state; isCurrentUser=true, mMtpLocked=true
03-11 16:47:05.065 D/MtpService(  862): updating state; isCurrentUser=true, mMtpLocked=true
03-11 16:47:05.075 D/MtpService(  862): starting MTP server in MTP mode
03-11 16:47:05.085 W/art     (  984): Failed to find ELF magic in /system/priv-app/ContactsProvider.odex: dey
03-11 16:47:05.095 W/art     (  930): Failed to find ELF magic in /system/app/TelephonyProvider.odex: dey
03-11 16:47:05.175 W/art     (  984): Failed to find ELF magic in /system/app/UserDictionaryProvider.odex: dey
03-11 16:47:05.175 I/NfcService(  947): Starting NFC service
03-11 16:47:05.185 D/BluetoothAdapter(  772): 1693211104: getState() :  mService = null. Returning STATE_OFF
03-11 16:47:05.185 D/BluetoothAdapter(  772): 1693211104: getState() :  mService = null. Returning STATE_OFF
03-11 16:47:05.195 D/PhoneStatusBar(  772): heads up is disabled
03-11 16:47:05.205 W/art     ( 1002): Failed to find ELF magic in /system/priv-app/Settings.odex: dey
03-11 16:47:05.205 D/PhoneStatusBar(  772): mSettingsPanelGravity = 8388661
03-11 16:47:05.205 I/Choreographer(  772): Skipped 42 frames!  The application may be doing too much work on its main thread.
03-11 16:47:05.215 D/BrcmNfcJni(  947): JNI_OnLoad: enter
03-11 16:47:05.215 I/BrcmNfcJni(  947): NFC Service: loading nci JNI
03-11 16:47:05.215 D/BrcmNfcJni(  947): register_com_android_nfc_NativeNfcManager: enter
03-11 16:47:05.215 D/BrcmNfcJni(  947): PowerSwitch::initialize: level=PS-UNKNOWN (0)
03-11 16:47:05.215 I/Choreographer(  638): Skipped 75 frames!  The application may be doing too much work on its main thread.
03-11 16:47:05.215 D/NfcAdaptation(  947): bool CNfcConfig::readConfig(const char*, bool) Opened base config /etc/libnfc-brcm.conf
03-11 16:47:05.215 V/KeyguardServiceDelegate(  638): *** Keyguard connected (yay!)
03-11 16:47:05.225 I/LatinIME:LogUtils(  881): Dictionary info: dictionary = userunigram.en_US.dict ; version = ? ; date = ?
03-11 16:47:05.225 D/BrcmNfcJni(  947): PowerSwitch::initialize: desired screen-off state=0
03-11 16:47:05.225 D/BrcmNfcJni(  947): register_com_android_nfc_NativeNfcManager: exit
03-11 16:47:05.225 D/BrcmNfcJni(  947): register_com_android_nfc_NativeNfcTag
03-11 16:47:05.235 D/BrcmNfcJni(  947): JNI_OnLoad: exit
03-11 16:47:05.235 D/BrcmNfcJni(  947): nfcManager_initNativeStruc: enter
03-11 16:47:05.235 D/BrcmNfcJni(  947): nfcManager_initNativeStruc: exit
03-11 16:47:05.235 I/ActivityManager(  638): Start proc com.android.printspooler for service com.android.printspooler/.PrintSpoolerService: pid=1030 uid=10105 gids={50105}
03-11 16:47:05.255 D/BluetoothManagerService(  638): Message: 20
03-11 16:47:05.255 D/BluetoothManagerService(  638): Added callback: android.bluetooth.IBluetoothManagerCallback$Stub$Proxy@6544e560:true
03-11 16:47:05.255 W/Settings(  947): Setting device_provisioned has moved from android.provider.Settings.Secure to android.provider.Settings.Global.
03-11 16:47:05.285 W/art     ( 1030): Failed to find ELF magic in /system/app/PrintSpooler.odex: dey
03-11 16:47:05.285 I/LatinIME:LogUtils(  881): Dictionary info: dictionary = UserHistoryDictionary.en_US.dic ; version = ? ; date = 1394535351
03-11 16:47:05.295 I/Adreno-EGL(  772): <qeglDrvAPI_eglInitialize:320>: EGL 1.4 QUALCOMM Build: I0404c4692afb8623f95c43aeb6d5e13ed4b30ddbDate: 11/06/13
03-11 16:47:05.305 I/PrintSpoolerService( 1030): No existing print spooler state.
03-11 16:47:05.325 D/BluetoothManagerService(  638): Message: 300
03-11 16:47:05.325 D/BluetoothManagerService(  638): MESSAGE_USER_SWITCHED
03-11 16:47:05.325 D/OpenGLRenderer(  772): Enabling debug mode 0
03-11 16:47:05.335 W/NfceeAccess(  947): could not find /etc/nfcee_access.xml, no NFCEE access allowed
03-11 16:47:05.335 I/NfceeAccess(  947): read 0 signature(s) for NFCEE access
03-11 16:47:05.345 W/Settings(  947): Setting airplane_mode_radios has moved from android.provider.Settings.System to android.provider.Settings.Global, returning read-only value.
03-11 16:47:05.345 W/Settings(  947): Setting airplane_mode_toggleable_radios has moved from android.provider.Settings.System to android.provider.Settings.Global, returning read-only value.
03-11 16:47:05.355 I/LatinIME:LogUtils(  881): Dictionary info: dictionary = main:en_us ; version = 39 ; date = 1380099174
03-11 16:47:05.375 V/BackupManagerService(  638): Connected to transport ComponentInfo{android/com.android.internal.backup.LocalTransportService}
03-11 16:47:05.375 V/BackupManagerService(  638): Registering transport android/com.android.internal.backup.LocalTransportService::android/com.android.internal.backup.LocalTransport = com.android.internal.backup.LocalTransport@6523f4d8
03-11 16:47:05.395 D/NfcService(  947): checking on firmware download
03-11 16:47:05.395 W/Settings(  947): Setting airplane_mode_on has moved from android.provider.Settings.System to android.provider.Settings.Global, returning read-only value.
03-11 16:47:05.395 D/NfcService(  947): NFC is on. Doing normal stuff
03-11 16:47:05.395 I/NfcService(  947): Enabling NFC
03-11 16:47:05.416 I/ActivityManager(  638): Start proc com.google.android.gms for service com.google.android.gms/.cast.media.CastRemoteDisplayProviderService: pid=1062 uid=10023 gids={50023, 3003, 1007, 3002, 3001, 1028, 1015, 3007, 2001, 3006}
03-11 16:47:05.426 D/BrcmNfcJni(  947): nfcManager_doInitialize: enter; ver=NFCDROID_MI_422.10.0.15 nfa=NFA_MI_1.03.62+ NCI_VERSION=0x10
03-11 16:47:05.426 D/BrcmNfcJni(  947): PowerSwitch::initialize: level=PS-FULL (1)
03-11 16:47:05.426 D/BrcmNfcJni(  947): PowerSwitch::initialize: desired screen-off state=0
03-11 16:47:05.426 D/NfcAdaptation(  947): NfcAdaptation::Initialize: enter
03-11 16:47:05.426 E/NfcAdaptation(  947): NfcAdaptation::Initialize: ver=NFCDROID_MI_422.10.0.15 nfa=NFA_MI_1.03.62+
03-11 16:47:05.426 D/NfcAdaptation(  947): const CNfcParam* CNfcConfig::find(const char*) const found NFA_STORAGE=/data/nfc
03-11 16:47:05.426 D/NfcAdaptation(  947): const CNfcParam* CNfcConfig::find(const char*) const found PROTOCOL_TRACE_LEVEL=(0x0)
03-11 16:47:05.426 D/NfcAdaptation(  947): const CNfcParam* CNfcConfig::find(const char*) const found APPL_TRACE_LEVEL=(0x1)
03-11 16:47:05.456 I/BrcmNfcNfa(  947): NFC_TASK started.
03-11 16:47:05.456 D/NfcNciHal(  947): nfc_open: enter; name=nci
03-11 16:47:05.456 D/NfcNciHal(  947): HaiInitializeLibrary: enter
03-11 16:47:05.456 E/NfcNciHal(  947): HaiInitializeLibrary: ver=NFCDROID_MI_422.10.0.15 nfa=NFA_MI_1.03.62+
03-11 16:47:05.456 D/NfcNciHal(  947): bool CNfcConfig::readConfig(const char*, bool) Opened base config /etc/libnfc-brcm.conf
03-11 16:47:05.456 E/LocSvc_eng(  638): W/int loc_eng_init(loc_eng_data_s_type&, LocCallbacks*, LOC_API_ADAPTER_EVENT_MASK_T): log_eng state error: instance already initialized
03-11 16:47:05.456 E/LocSvc_eng(  638): W/void loc_eng_agps_init(loc_eng_data_s_type&, AGpsExtCallbacks*): log_eng state error: agps instance already initialized
03-11 16:47:05.466 W/art     ( 1062): Failed to find ELF magic in /system/framework/com.android.location.provider.odex: dey
03-11 16:47:05.466 W/art     ( 1062): Failed to find ELF magic in /system/framework/com.android.media.remotedisplay.odex: dey
03-11 16:47:05.466 D/NfcNciHal(  947): const CNfcParam* CNfcConfig::find(const char*) const found APPL_TRACE_LEVEL=(0x1)
03-11 16:47:05.466 I/USERIAL_LINUX(  947): USERIAL_Init
03-11 16:47:05.466 I/NfcNciHal(  947): HAL_NfcInitialize (): NFC_HAL_TASK id=0
03-11 16:47:05.466 I/NfcNciHal(  947): NFC_HAL_TASK started
03-11 16:47:05.466 I/BrcmNfcNfa(  947): nfa_dm_init ()
03-11 16:47:05.466 I/BrcmNfcNfa(  947): nfa_sys_register () id=1, enable_cplt_mask=0x0
03-11 16:47:05.466 I/BrcmNfcNfa(  947): nfa_sys_register () id=3, enable_cplt_mask=0x8
03-11 16:47:05.466 I/BrcmNfcNfa(  947): nfa_rw_init ()
03-11 16:47:05.466 I/BrcmNfcNfa(  947): nfa_sys_register () id=6, enable_cplt_mask=0x48
03-11 16:47:05.466 I/BrcmNfcNfa(  947): nfa_ce_init ()
03-11 16:47:05.466 I/BrcmNfcNfa(  947): nfa_sys_register () id=7, enable_cplt_mask=0xc8
03-11 16:47:05.466 I/BrcmNfcNfa(  947): nfa_ee_init ()
03-11 16:47:05.466 I/BrcmNfcNfa(  947): nfa_sys_register () id=2, enable_cplt_mask=0xcc
03-11 16:47:05.466 I/BrcmNfcNfa(  947): nfa_hci_init ()
03-11 16:47:05.466 I/BrcmNfcNfa(  947): nfa_sys_register () id=8, enable_cplt_mask=0x1cc
03-11 16:47:05.486 I/BrcmNfcNfa(  947): LLCP - llcp_init ()
03-11 16:47:05.486 I/BrcmNfcNfa(  947): num_rx_buff = 9, rx_congest_start = 6, rx_congest_end = 4, max_num_ll_rx_buff = 2
03-11 16:47:05.486 I/BrcmNfcNfa(  947): max_num_tx_buff = 21, max_num_ll_tx_buff = 6
03-11 16:47:05.486 I/BrcmNfcNfa(  947): LLCP_RegisterServer (): SAP:0x1, link_type:0x2, ServiceName:<urn:nfc:sn:sdp>
03-11 16:47:05.486 I/BrcmNfcNfa(  947): LLCP_RegisterServer (): Registered SAP = 0x01
03-11 16:47:05.486 I/BrcmNfcNfa(  947): NFA_Enable ()
03-11 16:47:05.486 I/BrcmNfcNfa(  947): NFA got event 0x0100
03-11 16:47:05.486 I/BrcmNfcNfa(  947): NFA got event 0x0100
03-11 16:47:05.486 I/BrcmNfcNfa(  947): nfa_dm_evt_hdlr event: NFA_DM_API_ENABLE_EVT (0x00)
03-11 16:47:05.486 I/USERIAL_LINUX(  947): USERIAL_Open(): enter
03-11 16:47:05.486 I/USERIAL_LINUX(  947): USERIAL_Open() device: /dev/bcm2079x-i2c port=5, uart_port=0 WAKE_DELAY(20) WRITE_DELAY(20) POWER_ON_DELAY(0) PRE_POWER_OFF_DELAY(10) POST_POWER_OFF_DELAY(0)
03-11 16:47:05.496 I/USERIAL_LINUX(  947): USERIAL_Open(): exit
03-11 16:47:05.526 D/PhoneStatusBar(  772): disable: < expand icons alerts ticker system_info back home RECENT* clock search >
03-11 16:47:05.556 V/KeyguardHostView(  772): Initial transport state: 1, pbstate=0
03-11 16:47:05.566 D/BluetoothManagerService(  638): Message: 20
03-11 16:47:05.566 D/BluetoothManagerService(  638): Added callback: android.bluetooth.IBluetoothManagerCallback$Stub$Proxy@655771d0:true
03-11 16:47:05.566 I/MultiDex( 1062): load(/data/app/com.google.android.gms-2.apk, forceReload=false)
03-11 16:47:05.586 D/BluetoothAdapter( 1002): 1692282536: getState() :  mService = null. Returning STATE_OFF
03-11 16:47:05.596 D/BluetoothManagerService(  638): Message: 30
03-11 16:47:05.596 I/MultiDex( 1062): Need extracted file /data/data/com.google.android.gms/files/secondary-dexes/com.google.android.gms-2.apk.classes2.zip
03-11 16:47:05.596 I/MultiDex( 1062): No extraction needed for /data/data/com.google.android.gms/files/secondary-dexes/com.google.android.gms-2.apk.classes2.zip of size 1430457
