03-11 16:50:13.574 W/WindowManager(  638): 	at com.android.server.am.ActivityStack.resumeTopActivityLocked(ActivityStack.java:1631)
03-11 16:50:13.574 W/WindowManager(  638): 	at com.android.server.am.ActivityStackSupervisor.resumeTopActivitiesLocked(ActivityStackSupervisor.java:2022)
03-11 16:50:13.574 W/WindowManager(  638): 	at com.android.server.am.ActivityStackSupervisor.resumeTopActivitiesLocked(ActivityStackSupervisor.java:2009)
03-11 16:50:13.574 W/WindowManager(  638): 	at com.android.server.am.ActivityManagerService.forceStopPackageLocked(ActivityManagerService.java:4750)
03-11 16:50:13.574 W/WindowManager(  638): 	at com.android.server.am.ActivityManagerService.forceStopPackageLocked(ActivityManagerService.java:4496)
03-11 16:50:13.574 W/WindowManager(  638): 	at com.android.server.am.ActivityManagerService.clearApplicationUserData(ActivityManagerService.java:4176)
03-11 16:50:13.574 W/WindowManager(  638): 	at android.app.ActivityManagerNative.onTransact(ActivityManagerNative.java:1114)
03-11 16:50:13.574 W/WindowManager(  638): 	at com.android.server.am.ActivityManagerService.onTransact(ActivityManagerService.java:2071)
03-11 16:50:13.574 W/WindowManager(  638): 	at android.os.Binder.execTransact(Binder.java:404)
03-11 16:50:13.574 W/WindowManager(  638): This window was lost: Window{654b5d78 u0 com.android.helloworldminimal/com.android.helloworldminimal.HelloWorld}
03-11 16:50:13.574 W/WindowManager(  638): mDisplayId=0 mSession=Session{657a3368 2864:u0a10122} mClient=android.os.BinderProxy@657d7b10
03-11 16:50:13.574 W/WindowManager(  638): mOwnerUid=10122 mShowToOwnerOnly=true package=com.android.helloworldminimal appop=NONE
03-11 16:50:13.574 W/WindowManager(  638): mAttrs=WM.LayoutParams{(0,0)(fillxfill) sim=#120 ty=1 fl=#1810100 pfl=0x8 wanim=0x10302f5}
03-11 16:50:13.574 W/WindowManager(  638): Requested w=1200 h=1824 mLayoutSeq=110
03-11 16:50:13.574 W/WindowManager(  638): mBaseLayer=21000 mSubLayer=0 mAnimLayer=21005+0=21005 mLastLayer=0
03-11 16:50:13.574 W/WindowManager(  638): mToken=AppWindowToken{658038f8 token=Token{65804988 ActivityRecord{65804828 u0 com.android.helloworldminimal/.HelloWorld t5}}}
03-11 16:50:13.574 W/WindowManager(  638): mRootToken=AppWindowToken{658038f8 token=Token{65804988 ActivityRecord{65804828 u0 com.android.helloworldminimal/.HelloWorld t5}}}
03-11 16:50:13.574 W/WindowManager(  638): mAppToken=AppWindowToken{658038f8 token=Token{65804988 ActivityRecord{65804828 u0 com.android.helloworldminimal/.HelloWorld t5}}}
03-11 16:50:13.574 W/WindowManager(  638): mViewVisibility=0x0 mHaveFrame=true mObscured=true
03-11 16:50:13.574 W/WindowManager(  638): mSeq=0 mSystemUiVisibility=0x0
03-11 16:50:13.574 W/WindowManager(  638): mPolicyVisibility=false mPolicyVisibilityAfterAnim=false mAppOpVisibility=true mAttachedHidden=false
03-11 16:50:13.574 W/WindowManager(  638): mGivenContentInsets=[0,0][0,0] mGivenVisibleInsets=[0,0][0,0]
03-11 16:50:13.574 W/WindowManager(  638): mConfiguration={1.0 ?mcc?mnc en_US ldltr sw600dp w600dp h887dp 320dpi lrg port finger -keyb/v/h -nav/h s.4}
03-11 16:50:13.574 W/WindowManager(  638): mHasSurface=true mShownFrame=[0.0,0.0][1200.0,1824.0] isReadyForDisplay()=false
03-11 16:50:13.574 W/WindowManager(  638): mFrame=[0,0][1200,1824] last=[0,0][1200,1824]
03-11 16:50:13.574 W/WindowManager(  638): mSystemDecorRect=[0,0][1200,1824] last=[0,0][1200,1824]
03-11 16:50:13.574 W/WindowManager(  638): Frames: containing=[0,0][1200,1824] parent=[0,0][1200,1824]
03-11 16:50:13.574 W/WindowManager(  638):     display=[0,0][1200,1824] overscan=[0,0][1200,1920]
03-11 16:50:13.574 W/WindowManager(  638):     content=[0,50][1200,1824] visible=[0,50][1200,1824]
03-11 16:50:13.574 W/WindowManager(  638):     decor=[0,0][1200,1920]
03-11 16:50:13.574 W/WindowManager(  638): Cur insets: overscan=[0,0][0,0] content=[0,50][0,0] visible=[0,50][0,0]
03-11 16:50:13.574 W/WindowManager(  638): Lst insets: overscan=[0,0][0,0] content=[0,50][0,0] visible=[0,50][0,0]
03-11 16:50:13.574 W/WindowManager(  638): WindowStateAnimator{657e75f8 com.android.helloworldminimal/com.android.helloworldminimal.HelloWorld}:
03-11 16:50:13.574 W/WindowManager(  638):   mSurface=Surface(name=com.android.helloworldminimal/com.android.helloworldminimal.HelloWorld)
03-11 16:50:13.574 W/WindowManager(  638):   mDrawState=HAS_DRAWN mLastHidden=true
03-11 16:50:13.574 W/WindowManager(  638):   Surface: shown=false layer=21005 alpha=0.0 rect=(0.0,0.0) 1200.0 x 1824.0
03-11 16:50:13.574 W/WindowManager(  638):   mShownAlpha=1.0 mAlpha=1.0 mLastAlpha=-1.0
03-11 16:50:13.574 W/WindowManager(  638): Current app token list:
03-11 16:50:13.574 V/WindowManager(  638):   Display 0
03-11 16:50:13.574 V/WindowManager(  638):   #0: Token{656a16b8 ActivityRecord{6539eae0 u0 com.android.launcher/com.android.launcher2.Launcher t1}}
03-11 16:50:13.574 W/WindowManager(  638): Final window list:
03-11 16:50:13.574 V/WindowManager(  638):   #0: Window{6537b068 u0 SearchPanel}
03-11 16:50:13.574 V/WindowManager(  638):   #1: Window{655d58f8 u0 NavigationBar}
03-11 16:50:13.574 V/WindowManager(  638):   #2: Window{65215988 u0 StatusBar}
03-11 16:50:13.574 V/WindowManager(  638):   #3: Window{657346f0 u0 Keyguard}
03-11 16:50:13.574 V/WindowManager(  638):   #4: Window{6556f2b8 u0 KeyguardScrim}
03-11 16:50:13.574 V/WindowManager(  638):   #5: Window{6575b1d0 u0 com.android.launcher/com.android.launcher2.Launcher}
03-11 16:50:13.574 V/WindowManager(  638):   #6: Window{654254e8 u0 com.android.systemui.ImageWallpaper}
03-11 16:50:13.594 I/WindowState(  638): WIN DEATH: Window{654b5d78 u0 com.android.helloworldminimal/com.android.helloworldminimal.HelloWorld}
03-11 16:50:13.604 D/keystore(  190): calling clear_uid in state: 3
03-11 16:50:13.604 D/Documents( 2562): Used cached roots for com.android.providers.downloads.documents
03-11 16:50:13.604 D/Documents( 2562): Used cached roots for com.android.externalstorage.documents
03-11 16:50:13.604 D/Documents( 2562): Used cached roots for com.android.providers.media.documents
03-11 16:50:13.604 D/Documents( 2562): Used cached roots for com.google.android.apps.docs.storage
03-11 16:50:13.604 D/Documents( 2562): Update found 7 roots in 10ms
03-11 16:50:13.614 D/PackageBroadcastService( 1062): Received broadcast action=android.intent.action.PACKAGE_DATA_CLEARED and uri=com.android.helloworldminimal
03-11 16:50:13.614 I/Icing   ( 1062): doRemovePackageData com.android.helloworldminimal
03-11 16:50:13.624 D/AndroidRuntime( 2891): Shutting down VM
03-11 16:50:15.165 D/AndroidRuntime( 2921): 
03-11 16:50:15.165 D/AndroidRuntime( 2921): >>>>>> AndroidRuntime START com.android.internal.os.RuntimeInit <<<<<<
03-11 16:50:15.165 D/AndroidRuntime( 2921): CheckJNI is OFF
03-11 16:50:15.165 E/art     ( 2921): Unrecognized option -XX:mainThreadStackSize=24K
03-11 16:50:15.165 W/art     ( 2921): Ignoring unknown -Xgc option: precise
03-11 16:50:15.215 W/art     ( 2921): Failed to find ELF magic in /system/framework/am.odex: dey
03-11 16:50:15.276 W/art     ( 2921): JNI RegisterNativeMethods: attempt to register 0 native methods for android.content.res.Configuration
03-11 16:50:15.286 D/AndroidRuntime( 2921): Calling main entry com.android.commands.am.Am
03-11 16:50:15.286 I/ActivityManager(  638): START u0 {flg=0x10000000 cmp=com.android.helloworldminimal/.HelloWorld} from pid 2921
03-11 16:50:15.586 I/WindowManager(  638): Screenshot max retries 4 of Token{656a16b8 ActivityRecord{6539eae0 u0 com.android.launcher/com.android.launcher2.Launcher t1}} appWin=Window{6575b1d0 u0 com.android.launcher/com.android.launcher2.Launcher} drawState=4
03-11 16:50:15.586 W/WindowManager(  638): Screenshot failure taking screenshot for (1200x1920) to layer 21000
03-11 16:50:15.596 D/AndroidRuntime( 2921): Shutting down VM
03-11 16:50:15.606 W/art     (  185): Could not get current activity
03-11 16:50:15.616 I/ActivityManager(  638): Start proc com.android.helloworldminimal for activity com.android.helloworldminimal/.HelloWorld: pid=2939 uid=10122 gids={50122}
03-11 16:50:18.288 I/Adreno-EGL( 2939): <qeglDrvAPI_eglInitialize:320>: EGL 1.4 QUALCOMM Build: I0404c4692afb8623f95c43aeb6d5e13ed4b30ddbDate: 11/06/13
03-11 16:50:18.318 D/OpenGLRenderer( 2939): Enabling debug mode 0
03-11 16:50:18.409 I/ActivityManager(  638): Displayed com.android.helloworldminimal/.HelloWorld: +2s813ms
03-11 16:50:36.136 D/AndroidRuntime( 2964): 
03-11 16:50:36.136 D/AndroidRuntime( 2964): >>>>>> AndroidRuntime START com.android.internal.os.RuntimeInit <<<<<<
03-11 16:50:36.136 D/AndroidRuntime( 2964): CheckJNI is OFF
03-11 16:50:36.146 E/art     ( 2964): Unrecognized option -XX:mainThreadStackSize=24K
03-11 16:50:36.146 W/art     ( 2964): Ignoring unknown -Xgc option: precise
03-11 16:50:36.186 W/art     ( 2964): Failed to find ELF magic in /system/framework/pm.odex: dey
03-11 16:50:36.246 W/art     ( 2964): JNI RegisterNativeMethods: attempt to register 0 native methods for android.content.res.Configuration
03-11 16:50:36.256 D/AndroidRuntime( 2964): Calling main entry com.android.commands.pm.Pm
03-11 16:50:36.266 I/ActivityManager(  638): Force stopping com.android.helloworldminimal appid=10122 user=0: clear data
03-11 16:50:36.266 I/ActivityManager(  638): Killing 2939:com.android.helloworldminimal/u0a122 (adj 0): stop com.android.helloworldminimal
03-11 16:50:36.266 W/ActivityManager(  638): Force removing ActivityRecord{65822268 u0 com.android.helloworldminimal/.HelloWorld t6}: app died, no saved state
03-11 16:50:36.276 W/InputDispatcher(  638): channel '65832af0 com.android.helloworldminimal/com.android.helloworldminimal.HelloWorld (server)' ~ Consumer closed input channel or an error occurred.  events=0x9
03-11 16:50:36.276 E/InputDispatcher(  638): channel '65832af0 com.android.helloworldminimal/com.android.helloworldminimal.HelloWorld (server)' ~ Channel is unrecoverably broken and will be disposed!
03-11 16:50:36.276 W/InputDispatcher(  638): Attempted to unregister already unregistered input channel '65832af0 com.android.helloworldminimal/com.android.helloworldminimal.HelloWorld (server)'
03-11 16:50:36.276 I/WindowState(  638): WIN DEATH: Window{65832af0 u0 com.android.helloworldminimal/com.android.helloworldminimal.HelloWorld}
03-11 16:50:36.286 D/keystore(  190): calling clear_uid in state: 3
03-11 16:50:36.306 D/PackageBroadcastService( 1062): Received broadcast action=android.intent.action.PACKAGE_DATA_CLEARED and uri=com.android.helloworldminimal
03-11 16:50:36.306 D/Documents( 2562): Used cached roots for com.android.providers.downloads.documents
03-11 16:50:36.306 D/Documents( 2562): Used cached roots for com.android.externalstorage.documents
03-11 16:50:36.306 D/Documents( 2562): Used cached roots for com.android.providers.media.documents
03-11 16:50:36.306 D/Documents( 2562): Used cached roots for com.google.android.apps.docs.storage
03-11 16:50:36.306 D/Documents( 2562): Update found 7 roots in 8ms
03-11 16:50:36.316 I/Icing   ( 1062): doRemovePackageData com.android.helloworldminimal
03-11 16:50:36.316 D/AndroidRuntime( 2964): Shutting down VM
03-11 16:50:37.868 D/AndroidRuntime( 3000): 
03-11 16:50:37.868 D/AndroidRuntime( 3000): >>>>>> AndroidRuntime START com.android.internal.os.RuntimeInit <<<<<<
03-11 16:50:37.868 D/AndroidRuntime( 3000): CheckJNI is OFF
03-11 16:50:37.868 E/art     ( 3000): Unrecognized option -XX:mainThreadStackSize=24K
03-11 16:50:37.868 W/art     ( 3000): Ignoring unknown -Xgc option: precise
03-11 16:50:37.918 W/art     ( 3000): Failed to find ELF magic in /system/framework/am.odex: dey
03-11 16:50:37.988 W/art     ( 3000): JNI RegisterNativeMethods: attempt to register 0 native methods for android.content.res.Configuration
03-11 16:50:37.998 D/AndroidRuntime( 3000): Calling main entry com.android.commands.am.Am
03-11 16:50:37.998 I/ActivityManager(  638): START u0 {flg=0x10000000 cmp=com.android.helloworldminimal/.HelloWorld} from pid 3000
03-11 16:50:38.308 I/WindowManager(  638): Screenshot max retries 4 of Token{656a16b8 ActivityRecord{6539eae0 u0 com.android.launcher/com.android.launcher2.Launcher t1}} appWin=Window{6575b1d0 u0 com.android.launcher/com.android.launcher2.Launcher} drawState=4
03-11 16:50:38.308 W/WindowManager(  638): Screenshot failure taking screenshot for (1200x1920) to layer 21000
03-11 16:50:38.328 D/AndroidRuntime( 3000): Shutting down VM
03-11 16:50:38.348 W/art     (  185): Could not get current activity
03-11 16:50:38.378 I/ActivityManager(  638): Start proc com.android.helloworldminimal for activity com.android.helloworldminimal/.HelloWorld: pid=3020 uid=10122 gids={50122}
03-11 16:50:41.111 I/Adreno-EGL( 3020): <qeglDrvAPI_eglInitialize:320>: EGL 1.4 QUALCOMM Build: I0404c4692afb8623f95c43aeb6d5e13ed4b30ddbDate: 11/06/13
03-11 16:50:41.141 D/OpenGLRenderer( 3020): Enabling debug mode 0
03-11 16:50:41.231 I/ActivityManager(  638): Displayed com.android.helloworldminimal/.HelloWorld: +2s921ms
03-11 16:50:58.868 D/AndroidRuntime( 3053): 
03-11 16:50:58.868 D/AndroidRuntime( 3053): >>>>>> AndroidRuntime START com.android.internal.os.RuntimeInit <<<<<<
03-11 16:50:58.868 D/AndroidRuntime( 3053): CheckJNI is OFF
03-11 16:50:58.878 E/art     ( 3053): Unrecognized option -XX:mainThreadStackSize=24K
03-11 16:50:58.878 W/art     ( 3053): Ignoring unknown -Xgc option: precise
03-11 16:50:58.918 W/art     ( 3053): Failed to find ELF magic in /system/framework/pm.odex: dey
03-11 16:50:58.998 W/art     ( 3053): JNI RegisterNativeMethods: attempt to register 0 native methods for android.content.res.Configuration
03-11 16:50:59.008 D/AndroidRuntime( 3053): Calling main entry com.android.commands.pm.Pm
03-11 16:50:59.008 I/ActivityManager(  638): Force stopping com.android.helloworldminimal appid=10122 user=0: clear data
03-11 16:50:59.008 I/ActivityManager(  638): Killing 3020:com.android.helloworldminimal/u0a122 (adj 0): stop com.android.helloworldminimal
03-11 16:50:59.018 W/ActivityManager(  638): Force removing ActivityRecord{65842bc8 u0 com.android.helloworldminimal/.HelloWorld t7}: app died, no saved state
03-11 16:50:59.028 W/InputDispatcher(  638): channel '65855788 com.android.helloworldminimal/com.android.helloworldminimal.HelloWorld (server)' ~ Consumer closed input channel or an error occurred.  events=0x9
03-11 16:50:59.028 E/InputDispatcher(  638): channel '65855788 com.android.helloworldminimal/com.android.helloworldminimal.HelloWorld (server)' ~ Channel is unrecoverably broken and will be disposed!
03-11 16:50:59.028 W/InputDispatcher(  638): Attempted to unregister already unregistered input channel '65855788 com.android.helloworldminimal/com.android.helloworldminimal.HelloWorld (server)'
03-11 16:50:59.028 I/WindowState(  638): WIN DEATH: Window{65855788 u0 com.android.helloworldminimal/com.android.helloworldminimal.HelloWorld}
03-11 16:50:59.038 D/keystore(  190): calling clear_uid in state: 3
03-11 16:50:59.038 D/Documents( 2562): Used cached roots for com.android.providers.downloads.documents
03-11 16:50:59.038 D/Documents( 2562): Used cached roots for com.android.externalstorage.documents
03-11 16:50:59.038 D/Documents( 2562): Used cached roots for com.android.providers.media.documents
03-11 16:50:59.038 D/Documents( 2562): Used cached roots for com.google.android.apps.docs.storage
03-11 16:50:59.038 D/Documents( 2562): Update found 7 roots in 3ms
03-11 16:50:59.048 D/PackageBroadcastService( 1062): Received broadcast action=android.intent.action.PACKAGE_DATA_CLEARED and uri=com.android.helloworldminimal
03-11 16:50:59.058 I/Icing   ( 1062): doRemovePackageData com.android.helloworldminimal
03-11 16:50:59.058 D/AndroidRuntime( 3053): Shutting down VM
03-11 16:51:00.610 D/AndroidRuntime( 3076): 
03-11 16:51:00.610 D/AndroidRuntime( 3076): >>>>>> AndroidRuntime START com.android.internal.os.RuntimeInit <<<<<<
03-11 16:51:00.620 D/AndroidRuntime( 3076): CheckJNI is OFF
03-11 16:51:00.620 E/art     ( 3076): Unrecognized option -XX:mainThreadStackSize=24K
03-11 16:51:00.620 W/art     ( 3076): Ignoring unknown -Xgc option: precise
03-11 16:51:00.660 W/art     ( 3076): Failed to find ELF magic in /system/framework/am.odex: dey
03-11 16:51:00.720 W/art     ( 3076): JNI RegisterNativeMethods: attempt to register 0 native methods for android.content.res.Configuration
03-11 16:51:00.730 D/AndroidRuntime( 3076): Calling main entry com.android.commands.am.Am
03-11 16:51:00.740 I/ActivityManager(  638): START u0 {flg=0x10000000 cmp=com.android.helloworldminimal/.HelloWorld} from pid 3076
03-11 16:51:01.040 D/AndroidRuntime( 3076): Shutting down VM
03-11 16:51:01.040 I/WindowManager(  638): Screenshot max retries 4 of Token{656a16b8 ActivityRecord{6539eae0 u0 com.android.launcher/com.android.launcher2.Launcher t1}} appWin=Window{6575b1d0 u0 com.android.launcher/com.android.launcher2.Launcher} drawState=4
03-11 16:51:01.040 W/WindowManager(  638): Screenshot failure taking screenshot for (1200x1920) to layer 21000
03-11 16:51:01.080 W/art     (  185): Could not get current activity
03-11 16:51:01.090 I/ActivityManager(  638): Start proc com.android.helloworldminimal for activity com.android.helloworldminimal/.HelloWorld: pid=3094 uid=10122 gids={50122}
03-11 16:51:03.823 I/Adreno-EGL( 3094): <qeglDrvAPI_eglInitialize:320>: EGL 1.4 QUALCOMM Build: I0404c4692afb8623f95c43aeb6d5e13ed4b30ddbDate: 11/06/13
03-11 16:51:03.843 D/OpenGLRenderer( 3094): Enabling debug mode 0
03-11 16:51:03.943 I/ActivityManager(  638): Displayed com.android.helloworldminimal/.HelloWorld: +2s908ms
03-11 16:51:21.590 D/AndroidRuntime( 3117): 
03-11 16:51:21.590 D/AndroidRuntime( 3117): >>>>>> AndroidRuntime START com.android.internal.os.RuntimeInit <<<<<<
03-11 16:51:21.590 D/AndroidRuntime( 3117): CheckJNI is OFF
03-11 16:51:21.590 E/art     ( 3117): Unrecognized option -XX:mainThreadStackSize=24K
03-11 16:51:21.590 W/art     ( 3117): Ignoring unknown -Xgc option: precise
03-11 16:51:21.640 W/art     ( 3117): Failed to find ELF magic in /system/framework/pm.odex: dey
03-11 16:51:21.700 W/art     ( 3117): JNI RegisterNativeMethods: attempt to register 0 native methods for android.content.res.Configuration
03-11 16:51:21.710 D/AndroidRuntime( 3117): Calling main entry com.android.commands.pm.Pm
03-11 16:51:21.710 I/ActivityManager(  638): Force stopping com.android.helloworldminimal appid=10122 user=0: clear data
03-11 16:51:21.720 I/ActivityManager(  638): Killing 3094:com.android.helloworldminimal/u0a122 (adj 0): stop com.android.helloworldminimal
03-11 16:51:21.720 W/ActivityManager(  638): Force removing ActivityRecord{65866830 u0 com.android.helloworldminimal/.HelloWorld t8}: app died, no saved state
03-11 16:51:21.720 W/WindowManager(  638): Rebuild removed 2 windows but added 1
03-11 16:51:21.720 W/WindowManager(  638): java.lang.RuntimeException: here
03-11 16:51:21.720 W/WindowManager(  638): 	at com.android.server.wm.WindowManagerService.rebuildAppWindowListLocked(WindowManagerService.java:8011)
03-11 16:51:21.720 W/WindowManager(  638): 	at com.android.server.wm.WindowManagerService.rebuildAppWindowListLocked(WindowManagerService.java:7947)
03-11 16:51:21.720 W/WindowManager(  638): 	at com.android.server.wm.WindowManagerService.handleAppTransitionReadyLocked(WindowManagerService.java:8430)
03-11 16:51:21.720 W/WindowManager(  638): 	at com.android.server.wm.WindowManagerService.performLayoutAndPlaceSurfacesLockedInner(WindowManagerService.java:9193)
03-11 16:51:21.720 W/WindowManager(  638): 	at com.android.server.wm.WindowManagerService.performLayoutAndPlaceSurfacesLockedLoop(WindowManagerService.java:8163)
03-11 16:51:21.720 W/WindowManager(  638): 	at com.android.server.wm.WindowManagerService.performLayoutAndPlaceSurfacesLocked(WindowManagerService.java:8105)
03-11 16:51:21.720 W/WindowManager(  638): 	at com.android.server.wm.WindowManagerService.executeAppTransition(WindowManagerService.java:3918)
03-11 16:51:21.720 W/WindowManager(  638): 	at com.android.server.am.ActivityStackSupervisor.reportResumedActivityLocked(ActivityStackSupervisor.java:2241)
03-11 16:51:21.720 W/WindowManager(  638): 	at com.android.server.am.ActivityStack.completeResumeLocked(ActivityStack.java:968)
03-11 16:51:21.720 W/WindowManager(  638): 	at com.android.server.am.ActivityStack.resumeTopActivityLocked(ActivityStack.java:1631)
03-11 16:51:21.720 W/WindowManager(  638): 	at com.android.server.am.ActivityStackSupervisor.resumeTopActivitiesLocked(ActivityStackSupervisor.java:2022)
03-11 16:51:21.720 W/WindowManager(  638): 	at com.android.server.am.ActivityStackSupervisor.resumeTopActivitiesLocked(ActivityStackSupervisor.java:2009)
03-11 16:51:21.720 W/WindowManager(  638): 	at com.android.server.am.ActivityManagerService.forceStopPackageLocked(ActivityManagerService.java:4750)
03-11 16:51:21.720 W/WindowManager(  638): 	at com.android.server.am.ActivityManagerService.forceStopPackageLocked(ActivityManagerService.java:4496)
03-11 16:51:21.720 W/WindowManager(  638): 	at com.android.server.am.ActivityManagerService.clearApplicationUserData(ActivityManagerService.java:4176)
03-11 16:51:21.720 W/WindowManager(  638): 	at android.app.ActivityManagerNative.onTransact(ActivityManagerNative.java:1114)
03-11 16:51:21.720 W/WindowManager(  638): 	at com.android.server.am.ActivityManagerService.onTransact(ActivityManagerService.java:2071)
03-11 16:51:21.720 W/WindowManager(  638): 	at android.os.Binder.execTransact(Binder.java:404)
03-11 16:51:21.720 W/WindowManager(  638): This window was lost: Window{65876c70 u0 com.android.helloworldminimal/com.android.helloworldminimal.HelloWorld}
03-11 16:51:21.720 W/WindowManager(  638): mDisplayId=0 mSession=Session{658767c8 3094:u0a10122} mClient=android.os.BinderProxy@658769f0
03-11 16:51:21.720 W/WindowManager(  638): mOwnerUid=10122 mShowToOwnerOnly=true package=com.android.helloworldminimal appop=NONE
03-11 16:51:21.720 W/WindowManager(  638): mAttrs=WM.LayoutParams{(0,0)(fillxfill) sim=#120 ty=1 fl=#1810100 pfl=0x8 wanim=0x10302f5}
03-11 16:51:21.720 W/WindowManager(  638): Requested w=1200 h=1824 mLayoutSeq=162
03-11 16:51:21.720 W/WindowManager(  638): mBaseLayer=21000 mSubLayer=0 mAnimLayer=21005+0=21005 mLastLayer=0
03-11 16:51:21.720 W/WindowManager(  638): mToken=AppWindowToken{65867110 token=Token{65866990 ActivityRecord{65866830 u0 com.android.helloworldminimal/.HelloWorld t8}}}
03-11 16:51:21.720 W/WindowManager(  638): mRootToken=AppWindowToken{65867110 token=Token{65866990 ActivityRecord{65866830 u0 com.android.helloworldminimal/.HelloWorld t8}}}
03-11 16:51:21.720 W/WindowManager(  638): mAppToken=AppWindowToken{65867110 token=Token{65866990 ActivityRecord{65866830 u0 com.android.helloworldminimal/.HelloWorld t8}}}
03-11 16:51:21.720 W/WindowManager(  638): mViewVisibility=0x0 mHaveFrame=true mObscured=true
03-11 16:51:21.720 W/WindowManager(  638): mSeq=0 mSystemUiVisibility=0x0
03-11 16:51:21.720 W/WindowManager(  638): mPolicyVisibility=false mPolicyVisibilityAfterAnim=false mAppOpVisibility=true mAttachedHidden=false
03-11 16:51:21.720 W/WindowManager(  638): mGivenContentInsets=[0,0][0,0] mGivenVisibleInsets=[0,0][0,0]
03-11 16:51:21.720 W/WindowManager(  638): mConfiguration={1.0 ?mcc?mnc en_US ldltr sw600dp w600dp h887dp 320dpi lrg port finger -keyb/v/h -nav/h s.4}
03-11 16:51:21.720 W/WindowManager(  638): mHasSurface=true mShownFrame=[0.0,0.0][1200.0,1824.0] isReadyForDisplay()=false
03-11 16:51:21.720 W/WindowManager(  638): mFrame=[0,0][1200,1824] last=[0,0][1200,1824]
03-11 16:51:21.720 W/WindowManager(  638): mSystemDecorRect=[0,0][1200,1824] last=[0,0][1200,1824]
03-11 16:51:21.720 W/WindowManager(  638): Frames: containing=[0,0][1200,1824] parent=[0,0][1200,1824]
03-11 16:51:21.720 W/WindowManager(  638):     display=[0,0][1200,1824] overscan=[0,0][1200,1920]
03-11 16:51:21.720 W/WindowManager(  638):     content=[0,50][1200,1824] visible=[0,50][1200,1824]
03-11 16:51:21.720 W/WindowManager(  638):     decor=[0,0][1200,1920]
03-11 16:51:21.720 W/WindowManager(  638): Cur insets: overscan=[0,0][0,0] content=[0,50][0,0] visible=[0,50][0,0]
03-11 16:51:21.720 W/WindowManager(  638): Lst insets: overscan=[0,0][0,0] content=[0,50][0,0] visible=[0,50][0,0]
03-11 16:51:21.720 W/WindowManager(  638): WindowStateAnimator{65877200 com.android.helloworldminimal/com.android.helloworldminimal.HelloWorld}:
03-11 16:51:21.720 W/WindowManager(  638):   mSurface=Surface(name=com.android.helloworldminimal/com.android.helloworldminimal.HelloWorld)
03-11 16:51:21.720 W/WindowManager(  638):   mDrawState=HAS_DRAWN mLastHidden=true
03-11 16:51:21.720 W/WindowManager(  638):   Surface: shown=false layer=21005 alpha=0.0 rect=(0.0,0.0) 1200.0 x 1824.0
03-11 16:51:21.720 W/WindowManager(  638):   mShownAlpha=1.0 mAlpha=1.0 mLastAlpha=-1.0
03-11 16:51:21.720 W/WindowManager(  638): Current app token list:
03-11 16:51:21.720 V/WindowManager(  638):   Display 0
03-11 16:51:21.720 V/WindowManager(  638):   #0: Token{656a16b8 ActivityRecord{6539eae0 u0 com.android.launcher/com.android.launcher2.Launcher t1}}
03-11 16:51:21.720 W/WindowManager(  638): Final window list:
03-11 16:51:21.720 V/WindowManager(  638):   #0: Window{6537b068 u0 SearchPanel}
03-11 16:51:21.720 V/WindowManager(  638):   #1: Window{655d58f8 u0 NavigationBar}
03-11 16:51:21.720 V/WindowManager(  638):   #2: Window{65215988 u0 StatusBar}
03-11 16:51:21.720 V/WindowManager(  638):   #3: Window{657346f0 u0 Keyguard}
03-11 16:51:21.720 V/WindowManager(  638):   #4: Window{6556f2b8 u0 KeyguardScrim}
03-11 16:51:21.720 V/WindowManager(  638):   #5: Window{6575b1d0 u0 com.android.launcher/com.android.launcher2.Launcher}
03-11 16:51:21.720 V/WindowManager(  638):   #6: Window{654254e8 u0 com.android.systemui.ImageWallpaper}
03-11 16:51:21.730 W/InputDispatcher(  638): channel '65876c70 com.android.helloworldminimal/com.android.helloworldminimal.HelloWorld (server)' ~ Consumer closed input channel or an error occurred.  events=0x9
03-11 16:51:21.730 E/InputDispatcher(  638): channel '65876c70 com.android.helloworldminimal/com.android.helloworldminimal.HelloWorld (server)' ~ Channel is unrecoverably broken and will be disposed!
03-11 16:51:21.730 W/InputDispatcher(  638): Attempted to unregister already unregistered input channel '65876c70 com.android.helloworldminimal/com.android.helloworldminimal.HelloWorld (server)'
03-11 16:51:21.730 I/WindowState(  638): WIN DEATH: Window{65876c70 u0 com.android.helloworldminimal/com.android.helloworldminimal.HelloWorld}
03-11 16:51:21.740 D/Documents( 2562): Used cached roots for com.android.providers.downloads.documents
03-11 16:51:21.740 D/Documents( 2562): Used cached roots for com.android.externalstorage.documents
03-11 16:51:21.740 D/Documents( 2562): Used cached roots for com.android.providers.media.documents
03-11 16:51:21.740 D/Documents( 2562): Used cached roots for com.google.android.apps.docs.storage
03-11 16:51:21.740 D/Documents( 2562): Update found 7 roots in 5ms
03-11 16:51:21.750 D/keystore(  190): calling clear_uid in state: 3
03-11 16:51:21.750 D/PackageBroadcastService( 1062): Received broadcast action=android.intent.action.PACKAGE_DATA_CLEARED and uri=com.android.helloworldminimal
03-11 16:51:21.770 D/AndroidRuntime( 3117): Shutting down VM
03-11 16:51:21.830 I/Icing   ( 1062): doRemovePackageData com.android.helloworldminimal
03-11 16:51:23.302 D/AndroidRuntime( 3140): 
03-11 16:51:23.302 D/AndroidRuntime( 3140): >>>>>> AndroidRuntime START com.android.internal.os.RuntimeInit <<<<<<
03-11 16:51:23.302 D/AndroidRuntime( 3140): CheckJNI is OFF
03-11 16:51:23.302 E/art     ( 3140): Unrecognized option -XX:mainThreadStackSize=24K
03-11 16:51:23.302 W/art     ( 3140): Ignoring unknown -Xgc option: precise
03-11 16:51:23.352 W/art     ( 3140): Failed to find ELF magic in /system/framework/am.odex: dey
03-11 16:51:23.412 W/art     ( 3140): JNI RegisterNativeMethods: attempt to register 0 native methods for android.content.res.Configuration
03-11 16:51:23.422 D/AndroidRuntime( 3140): Calling main entry com.android.commands.am.Am
03-11 16:51:23.422 I/ActivityManager(  638): START u0 {flg=0x10000000 cmp=com.android.helloworldminimal/.HelloWorld} from pid 3140
03-11 16:51:23.732 I/WindowManager(  638): Screenshot max retries 4 of Token{656a16b8 ActivityRecord{6539eae0 u0 com.android.launcher/com.android.launcher2.Launcher t1}} appWin=Window{6575b1d0 u0 com.android.launcher/com.android.launcher2.Launcher} drawState=4
03-11 16:51:23.732 W/WindowManager(  638): Screenshot failure taking screenshot for (1200x1920) to layer 21000
03-11 16:51:23.752 D/AndroidRuntime( 3140): Shutting down VM
03-11 16:51:23.762 W/art     (  185): Could not get current activity
03-11 16:51:23.792 I/ActivityManager(  638): Start proc com.android.helloworldminimal for activity com.android.helloworldminimal/.HelloWorld: pid=3160 uid=10122 gids={50122}
03-11 16:51:26.585 I/Adreno-EGL( 3160): <qeglDrvAPI_eglInitialize:320>: EGL 1.4 QUALCOMM Build: I0404c4692afb8623f95c43aeb6d5e13ed4b30ddbDate: 11/06/13
03-11 16:51:26.615 D/OpenGLRenderer( 3160): Enabling debug mode 0
03-11 16:51:26.705 I/ActivityManager(  638): Displayed com.android.helloworldminimal/.HelloWorld: +2s967ms
03-11 16:51:44.292 D/AndroidRuntime( 3192): 
03-11 16:51:44.292 D/AndroidRuntime( 3192): >>>>>> AndroidRuntime START com.android.internal.os.RuntimeInit <<<<<<
03-11 16:51:44.302 D/AndroidRuntime( 3192): CheckJNI is OFF
03-11 16:51:44.302 E/art     ( 3192): Unrecognized option -XX:mainThreadStackSize=24K
03-11 16:51:44.302 W/art     ( 3192): Ignoring unknown -Xgc option: precise
03-11 16:51:44.342 W/art     ( 3192): Failed to find ELF magic in /system/framework/pm.odex: dey
03-11 16:51:44.402 W/art     ( 3192): JNI RegisterNativeMethods: attempt to register 0 native methods for android.content.res.Configuration
03-11 16:51:44.412 D/AndroidRuntime( 3192): Calling main entry com.android.commands.pm.Pm
03-11 16:51:44.422 I/ActivityManager(  638): Force stopping com.android.helloworldminimal appid=10122 user=0: clear data
03-11 16:51:44.422 I/ActivityManager(  638): Killing 3160:com.android.helloworldminimal/u0a122 (adj 0): stop com.android.helloworldminimal
03-11 16:51:44.432 W/ActivityManager(  638): Force removing ActivityRecord{6558f6d8 u0 com.android.helloworldminimal/.HelloWorld t9}: app died, no saved state
03-11 16:51:44.432 I/WindowState(  638): WIN DEATH: Window{65690b30 u0 com.android.helloworldminimal/com.android.helloworldminimal.HelloWorld}
03-11 16:51:44.443 D/keystore(  190): calling clear_uid in state: 3
03-11 16:51:44.453 D/Documents( 2562): Used cached roots for com.android.providers.downloads.documents
03-11 16:51:44.453 D/Documents( 2562): Used cached roots for com.android.externalstorage.documents
03-11 16:51:44.453 D/Documents( 2562): Used cached roots for com.android.providers.media.documents
03-11 16:51:44.453 D/Documents( 2562): Used cached roots for com.google.android.apps.docs.storage
03-11 16:51:44.453 D/Documents( 2562): Update found 7 roots in 2ms
03-11 16:51:44.463 D/PackageBroadcastService( 1062): Received broadcast action=android.intent.action.PACKAGE_DATA_CLEARED and uri=com.android.helloworldminimal
03-11 16:51:44.463 I/Icing   ( 1062): doRemovePackageData com.android.helloworldminimal
03-11 16:51:44.473 D/AndroidRuntime( 3192): Shutting down VM
03-11 16:51:46.024 D/AndroidRuntime( 3215): 
03-11 16:51:46.024 D/AndroidRuntime( 3215): >>>>>> AndroidRuntime START com.android.internal.os.RuntimeInit <<<<<<
03-11 16:51:46.024 D/AndroidRuntime( 3215): CheckJNI is OFF
03-11 16:51:46.024 E/art     ( 3215): Unrecognized option -XX:mainThreadStackSize=24K
03-11 16:51:46.024 W/art     ( 3215): Ignoring unknown -Xgc option: precise
03-11 16:51:46.074 W/art     ( 3215): Failed to find ELF magic in /system/framework/am.odex: dey
03-11 16:51:46.134 W/art     ( 3215): JNI RegisterNativeMethods: attempt to register 0 native methods for android.content.res.Configuration
03-11 16:51:46.144 D/AndroidRuntime( 3215): Calling main entry com.android.commands.am.Am
03-11 16:51:46.144 I/ActivityManager(  638): START u0 {flg=0x10000000 cmp=com.android.helloworldminimal/.HelloWorld} from pid 3215
03-11 16:51:46.454 I/WindowManager(  638): Screenshot max retries 4 of Token{656a16b8 ActivityRecord{6539eae0 u0 com.android.launcher/com.android.launcher2.Launcher t1}} appWin=Window{6575b1d0 u0 com.android.launcher/com.android.launcher2.Launcher} drawState=4
03-11 16:51:46.454 W/WindowManager(  638): Screenshot failure taking screenshot for (1200x1920) to layer 21000
03-11 16:51:46.474 D/AndroidRuntime( 3215): Shutting down VM
03-11 16:51:46.484 W/art     (  185): Could not get current activity
03-11 16:51:46.495 I/ActivityManager(  638): Start proc com.android.helloworldminimal for activity com.android.helloworldminimal/.HelloWorld: pid=3235 uid=10122 gids={50122}
03-11 16:51:49.257 I/Adreno-EGL( 3235): <qeglDrvAPI_eglInitialize:320>: EGL 1.4 QUALCOMM Build: I0404c4692afb8623f95c43aeb6d5e13ed4b30ddbDate: 11/06/13
03-11 16:51:49.287 D/OpenGLRenderer( 3235): Enabling debug mode 0
03-11 16:51:49.397 I/ActivityManager(  638): Displayed com.android.helloworldminimal/.HelloWorld: +2s934ms
03-11 16:52:07.025 D/AndroidRuntime( 3268): 
03-11 16:52:07.025 D/AndroidRuntime( 3268): >>>>>> AndroidRuntime START com.android.internal.os.RuntimeInit <<<<<<
03-11 16:52:07.025 D/AndroidRuntime( 3268): CheckJNI is OFF
03-11 16:52:07.035 E/art     ( 3268): Unrecognized option -XX:mainThreadStackSize=24K
03-11 16:52:07.035 W/art     ( 3268): Ignoring unknown -Xgc option: precise
03-11 16:52:07.075 W/art     ( 3268): Failed to find ELF magic in /system/framework/pm.odex: dey
03-11 16:52:07.135 W/art     ( 3268): JNI RegisterNativeMethods: attempt to register 0 native methods for android.content.res.Configuration
03-11 16:52:07.145 D/AndroidRuntime( 3268): Calling main entry com.android.commands.pm.Pm
03-11 16:52:07.145 I/ActivityManager(  638): Force stopping com.android.helloworldminimal appid=10122 user=0: clear data
03-11 16:52:07.145 I/ActivityManager(  638): Killing 3235:com.android.helloworldminimal/u0a122 (adj 0): stop com.android.helloworldminimal
03-11 16:52:07.145 W/ActivityManager(  638): Force removing ActivityRecord{655d9810 u0 com.android.helloworldminimal/.HelloWorld t10}: app died, no saved state
03-11 16:52:07.165 W/InputDispatcher(  638): channel '6581ab40 com.android.helloworldminimal/com.android.helloworldminimal.HelloWorld (server)' ~ Consumer closed input channel or an error occurred.  events=0x9
03-11 16:52:07.165 E/InputDispatcher(  638): channel '6581ab40 com.android.helloworldminimal/com.android.helloworldminimal.HelloWorld (server)' ~ Channel is unrecoverably broken and will be disposed!
03-11 16:52:07.165 W/InputDispatcher(  638): Attempted to unregister already unregistered input channel '6581ab40 com.android.helloworldminimal/com.android.helloworldminimal.HelloWorld (server)'
03-11 16:52:07.165 D/keystore(  190): calling clear_uid in state: 3
03-11 16:52:07.165 I/WindowState(  638): WIN DEATH: Window{6581ab40 u0 com.android.helloworldminimal/com.android.helloworldminimal.HelloWorld}
03-11 16:52:07.175 D/Documents( 2562): Used cached roots for com.android.providers.downloads.documents
03-11 16:52:07.175 D/Documents( 2562): Used cached roots for com.android.externalstorage.documents
03-11 16:52:07.175 D/Documents( 2562): Used cached roots for com.android.providers.media.documents
03-11 16:52:07.175 D/Documents( 2562): Used cached roots for com.google.android.apps.docs.storage
03-11 16:52:07.175 D/Documents( 2562): Update found 7 roots in 3ms
03-11 16:52:07.185 D/PackageBroadcastService( 1062): Received broadcast action=android.intent.action.PACKAGE_DATA_CLEARED and uri=com.android.helloworldminimal
03-11 16:52:07.185 I/Icing   ( 1062): doRemovePackageData com.android.helloworldminimal
03-11 16:52:07.205 D/AndroidRuntime( 3268): Shutting down VM
03-11 16:52:08.736 D/AndroidRuntime( 3298): 
03-11 16:52:08.736 D/AndroidRuntime( 3298): >>>>>> AndroidRuntime START com.android.internal.os.RuntimeInit <<<<<<
03-11 16:52:08.736 D/AndroidRuntime( 3298): CheckJNI is OFF
03-11 16:52:08.736 E/art     ( 3298): Unrecognized option -XX:mainThreadStackSize=24K
03-11 16:52:08.736 W/art     ( 3298): Ignoring unknown -Xgc option: precise
03-11 16:52:08.776 W/art     ( 3298): Failed to find ELF magic in /system/framework/am.odex: dey
03-11 16:52:08.836 W/art     ( 3298): JNI RegisterNativeMethods: attempt to register 0 native methods for android.content.res.Configuration
03-11 16:52:08.846 D/AndroidRuntime( 3298): Calling main entry com.android.commands.am.Am
03-11 16:52:08.856 I/ActivityManager(  638): START u0 {flg=0x10000000 cmp=com.android.helloworldminimal/.HelloWorld} from pid 3298
03-11 16:52:09.157 I/WindowManager(  638): Screenshot max retries 4 of Token{656a16b8 ActivityRecord{6539eae0 u0 com.android.launcher/com.android.launcher2.Launcher t1}} appWin=Window{6575b1d0 u0 com.android.launcher/com.android.launcher2.Launcher} drawState=4
03-11 16:52:09.157 W/WindowManager(  638): Screenshot failure taking screenshot for (1200x1920) to layer 21000
03-11 16:52:09.177 D/AndroidRuntime( 3298): Shutting down VM
03-11 16:52:09.187 W/art     (  185): Could not get current activity
03-11 16:52:09.207 I/ActivityManager(  638): Start proc com.android.helloworldminimal for activity com.android.helloworldminimal/.HelloWorld: pid=3318 uid=10122 gids={50122}
03-11 16:52:11.959 I/Adreno-EGL( 3318): <qeglDrvAPI_eglInitialize:320>: EGL 1.4 QUALCOMM Build: I0404c4692afb8623f95c43aeb6d5e13ed4b30ddbDate: 11/06/13
03-11 16:52:11.989 D/OpenGLRenderer( 3318): Enabling debug mode 0
03-11 16:52:12.109 I/ActivityManager(  638): Displayed com.android.helloworldminimal/.HelloWorld: +2s944ms
03-11 16:52:29.386 W/Uploader( 1062): No account for auth token provided
03-11 16:52:29.436 I/art     ( 1062): Heap trim of managed (duration=1.312256ms, advised=76KB) and native (duration=1.098633ms, advised=8KB) heaps. Managed heap utilization of 69%.
03-11 16:52:29.567 W/ActivityThread( 1062): ClassLoader.loadClass: The class loader returned by Thread.getContextClassLoader() may fail for processes that host multiple applications. You should explicitly specify a context class loader. For example: Thread.setContextClassLoader(getClass().getClassLoader());
03-11 16:52:29.657 D/AndroidRuntime( 3372): 
03-11 16:52:29.657 D/AndroidRuntime( 3372): >>>>>> AndroidRuntime START com.android.internal.os.RuntimeInit <<<<<<
03-11 16:52:29.657 D/AndroidRuntime( 3372): CheckJNI is OFF
03-11 16:52:29.657 E/art     ( 3372): Unrecognized option -XX:mainThreadStackSize=24K
03-11 16:52:29.657 W/art     ( 3372): Ignoring unknown -Xgc option: precise
03-11 16:52:29.697 W/art     ( 3372): Failed to find ELF magic in /system/framework/pm.odex: dey
03-11 16:52:29.767 W/art     ( 3372): JNI RegisterNativeMethods: attempt to register 0 native methods for android.content.res.Configuration
03-11 16:52:29.777 D/AndroidRuntime( 3372): Calling main entry com.android.commands.pm.Pm
03-11 16:52:29.787 I/ActivityManager(  638): Force stopping com.android.helloworldminimal appid=10122 user=0: clear data
03-11 16:52:29.787 I/ActivityManager(  638): Killing 3318:com.android.helloworldminimal/u0a122 (adj 0): stop com.android.helloworldminimal
03-11 16:52:29.787 W/ActivityManager(  638): Force removing ActivityRecord{656a6dc0 u0 com.android.helloworldminimal/.HelloWorld t11}: app died, no saved state
03-11 16:52:29.787 W/WindowManager(  638): Rebuild removed 2 windows but added 1
03-11 16:52:29.787 W/WindowManager(  638): java.lang.RuntimeException: here
03-11 16:52:29.787 W/WindowManager(  638): 	at com.android.server.wm.WindowManagerService.rebuildAppWindowListLocked(WindowManagerService.java:8011)
03-11 16:52:29.787 W/WindowManager(  638): 	at com.android.server.wm.WindowManagerService.rebuildAppWindowListLocked(WindowManagerService.java:7947)
03-11 16:52:29.787 W/WindowManager(  638): 	at com.android.server.wm.WindowManagerService.handleAppTransitionReadyLocked(WindowManagerService.java:8430)
03-11 16:52:29.787 W/WindowManager(  638): 	at com.android.server.wm.WindowManagerService.performLayoutAndPlaceSurfacesLockedInner(WindowManagerService.java:9193)
03-11 16:52:29.787 W/WindowManager(  638): 	at com.android.server.wm.WindowManagerService.performLayoutAndPlaceSurfacesLockedLoop(WindowManagerService.java:8163)
03-11 16:52:29.787 W/WindowManager(  638): 	at com.android.server.wm.WindowManagerService.performLayoutAndPlaceSurfacesLocked(WindowManagerService.java:8105)
03-11 16:52:29.787 W/WindowManager(  638): 	at com.android.server.wm.WindowManagerService.executeAppTransition(WindowManagerService.java:3918)
03-11 16:52:29.787 W/WindowManager(  638): 	at com.android.server.am.ActivityStackSupervisor.reportResumedActivityLocked(ActivityStackSupervisor.java:2241)
03-11 16:52:29.787 W/WindowManager(  638): 	at com.android.server.am.ActivityStack.completeResumeLocked(ActivityStack.java:968)
03-11 16:52:29.787 W/WindowManager(  638): 	at com.android.server.am.ActivityStack.resumeTopActivityLocked(ActivityStack.java:1631)
03-11 16:52:29.787 W/WindowManager(  638): 	at com.android.server.am.ActivityStackSupervisor.resumeTopActivitiesLocked(ActivityStackSupervisor.java:2022)
03-11 16:52:29.787 W/WindowManager(  638): 	at com.android.server.am.ActivityStackSupervisor.resumeTopActivitiesLocked(ActivityStackSupervisor.java:2009)
03-11 16:52:29.787 W/WindowManager(  638): 	at com.android.server.am.ActivityManagerService.forceStopPackageLocked(ActivityManagerService.java:4750)
03-11 16:52:29.787 W/WindowManager(  638): 	at com.android.server.am.ActivityManagerService.forceStopPackageLocked(ActivityManagerService.java:4496)
03-11 16:52:29.787 W/WindowManager(  638): 	at com.android.server.am.ActivityManagerService.clearApplicationUserData(ActivityManagerService.java:4176)
03-11 16:52:29.787 W/WindowManager(  638): 	at android.app.ActivityManagerNative.onTransact(ActivityManagerNative.java:1114)
03-11 16:52:29.787 W/WindowManager(  638): 	at com.android.server.am.ActivityManagerService.onTransact(ActivityManagerService.java:2071)
03-11 16:52:29.787 W/WindowManager(  638): 	at android.os.Binder.execTransact(Binder.java:404)
03-11 16:52:29.787 W/WindowManager(  638): This window was lost: Window{656da3e0 u0 com.android.helloworldminimal/com.android.helloworldminimal.HelloWorld}
03-11 16:52:29.787 W/WindowManager(  638): mDisplayId=0 mSession=Session{657faf50 3318:u0a10122} mClient=android.os.BinderProxy@657f9fd8
03-11 16:52:29.787 W/WindowManager(  638): mOwnerUid=10122 mShowToOwnerOnly=true package=com.android.helloworldminimal appop=NONE
03-11 16:52:29.787 W/WindowManager(  638): mAttrs=WM.LayoutParams{(0,0)(fillxfill) sim=#120 ty=1 fl=#1810100 pfl=0x8 wanim=0x10302f5}
03-11 16:52:29.787 W/WindowManager(  638): Requested w=1200 h=1824 mLayoutSeq=217
03-11 16:52:29.787 W/WindowManager(  638): mBaseLayer=21000 mSubLayer=0 mAnimLayer=21005+0=21005 mLastLayer=0
03-11 16:52:29.787 W/WindowManager(  638): mToken=AppWindowToken{657c2250 token=Token{657c23f8 ActivityRecord{656a6dc0 u0 com.android.helloworldminimal/.HelloWorld t11}}}
03-11 16:52:29.787 W/WindowManager(  638): mRootToken=AppWindowToken{657c2250 token=Token{657c23f8 ActivityRecord{656a6dc0 u0 com.android.helloworldminimal/.HelloWorld t11}}}
03-11 16:52:29.787 W/WindowManager(  638): mAppToken=AppWindowToken{657c2250 token=Token{657c23f8 ActivityRecord{656a6dc0 u0 com.android.helloworldminimal/.HelloWorld t11}}}
03-11 16:52:29.787 W/WindowManager(  638): mViewVisibility=0x0 mHaveFrame=true mObscured=true
03-11 16:52:29.787 W/WindowManager(  638): mSeq=0 mSystemUiVisibility=0x0
03-11 16:52:29.787 W/WindowManager(  638): mPolicyVisibility=false mPolicyVisibilityAfterAnim=false mAppOpVisibility=true mAttachedHidden=false
03-11 16:52:29.787 W/WindowManager(  638): mGivenContentInsets=[0,0][0,0] mGivenVisibleInsets=[0,0][0,0]
03-11 16:52:29.787 W/WindowManager(  638): mConfiguration={1.0 ?mcc?mnc en_US ldltr sw600dp w600dp h887dp 320dpi lrg port finger -keyb/v/h -nav/h s.4}
03-11 16:52:29.787 W/WindowManager(  638): mHasSurface=true mShownFrame=[0.0,0.0][1200.0,1824.0] isReadyForDisplay()=false
03-11 16:52:29.787 W/WindowManager(  638): mFrame=[0,0][1200,1824] last=[0,0][1200,1824]
03-11 16:52:29.787 W/WindowManager(  638): mSystemDecorRect=[0,0][1200,1824] last=[0,0][1200,1824]
03-11 16:52:29.787 W/WindowManager(  638): Frames: containing=[0,0][1200,1824] parent=[0,0][1200,1824]
03-11 16:52:29.787 W/WindowManager(  638):     display=[0,0][1200,1824] overscan=[0,0][1200,1920]
03-11 16:52:29.787 W/WindowManager(  638):     content=[0,50][1200,1824] visible=[0,50][1200,1824]
03-11 16:52:29.787 W/WindowManager(  638):     decor=[0,0][1200,1920]
03-11 16:52:29.787 W/WindowManager(  638): Cur insets: overscan=[0,0][0,0] content=[0,50][0,0] visible=[0,50][0,0]
03-11 16:52:29.787 W/WindowManager(  638): Lst insets: overscan=[0,0][0,0] content=[0,50][0,0] visible=[0,50][0,0]
03-11 16:52:29.787 W/WindowManager(  638): WindowStateAnimator{657c8148 com.android.helloworldminimal/com.android.helloworldminimal.HelloWorld}:
03-11 16:52:29.787 W/WindowManager(  638):   mSurface=Surface(name=com.android.helloworldminimal/com.android.helloworldminimal.HelloWorld)
03-11 16:52:29.787 W/WindowManager(  638):   mDrawState=HAS_DRAWN mLastHidden=true
03-11 16:52:29.787 W/WindowManager(  638):   Surface: shown=false layer=21005 alpha=0.0 rect=(0.0,0.0) 1200.0 x 1824.0
03-11 16:52:29.787 W/WindowManager(  638):   mShownAlpha=1.0 mAlpha=1.0 mLastAlpha=-1.0
03-11 16:52:29.787 W/WindowManager(  638): Current app token list:
03-11 16:52:29.787 V/WindowManager(  638):   Display 0
03-11 16:52:29.787 V/WindowManager(  638):   #0: Token{656a16b8 ActivityRecord{6539eae0 u0 com.android.launcher/com.android.launcher2.Launcher t1}}
03-11 16:52:29.787 W/WindowManager(  638): Final window list:
03-11 16:52:29.787 V/WindowManager(  638):   #0: Window{6537b068 u0 SearchPanel}
03-11 16:52:29.787 V/WindowManager(  638):   #1: Window{655d58f8 u0 NavigationBar}
03-11 16:52:29.787 V/WindowManager(  638):   #2: Window{65215988 u0 StatusBar}
03-11 16:52:29.787 V/WindowManager(  638):   #3: Window{657346f0 u0 Keyguard}
03-11 16:52:29.787 V/WindowManager(  638):   #4: Window{6556f2b8 u0 KeyguardScrim}
03-11 16:52:29.787 V/WindowManager(  638):   #5: Window{6575b1d0 u0 com.android.launcher/com.android.launcher2.Launcher}
03-11 16:52:29.787 V/WindowManager(  638):   #6: Window{654254e8 u0 com.android.systemui.ImageWallpaper}
03-11 16:52:29.797 I/WindowState(  638): WIN DEATH: Window{656da3e0 u0 com.android.helloworldminimal/com.android.helloworldminimal.HelloWorld}
03-11 16:52:29.807 D/keystore(  190): calling clear_uid in state: 3
03-11 16:52:29.807 D/PackageBroadcastService( 1062): Received broadcast action=android.intent.action.PACKAGE_DATA_CLEARED and uri=com.android.helloworldminimal
03-11 16:52:29.807 D/Documents( 2562): Used cached roots for com.android.providers.downloads.documents
03-11 16:52:29.807 D/Documents( 2562): Used cached roots for com.android.externalstorage.documents
03-11 16:52:29.807 D/Documents( 2562): Used cached roots for com.android.providers.media.documents
03-11 16:52:29.807 D/Documents( 2562): Used cached roots for com.google.android.apps.docs.storage
03-11 16:52:29.807 D/Documents( 2562): Update found 7 roots in 8ms
03-11 16:52:29.817 I/Icing   ( 1062): doRemovePackageData com.android.helloworldminimal
03-11 16:52:29.817 D/AndroidRuntime( 3372): Shutting down VM
