03-10 14:52:24.846 I/WindowManager(  631): Screenshot max retries 4 of Token{65d8da80 ActivityRecord{65d7d8e0 u0 com.google.android.googlequicksearchbox/com.google.android.launcher.GEL t1}} appWin=Window{65eb8708 u0 com.google.android.googlequicksearchbox/com.google.android.launcher.GEL} drawState=4
03-10 14:52:24.846 W/WindowManager(  631): Screenshot failure taking screenshot for (1080x1920) to layer 21005
03-10 14:52:24.886 I/ActivityManager(  631): Start proc com.android.helloworldlein for activity com.android.helloworldlein/.SplashActivity: pid=4649 uid=10014 gids={50014}
03-10 14:52:25.046 I/art     ( 4610): Heap trim of managed (duration=3.025312ms, advised=1392KB) and native (duration=1.791146ms, advised=4KB) heaps. Managed heap utilization of 23%.
03-10 14:52:25.156 I/art     (  631): Heap trim of managed (duration=23.147240ms, advised=4MB) and native (duration=5.489583ms, advised=1452KB) heaps. Managed heap utilization of 65%.
03-10 14:52:25.186 I/Adreno-EGL( 4649): <qeglDrvAPI_eglInitialize:320>: EGL 1.4 QUALCOMM Build: I0404c4692afb8623f95c43aeb6d5e13ed4b30ddbDate: 11/06/13
03-10 14:52:25.226 D/OpenGLRenderer( 4649): Enabling debug mode 0
03-10 14:52:25.276 D//Ln.java:218( 4610): main Configuring Logging, minimum log level is INFO
03-10 14:52:25.316 W/linker  ( 4610): libsliq.so has text relocations. This is wasting memory and is a security risk. Please fix.
03-10 14:52:25.316 I/ActivityManager(  631): Displayed com.android.helloworldlein/.SplashActivity: +464ms
03-10 14:52:25.316 W/linker  ( 4610): libSkyLib.so has text relocations. This is wasting memory and is a security risk. Please fix.
03-10 14:52:25.356 V/skype_jni( 4610): jni_CallDevice::jni_CallDevice()
03-10 14:52:25.356 V/skype_jni( 4610): jni_CallDevice::Init()
03-10 14:52:25.356 E/skype_jni( 4610): g_jniCallback == 0
03-10 14:52:25.356 E/skype_jni( 4610): g_pcmInit == 0
03-10 14:52:25.446 V/skype_jni( 4610): JNI Init
03-10 14:52:25.446 V/skype_jni( 4610): jniSetup
03-10 14:52:25.556 W/art     ( 4610): Thread[13,tid=4678,Native,Thread*=0x4aef0020,peer=0x65a1c068,"Thread-434"] attached without supplying a name
03-10 14:52:25.566 W/art     ( 4610): Thread[13,tid=4682,Native,Thread*=0x4b102400,peer=0x65a1c2e8,"Thread-435"] attached without supplying a name
03-10 14:52:25.566 W/art     ( 4610): Thread[14,tid=4685,Native,Thread*=0x4b104570,peer=0x6579ab48,"Thread-436"] attached without supplying a name
03-10 14:52:25.566 W/art     ( 4610): Thread[14,tid=4685,Native,Thread*=0x4b104570,peer=0x6579adc8,"Thread-437"] attached without supplying a name
03-10 14:52:25.566 W/art     ( 4610): Thread[14,tid=4685,Native,Thread*=0x4b104570,peer=0x6579b0a8,"Thread-438"] attached without supplying a name
03-10 14:52:25.566 W/art     ( 4610): Thread[14,tid=4685,Native,Thread*=0x4b1045a0,peer=0x6579b308,"Thread-439"] attached without supplying a name
03-10 14:52:25.576 I/AwesomePlayer(  184): setDataSource_l(URL suppressed)
03-10 14:52:25.596 W/art     ( 4610): Thread[14,tid=4685,Native,Thread*=0x4b18bfb0,peer=0x6579bba0,"Thread-440"] attached without supplying a name
03-10 14:52:25.596 W/art     ( 4610): Thread[14,tid=4685,Native,Thread*=0x4b18bfb0,peer=0x6579be00,"Thread-441"] attached without supplying a name
03-10 14:52:25.596 W/art     ( 4610): Thread[14,tid=4685,Native,Thread*=0x4b18bfb0,peer=0x6579c060,"Thread-442"] attached without supplying a name
03-10 14:52:25.596 W/art     ( 4610): Thread[14,tid=4685,Native,Thread*=0x4b18bfb0,peer=0x657d5b10,"Thread-443"] attached without supplying a name
03-10 14:52:25.596 W/art     ( 4610): Thread[14,tid=4685,Native,Thread*=0x4b18bfb0,peer=0x657d5d70,"Thread-444"] attached without supplying a name
03-10 14:52:25.606 I/AwesomePlayer(  184): setDataSource_l(URL suppressed)
03-10 14:52:25.606 W/art     ( 4610): Thread[14,tid=4685,Native,Thread*=0x4b1835d8,peer=0x657d5fd0,"Thread-445"] attached without supplying a name
03-10 14:52:25.616 W/art     ( 4610): Thread[14,tid=4685,Native,Thread*=0x4b1835d8,peer=0x657d6230,"Thread-446"] attached without supplying a name
03-10 14:52:25.616 W/art     ( 4610): Thread[14,tid=4685,Native,Thread*=0x4b1835d8,peer=0x657d6490,"Thread-447"] attached without supplying a name
03-10 14:52:25.616 W/art     ( 4610): Thread[14,tid=4685,Native,Thread*=0x4b1835d8,peer=0x657d66f0,"Thread-448"] attached without supplying a name
03-10 14:52:25.616 W/art     ( 4610): Thread[14,tid=4685,Native,Thread*=0x4b1835d8,peer=0x657d6950,"Thread-449"] attached without supplying a name
03-10 14:52:25.616 W/art     ( 4610): Thread[14,tid=4685,Native,Thread*=0x4b1835d8,peer=0x657d6bb0,"Thread-450"] attached without supplying a name
03-10 14:52:25.616 W/art     ( 4610): Thread[14,tid=4685,Native,Thread*=0x4ada95a8,peer=0x657d6e10,"Thread-451"] attached without supplying a name
03-10 14:52:25.616 W/art     ( 4610): Thread[14,tid=4685,Native,Thread*=0x4ada95a8,peer=0x657d6f00,"Thread-452"] attached without supplying a name
03-10 14:52:25.616 W/art     ( 4610): Thread[14,tid=4685,Native,Thread*=0x4ada95a8,peer=0x657de268,"Thread-453"] attached without supplying a name
03-10 14:52:25.626 W/art     ( 4610): Thread[14,tid=4685,Native,Thread*=0x4ada95a8,peer=0x657de4c8,"Thread-454"] attached without supplying a name
03-10 14:52:25.626 W/art     ( 4610): Thread[14,tid=4685,Native,Thread*=0x4ada95a8,peer=0x657de728,"Thread-455"] attached without supplying a name
03-10 14:52:25.626 W/art     ( 4610): Thread[14,tid=4685,Native,Thread*=0x4ada95a8,peer=0x657de988,"Thread-456"] attached without supplying a name
03-10 14:52:25.626 W/art     ( 4610): Thread[14,tid=4685,Native,Thread*=0x4ada95a8,peer=0x657debe8,"Thread-457"] attached without supplying a name
03-10 14:52:25.626 W/art     ( 4610): Thread[14,tid=4685,Native,Thread*=0x4ada95a8,peer=0x657dee48,"Thread-458"] attached without supplying a name
03-10 14:52:25.626 W/art     ( 4610): Thread[14,tid=4685,Native,Thread*=0x4ada95a8,peer=0x657df0a8,"Thread-459"] attached without supplying a name
03-10 14:52:25.626 W/art     ( 4610): Thread[14,tid=4685,Native,Thread*=0x4ada95a8,peer=0x657df308,"Thread-460"] attached without supplying a name
03-10 14:52:25.626 W/art     ( 4610): Thread[14,tid=4686,Native,Thread*=0x4b18adb8,peer=0x657a3130,"Thread-461"] attached without supplying a name
03-10 14:52:25.626 W/art     ( 4610): Thread[14,tid=4686,Native,Thread*=0x4b18adb8,peer=0x657a3390,"Thread-462"] attached without supplying a name
03-10 14:52:25.626 W/art     ( 4610): Thread[14,tid=4686,Native,Thread*=0x4b18adb8,peer=0x657a35f0,"Thread-463"] attached without supplying a name
03-10 14:52:25.626 W/art     ( 4610): Thread[14,tid=4686,Native,Thread*=0x4b18adb8,peer=0x657a3850,"Thread-464"] attached without supplying a name
03-10 14:52:25.626 W/art     ( 4610): Thread[14,tid=4686,Native,Thread*=0x4b18adb8,peer=0x657a3ab0,"Thread-465"] attached without supplying a name
03-10 14:52:25.626 W/art     ( 4610): Thread[14,tid=4686,Native,Thread*=0x4b18adb8,peer=0x657a3d10,"Thread-466"] attached without supplying a name
03-10 14:52:25.626 W/art     ( 4610): Thread[14,tid=4686,Native,Thread*=0x4b18adb8,peer=0x657a3f70,"Thread-467"] attached without supplying a name
03-10 14:52:25.626 I/Camera2ClientBase(  184): Camera 0: Opened
03-10 14:52:25.626 E/mm-camera-intf(  184): mm_camera_open: dev name = /dev/video1, cam_idx = 1
03-10 14:52:25.626 E/mm-camera-sensor(  197): module_sensor_start_session:577 session 1
03-10 14:52:25.626 W/art     ( 4610): Thread[14,tid=4686,Native,Thread*=0x4b18adb8,peer=0x657a41d0,"Thread-468"] attached without supplying a name
03-10 14:52:25.636 W/art     ( 4610): Thread[14,tid=4686,Native,Thread*=0x4b18adb8,peer=0x657a4430,"Thread-469"] attached without supplying a name
03-10 14:52:25.636 W/art     ( 4610): Thread[14,tid=4686,Native,Thread*=0x4b18adb8,peer=0x657bc9f8,"Thread-470"] attached without supplying a name
03-10 14:52:25.636 W/art     ( 4610): Thread[14,tid=4686,Native,Thread*=0x4b18adb8,peer=0x657bcdc8,"Thread-471"] attached without supplying a name
03-10 14:52:25.636 W/art     ( 4610): Thread[14,tid=4686,Native,Thread*=0x4b18adb8,peer=0x657bd658,"Thread-472"] attached without supplying a name
03-10 14:52:25.636 W/art     ( 4610): Thread[14,tid=4686,Native,Thread*=0x4b18adb8,peer=0x657bd8b8,"Thread-473"] attached without supplying a name
03-10 14:52:25.636 E/mm-camera-sensor(  197): eeprom_load_library:515 e_ctrl->eeprom_lib.func_tbl =0xb6ae7004
03-10 14:52:25.646 W/art     ( 4610): Thread[14,tid=4686,Native,Thread*=0x4b18adb8,peer=0x655a2908,"Thread-474"] attached without supplying a name
03-10 14:52:25.646 W/art     ( 4610): Thread[14,tid=4686,Native,Thread*=0x4b18adb8,peer=0x657d8068,"Thread-475"] attached without supplying a name
03-10 14:52:25.646 W/art     ( 4610): Thread[14,tid=4686,Native,Thread*=0x4b18adb8,peer=0x657d82b8,"Thread-476"] attached without supplying a name
03-10 14:52:25.646 W/art     ( 4610): Thread[14,tid=4686,Native,Thread*=0x4b18adb8,peer=0x657d8518,"Thread-477"] attached without supplying a name
03-10 14:52:25.646 W/art     ( 4610): Thread[14,tid=4686,Native,Thread*=0x4b18adb8,peer=0x657d8778,"Thread-478"] attached without supplying a name
03-10 14:52:25.646 W/art     ( 4610): Thread[14,tid=4686,Native,Thread*=0x4b18adb8,peer=0x657d89d8,"Thread-479"] attached without supplying a name
03-10 14:52:25.646 W/art     ( 4610): Thread[14,tid=4686,Native,Thread*=0x4b18adb8,peer=0x657d8c38,"Thread-480"] attached without supplying a name
03-10 14:52:25.646 W/art     ( 4610): Thread[14,tid=4686,Native,Thread*=0x4b18adb8,peer=0x657d8e98,"Thread-481"] attached without supplying a name
03-10 14:52:25.646 W/art     ( 4610): Thread[14,tid=4686,Native,Thread*=0x4b18adb8,peer=0x657d90f8,"Thread-482"] attached without supplying a name
03-10 14:52:25.646 W/art     ( 4610): Thread[14,tid=4686,Native,Thread*=0x4b18adb8,peer=0x657d9358,"Thread-483"] attached without supplying a name
03-10 14:52:25.646 W/art     ( 4610): Thread[14,tid=4686,Native,Thread*=0x4b18adb8,peer=0x6591aa20,"Thread-484"] attached without supplying a name
03-10 14:52:25.656 W/art     ( 4610): Thread[14,tid=4686,Native,Thread*=0x4b18adb8,peer=0x65652960,"Thread-485"] attached without supplying a name
03-10 14:52:25.656 W/art     ( 4610): Thread[14,tid=4686,Native,Thread*=0x4b18adb8,peer=0x65652bc0,"Thread-486"] attached without supplying a name
03-10 14:52:25.676 W/art     (  182): Could not get current activity
03-10 14:52:25.676 I/mm-camera(  197): gyro_module_start_session: Enter
03-10 14:52:25.676 I/mm-camera(  197): gyro_module_start_session: Init DSPS
03-10 14:52:25.686 I/mm-camera(  197): gyro_module_start_session: Exit successful
03-10 14:52:25.686 I/mm-camera(  197): gyro_module_get_port: Exit successful
03-10 14:52:25.686 E/mm-camera(  197): cpp_module_start_session:352, info: starting session 1
03-10 14:52:25.686 I/ActivityManager(  631): Start proc com.ttxapps.wifiadb for broadcast com.ttxapps.wifiadb/.NetworkStateReceiver: pid=4702 uid=10090 gids={50090, 3003}
03-10 14:52:25.686 I/ActivityManager(  631): Killing 3897:com.google.android.talk/u0a52 (adj 15): empty #17
03-10 14:52:25.706 E/mm-camera(  197): cpp_module_start_session:422, info: cpp_thread created.
03-10 14:52:25.706 E/mm-camera(  197): cpp_thread_func:55: cpp_thread entering the polling loop...
03-10 14:52:25.706 E/mm-camera(  197): cpp_module_start_session:425, info: session 1 started.
03-10 14:52:25.706 E/mm-camera(  197): c2d_module_start_session:246, info: starting session 1
03-10 14:52:25.706 E/mm-camera(  197): c2d_thread_func:39: c2d_thread entering the polling loop...
03-10 14:52:25.706 E/mm-camera(  197): c2d_module_start_session:284, info: c2d_thread created.
03-10 14:52:25.706 E/mm-camera(  197): c2d_module_start_session:306, info: session 1 started.
03-10 14:52:25.706 E/mm-camera-sensor(  197): module_module_set_session_data:2435 max delay 2 report dSelay 1
03-10 14:52:25.706 E/mm-camera(  197): module_faceproc_set_session_data:1826] Per frame control 2 1
03-10 14:52:25.706 E/mm-camera-intf(  184): mm_camera_open:  opened, break out while loop
03-10 14:52:25.716 I/Camera2-Parameters(  184): Camera 0: Disabling ZSL mode
03-10 14:52:25.816 D/ACRA    ( 4702): ACRA is enabled for com.ttxapps.wifiadb, intializing...
03-10 14:52:25.816 E/mm-camera(  197): mct_pipeline_process_set:command=800000b
03-10 14:52:25.816 E/mm-camera(  197): mct_pipeline_get_stream: no children
03-10 14:52:25.816 E/mm-camera(  197): mct_pipeline_process_set:1370: Couldn't find stream
03-10 14:52:25.816 E/mm-camera-sensor(  197): module_sensor_stop_session:630 session 1
03-10 14:52:25.846 D/ACRA    ( 4702): Looking for error files in /data/data/com.ttxapps.wifiadb/files
03-10 14:52:25.956 W/art     ( 4610): Thread[14,tid=4686,Native,Thread*=0x4b18adb8,peer=0x6577a348,"Thread-487"] attached without supplying a name
03-10 14:52:25.956 W/art     ( 4610): Thread[14,tid=4686,Native,Thread*=0x4b18adb8,peer=0x6577abd8,"Thread-488"] attached without supplying a name
03-10 14:52:25.976 I/WifiADB ( 4702): maxLogLevel is INFO
03-10 14:52:26.016 E/mm-camera(  197): stats_module_stop_session: list =0xb78963d8, remove port =0xb788bd90 name=stats_sink from module=0xb7875778, name=stats
03-10 14:52:26.016 E/mm-camera(  197): stats_module_stop_session: 1 port =0xb788bd90 name=stats_sink 
03-10 14:52:26.016 E/mm-camera(  197): stats_module_stop_session: 2 port =0xb788bd90 name=stats_sink 
03-10 14:52:26.016 I/mm-camera(  197): gyro_module_stop_session: Enter
03-10 14:52:26.016 I/mm-camera(  197): gyro_module_stop_session: Deinit DSPS
03-10 14:52:26.016 I/mm-camera(  197): gyro_module_stop_session: Exit successful
03-10 14:52:26.016 E/mm-camera(  197): stats_module_stop_session: 3 port =0xb788bd90 name=stats_sink 
03-10 14:52:26.016 E/mm-camera(  197): cpp_module_stop_session:453, info: stopping session 1 ...
03-10 14:52:26.016 E/mm-camera(  197): cpp_thread_process_pipe_message:359, CPP_THREAD_MSG_ABORT: cpp_thread exiting..
03-10 14:52:26.026 E/mm-camera(  197): cpp_module_stop_session:495, info: session 1 stopped.
03-10 14:52:26.026 E/mm-camera(  197): c2d_module_stop_session:322, info: stopping session 1 ...
03-10 14:52:26.026 E/mm-camera(  197): c2d_module_stop_session:327, info: stopping c2d_thread...
03-10 14:52:26.026 E/mm-camera(  197): c2d_module_post_msg_to_thread:381, msg.type=1
03-10 14:52:26.026 E/mm-camera(  197): c2d_thread_process_pipe_message:503, C2D_THREAD_MSG_ABORT: c2d_thread exiting..
03-10 14:52:26.026 E/mm-camera(  197): c2d_module_stop_session:339, closing c2d subdev...
03-10 14:52:26.026 E/mm-camera(  197): c2d_module_stop_session:361, info: session 1 stopped.
03-10 14:52:26.026 I/Camera2Client(  184): Camera 0: Closed
03-10 14:52:26.026 I/Camera2ClientBase(  184): Closed Camera 0
03-10 14:52:26.036 I/AwesomePlayer(  184): setDataSource_l(URL suppressed)
03-10 14:52:26.056 I/ActivityManager(  631): Start proc com.ted.android for broadcast com.ted.android/.service.DataUpdateCheckBroadcastReceiver: pid=4749 uid=10088 gids={50088, 3003, 1028, 1015}
03-10 14:52:26.056 I/ActivityManager(  631): Killing 4058:com.google.android.email/u0a37 (adj 15): empty #17
03-10 14:52:26.066 I/AwesomePlayer(  184): setDataSource_l(URL suppressed)
03-10 14:52:26.096 I/Camera2ClientBase(  184): Camera 1: Opened
03-10 14:52:26.106 E/mm-camera-intf(  184): mm_camera_open: dev name = /dev/video2, cam_idx = 2
03-10 14:52:26.106 E/mm-camera-sensor(  197): module_sensor_start_session:577 session 2
03-10 14:52:26.136 I/Logging ( 4749): Testing for android stub library...
03-10 14:52:26.156 I/ActivityManager(  631): Killing 3626:android.process.acore/u0a3 (adj 15): empty #17
03-10 14:52:26.326 E/mm-camera-sensor(  197): module_sensor_init_session:471 ois device is not supported
03-10 14:52:26.326 E/mm-camera-sensor(  197): 
03-10 14:52:26.326 I/mm-camera(  197): gyro_module_start_session: Enter
03-10 14:52:26.326 I/mm-camera(  197): gyro_module_start_session: Init DSPS
03-10 14:52:26.326 I/mm-camera(  197): gyro_module_start_session: Exit successful
03-10 14:52:26.326 I/mm-camera(  197): gyro_module_get_port: Exit successful
03-10 14:52:26.326 E/mm-camera(  197): cpp_module_start_session:352, info: starting session 2
03-10 14:52:26.346 E/mm-camera(  197): cpp_thread_func:55: cpp_thread entering the polling loop...
03-10 14:52:26.346 E/mm-camera(  197): cpp_module_start_session:422, info: cpp_thread created.
03-10 14:52:26.346 E/mm-camera(  197): cpp_module_start_session:425, info: session 2 started.
03-10 14:52:26.346 E/mm-camera(  197): c2d_module_start_session:246, info: starting session 2
03-10 14:52:26.346 E/mm-camera(  197): c2d_thread_func:39: c2d_thread entering the polling loop...
03-10 14:52:26.346 E/mm-camera(  197): c2d_module_start_session:284, info: c2d_thread created.
03-10 14:52:26.356 E/mm-camera(  197): c2d_module_start_session:306, info: session 2 started.
03-10 14:52:26.356 E/mm-camera-sensor(  197): module_module_set_session_data:2435 max delay 2 report dSelay 1
03-10 14:52:26.356 E/mm-camera(  197): module_faceproc_set_session_data:1826] Per frame control 2 1
03-10 14:52:26.356 E/mm-camera-intf(  184): mm_camera_open:  opened, break out while loop
03-10 14:52:26.356 I/Camera2-Parameters(  184): Camera 1: Disabling ZSL mode
03-10 14:52:26.466 E/mm-camera(  197): mct_pipeline_process_set:command=800000b
03-10 14:52:26.466 E/mm-camera(  197): mct_pipeline_get_stream: no children
03-10 14:52:26.466 E/mm-camera(  197): mct_pipeline_process_set:1370: Couldn't find stream
03-10 14:52:26.466 E/mm-camera-sensor(  197): module_sensor_stop_session:630 session 2
03-10 14:52:26.556 E/mm-camera(  197): stats_module_stop_session: list =0xb7891cd8, remove port =0xb78878d8 name=stats_sink from module=0xb7875778, name=stats
03-10 14:52:26.556 E/mm-camera(  197): stats_module_stop_session: 1 port =0xb78878d8 name=stats_sink 
03-10 14:52:26.556 E/mm-camera(  197): stats_module_stop_session: 2 port =0xb78878d8 name=stats_sink 
03-10 14:52:26.556 I/mm-camera(  197): gyro_module_stop_session: Enter
03-10 14:52:26.556 I/mm-camera(  197): gyro_module_stop_session: Deinit DSPS
03-10 14:52:26.556 I/mm-camera(  197): gyro_module_stop_session: Exit successful
03-10 14:52:26.556 E/mm-camera(  197): stats_module_stop_session: 3 port =0xb78878d8 name=stats_sink 
03-10 14:52:26.556 E/mm-camera(  197): cpp_module_stop_session:453, info: stopping session 2 ...
03-10 14:52:26.556 E/mm-camera(  197): cpp_thread_process_pipe_message:359, CPP_THREAD_MSG_ABORT: cpp_thread exiting..
03-10 14:52:26.566 E/mm-camera(  197): cpp_module_stop_session:495, info: session 2 stopped.
03-10 14:52:26.566 E/mm-camera(  197): c2d_module_stop_session:322, info: stopping session 2 ...
03-10 14:52:26.566 E/mm-camera(  197): c2d_module_stop_session:327, info: stopping c2d_thread...
03-10 14:52:26.566 E/mm-camera(  197): c2d_module_post_msg_to_thread:381, msg.type=1
03-10 14:52:26.566 E/mm-camera(  197): c2d_thread_process_pipe_message:503, C2D_THREAD_MSG_ABORT: c2d_thread exiting..
03-10 14:52:26.566 E/mm-camera(  197): c2d_module_stop_session:339, closing c2d subdev...
03-10 14:52:26.566 E/mm-camera(  197): c2d_module_stop_session:361, info: session 2 stopped.
03-10 14:52:26.616 W/art     ( 4610): Thread[14,tid=4686,Native,Thread*=0x4b18adb8,peer=0x6579d3e0,"Thread-489"] attached without supplying a name
03-10 14:52:26.616 W/art     ( 4610): Thread[14,tid=4686,Native,Thread*=0x4b18adb8,peer=0x6579d628,"Thread-490"] attached without supplying a name
03-10 14:52:27.046 W/GAV2    ( 4441): Thread[GAThread,5,main]: Service unavailable (code=1), will retry.
03-10 14:52:27.046 W/ActivityManager(  631): Unable to start service Intent { act=com.google.android.gms.analytics.service.START cmp=com.google.android.gms/.analytics.service.AnalyticsService (has extras) } U=0: not found
03-10 14:52:27.066 I/GAV2    ( 4441): Thread[GAThread,5,main]: No campaign data found.
03-10 14:52:28.586 E/AndroidRuntime( 4649): FATAL EXCEPTION: Thread-436
03-10 14:52:28.586 E/AndroidRuntime( 4649): Process: com.android.helloworldlein, PID: 4649
03-10 14:52:28.586 E/AndroidRuntime( 4649): java.lang.VerifyError: Rejecting class neko.compilation$clear_cache because it failed compile-time verification (declaration of 'neko.compilation$clear_cache' appears in /data/app/com.android.helloworldlein-1.apk)
03-10 14:52:28.586 E/AndroidRuntime( 4649): 	at neko.compilation__init.load(Unknown Source)
03-10 14:52:28.586 E/AndroidRuntime( 4649): 	at neko.compilation__init.<clinit>(Unknown Source)
03-10 14:52:28.586 E/AndroidRuntime( 4649): 	at java.lang.Class.classForName(Native Method)
03-10 14:52:28.586 E/AndroidRuntime( 4649): 	at java.lang.Class.forName(Class.java:305)
03-10 14:52:28.586 E/AndroidRuntime( 4649): 	at clojure.lang.RT.loadClassForName(RT.java:2145)
03-10 14:52:28.586 E/AndroidRuntime( 4649): 	at clojure.lang.RT.load(RT.java:455)
03-10 14:52:28.586 E/AndroidRuntime( 4649): 	at clojure.lang.RT.load(RT.java:436)
03-10 14:52:28.586 E/AndroidRuntime( 4649): 	at clojure.core$load$fn__5018.invoke(core.clj:5529)
03-10 14:52:28.586 E/AndroidRuntime( 4649): 	at clojure.core$load.doInvoke(core.clj:5529)
03-10 14:52:28.586 E/AndroidRuntime( 4649): 	at clojure.lang.RestFn.invoke(RestFn.java:408)
03-10 14:52:28.586 E/AndroidRuntime( 4649): 	at clojure.core$load_one.invoke(core.clj:5336)
03-10 14:52:28.586 E/AndroidRuntime( 4649): 	at clojure.core$load_lib$fn__4967.invoke(core.clj:5374)
03-10 14:52:28.586 E/AndroidRuntime( 4649): 	at clojure.core$load_lib.doInvoke(core.clj:5374)
03-10 14:52:28.586 E/AndroidRuntime( 4649): 	at clojure.lang.RestFn.applyTo(RestFn.java:142)
03-10 14:52:28.586 E/AndroidRuntime( 4649): 	at clojure.core$apply.invoke(core.clj:619)
03-10 14:52:28.586 E/AndroidRuntime( 4649): 	at clojure.core$load_libs.doInvoke(core.clj:5417)
03-10 14:52:28.586 E/AndroidRuntime( 4649): 	at clojure.lang.RestFn.applyTo(RestFn.java:137)
03-10 14:52:28.586 E/AndroidRuntime( 4649): 	at clojure.core$apply.invoke(core.clj:619)
03-10 14:52:28.586 E/AndroidRuntime( 4649): 	at clojure.core$require.doInvoke(core.clj:5434)
03-10 14:52:28.586 E/AndroidRuntime( 4649): 	at clojure.lang.RestFn.invoke(RestFn.java:408)
03-10 14:52:28.586 E/AndroidRuntime( 4649): 	at neko.init$loading__4910__auto__.invoke(init.clj:12)
03-10 14:52:28.586 E/AndroidRuntime( 4649): 	at neko.init__init.load(Unknown Source)
03-10 14:52:28.586 E/AndroidRuntime( 4649): 	at neko.init__init.<clinit>(Unknown Source)
03-10 14:52:28.586 E/AndroidRuntime( 4649): 	at java.lang.Class.classForName(Native Method)
03-10 14:52:28.586 E/AndroidRuntime( 4649): 	at java.lang.Class.forName(Class.java:305)
03-10 14:52:28.586 E/AndroidRuntime( 4649): 	at clojure.lang.RT.loadClassForName(RT.java:2145)
03-10 14:52:28.586 E/AndroidRuntime( 4649): 	at clojure.lang.RT.load(RT.java:455)
03-10 14:52:28.586 E/AndroidRuntime( 4649): 	at clojure.lang.RT.load(RT.java:436)
03-10 14:52:28.586 E/AndroidRuntime( 4649): 	at clojure.core$load$fn__5018.invoke(core.clj:5529)
03-10 14:52:28.586 E/AndroidRuntime( 4649): 	at clojure.core$load.doInvoke(core.clj:5529)
03-10 14:52:28.586 E/AndroidRuntime( 4649): 	at clojure.lang.RestFn.invoke(RestFn.java:408)
03-10 14:52:28.586 E/AndroidRuntime( 4649): 	at clojure.core$load_one.invoke(core.clj:5336)
03-10 14:52:28.586 E/AndroidRuntime( 4649): 	at clojure.core$load_lib$fn__4967.invoke(core.clj:5374)
03-10 14:52:28.586 E/AndroidRuntime( 4649): 	at clojure.core$load_lib.doInvoke(core.clj:5374)
03-10 14:52:28.586 E/AndroidRuntime( 4649): 	at clojure.lang.RestFn.applyTo(RestFn.java:142)
03-10 14:52:28.586 E/AndroidRuntime( 4649): 	at clojure.core$apply.invoke(core.clj:619)
03-10 14:52:28.586 E/AndroidRuntime( 4649): 	at clojure.core$load_libs.doInvoke(core.clj:5413)
03-10 14:52:28.586 E/AndroidRuntime( 4649): 	at clojure.lang.RestFn.applyTo(RestFn.java:137)
03-10 14:52:28.586 E/AndroidRuntime( 4649): 	at clojure.core$apply.invoke(core.clj:619)
03-10 14:52:28.586 E/AndroidRuntime( 4649): 	at clojure.core$require.doInvoke(core.clj:5434)
03-10 14:52:28.586 E/AndroidRuntime( 4649): 	at clojure.lang.RestFn.invoke(RestFn.java:408)
03-10 14:52:28.586 E/AndroidRuntime( 4649): 	at clojure.lang.Var.invoke(Var.java:415)
03-10 14:52:28.586 E/AndroidRuntime( 4649): 	at com.android.helloworldlein.SplashActivity$1.run(SplashActivity.java:59)
03-10 14:52:28.586 E/AndroidRuntime( 4649): 	at java.lang.Thread.run(Thread.java:811)
03-10 14:52:28.596 W/ActivityManager(  631):   Force finishing activity com.android.helloworldlein/.SplashActivity
03-10 14:52:28.896 I/WindowManager(  631): Screenshot max retries 4 of Token{65eaaab0 ActivityRecord{65f68658 u0 com.android.helloworldlein/.SplashActivity t2 f}} appWin=Window{65f41020 u0 com.android.helloworldlein/com.android.helloworldlein.SplashActivity} drawState=4
03-10 14:52:28.896 W/WindowManager(  631): Screenshot failure taking screenshot for (1080x1920) to layer 21005
03-10 14:52:28.936 I/ActivityManager(  631): Killing 3952:com.google.android.googlequicksearchbox:search/u0a20 (adj 15): empty #17
03-10 14:52:28.996 I/ActivityManager(  631): Killing 3976:org.mozilla.fennec/u0a98 (adj 15): empty #17
03-10 14:52:29.726 D/ConnectivityService(  631): handleInetConditionChange: no active default network - ignore
03-10 14:52:32.056 W/GAV2    ( 4441): Thread[Service Reconnect,5,main]: Service unavailable (code=1), using local store.
03-10 14:52:32.056 W/ActivityManager(  631): Unable to start service Intent { act=com.google.android.gms.analytics.service.START cmp=com.google.android.gms/.analytics.service.AnalyticsService (has extras) } U=0: not found
03-10 14:52:34.586 V/QcrilMsgTunnelSocket( 2414): After reading offset = 0 remaining = 4 countRead = 4
03-10 14:52:34.586 D/QcrilMsgTunnelSocket( 2414): messageLength extracted from first 4 inputStream reads = 29
03-10 14:52:34.586 V/QcrilMsgTunnelSocket( 2414): offset = 0 remaining = 29 countRead = 0
03-10 14:52:34.696 D/AlarmManagerService(  631): Kernel timezone updated to -120 minutes west of GMT
03-10 14:52:34.696 D/AlarmManagerService(  631): Kernel timezone updated to -120 minutes west of GMT
03-10 14:52:34.726 V/QcrilMsgTunnelSocket( 2414): offset = 0 remaining = 29 countRead = 29
03-10 14:52:34.726 D/QcrilMsgTunnelSocket( 2414): readRilMessage: Buffer = [B@65548a98 HexData = [0100000004040000110000005155414c434f4d4def0308000100000002]
03-10 14:52:34.726 V/QcrilMsgTunnelSocket( 2414): Read packet: 29 bytes. Data Available = 32 Position = 0
03-10 14:52:34.726 D/QcrilMsgTunnelSocket( 2414): processResponse. message type = 1. Data Available = 28
03-10 14:52:34.726 D/QcrilMsgTunnelSocket( 2414): ByteArray from parcel = 5155414c434f4d4def0308000100000002
03-10 14:52:34.726 D/QcrilMsgTunnelSocket( 2414): Received RIL_UNSOL_OEM_HOOK_RAW message
03-10 14:52:34.726 D/QcrilMsgTunnelSocket( 2414): Oem ID in RIL_UNSOL_OEM_HOOK_RAW is QUALCOMM
03-10 14:52:34.726 D/QcrilMsgTunnelSocket( 2414): OEM ID check Passed
03-10 14:52:34.726 D/QcrilMsgTunnelSocket( 2414): Response ID in RIL_UNSOL_OEM_HOOK_RAW is 525295
03-10 14:52:34.726 D/QcrilMsgTunnelSocket( 2414): Response ID 525295is not served in this process.
03-10 14:52:34.726 D/QcrilMsgTunnelSocket( 2414): To broadcast an Intent via the notifier to external apps
03-10 14:52:34.726 D/QcrilMsgTunnelIfaceManager( 2414): handleMessage what=0
03-10 14:52:34.726 D/QcrilMsgTunnelIfaceManager( 2414): Broadcasting intent ACTION_UNSOL_RESPONSE_OEM_HOOK_RAW
03-10 14:52:34.736 V/QcrilMsgTunnelSocket( 2414): Before reading offset = 0 remaining = 4 countRead = 0
03-10 14:52:34.736 V/QcrilMsgTunnelSocket( 2414): After reading offset = 0 remaining = 4 countRead = 4
03-10 14:52:34.736 D/QcrilMsgTunnelSocket( 2414): messageLength extracted from first 4 inputStream reads = 29
03-10 14:52:34.736 V/QcrilMsgTunnelSocket( 2414): offset = 0 remaining = 29 countRead = 0
03-10 14:52:34.736 V/QcrilMsgTunnelSocket( 2414): offset = 0 remaining = 29 countRead = 29
03-10 14:52:34.736 D/QcrilMsgTunnelSocket( 2414): readRilMessage: Buffer = [B@65548a98 HexData = [0100000004040000110000005155414c434f4d4def0308000100000002]
03-10 14:52:34.736 V/QcrilMsgTunnelSocket( 2414): Read packet: 29 bytes. Data Available = 32 Position = 0
03-10 14:52:34.736 D/QcrilMsgTunnelSocket( 2414): processResponse. message type = 1. Data Available = 28
03-10 14:52:34.736 D/QcrilMsgTunnelSocket( 2414): ByteArray from parcel = 5155414c434f4d4def0308000100000002
03-10 14:52:34.736 D/QcrilMsgTunnelSocket( 2414): Received RIL_UNSOL_OEM_HOOK_RAW message
03-10 14:52:34.736 D/QcrilMsgTunnelSocket( 2414): Oem ID in RIL_UNSOL_OEM_HOOK_RAW is QUALCOMM
03-10 14:52:34.736 D/QcrilMsgTunnelSocket( 2414): OEM ID check Passed
03-10 14:52:34.736 D/QcrilMsgTunnelSocket( 2414): Response ID in RIL_UNSOL_OEM_HOOK_RAW is 525295
03-10 14:52:34.736 D/QcrilMsgTunnelSocket( 2414): Response ID 525295is not served in this process.
03-10 14:52:34.736 D/QcrilMsgTunnelSocket( 2414): To broadcast an Intent via the notifier to external apps
03-10 14:52:34.736 D/QcrilMsgTunnelIfaceManager( 2414): handleMessage what=0
03-10 14:52:34.736 D/QcrilMsgTunnelIfaceManager( 2414): Broadcasting intent ACTION_UNSOL_RESPONSE_OEM_HOOK_RAW
03-10 14:52:34.746 V/QcrilMsgTunnelSocket( 2414): Before reading offset = 0 remaining = 4 countRead = 0
03-10 14:52:34.796 D/MobileDataStateTracker(  631): default: Broadcast received: android.intent.action.ANY_DATA_STATE apnType=default
03-10 14:52:34.796 D/MobileDataStateTracker(  631): default: Received state=DISCONNECTED, old=DISCONNECTED, reason=LOST_CONNECTION
03-10 14:52:35.676 V/QcrilMsgTunnelSocket( 2414): After reading offset = 0 remaining = 4 countRead = 4
03-10 14:52:35.676 D/QcrilMsgTunnelSocket( 2414): messageLength extracted from first 4 inputStream reads = 29
03-10 14:52:35.676 V/QcrilMsgTunnelSocket( 2414): offset = 0 remaining = 29 countRead = 0
03-10 14:52:35.676 V/QcrilMsgTunnelSocket( 2414): offset = 0 remaining = 29 countRead = 29
03-10 14:52:35.676 D/QcrilMsgTunnelSocket( 2414): readRilMessage: Buffer = [B@65548a98 HexData = [0100000004040000110000005155414c434f4d4def0308000100000002]
03-10 14:52:35.676 V/QcrilMsgTunnelSocket( 2414): Read packet: 29 bytes. Data Available = 32 Position = 0
03-10 14:52:35.676 D/QcrilMsgTunnelSocket( 2414): processResponse. message type = 1. Data Available = 28
03-10 14:52:35.676 D/QcrilMsgTunnelSocket( 2414): ByteArray from parcel = 5155414c434f4d4def0308000100000002
03-10 14:52:35.676 D/QcrilMsgTunnelSocket( 2414): Received RIL_UNSOL_OEM_HOOK_RAW message
03-10 14:52:35.676 D/QcrilMsgTunnelSocket( 2414): Oem ID in RIL_UNSOL_OEM_HOOK_RAW is QUALCOMM
03-10 14:52:35.676 D/QcrilMsgTunnelSocket( 2414): OEM ID check Passed
03-10 14:52:35.676 D/QcrilMsgTunnelSocket( 2414): Response ID in RIL_UNSOL_OEM_HOOK_RAW is 525295
03-10 14:52:35.676 D/QcrilMsgTunnelSocket( 2414): Response ID 525295is not served in this process.
03-10 14:52:35.676 D/QcrilMsgTunnelSocket( 2414): To broadcast an Intent via the notifier to external apps
03-10 14:52:35.676 V/QcrilMsgTunnelSocket( 2414): Before reading offset = 0 remaining = 4 countRead = 0
03-10 14:52:35.676 D/QcrilMsgTunnelIfaceManager( 2414): handleMessage what=0
03-10 14:52:35.676 D/QcrilMsgTunnelIfaceManager( 2414): Broadcasting intent ACTION_UNSOL_RESPONSE_OEM_HOOK_RAW
03-10 14:52:37.096 V/QcrilMsgTunnelSocket( 2414): After reading offset = 0 remaining = 4 countRead = 4
03-10 14:52:37.096 D/QcrilMsgTunnelSocket( 2414): messageLength extracted from first 4 inputStream reads = 29
03-10 14:52:37.096 V/QcrilMsgTunnelSocket( 2414): offset = 0 remaining = 29 countRead = 0
03-10 14:52:37.096 V/QcrilMsgTunnelSocket( 2414): offset = 0 remaining = 29 countRead = 29
03-10 14:52:37.106 D/QcrilMsgTunnelSocket( 2414): readRilMessage: Buffer = [B@65548a98 HexData = [0100000004040000110000005155414c434f4d4def0308000100000002]
03-10 14:52:37.106 V/QcrilMsgTunnelSocket( 2414): Read packet: 29 bytes. Data Available = 32 Position = 0
03-10 14:52:37.106 D/QcrilMsgTunnelSocket( 2414): processResponse. message type = 1. Data Available = 28
03-10 14:52:37.106 D/QcrilMsgTunnelSocket( 2414): ByteArray from parcel = 5155414c434f4d4def0308000100000002
03-10 14:52:37.106 D/QcrilMsgTunnelSocket( 2414): Received RIL_UNSOL_OEM_HOOK_RAW message
03-10 14:52:37.106 D/QcrilMsgTunnelSocket( 2414): Oem ID in RIL_UNSOL_OEM_HOOK_RAW is QUALCOMM
03-10 14:52:37.106 D/QcrilMsgTunnelSocket( 2414): OEM ID check Passed
03-10 14:52:37.106 D/QcrilMsgTunnelSocket( 2414): Response ID in RIL_UNSOL_OEM_HOOK_RAW is 525295
03-10 14:52:37.106 D/QcrilMsgTunnelSocket( 2414): Response ID 525295is not served in this process.
03-10 14:52:37.106 D/QcrilMsgTunnelSocket( 2414): To broadcast an Intent via the notifier to external apps
03-10 14:52:37.126 D/QcrilMsgTunnelIfaceManager( 2414): handleMessage what=0
03-10 14:52:37.126 D/QcrilMsgTunnelIfaceManager( 2414): Broadcasting intent ACTION_UNSOL_RESPONSE_OEM_HOOK_RAW
03-10 14:52:37.126 V/QcrilMsgTunnelSocket( 2414): Before reading offset = 0 remaining = 4 countRead = 0
03-10 14:52:39.876 V/QcrilMsgTunnelSocket( 2414): After reading offset = 0 remaining = 4 countRead = 4
03-10 14:52:39.876 D/QcrilMsgTunnelSocket( 2414): messageLength extracted from first 4 inputStream reads = 29
03-10 14:52:39.876 V/QcrilMsgTunnelSocket( 2414): offset = 0 remaining = 29 countRead = 0
03-10 14:52:39.906 V/QcrilMsgTunnelSocket( 2414): offset = 0 remaining = 29 countRead = 29
03-10 14:52:39.906 D/QcrilMsgTunnelSocket( 2414): readRilMessage: Buffer = [B@65548a98 HexData = [0100000004040000110000005155414c434f4d4def0308000100000002]
03-10 14:52:39.906 V/QcrilMsgTunnelSocket( 2414): Read packet: 29 bytes. Data Available = 32 Position = 0
03-10 14:52:39.906 D/QcrilMsgTunnelSocket( 2414): processResponse. message type = 1. Data Available = 28
03-10 14:52:39.906 D/QcrilMsgTunnelSocket( 2414): ByteArray from parcel = 5155414c434f4d4def0308000100000002
03-10 14:52:39.906 D/QcrilMsgTunnelSocket( 2414): Received RIL_UNSOL_OEM_HOOK_RAW message
03-10 14:52:39.906 D/QcrilMsgTunnelSocket( 2414): Oem ID in RIL_UNSOL_OEM_HOOK_RAW is QUALCOMM
03-10 14:52:39.906 D/QcrilMsgTunnelSocket( 2414): OEM ID check Passed
03-10 14:52:39.906 D/QcrilMsgTunnelSocket( 2414): Response ID in RIL_UNSOL_OEM_HOOK_RAW is 525295
03-10 14:52:39.906 D/QcrilMsgTunnelSocket( 2414): Response ID 525295is not served in this process.
03-10 14:52:39.906 D/QcrilMsgTunnelSocket( 2414): To broadcast an Intent via the notifier to external apps
03-10 14:52:39.916 D/QcrilMsgTunnelIfaceManager( 2414): handleMessage what=0
03-10 14:52:39.916 D/QcrilMsgTunnelIfaceManager( 2414): Broadcasting intent ACTION_UNSOL_RESPONSE_OEM_HOOK_RAW
03-10 14:52:39.916 V/QcrilMsgTunnelSocket( 2414): Before reading offset = 0 remaining = 4 countRead = 0
03-10 14:52:40.166 V/QcrilMsgTunnelSocket( 2414): After reading offset = 0 remaining = 4 countRead = 4
03-10 14:52:40.166 D/QcrilMsgTunnelSocket( 2414): messageLength extracted from first 4 inputStream reads = 29
03-10 14:52:40.166 V/QcrilMsgTunnelSocket( 2414): offset = 0 remaining = 29 countRead = 0
03-10 14:52:40.166 V/QcrilMsgTunnelSocket( 2414): offset = 0 remaining = 29 countRead = 29
03-10 14:52:40.166 D/QcrilMsgTunnelSocket( 2414): readRilMessage: Buffer = [B@65548a98 HexData = [0100000004040000110000005155414c434f4d4def0308000100000002]
03-10 14:52:40.166 V/QcrilMsgTunnelSocket( 2414): Read packet: 29 bytes. Data Available = 32 Position = 0
03-10 14:52:40.166 D/QcrilMsgTunnelSocket( 2414): processResponse. message type = 1. Data Available = 28
03-10 14:52:40.166 D/QcrilMsgTunnelSocket( 2414): ByteArray from parcel = 5155414c434f4d4def0308000100000002
03-10 14:52:40.166 D/QcrilMsgTunnelSocket( 2414): Received RIL_UNSOL_OEM_HOOK_RAW message
03-10 14:52:40.176 D/QcrilMsgTunnelSocket( 2414): Oem ID in RIL_UNSOL_OEM_HOOK_RAW is QUALCOMM
03-10 14:52:40.176 D/QcrilMsgTunnelSocket( 2414): OEM ID check Passed
03-10 14:52:40.176 D/QcrilMsgTunnelSocket( 2414): Response ID in RIL_UNSOL_OEM_HOOK_RAW is 525295
03-10 14:52:40.176 D/QcrilMsgTunnelSocket( 2414): Response ID 525295is not served in this process.
03-10 14:52:40.176 D/QcrilMsgTunnelSocket( 2414): To broadcast an Intent via the notifier to external apps
03-10 14:52:40.176 D/QcrilMsgTunnelIfaceManager( 2414): handleMessage what=0
03-10 14:52:40.176 D/QcrilMsgTunnelIfaceManager( 2414): Broadcasting intent ACTION_UNSOL_RESPONSE_OEM_HOOK_RAW
03-10 14:52:40.226 V/QcrilMsgTunnelSocket( 2414): Before reading offset = 0 remaining = 4 countRead = 0
03-10 14:52:40.236 D/AlarmManagerService(  631): Kernel timezone updated to -120 minutes west of GMT
03-10 14:52:40.246 D/MobileDataStateTracker(  631): fota: Broadcast received: android.intent.action.ANY_DATA_STATE apnType=fota
03-10 14:52:40.256 D/MobileDataStateTracker(  631): fota: Received state=DISCONNECTED, old=DISCONNECTED, reason=dataAttached
03-10 14:52:40.256 D/MobileDataStateTracker(  631): dun: Broadcast received: android.intent.action.ANY_DATA_STATE apnType=dun
03-10 14:52:40.256 D/MobileDataStateTracker(  631): dun: Received state=DISCONNECTED, old=DISCONNECTED, reason=dataAttached
03-10 14:52:40.256 D/MobileDataStateTracker(  631): ia: Broadcast received: android.intent.action.ANY_DATA_STATE apnType=ia
03-10 14:52:40.256 D/MobileDataStateTracker(  631): ia: Received state=DISCONNECTED, old=DISCONNECTED, reason=dataAttached
03-10 14:52:40.266 D/MobileDataStateTracker(  631): supl: Broadcast received: android.intent.action.ANY_DATA_STATE apnType=supl
03-10 14:52:40.266 D/MobileDataStateTracker(  631): supl: Received state=DISCONNECTED, old=DISCONNECTED, reason=dataAttached
03-10 14:52:40.266 D/MobileDataStateTracker(  631): hipri: Broadcast received: android.intent.action.ANY_DATA_STATE apnType=hipri
03-10 14:52:40.266 D/MobileDataStateTracker(  631): hipri: Received state=DISCONNECTED, old=DISCONNECTED, reason=dataAttached
03-10 14:52:40.276 D/MobileDataStateTracker(  631): ims: Broadcast received: android.intent.action.ANY_DATA_STATE apnType=ims
03-10 14:52:40.276 D/MobileDataStateTracker(  631): ims: Received state=DISCONNECTED, old=DISCONNECTED, reason=dataAttached
03-10 14:52:40.276 D/MobileDataStateTracker(  631): mms: Broadcast received: android.intent.action.ANY_DATA_STATE apnType=mms
03-10 14:52:40.276 D/MobileDataStateTracker(  631): mms: Received state=DISCONNECTED, old=DISCONNECTED, reason=dataAttached
03-10 14:52:40.276 D/MobileDataStateTracker(  631): cbs: Broadcast received: android.intent.action.ANY_DATA_STATE apnType=cbs
03-10 14:52:40.276 D/MobileDataStateTracker(  631): cbs: Received state=DISCONNECTED, old=DISCONNECTED, reason=dataAttached
03-10 14:52:40.286 D/MobileDataStateTracker(  631): default: Broadcast received: android.intent.action.ANY_DATA_STATE apnType=default
03-10 14:52:40.296 D/MobileDataStateTracker(  631): default: Received state=CONNECTING, old=DISCONNECTED, reason=dataAttached
03-10 14:52:40.296 D/MobileDataStateTracker(  631): default: setDetailed state, old =DISCONNECTED and new state=CONNECTING
03-10 14:52:40.296 D/MobileDataStateTracker(  631): fota: Broadcast received: android.intent.action.ANY_DATA_STATE apnType=fota
03-10 14:52:40.296 D/MobileDataStateTracker(  631): fota: Received state=DISCONNECTED, old=DISCONNECTED, reason=dataAttached
03-10 14:52:40.306 D/MobileDataStateTracker(  631): dun: Broadcast received: android.intent.action.ANY_DATA_STATE apnType=dun
03-10 14:52:40.306 D/MobileDataStateTracker(  631): dun: Received state=DISCONNECTED, old=DISCONNECTED, reason=dataAttached
03-10 14:52:40.306 D/MobileDataStateTracker(  631): ia: Broadcast received: android.intent.action.ANY_DATA_STATE apnType=ia
03-10 14:52:40.306 D/MobileDataStateTracker(  631): ia: Received state=DISCONNECTED, old=DISCONNECTED, reason=dataAttached
03-10 14:52:40.316 D/MobileDataStateTracker(  631): supl: Broadcast received: android.intent.action.ANY_DATA_STATE apnType=supl
03-10 14:52:40.316 D/MobileDataStateTracker(  631): supl: Received state=DISCONNECTED, old=DISCONNECTED, reason=dataAttached
03-10 14:52:40.316 D/MobileDataStateTracker(  631): hipri: Broadcast received: android.intent.action.ANY_DATA_STATE apnType=hipri
03-10 14:52:40.316 D/MobileDataStateTracker(  631): hipri: Received state=DISCONNECTED, old=DISCONNECTED, reason=dataAttached
03-10 14:52:40.316 D/MobileDataStateTracker(  631): ims: Broadcast received: android.intent.action.ANY_DATA_STATE apnType=ims
03-10 14:52:40.326 D/MobileDataStateTracker(  631): ims: Received state=DISCONNECTED, old=DISCONNECTED, reason=dataAttached
03-10 14:52:40.326 D/MobileDataStateTracker(  631): mms: Broadcast received: android.intent.action.ANY_DATA_STATE apnType=mms
03-10 14:52:40.326 D/MobileDataStateTracker(  631): mms: Received state=DISCONNECTED, old=DISCONNECTED, reason=dataAttached
03-10 14:52:40.326 D/MobileDataStateTracker(  631): cbs: Broadcast received: android.intent.action.ANY_DATA_STATE apnType=cbs
03-10 14:52:40.336 D/MobileDataStateTracker(  631): cbs: Received state=DISCONNECTED, old=DISCONNECTED, reason=dataAttached
03-10 14:52:40.976 V/QcrilMsgTunnelSocket( 2414): After reading offset = 0 remaining = 4 countRead = 4
03-10 14:52:40.976 D/QcrilMsgTunnelSocket( 2414): messageLength extracted from first 4 inputStream reads = 29
03-10 14:52:40.976 V/QcrilMsgTunnelSocket( 2414): offset = 0 remaining = 29 countRead = 0
03-10 14:52:40.976 V/QcrilMsgTunnelSocket( 2414): offset = 0 remaining = 29 countRead = 29
03-10 14:52:40.976 D/QcrilMsgTunnelSocket( 2414): readRilMessage: Buffer = [B@65548a98 HexData = [0100000004040000110000005155414c434f4d4def0308000100000002]
03-10 14:52:40.976 V/QcrilMsgTunnelSocket( 2414): Read packet: 29 bytes. Data Available = 32 Position = 0
03-10 14:52:40.976 D/QcrilMsgTunnelSocket( 2414): processResponse. message type = 1. Data Available = 28
03-10 14:52:40.976 D/QcrilMsgTunnelSocket( 2414): ByteArray from parcel = 5155414c434f4d4def0308000100000002
03-10 14:52:40.976 D/QcrilMsgTunnelSocket( 2414): Received RIL_UNSOL_OEM_HOOK_RAW message
03-10 14:52:40.976 D/QcrilMsgTunnelSocket( 2414): Oem ID in RIL_UNSOL_OEM_HOOK_RAW is QUALCOMM
03-10 14:52:40.976 D/QcrilMsgTunnelSocket( 2414): OEM ID check Passed
03-10 14:52:40.976 D/QcrilMsgTunnelSocket( 2414): Response ID in RIL_UNSOL_OEM_HOOK_RAW is 525295
03-10 14:52:40.976 D/QcrilMsgTunnelSocket( 2414): Response ID 525295is not served in this process.
03-10 14:52:40.976 D/QcrilMsgTunnelSocket( 2414): To broadcast an Intent via the notifier to external apps
03-10 14:52:40.976 V/QcrilMsgTunnelSocket( 2414): Before reading offset = 0 remaining = 4 countRead = 0
03-10 14:52:40.986 D/QcrilMsgTunnelIfaceManager( 2414): handleMessage what=0
03-10 14:52:40.986 D/QcrilMsgTunnelIfaceManager( 2414): Broadcasting intent ACTION_UNSOL_RESPONSE_OEM_HOOK_RAW
03-10 14:52:41.056 V/QcrilMsgTunnelSocket( 2414): After reading offset = 0 remaining = 4 countRead = 4
03-10 14:52:41.056 D/QcrilMsgTunnelSocket( 2414): messageLength extracted from first 4 inputStream reads = 29
03-10 14:52:41.056 V/QcrilMsgTunnelSocket( 2414): offset = 0 remaining = 29 countRead = 0
03-10 14:52:41.066 V/QcrilMsgTunnelSocket( 2414): offset = 0 remaining = 29 countRead = 29
03-10 14:52:41.066 D/QcrilMsgTunnelSocket( 2414): readRilMessage: Buffer = [B@65548a98 HexData = [0100000004040000110000005155414c434f4d4def0308000100000002]
03-10 14:52:41.066 V/QcrilMsgTunnelSocket( 2414): Read packet: 29 bytes. Data Available = 32 Position = 0
03-10 14:52:41.066 D/QcrilMsgTunnelSocket( 2414): processResponse. message type = 1. Data Available = 28
03-10 14:52:41.066 D/QcrilMsgTunnelSocket( 2414): ByteArray from parcel = 5155414c434f4d4def0308000100000002
03-10 14:52:41.066 D/QcrilMsgTunnelSocket( 2414): Received RIL_UNSOL_OEM_HOOK_RAW message
03-10 14:52:41.066 D/QcrilMsgTunnelSocket( 2414): Oem ID in RIL_UNSOL_OEM_HOOK_RAW is QUALCOMM
03-10 14:52:41.066 D/QcrilMsgTunnelSocket( 2414): OEM ID check Passed
03-10 14:52:41.066 D/QcrilMsgTunnelSocket( 2414): Response ID in RIL_UNSOL_OEM_HOOK_RAW is 525295
03-10 14:52:41.066 D/QcrilMsgTunnelSocket( 2414): Response ID 525295is not served in this process.
03-10 14:52:41.066 D/QcrilMsgTunnelSocket( 2414): To broadcast an Intent via the notifier to external apps
03-10 14:52:41.066 V/QcrilMsgTunnelSocket( 2414): Before reading offset = 0 remaining = 4 countRead = 0
03-10 14:52:41.066 D/QcrilMsgTunnelIfaceManager( 2414): handleMessage what=0
03-10 14:52:41.066 D/QcrilMsgTunnelIfaceManager( 2414): Broadcasting intent ACTION_UNSOL_RESPONSE_OEM_HOOK_RAW
03-10 14:52:42.226 V/QcrilMsgTunnelSocket( 2414): After reading offset = 0 remaining = 4 countRead = 4
03-10 14:52:42.226 D/QcrilMsgTunnelSocket( 2414): messageLength extracted from first 4 inputStream reads = 29
03-10 14:52:42.226 V/QcrilMsgTunnelSocket( 2414): offset = 0 remaining = 29 countRead = 0
03-10 14:52:42.276 V/QcrilMsgTunnelSocket( 2414): offset = 0 remaining = 29 countRead = 29
03-10 14:52:42.276 D/QcrilMsgTunnelSocket( 2414): readRilMessage: Buffer = [B@65548a98 HexData = [0100000004040000110000005155414c434f4d4def0308000100000002]
03-10 14:52:42.276 V/QcrilMsgTunnelSocket( 2414): Read packet: 29 bytes. Data Available = 32 Position = 0
03-10 14:52:42.276 D/QcrilMsgTunnelSocket( 2414): processResponse. message type = 1. Data Available = 28
03-10 14:52:42.276 D/QcrilMsgTunnelSocket( 2414): ByteArray from parcel = 5155414c434f4d4def0308000100000002
03-10 14:52:42.276 D/QcrilMsgTunnelSocket( 2414): Received RIL_UNSOL_OEM_HOOK_RAW message
03-10 14:52:42.276 D/QcrilMsgTunnelSocket( 2414): Oem ID in RIL_UNSOL_OEM_HOOK_RAW is QUALCOMM
03-10 14:52:42.276 D/QcrilMsgTunnelSocket( 2414): OEM ID check Passed
03-10 14:52:42.276 D/QcrilMsgTunnelSocket( 2414): Response ID in RIL_UNSOL_OEM_HOOK_RAW is 525295
03-10 14:52:42.276 D/QcrilMsgTunnelSocket( 2414): Response ID 525295is not served in this process.
03-10 14:52:42.276 D/QcrilMsgTunnelSocket( 2414): To broadcast an Intent via the notifier to external apps
03-10 14:52:42.276 D/QcrilMsgTunnelIfaceManager( 2414): handleMessage what=0
03-10 14:52:42.276 D/QcrilMsgTunnelIfaceManager( 2414): Broadcasting intent ACTION_UNSOL_RESPONSE_OEM_HOOK_RAW
03-10 14:52:42.276 V/QcrilMsgTunnelSocket( 2414): Before reading offset = 0 remaining = 4 countRead = 0
03-10 14:52:44.036 V/QcrilMsgTunnelSocket( 2414): After reading offset = 0 remaining = 4 countRead = 4
03-10 14:52:44.036 D/QcrilMsgTunnelSocket( 2414): messageLength extracted from first 4 inputStream reads = 29
03-10 14:52:44.036 V/QcrilMsgTunnelSocket( 2414): offset = 0 remaining = 29 countRead = 0
03-10 14:52:44.036 V/QcrilMsgTunnelSocket( 2414): offset = 0 remaining = 29 countRead = 29
03-10 14:52:44.036 D/QcrilMsgTunnelSocket( 2414): readRilMessage: Buffer = [B@65548a98 HexData = [0100000004040000110000005155414c434f4d4def0308000100000002]
03-10 14:52:44.036 V/QcrilMsgTunnelSocket( 2414): Read packet: 29 bytes. Data Available = 32 Position = 0
03-10 14:52:44.036 D/QcrilMsgTunnelSocket( 2414): processResponse. message type = 1. Data Available = 28
03-10 14:52:44.036 D/QcrilMsgTunnelSocket( 2414): ByteArray from parcel = 5155414c434f4d4def0308000100000002
03-10 14:52:44.036 D/QcrilMsgTunnelSocket( 2414): Received RIL_UNSOL_OEM_HOOK_RAW message
03-10 14:52:44.036 D/QcrilMsgTunnelSocket( 2414): Oem ID in RIL_UNSOL_OEM_HOOK_RAW is QUALCOMM
03-10 14:52:44.036 D/QcrilMsgTunnelSocket( 2414): OEM ID check Passed
03-10 14:52:44.036 D/QcrilMsgTunnelSocket( 2414): Response ID in RIL_UNSOL_OEM_HOOK_RAW is 525295
03-10 14:52:44.036 D/QcrilMsgTunnelSocket( 2414): Response ID 525295is not served in this process.
03-10 14:52:44.036 D/QcrilMsgTunnelSocket( 2414): To broadcast an Intent via the notifier to external apps
03-10 14:52:44.036 D/QcrilMsgTunnelIfaceManager( 2414): handleMessage what=0
03-10 14:52:44.036 D/QcrilMsgTunnelIfaceManager( 2414): Broadcasting intent ACTION_UNSOL_RESPONSE_OEM_HOOK_RAW
03-10 14:52:44.036 V/QcrilMsgTunnelSocket( 2414): Before reading offset = 0 remaining = 4 countRead = 0
03-10 14:52:45.406 D/AndroidRuntime( 4922): 
03-10 14:52:45.406 D/AndroidRuntime( 4922): >>>>>> AndroidRuntime START com.android.internal.os.RuntimeInit <<<<<<
03-10 14:52:45.406 D/AndroidRuntime( 4922): CheckJNI is OFF
03-10 14:52:45.406 E/art     ( 4922): Unrecognized option -XX:mainThreadStackSize=24K
03-10 14:52:45.406 W/art     ( 4922): Ignoring unknown -Xgc option: precise
03-10 14:52:45.456 W/art     ( 4922): Failed to find ELF magic in /system/framework/am.odex: dey
03-10 14:52:45.516 W/art     ( 4922): JNI RegisterNativeMethods: attempt to register 0 native methods for android.content.res.Configuration
03-10 14:52:45.536 D/AndroidRuntime( 4922): Calling main entry com.android.commands.am.Am
03-10 14:52:45.536 I/ActivityManager(  631): Force stopping com.android.helloworldlein appid=10014 user=0: from pid 4922
03-10 14:52:45.536 I/ActivityManager(  631): Killing 4649:com.android.helloworldlein/u0a14 (adj 9): stop com.android.helloworldlein
03-10 14:52:45.546 D/AndroidRuntime( 4922): Shutting down VM
03-10 14:52:45.546 E/art     ( 4922): Thread attaching while runtime is shutting down: Binder_1
03-10 14:52:45.546 I/AndroidRuntime( 4922): NOTE: attach of thread 'Binder_1' failed
03-10 14:52:45.776 D/ConnectivityService(  631): handleInetConditionChange: no active default network - ignore
03-10 14:52:46.156 V/QcrilMsgTunnelSocket( 2414): After reading offset = 0 remaining = 4 countRead = 4
03-10 14:52:46.156 D/QcrilMsgTunnelSocket( 2414): messageLength extracted from first 4 inputStream reads = 29
03-10 14:52:46.156 V/QcrilMsgTunnelSocket( 2414): offset = 0 remaining = 29 countRead = 0
03-10 14:52:46.166 V/QcrilMsgTunnelSocket( 2414): offset = 0 remaining = 29 countRead = 29
03-10 14:52:46.166 D/QcrilMsgTunnelSocket( 2414): readRilMessage: Buffer = [B@65548a98 HexData = [0100000004040000110000005155414c434f4d4def0308000100000002]
03-10 14:52:46.166 V/QcrilMsgTunnelSocket( 2414): Read packet: 29 bytes. Data Available = 32 Position = 0
03-10 14:52:46.166 D/QcrilMsgTunnelSocket( 2414): processResponse. message type = 1. Data Available = 28
03-10 14:52:46.166 D/QcrilMsgTunnelSocket( 2414): ByteArray from parcel = 5155414c434f4d4def0308000100000002
03-10 14:52:46.166 D/QcrilMsgTunnelSocket( 2414): Received RIL_UNSOL_OEM_HOOK_RAW message
03-10 14:52:46.166 D/QcrilMsgTunnelSocket( 2414): Oem ID in RIL_UNSOL_OEM_HOOK_RAW is QUALCOMM
