03-10 14:52:46.166 D/QcrilMsgTunnelSocket( 2414): OEM ID check Passed
03-10 14:52:46.166 D/QcrilMsgTunnelSocket( 2414): Response ID in RIL_UNSOL_OEM_HOOK_RAW is 525295
03-10 14:52:46.166 D/QcrilMsgTunnelSocket( 2414): Response ID 525295is not served in this process.
03-10 14:52:46.166 D/QcrilMsgTunnelSocket( 2414): To broadcast an Intent via the notifier to external apps
03-10 14:52:46.166 V/QcrilMsgTunnelSocket( 2414): Before reading offset = 0 remaining = 4 countRead = 0
03-10 14:52:46.176 D/AlarmManagerService(  631): Kernel timezone updated to -120 minutes west of GMT
03-10 14:52:46.186 D/MobileDataStateTracker(  631): default: Broadcast received: android.intent.action.ANY_DATA_STATE apnType=default
03-10 14:52:46.186 D/MobileDataStateTracker(  631): default: Received state=CONNECTING, old=CONNECTING, reason=(unspecified)
03-10 14:52:46.196 D/QcrilMsgTunnelIfaceManager( 2414): handleMessage what=0
03-10 14:52:46.196 D/QcrilMsgTunnelIfaceManager( 2414): Broadcasting intent ACTION_UNSOL_RESPONSE_OEM_HOOK_RAW
03-10 14:52:47.046 D/MobileDataStateTracker(  631): default: Broadcast received: android.intent.action.ANY_DATA_STATE apnType=default
03-10 14:52:47.046 D/MobileDataStateTracker(  631): default: Received state=CONNECTED, old=CONNECTING, reason=connected
03-10 14:52:47.046 D/MobileDataStateTracker(  631): default: setDetailed state, old =CONNECTING and new state=CONNECTED
03-10 14:52:47.046 D/ConnectivityService(  631): ConnectivityChange for mobile: CONNECTED/CONNECTED
03-10 14:52:47.046 D/ConnectivityService(  631): ConnectivityChange checkMobileProvisioning for TYPE_MOBILE or ProvisioningNetwork
03-10 14:52:47.046 D/ConnectivityService(  631): checkMobileProvisioning: E suggestedTimeOutMs=60000
03-10 14:52:47.046 D/ConnectivityService(  631): setProvNotificationVisible: E visible=false networkType=5 extraInfo=null url=null
03-10 14:52:47.046 D/ConnectivityService(  631): checkMobileProvisioning: params={ url=http://clients3.google.com/generate_204 mTimeOutMs=60000 mCb=com.android.server.ConnectivityService$5@662e2478}
03-10 14:52:47.046 D/ConnectivityService(  631): checkMobileProvisioning: X
03-10 14:52:47.056 D/MobileDataStateTracker(  631): default: isProvisioningNetwork: retVal=false
03-10 14:52:47.056 D/ConnectivityService(  631): [CheckMp] isMobileOk: isDefaultProvisioning=false
03-10 14:52:47.056 D/MobileDataStateTracker(  631): hipri: isProvisioningNetwork: retVal=false
03-10 14:52:47.056 D/ConnectivityService(  631): [CheckMp] isMobileOk: isHipriProvisioning=false
03-10 14:52:47.056 D/ConnectivityService(  631): [CheckMp] isMobileOk: start hipri url=http://clients3.google.com/generate_204
03-10 14:52:47.066 D/ConnectivityService(  631): startUsingNetworkFeature reconnecting to 0: enableHIPRI
03-10 14:52:47.076 D/Nat464Xlat(  631): requiresClat: netType=0, hasIPv4Address=true
03-10 14:52:47.076 D/ConnectivityService(  631): startUsingNetworkFeature X: return APN_REQUEST_STARTED
03-10 14:52:47.076 D/MobileDataStateTracker(  631): default: setPolicyDataEnable(enabled=true)
03-10 14:52:47.076 D/MobileDataStateTracker(  631): hipri: Broadcast received: android.intent.action.ANY_DATA_STATE apnType=hipri
03-10 14:52:47.076 D/ConnectivityService(  631): [CheckMp] isMobileOk: hipri started
03-10 14:52:47.086 D/MobileDataStateTracker(  631): hipri: Received state=CONNECTING, old=DISCONNECTED, reason=dataEnabled
03-10 14:52:47.086 D/MobileDataStateTracker(  631): hipri: setDetailed state, old =IDLE and new state=CONNECTING
03-10 14:52:47.086 D/ConnectivityService(  631): [CheckMp] isMobileOk: not connected ni=NetworkInfo: type: mobile_hipri[HSPA+], state: CONNECTING/CONNECTING, reason: dataEnabled, extra: internet.saunalahti, roaming: false, failover: false, isAvailable: true, isConnectedToProvisioningNetwork: false
03-10 14:52:47.086 D/MobileDataStateTracker(  631): fota: Broadcast received: android.intent.action.ANY_DATA_STATE apnType=fota
03-10 14:52:47.096 D/MobileDataStateTracker(  631): fota: Received state=DISCONNECTED, old=DISCONNECTED, reason=dataEnabled
03-10 14:52:47.096 D/MobileDataStateTracker(  631): dun: Broadcast received: android.intent.action.ANY_DATA_STATE apnType=dun
03-10 14:52:47.106 D/MobileDataStateTracker(  631): dun: Received state=DISCONNECTED, old=DISCONNECTED, reason=dataEnabled
03-10 14:52:47.106 D/MobileDataStateTracker(  631): ia: Broadcast received: android.intent.action.ANY_DATA_STATE apnType=ia
03-10 14:52:47.106 D/MobileDataStateTracker(  631): ia: Received state=DISCONNECTED, old=DISCONNECTED, reason=dataEnabled
03-10 14:52:47.106 D/MobileDataStateTracker(  631): supl: Broadcast received: android.intent.action.ANY_DATA_STATE apnType=supl
03-10 14:52:47.116 D/MobileDataStateTracker(  631): supl: Received state=DISCONNECTED, old=DISCONNECTED, reason=dataEnabled
03-10 14:52:47.116 D/MobileDataStateTracker(  631): ims: Broadcast received: android.intent.action.ANY_DATA_STATE apnType=ims
03-10 14:52:47.116 D/MobileDataStateTracker(  631): ims: Received state=DISCONNECTED, old=DISCONNECTED, reason=dataEnabled
03-10 14:52:47.116 D/MobileDataStateTracker(  631): mms: Broadcast received: android.intent.action.ANY_DATA_STATE apnType=mms
03-10 14:52:47.126 D/MobileDataStateTracker(  631): mms: Received state=DISCONNECTED, old=DISCONNECTED, reason=dataEnabled
03-10 14:52:47.126 D/MobileDataStateTracker(  631): cbs: Broadcast received: android.intent.action.ANY_DATA_STATE apnType=cbs
03-10 14:52:47.136 D/MobileDataStateTracker(  631): cbs: Received state=DISCONNECTED, old=DISCONNECTED, reason=dataEnabled
03-10 14:52:47.136 D/MobileDataStateTracker(  631): hipri: Broadcast received: android.intent.action.ANY_DATA_STATE apnType=hipri
03-10 14:52:47.136 D/MobileDataStateTracker(  631): hipri: Received state=CONNECTED, old=CONNECTING, reason=dataEnabled
03-10 14:52:47.136 D/MobileDataStateTracker(  631): hipri: setDetailed state, old =CONNECTING and new state=CONNECTED
03-10 14:52:47.136 D/ConnectivityService(  631): ConnectivityChange for mobile_hipri: CONNECTED/CONNECTED
03-10 14:52:47.146 I/CheckinService( 1232): Preparing to send checkin request
03-10 14:52:47.146 I/EventLogService( 1232): Accumulating logs since 1394455894834
03-10 14:52:47.156 D/AndroidRuntime( 4959): 
03-10 14:52:47.156 D/AndroidRuntime( 4959): >>>>>> AndroidRuntime START com.android.internal.os.RuntimeInit <<<<<<
03-10 14:52:47.156 D/AndroidRuntime( 4959): CheckJNI is OFF
03-10 14:52:47.156 E/art     ( 4959): Unrecognized option -XX:mainThreadStackSize=24K
03-10 14:52:47.156 W/art     ( 4959): Ignoring unknown -Xgc option: precise
03-10 14:52:47.206 W/art     ( 4610): Thread[14,tid=4678,Native,Thread*=0x4b18adb8,peer=0x6579d888,"Thread-491"] attached without supplying a name
03-10 14:52:47.206 W/art     ( 4610): Thread[14,tid=4678,Native,Thread*=0x4b18adb8,peer=0x6579db28,"Thread-492"] attached without supplying a name
03-10 14:52:47.206 W/art     ( 4610): Thread[14,tid=4678,Native,Thread*=0x4b18adb8,peer=0x6579dd88,"Thread-493"] attached without supplying a name
03-10 14:52:47.206 W/art     ( 4610): Thread[14,tid=4678,Native,Thread*=0x4b18adb8,peer=0x6579dfe8,"Thread-494"] attached without supplying a name
03-10 14:52:47.206 W/art     ( 4610): Thread[14,tid=4678,Native,Thread*=0x4b18adb8,peer=0x6579e248,"Thread-495"] attached without supplying a name
03-10 14:52:47.216 W/art     ( 4959): Failed to find ELF magic in /system/framework/am.odex: dey
03-10 14:52:47.236 W/GLSUser ( 1232): GoogleAccountDataService.getToken()
03-10 14:52:47.276 I/CheckinTask( 1232): Sending checkin request (2572 bytes)
03-10 14:52:47.286 W/art     ( 4959): JNI RegisterNativeMethods: attempt to register 0 native methods for android.content.res.Configuration
03-10 14:52:47.286 D/Nat464Xlat(  631): requiresClat: netType=5, hasIPv4Address=true
03-10 14:52:47.286 D/MobileDataStateTracker(  631): default: setPolicyDataEnable(enabled=true)
03-10 14:52:47.296 D/AndroidRuntime( 4959): Calling main entry com.android.commands.am.Am
03-10 14:52:47.296 D/MobileDataStateTracker(  631): default: setPolicyDataEnable(enabled=true)
03-10 14:52:47.296 I/ActivityManager(  631): START u0 {flg=0x10000000 cmp=com.android.helloworldlein/.SplashActivity} from pid 4959
03-10 14:52:47.306 W/NetworkPolicy(  631): shared quota unsupported; generating rule for each iface
03-10 14:52:47.606 I/WindowManager(  631): Screenshot max retries 4 of Token{65d8da80 ActivityRecord{65d7d8e0 u0 com.google.android.googlequicksearchbox/com.google.android.launcher.GEL t1}} appWin=Window{65eb8708 u0 com.google.android.googlequicksearchbox/com.google.android.launcher.GEL} drawState=4
03-10 14:52:47.606 W/WindowManager(  631): Screenshot failure taking screenshot for (1080x1920) to layer 21005
03-10 14:52:47.616 D/AndroidRuntime( 4959): Shutting down VM
03-10 14:52:47.626 W/art     (  182): Could not get current activity
03-10 14:52:47.636 I/ActivityManager(  631): Start proc com.android.helloworldlein for activity com.android.helloworldlein/.SplashActivity: pid=5080 uid=10014 gids={50014}
03-10 14:52:47.646 D/MobileDataStateTracker(  631): default: setPolicyDataEnable(enabled=true)
03-10 14:52:47.816 I/Adreno-EGL( 5080): <qeglDrvAPI_eglInitialize:320>: EGL 1.4 QUALCOMM Build: I0404c4692afb8623f95c43aeb6d5e13ed4b30ddbDate: 11/06/13
03-10 14:52:47.876 D/OpenGLRenderer( 5080): Enabling debug mode 0
03-10 14:52:47.946 I/ActivityManager(  631): Displayed com.android.helloworldlein/.SplashActivity: +337ms
03-10 14:52:47.996 I/art     ( 1232): Heap trim of managed (duration=2.047760ms, advised=348KB) and native (duration=1.616719ms, advised=852KB) heaps. Managed heap utilization of 65%.
03-10 14:52:48.026 W/GLSUser ( 1232): GoogleAccountDataService.getToken()
03-10 14:52:48.046 I/CheckinTask( 1232): Checkin success: https://android.clients.google.com/checkin (1 requests sent)
03-10 14:52:48.086 D/MobileDataStateTracker(  631): hipri: isProvisioningNetwork: retVal=false
03-10 14:52:48.086 D/ConnectivityService(  631): [CheckMp] isMobileOk: isProvisioningNetwork is false, continue
03-10 14:52:48.136 D/ConnectivityService(  631): [CheckMp] isMobileOk: addresses=clients3.google.com/193.229.108.114,clients3.google.com/193.229.108.93,clients3.google.com/193.229.108.84,clients3.google.com/193.229.108.113,clients3.google.com/193.229.108.108,clients3.google.com/193.229.108.88,clients3.google.com/193.229.108.98,clients3.google.com/193.229.108.123,clients3.google.com/193.229.108.109,clients3.google.com/193.229.108.103,clients3.google.com/193.229.108.99,clients3.google.com/193.229.108.119,clients3.google.com/193.229.108.89,clients3.google.com/193.229.108.94,clients3.google.com/193.229.108.104,clients3.google.com/193.229.108.118
03-10 14:52:48.136 D/ConnectivityService(  631): [CheckMp] isMobileOk: linkHasIpv4=true linkHasIpv6=false
03-10 14:52:48.156 D/ConnectivityService(  631): requestRouteToHostAddress ok=true
03-10 14:52:48.156 D/ConnectivityService(  631): [CheckMp] isMobileOk: wait to establish route to hostAddr=clients3.google.com/193.229.108.108
03-10 14:52:48.216 W/art     ( 4610): Thread[14,tid=4678,Native,Thread*=0x4b18adb8,peer=0x6579e4a8,"Thread-496"] attached without supplying a name
03-10 14:52:48.216 W/art     ( 4610): Thread[14,tid=4678,Native,Thread*=0x4b18adb8,peer=0x657a5590,"Thread-497"] attached without supplying a name
03-10 14:52:50.086 D/Tethering(  631): MasterInitialState.processMessage what=3
03-10 14:52:50.086 D/CaptivePortalTracker(  631): NoActiveNetworkState{ when=-1ms what=1 obj=NetworkInfo: type: mobile[HSPA+], state: CONNECTED/CONNECTED, reason: connected, extra: internet.saunalahti, roaming: false, failover: false, isAvailable: true, isConnectedToProvisioningNetwork: false target=com.android.internal.util.StateMachine$SmHandler }
03-10 14:52:50.086 D/CaptivePortalTracker(  631): NoActiveNetworkState not a wifi connectivity change, ignore
03-10 14:52:50.116 W/ActivityThread( 4487): ClassLoader.loadClass: The class loader returned by Thread.getContextClassLoader() may fail for processes that host multiple applications. You should explicitly specify a context class loader. For example: Thread.setContextClassLoader(getClass().getClassLoader());
03-10 14:52:50.196 D/MobileConnectivityChangeReceiver( 4337): onReceive Intent { act=android.net.conn.CONNECTIVITY_CHANGE flg=0x4000010 cmp=com.google.android.setupwizard/.MobileConnectivityChangeReceiver (has extras) }
03-10 14:52:50.196 D/MobileConnectivityChangeReceiver( 4337): onReceive CONNECTIVITY_CHANGE networkType=0
03-10 14:52:50.196 D/MobileConnectivityChangeReceiver( 4337): onReceive CONNECTIVITY_CHANGE: checkConnection
03-10 14:52:50.206 D/YouTube ( 4372): apps.youtube.app.prefetch.PrefetchService$DeviceStateReceiver.onReceive:565 Got device state change intent: android.net.conn.CONNECTIVITY_CHANGE
03-10 14:52:50.226 D/YouTube ( 4372): apps.youtube.app.prefetch.PrefetchService.onStartCommand:167 PrefetchService started at 10 Mar 2014 12:52:50 GMT
03-10 14:52:50.236 D/CheckConnectionTask( 4337): doInBackground: url=http://clients3.google.com/generate_204
03-10 14:52:50.246 D/GCM     ( 1232): GcmService start Intent { act=android.net.conn.CONNECTIVITY_CHANGE flg=0x4000010 cmp=com.google.android.gms/.gcm.GcmService (has extras) } android.net.conn.CONNECTIVITY_CHANGE
03-10 14:52:50.256 D/YouTube ( 4372): apps.youtube.app.prefetch.PrefetchService.p_:245 Download snapshot restored
03-10 14:52:50.266 D/YouTube ( 4372): apps.youtube.app.prefetch.PrefetchService.onDestroy:215 PrefetchService destroyed at 10 Mar 2014 12:52:50 GMT
03-10 14:52:50.266 I/iu.Environment( 3573): update connectivity state; isNetworkMetered? true*, isRoaming? false, isBackgroundDataAllowed? true*
03-10 14:52:50.276 I/widget.provider( 4550): com.devhd.feedly.widget.FeedlyWidgetProvider onReceive: android.net.conn.CONNECTIVITY_CHANGE
03-10 14:52:50.286 I/iu.UploadsManager( 3573): num queued entries: 0
03-10 14:52:50.286 I/iu.UploadsManager( 3573): num updated entries: 0
03-10 14:52:50.286 I/iu.SyncManager( 3573): NEXT; no task
03-10 14:52:50.286 D/Tethering(  631): MasterInitialState.processMessage what=3
03-10 14:52:50.296 D/CaptivePortalTracker(  631): NoActiveNetworkState{ when=-1ms what=1 obj=NetworkInfo: type: mobile_hipri[HSPA+], state: CONNECTED/CONNECTED, reason: dataEnabled, extra: internet.saunalahti, roaming: false, failover: false, isAvailable: true, isConnectedToProvisioningNetwork: false target=com.android.internal.util.StateMachine$SmHandler }
03-10 14:52:50.296 D/CaptivePortalTracker(  631): NoActiveNetworkState not a wifi connectivity change, ignore
03-10 14:52:50.366 I/art     ( 4487): Heap trim of managed (duration=5.232291ms, advised=352KB) and native (duration=8.681094ms, advised=16KB) heaps. Managed heap utilization of 50%.
03-10 14:52:50.396 W/GLSUser ( 1232): GoogleAccountDataService.getToken()
03-10 14:52:50.436 V/GLSUser ( 1232): DEBUG: loginOption to be added: androidPackageName
03-10 14:52:50.436 V/GLSUser ( 1232): DEBUG: loginOption to be added: clientPackageName
03-10 14:52:50.436 V/GLSUser ( 1232): DEBUG: loginOption to be added: handle_notification
03-10 14:52:50.466 D/MobileConnectivityChangeReceiver( 4337): onReceive Intent { act=android.net.conn.CONNECTIVITY_CHANGE flg=0x4000010 cmp=com.google.android.setupwizard/.MobileConnectivityChangeReceiver (has extras) }
03-10 14:52:50.466 D/MobileConnectivityChangeReceiver( 4337): onReceive CONNECTIVITY_CHANGE networkType=5
03-10 14:52:50.486 D/YouTube ( 4372): apps.youtube.app.prefetch.PrefetchService$DeviceStateReceiver.onReceive:565 Got device state change intent: android.net.conn.CONNECTIVITY_CHANGE
03-10 14:52:50.486 D/YouTube ( 4372): apps.youtube.app.prefetch.PrefetchService.onStartCommand:167 PrefetchService started at 10 Mar 2014 12:52:50 GMT
03-10 14:52:50.496 D/GCM     ( 1232): GcmService start Intent { act=android.net.conn.CONNECTIVITY_CHANGE flg=0x4000010 cmp=com.google.android.gms/.gcm.GcmService (has extras) } android.net.conn.CONNECTIVITY_CHANGE
03-10 14:52:50.506 D/YouTube ( 4372): apps.youtube.app.prefetch.PrefetchService.p_:245 Download snapshot restored
03-10 14:52:50.506 I/iu.Environment( 3573): update connectivity state; isNetworkMetered? true, isRoaming? false, isBackgroundDataAllowed? true
03-10 14:52:50.516 D/YouTube ( 4372): apps.youtube.app.prefetch.PrefetchService.onDestroy:215 PrefetchService destroyed at 10 Mar 2014 12:52:50 GMT
03-10 14:52:50.526 I/widget.provider( 4550): com.devhd.feedly.widget.FeedlyWidgetProvider onReceive: android.net.conn.CONNECTIVITY_CHANGE
03-10 14:52:50.556 D/CheckConnectionTask( 4337): doInBackground: resultCode=204 retVal=true
03-10 14:52:50.566 D/CheckConnectionTask( 4337): onPostExecute connected=true
03-10 14:52:50.566 D/CheckConnectionTask( 4337): onPostExecute set preference connected=true
03-10 14:52:50.746 W/GLSUser ( 1232): [ank][ank] Permission for com.google.android.apps.maps to access oauth2:https://www.googleapis.com/auth/mobilemaps.firstparty will be managed locally.
03-10 14:52:51.166 D/ConnectivityService(  631): [CheckMp] isMobileOk: newUrl=https://193.229.108.108/generate_204
03-10 14:52:51.226 E/AndroidRuntime( 5080): FATAL EXCEPTION: Thread-451
03-10 14:52:51.226 E/AndroidRuntime( 5080): Process: com.android.helloworldlein, PID: 5080
03-10 14:52:51.226 E/AndroidRuntime( 5080): java.lang.VerifyError: Rejecting class neko.compilation$clear_cache because it failed compile-time verification (declaration of 'neko.compilation$clear_cache' appears in /data/app/com.android.helloworldlein-1.apk)
03-10 14:52:51.226 E/AndroidRuntime( 5080): 	at neko.compilation__init.load(Unknown Source)
03-10 14:52:51.226 E/AndroidRuntime( 5080): 	at neko.compilation__init.<clinit>(Unknown Source)
03-10 14:52:51.226 E/AndroidRuntime( 5080): 	at java.lang.Class.classForName(Native Method)
03-10 14:52:51.226 E/AndroidRuntime( 5080): 	at java.lang.Class.forName(Class.java:305)
03-10 14:52:51.226 E/AndroidRuntime( 5080): 	at clojure.lang.RT.loadClassForName(RT.java:2145)
03-10 14:52:51.226 E/AndroidRuntime( 5080): 	at clojure.lang.RT.load(RT.java:455)
03-10 14:52:51.226 E/AndroidRuntime( 5080): 	at clojure.lang.RT.load(RT.java:436)
03-10 14:52:51.226 E/AndroidRuntime( 5080): 	at clojure.core$load$fn__5018.invoke(core.clj:5529)
03-10 14:52:51.226 E/AndroidRuntime( 5080): 	at clojure.core$load.doInvoke(core.clj:5529)
03-10 14:52:51.226 E/AndroidRuntime( 5080): 	at clojure.lang.RestFn.invoke(RestFn.java:408)
03-10 14:52:51.226 E/AndroidRuntime( 5080): 	at clojure.core$load_one.invoke(core.clj:5336)
03-10 14:52:51.226 E/AndroidRuntime( 5080): 	at clojure.core$load_lib$fn__4967.invoke(core.clj:5374)
03-10 14:52:51.226 E/AndroidRuntime( 5080): 	at clojure.core$load_lib.doInvoke(core.clj:5374)
03-10 14:52:51.226 E/AndroidRuntime( 5080): 	at clojure.lang.RestFn.applyTo(RestFn.java:142)
03-10 14:52:51.226 E/AndroidRuntime( 5080): 	at clojure.core$apply.invoke(core.clj:619)
03-10 14:52:51.226 E/AndroidRuntime( 5080): 	at clojure.core$load_libs.doInvoke(core.clj:5417)
03-10 14:52:51.226 E/AndroidRuntime( 5080): 	at clojure.lang.RestFn.applyTo(RestFn.java:137)
03-10 14:52:51.226 E/AndroidRuntime( 5080): 	at clojure.core$apply.invoke(core.clj:619)
03-10 14:52:51.226 E/AndroidRuntime( 5080): 	at clojure.core$require.doInvoke(core.clj:5434)
03-10 14:52:51.226 E/AndroidRuntime( 5080): 	at clojure.lang.RestFn.invoke(RestFn.java:408)
03-10 14:52:51.226 E/AndroidRuntime( 5080): 	at neko.init$loading__4910__auto__.invoke(init.clj:12)
03-10 14:52:51.226 E/AndroidRuntime( 5080): 	at neko.init__init.load(Unknown Source)
03-10 14:52:51.226 E/AndroidRuntime( 5080): 	at neko.init__init.<clinit>(Unknown Source)
03-10 14:52:51.226 E/AndroidRuntime( 5080): 	at java.lang.Class.classForName(Native Method)
03-10 14:52:51.226 E/AndroidRuntime( 5080): 	at java.lang.Class.forName(Class.java:305)
03-10 14:52:51.226 E/AndroidRuntime( 5080): 	at clojure.lang.RT.loadClassForName(RT.java:2145)
03-10 14:52:51.226 E/AndroidRuntime( 5080): 	at clojure.lang.RT.load(RT.java:455)
03-10 14:52:51.226 E/AndroidRuntime( 5080): 	at clojure.lang.RT.load(RT.java:436)
03-10 14:52:51.226 E/AndroidRuntime( 5080): 	at clojure.core$load$fn__5018.invoke(core.clj:5529)
03-10 14:52:51.226 E/AndroidRuntime( 5080): 	at clojure.core$load.doInvoke(core.clj:5529)
03-10 14:52:51.226 E/AndroidRuntime( 5080): 	at clojure.lang.RestFn.invoke(RestFn.java:408)
03-10 14:52:51.226 E/AndroidRuntime( 5080): 	at clojure.core$load_one.invoke(core.clj:5336)
03-10 14:52:51.226 E/AndroidRuntime( 5080): 	at clojure.core$load_lib$fn__4967.invoke(core.clj:5374)
03-10 14:52:51.226 E/AndroidRuntime( 5080): 	at clojure.core$load_lib.doInvoke(core.clj:5374)
03-10 14:52:51.226 E/AndroidRuntime( 5080): 	at clojure.lang.RestFn.applyTo(RestFn.java:142)
03-10 14:52:51.226 E/AndroidRuntime( 5080): 	at clojure.core$apply.invoke(core.clj:619)
03-10 14:52:51.226 E/AndroidRuntime( 5080): 	at clojure.core$load_libs.doInvoke(core.clj:5413)
03-10 14:52:51.226 E/AndroidRuntime( 5080): 	at clojure.lang.RestFn.applyTo(RestFn.java:137)
03-10 14:52:51.226 E/AndroidRuntime( 5080): 	at clojure.core$apply.invoke(core.clj:619)
03-10 14:52:51.226 E/AndroidRuntime( 5080): 	at clojure.core$require.doInvoke(core.clj:5434)
03-10 14:52:51.226 E/AndroidRuntime( 5080): 	at clojure.lang.RestFn.invoke(RestFn.java:408)
03-10 14:52:51.226 E/AndroidRuntime( 5080): 	at clojure.lang.Var.invoke(Var.java:415)
03-10 14:52:51.226 E/AndroidRuntime( 5080): 	at com.android.helloworldlein.SplashActivity$1.run(SplashActivity.java:59)
03-10 14:52:51.226 E/AndroidRuntime( 5080): 	at java.lang.Thread.run(Thread.java:811)
03-10 14:52:51.236 W/ActivityManager(  631):   Force finishing activity com.android.helloworldlein/.SplashActivity
03-10 14:52:51.506 D/ConnectivityService(  631): [CheckMp] isMobileOk: hostnameVerify retVal=true hostname=193.229.108.108 orgUriHost=clients3.google.com
03-10 14:52:51.536 I/WindowManager(  631): Screenshot max retries 4 of Token{66354180 ActivityRecord{66354020 u0 com.android.helloworldlein/.SplashActivity t3 f}} appWin=Window{6645ef30 u0 com.android.helloworldlein/com.android.helloworldlein.SplashActivity} drawState=4
03-10 14:52:51.536 W/WindowManager(  631): Screenshot failure taking screenshot for (1080x1920) to layer 21005
03-10 14:52:51.576 D/ConnectivityService(  631): [CheckMp] isMobileOk: headers={null=[HTTP/1.1 204 No Content], Connection=[close], Content-Length=[0], Content-Type=[text/html; charset=UTF-8], Date=[Mon, 10 Mar 2014 12:52:52 GMT], Server=[GFE/2.0], X-Android-Received-Millis=[1394455971576], X-Android-Response-Source=[NETWORK 204], X-Android-Selected-Transport=[http/1.1], X-Android-Sent-Millis=[1394455971528]}
03-10 14:52:51.576 D/ConnectivityService(  631): [CheckMp] isMobileOk: X got expected responseCode=204 result=1
03-10 14:52:51.576 D/ConnectivityService(  631): [CheckMp] isMobileOk: F stop hipri
03-10 14:52:51.576 D/MobileDataStateTracker(  631): default: setEnableFailFastMobileData(enabled=0)
03-10 14:52:51.586 D/ConnectivityService(  631): stopUsingNetworkFeature: teardown net 0: enableHIPRI
03-10 14:52:51.616 D/MobileDataStateTracker(  631): hipri: Broadcast received: android.intent.action.ANY_DATA_STATE apnType=hipri
03-10 14:52:51.616 D/MobileDataStateTracker(  631): hipri: Received state=DISCONNECTED, old=CONNECTED, reason=dataDisabled
03-10 14:52:51.616 D/MobileDataStateTracker(  631): hipri: setDetailed state, old =CONNECTED and new state=DISCONNECTED
03-10 14:52:51.626 D/ConnectivityService(  631): ConnectivityChange for mobile_hipri: DISCONNECTED/DISCONNECTED
03-10 14:52:51.666 D/Nat464Xlat(  631): requiresClat: netType=5, hasIPv4Address=true
03-10 14:52:51.676 D/MobileDataStateTracker(  631): default: setPolicyDataEnable(enabled=true)
03-10 14:52:51.826 D/MobileDataStateTracker(  631): default: setPolicyDataEnable(enabled=true)
03-10 14:52:52.016 D/MobileDataStateTracker(  631): default: setPolicyDataEnable(enabled=true)
03-10 14:52:52.016 D/MobileDataStateTracker(  631): default: setPolicyDataEnable(enabled=true)
03-10 14:52:52.186 I/art     (  631): Heap trim of managed (duration=18.688593ms, advised=4MB) and native (duration=3.706355ms, advised=1404KB) heaps. Managed heap utilization of 65%.
03-10 14:52:54.666 I/art     (  631): Heap trim of managed (duration=16.871146ms, advised=4MB) and native (duration=2.487500ms, advised=1396KB) heaps. Managed heap utilization of 64%.
03-10 14:52:54.676 D/Tethering(  631): MasterInitialState.processMessage what=3
03-10 14:52:54.676 D/CaptivePortalTracker(  631): NoActiveNetworkState{ when=-2ms what=1 obj=NetworkInfo: type: mobile_hipri[HSPA+], state: DISCONNECTED/DISCONNECTED, reason: dataDisabled, extra: internet.saunalahti, roaming: false, failover: false, isAvailable: true, isConnectedToProvisioningNetwork: false target=com.android.internal.util.StateMachine$SmHandler }
03-10 14:52:54.676 D/CaptivePortalTracker(  631): NoActiveNetworkState not a wifi connectivity change, ignore
03-10 14:52:54.686 D/Tethering(  631): MasterInitialState.processMessage what=3
03-10 14:52:54.686 D/CaptivePortalTracker(  631): NoActiveNetworkState{ when=0 what=1 obj=NetworkInfo: type: mobile[HSPA+], state: CONNECTED/CONNECTED, reason: connected, extra: internet.saunalahti, roaming: false, failover: false, isAvailable: true, isConnectedToProvisioningNetwork: false target=com.android.internal.util.StateMachine$SmHandler }
03-10 14:52:54.686 D/CaptivePortalTracker(  631): NoActiveNetworkState not a wifi connectivity change, ignore
03-10 14:52:54.726 D/MobileConnectivityChangeReceiver( 4337): onReceive Intent { act=android.net.conn.CONNECTIVITY_CHANGE flg=0x4000010 cmp=com.google.android.setupwizard/.MobileConnectivityChangeReceiver (has extras) }
03-10 14:52:54.726 D/MobileConnectivityChangeReceiver( 4337): onReceive CONNECTIVITY_CHANGE networkType=5
03-10 14:52:54.726 D/YouTube ( 4372): apps.youtube.app.prefetch.PrefetchService$DeviceStateReceiver.onReceive:565 Got device state change intent: android.net.conn.CONNECTIVITY_CHANGE
03-10 14:52:54.776 D/GCM     ( 1232): GcmService start Intent { act=android.net.conn.CONNECTIVITY_CHANGE flg=0x4000010 cmp=com.google.android.gms/.gcm.GcmService (has extras) } android.net.conn.CONNECTIVITY_CHANGE
03-10 14:52:54.776 D/YouTube ( 4372): apps.youtube.app.prefetch.PrefetchService.onStartCommand:167 PrefetchService started at 10 Mar 2014 12:52:54 GMT
03-10 14:52:54.786 D/YouTube ( 4372): apps.youtube.app.prefetch.PrefetchService.p_:245 Download snapshot restored
03-10 14:52:54.796 D/YouTube ( 4372): apps.youtube.app.prefetch.PrefetchService.onDestroy:215 PrefetchService destroyed at 10 Mar 2014 12:52:54 GMT
03-10 14:52:54.796 I/iu.Environment( 3573): update connectivity state; isNetworkMetered? true, isRoaming? false, isBackgroundDataAllowed? true
03-10 14:52:54.796 I/widget.provider( 4550): com.devhd.feedly.widget.FeedlyWidgetProvider onReceive: android.net.conn.CONNECTIVITY_CHANGE
03-10 14:52:54.876 D/MobileConnectivityChangeReceiver( 4337): onReceive Intent { act=android.net.conn.CONNECTIVITY_CHANGE flg=0x4000010 cmp=com.google.android.setupwizard/.MobileConnectivityChangeReceiver (has extras) }
03-10 14:52:54.876 D/MobileConnectivityChangeReceiver( 4337): onReceive CONNECTIVITY_CHANGE networkType=0
03-10 14:52:54.876 D/MobileConnectivityChangeReceiver( 4337): onReceive CONNECTIVITY_CHANGE: checkConnection
03-10 14:52:54.876 D/CheckConnectionTask( 4337): doInBackground: url=http://clients3.google.com/generate_204
03-10 14:52:54.876 D/YouTube ( 4372): apps.youtube.app.prefetch.PrefetchService$DeviceStateReceiver.onReceive:565 Got device state change intent: android.net.conn.CONNECTIVITY_CHANGE
03-10 14:52:54.886 D/YouTube ( 4372): apps.youtube.app.prefetch.PrefetchService.onStartCommand:167 PrefetchService started at 10 Mar 2014 12:52:54 GMT
03-10 14:52:54.886 D/GCM     ( 1232): GcmService start Intent { act=android.net.conn.CONNECTIVITY_CHANGE flg=0x4000010 cmp=com.google.android.gms/.gcm.GcmService (has extras) } android.net.conn.CONNECTIVITY_CHANGE
03-10 14:52:54.896 D/YouTube ( 4372): apps.youtube.app.prefetch.PrefetchService.p_:245 Download snapshot restored
03-10 14:52:54.896 D/YouTube ( 4372): apps.youtube.app.prefetch.PrefetchService.onDestroy:215 PrefetchService destroyed at 10 Mar 2014 12:52:54 GMT
03-10 14:52:54.976 I/iu.Environment( 3573): update connectivity state; isNetworkMetered? true, isRoaming? false, isBackgroundDataAllowed? true
03-10 14:52:54.986 I/widget.provider( 4550): com.devhd.feedly.widget.FeedlyWidgetProvider onReceive: android.net.conn.CONNECTIVITY_CHANGE
03-10 14:52:54.996 D/CheckConnectionTask( 4337): doInBackground: resultCode=204 retVal=true
03-10 14:52:54.996 D/CheckConnectionTask( 4337): onPostExecute connected=true
03-10 14:52:54.996 D/CheckConnectionTask( 4337): onPostExecute set preference connected=true
03-10 14:52:56.626 D/ConnectivityService(  631): [CheckMp] isMobileOk: X result=1
03-10 14:52:56.626 D/ConnectivityService(  631): [CheckMp] onPostExecute: result=1
03-10 14:52:56.626 D/ConnectivityService(  631): CheckMp.onComplete: result=1
03-10 14:52:56.626 D/ConnectivityService(  631): CheckMp.onComplete: ignore, connected or no connection
03-10 14:52:59.476 V/QcrilMsgTunnelSocket( 2414): After reading offset = 0 remaining = 4 countRead = 4
03-10 14:52:59.476 D/QcrilMsgTunnelSocket( 2414): messageLength extracted from first 4 inputStream reads = 29
03-10 14:52:59.476 V/QcrilMsgTunnelSocket( 2414): offset = 0 remaining = 29 countRead = 0
03-10 14:52:59.476 V/QcrilMsgTunnelSocket( 2414): offset = 0 remaining = 29 countRead = 29
03-10 14:52:59.476 D/QcrilMsgTunnelSocket( 2414): readRilMessage: Buffer = [B@65548a98 HexData = [0100000004040000110000005155414c434f4d4def0308000100000002]
03-10 14:52:59.476 V/QcrilMsgTunnelSocket( 2414): Read packet: 29 bytes. Data Available = 32 Position = 0
03-10 14:52:59.476 D/QcrilMsgTunnelSocket( 2414): processResponse. message type = 1. Data Available = 28
03-10 14:52:59.476 D/QcrilMsgTunnelSocket( 2414): ByteArray from parcel = 5155414c434f4d4def0308000100000002
03-10 14:52:59.476 D/QcrilMsgTunnelSocket( 2414): Received RIL_UNSOL_OEM_HOOK_RAW message
03-10 14:52:59.476 D/QcrilMsgTunnelSocket( 2414): Oem ID in RIL_UNSOL_OEM_HOOK_RAW is QUALCOMM
03-10 14:52:59.476 D/QcrilMsgTunnelSocket( 2414): OEM ID check Passed
03-10 14:52:59.476 D/QcrilMsgTunnelSocket( 2414): Response ID in RIL_UNSOL_OEM_HOOK_RAW is 525295
03-10 14:52:59.476 D/QcrilMsgTunnelSocket( 2414): Response ID 525295is not served in this process.
03-10 14:52:59.476 D/QcrilMsgTunnelSocket( 2414): To broadcast an Intent via the notifier to external apps
03-10 14:52:59.476 V/QcrilMsgTunnelSocket( 2414): Before reading offset = 0 remaining = 4 countRead = 0
03-10 14:52:59.476 D/AlarmManagerService(  631): Kernel timezone updated to -120 minutes west of GMT
03-10 14:52:59.496 D/MobileDataStateTracker(  631): default: Broadcast received: android.intent.action.ANY_DATA_STATE apnType=default
03-10 14:52:59.496 D/MobileDataStateTracker(  631): default: Received state=CONNECTED, old=CONNECTED, reason=(unspecified)
03-10 14:52:59.506 D/QcrilMsgTunnelIfaceManager( 2414): handleMessage what=0
03-10 14:52:59.506 D/QcrilMsgTunnelIfaceManager( 2414): Broadcasting intent ACTION_UNSOL_RESPONSE_OEM_HOOK_RAW
03-10 14:52:59.536 V/QcrilMsgTunnelSocket( 2414): After reading offset = 0 remaining = 4 countRead = 4
03-10 14:52:59.536 D/QcrilMsgTunnelSocket( 2414): messageLength extracted from first 4 inputStream reads = 29
03-10 14:52:59.536 V/QcrilMsgTunnelSocket( 2414): offset = 0 remaining = 29 countRead = 0
03-10 14:52:59.536 V/QcrilMsgTunnelSocket( 2414): offset = 0 remaining = 29 countRead = 29
03-10 14:52:59.536 D/QcrilMsgTunnelSocket( 2414): readRilMessage: Buffer = [B@65548a98 HexData = [0100000004040000110000005155414c434f4d4def0308000100000002]
03-10 14:52:59.536 V/QcrilMsgTunnelSocket( 2414): Read packet: 29 bytes. Data Available = 32 Position = 0
03-10 14:52:59.536 D/QcrilMsgTunnelSocket( 2414): processResponse. message type = 1. Data Available = 28
03-10 14:52:59.536 D/QcrilMsgTunnelSocket( 2414): ByteArray from parcel = 5155414c434f4d4def0308000100000002
03-10 14:52:59.536 D/QcrilMsgTunnelSocket( 2414): Received RIL_UNSOL_OEM_HOOK_RAW message
03-10 14:52:59.536 D/QcrilMsgTunnelSocket( 2414): Oem ID in RIL_UNSOL_OEM_HOOK_RAW is QUALCOMM
03-10 14:52:59.536 D/QcrilMsgTunnelSocket( 2414): OEM ID check Passed
03-10 14:52:59.536 D/QcrilMsgTunnelSocket( 2414): Response ID in RIL_UNSOL_OEM_HOOK_RAW is 525295
03-10 14:52:59.536 D/QcrilMsgTunnelSocket( 2414): Response ID 525295is not served in this process.
03-10 14:52:59.536 D/QcrilMsgTunnelSocket( 2414): To broadcast an Intent via the notifier to external apps
03-10 14:52:59.536 V/QcrilMsgTunnelSocket( 2414): Before reading offset = 0 remaining = 4 countRead = 0
03-10 14:52:59.546 D/QcrilMsgTunnelIfaceManager( 2414): handleMessage what=0
03-10 14:52:59.546 D/QcrilMsgTunnelIfaceManager( 2414): Broadcasting intent ACTION_UNSOL_RESPONSE_OEM_HOOK_RAW
03-10 14:53:00.126 V/QcrilMsgTunnelSocket( 2414): After reading offset = 0 remaining = 4 countRead = 4
03-10 14:53:00.126 D/QcrilMsgTunnelSocket( 2414): messageLength extracted from first 4 inputStream reads = 29
03-10 14:53:00.126 V/QcrilMsgTunnelSocket( 2414): offset = 0 remaining = 29 countRead = 0
03-10 14:53:00.126 V/QcrilMsgTunnelSocket( 2414): offset = 0 remaining = 29 countRead = 29
03-10 14:53:00.136 D/QcrilMsgTunnelSocket( 2414): readRilMessage: Buffer = [B@65548a98 HexData = [0100000004040000110000005155414c434f4d4def0308000100000002]
03-10 14:53:00.136 V/QcrilMsgTunnelSocket( 2414): Read packet: 29 bytes. Data Available = 32 Position = 0
03-10 14:53:00.136 D/QcrilMsgTunnelSocket( 2414): processResponse. message type = 1. Data Available = 28
03-10 14:53:00.136 D/QcrilMsgTunnelSocket( 2414): ByteArray from parcel = 5155414c434f4d4def0308000100000002
03-10 14:53:00.136 D/QcrilMsgTunnelSocket( 2414): Received RIL_UNSOL_OEM_HOOK_RAW message
03-10 14:53:00.136 D/QcrilMsgTunnelSocket( 2414): Oem ID in RIL_UNSOL_OEM_HOOK_RAW is QUALCOMM
03-10 14:53:00.136 D/QcrilMsgTunnelSocket( 2414): OEM ID check Passed
03-10 14:53:00.136 D/QcrilMsgTunnelSocket( 2414): Response ID in RIL_UNSOL_OEM_HOOK_RAW is 525295
03-10 14:53:00.136 D/QcrilMsgTunnelSocket( 2414): Response ID 525295is not served in this process.
03-10 14:53:00.136 D/QcrilMsgTunnelSocket( 2414): To broadcast an Intent via the notifier to external apps
03-10 14:53:00.136 V/QcrilMsgTunnelSocket( 2414): Before reading offset = 0 remaining = 4 countRead = 0
03-10 14:53:00.136 D/QcrilMsgTunnelIfaceManager( 2414): handleMessage what=0
03-10 14:53:00.136 D/QcrilMsgTunnelIfaceManager( 2414): Broadcasting intent ACTION_UNSOL_RESPONSE_OEM_HOOK_RAW
03-10 14:53:04.446 V/QcrilMsgTunnelSocket( 2414): After reading offset = 0 remaining = 4 countRead = 4
03-10 14:53:04.446 D/QcrilMsgTunnelSocket( 2414): messageLength extracted from first 4 inputStream reads = 29
03-10 14:53:04.446 V/QcrilMsgTunnelSocket( 2414): offset = 0 remaining = 29 countRead = 0
03-10 14:53:04.496 D/AlarmManagerService(  631): Kernel timezone updated to -120 minutes west of GMT
03-10 14:53:04.536 D/MobileDataStateTracker(  631): default: Broadcast received: android.intent.action.ANY_DATA_STATE apnType=default
03-10 14:53:04.536 D/MobileDataStateTracker(  631): default: Received state=CONNECTED, old=CONNECTED, reason=(unspecified)
03-10 14:53:04.546 V/QcrilMsgTunnelSocket( 2414): offset = 0 remaining = 29 countRead = 29
03-10 14:53:04.546 D/QcrilMsgTunnelSocket( 2414): readRilMessage: Buffer = [B@65548a98 HexData = [0100000004040000110000005155414c434f4d4def0308000100000001]
03-10 14:53:04.546 V/QcrilMsgTunnelSocket( 2414): Read packet: 29 bytes. Data Available = 32 Position = 0
03-10 14:53:04.546 D/QcrilMsgTunnelSocket( 2414): processResponse. message type = 1. Data Available = 28
03-10 14:53:04.546 D/QcrilMsgTunnelSocket( 2414): ByteArray from parcel = 5155414c434f4d4def0308000100000001
03-10 14:53:04.546 D/QcrilMsgTunnelSocket( 2414): Received RIL_UNSOL_OEM_HOOK_RAW message
03-10 14:53:04.546 D/QcrilMsgTunnelSocket( 2414): Oem ID in RIL_UNSOL_OEM_HOOK_RAW is QUALCOMM
03-10 14:53:04.546 D/QcrilMsgTunnelSocket( 2414): OEM ID check Passed
03-10 14:53:04.546 D/QcrilMsgTunnelSocket( 2414): Response ID in RIL_UNSOL_OEM_HOOK_RAW is 525295
03-10 14:53:04.546 D/QcrilMsgTunnelSocket( 2414): Response ID 525295is not served in this process.
03-10 14:53:04.546 D/QcrilMsgTunnelSocket( 2414): To broadcast an Intent via the notifier to external apps
03-10 14:53:04.546 V/QcrilMsgTunnelSocket( 2414): Before reading offset = 0 remaining = 4 countRead = 0
03-10 14:53:04.546 D/QcrilMsgTunnelIfaceManager( 2414): handleMessage what=0
03-10 14:53:04.546 D/QcrilMsgTunnelIfaceManager( 2414): Broadcasting intent ACTION_UNSOL_RESPONSE_OEM_HOOK_RAW
03-10 14:53:07.596 D/GCM     ( 1232): Connected
03-10 14:53:07.636 I/GCM     ( 1232): GCM message com.google.android.gsf.gtalkservice 
03-10 14:53:07.656 D/GCM     ( 1232): Message class hwi
03-10 14:53:08.106 D/ConnectivityService(  631): handleInetConditionHoldEnd: net=0, condition=100, published condition=0
03-10 14:53:08.166 D/AndroidRuntime( 5351): 
03-10 14:53:08.166 D/AndroidRuntime( 5351): >>>>>> AndroidRuntime START com.android.internal.os.RuntimeInit <<<<<<
03-10 14:53:08.176 D/AndroidRuntime( 5351): CheckJNI is OFF
03-10 14:53:08.176 E/art     ( 5351): Unrecognized option -XX:mainThreadStackSize=24K
03-10 14:53:08.176 W/art     ( 5351): Ignoring unknown -Xgc option: precise
03-10 14:53:08.226 W/art     ( 5351): Failed to find ELF magic in /system/framework/am.odex: dey
03-10 14:53:08.296 W/art     ( 5351): JNI RegisterNativeMethods: attempt to register 0 native methods for android.content.res.Configuration
03-10 14:53:08.306 D/AndroidRuntime( 5351): Calling main entry com.android.commands.am.Am
03-10 14:53:08.306 D/AndroidRuntime( 5351): Shutting down VM
03-10 14:53:08.306 I/ActivityManager(  631): Force stopping com.android.helloworldlein appid=10014 user=0: from pid 5351
03-10 14:53:08.306 I/ActivityManager(  631): Killing 5080:com.android.helloworldlein/u0a14 (adj 15): stop com.android.helloworldlein
03-10 14:53:09.856 D/AndroidRuntime( 5384): 
03-10 14:53:09.856 D/AndroidRuntime( 5384): >>>>>> AndroidRuntime START com.android.internal.os.RuntimeInit <<<<<<
03-10 14:53:09.866 D/AndroidRuntime( 5384): CheckJNI is OFF
03-10 14:53:09.866 E/art     ( 5384): Unrecognized option -XX:mainThreadStackSize=24K
03-10 14:53:09.866 W/art     ( 5384): Ignoring unknown -Xgc option: precise
03-10 14:53:09.906 W/art     ( 5384): Failed to find ELF magic in /system/framework/am.odex: dey
03-10 14:53:09.976 W/art     ( 5384): JNI RegisterNativeMethods: attempt to register 0 native methods for android.content.res.Configuration
03-10 14:53:09.986 D/AndroidRuntime( 5384): Calling main entry com.android.commands.am.Am
03-10 14:53:09.996 I/ActivityManager(  631): START u0 {flg=0x10000000 cmp=com.android.helloworldlein/.SplashActivity} from pid 5384
03-10 14:53:10.306 I/WindowManager(  631): Screenshot max retries 4 of Token{65d8da80 ActivityRecord{65d7d8e0 u0 com.google.android.googlequicksearchbox/com.google.android.launcher.GEL t1}} appWin=Window{65eb8708 u0 com.google.android.googlequicksearchbox/com.google.android.launcher.GEL} drawState=4
03-10 14:53:10.306 W/WindowManager(  631): Screenshot failure taking screenshot for (1080x1920) to layer 21005
03-10 14:53:10.316 D/AndroidRuntime( 5384): Shutting down VM
03-10 14:53:10.356 W/art     (  182): Could not get current activity
03-10 14:53:10.366 I/ActivityManager(  631): Start proc com.android.helloworldlein for activity com.android.helloworldlein/.SplashActivity: pid=5398 uid=10014 gids={50014}
03-10 14:53:10.546 I/Adreno-EGL( 5398): <qeglDrvAPI_eglInitialize:320>: EGL 1.4 QUALCOMM Build: I0404c4692afb8623f95c43aeb6d5e13ed4b30ddbDate: 11/06/13
03-10 14:53:10.606 D/OpenGLRenderer( 5398): Enabling debug mode 0
03-10 14:53:10.696 I/ActivityManager(  631): Displayed com.android.helloworldlein/.SplashActivity: +391ms
03-10 14:53:12.016 V/QcrilMsgTunnelSocket( 2414): After reading offset = 0 remaining = 4 countRead = 4
03-10 14:53:12.016 D/QcrilMsgTunnelSocket( 2414): messageLength extracted from first 4 inputStream reads = 29
03-10 14:53:12.016 V/QcrilMsgTunnelSocket( 2414): offset = 0 remaining = 29 countRead = 0
03-10 14:53:12.016 V/QcrilMsgTunnelSocket( 2414): offset = 0 remaining = 29 countRead = 29
03-10 14:53:12.016 D/QcrilMsgTunnelSocket( 2414): readRilMessage: Buffer = [B@65548a98 HexData = [0100000004040000110000005155414c434f4d4def0308000100000002]
03-10 14:53:12.016 V/QcrilMsgTunnelSocket( 2414): Read packet: 29 bytes. Data Available = 32 Position = 0
03-10 14:53:12.016 D/QcrilMsgTunnelSocket( 2414): processResponse. message type = 1. Data Available = 28
03-10 14:53:12.016 D/QcrilMsgTunnelSocket( 2414): ByteArray from parcel = 5155414c434f4d4def0308000100000002
03-10 14:53:12.016 D/QcrilMsgTunnelSocket( 2414): Received RIL_UNSOL_OEM_HOOK_RAW message
03-10 14:53:12.016 D/QcrilMsgTunnelSocket( 2414): Oem ID in RIL_UNSOL_OEM_HOOK_RAW is QUALCOMM
03-10 14:53:12.016 D/QcrilMsgTunnelSocket( 2414): OEM ID check Passed
03-10 14:53:12.016 D/QcrilMsgTunnelSocket( 2414): Response ID in RIL_UNSOL_OEM_HOOK_RAW is 525295
03-10 14:53:12.016 D/QcrilMsgTunnelSocket( 2414): Response ID 525295is not served in this process.
03-10 14:53:12.016 D/QcrilMsgTunnelSocket( 2414): To broadcast an Intent via the notifier to external apps
03-10 14:53:12.016 V/QcrilMsgTunnelSocket( 2414): Before reading offset = 0 remaining = 4 countRead = 0
03-10 14:53:12.016 D/QcrilMsgTunnelIfaceManager( 2414): handleMessage what=0
03-10 14:53:12.016 D/QcrilMsgTunnelIfaceManager( 2414): Broadcasting intent ACTION_UNSOL_RESPONSE_OEM_HOOK_RAW
03-10 14:53:12.046 D/AlarmManagerService(  631): Kernel timezone updated to -120 minutes west of GMT
03-10 14:53:12.056 D/MobileDataStateTracker(  631): default: Broadcast received: android.intent.action.ANY_DATA_STATE apnType=default
03-10 14:53:12.056 D/MobileDataStateTracker(  631): default: Received state=CONNECTED, old=CONNECTED, reason=(unspecified)
03-10 14:53:12.106 V/QcrilMsgTunnelSocket( 2414): After reading offset = 0 remaining = 4 countRead = 4
03-10 14:53:12.106 D/QcrilMsgTunnelSocket( 2414): messageLength extracted from first 4 inputStream reads = 29
03-10 14:53:12.106 V/QcrilMsgTunnelSocket( 2414): offset = 0 remaining = 29 countRead = 0
03-10 14:53:12.106 V/QcrilMsgTunnelSocket( 2414): offset = 0 remaining = 29 countRead = 29
03-10 14:53:12.106 D/QcrilMsgTunnelSocket( 2414): readRilMessage: Buffer = [B@65548a98 HexData = [0100000004040000110000005155414c434f4d4def0308000100000002]
03-10 14:53:12.106 V/QcrilMsgTunnelSocket( 2414): Read packet: 29 bytes. Data Available = 32 Position = 0
03-10 14:53:12.106 D/QcrilMsgTunnelSocket( 2414): processResponse. message type = 1. Data Available = 28
03-10 14:53:12.106 D/QcrilMsgTunnelSocket( 2414): ByteArray from parcel = 5155414c434f4d4def0308000100000002
03-10 14:53:12.106 D/QcrilMsgTunnelSocket( 2414): Received RIL_UNSOL_OEM_HOOK_RAW message
03-10 14:53:12.106 D/QcrilMsgTunnelSocket( 2414): Oem ID in RIL_UNSOL_OEM_HOOK_RAW is QUALCOMM
03-10 14:53:12.106 D/QcrilMsgTunnelSocket( 2414): OEM ID check Passed
03-10 14:53:12.106 D/QcrilMsgTunnelSocket( 2414): Response ID in RIL_UNSOL_OEM_HOOK_RAW is 525295
03-10 14:53:12.106 D/QcrilMsgTunnelSocket( 2414): Response ID 525295is not served in this process.
03-10 14:53:12.106 D/QcrilMsgTunnelSocket( 2414): To broadcast an Intent via the notifier to external apps
03-10 14:53:12.106 V/QcrilMsgTunnelSocket( 2414): Before reading offset = 0 remaining = 4 countRead = 0
03-10 14:53:12.106 D/QcrilMsgTunnelIfaceManager( 2414): handleMessage what=0
03-10 14:53:12.106 D/QcrilMsgTunnelIfaceManager( 2414): Broadcasting intent ACTION_UNSOL_RESPONSE_OEM_HOOK_RAW
03-10 14:53:12.916 V/QcrilMsgTunnelSocket( 2414): After reading offset = 0 remaining = 4 countRead = 4
03-10 14:53:12.916 D/QcrilMsgTunnelSocket( 2414): messageLength extracted from first 4 inputStream reads = 29
03-10 14:53:12.916 V/QcrilMsgTunnelSocket( 2414): offset = 0 remaining = 29 countRead = 0
03-10 14:53:12.916 V/QcrilMsgTunnelSocket( 2414): offset = 0 remaining = 29 countRead = 29
03-10 14:53:12.916 D/QcrilMsgTunnelSocket( 2414): readRilMessage: Buffer = [B@65548a98 HexData = [0100000004040000110000005155414c434f4d4def0308000100000002]
03-10 14:53:12.916 V/QcrilMsgTunnelSocket( 2414): Read packet: 29 bytes. Data Available = 32 Position = 0
03-10 14:53:12.916 D/QcrilMsgTunnelSocket( 2414): processResponse. message type = 1. Data Available = 28
03-10 14:53:12.916 D/QcrilMsgTunnelSocket( 2414): ByteArray from parcel = 5155414c434f4d4def0308000100000002
03-10 14:53:12.916 D/QcrilMsgTunnelSocket( 2414): Received RIL_UNSOL_OEM_HOOK_RAW message
03-10 14:53:12.916 D/QcrilMsgTunnelSocket( 2414): Oem ID in RIL_UNSOL_OEM_HOOK_RAW is QUALCOMM
03-10 14:53:12.916 D/QcrilMsgTunnelSocket( 2414): OEM ID check Passed
03-10 14:53:12.916 D/QcrilMsgTunnelSocket( 2414): Response ID in RIL_UNSOL_OEM_HOOK_RAW is 525295
03-10 14:53:12.916 D/QcrilMsgTunnelSocket( 2414): Response ID 525295is not served in this process.
03-10 14:53:12.916 D/QcrilMsgTunnelSocket( 2414): To broadcast an Intent via the notifier to external apps
03-10 14:53:12.916 V/QcrilMsgTunnelSocket( 2414): Before reading offset = 0 remaining = 4 countRead = 0
03-10 14:53:12.916 D/QcrilMsgTunnelIfaceManager( 2414): handleMessage what=0
03-10 14:53:12.916 D/QcrilMsgTunnelIfaceManager( 2414): Broadcasting intent ACTION_UNSOL_RESPONSE_OEM_HOOK_RAW
03-10 14:53:13.946 E/AndroidRuntime( 5398): FATAL EXCEPTION: Thread-456
03-10 14:53:13.946 E/AndroidRuntime( 5398): Process: com.android.helloworldlein, PID: 5398
03-10 14:53:13.946 E/AndroidRuntime( 5398): java.lang.VerifyError: Rejecting class neko.compilation$clear_cache because it failed compile-time verification (declaration of 'neko.compilation$clear_cache' appears in /data/app/com.android.helloworldlein-1.apk)
03-10 14:53:13.946 E/AndroidRuntime( 5398): 	at neko.compilation__init.load(Unknown Source)
03-10 14:53:13.946 E/AndroidRuntime( 5398): 	at neko.compilation__init.<clinit>(Unknown Source)
03-10 14:53:13.946 E/AndroidRuntime( 5398): 	at java.lang.Class.classForName(Native Method)
03-10 14:53:13.946 E/AndroidRuntime( 5398): 	at java.lang.Class.forName(Class.java:305)
03-10 14:53:13.946 E/AndroidRuntime( 5398): 	at clojure.lang.RT.loadClassForName(RT.java:2145)
03-10 14:53:13.946 E/AndroidRuntime( 5398): 	at clojure.lang.RT.load(RT.java:455)
03-10 14:53:13.946 E/AndroidRuntime( 5398): 	at clojure.lang.RT.load(RT.java:436)
03-10 14:53:13.946 E/AndroidRuntime( 5398): 	at clojure.core$load$fn__5018.invoke(core.clj:5529)
03-10 14:53:13.946 E/AndroidRuntime( 5398): 	at clojure.core$load.doInvoke(core.clj:5529)
03-10 14:53:13.946 E/AndroidRuntime( 5398): 	at clojure.lang.RestFn.invoke(RestFn.java:408)
03-10 14:53:13.946 E/AndroidRuntime( 5398): 	at clojure.core$load_one.invoke(core.clj:5336)
03-10 14:53:13.946 E/AndroidRuntime( 5398): 	at clojure.core$load_lib$fn__4967.invoke(core.clj:5374)
03-10 14:53:13.946 E/AndroidRuntime( 5398): 	at clojure.core$load_lib.doInvoke(core.clj:5374)
03-10 14:53:13.946 E/AndroidRuntime( 5398): 	at clojure.lang.RestFn.applyTo(RestFn.java:142)
03-10 14:53:13.946 E/AndroidRuntime( 5398): 	at clojure.core$apply.invoke(core.clj:619)
03-10 14:53:13.946 E/AndroidRuntime( 5398): 	at clojure.core$load_libs.doInvoke(core.clj:5417)
03-10 14:53:13.946 E/AndroidRuntime( 5398): 	at clojure.lang.RestFn.applyTo(RestFn.java:137)
03-10 14:53:13.946 E/AndroidRuntime( 5398): 	at clojure.core$apply.invoke(core.clj:619)
03-10 14:53:13.946 E/AndroidRuntime( 5398): 	at clojure.core$require.doInvoke(core.clj:5434)
03-10 14:53:13.946 E/AndroidRuntime( 5398): 	at clojure.lang.RestFn.invoke(RestFn.java:408)
03-10 14:53:13.946 E/AndroidRuntime( 5398): 	at neko.init$loading__4910__auto__.invoke(init.clj:12)
03-10 14:53:13.946 E/AndroidRuntime( 5398): 	at neko.init__init.load(Unknown Source)
03-10 14:53:13.946 E/AndroidRuntime( 5398): 	at neko.init__init.<clinit>(Unknown Source)
03-10 14:53:13.946 E/AndroidRuntime( 5398): 	at java.lang.Class.classForName(Native Method)
03-10 14:53:13.946 E/AndroidRuntime( 5398): 	at java.lang.Class.forName(Class.java:305)
03-10 14:53:13.946 E/AndroidRuntime( 5398): 	at clojure.lang.RT.loadClassForName(RT.java:2145)
03-10 14:53:13.946 E/AndroidRuntime( 5398): 	at clojure.lang.RT.load(RT.java:455)
03-10 14:53:13.946 E/AndroidRuntime( 5398): 	at clojure.lang.RT.load(RT.java:436)
03-10 14:53:13.946 E/AndroidRuntime( 5398): 	at clojure.core$load$fn__5018.invoke(core.clj:5529)
03-10 14:53:13.946 E/AndroidRuntime( 5398): 	at clojure.core$load.doInvoke(core.clj:5529)
03-10 14:53:13.946 E/AndroidRuntime( 5398): 	at clojure.lang.RestFn.invoke(RestFn.java:408)
03-10 14:53:13.946 E/AndroidRuntime( 5398): 	at clojure.core$load_one.invoke(core.clj:5336)
03-10 14:53:13.946 E/AndroidRuntime( 5398): 	at clojure.core$load_lib$fn__4967.invoke(core.clj:5374)
03-10 14:53:13.946 E/AndroidRuntime( 5398): 	at clojure.core$load_lib.doInvoke(core.clj:5374)
03-10 14:53:13.946 E/AndroidRuntime( 5398): 	at clojure.lang.RestFn.applyTo(RestFn.java:142)
03-10 14:53:13.946 E/AndroidRuntime( 5398): 	at clojure.core$apply.invoke(core.clj:619)
03-10 14:53:13.946 E/AndroidRuntime( 5398): 	at clojure.core$load_libs.doInvoke(core.clj:5413)
03-10 14:53:13.946 E/AndroidRuntime( 5398): 	at clojure.lang.RestFn.applyTo(RestFn.java:137)
03-10 14:53:13.946 E/AndroidRuntime( 5398): 	at clojure.core$apply.invoke(core.clj:619)
03-10 14:53:13.946 E/AndroidRuntime( 5398): 	at clojure.core$require.doInvoke(core.clj:5434)
03-10 14:53:13.946 E/AndroidRuntime( 5398): 	at clojure.lang.RestFn.invoke(RestFn.java:408)
03-10 14:53:13.946 E/AndroidRuntime( 5398): 	at clojure.lang.Var.invoke(Var.java:415)
03-10 14:53:13.946 E/AndroidRuntime( 5398): 	at com.android.helloworldlein.SplashActivity$1.run(SplashActivity.java:59)
03-10 14:53:13.946 E/AndroidRuntime( 5398): 	at java.lang.Thread.run(Thread.java:811)
03-10 14:53:13.956 W/ActivityManager(  631):   Force finishing activity com.android.helloworldlein/.SplashActivity
