03-10 14:51:33.556 D/QC-time-services(  198): Daemon: delta 1385149036563 genoff 1385149036563 
03-10 14:51:33.556 D/QC-time-services(  198): Daemon:genoff_persistent_update: Writing genoff = 1385149036563 to memory
03-10 14:51:33.556 D/QC-time-services(  198): Daemon:Opening File: /data/system/time/ats_2
03-10 14:51:33.556 D/QC-time-services(  198): Daemon:time_persistent_memory_opr:Genoff write operation 
03-10 14:51:33.566 D/QC-time-services(  198): Updating the TOD offset
03-10 14:51:33.566 D/QC-time-services(  198): Daemon:genoff_persistent_update: Writing genoff = 1385149036563 to memory
03-10 14:51:33.566 D/QC-time-services(  198): Daemon:Opening File: /data/system/time/ats_1
03-10 14:51:33.566 D/QC-time-services(  198): Daemon:time_persistent_memory_opr:Genoff write operation 
03-10 14:51:33.566 D/QC-time-services(  198): Daemon:Update to modem bit set
03-10 14:51:33.566 D/QC-time-services(  198): Daemon:genoff_send_modem: Sending data to MODEM !
03-10 14:51:33.566 D/QC-time-services(  198): Daemon: Base = 2, Value being sent to MODEM = 1078491093563
03-10 14:51:33.566 E/QC-time-services( 3329): Receive Passed == base = 2, unit = 1, operation = 0, result = 0
03-10 14:51:33.566 D/QC-time-services(  198): Daemon: Time-services: Waiting to acceptconnection
03-10 14:51:33.566 D/QC-time-services(  198): Daemon:tod_update_ind_cb: Got Update from modem msg_id 40
03-10 14:51:33.576 V/KeepAlert( 2494): Action android.intent.action.TIME_SET
03-10 14:51:33.576 D/GCM     ( 1232): GcmService start Intent { act=com.google.android.gms.INITIALIZE flg=0x10 pkg=com.google.android.gms cmp=com.google.android.gms/.gcm.GcmService } com.google.android.gms.INITIALIZE
03-10 14:51:33.596 D/AlertReceiver( 2690): onReceive: a=android.intent.action.PROVIDER_CHANGED Intent { act=android.intent.action.PROVIDER_CHANGED dat=content://com.android.calendar flg=0x10 cmp=com.google.android.calendar/com.android.calendar.alerts.AlertReceiver }
03-10 14:51:33.606 D/AlertService( 2690): 0 Action = android.intent.action.PROVIDER_CHANGED
03-10 14:51:33.606 I/ActivityManager(  631): Killing 2586:com.google.android.youtube/u0a73 (adj 15): empty #17
03-10 14:51:33.656 W/ActivityThread( 1292): ClassLoader.loadClass: The class loader returned by Thread.getContextClassLoader() may fail for processes that host multiple applications. You should explicitly specify a context class loader. For example: Thread.setContextClassLoader(getClass().getClassLoader());
03-10 14:51:33.656 D/MobileDataStateTracker(  631): default: setPolicyDataEnable(enabled=true)
03-10 14:51:33.726 I/ActivityManager(  631): Start proc com.google.android.music:main for broadcast com.google.android.music/.store.MediaStoreImportService$Receiver: pid=3359 uid=10060 gids={50060, 3003, 1028, 1015}
03-10 14:51:34.086 I/MusicStore( 3359): Database version: 85
03-10 14:51:34.136 W/ContextImpl( 3359): Implicit intents with startService are not safe: Intent { act=com.google.android.music.PREFERENCE_SERVICE } android.content.ContextWrapper.bindService:517 com.google.android.music.utils.SafeServiceConnection$ServiceConnectionImp.bindService:98 com.google.android.music.utils.SafeServiceConnection.bindService:259 
03-10 14:51:34.186 W/ContextImpl( 3359): Implicit intents with startService are not safe: Intent { act=com.google.android.music.NETWORK_MONITOR_SERVICE } android.content.ContextWrapper.bindService:517 com.google.android.music.utils.SafeServiceConnection$ServiceConnectionImp.bindService:98 com.google.android.music.utils.SafeServiceConnection.bindService:259 
03-10 14:51:34.196 I/ActivityManager(  631): Waited long enough for: ServiceRecord{66351730 u0 com.google.android.calendar/com.android.calendar.alerts.InitAlarmsService}
03-10 14:51:34.356 I/MediaRouter( 3359): Found default route: MediaRouter.RouteInfo{ uniqueId=android/.support.v7.media.SystemMediaRouteProvider:DEFAULT_ROUTE, name=Phone, description=null, enabled=true, connecting=false, playbackType=0, playbackStream=3, volumeHandling=1, volume=0, volumeMax=15, presentationDisplayId=-1, extras=null, providerPackageName=android }
03-10 14:51:34.456 I/CastUtils( 3359): Removing provider: MediaRouter.RouteProviderInfo{ packageName=com.google.android.gms }
03-10 14:51:34.636 W/art     (  182): Could not get current activity
03-10 14:51:34.646 I/ActivityManager(  631): Start proc com.google.android.setupwizard for broadcast com.google.android.setupwizard/.MobileConnectivityChangeReceiver: pid=3408 uid=10017 gids={50017, 3003}
03-10 14:51:34.696 W/art     ( 3408): Failed to find ELF magic in /system/priv-app/SetupWizard.odex: dey
03-10 14:51:34.726 D/MobileConnectivityChangeReceiver( 3408): onReceive Intent { act=android.net.conn.CONNECTIVITY_CHANGE flg=0x4000010 cmp=com.google.android.setupwizard/.MobileConnectivityChangeReceiver (has extras) }
03-10 14:51:34.726 D/MobileConnectivityChangeReceiver( 3408): onReceive CONNECTIVITY_CHANGE networkType=0
03-10 14:51:34.726 D/MobileConnectivityChangeReceiver( 3408): onReceive CONNECTIVITY_CHANGE: checkConnection
03-10 14:51:34.736 E/PhoneMonitor( 3408): onOtaspChanged old =0, new =3
03-10 14:51:34.736 V/PhoneMonitor( 3408): mOtaspPhoneStateListener#onOtaspChanged, mOtaspMode=3
03-10 14:51:34.746 I/MediaStoreImporter( 3359): Update: incremental Added music: 0 Updated music: 0 Deleted music: 0 Created playlists: 0 Updated playlists: 0 Deleted playlists: 0 Inserted playlist items: 0 Deleted playlist items: 0 Removed orphaned playlist items: 0
03-10 14:51:34.756 I/ActivityManager(  631): Start proc com.google.android.youtube for broadcast com.google.android.youtube/com.google.android.apps.youtube.app.prefetch.PrefetchService$DeviceStateReceiver: pid=3439 uid=10073 gids={50073, 3003, 1028, 1015}
03-10 14:51:34.766 D/CheckConnectionTask( 3408): doInBackground: url=http://clients3.google.com/generate_204
03-10 14:51:34.766 I/CheckinService( 1232): Preparing to send checkin request
03-10 14:51:34.766 I/EventLogService( 1232): Accumulating logs since 1394455600181
03-10 14:51:34.766 I/ActivityManager(  631): Killing 2815:com.google.android.gms.ui/u0a7 (adj 15): empty #17
03-10 14:51:34.826 W/EventLogAggregator( 1232): Unknown tag: SYSTEM_AUDIT
03-10 14:51:34.896 W/GLSUser ( 1232): GoogleAccountDataService.getToken()
03-10 14:51:34.926 D/YouTube ( 3439): apps.youtube.core.utils.bh.a:41 HttpClient.UserAgent: com.google.android.youtube/5.3.32(Linux; U; Android 4.4.2; en_IN; Nexus 5 Build/KOT49H)
03-10 14:51:34.956 D/YouTube ( 3439): apps.youtube.core.utils.bh.a:41 HttpClient.UserAgent: com.google.android.youtube/5.3.32(Linux; U; Android 4.4.2; en_IN; Nexus 5 Build/KOT49H)
03-10 14:51:34.976 I/CheckinTask( 1232): Sending checkin request (21545 bytes)
03-10 14:51:35.106 D/YouTube ( 3439): apps.youtube.core.client.y.a:114 event [version=5.3.32-s2000, action=Startup, label=NORMAL_STARTUP, value=-1]
03-10 14:51:35.166 D/YouTube ( 3439): apps.youtube.core.cache.f.run:163 Cache is below limit, no need to shrink: [size=5201654, limit=20971520]
03-10 14:51:35.226 D/CheckConnectionTask( 3408): doInBackground: resultCode=204 retVal=true
03-10 14:51:35.226 D/CheckConnectionTask( 3408): onPostExecute connected=true
03-10 14:51:35.226 D/CheckConnectionTask( 3408): onPostExecute set preference connected=true
03-10 14:51:35.316 D/GCM     ( 1232): Connected
03-10 14:51:35.336 I/GCM     ( 1232): GCM message com.google.android.gsf.gtalkservice 
03-10 14:51:35.366 I/dex2oat ( 3480): dex2oat: /data/data/com.google.android.youtube/cache/ads692228457.dex
03-10 14:51:35.366 D/GCM     ( 1232): Message class hwi
03-10 14:51:35.436 W/ActivityThread( 1232): ClassLoader.loadClass: The class loader returned by Thread.getContextClassLoader() may fail for processes that host multiple applications. You should explicitly specify a context class loader. For example: Thread.setContextClassLoader(getClass().getClassLoader());
03-10 14:51:35.586 I/GoogleConversionPing( 3439): Pinging: http://www.googleadservices.com/pagead/conversion/1001680686/?label=4dahCKKczAYQrt7R3QM&value=&muid=lOR1YT1J7380QCofupCa2g&bundleid=com.google.android.youtube&appversion=5.3.32&osversion=4.4.2&sdkversion=ct-sdk-a-v1.1.0&remarketing_only=1&timestamp=1394455895&data=screen_name%3D%3CAndroid_YT_Open_App%3E
03-10 14:51:35.686 D/YouTube ( 3439): apps.youtube.app.prefetch.PrefetchService$DeviceStateReceiver.onReceive:565 Got device state change intent: android.net.conn.CONNECTIVITY_CHANGE
03-10 14:51:35.696 D/YouTube ( 3439): apps.youtube.core.transfer.TransferService.onCreate:108 creating transfer service
03-10 14:51:35.716 D/GCM     ( 1232): GcmService start Intent { act=android.net.conn.CONNECTIVITY_CHANGE flg=0x4000010 cmp=com.google.android.gms/.gcm.GcmService (has extras) } android.net.conn.CONNECTIVITY_CHANGE
03-10 14:51:35.746 I/Icing   ( 1259): Indexing A0DFF7A479489E0E9E8CF33BD7C972B2FF32644C from com.google.android.music
03-10 14:51:35.746 I/ActivityManager(  631): Start proc com.google.android.apps.magazines for broadcast com.google.android.apps.magazines/com.google.apps.dots.android.newsstand.appwidget.NewsWidgetProvider: pid=3511 uid=10057 gids={50057, 3003, 1028, 1015}
03-10 14:51:35.776 D/YouTube ( 3439): apps.youtube.app.prefetch.PrefetchService.onStartCommand:167 PrefetchService started at 10 Mar 2014 12:51:35 GMT
03-10 14:51:35.786 D/YouTube ( 3439): apps.youtube.app.prefetch.PrefetchService.p_:245 Download snapshot restored
03-10 14:51:35.786 D/YouTube ( 3439): apps.youtube.app.prefetch.PrefetchService.onDestroy:215 PrefetchService destroyed at 10 Mar 2014 12:51:35 GMT
03-10 14:51:35.816 W/GLSUser ( 1232): GoogleAccountDataService.getToken()
03-10 14:51:35.826 D/ConnectivityService(  631): handleInetConditionHoldEnd: net=0, condition=0, published condition=0
03-10 14:51:35.846 I/ActivityManager(  631): Killing 1826:com.google.android.partnersetup/u0a11 (adj 15): empty #17
03-10 14:51:35.866 V/WebViewChromium( 3511): Binding Chromium to the background looper Looper (main, tid 1) {65539588}
03-10 14:51:35.866 I/chromium( 3511): [INFO:library_loader_hooks.cc(112)] Chromium logging enabled: level = 0, default verbosity = 0
03-10 14:51:35.866 I/BrowserProcessMain( 3511): Initializing chromium process, renderers=0
03-10 14:51:35.866 W/art     ( 3511): Attempt to remove local SIRT entry from IRT, ignoring
03-10 14:51:35.876 I/Icing   ( 1259): Indexing done A0DFF7A479489E0E9E8CF33BD7C972B2FF32644C
03-10 14:51:35.876 W/art     ( 3511): Thread[13,tid=3548,Native,Thread*=0x441ab578,peer=0x655da578,"Thread-301"] attached without supplying a name
03-10 14:51:35.876 W/art     ( 3511): Thread[14,tid=3547,Native,Thread*=0x498a5bf0,peer=0x655dabc0,"Thread-302"] attached without supplying a name
03-10 14:51:35.876 W/chromium( 3511): [WARNING:proxy_service.cc(888)] PAC support disabled because there is no system implementation
03-10 14:51:35.886 I/Adreno-EGL( 3511): <qeglDrvAPI_eglInitialize:320>: EGL 1.4 QUALCOMM Build: I0404c4692afb8623f95c43aeb6d5e13ed4b30ddbDate: 11/06/13
03-10 14:51:35.926 W/art     ( 3511): Thread[15,tid=3542,Native,Thread*=0x4a23e7f0,peer=0x655de990,"Thread-303"] attached without supplying a name
03-10 14:51:35.946 I/GoogleConversionPing( 3439): Ping responded with response code 200
03-10 14:51:35.956 W/art     ( 3511): Attempt to remove local SIRT entry from IRT, ignoring
03-10 14:51:36.026 W/GAV2    ( 3511): Thread[main,5,main]: Need to call initialize() and be in fallback mode to start dispatch.
03-10 14:51:36.166 I/art     ( 1232): Heap trim of managed (duration=2.322031ms, advised=304KB) and native (duration=2.146771ms, advised=848KB) heaps. Managed heap utilization of 67%.
03-10 14:51:36.196 W/GLSUser ( 1232): GoogleAccountDataService.getToken()
03-10 14:51:36.216 I/CheckinTask( 1232): Checkin success: https://android.clients.google.com/checkin (1 requests sent)
03-10 14:51:36.286 I/NSApplication( 3511): Starting up...
03-10 14:51:36.316 I/ActivityManager(  631): Start proc com.google.android.apps.plus for broadcast com.google.android.apps.plus/.service.ConnectivityReceiver: pid=3573 uid=10065 gids={50065, 3003, 3002, 1028, 1015}
03-10 14:51:36.316 I/ActivityManager(  631): Killing 2781:com.google.android.googlequicksearchbox:search/u0a20 (adj 15): empty #17
03-10 14:51:36.366 W/art     ( 3573): Failed to find ELF magic in /system/framework/com.google.android.maps.odex: dey
03-10 14:51:36.836 I/ImageResourceManager( 3573): ImageResourceManager: uninitalized
03-10 14:51:36.846 I/iu.Environment( 3573): update battery state; isPlugged? true*
03-10 14:51:36.856 I/iu.Environment( 3573): update connectivity state; isNetworkMetered? true*, isRoaming? false, isBackgroundDataAllowed? true*
03-10 14:51:36.856 I/iu.Environment( 3573): update connectivity state; isNetworkMetered? true, isRoaming? false, isBackgroundDataAllowed? true
03-10 14:51:36.876 W/art     (  182): Could not get current activity
03-10 14:51:36.886 I/art     ( 3573): Heap trim of managed (duration=1.216771ms, advised=40KB) and native (duration=1.735469ms, advised=0B) heaps. Managed heap utilization of 66%.
03-10 14:51:36.896 I/ActivityManager(  631): Start proc com.google.android.apps.maps for broadcast com.google.android.apps.maps/com.google.userfeedback.android.api.FeedbackConnectivityReceiver: pid=3608 uid=10058 gids={50058, 3003, 1028, 1015}
03-10 14:51:36.896 I/ActivityManager(  631): Killing 2374:android.process.acore/u0a3 (adj 15): empty #17
03-10 14:51:36.936 I/ActivityManager(  631): Start proc android.process.acore for content provider com.android.providers.contacts/.ContactsProvider2: pid=3626 uid=10003 gids={50003, 3003, 1028, 1015}
03-10 14:51:36.966 I/ActivityManager(  631): Killing 2916:com.laurencedawson.reddit_sync:remote/u0a80 (adj 15): empty #17
03-10 14:51:36.976 W/art     ( 3626): Failed to find ELF magic in /system/priv-app/ContactsProvider.odex: dey
03-10 14:51:37.026 W/art     ( 3626): Failed to find ELF magic in /system/app/UserDictionaryProvider.odex: dey
03-10 14:51:37.206 I/iu.UploadsManager( 3573): #reloadSettings(); account: null; pageID: none; IU: disabled; IS: disabled; photoWiFi: true; videoWiFi: true; roam: false; battery: true; size: FULL; maxMobile: 157286400
03-10 14:51:37.226 I/ContactLocale( 3626): AddressBook Labels [en_IN]: [, A, B, C, D, E, F, G, H, I, J, K, L, M, N, O, P, Q, R, S, T, U, V, W, X, Y, Z, , , , , , , , , , , , , , , , , , , , , , , , , , , , , , , , , , , , , , , , , , , , , , , , , , , , , , , , , , , , , , , , , , , , , , , , , , , , , , , , , , , , , , , , , , , , , , , , , , , , , , , , , , , , , , , , , , , , , , , , , , , , , , , , , , , , , , , , , , , , , , , , , , , , , , , , , , , , , , , , , , , , , , , , , , , , , , , , , , , , , , #, ]
03-10 14:51:37.266 I/Adreno-EGL( 3608): <qeglDrvAPI_eglInitialize:320>: EGL 1.4 QUALCOMM Build: I0404c4692afb8623f95c43aeb6d5e13ed4b30ddbDate: 11/06/13
03-10 14:51:37.306 I/art     (  631): Heap trim of managed (duration=15.091874ms, advised=3MB) and native (duration=10.881614ms, advised=1392KB) heaps. Managed heap utilization of 65%.
03-10 14:51:37.356 I/iu.UploadsManager( 3573): End new media; added: 0, uploading: 0, time: 153 ms
03-10 14:51:37.376 I/iu.FingerprintManager( 3573): Start processing all media
03-10 14:51:37.386 I/iu.FingerprintManager( 3573): Start processing media store URI: content://media/external/images/media
03-10 14:51:37.416 W/ActivityThread( 3608): ClassLoader.loadClass: The class loader returned by Thread.getContextClassLoader() may fail for processes that host multiple applications. You should explicitly specify a context class loader. For example: Thread.setContextClassLoader(getClass().getClassLoader());
03-10 14:51:37.426 I/iu.FingerprintManager( 3573): Start processing media store URI: content://media/external/video/media
03-10 14:51:37.436 I/iu.FingerprintManager( 3573): Start processing media store URI: content://media/phoneStorage/images/media
03-10 14:51:37.436 I/iu.FingerprintManager( 3573): Start processing media store URI: content://media/phoneStorage/video/media
03-10 14:51:37.446 I/iu.FingerprintManager( 3573): Finished generating fingerprints; 0.061 seconds
03-10 14:51:37.446 I/iu.FingerprintManager( 3573):   numSeen=342 numGenerated=0 numDeleted=0 numFailed=0
03-10 14:51:37.496 V/GCMRegistrar( 3145): Is registered on server: true
03-10 14:51:37.556 I/art     ( 3145): Heap trim of managed (duration=6.669376ms, advised=440KB) and native (duration=2.195468ms, advised=4KB) heaps. Managed heap utilization of 43%.
03-10 14:51:37.936 I/TextToSpeech( 3608): Sucessfully bound to com.google.android.tts
03-10 14:51:37.936 I/ActivityManager(  631): Start proc com.google.android.tts for service com.google.android.tts/.service.GoogleTTSService: pid=3686 uid=10049 gids={50049, 3003, 1028, 1015}
03-10 14:51:37.966 D/StrictMode( 3608): StrictMode policy violation; ~duration=241 ms: android.os.StrictMode$StrictModeDiskReadViolation: policy=287 violation=2
03-10 14:51:37.966 D/StrictMode( 3608): 	at android.os.StrictMode$AndroidBlockGuardPolicy.onReadFromDisk(StrictMode.java:1135)
03-10 14:51:37.966 D/StrictMode( 3608): 	at android.database.sqlite.SQLiteConnection.applyBlockGuardPolicy(SQLiteConnection.java:1041)
03-10 14:51:37.966 D/StrictMode( 3608): 	at android.database.sqlite.SQLiteConnection.executeForCursorWindow(SQLiteConnection.java:842)
03-10 14:51:37.966 D/StrictMode( 3608): 	at android.database.sqlite.SQLiteSession.executeForCursorWindow(SQLiteSession.java:836)
03-10 14:51:37.966 D/StrictMode( 3608): 	at android.database.sqlite.SQLiteQuery.fillWindow(SQLiteQuery.java:62)
03-10 14:51:37.966 D/StrictMode( 3608): 	at android.database.sqlite.SQLiteCursor.fillWindow(SQLiteCursor.java:144)
03-10 14:51:37.966 D/StrictMode( 3608): 	at android.database.sqlite.SQLiteCursor.getCount(SQLiteCursor.java:133)
03-10 14:51:37.966 D/StrictMode( 3608): 	at android.database.CursorToBulkCursorAdaptor.getBulkCursorDescriptor(CursorToBulkCursorAdaptor.java:148)
03-10 14:51:37.966 D/StrictMode( 3608): 	at android.content.ContentProviderNative.onTransact(ContentProviderNative.java:118)
03-10 14:51:37.966 D/StrictMode( 3608): 	at android.os.Binder.execTransact(Binder.java:404)
03-10 14:51:37.966 D/StrictMode( 3608): # via Binder call with stack:
03-10 14:51:37.966 D/StrictMode( 3608): android.os.StrictMode$LogStackTrace
03-10 14:51:37.966 D/StrictMode( 3608): 	at android.os.StrictMode.readAndHandleBinderCallViolations(StrictMode.java:1705)
03-10 14:51:37.966 D/StrictMode( 3608): 	at android.os.Parcel.readExceptionCode(Parcel.java:1447)
03-10 14:51:37.966 D/StrictMode( 3608): 	at android.database.DatabaseUtils.readExceptionFromParcel(DatabaseUtils.java:134)
03-10 14:51:37.966 D/StrictMode( 3608): 	at android.content.ContentProviderProxy.query(ContentProviderNative.java:413)
03-10 14:51:37.966 D/StrictMode( 3608): 	at android.content.ContentResolver.query(ContentResolver.java:461)
03-10 14:51:37.966 D/StrictMode( 3608): 	at android.content.ContentResolver.query(ContentResolver.java:404)
03-10 14:51:37.966 D/StrictMode( 3608): 	at com.google.android.apps.gmm.map.n.b.j.b(SourceFile:67)
03-10 14:51:37.966 D/StrictMode( 3608): 	at com.google.android.apps.gmm.map.n.b.j.a(SourceFile:100)
03-10 14:51:37.966 D/StrictMode( 3608): 	at com.google.android.apps.gmm.map.n.b.d.a(SourceFile:197)
03-10 14:51:37.966 D/StrictMode( 3608): 	at com.google.android.apps.gmm.map.n.b.d.<init>(SourceFile:178)
03-10 14:51:37.966 D/StrictMode( 3608): 	at com.google.android.apps.gmm.base.app.GoogleMapsApplication.onCreate(SourceFile:195)
03-10 14:51:37.966 D/StrictMode( 3608): 	at android.app.Instrumentation.callApplicationOnCreate(Instrumentation.java:1007)
03-10 14:51:37.966 D/StrictMode( 3608): 	at android.app.ActivityThread.handleBindApplication(ActivityThread.java:4344)
03-10 14:51:37.966 D/StrictMode( 3608): 	at android.app.ActivityThread.access$1500(ActivityThread.java:135)
03-10 14:51:37.966 D/StrictMode( 3608): 	at android.app.ActivityThread$H.handleMessage(ActivityThread.java:1256)
03-10 14:51:37.966 D/StrictMode( 3608): 	at android.os.Handler.dispatchMessage(Handler.java:102)
03-10 14:51:37.966 D/StrictMode( 3608): 	at android.os.Looper.loop(Looper.java:136)
03-10 14:51:37.966 D/StrictMode( 3608): 	at android.app.ActivityThread.main(ActivityThread.java:5017)
03-10 14:51:37.966 D/StrictMode( 3608): 	at java.lang.reflect.Method.invoke(Native Method)
03-10 14:51:37.966 D/StrictMode( 3608): 	at com.android.internal.os.ZygoteInit$MethodAndArgsCaller.run(ZygoteInit.java:779)
03-10 14:51:37.966 D/StrictMode( 3608): 	at com.android.internal.os.ZygoteInit.main(ZygoteInit.java:595)
03-10 14:51:37.966 D/StrictMode( 3608): StrictMode policy violation; ~duration=214 ms: android.os.StrictMode$StrictModeDiskReadViolation: policy=287 violation=2
03-10 14:51:37.966 D/StrictMode( 3608): 	at android.os.StrictMode$AndroidBlockGuardPolicy.onReadFromDisk(StrictMode.java:1135)
03-10 14:51:37.966 D/StrictMode( 3608): 	at android.database.sqlite.SQLiteConnection.applyBlockGuardPolicy(SQLiteConnection.java:1041)
03-10 14:51:37.966 D/StrictMode( 3608): 	at android.database.sqlite.SQLiteConnection.executeForCursorWindow(SQLiteConnection.java:842)
03-10 14:51:37.966 D/StrictMode( 3608): 	at android.database.sqlite.SQLiteSession.executeForCursorWindow(SQLiteSession.java:836)
03-10 14:51:37.966 D/StrictMode( 3608): 	at android.database.sqlite.SQLiteQuery.fillWindow(SQLiteQuery.java:62)
03-10 14:51:37.966 D/StrictMode( 3608): 	at android.database.sqlite.SQLiteCursor.fillWindow(SQLiteCursor.java:144)
03-10 14:51:37.966 D/StrictMode( 3608): 	at android.database.sqlite.SQLiteCursor.getCount(SQLiteCursor.java:133)
03-10 14:51:37.966 D/StrictMode( 3608): 	at android.database.CursorToBulkCursorAdaptor.getBulkCursorDescriptor(CursorToBulkCursorAdaptor.java:148)
03-10 14:51:37.966 D/StrictMode( 3608): 	at android.content.ContentProviderNative.onTransact(ContentProviderNative.java:118)
03-10 14:51:37.966 D/StrictMode( 3608): 	at android.os.Binder.execTransact(Binder.java:404)
03-10 14:51:37.966 D/StrictMode( 3608): # via Binder call with stack:
03-10 14:51:37.966 D/StrictMode( 3608): android.os.StrictMode$LogStackTrace
03-10 14:51:37.966 D/StrictMode( 3608): 	at android.os.StrictMode.readAndHandleBinderCallViolations(StrictMode.java:1705)
03-10 14:51:37.966 D/StrictMode( 3608): 	at android.os.Parcel.readExceptionCode(Parcel.java:1447)
03-10 14:51:37.966 D/StrictMode( 3608): 	at android.database.DatabaseUtils.readExceptionFromParcel(DatabaseUtils.java:134)
03-10 14:51:37.966 D/StrictMode( 3608): 	at android.content.ContentProviderProxy.query(ContentProviderNative.java:413)
03-10 14:51:37.966 D/StrictMode( 3608): 	at android.content.ContentResolver.query(ContentResolver.java:461)
03-10 14:51:37.966 D/StrictMode( 3608): 	at android.content.ContentResolver.query(ContentResolver.java:404)
03-10 14:51:37.966 D/StrictMode( 3608): 	at com.google.android.apps.gmm.map.n.b.j.b(SourceFile:67)
03-10 14:51:37.966 D/StrictMode( 3608): 	at com.google.android.apps.gmm.map.n.b.j.a(SourceFile:100)
03-10 14:51:37.966 D/StrictMode( 3608): 	at com.google.android.apps.gmm.location.a.m.a(SourceFile:193)
03-10 14:51:37.966 D/StrictMode( 3608): 	at com.google.android.apps.gmm.location.a.m.<init>(SourceFile:174)
03-10 14:51:37.966 D/StrictMode( 3608): 	at com.google.android.apps.gmm.base.app.GoogleMapsApplication.onCreate(SourceFile:195)
03-10 14:51:37.966 D/StrictMode( 3608): 	at android.app.Instrumentation.callApplicationOnCreate(Instrumentation.java:1007)
03-10 14:51:37.966 D/StrictMode( 3608): 	at android.app.ActivityThread.handleBindApplication(ActivityThread.java:4344)
03-10 14:51:37.966 D/StrictMode( 3608): 	at android.app.ActivityThread.access$1500(ActivityThread.java:135)
03-10 14:51:37.966 D/StrictMode( 3608): 	at android.app.ActivityThread$H.handleMessage(ActivityThread.java:1256)
03-10 14:51:37.966 D/StrictMode( 3608): 	at android.os.Handler.dispatchMessage(Handler.java:102)
03-10 14:51:37.966 D/StrictMode( 3608): 	at android.os.Looper.loop(Looper.java:136)
03-10 14:51:37.966 D/StrictMode( 3608): 	at android.app.ActivityThread.main(ActivityThread.java:5017)
03-10 14:51:37.966 D/StrictMode( 3608): 	at java.lang.reflect.Method.invoke(Native Method)
03-10 14:51:37.966 D/StrictMode( 3608): 	at com.android.internal.os.ZygoteInit$MethodAndArgsCaller.run(ZygoteInit.java:779)
03-10 14:51:37.966 D/StrictMode( 3608): 	at com.android.internal.os.ZygoteInit.main(ZygoteInit.java:595)
03-10 14:51:37.966 D/StrictMode( 3608): StrictMode policy violation; ~duration=125 ms: android.os.StrictMode$StrictModeDiskReadViolation: policy=31 violation=2
03-10 14:51:37.966 D/StrictMode( 3608): 	at android.os.StrictMode$AndroidBlockGuardPolicy.onReadFromDisk(StrictMode.java:1135)
03-10 14:51:37.966 D/StrictMode( 3608): 	at android.app.SharedPreferencesImpl.awaitLoadedLocked(SharedPreferencesImpl.java:203)
03-10 14:51:37.966 D/StrictMode( 3608): 	at android.app.SharedPreferencesImpl.getString(SharedPreferencesImpl.java:223)
03-10 14:51:37.966 D/StrictMode( 3608): 	at com.google.android.apps.gmm.util.A.a(SourceFile:117)
03-10 14:51:37.966 D/StrictMode( 3608): 	at com.google.android.apps.gmm.navigation.a.N.b(SourceFile:252)
03-10 14:51:37.966 D/StrictMode( 3608): 	at com.google.android.apps.gmm.navigation.a.N.<init>(SourceFile:242)
03-10 14:51:37.966 D/StrictMode( 3608): 	at com.google.android.apps.gmm.base.app.GoogleMapsApplication.onCreate(SourceFile:211)
03-10 14:51:37.966 D/StrictMode( 3608): 	at android.app.Instrumentation.callApplicationOnCreate(Instrumentation.java:1007)
03-10 14:51:37.966 D/StrictMode( 3608): 	at android.app.ActivityThread.handleBindApplication(ActivityThread.java:4344)
03-10 14:51:37.966 D/StrictMode( 3608): 	at android.app.ActivityThread.access$1500(ActivityThread.java:135)
03-10 14:51:37.966 D/StrictMode( 3608): 	at android.app.ActivityThread$H.handleMessage(ActivityThread.java:1256)
03-10 14:51:37.966 D/StrictMode( 3608): 	at android.os.Handler.dispatchMessage(Handler.java:102)
03-10 14:51:37.966 D/StrictMode( 3608): 	at android.os.Looper.loop(Looper.java:136)
03-10 14:51:37.966 D/StrictMode( 3608): 	at android.app.ActivityThread.main(ActivityThread.java:5017)
03-10 14:51:37.966 D/StrictMode( 3608): 	at java.lang.reflect.Method.invoke(Native Method)
03-10 14:51:37.966 D/StrictMode( 3608): 	at com.android.internal.os.ZygoteInit$MethodAndArgsCaller.run(ZygoteInit.java:779)
03-10 14:51:37.966 D/StrictMode( 3608): 	at com.android.internal.os.ZygoteInit.main(ZygoteInit.java:595)
03-10 14:51:38.006 I/ActivityManager(  631): Start proc com.devhd.feedly for broadcast com.devhd.feedly/.widget.FeedlyWidgetProvider: pid=3707 uid=10085 gids={50085, 3003, 1028, 1015}
03-10 14:51:38.086 I/art     ( 3608): GcCauseBackground sticky partial concurrent mark sweep GC freed 41601(2MB) AllocSpace objects, 16(278KB) LOS objects, 12% free, 17MB/19MB, paused 5.599ms total 63.369ms
03-10 14:51:38.136 I/widget.provider( 3707): com.devhd.feedly.widget.FeedlyWidgetProvider onReceive: android.net.conn.CONNECTIVITY_CHANGE
03-10 14:51:38.146 W/widget.data( 3707): **** creating widget[0] data model object ****
03-10 14:51:38.156 I/ActivityManager(  631): Killing 2947:com.laurencedawson.reddit_sync/u0a80 (adj 15): empty #17
03-10 14:51:38.186 I/ActivityManager(  631): Start proc com.chrome.beta for broadcast com.chrome.beta/com.google.android.apps.chrome.precache.PrecacheServiceLauncher: pid=3740 uid=10083 gids={50083, 3003, 1028, 1015}
03-10 14:51:38.186 I/ActivityManager(  631): Killing 3053:org.thoughtcrime.securesms/u0a59 (adj 15): empty #17
03-10 14:51:38.286 I/GoogleTTSService( 3686): Creating Google TTS service, version 3.0.10.1047791
03-10 14:51:38.306 W/GLSUser ( 1232): GoogleAccountDataService.getToken()
03-10 14:51:38.356 I/patts   ( 3686): [embedded_hmm_synthesizer.cc:21] Embedded HMM synthesizer initialized.
03-10 14:51:38.356 I/patts   ( 3686): [jni_loader.cc:74] Patts JNI loaded successfully.
03-10 14:51:38.356 I/TextToSpeech( 3608): Connected to ComponentInfo{com.google.android.tts/com.google.android.tts.service.GoogleTTSService}
03-10 14:51:38.356 I/ActivityManager(  631): Killing 3145:com.dropbox.android/u0a94 (adj 15): empty #17
03-10 14:51:38.366 I/TextToSpeech( 3608): Set up connection to ComponentInfo{com.google.android.tts/com.google.android.tts.service.GoogleTTSService}
03-10 14:51:38.416 I/ActivityManager(  631): Start proc com.ttxapps.wifiadb for broadcast com.ttxapps.wifiadb/.NetworkStateReceiver: pid=3768 uid=10090 gids={50090, 3003}
03-10 14:51:38.416 I/ActivityManager(  631): Killing 3214:org.mozilla.fennec/u0a98 (adj 15): empty #17
03-10 14:51:38.526 D/ACRA    ( 3768): ACRA is enabled for com.ttxapps.wifiadb, intializing...
03-10 14:51:38.556 D/ACRA    ( 3768): Looking for error files in /data/data/com.ttxapps.wifiadb/files
03-10 14:51:38.616 D/AlertService( 2690): Beginning updateAlertNotification
03-10 14:51:38.626 D/AlertService( 2690): No fired or scheduled alerts
03-10 14:51:38.636 D/AlertService( 2690): Scheduling next alarm with AlarmScheduler. sEventReminderReceived: null
03-10 14:51:38.646 D/AlarmScheduler( 2690): Query result count for events starting within 1 week: 3
03-10 14:51:38.686 I/WifiADB ( 3768): maxLogLevel is INFO
03-10 14:51:38.736 I/ActivityManager(  631): Start proc com.ted.android for broadcast com.ted.android/.service.DataUpdateCheckBroadcastReceiver: pid=3797 uid=10088 gids={50088, 3003, 1028, 1015}
03-10 14:51:38.736 I/ActivityManager(  631): Killing 3262:com.onelouder.baconreader/u0a106 (adj 15): empty #17
03-10 14:51:38.846 I/Logging ( 3797): Testing for android stub library...
03-10 14:51:38.896 I/ActivityManager(  631): Killing 3308:com.google.android.deskclock/u0a34 (adj 15): empty #17
03-10 14:51:38.906 D/MobileConnectivityChangeReceiver( 3408): onReceive Intent { act=android.net.conn.CONNECTIVITY_CHANGE flg=0x4000010 cmp=com.google.android.setupwizard/.MobileConnectivityChangeReceiver (has extras) }
03-10 14:51:38.916 D/MobileConnectivityChangeReceiver( 3408): onReceive CONNECTIVITY_CHANGE networkType=5
03-10 14:51:38.916 D/YouTube ( 3439): apps.youtube.app.prefetch.PrefetchService$DeviceStateReceiver.onReceive:565 Got device state change intent: android.net.conn.CONNECTIVITY_CHANGE
03-10 14:51:38.926 D/GCM     ( 1232): GcmService start Intent { act=android.net.conn.CONNECTIVITY_CHANGE flg=0x4000010 cmp=com.google.android.gms/.gcm.GcmService (has extras) } android.net.conn.CONNECTIVITY_CHANGE
03-10 14:51:38.926 D/YouTube ( 3439): apps.youtube.app.prefetch.PrefetchService.onStartCommand:167 PrefetchService started at 10 Mar 2014 12:51:38 GMT
03-10 14:51:38.936 I/iu.Environment( 3573): update connectivity state; isNetworkMetered? true, isRoaming? false, isBackgroundDataAllowed? true
03-10 14:51:38.936 I/widget.provider( 3707): com.devhd.feedly.widget.FeedlyWidgetProvider onReceive: android.net.conn.CONNECTIVITY_CHANGE
03-10 14:51:38.946 D/YouTube ( 3439): apps.youtube.app.prefetch.PrefetchService.p_:245 Download snapshot restored
03-10 14:51:38.946 D/YouTube ( 3439): apps.youtube.app.prefetch.PrefetchService.onDestroy:215 PrefetchService destroyed at 10 Mar 2014 12:51:38 GMT
03-10 14:51:39.016 W/art     (  182): Could not get current activity
03-10 14:51:39.026 I/ActivityManager(  631): Start proc com.google.android.deskclock for broadcast com.google.android.deskclock/com.android.alarmclock.DigitalAppWidgetProvider: pid=3824 uid=10034 gids={50034, 1028}
03-10 14:51:39.046 I/ActivityManager(  631): Killing 3329:com.qualcomm.timeservice/u0a70 (adj 15): empty #17
03-10 14:51:39.066 W/art     ( 3824): Failed to find ELF magic in /system/app/DeskClockGoogle.odex: dey
03-10 14:51:39.076 I/ActivityManager(  631): Killing 2494:com.google.android.keep/u0a53 (adj 15): empty #17
03-10 14:51:39.126 I/ActivityManager(  631): Start proc com.google.android.email for broadcast com.google.android.email/com.android.email.provider.WidgetProvider: pid=3841 uid=10037 gids={50037, 3003, 1028, 1015}
03-10 14:51:39.156 W/art     ( 3841): Failed to find ELF magic in /system/app/EmailGoogle.odex: dey
03-10 14:51:39.236 D/ActivityThread( 3841): Loading provider com.google.android.email.provider;com.google.android.email.notifier: com.android.email.provider.EmailProvider
03-10 14:51:39.286 D/ActivityThread( 3841): Loading provider com.google.android.email.provider;com.google.android.email.notifier: com.android.email.provider.EmailProvider
03-10 14:51:39.286 D/ActivityThread( 3841): Loading provider com.google.android.email.provider;com.google.android.email.notifier: com.android.email.provider.EmailProvider
03-10 14:51:39.316 I/ActivityManager(  631): Killing 3359:com.google.android.music:main/u0a60 (adj 15): empty #17
03-10 14:51:39.336 D/MobileConnectivityChangeReceiver( 3408): onReceive Intent { act=android.net.conn.CONNECTIVITY_CHANGE flg=0x4000010 cmp=com.google.android.setupwizard/.MobileConnectivityChangeReceiver (has extras) }
03-10 14:51:39.336 D/MobileConnectivityChangeReceiver( 3408): onReceive CONNECTIVITY_CHANGE networkType=5
03-10 14:51:39.336 D/YouTube ( 3439): apps.youtube.app.prefetch.PrefetchService$DeviceStateReceiver.onReceive:565 Got device state change intent: android.net.conn.CONNECTIVITY_CHANGE
03-10 14:51:39.356 D/GCM     ( 1232): GcmService start Intent { act=android.net.conn.CONNECTIVITY_CHANGE flg=0x4000010 cmp=com.google.android.gms/.gcm.GcmService (has extras) } android.net.conn.CONNECTIVITY_CHANGE
03-10 14:51:39.356 D/YouTube ( 3439): apps.youtube.app.prefetch.PrefetchService.onStartCommand:167 PrefetchService started at 10 Mar 2014 12:51:39 GMT
03-10 14:51:39.356 D/YouTube ( 3439): apps.youtube.app.prefetch.PrefetchService.p_:245 Download snapshot restored
03-10 14:51:39.356 I/iu.Environment( 3573): update connectivity state; isNetworkMetered? true, isRoaming? false, isBackgroundDataAllowed? true
03-10 14:51:39.366 I/widget.provider( 3707): com.devhd.feedly.widget.FeedlyWidgetProvider onReceive: android.net.conn.CONNECTIVITY_CHANGE
03-10 14:51:39.366 D/YouTube ( 3439): apps.youtube.app.prefetch.PrefetchService.onDestroy:215 PrefetchService destroyed at 10 Mar 2014 12:51:39 GMT
03-10 14:51:39.416 W/ActivityManager(  631): Unable to start service Intent { cmp=com.google.android.email/com.android.email.service.AttachmentDownloadService } U=0: not found
03-10 14:51:39.426 I/Email   ( 3841): Observing account changes for notifications
03-10 14:51:39.436 W/ActivityManager(  631): Unable to start service Intent { cmp=com.google.android.email/com.android.email.service.AttachmentDownloadService } U=0: not found
03-10 14:51:39.446 D/MobileConnectivityChangeReceiver( 3408): onReceive Intent { act=android.net.conn.CONNECTIVITY_CHANGE flg=0x4000010 cmp=com.google.android.setupwizard/.MobileConnectivityChangeReceiver (has extras) }
03-10 14:51:39.446 D/MobileConnectivityChangeReceiver( 3408): onReceive CONNECTIVITY_CHANGE networkType=0
03-10 14:51:39.446 D/MobileConnectivityChangeReceiver( 3408): onReceive CONNECTIVITY_CHANGE: checkConnection
03-10 14:51:39.446 D/CheckConnectionTask( 3408): doInBackground: url=http://clients3.google.com/generate_204
03-10 14:51:39.446 D/YouTube ( 3439): apps.youtube.app.prefetch.PrefetchService$DeviceStateReceiver.onReceive:565 Got device state change intent: android.net.conn.CONNECTIVITY_CHANGE
03-10 14:51:39.456 D/YouTube ( 3439): apps.youtube.app.prefetch.PrefetchService.onStartCommand:167 PrefetchService started at 10 Mar 2014 12:51:39 GMT
03-10 14:51:39.456 D/YouTube ( 3439): apps.youtube.app.prefetch.PrefetchService.p_:245 Download snapshot restored
03-10 14:51:39.456 D/GCM     ( 1232): GcmService start Intent { act=android.net.conn.CONNECTIVITY_CHANGE flg=0x4000010 cmp=com.google.android.gms/.gcm.GcmService (has extras) } android.net.conn.CONNECTIVITY_CHANGE
03-10 14:51:39.456 D/YouTube ( 3439): apps.youtube.app.prefetch.PrefetchService.onDestroy:215 PrefetchService destroyed at 10 Mar 2014 12:51:39 GMT
03-10 14:51:39.466 I/iu.Environment( 3573): update connectivity state; isNetworkMetered? true, isRoaming? false, isBackgroundDataAllowed? true
03-10 14:51:39.466 I/widget.provider( 3707): com.devhd.feedly.widget.FeedlyWidgetProvider onReceive: android.net.conn.CONNECTIVITY_CHANGE
03-10 14:51:39.496 D/CheckConnectionTask( 3408): doInBackground: resultCode=204 retVal=true
03-10 14:51:39.496 D/CheckConnectionTask( 3408): onPostExecute connected=true
03-10 14:51:39.496 D/CheckConnectionTask( 3408): onPostExecute set preference connected=true
03-10 14:51:39.526 I/art     (  631): Heap trim of managed (duration=14.970104ms, advised=4MB) and native (duration=2.686510ms, advised=1336KB) heaps. Managed heap utilization of 65%.
03-10 14:51:39.526 W/ActivityManager(  631): Unable to start service Intent { cmp=com.google.android.email/com.android.email.service.AttachmentDownloadService } U=0: not found
03-10 14:51:39.526 W/ActivityManager(  631): Unable to start service Intent { cmp=com.google.android.email/com.android.email.service.AttachmentDownloadService } U=0: not found
03-10 14:51:39.566 I/ActivityManager(  631): Start proc com.google.android.talk for broadcast com.google.android.talk/com.google.android.apps.babel.realtimechat.RealTimeChatService$AlarmReceiver: pid=3897 uid=10052 gids={50052, 3003, 1028, 1015, 3002}
03-10 14:51:39.606 W/art     ( 3897): Failed to find ELF magic in /system/framework/com.google.android.media.effects.odex: dey
03-10 14:51:39.716 I/MmsConfig( 3897): MmsConfig.init: mnc/mcc: 244/21
03-10 14:51:39.716 I/Babel   ( 3897): ### loadDeviceMmsSettings from API: mUserAgent=Nexus5, mUaProfUrl=http://gsm.lge.com/html/gsm/Nexus5-M3.xml
03-10 14:51:39.716 W/Settings( 3897): Setting airplane_mode_on has moved from android.provider.Settings.System to android.provider.Settings.Global, returning read-only value.
03-10 14:51:39.716 V/MmsConfig( 3897): tag: bool value: enabledMMS - true
03-10 14:51:39.716 V/MmsConfig( 3897): tag: int value: maxMessageSize - 307200
03-10 14:51:39.716 V/MmsConfig( 3897): tag: int value: maxImageHeight - 480
03-10 14:51:39.716 V/MmsConfig( 3897): tag: int value: maxImageWidth - 640
03-10 14:51:39.716 V/MmsConfig( 3897): tag: int value: recipientLimit - -1
03-10 14:51:39.716 V/MmsConfig( 3897): tag: bool value: enableMultipartSMS - true
03-10 14:51:39.716 V/MmsConfig( 3897): tag: int value: smsToMmsTextThreshold - -1
03-10 14:51:39.716 V/MmsConfig( 3897): tag: int value: maxMessageTextSize - -1
03-10 14:51:39.716 I/Babel   ( 3897): ### loadMmsSettings: mUserAgent=Nexus5, mUaProfUrl=http://gsm.lge.com/html/gsm/Nexus5-M3.xml
03-10 14:51:39.816 D/AlertReceiver( 2690): onReceive: a=android.intent.action.PROVIDER_CHANGED Intent { act=android.intent.action.PROVIDER_CHANGED dat=content://com.android.calendar flg=0x10 cmp=com.google.android.calendar/com.android.calendar.alerts.AlertReceiver }
03-10 14:51:39.816 D/AlertService( 2690): 0 Action = android.intent.action.PROVIDER_CHANGED
03-10 14:51:39.816 I/ActivityManager(  631): Delay finish: com.google.android.calendar/com.android.calendar.alerts.AlertReceiver
03-10 14:51:39.876 I/NotifUtils( 2654): Validating Notification, mapSize: 0 getAttention: true ignoreUnobtrusive: false
03-10 14:51:39.886 I/art     ( 2654): Heap trim of managed (duration=2.972083ms, advised=1900KB) and native (duration=1.867708ms, advised=16KB) heaps. Managed heap utilization of 32%.
03-10 14:51:39.886 I/NotifUtils( 2654): validateNotifications - cancelling account -2040901717 / folder 3019
03-10 14:51:39.886 I/ActivityManager(  631): Resuming delayed broadcast
03-10 14:51:39.936 I/art     ( 1232): Heap trim of managed (duration=2.153750ms, advised=392KB) and native (duration=3.143385ms, advised=860KB) heaps. Managed heap utilization of 64%.
03-10 14:51:39.936 D/GCM     ( 1232): GcmService start Intent { act=com.google.android.gms.INITIALIZE flg=0x10 pkg=com.google.android.gms cmp=com.google.android.gms/.gcm.GcmService } com.google.android.gms.INITIALIZE
03-10 14:51:39.966 D/PackageBroadcastService( 1259): Received broadcast action=android.intent.action.PACKAGE_CHANGED and uri=com.android.stk
03-10 14:51:39.986 I/ActivityManager(  631): Start proc com.google.android.googlequicksearchbox:search for broadcast com.google.android.googlequicksearchbox/com.google.android.search.core.summons.icing.InternalIcingCorporaProvider$CorporaChangedReceiver: pid=3952 uid=10020 gids={50020, 3003, 1028, 3002, 1015}
03-10 14:51:40.016 I/ActivityManager(  631): Killing 2714:com.android.providers.calendar/u0a1 (adj 15): empty #17
03-10 14:51:40.066 I/PeopleContactsSync( 1259): CP2 sync disabled
03-10 14:51:40.156 I/Icing.InternalIcingCorporaProvider( 3952): Updating corpora: A: com.android.stk, C: MAYBE
03-10 14:51:40.156 W/Launcher( 1067): setApplicationContext called twice! old=com.google.android.velvet.VelvetApplication@655e4a18 new=com.google.android.velvet.VelvetApplication@655e4a18
03-10 14:51:40.166 I/ActivityManager(  631): Delay finish: com.google.android.apps.plus/.service.PackagesMediaMonitor
03-10 14:51:40.166 I/ActivityManager(  631): Resuming delayed broadcast
03-10 14:51:40.206 I/ActivityManager(  631): Start proc org.mozilla.fennec for broadcast org.mozilla.fennec/org.mozilla.gecko.background.announcements.AnnouncementsBroadcastReceiver: pid=3976 uid=10098 gids={50098, 3003, 1028, 1015}
03-10 14:51:40.246 I/ActivityManager(  631): Start proc com.google.android.partnersetup for content provider com.google.android.partnersetup/.RlzAppProvider: pid=3993 uid=10011 gids={50011, 3003}
03-10 14:51:40.286 W/art     ( 3993): Failed to find ELF magic in /system/priv-app/GooglePartnerSetup.odex: dey
03-10 14:51:40.326 I/ActivityManager(  631): Killing 3824:com.google.android.deskclock/u0a34 (adj 15): empty #17
03-10 14:51:40.346 I/ActivityManager(  631): Delay finish: org.mozilla.fennec/org.mozilla.gecko.background.announcements.AnnouncementsBroadcastReceiver
03-10 14:51:40.356 I/GeckoAnnounce( 3976): fennec :: AnnounceBrSvc :: Registering AnnouncementsService.
03-10 14:51:40.386 I/ActivityManager(  631): Start proc com.onelouder.baconreader for service com.onelouder.baconreader/.CheckMessageService: pid=4017 uid=10106 gids={50106, 3003, 1028, 1015}
03-10 14:51:40.396 I/GeckoAnnounce( 3976): fennec :: BackgroundService :: Setting inexact repeating alarm for interval 43200000
03-10 14:51:40.406 I/ActivityManager(  631): Resuming delayed broadcast
03-10 14:51:40.406 I/ActivityManager(  631): Delay finish: org.mozilla.fennec/org.mozilla.gecko.background.healthreport.HealthReportBroadcastReceiver
03-10 14:51:40.436 I/GeckoHealth( 3976): fennec :: HealthReportBroadcastService :: Registering HealthReportUploadService.
03-10 14:51:40.436 I/GeckoHealth( 3976): fennec :: BackgroundService :: Setting inexact repeating alarm for interval 3600000
03-10 14:51:40.446 I/art     ( 3897): GcCauseExplicit concurrent mark sweep GC freed 7506(745KB) AllocSpace objects, 22(347KB) LOS objects, 4% free, 16MB/16MB, paused 5.154ms total 34.654ms
03-10 14:51:40.446 I/GeckoHealth( 3976): fennec :: HealthReportBroadcastService :: Registering HealthReportPruneService.
03-10 14:51:40.446 I/GeckoHealth( 3976): fennec :: BackgroundService :: Setting inexact repeating alarm for interval 86400000
03-10 14:51:40.446 I/ActivityManager(  631): Resuming delayed broadcast
03-10 14:51:40.446 I/ActivityManager(  631): Delay finish: org.mozilla.fennec/org.mozilla.gecko.background.healthreport.HealthReportBroadcastReceiver
03-10 14:51:40.446 I/ActivityManager(  631): Resuming delayed broadcast
03-10 14:51:40.466 I/ErrorAgent( 4017): Registering custom exceptions handler
03-10 14:51:40.506 D/ImageCache( 4017): enabled write through to /storage/emulated/0/Android/data/com.onelouder.baconreader/cache/cachefu/image_cache
03-10 14:51:40.506 D/ImageCache( 4017): sanitize DISK cache
03-10 14:51:40.516 I/ActivityManager(  631): Start proc com.google.android.deskclock for broadcast com.google.android.deskclock/com.android.alarmclock.DigitalAppWidgetProvider: pid=4041 uid=10034 gids={50034, 1028}
03-10 14:51:40.576 W/art     ( 4041): Failed to find ELF magic in /system/app/DeskClockGoogle.odex: dey
03-10 14:51:40.596 I/ActivityManager(  631): Killing 3841:com.google.android.email/u0a37 (adj 15): empty #17
03-10 14:51:40.666 I/ActivityManager(  631): Start proc com.google.android.email for broadcast com.google.android.email/com.android.email.provider.WidgetProvider: pid=4058 uid=10037 gids={50037, 3003, 1028, 1015}
03-10 14:51:40.776 W/art     ( 4058): Failed to find ELF magic in /system/app/EmailGoogle.odex: dey
03-10 14:51:40.866 D/ActivityThread( 4058): Loading provider com.google.android.email.provider;com.google.android.email.notifier: com.android.email.provider.EmailProvider
03-10 14:51:40.926 D/ActivityThread( 4058): Loading provider com.google.android.email.provider;com.google.android.email.notifier: com.android.email.provider.EmailProvider
03-10 14:51:40.936 D/ActivityThread( 4058): Loading provider com.google.android.email.provider;com.google.android.email.notifier: com.android.email.provider.EmailProvider
03-10 14:51:40.936 D/ActivityThread( 4058): Loading provider com.google.android.email.provider;com.google.android.email.notifier: com.android.email.provider.EmailProvider
03-10 14:51:40.966 I/ActivityManager(  631): Killing 3408:com.google.android.setupwizard/u0a17 (adj 15): empty #17
03-10 14:51:41.026 I/ActivityManager(  631): Delay finish: com.google.android.talk/com.google.android.apps.babel.realtimechat.RealTimeChatService$AlarmReceiver
03-10 14:51:41.046 W/GAV2    ( 3511): Thread[GAThread,5,main]: Service unavailable (code=1), will retry.
03-10 14:51:41.046 W/ActivityManager(  631): Unable to start service Intent { act=com.google.android.gms.analytics.service.START cmp=com.google.android.gms/.analytics.service.AnalyticsService (has extras) } U=0: not found
03-10 14:51:41.046 I/ActivityManager(  631): Resuming delayed broadcast
03-10 14:51:41.066 I/GAV2    ( 3511): Thread[GAThread,5,main]: No campaign data found.
03-10 14:51:41.066 I/ActivityManager(  631): Killing 3439:com.google.android.youtube/u0a73 (adj 15): empty #17
03-10 14:51:41.076 W/ActivityManager(  631): Unable to start service Intent { cmp=com.google.android.email/com.android.email.service.AttachmentDownloadService } U=0: not found
03-10 14:51:41.086 I/Email   ( 4058): Observing account changes for notifications
03-10 14:51:41.086 W/ActivityManager(  631): Unable to start service Intent { cmp=com.google.android.email/com.android.email.service.AttachmentDownloadService } U=0: not found
03-10 14:51:41.086 W/ActivityManager(  631): Unable to start service Intent { cmp=com.google.android.email/com.android.email.service.AttachmentDownloadService } U=0: not found
03-10 14:51:41.086 W/ActivityManager(  631): Unable to start service Intent { cmp=com.google.android.email/com.android.email.service.AttachmentDownloadService } U=0: not found
03-10 14:51:41.096 W/ActivityManager(  631): Unable to start service Intent { cmp=com.google.android.email/com.android.email.service.AttachmentDownloadService } U=0: not found
03-10 14:51:41.756 W/GAV2    ( 3573): Thread[GAThread,5,main]: Service unavailable (code=1), will retry.
03-10 14:51:41.756 W/ActivityManager(  631): Unable to start service Intent { act=com.google.android.gms.analytics.service.START cmp=com.google.android.gms/.analytics.service.AnalyticsService (has extras) } U=0: not found
03-10 14:51:41.766 I/art     ( 3573): Heap trim of managed (duration=1.107031ms, advised=32KB) and native (duration=1.529688ms, advised=0B) heaps. Managed heap utilization of 69%.
03-10 14:51:41.776 I/GAV2    ( 3573): Thread[GAThread,5,main]: No campaign data found.
03-10 14:51:42.046 I/Icing   ( 1259): Indexing 9E464DC2A102057D86495404FBBAAC90B8242C74 from com.google.android.googlequicksearchbox
03-10 14:51:42.126 I/Icing   ( 1259): Indexing done 9E464DC2A102057D86495404FBBAAC90B8242C74
03-10 14:51:43.766 D/Launcher.Model( 1067): 11683562 - loadWorkspaceScreensDb()
03-10 14:51:43.766 D/Launcher.Model( 1067): 11683562 -   screens: { 0: 1 }, { 1: 7 }
03-10 14:51:43.766 D/Launcher.Model( 1067): 11683562 - updateWorkspaceScreenOrder()
03-10 14:51:43.766 D/Launcher.Model( 1067): 11683562 -   screens: 1, 7
03-10 14:51:43.786 I/PackageManager(  631):   Action: "android.intent.action.SENDTO"
03-10 14:51:43.786 I/PackageManager(  631):   Category: "android.intent.category.DEFAULT"
03-10 14:51:43.786 I/PackageManager(  631):   Scheme: "sms"
03-10 14:51:43.786 I/PackageManager(  631): Adding preferred activity ComponentInfo{org.thoughtcrime.securesms/org.thoughtcrime.securesms.RoutingActivity} for user 0 :
03-10 14:51:43.816 I/PackageManager(  631):   Action: "android.intent.action.SENDTO"
03-10 14:51:43.816 I/PackageManager(  631):   Category: "android.intent.category.DEFAULT"
03-10 14:51:43.816 I/PackageManager(  631):   Scheme: "smsto"
03-10 14:51:43.816 I/PackageManager(  631): Adding preferred activity ComponentInfo{org.thoughtcrime.securesms/org.thoughtcrime.securesms.RoutingActivity} for user 0 :
03-10 14:51:43.846 I/InputReader(  631): Reconfiguring input devices.  changes=0x00000010
03-10 14:51:43.876 I/PackageManager(  631):   Action: "android.intent.action.SENDTO"
03-10 14:51:43.876 I/PackageManager(  631):   Category: "android.intent.category.DEFAULT"
03-10 14:51:43.876 I/PackageManager(  631):   Scheme: "mms"
03-10 14:51:43.876 I/PackageManager(  631): Adding preferred activity ComponentInfo{org.thoughtcrime.securesms/org.thoughtcrime.securesms.RoutingActivity} for user 0 :
03-10 14:51:43.886 D/Launcher( 1067): 11683562 - bindAddScreens()
03-10 14:51:43.886 D/Launcher( 1067): 11683562 -   orderedScreenIds: 
03-10 14:51:43.886 D/Launcher.Workspace( 1067): 11683562 - removeExtraEmptyScreen()
03-10 14:51:43.886 D/Launcher.Workspace( 1067): 11683562 - convertFinalScreenToEmptyScreenIfNecessary()
03-10 14:51:43.886 I/art     ( 1067): GcCauseBackground sticky partial concurrent mark sweep GC freed 24629(1271KB) AllocSpace objects, 30(2MB) LOS objects, 3% free, 36MB/37MB, paused 46.662ms total 129.403ms
03-10 14:51:43.926 I/PackageManager(  631):   Action: "android.intent.action.SENDTO"
03-10 14:51:43.926 I/PackageManager(  631):   Category: "android.intent.category.DEFAULT"
