03-10 14:50:49.261 D/MobileDataStateTracker(  631): ims: Broadcast received: android.intent.action.ANY_DATA_STATE apnType=ims
03-10 14:50:49.261 D/MobileDataStateTracker(  631): ims: Received state=DISCONNECTED, old=DISCONNECTED, reason=roamingOff
03-10 14:50:49.261 D/MobileDataStateTracker(  631): default: Broadcast received: android.intent.action.ANY_DATA_STATE apnType=default
03-10 14:50:49.271 D/MobileDataStateTracker(  631): default: Received state=DISCONNECTED, old=DISCONNECTED, reason=roamingOff
03-10 14:50:49.271 D/MobileDataStateTracker(  631): mms: Broadcast received: android.intent.action.ANY_DATA_STATE apnType=mms
03-10 14:50:49.271 D/MobileDataStateTracker(  631): mms: Received state=DISCONNECTED, old=DISCONNECTED, reason=roamingOff
03-10 14:50:49.271 D/MobileDataStateTracker(  631): cbs: Broadcast received: android.intent.action.ANY_DATA_STATE apnType=cbs
03-10 14:50:49.281 D/MobileDataStateTracker(  631): cbs: Received state=DISCONNECTED, old=DISCONNECTED, reason=roamingOff
03-10 14:50:49.281 D/MobileDataStateTracker(  631): fota: Broadcast received: android.intent.action.ANY_DATA_STATE apnType=fota
03-10 14:50:49.281 D/MobileDataStateTracker(  631): fota: Received state=DISCONNECTED, old=DISCONNECTED, reason=roamingOff
03-10 14:50:49.281 D/MobileDataStateTracker(  631): dun: Broadcast received: android.intent.action.ANY_DATA_STATE apnType=dun
03-10 14:50:49.281 D/MobileDataStateTracker(  631): dun: Received state=DISCONNECTED, old=DISCONNECTED, reason=roamingOff
03-10 14:50:49.281 D/MobileDataStateTracker(  631): ia: Broadcast received: android.intent.action.ANY_DATA_STATE apnType=ia
03-10 14:50:49.281 D/MobileDataStateTracker(  631): ia: Received state=DISCONNECTED, old=DISCONNECTED, reason=roamingOff
03-10 14:50:49.281 D/MobileDataStateTracker(  631): supl: Broadcast received: android.intent.action.ANY_DATA_STATE apnType=supl
03-10 14:50:49.281 D/MobileDataStateTracker(  631): supl: Received state=DISCONNECTED, old=DISCONNECTED, reason=roamingOff
03-10 14:50:49.281 D/MobileDataStateTracker(  631): hipri: Broadcast received: android.intent.action.ANY_DATA_STATE apnType=hipri
03-10 14:50:49.281 D/MobileDataStateTracker(  631): hipri: Received state=DISCONNECTED, old=DISCONNECTED, reason=roamingOff
03-10 14:50:49.281 D/MobileDataStateTracker(  631): ims: Broadcast received: android.intent.action.ANY_DATA_STATE apnType=ims
03-10 14:50:49.291 D/MobileDataStateTracker(  631): ims: Received state=DISCONNECTED, old=DISCONNECTED, reason=roamingOff
03-10 14:50:49.291 D/MobileDataStateTracker(  631): default: Broadcast received: android.intent.action.ANY_DATA_STATE apnType=default
03-10 14:50:49.301 D/MobileDataStateTracker(  631): default: Received state=DISCONNECTED, old=DISCONNECTED, reason=roamingOff
03-10 14:50:49.301 D/MobileDataStateTracker(  631): mms: Broadcast received: android.intent.action.ANY_DATA_STATE apnType=mms
03-10 14:50:49.301 D/MobileDataStateTracker(  631): mms: Received state=DISCONNECTED, old=DISCONNECTED, reason=roamingOff
03-10 14:50:49.301 D/MobileDataStateTracker(  631): cbs: Broadcast received: android.intent.action.ANY_DATA_STATE apnType=cbs
03-10 14:50:49.301 D/MobileDataStateTracker(  631): cbs: Received state=DISCONNECTED, old=DISCONNECTED, reason=roamingOff
03-10 14:50:49.701 I/ActivityManager(  631): Start proc com.google.process.gapps for content provider com.google.android.gsf/.gservices.GservicesProvider: pid=1232 uid=10007 gids={50007, 3003, 1007, 3002, 3001, 1028, 1015, 2001, 3006, 3007}
03-10 14:50:50.141 D/MccTable( 1005): updateMccMncConfiguration: mcc=244, mnc=21
03-10 14:50:50.141 D/MccTable( 1005): getLocaleFromMcc to null_fi mcc=244
03-10 14:50:50.141 D/MccTable( 1005): getLocaleForLanguageCountry: skipping no language
03-10 14:50:50.141 D/MccTable( 1005): WIFI_COUNTRY_CODE set to fi
03-10 14:50:50.141 I/WifiService(  631): WifiService trying to set country code to fi with persist set to true
03-10 14:50:50.141 D/MccTable( 1005): updateMccMncConfiguration updateConfig config={1.0 244mcc21mnc ?locale ?layoutDir ?swdp ?wdp ?hdp ?density ?lsize ?long ?orien ?uimode ?night ?touch ?keyb/?/? ?nav/?}
03-10 14:50:50.141 I/ActivityManager(  631): Config changes=3 {1.0 244mcc21mnc en_IN ldltr sw360dp w360dp h567dp 480dpi nrml port finger -keyb/v/h -nav/h s.5}
03-10 14:50:50.451 I/ActivityManager(  631): Start proc com.google.android.gms for broadcast com.google.android.gms/com.google.android.location.internal.NlpNetworkProviderSettingsUpdateReceiver: pid=1259 uid=10007 gids={50007, 3003, 1007, 3002, 3001, 1028, 1015, 2001, 3006, 3007}
03-10 14:50:50.761 I/WindowManager(  631): Screen frozen for +602ms due to AppWindowToken{65d6c690 token=Token{65d8da80 ActivityRecord{65d7d8e0 u0 com.google.android.googlequicksearchbox/com.google.android.launcher.GEL t1}}}
03-10 14:50:50.961 D/MobileDataStateTracker(  631): fota: Broadcast received: android.intent.action.ANY_DATA_STATE apnType=fota
03-10 14:50:50.971 D/MobileDataStateTracker(  631): fota: Received state=DISCONNECTED, old=DISCONNECTED, reason=simLoaded
03-10 14:50:50.971 D/MobileDataStateTracker(  631): dun: Broadcast received: android.intent.action.ANY_DATA_STATE apnType=dun
03-10 14:50:50.971 D/MobileDataStateTracker(  631): dun: Received state=DISCONNECTED, old=DISCONNECTED, reason=simLoaded
03-10 14:50:50.971 D/MobileDataStateTracker(  631): ia: Broadcast received: android.intent.action.ANY_DATA_STATE apnType=ia
03-10 14:50:50.981 D/MobileDataStateTracker(  631): ia: Received state=DISCONNECTED, old=DISCONNECTED, reason=simLoaded
03-10 14:50:50.981 D/MobileDataStateTracker(  631): supl: Broadcast received: android.intent.action.ANY_DATA_STATE apnType=supl
03-10 14:50:50.981 D/MobileDataStateTracker(  631): supl: Received state=DISCONNECTED, old=DISCONNECTED, reason=simLoaded
03-10 14:50:50.981 D/MobileDataStateTracker(  631): hipri: Broadcast received: android.intent.action.ANY_DATA_STATE apnType=hipri
03-10 14:50:50.991 D/MobileDataStateTracker(  631): hipri: Received state=DISCONNECTED, old=DISCONNECTED, reason=simLoaded
03-10 14:50:50.991 D/MobileDataStateTracker(  631): ims: Broadcast received: android.intent.action.ANY_DATA_STATE apnType=ims
03-10 14:50:50.991 D/MobileDataStateTracker(  631): ims: Received state=DISCONNECTED, old=DISCONNECTED, reason=simLoaded
03-10 14:50:50.991 D/MobileDataStateTracker(  631): default: Broadcast received: android.intent.action.ANY_DATA_STATE apnType=default
03-10 14:50:50.991 D/MobileDataStateTracker(  631): default: Received state=DISCONNECTED, old=DISCONNECTED, reason=simLoaded
03-10 14:50:50.991 D/MobileDataStateTracker(  631): mms: Broadcast received: android.intent.action.ANY_DATA_STATE apnType=mms
03-10 14:50:51.001 D/MobileDataStateTracker(  631): mms: Received state=DISCONNECTED, old=DISCONNECTED, reason=simLoaded
03-10 14:50:51.001 D/MobileDataStateTracker(  631): cbs: Broadcast received: android.intent.action.ANY_DATA_STATE apnType=cbs
03-10 14:50:51.001 D/MobileDataStateTracker(  631): cbs: Received state=DISCONNECTED, old=DISCONNECTED, reason=simLoaded
03-10 14:50:51.001 D/MobileDataStateTracker(  631): fota: Broadcast received: android.intent.action.ANY_DATA_STATE apnType=fota
03-10 14:50:51.001 D/MobileDataStateTracker(  631): fota: Received state=DISCONNECTED, old=DISCONNECTED, reason=simLoaded
03-10 14:50:51.001 D/MobileDataStateTracker(  631): dun: Broadcast received: android.intent.action.ANY_DATA_STATE apnType=dun
03-10 14:50:51.011 D/MobileDataStateTracker(  631): dun: Received state=DISCONNECTED, old=DISCONNECTED, reason=simLoaded
03-10 14:50:51.011 D/MobileDataStateTracker(  631): ia: Broadcast received: android.intent.action.ANY_DATA_STATE apnType=ia
03-10 14:50:51.021 D/MobileDataStateTracker(  631): ia: Received state=DISCONNECTED, old=DISCONNECTED, reason=simLoaded
03-10 14:50:51.021 D/MobileDataStateTracker(  631): supl: Broadcast received: android.intent.action.ANY_DATA_STATE apnType=supl
03-10 14:50:51.021 D/MobileDataStateTracker(  631): supl: Received state=DISCONNECTED, old=DISCONNECTED, reason=simLoaded
03-10 14:50:51.021 D/MobileDataStateTracker(  631): hipri: Broadcast received: android.intent.action.ANY_DATA_STATE apnType=hipri
03-10 14:50:51.031 D/MobileDataStateTracker(  631): hipri: Received state=DISCONNECTED, old=DISCONNECTED, reason=simLoaded
03-10 14:50:51.031 D/MobileDataStateTracker(  631): ims: Broadcast received: android.intent.action.ANY_DATA_STATE apnType=ims
03-10 14:50:51.031 D/MobileDataStateTracker(  631): ims: Received state=DISCONNECTED, old=DISCONNECTED, reason=simLoaded
03-10 14:50:51.031 D/MobileDataStateTracker(  631): default: Broadcast received: android.intent.action.ANY_DATA_STATE apnType=default
03-10 14:50:51.031 D/MobileDataStateTracker(  631): default: Received state=DISCONNECTED, old=DISCONNECTED, reason=simLoaded
03-10 14:50:51.031 D/MobileDataStateTracker(  631): mms: Broadcast received: android.intent.action.ANY_DATA_STATE apnType=mms
03-10 14:50:51.031 D/MobileDataStateTracker(  631): mms: Received state=DISCONNECTED, old=DISCONNECTED, reason=simLoaded
03-10 14:50:51.031 D/MobileDataStateTracker(  631): cbs: Broadcast received: android.intent.action.ANY_DATA_STATE apnType=cbs
03-10 14:50:51.031 D/MobileDataStateTracker(  631): cbs: Received state=DISCONNECTED, old=DISCONNECTED, reason=simLoaded
03-10 14:50:51.091 I/ActivityManager(  631): Start proc com.google.process.location for broadcast com.google.android.gms/com.google.android.location.network.LocationProviderChangeReceiver: pid=1292 uid=10007 gids={50007, 3003, 1007, 3002, 3001, 1028, 1015, 2001, 3006, 3007}
03-10 14:50:51.341 V/BackupManagerService(  631): Connected to transport ComponentInfo{com.google.android.backup/com.google.android.backup.BackupTransportService}
03-10 14:50:51.341 V/BackupManagerService(  631): Registering transport com.google.android.backup/.BackupTransportService::com.google.android.backup/.BackupTransportService = com.android.internal.backup.IBackupTransport$Stub$Proxy@658e0a58
03-10 14:50:52.071 I/ActivityManager(  631): Start proc com.google.android.apps.magazines for broadcast com.google.android.apps.magazines/com.google.apps.dots.android.newsstand.audio.MediaButtonIntentReceiver: pid=1370 uid=10057 gids={50057, 3003, 1028, 1015}
03-10 14:50:53.211 I/ActivityManager(  631): Start proc com.google.android.calendar for broadcast com.google.android.calendar/com.android.calendar.widget.CalendarAppWidgetProvider: pid=1427 uid=10029 gids={50029, 3003}
03-10 14:50:53.571 I/ActivityManager(  631): Start proc com.android.providers.calendar for content provider com.android.providers.calendar/.CalendarProvider2: pid=1452 uid=10001 gids={50001, 3003, 1028, 1015}
03-10 14:50:53.611 I/ActivityManager(  631): Start proc com.google.android.gm for broadcast com.google.android.gm/.widget.GmailWidgetProvider: pid=1476 uid=10042 gids={50042, 3003, 1028, 1015}
03-10 14:50:54.081 D/MobileDataStateTracker(  631): fota: Broadcast received: android.intent.action.ANY_DATA_STATE apnType=fota
03-10 14:50:54.091 D/MobileDataStateTracker(  631): fota: Received state=DISCONNECTED, old=DISCONNECTED, reason=dataAttached
03-10 14:50:54.091 D/MobileDataStateTracker(  631): dun: Broadcast received: android.intent.action.ANY_DATA_STATE apnType=dun
03-10 14:50:54.091 D/MobileDataStateTracker(  631): dun: Received state=DISCONNECTED, old=DISCONNECTED, reason=dataAttached
03-10 14:50:54.091 D/MobileDataStateTracker(  631): ia: Broadcast received: android.intent.action.ANY_DATA_STATE apnType=ia
03-10 14:50:54.091 D/MobileDataStateTracker(  631): ia: Received state=DISCONNECTED, old=DISCONNECTED, reason=dataAttached
03-10 14:50:54.091 D/MobileDataStateTracker(  631): supl: Broadcast received: android.intent.action.ANY_DATA_STATE apnType=supl
03-10 14:50:54.091 D/MobileDataStateTracker(  631): supl: Received state=DISCONNECTED, old=DISCONNECTED, reason=dataAttached
03-10 14:50:54.091 D/MobileDataStateTracker(  631): hipri: Broadcast received: android.intent.action.ANY_DATA_STATE apnType=hipri
03-10 14:50:54.101 D/MobileDataStateTracker(  631): hipri: Received state=DISCONNECTED, old=DISCONNECTED, reason=dataAttached
03-10 14:50:54.101 D/MobileDataStateTracker(  631): ims: Broadcast received: android.intent.action.ANY_DATA_STATE apnType=ims
03-10 14:50:54.101 D/MobileDataStateTracker(  631): ims: Received state=DISCONNECTED, old=DISCONNECTED, reason=dataAttached
03-10 14:50:54.101 D/MobileDataStateTracker(  631): mms: Broadcast received: android.intent.action.ANY_DATA_STATE apnType=mms
03-10 14:50:54.101 D/MobileDataStateTracker(  631): mms: Received state=DISCONNECTED, old=DISCONNECTED, reason=dataAttached
03-10 14:50:54.101 D/MobileDataStateTracker(  631): cbs: Broadcast received: android.intent.action.ANY_DATA_STATE apnType=cbs
03-10 14:50:54.101 D/MobileDataStateTracker(  631): cbs: Received state=DISCONNECTED, old=DISCONNECTED, reason=dataAttached
03-10 14:50:54.111 D/MobileDataStateTracker(  631): default: Broadcast received: android.intent.action.ANY_DATA_STATE apnType=default
03-10 14:50:54.111 D/MobileDataStateTracker(  631): default: Received state=CONNECTING, old=DISCONNECTED, reason=dataAttached
03-10 14:50:54.111 D/MobileDataStateTracker(  631): default: setDetailed state, old =IDLE and new state=CONNECTING
03-10 14:50:54.121 D/MobileDataStateTracker(  631): fota: Broadcast received: android.intent.action.ANY_DATA_STATE apnType=fota
03-10 14:50:54.121 D/MobileDataStateTracker(  631): fota: Received state=DISCONNECTED, old=DISCONNECTED, reason=dataAttached
03-10 14:50:54.121 D/MobileDataStateTracker(  631): dun: Broadcast received: android.intent.action.ANY_DATA_STATE apnType=dun
03-10 14:50:54.121 D/MobileDataStateTracker(  631): dun: Received state=DISCONNECTED, old=DISCONNECTED, reason=dataAttached
03-10 14:50:54.121 D/MobileDataStateTracker(  631): ia: Broadcast received: android.intent.action.ANY_DATA_STATE apnType=ia
03-10 14:50:54.121 D/MobileDataStateTracker(  631): ia: Received state=DISCONNECTED, old=DISCONNECTED, reason=dataAttached
03-10 14:50:54.121 D/MobileDataStateTracker(  631): supl: Broadcast received: android.intent.action.ANY_DATA_STATE apnType=supl
03-10 14:50:54.131 D/MobileDataStateTracker(  631): supl: Received state=DISCONNECTED, old=DISCONNECTED, reason=dataAttached
03-10 14:50:54.131 D/MobileDataStateTracker(  631): hipri: Broadcast received: android.intent.action.ANY_DATA_STATE apnType=hipri
03-10 14:50:54.131 D/MobileDataStateTracker(  631): hipri: Received state=DISCONNECTED, old=DISCONNECTED, reason=dataAttached
03-10 14:50:54.131 D/MobileDataStateTracker(  631): ims: Broadcast received: android.intent.action.ANY_DATA_STATE apnType=ims
03-10 14:50:54.131 D/MobileDataStateTracker(  631): ims: Received state=DISCONNECTED, old=DISCONNECTED, reason=dataAttached
03-10 14:50:54.131 D/MobileDataStateTracker(  631): mms: Broadcast received: android.intent.action.ANY_DATA_STATE apnType=mms
03-10 14:50:54.131 D/MobileDataStateTracker(  631): mms: Received state=DISCONNECTED, old=DISCONNECTED, reason=dataAttached
03-10 14:50:54.131 D/MobileDataStateTracker(  631): cbs: Broadcast received: android.intent.action.ANY_DATA_STATE apnType=cbs
03-10 14:50:54.131 D/MobileDataStateTracker(  631): cbs: Received state=DISCONNECTED, old=DISCONNECTED, reason=dataAttached
03-10 14:50:55.297 W/BroadcastQueue(  631): Permission Denial: receiving Intent { act=android.intent.action.BOOT_COMPLETED flg=0x8000010 (has extras) } to com.rbigsoft.easyunrar.lite/com.offercast.android.sdk.OCBroadcastReceiver requires android.permission.RECEIVE_BOOT_COMPLETED due to sender null (uid 1000)
03-10 14:50:55.327 I/ActivityManager(  631): Start proc com.facebook.katana:dash_service for broadcast com.facebook.katana/com.facebook.keyguardservice.KeyguardServiceBooter: pid=1550 uid=10095 gids={50095, 1028, 1015, 3003}
03-10 14:50:55.517 D/ConnectivityService(  631): handleInetConditionChange: no active default network - ignore
03-10 14:50:58.007 I/ActivityManager(  631): Start proc com.facebook.orca for broadcast com.facebook.orca/.chatheads.service.ChatHeadsBooter: pid=1606 uid=10091 gids={50091, 3003, 1028, 1015}
03-10 14:50:58.107 I/ActivityManager(  631): Start proc com.facebook.katana for content provider com.facebook.katana/.provider.orca.FbSharedPreferencesContentProvider: pid=1627 uid=10095 gids={50095, 1028, 1015, 3003}
03-10 14:50:58.607 W/ActivityManager(  631): Unable to start service Intent { act=com.google.android.gms.analytics.service.START cmp=com.google.android.gms/.analytics.service.AnalyticsService (has extras) } U=0: not found
03-10 14:51:00.017 W/ActivityManager(  631): Unable to start service Intent { act=com.google.android.gms.analytics.service.START cmp=com.google.android.gms/.analytics.service.AnalyticsService (has extras) } U=0: not found
03-10 14:51:00.547 I/ActivityManager(  631): Delay finish: com.facebook.orca/.chatheads.service.ChatHeadsBooter
03-10 14:51:00.776 I/ActivityManager(  631): Resuming delayed broadcast
03-10 14:51:00.816 I/ActivityManager(  631): Start proc com.google.android.dialer for broadcast com.google.android.dialer/com.android.dialer.calllog.CallLogReceiver: pid=1672 uid=10008 gids={50008, 3003, 1028, 1015}
03-10 14:51:00.986 I/ActivityManager(  631): Delay finish: com.google.android.dialer/com.android.dialer.calllog.CallLogReceiver
--------- beginning of /dev/log/main
03-10 14:51:02.126 W/art     ( 1627): Before Android 4.1, method void com.facebook.reflex.view.FrameLayoutAutoReflex.invalidate(boolean) would have incorrectly overridden the package-private method in android.view.View
03-10 14:51:02.136 W/art     ( 1627): Before Android 4.1, method void com.facebook.reflex.view.FrameLayout.invalidate(boolean) would have incorrectly overridden the package-private method in android.view.View
03-10 14:51:02.326 W/art     ( 1627): Before Android 4.1, method void com.facebook.messaging.reflex.SwipableOverlayLayoutAutoReflex.invalidate(boolean) would have incorrectly overridden the package-private method in android.view.View
03-10 14:51:02.346 W/art     ( 1627): Before Android 4.1, method void com.facebook.messaging.reflex.SwipableOverlayLayout.invalidate(boolean) would have incorrectly overridden the package-private method in android.view.View
03-10 14:51:02.356 I/art     ( 1627): Heap trim of managed (duration=8.133750ms, advised=4KB) and native (duration=1.832344ms, advised=288KB) heaps. Managed heap utilization of 72%.
03-10 14:51:02.646 E/FbInjectorInitializer( 1627): Multi-binding Key[type=com.facebook.common.init.INeedInit, annotation=[none]] wasn't declared.
03-10 14:51:03.106 W/fb4a(:<default>):BaseAnalyticsConfig( 1627): willEventBeLogged() called before shared prefs were initialized! Defaulting to true.
03-10 14:51:03.116 W/fb4a(:<default>):BaseAnalyticsConfig( 1627): willEventBeLogged() called before shared prefs were initialized! Defaulting to true.
03-10 14:51:03.386 I/ActivityManager(  631): Resuming delayed broadcast
03-10 14:51:03.406 D/BluetoothManagerService(  631): Message: 30
03-10 14:51:03.406 E/WiredAccessoryManager(  631): No state change.
03-10 14:51:03.406 W/ContextImpl(  631): Calling a method in the system process without a qualified user: android.app.ContextImpl.bindService:1543 android.bluetooth.BluetoothHeadset.doBind:283 android.bluetooth.BluetoothHeadset.<init>:276 android.bluetooth.BluetoothAdapter.getProfileProxy:1181 android.media.AudioService.getBluetoothHeadset:2245 
03-10 14:51:03.406 W/ContextImpl(  631): Calling a method in the system process without a qualified user: android.app.ContextImpl.bindService:1543 android.bluetooth.BluetoothA2dp.doBind:165 android.bluetooth.BluetoothA2dp.<init>:158 android.bluetooth.BluetoothAdapter.getProfileProxy:1184 android.media.AudioService$AudioServiceBroadcastReceiver.onReceive:4166 
03-10 14:51:03.406 V/WiredAccessoryManager(  631): notifyWiredAccessoryChanged: when=0 bits= mask=14
03-10 14:51:03.406 V/WiredAccessoryManager(  631): newName=h2w newState=0 headsetState=0 prev headsetState=0
03-10 14:51:03.406 V/WiredAccessoryManager(  631): init()
03-10 14:51:03.416 D/BluetoothManagerService(  631): Message: 30
03-10 14:51:03.416 I/PowerManagerService(  631): Boot animation finished.
03-10 14:51:03.426 I/RecoverySystem(  631): No recovery log file
03-10 14:51:03.476 W/art     (  182): Could not get current activity
03-10 14:51:03.486 I/ActivityManager(  631): Start proc com.google.android.configupdater for broadcast com.google.android.configupdater/.CertPin.CertPinUpdateRequestReceiver: pid=1747 uid=10002 gids={50002, 3003, 2001}
03-10 14:51:03.536 I/BootReceiver(  631): Copying /proc/last_kmsg to DropBox (SYSTEM_LAST_KMSG)
03-10 14:51:03.546 W/art     ( 1747): Failed to find ELF magic in /system/priv-app/ConfigUpdater.odex: dey
03-10 14:51:03.606 W/GAV2    ( 1370): Thread[Service Reconnect,5,main]: Service unavailable (code=1), using local store.
03-10 14:51:03.606 W/ActivityManager(  631): Unable to start service Intent { act=com.google.android.gms.analytics.service.START cmp=com.google.android.gms/.analytics.service.AnalyticsService (has extras) } U=0: not found
03-10 14:51:03.626 I/BootReceiver(  631): Copying audit failures to DropBox
03-10 14:51:03.636 E/UpdateRequestReceiver( 1747): ignoring update request
03-10 14:51:03.636 I/BootReceiver(  631): Copied 4097 worth of audits to DropBox
03-10 14:51:03.646 E/UpdateRequestReceiver( 1747): ignoring update request
03-10 14:51:03.646 I/BootReceiver(  631): Checking for fsck errors
03-10 14:51:03.646 I/BootReceiver(  631): Copying /data/tombstones/tombstone_03 to DropBox (SYSTEM_TOMBSTONE)
03-10 14:51:03.666 E/UpdateRequestReceiver( 1747): ignoring update request
03-10 14:51:03.676 E/UpdateRequestReceiver( 1747): ignoring update request
03-10 14:51:03.676 E/UpdateRequestReceiver( 1747): ignoring update request
03-10 14:51:03.686 E/UpdateRequestReceiver( 1747): ignoring update request
03-10 14:51:03.696 I/ActivityManager(  631): Delay finish: com.android.providers.downloads/.DownloadReceiver
03-10 14:51:03.716 I/ActivityManager(  631): Resuming delayed broadcast
03-10 14:51:03.746 I/ActivityManager(  631): Start proc com.google.android.onetimeinitializer for broadcast com.google.android.onetimeinitializer/.OneTimeInitializerReceiver: pid=1801 uid=10010 gids={50010}
03-10 14:51:03.786 W/art     ( 1801): Failed to find ELF magic in /system/priv-app/GoogleOneTimeInitializer.odex: dey
03-10 14:51:03.806 V/OneTimeInitializerReceiver( 1801): OneTimeInitializerReceiver.onReceive
03-10 14:51:03.806 V/OneTimeService( 1801): OneTimeService.onHandleIntent
03-10 14:51:03.806 I/ActivityManager(  631): Delay finish: com.google.android.onetimeinitializer/.OneTimeInitializerReceiver
03-10 14:51:03.826 I/ActivityManager(  631): Resuming delayed broadcast
03-10 14:51:03.846 I/ActivityManager(  631): Start proc com.google.android.partnersetup for broadcast com.google.android.partnersetup/.GooglePartnerSetup: pid=1826 uid=10011 gids={50011, 3003}
03-10 14:51:03.906 W/art     ( 1826): Failed to find ELF magic in /system/priv-app/GooglePartnerSetup.odex: dey
03-10 14:51:04.046 I/ActivityManager(  631): Delay finish: com.google.android.partnersetup/.GooglePartnerSetup
03-10 14:51:04.236 I/ActivityManager(  631): Resuming delayed broadcast
03-10 14:51:04.246 I/ActivityManager(  631): Delay finish: com.google.android.partnersetup/.RlzPingBroadcastReceiver
03-10 14:51:04.326 I/RlzPingService( 1826): Setting next ping for 1395060664326
03-10 14:51:04.326 I/ActivityManager(  631): Resuming delayed broadcast
03-10 14:51:04.336 I/ActivityManager(  631): Delay finish: com.google.android.gsf/.checkin.CheckinService$Receiver
03-10 14:51:04.356 I/ActivityManager(  631): Resuming delayed broadcast
03-10 14:51:04.376 I/ActivityManager(  631): Delay finish: com.google.android.gsf/.update.SystemUpdateService$Receiver
03-10 14:51:04.386 I/SystemUpdateService( 1232): cancelUpdate (empty URL)
03-10 14:51:04.396 W/art     ( 1627): Verification of int com.google.android.gms.common.GooglePlayServicesUtil.a(android.content.Context) took 331.342656ms
03-10 14:51:04.396 I/SystemUpdateService( 1232): cancelUpdate (empty URL)
03-10 14:51:04.416 I/ActivityManager(  631): Resuming delayed broadcast
03-10 14:51:04.426 I/ActivityManager(  631): Delay finish: com.android.providers.media/.MediaScannerReceiver
03-10 14:51:04.636 I/ActivityManager(  631): Delaying start of: ServiceRecord{65fc60e8 u0 com.facebook.katana/com.facebook.push.mqtt.MqttPushService}
03-10 14:51:04.706 D/GCoreFlp( 1292): Unknown pending intent to remove.
03-10 14:51:05.016 W/GAV2    ( 1476): Thread[Service Reconnect,5,main]: Service unavailable (code=1), using local store.
03-10 14:51:05.016 W/ActivityManager(  631): Unable to start service Intent { act=com.google.android.gms.analytics.service.START cmp=com.google.android.gms/.analytics.service.AnalyticsService (has extras) } U=0: not found
03-10 14:51:05.246 I/ActivityManager(  631): Delaying start of: ServiceRecord{65fb4af0 u0 com.facebook.katana/com.facebook.vault.service.VaultManagerService}
03-10 14:51:05.476 E/fb4a(:<default>):LocalFbBroadcastManager( 1627): Called registerBroadcastReceiver twice.
03-10 14:51:05.546 W/Settings( 1627): Setting wifi_sleep_policy has moved from android.provider.Settings.System to android.provider.Settings.Global, returning read-only value.
03-10 14:51:06.276 D/AlarmManagerService(  631): Kernel timezone updated to -120 minutes west of GMT
03-10 14:51:06.286 D/MobileDataStateTracker(  631): default: Broadcast received: android.intent.action.ANY_DATA_STATE apnType=default
03-10 14:51:06.296 D/MobileDataStateTracker(  631): default: Received state=CONNECTING, old=CONNECTING, reason=(unspecified)
03-10 14:51:06.396 I/art     ( 1627): Heap trim of managed (duration=14.315470ms, advised=1640KB) and native (duration=1.731249ms, advised=4KB) heaps. Managed heap utilization of 72%.
03-10 14:51:06.416 W/SocketClient(  178): write error (Broken pipe)
03-10 14:51:06.426 W/fb4a(:<default>):BlueServiceQueue( 1627): Exception during service
03-10 14:51:06.426 W/fb4a(:<default>):BlueServiceQueue( 1627): java.net.UnknownHostException: Unable to resolve host "graph.facebook.com": No address associated with hostname
03-10 14:51:06.426 W/fb4a(:<default>):BlueServiceQueue( 1627): 	at java.net.InetAddress.lookupHostByName(InetAddress.java:424)
03-10 14:51:06.426 W/fb4a(:<default>):BlueServiceQueue( 1627): 	at java.net.InetAddress.getAllByNameImpl(InetAddress.java:236)
03-10 14:51:06.426 W/fb4a(:<default>):BlueServiceQueue( 1627): 	at java.net.InetAddress.getAllByName(InetAddress.java:214)
03-10 14:51:06.426 W/fb4a(:<default>):BlueServiceQueue( 1627): 	at com.squareup.okhttp.internal.Dns$1.a(Dns.java:28)
03-10 14:51:06.426 W/fb4a(:<default>):BlueServiceQueue( 1627): 	at com.squareup.okhttp.internal.http.RouteSelector.a(RouteSelector.java:216)
03-10 14:51:06.426 W/fb4a(:<default>):BlueServiceQueue( 1627): 	at com.squareup.okhttp.internal.http.RouteSelector.a(RouteSelector.java:122)
03-10 14:51:06.426 W/fb4a(:<default>):BlueServiceQueue( 1627): 	at com.squareup.okhttp.internal.http.HttpEngine.t(HttpEngine.java:292)
03-10 14:51:06.426 W/fb4a(:<default>):BlueServiceQueue( 1627): 	at com.squareup.okhttp.internal.http.HttpEngine.s(HttpEngine.java:255)
03-10 14:51:06.426 W/fb4a(:<default>):BlueServiceQueue( 1627): 	at com.squareup.okhttp.internal.http.HttpEngine.a(HttpEngine.java:206)
03-10 14:51:06.426 W/fb4a(:<default>):BlueServiceQueue( 1627): 	at com.squareup.okhttp.internal.http.HttpURLConnectionImpl.a(HttpURLConnectionImpl.java:351)
03-10 14:51:06.426 W/fb4a(:<default>):BlueServiceQueue( 1627): 	at com.squareup.okhttp.internal.http.HttpURLConnectionImpl.connect(HttpURLConnectionImpl.java:90)
03-10 14:51:06.426 W/fb4a(:<default>):BlueServiceQueue( 1627): 	at com.squareup.okhttp.internal.http.HttpsURLConnectionImpl.connect(HttpsURLConnectionImpl.java:161)
03-10 14:51:06.426 W/fb4a(:<default>):BlueServiceQueue( 1627): 	at com.facebook.http.executors.okhttp.OkHttpRequestExecutor.a(OkHttpRequestExecutor.java:135)
03-10 14:51:06.426 W/fb4a(:<default>):BlueServiceQueue( 1627): 	at com.facebook.http.executors.okhttp.OkHttpRequestExecutor.a(OkHttpRequestExecutor.java:97)
03-10 14:51:06.426 W/fb4a(:<default>):BlueServiceQueue( 1627): 	at com.facebook.http.executors.qebased.QeHttpRequestExecutor.a(QeHttpRequestExecutor.java:61)
03-10 14:51:06.426 W/fb4a(:<default>):BlueServiceQueue( 1627): 	at com.facebook.http.common.RequestFlowStateController.a(RequestFlowStateController.java:89)
03-10 14:51:06.426 W/fb4a(:<default>):BlueServiceQueue( 1627): 	at com.facebook.http.common.FbRedirectController.a(FbRedirectController.java:93)
03-10 14:51:06.426 W/fb4a(:<default>):BlueServiceQueue( 1627): 	at com.facebook.http.common.FbHttpRequestProcessor.b(FbHttpRequestProcessor.java:173)
03-10 14:51:06.426 W/fb4a(:<default>):BlueServiceQueue( 1627): 	at com.facebook.http.common.FbHttpRequestProcessor.a(FbHttpRequestProcessor.java:148)
03-10 14:51:06.426 W/fb4a(:<default>):BlueServiceQueue( 1627): 	at com.facebook.http.common.FbHttpRequestProcessor.b(FbHttpRequestProcessor.java:103)
03-10 14:51:06.426 W/fb4a(:<default>):BlueServiceQueue( 1627): 	at com.facebook.http.common.FbHttpRequestProcessor.a(FbHttpRequestProcessor.java:241)
03-10 14:51:06.426 W/fb4a(:<default>):BlueServiceQueue( 1627): 	at com.facebook.http.protocol.SingleMethodRunnerImpl.a(SingleMethodRunnerImpl.java:402)
03-10 14:51:06.426 W/fb4a(:<default>):BlueServiceQueue( 1627): 	at com.facebook.http.protocol.SingleMethodRunnerImpl.a(SingleMethodRunnerImpl.java:164)
03-10 14:51:06.426 W/fb4a(:<default>):BlueServiceQueue( 1627): 	at com.facebook.http.protocol.AbstractSingleMethodRunner.a(AbstractSingleMethodRunner.java:26)
03-10 14:51:06.426 W/fb4a(:<default>):BlueServiceQueue( 1627): 	at com.facebook.http.protocol.ApiMethodRunnerImpl.a(ApiMethodRunnerImpl.java:43)
03-10 14:51:06.426 W/fb4a(:<default>):BlueServiceQueue( 1627): 	at com.facebook.http.protocol.ApiMethodRunnerImpl.a(ApiMethodRunnerImpl.java:35)
03-10 14:51:06.426 W/fb4a(:<default>):BlueServiceQueue( 1627): 	at com.facebook.orca.protocol.WebServiceHandler.b(WebServiceHandler.java:174)
03-10 14:51:06.426 W/fb4a(:<default>):BlueServiceQueue( 1627): 	at com.facebook.orca.server.AbstractBlueServiceHandlerFilter.a(AbstractBlueServiceHandlerFilter.java:31)
03-10 14:51:06.426 W/fb4a(:<default>):BlueServiceQueue( 1627): 	at com.facebook.fbservice.service.FilterChainLink.a(FilterChainLink.java:20)
03-10 14:51:06.426 W/fb4a(:<default>):BlueServiceQueue( 1627): 	at com.facebook.orca.database.DbServiceHandler.b(DbServiceHandler.java:259)
03-10 14:51:06.426 W/fb4a(:<default>):BlueServiceQueue( 1627): 	at com.facebook.orca.server.AbstractBlueServiceHandlerFilter.a(AbstractBlueServiceHandlerFilter.java:31)
03-10 14:51:06.426 W/fb4a(:<default>):BlueServiceQueue( 1627): 	at com.facebook.fbservice.service.FilterChainLink.a(FilterChainLink.java:20)
03-10 14:51:06.426 W/fb4a(:<default>):BlueServiceQueue( 1627): 	at com.facebook.orca.cache.CacheServiceHandler.b(CacheServiceHandler.java:138)
03-10 14:51:06.426 W/fb4a(:<default>):BlueServiceQueue( 1627): 	at com.facebook.orca.server.AbstractBlueServiceHandlerFilter.a(AbstractBlueServiceHandlerFilter.java:31)
03-10 14:51:06.426 W/fb4a(:<default>):BlueServiceQueue( 1627): 	at com.facebook.fbservice.service.FilterChainLink.a(FilterChainLink.java:20)
03-10 14:51:06.426 W/fb4a(:<default>):BlueServiceQueue( 1627): 	at com.facebook.fbservice.service.BlueServiceQueue.e(BlueServiceQueue.java:302)
03-10 14:51:06.426 W/fb4a(:<default>):BlueServiceQueue( 1627): 	at com.facebook.fbservice.service.BlueServiceQueue.d(BlueServiceQueue.java:54)
03-10 14:51:06.426 W/fb4a(:<default>):BlueServiceQueue( 1627): 	at com.facebook.fbservice.service.BlueServiceQueue$3.run(BlueServiceQueue.java:232)
03-10 14:51:06.426 W/fb4a(:<default>):BlueServiceQueue( 1627): 	at java.util.concurrent.Executors$RunnableAdapter.call(Executors.java:422)
03-10 14:51:06.426 W/fb4a(:<default>):BlueServiceQueue( 1627): 	at java.util.concurrent.FutureTask.run(FutureTask.java:237)
03-10 14:51:06.426 W/fb4a(:<default>):BlueServiceQueue( 1627): 	at com.facebook.common.executors.ListenableScheduledFutureImpl.run(ListenableScheduledFutureImpl.java:59)
03-10 14:51:06.426 W/fb4a(:<default>):BlueServiceQueue( 1627): 	at android.os.Handler.handleCallback(Handler.java:733)
03-10 14:51:06.426 W/fb4a(:<default>):BlueServiceQueue( 1627): 	at android.os.Handler.dispatchMessage(Handler.java:95)
03-10 14:51:06.426 W/fb4a(:<default>):BlueServiceQueue( 1627): 	at android.os.Looper.loop(Looper.java:136)
03-10 14:51:06.426 W/fb4a(:<default>):BlueServiceQueue( 1627): 	at android.os.HandlerThread.run(HandlerThread.java:61)
03-10 14:51:06.426 W/fb4a(:<default>):BlueServiceQueue( 1627): Caused by: libcore.io.GaiException: getaddrinfo failed: EAI_NODATA (No address associated with hostname)
03-10 14:51:06.426 W/fb4a(:<default>):BlueServiceQueue( 1627): 	at libcore.io.Posix.getaddrinfo(Native Method)
03-10 14:51:06.426 W/fb4a(:<default>):BlueServiceQueue( 1627): 	at libcore.io.ForwardingOs.getaddrinfo(ForwardingOs.java:61)
03-10 14:51:06.426 W/fb4a(:<default>):BlueServiceQueue( 1627): 	at java.net.InetAddress.lookupHostByName(I
03-10 14:51:07.166 D/MobileDataStateTracker(  631): default: Broadcast received: android.intent.action.ANY_DATA_STATE apnType=default
03-10 14:51:07.166 D/MobileDataStateTracker(  631): default: Received state=CONNECTED, old=CONNECTING, reason=connected
03-10 14:51:07.166 D/MobileDataStateTracker(  631): default: setDetailed state, old =CONNECTING and new state=CONNECTED
03-10 14:51:07.166 D/ConnectivityService(  631): ConnectivityChange for mobile: CONNECTED/CONNECTED
03-10 14:51:07.166 D/ConnectivityService(  631): ConnectivityChange checkMobileProvisioning for TYPE_MOBILE or ProvisioningNetwork
03-10 14:51:07.166 D/ConnectivityService(  631): checkMobileProvisioning: E suggestedTimeOutMs=60000
03-10 14:51:07.166 D/ConnectivityService(  631): setProvNotificationVisible: E visible=false networkType=5 extraInfo=null url=null
03-10 14:51:07.166 D/ConnectivityService(  631): checkMobileProvisioning: params={ url=http://clients3.google.com/generate_204 mTimeOutMs=60000 mCb=com.android.server.ConnectivityService$5@65e150a0}
03-10 14:51:07.166 D/ConnectivityService(  631): checkMobileProvisioning: X
03-10 14:51:07.186 D/Nat464Xlat(  631): requiresClat: netType=0, hasIPv4Address=true
03-10 14:51:07.206 D/MobileDataStateTracker(  631): default: isProvisioningNetwork: retVal=false
03-10 14:51:07.206 D/ConnectivityService(  631): [CheckMp] isMobileOk: isDefaultProvisioning=false
03-10 14:51:07.206 D/MobileDataStateTracker(  631): hipri: isProvisioningNetwork: retVal=false
03-10 14:51:07.206 D/ConnectivityService(  631): [CheckMp] isMobileOk: isHipriProvisioning=false
03-10 14:51:07.206 D/ConnectivityService(  631): [CheckMp] isMobileOk: start hipri url=http://clients3.google.com/generate_204
03-10 14:51:07.206 D/ConnectivityService(  631): startUsingNetworkFeature reconnecting to 0: enableHIPRI
03-10 14:51:07.216 D/ConnectivityService(  631): startUsingNetworkFeature X: return APN_REQUEST_STARTED
03-10 14:51:07.216 D/ConnectivityService(  631): [CheckMp] isMobileOk: hipri started
03-10 14:51:07.216 D/ConnectivityService(  631): [CheckMp] isMobileOk: not connected ni=NetworkInfo: type: mobile_hipri[UMTS], state: DISCONNECTED/IDLE, reason: (unspecified), extra: (none), roaming: false, failover: false, isAvailable: true, isConnectedToProvisioningNetwork: false
03-10 14:51:07.216 D/MobileDataStateTracker(  631): hipri: Broadcast received: android.intent.action.ANY_DATA_STATE apnType=hipri
03-10 14:51:07.216 D/MobileDataStateTracker(  631): hipri: Received state=CONNECTING, old=DISCONNECTED, reason=dataEnabled
03-10 14:51:07.216 D/MobileDataStateTracker(  631): hipri: setDetailed state, old =IDLE and new state=CONNECTING
03-10 14:51:07.216 D/MobileDataStateTracker(  631): fota: Broadcast received: android.intent.action.ANY_DATA_STATE apnType=fota
03-10 14:51:07.216 D/MobileDataStateTracker(  631): fota: Received state=DISCONNECTED, old=DISCONNECTED, reason=dataEnabled
03-10 14:51:07.216 D/MobileDataStateTracker(  631): dun: Broadcast received: android.intent.action.ANY_DATA_STATE apnType=dun
03-10 14:51:07.216 D/MobileDataStateTracker(  631): dun: Received state=DISCONNECTED, old=DISCONNECTED, reason=dataEnabled
03-10 14:51:07.216 D/MobileDataStateTracker(  631): ia: Broadcast received: android.intent.action.ANY_DATA_STATE apnType=ia
03-10 14:51:07.226 D/MobileDataStateTracker(  631): ia: Received state=DISCONNECTED, old=DISCONNECTED, reason=dataEnabled
03-10 14:51:07.226 D/MobileDataStateTracker(  631): supl: Broadcast received: android.intent.action.ANY_DATA_STATE apnType=supl
03-10 14:51:07.226 D/MobileDataStateTracker(  631): supl: Received state=DISCONNECTED, old=DISCONNECTED, reason=dataEnabled
03-10 14:51:07.226 D/MobileDataStateTracker(  631): ims: Broadcast received: android.intent.action.ANY_DATA_STATE apnType=ims
03-10 14:51:07.226 D/MobileDataStateTracker(  631): ims: Received state=DISCONNECTED, old=DISCONNECTED, reason=dataEnabled
03-10 14:51:07.226 D/MobileDataStateTracker(  631): mms: Broadcast received: android.intent.action.ANY_DATA_STATE apnType=mms
03-10 14:51:07.226 D/MobileDataStateTracker(  631): mms: Received state=DISCONNECTED, old=DISCONNECTED, reason=dataEnabled
03-10 14:51:07.226 D/MobileDataStateTracker(  631): cbs: Broadcast received: android.intent.action.ANY_DATA_STATE apnType=cbs
03-10 14:51:07.226 D/MobileDataStateTracker(  631): cbs: Received state=DISCONNECTED, old=DISCONNECTED, reason=dataEnabled
03-10 14:51:07.236 D/MobileDataStateTracker(  631): hipri: Broadcast received: android.intent.action.ANY_DATA_STATE apnType=hipri
03-10 14:51:07.236 D/MobileDataStateTracker(  631): hipri: Received state=CONNECTED, old=CONNECTING, reason=dataEnabled
03-10 14:51:07.236 D/MobileDataStateTracker(  631): hipri: setDetailed state, old =CONNECTING and new state=CONNECTED
03-10 14:51:07.236 D/ConnectivityService(  631): ConnectivityChange for mobile_hipri: CONNECTED/CONNECTED
03-10 14:51:07.316 D/Nat464Xlat(  631): requiresClat: netType=5, hasIPv4Address=true
03-10 14:51:07.336 D/MobileDataStateTracker(  631): default: setPolicyDataEnable(enabled=true)
03-10 14:51:07.336 W/NetworkPolicy(  631): shared quota unsupported; generating rule for each iface
03-10 14:51:07.436 I/art     (  942): Heap trim of managed (duration=4.971095ms, advised=712KB) and native (duration=3.292760ms, advised=336KB) heaps. Managed heap utilization of 42%.
03-10 14:51:07.596 D/MobileDataStateTracker(  631): default: setPolicyDataEnable(enabled=true)
03-10 14:51:07.596 D/MobileDataStateTracker(  631): default: setPolicyDataEnable(enabled=true)
03-10 14:51:07.606 W/NetworkPolicy(  631): shared quota unsupported; generating rule for each iface
03-10 14:51:08.026 D/MobileDataStateTracker(  631): default: setPolicyDataEnable(enabled=true)
03-10 14:51:08.216 D/MobileDataStateTracker(  631): hipri: isProvisioningNetwork: retVal=false
03-10 14:51:08.216 D/ConnectivityService(  631): [CheckMp] isMobileOk: isProvisioningNetwork is false, continue
03-10 14:51:08.256 D/ConnectivityService(  631): [CheckMp] isMobileOk: addresses=clients3.google.com/193.229.108.104,clients3.google.com/193.229.108.123,clients3.google.com/193.229.108.94,clients3.google.com/193.229.108.88,clients3.google.com/193.229.108.93,clients3.google.com/193.229.108.108,clients3.google.com/193.229.108.113,clients3.google.com/193.229.108.103,clients3.google.com/193.229.108.118,clients3.google.com/193.229.108.84,clients3.google.com/193.229.108.119,clients3.google.com/193.229.108.114,clients3.google.com/193.229.108.89,clients3.google.com/193.229.108.99,clients3.google.com/193.229.108.98,clients3.google.com/193.229.108.109
03-10 14:51:08.256 D/ConnectivityService(  631): [CheckMp] isMobileOk: linkHasIpv4=true linkHasIpv6=false
03-10 14:51:08.276 D/ConnectivityService(  631): requestRouteToHostAddress ok=true
03-10 14:51:08.276 D/ConnectivityService(  631): [CheckMp] isMobileOk: wait to establish route to hostAddr=clients3.google.com/193.229.108.123
03-10 14:51:08.706 W/fb4a(:<default>):MqttPushService( 1627): Attempt to start service that is already started
03-10 14:51:10.196 D/CaptivePortalTracker(  631): NoActiveNetworkState{ when=0 what=1 obj=NetworkInfo: type: mobile[HSPA+], state: CONNECTED/CONNECTED, reason: connected, extra: internet.saunalahti, roaming: false, failover: false, isAvailable: true, isConnectedToProvisioningNetwork: false target=com.android.internal.util.StateMachine$SmHandler }
03-10 14:51:10.196 D/CaptivePortalTracker(  631): NoActiveNetworkState not a wifi connectivity change, ignore
03-10 14:51:10.196 D/Tethering(  631): MasterInitialState.processMessage what=3
03-10 14:51:10.306 I/ActivityManager(  631): Waited long enough for: ServiceRecord{65eaf0c0 u0 com.google.android.gms/.gcm.GcmService}
03-10 14:51:10.336 W/art     (  182): Could not get current activity
03-10 14:51:10.346 I/ActivityManager(  631): Start proc com.chrome.beta for service com.chrome.beta/com.google.android.apps.chrome.sync.ChromeBrowserSyncAdapterService: pid=2095 uid=10083 gids={50083, 3003, 1028, 1015}
03-10 14:51:10.356 D/Tethering(  631): MasterInitialState.processMessage what=3
03-10 14:51:10.356 D/CaptivePortalTracker(  631): NoActiveNetworkState{ when=-1ms what=1 obj=NetworkInfo: type: mobile_hipri[HSPA+], state: CONNECTED/CONNECTED, reason: dataEnabled, extra: internet.saunalahti, roaming: false, failover: false, isAvailable: true, isConnectedToProvisioningNetwork: false target=com.android.internal.util.StateMachine$SmHandler }
03-10 14:51:10.356 D/CaptivePortalTracker(  631): NoActiveNetworkState not a wifi connectivity change, ignore
03-10 14:51:10.386 D/GpsLocationProvider(  631): NTP server returned: 1394455868300 (Mon Mar 10 14:51:08 GMT+02:00 2014) reference: 49591 certainty: 31 system time offset: -2093
03-10 14:51:10.596 D/DelayedSyncController( 2095): Delaying sync.
03-10 14:51:11.276 D/ConnectivityService(  631): [CheckMp] isMobileOk: newUrl=https://193.229.108.123/generate_204
03-10 14:51:11.296 W/ActivityThread(  631): ClassLoader.loadClass: The class loader returned by Thread.getContextClassLoader() may fail for processes that host multiple applications. You should explicitly specify a context class loader. For example: Thread.setContextClassLoader(getClass().getClassLoader());
03-10 14:51:11.966 I/ActivityManager(  631): Resuming delayed broadcast
03-10 14:51:11.996 I/ActivityManager(  631): Start proc com.android.cellbroadcastreceiver for broadcast com.android.cellbroadcastreceiver/.CellBroadcastReceiver: pid=2138 uid=10030 gids={50030}
03-10 14:51:12.006 D/MtpService(  942): updating state; isCurrentUser=true, mMtpLocked=false
03-10 14:51:12.056 W/art     ( 2138): Failed to find ELF magic in /system/app/CellBroadcastReceiver.odex: dey
03-10 14:51:12.076 D/CellBroadcastReceiver( 2138): onReceive Intent { act=android.intent.action.BOOT_COMPLETED flg=0x8000010 cmp=com.android.cellbroadcastreceiver/.CellBroadcastReceiver (has extras) }
03-10 14:51:12.076 D/CellBroadcastReceiver( 2138): Registering for ServiceState updates
03-10 14:51:12.096 D/CellBroadcastReceiver( 2138): Service state changed! 0 Full: 0 0 home Saunalahti Saunalahti 24405  UMTS HSPAP CSS not supported -1 -1 RoamInd=-1 DefRoamInd=-1 EmergOnly=false
03-10 14:51:12.116 I/ActivityManager(  631): Start proc com.google.android.deskclock for broadcast com.google.android.deskclock/com.android.deskclock.AlarmInitReceiver: pid=2156 uid=10034 gids={50034, 1028}
03-10 14:51:12.126 D/CellBroadcastConfigService( 2138): enabling emergency cell broadcast channels
03-10 14:51:12.126 D/IccSmsInterfaceManager( 1005): [IccSmsInterfaceManager] enableGsmBroadcastRange
03-10 14:51:12.126 D/IccSmsInterfaceManager( 1005): [IccSmsInterfaceManager] Calling setGsmBroadcastConfig with 1 configurations
03-10 14:51:12.156 W/art     ( 2156): Failed to find ELF magic in /system/app/DeskClockGoogle.odex: dey
03-10 14:51:12.186 V/AlarmClock( 2156): AlarmInitReceiver android.intent.action.BOOT_COMPLETED
03-10 14:51:12.206 V/AlarmClock( 2156): AlarmInitReceiver - Reset timers and clear stopwatch data
03-10 14:51:12.236 I/AlarmClock( 2156): Displaying next alarm time: ''
03-10 14:51:12.236 V/AlarmClock( 2156): AlarmInitReceiver finished
03-10 14:51:12.236 I/ActivityManager(  631): Delay finish: com.google.android.deskclock/com.android.deskclock.AlarmInitReceiver
03-10 14:51:12.266 D/IccSmsInterfaceManager( 1005): [IccSmsInterfaceManager] Added cell broadcast subscription for MID range 4352 to 4354 from client com.android.cellbroadcastreceiver
03-10 14:51:12.266 D/IccSmsInterfaceManager( 1005): [IccSmsInterfaceManager] Calling setCellBroadcastActivation(true)
03-10 14:51:12.266 D/IccSmsInterfaceManager( 1005): [IccSmsInterfaceManager] enableGsmBroadcastRange
03-10 14:51:12.266 D/IccSmsInterfaceManager( 1005): [IccSmsInterfaceManager] Calling setGsmBroadcastConfig with 2 configurations
03-10 14:51:12.336 D/ConnectivityService(  631): [CheckMp] isMobileOk: hostnameVerify retVal=true hostname=193.229.108.123 orgUriHost=clients3.google.com
03-10 14:51:12.466 D/ConnectivityService(  631): [CheckMp] isMobileOk: headers={null=[HTTP/1.1 204 No Content], Connection=[close], Content-Length=[0], Content-Type=[text/html; charset=UTF-8], Date=[Mon, 10 Mar 2014 12:51:13 GMT], Server=[GFE/2.0], X-Android-Received-Millis=[1394455872473], X-Android-Response-Source=[NETWORK 204], X-Android-Selected-Transport=[http/1.1], X-Android-Sent-Millis=[1394455872353]}
03-10 14:51:12.466 D/ConnectivityService(  631): [CheckMp] isMobileOk: X got expected responseCode=204 result=1
03-10 14:51:12.466 D/ConnectivityService(  631): [CheckMp] isMobileOk: F stop hipri
03-10 14:51:12.466 D/MobileDataStateTracker(  631): default: setEnableFailFastMobileData(enabled=0)
03-10 14:51:12.476 D/ConnectivityService(  631): stopUsingNetworkFeature: teardown net 0: enableHIPRI
03-10 14:51:12.496 D/MobileDataStateTracker(  631): hipri: Broadcast received: android.intent.action.ANY_DATA_STATE apnType=hipri
03-10 14:51:12.496 D/MobileDataStateTracker(  631): hipri: Received state=DISCONNECTED, old=CONNECTED, reason=dataDisabled
03-10 14:51:12.496 D/MobileDataStateTracker(  631): hipri: setDetailed state, old =CONNECTED and new state=DISCONNECTED
03-10 14:51:12.496 D/ConnectivityService(  631): ConnectivityChange for mobile_hipri: DISCONNECTED/DISCONNECTED
03-10 14:51:12.526 D/IccSmsInterfaceManager( 1005): [IccSmsInterfaceManager] Added cell broadcast subscription for MID range 4356 to 4356 from client com.android.cellbroadcastreceiver
03-10 14:51:12.526 D/IccSmsInterfaceManager( 1005): [IccSmsInterfaceManager] Calling setCellBroadcastActivation(true)
03-10 14:51:12.536 D/IccSmsInterfaceManager( 1005): [IccSmsInterfaceManager] enableGsmBroadcastRange
03-10 14:51:12.536 D/IccSmsInterfaceManager( 1005): [IccSmsInterfaceManager] Calling setGsmBroadcastConfig with 3 configurations
03-10 14:51:12.566 D/Nat464Xlat(  631): requiresClat: netType=5, hasIPv4Address=true
03-10 14:51:12.576 D/MobileDataStateTracker(  631): default: setPolicyDataEnable(enabled=true)
03-10 14:51:12.716 I/art     ( 1606): Heap trim of managed (duration=9.812604ms, advised=1352KB) and native (duration=5.328646ms, advised=60KB) heaps. Managed heap utilization of 61%.
03-10 14:51:12.766 D/MobileDataStateTracker(  631): default: setPolicyDataEnable(enabled=true)
03-10 14:51:12.796 D/IccSmsInterfaceManager( 1005): [IccSmsInterfaceManager] Added cell broadcast subscription for MID range 4371 to 4372 from client com.android.cellbroadcastreceiver
03-10 14:51:12.796 D/IccSmsInterfaceManager( 1005): [IccSmsInterfaceManager] Calling setCellBroadcastActivation(true)
03-10 14:51:12.806 D/IccSmsInterfaceManager( 1005): [IccSmsInterfaceManager] enableGsmBroadcastRange
03-10 14:51:12.806 D/IccSmsInterfaceManager( 1005): [IccSmsInterfaceManager] Calling setGsmBroadcastConfig with 4 configurations
03-10 14:51:12.936 D/MobileDataStateTracker(  631): default: setPolicyDataEnable(enabled=true)
03-10 14:51:12.936 D/MobileDataStateTracker(  631): default: setPolicyDataEnable(enabled=true)
03-10 14:51:13.066 D/IccSmsInterfaceManager( 1005): [IccSmsInterfaceManager] Added cell broadcast subscription for MID range 4373 to 4378 from client com.android.cellbroadcastreceiver
03-10 14:51:13.066 D/IccSmsInterfaceManager( 1005): [IccSmsInterfaceManager] Calling setCellBroadcastActivation(true)
03-10 14:51:13.066 D/IccSmsInterfaceManager( 1005): [IccSmsInterfaceManager] enableGsmBroadcastRange
03-10 14:51:13.066 D/IccSmsInterfaceManager( 1005): [IccSmsInterfaceManager] Calling setGsmBroadcastConfig with 4 configurations
03-10 14:51:13.336 D/IccSmsInterfaceManager( 1005): [IccSmsInterfaceManager] Added cell broadcast subscription for MID range 4379 to 4379 from client com.android.cellbroadcastreceiver
03-10 14:51:13.336 D/IccSmsInterfaceManager( 1005): [IccSmsInterfaceManager] Calling setCellBroadcastActivation(true)
03-10 14:51:13.336 D/IccSmsInterfaceManager( 1005): [IccSmsInterfaceManager] enableGsmBroadcastRange
03-10 14:51:13.336 D/IccSmsInterfaceManager( 1005): [IccSmsInterfaceManager] Calling setGsmBroadcastConfig with 4 configurations
03-10 14:51:13.596 D/IccSmsInterfaceManager( 1005): [IccSmsInterfaceManager] Added cell broadcast subscription for MID range 4370 to 4370 from client com.android.cellbroadcastreceiver
03-10 14:51:13.596 D/IccSmsInterfaceManager( 1005): [IccSmsInterfaceManager] Calling setCellBroadcastActivation(true)
03-10 14:51:13.606 D/CellBroadcastConfigService( 2138): enabled emergency cell broadcast channels
03-10 14:51:13.606 D/CellBroadcastConfigService( 2138): disabling cell broadcast channel 50
03-10 14:51:13.606 D/IccSmsInterfaceManager( 1005): [IccSmsInterfaceManager] disableGsmBroadcastRange
03-10 14:51:13.606 D/IccSmsInterfaceManager( 1005): [IccSmsInterfaceManager] Failed to remove cell broadcast subscription for MID range 50 to 50 from client com.android.cellbroadcastreceiver
03-10 14:51:13.606 D/CellBroadcastConfigService( 2138): disabling channels 919-928
