03-10 13:44:42.786 D/StrictMode( 3777): 	at android.os.Looper.loop(Looper.java:136)
03-10 13:44:42.786 D/StrictMode( 3777): 	at android.app.ActivityThread.main(ActivityThread.java:5017)
03-10 13:44:42.786 D/StrictMode( 3777): 	at java.lang.reflect.Method.invokeNative(Native Method)
03-10 13:44:42.786 D/StrictMode( 3777): 	at java.lang.reflect.Method.invoke(Method.java:515)
03-10 13:44:42.786 D/StrictMode( 3777): 	at com.android.internal.os.ZygoteInit$MethodAndArgsCaller.run(ZygoteInit.java:779)
03-10 13:44:42.786 D/StrictMode( 3777): 	at com.android.internal.os.ZygoteInit.main(ZygoteInit.java:595)
03-10 13:44:42.786 D/StrictMode( 3777): 	at dalvik.system.NativeStart.main(Native Method)
03-10 13:44:42.796 I/ActivityManager(  760): Start proc com.devhd.feedly for broadcast com.devhd.feedly/.widget.FeedlyWidgetProvider: pid=3817 uid=10085 gids={50085, 3003, 1028, 1015}
03-10 13:44:42.806 D/dalvikvm( 3777): GC_CONCURRENT freed 306K, 2% free 17641K/17976K, paused 4ms+2ms, total 39ms
03-10 13:44:42.806 D/dalvikvm( 3777): WAIT_FOR_CONCURRENT_GC blocked 10ms
03-10 13:44:42.806 D/dalvikvm( 3777): WAIT_FOR_CONCURRENT_GC blocked 9ms
03-10 13:44:42.816 D/dalvikvm( 3777): WAIT_FOR_CONCURRENT_GC blocked 7ms
03-10 13:44:42.826 I/widget.provider( 3817): com.devhd.feedly.widget.FeedlyWidgetProvider onReceive: android.net.conn.CONNECTIVITY_CHANGE
03-10 13:44:42.846 W/widget.data( 3817): **** creating widget[0] data model object ****
03-10 13:44:42.846 I/ActivityManager(  760): Killing 3113:com.ttxapps.wifiadb/u0a90 (adj 15): empty #17
03-10 13:44:42.866 I/ActivityManager(  760): Start proc com.chrome.beta for broadcast com.chrome.beta/com.google.android.apps.chrome.precache.PrecacheServiceLauncher: pid=3835 uid=10083 gids={50083, 3003, 1028, 1015}
03-10 13:44:42.866 I/ActivityManager(  760): Killing 3137:com.ted.android/u0a88 (adj 15): empty #17
03-10 13:44:42.926 I/ActivityManager(  760): Start proc com.skype.raider for broadcast com.skype.raider/com.skype.android.app.calling.SeamlessCapabilityReceiver: pid=3865 uid=10108 gids={50108, 3003, 3002, 1028, 1015}
03-10 13:44:42.936 I/ActivityManager(  760): Killing 3258:com.google.android.partnersetup/u0a11 (adj 15): empty #17
03-10 13:44:42.946 D/dalvikvm( 3777): GC_CONCURRENT freed 479K, 3% free 17559K/18072K, paused 2ms+1ms, total 18ms
03-10 13:44:42.946 W/GLSUser ( 1130): GoogleAccountDataService.getToken()
03-10 13:44:42.946 D/dalvikvm( 3865): Trying to load lib /data/app-lib/com.skype.raider-2/libSkypeAndroid.so 0x42621de0
03-10 13:44:42.956 W/linker  ( 3865): libSkypeAndroid.so has text relocations. This is wasting memory and is a security risk. Please fix.
03-10 13:44:42.956 D/dalvikvm( 3865): Added shared lib /data/app-lib/com.skype.raider-2/libSkypeAndroid.so 0x42621de0
03-10 13:44:42.956 I/GoogleTTSService( 3804): Creating Google TTS service, version 3.0.10.1047791
03-10 13:44:42.966 D/dalvikvm( 3804): Trying to load lib /data/app-lib/com.google.android.tts-1/libspeexwrapper.so 0x4261edb0
03-10 13:44:42.966 D/dalvikvm( 3804): Added shared lib /data/app-lib/com.google.android.tts-1/libspeexwrapper.so 0x4261edb0
03-10 13:44:42.966 D/dalvikvm( 3804): Trying to load lib /data/app-lib/com.google.android.tts-1/libpatts_engine_jni_api_ub.so 0x4261edb0
03-10 13:44:42.976 D/dalvikvm( 3804): Added shared lib /data/app-lib/com.google.android.tts-1/libpatts_engine_jni_api_ub.so 0x4261edb0
03-10 13:44:42.976 I/patts   ( 3804): [embedded_hmm_synthesizer.cc:21] Embedded HMM synthesizer initialized.
03-10 13:44:42.976 I/patts   ( 3804): [jni_loader.cc:74] Patts JNI loaded successfully.
03-10 13:44:42.976 I/TextToSpeech( 3777): Connected to ComponentInfo{com.google.android.tts/com.google.android.tts.service.GoogleTTSService}
03-10 13:44:42.976 I/ActivityManager(  760): Killing 3299:com.google.android.deskclock/u0a34 (adj 15): empty #17
03-10 13:44:42.996 I/TextToSpeech( 3777): Set up connection to ComponentInfo{com.google.android.tts/com.google.android.tts.service.GoogleTTSService}
03-10 13:44:43.006 D/dalvikvm( 3777): GC_FOR_ALLOC freed 40K, 3% free 17561K/18072K, paused 14ms, total 14ms
03-10 13:44:43.006 I/dalvikvm-heap( 3777): Grow heap (frag case) to 17.239MB for 65552-byte allocation
03-10 13:44:43.026 D/dalvikvm( 3777): GC_FOR_ALLOC freed <1K, 3% free 17625K/18140K, paused 15ms, total 15ms
03-10 13:44:43.026 D/dalvikvm( 3865): GC_CONCURRENT freed 360K, 3% free 16817K/17208K, paused 2ms+9ms, total 24ms
03-10 13:44:43.076 D/dalvikvm( 3865): GC_CONCURRENT freed 486K, 3% free 16844K/17360K, paused 1ms+1ms, total 15ms
03-10 13:44:43.076 D/dalvikvm( 3865): WAIT_FOR_CONCURRENT_GC blocked 6ms
03-10 13:44:43.126 D/dalvikvm( 3865): GC_CONCURRENT freed 472K, 3% free 16887K/17388K, paused 1ms+2ms, total 16ms
03-10 13:44:43.126 D/dalvikvm( 3865): WAIT_FOR_CONCURRENT_GC blocked 4ms
03-10 13:44:43.156 D/dalvikvm( 3865): GC_CONCURRENT freed 494K, 4% free 16904K/17428K, paused 2ms+1ms, total 15ms
03-10 13:44:43.156 D/dalvikvm( 3865): WAIT_FOR_CONCURRENT_GC blocked 6ms
03-10 13:44:43.156 I/ActivityManager(  760): Killing 3311:com.google.android.email/u0a37 (adj 15): empty #17
03-10 13:44:43.186 D/dalvikvm( 3865): GC_CONCURRENT freed 476K, 3% free 16930K/17436K, paused 1ms+1ms, total 11ms
03-10 13:44:43.246 D/dalvikvm( 3865): GC_CONCURRENT freed 409K, 3% free 16959K/17436K, paused 1ms+1ms, total 9ms
03-10 13:44:43.346 D/dalvikvm( 3865): GC_CONCURRENT freed 384K, 3% free 16989K/17436K, paused 2ms+2ms, total 12ms
03-10 13:44:43.416 D/dalvikvm( 3865): GC_CONCURRENT freed 332K, 3% free 17109K/17472K, paused 2ms+3ms, total 19ms
03-10 13:44:43.486 D/dalvikvm( 3865): GC_CONCURRENT freed 499K, 3% free 17122K/17652K, paused 2ms+1ms, total 18ms
03-10 13:44:43.486 D/dalvikvm( 3865): WAIT_FOR_CONCURRENT_GC blocked 7ms
03-10 13:44:43.506 D//Ln.java:218( 3865): main Configuring Logging, minimum log level is INFO
03-10 13:44:43.526 D/dalvikvm( 3865): Trying to load lib /data/app-lib/com.skype.raider-2/libsliq.so 0x42621de0
03-10 13:44:43.526 W/linker  ( 3865): libsliq.so has text relocations. This is wasting memory and is a security risk. Please fix.
03-10 13:44:43.526 D/dalvikvm( 3865): Added shared lib /data/app-lib/com.skype.raider-2/libsliq.so 0x42621de0
03-10 13:44:43.526 D/dalvikvm( 3865): No JNI_OnLoad found in /data/app-lib/com.skype.raider-2/libsliq.so 0x42621de0, skipping init
03-10 13:44:43.526 D/dalvikvm( 3865): Trying to load lib /data/app-lib/com.skype.raider-2/libSkyLib.so 0x42621de0
03-10 13:44:43.526 W/linker  ( 3865): libSkyLib.so has text relocations. This is wasting memory and is a security risk. Please fix.
03-10 13:44:43.546 V/skype_jni( 3865): jni_CallDevice::jni_CallDevice()
03-10 13:44:43.546 V/skype_jni( 3865): jni_CallDevice::Init()
03-10 13:44:43.546 E/skype_jni( 3865): g_jniCallback == 0
03-10 13:44:43.546 E/skype_jni( 3865): g_pcmInit == 0
03-10 13:44:43.546 D/dalvikvm( 3865): Added shared lib /data/app-lib/com.skype.raider-2/libSkyLib.so 0x42621de0
03-10 13:44:43.576 V/skype_jni( 3865): JNI Init
03-10 13:44:43.576 V/skype_jni( 3865): jniSetup
03-10 13:44:43.576 D/dalvikvm( 3865): Trying to load lib /data/app-lib/com.skype.raider-2/libSkypeAndroid.so 0x42621de0
03-10 13:44:43.576 D/dalvikvm( 3865): Shared lib '/data/app-lib/com.skype.raider-2/libSkypeAndroid.so' already loaded in same CL 0x42621de0
03-10 13:44:43.646 I/AwesomePlayer(  183): setDataSource_l(URL suppressed)
03-10 13:44:43.666 I/AwesomePlayer(  183): setDataSource_l(URL suppressed)
03-10 13:44:43.676 D/dalvikvm( 3865): GC_CONCURRENT freed 352K, 3% free 17159K/17652K, paused 1ms+0ms, total 13ms
03-10 13:44:43.686 I/Camera2ClientBase(  183): Camera 0: Opened
03-10 13:44:43.686 E/mm-camera-intf(  183): mm_camera_open: dev name = /dev/video1, cam_idx = 1
03-10 13:44:43.686 E/mm-camera-sensor(  197): module_sensor_start_session:577 session 1
03-10 13:44:43.696 E/mm-camera-sensor(  197): eeprom_load_library:515 e_ctrl->eeprom_lib.func_tbl =0xb6b5a004
03-10 13:44:43.706 I/ActivityManager(  760): Start proc com.ttxapps.wifiadb for broadcast com.ttxapps.wifiadb/.NetworkStateReceiver: pid=3912 uid=10090 gids={50090, 3003}
03-10 13:44:43.706 I/ActivityManager(  760): Killing 2318:com.google.android.calendar/u0a29 (adj 15): empty #17
03-10 13:44:43.726 I/mm-camera(  197): gyro_module_start_session: Enter
03-10 13:44:43.726 I/mm-camera(  197): gyro_module_start_session: Init DSPS
03-10 13:44:43.726 I/mm-camera(  197): gyro_module_start_session: Exit successful
03-10 13:44:43.726 I/mm-camera(  197): gyro_module_get_port: Exit successful
03-10 13:44:43.726 E/mm-camera(  197): cpp_module_start_session:352, info: starting session 1
03-10 13:44:43.726 D/ACRA    ( 3912): ACRA is enabled for com.ttxapps.wifiadb, intializing...
03-10 13:44:43.736 D/ACRA    ( 3912): Looking for error files in /data/data/com.ttxapps.wifiadb/files
03-10 13:44:43.746 E/mm-camera(  197): cpp_thread_func:55: cpp_thread entering the polling loop...
03-10 13:44:43.746 E/mm-camera(  197): cpp_module_start_session:422, info: cpp_thread created.
03-10 13:44:43.746 E/mm-camera(  197): cpp_module_start_session:425, info: session 1 started.
03-10 13:44:43.746 E/mm-camera(  197): c2d_module_start_session:246, info: starting session 1
03-10 13:44:43.746 E/mm-camera(  197): c2d_module_start_session:284, info: c2d_thread created.
03-10 13:44:43.746 E/mm-camera(  197): c2d_module_start_session:306, info: session 1 started.
03-10 13:44:43.746 E/mm-camera-sensor(  197): module_module_set_session_data:2435 max delay 2 report dSelay 1
03-10 13:44:43.746 E/mm-camera(  197): module_faceproc_set_session_data:1826] Per frame control 2 1
03-10 13:44:43.746 E/mm-camera(  197): c2d_thread_func:39: c2d_thread entering the polling loop...
03-10 13:44:43.746 E/mm-camera-intf(  183): mm_camera_open:  opened, break out while loop
03-10 13:44:43.746 I/Camera2-Parameters(  183): Camera 0: Disabling ZSL mode
03-10 13:44:43.776 D/dalvikvm( 3912): GC_CONCURRENT freed 348K, 3% free 16891K/17268K, paused 3ms+1ms, total 23ms
03-10 13:44:43.776 D/dalvikvm( 3912): WAIT_FOR_CONCURRENT_GC blocked 5ms
03-10 13:44:43.806 D/dalvikvm( 3912): GC_CONCURRENT freed 257K, 2% free 17093K/17404K, paused 1ms+1ms, total 10ms
03-10 13:44:43.806 D/dalvikvm( 3912): WAIT_FOR_CONCURRENT_GC blocked 8ms
03-10 13:44:43.846 E/mm-camera(  197): mct_pipeline_process_set:command=800000b
03-10 13:44:43.846 E/mm-camera(  197): mct_pipeline_get_stream: no children
03-10 13:44:43.846 E/mm-camera(  197): mct_pipeline_process_set:1370: Couldn't find stream
03-10 13:44:43.846 E/mm-camera-sensor(  197): module_sensor_stop_session:630 session 1
03-10 13:44:43.866 D/dalvikvm( 3912): GC_CONCURRENT freed 238K, 2% free 17369K/17636K, paused 1ms+12ms, total 23ms
03-10 13:44:43.866 D/dalvikvm( 3912): WAIT_FOR_CONCURRENT_GC blocked 1ms
03-10 13:44:43.926 D/dalvikvm( 3912): GC_CONCURRENT freed 306K, 2% free 17505K/17840K, paused 2ms+1ms, total 12ms
03-10 13:44:43.926 I/WifiADB ( 3912): maxLogLevel is INFO
03-10 13:44:43.956 I/ActivityManager(  760): Start proc com.ted.android for broadcast com.ted.android/.service.DataUpdateCheckBroadcastReceiver: pid=3948 uid=10088 gids={50088, 3003, 1028, 1015}
03-10 13:44:43.956 I/ActivityManager(  760): Killing 2281:com.google.android.gm/u0a42 (adj 15): empty #17
03-10 13:44:43.986 I/Logging ( 3948): Testing for android stub library...
03-10 13:44:43.996 I/ActivityManager(  760): Killing 3279:org.mozilla.fennec/u0a98 (adj 15): empty #17
03-10 13:44:44.056 E/mm-camera(  197): stats_module_stop_session: list =0xb7c583d8, remove port =0xb7c4dd90 name=stats_sink from module=0xb7c37778, name=stats
03-10 13:44:44.056 E/mm-camera(  197): stats_module_stop_session: 1 port =0xb7c4dd90 name=stats_sink 
03-10 13:44:44.056 E/mm-camera(  197): stats_module_stop_session: 2 port =0xb7c4dd90 name=stats_sink 
03-10 13:44:44.056 I/mm-camera(  197): gyro_module_stop_session: Enter
03-10 13:44:44.056 I/mm-camera(  197): gyro_module_stop_session: Deinit DSPS
03-10 13:44:44.056 I/mm-camera(  197): gyro_module_stop_session: Exit successful
03-10 13:44:44.056 E/mm-camera(  197): stats_module_stop_session: 3 port =0xb7c4dd90 name=stats_sink 
03-10 13:44:44.056 E/mm-camera(  197): cpp_module_stop_session:453, info: stopping session 1 ...
03-10 13:44:44.056 E/mm-camera(  197): cpp_thread_process_pipe_message:359, CPP_THREAD_MSG_ABORT: cpp_thread exiting..
03-10 13:44:44.056 E/mm-camera(  197): cpp_module_stop_session:495, info: session 1 stopped.
03-10 13:44:44.056 E/mm-camera(  197): c2d_module_stop_session:322, info: stopping session 1 ...
03-10 13:44:44.056 E/mm-camera(  197): c2d_module_stop_session:327, info: stopping c2d_thread...
03-10 13:44:44.056 E/mm-camera(  197): c2d_module_post_msg_to_thread:381, msg.type=1
03-10 13:44:44.056 E/mm-camera(  197): c2d_thread_process_pipe_message:503, C2D_THREAD_MSG_ABORT: c2d_thread exiting..
03-10 13:44:44.056 E/mm-camera(  197): c2d_module_stop_session:339, closing c2d subdev...
03-10 13:44:44.056 E/mm-camera(  197): c2d_module_stop_session:361, info: session 1 stopped.
03-10 13:44:44.056 I/Camera2Client(  183): Camera 0: Closed
03-10 13:44:44.056 I/Camera2ClientBase(  183): Closed Camera 0
03-10 13:44:44.056 I/AwesomePlayer(  183): setDataSource_l(URL suppressed)
03-10 13:44:44.076 I/AwesomePlayer(  183): setDataSource_l(URL suppressed)
03-10 13:44:44.096 I/Camera2ClientBase(  183): Camera 1: Opened
03-10 13:44:44.096 E/mm-camera-intf(  183): mm_camera_open: dev name = /dev/video2, cam_idx = 2
03-10 13:44:44.096 E/mm-camera-sensor(  197): module_sensor_start_session:577 session 2
03-10 13:44:44.326 E/mm-camera-sensor(  197): module_sensor_init_session:471 ois device is not supported
03-10 13:44:44.326 E/mm-camera-sensor(  197): 
03-10 13:44:44.326 I/mm-camera(  197): gyro_module_start_session: Enter
03-10 13:44:44.326 I/mm-camera(  197): gyro_module_start_session: Init DSPS
03-10 13:44:44.336 I/mm-camera(  197): gyro_module_start_session: Exit successful
03-10 13:44:44.336 I/mm-camera(  197): gyro_module_get_port: Exit successful
03-10 13:44:44.336 E/mm-camera(  197): cpp_module_start_session:352, info: starting session 2
03-10 13:44:44.356 E/mm-camera(  197): cpp_module_start_session:422, info: cpp_thread created.
03-10 13:44:44.356 E/mm-camera(  197): cpp_module_start_session:425, info: session 2 started.
03-10 13:44:44.356 E/mm-camera(  197): c2d_module_start_session:246, info: starting session 2
03-10 13:44:44.356 E/mm-camera(  197): cpp_thread_func:55: cpp_thread entering the polling loop...
03-10 13:44:44.356 E/mm-camera(  197): c2d_module_start_session:284, info: c2d_thread created.
03-10 13:44:44.356 E/mm-camera(  197): c2d_module_start_session:306, info: session 2 started.
03-10 13:44:44.356 E/mm-camera-sensor(  197): module_module_set_session_data:2435 max delay 2 report dSelay 1
03-10 13:44:44.356 E/mm-camera(  197): module_faceproc_set_session_data:1826] Per frame control 2 1
03-10 13:44:44.356 E/mm-camera(  197): c2d_thread_func:39: c2d_thread entering the polling loop...
03-10 13:44:44.356 E/mm-camera-intf(  183): mm_camera_open:  opened, break out while loop
03-10 13:44:44.356 I/Camera2-Parameters(  183): Camera 1: Disabling ZSL mode
03-10 13:44:44.466 E/mm-camera(  197): mct_pipeline_process_set:command=800000b
03-10 13:44:44.466 E/mm-camera(  197): mct_pipeline_get_stream: no children
03-10 13:44:44.466 E/mm-camera(  197): mct_pipeline_process_set:1370: Couldn't find stream
03-10 13:44:44.466 E/mm-camera-sensor(  197): module_sensor_stop_session:630 session 2
03-10 13:44:44.566 E/mm-camera(  197): stats_module_stop_session: list =0xb7c53ee8, remove port =0xb7c498d8 name=stats_sink from module=0xb7c37778, name=stats
03-10 13:44:44.566 E/mm-camera(  197): stats_module_stop_session: 1 port =0xb7c498d8 name=stats_sink 
03-10 13:44:44.566 E/mm-camera(  197): stats_module_stop_session: 2 port =0xb7c498d8 name=stats_sink 
03-10 13:44:44.566 I/mm-camera(  197): gyro_module_stop_session: Enter
03-10 13:44:44.566 I/mm-camera(  197): gyro_module_stop_session: Deinit DSPS
03-10 13:44:44.566 I/mm-camera(  197): gyro_module_stop_session: Exit successful
03-10 13:44:44.566 E/mm-camera(  197): stats_module_stop_session: 3 port =0xb7c498d8 name=stats_sink 
03-10 13:44:44.566 E/mm-camera(  197): cpp_module_stop_session:453, info: stopping session 2 ...
03-10 13:44:44.566 E/mm-camera(  197): cpp_thread_process_pipe_message:359, CPP_THREAD_MSG_ABORT: cpp_thread exiting..
03-10 13:44:44.566 E/mm-camera(  197): cpp_module_stop_session:495, info: session 2 stopped.
03-10 13:44:44.566 E/mm-camera(  197): c2d_module_stop_session:322, info: stopping session 2 ...
03-10 13:44:44.566 E/mm-camera(  197): c2d_module_stop_session:327, info: stopping c2d_thread...
03-10 13:44:44.566 E/mm-camera(  197): c2d_module_post_msg_to_thread:381, msg.type=1
03-10 13:44:44.566 E/mm-camera(  197): c2d_thread_process_pipe_message:503, C2D_THREAD_MSG_ABORT: c2d_thread exiting..
03-10 13:44:44.566 E/mm-camera(  197): c2d_module_stop_session:339, closing c2d subdev...
03-10 13:44:44.566 E/mm-camera(  197): c2d_module_stop_session:361, info: session 2 stopped.
03-10 13:44:47.307 W/GAV2    ( 3739): Thread[GAThread,5,main]: Service unavailable (code=1), will retry.
03-10 13:44:47.307 W/ActivityManager(  760): Unable to start service Intent { act=com.google.android.gms.analytics.service.START cmp=com.google.android.gms/.analytics.service.AnalyticsService (has extras) } U=0: not found
03-10 13:44:47.317 I/GAV2    ( 3739): Thread[GAThread,5,main]: No campaign data found.
03-10 13:44:50.036 D/ConnectivityService(  760): handleInetConditionChange: no active default network - ignore
03-10 13:44:52.257 I/rmt_storage(  176): rmt_storage_connect_cb: clnt_h=0x7 conn_h=0xb8bc4160
03-10 13:44:52.257 I/rmt_storage(  176): rmt_storage_rw_iovec_cb: /boot/modem_fs1: clnt_h=0x1: req_h=0xb msg_id=3: R/W request received
03-10 13:44:52.257 I/rmt_storage(  176): wakelock acquired: 1, error no: 2
03-10 13:44:52.257 I/rmt_storage(  176): rmt_storage_client_thread: /boot/modem_fs1: clnt_h=0x1 Unblock worker thread (th_id: -1195622704)
03-10 13:44:52.316 W/GAV2    ( 3739): Thread[Service Reconnect,5,main]: Service unavailable (code=1), using local store.
03-10 13:44:52.316 W/ActivityManager(  760): Unable to start service Intent { act=com.google.android.gms.analytics.service.START cmp=com.google.android.gms/.analytics.service.AnalyticsService (has extras) } U=0: not found
03-10 13:44:52.356 I/rmt_storage(  176): rmt_storage_client_thread: /boot/modem_fs1: clnt_h=0x1: req_h=0xb msg_id=3: Bytes written = 1572864
03-10 13:44:52.356 I/rmt_storage(  176): rmt_storage_client_thread: /boot/modem_fs1: clnt_h=0x1: req_h=0xb msg_id=3: Send response: res=0 err=0
03-10 13:44:52.356 I/rmt_storage(  176): rmt_storage_client_thread: /boot/modem_fs1: clnt_h=0x1 About to block rmt_storage client thread (th_id: -1195622704) wakelock released: 1, error no: 0
03-10 13:44:52.356 I/rmt_storage(  176): 
03-10 13:44:52.356 I/rmt_storage(  176): rmt_storage_disconnect_cb: clnt_h=0x0x7 conn_h=0x0xb8bc4160
03-10 13:44:56.926 D/MobileDataStateTracker(  760): default: Broadcast received: android.intent.action.ANY_DATA_STATE apnType=default
03-10 13:44:56.936 D/MobileDataStateTracker(  760): default: Received state=DISCONNECTED, old=DISCONNECTED, reason=LOST_CONNECTION
03-10 13:44:58.047 V/QcrilMsgTunnelSocket( 1989): After reading offset = 0 remaining = 4 countRead = 4
03-10 13:44:58.047 D/QcrilMsgTunnelSocket( 1989): messageLength extracted from first 4 inputStream reads = 29
03-10 13:44:58.047 V/QcrilMsgTunnelSocket( 1989): offset = 0 remaining = 29 countRead = 0
03-10 13:44:58.096 V/QcrilMsgTunnelSocket( 1989): offset = 0 remaining = 29 countRead = 29
03-10 13:44:58.096 D/QcrilMsgTunnelSocket( 1989): readRilMessage: Buffer = [B@42624370 HexData = [0100000004040000110000005155414c434f4d4def0308000100000002]
03-10 13:44:58.096 V/QcrilMsgTunnelSocket( 1989): Read packet: 29 bytes. Data Available = 32 Position = 0
03-10 13:44:58.096 D/QcrilMsgTunnelSocket( 1989): processResponse. message type = 1. Data Available = 28
03-10 13:44:58.096 D/QcrilMsgTunnelSocket( 1989): ByteArray from parcel = 5155414c434f4d4def0308000100000002
03-10 13:44:58.096 D/QcrilMsgTunnelSocket( 1989): Received RIL_UNSOL_OEM_HOOK_RAW message
03-10 13:44:58.096 D/QcrilMsgTunnelSocket( 1989): Oem ID in RIL_UNSOL_OEM_HOOK_RAW is QUALCOMM
03-10 13:44:58.096 D/QcrilMsgTunnelSocket( 1989): OEM ID check Passed
03-10 13:44:58.096 D/QcrilMsgTunnelSocket( 1989): Response ID in RIL_UNSOL_OEM_HOOK_RAW is 525295
03-10 13:44:58.096 D/QcrilMsgTunnelSocket( 1989): Response ID 525295is not served in this process.
03-10 13:44:58.096 D/QcrilMsgTunnelSocket( 1989): To broadcast an Intent via the notifier to external apps
03-10 13:44:58.096 V/QcrilMsgTunnelSocket( 1989): Before reading offset = 0 remaining = 4 countRead = 0
03-10 13:44:58.106 D/AlarmManagerService(  760): Kernel timezone updated to -120 minutes west of GMT
03-10 13:44:58.106 D/AlarmManagerService(  760): Kernel timezone updated to -120 minutes west of GMT
03-10 13:44:58.116 D/QcrilMsgTunnelIfaceManager( 1989): handleMessage what=0
03-10 13:44:58.116 D/QcrilMsgTunnelIfaceManager( 1989): Broadcasting intent ACTION_UNSOL_RESPONSE_OEM_HOOK_RAW
03-10 13:44:58.606 V/QcrilMsgTunnelSocket( 1989): After reading offset = 0 remaining = 4 countRead = 4
03-10 13:44:58.606 D/QcrilMsgTunnelSocket( 1989): messageLength extracted from first 4 inputStream reads = 29
03-10 13:44:58.606 V/QcrilMsgTunnelSocket( 1989): offset = 0 remaining = 29 countRead = 0
03-10 13:44:58.606 V/QcrilMsgTunnelSocket( 1989): offset = 0 remaining = 29 countRead = 29
03-10 13:44:58.606 D/QcrilMsgTunnelSocket( 1989): readRilMessage: Buffer = [B@42624370 HexData = [0100000004040000110000005155414c434f4d4def0308000100000002]
03-10 13:44:58.606 V/QcrilMsgTunnelSocket( 1989): Read packet: 29 bytes. Data Available = 32 Position = 0
03-10 13:44:58.606 D/QcrilMsgTunnelSocket( 1989): processResponse. message type = 1. Data Available = 28
03-10 13:44:58.606 D/QcrilMsgTunnelSocket( 1989): ByteArray from parcel = 5155414c434f4d4def0308000100000002
03-10 13:44:58.606 D/QcrilMsgTunnelSocket( 1989): Received RIL_UNSOL_OEM_HOOK_RAW message
03-10 13:44:58.606 D/QcrilMsgTunnelSocket( 1989): Oem ID in RIL_UNSOL_OEM_HOOK_RAW is QUALCOMM
03-10 13:44:58.606 D/QcrilMsgTunnelSocket( 1989): OEM ID check Passed
03-10 13:44:58.606 D/QcrilMsgTunnelSocket( 1989): Response ID in RIL_UNSOL_OEM_HOOK_RAW is 525295
03-10 13:44:58.606 D/QcrilMsgTunnelSocket( 1989): Response ID 525295is not served in this process.
03-10 13:44:58.666 D/dalvikvm(  990): GC_CONCURRENT freed 381K, 3% free 17366K/17784K, paused 6ms+1ms, total 42ms
03-10 13:44:58.666 D/QcrilMsgTunnelSocket( 1989): To broadcast an Intent via the notifier to external apps
03-10 13:44:58.666 V/QcrilMsgTunnelSocket( 1989): Before reading offset = 0 remaining = 4 countRead = 0
03-10 13:44:58.666 D/QcrilMsgTunnelIfaceManager( 1989): handleMessage what=0
03-10 13:44:58.666 D/QcrilMsgTunnelIfaceManager( 1989): Broadcasting intent ACTION_UNSOL_RESPONSE_OEM_HOOK_RAW
03-10 13:44:58.706 V/QcrilMsgTunnelSocket( 1989): After reading offset = 0 remaining = 4 countRead = 4
03-10 13:44:58.706 D/QcrilMsgTunnelSocket( 1989): messageLength extracted from first 4 inputStream reads = 29
03-10 13:44:58.706 V/QcrilMsgTunnelSocket( 1989): offset = 0 remaining = 29 countRead = 0
03-10 13:44:58.706 V/QcrilMsgTunnelSocket( 1989): offset = 0 remaining = 29 countRead = 29
03-10 13:44:58.706 D/QcrilMsgTunnelSocket( 1989): readRilMessage: Buffer = [B@42624370 HexData = [0100000004040000110000005155414c434f4d4def0308000100000002]
03-10 13:44:58.706 V/QcrilMsgTunnelSocket( 1989): Read packet: 29 bytes. Data Available = 32 Position = 0
03-10 13:44:58.706 D/QcrilMsgTunnelSocket( 1989): processResponse. message type = 1. Data Available = 28
03-10 13:44:58.706 D/QcrilMsgTunnelSocket( 1989): ByteArray from parcel = 5155414c434f4d4def0308000100000002
03-10 13:44:58.706 D/QcrilMsgTunnelSocket( 1989): Received RIL_UNSOL_OEM_HOOK_RAW message
03-10 13:44:58.706 D/QcrilMsgTunnelSocket( 1989): Oem ID in RIL_UNSOL_OEM_HOOK_RAW is QUALCOMM
03-10 13:44:58.706 D/QcrilMsgTunnelSocket( 1989): OEM ID check Passed
03-10 13:44:58.706 D/QcrilMsgTunnelSocket( 1989): Response ID in RIL_UNSOL_OEM_HOOK_RAW is 525295
03-10 13:44:58.706 D/QcrilMsgTunnelSocket( 1989): Response ID 525295is not served in this process.
03-10 13:44:58.706 D/QcrilMsgTunnelSocket( 1989): To broadcast an Intent via the notifier to external apps
03-10 13:44:58.706 V/QcrilMsgTunnelSocket( 1989): Before reading offset = 0 remaining = 4 countRead = 0
03-10 13:44:58.706 D/QcrilMsgTunnelIfaceManager( 1989): handleMessage what=0
03-10 13:44:58.706 D/QcrilMsgTunnelIfaceManager( 1989): Broadcasting intent ACTION_UNSOL_RESPONSE_OEM_HOOK_RAW
03-10 13:44:59.486 V/QcrilMsgTunnelSocket( 1989): After reading offset = 0 remaining = 4 countRead = 4
03-10 13:44:59.486 D/QcrilMsgTunnelSocket( 1989): messageLength extracted from first 4 inputStream reads = 29
03-10 13:44:59.497 V/QcrilMsgTunnelSocket( 1989): offset = 0 remaining = 29 countRead = 0
03-10 13:44:59.526 V/QcrilMsgTunnelSocket( 1989): offset = 0 remaining = 29 countRead = 29
03-10 13:44:59.526 D/QcrilMsgTunnelSocket( 1989): readRilMessage: Buffer = [B@42624370 HexData = [0100000004040000110000005155414c434f4d4def0308000100000002]
03-10 13:44:59.526 V/QcrilMsgTunnelSocket( 1989): Read packet: 29 bytes. Data Available = 32 Position = 0
03-10 13:44:59.526 D/QcrilMsgTunnelSocket( 1989): processResponse. message type = 1. Data Available = 28
03-10 13:44:59.526 D/QcrilMsgTunnelSocket( 1989): ByteArray from parcel = 5155414c434f4d4def0308000100000002
03-10 13:44:59.526 D/QcrilMsgTunnelSocket( 1989): Received RIL_UNSOL_OEM_HOOK_RAW message
03-10 13:44:59.526 D/QcrilMsgTunnelSocket( 1989): Oem ID in RIL_UNSOL_OEM_HOOK_RAW is QUALCOMM
03-10 13:44:59.526 D/QcrilMsgTunnelSocket( 1989): OEM ID check Passed
03-10 13:44:59.526 D/QcrilMsgTunnelSocket( 1989): Response ID in RIL_UNSOL_OEM_HOOK_RAW is 525295
03-10 13:44:59.526 D/QcrilMsgTunnelSocket( 1989): Response ID 525295is not served in this process.
03-10 13:44:59.526 D/QcrilMsgTunnelSocket( 1989): To broadcast an Intent via the notifier to external apps
03-10 13:44:59.526 D/QcrilMsgTunnelIfaceManager( 1989): handleMessage what=0
03-10 13:44:59.526 D/QcrilMsgTunnelIfaceManager( 1989): Broadcasting intent ACTION_UNSOL_RESPONSE_OEM_HOOK_RAW
03-10 13:44:59.526 V/QcrilMsgTunnelSocket( 1989): Before reading offset = 0 remaining = 4 countRead = 0
03-10 13:45:01.046 I/ActivityManager(  760): Start proc com.google.android.deskclock for broadcast com.google.android.deskclock/com.android.alarmclock.DigitalAppWidgetProvider: pid=4028 uid=10034 gids={50034, 1028}
03-10 13:45:01.066 I/ActivityManager(  760): Killing 3197:com.google.android.talk/u0a52 (adj 15): empty #17
03-10 13:45:04.766 D/AndroidRuntime( 4041): 
03-10 13:45:04.766 D/AndroidRuntime( 4041): >>>>>> AndroidRuntime START com.android.internal.os.RuntimeInit <<<<<<
03-10 13:45:04.766 D/AndroidRuntime( 4041): CheckJNI is OFF
03-10 13:45:04.786 D/dalvikvm( 4041): Trying to load lib libjavacore.so 0x0
03-10 13:45:04.786 D/dalvikvm( 4041): Added shared lib libjavacore.so 0x0
03-10 13:45:04.786 D/dalvikvm( 4041): Trying to load lib libnativehelper.so 0x0
03-10 13:45:04.786 D/dalvikvm( 4041): Added shared lib libnativehelper.so 0x0
03-10 13:45:04.786 D/dalvikvm( 4041): No JNI_OnLoad found in libnativehelper.so 0x0, skipping init
03-10 13:45:04.826 D/dalvikvm( 4041): Note: class Landroid/app/ActivityManagerNative; has 179 unimplemented (abstract) methods
03-10 13:45:04.976 D/AndroidRuntime( 4041): Calling main entry com.android.commands.am.Am
03-10 13:45:04.986 I/ActivityManager(  760): START u0 {flg=0x10000000 cmp=com.android.helloworldlein/.SplashActivity} from pid 4041
03-10 13:45:05.296 I/WindowManager(  760): Screenshot max retries 4 of Token{42e5b160 ActivityRecord{42e5aee8 u0 com.google.android.googlequicksearchbox/com.google.android.launcher.GEL t1}} appWin=Window{430c8650 u0 com.google.android.googlequicksearchbox/com.google.android.launcher.GEL} drawState=4
03-10 13:45:05.296 W/WindowManager(  760): Screenshot failure taking screenshot for (1080x1920) to layer 21005
03-10 13:45:05.306 D/AndroidRuntime( 4041): Shutting down VM
03-10 13:45:05.306 D/dalvikvm( 4041): GC_CONCURRENT freed 95K, 15% free 586K/684K, paused 1ms+0ms, total 3ms
03-10 13:45:05.306 I/ActivityManager(  760): Start proc com.android.helloworldlein for activity com.android.helloworldlein/.SplashActivity: pid=4059 uid=10014 gids={50014}
03-10 13:45:05.376 D/dalvikvm( 4059): GC_FOR_ALLOC freed 62K, 1% free 16764K/16856K, paused 11ms, total 11ms
03-10 13:45:05.376 I/dalvikvm-heap( 4059): Grow heap (frag case) to 17.770MB for 1440016-byte allocation
03-10 13:45:05.386 D/dalvikvm( 4059): GC_FOR_ALLOC freed <1K, 1% free 18170K/18264K, paused 8ms, total 8ms
03-10 13:45:05.396 D/dalvikvm( 4059): GC_CONCURRENT freed 0K, 1% free 18170K/18264K, paused 3ms+0ms, total 9ms
03-10 13:45:05.416 D/dalvikvm( 4059): GC_FOR_ALLOC freed <1K, 1% free 18171K/18264K, paused 12ms, total 12ms
03-10 13:45:05.426 I/dalvikvm-heap( 4059): Grow heap (frag case) to 19.145MB for 1440016-byte allocation
03-10 13:45:05.426 D/dalvikvm( 4059): GC_FOR_ALLOC freed <1K, 1% free 19577K/19672K, paused 7ms, total 7ms
03-10 13:45:05.436 D/dalvikvm( 4059): GC_CONCURRENT freed 0K, 1% free 19577K/19672K, paused 3ms+1ms, total 11ms
03-10 13:45:05.466 D/dalvikvm( 4059): GC_FOR_ALLOC freed <1K, 1% free 19579K/19672K, paused 13ms, total 13ms
03-10 13:45:05.476 I/dalvikvm-heap( 4059): Grow heap (frag case) to 20.520MB for 1440016-byte allocation
03-10 13:45:05.486 D/dalvikvm( 4059): GC_FOR_ALLOC freed <1K, 1% free 20985K/21080K, paused 10ms, total 10ms
03-10 13:45:05.496 D/dalvikvm( 4059): GC_CONCURRENT freed 0K, 1% free 20986K/21080K, paused 2ms+1ms, total 11ms
03-10 13:45:05.536 I/Adreno-EGL( 4059): <qeglDrvAPI_eglInitialize:320>: EGL 1.4 QUALCOMM Build: I0404c4692afb8623f95c43aeb6d5e13ed4b30ddbDate: 11/06/13
03-10 13:45:05.576 D/OpenGLRenderer( 4059): Enabling debug mode 0
03-10 13:45:05.656 I/ActivityManager(  760): Displayed com.android.helloworldlein/.SplashActivity: +362ms
03-10 13:45:05.686 D/ConnectivityService(  760): handleInetConditionChange: no active default network - ignore
03-10 13:45:05.866 D/dalvikvm( 4059): GC_CONCURRENT freed 626K, 3% free 21712K/22356K, paused 2ms+4ms, total 21ms
03-10 13:45:06.236 I/dalvikvm( 4059): Could not find method java.beans.Introspector.getBeanInfo, referenced from method clojure.core$bean.invoke
03-10 13:45:06.236 W/dalvikvm( 4059): VFY: unable to resolve static method 17499: Ljava/beans/Introspector;.getBeanInfo (Ljava/lang/Class;)Ljava/beans/BeanInfo;
03-10 13:45:06.236 D/dalvikvm( 4059): VFY: replacing opcode 0x71 at 0x0021
03-10 13:45:06.306 D/dalvikvm( 4059): GC_CONCURRENT freed 1054K, 5% free 22248K/23332K, paused 3ms+2ms, total 22ms
03-10 13:45:06.646 D/dalvikvm( 4059): GC_CONCURRENT freed 1562K, 7% free 22529K/24120K, paused 2ms+2ms, total 41ms
03-10 13:45:06.646 D/dalvikvm( 4059): WAIT_FOR_CONCURRENT_GC blocked 24ms
03-10 13:45:06.946 D/dalvikvm( 4059): GC_CONCURRENT freed 1765K, 8% free 22763K/24480K, paused 2ms+2ms, total 43ms
03-10 13:45:07.266 D/dalvikvm( 4059): GC_CONCURRENT freed 1803K, 8% free 22976K/24808K, paused 2ms+1ms, total 25ms
03-10 13:45:07.266 D/dalvikvm( 4059): WAIT_FOR_CONCURRENT_GC blocked 12ms
03-10 13:45:07.466 D/dalvikvm( 4059): GC_CONCURRENT freed 1996K, 9% free 23067K/25092K, paused 2ms+1ms, total 30ms
03-10 13:45:07.466 D/dalvikvm( 4059): WAIT_FOR_CONCURRENT_GC blocked 17ms
03-10 13:45:07.666 D/dalvikvm( 4059): GC_CONCURRENT freed 1997K, 9% free 23186K/25212K, paused 1ms+1ms, total 30ms
03-10 13:45:07.666 D/dalvikvm( 4059): WAIT_FOR_CONCURRENT_GC blocked 17ms
03-10 13:45:07.876 D/dalvikvm( 4059): GC_CONCURRENT freed 1996K, 8% free 23347K/25372K, paused 2ms+1ms, total 36ms
03-10 13:45:07.876 D/dalvikvm( 4059): WAIT_FOR_CONCURRENT_GC blocked 24ms
03-10 13:45:08.086 D/dalvikvm( 4059): GC_CONCURRENT freed 2092K, 9% free 23467K/25588K, paused 2ms+2ms, total 49ms
03-10 13:45:08.086 D/dalvikvm( 4059): WAIT_FOR_CONCURRENT_GC blocked 37ms
03-10 13:45:08.316 D/dalvikvm( 4059): GC_CONCURRENT freed 2121K, 9% free 23597K/25748K, paused 3ms+2ms, total 39ms
03-10 13:45:08.316 D/dalvikvm( 4059): WAIT_FOR_CONCURRENT_GC blocked 27ms
03-10 13:45:08.556 D/dalvikvm( 4059): GC_CONCURRENT freed 2174K, 9% free 23726K/25916K, paused 3ms+4ms, total 50ms
03-10 13:45:08.656 I/ActivityManager(  760): START u0 {act=com.android.helloworldlein.MAIN cmp=com.android.helloworldlein/.HelloWorld} from pid 4059
03-10 13:45:08.696 V/QcrilMsgTunnelSocket( 1989): After reading offset = 0 remaining = 4 countRead = 4
03-10 13:45:08.696 D/QcrilMsgTunnelSocket( 1989): messageLength extracted from first 4 inputStream reads = 29
03-10 13:45:08.696 V/QcrilMsgTunnelSocket( 1989): offset = 0 remaining = 29 countRead = 0
03-10 13:45:08.706 V/QcrilMsgTunnelSocket( 1989): offset = 0 remaining = 29 countRead = 29
03-10 13:45:08.706 D/QcrilMsgTunnelSocket( 1989): readRilMessage: Buffer = [B@42624370 HexData = [0100000004040000110000005155414c434f4d4def0308000100000000]
03-10 13:45:08.706 V/QcrilMsgTunnelSocket( 1989): Read packet: 29 bytes. Data Available = 32 Position = 0
03-10 13:45:08.706 D/QcrilMsgTunnelSocket( 1989): processResponse. message type = 1. Data Available = 28
03-10 13:45:08.706 D/QcrilMsgTunnelSocket( 1989): ByteArray from parcel = 5155414c434f4d4def0308000100000000
03-10 13:45:08.706 D/QcrilMsgTunnelSocket( 1989): Received RIL_UNSOL_OEM_HOOK_RAW message
03-10 13:45:08.706 D/QcrilMsgTunnelSocket( 1989): Oem ID in RIL_UNSOL_OEM_HOOK_RAW is QUALCOMM
03-10 13:45:08.706 D/QcrilMsgTunnelSocket( 1989): OEM ID check Passed
03-10 13:45:08.706 D/QcrilMsgTunnelSocket( 1989): Response ID in RIL_UNSOL_OEM_HOOK_RAW is 525295
03-10 13:45:08.706 D/QcrilMsgTunnelSocket( 1989): Response ID 525295is not served in this process.
03-10 13:45:08.706 D/QcrilMsgTunnelSocket( 1989): To broadcast an Intent via the notifier to external apps
03-10 13:45:08.706 V/QcrilMsgTunnelSocket( 1989): Before reading offset = 0 remaining = 4 countRead = 0
03-10 13:45:08.706 D/QcrilMsgTunnelIfaceManager( 1989): handleMessage what=0
03-10 13:45:08.706 D/QcrilMsgTunnelIfaceManager( 1989): Broadcasting intent ACTION_UNSOL_RESPONSE_OEM_HOOK_RAW
03-10 13:45:08.776 I/ActivityManager(  760): Displayed com.android.helloworldlein/.HelloWorld: +106ms
03-10 13:45:13.127 E/ThermalEngine(  194): TM Id 'SKIN_THERMAL_management_1' Sensor 'xo_therm_pu2' - alarm cleared 1 at 38.0 degC
03-10 13:45:13.127 E/ThermalEngine(  194): ACTION: LCD - Setting max LCD brightness to 255
03-10 13:45:15.796 V/QcrilMsgTunnelSocket( 1989): After reading offset = 0 remaining = 4 countRead = 4
03-10 13:45:15.796 D/QcrilMsgTunnelSocket( 1989): messageLength extracted from first 4 inputStream reads = 29
03-10 13:45:15.806 V/QcrilMsgTunnelSocket( 1989): offset = 0 remaining = 29 countRead = 0
03-10 13:45:15.806 V/QcrilMsgTunnelSocket( 1989): offset = 0 remaining = 29 countRead = 29
03-10 13:45:15.806 D/QcrilMsgTunnelSocket( 1989): readRilMessage: Buffer = [B@42624370 HexData = [0100000004040000110000005155414c434f4d4def0308000100000002]
03-10 13:45:15.806 V/QcrilMsgTunnelSocket( 1989): Read packet: 29 bytes. Data Available = 32 Position = 0
03-10 13:45:15.806 D/QcrilMsgTunnelSocket( 1989): processResponse. message type = 1. Data Available = 28
03-10 13:45:15.806 D/QcrilMsgTunnelSocket( 1989): ByteArray from parcel = 5155414c434f4d4def0308000100000002
03-10 13:45:15.806 D/QcrilMsgTunnelSocket( 1989): Received RIL_UNSOL_OEM_HOOK_RAW message
03-10 13:45:15.806 D/QcrilMsgTunnelSocket( 1989): Oem ID in RIL_UNSOL_OEM_HOOK_RAW is QUALCOMM
03-10 13:45:15.806 D/QcrilMsgTunnelSocket( 1989): OEM ID check Passed
03-10 13:45:15.806 D/QcrilMsgTunnelSocket( 1989): Response ID in RIL_UNSOL_OEM_HOOK_RAW is 525295
03-10 13:45:15.806 D/QcrilMsgTunnelSocket( 1989): Response ID 525295is not served in this process.
03-10 13:45:15.806 D/QcrilMsgTunnelSocket( 1989): To broadcast an Intent via the notifier to external apps
03-10 13:45:15.806 V/QcrilMsgTunnelSocket( 1989): Before reading offset = 0 remaining = 4 countRead = 0
03-10 13:45:15.806 V/QcrilMsgTunnelSocket( 1989): After reading offset = 0 remaining = 4 countRead = 4
03-10 13:45:15.806 D/QcrilMsgTunnelSocket( 1989): messageLength extracted from first 4 inputStream reads = 29
03-10 13:45:15.806 V/QcrilMsgTunnelSocket( 1989): offset = 0 remaining = 29 countRead = 0
03-10 13:45:15.806 D/QcrilMsgTunnelIfaceManager( 1989): handleMessage what=0
03-10 13:45:15.806 D/QcrilMsgTunnelIfaceManager( 1989): Broadcasting intent ACTION_UNSOL_RESPONSE_OEM_HOOK_RAW
03-10 13:45:15.806 V/QcrilMsgTunnelSocket( 1989): offset = 0 remaining = 29 countRead = 29
03-10 13:45:15.806 D/QcrilMsgTunnelSocket( 1989): readRilMessage: Buffer = [B@42624370 HexData = [0100000004040000110000005155414c434f4d4def0308000100000002]
03-10 13:45:15.806 V/QcrilMsgTunnelSocket( 1989): Read packet: 29 bytes. Data Available = 32 Position = 0
03-10 13:45:15.806 D/QcrilMsgTunnelSocket( 1989): processResponse. message type = 1. Data Available = 28
03-10 13:45:15.806 D/QcrilMsgTunnelSocket( 1989): ByteArray from parcel = 5155414c434f4d4def0308000100000002
03-10 13:45:15.806 D/QcrilMsgTunnelSocket( 1989): Received RIL_UNSOL_OEM_HOOK_RAW message
03-10 13:45:15.806 D/QcrilMsgTunnelSocket( 1989): Oem ID in RIL_UNSOL_OEM_HOOK_RAW is QUALCOMM
03-10 13:45:15.806 D/QcrilMsgTunnelSocket( 1989): OEM ID check Passed
03-10 13:45:15.806 D/QcrilMsgTunnelSocket( 1989): Response ID in RIL_UNSOL_OEM_HOOK_RAW is 525295
03-10 13:45:15.806 D/QcrilMsgTunnelSocket( 1989): Response ID 525295is not served in this process.
03-10 13:45:15.806 D/QcrilMsgTunnelSocket( 1989): To broadcast an Intent via the notifier to external apps
03-10 13:45:15.806 V/QcrilMsgTunnelSocket( 1989): Before reading offset = 0 remaining = 4 countRead = 0
03-10 13:45:15.806 D/QcrilMsgTunnelIfaceManager( 1989): handleMessage what=0
03-10 13:45:15.806 D/QcrilMsgTunnelIfaceManager( 1989): Broadcasting intent ACTION_UNSOL_RESPONSE_OEM_HOOK_RAW
03-10 13:45:15.966 V/QcrilMsgTunnelSocket( 1989): After reading offset = 0 remaining = 4 countRead = 4
03-10 13:45:15.966 D/QcrilMsgTunnelSocket( 1989): messageLength extracted from first 4 inputStream reads = 29
03-10 13:45:15.966 V/QcrilMsgTunnelSocket( 1989): offset = 0 remaining = 29 countRead = 0
03-10 13:45:15.966 V/QcrilMsgTunnelSocket( 1989): offset = 0 remaining = 29 countRead = 29
03-10 13:45:15.966 D/QcrilMsgTunnelSocket( 1989): readRilMessage: Buffer = [B@42624370 HexData = [0100000004040000110000005155414c434f4d4def0308000100000002]
03-10 13:45:15.966 V/QcrilMsgTunnelSocket( 1989): Read packet: 29 bytes. Data Available = 32 Position = 0
03-10 13:45:15.966 D/QcrilMsgTunnelSocket( 1989): processResponse. message type = 1. Data Available = 28
03-10 13:45:15.966 D/QcrilMsgTunnelSocket( 1989): ByteArray from parcel = 5155414c434f4d4def0308000100000002
03-10 13:45:15.966 D/QcrilMsgTunnelSocket( 1989): Received RIL_UNSOL_OEM_HOOK_RAW message
03-10 13:45:15.966 D/QcrilMsgTunnelSocket( 1989): Oem ID in RIL_UNSOL_OEM_HOOK_RAW is QUALCOMM
03-10 13:45:15.966 D/QcrilMsgTunnelSocket( 1989): OEM ID check Passed
03-10 13:45:15.966 D/QcrilMsgTunnelSocket( 1989): Response ID in RIL_UNSOL_OEM_HOOK_RAW is 525295
03-10 13:45:15.966 D/QcrilMsgTunnelSocket( 1989): Response ID 525295is not served in this process.
03-10 13:45:15.966 D/QcrilMsgTunnelSocket( 1989): To broadcast an Intent via the notifier to external apps
03-10 13:45:15.966 V/QcrilMsgTunnelSocket( 1989): Before reading offset = 0 remaining = 4 countRead = 0
03-10 13:45:15.966 D/QcrilMsgTunnelIfaceManager( 1989): handleMessage what=0
03-10 13:45:15.966 D/QcrilMsgTunnelIfaceManager( 1989): Broadcasting intent ACTION_UNSOL_RESPONSE_OEM_HOOK_RAW
03-10 13:45:16.006 D/AlarmManagerService(  760): Kernel timezone updated to -120 minutes west of GMT
03-10 13:45:16.016 D/MobileDataStateTracker(  760): fota: Broadcast received: android.intent.action.ANY_DATA_STATE apnType=fota
03-10 13:45:16.026 D/MobileDataStateTracker(  760): fota: Received state=DISCONNECTED, old=DISCONNECTED, reason=dataAttached
03-10 13:45:16.036 D/MobileDataStateTracker(  760): dun: Broadcast received: android.intent.action.ANY_DATA_STATE apnType=dun
03-10 13:45:16.036 D/MobileDataStateTracker(  760): dun: Received state=DISCONNECTED, old=DISCONNECTED, reason=dataAttached
03-10 13:45:16.036 D/MobileDataStateTracker(  760): ia: Broadcast received: android.intent.action.ANY_DATA_STATE apnType=ia
03-10 13:45:16.036 D/MobileDataStateTracker(  760): ia: Received state=DISCONNECTED, old=DISCONNECTED, reason=dataAttached
03-10 13:45:16.046 D/MobileDataStateTracker(  760): supl: Broadcast received: android.intent.action.ANY_DATA_STATE apnType=supl
03-10 13:45:16.046 D/MobileDataStateTracker(  760): supl: Received state=DISCONNECTED, old=DISCONNECTED, reason=dataAttached
03-10 13:45:16.056 D/MobileDataStateTracker(  760): hipri: Broadcast received: android.intent.action.ANY_DATA_STATE apnType=hipri
03-10 13:45:16.056 D/MobileDataStateTracker(  760): hipri: Received state=DISCONNECTED, old=DISCONNECTED, reason=dataAttached
03-10 13:45:16.066 D/MobileDataStateTracker(  760): ims: Broadcast received: android.intent.action.ANY_DATA_STATE apnType=ims
03-10 13:45:16.066 D/MobileDataStateTracker(  760): ims: Received state=DISCONNECTED, old=DISCONNECTED, reason=dataAttached
03-10 13:45:16.066 D/MobileDataStateTracker(  760): mms: Broadcast received: android.intent.action.ANY_DATA_STATE apnType=mms
03-10 13:45:16.076 D/MobileDataStateTracker(  760): mms: Received state=DISCONNECTED, old=DISCONNECTED, reason=dataAttached
03-10 13:45:16.076 D/MobileDataStateTracker(  760): cbs: Broadcast received: android.intent.action.ANY_DATA_STATE apnType=cbs
03-10 13:45:16.076 D/MobileDataStateTracker(  760): cbs: Received state=DISCONNECTED, old=DISCONNECTED, reason=dataAttached
03-10 13:45:16.076 D/MobileDataStateTracker(  760): default: Broadcast received: android.intent.action.ANY_DATA_STATE apnType=default
03-10 13:45:16.086 D/MobileDataStateTracker(  760): default: Received state=CONNECTING, old=DISCONNECTED, reason=dataAttached
03-10 13:45:16.086 D/MobileDataStateTracker(  760): default: setDetailed state, old =DISCONNECTED and new state=CONNECTING
03-10 13:45:16.096 D/MobileDataStateTracker(  760): fota: Broadcast received: android.intent.action.ANY_DATA_STATE apnType=fota
03-10 13:45:16.096 D/MobileDataStateTracker(  760): fota: Received state=DISCONNECTED, old=DISCONNECTED, reason=dataAttached
03-10 13:45:16.096 D/MobileDataStateTracker(  760): dun: Broadcast received: android.intent.action.ANY_DATA_STATE apnType=dun
03-10 13:45:16.106 D/MobileDataStateTracker(  760): dun: Received state=DISCONNECTED, old=DISCONNECTED, reason=dataAttached
03-10 13:45:16.106 D/MobileDataStateTracker(  760): ia: Broadcast received: android.intent.action.ANY_DATA_STATE apnType=ia
03-10 13:45:16.106 D/MobileDataStateTracker(  760): ia: Received state=DISCONNECTED, old=DISCONNECTED, reason=dataAttached
03-10 13:45:16.106 D/MobileDataStateTracker(  760): supl: Broadcast received: android.intent.action.ANY_DATA_STATE apnType=supl
03-10 13:45:16.106 D/MobileDataStateTracker(  760): supl: Received state=DISCONNECTED, old=DISCONNECTED, reason=dataAttached
03-10 13:45:16.106 D/MobileDataStateTracker(  760): hipri: Broadcast received: android.intent.action.ANY_DATA_STATE apnType=hipri
03-10 13:45:16.116 D/MobileDataStateTracker(  760): hipri: Received state=DISCONNECTED, old=DISCONNECTED, reason=dataAttached
03-10 13:45:16.116 D/MobileDataStateTracker(  760): ims: Broadcast received: android.intent.action.ANY_DATA_STATE apnType=ims
03-10 13:45:16.116 D/MobileDataStateTracker(  760): ims: Received state=DISCONNECTED, old=DISCONNECTED, reason=dataAttached
03-10 13:45:16.116 D/MobileDataStateTracker(  760): mms: Broadcast received: android.intent.action.ANY_DATA_STATE apnType=mms
03-10 13:45:16.116 D/MobileDataStateTracker(  760): mms: Received state=DISCONNECTED, old=DISCONNECTED, reason=dataAttached
03-10 13:45:16.116 D/MobileDataStateTracker(  760): cbs: Broadcast received: android.intent.action.ANY_DATA_STATE apnType=cbs
03-10 13:45:16.116 D/MobileDataStateTracker(  760): cbs: Received state=DISCONNECTED, old=DISCONNECTED, reason=dataAttached
03-10 13:45:16.126 D/dalvikvm(  990): GC_CONCURRENT freed 440K, 3% free 17369K/17840K, paused 2ms+2ms, total 42ms
03-10 13:45:16.586 V/QcrilMsgTunnelSocket( 1989): After reading offset = 0 remaining = 4 countRead = 4
03-10 13:45:16.586 D/QcrilMsgTunnelSocket( 1989): messageLength extracted from first 4 inputStream reads = 29
03-10 13:45:16.586 V/QcrilMsgTunnelSocket( 1989): offset = 0 remaining = 29 countRead = 0
03-10 13:45:16.586 V/QcrilMsgTunnelSocket( 1989): offset = 0 remaining = 29 countRead = 29
03-10 13:45:16.586 D/QcrilMsgTunnelSocket( 1989): readRilMessage: Buffer = [B@42624370 HexData = [0100000004040000110000005155414c434f4d4def0308000100000002]
03-10 13:45:16.586 V/QcrilMsgTunnelSocket( 1989): Read packet: 29 bytes. Data Available = 32 Position = 0
03-10 13:45:16.586 D/QcrilMsgTunnelSocket( 1989): processResponse. message type = 1. Data Available = 28
03-10 13:45:16.586 D/QcrilMsgTunnelSocket( 1989): ByteArray from parcel = 5155414c434f4d4def0308000100000002
03-10 13:45:16.586 D/QcrilMsgTunnelSocket( 1989): Received RIL_UNSOL_OEM_HOOK_RAW message
03-10 13:45:16.586 D/QcrilMsgTunnelSocket( 1989): Oem ID in RIL_UNSOL_OEM_HOOK_RAW is QUALCOMM
03-10 13:45:16.586 D/QcrilMsgTunnelSocket( 1989): OEM ID check Passed
03-10 13:45:16.586 D/QcrilMsgTunnelSocket( 1989): Response ID in RIL_UNSOL_OEM_HOOK_RAW is 525295
03-10 13:45:16.586 D/QcrilMsgTunnelSocket( 1989): Response ID 525295is not served in this process.
03-10 13:45:16.586 D/QcrilMsgTunnelSocket( 1989): To broadcast an Intent via the notifier to external apps
03-10 13:45:16.586 V/QcrilMsgTunnelSocket( 1989): Before reading offset = 0 remaining = 4 countRead = 0
03-10 13:45:16.586 D/QcrilMsgTunnelIfaceManager( 1989): handleMessage what=0
03-10 13:45:16.586 D/QcrilMsgTunnelIfaceManager( 1989): Broadcasting intent ACTION_UNSOL_RESPONSE_OEM_HOOK_RAW
03-10 13:45:16.656 V/QcrilMsgTunnelSocket( 1989): After reading offset = 0 remaining = 4 countRead = 4
03-10 13:45:16.656 D/QcrilMsgTunnelSocket( 1989): messageLength extracted from first 4 inputStream reads = 29
03-10 13:45:16.656 V/QcrilMsgTunnelSocket( 1989): offset = 0 remaining = 29 countRead = 0
03-10 13:45:16.666 V/QcrilMsgTunnelSocket( 1989): offset = 0 remaining = 29 countRead = 29
03-10 13:45:16.666 D/QcrilMsgTunnelSocket( 1989): readRilMessage: Buffer = [B@42624370 HexData = [0100000004040000110000005155414c434f4d4def0308000100000002]
03-10 13:45:16.666 V/QcrilMsgTunnelSocket( 1989): Read packet: 29 bytes. Data Available = 32 Position = 0
03-10 13:45:16.666 D/QcrilMsgTunnelSocket( 1989): processResponse. message type = 1. Data Available = 28
03-10 13:45:16.666 D/QcrilMsgTunnelSocket( 1989): ByteArray from parcel = 5155414c434f4d4def0308000100000002
03-10 13:45:16.666 D/QcrilMsgTunnelSocket( 1989): Received RIL_UNSOL_OEM_HOOK_RAW message
03-10 13:45:16.666 D/QcrilMsgTunnelSocket( 1989): Oem ID in RIL_UNSOL_OEM_HOOK_RAW is QUALCOMM
03-10 13:45:16.666 D/QcrilMsgTunnelSocket( 1989): OEM ID check Passed
03-10 13:45:16.666 D/QcrilMsgTunnelSocket( 1989): Response ID in RIL_UNSOL_OEM_HOOK_RAW is 525295
03-10 13:45:16.666 D/QcrilMsgTunnelSocket( 1989): Response ID 525295is not served in this process.
03-10 13:45:16.666 D/QcrilMsgTunnelSocket( 1989): To broadcast an Intent via the notifier to external apps
03-10 13:45:16.666 V/QcrilMsgTunnelSocket( 1989): Before reading offset = 0 remaining = 4 countRead = 0
03-10 13:45:16.666 D/QcrilMsgTunnelIfaceManager( 1989): handleMessage what=0
03-10 13:45:16.666 D/QcrilMsgTunnelIfaceManager( 1989): Broadcasting intent ACTION_UNSOL_RESPONSE_OEM_HOOK_RAW
03-10 13:45:17.416 V/QcrilMsgTunnelSocket( 1989): After reading offset = 0 remaining = 4 countRead = 4
03-10 13:45:17.416 D/QcrilMsgTunnelSocket( 1989): messageLength extracted from first 4 inputStream reads = 29
03-10 13:45:17.416 V/QcrilMsgTunnelSocket( 1989): offset = 0 remaining = 29 countRead = 0
03-10 13:45:17.457 V/QcrilMsgTunnelSocket( 1989): offset = 0 remaining = 29 countRead = 29
03-10 13:45:17.457 D/QcrilMsgTunnelSocket( 1989): readRilMessage: Buffer = [B@42624370 HexData = [0100000004040000110000005155414c434f4d4def0308000100000002]
03-10 13:45:17.457 V/QcrilMsgTunnelSocket( 1989): Read packet: 29 bytes. Data Available = 32 Position = 0
03-10 13:45:17.457 D/QcrilMsgTunnelSocket( 1989): processResponse. message type = 1. Data Available = 28
03-10 13:45:17.457 D/QcrilMsgTunnelSocket( 1989): ByteArray from parcel = 5155414c434f4d4def0308000100000002
03-10 13:45:17.457 D/QcrilMsgTunnelSocket( 1989): Received RIL_UNSOL_OEM_HOOK_RAW message
03-10 13:45:17.457 D/QcrilMsgTunnelSocket( 1989): Oem ID in RIL_UNSOL_OEM_HOOK_RAW is QUALCOMM
03-10 13:45:17.457 D/QcrilMsgTunnelSocket( 1989): OEM ID check Passed
03-10 13:45:17.457 D/QcrilMsgTunnelSocket( 1989): Response ID in RIL_UNSOL_OEM_HOOK_RAW is 525295
03-10 13:45:17.457 D/QcrilMsgTunnelSocket( 1989): Response ID 525295is not served in this process.
03-10 13:45:17.457 D/QcrilMsgTunnelSocket( 1989): To broadcast an Intent via the notifier to external apps
03-10 13:45:17.457 V/QcrilMsgTunnelSocket( 1989): Before reading offset = 0 remaining = 4 countRead = 0
03-10 13:45:17.457 D/QcrilMsgTunnelIfaceManager( 1989): handleMessage what=0
03-10 13:45:17.457 D/QcrilMsgTunnelIfaceManager( 1989): Broadcasting intent ACTION_UNSOL_RESPONSE_OEM_HOOK_RAW
03-10 13:45:19.376 V/QcrilMsgTunnelSocket( 1989): After reading offset = 0 remaining = 4 countRead = 4
03-10 13:45:19.376 D/QcrilMsgTunnelSocket( 1989): messageLength extracted from first 4 inputStream reads = 29
03-10 13:45:19.376 V/QcrilMsgTunnelSocket( 1989): offset = 0 remaining = 29 countRead = 0
03-10 13:45:19.376 V/QcrilMsgTunnelSocket( 1989): offset = 0 remaining = 29 countRead = 29
