03-10 13:43:19.423 D/MobileDataStateTracker(  760): supl: Broadcast received: android.intent.action.ANY_DATA_STATE apnType=supl
03-10 13:43:19.423 D/MobileDataStateTracker(  760): supl: Received state=DISCONNECTED, old=DISCONNECTED, reason=roamingOff
03-10 13:43:19.423 D/MobileDataStateTracker(  760): hipri: Broadcast received: android.intent.action.ANY_DATA_STATE apnType=hipri
03-10 13:43:19.433 D/MobileDataStateTracker(  760): hipri: Received state=DISCONNECTED, old=DISCONNECTED, reason=roamingOff
03-10 13:43:19.433 D/MobileDataStateTracker(  760): ims: Broadcast received: android.intent.action.ANY_DATA_STATE apnType=ims
03-10 13:43:19.433 D/MobileDataStateTracker(  760): ims: Received state=DISCONNECTED, old=DISCONNECTED, reason=roamingOff
03-10 13:43:19.433 D/MobileDataStateTracker(  760): default: Broadcast received: android.intent.action.ANY_DATA_STATE apnType=default
03-10 13:43:19.443 D/MobileDataStateTracker(  760): default: Received state=DISCONNECTED, old=DISCONNECTED, reason=roamingOff
03-10 13:43:19.443 D/MobileDataStateTracker(  760): mms: Broadcast received: android.intent.action.ANY_DATA_STATE apnType=mms
03-10 13:43:19.443 D/MobileDataStateTracker(  760): mms: Received state=DISCONNECTED, old=DISCONNECTED, reason=roamingOff
03-10 13:43:19.443 D/MobileDataStateTracker(  760): cbs: Broadcast received: android.intent.action.ANY_DATA_STATE apnType=cbs
03-10 13:43:19.443 D/MobileDataStateTracker(  760): cbs: Received state=DISCONNECTED, old=DISCONNECTED, reason=roamingOff
03-10 13:43:19.443 D/MobileDataStateTracker(  760): fota: Broadcast received: android.intent.action.ANY_DATA_STATE apnType=fota
03-10 13:43:19.443 D/MobileDataStateTracker(  760): fota: Received state=DISCONNECTED, old=DISCONNECTED, reason=roamingOff
03-10 13:43:19.443 D/MobileDataStateTracker(  760): dun: Broadcast received: android.intent.action.ANY_DATA_STATE apnType=dun
03-10 13:43:19.443 D/MobileDataStateTracker(  760): dun: Received state=DISCONNECTED, old=DISCONNECTED, reason=roamingOff
03-10 13:43:19.443 D/MobileDataStateTracker(  760): ia: Broadcast received: android.intent.action.ANY_DATA_STATE apnType=ia
03-10 13:43:19.443 D/MobileDataStateTracker(  760): ia: Received state=DISCONNECTED, old=DISCONNECTED, reason=roamingOff
03-10 13:43:19.443 D/MobileDataStateTracker(  760): supl: Broadcast received: android.intent.action.ANY_DATA_STATE apnType=supl
03-10 13:43:19.443 D/MobileDataStateTracker(  760): supl: Received state=DISCONNECTED, old=DISCONNECTED, reason=roamingOff
03-10 13:43:19.443 D/MobileDataStateTracker(  760): hipri: Broadcast received: android.intent.action.ANY_DATA_STATE apnType=hipri
03-10 13:43:19.453 D/MobileDataStateTracker(  760): hipri: Received state=DISCONNECTED, old=DISCONNECTED, reason=roamingOff
03-10 13:43:19.453 D/MobileDataStateTracker(  760): ims: Broadcast received: android.intent.action.ANY_DATA_STATE apnType=ims
03-10 13:43:19.453 D/MobileDataStateTracker(  760): ims: Received state=DISCONNECTED, old=DISCONNECTED, reason=roamingOff
03-10 13:43:19.453 D/MobileDataStateTracker(  760): default: Broadcast received: android.intent.action.ANY_DATA_STATE apnType=default
03-10 13:43:19.453 D/MobileDataStateTracker(  760): default: Received state=DISCONNECTED, old=DISCONNECTED, reason=roamingOff
03-10 13:43:19.453 D/MobileDataStateTracker(  760): mms: Broadcast received: android.intent.action.ANY_DATA_STATE apnType=mms
03-10 13:43:19.453 D/MobileDataStateTracker(  760): mms: Received state=DISCONNECTED, old=DISCONNECTED, reason=roamingOff
03-10 13:43:19.453 D/MobileDataStateTracker(  760): cbs: Broadcast received: android.intent.action.ANY_DATA_STATE apnType=cbs
03-10 13:43:19.453 D/MobileDataStateTracker(  760): cbs: Received state=DISCONNECTED, old=DISCONNECTED, reason=roamingOff
03-10 13:43:19.743 I/ActivityManager(  760): Start proc com.google.android.gms for broadcast com.google.android.gms/com.google.android.location.internal.NlpNetworkProviderSettingsUpdateReceiver: pid=1182 uid=10007 gids={50007, 3003, 1007, 3002, 3001, 1028, 1015, 2001, 3006, 3007}
03-10 13:43:19.843 I/ActivityManager(  760): Start proc com.google.process.location for on-hold: pid=1195 uid=10007 gids={50007, 3003, 1007, 3002, 3001, 1028, 1015, 2001, 3006, 3007}
03-10 13:43:19.983 V/BackupManagerService(  760): Connected to transport ComponentInfo{com.google.android.backup/com.google.android.backup.BackupTransportService}
03-10 13:43:19.993 V/BackupManagerService(  760): Registering transport com.google.android.backup/.BackupTransportService::com.google.android.backup/.BackupTransportService = com.android.internal.backup.IBackupTransport$Stub$Proxy@42b0d558
03-10 13:43:20.253 D/MccTable(  990): updateMccMncConfiguration: mcc=244, mnc=21
03-10 13:43:20.253 D/MccTable(  990): getLocaleFromMcc to null_fi mcc=244
03-10 13:43:20.253 D/MccTable(  990): getLocaleForLanguageCountry: skipping no language
03-10 13:43:20.253 D/MccTable(  990): WIFI_COUNTRY_CODE set to fi
03-10 13:43:20.253 I/WifiService(  760): WifiService trying to set country code to fi with persist set to true
03-10 13:43:20.253 D/MccTable(  990): updateMccMncConfiguration updateConfig config={1.0 244mcc21mnc ?locale ?layoutDir ?swdp ?wdp ?hdp ?density ?lsize ?long ?orien ?uimode ?night ?touch ?keyb/?/? ?nav/?}
03-10 13:43:20.253 I/ActivityManager(  760): Config changes=3 {1.0 244mcc21mnc en_IN ldltr sw360dp w360dp h567dp 480dpi nrml port finger -keyb/v/h -nav/h s.5}
03-10 13:43:20.783 I/WindowManager(  760): Screen frozen for +526ms due to AppWindowToken{42e5c928 token=Token{42e5b160 ActivityRecord{42e5aee8 u0 com.google.android.googlequicksearchbox/com.google.android.launcher.GEL t1}}}
03-10 13:43:21.083 I/ActivityManager(  760): Start proc com.google.android.apps.magazines for broadcast com.google.android.apps.magazines/com.google.apps.dots.android.newsstand.audio.MediaButtonIntentReceiver: pid=1291 uid=10057 gids={50057, 3003, 1028, 1015}
03-10 13:43:21.643 W/BroadcastQueue(  760): Permission Denial: receiving Intent { act=android.intent.action.BOOT_COMPLETED flg=0x8000010 (has extras) } to com.rbigsoft.easyunrar.lite/com.offercast.android.sdk.OCBroadcastReceiver requires android.permission.RECEIVE_BOOT_COMPLETED due to sender null (uid 1000)
03-10 13:43:21.653 I/ActivityManager(  760): Start proc com.facebook.katana:dash_service for broadcast com.facebook.katana/com.facebook.keyguardservice.KeyguardServiceBooter: pid=1333 uid=10095 gids={50095, 1028, 1015, 3003}
03-10 13:43:22.143 D/MobileDataStateTracker(  760): fota: Broadcast received: android.intent.action.ANY_DATA_STATE apnType=fota
03-10 13:43:22.143 D/MobileDataStateTracker(  760): fota: Received state=DISCONNECTED, old=DISCONNECTED, reason=simLoaded
03-10 13:43:22.143 D/MobileDataStateTracker(  760): dun: Broadcast received: android.intent.action.ANY_DATA_STATE apnType=dun
03-10 13:43:22.143 D/MobileDataStateTracker(  760): dun: Received state=DISCONNECTED, old=DISCONNECTED, reason=simLoaded
03-10 13:43:22.143 D/MobileDataStateTracker(  760): ia: Broadcast received: android.intent.action.ANY_DATA_STATE apnType=ia
03-10 13:43:22.153 D/MobileDataStateTracker(  760): ia: Received state=DISCONNECTED, old=DISCONNECTED, reason=simLoaded
03-10 13:43:22.153 D/MobileDataStateTracker(  760): supl: Broadcast received: android.intent.action.ANY_DATA_STATE apnType=supl
03-10 13:43:22.153 D/MobileDataStateTracker(  760): supl: Received state=DISCONNECTED, old=DISCONNECTED, reason=simLoaded
03-10 13:43:22.153 D/MobileDataStateTracker(  760): hipri: Broadcast received: android.intent.action.ANY_DATA_STATE apnType=hipri
03-10 13:43:22.153 D/MobileDataStateTracker(  760): hipri: Received state=DISCONNECTED, old=DISCONNECTED, reason=simLoaded
03-10 13:43:22.153 D/MobileDataStateTracker(  760): ims: Broadcast received: android.intent.action.ANY_DATA_STATE apnType=ims
03-10 13:43:22.153 D/MobileDataStateTracker(  760): ims: Received state=DISCONNECTED, old=DISCONNECTED, reason=simLoaded
03-10 13:43:22.153 D/MobileDataStateTracker(  760): default: Broadcast received: android.intent.action.ANY_DATA_STATE apnType=default
03-10 13:43:22.153 D/MobileDataStateTracker(  760): default: Received state=DISCONNECTED, old=DISCONNECTED, reason=simLoaded
03-10 13:43:22.153 D/MobileDataStateTracker(  760): mms: Broadcast received: android.intent.action.ANY_DATA_STATE apnType=mms
03-10 13:43:22.163 D/MobileDataStateTracker(  760): mms: Received state=DISCONNECTED, old=DISCONNECTED, reason=simLoaded
03-10 13:43:22.163 D/MobileDataStateTracker(  760): cbs: Broadcast received: android.intent.action.ANY_DATA_STATE apnType=cbs
03-10 13:43:22.163 D/MobileDataStateTracker(  760): cbs: Received state=DISCONNECTED, old=DISCONNECTED, reason=simLoaded
03-10 13:43:22.163 D/MobileDataStateTracker(  760): fota: Broadcast received: android.intent.action.ANY_DATA_STATE apnType=fota
03-10 13:43:22.163 D/MobileDataStateTracker(  760): fota: Received state=DISCONNECTED, old=DISCONNECTED, reason=simLoaded
03-10 13:43:22.163 D/MobileDataStateTracker(  760): dun: Broadcast received: android.intent.action.ANY_DATA_STATE apnType=dun
03-10 13:43:22.163 D/MobileDataStateTracker(  760): dun: Received state=DISCONNECTED, old=DISCONNECTED, reason=simLoaded
03-10 13:43:22.163 D/MobileDataStateTracker(  760): ia: Broadcast received: android.intent.action.ANY_DATA_STATE apnType=ia
03-10 13:43:22.163 D/MobileDataStateTracker(  760): ia: Received state=DISCONNECTED, old=DISCONNECTED, reason=simLoaded
03-10 13:43:22.163 D/MobileDataStateTracker(  760): supl: Broadcast received: android.intent.action.ANY_DATA_STATE apnType=supl
03-10 13:43:22.163 D/MobileDataStateTracker(  760): supl: Received state=DISCONNECTED, old=DISCONNECTED, reason=simLoaded
03-10 13:43:22.163 D/MobileDataStateTracker(  760): hipri: Broadcast received: android.intent.action.ANY_DATA_STATE apnType=hipri
03-10 13:43:22.173 D/MobileDataStateTracker(  760): hipri: Received state=DISCONNECTED, old=DISCONNECTED, reason=simLoaded
03-10 13:43:22.173 D/MobileDataStateTracker(  760): ims: Broadcast received: android.intent.action.ANY_DATA_STATE apnType=ims
03-10 13:43:22.173 D/MobileDataStateTracker(  760): ims: Received state=DISCONNECTED, old=DISCONNECTED, reason=simLoaded
03-10 13:43:22.173 D/MobileDataStateTracker(  760): default: Broadcast received: android.intent.action.ANY_DATA_STATE apnType=default
03-10 13:43:22.173 D/MobileDataStateTracker(  760): default: Received state=DISCONNECTED, old=DISCONNECTED, reason=simLoaded
03-10 13:43:22.173 D/MobileDataStateTracker(  760): mms: Broadcast received: android.intent.action.ANY_DATA_STATE apnType=mms
03-10 13:43:22.183 D/MobileDataStateTracker(  760): mms: Received state=DISCONNECTED, old=DISCONNECTED, reason=simLoaded
03-10 13:43:22.183 D/MobileDataStateTracker(  760): cbs: Broadcast received: android.intent.action.ANY_DATA_STATE apnType=cbs
03-10 13:43:22.183 D/MobileDataStateTracker(  760): cbs: Received state=DISCONNECTED, old=DISCONNECTED, reason=simLoaded
03-10 13:43:22.593 I/ActivityManager(  760): Start proc com.facebook.orca for broadcast com.facebook.orca/.chatheads.service.ChatHeadsBooter: pid=1368 uid=10091 gids={50091, 3003, 1028, 1015}
03-10 13:43:22.633 I/ActivityManager(  760): Start proc com.facebook.katana for content provider com.facebook.katana/.provider.orca.FbSharedPreferencesContentProvider: pid=1382 uid=10095 gids={50095, 1028, 1015, 3003}
03-10 13:43:23.303 I/ActivityManager(  760): Start proc com.google.android.dialer for broadcast com.google.android.dialer/com.android.dialer.calllog.CallLogReceiver: pid=1401 uid=10008 gids={50008, 3003, 1028, 1015}
03-10 13:43:23.363 I/ActivityManager(  760): Delay finish: com.google.android.dialer/com.android.dialer.calllog.CallLogReceiver
03-10 13:43:23.383 I/ActivityManager(  760): Resuming delayed broadcast
03-10 13:43:23.383 W/ContextImpl(  760): Calling a method in the system process without a qualified user: android.app.ContextImpl.bindService:1543 android.bluetooth.BluetoothHeadset.doBind:283 android.bluetooth.BluetoothHeadset.<init>:276 android.bluetooth.BluetoothAdapter.getProfileProxy:1181 android.media.AudioService.getBluetoothHeadset:2245 
03-10 13:43:23.403 W/ContextImpl(  760): Calling a method in the system process without a qualified user: android.app.ContextImpl.bindService:1543 android.bluetooth.BluetoothA2dp.doBind:165 android.bluetooth.BluetoothA2dp.<init>:158 android.bluetooth.BluetoothAdapter.getProfileProxy:1184 android.media.AudioService$AudioServiceBroadcastReceiver.onReceive:4166 
03-10 13:43:23.403 V/WiredAccessoryManager(  760): notifyWiredAccessoryChanged: when=0 bits= mask=14
03-10 13:43:23.403 V/WiredAccessoryManager(  760): newName=h2w newState=0 headsetState=0 prev headsetState=0
03-10 13:43:23.403 V/WiredAccessoryManager(  760): init()
03-10 13:43:23.403 I/PowerManagerService(  760): Boot animation finished.
03-10 13:43:23.433 I/ActivityManager(  760): Start proc com.android.providers.calendar for broadcast com.android.providers.calendar/.CalendarReceiver: pid=1429 uid=10001 gids={50001, 3003, 1028, 1015}
03-10 13:43:23.523 I/BootReceiver(  760): Copying /proc/last_kmsg to DropBox (SYSTEM_LAST_KMSG)
03-10 13:43:23.543 I/BootReceiver(  760): Copying audit failures to DropBox
03-10 13:43:23.543 I/ActivityManager(  760): Delay finish: com.android.providers.calendar/.CalendarReceiver
03-10 13:43:23.553 I/BootReceiver(  760): Copied 1864 worth of audits to DropBox
03-10 13:43:23.563 I/BootReceiver(  760): Checking for fsck errors
03-10 13:43:23.583 I/ActivityManager(  760): Resuming delayed broadcast
03-10 13:43:23.593 I/ActivityManager(  760): Start proc com.google.android.configupdater for broadcast com.google.android.configupdater/.CertPin.CertPinUpdateRequestReceiver: pid=1467 uid=10002 gids={50002, 3003, 2001}
03-10 13:43:23.703 I/ActivityManager(  760): Delay finish: com.android.providers.downloads/.DownloadReceiver
03-10 13:43:23.713 I/ActivityManager(  760): Resuming delayed broadcast
03-10 13:43:23.723 I/ActivityManager(  760): Start proc com.google.android.onetimeinitializer for broadcast com.google.android.onetimeinitializer/.OneTimeInitializerReceiver: pid=1499 uid=10010 gids={50010}
03-10 13:43:23.743 I/ActivityManager(  760): Delay finish: com.google.android.onetimeinitializer/.OneTimeInitializerReceiver
03-10 13:43:23.743 I/ActivityManager(  760): Resuming delayed broadcast
03-10 13:43:23.763 I/ActivityManager(  760): Start proc com.google.android.partnersetup for broadcast com.google.android.partnersetup/.GooglePartnerSetup: pid=1513 uid=10011 gids={50011, 3003}
03-10 13:43:23.803 I/ActivityManager(  760): Delay finish: com.google.android.partnersetup/.GooglePartnerSetup
03-10 13:43:24.057 D/MobileDataStateTracker(  760): fota: Broadcast received: android.intent.action.ANY_DATA_STATE apnType=fota
03-10 13:43:24.057 D/MobileDataStateTracker(  760): fota: Received state=DISCONNECTED, old=DISCONNECTED, reason=dataAttached
03-10 13:43:24.057 D/MobileDataStateTracker(  760): dun: Broadcast received: android.intent.action.ANY_DATA_STATE apnType=dun
03-10 13:43:24.057 D/MobileDataStateTracker(  760): dun: Received state=DISCONNECTED, old=DISCONNECTED, reason=dataAttached
03-10 13:43:24.057 D/MobileDataStateTracker(  760): ia: Broadcast received: android.intent.action.ANY_DATA_STATE apnType=ia
03-10 13:43:24.057 D/MobileDataStateTracker(  760): ia: Received state=DISCONNECTED, old=DISCONNECTED, reason=dataAttached
03-10 13:43:24.057 D/MobileDataStateTracker(  760): supl: Broadcast received: android.intent.action.ANY_DATA_STATE apnType=supl
03-10 13:43:24.067 D/MobileDataStateTracker(  760): supl: Received state=DISCONNECTED, old=DISCONNECTED, reason=dataAttached
03-10 13:43:24.067 D/MobileDataStateTracker(  760): hipri: Broadcast received: android.intent.action.ANY_DATA_STATE apnType=hipri
03-10 13:43:24.067 D/MobileDataStateTracker(  760): hipri: Received state=DISCONNECTED, old=DISCONNECTED, reason=dataAttached
03-10 13:43:24.067 D/MobileDataStateTracker(  760): ims: Broadcast received: android.intent.action.ANY_DATA_STATE apnType=ims
03-10 13:43:24.067 D/MobileDataStateTracker(  760): ims: Received state=DISCONNECTED, old=DISCONNECTED, reason=dataAttached
03-10 13:43:24.067 D/MobileDataStateTracker(  760): mms: Broadcast received: android.intent.action.ANY_DATA_STATE apnType=mms
03-10 13:43:24.067 D/MobileDataStateTracker(  760): mms: Received state=DISCONNECTED, old=DISCONNECTED, reason=dataAttached
03-10 13:43:24.067 D/MobileDataStateTracker(  760): cbs: Broadcast received: android.intent.action.ANY_DATA_STATE apnType=cbs
03-10 13:43:24.067 D/MobileDataStateTracker(  760): cbs: Received state=DISCONNECTED, old=DISCONNECTED, reason=dataAttached
03-10 13:43:24.067 D/MobileDataStateTracker(  760): default: Broadcast received: android.intent.action.ANY_DATA_STATE apnType=default
03-10 13:43:24.067 D/MobileDataStateTracker(  760): default: Received state=CONNECTING, old=DISCONNECTED, reason=dataAttached
03-10 13:43:24.067 D/MobileDataStateTracker(  760): default: setDetailed state, old =IDLE and new state=CONNECTING
03-10 13:43:24.067 D/MobileDataStateTracker(  760): fota: Broadcast received: android.intent.action.ANY_DATA_STATE apnType=fota
03-10 13:43:24.067 D/MobileDataStateTracker(  760): fota: Received state=DISCONNECTED, old=DISCONNECTED, reason=dataAttached
03-10 13:43:24.077 D/MobileDataStateTracker(  760): dun: Broadcast received: android.intent.action.ANY_DATA_STATE apnType=dun
03-10 13:43:24.077 D/MobileDataStateTracker(  760): dun: Received state=DISCONNECTED, old=DISCONNECTED, reason=dataAttached
03-10 13:43:24.077 D/MobileDataStateTracker(  760): ia: Broadcast received: android.intent.action.ANY_DATA_STATE apnType=ia
03-10 13:43:24.077 D/MobileDataStateTracker(  760): ia: Received state=DISCONNECTED, old=DISCONNECTED, reason=dataAttached
03-10 13:43:24.077 D/MobileDataStateTracker(  760): supl: Broadcast received: android.intent.action.ANY_DATA_STATE apnType=supl
03-10 13:43:24.077 D/MobileDataStateTracker(  760): supl: Received state=DISCONNECTED, old=DISCONNECTED, reason=dataAttached
03-10 13:43:24.077 D/MobileDataStateTracker(  760): hipri: Broadcast received: android.intent.action.ANY_DATA_STATE apnType=hipri
03-10 13:43:24.077 D/MobileDataStateTracker(  760): hipri: Received state=DISCONNECTED, old=DISCONNECTED, reason=dataAttached
03-10 13:43:24.077 D/MobileDataStateTracker(  760): ims: Broadcast received: android.intent.action.ANY_DATA_STATE apnType=ims
03-10 13:43:24.077 D/MobileDataStateTracker(  760): ims: Received state=DISCONNECTED, old=DISCONNECTED, reason=dataAttached
03-10 13:43:24.077 D/MobileDataStateTracker(  760): mms: Broadcast received: android.intent.action.ANY_DATA_STATE apnType=mms
03-10 13:43:24.077 D/MobileDataStateTracker(  760): mms: Received state=DISCONNECTED, old=DISCONNECTED, reason=dataAttached
03-10 13:43:24.077 D/MobileDataStateTracker(  760): cbs: Broadcast received: android.intent.action.ANY_DATA_STATE apnType=cbs
03-10 13:43:24.087 D/MobileDataStateTracker(  760): cbs: Received state=DISCONNECTED, old=DISCONNECTED, reason=dataAttached
03-10 13:43:24.507 I/ActivityManager(  760): Resuming delayed broadcast
03-10 13:43:24.507 I/ActivityManager(  760): Delay finish: com.google.android.partnersetup/.RlzPingBroadcastReceiver
03-10 13:43:24.567 I/ActivityManager(  760): Resuming delayed broadcast
03-10 13:43:24.577 I/ActivityManager(  760): Delay finish: com.google.android.gsf/.checkin.CheckinService$Receiver
03-10 13:43:24.577 I/ActivityManager(  760): Resuming delayed broadcast
03-10 13:43:24.607 I/ActivityManager(  760): Delay finish: com.google.android.gsf/.update.SystemUpdateService$Receiver
03-10 13:43:24.647 I/ActivityManager(  760): Resuming delayed broadcast
03-10 13:43:24.657 I/SystemUpdateService( 1130): cancelUpdate (empty URL)
03-10 13:43:24.677 I/ActivityManager(  760): Delay finish: com.android.providers.media/.MediaScannerReceiver
03-10 13:43:24.697 I/SystemUpdateService( 1130): cancelUpdate (empty URL)
03-10 13:43:24.707 I/ActivityManager(  760): Resuming delayed broadcast
03-10 13:43:24.777 I/ActivityManager(  760): Delay finish: com.android.providers.media/.MtpReceiver
03-10 13:43:26.427 W/ActivityManager(  760): Unable to start service Intent { act=com.google.android.gms.analytics.service.START cmp=com.google.android.gms/.analytics.service.AnalyticsService (has extras) } U=0: not found
03-10 13:43:27.836 I/ActivityManager(  760): Resuming delayed broadcast
03-10 13:43:27.846 I/ActivityManager(  760): Start proc com.android.cellbroadcastreceiver for broadcast com.android.cellbroadcastreceiver/.CellBroadcastReceiver: pid=1663 uid=10030 gids={50030}
03-10 13:43:27.886 I/ActivityManager(  760): Start proc com.google.android.deskclock for broadcast com.google.android.deskclock/com.android.deskclock.AlarmInitReceiver: pid=1676 uid=10034 gids={50034, 1028}
03-10 13:43:27.956 I/ActivityManager(  760): Delay finish: com.google.android.deskclock/com.android.deskclock.AlarmInitReceiver
03-10 13:43:28.646 D/MobileDataStateTracker(  760): default: Broadcast received: android.intent.action.ANY_DATA_STATE apnType=default
03-10 13:43:28.646 D/MobileDataStateTracker(  760): default: Received state=CONNECTING, old=CONNECTING, reason=(unspecified)
03-10 13:43:29.306 D/MobileDataStateTracker(  760): default: Broadcast received: android.intent.action.ANY_DATA_STATE apnType=default
03-10 13:43:29.306 D/MobileDataStateTracker(  760): default: Received state=CONNECTED, old=CONNECTING, reason=connected
03-10 13:43:29.306 D/MobileDataStateTracker(  760): default: setDetailed state, old =CONNECTING and new state=CONNECTED
03-10 13:43:29.316 D/ConnectivityService(  760): ConnectivityChange for mobile: CONNECTED/CONNECTED
03-10 13:43:29.316 D/ConnectivityService(  760): ConnectivityChange checkMobileProvisioning for TYPE_MOBILE or ProvisioningNetwork
03-10 13:43:29.316 D/ConnectivityService(  760): checkMobileProvisioning: E suggestedTimeOutMs=60000
03-10 13:43:29.316 D/ConnectivityService(  760): setProvNotificationVisible: E visible=false networkType=5 extraInfo=null url=null
03-10 13:43:29.316 D/ConnectivityService(  760): checkMobileProvisioning: params={ url=http://clients3.google.com/generate_204 mTimeOutMs=60000 mCb=com.android.server.ConnectivityService$5@42917898}
03-10 13:43:29.316 D/ConnectivityService(  760): checkMobileProvisioning: X
03-10 13:43:29.326 D/Nat464Xlat(  760): requiresClat: netType=0, hasIPv4Address=true
03-10 13:43:29.356 D/MobileDataStateTracker(  760): default: isProvisioningNetwork: retVal=false
03-10 13:43:29.356 D/ConnectivityService(  760): [CheckMp] isMobileOk: isDefaultProvisioning=false
03-10 13:43:29.356 D/MobileDataStateTracker(  760): hipri: isProvisioningNetwork: retVal=false
03-10 13:43:29.356 D/ConnectivityService(  760): [CheckMp] isMobileOk: isHipriProvisioning=false
03-10 13:43:29.356 D/ConnectivityService(  760): [CheckMp] isMobileOk: start hipri url=http://clients3.google.com/generate_204
03-10 13:43:29.356 D/ConnectivityService(  760): startUsingNetworkFeature reconnecting to 0: enableHIPRI
03-10 13:43:29.366 D/MobileDataStateTracker(  760): hipri: Broadcast received: android.intent.action.ANY_DATA_STATE apnType=hipri
03-10 13:43:29.366 D/MobileDataStateTracker(  760): hipri: Received state=CONNECTING, old=DISCONNECTED, reason=dataEnabled
03-10 13:43:29.366 D/MobileDataStateTracker(  760): hipri: setDetailed state, old =IDLE and new state=CONNECTING
03-10 13:43:29.376 D/MobileDataStateTracker(  760): fota: Broadcast received: android.intent.action.ANY_DATA_STATE apnType=fota
03-10 13:43:29.376 D/MobileDataStateTracker(  760): fota: Received state=DISCONNECTED, old=DISCONNECTED, reason=dataEnabled
03-10 13:43:29.376 D/MobileDataStateTracker(  760): dun: Broadcast received: android.intent.action.ANY_DATA_STATE apnType=dun
03-10 13:43:29.376 D/MobileDataStateTracker(  760): dun: Received state=DISCONNECTED, old=DISCONNECTED, reason=dataEnabled
03-10 13:43:29.376 D/MobileDataStateTracker(  760): ia: Broadcast received: android.intent.action.ANY_DATA_STATE apnType=ia
03-10 13:43:29.376 D/MobileDataStateTracker(  760): ia: Received state=DISCONNECTED, old=DISCONNECTED, reason=dataEnabled
03-10 13:43:29.376 D/MobileDataStateTracker(  760): supl: Broadcast received: android.intent.action.ANY_DATA_STATE apnType=supl
03-10 13:43:29.386 D/MobileDataStateTracker(  760): supl: Received state=DISCONNECTED, old=DISCONNECTED, reason=dataEnabled
03-10 13:43:29.386 D/MobileDataStateTracker(  760): ims: Broadcast received: android.intent.action.ANY_DATA_STATE apnType=ims
03-10 13:43:29.386 D/MobileDataStateTracker(  760): ims: Received state=DISCONNECTED, old=DISCONNECTED, reason=dataEnabled
03-10 13:43:29.386 D/MobileDataStateTracker(  760): mms: Broadcast received: android.intent.action.ANY_DATA_STATE apnType=mms
03-10 13:43:29.386 D/MobileDataStateTracker(  760): mms: Received state=DISCONNECTED, old=DISCONNECTED, reason=dataEnabled
03-10 13:43:29.386 D/MobileDataStateTracker(  760): cbs: Broadcast received: android.intent.action.ANY_DATA_STATE apnType=cbs
03-10 13:43:29.386 D/ConnectivityService(  760): startUsingNetworkFeature X: return APN_REQUEST_STARTED
03-10 13:43:29.386 D/MobileDataStateTracker(  760): cbs: Received state=DISCONNECTED, old=DISCONNECTED, reason=dataEnabled
03-10 13:43:29.386 D/ConnectivityService(  760): [CheckMp] isMobileOk: hipri started
03-10 13:43:29.386 D/ConnectivityService(  760): [CheckMp] isMobileOk: not connected ni=NetworkInfo: type: mobile_hipri[HSPA+], state: DISCONNECTED/IDLE, reason: (unspecified), extra: (none), roaming: false, failover: false, isAvailable: true, isConnectedToProvisioningNetwork: false
03-10 13:43:29.386 D/MobileDataStateTracker(  760): hipri: Broadcast received: android.intent.action.ANY_DATA_STATE apnType=hipri
03-10 13:43:29.386 D/MobileDataStateTracker(  760): hipri: Received state=CONNECTED, old=CONNECTING, reason=dataEnabled
03-10 13:43:29.386 D/MobileDataStateTracker(  760): hipri: setDetailed state, old =IDLE and new state=CONNECTED
03-10 13:43:29.386 D/ConnectivityService(  760): ConnectivityChange for mobile_hipri: CONNECTED/CONNECTED
03-10 13:43:29.426 D/Nat464Xlat(  760): requiresClat: netType=5, hasIPv4Address=true
03-10 13:43:29.446 D/MobileDataStateTracker(  760): default: setPolicyDataEnable(enabled=true)
03-10 13:43:29.456 W/NetworkPolicy(  760): shared quota unsupported; generating rule for each iface
03-10 13:43:29.666 D/MobileDataStateTracker(  760): default: setPolicyDataEnable(enabled=true)
03-10 13:43:29.676 D/MobileDataStateTracker(  760): default: setPolicyDataEnable(enabled=true)
03-10 13:43:29.676 W/NetworkPolicy(  760): shared quota unsupported; generating rule for each iface
03-10 13:43:29.996 D/MobileDataStateTracker(  760): default: setPolicyDataEnable(enabled=true)
03-10 13:43:30.396 D/MobileDataStateTracker(  760): hipri: isProvisioningNetwork: retVal=false
03-10 13:43:30.396 D/ConnectivityService(  760): [CheckMp] isMobileOk: isProvisioningNetwork is false, continue
03-10 13:43:30.436 D/ConnectivityService(  760): [CheckMp] isMobileOk: addresses=clients3.google.com/193.229.108.45,clients3.google.com/193.229.108.40,clients3.google.com/193.229.108.20,clients3.google.com/193.229.108.29,clients3.google.com/193.229.108.55,clients3.google.com/193.229.108.39,clients3.google.com/193.229.108.59,clients3.google.com/193.229.108.35,clients3.google.com/193.229.108.30,clients3.google.com/193.229.108.25,clients3.google.com/193.229.108.49,clients3.google.com/193.229.108.44,clients3.google.com/193.229.108.34,clients3.google.com/193.229.108.24,clients3.google.com/193.229.108.54,clients3.google.com/193.229.108.50
03-10 13:43:30.436 D/ConnectivityService(  760): [CheckMp] isMobileOk: linkHasIpv4=true linkHasIpv6=false
03-10 13:43:30.476 D/ConnectivityService(  760): requestRouteToHostAddress ok=true
03-10 13:43:30.476 D/ConnectivityService(  760): [CheckMp] isMobileOk: wait to establish route to hostAddr=clients3.google.com/193.229.108.59
03-10 13:43:31.426 W/ActivityManager(  760): Unable to start service Intent { act=com.google.android.gms.analytics.service.START cmp=com.google.android.gms/.analytics.service.AnalyticsService (has extras) } U=0: not found
03-10 13:43:32.516 I/ActivityManager(  760): Start proc com.chrome.beta for service com.chrome.beta/com.google.android.apps.chrome.sync.ChromeBrowserSyncAdapterService: pid=1878 uid=10083 gids={50083, 3003, 1028, 1015}
03-10 13:43:32.856 I/ActivityManager(  760): Resuming delayed broadcast
03-10 13:43:32.866 I/ActivityManager(  760): Start proc com.google.android.email for broadcast com.google.android.email/com.android.email.service.EmailBroadcastReceiver: pid=1906 uid=10037 gids={50037, 3003, 1028, 1015}
03-10 13:43:32.956 D/ActivityThread( 1906): Loading provider com.google.android.email.provider;com.google.android.email.notifier: com.android.email.provider.EmailProvider
03-10 13:43:32.966 D/ActivityThread( 1906): Loading provider com.google.android.email.provider;com.google.android.email.notifier: com.android.email.provider.EmailProvider
03-10 13:43:32.966 D/ActivityThread( 1906): Loading provider com.google.android.email.provider;com.google.android.email.notifier: com.android.email.provider.EmailProvider
03-10 13:43:32.976 I/ActivityManager(  760): Delay finish: com.google.android.email/com.android.email.service.EmailBroadcastReceiver
03-10 13:43:33.046 W/ActivityManager(  760): Unable to start service Intent { cmp=com.google.android.email/com.android.email.service.AttachmentDownloadService } U=0: not found
03-10 13:43:33.056 I/ActivityManager(  760): Delaying start of: ServiceRecord{4301c408 u0 com.google.android.exchange/com.android.exchange.service.EmailSyncAdapterService}
03-10 13:43:33.066 I/ActivityManager(  760): Start proc com.google.android.exchange for service com.google.android.exchange/com.android.exchange.service.EmailSyncAdapterService: pid=1928 uid=10038 gids={50038, 3003, 1028, 1015}
03-10 13:43:33.096 W/ActivityManager(  760): Unable to start service Intent { cmp=com.google.android.email/com.android.email.service.AttachmentDownloadService } U=0: not found
03-10 13:43:33.106 W/ActivityManager(  760): Unable to start service Intent { cmp=com.google.android.email/com.android.email.service.AttachmentDownloadService } U=0: not found
03-10 13:43:33.106 W/ActivityManager(  760): Unable to start service Intent { cmp=com.google.android.email/com.android.email.service.AttachmentDownloadService } U=0: not found
03-10 13:43:33.126 I/ActivityManager(  760): Resuming delayed broadcast
03-10 13:43:33.136 I/ActivityManager(  760): Start proc com.google.android.apps.genie.geniewidget for broadcast com.google.android.apps.genie.geniewidget/.miniwidget.MiniWidgetProvider: pid=1942 uid=10041 gids={50041, 3003, 1028, 1015}
03-10 13:43:33.136 I/ActivityManager(  760): Killing 938:android.process.acore/u0a3 (adj 15): empty #17
03-10 13:43:33.196 I/ActivityManager(  760): Delay finish: com.google.android.syncadapters.contacts/.ContactsSyncAdapterBroadcastReceiver
03-10 13:43:33.206 I/ActivityManager(  760): Start proc android.process.acore for content provider com.android.providers.contacts/.ContactsProvider2: pid=1961 uid=10003 gids={50003, 3003, 1028, 1015}
03-10 13:43:33.386 I/ActivityManager(  760): Killing 1087:com.google.android.keep/u0a53 (adj 15): empty #17
03-10 13:43:33.396 I/ActivityManager(  760): Resuming delayed broadcast
03-10 13:43:33.396 I/ActivityManager(  760): Killing 1291:com.google.android.apps.magazines/u0a57 (adj 15): empty #17
03-10 13:43:33.436 I/ActivityManager(  760): Start proc com.lge.SprintHiddenMenu for broadcast com.lge.SprintHiddenMenu/.sprintspec.data.UaproflieSettingReceiver: pid=1976 uid=1000 gids={41000, 1028, 1015, 3002, 3001, 3003}
03-10 13:43:33.446 I/ActivityManager(  760): Killing 966:com.android.settings/1000 (adj 15): empty #17
03-10 13:43:33.476 D/ConnectivityService(  760): [CheckMp] isMobileOk: newUrl=https://193.229.108.59/generate_204
03-10 13:43:33.476 W/ActivityThread(  760): ClassLoader.loadClass: The class loader returned by Thread.getContextClassLoader() may fail for processes that host multiple applications. You should explicitly specify a context class loader. For example: Thread.setContextClassLoader(getClass().getClassLoader());
03-10 13:43:33.486 I/ActivityManager(  760): Start proc com.qualcomm.qcrilmsgtunnel for broadcast com.qualcomm.qcrilmsgtunnel/.QcrilMsgTunnelAutoboot: pid=1989 uid=1001 gids={41001, 3002, 3001, 3003, 2001, 1028, 1015}
03-10 13:43:33.506 I/ActivityManager(  760): Delay finish: com.qualcomm.qcrilmsgtunnel/.QcrilMsgTunnelAutoboot
03-10 13:43:34.146 D/ConnectivityService(  760): [CheckMp] isMobileOk: hostnameVerify retVal=true hostname=193.229.108.59 orgUriHost=clients3.google.com
03-10 13:43:34.216 D/ConnectivityService(  760): [CheckMp] isMobileOk: headers={null=[HTTP/1.1 204 No Content], Connection=[close], Content-Length=[0], Content-Type=[text/html; charset=UTF-8], Date=[Mon, 10 Mar 2014 11:43:35 GMT], Server=[GFE/2.0], X-Android-Received-Millis=[1394451814224], X-Android-Response-Source=[NETWORK 204], X-Android-Selected-Transport=[http/1.1], X-Android-Sent-Millis=[1394451814161]}
03-10 13:43:34.216 D/ConnectivityService(  760): [CheckMp] isMobileOk: X got expected responseCode=204 result=1
03-10 13:43:34.216 D/ConnectivityService(  760): [CheckMp] isMobileOk: F stop hipri
03-10 13:43:34.216 D/MobileDataStateTracker(  760): default: setEnableFailFastMobileData(enabled=0)
03-10 13:43:34.216 D/ConnectivityService(  760): stopUsingNetworkFeature: teardown net 0: enableHIPRI
03-10 13:43:34.226 D/MobileDataStateTracker(  760): hipri: Broadcast received: android.intent.action.ANY_DATA_STATE apnType=hipri
03-10 13:43:34.226 D/MobileDataStateTracker(  760): hipri: Received state=DISCONNECTED, old=CONNECTED, reason=dataDisabled
03-10 13:43:34.226 D/MobileDataStateTracker(  760): hipri: setDetailed state, old =CONNECTED and new state=DISCONNECTED
03-10 13:43:34.226 D/ConnectivityService(  760): ConnectivityChange for mobile_hipri: DISCONNECTED/DISCONNECTED
03-10 13:43:34.276 D/Nat464Xlat(  760): requiresClat: netType=5, hasIPv4Address=true
03-10 13:43:34.286 D/MobileDataStateTracker(  760): default: setPolicyDataEnable(enabled=true)
03-10 13:43:34.386 D/MobileDataStateTracker(  760): default: setPolicyDataEnable(enabled=true)
03-10 13:43:34.526 D/MobileDataStateTracker(  760): default: setPolicyDataEnable(enabled=true)
03-10 13:43:34.526 D/MobileDataStateTracker(  760): default: setPolicyDataEnable(enabled=true)
03-10 13:43:38.796 I/ActivityManager(  760): Waited long enough for: ServiceRecord{42f6bd58 u0 com.facebook.orca/com.facebook.push.mqtt.MqttPushService}
03-10 13:43:38.796 I/ActivityManager(  760): Resuming delayed broadcast
03-10 13:43:38.806 I/ActivityManager(  760): Start proc com.android.vending for broadcast com.android.vending/com.google.android.finsky.receivers.BootCompletedReceiver: pid=2115 uid=10015 gids={50015, 3003, 1028, 1015}
03-10 13:43:39.076 I/ActivityManager(  760): Start proc com.google.android.keep for broadcast com.google.android.keep/.notification.AlertReceiver: pid=2147 uid=10053 gids={50053, 3003, 1028, 1015}
03-10 13:43:39.076 I/ActivityManager(  760): Killing 1333:com.facebook.katana:dash_service/u0a95 (adj 15): empty #17
03-10 13:43:39.216 I/ActivityManager(  760): Delay finish: com.google.android.keep/.notification.AlertReceiver
03-10 13:43:39.226 D/ConnectivityService(  760): [CheckMp] isMobileOk: X result=1
03-10 13:43:39.226 D/ConnectivityService(  760): [CheckMp] onPostExecute: result=1
03-10 13:43:39.226 D/ConnectivityService(  760): CheckMp.onComplete: result=1
03-10 13:43:39.226 D/ConnectivityService(  760): CheckMp.onComplete: ignore, connected or no connection
03-10 13:43:39.246 I/ActivityManager(  760): Resuming delayed broadcast
03-10 13:43:39.246 I/ActivityManager(  760): Start proc com.google.android.talk for broadcast com.google.android.talk/com.google.android.apps.babel.service.BootReceiver: pid=2177 uid=10052 gids={50052, 3003, 1028, 1015, 3002}
03-10 13:43:39.246 I/ActivityManager(  760): Killing 1401:com.google.android.dialer/u0a8 (adj 15): empty #17
03-10 13:43:39.276 D/MobileDataStateTracker(  760): default: Broadcast received: android.intent.action.ANY_DATA_STATE apnType=default
03-10 13:43:39.276 D/MobileDataStateTracker(  760): default: Received state=CONNECTED, old=CONNECTED, reason=(unspecified)
03-10 13:43:39.466 I/ActivityManager(  760): Start proc com.google.android.youtube for broadcast com.google.android.youtube/com.google.android.apps.youtube.core.transfer.DownloadService$BootReceiver: pid=2217 uid=10073 gids={50073, 3003, 1028, 1015}
03-10 13:43:39.466 I/ActivityManager(  760): Killing 1429:com.android.providers.calendar/u0a1 (adj 15): empty #17
03-10 13:43:39.736 I/ActivityManager(  760): Waited long enough for: ServiceRecord{42e27720 u0 com.facebook.katana/com.facebook.push.mqtt.MqttPushService}
03-10 13:43:40.036 I/ActivityManager(  760): Start proc com.google.android.gm for broadcast com.google.android.gm/.GoogleMailDeviceStartupReceiver: pid=2281 uid=10042 gids={50042, 3003, 1028, 1015}
03-10 13:43:40.126 I/ActivityManager(  760): Killing 1467:com.google.android.configupdater/u0a2 (adj 15): empty #17
03-10 13:43:40.296 I/ActivityManager(  760): Start proc com.google.android.calendar for broadcast com.google.android.calendar/com.android.calendar.alerts.AlertReceiver: pid=2318 uid=10029 gids={50029, 3003}
03-10 13:43:40.356 I/ActivityManager(  760): Delay finish: com.google.android.calendar/com.android.calendar.alerts.AlertReceiver
03-10 13:43:40.376 I/ActivityManager(  760): Start proc com.android.providers.calendar for content provider com.android.providers.calendar/.CalendarProvider2: pid=2339 uid=10001 gids={50001, 3003, 1028, 1015}
03-10 13:43:40.486 I/ActivityManager(  760): Killing 1499:com.google.android.onetimeinitializer/u0a10 (adj 15): empty #17
03-10 13:43:41.446 I/ActivityManager(  760): Resuming delayed broadcast
03-10 13:43:41.486 I/ActivityManager(  760): Start proc com.google.android.googlequicksearchbox:search for broadcast com.google.android.googlequicksearchbox/com.google.android.search.core.StartUpReceiver: pid=2368 uid=10020 gids={50020, 3003, 1028, 3002, 1015}
03-10 13:43:41.486 I/ActivityManager(  760): Killing 1054:com.android.printspooler/u0a66 (adj 15): empty #17
03-10 13:43:41.526 I/ActivityManager(  760): Start proc com.google.android.gms.ui for service com.google.android.gms/.auth.authzen.GcmReceiverService: pid=2380 uid=10007 gids={50007, 3003, 1007, 3002, 3001, 1028, 1015, 2001, 3006, 3007}
03-10 13:43:41.696 I/ActivityManager(  760): Delay finish: com.google.android.googlequicksearchbox/com.google.android.search.core.StartUpReceiver
03-10 13:43:41.726 I/ActivityManager(  760): Resuming delayed broadcast
03-10 13:43:41.766 I/ActivityManager(  760): Start proc com.whatsapp for broadcast com.whatsapp/.BootReceiver: pid=2449 uid=10077 gids={50077, 1028, 1015, 3003}
03-10 13:43:41.766 I/ActivityManager(  760): Killing 1663:com.android.cellbroadcastreceiver/u0a30 (adj 15): empty #17
03-10 13:43:41.766 D/MobileDataStateTracker(  760): default: Broadcast received: android.intent.action.ANY_DATA_STATE apnType=default
03-10 13:43:41.776 D/MobileDataStateTracker(  760): default: Received state=CONNECTED, old=CONNECTED, reason=(unspecified)
03-10 13:43:42.256 W/BroadcastQueue(  760): Permission Denial: receiving Intent { act=android.intent.action.BOOT_COMPLETED flg=0x8000010 (has extras) } to com.google.android.apps.authenticator2/com.google.android.apps.authenticator.seedrotation.SeedRotationService$StartupListener requires android.permission.RECEIVE_BOOT_COMPLETED due to sender null (uid 1000)
03-10 13:43:42.266 I/ActivityManager(  760): Start proc com.laurencedawson.reddit_sync:remote for broadcast com.laurencedawson.reddit_sync/.RedditMessageReceiver: pid=2482 uid=10080 gids={50080, 3003, 1028, 1015}
03-10 13:43:42.396 I/ActivityManager(  760): Start proc com.laurencedawson.reddit_sync for service com.laurencedawson.reddit_sync/.activities.MessagingService: pid=2513 uid=10080 gids={50080, 3003, 1028, 1015}
03-10 13:43:42.396 I/ActivityManager(  760): Delay finish: com.laurencedawson.reddit_sync/.RedditMessageReceiver
03-10 13:43:42.816 D/ConnectivityService(  760): handleInetConditionHoldEnd: net=0, condition=100, published condition=0
03-10 13:43:43.106 I/ActivityManager(  760): Resuming delayed broadcast
03-10 13:43:43.176 I/ActivityManager(  760): Start proc org.thoughtcrime.securesms for broadcast org.thoughtcrime.securesms/.service.DirectoryRefreshListener: pid=2553 uid=10059 gids={50059, 3003, 1028, 1015}
03-10 13:43:43.176 I/ActivityManager(  760): Killing 1676:com.google.android.deskclock/u0a34 (adj 15): empty #17
03-10 13:43:43.306 I/ActivityManager(  760): Start proc com.skype.raider for broadcast com.skype.raider/com.skype.android.push.DeviceBootReceiver: pid=2567 uid=10108 gids={50108, 3003, 3002, 1028, 1015}
03-10 13:43:43.356 I/ActivityManager(  760): Killing 1878:com.chrome.beta/u0a83 (adj 15): empty #17
03-10 13:43:43.656 I/PackageManager(  760): Adding preferred activity ComponentInfo{org.thoughtcrime.securesms/org.thoughtcrime.securesms.RoutingActivity} for user 0 :
03-10 13:43:43.676 I/PackageManager(  760): Adding preferred activity ComponentInfo{org.thoughtcrime.securesms/org.thoughtcrime.securesms.RoutingActivity} for user 0 :
03-10 13:43:43.696 I/PackageManager(  760): Adding preferred activity ComponentInfo{org.thoughtcrime.securesms/org.thoughtcrime.securesms.RoutingActivity} for user 0 :
03-10 13:43:43.966 I/PackageManager(  760): Adding preferred activity ComponentInfo{org.thoughtcrime.securesms/org.thoughtcrime.securesms.RoutingActivity} for user 0 :
03-10 13:43:43.986 I/PackageManager(  760): Adding preferred activity ComponentInfo{org.thoughtcrime.securesms/org.thoughtcrime.securesms.RoutingActivity} for user 0 :
03-10 13:43:44.006 I/PackageManager(  760): Adding preferred activity ComponentInfo{org.thoughtcrime.securesms/org.thoughtcrime.securesms.RoutingActivity} for user 0 :
03-10 13:43:44.026 I/PackageManager(  760): Adding preferred activity ComponentInfo{org.thoughtcrime.securesms/org.thoughtcrime.securesms.RoutingActivity} for user 0 :
03-10 13:43:44.036 I/PackageManager(  760): Adding preferred activity ComponentInfo{org.thoughtcrime.securesms/org.thoughtcrime.securesms.RoutingActivity} for user 0 :
03-10 13:43:44.626 W/BroadcastQueue(  760): Permission Denial: receiving Intent { act=android.intent.action.BOOT_COMPLETED flg=0x8000010 (has extras) } to com.ttxapps.wifiadb/.BootCompleted requires android.permission.RECEIVE_BOOT_COMPLETED due to sender null (uid 1000)
03-10 13:43:44.626 I/ActivityManager(  760): Killing 1928:com.google.android.exchange/u0a38 (adj 15): empty #17
03-10 13:43:44.636 I/ActivityManager(  760): Start proc com.dropbox.android for broadcast com.dropbox.android/.service.WakeupReceiver: pid=2640 uid=10094 gids={50094, 3003, 1028, 1015}
03-10 13:43:44.896 I/ActivityManager(  760): Start proc org.mozilla.fennec for broadcast org.mozilla.fennec/org.mozilla.gecko.background.announcements.AnnouncementsBroadcastReceiver: pid=2691 uid=10098 gids={50098, 3003, 1028, 1015}
03-10 13:43:44.896 I/ActivityManager(  760): Killing 1906:com.google.android.email/u0a37 (adj 15): empty #17
03-10 13:43:44.986 I/ActivityManager(  760): Delay finish: org.mozilla.fennec/org.mozilla.gecko.background.announcements.AnnouncementsBroadcastReceiver
03-10 13:43:45.006 I/ActivityManager(  760): Resuming delayed broadcast
03-10 13:43:45.016 I/ActivityManager(  760): Delay finish: org.mozilla.fennec/org.mozilla.gecko.background.healthreport.HealthReportBroadcastReceiver
03-10 13:43:45.016 I/ActivityManager(  760): Resuming delayed broadcast
03-10 13:43:45.036 I/ActivityManager(  760): Start proc com.onelouder.baconreader for broadcast com.onelouder.baconreader/.BootReceiver: pid=2722 uid=10106 gids={50106, 3003, 1028, 1015}
03-10 13:43:45.036 I/ActivityManager(  760): Killing 1942:com.google.android.apps.genie.geniewidget/u0a41 (adj 15): empty #17
03-10 13:43:45.216 I/ActivityManager(  760): Killing 1976:com.lge.SprintHiddenMenu/1000 (adj 15): empty #17
03-10 13:43:45.226 W/ActivityManager(  760): Unable to start service Intent { act=com.google.android.gms.analytics.service.START cmp=com.google.android.gms/.analytics.service.AnalyticsService (has extras) } U=0: not found
03-10 13:43:45.256 I/ActivityManager(  760): Delay finish: com.google.android.keep/.notification.AlertReceiver
03-10 13:43:45.266 I/ActivityManager(  760): Resuming delayed broadcast
03-10 13:43:45.356 I/ActivityManager(  760): Start proc com.google.android.deskclock for broadcast com.google.android.deskclock/com.android.deskclock.AlarmInitReceiver: pid=2769 uid=10034 gids={50034, 1028}
03-10 13:43:45.446 I/ActivityManager(  760): Start proc com.qualcomm.timeservice for broadcast com.qualcomm.timeservice/.TimeServiceBroadcastReceiver: pid=2801 uid=10070 gids={50070}
03-10 13:43:45.556 I/ActivityManager(  760): Killing 2177:com.google.android.talk/u0a52 (adj 15): empty #17
03-10 13:43:45.586 I/ActivityManager(  760): Start proc com.google.android.music:main for broadcast com.google.android.music/.store.MediaStoreImportService$Receiver: pid=2821 uid=10060 gids={50060, 3003, 1028, 1015}
03-10 13:43:45.826 I/ActivityManager(  760): Delay finish: com.google.android.music/.store.MediaStoreImportService$Receiver
03-10 13:43:45.836 I/ActivityManager(  760): Resuming delayed broadcast
03-10 13:43:45.846 I/ActivityManager(  760): Delay finish: com.google.android.music/.store.MediaStoreImportService$Receiver
03-10 13:43:45.846 I/ActivityManager(  760): Resuming delayed broadcast
03-10 13:43:45.856 I/ActivityManager(  760): Delay finish: com.google.android.music/.store.MediaStoreImportService$Receiver
03-10 13:43:45.946 I/ActivityManager(  760): Resuming delayed broadcast
03-10 13:43:45.946 I/ActivityManager(  760): Killing 2217:com.google.android.youtube/u0a73 (adj 15): empty #17
03-10 13:43:45.956 D/MobileDataStateTracker(  760): default: setPolicyDataEnable(enabled=true)
03-10 13:43:45.966 I/ActivityManager(  760): Delay finish: com.android.providers.calendar/.CalendarProviderBroadcastReceiver
03-10 13:43:45.996 I/ActivityManager(  760): Resuming delayed broadcast
03-10 13:43:46.046 I/ActivityManager(  760): Start proc com.google.android.setupwizard for broadcast com.google.android.setupwizard/.MobileConnectivityChangeReceiver: pid=2856 uid=10017 gids={50017, 3003}
03-10 13:43:46.096 I/ActivityManager(  760): Start proc com.google.android.youtube for broadcast com.google.android.youtube/com.google.android.apps.youtube.app.prefetch.PrefetchService$DeviceStateReceiver: pid=2870 uid=10073 gids={50073, 3003, 1028, 1015}
03-10 13:43:46.096 I/ActivityManager(  760): Killing 2380:com.google.android.gms.ui/u0a7 (adj 15): empty #17
03-10 13:43:46.796 I/ActivityManager(  760): Start proc com.google.android.apps.magazines for broadcast com.google.android.apps.magazines/com.google.apps.dots.android.newsstand.appwidget.NewsWidgetProvider: pid=2935 uid=10057 gids={50057, 3003, 1028, 1015}
03-10 13:43:46.816 I/ActivityManager(  760): Killing 1513:com.google.android.partnersetup/u0a11 (adj 15): empty #17
03-10 13:43:46.826 W/ActivityThread( 1130): ClassLoader.loadClass: The class loader returned by Thread.getContextClassLoader() may fail for processes that host multiple applications. You should explicitly specify a context class loader. For example: Thread.setContextClassLoader(getClass().getClassLoader());
03-10 13:43:47.036 I/ActivityManager(  760): Start proc com.google.android.apps.plus for broadcast com.google.android.apps.plus/.service.ConnectivityReceiver: pid=2971 uid=10065 gids={50065, 3003, 3002, 1028, 1015}
03-10 13:43:47.046 I/ActivityManager(  760): Killing 2368:com.google.android.googlequicksearchbox:search/u0a20 (adj 15): empty #17
03-10 13:43:47.286 D/ConnectivityService(  760): handleInetConditionHoldEnd: net=0, condition=100, published condition=100
03-10 13:43:47.326 I/ActivityManager(  760): Start proc com.google.android.apps.maps for broadcast com.google.android.apps.maps/com.google.userfeedback.android.api.FeedbackConnectivityReceiver: pid=3003 uid=10058 gids={50058, 3003, 1028, 1015}
03-10 13:43:47.326 I/ActivityManager(  760): Killing 1961:android.process.acore/u0a3 (adj 15): empty #17
03-10 13:43:47.426 I/ActivityManager(  760): Start proc android.process.acore for content provider com.android.providers.contacts/.ContactsProvider2: pid=3027 uid=10003 gids={50003, 3003, 1028, 1015}
03-10 13:43:47.436 I/ActivityManager(  760): Killing 2482:com.laurencedawson.reddit_sync:remote/u0a80 (adj 15): empty #17
--------- beginning of /dev/log/main
03-10 13:43:47.606 I/iu.UploadsManager( 2971): End new media; added: 0, uploading: 0, time: 82 ms
03-10 13:43:47.606 W/ActivityThread( 3003): ClassLoader.loadClass: The class loader returned by Thread.getContextClassLoader() may fail for processes that host multiple applications. You should explicitly specify a context class loader. For example: Thread.setContextClassLoader(getClass().getClassLoader());
03-10 13:43:47.626 D/dalvikvm( 3003): GC_CONCURRENT freed 228K, 2% free 17109K/17360K, paused 2ms+2ms, total 14ms
03-10 13:43:47.636 I/iu.FingerprintManager( 2971): Start processing all media
03-10 13:43:47.646 I/iu.FingerprintManager( 2971): Start processing media store URI: content://media/external/images/media
03-10 13:43:47.676 D/dalvikvm( 3003): GC_CONCURRENT freed 291K, 2% free 17318K/17640K, paused 1ms+2ms, total 15ms
03-10 13:43:47.706 I/iu.FingerprintManager( 2971): Start processing media store URI: content://media/external/video/media
03-10 13:43:47.716 I/iu.FingerprintManager( 2971): Start processing media store URI: content://media/phoneStorage/images/media
03-10 13:43:47.716 I/iu.FingerprintManager( 2971): Start processing media store URI: content://media/phoneStorage/video/media
03-10 13:43:47.716 I/iu.FingerprintManager( 2971): Finished generating fingerprints; 0.088 seconds
03-10 13:43:47.716 I/iu.FingerprintManager( 2971):   numSeen=342 numGenerated=0 numDeleted=0 numFailed=0
