03-10 13:45:46.126 D/MobileDataStateTracker(  760): default: Broadcast received: android.intent.action.ANY_DATA_STATE apnType=default
03-10 13:45:46.136 D/MobileDataStateTracker(  760): default: Received state=CONNECTED, old=CONNECTED, reason=(unspecified)
03-10 13:45:46.146 V/QcrilMsgTunnelSocket( 1989): offset = 0 remaining = 29 countRead = 29
03-10 13:45:46.146 D/QcrilMsgTunnelSocket( 1989): readRilMessage: Buffer = [B@42624370 HexData = [0100000004040000110000005155414c434f4d4def0308000100000001]
03-10 13:45:46.146 V/QcrilMsgTunnelSocket( 1989): Read packet: 29 bytes. Data Available = 32 Position = 0
03-10 13:45:46.146 D/QcrilMsgTunnelSocket( 1989): processResponse. message type = 1. Data Available = 28
03-10 13:45:46.146 D/QcrilMsgTunnelSocket( 1989): ByteArray from parcel = 5155414c434f4d4def0308000100000001
03-10 13:45:46.146 D/QcrilMsgTunnelSocket( 1989): Received RIL_UNSOL_OEM_HOOK_RAW message
03-10 13:45:46.146 D/QcrilMsgTunnelSocket( 1989): Oem ID in RIL_UNSOL_OEM_HOOK_RAW is QUALCOMM
03-10 13:45:46.146 D/QcrilMsgTunnelSocket( 1989): OEM ID check Passed
03-10 13:45:46.146 D/QcrilMsgTunnelSocket( 1989): Response ID in RIL_UNSOL_OEM_HOOK_RAW is 525295
03-10 13:45:46.146 D/QcrilMsgTunnelSocket( 1989): Response ID 525295is not served in this process.
03-10 13:45:46.146 D/QcrilMsgTunnelSocket( 1989): To broadcast an Intent via the notifier to external apps
03-10 13:45:46.146 D/QcrilMsgTunnelIfaceManager( 1989): handleMessage what=0
03-10 13:45:46.146 D/QcrilMsgTunnelIfaceManager( 1989): Broadcasting intent ACTION_UNSOL_RESPONSE_OEM_HOOK_RAW
03-10 13:45:46.156 V/QcrilMsgTunnelSocket( 1989): Before reading offset = 0 remaining = 4 countRead = 0
03-10 13:45:46.156 V/QcrilMsgTunnelSocket( 1989): After reading offset = 0 remaining = 4 countRead = 4
03-10 13:45:46.156 D/QcrilMsgTunnelSocket( 1989): messageLength extracted from first 4 inputStream reads = 29
03-10 13:45:46.156 V/QcrilMsgTunnelSocket( 1989): offset = 0 remaining = 29 countRead = 0
03-10 13:45:46.156 V/QcrilMsgTunnelSocket( 1989): offset = 0 remaining = 29 countRead = 29
03-10 13:45:46.156 D/QcrilMsgTunnelSocket( 1989): readRilMessage: Buffer = [B@42624370 HexData = [0100000004040000110000005155414c434f4d4def0308000100000001]
03-10 13:45:46.156 V/QcrilMsgTunnelSocket( 1989): Read packet: 29 bytes. Data Available = 32 Position = 0
03-10 13:45:46.156 D/QcrilMsgTunnelSocket( 1989): processResponse. message type = 1. Data Available = 28
03-10 13:45:46.156 D/QcrilMsgTunnelSocket( 1989): ByteArray from parcel = 5155414c434f4d4def0308000100000001
03-10 13:45:46.156 D/QcrilMsgTunnelSocket( 1989): Received RIL_UNSOL_OEM_HOOK_RAW message
03-10 13:45:46.156 D/QcrilMsgTunnelSocket( 1989): Oem ID in RIL_UNSOL_OEM_HOOK_RAW is QUALCOMM
03-10 13:45:46.156 D/QcrilMsgTunnelSocket( 1989): OEM ID check Passed
03-10 13:45:46.156 D/QcrilMsgTunnelSocket( 1989): Response ID in RIL_UNSOL_OEM_HOOK_RAW is 525295
03-10 13:45:46.156 D/QcrilMsgTunnelSocket( 1989): Response ID 525295is not served in this process.
03-10 13:45:46.156 D/QcrilMsgTunnelSocket( 1989): To broadcast an Intent via the notifier to external apps
03-10 13:45:46.156 V/QcrilMsgTunnelSocket( 1989): Before reading offset = 0 remaining = 4 countRead = 0
03-10 13:45:46.156 D/QcrilMsgTunnelIfaceManager( 1989): handleMessage what=0
03-10 13:45:46.156 D/QcrilMsgTunnelIfaceManager( 1989): Broadcasting intent ACTION_UNSOL_RESPONSE_OEM_HOOK_RAW
03-10 13:45:46.286 V/QcrilMsgTunnelSocket( 1989): After reading offset = 0 remaining = 4 countRead = 4
03-10 13:45:46.286 D/QcrilMsgTunnelSocket( 1989): messageLength extracted from first 4 inputStream reads = 29
03-10 13:45:46.286 V/QcrilMsgTunnelSocket( 1989): offset = 0 remaining = 29 countRead = 0
03-10 13:45:46.296 V/QcrilMsgTunnelSocket( 1989): offset = 0 remaining = 29 countRead = 29
03-10 13:45:46.296 D/QcrilMsgTunnelSocket( 1989): readRilMessage: Buffer = [B@42624370 HexData = [0100000004040000110000005155414c434f4d4def0308000100000001]
03-10 13:45:46.296 V/QcrilMsgTunnelSocket( 1989): Read packet: 29 bytes. Data Available = 32 Position = 0
03-10 13:45:46.296 D/QcrilMsgTunnelSocket( 1989): processResponse. message type = 1. Data Available = 28
03-10 13:45:46.296 D/QcrilMsgTunnelSocket( 1989): ByteArray from parcel = 5155414c434f4d4def0308000100000001
03-10 13:45:46.296 D/QcrilMsgTunnelSocket( 1989): Received RIL_UNSOL_OEM_HOOK_RAW message
03-10 13:45:46.296 D/QcrilMsgTunnelSocket( 1989): Oem ID in RIL_UNSOL_OEM_HOOK_RAW is QUALCOMM
03-10 13:45:46.296 D/QcrilMsgTunnelSocket( 1989): OEM ID check Passed
03-10 13:45:46.296 D/QcrilMsgTunnelSocket( 1989): Response ID in RIL_UNSOL_OEM_HOOK_RAW is 525295
03-10 13:45:46.296 D/QcrilMsgTunnelSocket( 1989): Response ID 525295is not served in this process.
03-10 13:45:46.296 D/QcrilMsgTunnelSocket( 1989): To broadcast an Intent via the notifier to external apps
03-10 13:45:46.296 D/QcrilMsgTunnelIfaceManager( 1989): handleMessage what=0
03-10 13:45:46.296 D/QcrilMsgTunnelIfaceManager( 1989): Broadcasting intent ACTION_UNSOL_RESPONSE_OEM_HOOK_RAW
03-10 13:45:46.306 V/QcrilMsgTunnelSocket( 1989): Before reading offset = 0 remaining = 4 countRead = 0
03-10 13:45:48.296 D/AndroidRuntime( 4614): 
03-10 13:45:48.296 D/AndroidRuntime( 4614): >>>>>> AndroidRuntime START com.android.internal.os.RuntimeInit <<<<<<
03-10 13:45:48.296 D/AndroidRuntime( 4614): CheckJNI is OFF
03-10 13:45:48.306 D/dalvikvm( 4614): Trying to load lib libjavacore.so 0x0
03-10 13:45:48.316 D/dalvikvm( 4614): Added shared lib libjavacore.so 0x0
03-10 13:45:48.316 D/dalvikvm( 4614): Trying to load lib libnativehelper.so 0x0
03-10 13:45:48.316 D/dalvikvm( 4614): Added shared lib libnativehelper.so 0x0
03-10 13:45:48.316 D/dalvikvm( 4614): No JNI_OnLoad found in libnativehelper.so 0x0, skipping init
03-10 13:45:48.336 D/dalvikvm( 4614): Note: class Landroid/app/ActivityManagerNative; has 179 unimplemented (abstract) methods
03-10 13:45:48.456 D/AndroidRuntime( 4614): Calling main entry com.android.commands.am.Am
03-10 13:45:48.456 I/ActivityManager(  760): Force stopping com.android.helloworldlein appid=10014 user=0: from pid 4614
03-10 13:45:48.456 I/ActivityManager(  760): Killing 4327:com.android.helloworldlein/u0a14 (adj 0): stop com.android.helloworldlein
03-10 13:45:48.456 W/ActivityManager(  760): Force removing ActivityRecord{42cfbc68 u0 com.android.helloworldlein/.HelloWorld t3}: app died, no saved state
03-10 13:45:48.466 W/WindowManager(  760): Rebuild removed 2 windows but added 1
03-10 13:45:48.466 W/WindowManager(  760): java.lang.RuntimeException: here
03-10 13:45:48.466 W/WindowManager(  760): 	at com.android.server.wm.WindowManagerService.rebuildAppWindowListLocked(WindowManagerService.java:8011)
03-10 13:45:48.466 W/WindowManager(  760): 	at com.android.server.wm.WindowManagerService.rebuildAppWindowListLocked(WindowManagerService.java:7947)
03-10 13:45:48.466 W/WindowManager(  760): 	at com.android.server.wm.WindowManagerService.handleAppTransitionReadyLocked(WindowManagerService.java:8430)
03-10 13:45:48.466 W/WindowManager(  760): 	at com.android.server.wm.WindowManagerService.performLayoutAndPlaceSurfacesLockedInner(WindowManagerService.java:9193)
03-10 13:45:48.466 W/WindowManager(  760): 	at com.android.server.wm.WindowManagerService.performLayoutAndPlaceSurfacesLockedLoop(WindowManagerService.java:8163)
03-10 13:45:48.466 W/WindowManager(  760): 	at com.android.server.wm.WindowManagerService.performLayoutAndPlaceSurfacesLocked(WindowManagerService.java:8105)
03-10 13:45:48.466 W/WindowManager(  760): 	at com.android.server.wm.WindowManagerService.executeAppTransition(WindowManagerService.java:3918)
03-10 13:45:48.466 W/WindowManager(  760): 	at com.android.server.am.ActivityStackSupervisor.reportResumedActivityLocked(ActivityStackSupervisor.java:2241)
03-10 13:45:48.466 W/WindowManager(  760): 	at com.android.server.am.ActivityStack.completeResumeLocked(ActivityStack.java:968)
03-10 13:45:48.466 W/WindowManager(  760): 	at com.android.server.am.ActivityStack.resumeTopActivityLocked(ActivityStack.java:1631)
03-10 13:45:48.466 W/WindowManager(  760): 	at com.android.server.am.ActivityStackSupervisor.resumeTopActivitiesLocked(ActivityStackSupervisor.java:2022)
03-10 13:45:48.466 W/WindowManager(  760): 	at com.android.server.am.ActivityStackSupervisor.resumeTopActivitiesLocked(ActivityStackSupervisor.java:2009)
03-10 13:45:48.466 W/WindowManager(  760): 	at com.android.server.am.ActivityManagerService.forceStopPackageLocked(ActivityManagerService.java:4750)
03-10 13:45:48.466 W/WindowManager(  760): 	at com.android.server.am.ActivityManagerService.forceStopPackageLocked(ActivityManagerService.java:4496)
03-10 13:45:48.466 W/WindowManager(  760): 	at com.android.server.am.ActivityManagerService.forceStopPackage(ActivityManagerService.java:4327)
03-10 13:45:48.466 W/WindowManager(  760): 	at android.app.ActivityManagerNative.onTransact(ActivityManagerNative.java:1365)
03-10 13:45:48.466 W/WindowManager(  760): 	at com.android.server.am.ActivityManagerService.onTransact(ActivityManagerService.java:2071)
03-10 13:45:48.466 W/WindowManager(  760): 	at android.os.Binder.execTransact(Binder.java:404)
03-10 13:45:48.466 W/WindowManager(  760): 	at dalvik.system.NativeStart.run(Native Method)
03-10 13:45:48.466 W/WindowManager(  760): This window was lost: Window{430bb588 u0 com.android.helloworldlein/com.android.helloworldlein.HelloWorld}
03-10 13:45:48.466 W/WindowManager(  760): mDisplayId=0 mSession=Session{43064d68 4327:u0a10014} mClient=android.os.BinderProxy@43091420
03-10 13:45:48.466 W/WindowManager(  760): mOwnerUid=10014 mShowToOwnerOnly=true package=com.android.helloworldlein appop=NONE
03-10 13:45:48.466 W/WindowManager(  760): mAttrs=WM.LayoutParams{(0,0)(fillxfill) sim=#120 ty=1 fl=#1810100 pfl=0x8 wanim=0x10302f5}
03-10 13:45:48.466 W/WindowManager(  760): Requested w=1080 h=1776 mLayoutSeq=89
03-10 13:45:48.466 W/WindowManager(  760): mBaseLayer=21000 mSubLayer=0 mAnimLayer=21005+0=21005 mLastLayer=0
03-10 13:45:48.466 W/WindowManager(  760): mToken=AppWindowToken{42cfd448 token=Token{430e2618 ActivityRecord{42cfbc68 u0 com.android.helloworldlein/.HelloWorld t3}}}
03-10 13:45:48.466 W/WindowManager(  760): mRootToken=AppWindowToken{42cfd448 token=Token{430e2618 ActivityRecord{42cfbc68 u0 com.android.helloworldlein/.HelloWorld t3}}}
03-10 13:45:48.466 W/WindowManager(  760): mAppToken=AppWindowToken{42cfd448 token=Token{430e2618 ActivityRecord{42cfbc68 u0 com.android.helloworldlein/.HelloWorld t3}}}
03-10 13:45:48.466 W/WindowManager(  760): mViewVisibility=0x0 mHaveFrame=true mObscured=true
03-10 13:45:48.466 W/WindowManager(  760): mSeq=0 mSystemUiVisibility=0x0
03-10 13:45:48.466 W/WindowManager(  760): mPolicyVisibility=false mPolicyVisibilityAfterAnim=false mAppOpVisibility=true mAttachedHidden=false
03-10 13:45:48.466 W/WindowManager(  760): mGivenContentInsets=[0,0][0,0] mGivenVisibleInsets=[0,0][0,0]
03-10 13:45:48.466 W/WindowManager(  760): mConfiguration={1.0 244mcc21mnc en_IN ldltr sw360dp w360dp h567dp 480dpi nrml port finger -keyb/v/h -nav/h s.5}
03-10 13:45:48.466 W/WindowManager(  760): mHasSurface=true mShownFrame=[0.0,0.0][1080.0,1776.0] isReadyForDisplay()=false
03-10 13:45:48.466 W/WindowManager(  760): mFrame=[0,0][1080,1776] last=[0,0][1080,1776]
03-10 13:45:48.466 W/WindowManager(  760): mSystemDecorRect=[0,0][1080,1776] last=[0,0][1080,1776]
03-10 13:45:48.466 W/WindowManager(  760): Frames: containing=[0,0][1080,1776] parent=[0,0][1080,1776]
03-10 13:45:48.466 W/WindowManager(  760):     display=[0,0][1080,1776] overscan=[0,0][1080,1920]
03-10 13:45:48.466 W/WindowManager(  760):     content=[0,75][1080,1776] visible=[0,75][1080,1776]
03-10 13:45:48.466 W/WindowManager(  760):     decor=[0,0][1080,1920]
03-10 13:45:48.466 W/WindowManager(  760): Cur insets: overscan=[0,0][0,0] content=[0,75][0,0] visible=[0,75][0,0]
03-10 13:45:48.466 W/WindowManager(  760): Lst insets: overscan=[0,0][0,0] content=[0,75][0,0] visible=[0,75][0,0]
03-10 13:45:48.466 W/WindowManager(  760): WindowStateAnimator{42e19b30 com.android.helloworldlein/com.android.helloworldlein.HelloWorld}:
03-10 13:45:48.466 W/WindowManager(  760):   mSurface=Surface(name=com.android.helloworldlein/com.android.helloworldlein.HelloWorld)
03-10 13:45:48.466 W/WindowManager(  760):   mDrawState=HAS_DRAWN mLastHidden=true
03-10 13:45:48.466 W/WindowManager(  760):   Surface: shown=false layer=21010 alpha=0.0 rect=(0.0,0.0) 1080.0 x 1776.0
03-10 13:45:48.466 W/WindowManager(  760):   mShownAlpha=1.0 mAlpha=1.0 mLastAlpha=-1.0
03-10 13:45:48.466 W/WindowManager(  760): Current app token list:
03-10 13:45:48.466 V/WindowManager(  760):   Display 0
03-10 13:45:48.466 V/WindowManager(  760):   #0: Token{42e5b160 ActivityRecord{42e5aee8 u0 com.google.android.googlequicksearchbox/com.google.android.launcher.GEL t1}}
03-10 13:45:48.466 W/WindowManager(  760): Final window list:
03-10 13:45:48.466 V/WindowManager(  760):   #0: Window{430b10b0 u0 SearchPanel}
03-10 13:45:48.466 V/WindowManager(  760):   #1: Window{42e61c60 u0 NavigationBar}
03-10 13:45:48.466 V/WindowManager(  760):   #2: Window{42c76ab8 u0 StatusBar}
03-10 13:45:48.466 V/WindowManager(  760):   #3: Window{42cb9648 u0 Keyguard}
03-10 13:45:48.466 V/WindowManager(  760):   #4: Window{42d62440 u0 KeyguardScrim}
03-10 13:45:48.466 V/WindowManager(  760):   #5: Window{430c8650 u0 com.google.android.googlequicksearchbox/com.google.android.launcher.GEL}
03-10 13:45:48.466 V/WindowManager(  760):   #6: Window{42eab8f8 u0 com.android.systemui.ImageWallpaper}
03-10 13:45:48.476 D/AndroidRuntime( 4614): Shutting down VM
03-10 13:45:48.476 D/dalvikvm( 4614): GC_CONCURRENT freed 93K, 15% free 553K/648K, paused 0ms+0ms, total 1ms
03-10 13:45:48.486 I/WindowState(  760): WIN DEATH: Window{430bb588 u0 com.android.helloworldlein/com.android.helloworldlein.HelloWorld}
03-10 13:45:49.936 D/AndroidRuntime( 4637): 
03-10 13:45:49.936 D/AndroidRuntime( 4637): >>>>>> AndroidRuntime START com.android.internal.os.RuntimeInit <<<<<<
03-10 13:45:49.936 D/AndroidRuntime( 4637): CheckJNI is OFF
03-10 13:45:49.946 D/dalvikvm( 4637): Trying to load lib libjavacore.so 0x0
03-10 13:45:49.946 D/dalvikvm( 4637): Added shared lib libjavacore.so 0x0
03-10 13:45:49.946 D/dalvikvm( 4637): Trying to load lib libnativehelper.so 0x0
03-10 13:45:49.946 D/dalvikvm( 4637): Added shared lib libnativehelper.so 0x0
03-10 13:45:49.946 D/dalvikvm( 4637): No JNI_OnLoad found in libnativehelper.so 0x0, skipping init
03-10 13:45:49.976 D/dalvikvm( 4637): Note: class Landroid/app/ActivityManagerNative; has 179 unimplemented (abstract) methods
03-10 13:45:50.106 D/AndroidRuntime( 4637): Calling main entry com.android.commands.am.Am
03-10 13:45:50.116 I/ActivityManager(  760): START u0 {flg=0x10000000 cmp=com.android.helloworldlein/.SplashActivity} from pid 4637
03-10 13:45:50.426 I/WindowManager(  760): Screenshot max retries 4 of Token{42e5b160 ActivityRecord{42e5aee8 u0 com.google.android.googlequicksearchbox/com.google.android.launcher.GEL t1}} appWin=Window{430c8650 u0 com.google.android.googlequicksearchbox/com.google.android.launcher.GEL} drawState=4
03-10 13:45:50.426 W/WindowManager(  760): Screenshot failure taking screenshot for (1080x1920) to layer 21000
03-10 13:45:50.436 D/AndroidRuntime( 4637): Shutting down VM
03-10 13:45:50.446 D/dalvikvm( 4637): GC_CONCURRENT freed 95K, 15% free 586K/684K, paused 1ms+0ms, total 4ms
03-10 13:45:50.466 I/ActivityManager(  760): Start proc com.android.helloworldlein for activity com.android.helloworldlein/.SplashActivity: pid=4668 uid=10014 gids={50014}
03-10 13:45:50.536 D/dalvikvm( 4668): GC_FOR_ALLOC freed 70K, 1% free 16764K/16864K, paused 9ms, total 9ms
03-10 13:45:50.536 I/dalvikvm-heap( 4668): Grow heap (frag case) to 17.770MB for 1440016-byte allocation
03-10 13:45:50.546 D/dalvikvm( 4668): GC_FOR_ALLOC freed <1K, 1% free 18170K/18272K, paused 8ms, total 8ms
03-10 13:45:50.556 D/dalvikvm( 4668): GC_CONCURRENT freed 0K, 1% free 18170K/18272K, paused 2ms+1ms, total 8ms
03-10 13:45:50.576 D/dalvikvm( 4668): GC_FOR_ALLOC freed <1K, 1% free 18171K/18272K, paused 6ms, total 7ms
03-10 13:45:50.576 I/dalvikvm-heap( 4668): Grow heap (frag case) to 19.145MB for 1440016-byte allocation
03-10 13:45:50.586 D/dalvikvm( 4668): GC_FOR_ALLOC freed <1K, 1% free 19577K/19680K, paused 8ms, total 8ms
03-10 13:45:50.586 D/dalvikvm( 4668): GC_CONCURRENT freed 0K, 1% free 19577K/19680K, paused 2ms+0ms, total 8ms
03-10 13:45:50.606 D/dalvikvm( 4668): GC_FOR_ALLOC freed <1K, 1% free 19579K/19680K, paused 6ms, total 6ms
03-10 13:45:50.616 I/dalvikvm-heap( 4668): Grow heap (frag case) to 20.520MB for 1440016-byte allocation
03-10 13:45:50.616 D/dalvikvm( 4668): GC_FOR_ALLOC freed <1K, 1% free 20985K/21088K, paused 8ms, total 8ms
03-10 13:45:50.626 D/dalvikvm( 4668): GC_CONCURRENT freed 0K, 1% free 20985K/21088K, paused 2ms+0ms, total 8ms
03-10 13:45:50.676 I/Adreno-EGL( 4668): <qeglDrvAPI_eglInitialize:320>: EGL 1.4 QUALCOMM Build: I0404c4692afb8623f95c43aeb6d5e13ed4b30ddbDate: 11/06/13
03-10 13:45:50.686 D/OpenGLRenderer( 4668): Enabling debug mode 0
03-10 13:45:50.726 I/ActivityManager(  760): Displayed com.android.helloworldlein/.SplashActivity: +297ms
03-10 13:45:50.936 D/dalvikvm( 4668): GC_CONCURRENT freed 628K, 3% free 21715K/22352K, paused 3ms+1ms, total 18ms
03-10 13:45:50.936 D/GCM     ( 1130): Connected
03-10 13:45:50.966 I/GCM     ( 1130): GCM message com.google.android.gsf.gtalkservice 
03-10 13:45:51.016 D/GCM     ( 1130): Message class hwi
03-10 13:45:51.046 I/GCM     ( 1130): GCM message com.google.android.talk 0:1394451917271117%5a539273f9fd7ecd
03-10 13:45:51.066 I/ActivityManager(  760): Start proc com.google.android.talk for broadcast com.google.android.talk/com.google.android.apps.babel.realtimechat.MessagesAvailableReceiver: pid=4691 uid=10052 gids={50052, 3003, 1028, 1015, 3002}
03-10 13:45:51.086 D/dalvikvm(  181): GC_EXPLICIT freed 41K, 1% free 16726K/16800K, paused 1ms+2ms, total 17ms
03-10 13:45:51.086 I/GCM     ( 1130): GCM message com.google.android.talk 0:1394451936429379%5a539273f9fd7ecd
03-10 13:45:51.096 D/dalvikvm(  181): GC_EXPLICIT freed <1K, 1% free 16726K/16800K, paused 1ms+1ms, total 12ms
03-10 13:45:51.106 D/dalvikvm(  181): GC_EXPLICIT freed <1K, 1% free 16726K/16800K, paused 0ms+1ms, total 12ms
03-10 13:45:51.156 D/dalvikvm( 4691): GC_CONCURRENT freed 275K, 2% free 16842K/17148K, paused 4ms+2ms, total 16ms
03-10 13:45:51.166 I/MmsConfig( 4691): MmsConfig.init: mnc/mcc: 244/21
03-10 13:45:51.166 W/Settings( 4691): Setting airplane_mode_on has moved from android.provider.Settings.System to android.provider.Settings.Global, returning read-only value.
03-10 13:45:51.166 I/Babel   ( 4691): ### loadDeviceMmsSettings from API: mUserAgent=Nexus5, mUaProfUrl=http://gsm.lge.com/html/gsm/Nexus5-M3.xml
03-10 13:45:51.176 V/MmsConfig( 4691): tag: bool value: enabledMMS - true
03-10 13:45:51.176 V/MmsConfig( 4691): tag: int value: maxMessageSize - 307200
03-10 13:45:51.176 V/MmsConfig( 4691): tag: int value: maxImageHeight - 480
03-10 13:45:51.176 V/MmsConfig( 4691): tag: int value: maxImageWidth - 640
03-10 13:45:51.176 V/MmsConfig( 4691): tag: int value: recipientLimit - -1
03-10 13:45:51.176 V/MmsConfig( 4691): tag: bool value: enableMultipartSMS - true
03-10 13:45:51.176 V/MmsConfig( 4691): tag: int value: smsToMmsTextThreshold - -1
03-10 13:45:51.176 V/MmsConfig( 4691): tag: int value: maxMessageTextSize - -1
03-10 13:45:51.176 I/Babel   ( 4691): ### loadMmsSettings: mUserAgent=Nexus5, mUaProfUrl=http://gsm.lge.com/html/gsm/Nexus5-M3.xml
03-10 13:45:51.216 D/dalvikvm( 4691): GC_CONCURRENT freed 431K, 3% free 16924K/17384K, paused 2ms+0ms, total 13ms
03-10 13:45:51.216 D/dalvikvm( 4691): WAIT_FOR_CONCURRENT_GC blocked 5ms
03-10 13:45:51.216 D/dalvikvm( 4691): WAIT_FOR_CONCURRENT_GC blocked 5ms
03-10 13:45:51.216 D/dalvikvm( 4691): WAIT_FOR_CONCURRENT_GC blocked 4ms
03-10 13:45:51.286 I/dalvikvm( 4668): Could not find method java.beans.Introspector.getBeanInfo, referenced from method clojure.core$bean.invoke
03-10 13:45:51.286 W/dalvikvm( 4668): VFY: unable to resolve static method 17499: Ljava/beans/Introspector;.getBeanInfo (Ljava/lang/Class;)Ljava/beans/BeanInfo;
03-10 13:45:51.286 D/dalvikvm( 4668): VFY: replacing opcode 0x71 at 0x0021
03-10 13:45:51.356 D/dalvikvm( 4668): GC_CONCURRENT freed 1076K, 5% free 22274K/23380K, paused 2ms+2ms, total 22ms
03-10 13:45:51.386 D/dalvikvm( 4691): GC_CONCURRENT freed 290K, 2% free 17097K/17424K, paused 2ms+2ms, total 15ms
03-10 13:45:51.436 D/ConnectivityService(  760): handleInetConditionHoldEnd: net=0, condition=100, published condition=0
03-10 13:45:51.486 D/dalvikvm( 4691): GC_CONCURRENT freed 330K, 3% free 17191K/17552K, paused 2ms+1ms, total 19ms
03-10 13:45:51.506 D/dalvikvm( 1130): GC_EXPLICIT freed 338K, 4% free 17522K/18144K, paused 6ms+3ms, total 27ms
03-10 13:45:51.506 W/GLSUser ( 1130): GoogleAccountDataService.getToken()
03-10 13:45:51.586 D/dalvikvm( 4691): GC_CONCURRENT freed 311K, 2% free 17293K/17632K, paused 2ms+1ms, total 12ms
03-10 13:45:51.606 I/ActivityManager(  760): Killing 3027:android.process.acore/u0a3 (adj 15): empty #17
03-10 13:45:51.646 D/dalvikvm( 4668): GC_CONCURRENT freed 1592K, 7% free 22535K/24156K, paused 1ms+2ms, total 22ms
03-10 13:45:51.646 D/dalvikvm( 4668): WAIT_FOR_CONCURRENT_GC blocked 7ms
03-10 13:45:51.726 D/dalvikvm( 4691): GC_CONCURRENT freed 357K, 3% free 17352K/17720K, paused 2ms+2ms, total 21ms
03-10 13:45:51.826 D/dalvikvm( 4691): GC_CONCURRENT freed 326K, 3% free 17460K/17888K, paused 3ms+0ms, total 12ms
03-10 13:45:51.826 D/dalvikvm( 4691): WAIT_FOR_CONCURRENT_GC blocked 10ms
03-10 13:45:51.826 I/dalvikvm-heap( 4691): Grow heap (frag case) to 17.218MB for 147472-byte allocation
03-10 13:45:51.836 D/dalvikvm( 4691): GC_FOR_ALLOC freed 21K, 3% free 17583K/18036K, paused 9ms, total 9ms
03-10 13:45:51.846 D/dalvikvm( 4691): GC_FOR_ALLOC freed <1K, 3% free 17583K/18036K, paused 8ms, total 8ms
03-10 13:45:51.846 I/dalvikvm-heap( 4691): Grow heap (frag case) to 17.337MB for 147472-byte allocation
03-10 13:45:51.856 D/dalvikvm( 4691): GC_FOR_ALLOC freed <1K, 3% free 17726K/18184K, paused 10ms, total 10ms
03-10 13:45:51.866 D/dalvikvm( 4691): GC_FOR_ALLOC freed <1K, 3% free 17726K/18184K, paused 13ms, total 13ms
03-10 13:45:51.876 I/dalvikvm-heap( 4691): Grow heap (frag case) to 17.478MB for 147472-byte allocation
03-10 13:45:51.886 D/dalvikvm( 4691): GC_FOR_ALLOC freed 0K, 3% free 17870K/18332K, paused 12ms, total 12ms
03-10 13:45:51.896 D/dalvikvm( 4668): GC_CONCURRENT freed 1784K, 8% free 22691K/24504K, paused 2ms+1ms, total 31ms
03-10 13:45:51.896 D/dalvikvm( 4668): WAIT_FOR_CONCURRENT_GC blocked 13ms
03-10 13:45:51.896 D/dalvikvm( 4691): GC_FOR_ALLOC freed 0K, 3% free 17871K/18332K, paused 13ms, total 13ms
03-10 13:45:51.896 I/dalvikvm-heap( 4691): Grow heap (frag case) to 17.619MB for 147472-byte allocation
03-10 13:45:51.906 D/dalvikvm( 4691): GC_FOR_ALLOC freed 0K, 3% free 18015K/18480K, paused 13ms, total 13ms
03-10 13:45:51.926 D/dalvikvm( 4691): GC_FOR_ALLOC freed 0K, 3% free 18015K/18480K, paused 15ms, total 15ms
03-10 13:45:51.926 I/dalvikvm-heap( 4691): Grow heap (frag case) to 17.759MB for 147472-byte allocation
03-10 13:45:51.936 D/dalvikvm( 4691): GC_FOR_ALLOC freed 0K, 3% free 18159K/18628K, paused 16ms, total 16ms
03-10 13:45:51.956 D/dalvikvm( 4691): GC_FOR_ALLOC freed 0K, 3% free 18159K/18628K, paused 14ms, total 14ms
03-10 13:45:51.956 I/dalvikvm-heap( 4691): Grow heap (frag case) to 17.901MB for 147472-byte allocation
03-10 13:45:51.966 D/dalvikvm( 4691): GC_FOR_ALLOC freed <1K, 3% free 18303K/18776K, paused 9ms, total 9ms
03-10 13:45:51.976 D/dalvikvm( 4691): GC_FOR_ALLOC freed <1K, 3% free 18303K/18776K, paused 11ms, total 11ms
03-10 13:45:51.976 I/dalvikvm-heap( 4691): Grow heap (frag case) to 18.041MB for 147472-byte allocation
03-10 13:45:51.986 D/dalvikvm( 4691): GC_FOR_ALLOC freed 0K, 3% free 18447K/18924K, paused 10ms, total 10ms
03-10 13:45:51.996 D/dalvikvm( 4691): GC_FOR_ALLOC freed <1K, 3% free 18447K/18924K, paused 8ms, total 9ms
03-10 13:45:51.996 I/dalvikvm-heap( 4691): Grow heap (frag case) to 18.182MB for 147472-byte allocation
03-10 13:45:52.006 D/dalvikvm( 4691): GC_FOR_ALLOC freed 0K, 3% free 18591K/19072K, paused 9ms, total 9ms
03-10 13:45:52.016 D/dalvikvm( 4691): GC_FOR_ALLOC freed <1K, 3% free 18735K/19220K, paused 9ms, total 9ms
03-10 13:45:52.026 D/dalvikvm( 4691): GC_FOR_ALLOC freed <1K, 3% free 18879K/19368K, paused 11ms, total 12ms
03-10 13:45:52.036 D/dalvikvm( 4691): GC_FOR_ALLOC freed <1K, 3% free 19024K/19516K, paused 10ms, total 10ms
03-10 13:45:52.056 D/dalvikvm( 4691): GC_FOR_ALLOC freed <1K, 3% free 19312K/19812K, paused 14ms, total 14ms
03-10 13:45:52.066 D/dalvikvm( 4691): GC_FOR_ALLOC freed <1K, 3% free 19600K/20108K, paused 13ms, total 13ms
03-10 13:45:52.076 D/dalvikvm( 4691): GC_FOR_ALLOC freed <1K, 3% free 20033K/20552K, paused 13ms, total 13ms
03-10 13:45:52.096 D/dalvikvm( 4691): GC_FOR_ALLOC freed <1K, 3% free 20609K/21144K, paused 12ms, total 12ms
03-10 13:45:52.106 D/dalvikvm( 4691): GC_FOR_ALLOC freed <1K, 3% free 21330K/21884K, paused 11ms, total 11ms
03-10 13:45:52.186 D/dalvikvm( 4668): GC_CONCURRENT freed 1709K, 8% free 22973K/24712K, paused 1ms+2ms, total 25ms
03-10 13:45:52.186 D/dalvikvm( 4668): WAIT_FOR_CONCURRENT_GC blocked 10ms
03-10 13:45:52.196 D/dalvikvm(  760): GC_CONCURRENT freed 1674K, 7% free 30490K/32588K, paused 2ms+8ms, total 71ms
03-10 13:45:52.196 D/dalvikvm(  760): WAIT_FOR_CONCURRENT_GC blocked 70ms
03-10 13:45:52.376 D/dalvikvm( 4668): GC_CONCURRENT freed 1994K, 9% free 23065K/25088K, paused 1ms+2ms, total 37ms
03-10 13:45:52.376 D/dalvikvm( 4668): WAIT_FOR_CONCURRENT_GC blocked 28ms
03-10 13:45:52.576 D/dalvikvm( 4668): GC_CONCURRENT freed 1999K, 9% free 23184K/25212K, paused 3ms+3ms, total 50ms
03-10 13:45:52.576 D/dalvikvm( 4668): WAIT_FOR_CONCURRENT_GC blocked 34ms
03-10 13:45:52.776 D/dalvikvm( 4668): GC_CONCURRENT freed 1994K, 8% free 23345K/25368K, paused 1ms+1ms, total 33ms
03-10 13:45:52.776 D/dalvikvm( 4668): WAIT_FOR_CONCURRENT_GC blocked 18ms
03-10 13:45:52.966 D/dalvikvm( 4668): GC_CONCURRENT freed 2069K, 9% free 23486K/25584K, paused 2ms+1ms, total 31ms
03-10 13:45:52.966 D/dalvikvm( 4668): WAIT_FOR_CONCURRENT_GC blocked 18ms
03-10 13:45:53.156 D/dalvikvm( 4668): GC_CONCURRENT freed 2147K, 9% free 23596K/25772K, paused 2ms+1ms, total 30ms
03-10 13:45:53.156 D/dalvikvm( 4668): WAIT_FOR_CONCURRENT_GC blocked 17ms
03-10 13:45:53.366 D/dalvikvm( 4668): GC_CONCURRENT freed 2166K, 9% free 23703K/25900K, paused 2ms+2ms, total 35ms
03-10 13:45:53.456 I/ActivityManager(  760): START u0 {act=com.android.helloworldlein.MAIN cmp=com.android.helloworldlein/.HelloWorld} from pid 4668
03-10 13:45:53.546 D/dalvikvm( 4668): GC_FOR_ALLOC freed 899K, 9% free 23871K/25984K, paused 24ms, total 24ms
03-10 13:45:53.576 I/ActivityManager(  760): Displayed com.android.helloworldlein/.HelloWorld: +101ms
03-10 13:45:55.356 V/QcrilMsgTunnelSocket( 1989): After reading offset = 0 remaining = 4 countRead = 4
03-10 13:45:55.356 D/QcrilMsgTunnelSocket( 1989): messageLength extracted from first 4 inputStream reads = 29
03-10 13:45:55.356 V/QcrilMsgTunnelSocket( 1989): offset = 0 remaining = 29 countRead = 0
03-10 13:45:55.356 V/QcrilMsgTunnelSocket( 1989): offset = 0 remaining = 29 countRead = 29
03-10 13:45:55.356 D/QcrilMsgTunnelSocket( 1989): readRilMessage: Buffer = [B@42624370 HexData = [0100000004040000110000005155414c434f4d4def0308000100000002]
03-10 13:45:55.356 V/QcrilMsgTunnelSocket( 1989): Read packet: 29 bytes. Data Available = 32 Position = 0
03-10 13:45:55.356 D/QcrilMsgTunnelSocket( 1989): processResponse. message type = 1. Data Available = 28
03-10 13:45:55.356 D/QcrilMsgTunnelSocket( 1989): ByteArray from parcel = 5155414c434f4d4def0308000100000002
03-10 13:45:55.356 D/QcrilMsgTunnelSocket( 1989): Received RIL_UNSOL_OEM_HOOK_RAW message
03-10 13:45:55.356 D/QcrilMsgTunnelSocket( 1989): Oem ID in RIL_UNSOL_OEM_HOOK_RAW is QUALCOMM
03-10 13:45:55.356 D/QcrilMsgTunnelSocket( 1989): OEM ID check Passed
03-10 13:45:55.356 D/QcrilMsgTunnelSocket( 1989): Response ID in RIL_UNSOL_OEM_HOOK_RAW is 525295
03-10 13:45:55.356 D/QcrilMsgTunnelSocket( 1989): Response ID 525295is not served in this process.
03-10 13:45:55.356 D/QcrilMsgTunnelSocket( 1989): To broadcast an Intent via the notifier to external apps
03-10 13:45:55.356 D/QcrilMsgTunnelIfaceManager( 1989): handleMessage what=0
03-10 13:45:55.356 D/QcrilMsgTunnelIfaceManager( 1989): Broadcasting intent ACTION_UNSOL_RESPONSE_OEM_HOOK_RAW
03-10 13:45:55.366 V/QcrilMsgTunnelSocket( 1989): Before reading offset = 0 remaining = 4 countRead = 0
03-10 13:45:55.386 D/AlarmManagerService(  760): Kernel timezone updated to -120 minutes west of GMT
03-10 13:45:55.406 D/MobileDataStateTracker(  760): default: Broadcast received: android.intent.action.ANY_DATA_STATE apnType=default
03-10 13:45:55.406 D/MobileDataStateTracker(  760): default: Received state=CONNECTED, old=CONNECTED, reason=(unspecified)
03-10 13:45:55.496 V/QcrilMsgTunnelSocket( 1989): After reading offset = 0 remaining = 4 countRead = 4
03-10 13:45:55.496 D/QcrilMsgTunnelSocket( 1989): messageLength extracted from first 4 inputStream reads = 29
03-10 13:45:55.496 V/QcrilMsgTunnelSocket( 1989): offset = 0 remaining = 29 countRead = 0
03-10 13:45:55.496 V/QcrilMsgTunnelSocket( 1989): offset = 0 remaining = 29 countRead = 29
03-10 13:45:55.496 D/QcrilMsgTunnelSocket( 1989): readRilMessage: Buffer = [B@42624370 HexData = [0100000004040000110000005155414c434f4d4def0308000100000002]
03-10 13:45:55.496 V/QcrilMsgTunnelSocket( 1989): Read packet: 29 bytes. Data Available = 32 Position = 0
03-10 13:45:55.496 D/QcrilMsgTunnelSocket( 1989): processResponse. message type = 1. Data Available = 28
03-10 13:45:55.496 D/QcrilMsgTunnelSocket( 1989): ByteArray from parcel = 5155414c434f4d4def0308000100000002
03-10 13:45:55.496 D/QcrilMsgTunnelSocket( 1989): Received RIL_UNSOL_OEM_HOOK_RAW message
03-10 13:45:55.496 D/QcrilMsgTunnelSocket( 1989): Oem ID in RIL_UNSOL_OEM_HOOK_RAW is QUALCOMM
03-10 13:45:55.496 D/QcrilMsgTunnelSocket( 1989): OEM ID check Passed
03-10 13:45:55.496 D/QcrilMsgTunnelSocket( 1989): Response ID in RIL_UNSOL_OEM_HOOK_RAW is 525295
03-10 13:45:55.496 D/QcrilMsgTunnelSocket( 1989): Response ID 525295is not served in this process.
03-10 13:45:55.496 D/QcrilMsgTunnelSocket( 1989): To broadcast an Intent via the notifier to external apps
03-10 13:45:55.496 V/QcrilMsgTunnelSocket( 1989): Before reading offset = 0 remaining = 4 countRead = 0
03-10 13:45:55.496 D/QcrilMsgTunnelIfaceManager( 1989): handleMessage what=0
03-10 13:45:55.496 D/QcrilMsgTunnelIfaceManager( 1989): Broadcasting intent ACTION_UNSOL_RESPONSE_OEM_HOOK_RAW
03-10 13:45:55.926 V/QcrilMsgTunnelSocket( 1989): After reading offset = 0 remaining = 4 countRead = 4
03-10 13:45:55.926 D/QcrilMsgTunnelSocket( 1989): messageLength extracted from first 4 inputStream reads = 29
03-10 13:45:55.926 V/QcrilMsgTunnelSocket( 1989): offset = 0 remaining = 29 countRead = 0
03-10 13:45:55.926 V/QcrilMsgTunnelSocket( 1989): offset = 0 remaining = 29 countRead = 29
03-10 13:45:55.926 D/QcrilMsgTunnelSocket( 1989): readRilMessage: Buffer = [B@42624370 HexData = [0100000004040000110000005155414c434f4d4def0308000100000002]
03-10 13:45:55.926 V/QcrilMsgTunnelSocket( 1989): Read packet: 29 bytes. Data Available = 32 Position = 0
03-10 13:45:55.926 D/QcrilMsgTunnelSocket( 1989): processResponse. message type = 1. Data Available = 28
03-10 13:45:55.926 D/QcrilMsgTunnelSocket( 1989): ByteArray from parcel = 5155414c434f4d4def0308000100000002
03-10 13:45:55.926 D/QcrilMsgTunnelSocket( 1989): Received RIL_UNSOL_OEM_HOOK_RAW message
03-10 13:45:55.926 D/QcrilMsgTunnelSocket( 1989): Oem ID in RIL_UNSOL_OEM_HOOK_RAW is QUALCOMM
03-10 13:45:55.926 D/QcrilMsgTunnelSocket( 1989): OEM ID check Passed
03-10 13:45:55.926 D/QcrilMsgTunnelSocket( 1989): Response ID in RIL_UNSOL_OEM_HOOK_RAW is 525295
03-10 13:45:55.926 D/QcrilMsgTunnelSocket( 1989): Response ID 525295is not served in this process.
03-10 13:45:55.926 D/QcrilMsgTunnelSocket( 1989): To broadcast an Intent via the notifier to external apps
03-10 13:45:55.926 V/QcrilMsgTunnelSocket( 1989): Before reading offset = 0 remaining = 4 countRead = 0
03-10 13:45:55.966 D/QcrilMsgTunnelIfaceManager( 1989): handleMessage what=0
03-10 13:45:55.966 D/QcrilMsgTunnelIfaceManager( 1989): Broadcasting intent ACTION_UNSOL_RESPONSE_OEM_HOOK_RAW
03-10 13:45:55.986 D/dalvikvm(  990): GC_CONCURRENT freed 434K, 3% free 17391K/17856K, paused 3ms+2ms, total 57ms
03-10 13:45:59.437 V/QcrilMsgTunnelSocket( 1989): After reading offset = 0 remaining = 4 countRead = 4
03-10 13:45:59.437 D/QcrilMsgTunnelSocket( 1989): messageLength extracted from first 4 inputStream reads = 29
03-10 13:45:59.437 V/QcrilMsgTunnelSocket( 1989): offset = 0 remaining = 29 countRead = 0
03-10 13:45:59.456 V/QcrilMsgTunnelSocket( 1989): offset = 0 remaining = 29 countRead = 29
03-10 13:45:59.456 D/QcrilMsgTunnelSocket( 1989): readRilMessage: Buffer = [B@42624370 HexData = [0100000004040000110000005155414c434f4d4def0308000100000003]
03-10 13:45:59.456 V/QcrilMsgTunnelSocket( 1989): Read packet: 29 bytes. Data Available = 32 Position = 0
03-10 13:45:59.456 D/QcrilMsgTunnelSocket( 1989): processResponse. message type = 1. Data Available = 28
03-10 13:45:59.456 D/QcrilMsgTunnelSocket( 1989): ByteArray from parcel = 5155414c434f4d4def0308000100000003
03-10 13:45:59.456 D/QcrilMsgTunnelSocket( 1989): Received RIL_UNSOL_OEM_HOOK_RAW message
03-10 13:45:59.456 D/QcrilMsgTunnelSocket( 1989): Oem ID in RIL_UNSOL_OEM_HOOK_RAW is QUALCOMM
03-10 13:45:59.456 D/QcrilMsgTunnelSocket( 1989): OEM ID check Passed
03-10 13:45:59.456 D/QcrilMsgTunnelSocket( 1989): Response ID in RIL_UNSOL_OEM_HOOK_RAW is 525295
03-10 13:45:59.466 D/QcrilMsgTunnelSocket( 1989): Response ID 525295is not served in this process.
03-10 13:45:59.466 D/QcrilMsgTunnelSocket( 1989): To broadcast an Intent via the notifier to external apps
03-10 13:45:59.466 V/QcrilMsgTunnelSocket( 1989): Before reading offset = 0 remaining = 4 countRead = 0
03-10 13:45:59.466 D/QcrilMsgTunnelIfaceManager( 1989): handleMessage what=0
03-10 13:45:59.466 D/QcrilMsgTunnelIfaceManager( 1989): Broadcasting intent ACTION_UNSOL_RESPONSE_OEM_HOOK_RAW
03-10 13:46:10.896 D/AndroidRuntime( 4781): 
03-10 13:46:10.896 D/AndroidRuntime( 4781): >>>>>> AndroidRuntime START com.android.internal.os.RuntimeInit <<<<<<
03-10 13:46:10.896 D/AndroidRuntime( 4781): CheckJNI is OFF
03-10 13:46:10.906 D/dalvikvm( 4781): Trying to load lib libjavacore.so 0x0
03-10 13:46:10.906 D/dalvikvm( 4781): Added shared lib libjavacore.so 0x0
03-10 13:46:10.906 D/dalvikvm( 4781): Trying to load lib libnativehelper.so 0x0
03-10 13:46:10.906 D/dalvikvm( 4781): Added shared lib libnativehelper.so 0x0
03-10 13:46:10.906 D/dalvikvm( 4781): No JNI_OnLoad found in libnativehelper.so 0x0, skipping init
03-10 13:46:10.926 D/dalvikvm( 4781): Note: class Landroid/app/ActivityManagerNative; has 179 unimplemented (abstract) methods
03-10 13:46:11.046 D/AndroidRuntime( 4781): Calling main entry com.android.commands.am.Am
03-10 13:46:11.056 I/ActivityManager(  760): Force stopping com.android.helloworldlein appid=10014 user=0: from pid 4781
03-10 13:46:11.056 I/ActivityManager(  760): Killing 4668:com.android.helloworldlein/u0a14 (adj 0): stop com.android.helloworldlein
03-10 13:46:11.056 W/ActivityManager(  760): Force removing ActivityRecord{42cb1008 u0 com.android.helloworldlein/.HelloWorld t4}: app died, no saved state
03-10 13:46:11.066 W/InputDispatcher(  760): channel '42ca63a0 com.android.helloworldlein/com.android.helloworldlein.HelloWorld (server)' ~ Consumer closed input channel or an error occurred.  events=0x9
03-10 13:46:11.066 E/InputDispatcher(  760): channel '42ca63a0 com.android.helloworldlein/com.android.helloworldlein.HelloWorld (server)' ~ Channel is unrecoverably broken and will be disposed!
03-10 13:46:11.066 W/InputDispatcher(  760): Attempted to unregister already unregistered input channel '42ca63a0 com.android.helloworldlein/com.android.helloworldlein.HelloWorld (server)'
03-10 13:46:11.066 D/AndroidRuntime( 4781): Shutting down VM
03-10 13:46:11.066 W/WindowManager(  760): Rebuild removed 2 windows but added 1
03-10 13:46:11.066 W/WindowManager(  760): java.lang.RuntimeException: here
03-10 13:46:11.066 W/WindowManager(  760): 	at com.android.server.wm.WindowManagerService.rebuildAppWindowListLocked(WindowManagerService.java:8011)
03-10 13:46:11.066 W/WindowManager(  760): 	at com.android.server.wm.WindowManagerService.rebuildAppWindowListLocked(WindowManagerService.java:7947)
03-10 13:46:11.066 W/WindowManager(  760): 	at com.android.server.wm.WindowManagerService.handleAppTransitionReadyLocked(WindowManagerService.java:8430)
03-10 13:46:11.066 W/WindowManager(  760): 	at com.android.server.wm.WindowManagerService.performLayoutAndPlaceSurfacesLockedInner(WindowManagerService.java:9193)
03-10 13:46:11.066 W/WindowManager(  760): 	at com.android.server.wm.WindowManagerService.performLayoutAndPlaceSurfacesLockedLoop(WindowManagerService.java:8163)
03-10 13:46:11.066 W/WindowManager(  760): 	at com.android.server.wm.WindowManagerService.performLayoutAndPlaceSurfacesLocked(WindowManagerService.java:8105)
03-10 13:46:11.066 W/WindowManager(  760): 	at com.android.server.wm.WindowManagerService.executeAppTransition(WindowManagerService.java:3918)
03-10 13:46:11.066 W/WindowManager(  760): 	at com.android.server.am.ActivityStackSupervisor.reportResumedActivityLocked(ActivityStackSupervisor.java:2241)
03-10 13:46:11.066 W/WindowManager(  760): 	at com.android.server.am.ActivityStack.completeResumeLocked(ActivityStack.java:968)
03-10 13:46:11.066 W/WindowManager(  760): 	at com.android.server.am.ActivityStack.resumeTopActivityLocked(ActivityStack.java:1631)
03-10 13:46:11.066 W/WindowManager(  760): 	at com.android.server.am.ActivityStackSupervisor.resumeTopActivitiesLocked(ActivityStackSupervisor.java:2022)
03-10 13:46:11.066 W/WindowManager(  760): 	at com.android.server.am.ActivityStackSupervisor.resumeTopActivitiesLocked(ActivityStackSupervisor.java:2009)
03-10 13:46:11.066 W/WindowManager(  760): 	at com.android.server.am.ActivityManagerService.forceStopPackageLocked(ActivityManagerService.java:4750)
03-10 13:46:11.066 W/WindowManager(  760): 	at com.android.server.am.ActivityManagerService.forceStopPackageLocked(ActivityManagerService.java:4496)
03-10 13:46:11.066 W/WindowManager(  760): 	at com.android.server.am.ActivityManagerService.forceStopPackage(ActivityManagerService.java:4327)
03-10 13:46:11.066 W/WindowManager(  760): 	at android.app.ActivityManagerNative.onTransact(ActivityManagerNative.java:1365)
03-10 13:46:11.066 W/WindowManager(  760): 	at com.android.server.am.ActivityManagerService.onTransact(ActivityManagerService.java:2071)
03-10 13:46:11.066 W/WindowManager(  760): 	at android.os.Binder.execTransact(Binder.java:404)
03-10 13:46:11.066 W/WindowManager(  760): 	at dalvik.system.NativeStart.run(Native Method)
03-10 13:46:11.066 W/WindowManager(  760): This window was lost: Window{42ca63a0 u0 com.android.helloworldlein/com.android.helloworldlein.HelloWorld}
03-10 13:46:11.066 W/WindowManager(  760): mDisplayId=0 mSession=Session{430495f0 4668:u0a10014} mClient=android.os.BinderProxy@42fd54f8
03-10 13:46:11.066 W/WindowManager(  760): mOwnerUid=10014 mShowToOwnerOnly=true package=com.android.helloworldlein appop=NONE
03-10 13:46:11.066 W/WindowManager(  760): mAttrs=WM.LayoutParams{(0,0)(fillxfill) sim=#120 ty=1 fl=#1810100 pfl=0x8 wanim=0x10302f5}
03-10 13:46:11.066 W/WindowManager(  760): Requested w=1080 h=1776 mLayoutSeq=110
03-10 13:46:11.066 W/WindowManager(  760): mBaseLayer=21000 mSubLayer=0 mAnimLayer=21005+0=21005 mLastLayer=0
03-10 13:46:11.066 W/WindowManager(  760): mToken=AppWindowToken{430e7cc0 token=Token{42db7370 ActivityRecord{42cb1008 u0 com.android.helloworldlein/.HelloWorld t4}}}
03-10 13:46:11.066 W/WindowManager(  760): mRootToken=AppWindowToken{430e7cc0 token=Token{42db7370 ActivityRecord{42cb1008 u0 com.android.helloworldlein/.HelloWorld t4}}}
03-10 13:46:11.066 W/WindowManager(  760): mAppToken=AppWindowToken{430e7cc0 token=Token{42db7370 ActivityRecord{42cb1008 u0 com.android.helloworldlein/.HelloWorld t4}}}
03-10 13:46:11.066 W/WindowManager(  760): mViewVisibility=0x0 mHaveFrame=true mObscured=true
03-10 13:46:11.066 W/WindowManager(  760): mSeq=0 mSystemUiVisibility=0x0
03-10 13:46:11.066 W/WindowManager(  760): mPolicyVisibility=false mPolicyVisibilityAfterAnim=false mAppOpVisibility=true mAttachedHidden=false
03-10 13:46:11.066 W/WindowManager(  760): mGivenContentInsets=[0,0][0,0] mGivenVisibleInsets=[0,0][0,0]
03-10 13:46:11.066 W/WindowManager(  760): mConfiguration={1.0 244mcc21mnc en_IN ldltr sw360dp w360dp h567dp 480dpi nrml port finger -keyb/v/h -nav/h s.5}
03-10 13:46:11.066 W/WindowManager(  760): mHasSurface=true mShownFrame=[0.0,0.0][1080.0,1776.0] isReadyForDisplay()=false
03-10 13:46:11.066 W/WindowManager(  760): mFrame=[0,0][1080,1776] last=[0,0][1080,1776]
03-10 13:46:11.066 W/WindowManager(  760): mSystemDecorRect=[0,0][1080,1776] last=[0,0][1080,1776]
03-10 13:46:11.066 W/WindowManager(  760): Frames: containing=[0,0][1080,1776] parent=[0,0][1080,1776]
03-10 13:46:11.066 W/WindowManager(  760):     display=[0,0][1080,1776] overscan=[0,0][1080,1920]
03-10 13:46:11.066 W/WindowManager(  760):     content=[0,75][1080,1776] visible=[0,75][1080,1776]
03-10 13:46:11.066 W/WindowManager(  760):     decor=[0,0][1080,1920]
03-10 13:46:11.066 W/WindowManager(  760): Cur insets: overscan=[0,0][0,0] content=[0,75][0,0] visible=[0,75][0,0]
03-10 13:46:11.066 W/WindowManager(  760): Lst insets: overscan=[0,0][0,0] content=[0,75][0,0] visible=[0,75][0,0]
03-10 13:46:11.066 W/WindowManager(  760): WindowStateAnimator{430ce4e8 com.android.helloworldlein/com.android.helloworldlein.HelloWorld}:
03-10 13:46:11.066 W/WindowManager(  760):   mSurface=Surface(name=com.android.helloworldlein/com.android.helloworldlein.HelloWorld)
03-10 13:46:11.066 W/WindowManager(  760):   mDrawState=HAS_DRAWN mLastHidden=true
03-10 13:46:11.066 W/WindowManager(  760):   Surface: shown=false layer=21010 alpha=0.0 rect=(0.0,0.0) 1080.0 x 1776.0
03-10 13:46:11.066 W/WindowManager(  760):   mShownAlpha=1.0 mAlpha=1.0 mLastAlpha=-1.0
03-10 13:46:11.066 W/WindowManager(  760): Current app token list:
03-10 13:46:11.066 V/WindowManager(  760):   Display 0
03-10 13:46:11.066 V/WindowManager(  760):   #0: Token{42e5b160 ActivityRecord{42e5aee8 u0 com.google.android.googlequicksearchbox/com.google.android.launcher.GEL t1}}
03-10 13:46:11.066 W/WindowManager(  760): Final window list:
03-10 13:46:11.066 V/WindowManager(  760):   #0: Window{430b10b0 u0 SearchPanel}
03-10 13:46:11.066 V/WindowManager(  760):   #1: Window{42e61c60 u0 NavigationBar}
03-10 13:46:11.066 V/WindowManager(  760):   #2: Window{42c76ab8 u0 StatusBar}
03-10 13:46:11.066 V/WindowManager(  760):   #3: Window{42cb9648 u0 Keyguard}
03-10 13:46:11.066 V/WindowManager(  760):   #4: Window{42d62440 u0 KeyguardScrim}
03-10 13:46:11.066 V/WindowManager(  760):   #5: Window{430c8650 u0 com.google.android.googlequicksearchbox/com.google.android.launcher.GEL}
03-10 13:46:11.066 V/WindowManager(  760):   #6: Window{42eab8f8 u0 com.android.systemui.ImageWallpaper}
03-10 13:46:11.066 I/WindowState(  760): WIN DEATH: Window{42ca63a0 u0 com.android.helloworldlein/com.android.helloworldlein.HelloWorld}
03-10 13:46:11.076 D/dalvikvm( 4781): GC_CONCURRENT freed 93K, 15% free 553K/648K, paused 0ms+1ms, total 2ms
03-10 13:46:12.546 D/AndroidRuntime( 4803): 
03-10 13:46:12.546 D/AndroidRuntime( 4803): >>>>>> AndroidRuntime START com.android.internal.os.RuntimeInit <<<<<<
03-10 13:46:12.546 D/AndroidRuntime( 4803): CheckJNI is OFF
03-10 13:46:12.556 D/dalvikvm( 4803): Trying to load lib libjavacore.so 0x0
03-10 13:46:12.566 D/dalvikvm( 4803): Added shared lib libjavacore.so 0x0
03-10 13:46:12.566 D/dalvikvm( 4803): Trying to load lib libnativehelper.so 0x0
03-10 13:46:12.566 D/dalvikvm( 4803): Added shared lib libnativehelper.so 0x0
03-10 13:46:12.566 D/dalvikvm( 4803): No JNI_OnLoad found in libnativehelper.so 0x0, skipping init
03-10 13:46:12.586 D/dalvikvm( 4803): Note: class Landroid/app/ActivityManagerNative; has 179 unimplemented (abstract) methods
03-10 13:46:12.716 D/AndroidRuntime( 4803): Calling main entry com.android.commands.am.Am
03-10 13:46:12.736 I/ActivityManager(  760): START u0 {flg=0x10000000 cmp=com.android.helloworldlein/.SplashActivity} from pid 4803
03-10 13:46:13.036 D/AndroidRuntime( 4803): Shutting down VM
03-10 13:46:13.036 I/WindowManager(  760): Screenshot max retries 4 of Token{42e5b160 ActivityRecord{42e5aee8 u0 com.google.android.googlequicksearchbox/com.google.android.launcher.GEL t1}} appWin=Window{430c8650 u0 com.google.android.googlequicksearchbox/com.google.android.launcher.GEL} drawState=4
03-10 13:46:13.036 W/WindowManager(  760): Screenshot failure taking screenshot for (1080x1920) to layer 21000
03-10 13:46:13.046 D/dalvikvm( 4803): GC_CONCURRENT freed 95K, 15% free 586K/684K, paused 0ms+0ms, total 2ms
03-10 13:46:13.046 I/ActivityManager(  760): Start proc com.android.helloworldlein for activity com.android.helloworldlein/.SplashActivity: pid=4821 uid=10014 gids={50014}
03-10 13:46:13.086 D/dalvikvm( 4821): GC_FOR_ALLOC freed 36K, 1% free 16764K/16832K, paused 9ms, total 10ms
03-10 13:46:13.086 I/dalvikvm-heap( 4821): Grow heap (frag case) to 17.770MB for 1440016-byte allocation
03-10 13:46:13.096 D/dalvikvm( 4821): GC_FOR_ALLOC freed <1K, 1% free 18170K/18240K, paused 8ms, total 8ms
03-10 13:46:13.106 D/dalvikvm( 4821): GC_CONCURRENT freed 0K, 1% free 18170K/18240K, paused 2ms+0ms, total 8ms
03-10 13:46:13.126 D/dalvikvm( 4821): GC_FOR_ALLOC freed <1K, 1% free 18171K/18240K, paused 11ms, total 11ms
03-10 13:46:13.126 I/dalvikvm-heap( 4821): Grow heap (frag case) to 19.145MB for 1440016-byte allocation
03-10 13:46:13.136 D/dalvikvm( 4821): GC_FOR_ALLOC freed <1K, 1% free 19577K/19648K, paused 7ms, total 7ms
03-10 13:46:13.146 D/dalvikvm( 4821): GC_CONCURRENT freed 0K, 1% free 19577K/19648K, paused 2ms+1ms, total 8ms
03-10 13:46:13.176 D/dalvikvm( 4821): GC_FOR_ALLOC freed <1K, 1% free 19579K/19648K, paused 11ms, total 11ms
03-10 13:46:13.176 I/dalvikvm-heap( 4821): Grow heap (frag case) to 20.520MB for 1440016-byte allocation
03-10 13:46:13.186 D/dalvikvm( 4821): GC_FOR_ALLOC freed 0K, 1% free 20985K/21056K, paused 8ms, total 8ms
03-10 13:46:13.196 D/dalvikvm( 4821): GC_CONCURRENT freed 0K, 1% free 20985K/21056K, paused 2ms+0ms, total 8ms
03-10 13:46:13.256 I/Adreno-EGL( 4821): <qeglDrvAPI_eglInitialize:320>: EGL 1.4 QUALCOMM Build: I0404c4692afb8623f95c43aeb6d5e13ed4b30ddbDate: 11/06/13
03-10 13:46:13.276 D/OpenGLRenderer( 4821): Enabling debug mode 0
03-10 13:46:13.346 I/ActivityManager(  760): Displayed com.android.helloworldlein/.SplashActivity: +305ms
03-10 13:46:13.476 D/dalvikvm( 4821): GC_CONCURRENT freed 633K, 3% free 21699K/22364K, paused 3ms+1ms, total 15ms
03-10 13:46:13.796 V/QcrilMsgTunnelSocket( 1989): After reading offset = 0 remaining = 4 countRead = 4
03-10 13:46:13.796 D/QcrilMsgTunnelSocket( 1989): messageLength extracted from first 4 inputStream reads = 29
03-10 13:46:13.796 V/QcrilMsgTunnelSocket( 1989): offset = 0 remaining = 29 countRead = 0
03-10 13:46:13.796 V/QcrilMsgTunnelSocket( 1989): offset = 0 remaining = 29 countRead = 29
03-10 13:46:13.796 D/QcrilMsgTunnelSocket( 1989): readRilMessage: Buffer = [B@42624370 HexData = [0100000004040000110000005155414c434f4d4def0308000100000001]
03-10 13:46:13.796 V/QcrilMsgTunnelSocket( 1989): Read packet: 29 bytes. Data Available = 32 Position = 0
03-10 13:46:13.796 D/QcrilMsgTunnelSocket( 1989): processResponse. message type = 1. Data Available = 28
03-10 13:46:13.796 D/QcrilMsgTunnelSocket( 1989): ByteArray from parcel = 5155414c434f4d4def0308000100000001
03-10 13:46:13.796 D/QcrilMsgTunnelSocket( 1989): Received RIL_UNSOL_OEM_HOOK_RAW message
03-10 13:46:13.796 D/QcrilMsgTunnelSocket( 1989): Oem ID in RIL_UNSOL_OEM_HOOK_RAW is QUALCOMM
03-10 13:46:13.796 D/QcrilMsgTunnelSocket( 1989): OEM ID check Passed
03-10 13:46:13.796 D/QcrilMsgTunnelSocket( 1989): Response ID in RIL_UNSOL_OEM_HOOK_RAW is 525295
03-10 13:46:13.796 D/QcrilMsgTunnelSocket( 1989): Response ID 525295is not served in this process.
03-10 13:46:13.796 D/QcrilMsgTunnelSocket( 1989): To broadcast an Intent via the notifier to external apps
03-10 13:46:13.796 V/QcrilMsgTunnelSocket( 1989): Before reading offset = 0 remaining = 4 countRead = 0
03-10 13:46:13.796 V/QcrilMsgTunnelSocket( 1989): After reading offset = 0 remaining = 4 countRead = 4
03-10 13:46:13.796 D/QcrilMsgTunnelSocket( 1989): messageLength extracted from first 4 inputStream reads = 29
03-10 13:46:13.796 V/QcrilMsgTunnelSocket( 1989): offset = 0 remaining = 29 countRead = 0
03-10 13:46:13.796 D/QcrilMsgTunnelIfaceManager( 1989): handleMessage what=0
03-10 13:46:13.796 D/QcrilMsgTunnelIfaceManager( 1989): Broadcasting intent ACTION_UNSOL_RESPONSE_OEM_HOOK_RAW
03-10 13:46:13.796 V/QcrilMsgTunnelSocket( 1989): offset = 0 remaining = 29 countRead = 29
03-10 13:46:13.796 D/QcrilMsgTunnelSocket( 1989): readRilMessage: Buffer = [B@42624370 HexData = [0100000004040000110000005155414c434f4d4def0308000100000001]
03-10 13:46:13.796 V/QcrilMsgTunnelSocket( 1989): Read packet: 29 bytes. Data Available = 32 Position = 0
03-10 13:46:13.816 D/QcrilMsgTunnelSocket( 1989): processResponse. message type = 1. Data Available = 28
03-10 13:46:13.816 D/QcrilMsgTunnelSocket( 1989): ByteArray from parcel = 5155414c434f4d4def0308000100000001
03-10 13:46:13.816 D/QcrilMsgTunnelSocket( 1989): Received RIL_UNSOL_OEM_HOOK_RAW message
03-10 13:46:13.816 D/QcrilMsgTunnelSocket( 1989): Oem ID in RIL_UNSOL_OEM_HOOK_RAW is QUALCOMM
03-10 13:46:13.816 D/QcrilMsgTunnelSocket( 1989): OEM ID check Passed
03-10 13:46:13.816 D/QcrilMsgTunnelSocket( 1989): Response ID in RIL_UNSOL_OEM_HOOK_RAW is 525295
