03-10 13:45:19.376 D/QcrilMsgTunnelSocket( 1989): readRilMessage: Buffer = [B@42624370 HexData = [0100000004040000110000005155414c434f4d4def0308000100000002]
03-10 13:45:19.386 V/QcrilMsgTunnelSocket( 1989): Read packet: 29 bytes. Data Available = 32 Position = 0
03-10 13:45:19.386 D/QcrilMsgTunnelSocket( 1989): processResponse. message type = 1. Data Available = 28
03-10 13:45:19.386 D/QcrilMsgTunnelSocket( 1989): ByteArray from parcel = 5155414c434f4d4def0308000100000002
03-10 13:45:19.386 D/QcrilMsgTunnelSocket( 1989): Received RIL_UNSOL_OEM_HOOK_RAW message
03-10 13:45:19.386 D/QcrilMsgTunnelSocket( 1989): Oem ID in RIL_UNSOL_OEM_HOOK_RAW is QUALCOMM
03-10 13:45:19.386 D/QcrilMsgTunnelSocket( 1989): OEM ID check Passed
03-10 13:45:19.386 D/QcrilMsgTunnelSocket( 1989): Response ID in RIL_UNSOL_OEM_HOOK_RAW is 525295
03-10 13:45:19.386 D/QcrilMsgTunnelSocket( 1989): Response ID 525295is not served in this process.
03-10 13:45:19.386 D/QcrilMsgTunnelSocket( 1989): To broadcast an Intent via the notifier to external apps
03-10 13:45:19.386 D/QcrilMsgTunnelIfaceManager( 1989): handleMessage what=0
03-10 13:45:19.386 D/QcrilMsgTunnelIfaceManager( 1989): Broadcasting intent ACTION_UNSOL_RESPONSE_OEM_HOOK_RAW
03-10 13:45:19.386 V/QcrilMsgTunnelSocket( 1989): Before reading offset = 0 remaining = 4 countRead = 0
03-10 13:45:25.406 V/QcrilMsgTunnelSocket( 1989): After reading offset = 0 remaining = 4 countRead = 4
03-10 13:45:25.406 D/QcrilMsgTunnelSocket( 1989): messageLength extracted from first 4 inputStream reads = 29
03-10 13:45:25.406 V/QcrilMsgTunnelSocket( 1989): offset = 0 remaining = 29 countRead = 0
03-10 13:45:25.416 V/QcrilMsgTunnelSocket( 1989): offset = 0 remaining = 29 countRead = 29
03-10 13:45:25.416 D/QcrilMsgTunnelSocket( 1989): readRilMessage: Buffer = [B@42624370 HexData = [0100000004040000110000005155414c434f4d4def0308000100000002]
03-10 13:45:25.416 V/QcrilMsgTunnelSocket( 1989): Read packet: 29 bytes. Data Available = 32 Position = 0
03-10 13:45:25.416 D/QcrilMsgTunnelSocket( 1989): processResponse. message type = 1. Data Available = 28
03-10 13:45:25.416 D/QcrilMsgTunnelSocket( 1989): ByteArray from parcel = 5155414c434f4d4def0308000100000002
03-10 13:45:25.416 D/QcrilMsgTunnelSocket( 1989): Received RIL_UNSOL_OEM_HOOK_RAW message
03-10 13:45:25.416 D/QcrilMsgTunnelSocket( 1989): Oem ID in RIL_UNSOL_OEM_HOOK_RAW is QUALCOMM
03-10 13:45:25.416 D/QcrilMsgTunnelSocket( 1989): OEM ID check Passed
03-10 13:45:25.416 D/QcrilMsgTunnelSocket( 1989): Response ID in RIL_UNSOL_OEM_HOOK_RAW is 525295
03-10 13:45:25.416 D/QcrilMsgTunnelSocket( 1989): Response ID 525295is not served in this process.
03-10 13:45:25.416 D/QcrilMsgTunnelSocket( 1989): To broadcast an Intent via the notifier to external apps
03-10 13:45:25.416 V/QcrilMsgTunnelSocket( 1989): Before reading offset = 0 remaining = 4 countRead = 0
03-10 13:45:25.416 D/QcrilMsgTunnelIfaceManager( 1989): handleMessage what=0
03-10 13:45:25.416 D/QcrilMsgTunnelIfaceManager( 1989): Broadcasting intent ACTION_UNSOL_RESPONSE_OEM_HOOK_RAW
03-10 13:45:25.416 D/AlarmManagerService(  760): Kernel timezone updated to -120 minutes west of GMT
03-10 13:45:25.426 D/MobileDataStateTracker(  760): default: Broadcast received: android.intent.action.ANY_DATA_STATE apnType=default
03-10 13:45:25.436 D/MobileDataStateTracker(  760): default: Received state=CONNECTING, old=CONNECTING, reason=(unspecified)
03-10 13:45:25.726 D/AndroidRuntime( 4157): 
03-10 13:45:25.726 D/AndroidRuntime( 4157): >>>>>> AndroidRuntime START com.android.internal.os.RuntimeInit <<<<<<
03-10 13:45:25.726 D/AndroidRuntime( 4157): CheckJNI is OFF
03-10 13:45:25.736 D/dalvikvm( 4157): Trying to load lib libjavacore.so 0x0
03-10 13:45:25.736 D/dalvikvm( 4157): Added shared lib libjavacore.so 0x0
03-10 13:45:25.746 D/dalvikvm( 4157): Trying to load lib libnativehelper.so 0x0
03-10 13:45:25.746 D/dalvikvm( 4157): Added shared lib libnativehelper.so 0x0
03-10 13:45:25.746 D/dalvikvm( 4157): No JNI_OnLoad found in libnativehelper.so 0x0, skipping init
03-10 13:45:25.766 D/dalvikvm( 4157): Note: class Landroid/app/ActivityManagerNative; has 179 unimplemented (abstract) methods
03-10 13:45:25.886 D/AndroidRuntime( 4157): Calling main entry com.android.commands.am.Am
03-10 13:45:25.886 I/ActivityManager(  760): Force stopping com.android.helloworldlein appid=10014 user=0: from pid 4157
03-10 13:45:25.886 I/ActivityManager(  760): Killing 4059:com.android.helloworldlein/u0a14 (adj 0): stop com.android.helloworldlein
03-10 13:45:25.886 W/ActivityManager(  760): Force removing ActivityRecord{42d53700 u0 com.android.helloworldlein/.HelloWorld t2}: app died, no saved state
03-10 13:45:25.906 W/WindowManager(  760): Rebuild removed 2 windows but added 1
03-10 13:45:25.906 W/WindowManager(  760): java.lang.RuntimeException: here
03-10 13:45:25.906 W/WindowManager(  760): 	at com.android.server.wm.WindowManagerService.rebuildAppWindowListLocked(WindowManagerService.java:8011)
03-10 13:45:25.906 W/WindowManager(  760): 	at com.android.server.wm.WindowManagerService.rebuildAppWindowListLocked(WindowManagerService.java:7947)
03-10 13:45:25.906 W/WindowManager(  760): 	at com.android.server.wm.WindowManagerService.handleAppTransitionReadyLocked(WindowManagerService.java:8430)
03-10 13:45:25.906 W/WindowManager(  760): 	at com.android.server.wm.WindowManagerService.performLayoutAndPlaceSurfacesLockedInner(WindowManagerService.java:9193)
03-10 13:45:25.906 W/WindowManager(  760): 	at com.android.server.wm.WindowManagerService.performLayoutAndPlaceSurfacesLockedLoop(WindowManagerService.java:8163)
03-10 13:45:25.906 W/WindowManager(  760): 	at com.android.server.wm.WindowManagerService.performLayoutAndPlaceSurfacesLocked(WindowManagerService.java:8105)
03-10 13:45:25.906 W/WindowManager(  760): 	at com.android.server.wm.WindowManagerService.executeAppTransition(WindowManagerService.java:3918)
03-10 13:45:25.906 W/WindowManager(  760): 	at com.android.server.am.ActivityStackSupervisor.reportResumedActivityLocked(ActivityStackSupervisor.java:2241)
03-10 13:45:25.906 W/WindowManager(  760): 	at com.android.server.am.ActivityStack.completeResumeLocked(ActivityStack.java:968)
03-10 13:45:25.906 W/WindowManager(  760): 	at com.android.server.am.ActivityStack.resumeTopActivityLocked(ActivityStack.java:1631)
03-10 13:45:25.906 W/WindowManager(  760): 	at com.android.server.am.ActivityStackSupervisor.resumeTopActivitiesLocked(ActivityStackSupervisor.java:2022)
03-10 13:45:25.906 W/WindowManager(  760): 	at com.android.server.am.ActivityStackSupervisor.resumeTopActivitiesLocked(ActivityStackSupervisor.java:2009)
03-10 13:45:25.906 W/WindowManager(  760): 	at com.android.server.am.ActivityManagerService.forceStopPackageLocked(ActivityManagerService.java:4750)
03-10 13:45:25.906 W/WindowManager(  760): 	at com.android.server.am.ActivityManagerService.forceStopPackageLocked(ActivityManagerService.java:4496)
03-10 13:45:25.906 W/WindowManager(  760): 	at com.android.server.am.ActivityManagerService.forceStopPackage(ActivityManagerService.java:4327)
03-10 13:45:25.906 W/WindowManager(  760): 	at android.app.ActivityManagerNative.onTransact(ActivityManagerNative.java:1365)
03-10 13:45:25.906 W/WindowManager(  760): 	at com.android.server.am.ActivityManagerService.onTransact(ActivityManagerService.java:2071)
03-10 13:45:25.906 W/WindowManager(  760): 	at android.os.Binder.execTransact(Binder.java:404)
03-10 13:45:25.906 W/WindowManager(  760): 	at dalvik.system.NativeStart.run(Native Method)
03-10 13:45:25.906 W/WindowManager(  760): This window was lost: Window{42d6af10 u0 com.android.helloworldlein/com.android.helloworldlein.HelloWorld}
03-10 13:45:25.906 W/WindowManager(  760): mDisplayId=0 mSession=Session{42cb0838 4059:u0a10014} mClient=android.os.BinderProxy@42fe6f40
03-10 13:45:25.906 W/WindowManager(  760): mOwnerUid=10014 mShowToOwnerOnly=true package=com.android.helloworldlein appop=NONE
03-10 13:45:25.906 W/WindowManager(  760): mAttrs=WM.LayoutParams{(0,0)(fillxfill) sim=#120 ty=1 fl=#1810100 pfl=0x8 wanim=0x10302f5}
03-10 13:45:25.906 W/WindowManager(  760): Requested w=1080 h=1776 mLayoutSeq=67
03-10 13:45:25.906 W/WindowManager(  760): mBaseLayer=21000 mSubLayer=0 mAnimLayer=21005+0=21005 mLastLayer=0
03-10 13:45:25.906 W/WindowManager(  760): mToken=AppWindowToken{42d84580 token=Token{42e865b0 ActivityRecord{42d53700 u0 com.android.helloworldlein/.HelloWorld t2}}}
03-10 13:45:25.906 W/WindowManager(  760): mRootToken=AppWindowToken{42d84580 token=Token{42e865b0 ActivityRecord{42d53700 u0 com.android.helloworldlein/.HelloWorld t2}}}
03-10 13:45:25.906 W/WindowManager(  760): mAppToken=AppWindowToken{42d84580 token=Token{42e865b0 ActivityRecord{42d53700 u0 com.android.helloworldlein/.HelloWorld t2}}}
03-10 13:45:25.906 W/WindowManager(  760): mViewVisibility=0x0 mHaveFrame=true mObscured=true
03-10 13:45:25.906 W/WindowManager(  760): mSeq=0 mSystemUiVisibility=0x0
03-10 13:45:25.906 W/WindowManager(  760): mPolicyVisibility=false mPolicyVisibilityAfterAnim=false mAppOpVisibility=true mAttachedHidden=false
03-10 13:45:25.906 W/WindowManager(  760): mGivenContentInsets=[0,0][0,0] mGivenVisibleInsets=[0,0][0,0]
03-10 13:45:25.906 W/WindowManager(  760): mConfiguration={1.0 244mcc21mnc en_IN ldltr sw360dp w360dp h567dp 480dpi nrml port finger -keyb/v/h -nav/h s.5}
03-10 13:45:25.906 W/WindowManager(  760): mHasSurface=true mShownFrame=[0.0,0.0][1080.0,1776.0] isReadyForDisplay()=false
03-10 13:45:25.906 W/WindowManager(  760): mFrame=[0,0][1080,1776] last=[0,0][1080,1776]
03-10 13:45:25.906 W/WindowManager(  760): mSystemDecorRect=[0,0][1080,1776] last=[0,0][1080,1776]
03-10 13:45:25.906 W/WindowManager(  760): Frames: containing=[0,0][1080,1776] parent=[0,0][1080,1776]
03-10 13:45:25.906 W/WindowManager(  760):     display=[0,0][1080,1776] overscan=[0,0][1080,1920]
03-10 13:45:25.906 W/WindowManager(  760):     content=[0,75][1080,1776] visible=[0,75][1080,1776]
03-10 13:45:25.906 W/WindowManager(  760):     decor=[0,0][1080,1920]
03-10 13:45:25.906 W/WindowManager(  760): Cur insets: overscan=[0,0][0,0] content=[0,75][0,0] visible=[0,75][0,0]
03-10 13:45:25.906 W/WindowManager(  760): Lst insets: overscan=[0,0][0,0] content=[0,75][0,0] visible=[0,75][0,0]
03-10 13:45:25.906 W/WindowManager(  760): WindowStateAnimator{42e28138 com.android.helloworldlein/com.android.helloworldlein.HelloWorld}:
03-10 13:45:25.906 W/WindowManager(  760):   mSurface=Surface(name=com.android.helloworldlein/com.android.helloworldlein.HelloWorld)
03-10 13:45:25.906 W/WindowManager(  760):   mDrawState=HAS_DRAWN mLastHidden=true
03-10 13:45:25.906 W/WindowManager(  760):   Surface: shown=false layer=21010 alpha=0.0 rect=(0.0,0.0) 1080.0 x 1776.0
03-10 13:45:25.906 W/WindowManager(  760):   mShownAlpha=1.0 mAlpha=1.0 mLastAlpha=-1.0
03-10 13:45:25.916 W/InputDispatcher(  760): channel '42d6af10 com.android.helloworldlein/com.android.helloworldlein.HelloWorld (server)' ~ Consumer closed input channel or an error occurred.  events=0x9
03-10 13:45:25.916 E/InputDispatcher(  760): channel '42d6af10 com.android.helloworldlein/com.android.helloworldlein.HelloWorld (server)' ~ Channel is unrecoverably broken and will be disposed!
03-10 13:45:25.916 W/InputDispatcher(  760): Attempted to unregister already unregistered input channel '42d6af10 com.android.helloworldlein/com.android.helloworldlein.HelloWorld (server)'
03-10 13:45:25.916 D/AndroidRuntime( 4157): Shutting down VM
03-10 13:45:25.916 W/WindowManager(  760): Current app token list:
03-10 13:45:25.916 V/WindowManager(  760):   Display 0
03-10 13:45:25.916 V/WindowManager(  760):   #0: Token{42e5b160 ActivityRecord{42e5aee8 u0 com.google.android.googlequicksearchbox/com.google.android.launcher.GEL t1}}
03-10 13:45:25.916 W/WindowManager(  760): Final window list:
03-10 13:45:25.916 V/WindowManager(  760):   #0: Window{430b10b0 u0 SearchPanel}
03-10 13:45:25.916 V/WindowManager(  760):   #1: Window{42e61c60 u0 NavigationBar}
03-10 13:45:25.916 V/WindowManager(  760):   #2: Window{42c76ab8 u0 StatusBar}
03-10 13:45:25.916 V/WindowManager(  760):   #3: Window{42cb9648 u0 Keyguard}
03-10 13:45:25.916 V/WindowManager(  760):   #4: Window{42d62440 u0 KeyguardScrim}
03-10 13:45:25.916 V/WindowManager(  760):   #5: Window{430c8650 u0 com.google.android.googlequicksearchbox/com.google.android.launcher.GEL}
03-10 13:45:25.916 V/WindowManager(  760):   #6: Window{42eab8f8 u0 com.android.systemui.ImageWallpaper}
03-10 13:45:25.916 I/WindowState(  760): WIN DEATH: Window{42d6af10 u0 com.android.helloworldlein/com.android.helloworldlein.HelloWorld}
03-10 13:45:25.926 D/dalvikvm( 4157): GC_CONCURRENT freed 93K, 15% free 553K/648K, paused 0ms+0ms, total 1ms
03-10 13:45:26.336 D/MobileDataStateTracker(  760): default: Broadcast received: android.intent.action.ANY_DATA_STATE apnType=default
03-10 13:45:26.346 D/MobileDataStateTracker(  760): default: Received state=CONNECTED, old=CONNECTING, reason=connected
03-10 13:45:26.346 D/MobileDataStateTracker(  760): default: setDetailed state, old =CONNECTING and new state=CONNECTED
03-10 13:45:26.346 D/ConnectivityService(  760): ConnectivityChange for mobile: CONNECTED/CONNECTED
03-10 13:45:26.346 D/ConnectivityService(  760): ConnectivityChange checkMobileProvisioning for TYPE_MOBILE or ProvisioningNetwork
03-10 13:45:26.346 D/ConnectivityService(  760): checkMobileProvisioning: E suggestedTimeOutMs=60000
03-10 13:45:26.346 D/ConnectivityService(  760): setProvNotificationVisible: E visible=false networkType=5 extraInfo=null url=null
03-10 13:45:26.346 D/ConnectivityService(  760): checkMobileProvisioning: params={ url=http://clients3.google.com/generate_204 mTimeOutMs=60000 mCb=com.android.server.ConnectivityService$5@42e32ad0}
03-10 13:45:26.346 D/ConnectivityService(  760): checkMobileProvisioning: X
03-10 13:45:26.356 D/dalvikvm(  990): GC_CONCURRENT freed 439K, 3% free 17390K/17852K, paused 4ms+5ms, total 39ms
03-10 13:45:26.356 D/MobileDataStateTracker(  760): default: isProvisioningNetwork: retVal=false
03-10 13:45:26.356 D/ConnectivityService(  760): [CheckMp] isMobileOk: isDefaultProvisioning=false
03-10 13:45:26.366 D/MobileDataStateTracker(  760): hipri: isProvisioningNetwork: retVal=false
03-10 13:45:26.366 D/ConnectivityService(  760): [CheckMp] isMobileOk: isHipriProvisioning=false
03-10 13:45:26.366 D/ConnectivityService(  760): [CheckMp] isMobileOk: start hipri url=http://clients3.google.com/generate_204
03-10 13:45:26.366 D/ConnectivityService(  760): startUsingNetworkFeature reconnecting to 0: enableHIPRI
03-10 13:45:26.376 D/ConnectivityService(  760): startUsingNetworkFeature X: return APN_REQUEST_STARTED
03-10 13:45:26.376 D/ConnectivityService(  760): [CheckMp] isMobileOk: hipri started
03-10 13:45:26.376 D/Nat464Xlat(  760): requiresClat: netType=0, hasIPv4Address=true
03-10 13:45:26.376 D/ConnectivityService(  760): [CheckMp] isMobileOk: not connected ni=NetworkInfo: type: mobile_hipri[UMTS], state: DISCONNECTED/IDLE, reason: (unspecified), extra: (none), roaming: false, failover: false, isAvailable: true, isConnectedToProvisioningNetwork: false
03-10 13:45:26.376 D/MobileDataStateTracker(  760): hipri: Broadcast received: android.intent.action.ANY_DATA_STATE apnType=hipri
03-10 13:45:26.376 D/MobileDataStateTracker(  760): hipri: Received state=CONNECTING, old=DISCONNECTED, reason=dataEnabled
03-10 13:45:26.376 D/MobileDataStateTracker(  760): hipri: setDetailed state, old =IDLE and new state=CONNECTING
03-10 13:45:26.386 D/MobileDataStateTracker(  760): default: setPolicyDataEnable(enabled=true)
03-10 13:45:26.386 D/MobileDataStateTracker(  760): fota: Broadcast received: android.intent.action.ANY_DATA_STATE apnType=fota
03-10 13:45:26.386 D/MobileDataStateTracker(  760): fota: Received state=DISCONNECTED, old=DISCONNECTED, reason=dataEnabled
03-10 13:45:26.386 D/MobileDataStateTracker(  760): dun: Broadcast received: android.intent.action.ANY_DATA_STATE apnType=dun
03-10 13:45:26.396 D/MobileDataStateTracker(  760): dun: Received state=DISCONNECTED, old=DISCONNECTED, reason=dataEnabled
03-10 13:45:26.396 D/MobileDataStateTracker(  760): ia: Broadcast received: android.intent.action.ANY_DATA_STATE apnType=ia
03-10 13:45:26.396 D/MobileDataStateTracker(  760): ia: Received state=DISCONNECTED, old=DISCONNECTED, reason=dataEnabled
03-10 13:45:26.396 D/MobileDataStateTracker(  760): supl: Broadcast received: android.intent.action.ANY_DATA_STATE apnType=supl
03-10 13:45:26.406 D/MobileDataStateTracker(  760): supl: Received state=DISCONNECTED, old=DISCONNECTED, reason=dataEnabled
03-10 13:45:26.406 D/MobileDataStateTracker(  760): ims: Broadcast received: android.intent.action.ANY_DATA_STATE apnType=ims
03-10 13:45:26.406 D/MobileDataStateTracker(  760): ims: Received state=DISCONNECTED, old=DISCONNECTED, reason=dataEnabled
03-10 13:45:26.406 D/MobileDataStateTracker(  760): mms: Broadcast received: android.intent.action.ANY_DATA_STATE apnType=mms
03-10 13:45:26.406 D/MobileDataStateTracker(  760): mms: Received state=DISCONNECTED, old=DISCONNECTED, reason=dataEnabled
03-10 13:45:26.406 D/MobileDataStateTracker(  760): cbs: Broadcast received: android.intent.action.ANY_DATA_STATE apnType=cbs
03-10 13:45:26.416 D/MobileDataStateTracker(  760): cbs: Received state=DISCONNECTED, old=DISCONNECTED, reason=dataEnabled
03-10 13:45:26.416 D/MobileDataStateTracker(  760): hipri: Broadcast received: android.intent.action.ANY_DATA_STATE apnType=hipri
03-10 13:45:26.426 D/MobileDataStateTracker(  760): hipri: Received state=CONNECTED, old=CONNECTING, reason=dataEnabled
03-10 13:45:26.426 D/MobileDataStateTracker(  760): hipri: setDetailed state, old =CONNECTING and new state=CONNECTED
03-10 13:45:26.426 D/ConnectivityService(  760): ConnectivityChange for mobile_hipri: CONNECTED/CONNECTED
03-10 13:45:26.436 I/CheckinService( 1130): Preparing to send checkin request
03-10 13:45:26.436 I/EventLogService( 1130): Accumulating logs since 1394451826177
03-10 13:45:26.486 D/dalvikvm( 1130): GC_CONCURRENT freed 413K, 4% free 17476K/18144K, paused 2ms+1ms, total 19ms
03-10 13:45:26.496 W/GLSUser ( 1130): GoogleAccountDataService.getToken()
03-10 13:45:26.516 I/CheckinTask( 1130): Sending checkin request (2405 bytes)
03-10 13:45:26.516 D/Nat464Xlat(  760): requiresClat: netType=5, hasIPv4Address=true
03-10 13:45:26.526 D/MobileDataStateTracker(  760): default: setPolicyDataEnable(enabled=true)
03-10 13:45:26.526 D/MobileDataStateTracker(  760): default: setPolicyDataEnable(enabled=true)
03-10 13:45:26.526 W/NetworkPolicy(  760): shared quota unsupported; generating rule for each iface
03-10 13:45:26.686 W/ActivityThread( 3777): ClassLoader.loadClass: The class loader returned by Thread.getContextClassLoader() may fail for processes that host multiple applications. You should explicitly specify a context class loader. For example: Thread.setContextClassLoader(getClass().getClassLoader());
03-10 13:45:26.696 D/dalvikvm( 3777): GC_FOR_ALLOC freed 14K, 3% free 17674K/18132K, paused 9ms, total 10ms
03-10 13:45:26.736 D/MobileDataStateTracker(  760): default: setPolicyDataEnable(enabled=true)
03-10 13:45:26.756 W/GLSUser ( 1130): GoogleAccountDataService.getToken()
03-10 13:45:27.226 D/dalvikvm( 3777): GC_CONCURRENT freed 309K, 3% free 17804K/18212K, paused 2ms+2ms, total 83ms
03-10 13:45:27.246 W/GLSUser ( 1130): GoogleAccountDataService.getToken()
03-10 13:45:27.286 D/dalvikvm( 1130): GC_CONCURRENT freed 371K, 4% free 17494K/18144K, paused 9ms+2ms, total 20ms
03-10 13:45:27.286 I/CheckinTask( 1130): Checkin success: https://android.clients.google.com/checkin (1 requests sent)
03-10 13:45:27.336 D/AndroidRuntime( 4282): 
03-10 13:45:27.336 D/AndroidRuntime( 4282): >>>>>> AndroidRuntime START com.android.internal.os.RuntimeInit <<<<<<
03-10 13:45:27.336 D/AndroidRuntime( 4282): CheckJNI is OFF
03-10 13:45:27.346 D/dalvikvm( 4282): Trying to load lib libjavacore.so 0x0
03-10 13:45:27.356 D/dalvikvm( 4282): Added shared lib libjavacore.so 0x0
03-10 13:45:27.356 D/dalvikvm( 4282): Trying to load lib libnativehelper.so 0x0
03-10 13:45:27.356 D/dalvikvm( 4282): Added shared lib libnativehelper.so 0x0
03-10 13:45:27.356 D/dalvikvm( 4282): No JNI_OnLoad found in libnativehelper.so 0x0, skipping init
03-10 13:45:27.376 D/dalvikvm( 4282): Note: class Landroid/app/ActivityManagerNative; has 179 unimplemented (abstract) methods
03-10 13:45:27.376 D/MobileDataStateTracker(  760): hipri: isProvisioningNetwork: retVal=false
03-10 13:45:27.376 D/ConnectivityService(  760): [CheckMp] isMobileOk: isProvisioningNetwork is false, continue
03-10 13:45:27.406 D/ConnectivityService(  760): [CheckMp] isMobileOk: addresses=clients3.google.com/193.229.108.54,clients3.google.com/193.229.108.44,clients3.google.com/193.229.108.59,clients3.google.com/193.229.108.20,clients3.google.com/193.229.108.50,clients3.google.com/193.229.108.40,clients3.google.com/193.229.108.25,clients3.google.com/193.229.108.35,clients3.google.com/193.229.108.55,clients3.google.com/193.229.108.29,clients3.google.com/193.229.108.24,clients3.google.com/193.229.108.49,clients3.google.com/193.229.108.30,clients3.google.com/193.229.108.39,clients3.google.com/193.229.108.45,clients3.google.com/193.229.108.34
03-10 13:45:27.406 D/ConnectivityService(  760): [CheckMp] isMobileOk: linkHasIpv4=true linkHasIpv6=false
03-10 13:45:27.426 D/ConnectivityService(  760): requestRouteToHostAddress ok=true
03-10 13:45:27.426 D/ConnectivityService(  760): [CheckMp] isMobileOk: wait to establish route to hostAddr=clients3.google.com/193.229.108.39
03-10 13:45:27.506 D/AndroidRuntime( 4282): Calling main entry com.android.commands.am.Am
03-10 13:45:27.516 I/ActivityManager(  760): START u0 {flg=0x10000000 cmp=com.android.helloworldlein/.SplashActivity} from pid 4282
03-10 13:45:27.826 I/WindowManager(  760): Screenshot max retries 4 of Token{42e5b160 ActivityRecord{42e5aee8 u0 com.google.android.googlequicksearchbox/com.google.android.launcher.GEL t1}} appWin=Window{430c8650 u0 com.google.android.googlequicksearchbox/com.google.android.launcher.GEL} drawState=4
03-10 13:45:27.826 W/WindowManager(  760): Screenshot failure taking screenshot for (1080x1920) to layer 21000
03-10 13:45:27.836 D/AndroidRuntime( 4282): Shutting down VM
03-10 13:45:27.836 D/dalvikvm( 4282): GC_CONCURRENT freed 95K, 15% free 586K/684K, paused 0ms+0ms, total 3ms
03-10 13:45:27.856 I/ActivityManager(  760): Start proc com.android.helloworldlein for activity com.android.helloworldlein/.SplashActivity: pid=4327 uid=10014 gids={50014}
03-10 13:45:27.906 D/dalvikvm( 4327): GC_FOR_ALLOC freed 66K, 1% free 16764K/16860K, paused 9ms, total 9ms
03-10 13:45:27.906 I/dalvikvm-heap( 4327): Grow heap (frag case) to 17.770MB for 1440016-byte allocation
03-10 13:45:27.916 D/dalvikvm( 4327): GC_FOR_ALLOC freed <1K, 1% free 18170K/18268K, paused 8ms, total 8ms
03-10 13:45:27.926 D/dalvikvm( 4327): GC_CONCURRENT freed 0K, 1% free 18170K/18268K, paused 2ms+1ms, total 10ms
03-10 13:45:27.936 D/dalvikvm( 4327): GC_FOR_ALLOC freed <1K, 1% free 18171K/18268K, paused 6ms, total 7ms
03-10 13:45:27.936 I/dalvikvm-heap( 4327): Grow heap (frag case) to 19.145MB for 1440016-byte allocation
03-10 13:45:27.946 D/dalvikvm( 4327): GC_FOR_ALLOC freed <1K, 1% free 19577K/19676K, paused 8ms, total 8ms
03-10 13:45:27.956 D/dalvikvm( 4327): GC_CONCURRENT freed 0K, 1% free 19577K/19676K, paused 2ms+1ms, total 8ms
03-10 13:45:27.976 D/dalvikvm( 4327): GC_FOR_ALLOC freed <1K, 1% free 19579K/19676K, paused 8ms, total 8ms
03-10 13:45:27.976 I/dalvikvm-heap( 4327): Grow heap (frag case) to 20.520MB for 1440016-byte allocation
03-10 13:45:27.986 D/dalvikvm( 4327): GC_FOR_ALLOC freed 0K, 1% free 20985K/21084K, paused 8ms, total 8ms
03-10 13:45:27.996 D/dalvikvm( 4327): GC_CONCURRENT freed 0K, 1% free 20985K/21084K, paused 2ms+1ms, total 8ms
03-10 13:45:28.046 I/Adreno-EGL( 4327): <qeglDrvAPI_eglInitialize:320>: EGL 1.4 QUALCOMM Build: I0404c4692afb8623f95c43aeb6d5e13ed4b30ddbDate: 11/06/13
03-10 13:45:28.086 D/OpenGLRenderer( 4327): Enabling debug mode 0
03-10 13:45:28.116 I/ActivityManager(  760): Displayed com.android.helloworldlein/.SplashActivity: +295ms
03-10 13:45:28.276 D/dalvikvm( 4327): GC_CONCURRENT freed 615K, 3% free 21682K/22328K, paused 2ms+1ms, total 17ms
03-10 13:45:28.626 I/dalvikvm( 4327): Could not find method java.beans.Introspector.getBeanInfo, referenced from method clojure.core$bean.invoke
03-10 13:45:28.626 W/dalvikvm( 4327): VFY: unable to resolve static method 17499: Ljava/beans/Introspector;.getBeanInfo (Ljava/lang/Class;)Ljava/beans/BeanInfo;
03-10 13:45:28.626 D/dalvikvm( 4327): VFY: replacing opcode 0x71 at 0x0021
03-10 13:45:28.666 D/dalvikvm( 4327): GC_CONCURRENT freed 1006K, 5% free 22227K/23264K, paused 2ms+2ms, total 19ms
03-10 13:45:28.976 D/dalvikvm( 4327): GC_CONCURRENT freed 1489K, 7% free 22519K/24036K, paused 2ms+2ms, total 25ms
03-10 13:45:29.206 D/dalvikvm( 4327): GC_CONCURRENT freed 1746K, 8% free 22668K/24440K, paused 3ms+2ms, total 25ms
03-10 13:45:29.386 D/Tethering(  760): MasterInitialState.processMessage what=3
03-10 13:45:29.386 D/CaptivePortalTracker(  760): NoActiveNetworkState{ when=-1ms what=1 obj=NetworkInfo: type: mobile[HSPA+], state: CONNECTED/CONNECTED, reason: connected, extra: internet.saunalahti, roaming: false, failover: false, isAvailable: true, isConnectedToProvisioningNetwork: false target=com.android.internal.util.StateMachine$SmHandler }
03-10 13:45:29.386 D/CaptivePortalTracker(  760): NoActiveNetworkState not a wifi connectivity change, ignore
03-10 13:45:29.406 D/dalvikvm( 1195): GC_CONCURRENT freed 372K, 3% free 18134K/18576K, paused 3ms+2ms, total 21ms
03-10 13:45:29.506 D/dalvikvm(  760): GC_EXPLICIT freed 1659K, 12% free 29232K/32848K, paused 2ms+6ms, total 73ms
03-10 13:45:29.516 D/dalvikvm( 4327): GC_CONCURRENT freed 1698K, 7% free 22953K/24680K, paused 2ms+1ms, total 24ms
03-10 13:45:29.516 D/dalvikvm( 4327): WAIT_FOR_CONCURRENT_GC blocked 9ms
03-10 13:45:29.516 D/dalvikvm(  922): GC_CONCURRENT freed 366K, 3% free 17101K/17580K, paused 2ms+9ms, total 34ms
03-10 13:45:29.526 D/Tethering(  760): MasterInitialState.processMessage what=3
03-10 13:45:29.526 D/CaptivePortalTracker(  760): NoActiveNetworkState{ when=-1ms what=1 obj=NetworkInfo: type: mobile_hipri[HSPA+], state: CONNECTED/CONNECTED, reason: dataEnabled, extra: internet.saunalahti, roaming: false, failover: false, isAvailable: true, isConnectedToProvisioningNetwork: false target=com.android.internal.util.StateMachine$SmHandler }
03-10 13:45:29.526 D/CaptivePortalTracker(  760): NoActiveNetworkState not a wifi connectivity change, ignore
03-10 13:45:29.536 D/MobileConnectivityChangeReceiver( 3657): onReceive Intent { act=android.net.conn.CONNECTIVITY_CHANGE flg=0x4000010 cmp=com.google.android.setupwizard/.MobileConnectivityChangeReceiver (has extras) }
03-10 13:45:29.536 D/MobileConnectivityChangeReceiver( 3657): onReceive CONNECTIVITY_CHANGE networkType=0
03-10 13:45:29.546 D/MobileConnectivityChangeReceiver( 3657): onReceive CONNECTIVITY_CHANGE: checkConnection
03-10 13:45:29.546 D/YouTube ( 3682): apps.youtube.app.prefetch.PrefetchService$DeviceStateReceiver.onReceive:565 Got device state change intent: android.net.conn.CONNECTIVITY_CHANGE
03-10 13:45:29.556 D/YouTube ( 3682): apps.youtube.app.prefetch.PrefetchService.onStartCommand:167 PrefetchService started at 10 Mar 2014 11:45:29 GMT
03-10 13:45:29.556 D/YouTube ( 3682): apps.youtube.app.prefetch.PrefetchService.p_:245 Download snapshot restored
03-10 13:45:29.556 D/CheckConnectionTask( 3657): doInBackground: url=http://clients3.google.com/generate_204
03-10 13:45:29.566 D/dalvikvm( 2449): GC_CONCURRENT freed 569K, 4% free 18666K/19268K, paused 3ms+9ms, total 88ms
03-10 13:45:29.566 D/dalvikvm( 2449): WAIT_FOR_CONCURRENT_GC blocked 25ms
03-10 13:45:29.566 D/dalvikvm( 2449): WAIT_FOR_CONCURRENT_GC blocked 25ms
03-10 13:45:29.566 D/GCM     ( 1130): GcmService start Intent { act=android.net.conn.CONNECTIVITY_CHANGE flg=0x4000010 cmp=com.google.android.gms/.gcm.GcmService (has extras) } android.net.conn.CONNECTIVITY_CHANGE
03-10 13:45:29.576 D/YouTube ( 3682): apps.youtube.app.prefetch.PrefetchService.onDestroy:215 PrefetchService destroyed at 10 Mar 2014 11:45:29 GMT
03-10 13:45:29.586 I/iu.Environment( 2971): update connectivity state; isNetworkMetered? true*, isRoaming? false, isBackgroundDataAllowed? true*
03-10 13:45:29.586 I/widget.provider( 3817): com.devhd.feedly.widget.FeedlyWidgetProvider onReceive: android.net.conn.CONNECTIVITY_CHANGE
03-10 13:45:29.606 I/iu.UploadsManager( 2971): num queued entries: 0
03-10 13:45:29.606 I/iu.UploadsManager( 2971): num updated entries: 0
03-10 13:45:29.626 I/iu.SyncManager( 2971): NEXT; no task
03-10 13:45:29.666 D/dalvikvm( 3657): GC_CONCURRENT freed 213K, 2% free 16945K/17196K, paused 4ms+2ms, total 19ms
03-10 13:45:29.696 D/MobileConnectivityChangeReceiver( 3657): onReceive Intent { act=android.net.conn.CONNECTIVITY_CHANGE flg=0x4000010 cmp=com.google.android.setupwizard/.MobileConnectivityChangeReceiver (has extras) }
03-10 13:45:29.696 D/MobileConnectivityChangeReceiver( 3657): onReceive CONNECTIVITY_CHANGE networkType=5
03-10 13:45:29.696 D/YouTube ( 3682): apps.youtube.app.prefetch.PrefetchService$DeviceStateReceiver.onReceive:565 Got device state change intent: android.net.conn.CONNECTIVITY_CHANGE
03-10 13:45:29.706 D/dalvikvm( 4327): GC_CONCURRENT freed 1959K, 8% free 23072K/25060K, paused 2ms+1ms, total 26ms
03-10 13:45:29.706 D/dalvikvm( 4327): WAIT_FOR_CONCURRENT_GC blocked 9ms
03-10 13:45:29.706 D/YouTube ( 3682): apps.youtube.app.prefetch.PrefetchService.onStartCommand:167 PrefetchService started at 10 Mar 2014 11:45:29 GMT
03-10 13:45:29.706 D/GCM     ( 1130): GcmService start Intent { act=android.net.conn.CONNECTIVITY_CHANGE flg=0x4000010 cmp=com.google.android.gms/.gcm.GcmService (has extras) } android.net.conn.CONNECTIVITY_CHANGE
03-10 13:45:29.716 D/YouTube ( 3682): apps.youtube.app.prefetch.PrefetchService.p_:245 Download snapshot restored
03-10 13:45:29.716 D/YouTube ( 3682): apps.youtube.app.prefetch.PrefetchService.onDestroy:215 PrefetchService destroyed at 10 Mar 2014 11:45:29 GMT
03-10 13:45:29.716 I/iu.Environment( 2971): update connectivity state; isNetworkMetered? true, isRoaming? false, isBackgroundDataAllowed? true
03-10 13:45:29.726 I/widget.provider( 3817): com.devhd.feedly.widget.FeedlyWidgetProvider onReceive: android.net.conn.CONNECTIVITY_CHANGE
03-10 13:45:29.756 D/dalvikvm( 3912): GC_CONCURRENT freed 485K, 3% free 17475K/17992K, paused 2ms+1ms, total 24ms
03-10 13:45:29.846 D/CheckConnectionTask( 3657): doInBackground: resultCode=204 retVal=true
03-10 13:45:29.846 D/CheckConnectionTask( 3657): onPostExecute connected=true
03-10 13:45:29.846 D/CheckConnectionTask( 3657): onPostExecute set preference connected=true
03-10 13:45:29.876 D/dalvikvm( 4327): GC_CONCURRENT freed 2033K, 9% free 23157K/25220K, paused 1ms+1ms, total 23ms
03-10 13:45:29.876 D/dalvikvm( 4327): WAIT_FOR_CONCURRENT_GC blocked 12ms
03-10 13:45:29.926 D/dalvikvm(  845): GC_FOR_ALLOC freed 4164K, 9% free 47257K/51456K, paused 14ms, total 14ms
03-10 13:45:29.936 D/dalvikvm(  845): GC_CONCURRENT freed 1548K, 11% free 45864K/51456K, paused 2ms+2ms, total 15ms
03-10 13:45:30.086 D/dalvikvm( 4327): GC_CONCURRENT freed 2005K, 9% free 23298K/25332K, paused 2ms+2ms, total 50ms
03-10 13:45:30.086 D/dalvikvm( 4327): WAIT_FOR_CONCURRENT_GC blocked 38ms
03-10 13:45:30.096 D/dalvikvm( 1368): GC_CONCURRENT freed 823K, 5% free 19741K/20692K, paused 2ms+1ms, total 29ms
03-10 13:45:30.276 D/dalvikvm( 4327): GC_CONCURRENT freed 2037K, 9% free 23454K/25520K, paused 2ms+1ms, total 29ms
03-10 13:45:30.276 D/dalvikvm( 4327): WAIT_FOR_CONCURRENT_GC blocked 14ms
03-10 13:45:30.426 D/ConnectivityService(  760): [CheckMp] isMobileOk: newUrl=https://193.229.108.39/generate_204
03-10 13:45:30.466 D/dalvikvm( 4327): GC_CONCURRENT freed 2127K, 9% free 23572K/25728K, paused 2ms+1ms, total 33ms
03-10 13:45:30.476 D/dalvikvm( 4327): WAIT_FOR_CONCURRENT_GC blocked 21ms
03-10 13:45:30.666 D/dalvikvm( 4327): GC_CONCURRENT freed 2179K, 9% free 23680K/25888K, paused 3ms+1ms, total 32ms
03-10 13:45:30.666 D/dalvikvm( 4327): WAIT_FOR_CONCURRENT_GC blocked 16ms
03-10 13:45:30.766 D/ConnectivityService(  760): [CheckMp] isMobileOk: hostnameVerify retVal=true hostname=193.229.108.39 orgUriHost=clients3.google.com
03-10 13:45:30.826 I/ActivityManager(  760): START u0 {act=com.android.helloworldlein.MAIN cmp=com.android.helloworldlein/.HelloWorld} from pid 4327
03-10 13:45:30.826 D/ConnectivityService(  760): [CheckMp] isMobileOk: headers={null=[HTTP/1.1 204 No Content], Connection=[close], Content-Length=[0], Content-Type=[text/html; charset=UTF-8], Date=[Mon, 10 Mar 2014 11:45:31 GMT], Server=[GFE/2.0], X-Android-Received-Millis=[1394451930837], X-Android-Response-Source=[NETWORK 204], X-Android-Selected-Transport=[http/1.1], X-Android-Sent-Millis=[1394451930784]}
03-10 13:45:30.826 D/ConnectivityService(  760): [CheckMp] isMobileOk: X got expected responseCode=204 result=1
03-10 13:45:30.826 D/ConnectivityService(  760): [CheckMp] isMobileOk: F stop hipri
03-10 13:45:30.826 D/MobileDataStateTracker(  760): default: setEnableFailFastMobileData(enabled=0)
03-10 13:45:30.826 D/ConnectivityService(  760): stopUsingNetworkFeature: teardown net 0: enableHIPRI
03-10 13:45:30.846 D/dalvikvm(  990): GC_CONCURRENT freed 427K, 3% free 17377K/17852K, paused 2ms+2ms, total 13ms
03-10 13:45:30.846 D/MobileDataStateTracker(  760): hipri: Broadcast received: android.intent.action.ANY_DATA_STATE apnType=hipri
03-10 13:45:30.846 D/MobileDataStateTracker(  760): hipri: Received state=DISCONNECTED, old=CONNECTED, reason=dataDisabled
03-10 13:45:30.846 D/MobileDataStateTracker(  760): hipri: setDetailed state, old =CONNECTED and new state=DISCONNECTED
03-10 13:45:30.846 D/ConnectivityService(  760): ConnectivityChange for mobile_hipri: DISCONNECTED/DISCONNECTED
03-10 13:45:30.886 D/Nat464Xlat(  760): requiresClat: netType=5, hasIPv4Address=true
03-10 13:45:30.886 D/MobileDataStateTracker(  760): default: setPolicyDataEnable(enabled=true)
03-10 13:45:30.916 D/dalvikvm( 4327): GC_FOR_ALLOC freed 1144K, 9% free 23868K/25972K, paused 34ms, total 34ms
03-10 13:45:30.956 I/ActivityManager(  760): Displayed com.android.helloworldlein/.HelloWorld: +122ms
03-10 13:45:31.006 D/MobileDataStateTracker(  760): default: setPolicyDataEnable(enabled=true)
03-10 13:45:31.096 D/MobileDataStateTracker(  760): default: setPolicyDataEnable(enabled=true)
03-10 13:45:31.096 D/MobileDataStateTracker(  760): default: setPolicyDataEnable(enabled=true)
03-10 13:45:31.986 D/dalvikvm(  760): GC_CONCURRENT freed 3167K, 12% free 29163K/32848K, paused 2ms+4ms, total 58ms
03-10 13:45:32.246 D/dalvikvm(  760): GC_CONCURRENT freed 3153K, 12% free 29125K/32848K, paused 3ms+3ms, total 54ms
03-10 13:45:32.246 D/dalvikvm(  760): WAIT_FOR_CONCURRENT_GC blocked 30ms
03-10 13:45:32.566 D/dalvikvm(  760): GC_CONCURRENT freed 3107K, 12% free 29125K/32848K, paused 3ms+4ms, total 87ms
03-10 13:45:32.566 D/dalvikvm(  760): WAIT_FOR_CONCURRENT_GC blocked 75ms
03-10 13:45:32.836 D/dalvikvm(  760): GC_CONCURRENT freed 3107K, 12% free 29124K/32848K, paused 2ms+3ms, total 65ms
03-10 13:45:32.836 D/dalvikvm(  760): WAIT_FOR_CONCURRENT_GC blocked 54ms
03-10 13:45:33.116 D/dalvikvm(  760): GC_CONCURRENT freed 3105K, 12% free 29124K/32848K, paused 3ms+2ms, total 82ms
03-10 13:45:33.116 D/dalvikvm(  760): WAIT_FOR_CONCURRENT_GC blocked 68ms
03-10 13:45:33.386 D/dalvikvm(  760): GC_CONCURRENT freed 3106K, 12% free 29124K/32848K, paused 3ms+3ms, total 63ms
03-10 13:45:33.386 D/dalvikvm(  760): WAIT_FOR_CONCURRENT_GC blocked 50ms
03-10 13:45:33.646 D/dalvikvm(  760): GC_CONCURRENT freed 3106K, 12% free 29124K/32848K, paused 2ms+2ms, total 56ms
03-10 13:45:33.646 D/dalvikvm(  760): WAIT_FOR_CONCURRENT_GC blocked 45ms
03-10 13:45:33.926 D/dalvikvm(  760): GC_CONCURRENT freed 3106K, 12% free 29124K/32848K, paused 3ms+3ms, total 76ms
03-10 13:45:33.926 D/dalvikvm(  760): WAIT_FOR_CONCURRENT_GC blocked 38ms
03-10 13:45:33.926 D/dalvikvm(  760): WAIT_FOR_CONCURRENT_GC blocked 64ms
03-10 13:45:33.926 D/Tethering(  760): MasterInitialState.processMessage what=3
03-10 13:45:33.926 D/CaptivePortalTracker(  760): NoActiveNetworkState{ when=0 what=1 obj=NetworkInfo: type: mobile_hipri[HSPA+], state: DISCONNECTED/DISCONNECTED, reason: dataDisabled, extra: internet.saunalahti, roaming: false, failover: false, isAvailable: true, isConnectedToProvisioningNetwork: false target=com.android.internal.util.StateMachine$SmHandler }
03-10 13:45:33.926 D/CaptivePortalTracker(  760): NoActiveNetworkState not a wifi connectivity change, ignore
03-10 13:45:33.936 D/Tethering(  760): MasterInitialState.processMessage what=3
03-10 13:45:33.936 D/CaptivePortalTracker(  760): NoActiveNetworkState{ when=-1ms what=1 obj=NetworkInfo: type: mobile[HSPA+], state: CONNECTED/CONNECTED, reason: connected, extra: internet.saunalahti, roaming: false, failover: false, isAvailable: true, isConnectedToProvisioningNetwork: false target=com.android.internal.util.StateMachine$SmHandler }
03-10 13:45:33.936 D/CaptivePortalTracker(  760): NoActiveNetworkState not a wifi connectivity change, ignore
03-10 13:45:33.956 D/MobileConnectivityChangeReceiver( 3657): onReceive Intent { act=android.net.conn.CONNECTIVITY_CHANGE flg=0x4000010 cmp=com.google.android.setupwizard/.MobileConnectivityChangeReceiver (has extras) }
03-10 13:45:33.956 D/MobileConnectivityChangeReceiver( 3657): onReceive CONNECTIVITY_CHANGE networkType=5
03-10 13:45:33.956 D/YouTube ( 3682): apps.youtube.app.prefetch.PrefetchService$DeviceStateReceiver.onReceive:565 Got device state change intent: android.net.conn.CONNECTIVITY_CHANGE
03-10 13:45:33.976 D/YouTube ( 3682): apps.youtube.app.prefetch.PrefetchService.onStartCommand:167 PrefetchService started at 10 Mar 2014 11:45:33 GMT
03-10 13:45:33.976 D/GCM     ( 1130): GcmService start Intent { act=android.net.conn.CONNECTIVITY_CHANGE flg=0x4000010 cmp=com.google.android.gms/.gcm.GcmService (has extras) } android.net.conn.CONNECTIVITY_CHANGE
03-10 13:45:33.986 D/YouTube ( 3682): apps.youtube.app.prefetch.PrefetchService.p_:245 Download snapshot restored
03-10 13:45:33.986 I/iu.Environment( 2971): update connectivity state; isNetworkMetered? true, isRoaming? false, isBackgroundDataAllowed? true
03-10 13:45:33.986 I/widget.provider( 3817): com.devhd.feedly.widget.FeedlyWidgetProvider onReceive: android.net.conn.CONNECTIVITY_CHANGE
03-10 13:45:33.996 D/YouTube ( 3682): apps.youtube.app.prefetch.PrefetchService.onDestroy:215 PrefetchService destroyed at 10 Mar 2014 11:45:33 GMT
03-10 13:45:34.056 D/MobileConnectivityChangeReceiver( 3657): onReceive Intent { act=android.net.conn.CONNECTIVITY_CHANGE flg=0x4000010 cmp=com.google.android.setupwizard/.MobileConnectivityChangeReceiver (has extras) }
03-10 13:45:34.056 D/MobileConnectivityChangeReceiver( 3657): onReceive CONNECTIVITY_CHANGE networkType=0
03-10 13:45:34.056 D/MobileConnectivityChangeReceiver( 3657): onReceive CONNECTIVITY_CHANGE: checkConnection
03-10 13:45:34.056 D/CheckConnectionTask( 3657): doInBackground: url=http://clients3.google.com/generate_204
03-10 13:45:34.056 D/YouTube ( 3682): apps.youtube.app.prefetch.PrefetchService$DeviceStateReceiver.onReceive:565 Got device state change intent: android.net.conn.CONNECTIVITY_CHANGE
03-10 13:45:34.066 D/YouTube ( 3682): apps.youtube.app.prefetch.PrefetchService.onStartCommand:167 PrefetchService started at 10 Mar 2014 11:45:34 GMT
03-10 13:45:34.066 D/YouTube ( 3682): apps.youtube.app.prefetch.PrefetchService.p_:245 Download snapshot restored
03-10 13:45:34.066 D/GCM     ( 1130): GcmService start Intent { act=android.net.conn.CONNECTIVITY_CHANGE flg=0x4000010 cmp=com.google.android.gms/.gcm.GcmService (has extras) } android.net.conn.CONNECTIVITY_CHANGE
03-10 13:45:34.066 D/YouTube ( 3682): apps.youtube.app.prefetch.PrefetchService.onDestroy:215 PrefetchService destroyed at 10 Mar 2014 11:45:34 GMT
03-10 13:45:34.076 I/iu.Environment( 2971): update connectivity state; isNetworkMetered? true, isRoaming? false, isBackgroundDataAllowed? true
03-10 13:45:34.076 I/widget.provider( 3817): com.devhd.feedly.widget.FeedlyWidgetProvider onReceive: android.net.conn.CONNECTIVITY_CHANGE
03-10 13:45:34.146 D/CheckConnectionTask( 3657): doInBackground: resultCode=204 retVal=true
03-10 13:45:34.146 D/CheckConnectionTask( 3657): onPostExecute connected=true
03-10 13:45:34.146 D/CheckConnectionTask( 3657): onPostExecute set preference connected=true
03-10 13:45:34.306 D/dalvikvm(  760): GC_CONCURRENT freed 3084K, 12% free 29147K/32848K, paused 3ms+5ms, total 88ms
03-10 13:45:34.306 D/dalvikvm(  760): WAIT_FOR_CONCURRENT_GC blocked 68ms
03-10 13:45:34.636 D/dalvikvm(  760): GC_CONCURRENT freed 3114K, 12% free 29145K/32848K, paused 1ms+3ms, total 60ms
03-10 13:45:34.636 D/dalvikvm(  760): WAIT_FOR_CONCURRENT_GC blocked 21ms
03-10 13:45:34.636 D/dalvikvm(  760): WAIT_FOR_CONCURRENT_GC blocked 50ms
03-10 13:45:34.916 D/dalvikvm(  760): GC_CONCURRENT freed 3113K, 12% free 29143K/32848K, paused 6ms+3ms, total 81ms
03-10 13:45:34.916 D/dalvikvm(  760): WAIT_FOR_CONCURRENT_GC blocked 67ms
03-10 13:45:35.216 D/dalvikvm(  760): GC_CONCURRENT freed 3112K, 12% free 29143K/32848K, paused 2ms+2ms, total 84ms
03-10 13:45:35.216 D/dalvikvm(  760): WAIT_FOR_CONCURRENT_GC blocked 73ms
03-10 13:45:35.486 D/dalvikvm(  760): GC_CONCURRENT freed 3110K, 12% free 29143K/32848K, paused 3ms+2ms, total 66ms
03-10 13:45:35.486 D/dalvikvm(  760): WAIT_FOR_CONCURRENT_GC blocked 35ms
03-10 13:45:35.486 D/dalvikvm(  760): WAIT_FOR_CONCURRENT_GC blocked 54ms
03-10 13:45:35.766 D/dalvikvm(  760): GC_CONCURRENT freed 3111K, 12% free 29143K/32848K, paused 3ms+2ms, total 77ms
03-10 13:45:35.766 D/dalvikvm(  760): WAIT_FOR_CONCURRENT_GC blocked 66ms
03-10 13:45:35.826 D/ConnectivityService(  760): [CheckMp] isMobileOk: X result=1
03-10 13:45:35.826 D/ConnectivityService(  760): [CheckMp] onPostExecute: result=1
03-10 13:45:35.826 D/ConnectivityService(  760): CheckMp.onComplete: result=1
03-10 13:45:35.826 D/ConnectivityService(  760): CheckMp.onComplete: ignore, connected or no connection
03-10 13:45:38.557 V/QcrilMsgTunnelSocket( 1989): After reading offset = 0 remaining = 4 countRead = 4
03-10 13:45:38.557 D/QcrilMsgTunnelSocket( 1989): messageLength extracted from first 4 inputStream reads = 29
03-10 13:45:38.557 V/QcrilMsgTunnelSocket( 1989): offset = 0 remaining = 29 countRead = 0
03-10 13:45:38.567 V/QcrilMsgTunnelSocket( 1989): offset = 0 remaining = 29 countRead = 29
03-10 13:45:38.567 D/QcrilMsgTunnelSocket( 1989): readRilMessage: Buffer = [B@42624370 HexData = [0100000004040000110000005155414c434f4d4def0308000100000002]
03-10 13:45:38.567 V/QcrilMsgTunnelSocket( 1989): Read packet: 29 bytes. Data Available = 32 Position = 0
03-10 13:45:38.567 D/QcrilMsgTunnelSocket( 1989): processResponse. message type = 1. Data Available = 28
03-10 13:45:38.567 D/QcrilMsgTunnelSocket( 1989): ByteArray from parcel = 5155414c434f4d4def0308000100000002
03-10 13:45:38.567 D/QcrilMsgTunnelSocket( 1989): Received RIL_UNSOL_OEM_HOOK_RAW message
03-10 13:45:38.567 D/QcrilMsgTunnelSocket( 1989): Oem ID in RIL_UNSOL_OEM_HOOK_RAW is QUALCOMM
03-10 13:45:38.567 D/QcrilMsgTunnelSocket( 1989): OEM ID check Passed
03-10 13:45:38.567 D/AlarmManagerService(  760): Kernel timezone updated to -120 minutes west of GMT
03-10 13:45:38.586 D/MobileDataStateTracker(  760): default: Broadcast received: android.intent.action.ANY_DATA_STATE apnType=default
03-10 13:45:38.586 D/MobileDataStateTracker(  760): default: Received state=CONNECTED, old=CONNECTED, reason=(unspecified)
03-10 13:45:38.596 D/QcrilMsgTunnelSocket( 1989): Response ID in RIL_UNSOL_OEM_HOOK_RAW is 525295
03-10 13:45:38.596 D/QcrilMsgTunnelSocket( 1989): Response ID 525295is not served in this process.
03-10 13:45:38.596 D/QcrilMsgTunnelSocket( 1989): To broadcast an Intent via the notifier to external apps
03-10 13:45:38.596 D/QcrilMsgTunnelIfaceManager( 1989): handleMessage what=0
03-10 13:45:38.596 D/QcrilMsgTunnelIfaceManager( 1989): Broadcasting intent ACTION_UNSOL_RESPONSE_OEM_HOOK_RAW
03-10 13:45:38.596 V/QcrilMsgTunnelSocket( 1989): Before reading offset = 0 remaining = 4 countRead = 0
03-10 13:45:38.626 V/QcrilMsgTunnelSocket( 1989): After reading offset = 0 remaining = 4 countRead = 4
03-10 13:45:38.626 D/QcrilMsgTunnelSocket( 1989): messageLength extracted from first 4 inputStream reads = 29
03-10 13:45:38.626 V/QcrilMsgTunnelSocket( 1989): offset = 0 remaining = 29 countRead = 0
03-10 13:45:38.626 V/QcrilMsgTunnelSocket( 1989): offset = 0 remaining = 29 countRead = 29
03-10 13:45:38.626 D/QcrilMsgTunnelSocket( 1989): readRilMessage: Buffer = [B@42624370 HexData = [0100000004040000110000005155414c434f4d4def0308000100000002]
03-10 13:45:38.626 V/QcrilMsgTunnelSocket( 1989): Read packet: 29 bytes. Data Available = 32 Position = 0
03-10 13:45:38.626 D/QcrilMsgTunnelSocket( 1989): processResponse. message type = 1. Data Available = 28
03-10 13:45:38.626 D/QcrilMsgTunnelSocket( 1989): ByteArray from parcel = 5155414c434f4d4def0308000100000002
03-10 13:45:38.626 D/QcrilMsgTunnelSocket( 1989): Received RIL_UNSOL_OEM_HOOK_RAW message
03-10 13:45:38.626 D/QcrilMsgTunnelSocket( 1989): Oem ID in RIL_UNSOL_OEM_HOOK_RAW is QUALCOMM
03-10 13:45:38.626 D/QcrilMsgTunnelSocket( 1989): OEM ID check Passed
03-10 13:45:38.626 D/QcrilMsgTunnelSocket( 1989): Response ID in RIL_UNSOL_OEM_HOOK_RAW is 525295
03-10 13:45:38.626 D/QcrilMsgTunnelSocket( 1989): Response ID 525295is not served in this process.
03-10 13:45:38.626 D/QcrilMsgTunnelSocket( 1989): To broadcast an Intent via the notifier to external apps
03-10 13:45:38.626 V/QcrilMsgTunnelSocket( 1989): Before reading offset = 0 remaining = 4 countRead = 0
03-10 13:45:38.626 D/QcrilMsgTunnelIfaceManager( 1989): handleMessage what=0
03-10 13:45:38.626 D/QcrilMsgTunnelIfaceManager( 1989): Broadcasting intent ACTION_UNSOL_RESPONSE_OEM_HOOK_RAW
03-10 13:45:39.147 V/QcrilMsgTunnelSocket( 1989): After reading offset = 0 remaining = 4 countRead = 4
03-10 13:45:39.147 D/QcrilMsgTunnelSocket( 1989): messageLength extracted from first 4 inputStream reads = 29
03-10 13:45:39.147 V/QcrilMsgTunnelSocket( 1989): offset = 0 remaining = 29 countRead = 0
03-10 13:45:39.147 V/QcrilMsgTunnelSocket( 1989): offset = 0 remaining = 29 countRead = 29
03-10 13:45:39.147 D/QcrilMsgTunnelSocket( 1989): readRilMessage: Buffer = [B@42624370 HexData = [0100000004040000110000005155414c434f4d4def0308000100000002]
03-10 13:45:39.147 V/QcrilMsgTunnelSocket( 1989): Read packet: 29 bytes. Data Available = 32 Position = 0
03-10 13:45:39.147 D/QcrilMsgTunnelSocket( 1989): processResponse. message type = 1. Data Available = 28
03-10 13:45:39.147 D/QcrilMsgTunnelSocket( 1989): ByteArray from parcel = 5155414c434f4d4def0308000100000002
03-10 13:45:39.147 D/QcrilMsgTunnelSocket( 1989): Received RIL_UNSOL_OEM_HOOK_RAW message
03-10 13:45:39.147 D/QcrilMsgTunnelSocket( 1989): Oem ID in RIL_UNSOL_OEM_HOOK_RAW is QUALCOMM
03-10 13:45:39.147 D/QcrilMsgTunnelSocket( 1989): OEM ID check Passed
03-10 13:45:39.147 D/QcrilMsgTunnelSocket( 1989): Response ID in RIL_UNSOL_OEM_HOOK_RAW is 525295
03-10 13:45:39.147 D/QcrilMsgTunnelSocket( 1989): Response ID 525295is not served in this process.
03-10 13:45:39.147 D/QcrilMsgTunnelSocket( 1989): To broadcast an Intent via the notifier to external apps
03-10 13:45:39.147 V/QcrilMsgTunnelSocket( 1989): Before reading offset = 0 remaining = 4 countRead = 0
03-10 13:45:39.147 D/QcrilMsgTunnelIfaceManager( 1989): handleMessage what=0
03-10 13:45:39.147 D/QcrilMsgTunnelIfaceManager( 1989): Broadcasting intent ACTION_UNSOL_RESPONSE_OEM_HOOK_RAW
03-10 13:45:43.926 D/dalvikvm(  990): GC_CONCURRENT freed 385K, 3% free 17391K/17836K, paused 7ms+2ms, total 39ms
03-10 13:45:46.046 V/QcrilMsgTunnelSocket( 1989): After reading offset = 0 remaining = 4 countRead = 4
03-10 13:45:46.046 D/QcrilMsgTunnelSocket( 1989): messageLength extracted from first 4 inputStream reads = 29
03-10 13:45:46.046 V/QcrilMsgTunnelSocket( 1989): offset = 0 remaining = 29 countRead = 0
03-10 13:45:46.076 V/QcrilMsgTunnelSocket( 1989): offset = 0 remaining = 29 countRead = 29
03-10 13:45:46.076 D/QcrilMsgTunnelSocket( 1989): readRilMessage: Buffer = [B@42624370 HexData = [0100000004040000110000005155414c434f4d4def0308000100000001]
03-10 13:45:46.076 V/QcrilMsgTunnelSocket( 1989): Read packet: 29 bytes. Data Available = 32 Position = 0
03-10 13:45:46.076 D/QcrilMsgTunnelSocket( 1989): processResponse. message type = 1. Data Available = 28
03-10 13:45:46.076 D/QcrilMsgTunnelSocket( 1989): ByteArray from parcel = 5155414c434f4d4def0308000100000001
03-10 13:45:46.076 D/QcrilMsgTunnelSocket( 1989): Received RIL_UNSOL_OEM_HOOK_RAW message
03-10 13:45:46.076 D/QcrilMsgTunnelSocket( 1989): Oem ID in RIL_UNSOL_OEM_HOOK_RAW is QUALCOMM
03-10 13:45:46.076 D/QcrilMsgTunnelSocket( 1989): OEM ID check Passed
03-10 13:45:46.076 D/QcrilMsgTunnelSocket( 1989): Response ID in RIL_UNSOL_OEM_HOOK_RAW is 525295
03-10 13:45:46.076 D/QcrilMsgTunnelSocket( 1989): Response ID 525295is not served in this process.
03-10 13:45:46.076 D/QcrilMsgTunnelSocket( 1989): To broadcast an Intent via the notifier to external apps
03-10 13:45:46.076 V/QcrilMsgTunnelSocket( 1989): Before reading offset = 0 remaining = 4 countRead = 0
03-10 13:45:46.076 V/QcrilMsgTunnelSocket( 1989): After reading offset = 0 remaining = 4 countRead = 4
03-10 13:45:46.076 D/QcrilMsgTunnelSocket( 1989): messageLength extracted from first 4 inputStream reads = 29
03-10 13:45:46.076 V/QcrilMsgTunnelSocket( 1989): offset = 0 remaining = 29 countRead = 0
03-10 13:45:46.096 D/QcrilMsgTunnelIfaceManager( 1989): handleMessage what=0
03-10 13:45:46.096 D/QcrilMsgTunnelIfaceManager( 1989): Broadcasting intent ACTION_UNSOL_RESPONSE_OEM_HOOK_RAW
03-10 13:45:46.106 D/AlarmManagerService(  760): Kernel timezone updated to -120 minutes west of GMT
