03-10 17:53:18.900 W/PackageParser(  647): Unknown element under <application>: permission at /system/app/GalleryGoogle.apk Binary XML file line #255
03-10 17:53:18.900 W/PackageParser(  647): Unknown element under <application>: permission at /system/app/GalleryGoogle.apk Binary XML file line #258
03-10 17:53:18.990 D/dalvikvm(  647): GC_CONCURRENT freed 205K, 3% free 11224K/11464K, paused 3ms+3ms, total 28ms
03-10 17:53:18.990 W/PackageParser(  647): Unknown element under <manifest>: supports-gl-texture at /system/app/GoogleEarth.apk Binary XML file line #19
03-10 17:53:19.111 I/PackageManager(  647): Package com.google.android.keep at /system/app/Keep.apk ignored: updated version 2101 better than this 2051
03-10 17:53:19.121 E/kickstart-efsks(  666): RUNNING: '/system/bin/ks -m -w /dev/block/platform/msm_sdcc.1/by-name/ -p /dev/efs_hsic_bridge -t -1 -l'
03-10 17:53:19.131 E/kickstart(  677): Wrote to /sys/power/wake_lock
03-10 17:53:19.131 E/kickstart(  677): Wrote to /sys/power/wake_unlock
03-10 17:53:19.191 I/PackageManager(  647): Package com.google.android.apps.magazines at /system/app/Magazines.apk ignored: updated version 140341352 better than this 131632251
03-10 17:53:19.281 I/PackageManager(  647): Package com.google.android.apps.maps at /system/app/Maps.apk ignored: updated version 706010123 better than this 704001123
03-10 17:53:19.291 D/dalvikvm(  647): GC_CONCURRENT freed 178K, 2% free 11562K/11776K, paused 3ms+3ms, total 36ms
03-10 17:53:19.331 I/PackageManager(  647): Package com.google.android.music at /system/app/Music2.apk ignored: updated version 1413 better than this 1301
03-10 17:53:19.381 I/PackageManager(  647): Package com.google.android.play.games at /system/app/PlayGames.apk ignored: updated version 15080136 better than this 11040130
03-10 17:53:19.481 I/PackageManager(  647): Package com.google.android.apps.plus at /system/app/PlusOne.apk ignored: updated version 413065449 better than this 413004781
03-10 17:53:19.591 I/PackageManager(  647): Package com.google.android.youtube at /system/app/YouTube.apk ignored: updated version 5332 better than this 5227
03-10 17:53:19.631 D/PackageManager(  647): No files in app dir /vendor/app
03-10 17:53:19.671 D/dalvikvm(  647): GC_CONCURRENT freed 237K, 3% free 11876K/12148K, paused 1ms+3ms, total 30ms
03-10 17:53:20.162 W/PackageManager(  647): Package com.dropbox.android has activity com.dropbox.android.activity.SsoCallbackReceiver with priority > 0, forcing to 0
03-10 17:53:20.442 E/QMI_FW  (  188): QMUXD: Service_id=20 not found over conn_id=0
03-10 17:53:20.452 E/QMI_FW  (  188): QMUXD: Service_id=20 not found over conn_id=0
03-10 17:53:20.482 E/QMI_FW  (  188): QMUXD: Service_id=20 not found over conn_id=0
03-10 17:53:20.512 E/QMI_FW  (  188): QMUXD: Service_id=20 not found over conn_id=0
03-10 17:53:20.522 E/QMI_FW  (  188): QMUXD: Service_id=20 not found over conn_id=0
03-10 17:53:20.602 I/AudioFlinger(  188): loadHwModule() Loaded primary audio interface from QCOM Audio HAL (audio) handle 1
03-10 17:53:20.602 I/AudioFlinger(  188): HAL output buffer size 240 frames, normal mix buffer size 960 frames
03-10 17:53:20.612 I/AudioMixer(  188): found effect "Downmixer" from Fraunhofer IIS
03-10 17:53:20.612 E/MonoPipe(  188): Failed to fetch local time frequency when constructing a MonoPipe (res = -32).  getNextWriteTimestamp calls will be non-functional
03-10 17:53:20.622 I/AudioFlinger(  188): Using module 1 has the primary audio interface
03-10 17:53:20.622 I/AudioFlinger(  188): AudioFlinger's thread 0xb5be7008 ready to run
03-10 17:53:20.622 D/audio_hw_primary(  188): out_set_parameters: enter: usecase(1: low-latency-playback) kvpairs: routing=2
03-10 17:53:20.622 I/AudioFlinger(  188): HAL output buffer size 960 frames, normal mix buffer size 960 frames
03-10 17:53:20.622 I/AudioMixer(  188): found effect "Downmixer" from Fraunhofer IIS
03-10 17:53:20.622 I/AudioFlinger(  188): AudioFlinger's thread 0xb595f008 ready to run
03-10 17:53:20.622 D/audio_hw_primary(  188): out_set_parameters: enter: usecase(0: deep-buffer-playback) kvpairs: routing=2
03-10 17:53:20.622 I/audio_a2dp_hw(  188): adev_open:  adev_open in A2dp_hw module
03-10 17:53:20.622 I/AudioFlinger(  188): loadHwModule() Loaded a2dp audio interface from A2DP Audio HW HAL (audio) handle 4
03-10 17:53:20.622 I/AudioFlinger(  188): loadHwModule() Loaded usb audio interface from USB audio HW HAL (audio) handle 5
03-10 17:53:20.632 I/r_submix(  188): adev_open(name=audio_hw_if)
03-10 17:53:20.632 I/r_submix(  188): adev_init_check()
03-10 17:53:20.632 I/AudioFlinger(  188): loadHwModule() Loaded r_submix audio interface from Wifi Display audio HAL (audio) handle 6
03-10 17:53:20.632 I/AudioPolicyService(  188): Loaded audio policy from LEGACY Audio Policy HAL (audio_policy)
03-10 17:53:20.672 W/Binder  (  647): Caught a RuntimeException from the binder stub implementation.
03-10 17:53:20.672 W/Binder  (  647): java.lang.NullPointerException
03-10 17:53:20.672 W/Binder  (  647): 	at com.android.server.power.PowerManagerService.updateWakeLockWorkSource(PowerManagerService.java:770)
03-10 17:53:20.672 W/Binder  (  647): 	at com.android.server.power.PowerManagerService.updateWakeLockUids(PowerManagerService.java:761)
03-10 17:53:20.672 W/Binder  (  647): 	at android.os.IPowerManager$Stub.onTransact(IPowerManager.java:103)
03-10 17:53:20.672 W/Binder  (  647): 	at android.os.Binder.execTransact(Binder.java:404)
03-10 17:53:20.672 W/Binder  (  647): 	at dalvik.system.NativeStart.run(Native Method)
03-10 17:53:20.672 W/Binder  (  647): Caught a RuntimeException from the binder stub implementation.
03-10 17:53:20.672 W/Binder  (  647): java.lang.NullPointerException
03-10 17:53:20.672 W/Binder  (  647): 	at com.android.server.power.PowerManagerService.updateWakeLockWorkSource(PowerManagerService.java:770)
03-10 17:53:20.672 W/Binder  (  647): 	at com.android.server.power.PowerManagerService.updateWakeLockUids(PowerManagerService.java:761)
03-10 17:53:20.672 W/Binder  (  647): 	at android.os.IPowerManager$Stub.onTransact(IPowerManager.java:103)
03-10 17:53:20.672 W/Binder  (  647): 	at android.os.Binder.execTransact(Binder.java:404)
03-10 17:53:20.672 W/Binder  (  647): 	at dalvik.system.NativeStart.run(Native Method)
03-10 17:53:20.822 E/QMI_FW  (  197): QMUXD: Service_id=24 not found over conn_id=0
03-10 17:53:20.822 E/QMI_FW  (  197): QMUXD: Service_id=23 not found over conn_id=0
03-10 17:53:20.822 E/QMI_FW  (  197): QMUXD: Service_id=24 not found over conn_id=0
03-10 17:53:20.842 E/QMI_FW  (  197): QMUXD: Service_id=24 not found over conn_id=0
03-10 17:53:20.842 D/ThermalDaemon(  197): qmi: Instance id 25 for fusion TS
03-10 17:53:20.842 E/QMI_FW  (  197): QMUXD: Service_id=23 not found over conn_id=0
03-10 17:53:20.852 D/ThermalDaemon(  197): qmi: Instance id 25 for fusion TMD
03-10 17:53:20.852 E/QMI_FW  (  197): QMUXD: Service_id=24 not found over conn_id=0
03-10 17:53:20.872 E/QMI_FW  (  197): QMUXD: Service_id=24 not found over conn_id=0
03-10 17:53:20.882 E/QMI_FW  (  197): QMUXD: Service_id=23 not found over conn_id=0
03-10 17:53:20.892 E/QMI_FW  (  197): QMUXD: Service_id=24 not found over conn_id=0
03-10 17:53:20.942 E/QMI_FW  (  197): QMUXD: Service_id=23 not found over conn_id=0
03-10 17:53:20.952 E/QMI_FW  (  197): QMUXD: Service_id=24 not found over conn_id=0
03-10 17:53:20.962 E/QMI_FW  (  197): QMUXD: Service_id=23 not found over conn_id=0
03-10 17:53:20.962 E/QMI_FW  (  197): QMUXD: Service_id=24 not found over conn_id=0
03-10 17:53:20.992 D/ThermalDaemon(  197): Modem thermal sensor service available.
03-10 17:53:21.002 D/ThermalDaemon(  197): Fusion modem thermal mitigation available.
03-10 17:53:21.062 W/PackageManager(  647): Package com.amazon.kindle desires unavailable shared library com.amazon.webview; ignoring!
03-10 17:53:21.062 W/PackageManager(  647): Package com.amazon.kindle desires unavailable shared library com.amazon.dcp.contracts; ignoring!
03-10 17:53:21.062 W/PackageManager(  647): Package com.amazon.kindle desires unavailable shared library com.amazon.dcp.contracts.framework; ignoring!
03-10 17:53:21.062 W/PackageManager(  647): Package com.amazon.kindle desires unavailable shared library com.amazon.client.metrics.api; ignoring!
03-10 17:53:21.283 D/dalvikvm(  647): GC_CONCURRENT freed 327K, 3% free 12271K/12632K, paused 2ms+4ms, total 33ms
03-10 17:53:21.283 D/dalvikvm(  647): WAIT_FOR_CONCURRENT_GC blocked 7ms
03-10 17:53:22.284 W/PackageManager(  647): Permission com.google.android.apps.chrome.permission.CHILD_SERVICE from package com.chrome.beta ignored: original from com.android.chrome
03-10 17:53:22.284 W/PackageManager(  647): Permission com.android.chrome.TOS_ACKED from package com.chrome.beta ignored: original from com.android.chrome
03-10 17:53:22.284 W/PackageManager(  647): Permission com.android.chrome.PRERENDER_URL from package com.chrome.beta ignored: original from com.android.chrome
03-10 17:53:22.544 W/PackageParser(  647): Unknown element under <application>: enable-feature at /data/app/com.facebook.katana-2.apk Binary XML file line #142
03-10 17:53:23.605 D/dalvikvm(  647): GC_CONCURRENT freed 299K, 3% free 12715K/13052K, paused 1ms+3ms, total 37ms
03-10 17:53:23.735 W/PackageManager(  647): Package com.flyersoft.moonreader desires unavailable shared library com.sec.android.app.multiwindow; ignoring!
03-10 17:53:24.145 W/PackageManager(  647): Package com.adobe.reader desires unavailable shared library com.sec.android.app.multiwindow; ignoring!
03-10 17:53:24.246 W/PackageManager(  647): Package com.sportstracklive.stopwatch desires unavailable shared library com.sec.android.app.multiwindow; ignoring!
03-10 17:53:24.476 I/PackageParser(  647): com.android.helloworldjava: compat added android.permission.WRITE_EXTERNAL_STORAGE android.permission.READ_PHONE_STATE
03-10 17:53:24.896 D/dalvikvm(  647): GC_CONCURRENT freed 367K, 3% free 13274K/13680K, paused 2ms+5ms, total 60ms
03-10 17:53:24.896 D/dalvikvm(  647): WAIT_FOR_CONCURRENT_GC blocked 25ms
03-10 17:53:25.247 D/dalvikvm(  647): GC_CONCURRENT freed 193K, 2% free 14140K/14380K, paused 2ms+3ms, total 71ms
03-10 17:53:25.247 D/dalvikvm(  647): WAIT_FOR_CONCURRENT_GC blocked 38ms
03-10 17:53:25.807 W/Resources(  647): Converting to boolean: TypedValue{t=0x3/d=0x57d "true" a=2 r=0x7f090005}
03-10 17:53:26.428 W/PackageManager(  647): Package com.sportstracklive.stopwatch desires unavailable shared library com.sec.android.app.multiwindow; ignoring!
03-10 17:53:26.428 W/PackageManager(  647): Package com.flyersoft.moonreader desires unavailable shared library com.sec.android.app.multiwindow; ignoring!
03-10 17:53:26.428 W/PackageManager(  647): Package com.amazon.kindle desires unavailable shared library com.amazon.webview; ignoring!
03-10 17:53:26.428 W/PackageManager(  647): Package com.amazon.kindle desires unavailable shared library com.amazon.dcp.contracts; ignoring!
03-10 17:53:26.428 W/PackageManager(  647): Package com.amazon.kindle desires unavailable shared library com.amazon.dcp.contracts.framework; ignoring!
03-10 17:53:26.428 W/PackageManager(  647): Package com.amazon.kindle desires unavailable shared library com.amazon.client.metrics.api; ignoring!
03-10 17:53:26.428 W/PackageManager(  647): Package com.adobe.reader desires unavailable shared library com.sec.android.app.multiwindow; ignoring!
03-10 17:53:26.428 W/PackageManager(  647): Package com.google.android.GoogleCamera desires unavailable shared library com.google.android.gestureservice; ignoring!
03-10 17:53:26.428 W/PackageManager(  647): Package com.google.android.GoogleCamera desires unavailable shared library com.google.android.camera2; ignoring!
03-10 17:53:26.438 I/PackageManager(  647): Time to scan packages: 8.813 seconds
03-10 17:53:26.438 W/PackageManager(  647): Unknown permission com.android.smspush.WAPPUSH_MANAGER_BIND in package com.android.phone
03-10 17:53:26.438 W/PackageManager(  647): Unknown permission com.android.vending.billing.IBillingAccountService.BIND2 in package com.google.android.gsf.login
03-10 17:53:26.438 W/PackageManager(  647): Unknown permission com.android.gallery3d.permission.GALLERY_PROVIDER in package com.android.bluetooth
03-10 17:53:26.438 W/PackageManager(  647): Unknown permission android.permission.MMS_SEND_OUTBOX_MSG in package com.android.bluetooth
03-10 17:53:26.438 W/PackageManager(  647): Unknown permission com.google.android.c2dm.permission.REGISTRATION in package com.rovio.angrybirdsfriends
03-10 17:53:26.438 W/PackageManager(  647): Unknown permission android.permission.READ_MEDIA_STORAGE in package com.keramidas.TitaniumBackup
03-10 17:53:26.438 W/PackageManager(  647): Not granting permission android.permission.WRITE_MEDIA_STORAGE to package com.keramidas.TitaniumBackup (protectionLevel=18 flags=0x8be44)
03-10 17:53:26.438 W/PackageManager(  647): Not granting permission com.android.voicemail.permission.READ_WRITE_ALL_VOICEMAIL to package com.keramidas.TitaniumBackup (protectionLevel=18 flags=0x8be44)
03-10 17:53:26.438 W/PackageManager(  647): Unknown permission android.permission.ACCESS_SUPERUSER in package com.keramidas.TitaniumBackup
03-10 17:53:26.438 W/PackageManager(  647): Not granting permission android.permission.BROADCAST_SMS to package com.keramidas.TitaniumBackup (protectionLevel=2 flags=0x8be44)
03-10 17:53:26.438 W/PackageManager(  647): Not granting permission android.permission.BROADCAST_WAP_PUSH to package com.keramidas.TitaniumBackup (protectionLevel=2 flags=0x8be44)
03-10 17:53:26.438 W/PackageManager(  647): Not granting permission android.permission.DEVICE_POWER to package com.google.android.deskclock (protectionLevel=2 flags=0x48be45)
03-10 17:53:26.438 W/PackageManager(  647): Unknown permission android.permission.ACCESS_SUPERUSER in package com.ttxapps.wifiadb
03-10 17:53:26.438 W/PackageManager(  647): Not granting permission android.permission.READ_FRAME_BUFFER to package com.google.android.gms (protectionLevel=18 flags=0x483ec5)
03-10 17:53:26.438 W/PackageManager(  647): Unknown permission android.permission.READ_OWNER_DATA in package com.google.android.setupwizard
03-10 17:53:26.438 W/PackageManager(  647): Unknown permission android.permission.WRITE_OWNER_DATA in package com.google.android.setupwizard
03-10 17:53:26.438 W/PackageManager(  647): Unknown permission android.permission.ACCESS_SUPERUSER in package com.s0up.goomanager
03-10 17:53:26.448 W/PackageManager(  647): Unknown permission com.amazon.dcp.sso.permission.AMAZON_ACCOUNT_PROPERTY in package com.amazon.kindle
03-10 17:53:26.448 W/PackageManager(  647): Unknown permission com.amazon.dcp.metrics.permission.METRICS_PERMISSION in package com.amazon.kindle
03-10 17:53:26.448 W/PackageManager(  647): Unknown permission com.amazon.dcp.config.permission.DYN_CONFIG_VALUES_UPDATED in package com.amazon.kindle
03-10 17:53:26.448 W/PackageManager(  647): Unknown permission com.amazon.dcp.settings.permission.READ_SETTINGS in package com.amazon.kindle
03-10 17:53:26.448 W/PackageManager(  647): Unknown permission com.amazon.identity.permission.GENERIC_IPC in package com.amazon.kindle
03-10 17:53:26.448 W/PackageManager(  647): Unknown permission com.amazon.dcp.sso.permission.USE_DEVICE_CREDENTIALS in package com.amazon.kindle
03-10 17:53:26.448 W/PackageManager(  647): Unknown permission com.amazon.dcp.sso.permission.EXPIRE_ACCESS_TOKEN in package com.amazon.kindle
03-10 17:53:26.448 W/PackageManager(  647): Unknown permission com.amazon.dcp.sso.permission.MANAGE_COR_PFM in package com.amazon.kindle
03-10 17:53:26.448 W/PackageManager(  647): Unknown permission com.amazon.dcp.sso.permission.CUSTOMER_ATTRIBUTE_SERVICE in package com.amazon.kindle
03-10 17:53:26.448 W/PackageManager(  647): Unknown permission amazon.permission.COLLECT_METRICS in package com.amazon.kindle
03-10 17:53:26.448 W/PackageManager(  647): Unknown permission android.permission.ACCESS_SUPERUSER in package jackpal.androidterm
03-10 17:53:26.448 W/PackageManager(  647): Unknown permission com.google.android.voicesearch.SHORTCUTS_ACCESS in package com.google.android.googlequicksearchbox
03-10 17:53:26.448 W/PackageManager(  647): Unknown permission com.google.android.voicesearch.ACCESS_SETTINGS in package com.google.android.googlequicksearchbox
03-10 17:53:26.448 W/PackageManager(  647): Unknown permission com.android.browser.permission.PRELOAD in package com.google.android.googlequicksearchbox
03-10 17:53:26.448 W/PackageManager(  647): Unknown permission com.google.android.apps.googlevoice.permission.AUTO_SEND in package com.google.android.googlequicksearchbox
03-10 17:53:26.448 W/PackageManager(  647): Unknown permission com.facebook.orca.provider.ACCESS in package com.facebook.katana
03-10 17:53:26.448 W/PackageManager(  647): Unknown permission com.amazon.device.messaging.permission.RECEIVE in package com.facebook.katana
03-10 17:53:26.448 W/PackageManager(  647): Not granting permission android.permission.BATTERY_STATS to package com.facebook.katana (protectionLevel=18 flags=0x8be44)
03-10 17:53:26.448 W/PackageManager(  647): Unknown permission com.sec.android.provider.badge.permission.READ in package com.facebook.katana
03-10 17:53:26.448 W/PackageManager(  647): Unknown permission com.sec.android.provider.badge.permission.WRITE in package com.facebook.katana
03-10 17:53:26.448 W/PackageManager(  647): Unknown permission com.htc.launcher.permission.READ_SETTINGS in package com.facebook.katana
03-10 17:53:26.448 W/PackageManager(  647): Unknown permission com.htc.launcher.permission.UPDATE_SHORTCUT in package com.facebook.katana
03-10 17:53:26.448 W/PackageManager(  647): Unknown permission com.sonyericsson.home.permission.BROADCAST_BADGE in package com.facebook.katana
03-10 17:53:26.448 W/PackageManager(  647): Unknown permission com.facebook.home.permission.WRITE_BADGES in package com.facebook.katana
03-10 17:53:26.448 W/PackageManager(  647): Unknown permission com.nokia.pushnotifications.permission.RECEIVE in package com.facebook.katana
03-10 17:53:26.448 W/PackageManager(  647): Unknown permission com.chrome.permission.DEVICE_EXTRAS in package com.chrome.beta
03-10 17:53:26.448 W/PackageManager(  647): Not granting permission com.android.chrome.TOS_ACKED to package com.chrome.beta (protectionLevel=18 flags=0x48be44)
03-10 17:53:26.448 W/PackageManager(  647): Unknown permission com.sec.enterprise.knox.MDM_CONTENT_PROVIDER in package com.chrome.beta
03-10 17:53:26.448 W/PackageManager(  647): Unknown permission android.permission.WRITE_SYNC_STATS in package com.google.android.apps.docs
03-10 17:53:26.448 W/PackageManager(  647): Unknown permission android.permission.ACCESS_SUPERUSER in package com.koushikdutta.rommanager
03-10 17:53:26.458 W/PackageManager(  647): Not granting permission android.permission.SEND_DOWNLOAD_COMPLETED_INTENTS to package com.android.vending (protectionLevel=2 flags=0xabec5)
03-10 17:53:26.458 W/PackageManager(  647): Unknown permission android.permission.SEND_SMS_NO_CONFIRMATION in package com.android.vending
03-10 17:53:26.458 W/PackageManager(  647): Not granting permission android.permission.BIND_WALLPAPER to package com.google.android.GoogleCamera (protectionLevel=18 flags=0x58bc45)
03-10 17:53:26.458 W/PackageManager(  647): Not granting permission android.permission.READ_DREAM_STATE to package com.google.android.gsf (protectionLevel=2 flags=0x40083e45)
03-10 17:53:26.538 D/dalvikvm(  647): GC_CONCURRENT freed 603K, 5% free 14830K/15460K, paused 3ms+3ms, total 71ms
03-10 17:53:26.538 D/dalvikvm(  647): WAIT_FOR_CONCURRENT_GC blocked 56ms
03-10 17:53:26.608 W/PackageSettings(  647): Skipping PackageSetting{41ec7018 com.keramidas.TitaniumBackupPro/10081} due to missing metadata
03-10 17:53:26.608 W/PackageSettings(  647): Skipping PackageSetting{41f50350 com.akiware.andropaspro/10089} due to missing metadata
03-10 17:53:26.698 D/dalvikvm(  647): GC_EXPLICIT freed 510K, 6% free 14636K/15460K, paused 1ms+3ms, total 66ms
03-10 17:53:26.698 I/SystemServer(  647): Entropy Mixer
03-10 17:53:26.698 I/EntropyMixer(  647): Writing entropy...
03-10 17:53:26.718 I/SystemServer(  647): User Service
03-10 17:53:26.718 I/SystemServer(  647): Account Manager
03-10 17:53:26.718 I/SystemServer(  647): Content Manager
03-10 17:53:26.728 I/SystemServer(  647): System Content Providers
03-10 17:53:26.758 I/SystemServer(  647): Lights Service
03-10 17:53:26.758 I/SystemServer(  647): Battery Service
03-10 17:53:26.768 E/ConsumerIrService(  647): Can't open consumer IR HW Module, error: -2
03-10 17:53:26.768 I/libsuspend(  647): Selected early suspend
03-10 17:53:26.768 I/libsuspend(  647): Starting early suspend unblocker thread
03-10 17:53:26.768 E/ANDR-PERF-LOCK(  198): Failed to reset optimization for resource: 4 level: 0
03-10 17:53:26.768 D/PermissionCache(  185): checking android.permission.ACCESS_SURFACE_FLINGER for uid=1000 => granted (396 us)
03-10 17:53:26.768 D/SurfaceFlinger(  185): Screen acquired, type=0 flinger=0xb8574450
03-10 17:53:26.768 D/SurfaceFlinger(  185):  screen was previously acquired
03-10 17:53:26.768 I/SystemServer(  647): Vibrator Service
03-10 17:53:26.768 I/SystemServer(  647): Consumer IR Service
03-10 17:53:26.768 I/SystemServer(  647): Alarm Manager
03-10 17:53:26.778 D/AlarmManagerService(  647): Kernel timezone updated to -120 minutes west of GMT
03-10 17:53:26.778 I/SystemServer(  647): Init Watchdog
03-10 17:53:26.778 I/SystemServer(  647): Input Manager
03-10 17:53:26.778 I/InputManager(  647): Initializing input manager, mUseDevInputEventForAudioJack=false
03-10 17:53:26.778 I/SystemServer(  647): Window Manager
03-10 17:53:26.788 I/WindowManager(  647): No existing display settings /data/system/display_settings.xml; starting empty
03-10 17:53:26.808 D/BluetoothManagerService(  647): Loading stored name and address
03-10 17:53:26.808 D/BluetoothManagerService(  647): Stored bluetooth Name=Nexus 7,Address=BC:EE:7B:4C:A7:72
03-10 17:53:26.808 I/WindowManager(  647): No keyguard interface!
03-10 17:53:26.808 I/InputManager(  647): Starting input manager
03-10 17:53:26.808 I/SystemServer(  647): Bluetooth Manager Service
03-10 17:53:26.808 I/SystemServer(  647): Input Method Service
03-10 17:53:26.818 D/EventHub(  647): No input device configuration file found for device 'gpio-keys'.
03-10 17:53:26.818 W/EventHub(  647): Unable to disable kernel key repeat for /dev/input/event5: Function not implemented
03-10 17:53:26.818 I/EventHub(  647): New device: id=1, fd=93, path='/dev/input/event5', name='gpio-keys', classes=0x1, configuration='', keyLayout='/system/usr/keylayout/Generic.kl', keyCharacterMap='/system/usr/keychars/Generic.kcm', builtinKeyboard=false, usingSuspendBlockIoctl=true, usingClockIoctl=true
03-10 17:53:26.818 D/EventHub(  647): No input device configuration file found for device 'apq8064-tabla-snd-card Headset Jack'.
03-10 17:53:26.818 I/EventHub(  647): New device: id=2, fd=95, path='/dev/input/event3', name='apq8064-tabla-snd-card Headset Jack', classes=0x80, configuration='', keyLayout='', keyCharacterMap='', builtinKeyboard=false, usingSuspendBlockIoctl=true, usingClockIoctl=true
03-10 17:53:26.818 D/EventHub(  647): No input device configuration file found for device 'apq8064-tabla-snd-card Button Jack'.
03-10 17:53:26.818 W/EventHub(  647): Unable to disable kernel key repeat for /dev/input/event2: Function not implemented
03-10 17:53:26.818 I/EventHub(  647): New device: id=3, fd=96, path='/dev/input/event2', name='apq8064-tabla-snd-card Button Jack', classes=0x1, configuration='', keyLayout='/system/usr/keylayout/apq8064-tabla-snd-card_Button_Jack.kl', keyCharacterMap='/system/usr/keychars/apq8064-tabla-snd-card_Button_Jack.kcm', builtinKeyboard=false, usingSuspendBlockIoctl=true, usingClockIoctl=true
03-10 17:53:26.818 D/EventHub(  647): No input device configuration file found for device 'h2w button'.
03-10 17:53:26.818 W/InputMethodManagerService(  647): Couldn't create dir.: /data/system/inputmethod
03-10 17:53:26.828 W/EventHub(  647): Unable to disable kernel key repeat for /dev/input/event4: Function not implemented
03-10 17:53:26.828 I/EventHub(  647): New device: id=4, fd=97, path='/dev/input/event4', name='h2w button', classes=0x1, configuration='', keyLayout='/system/usr/keylayout/Generic.kl', keyCharacterMap='/system/usr/keychars/Generic.kcm', builtinKeyboard=false, usingSuspendBlockIoctl=true, usingClockIoctl=true
03-10 17:53:26.828 D/EventHub(  647): No input device configuration file found for device 'lid_input'.
03-10 17:53:26.828 I/EventHub(  647): New device: id=5, fd=98, path='/dev/input/event1', name='lid_input', classes=0x80, configuration='', keyLayout='', keyCharacterMap='', builtinKeyboard=false, usingSuspendBlockIoctl=true, usingClockIoctl=true
03-10 17:53:26.828 I/EventHub(  647): New device: id=6, fd=99, path='/dev/input/event0', name='elan-touchscreen', classes=0x14, configuration='/system/usr/idc/elan-touchscreen.idc', keyLayout='', keyCharacterMap='', builtinKeyboard=false, usingSuspendBlockIoctl=true, usingClockIoctl=true
03-10 17:53:26.828 E/EventHub(  647): could not get driver version for /dev/input/mice, Not a typewriter
03-10 17:53:26.868 I/SystemServer(  647): Accessibility Manager
03-10 17:53:26.868 I/ActivityManager(  647): Config changes=1df8 {1.0 ?mcc?mnc en_US ldltr sw600dp w600dp h960dp 320dpi lrg port ?uimode ?night -touch -keyb/v/h -nav/h s.2}
03-10 17:53:26.878 I/ActivityManager(  647): Config changes=400 {1.0 ?mcc?mnc en_US ldltr sw600dp w600dp h887dp 320dpi lrg port ?uimode ?night -touch -keyb/v/h -nav/h s.3}
03-10 17:53:26.878 I/SystemServer(  647): Mount Service
03-10 17:53:26.888 I/InputReader(  647): Device added: id=-1, name='Virtual', sources=0x00000301
03-10 17:53:26.888 I/InputReader(  647):   Touch device 'elan-touchscreen' could not query the properties of its associated display.  The device will be inoperable until the display size becomes available.
03-10 17:53:26.888 I/InputReader(  647): Device added: id=6, name='elan-touchscreen', sources=0x00001002
03-10 17:53:26.888 I/InputReader(  647): Device added: id=5, name='lid_input', sources=0x80000000
03-10 17:53:26.888 I/InputReader(  647): Device added: id=4, name='h2w button', sources=0x00000101
03-10 17:53:26.888 I/InputReader(  647): Device added: id=3, name='apq8064-tabla-snd-card Button Jack', sources=0x00000101
03-10 17:53:26.888 I/InputReader(  647): Device added: id=2, name='apq8064-tabla-snd-card Headset Jack', sources=0x80000000
03-10 17:53:26.888 I/InputReader(  647): Device added: id=1, name='gpio-keys', sources=0x00000101
03-10 17:53:26.888 I/InputReader(  647): Reconfiguring input devices.  changes=0x00000004
03-10 17:53:26.888 I/InputReader(  647): Device reconfigured: id=6, name='elan-touchscreen', size 1200x1920, orientation 0, mode 1, display id 0
03-10 17:53:26.888 D/MountService(  647): got storage path: null description: Internal storage primary: false removable: false emulated: true mtpReserve: 100 allowMassStorage: false maxFileSize: 0
03-10 17:53:26.888 D/MountService(  647): addVolumeLocked() StorageVolume:
03-10 17:53:26.888 D/MountService(  647):     mStorageId=65537 mPath=/storage/emulated/0 mDescriptionId=17040662 
03-10 17:53:26.888 D/MountService(  647):     mPrimary=true mRemovable=false mEmulated=true mMtpReserveSpace=100 
03-10 17:53:26.888 D/MountService(  647):     mAllowMassStorage=false mMaxFileSize=0 mOwner=UserHandle{0} mUuid=null 
03-10 17:53:26.888 D/MountService(  647):     mUserLabel=null mState=null 
03-10 17:53:26.888 I/SystemServer(  647): LockSettingsService
03-10 17:53:26.888 I/SystemServer(  647): Device Policy
03-10 17:53:26.888 I/SystemServer(  647): Status Bar
03-10 17:53:26.888 I/SystemServer(  647): Clipboard Service
03-10 17:53:26.888 I/SystemServer(  647): NetworkManagement Service
03-10 17:53:26.888 I/ActivityManager(  647): Config changes=8 {1.0 ?mcc?mnc en_US ldltr sw600dp w600dp h887dp 320dpi lrg port ?uimode ?night finger -keyb/v/h -nav/h s.4}
03-10 17:53:26.898 I/SystemServer(  647): Text Service Manager Service
03-10 17:53:26.898 I/SystemServer(  647): NetworkStats Service
03-10 17:53:26.898 I/SystemServer(  647): NetworkPolicy Service
03-10 17:53:26.908 I/SystemServer(  647): Wi-Fi P2pService
03-10 17:53:26.928 I/SystemServer(  647): Wi-Fi Service
03-10 17:53:26.998 I/SystemServer(  647): Connectivity Service
03-10 17:53:26.998 D/ConnectivityService(  647): ConnectivityService starting up
03-10 17:53:26.998 D/ConnectivityService(  647): wifiOnly=false
03-10 17:53:26.998 E/ConnectivityService(  647): Ignoring protectedNetwork 14
03-10 17:53:27.018 D/BluetoothTethering(  647): startMonitoring: target: Handler (com.android.server.ConnectivityService$NetworkStateTrackerHandler) {424b8a78}
03-10 17:53:27.018 D/BluetoothTethering(  647): startMonitoring: mCsHandler: Handler (com.android.server.ConnectivityService$NetworkStateTrackerHandler) {424b8a78}
03-10 17:53:27.018 D/BluetoothManagerService(  647): Message: 20
03-10 17:53:27.018 D/BluetoothManagerService(  647): Added callback: android.bluetooth.BluetoothAdapter$1@424c2c18:true
03-10 17:53:27.018 D/BluetoothManagerService(  647): Message: 30
03-10 17:53:27.028 W/ContextImpl(  647): Calling a method in the system process without a qualified user: android.app.ContextImpl.bindService:1543 android.bluetooth.BluetoothPan.doBind:149 android.bluetooth.BluetoothPan.<init>:141 android.bluetooth.BluetoothAdapter.getProfileProxy:1190 android.bluetooth.BluetoothTetheringDataTracker.startMonitoring:116 
03-10 17:53:27.028 E/MobileDataStateTracker(  647): default: Ignoring feature request because could not acquire PhoneService
03-10 17:53:27.028 E/MobileDataStateTracker(  647): default: Could not enable APN type "default"
03-10 17:53:27.038 D/WifiController(  647): WifiController msg { when=0 what=155656 target=com.android.internal.util.StateMachine$SmHandler } deferred for 460ms
03-10 17:53:27.038 I/WifiService(  647): WifiService starting up with Wi-Fi enabled
03-10 17:53:27.038 D/WifiService(  647): setWifiEnabled: true pid=647, uid=1000
03-10 17:53:27.048 I/SystemServer(  647): Network Service Discovery Service
03-10 17:53:27.048 D/NsdService(  647): Network service discovery enabled true
03-10 17:53:27.048 I/SystemServer(  647): UpdateLock Service
03-10 17:53:27.108 W/PackageManager(  647): Unknown permission com.android.smspush.WAPPUSH_MANAGER_BIND in package com.android.phone
03-10 17:53:27.108 W/PackageManager(  647): Unknown permission com.android.vending.billing.IBillingAccountService.BIND2 in package com.google.android.gsf.login
03-10 17:53:27.108 W/PackageManager(  647): Unknown permission com.android.gallery3d.permission.GALLERY_PROVIDER in package com.android.bluetooth
03-10 17:53:27.108 W/PackageManager(  647): Unknown permission android.permission.MMS_SEND_OUTBOX_MSG in package com.android.bluetooth
03-10 17:53:27.108 W/PackageManager(  647): Unknown permission com.google.android.c2dm.permission.REGISTRATION in package com.rovio.angrybirdsfriends
03-10 17:53:27.108 W/PackageManager(  647): Unknown permission android.permission.READ_MEDIA_STORAGE in package com.keramidas.TitaniumBackup
03-10 17:53:27.108 W/PackageManager(  647): Not granting permission android.permission.WRITE_MEDIA_STORAGE to package com.keramidas.TitaniumBackup (protectionLevel=18 flags=0x8be44)
03-10 17:53:27.108 W/PackageManager(  647): Not granting permission com.android.voicemail.permission.READ_WRITE_ALL_VOICEMAIL to package com.keramidas.TitaniumBackup (protectionLevel=18 flags=0x8be44)
03-10 17:53:27.108 W/PackageManager(  647): Unknown permission android.permission.ACCESS_SUPERUSER in package com.keramidas.TitaniumBackup
03-10 17:53:27.108 W/PackageManager(  647): Not granting permission android.permission.BROADCAST_SMS to package com.keramidas.TitaniumBackup (protectionLevel=2 flags=0x8be44)
03-10 17:53:27.108 W/PackageManager(  647): Not granting permission android.permission.BROADCAST_WAP_PUSH to package com.keramidas.TitaniumBackup (protectionLevel=2 flags=0x8be44)
03-10 17:53:27.108 W/PackageManager(  647): Not granting permission android.permission.DEVICE_POWER to package com.google.android.deskclock (protectionLevel=2 flags=0x48be45)
03-10 17:53:27.108 W/PackageManager(  647): Unknown permission android.permission.ACCESS_SUPERUSER in package com.ttxapps.wifiadb
03-10 17:53:27.108 W/PackageManager(  647): Not granting permission android.permission.READ_FRAME_BUFFER to package com.google.android.gms (protectionLevel=18 flags=0x483ec5)
03-10 17:53:27.108 W/PackageManager(  647): Unknown permission android.permission.READ_OWNER_DATA in package com.google.android.setupwizard
03-10 17:53:27.108 W/PackageManager(  647): Unknown permission android.permission.WRITE_OWNER_DATA in package com.google.android.setupwizard
03-10 17:53:27.108 W/PackageManager(  647): Unknown permission android.permission.ACCESS_SUPERUSER in package com.s0up.goomanager
03-10 17:53:27.108 W/PackageManager(  647): Unknown permission com.amazon.dcp.sso.permission.AMAZON_ACCOUNT_PROPERTY in package com.amazon.kindle
03-10 17:53:27.108 W/PackageManager(  647): Unknown permission com.amazon.dcp.metrics.permission.METRICS_PERMISSION in package com.amazon.kindle
03-10 17:53:27.108 W/PackageManager(  647): Unknown permission com.amazon.dcp.config.permission.DYN_CONFIG_VALUES_UPDATED in package com.amazon.kindle
03-10 17:53:27.108 W/PackageManager(  647): Unknown permission com.amazon.dcp.settings.permission.READ_SETTINGS in package com.amazon.kindle
03-10 17:53:27.108 W/PackageManager(  647): Unknown permission com.amazon.identity.permission.GENERIC_IPC in package com.amazon.kindle
03-10 17:53:27.108 W/PackageManager(  647): Unknown permission com.amazon.dcp.sso.permission.USE_DEVICE_CREDENTIALS in package com.amazon.kindle
03-10 17:53:27.108 W/PackageManager(  647): Unknown permission com.amazon.dcp.sso.permission.EXPIRE_ACCESS_TOKEN in package com.amazon.kindle
03-10 17:53:27.108 W/PackageManager(  647): Unknown permission com.amazon.dcp.sso.permission.MANAGE_COR_PFM in package com.amazon.kindle
03-10 17:53:27.108 W/PackageManager(  647): Unknown permission com.amazon.dcp.sso.permission.CUSTOMER_ATTRIBUTE_SERVICE in package com.amazon.kindle
03-10 17:53:27.108 W/PackageManager(  647): Unknown permission amazon.permission.COLLECT_METRICS in package com.amazon.kindle
03-10 17:53:27.108 W/PackageManager(  647): Unknown permission android.permission.ACCESS_SUPERUSER in package jackpal.androidterm
03-10 17:53:27.118 W/PackageManager(  647): Unknown permission com.google.android.voicesearch.SHORTCUTS_ACCESS in package com.google.android.googlequicksearchbox
03-10 17:53:27.118 W/PackageManager(  647): Unknown permission com.google.android.voicesearch.ACCESS_SETTINGS in package com.google.android.googlequicksearchbox
03-10 17:53:27.118 W/PackageManager(  647): Unknown permission com.android.browser.permission.PRELOAD in package com.google.android.googlequicksearchbox
03-10 17:53:27.118 W/PackageManager(  647): Unknown permission com.google.android.apps.googlevoice.permission.AUTO_SEND in package com.google.android.googlequicksearchbox
03-10 17:53:27.118 W/PackageManager(  647): Unknown permission com.facebook.orca.provider.ACCESS in package com.facebook.katana
03-10 17:53:27.118 W/PackageManager(  647): Unknown permission com.amazon.device.messaging.permission.RECEIVE in package com.facebook.katana
03-10 17:53:27.118 W/PackageManager(  647): Not granting permission android.permission.BATTERY_STATS to package com.facebook.katana (protectionLevel=18 flags=0x8be44)
03-10 17:53:27.118 W/PackageManager(  647): Unknown permission com.sec.android.provider.badge.permission.READ in package com.facebook.katana
03-10 17:53:27.118 W/PackageManager(  647): Unknown permission com.sec.android.provider.badge.permission.WRITE in package com.facebook.katana
03-10 17:53:27.118 W/PackageManager(  647): Unknown permission com.htc.launcher.permission.READ_SETTINGS in package com.facebook.katana
03-10 17:53:27.118 W/PackageManager(  647): Unknown permission com.htc.launcher.permission.UPDATE_SHORTCUT in package com.facebook.katana
03-10 17:53:27.118 W/PackageManager(  647): Unknown permission com.sonyericsson.home.permission.BROADCAST_BADGE in package com.facebook.katana
03-10 17:53:27.118 W/PackageManager(  647): Unknown permission com.facebook.home.permission.WRITE_BADGES in package com.facebook.katana
03-10 17:53:27.118 W/PackageManager(  647): Unknown permission com.nokia.pushnotifications.permission.RECEIVE in package com.facebook.katana
03-10 17:53:27.118 W/PackageManager(  647): Unknown permission com.chrome.permission.DEVICE_EXTRAS in package com.chrome.beta
03-10 17:53:27.118 W/PackageManager(  647): Not granting permission com.android.chrome.TOS_ACKED to package com.chrome.beta (protectionLevel=18 flags=0x48be44)
03-10 17:53:27.118 W/PackageManager(  647): Unknown permission com.sec.enterprise.knox.MDM_CONTENT_PROVIDER in package com.chrome.beta
03-10 17:53:27.118 W/PackageManager(  647): Unknown permission android.permission.WRITE_SYNC_STATS in package com.google.android.apps.docs
03-10 17:53:27.118 W/PackageManager(  647): Unknown permission android.permission.ACCESS_SUPERUSER in package com.koushikdutta.rommanager
03-10 17:53:27.118 W/PackageManager(  647): Not granting permission android.permission.SEND_DOWNLOAD_COMPLETED_INTENTS to package com.android.vending (protectionLevel=2 flags=0xabec5)
03-10 17:53:27.118 W/PackageManager(  647): Unknown permission android.permission.SEND_SMS_NO_CONFIRMATION in package com.android.vending
03-10 17:53:27.118 W/PackageManager(  647): Not granting permission android.permission.BIND_WALLPAPER to package com.google.android.GoogleCamera (protectionLevel=18 flags=0x58bc45)
03-10 17:53:27.118 W/PackageManager(  647): Not granting permission android.permission.READ_DREAM_STATE to package com.google.android.gsf (protectionLevel=2 flags=0x40083e45)
03-10 17:53:27.218 D/dalvikvm(  647): GC_CONCURRENT freed 842K, 6% free 15213K/16092K, paused 4ms+3ms, total 71ms
03-10 17:53:27.218 D/dalvikvm(  647): WAIT_FOR_CONCURRENT_GC blocked 30ms
03-10 17:53:27.218 D/dalvikvm(  647): WAIT_FOR_CONCURRENT_GC blocked 33ms
03-10 17:53:27.339 D/dalvikvm(  647): GC_EXPLICIT freed 310K, 6% free 15171K/16092K, paused 2ms+4ms, total 73ms
03-10 17:53:27.389 I/SystemServer(  647): Notification Manager
03-10 17:53:27.389 I/SystemServer(  647): Device Storage Monitor
03-10 17:53:27.389 I/SystemServer(  647): Location Manager
03-10 17:53:27.399 I/SystemServer(  647): Country Detector
03-10 17:53:27.399 I/SystemServer(  647): Search Service
03-10 17:53:27.399 I/SystemServer(  647): DropBox Service
03-10 17:53:27.399 I/SystemServer(  647): Wallpaper Service
03-10 17:53:27.399 I/SystemServer(  647): Audio Service
03-10 17:53:27.449 V/AudioService(  647): monitoring device rotation, initial=0
03-10 17:53:27.449 I/SystemServer(  647): Dock Observer
03-10 17:53:27.449 W/DockObserver(  647): This kernel does not have dock station support
03-10 17:53:27.449 I/SystemServer(  647): Wired Accessory Manager
03-10 17:53:27.459 I/SystemServer(  647): USB Service
03-10 17:53:27.459 I/SystemServer(  647): Serial Service
03-10 17:53:27.459 I/SystemServer(  647): Twilight Service
03-10 17:53:27.459 I/SystemServer(  647): UI Mode Manager Service
03-10 17:53:27.459 I/SystemServer(  647): Backup Service
03-10 17:53:27.469 V/BackupManagerService(  647): Initializing package tracking
03-10 17:53:27.499 D/WifiController(  647): DEFERRED_TOGGLE handled
03-10 17:53:27.519 V/BackupManagerService(  647): addPackageParticipantsLocked: all
03-10 17:53:27.519 I/BackupManagerService(  647): Scheduling backup for new app org.connectbot
03-10 17:53:27.519 D/BackupManagerService(  647): Now staging backup of org.connectbot
03-10 17:53:27.529 D/Tethering(  647): sendTetherStateChangedBroadcast 0, 0, 0
03-10 17:53:27.529 D/Tethering(  647): InitialState.processMessage what=4
03-10 17:53:27.529 I/BackupManagerService(  647): Scheduling backup for new app com.android.sharedstoragebackup
03-10 17:53:27.529 D/BackupManagerService(  647): Now staging backup of com.android.sharedstoragebackup
03-10 17:53:27.529 I/BackupManagerService(  647): Scheduling backup for new app com.google.android.marvin.talkback
03-10 17:53:27.529 D/BackupManagerService(  647): Now staging backup of com.google.android.marvin.talkback
03-10 17:53:27.539 D/SoftapController(  182): Softap fwReload - Ok
03-10 17:53:27.539 D/Tethering(  647): sendTetherStateChangedBroadcast 0, 0, 0
03-10 17:53:27.539 D/CommandListener(  182): Setting iface cfg
03-10 17:53:27.539 D/CommandListener(  182): Trying to bring down wlan0
03-10 17:53:27.539 I/BackupManagerService(  647): Scheduling backup for new app com.google.android.googlequicksearchbox
03-10 17:53:27.539 D/BackupManagerService(  647): Now staging backup of com.google.android.googlequicksearchbox
03-10 17:53:27.539 I/BackupManagerService(  647): Scheduling backup for new app com.google.android.inputmethod.latin
03-10 17:53:27.539 D/BackupManagerService(  647): Now staging backup of com.google.android.inputmethod.latin
03-10 17:53:27.549 I/BackupManagerService(  647): Scheduling backup for new app com.android.providers.settings
03-10 17:53:27.549 D/BackupManagerService(  647): Now staging backup of com.android.providers.settings
03-10 17:53:27.549 I/BackupManagerService(  647): Scheduling backup for new app com.google.android.talk
03-10 17:53:27.549 D/BackupManagerService(  647): Now staging backup of com.google.android.talk
03-10 17:53:27.549 I/BackupManagerService(  647): Scheduling backup for new app com.android.nfc
03-10 17:53:27.549 D/BackupManagerService(  647): Now staging backup of com.android.nfc
03-10 17:53:27.549 I/BackupManagerService(  647): Scheduling backup for new app com.android.providers.userdictionary
03-10 17:53:27.549 D/BackupManagerService(  647): Now staging backup of com.android.providers.userdictionary
03-10 17:53:27.559 I/BackupManagerService(  647): Scheduling backup for new app android
03-10 17:53:27.559 D/BackupManagerService(  647): Now staging backup of android
03-10 17:53:27.559 I/BackupManagerService(  647): Scheduling backup for new app com.android.vending
03-10 17:53:27.559 D/BackupManagerService(  647): Now staging backup of com.android.vending
03-10 17:53:27.569 I/BackupManagerService(  647): Scheduling backup for new app com.google.android.gm
03-10 17:53:27.569 D/BackupManagerService(  647): Now staging backup of com.google.android.gm
03-10 17:53:27.569 I/BackupManagerService(  647): Scheduling backup for new app com.google.android.calendar
03-10 17:53:27.569 D/BackupManagerService(  647): Now staging backup of com.google.android.calendar
03-10 17:53:27.569 V/BackupManagerService(  647): Starting with transport com.google.android.backup/.BackupTransportService
03-10 17:53:27.569 V/BackupManagerService(  647): Found transports: 2
03-10 17:53:27.569 I/BackupManagerService(  647): Binding to transport host ComponentInfo{android/com.android.internal.backup.LocalTransportService}
03-10 17:53:27.569 I/BackupManagerService(  647): Binding to transport host ComponentInfo{com.google.android.backuptransport/com.google.android.backup.BackupTransportService}
03-10 17:53:27.569 I/BackupManagerService(  647): Found stale backup journal, scheduling
03-10 17:53:27.579 I/BackupManagerService(  647):   org.connectbot
03-10 17:53:27.579 I/BackupManagerService(  647):   com.android.sharedstoragebackup
03-10 17:53:27.579 I/BackupManagerService(  647):   com.google.android.marvin.talkback
03-10 17:53:27.579 I/BackupManagerService(  647):   com.google.android.googlequicksearchbox
03-10 17:53:27.579 I/BackupManagerService(  647):   com.google.android.inputmethod.latin
03-10 17:53:27.579 I/BackupManagerService(  647):   com.android.providers.settings
03-10 17:53:27.579 I/BackupManagerService(  647):   com.google.android.talk
03-10 17:53:27.579 I/BackupManagerService(  647):   com.android.nfc
03-10 17:53:27.579 I/BackupManagerService(  647):   com.android.providers.userdictionary
03-10 17:53:27.579 I/BackupManagerService(  647):   android
03-10 17:53:27.579 I/BackupManagerService(  647):   com.android.vending
03-10 17:53:27.579 I/BackupManagerService(  647):   com.google.android.gm
03-10 17:53:27.579 I/BackupManagerService(  647):   com.google.android.calendar
03-10 17:53:27.579 I/BackupManagerService(  647): Backup enabled => true
03-10 17:53:27.579 I/SystemServer(  647): AppWidget Service
03-10 17:53:27.579 I/SystemServer(  647): Recognition Service
03-10 17:53:27.579 I/SystemServer(  647): DiskStats Service
03-10 17:53:27.579 I/SystemServer(  647): SamplingProfiler Service
03-10 17:53:27.579 I/SystemServer(  647): NetworkTimeUpdateService
03-10 17:53:27.579 I/SystemServer(  647): CommonTimeManagementService
03-10 17:53:27.579 I/SystemServer(  647): CertBlacklister
03-10 17:53:27.579 I/SystemServer(  647): Dreams Service
03-10 17:53:27.579 I/SystemServer(  647): Assets Atlas Service
03-10 17:53:27.589 D/Atlas   (  647): Loaded configuration: SliceMinArea (1216x1408) flags=0x2 count=265
03-10 17:53:27.589 I/SystemServer(  647): IdleMaintenanceService
03-10 17:53:27.589 I/SystemServer(  647): Print Service
03-10 17:53:27.599 I/WindowManager(  647): SAFE MODE not enabled
03-10 17:53:27.599 D/dalvikvm(  647): JIT started for system_server
03-10 17:53:27.599 I/SystemServer(  647): Media Router Service
03-10 17:53:27.639 I/Zygote  (  647): Process: zygote socket opened
03-10 17:53:27.659 V/KeyguardServiceDelegate(  647): *** Keyguard started
03-10 17:53:27.659 V/KeyguardServiceDelegate(  647): onSystemReady() called before keyguard service was ready
03-10 17:53:27.659 D/WifiMonitor(  647): startMonitoring(wlan0) with mConnected = false
03-10 17:53:27.659 I/ActivityManager(  647): Start proc com.android.systemui for service com.android.keyguard/.KeyguardService: pid=754 uid=10097 gids={50097, 1028, 1015, 3002, 3001}
03-10 17:53:27.689 I/wpa_supplicant(  757): Successfully initialized wpa_supplicant
03-10 17:53:27.689 I/wpa_supplicant(  757): rfkill: Cannot open RFKILL control device
03-10 17:53:27.699 I/Adreno-EGL(  647): <qeglDrvAPI_eglInitialize:320>: EGL 1.4 QUALCOMM Build: I0404c4692afb8623f95c43aeb6d5e13ed4b30ddbDate: 11/06/13
03-10 17:53:27.719 I/AppOps  (  647): Pruning old package media/1013: new uid=-1
03-10 17:53:27.719 I/ActivityManager(  647): System now ready
03-10 17:53:27.719 I/SystemServer(  647): Making services ready
03-10 17:53:27.729 D/NetworkManagementService(  647): enabling bandwidth control
03-10 17:53:27.729 W/MountService(  647): Duplicate state transition (mounted -> mounted) for /storage/emulated/0
03-10 17:53:27.749 D/Atlas   (  647): Rendered atlas in 137.42ms (76.63+60.79ms)
03-10 17:53:27.779 V/KeyguardService(  754): onCreate()
03-10 17:53:27.789 E/OMXMaster(  188): A component of name 'OMX.qcom.audio.decoder.aac' already exists, ignoring this one.
03-10 17:53:27.819 D/SystemUIService(  754): loading: class com.android.systemui.recent.Recents
03-10 17:53:27.819 D/SystemUIService(  754): running: com.android.systemui.recent.Recents@41e84d10
03-10 17:53:27.819 D/SystemUIService(  754): loading: class com.android.systemui.statusbar.SystemBars
03-10 17:53:27.819 D/SystemUIService(  754): running: com.android.systemui.statusbar.SystemBars@41e852f8
03-10 17:53:27.819 D/SystemUIService(  754): loading: class com.android.systemui.usb.StorageNotification
03-10 17:53:27.819 D/SystemUIService(  754): running: com.android.systemui.usb.StorageNotification@41e870b8
03-10 17:53:27.829 D/SystemUIService(  754): loading: class com.android.systemui.power.PowerUI
03-10 17:53:27.839 D/SystemUIService(  754): running: com.android.systemui.power.PowerUI@41e88778
03-10 17:53:27.839 D/SystemUIService(  754): loading: class com.android.systemui.media.RingtonePlayer
03-10 17:53:27.839 D/SystemUIService(  754): running: com.android.systemui.media.RingtonePlayer@41e897b0
03-10 17:53:27.839 D/SystemUIService(  754): loading: class com.android.systemui.settings.SettingsUI
03-10 17:53:27.839 D/SystemUIService(  754): running: com.android.systemui.settings.SettingsUI@41e8ab80
03-10 17:53:27.889 D/PhoneStatusBar(  754): mSettingsPanelGravity = 8388661
03-10 17:53:27.889 I/StatusBarManagerService(  647): registerStatusBar bar=com.android.internal.statusbar.IStatusBar$Stub$Proxy@42098ef8
03-10 17:53:27.969 D/dalvikvm(  754): GC_CONCURRENT freed 130K, 2% free 9279K/9440K, paused 3ms+9ms, total 28ms
03-10 17:53:28.019 D/dalvikvm(  754): GC_FOR_ALLOC freed 27K, 2% free 9611K/9736K, paused 10ms, total 10ms
03-10 17:53:28.049 D/dalvikvm(  754): GC_FOR_ALLOC freed 11K, 2% free 9924K/10048K, paused 11ms, total 11ms
03-10 17:53:28.059 D/dalvikvm(  754): GC_FOR_ALLOC freed 1K, 2% free 10300K/10420K, paused 11ms, total 11ms
03-10 17:53:28.069 W/BroadcastQueue(  647): Permission Denial: broadcasting Intent { act=android.net.conn.TETHER_STATE_CHANGED flg=0x64000010 (has extras) } from null (pid=-1, uid=-1) requires android.permission.CONNECTIVITY_INTERNAL due to registered receiver BroadcastFilter{425e9938 u0 ReceiverList{425e98d8 647 system/1000/u0 local:425e96c0}}
03-10 17:53:28.079 V/PhoneStatusBar/NavigationBarView(  754): touchEnabled:false
03-10 17:53:28.109 D/BluetoothManagerService(  647): Message: 20
03-10 17:53:28.109 D/BluetoothManagerService(  647): Added callback: android.bluetooth.IBluetoothManagerCallback$Stub$Proxy@4204ab50:true
03-10 17:53:28.109 D/BluetoothAdapter(  754): 1107336952: getState() :  mService = null. Returning STATE_OFF
03-10 17:53:28.109 D/BluetoothAdapter(  754): 1107336952: getState() :  mService = null. Returning STATE_OFF
03-10 17:53:28.119 D/dalvikvm(  647): GC_CONCURRENT freed 1026K, 7% free 15681K/16752K, paused 3ms+3ms, total 75ms
03-10 17:53:28.119 D/dalvikvm(  647): WAIT_FOR_CONCURRENT_GC blocked 7ms
03-10 17:53:28.129 D/dalvikvm(  754): GC_CONCURRENT freed 47K, 1% free 10642K/10720K, paused 3ms+1ms, total 15ms
03-10 17:53:28.159 I/ActivityManager(  647): Config changes=200 {1.0 ?mcc?mnc en_US ldltr sw600dp w600dp h887dp 320dpi lrg port finger -keyb/v/h -nav/h s.5}
