03-10 17:58:16.428 D/dalvikvm(  186): GC_EXPLICIT freed 40K, 1% free 8980K/9056K, paused 1ms+2ms, total 21ms
03-10 17:58:16.438 D/dalvikvm(  186): GC_EXPLICIT freed <1K, 1% free 8980K/9056K, paused 1ms+2ms, total 17ms
03-10 17:58:16.458 D/dalvikvm(  186): GC_EXPLICIT freed <1K, 1% free 8980K/9056K, paused 1ms+3ms, total 20ms
03-10 17:58:16.508 D/dalvikvm( 2687): GC_CONCURRENT freed 206K, 3% free 9213K/9452K, paused 3ms+3ms, total 24ms
03-10 17:58:16.648 D/dalvikvm( 2687): GC_CONCURRENT freed 219K, 3% free 9419K/9672K, paused 3ms+1ms, total 19ms
03-10 17:58:16.748 D/dalvikvm( 2687): GC_CONCURRENT freed 231K, 3% free 9646K/9912K, paused 1ms+3ms, total 21ms
03-10 17:58:16.868 D/dalvikvm( 2687): GC_CONCURRENT freed 232K, 3% free 9872K/10136K, paused 1ms+3ms, total 25ms
03-10 17:58:17.049 D/dalvikvm( 2687): GC_CONCURRENT freed 313K, 4% free 10027K/10356K, paused 2ms+3ms, total 38ms
03-10 17:58:17.199 D/dalvikvm( 2687): GC_CONCURRENT freed 358K, 4% free 10128K/10528K, paused 1ms+3ms, total 28ms
03-10 17:58:17.249 I/dalvikvm( 2687): Could not find method java.beans.Introspector.getBeanInfo, referenced from method clojure.core$bean.invoke
03-10 17:58:17.249 W/dalvikvm( 2687): VFY: unable to resolve static method 13119: Ljava/beans/Introspector;.getBeanInfo (Ljava/lang/Class;)Ljava/beans/BeanInfo;
03-10 17:58:17.249 D/dalvikvm( 2687): VFY: replacing opcode 0x71 at 0x0021
03-10 17:58:17.339 D/dalvikvm( 2687): GC_CONCURRENT freed 343K, 4% free 10291K/10668K, paused 1ms+3ms, total 30ms
03-10 17:58:17.439 D/dalvikvm( 2687): GC_CONCURRENT freed 402K, 4% free 10403K/10836K, paused 2ms+3ms, total 31ms
03-10 17:58:17.439 D/dalvikvm( 2687): WAIT_FOR_CONCURRENT_GC blocked 7ms
03-10 17:58:17.539 D/dalvikvm( 2687): GC_CONCURRENT freed 432K, 5% free 10446K/10912K, paused 2ms+3ms, total 27ms
03-10 17:58:17.659 D/dalvikvm( 2687): GC_CONCURRENT freed 452K, 5% free 10505K/10988K, paused 1ms+2ms, total 33ms
03-10 17:58:17.659 D/dalvikvm( 2687): WAIT_FOR_CONCURRENT_GC blocked 11ms
03-10 17:58:17.749 D/dalvikvm( 2687): GC_CONCURRENT freed 453K, 5% free 10555K/11040K, paused 2ms+2ms, total 30ms
03-10 17:58:17.859 D/dalvikvm( 2687): GC_CONCURRENT freed 518K, 5% free 10566K/11116K, paused 2ms+2ms, total 39ms
03-10 17:58:17.859 D/dalvikvm( 2687): WAIT_FOR_CONCURRENT_GC blocked 15ms
03-10 17:58:17.970 D/dalvikvm( 2687): GC_CONCURRENT freed 470K, 5% free 10627K/11128K, paused 3ms+2ms, total 29ms
03-10 17:58:17.970 D/dalvikvm( 2687): WAIT_FOR_CONCURRENT_GC blocked 5ms
03-10 17:58:18.080 D/dalvikvm( 2687): GC_CONCURRENT freed 486K, 5% free 10694K/11212K, paused 3ms+3ms, total 36ms
03-10 17:58:18.080 D/dalvikvm( 2687): WAIT_FOR_CONCURRENT_GC blocked 10ms
03-10 17:58:18.190 D/dalvikvm( 2687): GC_CONCURRENT freed 552K, 6% free 10716K/11300K, paused 2ms+2ms, total 33ms
03-10 17:58:18.190 D/dalvikvm( 2687): WAIT_FOR_CONCURRENT_GC blocked 9ms
03-10 17:58:18.330 D/dalvikvm( 2687): GC_CONCURRENT freed 458K, 5% free 10797K/11324K, paused 2ms+3ms, total 41ms
03-10 17:58:18.330 D/dalvikvm( 2687): WAIT_FOR_CONCURRENT_GC blocked 33ms
03-10 17:58:18.470 D/dalvikvm( 2687): GC_CONCURRENT freed 476K, 5% free 10928K/11436K, paused 3ms+2ms, total 31ms
03-10 17:58:18.470 D/dalvikvm( 2687): WAIT_FOR_CONCURRENT_GC blocked 6ms
03-10 17:58:18.600 D/dalvikvm( 2687): GC_CONCURRENT freed 572K, 6% free 11009K/11612K, paused 1ms+3ms, total 37ms
03-10 17:58:18.600 D/dalvikvm( 2687): WAIT_FOR_CONCURRENT_GC blocked 23ms
03-10 17:58:18.700 D/dalvikvm( 2687): GC_CONCURRENT freed 615K, 6% free 11074K/11720K, paused 2ms+2ms, total 42ms
03-10 17:58:18.700 D/dalvikvm( 2687): WAIT_FOR_CONCURRENT_GC blocked 25ms
03-10 17:58:18.810 D/dalvikvm( 2687): GC_CONCURRENT freed 537K, 6% free 11158K/11776K, paused 3ms+2ms, total 37ms
03-10 17:58:18.810 D/dalvikvm( 2687): WAIT_FOR_CONCURRENT_GC blocked 27ms
03-10 17:58:18.840 I/Adreno-EGL( 2687): <qeglDrvAPI_eglInitialize:320>: EGL 1.4 QUALCOMM Build: I0404c4692afb8623f95c43aeb6d5e13ed4b30ddbDate: 11/06/13
03-10 17:58:18.870 D/OpenGLRenderer( 2687): Enabling debug mode 0
03-10 17:58:18.941 I/ActivityManager(  647): Displayed com.android.helloworldminimal/.HelloWorld: +2s546ms
03-10 17:58:36.948 D/AndroidRuntime( 2702): 
03-10 17:58:36.948 D/AndroidRuntime( 2702): >>>>>> AndroidRuntime START com.android.internal.os.RuntimeInit <<<<<<
03-10 17:58:36.948 D/AndroidRuntime( 2702): CheckJNI is OFF
03-10 17:58:36.968 D/dalvikvm( 2702): Trying to load lib libjavacore.so 0x0
03-10 17:58:36.968 D/dalvikvm( 2702): Added shared lib libjavacore.so 0x0
03-10 17:58:36.968 D/dalvikvm( 2702): Trying to load lib libnativehelper.so 0x0
03-10 17:58:36.968 D/dalvikvm( 2702): Added shared lib libnativehelper.so 0x0
03-10 17:58:36.968 D/dalvikvm( 2702): No JNI_OnLoad found in libnativehelper.so 0x0, skipping init
03-10 17:58:37.008 D/dalvikvm( 2702): Note: class Landroid/app/ActivityManagerNative; has 179 unimplemented (abstract) methods
03-10 17:58:37.208 D/AndroidRuntime( 2702): Calling main entry com.android.commands.am.Am
03-10 17:58:37.208 I/ActivityManager(  647): Force stopping com.android.helloworldminimal appid=10120 user=0: from pid 2702
03-10 17:58:37.208 I/ActivityManager(  647): Killing 2687:com.android.helloworldminimal/u0a120 (adj 0): stop com.android.helloworldminimal
03-10 17:58:37.208 W/ActivityManager(  647): Force removing ActivityRecord{427620b0 u0 com.android.helloworldminimal/.HelloWorld t10}: app died, no saved state
03-10 17:58:37.218 W/InputDispatcher(  647): channel '42765848 com.android.helloworldminimal/com.android.helloworldminimal.HelloWorld (server)' ~ Consumer closed input channel or an error occurred.  events=0x9
03-10 17:58:37.218 E/InputDispatcher(  647): channel '42765848 com.android.helloworldminimal/com.android.helloworldminimal.HelloWorld (server)' ~ Channel is unrecoverably broken and will be disposed!
03-10 17:58:37.218 W/WindowManager(  647): Rebuild removed 2 windows but added 1
03-10 17:58:37.218 W/WindowManager(  647): java.lang.RuntimeException: here
03-10 17:58:37.218 W/WindowManager(  647): 	at com.android.server.wm.WindowManagerService.rebuildAppWindowListLocked(WindowManagerService.java:8011)
03-10 17:58:37.218 W/WindowManager(  647): 	at com.android.server.wm.WindowManagerService.rebuildAppWindowListLocked(WindowManagerService.java:7947)
03-10 17:58:37.218 W/WindowManager(  647): 	at com.android.server.wm.WindowManagerService.handleAppTransitionReadyLocked(WindowManagerService.java:8430)
03-10 17:58:37.218 W/WindowManager(  647): 	at com.android.server.wm.WindowManagerService.performLayoutAndPlaceSurfacesLockedInner(WindowManagerService.java:9193)
03-10 17:58:37.218 W/WindowManager(  647): 	at com.android.server.wm.WindowManagerService.performLayoutAndPlaceSurfacesLockedLoop(WindowManagerService.java:8163)
03-10 17:58:37.218 W/WindowManager(  647): 	at com.android.server.wm.WindowManagerService.performLayoutAndPlaceSurfacesLocked(WindowManagerService.java:8105)
03-10 17:58:37.218 W/WindowManager(  647): 	at com.android.server.wm.WindowManagerService.executeAppTransition(WindowManagerService.java:3918)
03-10 17:58:37.218 W/WindowManager(  647): 	at com.android.server.am.ActivityStackSupervisor.reportResumedActivityLocked(ActivityStackSupervisor.java:2241)
03-10 17:58:37.218 W/WindowManager(  647): 	at com.android.server.am.ActivityStack.completeResumeLocked(ActivityStack.java:968)
03-10 17:58:37.218 W/WindowManager(  647): 	at com.android.server.am.ActivityStack.resumeTopActivityLocked(ActivityStack.java:1631)
03-10 17:58:37.218 W/WindowManager(  647): 	at com.android.server.am.ActivityStackSupervisor.resumeTopActivitiesLocked(ActivityStackSupervisor.java:2022)
03-10 17:58:37.218 W/WindowManager(  647): 	at com.android.server.am.ActivityStackSupervisor.resumeTopActivitiesLocked(ActivityStackSupervisor.java:2009)
03-10 17:58:37.218 W/WindowManager(  647): 	at com.android.server.am.ActivityManagerService.forceStopPackageLocked(ActivityManagerService.java:4750)
03-10 17:58:37.218 W/WindowManager(  647): 	at com.android.server.am.ActivityManagerService.forceStopPackageLocked(ActivityManagerService.java:4496)
03-10 17:58:37.218 W/WindowManager(  647): 	at com.android.server.am.ActivityManagerService.forceStopPackage(ActivityManagerService.java:4327)
03-10 17:58:37.218 W/WindowManager(  647): 	at android.app.ActivityManagerNative.onTransact(ActivityManagerNative.java:1365)
03-10 17:58:37.218 W/WindowManager(  647): 	at com.android.server.am.ActivityManagerService.onTransact(ActivityManagerService.java:2071)
03-10 17:58:37.218 W/WindowManager(  647): 	at android.os.Binder.execTransact(Binder.java:404)
03-10 17:58:37.218 W/WindowManager(  647): 	at dalvik.system.NativeStart.run(Native Method)
03-10 17:58:37.218 W/WindowManager(  647): This window was lost: Window{42765848 u0 com.android.helloworldminimal/com.android.helloworldminimal.HelloWorld}
03-10 17:58:37.218 W/WindowManager(  647): mDisplayId=0 mSession=Session{42721cc0 2687:u0a10120} mClient=android.os.BinderProxy@42715f20
03-10 17:58:37.218 W/WindowManager(  647): mOwnerUid=10120 mShowToOwnerOnly=true package=com.android.helloworldminimal appop=NONE
03-10 17:58:37.218 W/WindowManager(  647): mAttrs=WM.LayoutParams{(0,0)(fillxfill) sim=#120 ty=1 fl=#1810100 pfl=0x8 wanim=0x10302f5}
03-10 17:58:37.218 W/WindowManager(  647): Requested w=1200 h=1824 mLayoutSeq=195
03-10 17:58:37.218 W/WindowManager(  647): mBaseLayer=21000 mSubLayer=0 mAnimLayer=21005+0=21005 mLastLayer=0
03-10 17:58:37.218 W/WindowManager(  647): mToken=AppWindowToken{42514038 token=Token{424c53f8 ActivityRecord{427620b0 u0 com.android.helloworldminimal/.HelloWorld t10}}}
03-10 17:58:37.218 W/WindowManager(  647): mRootToken=AppWindowToken{42514038 token=Token{424c53f8 ActivityRecord{427620b0 u0 com.android.helloworldminimal/.HelloWorld t10}}}
03-10 17:58:37.218 W/WindowManager(  647): mAppToken=AppWindowToken{42514038 token=Token{424c53f8 ActivityRecord{427620b0 u0 com.android.helloworldminimal/.HelloWorld t10}}}
03-10 17:58:37.218 W/WindowManager(  647): mViewVisibility=0x0 mHaveFrame=true mObscured=true
03-10 17:58:37.218 W/WindowManager(  647): mSeq=0 mSystemUiVisibility=0x0
03-10 17:58:37.218 W/WindowManager(  647): mPolicyVisibility=false mPolicyVisibilityAfterAnim=false mAppOpVisibility=true mAttachedHidden=false
03-10 17:58:37.218 W/WindowManager(  647): mGivenContentInsets=[0,0][0,0] mGivenVisibleInsets=[0,0][0,0]
03-10 17:58:37.218 W/WindowManager(  647): mConfiguration={1.0 ?mcc?mnc en_US ldltr sw600dp w600dp h887dp 320dpi lrg port finger -keyb/v/h -nav/h s.5}
03-10 17:58:37.218 W/WindowManager(  647): mHasSurface=true mShownFrame=[0.0,0.0][1200.0,1824.0] isReadyForDisplay()=false
03-10 17:58:37.218 W/WindowManager(  647): mFrame=[0,0][1200,1824] last=[0,0][1200,1824]
03-10 17:58:37.218 W/WindowManager(  647): mSystemDecorRect=[0,0][1200,1824] last=[0,0][1200,1824]
03-10 17:58:37.218 W/WindowManager(  647): Frames: containing=[0,0][1200,1824] parent=[0,0][1200,1824]
03-10 17:58:37.218 W/WindowManager(  647):     display=[0,0][1200,1824] overscan=[0,0][1200,1920]
03-10 17:58:37.218 W/WindowManager(  647):     content=[0,50][1200,1824] visible=[0,50][1200,1824]
03-10 17:58:37.218 W/WindowManager(  647):     decor=[0,0][1200,1920]
03-10 17:58:37.218 W/WindowManager(  647): Cur insets: overscan=[0,0][0,0] content=[0,50][0,0] visible=[0,50][0,0]
03-10 17:58:37.218 W/WindowManager(  647): Lst insets: overscan=[0,0][0,0] content=[0,50][0,0] visible=[0,50][0,0]
03-10 17:58:37.218 W/WindowManager(  647): WindowStateAnimator{42527fc0 com.android.helloworldminimal/com.android.helloworldminimal.HelloWorld}:
03-10 17:58:37.218 W/WindowManager(  647):   mSurface=Surface(name=com.android.helloworldminimal/com.android.helloworldminimal.HelloWorld)
03-10 17:58:37.218 W/WindowManager(  647):   mDrawState=HAS_DRAWN mLastHidden=true
03-10 17:58:37.218 W/WindowManager(  647):   Surface: shown=false layer=21005 alpha=0.0 rect=(0.0,0.0) 1200.0 x 1824.0
03-10 17:58:37.218 W/WindowManager(  647):   mShownAlpha=1.0 mAlpha=1.0 mLastAlpha=-1.0
03-10 17:58:37.218 W/WindowManager(  647): Current app token list:
03-10 17:58:37.218 V/WindowManager(  647):   Display 0
03-10 17:58:37.218 V/WindowManager(  647):   #0: Token{425d0718 ActivityRecord{425d0408 u0 com.android.launcher/com.android.launcher2.Launcher t1}}
03-10 17:58:37.218 W/WindowManager(  647): Final window list:
03-10 17:58:37.218 V/WindowManager(  647):   #0: Window{427d8fa0 u0 SearchPanel}
03-10 17:58:37.218 V/WindowManager(  647):   #1: Window{4251c810 u0 NavigationBar}
03-10 17:58:37.218 V/WindowManager(  647):   #2: Window{42496710 u0 StatusBar}
03-10 17:58:37.218 V/WindowManager(  647):   #3: Window{4283b598 u0 Keyguard}
03-10 17:58:37.218 V/WindowManager(  647):   #4: Window{42507938 u0 KeyguardScrim}
03-10 17:58:37.218 V/WindowManager(  647):   #5: Window{427d9e30 u0 com.android.launcher/com.android.launcher2.Launcher}
03-10 17:58:37.218 V/WindowManager(  647):   #6: Window{423b7038 u0 com.android.systemui.ImageWallpaper}
03-10 17:58:37.228 W/InputDispatcher(  647): Attempted to unregister already unregistered input channel '42765848 com.android.helloworldminimal/com.android.helloworldminimal.HelloWorld (server)'
03-10 17:58:37.228 D/AndroidRuntime( 2702): Shutting down VM
03-10 17:58:37.228 I/WindowState(  647): WIN DEATH: Window{42765848 u0 com.android.helloworldminimal/com.android.helloworldminimal.HelloWorld}
03-10 17:58:37.238 D/dalvikvm( 2702): GC_CONCURRENT freed 93K, 15% free 553K/648K, paused 0ms+0ms, total 4ms
03-10 17:58:38.079 D/dalvikvm( 1359): GC_CONCURRENT freed 1530K, 10% free 14427K/15988K, paused 3ms+4ms, total 62ms
03-10 17:58:38.079 D/dalvikvm( 1359): WAIT_FOR_CONCURRENT_GC blocked 45ms
03-10 17:58:38.319 D/dalvikvm( 1359): GC_CONCURRENT freed 1629K, 11% free 14615K/16276K, paused 4ms+3ms, total 73ms
03-10 17:58:38.319 D/dalvikvm( 1359): WAIT_FOR_CONCURRENT_GC blocked 61ms
03-10 17:58:38.540 D/dalvikvm( 1359): GC_CONCURRENT freed 2005K, 13% free 14491K/16528K, paused 4ms+3ms, total 67ms
03-10 17:58:38.540 D/dalvikvm( 1359): WAIT_FOR_CONCURRENT_GC blocked 55ms
03-10 17:58:38.740 D/AndroidRuntime( 2728): 
03-10 17:58:38.740 D/AndroidRuntime( 2728): >>>>>> AndroidRuntime START com.android.internal.os.RuntimeInit <<<<<<
03-10 17:58:38.740 D/AndroidRuntime( 2728): CheckJNI is OFF
03-10 17:58:38.760 D/dalvikvm( 2728): Trying to load lib libjavacore.so 0x0
03-10 17:58:38.760 D/dalvikvm( 2728): Added shared lib libjavacore.so 0x0
03-10 17:58:38.760 D/dalvikvm( 2728): Trying to load lib libnativehelper.so 0x0
03-10 17:58:38.760 D/dalvikvm( 2728): Added shared lib libnativehelper.so 0x0
03-10 17:58:38.760 D/dalvikvm( 2728): No JNI_OnLoad found in libnativehelper.so 0x0, skipping init
03-10 17:58:38.800 D/dalvikvm( 2728): Note: class Landroid/app/ActivityManagerNative; has 179 unimplemented (abstract) methods
03-10 17:58:39.000 D/AndroidRuntime( 2728): Calling main entry com.android.commands.am.Am
03-10 17:58:39.010 I/ActivityManager(  647): START u0 {flg=0x10000000 cmp=com.android.helloworldminimal/.HelloWorld} from pid 2728
03-10 17:58:39.320 D/AndroidRuntime( 2728): Shutting down VM
03-10 17:58:39.320 I/WindowManager(  647): Screenshot max retries 4 of Token{425d0718 ActivityRecord{425d0408 u0 com.android.launcher/com.android.launcher2.Launcher t1}} appWin=Window{427d9e30 u0 com.android.launcher/com.android.launcher2.Launcher} drawState=4
03-10 17:58:39.320 W/WindowManager(  647): Screenshot failure taking screenshot for (1200x1920) to layer 21000
03-10 17:58:39.330 D/dalvikvm( 2728): GC_CONCURRENT freed 95K, 15% free 586K/684K, paused 0ms+0ms, total 6ms
03-10 17:58:39.340 I/ActivityManager(  647): Start proc com.android.helloworldminimal for activity com.android.helloworldminimal/.HelloWorld: pid=2741 uid=10120 gids={50120}
03-10 17:58:39.491 D/dalvikvm( 2741): GC_CONCURRENT freed 184K, 3% free 9238K/9440K, paused 2ms+1ms, total 23ms
03-10 17:58:39.621 D/dalvikvm( 2741): GC_CONCURRENT freed 228K, 3% free 9449K/9712K, paused 1ms+3ms, total 20ms
03-10 17:58:39.721 D/dalvikvm( 2741): GC_CONCURRENT freed 235K, 3% free 9672K/9940K, paused 2ms+3ms, total 23ms
03-10 17:58:39.841 D/dalvikvm( 2741): GC_CONCURRENT freed 221K, 3% free 9901K/10156K, paused 1ms+3ms, total 22ms
03-10 17:58:40.001 D/dalvikvm( 2741): GC_CONCURRENT freed 338K, 4% free 10017K/10400K, paused 2ms+2ms, total 29ms
03-10 17:58:40.141 D/dalvikvm( 2741): GC_CONCURRENT freed 342K, 4% free 10136K/10524K, paused 3ms+3ms, total 33ms
03-10 17:58:40.181 I/dalvikvm( 2741): Could not find method java.beans.Introspector.getBeanInfo, referenced from method clojure.core$bean.invoke
03-10 17:58:40.181 W/dalvikvm( 2741): VFY: unable to resolve static method 13119: Ljava/beans/Introspector;.getBeanInfo (Ljava/lang/Class;)Ljava/beans/BeanInfo;
03-10 17:58:40.181 D/dalvikvm( 2741): VFY: replacing opcode 0x71 at 0x0021
03-10 17:58:40.281 D/dalvikvm( 2741): GC_CONCURRENT freed 334K, 4% free 10336K/10680K, paused 2ms+3ms, total 34ms
03-10 17:58:40.281 D/dalvikvm( 2741): WAIT_FOR_CONCURRENT_GC blocked 1ms
03-10 17:58:40.381 D/dalvikvm( 2741): GC_CONCURRENT freed 442K, 5% free 10406K/10880K, paused 1ms+2ms, total 37ms
03-10 17:58:40.381 D/dalvikvm( 2741): WAIT_FOR_CONCURRENT_GC blocked 14ms
03-10 17:58:40.472 D/dalvikvm( 2741): GC_CONCURRENT freed 408K, 5% free 10426K/10880K, paused 2ms+3ms, total 26ms
03-10 17:58:40.582 D/dalvikvm( 2741): GC_CONCURRENT freed 425K, 5% free 10506K/10964K, paused 2ms+1ms, total 27ms
03-10 17:58:40.692 D/dalvikvm( 2741): GC_CONCURRENT freed 446K, 5% free 10562K/11032K, paused 2ms+2ms, total 31ms
03-10 17:58:40.792 D/dalvikvm( 2741): GC_CONCURRENT freed 526K, 6% free 10567K/11124K, paused 2ms+2ms, total 35ms
03-10 17:58:40.792 D/dalvikvm( 2741): WAIT_FOR_CONCURRENT_GC blocked 11ms
03-10 17:58:40.912 D/dalvikvm( 2741): GC_CONCURRENT freed 474K, 5% free 10626K/11132K, paused 2ms+3ms, total 36ms
03-10 17:58:40.912 D/dalvikvm( 2741): WAIT_FOR_CONCURRENT_GC blocked 13ms
03-10 17:58:41.032 D/dalvikvm( 2741): GC_CONCURRENT freed 482K, 5% free 10699K/11212K, paused 3ms+2ms, total 42ms
03-10 17:58:41.032 D/dalvikvm( 2741): WAIT_FOR_CONCURRENT_GC blocked 16ms
03-10 17:58:41.142 D/dalvikvm( 2741): GC_CONCURRENT freed 560K, 6% free 10717K/11308K, paused 3ms+2ms, total 33ms
03-10 17:58:41.142 D/dalvikvm( 2741): WAIT_FOR_CONCURRENT_GC blocked 8ms
03-10 17:58:41.282 D/dalvikvm( 2741): GC_CONCURRENT freed 419K, 5% free 10780K/11332K, paused 1ms+2ms, total 31ms
03-10 17:58:41.282 D/dalvikvm( 2741): WAIT_FOR_CONCURRENT_GC blocked 30ms
03-10 17:58:41.402 D/dalvikvm( 2741): GC_CONCURRENT freed 459K, 5% free 10926K/11416K, paused 1ms+3ms, total 31ms
03-10 17:58:41.402 D/dalvikvm( 2741): WAIT_FOR_CONCURRENT_GC blocked 6ms
03-10 17:58:41.523 D/dalvikvm( 2741): GC_CONCURRENT freed 583K, 6% free 10993K/11608K, paused 3ms+2ms, total 33ms
03-10 17:58:41.523 D/dalvikvm( 2741): WAIT_FOR_CONCURRENT_GC blocked 13ms
03-10 17:58:41.613 D/dalvikvm( 2741): GC_CONCURRENT freed 601K, 6% free 11067K/11700K, paused 2ms+3ms, total 37ms
03-10 17:58:41.613 D/dalvikvm( 2741): WAIT_FOR_CONCURRENT_GC blocked 20ms
03-10 17:58:41.673 D/dalvikvm( 1107): GC_CONCURRENT freed 472K, 5% free 10215K/10736K, paused 3ms+2ms, total 29ms
03-10 17:58:41.673 D/dalvikvm( 1107): WAIT_FOR_CONCURRENT_GC blocked 12ms
03-10 17:58:41.723 D/dalvikvm( 2741): GC_CONCURRENT freed 504K, 5% free 11230K/11772K, paused 2ms+2ms, total 34ms
03-10 17:58:41.753 I/Adreno-EGL( 2741): <qeglDrvAPI_eglInitialize:320>: EGL 1.4 QUALCOMM Build: I0404c4692afb8623f95c43aeb6d5e13ed4b30ddbDate: 11/06/13
03-10 17:58:41.773 D/OpenGLRenderer( 2741): Enabling debug mode 0
03-10 17:58:41.843 I/ActivityManager(  647): Displayed com.android.helloworldminimal/.HelloWorld: +2s528ms
03-10 17:58:59.880 D/AndroidRuntime( 2756): 
03-10 17:58:59.880 D/AndroidRuntime( 2756): >>>>>> AndroidRuntime START com.android.internal.os.RuntimeInit <<<<<<
03-10 17:58:59.880 D/AndroidRuntime( 2756): CheckJNI is OFF
03-10 17:58:59.900 D/dalvikvm( 2756): Trying to load lib libjavacore.so 0x0
03-10 17:58:59.900 D/dalvikvm( 2756): Added shared lib libjavacore.so 0x0
03-10 17:58:59.900 D/dalvikvm( 2756): Trying to load lib libnativehelper.so 0x0
03-10 17:58:59.900 D/dalvikvm( 2756): Added shared lib libnativehelper.so 0x0
03-10 17:58:59.900 D/dalvikvm( 2756): No JNI_OnLoad found in libnativehelper.so 0x0, skipping init
03-10 17:58:59.941 D/dalvikvm( 2756): Note: class Landroid/app/ActivityManagerNative; has 179 unimplemented (abstract) methods
03-10 17:59:00.131 D/AndroidRuntime( 2756): Calling main entry com.android.commands.am.Am
03-10 17:59:00.131 I/ActivityManager(  647): Force stopping com.android.helloworldminimal appid=10120 user=0: from pid 2756
03-10 17:59:00.131 I/ActivityManager(  647): Killing 2741:com.android.helloworldminimal/u0a120 (adj 0): stop com.android.helloworldminimal
03-10 17:59:00.131 W/ActivityManager(  647): Force removing ActivityRecord{42821e90 u0 com.android.helloworldminimal/.HelloWorld t11}: app died, no saved state
03-10 17:59:00.141 W/WindowManager(  647): Rebuild removed 2 windows but added 1
03-10 17:59:00.141 W/WindowManager(  647): java.lang.RuntimeException: here
03-10 17:59:00.141 W/WindowManager(  647): 	at com.android.server.wm.WindowManagerService.rebuildAppWindowListLocked(WindowManagerService.java:8011)
03-10 17:59:00.141 W/WindowManager(  647): 	at com.android.server.wm.WindowManagerService.rebuildAppWindowListLocked(WindowManagerService.java:7947)
03-10 17:59:00.141 W/WindowManager(  647): 	at com.android.server.wm.WindowManagerService.handleAppTransitionReadyLocked(WindowManagerService.java:8430)
03-10 17:59:00.141 W/WindowManager(  647): 	at com.android.server.wm.WindowManagerService.performLayoutAndPlaceSurfacesLockedInner(WindowManagerService.java:9193)
03-10 17:59:00.141 W/WindowManager(  647): 	at com.android.server.wm.WindowManagerService.performLayoutAndPlaceSurfacesLockedLoop(WindowManagerService.java:8163)
03-10 17:59:00.141 W/WindowManager(  647): 	at com.android.server.wm.WindowManagerService.performLayoutAndPlaceSurfacesLocked(WindowManagerService.java:8105)
03-10 17:59:00.141 W/WindowManager(  647): 	at com.android.server.wm.WindowManagerService.executeAppTransition(WindowManagerService.java:3918)
03-10 17:59:00.141 W/WindowManager(  647): 	at com.android.server.am.ActivityStackSupervisor.reportResumedActivityLocked(ActivityStackSupervisor.java:2241)
03-10 17:59:00.141 W/WindowManager(  647): 	at com.android.server.am.ActivityStack.completeResumeLocked(ActivityStack.java:968)
03-10 17:59:00.141 W/WindowManager(  647): 	at com.android.server.am.ActivityStack.resumeTopActivityLocked(ActivityStack.java:1631)
03-10 17:59:00.141 W/WindowManager(  647): 	at com.android.server.am.ActivityStackSupervisor.resumeTopActivitiesLocked(ActivityStackSupervisor.java:2022)
03-10 17:59:00.141 W/WindowManager(  647): 	at com.android.server.am.ActivityStackSupervisor.resumeTopActivitiesLocked(ActivityStackSupervisor.java:2009)
03-10 17:59:00.141 W/WindowManager(  647): 	at com.android.server.am.ActivityManagerService.forceStopPackageLocked(ActivityManagerService.java:4750)
03-10 17:59:00.141 W/WindowManager(  647): 	at com.android.server.am.ActivityManagerService.forceStopPackageLocked(ActivityManagerService.java:4496)
03-10 17:59:00.141 W/WindowManager(  647): 	at com.android.server.am.ActivityManagerService.forceStopPackage(ActivityManagerService.java:4327)
03-10 17:59:00.141 W/WindowManager(  647): 	at android.app.ActivityManagerNative.onTransact(ActivityManagerNative.java:1365)
03-10 17:59:00.141 W/WindowManager(  647): 	at com.android.server.am.ActivityManagerService.onTransact(ActivityManagerService.java:2071)
03-10 17:59:00.141 W/WindowManager(  647): 	at android.os.Binder.execTransact(Binder.java:404)
03-10 17:59:00.141 W/WindowManager(  647): 	at dalvik.system.NativeStart.run(Native Method)
03-10 17:59:00.151 W/InputDispatcher(  647): channel '426d2ae0 com.android.helloworldminimal/com.android.helloworldminimal.HelloWorld (server)' ~ Consumer closed input channel or an error occurred.  events=0x9
03-10 17:59:00.151 E/InputDispatcher(  647): channel '426d2ae0 com.android.helloworldminimal/com.android.helloworldminimal.HelloWorld (server)' ~ Channel is unrecoverably broken and will be disposed!
03-10 17:59:00.151 W/InputDispatcher(  647): Attempted to unregister already unregistered input channel '426d2ae0 com.android.helloworldminimal/com.android.helloworldminimal.HelloWorld (server)'
03-10 17:59:00.151 W/WindowManager(  647): This window was lost: Window{426d2ae0 u0 com.android.helloworldminimal/com.android.helloworldminimal.HelloWorld}
03-10 17:59:00.151 W/WindowManager(  647): mDisplayId=0 mSession=Session{42779f20 2741:u0a10120} mClient=android.os.BinderProxy@42599ab8
03-10 17:59:00.151 W/WindowManager(  647): mOwnerUid=10120 mShowToOwnerOnly=true package=com.android.helloworldminimal appop=NONE
03-10 17:59:00.151 W/WindowManager(  647): mAttrs=WM.LayoutParams{(0,0)(fillxfill) sim=#120 ty=1 fl=#1810100 pfl=0x8 wanim=0x10302f5}
03-10 17:59:00.151 W/WindowManager(  647): Requested w=1200 h=1824 mLayoutSeq=213
03-10 17:59:00.151 W/WindowManager(  647): mBaseLayer=21000 mSubLayer=0 mAnimLayer=21005+0=21005 mLastLayer=0
03-10 17:59:00.151 W/WindowManager(  647): mToken=AppWindowToken{428184f8 token=Token{427468a0 ActivityRecord{42821e90 u0 com.android.helloworldminimal/.HelloWorld t11}}}
03-10 17:59:00.151 W/WindowManager(  647): mRootToken=AppWindowToken{428184f8 token=Token{427468a0 ActivityRecord{42821e90 u0 com.android.helloworldminimal/.HelloWorld t11}}}
03-10 17:59:00.151 W/WindowManager(  647): mAppToken=AppWindowToken{428184f8 token=Token{427468a0 ActivityRecord{42821e90 u0 com.android.helloworldminimal/.HelloWorld t11}}}
03-10 17:59:00.151 W/WindowManager(  647): mViewVisibility=0x0 mHaveFrame=true mObscured=true
03-10 17:59:00.151 W/WindowManager(  647): mSeq=0 mSystemUiVisibility=0x0
03-10 17:59:00.151 W/WindowManager(  647): mPolicyVisibility=false mPolicyVisibilityAfterAnim=false mAppOpVisibility=true mAttachedHidden=false
03-10 17:59:00.151 W/WindowManager(  647): mGivenContentInsets=[0,0][0,0] mGivenVisibleInsets=[0,0][0,0]
03-10 17:59:00.151 W/WindowManager(  647): mConfiguration={1.0 ?mcc?mnc en_US ldltr sw600dp w600dp h887dp 320dpi lrg port finger -keyb/v/h -nav/h s.5}
03-10 17:59:00.151 W/WindowManager(  647): mHasSurface=true mShownFrame=[0.0,0.0][1200.0,1824.0] isReadyForDisplay()=false
03-10 17:59:00.151 W/WindowManager(  647): mFrame=[0,0][1200,1824] last=[0,0][1200,1824]
03-10 17:59:00.151 W/WindowManager(  647): mSystemDecorRect=[0,0][1200,1824] last=[0,0][1200,1824]
03-10 17:59:00.151 W/WindowManager(  647): Frames: containing=[0,0][1200,1824] parent=[0,0][1200,1824]
03-10 17:59:00.151 W/WindowManager(  647):     display=[0,0][1200,1824] overscan=[0,0][1200,1920]
03-10 17:59:00.151 W/WindowManager(  647):     content=[0,50][1200,1824] visible=[0,50][1200,1824]
03-10 17:59:00.151 W/WindowManager(  647):     decor=[0,0][1200,1920]
03-10 17:59:00.151 W/WindowManager(  647): Cur insets: overscan=[0,0][0,0] content=[0,50][0,0] visible=[0,50][0,0]
03-10 17:59:00.151 W/WindowManager(  647): Lst insets: overscan=[0,0][0,0] content=[0,50][0,0] visible=[0,50][0,0]
03-10 17:59:00.151 W/WindowManager(  647): WindowStateAnimator{426d3328 com.android.helloworldminimal/com.android.helloworldminimal.HelloWorld}:
03-10 17:59:00.151 W/WindowManager(  647):   mSurface=Surface(name=com.android.helloworldminimal/com.android.helloworldminimal.HelloWorld)
03-10 17:59:00.151 W/WindowManager(  647):   mDrawState=HAS_DRAWN mLastHidden=true
03-10 17:59:00.151 W/WindowManager(  647):   Surface: shown=false layer=21005 alpha=0.0 rect=(0.0,0.0) 1200.0 x 1824.0
03-10 17:59:00.151 W/WindowManager(  647):   mShownAlpha=1.0 mAlpha=1.0 mLastAlpha=-1.0
03-10 17:59:00.151 W/WindowManager(  647): Current app token list:
03-10 17:59:00.151 V/WindowManager(  647):   Display 0
03-10 17:59:00.151 V/WindowManager(  647):   #0: Token{425d0718 ActivityRecord{425d0408 u0 com.android.launcher/com.android.launcher2.Launcher t1}}
03-10 17:59:00.151 W/WindowManager(  647): Final window list:
03-10 17:59:00.151 V/WindowManager(  647):   #0: Window{427d8fa0 u0 SearchPanel}
03-10 17:59:00.151 V/WindowManager(  647):   #1: Window{4251c810 u0 NavigationBar}
03-10 17:59:00.151 V/WindowManager(  647):   #2: Window{42496710 u0 StatusBar}
03-10 17:59:00.151 V/WindowManager(  647):   #3: Window{4283b598 u0 Keyguard}
03-10 17:59:00.151 V/WindowManager(  647):   #4: Window{42507938 u0 KeyguardScrim}
03-10 17:59:00.151 V/WindowManager(  647):   #5: Window{427d9e30 u0 com.android.launcher/com.android.launcher2.Launcher}
03-10 17:59:00.151 V/WindowManager(  647):   #6: Window{423b7038 u0 com.android.systemui.ImageWallpaper}
03-10 17:59:00.151 I/WindowState(  647): WIN DEATH: Window{426d2ae0 u0 com.android.helloworldminimal/com.android.helloworldminimal.HelloWorld}
03-10 17:59:00.161 D/AndroidRuntime( 2756): Shutting down VM
03-10 17:59:00.161 D/dalvikvm( 2756): GC_CONCURRENT freed 93K, 15% free 553K/648K, paused 1ms+0ms, total 3ms
