03-10 17:55:13.790 D/dalvikvm( 2247): GC_CONCURRENT freed 481K, 5% free 10511K/11024K, paused 2ms+2ms, total 36ms
03-10 17:55:13.790 D/dalvikvm( 2247): WAIT_FOR_CONCURRENT_GC blocked 13ms
03-10 17:55:13.900 D/dalvikvm( 2247): GC_CONCURRENT freed 453K, 5% free 10536K/11024K, paused 1ms+2ms, total 27ms
03-10 17:55:14.000 D/dalvikvm( 2247): GC_CONCURRENT freed 486K, 5% free 10571K/11088K, paused 1ms+2ms, total 32ms
03-10 17:55:14.000 D/dalvikvm( 2247): WAIT_FOR_CONCURRENT_GC blocked 8ms
03-10 17:55:14.130 D/dalvikvm( 2247): GC_CONCURRENT freed 475K, 5% free 10630K/11136K, paused 2ms+3ms, total 35ms
03-10 17:55:14.130 D/dalvikvm( 2247): WAIT_FOR_CONCURRENT_GC blocked 12ms
03-10 17:55:14.230 D/dalvikvm( 2247): GC_CONCURRENT freed 432K, 5% free 10700K/11164K, paused 2ms+5ms, total 33ms
03-10 17:55:14.360 D/dalvikvm( 2247): GC_CONCURRENT freed 559K, 6% free 10717K/11308K, paused 2ms+2ms, total 34ms
03-10 17:55:14.360 D/dalvikvm( 2247): WAIT_FOR_CONCURRENT_GC blocked 11ms
03-10 17:55:14.491 D/dalvikvm( 2247): GC_CONCURRENT freed 444K, 5% free 10796K/11332K, paused 2ms+2ms, total 32ms
03-10 17:55:14.491 D/dalvikvm( 2247): WAIT_FOR_CONCURRENT_GC blocked 25ms
03-10 17:55:14.631 D/dalvikvm( 2247): GC_CONCURRENT freed 477K, 5% free 10928K/11436K, paused 3ms+3ms, total 41ms
03-10 17:55:14.631 D/dalvikvm( 2247): WAIT_FOR_CONCURRENT_GC blocked 16ms
03-10 17:55:14.761 D/dalvikvm( 2247): GC_CONCURRENT freed 574K, 6% free 11006K/11612K, paused 2ms+3ms, total 44ms
03-10 17:55:14.761 D/dalvikvm( 2247): WAIT_FOR_CONCURRENT_GC blocked 29ms
03-10 17:55:14.861 D/dalvikvm( 2247): GC_CONCURRENT freed 613K, 6% free 11072K/11716K, paused 2ms+3ms, total 42ms
03-10 17:55:14.861 D/dalvikvm( 2247): WAIT_FOR_CONCURRENT_GC blocked 25ms
03-10 17:55:14.991 D/dalvikvm( 2247): GC_CONCURRENT freed 536K, 6% free 11157K/11776K, paused 2ms+2ms, total 40ms
03-10 17:55:14.991 D/dalvikvm( 2247): WAIT_FOR_CONCURRENT_GC blocked 24ms
03-10 17:55:15.011 I/Adreno-EGL( 2247): <qeglDrvAPI_eglInitialize:320>: EGL 1.4 QUALCOMM Build: I0404c4692afb8623f95c43aeb6d5e13ed4b30ddbDate: 11/06/13
03-10 17:55:15.041 D/OpenGLRenderer( 2247): Enabling debug mode 0
03-10 17:55:15.111 I/ActivityManager(  647): Displayed com.android.helloworldminimal/.HelloWorld: +2s658ms
03-10 17:55:33.019 D/AndroidRuntime( 2263): 
03-10 17:55:33.019 D/AndroidRuntime( 2263): >>>>>> AndroidRuntime START com.android.internal.os.RuntimeInit <<<<<<
03-10 17:55:33.019 D/AndroidRuntime( 2263): CheckJNI is OFF
03-10 17:55:33.039 D/dalvikvm( 2263): Trying to load lib libjavacore.so 0x0
03-10 17:55:33.039 D/dalvikvm( 2263): Added shared lib libjavacore.so 0x0
03-10 17:55:33.039 D/dalvikvm( 2263): Trying to load lib libnativehelper.so 0x0
03-10 17:55:33.039 D/dalvikvm( 2263): Added shared lib libnativehelper.so 0x0
03-10 17:55:33.039 D/dalvikvm( 2263): No JNI_OnLoad found in libnativehelper.so 0x0, skipping init
03-10 17:55:33.079 D/dalvikvm( 2263): Note: class Landroid/app/ActivityManagerNative; has 179 unimplemented (abstract) methods
03-10 17:55:33.299 D/AndroidRuntime( 2263): Calling main entry com.android.commands.am.Am
03-10 17:55:33.299 I/ActivityManager(  647): Force stopping com.android.helloworldminimal appid=10120 user=0: from pid 2263
03-10 17:55:33.299 I/ActivityManager(  647): Killing 2247:com.android.helloworldminimal/u0a120 (adj 0): stop com.android.helloworldminimal
03-10 17:55:33.299 W/ActivityManager(  647): Force removing ActivityRecord{427046e8 u0 com.android.helloworldminimal/.HelloWorld t2}: app died, no saved state
03-10 17:55:33.319 W/InputDispatcher(  647): channel '42482a30 com.android.helloworldminimal/com.android.helloworldminimal.HelloWorld (server)' ~ Consumer closed input channel or an error occurred.  events=0x9
03-10 17:55:33.319 E/InputDispatcher(  647): channel '42482a30 com.android.helloworldminimal/com.android.helloworldminimal.HelloWorld (server)' ~ Channel is unrecoverably broken and will be disposed!
03-10 17:55:33.319 W/WindowManager(  647): Rebuild removed 2 windows but added 1
03-10 17:55:33.319 W/WindowManager(  647): java.lang.RuntimeException: here
03-10 17:55:33.319 W/WindowManager(  647): 	at com.android.server.wm.WindowManagerService.rebuildAppWindowListLocked(WindowManagerService.java:8011)
03-10 17:55:33.319 W/WindowManager(  647): 	at com.android.server.wm.WindowManagerService.rebuildAppWindowListLocked(WindowManagerService.java:7947)
03-10 17:55:33.319 W/WindowManager(  647): 	at com.android.server.wm.WindowManagerService.handleAppTransitionReadyLocked(WindowManagerService.java:8430)
03-10 17:55:33.319 W/WindowManager(  647): 	at com.android.server.wm.WindowManagerService.performLayoutAndPlaceSurfacesLockedInner(WindowManagerService.java:9193)
03-10 17:55:33.319 W/WindowManager(  647): 	at com.android.server.wm.WindowManagerService.performLayoutAndPlaceSurfacesLockedLoop(WindowManagerService.java:8163)
03-10 17:55:33.319 W/WindowManager(  647): 	at com.android.server.wm.WindowManagerService.performLayoutAndPlaceSurfacesLocked(WindowManagerService.java:8105)
03-10 17:55:33.319 W/WindowManager(  647): 	at com.android.server.wm.WindowManagerService.executeAppTransition(WindowManagerService.java:3918)
03-10 17:55:33.319 W/WindowManager(  647): 	at com.android.server.am.ActivityStackSupervisor.reportResumedActivityLocked(ActivityStackSupervisor.java:2241)
03-10 17:55:33.319 W/WindowManager(  647): 	at com.android.server.am.ActivityStack.completeResumeLocked(ActivityStack.java:968)
03-10 17:55:33.319 W/WindowManager(  647): 	at com.android.server.am.ActivityStack.resumeTopActivityLocked(ActivityStack.java:1631)
03-10 17:55:33.319 W/WindowManager(  647): 	at com.android.server.am.ActivityStackSupervisor.resumeTopActivitiesLocked(ActivityStackSupervisor.java:2022)
03-10 17:55:33.319 W/WindowManager(  647): 	at com.android.server.am.ActivityStackSupervisor.resumeTopActivitiesLocked(ActivityStackSupervisor.java:2009)
03-10 17:55:33.319 W/WindowManager(  647): 	at com.android.server.am.ActivityManagerService.forceStopPackageLocked(ActivityManagerService.java:4750)
03-10 17:55:33.319 W/WindowManager(  647): 	at com.android.server.am.ActivityManagerService.forceStopPackageLocked(ActivityManagerService.java:4496)
03-10 17:55:33.319 W/WindowManager(  647): 	at com.android.server.am.ActivityManagerService.forceStopPackage(ActivityManagerService.java:4327)
03-10 17:55:33.319 W/WindowManager(  647): 	at android.app.ActivityManagerNative.onTransact(ActivityManagerNative.java:1365)
03-10 17:55:33.319 W/WindowManager(  647): 	at com.android.server.am.ActivityManagerService.onTransact(ActivityManagerService.java:2071)
03-10 17:55:33.319 W/WindowManager(  647): 	at android.os.Binder.execTransact(Binder.java:404)
03-10 17:55:33.319 W/WindowManager(  647): 	at dalvik.system.NativeStart.run(Native Method)
03-10 17:55:33.319 W/WindowManager(  647): This window was lost: Window{42482a30 u0 com.android.helloworldminimal/com.android.helloworldminimal.HelloWorld}
03-10 17:55:33.319 W/WindowManager(  647): mDisplayId=0 mSession=Session{425901a8 2247:u0a10120} mClient=android.os.BinderProxy@425903e0
03-10 17:55:33.319 W/WindowManager(  647): mOwnerUid=10120 mShowToOwnerOnly=true package=com.android.helloworldminimal appop=NONE
03-10 17:55:33.319 W/WindowManager(  647): mAttrs=WM.LayoutParams{(0,0)(fillxfill) sim=#120 ty=1 fl=#1810100 pfl=0x8 wanim=0x10302f5}
03-10 17:55:33.319 W/WindowManager(  647): Requested w=1200 h=1824 mLayoutSeq=43
03-10 17:55:33.319 W/WindowManager(  647): mBaseLayer=21000 mSubLayer=0 mAnimLayer=21005+0=21005 mLastLayer=0
03-10 17:55:33.319 W/WindowManager(  647): mToken=AppWindowToken{42703f78 token=Token{426f1188 ActivityRecord{427046e8 u0 com.android.helloworldminimal/.HelloWorld t2}}}
03-10 17:55:33.319 W/WindowManager(  647): mRootToken=AppWindowToken{42703f78 token=Token{426f1188 ActivityRecord{427046e8 u0 com.android.helloworldminimal/.HelloWorld t2}}}
03-10 17:55:33.319 W/WindowManager(  647): mAppToken=AppWindowToken{42703f78 token=Token{426f1188 ActivityRecord{427046e8 u0 com.android.helloworldminimal/.HelloWorld t2}}}
03-10 17:55:33.319 W/WindowManager(  647): mViewVisibility=0x0 mHaveFrame=true mObscured=true
03-10 17:55:33.319 W/WindowManager(  647): mSeq=0 mSystemUiVisibility=0x0
03-10 17:55:33.319 W/WindowManager(  647): mPolicyVisibility=false mPolicyVisibilityAfterAnim=false mAppOpVisibility=true mAttachedHidden=false
03-10 17:55:33.319 W/WindowManager(  647): mGivenContentInsets=[0,0][0,0] mGivenVisibleInsets=[0,0][0,0]
03-10 17:55:33.319 W/WindowManager(  647): mConfiguration={1.0 ?mcc?mnc en_US ldltr sw600dp w600dp h887dp 320dpi lrg port finger -keyb/v/h -nav/h s.5}
03-10 17:55:33.319 W/WindowManager(  647): mHasSurface=true mShownFrame=[0.0,0.0][1200.0,1824.0] isReadyForDisplay()=false
03-10 17:55:33.319 W/WindowManager(  647): mFrame=[0,0][1200,1824] last=[0,0][1200,1824]
03-10 17:55:33.319 W/WindowManager(  647): mSystemDecorRect=[0,0][1200,1824] last=[0,0][1200,1824]
03-10 17:55:33.319 W/WindowManager(  647): Frames: containing=[0,0][1200,1824] parent=[0,0][1200,1824]
03-10 17:55:33.319 W/WindowManager(  647):     display=[0,0][1200,1824] overscan=[0,0][1200,1920]
03-10 17:55:33.319 W/WindowManager(  647):     content=[0,50][1200,1824] visible=[0,50][1200,1824]
03-10 17:55:33.319 W/WindowManager(  647):     decor=[0,0][1200,1920]
03-10 17:55:33.319 W/WindowManager(  647): Cur insets: overscan=[0,0][0,0] content=[0,50][0,0] visible=[0,50][0,0]
03-10 17:55:33.319 W/WindowManager(  647): Lst insets: overscan=[0,0][0,0] content=[0,50][0,0] visible=[0,50][0,0]
03-10 17:55:33.319 W/WindowManager(  647): WindowStateAnimator{42735b68 com.android.helloworldminimal/com.android.helloworldminimal.HelloWorld}:
03-10 17:55:33.319 W/WindowManager(  647):   mSurface=Surface(name=com.android.helloworldminimal/com.android.helloworldminimal.HelloWorld)
03-10 17:55:33.319 W/WindowManager(  647):   mDrawState=HAS_DRAWN mLastHidden=true
03-10 17:55:33.319 W/WindowManager(  647):   Surface: shown=false layer=21005 alpha=0.0 rect=(0.0,0.0) 1200.0 x 1824.0
03-10 17:55:33.319 W/WindowManager(  647):   mShownAlpha=1.0 mAlpha=1.0 mLastAlpha=-1.0
03-10 17:55:33.319 W/WindowManager(  647): Current app token list:
03-10 17:55:33.319 V/WindowManager(  647):   Display 0
03-10 17:55:33.319 V/WindowManager(  647):   #0: Token{425d0718 ActivityRecord{425d0408 u0 com.android.launcher/com.android.launcher2.Launcher t1}}
03-10 17:55:33.319 W/WindowManager(  647): Final window list:
03-10 17:55:33.319 V/WindowManager(  647):   #0: Window{427d8fa0 u0 SearchPanel}
03-10 17:55:33.319 V/WindowManager(  647):   #1: Window{4251c810 u0 NavigationBar}
03-10 17:55:33.319 V/WindowManager(  647):   #2: Window{42496710 u0 StatusBar}
03-10 17:55:33.319 V/WindowManager(  647):   #3: Window{4283b598 u0 Keyguard}
03-10 17:55:33.319 V/WindowManager(  647):   #4: Window{42507938 u0 KeyguardScrim}
03-10 17:55:33.319 V/WindowManager(  647):   #5: Window{427d9e30 u0 com.android.launcher/com.android.launcher2.Launcher}
03-10 17:55:33.319 V/WindowManager(  647):   #6: Window{423b7038 u0 com.android.systemui.ImageWallpaper}
03-10 17:55:33.329 W/InputDispatcher(  647): Attempted to unregister already unregistered input channel '42482a30 com.android.helloworldminimal/com.android.helloworldminimal.HelloWorld (server)'
03-10 17:55:33.329 D/AndroidRuntime( 2263): Shutting down VM
03-10 17:55:33.329 I/WindowState(  647): WIN DEATH: Window{42482a30 u0 com.android.helloworldminimal/com.android.helloworldminimal.HelloWorld}
03-10 17:55:33.339 D/dalvikvm( 2263): GC_CONCURRENT freed 93K, 15% free 553K/648K, paused 0ms+1ms, total 3ms
03-10 17:55:34.890 D/AndroidRuntime( 2287): 
03-10 17:55:34.890 D/AndroidRuntime( 2287): >>>>>> AndroidRuntime START com.android.internal.os.RuntimeInit <<<<<<
03-10 17:55:34.890 D/AndroidRuntime( 2287): CheckJNI is OFF
03-10 17:55:34.900 D/dalvikvm( 2287): Trying to load lib libjavacore.so 0x0
03-10 17:55:34.910 D/dalvikvm( 2287): Added shared lib libjavacore.so 0x0
03-10 17:55:34.910 D/dalvikvm( 2287): Trying to load lib libnativehelper.so 0x0
03-10 17:55:34.910 D/dalvikvm( 2287): Added shared lib libnativehelper.so 0x0
03-10 17:55:34.910 D/dalvikvm( 2287): No JNI_OnLoad found in libnativehelper.so 0x0, skipping init
03-10 17:55:34.951 D/dalvikvm( 2287): Note: class Landroid/app/ActivityManagerNative; has 179 unimplemented (abstract) methods
03-10 17:55:35.151 D/AndroidRuntime( 2287): Calling main entry com.android.commands.am.Am
03-10 17:55:35.171 I/ActivityManager(  647): START u0 {flg=0x10000000 cmp=com.android.helloworldminimal/.HelloWorld} from pid 2287
03-10 17:55:35.471 I/WindowManager(  647): Screenshot max retries 4 of Token{425d0718 ActivityRecord{425d0408 u0 com.android.launcher/com.android.launcher2.Launcher t1}} appWin=Window{427d9e30 u0 com.android.launcher/com.android.launcher2.Launcher} drawState=4
03-10 17:55:35.471 W/WindowManager(  647): Screenshot failure taking screenshot for (1200x1920) to layer 21000
03-10 17:55:35.481 D/AndroidRuntime( 2287): Shutting down VM
03-10 17:55:35.481 D/dalvikvm( 2287): GC_CONCURRENT freed 95K, 15% free 586K/684K, paused 0ms+0ms, total 2ms
03-10 17:55:35.491 I/ActivityManager(  647): Start proc com.android.helloworldminimal for activity com.android.helloworldminimal/.HelloWorld: pid=2302 uid=10120 gids={50120}
03-10 17:55:35.581 D/dalvikvm( 2302): GC_CONCURRENT freed 190K, 3% free 9219K/9444K, paused 3ms+2ms, total 22ms
03-10 17:55:35.711 D/dalvikvm( 2302): GC_CONCURRENT freed 222K, 3% free 9436K/9692K, paused 3ms+3ms, total 19ms
03-10 17:55:35.821 D/dalvikvm( 2302): GC_CONCURRENT freed 252K, 3% free 9677K/9964K, paused 1ms+2ms, total 20ms
03-10 17:55:35.941 D/dalvikvm( 2302): GC_CONCURRENT freed 229K, 3% free 9905K/10168K, paused 2ms+3ms, total 28ms
03-10 17:55:36.102 D/dalvikvm( 2302): GC_CONCURRENT freed 335K, 4% free 10018K/10400K, paused 2ms+2ms, total 25ms
03-10 17:55:36.242 D/dalvikvm( 2302): GC_CONCURRENT freed 336K, 4% free 10138K/10516K, paused 2ms+4ms, total 31ms
03-10 17:55:36.272 I/dalvikvm( 2302): Could not find method java.beans.Introspector.getBeanInfo, referenced from method clojure.core$bean.invoke
03-10 17:55:36.272 W/dalvikvm( 2302): VFY: unable to resolve static method 13119: Ljava/beans/Introspector;.getBeanInfo (Ljava/lang/Class;)Ljava/beans/BeanInfo;
03-10 17:55:36.272 D/dalvikvm( 2302): VFY: replacing opcode 0x71 at 0x0021
03-10 17:55:36.372 D/dalvikvm( 2302): GC_CONCURRENT freed 335K, 4% free 10318K/10684K, paused 2ms+3ms, total 35ms
03-10 17:55:36.372 D/dalvikvm( 2302): WAIT_FOR_CONCURRENT_GC blocked 8ms
03-10 17:55:36.482 D/dalvikvm( 2302): GC_CONCURRENT freed 426K, 5% free 10406K/10864K, paused 2ms+1ms, total 33ms
03-10 17:55:36.482 D/dalvikvm( 2302): WAIT_FOR_CONCURRENT_GC blocked 11ms
03-10 17:55:36.592 D/dalvikvm( 2302): GC_CONCURRENT freed 439K, 5% free 10432K/10904K, paused 2ms+2ms, total 35ms
03-10 17:55:36.692 D/dalvikvm( 2302): GC_CONCURRENT freed 436K, 5% free 10508K/10976K, paused 4ms+2ms, total 35ms
03-10 17:55:36.692 D/dalvikvm( 2302): WAIT_FOR_CONCURRENT_GC blocked 11ms
03-10 17:55:36.792 D/dalvikvm( 2302): GC_CONCURRENT freed 458K, 5% free 10535K/11028K, paused 2ms+3ms, total 29ms
03-10 17:55:36.912 D/dalvikvm( 2302): GC_CONCURRENT freed 488K, 5% free 10569K/11088K, paused 2ms+2ms, total 41ms
03-10 17:55:36.912 D/dalvikvm( 2302): WAIT_FOR_CONCURRENT_GC blocked 10ms
03-10 17:55:37.033 D/dalvikvm( 2302): GC_CONCURRENT freed 472K, 5% free 10628K/11132K, paused 3ms+1ms, total 30ms
03-10 17:55:37.033 D/dalvikvm( 2302): WAIT_FOR_CONCURRENT_GC blocked 5ms
03-10 17:55:37.133 D/dalvikvm( 2302): GC_CONCURRENT freed 480K, 5% free 10701K/11212K, paused 2ms+2ms, total 31ms
03-10 17:55:37.133 D/dalvikvm( 2302): WAIT_FOR_CONCURRENT_GC blocked 6ms
03-10 17:55:37.243 D/dalvikvm( 2302): GC_CONCURRENT freed 558K, 6% free 10719K/11308K, paused 2ms+2ms, total 31ms
03-10 17:55:37.243 D/dalvikvm( 2302): WAIT_FOR_CONCURRENT_GC blocked 6ms
03-10 17:55:37.373 D/dalvikvm( 2302): GC_CONCURRENT freed 419K, 5% free 10781K/11332K, paused 3ms+2ms, total 30ms
03-10 17:55:37.373 D/dalvikvm( 2302): WAIT_FOR_CONCURRENT_GC blocked 26ms
03-10 17:55:37.513 D/dalvikvm( 2302): GC_CONCURRENT freed 459K, 5% free 10926K/11416K, paused 3ms+2ms, total 34ms
03-10 17:55:37.513 D/dalvikvm( 2302): WAIT_FOR_CONCURRENT_GC blocked 9ms
03-10 17:55:37.643 D/dalvikvm( 2302): GC_CONCURRENT freed 582K, 6% free 10994K/11608K, paused 2ms+3ms, total 43ms
03-10 17:55:37.643 D/dalvikvm( 2302): WAIT_FOR_CONCURRENT_GC blocked 25ms
03-10 17:55:37.743 D/dalvikvm( 2302): GC_CONCURRENT freed 601K, 6% free 11068K/11700K, paused 2ms+3ms, total 41ms
03-10 17:55:37.743 D/dalvikvm( 2302): WAIT_FOR_CONCURRENT_GC blocked 23ms
03-10 17:55:37.843 D/dalvikvm( 2302): GC_CONCURRENT freed 506K, 5% free 11233K/11772K, paused 2ms+2ms, total 34ms
03-10 17:55:37.883 I/Adreno-EGL( 2302): <qeglDrvAPI_eglInitialize:320>: EGL 1.4 QUALCOMM Build: I0404c4692afb8623f95c43aeb6d5e13ed4b30ddbDate: 11/06/13
03-10 17:55:37.913 D/OpenGLRenderer( 2302): Enabling debug mode 0
03-10 17:55:37.973 I/ActivityManager(  647): Displayed com.android.helloworldminimal/.HelloWorld: +2s506ms
03-10 17:55:56.021 D/AndroidRuntime( 2320): 
03-10 17:55:56.021 D/AndroidRuntime( 2320): >>>>>> AndroidRuntime START com.android.internal.os.RuntimeInit <<<<<<
03-10 17:55:56.021 D/AndroidRuntime( 2320): CheckJNI is OFF
03-10 17:55:56.041 D/dalvikvm( 2320): Trying to load lib libjavacore.so 0x0
03-10 17:55:56.041 D/dalvikvm( 2320): Added shared lib libjavacore.so 0x0
03-10 17:55:56.051 D/dalvikvm( 2320): Trying to load lib libnativehelper.so 0x0
03-10 17:55:56.051 D/dalvikvm( 2320): Added shared lib libnativehelper.so 0x0
03-10 17:55:56.051 D/dalvikvm( 2320): No JNI_OnLoad found in libnativehelper.so 0x0, skipping init
03-10 17:55:56.081 D/dalvikvm( 2320): Note: class Landroid/app/ActivityManagerNative; has 179 unimplemented (abstract) methods
03-10 17:55:56.281 D/AndroidRuntime( 2320): Calling main entry com.android.commands.am.Am
03-10 17:55:56.281 I/ActivityManager(  647): Force stopping com.android.helloworldminimal appid=10120 user=0: from pid 2320
03-10 17:55:56.281 I/ActivityManager(  647): Killing 2302:com.android.helloworldminimal/u0a120 (adj 0): stop com.android.helloworldminimal
03-10 17:55:56.281 W/ActivityManager(  647): Force removing ActivityRecord{4271e5a0 u0 com.android.helloworldminimal/.HelloWorld t3}: app died, no saved state
03-10 17:55:56.291 W/WindowManager(  647): Rebuild removed 2 windows but added 1
03-10 17:55:56.291 W/WindowManager(  647): java.lang.RuntimeException: here
03-10 17:55:56.291 W/WindowManager(  647): 	at com.android.server.wm.WindowManagerService.rebuildAppWindowListLocked(WindowManagerService.java:8011)
03-10 17:55:56.291 W/WindowManager(  647): 	at com.android.server.wm.WindowManagerService.rebuildAppWindowListLocked(WindowManagerService.java:7947)
03-10 17:55:56.291 W/WindowManager(  647): 	at com.android.server.wm.WindowManagerService.handleAppTransitionReadyLocked(WindowManagerService.java:8430)
03-10 17:55:56.291 W/WindowManager(  647): 	at com.android.server.wm.WindowManagerService.performLayoutAndPlaceSurfacesLockedInner(WindowManagerService.java:9193)
03-10 17:55:56.291 W/WindowManager(  647): 	at com.android.server.wm.WindowManagerService.performLayoutAndPlaceSurfacesLockedLoop(WindowManagerService.java:8163)
03-10 17:55:56.291 W/WindowManager(  647): 	at com.android.server.wm.WindowManagerService.performLayoutAndPlaceSurfacesLocked(WindowManagerService.java:8105)
03-10 17:55:56.291 W/WindowManager(  647): 	at com.android.server.wm.WindowManagerService.executeAppTransition(WindowManagerService.java:3918)
03-10 17:55:56.291 W/WindowManager(  647): 	at com.android.server.am.ActivityStackSupervisor.reportResumedActivityLocked(ActivityStackSupervisor.java:2241)
03-10 17:55:56.291 W/WindowManager(  647): 	at com.android.server.am.ActivityStack.completeResumeLocked(ActivityStack.java:968)
03-10 17:55:56.291 W/WindowManager(  647): 	at com.android.server.am.ActivityStack.resumeTopActivityLocked(ActivityStack.java:1631)
03-10 17:55:56.291 W/WindowManager(  647): 	at com.android.server.am.ActivityStackSupervisor.resumeTopActivitiesLocked(ActivityStackSupervisor.java:2022)
03-10 17:55:56.291 W/WindowManager(  647): 	at com.android.server.am.ActivityStackSupervisor.resumeTopActivitiesLocked(ActivityStackSupervisor.java:2009)
03-10 17:55:56.291 W/WindowManager(  647): 	at com.android.server.am.ActivityManagerService.forceStopPackageLocked(ActivityManagerService.java:4750)
03-10 17:55:56.291 W/WindowManager(  647): 	at com.android.server.am.ActivityManagerService.forceStopPackageLocked(ActivityManagerService.java:4496)
03-10 17:55:56.291 W/WindowManager(  647): 	at com.android.server.am.ActivityManagerService.forceStopPackage(ActivityManagerService.java:4327)
03-10 17:55:56.291 W/WindowManager(  647): 	at android.app.ActivityManagerNative.onTransact(ActivityManagerNative.java:1365)
03-10 17:55:56.291 W/WindowManager(  647): 	at com.android.server.am.ActivityManagerService.onTransact(ActivityManagerService.java:2071)
03-10 17:55:56.291 W/WindowManager(  647): 	at android.os.Binder.execTransact(Binder.java:404)
03-10 17:55:56.291 W/WindowManager(  647): 	at dalvik.system.NativeStart.run(Native Method)
03-10 17:55:56.291 W/WindowManager(  647): This window was lost: Window{4272e1d8 u0 com.android.helloworldminimal/com.android.helloworldminimal.HelloWorld}
03-10 17:55:56.291 W/WindowManager(  647): mDisplayId=0 mSession=Session{4272dd58 2302:u0a10120} mClient=android.os.BinderProxy@4272df58
03-10 17:55:56.291 W/WindowManager(  647): mOwnerUid=10120 mShowToOwnerOnly=true package=com.android.helloworldminimal appop=NONE
03-10 17:55:56.291 W/WindowManager(  647): mAttrs=WM.LayoutParams{(0,0)(fillxfill) sim=#120 ty=1 fl=#1810100 pfl=0x8 wanim=0x10302f5}
03-10 17:55:56.291 W/WindowManager(  647): Requested w=1200 h=1824 mLayoutSeq=61
03-10 17:55:56.291 W/WindowManager(  647): mBaseLayer=21000 mSubLayer=0 mAnimLayer=21005+0=21005 mLastLayer=0
03-10 17:55:56.291 W/WindowManager(  647): mToken=AppWindowToken{42751618 token=Token{42723600 ActivityRecord{4271e5a0 u0 com.android.helloworldminimal/.HelloWorld t3}}}
03-10 17:55:56.291 W/WindowManager(  647): mRootToken=AppWindowToken{42751618 token=Token{42723600 ActivityRecord{4271e5a0 u0 com.android.helloworldminimal/.HelloWorld t3}}}
03-10 17:55:56.291 W/WindowManager(  647): mAppToken=AppWindowToken{42751618 token=Token{42723600 ActivityRecord{4271e5a0 u0 com.android.helloworldminimal/.HelloWorld t3}}}
03-10 17:55:56.291 W/WindowManager(  647): mViewVisibility=0x0 mHaveFrame=true mObscured=true
03-10 17:55:56.291 W/WindowManager(  647): mSeq=0 mSystemUiVisibility=0x0
03-10 17:55:56.291 W/WindowManager(  647): mPolicyVisibility=false mPolicyVisibilityAfterAnim=false mAppOpVisibility=true mAttachedHidden=false
03-10 17:55:56.291 W/WindowManager(  647): mGivenContentInsets=[0,0][0,0] mGivenVisibleInsets=[0,0][0,0]
03-10 17:55:56.291 W/WindowManager(  647): mConfiguration={1.0 ?mcc?mnc en_US ldltr sw600dp w600dp h887dp 320dpi lrg port finger -keyb/v/h -nav/h s.5}
03-10 17:55:56.291 W/WindowManager(  647): mHasSurface=true mShownFrame=[0.0,0.0][1200.0,1824.0] isReadyForDisplay()=false
03-10 17:55:56.291 W/WindowManager(  647): mFrame=[0,0][1200,1824] last=[0,0][1200,1824]
03-10 17:55:56.291 W/WindowManager(  647): mSystemDecorRect=[0,0][1200,1824] last=[0,0][1200,1824]
03-10 17:55:56.291 W/WindowManager(  647): Frames: containing=[0,0][1200,1824] parent=[0,0][1200,1824]
03-10 17:55:56.291 W/WindowManager(  647):     display=[0,0][1200,1824] overscan=[0,0][1200,1920]
03-10 17:55:56.291 W/WindowManager(  647):     content=[0,50][1200,1824] visible=[0,50][1200,1824]
03-10 17:55:56.291 W/WindowManager(  647):     decor=[0,0][1200,1920]
03-10 17:55:56.291 W/WindowManager(  647): Cur insets: overscan=[0,0][0,0] content=[0,50][0,0] visible=[0,50][0,0]
03-10 17:55:56.291 W/WindowManager(  647): Lst insets: overscan=[0,0][0,0] content=[0,50][0,0] visible=[0,50][0,0]
03-10 17:55:56.291 W/WindowManager(  647): WindowStateAnimator{42746c80 com.android.helloworldminimal/com.android.helloworldminimal.HelloWorld}:
03-10 17:55:56.291 W/WindowManager(  647):   mSurface=Surface(name=com.android.helloworldminimal/com.android.helloworldminimal.HelloWorld)
03-10 17:55:56.291 W/WindowManager(  647):   mDrawState=HAS_DRAWN mLastHidden=true
03-10 17:55:56.291 W/WindowManager(  647):   Surface: shown=false layer=21005 alpha=0.0 rect=(0.0,0.0) 1200.0 x 1824.0
03-10 17:55:56.291 W/WindowManager(  647):   mShownAlpha=1.0 mAlpha=1.0 mLastAlpha=-1.0
03-10 17:55:56.291 W/WindowManager(  647): Current app token list:
03-10 17:55:56.291 V/WindowManager(  647):   Display 0
03-10 17:55:56.291 V/WindowManager(  647):   #0: Token{425d0718 ActivityRecord{425d0408 u0 com.android.launcher/com.android.launcher2.Launcher t1}}
03-10 17:55:56.291 W/WindowManager(  647): Final window list:
03-10 17:55:56.291 V/WindowManager(  647):   #0: Window{427d8fa0 u0 SearchPanel}
03-10 17:55:56.291 V/WindowManager(  647):   #1: Window{4251c810 u0 NavigationBar}
03-10 17:55:56.291 V/WindowManager(  647):   #2: Window{42496710 u0 StatusBar}
03-10 17:55:56.291 V/WindowManager(  647):   #3: Window{4283b598 u0 Keyguard}
03-10 17:55:56.291 V/WindowManager(  647):   #4: Window{42507938 u0 KeyguardScrim}
03-10 17:55:56.291 V/WindowManager(  647):   #5: Window{427d9e30 u0 com.android.launcher/com.android.launcher2.Launcher}
03-10 17:55:56.291 V/WindowManager(  647):   #6: Window{423b7038 u0 com.android.systemui.ImageWallpaper}
03-10 17:55:56.291 D/AndroidRuntime( 2320): Shutting down VM
03-10 17:55:56.291 D/dalvikvm( 2320): GC_CONCURRENT freed 93K, 15% free 553K/648K, paused 0ms+1ms, total 2ms
03-10 17:55:56.301 I/WindowState(  647): WIN DEATH: Window{4272e1d8 u0 com.android.helloworldminimal/com.android.helloworldminimal.HelloWorld}
03-10 17:55:57.843 D/AndroidRuntime( 2338): 
03-10 17:55:57.843 D/AndroidRuntime( 2338): >>>>>> AndroidRuntime START com.android.internal.os.RuntimeInit <<<<<<
03-10 17:55:57.843 D/AndroidRuntime( 2338): CheckJNI is OFF
03-10 17:55:57.863 D/dalvikvm( 2338): Trying to load lib libjavacore.so 0x0
03-10 17:55:57.863 D/dalvikvm( 2338): Added shared lib libjavacore.so 0x0
03-10 17:55:57.863 D/dalvikvm( 2338): Trying to load lib libnativehelper.so 0x0
03-10 17:55:57.863 D/dalvikvm( 2338): Added shared lib libnativehelper.so 0x0
03-10 17:55:57.863 D/dalvikvm( 2338): No JNI_OnLoad found in libnativehelper.so 0x0, skipping init
03-10 17:55:57.903 D/dalvikvm( 2338): Note: class Landroid/app/ActivityManagerNative; has 179 unimplemented (abstract) methods
03-10 17:55:58.103 D/AndroidRuntime( 2338): Calling main entry com.android.commands.am.Am
03-10 17:55:58.123 I/ActivityManager(  647): START u0 {flg=0x10000000 cmp=com.android.helloworldminimal/.HelloWorld} from pid 2338
03-10 17:55:58.423 I/WindowManager(  647): Screenshot max retries 4 of Token{425d0718 ActivityRecord{425d0408 u0 com.android.launcher/com.android.launcher2.Launcher t1}} appWin=Window{427d9e30 u0 com.android.launcher/com.android.launcher2.Launcher} drawState=4
03-10 17:55:58.423 W/WindowManager(  647): Screenshot failure taking screenshot for (1200x1920) to layer 21000
03-10 17:55:58.443 D/AndroidRuntime( 2338): Shutting down VM
03-10 17:55:58.453 D/dalvikvm( 2338): GC_CONCURRENT freed 95K, 15% free 586K/684K, paused 1ms+0ms, total 9ms
03-10 17:55:58.473 I/ActivityManager(  647): Start proc com.android.helloworldminimal for activity com.android.helloworldminimal/.HelloWorld: pid=2355 uid=10120 gids={50120}
03-10 17:55:58.584 D/dalvikvm( 2355): GC_CONCURRENT freed 188K, 3% free 9217K/9436K, paused 3ms+2ms, total 20ms
03-10 17:55:58.714 D/dalvikvm( 2355): GC_CONCURRENT freed 226K, 3% free 9433K/9692K, paused 2ms+2ms, total 22ms
03-10 17:55:58.824 D/dalvikvm( 2355): GC_CONCURRENT freed 235K, 3% free 9660K/9928K, paused 1ms+4ms, total 34ms
03-10 17:55:58.974 D/dalvikvm( 2355): GC_CONCURRENT freed 239K, 3% free 9900K/10172K, paused 3ms+2ms, total 32ms
03-10 17:55:59.154 D/dalvikvm( 2355): GC_CONCURRENT freed 336K, 4% free 10043K/10400K, paused 2ms+2ms, total 38ms
03-10 17:55:59.294 D/dalvikvm( 2355): GC_CONCURRENT freed 351K, 4% free 10152K/10536K, paused 1ms+3ms, total 34ms
03-10 17:55:59.314 I/dalvikvm( 2355): Could not find method java.beans.Introspector.getBeanInfo, referenced from method clojure.core$bean.invoke
03-10 17:55:59.314 W/dalvikvm( 2355): VFY: unable to resolve static method 13119: Ljava/beans/Introspector;.getBeanInfo (Ljava/lang/Class;)Ljava/beans/BeanInfo;
03-10 17:55:59.314 D/dalvikvm( 2355): VFY: replacing opcode 0x71 at 0x0021
03-10 17:55:59.414 D/dalvikvm( 2355): GC_CONCURRENT freed 335K, 4% free 10327K/10696K, paused 1ms+2ms, total 30ms
03-10 17:55:59.414 D/dalvikvm( 2355): WAIT_FOR_CONCURRENT_GC blocked 7ms
03-10 17:55:59.545 D/dalvikvm( 2355): GC_CONCURRENT freed 434K, 5% free 10406K/10872K, paused 2ms+2ms, total 35ms
03-10 17:55:59.545 D/dalvikvm( 2355): WAIT_FOR_CONCURRENT_GC blocked 13ms
03-10 17:55:59.655 D/dalvikvm( 2355): GC_CONCURRENT freed 430K, 5% free 10452K/10896K, paused 2ms+3ms, total 40ms
03-10 17:55:59.755 D/dalvikvm( 2355): GC_CONCURRENT freed 455K, 5% free 10510K/10996K, paused 2ms+1ms, total 30ms
03-10 17:55:59.755 D/dalvikvm( 2355): WAIT_FOR_CONCURRENT_GC blocked 7ms
03-10 17:55:59.855 D/dalvikvm( 2355): GC_CONCURRENT freed 488K, 5% free 10536K/11056K, paused 2ms+3ms, total 33ms
03-10 17:55:59.855 D/dalvikvm( 2355): WAIT_FOR_CONCURRENT_GC blocked 7ms
03-10 17:55:59.945 D/dalvikvm( 2355): GC_CONCURRENT freed 479K, 5% free 10573K/11084K, paused 2ms+3ms, total 29ms
03-10 17:56:00.075 D/dalvikvm( 2355): GC_CONCURRENT freed 479K, 5% free 10630K/11140K, paused 2ms+1ms, total 30ms
03-10 17:56:00.075 D/dalvikvm( 2355): WAIT_FOR_CONCURRENT_GC blocked 6ms
03-10 17:56:00.185 D/dalvikvm( 2355): GC_CONCURRENT freed 504K, 5% free 10681K/11216K, paused 2ms+3ms, total 39ms
03-10 17:56:00.185 D/dalvikvm( 2355): WAIT_FOR_CONCURRENT_GC blocked 14ms
03-10 17:56:00.295 D/dalvikvm( 2355): GC_CONCURRENT freed 531K, 5% free 10722K/11284K, paused 2ms+3ms, total 39ms
03-10 17:56:00.295 D/dalvikvm( 2355): WAIT_FOR_CONCURRENT_GC blocked 15ms
03-10 17:56:00.425 D/dalvikvm( 2355): GC_CONCURRENT freed 436K, 5% free 10868K/11336K, paused 2ms+3ms, total 35ms
03-10 17:56:00.425 D/dalvikvm( 2355): WAIT_FOR_CONCURRENT_GC blocked 21ms
03-10 17:56:00.576 D/dalvikvm( 2355): GC_CONCURRENT freed 565K, 6% free 10936K/11532K, paused 1ms+2ms, total 41ms
03-10 17:56:00.576 D/dalvikvm( 2355): WAIT_FOR_CONCURRENT_GC blocked 19ms
03-10 17:56:00.686 D/dalvikvm( 2355): GC_CONCURRENT freed 563K, 6% free 11030K/11624K, paused 2ms+2ms, total 34ms
03-10 17:56:00.686 D/dalvikvm( 2355): WAIT_FOR_CONCURRENT_GC blocked 18ms
03-10 17:56:00.786 D/dalvikvm( 2355): GC_CONCURRENT freed 632K, 6% free 11085K/11748K, paused 1ms+2ms, total 36ms
03-10 17:56:00.786 D/dalvikvm( 2355): WAIT_FOR_CONCURRENT_GC blocked 19ms
03-10 17:56:00.886 D/dalvikvm( 2355): GC_FOR_ALLOC freed 400K, 6% free 11153K/11804K, paused 33ms, total 33ms
03-10 17:56:00.916 I/Adreno-EGL( 2355): <qeglDrvAPI_eglInitialize:320>: EGL 1.4 QUALCOMM Build: I0404c4692afb8623f95c43aeb6d5e13ed4b30ddbDate: 11/06/13
03-10 17:56:00.936 D/OpenGLRenderer( 2355): Enabling debug mode 0
03-10 17:56:01.006 I/ActivityManager(  647): Displayed com.android.helloworldminimal/.HelloWorld: +2s572ms
03-10 17:56:19.004 D/AndroidRuntime( 2380): 
03-10 17:56:19.004 D/AndroidRuntime( 2380): >>>>>> AndroidRuntime START com.android.internal.os.RuntimeInit <<<<<<
03-10 17:56:19.014 D/AndroidRuntime( 2380): CheckJNI is OFF
03-10 17:56:19.024 D/dalvikvm( 2380): Trying to load lib libjavacore.so 0x0
03-10 17:56:19.034 D/dalvikvm( 2380): Added shared lib libjavacore.so 0x0
03-10 17:56:19.034 D/dalvikvm( 2380): Trying to load lib libnativehelper.so 0x0
03-10 17:56:19.034 D/dalvikvm( 2380): Added shared lib libnativehelper.so 0x0
03-10 17:56:19.034 D/dalvikvm( 2380): No JNI_OnLoad found in libnativehelper.so 0x0, skipping init
03-10 17:56:19.064 D/dalvikvm( 2380): Note: class Landroid/app/ActivityManagerNative; has 179 unimplemented (abstract) methods
03-10 17:56:19.264 D/AndroidRuntime( 2380): Calling main entry com.android.commands.am.Am
03-10 17:56:19.264 I/ActivityManager(  647): Force stopping com.android.helloworldminimal appid=10120 user=0: from pid 2380
03-10 17:56:19.264 I/ActivityManager(  647): Killing 2355:com.android.helloworldminimal/u0a120 (adj 0): stop com.android.helloworldminimal
03-10 17:56:19.264 W/ActivityManager(  647): Force removing ActivityRecord{426dc838 u0 com.android.helloworldminimal/.HelloWorld t4}: app died, no saved state
03-10 17:56:19.284 W/InputDispatcher(  647): channel '425f46d0 com.android.helloworldminimal/com.android.helloworldminimal.HelloWorld (server)' ~ Consumer closed input channel or an error occurred.  events=0x9
03-10 17:56:19.284 E/InputDispatcher(  647): channel '425f46d0 com.android.helloworldminimal/com.android.helloworldminimal.HelloWorld (server)' ~ Channel is unrecoverably broken and will be disposed!
03-10 17:56:19.284 W/InputDispatcher(  647): Attempted to unregister already unregistered input channel '425f46d0 com.android.helloworldminimal/com.android.helloworldminimal.HelloWorld (server)'
03-10 17:56:19.284 D/AndroidRuntime( 2380): Shutting down VM
03-10 17:56:19.284 I/WindowState(  647): WIN DEATH: Window{425f46d0 u0 com.android.helloworldminimal/com.android.helloworldminimal.HelloWorld}
03-10 17:56:19.294 D/dalvikvm( 2380): GC_CONCURRENT freed 93K, 15% free 553K/648K, paused 2ms+0ms, total 4ms
03-10 17:56:20.855 D/AndroidRuntime( 2398): 
03-10 17:56:20.855 D/AndroidRuntime( 2398): >>>>>> AndroidRuntime START com.android.internal.os.RuntimeInit <<<<<<
03-10 17:56:20.855 D/AndroidRuntime( 2398): CheckJNI is OFF
03-10 17:56:20.875 D/dalvikvm( 2398): Trying to load lib libjavacore.so 0x0
03-10 17:56:20.875 D/dalvikvm( 2398): Added shared lib libjavacore.so 0x0
03-10 17:56:20.875 D/dalvikvm( 2398): Trying to load lib libnativehelper.so 0x0
03-10 17:56:20.875 D/dalvikvm( 2398): Added shared lib libnativehelper.so 0x0
03-10 17:56:20.875 D/dalvikvm( 2398): No JNI_OnLoad found in libnativehelper.so 0x0, skipping init
03-10 17:56:20.915 D/dalvikvm( 2398): Note: class Landroid/app/ActivityManagerNative; has 179 unimplemented (abstract) methods
03-10 17:56:21.106 D/AndroidRuntime( 2398): Calling main entry com.android.commands.am.Am
03-10 17:56:21.126 I/ActivityManager(  647): START u0 {flg=0x10000000 cmp=com.android.helloworldminimal/.HelloWorld} from pid 2398
03-10 17:56:21.426 I/WindowManager(  647): Screenshot max retries 4 of Token{425d0718 ActivityRecord{425d0408 u0 com.android.launcher/com.android.launcher2.Launcher t1}} appWin=Window{427d9e30 u0 com.android.launcher/com.android.launcher2.Launcher} drawState=4
03-10 17:56:21.426 W/WindowManager(  647): Screenshot failure taking screenshot for (1200x1920) to layer 21000
03-10 17:56:21.436 D/AndroidRuntime( 2398): Shutting down VM
03-10 17:56:21.446 D/dalvikvm( 2398): GC_CONCURRENT freed 95K, 15% free 586K/684K, paused 0ms+0ms, total 5ms
03-10 17:56:21.466 I/ActivityManager(  647): Start proc com.android.helloworldminimal for activity com.android.helloworldminimal/.HelloWorld: pid=2415 uid=10120 gids={50120}
03-10 17:56:21.576 D/dalvikvm( 2415): GC_CONCURRENT freed 192K, 3% free 9215K/9440K, paused 2ms+1ms, total 20ms
03-10 17:56:21.706 D/dalvikvm( 2415): GC_CONCURRENT freed 222K, 3% free 9428K/9684K, paused 1ms+3ms, total 19ms
03-10 17:56:21.806 D/dalvikvm( 2415): GC_CONCURRENT freed 240K, 3% free 9662K/9936K, paused 2ms+3ms, total 25ms
03-10 17:56:21.926 D/dalvikvm( 2415): GC_CONCURRENT freed 236K, 3% free 9895K/10164K, paused 3ms+3ms, total 29ms
03-10 17:56:22.107 D/dalvikvm( 2415): GC_CONCURRENT freed 330K, 4% free 10014K/10388K, paused 3ms+2ms, total 30ms
03-10 17:56:22.237 D/dalvikvm( 2415): GC_CONCURRENT freed 332K, 4% free 10132K/10512K, paused 2ms+3ms, total 25ms
03-10 17:56:22.287 I/dalvikvm( 2415): Could not find method java.beans.Introspector.getBeanInfo, referenced from method clojure.core$bean.invoke
03-10 17:56:22.287 W/dalvikvm( 2415): VFY: unable to resolve static method 13119: Ljava/beans/Introspector;.getBeanInfo (Ljava/lang/Class;)Ljava/beans/BeanInfo;
03-10 17:56:22.287 D/dalvikvm( 2415): VFY: replacing opcode 0x71 at 0x0021
03-10 17:56:22.377 D/dalvikvm( 2415): GC_CONCURRENT freed 335K, 4% free 10292K/10660K, paused 1ms+2ms, total 25ms
03-10 17:56:22.477 D/dalvikvm( 2415): GC_CONCURRENT freed 398K, 4% free 10403K/10832K, paused 2ms+3ms, total 29ms
03-10 17:56:22.577 D/dalvikvm( 2415): GC_CONCURRENT freed 435K, 5% free 10444K/10912K, paused 1ms+3ms, total 27ms
03-10 17:56:22.697 D/dalvikvm( 2415): GC_CONCURRENT freed 452K, 5% free 10505K/10988K, paused 2ms+2ms, total 34ms
03-10 17:56:22.697 D/dalvikvm( 2415): WAIT_FOR_CONCURRENT_GC blocked 11ms
03-10 17:56:22.797 D/dalvikvm( 2415): GC_CONCURRENT freed 455K, 5% free 10555K/11044K, paused 3ms+3ms, total 33ms
03-10 17:56:22.897 D/dalvikvm( 2415): GC_CONCURRENT freed 518K, 5% free 10567K/11116K, paused 2ms+2ms, total 34ms
03-10 17:56:22.897 D/dalvikvm( 2415): WAIT_FOR_CONCURRENT_GC blocked 11ms
03-10 17:56:23.017 D/dalvikvm( 2415): GC_CONCURRENT freed 475K, 5% free 10626K/11132K, paused 1ms+2ms, total 28ms
03-10 17:56:23.017 D/dalvikvm( 2415): WAIT_FOR_CONCURRENT_GC blocked 6ms
03-10 17:56:23.128 D/dalvikvm( 2415): GC_CONCURRENT freed 481K, 5% free 10696K/11208K, paused 2ms+3ms, total 36ms
03-10 17:56:23.128 D/dalvikvm( 2415): WAIT_FOR_CONCURRENT_GC blocked 9ms
03-10 17:56:23.238 D/dalvikvm( 2415): GC_CONCURRENT freed 557K, 6% free 10716K/11304K, paused 1ms+3ms, total 33ms
03-10 17:56:23.368 D/dalvikvm( 2415): GC_CONCURRENT freed 443K, 5% free 10803K/11328K, paused 3ms+2ms, total 31ms
03-10 17:56:23.368 D/dalvikvm( 2415): WAIT_FOR_CONCURRENT_GC blocked 22ms
03-10 17:56:23.498 D/dalvikvm( 2415): GC_CONCURRENT freed 486K, 5% free 10927K/11444K, paused 2ms+3ms, total 32ms
03-10 17:56:23.498 D/dalvikvm( 2415): WAIT_FOR_CONCURRENT_GC blocked 6ms
03-10 17:56:23.628 D/dalvikvm( 2415): GC_CONCURRENT freed 573K, 6% free 11008K/11612K, paused 1ms+3ms, total 40ms
03-10 17:56:23.628 D/dalvikvm( 2415): WAIT_FOR_CONCURRENT_GC blocked 25ms
03-10 17:56:23.728 D/dalvikvm( 2415): GC_CONCURRENT freed 614K, 6% free 11074K/11720K, paused 3ms+1ms, total 35ms
03-10 17:56:23.728 D/dalvikvm( 2415): WAIT_FOR_CONCURRENT_GC blocked 12ms
03-10 17:56:23.858 D/dalvikvm( 2415): GC_CONCURRENT freed 536K, 6% free 11154K/11780K, paused 3ms+2ms, total 37ms
03-10 17:56:23.858 D/dalvikvm( 2415): WAIT_FOR_CONCURRENT_GC blocked 30ms
03-10 17:56:23.888 I/Adreno-EGL( 2415): <qeglDrvAPI_eglInitialize:320>: EGL 1.4 QUALCOMM Build: I0404c4692afb8623f95c43aeb6d5e13ed4b30ddbDate: 11/06/13
03-10 17:56:23.918 D/OpenGLRenderer( 2415): Enabling debug mode 0
03-10 17:56:23.978 I/ActivityManager(  647): Displayed com.android.helloworldminimal/.HelloWorld: +2s545ms
03-10 17:56:42.016 D/AndroidRuntime( 2441): 
03-10 17:56:42.016 D/AndroidRuntime( 2441): >>>>>> AndroidRuntime START com.android.internal.os.RuntimeInit <<<<<<
03-10 17:56:42.016 D/AndroidRuntime( 2441): CheckJNI is OFF
03-10 17:56:42.026 D/dalvikvm( 2441): Trying to load lib libjavacore.so 0x0
03-10 17:56:42.036 D/dalvikvm( 2441): Added shared lib libjavacore.so 0x0
03-10 17:56:42.036 D/dalvikvm( 2441): Trying to load lib libnativehelper.so 0x0
03-10 17:56:42.036 D/dalvikvm( 2441): Added shared lib libnativehelper.so 0x0
03-10 17:56:42.036 D/dalvikvm( 2441): No JNI_OnLoad found in libnativehelper.so 0x0, skipping init
03-10 17:56:42.066 D/dalvikvm( 2441): Note: class Landroid/app/ActivityManagerNative; has 179 unimplemented (abstract) methods
03-10 17:56:42.256 D/AndroidRuntime( 2441): Calling main entry com.android.commands.am.Am
03-10 17:56:42.256 I/ActivityManager(  647): Force stopping com.android.helloworldminimal appid=10120 user=0: from pid 2441
03-10 17:56:42.256 I/ActivityManager(  647): Killing 2415:com.android.helloworldminimal/u0a120 (adj 0): stop com.android.helloworldminimal
03-10 17:56:42.266 W/ActivityManager(  647): Force removing ActivityRecord{4281d5c8 u0 com.android.helloworldminimal/.HelloWorld t5}: app died, no saved state
03-10 17:56:42.276 D/AndroidRuntime( 2441): Shutting down VM
03-10 17:56:42.276 I/WindowState(  647): WIN DEATH: Window{426fdb80 u0 com.android.helloworldminimal/com.android.helloworldminimal.HelloWorld}
03-10 17:56:42.286 D/dalvikvm( 2441): GC_CONCURRENT freed 93K, 15% free 553K/648K, paused 0ms+0ms, total 2ms
03-10 17:56:43.828 D/AndroidRuntime( 2459): 
03-10 17:56:43.828 D/AndroidRuntime( 2459): >>>>>> AndroidRuntime START com.android.internal.os.RuntimeInit <<<<<<
03-10 17:56:43.838 D/AndroidRuntime( 2459): CheckJNI is OFF
03-10 17:56:43.848 D/dalvikvm( 2459): Trying to load lib libjavacore.so 0x0
03-10 17:56:43.848 D/dalvikvm( 2459): Added shared lib libjavacore.so 0x0
03-10 17:56:43.858 D/dalvikvm( 2459): Trying to load lib libnativehelper.so 0x0
03-10 17:56:43.858 D/dalvikvm( 2459): Added shared lib libnativehelper.so 0x0
03-10 17:56:43.858 D/dalvikvm( 2459): No JNI_OnLoad found in libnativehelper.so 0x0, skipping init
03-10 17:56:43.888 D/dalvikvm( 2459): Note: class Landroid/app/ActivityManagerNative; has 179 unimplemented (abstract) methods
03-10 17:56:44.078 D/AndroidRuntime( 2459): Calling main entry com.android.commands.am.Am
03-10 17:56:44.088 I/ActivityManager(  647): START u0 {flg=0x10000000 cmp=com.android.helloworldminimal/.HelloWorld} from pid 2459
03-10 17:56:44.398 D/AndroidRuntime( 2459): Shutting down VM
03-10 17:56:44.398 I/WindowManager(  647): Screenshot max retries 4 of Token{425d0718 ActivityRecord{425d0408 u0 com.android.launcher/com.android.launcher2.Launcher t1}} appWin=Window{427d9e30 u0 com.android.launcher/com.android.launcher2.Launcher} drawState=4
03-10 17:56:44.398 W/WindowManager(  647): Screenshot failure taking screenshot for (1200x1920) to layer 21000
03-10 17:56:44.408 D/dalvikvm( 2459): GC_CONCURRENT freed 95K, 15% free 586K/684K, paused 0ms+1ms, total 4ms
03-10 17:56:44.408 I/ActivityManager(  647): Start proc com.android.helloworldminimal for activity com.android.helloworldminimal/.HelloWorld: pid=2474 uid=10120 gids={50120}
03-10 17:56:44.538 D/dalvikvm( 2474): GC_CONCURRENT freed 194K, 3% free 9215K/9444K, paused 2ms+2ms, total 21ms
03-10 17:56:44.669 D/dalvikvm( 2474): GC_CONCURRENT freed 219K, 3% free 9426K/9676K, paused 2ms+3ms, total 18ms
03-10 17:56:44.779 D/dalvikvm( 2474): GC_CONCURRENT freed 242K, 3% free 9660K/9936K, paused 1ms+2ms, total 25ms
03-10 17:56:44.889 D/dalvikvm( 2474): GC_CONCURRENT freed 229K, 3% free 9894K/10156K, paused 3ms+2ms, total 28ms
03-10 17:56:45.069 D/dalvikvm( 2474): GC_CONCURRENT freed 334K, 4% free 10014K/10392K, paused 3ms+3ms, total 31ms
03-10 17:56:45.209 D/dalvikvm( 2474): GC_CONCURRENT freed 346K, 4% free 10135K/10528K, paused 2ms+4ms, total 33ms
03-10 17:56:45.249 I/dalvikvm( 2474): Could not find method java.beans.Introspector.getBeanInfo, referenced from method clojure.core$bean.invoke
03-10 17:56:45.249 W/dalvikvm( 2474): VFY: unable to resolve static method 13119: Ljava/beans/Introspector;.getBeanInfo (Ljava/lang/Class;)Ljava/beans/BeanInfo;
03-10 17:56:45.249 D/dalvikvm( 2474): VFY: replacing opcode 0x71 at 0x0021
03-10 17:56:45.349 D/dalvikvm( 2474): GC_CONCURRENT freed 337K, 4% free 10312K/10680K, paused 3ms+3ms, total 34ms
03-10 17:56:45.349 D/dalvikvm( 2474): WAIT_FOR_CONCURRENT_GC blocked 10ms
03-10 17:56:45.449 D/dalvikvm( 2474): GC_CONCURRENT freed 420K, 5% free 10405K/10856K, paused 2ms+2ms, total 33ms
03-10 17:56:45.449 D/dalvikvm( 2474): WAIT_FOR_CONCURRENT_GC blocked 11ms
03-10 17:56:45.549 D/dalvikvm( 2474): GC_CONCURRENT freed 413K, 5% free 10447K/10892K, paused 2ms+3ms, total 28ms
03-10 17:56:45.660 D/dalvikvm( 2474): GC_CONCURRENT freed 455K, 5% free 10506K/10992K, paused 1ms+2ms, total 30ms
03-10 17:56:45.660 D/dalvikvm( 2474): WAIT_FOR_CONCURRENT_GC blocked 8ms
03-10 17:56:45.760 D/dalvikvm( 2474): GC_CONCURRENT freed 433K, 5% free 10554K/11020K, paused 2ms+2ms, total 30ms
03-10 17:56:45.860 D/dalvikvm( 2474): GC_CONCURRENT freed 515K, 5% free 10565K/11112K, paused 2ms+2ms, total 38ms
03-10 17:56:45.860 D/dalvikvm( 2474): WAIT_FOR_CONCURRENT_GC blocked 15ms
03-10 17:56:45.980 D/dalvikvm( 2474): GC_CONCURRENT freed 471K, 5% free 10626K/11128K, paused 4ms+2ms, total 39ms
03-10 17:56:45.980 D/dalvikvm( 2474): WAIT_FOR_CONCURRENT_GC blocked 15ms
03-10 17:56:46.090 D/dalvikvm( 2474): GC_CONCURRENT freed 487K, 5% free 10689K/11208K, paused 1ms+3ms, total 38ms
03-10 17:56:46.090 D/dalvikvm( 2474): WAIT_FOR_CONCURRENT_GC blocked 14ms
03-10 17:56:46.210 D/dalvikvm( 2474): GC_CONCURRENT freed 550K, 6% free 10715K/11296K, paused 2ms+2ms, total 37ms
03-10 17:56:46.210 D/dalvikvm( 2474): WAIT_FOR_CONCURRENT_GC blocked 13ms
03-10 17:56:46.350 D/dalvikvm( 2474): GC_CONCURRENT freed 460K, 5% free 10800K/11324K, paused 2ms+2ms, total 37ms
03-10 17:56:46.350 D/dalvikvm( 2474): WAIT_FOR_CONCURRENT_GC blocked 28ms
03-10 17:56:46.490 D/dalvikvm( 2474): GC_CONCURRENT freed 481K, 5% free 10927K/11440K, paused 1ms+3ms, total 33ms
03-10 17:56:46.490 D/dalvikvm( 2474): WAIT_FOR_CONCURRENT_GC blocked 6ms
03-10 17:56:46.620 D/dalvikvm( 2474): GC_CONCURRENT freed 572K, 6% free 11009K/11612K, paused 2ms+2ms, total 34ms
03-10 17:56:46.620 D/dalvikvm( 2474): WAIT_FOR_CONCURRENT_GC blocked 16ms
03-10 17:56:46.711 D/dalvikvm( 2474): GC_CONCURRENT freed 615K, 6% free 11073K/11720K, paused 2ms+2ms, total 34ms
03-10 17:56:46.711 D/dalvikvm( 2474): WAIT_FOR_CONCURRENT_GC blocked 18ms
03-10 17:56:46.831 D/dalvikvm( 2474): GC_CONCURRENT freed 534K, 6% free 11156K/11768K, paused 2ms+2ms, total 35ms
03-10 17:56:46.831 D/dalvikvm( 2474): WAIT_FOR_CONCURRENT_GC blocked 23ms
03-10 17:56:46.951 D/dalvikvm(  647): GC_EXPLICIT freed 1042K, 10% free 17307K/19144K, paused 3ms+10ms, total 115ms
03-10 17:56:46.981 I/Adreno-EGL( 2474): <qeglDrvAPI_eglInitialize:320>: EGL 1.4 QUALCOMM Build: I0404c4692afb8623f95c43aeb6d5e13ed4b30ddbDate: 11/06/13
03-10 17:56:47.011 D/OpenGLRenderer( 2474): Enabling debug mode 0
03-10 17:56:47.091 I/ActivityManager(  647): Displayed com.android.helloworldminimal/.HelloWorld: +2s689ms
03-10 17:57:04.958 D/AndroidRuntime( 2490): 
03-10 17:57:04.958 D/AndroidRuntime( 2490): >>>>>> AndroidRuntime START com.android.internal.os.RuntimeInit <<<<<<
03-10 17:57:04.958 D/AndroidRuntime( 2490): CheckJNI is OFF
03-10 17:57:04.978 D/dalvikvm( 2490): Trying to load lib libjavacore.so 0x0
03-10 17:57:04.978 D/dalvikvm( 2490): Added shared lib libjavacore.so 0x0
03-10 17:57:04.978 D/dalvikvm( 2490): Trying to load lib libnativehelper.so 0x0
03-10 17:57:04.978 D/dalvikvm( 2490): Added shared lib libnativehelper.so 0x0
03-10 17:57:04.978 D/dalvikvm( 2490): No JNI_OnLoad found in libnativehelper.so 0x0, skipping init
03-10 17:57:05.018 D/dalvikvm( 2490): Note: class Landroid/app/ActivityManagerNative; has 179 unimplemented (abstract) methods
03-10 17:57:05.209 D/AndroidRuntime( 2490): Calling main entry com.android.commands.am.Am
03-10 17:57:05.209 I/ActivityManager(  647): Force stopping com.android.helloworldminimal appid=10120 user=0: from pid 2490
03-10 17:57:05.219 I/ActivityManager(  647): Killing 2474:com.android.helloworldminimal/u0a120 (adj 0): stop com.android.helloworldminimal
03-10 17:57:05.229 W/ActivityManager(  647): Force removing ActivityRecord{426c0e30 u0 com.android.helloworldminimal/.HelloWorld t6}: app died, no saved state
03-10 17:57:05.239 W/InputDispatcher(  647): channel '42510810 com.android.helloworldminimal/com.android.helloworldminimal.HelloWorld (server)' ~ Consumer closed input channel or an error occurred.  events=0x9
03-10 17:57:05.239 E/InputDispatcher(  647): channel '42510810 com.android.helloworldminimal/com.android.helloworldminimal.HelloWorld (server)' ~ Channel is unrecoverably broken and will be disposed!
03-10 17:57:05.239 W/InputDispatcher(  647): Attempted to unregister already unregistered input channel '42510810 com.android.helloworldminimal/com.android.helloworldminimal.HelloWorld (server)'
03-10 17:57:05.239 D/AndroidRuntime( 2490): Shutting down VM
03-10 17:57:05.239 W/WindowManager(  647): Rebuild removed 2 windows but added 1
03-10 17:57:05.239 W/WindowManager(  647): java.lang.RuntimeException: here
03-10 17:57:05.239 W/WindowManager(  647): 	at com.android.server.wm.WindowManagerService.rebuildAppWindowListLocked(WindowManagerService.java:8011)
03-10 17:57:05.239 W/WindowManager(  647): 	at com.android.server.wm.WindowManagerService.rebuildAppWindowListLocked(WindowManagerService.java:7947)
03-10 17:57:05.239 W/WindowManager(  647): 	at com.android.server.wm.WindowManagerService.handleAppTransitionReadyLocked(WindowManagerService.java:8430)
03-10 17:57:05.239 W/WindowManager(  647): 	at com.android.server.wm.WindowManagerService.performLayoutAndPlaceSurfacesLockedInner(WindowManagerService.java:9193)
03-10 17:57:05.239 W/WindowManager(  647): 	at com.android.server.wm.WindowManagerService.performLayoutAndPlaceSurfacesLockedLoop(WindowManagerService.java:8163)
03-10 17:57:05.239 W/WindowManager(  647): 	at com.android.server.wm.WindowManagerService.performLayoutAndPlaceSurfacesLocked(WindowManagerService.java:8105)
03-10 17:57:05.239 W/WindowManager(  647): 	at com.android.server.wm.WindowManagerService.executeAppTransition(WindowManagerService.java:3918)
03-10 17:57:05.239 W/WindowManager(  647): 	at com.android.server.am.ActivityStackSupervisor.reportResumedActivityLocked(ActivityStackSupervisor.java:2241)
03-10 17:57:05.239 W/WindowManager(  647): 	at com.android.server.am.ActivityStack.completeResumeLocked(ActivityStack.java:968)
03-10 17:57:05.239 W/WindowManager(  647): 	at com.android.server.am.ActivityStack.resumeTopActivityLocked(ActivityStack.java:1631)
03-10 17:57:05.239 W/WindowManager(  647): 	at com.android.server.am.ActivityStackSupervisor.resumeTopActivitiesLocked(ActivityStackSupervisor.java:2022)
03-10 17:57:05.239 W/WindowManager(  647): 	at com.android.server.am.ActivityStackSupervisor.resumeTopActivitiesLocked(ActivityStackSupervisor.java:2009)
