03-10 17:53:32.033 D/BrcmNfcJni(  948): RoutingManager::nfaEeCallback: NFA_EE_SET_PROTO_CFG_EVT; status=0x0
03-10 17:53:32.033 E/BrcmNfcNfa(  948): UICC[0x0] is not activated
03-10 17:53:32.033 E/BrcmNfcNfa(  948): UICC[0x0] is not activated
03-10 17:53:32.033 D/BrcmNfcJni(  948): RoutingManager::stackCallback: event=0x15
03-10 17:53:32.033 D/BrcmNfcJni(  948): RoutingManager::stackCallback: NFA_CE_REGISTERED_EVT; status=0x0; h=0x302
03-10 17:53:32.043 D/NdefPushServer(  948): start, thread = null
03-10 17:53:32.043 D/NdefPushServer(  948): starting new server thread
03-10 17:53:32.043 D/NdefPushServer(  948): about create LLCP service socket
03-10 17:53:32.043 D/NdefPushServer(  948): created LLCP service socket
03-10 17:53:32.043 D/NdefPushServer(  948): about to accept
03-10 17:53:32.043 D/NfcService(  948): NFC-EE OFF
03-10 17:53:32.043 E/BrcmNfcJni(  948): nfcManager_doDeselectSecureElement: already deselected
03-10 17:53:32.043 D/NfcService(  948): NFC-C OFF
03-10 17:53:32.063 I/NSApplication( 1161): Starting up...
03-10 17:53:32.083 V/ProvidersChangedReceiver( 1107): calling applySettings
03-10 17:53:32.093 I/GCoreUlr( 1107): Starting service, intent=Intent { cmp=com.google.android.gms/com.google.android.location.reporting.service.DispatchingService (has extras) }, extras=Bundle[{intentType=2, receiverAction=android.location.PROVIDERS_CHANGED}]
03-10 17:53:32.103 I/GCoreUlr( 1107): WorldUpdater received intent Intent { cmp=com.google.android.gms/com.google.android.location.reporting.service.DispatchingService (has extras) } with receiverAction android.location.PROVIDERS_CHANGED, forceUpdate false
03-10 17:53:32.103 D/BluetoothAdapter(  884): 1105717088: getState() :  mService = null. Returning STATE_OFF
03-10 17:53:32.113 I/MediaFocusControl(  647):  AudioFocus  abandonAudioFocus() from android.media.AudioManager@41f23030com.google.apps.dots.android.newsstand.audio.AudioPlayerService$3@41ea37b8
03-10 17:53:32.113 D/dalvikvm( 1161): GC_CONCURRENT freed 294K, 4% free 9506K/9836K, paused 3ms+2ms, total 17ms
03-10 17:53:32.123 I/MediaFocusControl(  647):   Remote Control   unregisterMediaButtonIntent() for PendingIntent{424bd960: PendingIntentRecord{42503590 com.google.android.apps.magazines broadcastIntent}}
03-10 17:53:32.123 I/ActivityManager(  647): Start proc com.google.android.partnersetup for broadcast com.google.android.partnersetup/.PhoneStateReceiver: pid=1231 uid=10028 gids={50028, 3003}
03-10 17:53:32.193 I/MultiDex( 1060): load(/data/app/com.google.android.gms-2.apk, forceReload=false)
03-10 17:53:32.213 D/dalvikvm(  647): GC_EXPLICIT freed 2490K, 16% free 16257K/19144K, paused 2ms+6ms, total 84ms
03-10 17:53:32.233 D/dalvikvm( 1060): GC_CONCURRENT freed 160K, 2% free 9536K/9728K, paused 1ms+4ms, total 20ms
03-10 17:53:32.233 D/dalvikvm( 1060): WAIT_FOR_CONCURRENT_GC blocked 2ms
03-10 17:53:32.263 D/dalvikvm( 1060): GC_EXPLICIT freed 170K, 3% free 9537K/9780K, paused 5ms+4ms, total 30ms
03-10 17:53:32.263 I/MultiDex( 1060): Need extracted file /data/data/com.google.android.gms/files/secondary-dexes/com.google.android.gms-2.apk.classes2.zip
03-10 17:53:32.263 I/MultiDex( 1060): No extraction needed for /data/data/com.google.android.gms/files/secondary-dexes/com.google.android.gms-2.apk.classes2.zip of size 1430457
03-10 17:53:32.273 D/GCM     ( 1060): COMPAT: Multi user ser=0 current=0
03-10 17:53:32.303 I/ActivityManager(  647): Start proc com.facebook.katana:dash_service for broadcast com.facebook.katana/com.facebook.keyguardservice.KeyguardServiceBooter: pid=1263 uid=10114 gids={50114, 1028, 1015, 3003}
03-10 17:53:32.364 W/GCM     ( 1060): Using fallback http
03-10 17:53:32.364 I/GoogleHttpClient( 1060): Falling back to old http client 0 java.lang.NoSuchMethodException: <init> [class android.content.Context, class java.lang.String, boolean]
03-10 17:53:32.374 I/GCoreUlr( 1107): Ensuring that reporting is stopped because of reasons: {account#-17#=[InactiveReason{mVersionCode=0, mIdentifier=6, mName='ReportingNotSelected'}]}
03-10 17:53:32.374 D/GCoreFlp( 1107): Unknown pending intent to remove.
03-10 17:53:32.374 I/GCoreUlr( 1107): Unbound from all location providers
03-10 17:53:32.454 I/GCM     ( 1060): GCM config loaded
03-10 17:53:32.464 D/GCM     ( 1060): GcmService start Intent { act=com.google.android.gms.INITIALIZE flg=0x10 pkg=com.google.android.gms cmp=com.google.android.gms/.gcm.GcmService } com.google.android.gms.INITIALIZE
03-10 17:53:32.494 D/CatchMeIfYouCan( 1263): Process (dash_service) ca: '/data/data/com.facebook.katana/app_cmiyc/FC3D6AF0DCAD751E9720A8A1538A89840AD3817701'
03-10 17:53:32.494 D/CatchMeIfYouCan( 1263): Process (dash_service) fc: '/data/data/com.facebook.katana/app_cmiyc/FC3D6AF0DCAD751E9720A8A1538A89840AD3817702'
03-10 17:53:32.494 D/CatchMeIfYouCan( 1263): Process (dash_service) cp: '('default', 3, 120000, silent [true], restart [false], logout [false])'
03-10 17:53:32.514 D/ACRA    ( 1263): ACRA is enabled for com.facebook.katana, intializing...
03-10 17:53:32.514 D/dalvikvm( 1060): GC_CONCURRENT freed 246K, 4% free 9697K/10040K, paused 3ms+4ms, total 22ms
03-10 17:53:32.524 D/ACRA    ( 1263): Looking for error files in /data/data/com.facebook.katana/app_acra-reports
03-10 17:53:32.524 D/ACRA    ( 1263): Looking for error files in /data/data/com.facebook.katana/app_minidumps
03-10 17:53:32.534 D/ConnectivityService(  647): handleInetConditionChange: no active default network - ignore
03-10 17:53:32.544 D/dalvikvm( 1263): Trying to load lib /data/app-lib/com.facebook.katana-2/libfb_stl_shared.so 0x41e78650
03-10 17:53:32.554 D/dalvikvm( 1263): Added shared lib /data/app-lib/com.facebook.katana-2/libfb_stl_shared.so 0x41e78650
03-10 17:53:32.554 D/dalvikvm( 1263): No JNI_OnLoad found in /data/app-lib/com.facebook.katana-2/libfb_stl_shared.so 0x41e78650, skipping init
03-10 17:53:32.554 D/dalvikvm( 1263): Trying to load lib /data/app-lib/com.facebook.katana-2/libfb_breakpad_client.so 0x41e78650
03-10 17:53:32.554 D/dalvikvm( 1263): Added shared lib /data/app-lib/com.facebook.katana-2/libfb_breakpad_client.so 0x41e78650
03-10 17:53:32.564 W/SystemClassLoaderAdder( 1263): Could not find zipFile entry corresponding to path /data/app/com.facebook.katana-2.apk
03-10 17:53:32.564 V/DexLibLoader( 1263): Preparing secondary program dexes.
03-10 17:53:32.564 V/DexLibLoader( 1263): Loaded 2 raw lines of metadata.
03-10 17:53:32.564 V/DexLibLoader( 1263): Secondary program dex metadata: secondary-1.dex.jar.xz 188f1cf98e7929d7457e2cdf72a0777981e1fc27 secondary.dex01.Canary
03-10 17:53:32.564 V/DexLibLoader( 1263): Secondary program dex metadata: secondary-2.dex.jar.xz 14314443648960c2f9d1e4924306d1af2de75315 secondary.dex02.Canary
03-10 17:53:32.574 W/DexLibLoader( 1263): Unexpected file in program dex directory: /data/data/com.facebook.katana/app_secondary_program_dex/temp_dex_lock
03-10 17:53:32.574 V/DexLibLoader( 1263): Preparing to extract secondary-1.dex.jar.xz to /data/data/com.facebook.katana/app_secondary_program_dex/program-188f1cf98e7929d7457e2cdf72a0777981e1fc2731a2345d.dex.jar
03-10 17:53:32.574 V/DexLibLoader( 1263): Dex already copied
03-10 17:53:32.574 D/OdexVerifier( 1263): Odex verification is skipped.
03-10 17:53:32.574 V/DexLibLoader( 1263): Creating class loader
03-10 17:53:32.584 V/DexLibLoader( 1263): Finished creating class loader
03-10 17:53:32.584 D/dalvikvm( 1263): GC_CONCURRENT freed 269K, 4% free 9140K/9440K, paused 2ms+1ms, total 18ms
03-10 17:53:32.584 V/DexLibLoader( 1263): Preparing to extract secondary-2.dex.jar.xz to /data/data/com.facebook.katana/app_secondary_program_dex/program-14314443648960c2f9d1e4924306d1af2de7531531a2345d.dex.jar
03-10 17:53:32.584 V/DexLibLoader( 1263): Dex already copied
03-10 17:53:32.584 D/OdexVerifier( 1263): Odex verification is skipped.
03-10 17:53:32.584 V/DexLibLoader( 1263): Creating class loader
03-10 17:53:32.594 V/DexLibLoader( 1263): Finished creating class loader
03-10 17:53:32.594 V/DexLibLoader( 1263): Verifying classes from secondary dexes.
03-10 17:53:32.614 D/DexLibLoader( 1263): DexLibLoader.ensureDexLoaded took 60 ms
03-10 17:53:32.714 D/WifiStateMachine(  647): VerifyingLinkState enter
03-10 17:53:32.714 D/WifiStateMachine(  647): VerifyingLinkState GOOD_LINK_DETECTED: transition to captive portal check
03-10 17:53:32.714 D/WifiStateMachine(  647): CaptivePortalCheckState enter
03-10 17:53:32.724 D/WifiStateMachine(  647): CaptivePortalCheckState CMD_CAPTIVE_CHECK_COMPLETE
03-10 17:53:32.724 D/ConnectivityService(  647): Captive portal check NetworkInfo: type: WIFI[], state: CONNECTING/CAPTIVE_PORTAL_CHECK, reason: (unspecified), extra: "kariniemi", roaming: false, failover: false, isAvailable: true, isConnectedToProvisioningNetwork: false
03-10 17:53:32.724 D/ConnectivityService(  647): handleCaptivePortalTrackerCheck: call captivePortalCheckComplete ni=NetworkInfo: type: WIFI[], state: CONNECTING/CAPTIVE_PORTAL_CHECK, reason: (unspecified), extra: "kariniemi", roaming: false, failover: false, isAvailable: true, isConnectedToProvisioningNetwork: false
03-10 17:53:32.724 D/ConnectivityService(  647): ConnectivityChange for WIFI: CONNECTED/CONNECTED
03-10 17:53:32.734 E/ConnectivityService(  647): Unexpected mtu value: android.net.wifi.WifiStateTracker@424c9650
03-10 17:53:32.734 D/Nat464Xlat(  647): requiresClat: netType=1, hasIPv4Address=true
03-10 17:53:32.874 D/dalvikvm( 1263): GC_CONCURRENT freed 375K, 5% free 9220K/9628K, paused 1ms+2ms, total 17ms
03-10 17:53:32.964 D/dalvikvm( 1263): GC_CONCURRENT freed 313K, 4% free 9377K/9724K, paused 1ms+1ms, total 16ms
03-10 17:53:33.104 D/dalvikvm( 1263): GC_CONCURRENT freed 320K, 4% free 9568K/9920K, paused 5ms+2ms, total 42ms
03-10 17:53:33.104 D/dalvikvm( 1263): WAIT_FOR_CONCURRENT_GC blocked 8ms
03-10 17:53:33.194 D/dalvikvm( 1263): GC_CONCURRENT freed 322K, 4% free 9739K/10092K, paused 3ms+4ms, total 25ms
03-10 17:53:33.294 D/dalvikvm( 1263): GC_CONCURRENT freed 310K, 4% free 9913K/10256K, paused 2ms+10ms, total 32ms
03-10 17:53:33.385 D/dalvikvm( 1263): GC_CONCURRENT freed 321K, 4% free 10059K/10416K, paused 3ms+3ms, total 23ms
03-10 17:53:33.475 D/dalvikvm( 1263): GC_CONCURRENT freed 344K, 4% free 10153K/10532K, paused 2ms+3ms, total 24ms
03-10 17:53:33.475 D/BluetoothManagerService(  647): Message: 30
03-10 17:53:33.485 D/BluetoothManagerService(  647): Message: 30
03-10 17:53:33.485 W/ContextImpl(  647): Calling a method in the system process without a qualified user: android.app.ContextImpl.bindService:1543 android.bluetooth.BluetoothHeadset.doBind:283 android.bluetooth.BluetoothHeadset.<init>:276 android.bluetooth.BluetoothAdapter.getProfileProxy:1181 android.media.AudioService.getBluetoothHeadset:2245 
03-10 17:53:33.485 W/ContextImpl(  647): Calling a method in the system process without a qualified user: android.app.ContextImpl.bindService:1543 android.bluetooth.BluetoothA2dp.doBind:165 android.bluetooth.BluetoothA2dp.<init>:158 android.bluetooth.BluetoothAdapter.getProfileProxy:1184 android.media.AudioService$AudioServiceBroadcastReceiver.onReceive:4166 
03-10 17:53:33.485 V/WiredAccessoryManager(  647): init()
03-10 17:53:33.495 I/PowerManagerService(  647): Boot animation finished.
03-10 17:53:33.505 I/RecoverySystem(  647): No recovery log file
03-10 17:53:33.545 I/ActivityManager(  647): Start proc com.android.providers.calendar for broadcast com.android.providers.calendar/.CalendarReceiver: pid=1318 uid=10008 gids={50008, 3003, 1028, 1015}
03-10 17:53:33.605 I/ActivityManager(  647): Start proc com.chrome.beta for service com.chrome.beta/com.google.android.apps.chrome.sync.ChromeBrowserSyncAdapterService: pid=1342 uid=10110 gids={50110, 3003, 1028, 1015}
03-10 17:53:33.615 I/BootReceiver(  647): Copying /proc/last_kmsg to DropBox (SYSTEM_LAST_KMSG)
03-10 17:53:33.625 I/ActivityManager(  647): Start proc com.facebook.katana for content provider com.facebook.katana/.provider.orca.FbSharedPreferencesContentProvider: pid=1359 uid=10114 gids={50114, 1028, 1015, 3003}
03-10 17:53:33.645 D/dalvikvm(  186): GC_EXPLICIT freed 42K, 1% free 8980K/9056K, paused 1ms+2ms, total 20ms
03-10 17:53:33.665 I/BootReceiver(  647): Copying audit failures to DropBox
03-10 17:53:33.675 D/dalvikvm(  186): GC_EXPLICIT freed <1K, 1% free 8980K/9056K, paused 2ms+2ms, total 16ms
03-10 17:53:33.675 D/dalvikvm(  186): GC_EXPLICIT freed <1K, 1% free 8980K/9056K, paused 1ms+2ms, total 15ms
03-10 17:53:33.675 I/BootReceiver(  647): Copied 2369 worth of audits to DropBox
03-10 17:53:33.685 I/CalendarProvider2( 1318): Created com.android.providers.calendar.CalendarAlarmManager@41e8e578(com.android.providers.calendar.CalendarProvider2@41e86248)
03-10 17:53:33.685 I/BootReceiver(  647): Checking for fsck errors
03-10 17:53:33.735 D/dalvikvm(  647): GC_CONCURRENT freed 1438K, 14% free 16643K/19144K, paused 3ms+4ms, total 72ms
03-10 17:53:33.735 D/dalvikvm(  647): WAIT_FOR_CONCURRENT_GC blocked 47ms
03-10 17:53:33.735 D/dalvikvm(  647): WAIT_FOR_CONCURRENT_GC blocked 44ms
03-10 17:53:33.735 D/dalvikvm(  647): WAIT_FOR_CONCURRENT_GC blocked 44ms
03-10 17:53:33.735 D/dalvikvm(  647): WAIT_FOR_CONCURRENT_GC blocked 25ms
03-10 17:53:33.765 I/ActivityManager(  647): Delay finish: com.android.providers.calendar/.CalendarReceiver
03-10 17:53:33.785 D/CatchMeIfYouCan( 1359): Process (<default>) ca: '/data/user/0/com.facebook.katana/app_cmiyc/A1657CCD543F12E66E587EE52ED9D802E22AAC4701'
03-10 17:53:33.785 D/CatchMeIfYouCan( 1359): Process (<default>) fc: '/data/user/0/com.facebook.katana/app_cmiyc/A1657CCD543F12E66E587EE52ED9D802E22AAC4702'
03-10 17:53:33.785 D/CatchMeIfYouCan( 1359): Process (<default>) cp: '('default', 3, 120000, silent [true], restart [false], logout [false])'
03-10 17:53:33.785 D/ACRA    ( 1359): ACRA is enabled for com.facebook.katana, intializing...
03-10 17:53:33.795 D/ACRA    ( 1359): Looking for error files in /data/user/0/com.facebook.katana/app_acra-reports
03-10 17:53:33.795 D/ACRA    ( 1359): Looking for error files in /data/user/0/com.facebook.katana/app_minidumps
03-10 17:53:33.795 D/dalvikvm( 1359): Trying to load lib /data/app-lib/com.facebook.katana-2/libfb_stl_shared.so 0x41e86f60
03-10 17:53:33.805 D/dalvikvm( 1359): Added shared lib /data/app-lib/com.facebook.katana-2/libfb_stl_shared.so 0x41e86f60
03-10 17:53:33.805 D/dalvikvm( 1359): No JNI_OnLoad found in /data/app-lib/com.facebook.katana-2/libfb_stl_shared.so 0x41e86f60, skipping init
03-10 17:53:33.805 D/dalvikvm( 1359): Trying to load lib /data/app-lib/com.facebook.katana-2/libfb_breakpad_client.so 0x41e86f60
03-10 17:53:33.815 D/dalvikvm( 1359): Added shared lib /data/app-lib/com.facebook.katana-2/libfb_breakpad_client.so 0x41e86f60
03-10 17:53:33.815 D/dalvikvm( 1359): GC_CONCURRENT freed 228K, 3% free 9148K/9408K, paused 2ms+1ms, total 17ms
03-10 17:53:33.825 W/SystemClassLoaderAdder( 1359): Could not find zipFile entry corresponding to path /data/app/com.facebook.katana-2.apk
03-10 17:53:33.825 V/DexLibLoader( 1359): Preparing secondary program dexes.
03-10 17:53:33.825 V/DexLibLoader( 1359): Loaded 2 raw lines of metadata.
03-10 17:53:33.825 V/DexLibLoader( 1359): Secondary program dex metadata: secondary-1.dex.jar.xz 188f1cf98e7929d7457e2cdf72a0777981e1fc27 secondary.dex01.Canary
03-10 17:53:33.825 V/DexLibLoader( 1359): Secondary program dex metadata: secondary-2.dex.jar.xz 14314443648960c2f9d1e4924306d1af2de75315 secondary.dex02.Canary
03-10 17:53:33.825 W/DexLibLoader( 1359): Unexpected file in program dex directory: /data/user/0/com.facebook.katana/app_secondary_program_dex/temp_dex_lock
03-10 17:53:33.825 V/DexLibLoader( 1359): Preparing to extract secondary-1.dex.jar.xz to /data/user/0/com.facebook.katana/app_secondary_program_dex/program-188f1cf98e7929d7457e2cdf72a0777981e1fc2731a2345d.dex.jar
03-10 17:53:33.825 V/DexLibLoader( 1359): Dex already copied
03-10 17:53:33.825 D/OdexVerifier( 1359): Odex verification is skipped.
03-10 17:53:33.825 V/DexLibLoader( 1359): Creating class loader
03-10 17:53:33.825 V/DexLibLoader( 1359): Finished creating class loader
03-10 17:53:33.825 V/DexLibLoader( 1359): Preparing to extract secondary-2.dex.jar.xz to /data/user/0/com.facebook.katana/app_secondary_program_dex/program-14314443648960c2f9d1e4924306d1af2de7531531a2345d.dex.jar
03-10 17:53:33.825 V/DexLibLoader( 1359): Dex already copied
03-10 17:53:33.825 D/OdexVerifier( 1359): Odex verification is skipped.
03-10 17:53:33.825 V/DexLibLoader( 1359): Creating class loader
03-10 17:53:33.835 V/DexLibLoader( 1359): Finished creating class loader
03-10 17:53:33.835 V/DexLibLoader( 1359): Verifying classes from secondary dexes.
03-10 17:53:33.835 D/DelayedSyncController( 1342): Delaying sync.
03-10 17:53:33.835 D/DexLibLoader( 1359): DexLibLoader.ensureDexLoaded took 16 ms
03-10 17:53:33.905 D/dalvikvm( 1359): GC_CONCURRENT freed 282K, 4% free 9267K/9584K, paused 2ms+1ms, total 14ms
03-10 17:53:33.975 D/dalvikvm( 1359): GC_CONCURRENT freed 340K, 4% free 9390K/9764K, paused 1ms+2ms, total 14ms
03-10 17:53:34.055 D/dalvikvm( 1359): GC_CONCURRENT freed 305K, 4% free 9548K/9888K, paused 1ms+1ms, total 15ms
03-10 17:53:34.155 D/dalvikvm( 1359): GC_CONCURRENT freed 269K, 3% free 9761K/10036K, paused 1ms+2ms, total 24ms
03-10 17:53:34.255 D/dalvikvm( 1359): GC_CONCURRENT freed 360K, 4% free 9867K/10260K, paused 3ms+3ms, total 25ms
03-10 17:53:34.335 D/dalvikvm( 1359): GC_CONCURRENT freed 306K, 4% free 10056K/10396K, paused 2ms+3ms, total 25ms
03-10 17:53:34.426 D/ConnectivityService(  647): handleConnectivityChange: addresses changed linkProperty[1]: resetMask=0
03-10 17:53:34.426 D/ConnectivityService(  647):    car=removed=[] added=[fe80::beee:7bff:fe4c:a773/64,]
03-10 17:53:34.426 D/Nat464Xlat(  647): requiresClat: netType=1, hasIPv4Address=true
03-10 17:53:34.436 D/dalvikvm( 1359): GC_CONCURRENT freed 333K, 4% free 10236K/10600K, paused 3ms+5ms, total 33ms
03-10 17:53:34.436 D/dalvikvm( 1359): WAIT_FOR_CONCURRENT_GC blocked 1ms
03-10 17:53:34.436 D/dalvikvm( 1359): WAIT_FOR_CONCURRENT_GC blocked 8ms
03-10 17:53:34.456 W/dalvikvm( 1359): method Lcom/facebook/reflex/view/AbstractListView;.invalidate incorrectly overrides package-private method with same name in Landroid/view/View;
03-10 17:53:34.456 W/dalvikvm( 1359): method Lcom/facebook/reflex/view/GalleryViewAutoReflex;.invalidate incorrectly overrides package-private method with same name in Landroid/view/View;
03-10 17:53:34.456 W/dalvikvm( 1359): method Lcom/facebook/reflex/view/HorizontalScrollViewAutoReflex;.invalidate incorrectly overrides package-private method with same name in Landroid/view/View;
03-10 17:53:34.456 W/dalvikvm( 1359): method Lcom/facebook/reflex/view/ImageViewAutoReflex;.invalidate incorrectly overrides package-private method with same name in Landroid/view/View;
03-10 17:53:34.466 W/dalvikvm( 1359): method Lcom/facebook/reflex/view/ScrollViewAutoReflex;.invalidate incorrectly overrides package-private method with same name in Landroid/view/View;
03-10 17:53:34.466 W/dalvikvm( 1359): method Lcom/facebook/reflex/view/ViewPagerAutoReflex;.invalidate incorrectly overrides package-private method with same name in Landroid/view/View;
03-10 17:53:34.546 D/dalvikvm( 1359): GC_CONCURRENT freed 326K, 4% free 10422K/10780K, paused 2ms+3ms, total 29ms
03-10 17:53:34.546 D/dalvikvm( 1359): WAIT_FOR_CONCURRENT_GC blocked 9ms
03-10 17:53:34.636 D/dalvikvm( 1359): GC_CONCURRENT freed 270K, 3% free 10597K/10900K, paused 2ms+2ms, total 32ms
03-10 17:53:34.636 D/dalvikvm( 1359): WAIT_FOR_CONCURRENT_GC blocked 22ms
03-10 17:53:34.726 D/dalvikvm( 1359): GC_CONCURRENT freed 277K, 3% free 10863K/11172K, paused 4ms+5ms, total 37ms
03-10 17:53:34.726 D/dalvikvm( 1359): WAIT_FOR_CONCURRENT_GC blocked 13ms
03-10 17:53:34.766 I/CalendarProvider2( 1318): Sending notification intent: Intent { act=android.intent.action.PROVIDER_CHANGED dat=content://com.android.calendar }
03-10 17:53:34.766 W/ContentResolver( 1318): Failed to get type for: content://com.android.calendar (Unknown URL content://com.android.calendar)
03-10 17:53:34.776 I/ActivityManager(  647): Resuming delayed broadcast
03-10 17:53:34.776 I/ActivityManager(  647): Start proc com.google.android.configupdater for broadcast com.google.android.configupdater/.CertPin.CertPinUpdateRequestReceiver: pid=1399 uid=10011 gids={50011, 3003, 2001}
03-10 17:53:34.856 E/UpdateRequestReceiver( 1399): ignoring update request
03-10 17:53:34.866 E/UpdateRequestReceiver( 1399): ignoring update request
03-10 17:53:34.876 D/dalvikvm( 1359): GC_CONCURRENT freed 353K, 4% free 11077K/11464K, paused 2ms+4ms, total 37ms
03-10 17:53:34.926 E/UpdateRequestReceiver( 1399): ignoring update request
03-10 17:53:34.936 E/UpdateRequestReceiver( 1399): ignoring update request
03-10 17:53:34.946 E/UpdateRequestReceiver( 1399): ignoring update request
03-10 17:53:34.956 E/UpdateRequestReceiver( 1399): ignoring update request
03-10 17:53:34.966 I/ActivityManager(  647): Delay finish: com.android.providers.downloads/.DownloadReceiver
03-10 17:53:34.976 D/dalvikvm( 1399): GC_CONCURRENT freed 341K, 4% free 9030K/9404K, paused 2ms+3ms, total 30ms
03-10 17:53:34.996 I/ActivityManager(  647): Resuming delayed broadcast
03-10 17:53:35.006 I/ActivityManager(  647): Start proc com.google.android.onetimeinitializer for broadcast com.google.android.onetimeinitializer/.OneTimeInitializerReceiver: pid=1426 uid=10027 gids={50027}
03-10 17:53:35.036 V/OneTimeInitializerReceiver( 1426): OneTimeInitializerReceiver.onReceive
03-10 17:53:35.036 I/ActivityManager(  647): Delay finish: com.google.android.onetimeinitializer/.OneTimeInitializerReceiver
03-10 17:53:35.046 V/OneTimeService( 1426): OneTimeService.onHandleIntent
03-10 17:53:35.046 I/ActivityManager(  647): Resuming delayed broadcast
03-10 17:53:35.056 D/dalvikvm( 1359): GC_CONCURRENT freed 450K, 5% free 11301K/11784K, paused 5ms+4ms, total 50ms
03-10 17:53:35.056 I/ActivityManager(  647): Delay finish: com.google.android.partnersetup/.GooglePartnerSetup
03-10 17:53:35.096 W/dalvikvm( 1359): method Lcom/facebook/reflex/view/FrameLayoutAutoReflex;.invalidate incorrectly overrides package-private method with same name in Landroid/view/View;
03-10 17:53:35.166 W/dalvikvm( 1359): method Lcom/facebook/messaging/reflex/SwipableOverlayLayoutAutoReflex;.invalidate incorrectly overrides package-private method with same name in Landroid/view/View;
03-10 17:53:35.206 I/ActivityManager(  647): Resuming delayed broadcast
03-10 17:53:35.206 I/ActivityManager(  647): Delay finish: com.google.android.partnersetup/.RlzPingBroadcastReceiver
03-10 17:53:35.236 D/dalvikvm( 1359): GC_CONCURRENT freed 491K, 5% free 11586K/12108K, paused 3ms+2ms, total 40ms
03-10 17:53:35.236 D/dalvikvm( 1359): WAIT_FOR_CONCURRENT_GC blocked 14ms
03-10 17:53:35.256 I/RlzPingService( 1231): Setting next ping for 1395071615266
03-10 17:53:35.266 I/ActivityManager(  647): Resuming delayed broadcast
03-10 17:53:35.266 I/ActivityManager(  647): Delay finish: com.google.android.gsf/.checkin.CheckinService$Receiver
03-10 17:53:35.276 D/dalvikvm( 1231): GC_CONCURRENT freed 275K, 4% free 9104K/9416K, paused 1ms+1ms, total 21ms
03-10 17:53:35.286 E/FbInjectorInitializer( 1359): Multi-binding Key[type=com.facebook.common.init.INeedInit, annotation=[none]] wasn't declared.
03-10 17:53:35.286 I/ActivityManager(  647): Resuming delayed broadcast
03-10 17:53:35.296 I/ActivityManager(  647): Delay finish: com.google.android.gsf/.update.SystemUpdateService$Receiver
03-10 17:53:35.306 I/SystemUpdateService( 1060): cancelUpdate (empty URL)
03-10 17:53:35.326 D/dalvikvm(  840): GC_CONCURRENT freed 198K, 3% free 9162K/9388K, paused 3ms+1ms, total 19ms
03-10 17:53:35.326 I/SystemUpdateService( 1060): cancelUpdate (empty URL)
03-10 17:53:35.336 I/ActivityManager(  647): Resuming delayed broadcast
03-10 17:53:35.346 I/ActivityManager(  647): Delay finish: com.android.providers.media/.MediaScannerReceiver
03-10 17:53:35.386 D/dalvikvm( 1359): GC_CONCURRENT freed 574K, 5% free 11882K/12488K, paused 3ms+3ms, total 37ms
03-10 17:53:35.525 I/ActivityManager(  647): Resuming delayed broadcast
03-10 17:53:35.545 I/ActivityManager(  647): Start proc com.google.android.nfcprovision for broadcast com.google.android.nfcprovision/.BootReceiver: pid=1477 uid=10046 gids={50046, 1028, 3002, 3001, 3003}
03-10 17:53:35.557 W/fb4a(:<default>):BaseAnalyticsConfig( 1359): willEventBeLogged() called before shared prefs were initialized! Defaulting to true.
03-10 17:53:35.557 W/fb4a(:<default>):BaseAnalyticsConfig( 1359): willEventBeLogged() called before shared prefs were initialized! Defaulting to true.
03-10 17:53:35.595 I/ActivityManager(  647): Start proc com.google.android.deskclock for broadcast com.google.android.deskclock/com.android.deskclock.AlarmInitReceiver: pid=1490 uid=10015 gids={50015, 1028}
03-10 17:53:35.607 D/dalvikvm( 1359): GC_CONCURRENT freed 717K, 6% free 12134K/12884K, paused 3ms+3ms, total 45ms
03-10 17:53:35.607 D/dalvikvm( 1359): WAIT_FOR_CONCURRENT_GC blocked 32ms
03-10 17:53:35.607 D/dalvikvm( 1359): WAIT_FOR_CONCURRENT_GC blocked 32ms
03-10 17:53:35.705 I/ActivityManager(  647): Start proc com.google.android.email for broadcast com.google.android.email/com.android.email.service.EmailBroadcastReceiver: pid=1505 uid=10018 gids={50018, 3003, 1028, 1015}
03-10 17:53:35.737 D/Tethering(  647): MasterInitialState.processMessage what=3
03-10 17:53:35.737 D/        (  647): Setting time of day to sec=1394466815
03-10 17:53:35.415 D/GpsLocationProvider(  647): NTP server returned: 1394466812570 (Mon Mar 10 17:53:32 EET 2014) reference: 29348 certainty: 3 system time offset: -2853
03-10 17:53:35.445 D/dalvikvm(  840): GC_CONCURRENT freed 261K, 4% free 9303K/9596K, paused 1ms+3ms, total 20ms
03-10 17:53:35.515 V/MediaScanner(  840): pruneDeadThumbnailFiles... android.database.sqlite.SQLiteCursor@41eaed80
03-10 17:53:35.515 V/MediaScanner(  840): /pruneDeadThumbnailFiles... android.database.sqlite.SQLiteCursor@41eaed80
03-10 17:53:35.545 D/MtpService(  840): updating state; isCurrentUser=true, mMtpLocked=false
03-10 17:53:35.635 V/AlarmClock( 1490): AlarmInitReceiver android.intent.action.BOOT_COMPLETED
03-10 17:53:35.665 V/AlarmClock( 1490): AlarmInitReceiver - Reset timers and clear stopwatch data
03-10 17:53:35.695 I/AlarmClock( 1490): Displaying next alarm time: ''
03-10 17:53:35.695 V/AlarmClock( 1490): AlarmInitReceiver finished
03-10 17:53:35.737 D/CaptivePortalTracker(  647): NoActiveNetworkState{ when=-1ms what=1 obj=NetworkInfo: type: WIFI[], state: CONNECTED/CONNECTED, reason: (unspecified), extra: "kariniemi", roaming: false, failover: false, isAvailable: true, isConnectedToProvisioningNetwork: false target=com.android.internal.util.StateMachine$SmHandler }
03-10 17:53:35.755 D/dalvikvm( 1263): GC_CONCURRENT freed 223K, 3% free 10424K/10680K, paused 2ms+3ms, total 24ms
03-10 17:53:35.825 W/BroadcastQueue(  647): Permission Denial: broadcasting Intent { act=android.net.conn.CONNECTIVITY_CHANGE flg=0x4000010 (has extras) } from null (pid=-1, uid=-1) requires com.facebook.permission.prod.FB_APP_COMMUNICATION due to registered receiver BroadcastFilter{4271e888 u0 ReceiverList{4271e798 1263 com.facebook.katana:dash_service/10114/u0 remote:4271e480}}
03-10 17:53:35.825 W/BroadcastQueue(  647): Permission Denial: broadcasting Intent { act=android.net.conn.CONNECTIVITY_CHANGE flg=0x4000010 (has extras) } from null (pid=-1, uid=-1) requires com.facebook.permission.prod.FB_APP_COMMUNICATION due to registered receiver BroadcastFilter{4271f2b8 u0 ReceiverList{4271f258 1263 com.facebook.katana:dash_service/10114/u0 remote:4271ef10}}
03-10 17:53:35.845 D/ActivityThread( 1505): Loading provider com.google.android.email.provider;com.google.android.email.notifier: com.android.email.provider.EmailProvider
03-10 17:53:35.875 D/dalvikvm( 1263): GC_CONCURRENT freed 288K, 3% free 10552K/10872K, paused 3ms+7ms, total 33ms
03-10 17:53:35.895 E/dalvikvm( 1263): Could not find class 'org.apache.harmony.xnet.provider.jsse.OpenSSLSocketImpl', referenced from method com.facebook.ssl.openssl.check.CheckOpenSSLImplHasRequiredMethods.<clinit>
03-10 17:53:35.895 W/dalvikvm( 1263): VFY: unable to resolve const-class 13583 (Lorg/apache/harmony/xnet/provider/jsse/OpenSSLSocketImpl;) in Lcom/facebook/ssl/openssl/check/CheckOpenSSLImplHasRequiredMethods;
03-10 17:53:35.895 D/dalvikvm( 1263): VFY: replacing opcode 0x1c at 0x000d
03-10 17:53:35.895 E/dalvikvm( 1263): Could not find class 'org.apache.harmony.xnet.provider.jsse.OpenSSLSocketFactoryImpl', referenced from method com.facebook.ssl.openssl.reflect.SSLParametersGetter.<clinit>
03-10 17:53:35.895 W/dalvikvm( 1263): VFY: unable to resolve const-class 13582 (Lorg/apache/harmony/xnet/provider/jsse/OpenSSLSocketFactoryImpl;) in Lcom/facebook/ssl/openssl/reflect/SSLParametersGetter;
03-10 17:53:35.895 D/dalvikvm( 1263): VFY: replacing opcode 0x1c at 0x000d
03-10 17:53:35.895 E/dalvikvm( 1263): Could not find class 'org.apache.harmony.xnet.provider.jsse.SSLParametersImpl', referenced from method com.facebook.ssl.openssl.reflect.SSLParametersGetter.a
03-10 17:53:35.895 W/dalvikvm( 1263): VFY: unable to resolve check-cast 13585 (Lorg/apache/harmony/xnet/provider/jsse/SSLParametersImpl;) in Lcom/facebook/ssl/openssl/reflect/SSLParametersGetter;
03-10 17:53:35.895 D/dalvikvm( 1263): VFY: replacing opcode 0x1f at 0x0006
03-10 17:53:35.895 E/dalvikvm( 1263): Could not find class 'org.apache.harmony.xnet.provider.jsse.SSLParametersImpl', referenced from method com.facebook.ssl.openssl.reflect.SSLSessionTimeoutSetter.<clinit>
03-10 17:53:35.895 W/dalvikvm( 1263): VFY: unable to resolve const-class 13585 (Lorg/apache/harmony/xnet/provider/jsse/SSLParametersImpl;) in Lcom/facebook/ssl/openssl/reflect/SSLSessionTimeoutSetter;
03-10 17:53:35.895 D/dalvikvm( 1263): VFY: replacing opcode 0x1c at 0x000d
03-10 17:53:35.895 W/dalvikvm( 1263): VFY: unable to find class referenced in signature (Lorg/apache/harmony/xnet/provider/jsse/SSLParametersImpl;)
03-10 17:53:35.895 E/dalvikvm( 1263): Could not find class 'org.apache.harmony.xnet.provider.jsse.ClientSessionContext', referenced from method com.facebook.ssl.openssl.reflect.SSLSessionTimeoutSetter.a
03-10 17:53:35.895 W/dalvikvm( 1263): VFY: unable to resolve check-cast 13581 (Lorg/apache/harmony/xnet/provider/jsse/ClientSessionContext;) in Lcom/facebook/ssl/openssl/reflect/SSLSessionTimeoutSetter;
03-10 17:53:35.895 D/dalvikvm( 1263): VFY: replacing opcode 0x1f at 0x0006
03-10 17:53:35.895 W/dalvikvm( 1263): VFY: unable to find class referenced in signature (Lorg/apache/harmony/xnet/provider/jsse/SSLParametersImpl;)
03-10 17:53:35.895 W/dalvikvm( 1263): Unable to resolve superclass of Lcom/facebook/ssl/openssl/TicketEnabledOpenSSLSocketImplWrapper; (13584)
03-10 17:53:35.895 W/dalvikvm( 1263): Link of class 'Lcom/facebook/ssl/openssl/TicketEnabledOpenSSLSocketImplWrapper;' failed
03-10 17:53:35.905 E/dalvikvm( 1263): Could not find class 'com.facebook.ssl.openssl.TicketEnabledOpenSSLSocketImplWrapper', referenced from method com.facebook.ssl.openssl.TicketEnabledOpenSSLSocketFactoryHelper.a
03-10 17:53:35.905 W/dalvikvm( 1263): VFY: unable to resolve new-instance 10322 (Lcom/facebook/ssl/openssl/TicketEnabledOpenSSLSocketImplWrapper;) in Lcom/facebook/ssl/openssl/TicketEnabledOpenSSLSocketFactoryHelper;
03-10 17:53:35.905 D/dalvikvm( 1263): VFY: replacing opcode 0x22 at 0x0000
03-10 17:53:35.905 W/dalvikvm( 1263): Unable to resolve superclass of Lcom/facebook/ssl/openssl/TicketEnabledOpenSSLSocketImplWrapper; (13584)
03-10 17:53:35.905 W/dalvikvm( 1263): Link of class 'Lcom/facebook/ssl/openssl/TicketEnabledOpenSSLSocketImplWrapper;' failed
03-10 17:53:35.905 D/dalvikvm( 1263): DexOpt: unable to opt direct call 0xaa3b at 0x08 in Lcom/facebook/ssl/openssl/TicketEnabledOpenSSLSocketFactoryHelper;.a
03-10 17:53:35.905 D/ActivityThread( 1505): Loading provider com.google.android.email.provider;com.google.android.email.notifier: com.android.email.provider.EmailProvider
03-10 17:53:35.915 D/ActivityThread( 1505): Loading provider com.google.android.email.provider;com.google.android.email.notifier: com.android.email.provider.EmailProvider
03-10 17:53:35.945 D/dalvikvm( 1263): GC_CONCURRENT freed 282K, 3% free 10724K/11040K, paused 3ms+5ms, total 29ms
03-10 17:53:35.965 D/dalvikvm( 1505): GC_CONCURRENT freed 195K, 3% free 9193K/9420K, paused 3ms+1ms, total 18ms
03-10 17:53:35.985 D/dalvikvm(  647): GC_EXPLICIT freed 757K, 14% free 16551K/19144K, paused 2ms+4ms, total 71ms
03-10 17:53:35.995 I/ActivityManager(  647): Delay finish: com.google.android.syncadapters.contacts/.ContactsSyncAdapterBroadcastReceiver
03-10 17:53:36.005 D/dalvikvm( 1060): GC_CONCURRENT freed 625K, 8% free 9475K/10196K, paused 2ms+2ms, total 16ms
03-10 17:53:36.015 I/ActivityManager(  647): Resuming delayed broadcast
03-10 17:53:36.025 I/LauncherIconVisibilityManager(  896): Boot has been completed
03-10 17:53:36.025 I/LauncherIconVisibilityManager(  896): Activity has already been disabled: ComponentInfo{com.google.android.inputmethod.latin/com.android.inputmethod.latin.setup.SetupActivity}
03-10 17:53:36.055 I/ActivityManager(  647): Start proc com.android.vending for broadcast com.android.vending/com.google.android.finsky.receivers.BootCompletedReceiver: pid=1543 uid=10052 gids={50052, 3003, 1028, 1015}
03-10 17:53:36.065 D/dalvikvm( 1359): GC_CONCURRENT freed 539K, 5% free 12649K/13220K, paused 2ms+3ms, total 46ms
03-10 17:53:36.065 D/dalvikvm( 1359): WAIT_FOR_CONCURRENT_GC blocked 11ms
03-10 17:53:36.065 D/dalvikvm( 1359): WAIT_FOR_CONCURRENT_GC blocked 15ms
03-10 17:53:36.065 D/dalvikvm( 1359): WAIT_FOR_CONCURRENT_GC blocked 18ms
03-10 17:53:36.065 W/ActivityManager(  647): Unable to start service Intent { cmp=com.google.android.email/com.android.email.service.AttachmentDownloadService } U=0: not found
03-10 17:53:36.075 I/Email   ( 1505): Observing account changes for notifications
03-10 17:53:36.085 I/ActivityManager(  647): Start proc com.google.android.exchange for service com.google.android.exchange/com.android.exchange.service.EmailSyncAdapterService: pid=1556 uid=10019 gids={50019, 3003, 1028, 1015}
03-10 17:53:36.115 W/ActivityManager(  647): Unable to start service Intent { cmp=com.google.android.email/com.android.email.service.AttachmentDownloadService } U=0: not found
03-10 17:53:36.135 D/dalvikvm( 1263): GC_CONCURRENT freed 354K, 4% free 10848K/11236K, paused 1ms+2ms, total 22ms
03-10 17:53:36.165 E/dalvikvm( 1359): Could not find class 'org.apache.harmony.xnet.provider.jsse.OpenSSLSocketImpl', referenced from method com.facebook.ssl.openssl.check.CheckOpenSSLImplHasRequiredMethods.<clinit>
03-10 17:53:36.165 W/dalvikvm( 1359): VFY: unable to resolve const-class 13583 (Lorg/apache/harmony/xnet/provider/jsse/OpenSSLSocketImpl;) in Lcom/facebook/ssl/openssl/check/CheckOpenSSLImplHasRequiredMethods;
03-10 17:53:36.165 D/dalvikvm( 1359): VFY: replacing opcode 0x1c at 0x000d
03-10 17:53:36.165 E/dalvikvm( 1359): Could not find class 'org.apache.harmony.xnet.provider.jsse.OpenSSLSocketFactoryImpl', referenced from method com.facebook.ssl.openssl.reflect.SSLParametersGetter.<clinit>
03-10 17:53:36.165 W/dalvikvm( 1359): VFY: unable to resolve const-class 13582 (Lorg/apache/harmony/xnet/provider/jsse/OpenSSLSocketFactoryImpl;) in Lcom/facebook/ssl/openssl/reflect/SSLParametersGetter;
03-10 17:53:36.165 D/dalvikvm( 1359): VFY: replacing opcode 0x1c at 0x000d
03-10 17:53:36.165 E/dalvikvm( 1359): Could not find class 'org.apache.harmony.xnet.provider.jsse.SSLParametersImpl', referenced from method com.facebook.ssl.openssl.reflect.SSLParametersGetter.a
03-10 17:53:36.165 W/dalvikvm( 1359): VFY: unable to resolve check-cast 13585 (Lorg/apache/harmony/xnet/provider/jsse/SSLParametersImpl;) in Lcom/facebook/ssl/openssl/reflect/SSLParametersGetter;
03-10 17:53:36.165 D/dalvikvm( 1359): VFY: replacing opcode 0x1f at 0x0006
03-10 17:53:36.165 E/dalvikvm( 1359): Could not find class 'org.apache.harmony.xnet.provider.jsse.SSLParametersImpl', referenced from method com.facebook.ssl.openssl.reflect.SSLSessionTimeoutSetter.<clinit>
03-10 17:53:36.165 W/dalvikvm( 1359): VFY: unable to resolve const-class 13585 (Lorg/apache/harmony/xnet/provider/jsse/SSLParametersImpl;) in Lcom/facebook/ssl/openssl/reflect/SSLSessionTimeoutSetter;
03-10 17:53:36.165 D/dalvikvm( 1359): VFY: replacing opcode 0x1c at 0x000d
03-10 17:53:36.165 W/dalvikvm( 1359): VFY: unable to find class referenced in signature (Lorg/apache/harmony/xnet/provider/jsse/SSLParametersImpl;)
03-10 17:53:36.165 E/dalvikvm( 1359): Could not find class 'org.apache.harmony.xnet.provider.jsse.ClientSessionContext', referenced from method com.facebook.ssl.openssl.reflect.SSLSessionTimeoutSetter.a
03-10 17:53:36.165 W/dalvikvm( 1359): VFY: unable to resolve check-cast 13581 (Lorg/apache/harmony/xnet/provider/jsse/ClientSessionContext;) in Lcom/facebook/ssl/openssl/reflect/SSLSessionTimeoutSetter;
03-10 17:53:36.165 D/dalvikvm( 1359): VFY: replacing opcode 0x1f at 0x0006
03-10 17:53:36.165 W/dalvikvm( 1359): VFY: unable to find class referenced in signature (Lorg/apache/harmony/xnet/provider/jsse/SSLParametersImpl;)
03-10 17:53:36.165 W/dalvikvm( 1359): Unable to resolve superclass of Lcom/facebook/ssl/openssl/TicketEnabledOpenSSLSocketImplWrapper; (13584)
03-10 17:53:36.165 W/dalvikvm( 1359): Link of class 'Lcom/facebook/ssl/openssl/TicketEnabledOpenSSLSocketImplWrapper;' failed
03-10 17:53:36.165 E/dalvikvm( 1359): Could not find class 'com.facebook.ssl.openssl.TicketEnabledOpenSSLSocketImplWrapper', referenced from method com.facebook.ssl.openssl.TicketEnabledOpenSSLSocketFactoryHelper.a
03-10 17:53:36.165 W/dalvikvm( 1359): VFY: unable to resolve new-instance 10322 (Lcom/facebook/ssl/openssl/TicketEnabledOpenSSLSocketImplWrapper;) in Lcom/facebook/ssl/openssl/TicketEnabledOpenSSLSocketFactoryHelper;
03-10 17:53:36.165 D/dalvikvm( 1359): VFY: replacing opcode 0x22 at 0x0000
03-10 17:53:36.165 W/dalvikvm( 1359): Unable to resolve superclass of Lcom/facebook/ssl/openssl/TicketEnabledOpenSSLSocketImplWrapper; (13584)
03-10 17:53:36.165 W/dalvikvm( 1359): Link of class 'Lcom/facebook/ssl/openssl/TicketEnabledOpenSSLSocketImplWrapper;' failed
03-10 17:53:36.165 D/dalvikvm( 1359): DexOpt: unable to opt direct call 0xaa3b at 0x08 in Lcom/facebook/ssl/openssl/TicketEnabledOpenSSLSocketFactoryHelper;.a
03-10 17:53:36.175 W/ActivityManager(  647): Unable to start service Intent { cmp=com.google.android.email/com.android.email.service.AttachmentDownloadService } U=0: not found
03-10 17:53:36.185 W/ActivityManager(  647): Unable to start service Intent { cmp=com.google.android.email/com.android.email.service.AttachmentDownloadService } U=0: not found
03-10 17:53:36.245 D/dalvikvm( 1359): GC_CONCURRENT freed 878K, 7% free 12976K/13888K, paused 4ms+4ms, total 55ms
03-10 17:53:36.245 D/dalvikvm( 1359): WAIT_FOR_CONCURRENT_GC blocked 30ms
03-10 17:53:36.285 W/BroadcastQueue(  647): Permission Denial: broadcasting Intent { act=android.net.conn.CONNECTIVITY_CHANGE flg=0x4000010 (has extras) } from null (pid=-1, uid=-1) requires com.facebook.permission.prod.FB_APP_COMMUNICATION due to registered receiver BroadcastFilter{4258b510 u0 ReceiverList{42512b20 1359 com.facebook.katana/10114/u0 remote:42726420}}
03-10 17:53:36.285 W/BroadcastQueue(  647): Permission Denial: broadcasting Intent { act=android.net.conn.CONNECTIVITY_CHANGE flg=0x4000010 (has extras) } from null (pid=-1, uid=-1) requires com.facebook.permission.prod.FB_APP_COMMUNICATION due to registered receiver BroadcastFilter{42571fe8 u0 ReceiverList{4250f798 1359 com.facebook.katana/10114/u0 remote:42726738}}
03-10 17:53:36.315 D/Finsky  ( 1543): [1] FinskyApp.onCreate: Initializing network with DFE https://android.clients.google.com/fdfe/
03-10 17:53:36.335 D/dalvikvm( 1543): GC_CONCURRENT freed 247K, 3% free 9165K/9444K, paused 3ms+2ms, total 19ms
03-10 17:53:36.365 D/Finsky  ( 1543): [1] DailyHygiene.goMakeHygieneIfDirty: No need to run daily hygiene.
03-10 17:53:36.375 W/Settings( 1543): Setting download_manager_max_bytes_over_mobile has moved from android.provider.Settings.Secure to android.provider.Settings.Global.
03-10 17:53:36.375 W/Settings( 1543): Setting download_manager_recommended_max_bytes_over_mobile has moved from android.provider.Settings.Secure to android.provider.Settings.Global.
03-10 17:53:36.395 W/fb4a(:<default>):MqttPushService( 1359): Attempt to start service that is already started
03-10 17:53:36.415 D/dalvikvm( 1543): GC_CONCURRENT freed 276K, 4% free 9367K/9676K, paused 4ms+3ms, total 18ms
03-10 17:53:36.425 D/GCoreFlp( 1107): Unknown pending intent to remove.
03-10 17:53:36.425 D/Volley  ( 1543): [97] DiskBasedCache.clear: Cache cleared.
03-10 17:53:36.425 D/Volley  ( 1543): [101] DiskBasedCache.clear: Cache cleared.
03-10 17:53:36.435 I/ActivityManager(  647): Delay finish: com.google.android.gms/.common.status.StatusServiceLauncherBroadcastReceiver
03-10 17:53:36.435 I/ActivityManager(  647): Resuming delayed broadcast
03-10 17:53:36.445 D/GCM     ( 1019): COMPAT: Multi user ser=0 current=0
03-10 17:53:36.445 D/GCM     ( 1060): GcmService start Intent { act=android.intent.action.BOOT_COMPLETED flg=0x8000010 cmp=com.google.android.gms/.gcm.GcmService (has extras) } android.intent.action.BOOT_COMPLETED
03-10 17:53:36.445 I/ActivityManager(  647): Delay finish: com.google.android.keep/.notification.AlertReceiver
03-10 17:53:36.445 I/ActivityManager(  647): Resuming delayed broadcast
03-10 17:53:36.455 V/KeepAlert(  978): Action android.intent.action.BOOT_COMPLETED
03-10 17:53:36.465 I/ActivityManager(  647): Start proc com.google.android.gms.ui for service com.google.android.gms/.auth.authzen.GcmReceiverService: pid=1607 uid=10023 gids={50023, 3003, 1007, 3002, 3001, 1028, 1015, 3007, 2001, 3006}
03-10 17:53:36.475 I/ActivityManager(  647): Start proc com.google.android.calendar for broadcast com.google.android.calendar/com.android.calendar.alerts.AlertReceiver: pid=1620 uid=10007 gids={50007, 3003}
03-10 17:53:36.495 I/GCoreUlr( 1019): Starting service, intent=Intent { cmp=com.google.android.gms/com.google.android.location.reporting.service.DispatchingService (has extras) }, extras=Bundle[{intentType=2, receiverAction=android.intent.action.BOOT_COMPLETED}]
03-10 17:53:36.495 D/Finsky  ( 1543): [1] GmsCoreHelper.cleanupNlp: result=false type=4
03-10 17:53:36.505 I/GCoreUlr( 1107): WorldUpdater received intent Intent { cmp=com.google.android.gms/com.google.android.location.reporting.service.DispatchingService (has extras) } with receiverAction android.intent.action.BOOT_COMPLETED, forceUpdate false
03-10 17:53:36.505 I/MultiDex( 1607): load(/data/app/com.google.android.gms-2.apk, forceReload=false)
03-10 17:53:36.515 D/dalvikvm( 1019): Trying to load lib /data/app-lib/com.google.android.gms-2/libAppDataSearch.so 0x41e76dc0
03-10 17:53:36.515 D/dalvikvm( 1019): Added shared lib /data/app-lib/com.google.android.gms-2/libAppDataSearch.so 0x41e76dc0
03-10 17:53:36.515 D/dalvikvm( 1019): No JNI_OnLoad found in /data/app-lib/com.google.android.gms-2/libAppDataSearch.so 0x41e76dc0, skipping init
03-10 17:53:36.565 D/dalvikvm( 1607): GC_CONCURRENT freed 177K, 3% free 9309K/9524K, paused 1ms+2ms, total 19ms
03-10 17:53:36.565 D/dalvikvm( 1607): WAIT_FOR_CONCURRENT_GC blocked 3ms
03-10 17:53:36.565 I/MultiDex( 1607): Need extracted file /data/data/com.google.android.gms/files/secondary-dexes/com.google.android.gms-2.apk.classes2.zip
03-10 17:53:36.565 I/MultiDex( 1607): No extraction needed for /data/data/com.google.android.gms/files/secondary-dexes/com.google.android.gms-2.apk.classes2.zip of size 1430457
03-10 17:53:36.565 V/AuthZen ( 1607): Received a GCM message.
03-10 17:53:36.575 V/AuthZen ( 1607): [DefaultAuthzenGcmReceiverDelegateService] Received an Authzen GCM message.
03-10 17:53:36.585 W/GAV2    ( 1161): Thread[GAThread,5,main]: Service unavailable (code=1), will retry.
03-10 17:53:36.585 D/AlertReceiver( 1620): onReceive: a=android.intent.action.BOOT_COMPLETED Intent { act=android.intent.action.BOOT_COMPLETED flg=0x8000010 cmp=com.google.android.calendar/com.android.calendar.alerts.AlertReceiver (has extras) }
03-10 17:53:36.585 D/dalvikvm( 1543): GC_CONCURRENT freed 182K, 3% free 9612K/9828K, paused 2ms+11ms, total 29ms
03-10 17:53:36.585 W/ActivityManager(  647): Unable to start service Intent { act=com.google.android.gms.analytics.service.START cmp=com.google.android.gms/.analytics.service.AnalyticsService (has extras) } U=0: not found
03-10 17:53:36.585 I/ActivityManager(  647): Delay finish: com.google.android.calendar/com.android.calendar.alerts.AlertReceiver
03-10 17:53:36.605 I/GAV2    ( 1161): Thread[GAThread,5,main]: No campaign data found.
03-10 17:53:36.605 D/AlertService( 1620): 0 Action = android.intent.action.BOOT_COMPLETED
03-10 17:53:36.605 D/Finsky  ( 1543): [1] 2.run: Loaded library for account: [h8oDSybNDDZzpp4iys_x3qq36Xs]
03-10 17:53:36.605 D/Finsky  ( 1543): [1] 2.run: Finished loading 1 libraries.
03-10 17:53:36.605 D/Finsky  ( 1543): [1] RestoreTracker.stopServiceIfDone: Restore complete with 0 success and 0 failed.
03-10 17:53:36.605 D/AlertService( 1620): Scheduling next alarm with AlarmScheduler. sEventReminderReceived: null
03-10 17:53:36.615 D/dalvikvm( 1019): GC_CONCURRENT freed 672K, 8% free 9229K/9936K, paused 1ms+5ms, total 20ms
03-10 17:53:36.625 D/AlarmScheduler( 1620): Query result count for events starting within 1 week: 3
03-10 17:53:36.655 I/AuthZen ( 1607): Fetching signing key...
03-10 17:53:36.675 I/GCoreUlr( 1107): Ensuring that reporting is stopped because of reasons: {account#-17#=[InactiveReason{mVersionCode=0, mIdentifier=6, mName='ReportingNotSelected'}]}
03-10 17:53:36.675 D/GCoreFlp( 1107): Unknown pending intent to remove.
03-10 17:53:36.675 I/GCoreUlr( 1107): Unbound from all location providers
03-10 17:53:36.685 I/AuthZen ( 1607): Signing key fetched successfuly!
03-10 17:53:36.695 I/ActivityManager(  647): Resuming delayed broadcast
03-10 17:53:36.705 I/ActivityManager(  647): Start proc com.google.android.youtube for broadcast com.google.android.youtube/com.google.android.apps.youtube.core.transfer.DownloadService$BootReceiver: pid=1651 uid=10066 gids={50066, 3003, 1028, 1015}
03-10 17:53:36.705 I/ActivityManager(  647): Killing 868:android.process.acore/u0a0 (adj 15): empty #17
03-10 17:53:36.895 D/YouTube ( 1651): apps.youtube.core.utils.bh.a:41 HttpClient.UserAgent: com.google.android.youtube/5.3.32(Linux; U; Android 4.4.2; en_US; Nexus 7 Build/KOT49H)
03-10 17:53:36.935 D/dalvikvm( 1651): GC_CONCURRENT freed 294K, 4% free 9199K/9524K, paused 3ms+3ms, total 29ms
03-10 17:53:36.935 D/dalvikvm( 1651): WAIT_FOR_CONCURRENT_GC blocked 9ms
03-10 17:53:36.986 D/YouTube ( 1651): apps.youtube.core.utils.bh.a:41 HttpClient.UserAgent: com.google.android.youtube/5.3.32(Linux; U; Android 4.4.2; en_US; Nexus 7 Build/KOT49H)
03-10 17:53:37.086 D/YouTube ( 1651): apps.youtube.core.client.y.a:114 event [version=5.3.32-s2000, action=Startup, label=NORMAL_STARTUP, value=-1]
03-10 17:53:37.086 D/dalvikvm( 1651): GC_CONCURRENT freed 277K, 4% free 9347K/9656K, paused 2ms+2ms, total 17ms
03-10 17:53:37.156 D/dalvikvm( 1651): GC_CONCURRENT freed 218K, 3% free 9643K/9892K, paused 3ms+2ms, total 28ms
03-10 17:53:37.156 D/dalvikvm( 1651): WAIT_FOR_CONCURRENT_GC blocked 4ms
03-10 17:53:37.156 D/dalvikvm( 1651): WAIT_FOR_CONCURRENT_GC blocked 4ms
03-10 17:53:37.166 D/dalvikvm( 1651): WAIT_FOR_CONCURRENT_GC blocked 17ms
03-10 17:53:37.176 D/dalvikvm( 1651): WAIT_FOR_CONCURRENT_GC blocked 20ms
03-10 17:53:37.196 D/dalvikvm( 1359): GC_CONCURRENT freed 870K, 7% free 13442K/14344K, paused 6ms+4ms, total 74ms
03-10 17:53:37.196 D/dalvikvm( 1359): WAIT_FOR_CONCURRENT_GC blocked 29ms
03-10 17:53:37.206 D/dalvikvm( 1651): GC_CONCURRENT freed 301K, 4% free 9855K/10188K, paused 3ms+1ms, total 25ms
03-10 17:53:37.206 D/dalvikvm( 1651): WAIT_FOR_CONCURRENT_GC blocked 7ms
03-10 17:53:37.206 D/dalvikvm( 1651): DexOpt: --- BEGIN 'ads-1681873504.jar' (bootstrap=0) ---
03-10 17:53:37.206 D/dalvikvm( 1651): WAIT_FOR_CONCURRENT_GC blocked 11ms
03-10 17:53:37.216 D/dalvikvm( 1651): WAIT_FOR_CONCURRENT_GC blocked 14ms
03-10 17:53:37.216 D/dalvikvm( 1651): WAIT_FOR_CONCURRENT_GC blocked 18ms
03-10 17:53:37.216 D/dalvikvm( 1651): WAIT_FOR_CONCURRENT_GC blocked 20ms
03-10 17:53:37.246 D/dalvikvm( 1651): GC_CONCURRENT freed 355K, 4% free 10013K/10400K, paused 1ms+2ms, total 17ms
03-10 17:53:37.246 D/dalvikvm( 1651): WAIT_FOR_CONCURRENT_GC blocked 12ms
03-10 17:53:37.246 D/dalvikvm( 1651): WAIT_FOR_CONCURRENT_GC blocked 12ms
03-10 17:53:37.246 D/dalvikvm( 1651): WAIT_FOR_CONCURRENT_GC blocked 12ms
03-10 17:53:37.246 D/dalvikvm( 1651): WAIT_FOR_CONCURRENT_GC blocked 12ms
03-10 17:53:37.256 D/dalvikvm( 1681): DexOpt: load 3ms, verify+opt 5ms, 158252 bytes
03-10 17:53:37.266 D/dalvikvm( 1651): DexOpt: --- END 'ads-1681873504.jar' (success) ---
03-10 17:53:37.266 D/dalvikvm( 1651): DEX prep '/data/data/com.google.android.youtube/cache/ads-1681873504.jar': unzip in 0ms, rewrite 61ms
03-10 17:53:37.276 D/dalvikvm( 1651): GC_CONCURRENT freed 319K, 4% free 10206K/10556K, paused 1ms+2ms, total 18ms
03-10 17:53:37.276 D/dalvikvm( 1651): WAIT_FOR_CONCURRENT_GC blocked 12ms
03-10 17:53:37.276 D/dalvikvm( 1651): WAIT_FOR_CONCURRENT_GC blocked 12ms
03-10 17:53:37.276 D/dalvikvm( 1651): WAIT_FOR_CONCURRENT_GC blocked 10ms
03-10 17:53:37.276 D/dalvikvm( 1651): WAIT_FOR_CONCURRENT_GC blocked 10ms
03-10 17:53:37.276 D/dalvikvm( 1651): WAIT_FOR_CONCURRENT_GC blocked 10ms
03-10 17:53:37.316 D/dalvikvm( 1651): GC_CONCURRENT freed 402K, 5% free 10319K/10752K, paused 5ms+2ms, total 22ms
03-10 17:53:37.316 D/dalvikvm( 1651): WAIT_FOR_CONCURRENT_GC blocked 11ms
03-10 17:53:37.316 D/dalvikvm( 1651): WAIT_FOR_CONCURRENT_GC blocked 11ms
03-10 17:53:37.316 D/dalvikvm( 1651): WAIT_FOR_CONCURRENT_GC blocked 11ms
03-10 17:53:37.316 D/dalvikvm( 1651): WAIT_FOR_CONCURRENT_GC blocked 11ms
03-10 17:53:37.316 D/dalvikvm( 1651): WAIT_FOR_CONCURRENT_GC blocked 9ms
03-10 17:53:37.316 D/dalvikvm( 1651): WAIT_FOR_CONCURRENT_GC blocked 9ms
