03-11 15:50:34.404 I/GoogleConversionPing( 1666): Pinging: http://www.googleadservices.com/pagead/conversion/1001680686/?label=4dahCKKczAYQrt7R3QM&value=&muid=3d7Kar_rtkE_kqQoEbYVwg&bundleid=com.google.android.youtube&appversion=5.3.32&osversion=4.4.2&sdkversion=ct-sdk-a-v1.1.0&remarketing_only=1&timestamp=1394545834&data=screen_name%3D%3CAndroid_YT_Open_App%3E
03-11 15:50:34.434 D/dalvikvm( 1666): GC_CONCURRENT freed 274K, 4% free 10644K/11008K, paused 2ms+2ms, total 21ms
03-11 15:50:34.434 D/dalvikvm( 1666): WAIT_FOR_CONCURRENT_GC blocked 16ms
03-11 15:50:34.434 D/dalvikvm( 1666): WAIT_FOR_CONCURRENT_GC blocked 16ms
03-11 15:50:34.434 D/dalvikvm( 1666): WAIT_FOR_CONCURRENT_GC blocked 16ms
03-11 15:50:34.434 D/dalvikvm( 1666): WAIT_FOR_CONCURRENT_GC blocked 16ms
03-11 15:50:34.434 D/dalvikvm( 1666): WAIT_FOR_CONCURRENT_GC blocked 17ms
03-11 15:50:34.484 D/dalvikvm( 1666): GC_CONCURRENT freed 423K, 5% free 10778K/11232K, paused 2ms+2ms, total 22ms
03-11 15:50:34.484 D/dalvikvm( 1666): WAIT_FOR_CONCURRENT_GC blocked 9ms
03-11 15:50:34.484 D/dalvikvm( 1666): WAIT_FOR_CONCURRENT_GC blocked 8ms
03-11 15:50:34.484 D/dalvikvm( 1666): WAIT_FOR_CONCURRENT_GC blocked 8ms
03-11 15:50:34.484 D/dalvikvm( 1666): WAIT_FOR_CONCURRENT_GC blocked 8ms
03-11 15:50:34.484 D/dalvikvm( 1666): WAIT_FOR_CONCURRENT_GC blocked 7ms
03-11 15:50:34.534 D/YouTube ( 1666): apps.youtube.core.transfer.DownloadService$BootReceiver.onReceive:97 boot completed, starting download service
03-11 15:50:34.534 D/dalvikvm( 1666): GC_CONCURRENT freed 472K, 5% free 10839K/11348K, paused 2ms+2ms, total 25ms
03-11 15:50:34.534 D/YouTube ( 1666): apps.youtube.core.transfer.TransferService.onCreate:108 creating transfer service
03-11 15:50:34.544 D/YouTube ( 1666): apps.youtube.app.prefetch.PrefetchService$DeviceStateReceiver.onReceive:565 Got device state change intent: android.intent.action.BOOT_COMPLETED
03-11 15:50:34.554 I/ActivityManager(  652): Delay finish: com.google.android.youtube/com.google.android.apps.youtube.app.prefetch.PrefetchService$DeviceStateReceiver
03-11 15:50:34.564 I/GoogleConversionPing( 1666): Ping responded with response code 200
03-11 15:50:34.564 D/YouTube ( 1666): apps.youtube.app.prefetch.PrefetchService.onStartCommand:167 PrefetchService started at 11 Mar 2014 13:50:34 GMT
03-11 15:50:34.564 D/YouTube ( 1666): apps.youtube.app.prefetch.PrefetchService.p_:245 Download snapshot restored
03-11 15:50:34.564 I/ActivityManager(  652): Resuming delayed broadcast
03-11 15:50:34.574 I/ActivityManager(  652): Start proc com.google.android.googlequicksearchbox:search for broadcast com.google.android.googlequicksearchbox/com.google.android.search.core.StartUpReceiver: pid=1716 uid=10060 gids={50060, 3003, 1028, 3002, 1015}
03-11 15:50:34.584 D/YouTube ( 1666): apps.youtube.app.prefetch.PrefetchService.onDestroy:215 PrefetchService destroyed at 11 Mar 2014 13:50:34 GMT
03-11 15:50:34.584 I/ActivityManager(  652): Killing 1165:com.google.android.apps.magazines/u0a40 (adj 15): empty #17
03-11 15:50:34.594 D/dalvikvm(  185): GC_EXPLICIT freed 42K, 1% free 8980K/9056K, paused 1ms+2ms, total 19ms
03-11 15:50:34.604 D/dalvikvm(  185): GC_EXPLICIT freed <1K, 1% free 8980K/9056K, paused 2ms+2ms, total 16ms
03-11 15:50:34.624 D/dalvikvm(  185): GC_EXPLICIT freed <1K, 1% free 8980K/9056K, paused 2ms+2ms, total 16ms
03-11 15:50:34.624 D/dalvikvm( 1359): GC_CONCURRENT freed 1197K, 9% free 13767K/14996K, paused 3ms+6ms, total 60ms
03-11 15:50:34.624 D/dalvikvm( 1359): WAIT_FOR_CONCURRENT_GC blocked 3ms
03-11 15:50:34.634 W/GLSUser ( 1078): GoogleAccountDataService.getToken()
03-11 15:50:34.654 I/GoogleHttpClient( 1078): Falling back to old http client 0 java.lang.NoSuchMethodException: <init> [class android.content.Context, class java.lang.String, boolean]
03-11 15:50:34.684 D/dalvikvm(  652): GC_EXPLICIT freed 554K, 13% free 16876K/19308K, paused 2ms+6ms, total 82ms
03-11 15:50:34.694 I/dalvikvm(  652): Jit: resizing JitTable from 4096 to 8192
03-11 15:50:34.694 I/NotificationStore( 1078): file does not exist: /data/data/com.google.android.gms/files/notification_data.dat
03-11 15:50:34.804 E/fb4a(:<default>):LocalFbBroadcastManager( 1359): Called registerBroadcastReceiver twice.
03-11 15:50:34.824 I/dalvikvm( 1359): Could not find method com.android.internal.widget.ILockSettings$Stub.a, referenced from method com.facebook.keyguardtype.LockSettingsServiceKeyguardTypeResolver.b
03-11 15:50:34.824 W/dalvikvm( 1359): VFY: unable to resolve static method 4729: Lcom/android/internal/widget/ILockSettings$Stub;.a (Landroid/os/IBinder;)Lcom/android/internal/widget/ILockSettings;
03-11 15:50:34.824 D/dalvikvm( 1359): VFY: replacing opcode 0x71 at 0x0023
03-11 15:50:34.834 W/Settings( 1359): Setting wifi_sleep_policy has moved from android.provider.Settings.System to android.provider.Settings.Global, returning read-only value.
03-11 15:50:34.915 D/dalvikvm( 1359): GC_CONCURRENT freed 1401K, 10% free 13964K/15396K, paused 5ms+4ms, total 52ms
03-11 15:50:34.915 D/dalvikvm( 1359): WAIT_FOR_CONCURRENT_GC blocked 31ms
03-11 15:50:34.915 D/dalvikvm( 1359): WAIT_FOR_CONCURRENT_GC blocked 31ms
03-11 15:50:34.915 D/dalvikvm( 1359): WAIT_FOR_CONCURRENT_GC blocked 13ms
03-11 15:50:34.935 D/dalvikvm( 1716): GC_CONCURRENT freed 219K, 3% free 9199K/9452K, paused 5ms+3ms, total 28ms
03-11 15:50:35.005 D/HandsFreeActivity( 1716): shouldBeEnabled: locale=en-US
03-11 15:50:35.005 D/HandsFreeActivity( 1716): Voice dialer enabled state: true
03-11 15:50:35.005 I/ActivityManager(  652): Delay finish: com.google.android.googlequicksearchbox/com.google.android.search.core.StartUpReceiver
03-11 15:50:35.005 I/ActivityManager(  652): Killing 966:com.android.settings/1000 (adj 15): empty #17
03-11 15:50:35.025 D/dalvikvm( 1716): GC_CONCURRENT freed 228K, 3% free 9458K/9720K, paused 2ms+1ms, total 15ms
03-11 15:50:35.075 I/ActivityManager(  652): Resuming delayed broadcast
03-11 15:50:35.085 I/ActivityManager(  652): Start proc com.dropbox.android for broadcast com.dropbox.android/.service.WakeupReceiver: pid=1745 uid=10075 gids={50075, 3003, 1028, 1015}
03-11 15:50:35.245 I/com.dropbox.android.service.DropboxNetworkReceiver( 1745): Setting receiver enabled: false
03-11 15:50:35.285 D/dalvikvm( 1745): Trying to load lib /data/app-lib/com.dropbox.android-2/libDbxFileObserver.so 0x41e98d70
03-11 15:50:35.285 D/dalvikvm( 1745): Added shared lib /data/app-lib/com.dropbox.android-2/libDbxFileObserver.so 0x41e98d70
03-11 15:50:35.285 D/dalvikvm( 1745): No JNI_OnLoad found in /data/app-lib/com.dropbox.android-2/libDbxFileObserver.so 0x41e98d70, skipping init
03-11 15:50:35.305 D/dalvikvm( 1745): GC_CONCURRENT freed 250K, 3% free 9202K/9476K, paused 2ms+2ms, total 18ms
03-11 15:50:35.315 W/Settings( 1745): Setting airplane_mode_on has moved from android.provider.Settings.System to android.provider.Settings.Global, returning read-only value.
03-11 15:50:35.355 I/com.dropbox.sync.android.a( 1745): Prepared cache dir '/data/data/com.dropbox.android/app_DropboxSyncCache/hizqkiq3952astb'.
03-11 15:50:35.355 D/dalvikvm( 1745): Trying to load lib /data/app-lib/com.dropbox.android-2/libDropboxSync.so 0x41e98d70
03-11 15:50:35.355 D/dalvikvm( 1745): Added shared lib /data/app-lib/com.dropbox.android-2/libDropboxSync.so 0x41e98d70
03-11 15:50:35.355 D/dalvikvm( 1745): Trying to load lib /data/app-lib/com.dropbox.android-2/libDropboxSync.so 0x41e98d70
03-11 15:50:35.355 D/dalvikvm( 1745): Shared lib '/data/app-lib/com.dropbox.android-2/libDropboxSync.so' already loaded in same CL 0x41e98d70
03-11 15:50:35.365 D/dalvikvm( 1745): Trying to load lib /data/app-lib/com.dropbox.android-2/libDropboxSync.so 0x41e98d70
03-11 15:50:35.365 D/dalvikvm( 1745): Shared lib '/data/app-lib/com.dropbox.android-2/libDropboxSync.so' already loaded in same CL 0x41e98d70
03-11 15:50:35.365 D/dalvikvm( 1745): Trying to load lib /data/app-lib/com.dropbox.android-2/libDropboxSync.so 0x41e98d70
03-11 15:50:35.365 D/dalvikvm( 1745): Shared lib '/data/app-lib/com.dropbox.android-2/libDropboxSync.so' already loaded in same CL 0x41e98d70
03-11 15:50:35.365 I/dbxyzptlk.db231210.k.c( 1745): Watching file: /8fb0427b/4fa4b1d1/30/2fe0ce4f/2eefaa/fe467c90/5ceba77/72d0b2fa/c74b192d/75bd7a7a
03-11 15:50:35.375 I/com.dropbox.sync.android.aa( 1745): Dropbox initialized for application: hizqkiq3952astb (com.dropbox.android/231210 DropboxSync/2.0.2 (Android; 4.4.2; asus Nexus 7 armeabi-v7a; en_US))
03-11 15:50:35.375 D/dalvikvm( 1745): Trying to load lib /data/app-lib/com.dropbox.android-2/libDropboxSync.so 0x41e98d70
03-11 15:50:35.375 D/dalvikvm( 1745): Shared lib '/data/app-lib/com.dropbox.android-2/libDropboxSync.so' already loaded in same CL 0x41e98d70
03-11 15:50:35.375 I/dbxyzptlk.db231210.k.c( 1745): Notifying of potential change to /8fb0427b/4fa4b1d1/30/2fe0ce4f/2eefaa/fe467c90/5ceba77/72d0b2fa/c74b192d/75bd7a7a
03-11 15:50:35.375 I/com.dropbox.sync.android.V( 1745): Dropbox user 11616711 linked.
03-11 15:50:35.375 D/dalvikvm( 1745): Trying to load lib /data/app-lib/com.dropbox.android-2/libDropboxSync.so 0x41e98d70
03-11 15:50:35.375 D/dalvikvm( 1745): Shared lib '/data/app-lib/com.dropbox.android-2/libDropboxSync.so' already loaded in same CL 0x41e98d70
03-11 15:50:35.395 D/dalvikvm( 1745): GC_CONCURRENT freed 249K, 3% free 9427K/9708K, paused 3ms+1ms, total 16ms
03-11 15:50:35.445 W/ContextImpl( 1745): Implicit intents with startService are not safe: Intent { act=com.android.vending.billing.InAppBillingService.BIND } android.content.ContextWrapper.bindService:517 com.dropbox.android.payments.h.c:298 com.dropbox.android.payments.DbxSubscriptions.c:109 
03-11 15:50:35.455 I/ActivityManager(  652): Start proc org.mozilla.fennec for broadcast org.mozilla.fennec/org.mozilla.gecko.background.announcements.AnnouncementsBroadcastReceiver: pid=1777 uid=10111 gids={50111, 3003, 1028, 1015}
03-11 15:50:35.455 I/ActivityManager(  652): Killing 1273:com.facebook.katana:dash_service/u0a114 (adj 15): empty #17
03-11 15:50:35.475 D/Finsky  ( 1556): [91] InAppBillingUtils.pickAccount: com.dropbox.android: Account determined from installer data - [h8oDSybNDDZzpp4iys_x3qq36Xs]
03-11 15:50:35.475 D/Finsky  ( 1556): [90] InAppBillingUtils.pickAccount: com.dropbox.android: Account determined from installer data - [h8oDSybNDDZzpp4iys_x3qq36Xs]
03-11 15:50:35.475 D/Finsky  ( 1556): [90] InAppBillingUtils.pickAccount: com.dropbox.android: Account determined from installer data - [h8oDSybNDDZzpp4iys_x3qq36Xs]
03-11 15:50:35.525 D/dalvikvm( 1745): GC_CONCURRENT freed 164K, 3% free 9658K/9908K, paused 3ms+6ms, total 21ms
03-11 15:50:35.575 D/dalvikvm( 1777): Trying to load lib /data/app-lib/org.mozilla.fennec-2/libmozglue.so 0x41e9a9b0
03-11 15:50:35.575 D/dalvikvm( 1777): Added shared lib /data/app-lib/org.mozilla.fennec-2/libmozglue.so 0x41e9a9b0
03-11 15:50:35.575 D/dalvikvm( 1777): No JNI_OnLoad found in /data/app-lib/org.mozilla.fennec-2/libmozglue.so 0x41e9a9b0, skipping init
03-11 15:50:35.585 I/ActivityManager(  652): Delay finish: org.mozilla.fennec/org.mozilla.gecko.background.announcements.AnnouncementsBroadcastReceiver
03-11 15:50:35.605 W/GeckoProfile( 1777): Requested profile directory missing.
03-11 15:50:35.605 D/GeckoProfile( 1777): Found profile dir.
03-11 15:50:35.615 I/ActivityManager(  652): Resuming delayed broadcast
03-11 15:50:35.625 D/dalvikvm( 1745): GC_CONCURRENT freed 255K, 3% free 9897K/10184K, paused 1ms+6ms, total 19ms
03-11 15:50:35.625 I/ActivityManager(  652): Delay finish: org.mozilla.fennec/org.mozilla.gecko.background.healthreport.HealthReportBroadcastReceiver
03-11 15:50:35.635 W/GeckoProfile( 1777): Requested profile directory missing.
03-11 15:50:35.635 W/GeckoProfile( 1777): Requested profile directory missing.
03-11 15:50:35.635 I/ActivityManager(  652): Resuming delayed broadcast
03-11 15:50:35.645 I/ActivityManager(  652): Start proc com.laurencedawson.reddit_sync:remote for broadcast com.laurencedawson.reddit_sync/.RedditMessageReceiver: pid=1805 uid=10073 gids={50073, 3003, 1028, 1015}
03-11 15:50:35.655 I/ActivityManager(  652): Killing 1351:com.chrome.beta/u0a110 (adj 15): empty #17
03-11 15:50:35.675 D/dalvikvm( 1359): GC_CONCURRENT freed 1406K, 10% free 14223K/15660K, paused 3ms+4ms, total 58ms
03-11 15:50:35.675 D/dalvikvm( 1359): WAIT_FOR_CONCURRENT_GC blocked 29ms
03-11 15:50:35.685 D/dalvikvm( 1745): GC_CONCURRENT freed 326K, 4% free 10023K/10384K, paused 2ms+2ms, total 16ms
03-11 15:50:35.685 D/dalvikvm( 1745): WAIT_FOR_CONCURRENT_GC blocked 10ms
03-11 15:50:35.745 I/ActivityManager(  652): Start proc com.laurencedawson.reddit_sync for service com.laurencedawson.reddit_sync/.activities.MessagingService: pid=1825 uid=10073 gids={50073, 3003, 1028, 1015}
03-11 15:50:35.745 I/ActivityManager(  652): Delay finish: com.laurencedawson.reddit_sync/.RedditMessageReceiver
03-11 15:50:35.745 I/ActivityManager(  652): Killing 992:com.android.printspooler/u0a105 (adj 15): empty #17
03-11 15:50:35.865 D/dalvikvm( 1825): GC_CONCURRENT freed 199K, 3% free 9260K/9492K, paused 2ms+3ms, total 28ms
03-11 15:50:36.076 D/dalvikvm( 1825): GC_CONCURRENT freed 243K, 3% free 9420K/9696K, paused 3ms+3ms, total 21ms
03-11 15:50:36.216 D/dalvikvm( 1745): GC_CONCURRENT freed 270K, 3% free 10154K/10464K, paused 3ms+4ms, total 36ms
03-11 15:50:36.306 I/ActivityManager(  652): Resuming delayed broadcast
03-11 15:50:36.316 I/GCoreUlr( 1122): Starting service, intent=Intent { cmp=com.google.android.gms/com.google.android.location.reporting.service.DispatchingService (has extras) }, extras=Bundle[{intentType=2, receiverAction=com.google.android.location.internal.server.ACTION_RESTARTED}]
03-11 15:50:36.326 D/GCM     ( 1078): GcmService start Intent { act=com.google.android.gms.INITIALIZE flg=0x10 pkg=com.google.android.gms cmp=com.google.android.gms/.gcm.GcmService } com.google.android.gms.INITIALIZE
03-11 15:50:36.326 I/ActivityManager(  652): Delay finish: com.google.android.keep/.notification.AlertReceiver
03-11 15:50:36.336 I/GCoreUlr( 1122): WorldUpdater received intent Intent { cmp=com.google.android.gms/com.google.android.location.reporting.service.DispatchingService (has extras) } with receiverAction com.google.android.location.internal.server.ACTION_RESTARTED, forceUpdate false
03-11 15:50:36.336 V/KeepAlert( 1054): Action com.google.android.location.internal.server.ACTION_RESTARTED
03-11 15:50:36.356 I/ActivityManager(  652): Resuming delayed broadcast
03-11 15:50:36.356 I/ActivityManager(  652): Killing 1410:com.google.android.configupdater/u0a11 (adj 15): empty #17
03-11 15:50:36.376 D/GCM     ( 1078): GcmService start Intent { act=com.google.android.gms.INITIALIZE flg=0x10 pkg=com.google.android.gms cmp=com.google.android.gms/.gcm.GcmService } com.google.android.gms.INITIALIZE
03-11 15:50:36.416 D/AlertReceiver( 1631): onReceive: a=android.intent.action.PROVIDER_CHANGED Intent { act=android.intent.action.PROVIDER_CHANGED dat=content://com.android.calendar flg=0x10 cmp=com.google.android.calendar/com.android.calendar.alerts.AlertReceiver }
03-11 15:50:36.416 I/ActivityManager(  652): Delay finish: com.google.android.calendar/com.android.calendar.alerts.AlertReceiver
03-11 15:50:36.426 D/AlertService( 1631): 0 Action = android.intent.action.PROVIDER_CHANGED
03-11 15:50:36.466 D/dalvikvm( 1501): GC_CONCURRENT freed 248K, 3% free 9134K/9416K, paused 2ms+1ms, total 21ms
03-11 15:50:36.466 I/GCoreUlr( 1122): Ensuring that reporting is stopped because of reasons: {account#-17#=[InactiveReason{mVersionCode=0, mIdentifier=6, mName='ReportingNotSelected'}]}
03-11 15:50:36.466 D/GCoreFlp( 1122): Unknown pending intent to remove.
03-11 15:50:36.466 I/GCoreUlr( 1122): Unbound from all location providers
03-11 15:50:36.486 D/dalvikvm( 1122): GC_CONCURRENT freed 337K, 4% free 10102K/10496K, paused 3ms+2ms, total 21ms
03-11 15:50:40.470 V/GCMRegistrar( 1745): Is registered on server: true
03-11 15:50:41.431 D/AlertService( 1631): Beginning updateAlertNotification
03-11 15:50:41.461 D/AlertService( 1631): No fired or scheduled alerts
03-11 15:50:41.501 D/AlertService( 1631): Scheduling next alarm with AlarmScheduler. sEventReminderReceived: null
03-11 15:50:41.511 D/AlarmScheduler( 1631): Query result count for events starting within 1 week: 3
03-11 15:50:41.521 I/ActivityManager(  652): Resuming delayed broadcast
03-11 15:50:41.551 I/ActivityManager(  652): Start proc com.google.android.music:main for broadcast com.google.android.music/.store.MediaStoreImportService$Receiver: pid=1874 uid=10044 gids={50044, 3003, 1028, 1015}
03-11 15:50:41.681 D/dalvikvm( 1631): GC_CONCURRENT freed 290K, 4% free 9082K/9404K, paused 1ms+1ms, total 22ms
03-11 15:50:41.721 I/MusicStore( 1874): Database version: 85
03-11 15:50:41.741 W/ContextImpl( 1874): Implicit intents with startService are not safe: Intent { act=com.google.android.music.PREFERENCE_SERVICE } android.content.ContextWrapper.bindService:517 com.google.android.music.utils.SafeServiceConnection$ServiceConnectionImp.bindService:98 com.google.android.music.utils.SafeServiceConnection.bindService:259 
03-11 15:50:41.751 D/dalvikvm( 1874): GC_CONCURRENT freed 208K, 3% free 9207K/9448K, paused 3ms+3ms, total 21ms
03-11 15:50:41.781 W/ContextImpl( 1874): Implicit intents with startService are not safe: Intent { act=com.google.android.music.NETWORK_MONITOR_SERVICE } android.content.ContextWrapper.bindService:517 com.google.android.music.utils.SafeServiceConnection$ServiceConnectionImp.bindService:98 com.google.android.music.utils.SafeServiceConnection.bindService:259 
03-11 15:50:41.841 D/dalvikvm( 1874): GC_CONCURRENT freed 298K, 4% free 9334K/9668K, paused 3ms+2ms, total 32ms
03-11 15:50:41.881 I/Icing   ( 1018): Storage manager: low false usage 1.17MB avail 20.96GB capacity 22.46GB
03-11 15:50:41.881 I/MediaRouter( 1874): Found default route: MediaRouter.RouteInfo{ uniqueId=android/.support.v7.media.SystemMediaRouteProvider:DEFAULT_ROUTE, name=Tablet, description=null, enabled=true, connecting=false, playbackType=0, playbackStream=3, volumeHandling=1, volume=0, volumeMax=15, presentationDisplayId=-1, extras=null, providerPackageName=android }
03-11 15:50:41.911 I/ActivityManager(  652): Delay finish: com.google.android.music/.store.MediaStoreImportService$Receiver
03-11 15:50:41.931 I/CastUtils( 1874): Removing provider: MediaRouter.RouteProviderInfo{ packageName=com.google.android.gms }
03-11 15:50:41.931 I/ActivityManager(  652): Resuming delayed broadcast
03-11 15:50:41.941 I/ActivityManager(  652): Delay finish: com.google.android.music/.store.MediaStoreImportService$Receiver
03-11 15:50:41.941 I/ActivityManager(  652): Resuming delayed broadcast
03-11 15:50:41.961 I/ActivityManager(  652): Delay finish: com.google.android.music/.store.MediaStoreImportService$Receiver
03-11 15:50:41.971 D/dalvikvm( 1018): GC_CONCURRENT freed 306K, 6% free 9366K/9900K, paused 1ms+2ms, total 17ms
03-11 15:50:41.991 D/dalvikvm( 1078): GC_CONCURRENT freed 289K, 7% free 9564K/10196K, paused 2ms+1ms, total 18ms
03-11 15:50:42.021 D/dalvikvm( 1874): GC_CONCURRENT freed 235K, 3% free 9495K/9764K, paused 3ms+2ms, total 17ms
03-11 15:50:42.061 I/MediaStoreImporter( 1874): Update: incremental Added music: 0 Updated music: 0 Deleted music: 0 Created playlists: 0 Updated playlists: 0 Deleted playlists: 0 Inserted playlist items: 0 Deleted playlist items: 0 Removed orphaned playlist items: 0
03-11 15:50:42.061 I/ActivityManager(  652): Resuming delayed broadcast
03-11 15:50:42.071 I/ActivityManager(  652): Killing 1437:com.google.android.onetimeinitializer/u0a27 (adj 15): empty #17
03-11 15:50:42.112 D/GCM     ( 1078): GcmService start Intent { act=android.net.conn.CONNECTIVITY_CHANGE flg=0x4000010 cmp=com.google.android.gms/.gcm.GcmService (has extras) } android.net.conn.CONNECTIVITY_CHANGE
03-11 15:50:42.112 D/YouTube ( 1666): apps.youtube.app.prefetch.PrefetchService$DeviceStateReceiver.onReceive:565 Got device state change intent: android.net.conn.CONNECTIVITY_CHANGE
03-11 15:50:42.122 I/ActivityManager(  652): Start proc com.google.android.apps.magazines for broadcast com.google.android.apps.magazines/com.google.apps.dots.android.newsstand.appwidget.NewsWidgetProvider: pid=1924 uid=10040 gids={50040, 3003, 1028, 1015}
03-11 15:50:42.132 D/YouTube ( 1666): apps.youtube.app.prefetch.PrefetchService.onStartCommand:167 PrefetchService started at 11 Mar 2014 13:50:42 GMT
03-11 15:50:42.132 D/YouTube ( 1666): apps.youtube.app.prefetch.PrefetchService.p_:245 Download snapshot restored
03-11 15:50:42.132 D/YouTube ( 1666): apps.youtube.app.prefetch.PrefetchService.onDestroy:215 PrefetchService destroyed at 11 Mar 2014 13:50:42 GMT
03-11 15:50:42.162 D/dalvikvm(  652): GC_EXPLICIT freed 573K, 13% free 16975K/19308K, paused 3ms+6ms, total 82ms
03-11 15:50:42.162 D/dalvikvm( 1018): GC_FOR_ALLOC freed 213K, 5% free 9423K/9900K, paused 11ms, total 12ms
03-11 15:50:42.202 V/WebViewChromium( 1924): Binding Chromium to the background looper Looper (main, tid 1) {41e97860}
03-11 15:50:42.202 I/chromium( 1924): [INFO:library_loader_hooks.cc(112)] Chromium logging enabled: level = 0, default verbosity = 0
03-11 15:50:42.212 I/BrowserProcessMain( 1924): Initializing chromium process, renderers=0
03-11 15:50:42.212 I/Icing   ( 1018): doRemovePackageData com.google.android.gm
03-11 15:50:42.212 W/chromium( 1924): [WARNING:proxy_service.cc(888)] PAC support disabled because there is no system implementation
03-11 15:50:42.222 I/Adreno-EGL( 1924): <qeglDrvAPI_eglInitialize:320>: EGL 1.4 QUALCOMM Build: I0404c4692afb8623f95c43aeb6d5e13ed4b30ddbDate: 11/06/13
03-11 15:50:42.242 I/Icing   ( 1018): Internal init done: storage state 0
03-11 15:50:42.252 I/Icing   ( 1018): Post-init done
03-11 15:50:42.292 W/GAV2    ( 1924): Thread[main,5,main]: Need to call initialize() and be in fallback mode to start dispatch.
03-11 15:50:42.302 D/dalvikvm( 1018): GC_CONCURRENT freed 377K, 6% free 9444K/9952K, paused 2ms+2ms, total 17ms
03-11 15:50:42.312 D/dalvikvm( 1924): GC_CONCURRENT freed 290K, 4% free 9169K/9492K, paused 2ms+3ms, total 27ms
03-11 15:50:42.402 D/dalvikvm( 1924): GC_CONCURRENT freed 223K, 3% free 9414K/9668K, paused 1ms+2ms, total 13ms
03-11 15:50:42.422 I/NSApplication( 1924): Starting up...
03-11 15:50:42.442 I/ActivityManager(  652): Start proc com.google.android.apps.plus for broadcast com.google.android.apps.plus/.service.ConnectivityReceiver: pid=1973 uid=10054 gids={50054, 3003, 3002, 1028, 1015}
03-11 15:50:42.442 I/ActivityManager(  652): Killing 1488:com.google.android.nfcprovision/u0a46 (adj 15): empty #17
03-11 15:50:42.472 D/dalvikvm( 1924): GC_CONCURRENT freed 315K, 4% free 9517K/9864K, paused 2ms+1ms, total 15ms
03-11 15:50:42.602 D/dalvikvm( 1973): Trying to load lib /data/app-lib/com.google.android.apps.plus-2/libcrashreporter.so 0x41ea0f20
03-11 15:50:42.602 D/dalvikvm( 1973): Added shared lib /data/app-lib/com.google.android.apps.plus-2/libcrashreporter.so 0x41ea0f20
03-11 15:50:42.642 D/dalvikvm( 1973): GC_CONCURRENT freed 243K, 3% free 9206K/9484K, paused 3ms+5ms, total 26ms
03-11 15:50:42.762 I/ImageResourceManager( 1973): ImageResourceManager: uninitalized
03-11 15:50:42.762 D/dalvikvm( 1973): GC_CONCURRENT freed 266K, 4% free 9361K/9656K, paused 3ms+3ms, total 23ms
03-11 15:50:42.772 I/iu.Environment( 1973): update battery state; isPlugged? true*
03-11 15:50:42.782 I/iu.Environment( 1973): update connectivity state; isNetworkMetered? false, isRoaming? false, isBackgroundDataAllowed? true*
03-11 15:50:42.782 I/iu.Environment( 1973): update connectivity state; isNetworkMetered? false, isRoaming? false, isBackgroundDataAllowed? true
03-11 15:50:42.802 I/ActivityManager(  652): Start proc com.yle.webtv for broadcast com.yle.webtv/.net.ConnectionChangeReceiver: pid=2004 uid=10116 gids={50116, 3003}
03-11 15:50:42.802 I/ActivityManager(  652): Killing 1573:com.google.android.exchange/u0a19 (adj 15): empty #17
03-11 15:50:42.812 I/dalvikvm( 2004): Enabling JNI app bug workarounds for target SDK version 10...
03-11 15:50:42.822 D/dalvikvm( 1973): GC_FOR_ALLOC freed 28K, 3% free 9392K/9656K, paused 38ms, total 39ms
03-11 15:50:42.832 I/dalvikvm-heap( 1973): Grow heap (frag case) to 13.323MB for 4322896-byte allocation
03-11 15:50:42.842 D/dalvikvm( 1973): GC_FOR_ALLOC freed <1K, 2% free 13613K/13880K, paused 13ms, total 13ms
03-11 15:50:42.852 D/dalvikvm( 1973): GC_CONCURRENT freed 30K, 2% free 13624K/13880K, paused 1ms+1ms, total 15ms
03-11 15:50:42.912 D/dalvikvm( 1973): GC_FOR_ALLOC freed 32K, 3% free 13596K/13880K, paused 14ms, total 14ms
03-11 15:50:42.922 I/dalvikvm-heap( 1973): Grow heap (frag case) to 17.428MB for 4322896-byte allocation
03-11 15:50:42.932 D/dalvikvm( 1973): GC_FOR_ALLOC freed 1K, 2% free 17816K/18104K, paused 14ms, total 14ms
03-11 15:50:42.952 D/dalvikvm( 1973): GC_CONCURRENT freed 2K, 2% free 17820K/18104K, paused 2ms+3ms, total 20ms
03-11 15:50:42.962 I/ActivityManager(  652): Start proc android.process.acore for content provider com.android.providers.contacts/.ContactsProvider2: pid=2021 uid=10000 gids={50000, 3003, 1028, 1015}
03-11 15:50:42.972 I/ActivityManager(  652): Killing 1618:com.google.android.gms.ui/u0a23 (adj 15): empty #17
03-11 15:50:42.992 D/dalvikvm( 2004): GC_CONCURRENT freed 215K, 3% free 9278K/9524K, paused 2ms+1ms, total 24ms
03-11 15:50:42.992 D/dalvikvm( 2004): WAIT_FOR_CONCURRENT_GC blocked 3ms
03-11 15:50:43.022 D/dalvikvm( 2004): GC_CONCURRENT freed 302K, 5% free 9394K/9812K, paused 3ms+1ms, total 16ms
03-11 15:50:43.022 D/dalvikvm( 2004): WAIT_FOR_CONCURRENT_GC blocked 12ms
03-11 15:50:43.052 D/dalvikvm( 2021): GC_CONCURRENT freed 271K, 4% free 9214K/9520K, paused 3ms+5ms, total 23ms
03-11 15:50:43.082 D/dalvikvm( 2004): GC_CONCURRENT freed 212K, 3% free 9659K/9904K, paused 1ms+3ms, total 17ms
03-11 15:50:43.102 I/iu.UploadsManager( 1973): #reloadSettings(); account: null; pageID: none; IU: disabled; IS: disabled; photoWiFi: true; videoWiFi: true; roam: false; battery: true; size: FULL; maxMobile: 157286400
03-11 15:50:43.133 I/iu.UploadsManager( 1973): End new media; added: 0, uploading: 0, time: 38 ms
03-11 15:50:43.143 I/ContactLocale( 2021): AddressBook Labels [en_US]: [, A, B, C, D, E, F, G, H, I, J, K, L, M, N, O, P, Q, R, S, T, U, V, W, X, Y, Z, , , , , , , , , , , , , , , , , , , , , , , , , , , , , , , , , , , , , , , , , , , , , , , , , , , , , , , , , , , , , , , , , , , , , , , , , , , , , , , , , , , , , , , , , , , , , , , , , , , , , , , , , , , , , , , , , , , , , , , , , , , , , , , , , , , , , , , , , , , , , , , , , , , , , , , , , , , , , , , , , , , , , , , , , , , , , , , , , , , , , , #, ]
03-11 15:50:43.163 I/iu.FingerprintManager( 1973): Start processing all media
03-11 15:50:43.173 I/iu.FingerprintManager( 1973): Start processing media store URI: content://media/external/images/media
03-11 15:50:43.173 D/dalvikvm( 2004): GC_CONCURRENT freed 307K, 3% free 9902K/10180K, paused 1ms+2ms, total 25ms
03-11 15:50:43.173 I/iu.FingerprintManager( 1973): Start processing media store URI: content://media/external/video/media
03-11 15:50:43.183 I/iu.FingerprintManager( 1973): Start processing media store URI: content://media/phoneStorage/images/media
03-11 15:50:43.183 I/iu.FingerprintManager( 1973): Start processing media store URI: content://media/phoneStorage/video/media
03-11 15:50:43.193 I/iu.FingerprintManager( 1973): Finished generating fingerprints; 0.020 seconds
03-11 15:50:43.193 I/iu.FingerprintManager( 1973):   numSeen=0 numGenerated=0 numDeleted=0 numFailed=0
03-11 15:50:43.273 D/CaptivePortalTracker(  652): DelayedCaptiveCheckState{ when=-3ms what=2 arg1=1 target=com.android.internal.util.StateMachine$SmHandler }
03-11 15:50:43.273 D/ConnectivityService(  652): setProvNotificationVisible: E visible=false networkType=1 extraInfo=null url=null
03-11 15:50:43.283 D/CaptivePortalTracker(  652): Checking http://173.194.32.37/generate_204
03-11 15:50:43.283 W/ActivityThread(  652): ClassLoader.loadClass: The class loader returned by Thread.getContextClassLoader() may fail for processes that host multiple applications. You should explicitly specify a context class loader. For example: Thread.setContextClassLoader(getClass().getClassLoader());
03-11 15:50:43.293 I/ActivityManager(  652): Start proc com.chrome.beta for broadcast com.chrome.beta/com.google.android.apps.chrome.precache.PrecacheServiceLauncher: pid=2043 uid=10110 gids={50110, 3003, 1028, 1015}
03-11 15:50:43.293 I/ActivityManager(  652): Killing 1246:com.google.android.partnersetup/u0a28 (adj 15): empty #17
03-11 15:50:43.303 D/dalvikvm( 2004): GC_CONCURRENT freed 302K, 4% free 9991K/10328K, paused 1ms+1ms, total 17ms
03-11 15:50:43.343 I/ActivityManager(  652): Killing 1716:com.google.android.googlequicksearchbox:search/u0a60 (adj 15): empty #17
03-11 15:50:43.363 I/ActivityManager(  652): Start proc com.devhd.feedly for broadcast com.devhd.feedly/.widget.FeedlyWidgetProvider: pid=2057 uid=10083 gids={50083, 3003, 1028, 1015}
03-11 15:50:43.363 W/ContextImpl(  652): Calling a method in the system process without a qualified user: android.app.ContextImpl.sendBroadcast:1137 android.net.CaptivePortalTracker.sendNetworkConditionsBroadcast:507 android.net.CaptivePortalTracker.isCaptivePortal:399 android.net.CaptivePortalTracker.access$2600:60 android.net.CaptivePortalTracker$DelayedCaptiveCheckState.processMessage:283 
03-11 15:50:43.373 D/CaptivePortalTracker(  652): isCaptivePortal: ret=false rspCode=204
03-11 15:50:43.373 D/CaptivePortalTracker(  652): Not captive network NetworkInfo: type: WIFI[], state: CONNECTED/CONNECTED, reason: (unspecified), extra: "aalto open", roaming: false, failover: false, isAvailable: true, isConnectedToProvisioningNetwork: false
03-11 15:50:43.373 D/CaptivePortalTracker(  652): notifyPortalCheckCompleted: captive=false ni=NetworkInfo: type: WIFI[], state: CONNECTED/CONNECTED, reason: (unspecified), extra: "aalto open", roaming: false, failover: false, isAvailable: true, isConnectedToProvisioningNetwork: false
03-11 15:50:43.373 D/dalvikvm(  185): GC_EXPLICIT freed 42K, 1% free 8980K/9056K, paused 1ms+2ms, total 20ms
03-11 15:50:43.373 D/ConnectivityService(  652): captivePortalCheckCompleted: ni=NetworkInfo: type: WIFI[], state: CONNECTED/CONNECTED, reason: (unspecified), extra: "aalto open", roaming: false, failover: false, isAvailable: true, isConnectedToProvisioningNetwork: false captive=false
03-11 15:50:43.393 D/dalvikvm(  185): GC_EXPLICIT freed <1K, 1% free 8980K/9056K, paused 1ms+2ms, total 17ms
03-11 15:50:43.413 D/dalvikvm(  185): GC_EXPLICIT freed <1K, 1% free 8980K/9056K, paused 1ms+2ms, total 17ms
03-11 15:50:43.433 I/Icing   ( 1018): Indexing 89C722CAC15EF46A4C7BB4760D5543033178AD63 from com.google.android.music
03-11 15:50:43.443 I/widget.provider( 2057): com.devhd.feedly.widget.FeedlyWidgetProvider onReceive: android.net.conn.CONNECTIVITY_CHANGE
03-11 15:50:43.443 W/widget.data( 2057): **** creating widget[0] data model object ****
03-11 15:50:43.463 V/AlarmClock( 1501): AlarmInitReceiver android.intent.action.TIME_SET
03-11 15:50:43.473 I/AlarmClock( 1501): Displaying next alarm time: ''
03-11 15:50:43.473 V/AlarmClock( 1501): AlarmInitReceiver finished
03-11 15:50:43.493 V/KeepAlert( 1054): Action android.intent.action.TIME_SET
03-11 15:50:43.503 I/ActivityManager(  652): Delay finish: com.google.android.gms/.common.download.DownloadAlarmReceiver
03-11 15:50:43.523 I/ActivityManager(  652): Resuming delayed broadcast
03-11 15:50:43.533 D/GCM     ( 1078): GcmService start Intent { act=com.google.android.gms.INITIALIZE flg=0x10 pkg=com.google.android.gms cmp=com.google.android.gms/.gcm.GcmService } com.google.android.gms.INITIALIZE
03-11 15:50:43.553 I/Icing   ( 1018): Indexing done 89C722CAC15EF46A4C7BB4760D5543033178AD63
03-11 15:50:43.553 I/ActivityManager(  652): Delay finish: com.android.providers.calendar/.CalendarProviderBroadcastReceiver
03-11 15:50:43.593 I/GeckoAnnounce( 1777): fennec :: AnnounceBrSvc :: Registering AnnouncementsService.
03-11 15:50:43.593 I/ActivityManager(  652): Resuming delayed broadcast
03-11 15:50:43.593 I/ActivityManager(  652): Delay finish: org.mozilla.fennec/org.mozilla.gecko.background.announcements.AnnouncementsBroadcastReceiver
03-11 15:50:43.603 I/GeckoAnnounce( 1777): fennec :: BackgroundService :: Setting inexact repeating alarm for interval 43200000
03-11 15:50:43.603 I/ActivityManager(  652): Resuming delayed broadcast
03-11 15:50:43.603 I/ActivityManager(  652): Delay finish: org.mozilla.fennec/org.mozilla.gecko.background.healthreport.HealthReportBroadcastReceiver
03-11 15:50:43.623 D/dalvikvm( 1777): GC_CONCURRENT freed 269K, 4% free 9203K/9508K, paused 2ms+2ms, total 18ms
03-11 15:50:43.623 D/dalvikvm( 1777): WAIT_FOR_CONCURRENT_GC blocked 16ms
03-11 15:50:43.633 I/GeckoHealth( 1777): fennec :: HealthReportBroadcastService :: Registering HealthReportUploadService.
03-11 15:50:43.633 I/GeckoHealth( 1777): fennec :: BackgroundService :: Setting inexact repeating alarm for interval 3600000
03-11 15:50:43.633 I/GeckoHealth( 1777): fennec :: HealthReportBroadcastService :: Registering HealthReportPruneService.
03-11 15:50:43.633 I/GeckoHealth( 1777): fennec :: BackgroundService :: Setting inexact repeating alarm for interval 86400000
03-11 15:50:43.633 I/ActivityManager(  652): Resuming delayed broadcast
03-11 15:50:43.633 I/ActivityManager(  652): Delay finish: org.mozilla.fennec/org.mozilla.gecko.background.healthreport.HealthReportBroadcastReceiver
03-11 15:50:43.633 I/ActivityManager(  652): Resuming delayed broadcast
03-11 15:50:45.124 D/ConnectivityService(  652): handleInetConditionHoldEnd: net=1, condition=0, published condition=0
03-11 15:50:46.896 I/ActivityManager(  652): Delay finish: com.google.android.music/.leanback.AutoCacheSchedulingService$EnablingReceiver
03-11 15:50:46.916 W/ContextImpl( 1874): Implicit intents with startService are not safe: Intent { act=com.google.android.music.NETWORK_MONITOR_SERVICE } android.content.ContextWrapper.bindService:517 com.google.android.music.utils.SafeServiceConnection$ServiceConnectionImp.bindService:98 com.google.android.music.utils.SafeServiceConnection.bindService:259 
03-11 15:50:46.946 W/ContextImpl( 1874): Implicit intents with startService are not safe: Intent { act=com.google.android.music.NETWORK_MONITOR_SERVICE } android.content.ContextWrapper.bindService:517 com.google.android.music.utils.SafeServiceConnection$ServiceConnectionImp.bindService:98 com.google.android.music.utils.SafeServiceConnection.bindService:259 
03-11 15:50:46.966 D/CacheService( 1874): onCreate
03-11 15:50:46.986 D/CacheService( 1874): onBind
03-11 15:50:47.006 D/dalvikvm( 1874): GC_CONCURRENT freed 280K, 4% free 9694K/10008K, paused 7ms+2ms, total 75ms
03-11 15:50:47.026 I/MusicLeanback( 1874): Conditions not met for autocaching.
03-11 15:50:47.026 I/MusicLeanback( 1874): Stop autocaching.
03-11 15:50:47.036 D/CacheService( 1874): onDestroy
03-11 15:50:47.036 I/ActivityManager(  652): Resuming delayed broadcast
03-11 15:50:47.297 W/GAV2    ( 1924): Thread[GAThread,5,main]: Service unavailable (code=1), will retry.
03-11 15:50:47.297 W/ActivityManager(  652): Unable to start service Intent { act=com.google.android.gms.analytics.service.START cmp=com.google.android.gms/.analytics.service.AnalyticsService (has extras) } U=0: not found
03-11 15:50:47.307 I/GAV2    ( 1924): Thread[GAThread,5,main]: No campaign data found.
03-11 15:50:47.677 W/GAV2    ( 1973): Thread[GAThread,5,main]: Service unavailable (code=1), will retry.
03-11 15:50:47.677 W/ActivityManager(  652): Unable to start service Intent { act=com.google.android.gms.analytics.service.START cmp=com.google.android.gms/.analytics.service.AnalyticsService (has extras) } U=0: not found
03-11 15:50:47.697 I/GAV2    ( 1973): Thread[GAThread,5,main]: No campaign data found.
03-11 15:50:48.438 I/ActivityManager(  652): Waited long enough for: ServiceRecord{426f9ea8 u0 com.facebook.katana/com.facebook.push.mqtt.MqttPushService}
03-11 15:50:48.508 I/ActivityManager(  652): Killing 1745:com.dropbox.android/u0a75 (adj 15): empty #17
03-11 15:50:48.668 I/ActivityManager(  652): Waited long enough for: ServiceRecord{4251c208 u0 com.google.android.calendar/com.android.calendar.alerts.InitAlarmsService}
03-11 15:50:52.311 W/GAV2    ( 1924): Thread[Service Reconnect,5,main]: Service unavailable (code=1), using local store.
03-11 15:50:52.311 W/ActivityManager(  652): Unable to start service Intent { act=com.google.android.gms.analytics.service.START cmp=com.google.android.gms/.analytics.service.AnalyticsService (has extras) } U=0: not found
03-11 15:50:52.692 W/GAV2    ( 1973): Thread[Service Reconnect,5,main]: Service unavailable (code=1), using local store.
03-11 15:50:52.692 W/ActivityManager(  652): Unable to start service Intent { act=com.google.android.gms.analytics.service.START cmp=com.google.android.gms/.analytics.service.AnalyticsService (has extras) } U=0: not found
03-11 15:51:03.683 D/InitAlarmsService( 1631): Clearing and rescheduling alarms.
03-11 15:51:03.683 D/dalvikvm(  652): GC_EXPLICIT freed 778K, 12% free 17171K/19308K, paused 3ms+8ms, total 107ms
03-11 15:51:03.683 D/GCM     ( 1078): Connected
03-11 15:51:03.683 W/GLSUser ( 1078): GoogleAccountDataService.getToken()
03-11 15:51:03.713 I/GCM     ( 1078): GCM message com.google.android.gsf.gtalkservice 
03-11 15:51:03.733 D/GCM     ( 1078): Message class hwi
03-11 15:51:03.763 D/dalvikvm( 1556): GC_CONCURRENT freed 219K, 3% free 9752K/10004K, paused 1ms+2ms, total 17ms
03-11 15:51:04.193 D/ConnectivityService(  652): handleInetConditionHoldEnd: net=1, condition=100, published condition=0
03-11 15:51:04.493 D/dalvikvm( 1556): GC_CONCURRENT freed 276K, 4% free 9868K/10180K, paused 2ms+3ms, total 26ms
03-11 15:51:04.563 D/dalvikvm( 1556): GC_CONCURRENT freed 163K, 2% free 10206K/10412K, paused 1ms+2ms, total 21ms
03-11 15:51:04.563 D/dalvikvm( 1556): WAIT_FOR_CONCURRENT_GC blocked 9ms
03-11 15:51:04.633 D/dalvikvm( 1556): GC_CONCURRENT freed 134K, 2% free 10516K/10704K, paused 1ms+9ms, total 40ms
03-11 15:51:04.694 D/dalvikvm( 1556): GC_FOR_ALLOC freed 242K, 4% free 10640K/11000K, paused 21ms, total 21ms
03-11 15:51:04.714 D/dalvikvm( 1556): GC_FOR_ALLOC freed 183K, 4% free 10702K/11128K, paused 21ms, total 21ms
03-11 15:51:04.744 D/dalvikvm( 1556): GC_FOR_ALLOC freed 211K, 5% free 10795K/11256K, paused 20ms, total 20ms
03-11 15:51:04.794 D/dalvikvm( 1556): GC_CONCURRENT freed 305K, 4% free 11090K/11436K, paused 1ms+2ms, total 25ms
03-11 15:51:04.794 D/dalvikvm( 1556): WAIT_FOR_CONCURRENT_GC blocked 12ms
03-11 15:51:04.884 D/dalvikvm( 1556): GC_CONCURRENT freed 213K, 3% free 11584K/11828K, paused 1ms+3ms, total 29ms
03-11 15:51:04.884 D/dalvikvm( 1556): WAIT_FOR_CONCURRENT_GC blocked 16ms
03-11 15:51:05.004 D/dalvikvm( 1556): GC_CONCURRENT freed 529K, 5% free 11923K/12488K, paused 1ms+3ms, total 38ms
03-11 15:51:05.004 D/dalvikvm( 1556): WAIT_FOR_CONCURRENT_GC blocked 25ms
03-11 15:51:05.074 D/Finsky  ( 1556): [1] CheckWifiAndAutoUpdate.cancelCheck: Cancelling auto-update wifi check.
03-11 15:51:05.164 D/dalvikvm( 1556): GC_CONCURRENT freed 665K, 6% free 12180K/12888K, paused 2ms+2ms, total 31ms
03-11 15:51:05.234 W/GLSUser ( 1078): GoogleAccountDataService.getToken()
03-11 15:51:05.264 D/dalvikvm( 1078): GC_CONCURRENT freed 375K, 6% free 9584K/10196K, paused 2ms+1ms, total 22ms
03-11 15:51:05.364 I/qtaguid ( 1556): Failed write_ctrl(u 53) res=-1 errno=22
03-11 15:51:05.364 I/qtaguid ( 1556): Untagging socket 53 failed errno=-22
03-11 15:51:05.364 W/NetworkManagementSocketTagger( 1556): untagSocket(53) failed with errno -22
03-11 15:51:05.534 D/Finsky  ( 1556): [1] DailyHygiene.flushEventLogs: Flushing event logs for [h8oDSybNDDZzpp4iys_x3qq36Xs]
03-11 15:51:05.564 D/dalvikvm( 1556): GC_CONCURRENT freed 768K, 7% free 12453K/13264K, paused 3ms+3ms, total 50ms
03-11 15:51:05.564 D/dalvikvm( 1556): WAIT_FOR_CONCURRENT_GC blocked 16ms
03-11 15:51:05.574 I/ActivityManager(  652): Killing 1805:com.laurencedawson.reddit_sync:remote/u0a73 (adj 15): empty #17
03-11 15:51:17.296 D/dalvikvm( 1018): GC_CONCURRENT freed 404K, 6% free 9426K/9948K, paused 1ms+2ms, total 29ms
03-11 15:51:18.307 I/Icing   ( 1018): Indexing 89C722CAC15EF46A4C7BB4760D5543033178AD63 from com.google.android.music
03-11 15:51:18.417 I/Icing   ( 1018): Indexing done 89C722CAC15EF46A4C7BB4760D5543033178AD63
03-11 15:51:20.239 D/Finsky  ( 1556): [1] 5.onFinished: Installation state replication succeeded.
03-11 15:51:34.272 D/ConnectivityService(  652): Sampling interval elapsed, updating statistics ..
03-11 15:51:34.322 D/ConnectivityService(  652): Done.
03-11 15:51:34.322 D/ConnectivityService(  652): Setting timer for 720seconds
03-11 15:51:56.824 E/kickstart(  681): Wrote to /sys/power/wake_lock
03-11 15:51:56.995 E/kickstart(  681): Received file "/dev/block/platform/msm_sdcc.1/by-name/m9kefs2"
03-11 15:51:56.995 E/kickstart(  681): 786432 bytes transferred in 0.166s (4.52 MBps)
03-11 15:51:56.995 E/kickstart(  681): Successfully downloaded files from target 
03-11 15:51:56.995 E/kickstart(  681): Wrote to /sys/power/wake_unlock
03-11 15:51:56.995 E/kickstart(  681): Sahara protocol completed
03-11 15:52:09.997 D/AndroidRuntime( 2182): 
03-11 15:52:09.997 D/AndroidRuntime( 2182): >>>>>> AndroidRuntime START com.android.internal.os.RuntimeInit <<<<<<
03-11 15:52:09.997 D/AndroidRuntime( 2182): CheckJNI is OFF
03-11 15:52:10.017 D/dalvikvm( 2182): Trying to load lib libjavacore.so 0x0
03-11 15:52:10.017 D/dalvikvm( 2182): Added shared lib libjavacore.so 0x0
03-11 15:52:10.027 D/dalvikvm( 2182): Trying to load lib libnativehelper.so 0x0
03-11 15:52:10.027 D/dalvikvm( 2182): Added shared lib libnativehelper.so 0x0
03-11 15:52:10.027 D/dalvikvm( 2182): No JNI_OnLoad found in libnativehelper.so 0x0, skipping init
03-11 15:52:10.067 D/dalvikvm( 2182): Note: class Landroid/app/ActivityManagerNative; has 179 unimplemented (abstract) methods
03-11 15:52:10.268 D/AndroidRuntime( 2182): Calling main entry com.android.commands.am.Am
03-11 15:52:10.278 I/ActivityManager(  652): START u0 {flg=0x10000000 cmp=com.android.helloworldlein/.SplashActivity} from pid 2182
03-11 15:52:10.588 I/WindowManager(  652): Screenshot max retries 4 of Token{42625b48 ActivityRecord{426258b0 u0 com.android.launcher/com.android.launcher2.Launcher t1}} appWin=Window{42630808 u0 com.android.launcher/com.android.launcher2.Launcher} drawState=4
03-11 15:52:10.588 W/WindowManager(  652): Screenshot failure taking screenshot for (1200x1920) to layer 21005
03-11 15:52:10.608 D/AndroidRuntime( 2182): Shutting down VM
03-11 15:52:10.608 D/dalvikvm( 2182): GC_CONCURRENT freed 95K, 15% free 586K/684K, paused 0ms+0ms, total 5ms
03-11 15:52:10.628 I/ActivityManager(  652): Start proc com.android.helloworldlein for activity com.android.helloworldlein/.SplashActivity: pid=2199 uid=10123 gids={50123}
03-11 15:52:10.748 D/dalvikvm( 2199): GC_FOR_ALLOC freed 36K, 1% free 9017K/9088K, paused 16ms, total 16ms
03-11 15:52:10.748 I/dalvikvm-heap( 2199): Grow heap (frag case) to 9.445MB for 640016-byte allocation
03-11 15:52:10.768 D/dalvikvm( 2199): GC_CONCURRENT freed <1K, 1% free 9642K/9716K, paused 2ms+1ms, total 13ms
03-11 15:52:10.768 D/dalvikvm( 2199): WAIT_FOR_CONCURRENT_GC blocked 12ms
03-11 15:52:10.768 D/dalvikvm( 2199): WAIT_FOR_CONCURRENT_GC blocked 7ms
03-11 15:52:10.788 D/dalvikvm( 2199): GC_FOR_ALLOC freed <1K, 1% free 9644K/9716K, paused 13ms, total 13ms
03-11 15:52:10.788 I/dalvikvm-heap( 2199): Grow heap (frag case) to 10.056MB for 640016-byte allocation
03-11 15:52:10.798 D/dalvikvm( 2199): GC_CONCURRENT freed 0K, 1% free 10269K/10344K, paused 2ms+1ms, total 14ms
03-11 15:52:10.798 D/dalvikvm( 2199): WAIT_FOR_CONCURRENT_GC blocked 12ms
03-11 15:52:10.798 D/dalvikvm( 2199): WAIT_FOR_CONCURRENT_GC blocked 7ms
03-11 15:52:10.818 D/dalvikvm( 2199): GC_FOR_ALLOC freed <1K, 1% free 10270K/10344K, paused 11ms, total 11ms
03-11 15:52:10.818 I/dalvikvm-heap( 2199): Grow heap (frag case) to 10.668MB for 640016-byte allocation
03-11 15:52:10.838 D/dalvikvm( 2199): GC_FOR_ALLOC freed <1K, 1% free 10895K/10972K, paused 13ms, total 13ms
03-11 15:52:10.848 D/dalvikvm( 2199): GC_CONCURRENT freed 2K, 1% free 10902K/10972K, paused 2ms+1ms, total 12ms
03-11 15:52:10.878 I/Adreno-EGL( 2199): <qeglDrvAPI_eglInitialize:320>: EGL 1.4 QUALCOMM Build: I0404c4692afb8623f95c43aeb6d5e13ed4b30ddbDate: 11/06/13
03-11 15:52:10.908 D/OpenGLRenderer( 2199): Enabling debug mode 0
03-11 15:52:10.978 I/ActivityManager(  652): Displayed com.android.helloworldlein/.SplashActivity: +383ms
03-11 15:52:11.038 D/dalvikvm( 2199): GC_CONCURRENT freed 228K, 3% free 11218K/11480K, paused 2ms+3ms, total 18ms
03-11 15:52:11.268 D/dalvikvm( 2199): GC_CONCURRENT freed 348K, 4% free 11557K/11936K, paused 1ms+2ms, total 26ms
03-11 15:52:11.559 D/dalvikvm( 2199): GC_CONCURRENT freed 430K, 4% free 11891K/12356K, paused 2ms+4ms, total 29ms
03-11 15:52:11.819 I/dalvikvm( 2199): Could not find method java.beans.Introspector.getBeanInfo, referenced from method clojure.core$bean.invoke
03-11 15:52:11.819 W/dalvikvm( 2199): VFY: unable to resolve static method 17499: Ljava/beans/Introspector;.getBeanInfo (Ljava/lang/Class;)Ljava/beans/BeanInfo;
03-11 15:52:11.819 D/dalvikvm( 2199): VFY: replacing opcode 0x71 at 0x0021
03-11 15:52:11.899 D/dalvikvm( 2199): GC_CONCURRENT freed 633K, 5% free 12174K/12812K, paused 2ms+5ms, total 40ms
03-11 15:52:12.139 D/dalvikvm( 2199): GC_CONCURRENT freed 887K, 7% free 12354K/13272K, paused 1ms+1ms, total 37ms
03-11 15:52:12.139 D/dalvikvm( 2199): WAIT_FOR_CONCURRENT_GC blocked 15ms
03-11 15:52:12.400 D/dalvikvm( 2199): GC_CONCURRENT freed 1029K, 8% free 12452K/13512K, paused 1ms+3ms, total 38ms
03-11 15:52:12.400 D/dalvikvm( 2199): WAIT_FOR_CONCURRENT_GC blocked 11ms
03-11 15:52:12.630 D/dalvikvm( 2199): GC_CONCURRENT freed 1058K, 8% free 12554K/13644K, paused 1ms+2ms, total 33ms
03-11 15:52:12.630 D/dalvikvm( 2199): WAIT_FOR_CONCURRENT_GC blocked 8ms
03-11 15:52:12.860 D/dalvikvm( 2199): GC_CONCURRENT freed 1080K, 9% free 12665K/13776K, paused 2ms+3ms, total 41ms
03-11 15:52:13.160 D/dalvikvm( 2199): GC_CONCURRENT freed 1015K, 8% free 12881K/13928K, paused 2ms+2ms, total 34ms
03-11 15:52:13.160 D/dalvikvm( 2199): WAIT_FOR_CONCURRENT_GC blocked 14ms
03-11 15:52:13.351 D/dalvikvm( 2199): GC_CONCURRENT freed 1256K, 10% free 12928K/14216K, paused 2ms+1ms, total 39ms
03-11 15:52:13.351 D/dalvikvm( 2199): WAIT_FOR_CONCURRENT_GC blocked 23ms
03-11 15:52:13.521 D/dalvikvm( 2199): GC_CONCURRENT freed 1227K, 9% free 13021K/14280K, paused 2ms+2ms, total 38ms
03-11 15:52:13.521 D/dalvikvm( 2199): WAIT_FOR_CONCURRENT_GC blocked 13ms
03-11 15:52:13.711 D/dalvikvm( 2199): GC_CONCURRENT freed 1306K, 10% free 13067K/14404K, paused 2ms+2ms, total 42ms
03-11 15:52:13.711 D/dalvikvm( 2199): WAIT_FOR_CONCURRENT_GC blocked 25ms
03-11 15:52:13.901 D/dalvikvm( 2199): GC_CONCURRENT freed 1299K, 10% free 13134K/14464K, paused 3ms+2ms, total 42ms
03-11 15:52:13.901 D/dalvikvm( 2199): WAIT_FOR_CONCURRENT_GC blocked 25ms
03-11 15:52:14.111 D/dalvikvm( 2199): GC_CONCURRENT freed 1241K, 9% free 13280K/14552K, paused 1ms+2ms, total 44ms
03-11 15:52:14.111 D/dalvikvm( 2199): WAIT_FOR_CONCURRENT_GC blocked 28ms
03-11 15:52:14.301 D/dalvikvm( 2199): GC_CONCURRENT freed 1360K, 10% free 13356K/14748K, paused 1ms+2ms, total 45ms
03-11 15:52:14.301 D/dalvikvm( 2199): WAIT_FOR_CONCURRENT_GC blocked 30ms
03-11 15:52:14.512 D/dalvikvm( 2199): GC_CONCURRENT freed 1386K, 10% free 13430K/14848K, paused 1ms+2ms, total 46ms
03-11 15:52:14.512 D/dalvikvm( 2199): WAIT_FOR_CONCURRENT_GC blocked 29ms
03-11 15:52:14.712 D/dalvikvm( 2199): GC_CONCURRENT freed 1378K, 10% free 13538K/14948K, paused 2ms+2ms, total 47ms
03-11 15:52:14.712 D/dalvikvm( 2199): WAIT_FOR_CONCURRENT_GC blocked 28ms
03-11 15:52:14.922 D/dalvikvm( 2199): GC_CONCURRENT freed 1454K, 10% free 13607K/15092K, paused 2ms+2ms, total 46ms
03-11 15:52:14.922 D/dalvikvm( 2199): WAIT_FOR_CONCURRENT_GC blocked 29ms
03-11 15:52:15.162 I/ActivityManager(  652): START u0 {act=com.android.helloworldlein.MAIN cmp=com.android.helloworldlein/.HelloWorld} from pid 2199
03-11 15:52:15.212 D/dalvikvm( 2199): GC_CONCURRENT freed 1405K, 10% free 13687K/15104K, paused 2ms+2ms, total 62ms
03-11 15:52:15.302 I/ActivityManager(  652): Displayed com.android.helloworldlein/.HelloWorld: +124ms
03-11 15:52:31.188 D/AndroidRuntime( 2226): 
03-11 15:52:31.188 D/AndroidRuntime( 2226): >>>>>> AndroidRuntime START com.android.internal.os.RuntimeInit <<<<<<
03-11 15:52:31.188 D/AndroidRuntime( 2226): CheckJNI is OFF
03-11 15:52:31.208 D/dalvikvm( 2226): Trying to load lib libjavacore.so 0x0
03-11 15:52:31.208 D/dalvikvm( 2226): Added shared lib libjavacore.so 0x0
03-11 15:52:31.218 D/dalvikvm( 2226): Trying to load lib libnativehelper.so 0x0
03-11 15:52:31.218 D/dalvikvm( 2226): Added shared lib libnativehelper.so 0x0
03-11 15:52:31.218 D/dalvikvm( 2226): No JNI_OnLoad found in libnativehelper.so 0x0, skipping init
03-11 15:52:31.248 D/dalvikvm( 2226): Note: class Landroid/app/ActivityManagerNative; has 179 unimplemented (abstract) methods
03-11 15:52:31.438 D/AndroidRuntime( 2226): Calling main entry com.android.commands.pm.Pm
03-11 15:52:31.448 I/ActivityManager(  652): Force stopping com.android.helloworldlein appid=10123 user=0: clear data
03-11 15:52:31.448 I/ActivityManager(  652): Killing 2199:com.android.helloworldlein/u0a123 (adj 0): stop com.android.helloworldlein
03-11 15:52:31.458 W/ActivityManager(  652): Force removing ActivityRecord{427f4ba8 u0 com.android.helloworldlein/.HelloWorld t2}: app died, no saved state
03-11 15:52:31.468 W/InputDispatcher(  652): channel '42749188 com.android.helloworldlein/com.android.helloworldlein.HelloWorld (server)' ~ Consumer closed input channel or an error occurred.  events=0x9
03-11 15:52:31.468 E/InputDispatcher(  652): channel '42749188 com.android.helloworldlein/com.android.helloworldlein.HelloWorld (server)' ~ Channel is unrecoverably broken and will be disposed!
03-11 15:52:31.468 W/WindowManager(  652): Rebuild removed 2 windows but added 1
