03-11 15:52:31.468 W/WindowManager(  652): java.lang.RuntimeException: here
03-11 15:52:31.468 W/WindowManager(  652): 	at com.android.server.wm.WindowManagerService.rebuildAppWindowListLocked(WindowManagerService.java:8011)
03-11 15:52:31.468 W/WindowManager(  652): 	at com.android.server.wm.WindowManagerService.rebuildAppWindowListLocked(WindowManagerService.java:7947)
03-11 15:52:31.468 W/WindowManager(  652): 	at com.android.server.wm.WindowManagerService.handleAppTransitionReadyLocked(WindowManagerService.java:8430)
03-11 15:52:31.468 W/WindowManager(  652): 	at com.android.server.wm.WindowManagerService.performLayoutAndPlaceSurfacesLockedInner(WindowManagerService.java:9193)
03-11 15:52:31.468 W/WindowManager(  652): 	at com.android.server.wm.WindowManagerService.performLayoutAndPlaceSurfacesLockedLoop(WindowManagerService.java:8163)
03-11 15:52:31.468 W/WindowManager(  652): 	at com.android.server.wm.WindowManagerService.performLayoutAndPlaceSurfacesLocked(WindowManagerService.java:8105)
03-11 15:52:31.468 W/WindowManager(  652): 	at com.android.server.wm.WindowManagerService.executeAppTransition(WindowManagerService.java:3918)
03-11 15:52:31.468 W/WindowManager(  652): 	at com.android.server.am.ActivityStackSupervisor.reportResumedActivityLocked(ActivityStackSupervisor.java:2241)
03-11 15:52:31.468 W/WindowManager(  652): 	at com.android.server.am.ActivityStack.completeResumeLocked(ActivityStack.java:968)
03-11 15:52:31.468 W/WindowManager(  652): 	at com.android.server.am.ActivityStack.resumeTopActivityLocked(ActivityStack.java:1631)
03-11 15:52:31.468 W/WindowManager(  652): 	at com.android.server.am.ActivityStackSupervisor.resumeTopActivitiesLocked(ActivityStackSupervisor.java:2022)
03-11 15:52:31.468 W/WindowManager(  652): 	at com.android.server.am.ActivityStackSupervisor.resumeTopActivitiesLocked(ActivityStackSupervisor.java:2009)
03-11 15:52:31.468 W/WindowManager(  652): 	at com.android.server.am.ActivityManagerService.forceStopPackageLocked(ActivityManagerService.java:4750)
03-11 15:52:31.468 W/WindowManager(  652): 	at com.android.server.am.ActivityManagerService.forceStopPackageLocked(ActivityManagerService.java:4496)
03-11 15:52:31.468 W/WindowManager(  652): 	at com.android.server.am.ActivityManagerService.clearApplicationUserData(ActivityManagerService.java:4176)
03-11 15:52:31.468 W/WindowManager(  652): 	at android.app.ActivityManagerNative.onTransact(ActivityManagerNative.java:1114)
03-11 15:52:31.468 W/WindowManager(  652): 	at com.android.server.am.ActivityManagerService.onTransact(ActivityManagerService.java:2071)
03-11 15:52:31.468 W/WindowManager(  652): 	at android.os.Binder.execTransact(Binder.java:404)
03-11 15:52:31.468 W/WindowManager(  652): 	at dalvik.system.NativeStart.run(Native Method)
03-11 15:52:31.468 W/WindowManager(  652): This window was lost: Window{42749188 u0 com.android.helloworldlein/com.android.helloworldlein.HelloWorld}
03-11 15:52:31.468 W/WindowManager(  652): mDisplayId=0 mSession=Session{425b5cf0 2199:u0a10123} mClient=android.os.BinderProxy@4281c050
03-11 15:52:31.468 W/WindowManager(  652): mOwnerUid=10123 mShowToOwnerOnly=true package=com.android.helloworldlein appop=NONE
03-11 15:52:31.468 W/WindowManager(  652): mAttrs=WM.LayoutParams{(0,0)(fillxfill) sim=#120 ty=1 fl=#1810100 pfl=0x8 wanim=0x10302f5}
03-11 15:52:31.468 W/WindowManager(  652): Requested w=1200 h=1824 mLayoutSeq=47
03-11 15:52:31.468 W/WindowManager(  652): mBaseLayer=21000 mSubLayer=0 mAnimLayer=21005+0=21005 mLastLayer=0
03-11 15:52:31.468 W/WindowManager(  652): mToken=AppWindowToken{424c3b90 token=Token{427f4d08 ActivityRecord{427f4ba8 u0 com.android.helloworldlein/.HelloWorld t2}}}
03-11 15:52:31.468 W/WindowManager(  652): mRootToken=AppWindowToken{424c3b90 token=Token{427f4d08 ActivityRecord{427f4ba8 u0 com.android.helloworldlein/.HelloWorld t2}}}
03-11 15:52:31.468 W/WindowManager(  652): mAppToken=AppWindowToken{424c3b90 token=Token{427f4d08 ActivityRecord{427f4ba8 u0 com.android.helloworldlein/.HelloWorld t2}}}
03-11 15:52:31.468 W/WindowManager(  652): mViewVisibility=0x0 mHaveFrame=true mObscured=true
03-11 15:52:31.468 W/WindowManager(  652): mSeq=0 mSystemUiVisibility=0x0
03-11 15:52:31.468 W/WindowManager(  652): mPolicyVisibility=false mPolicyVisibilityAfterAnim=false mAppOpVisibility=true mAttachedHidden=false
03-11 15:52:31.468 W/WindowManager(  652): mGivenContentInsets=[0,0][0,0] mGivenVisibleInsets=[0,0][0,0]
03-11 15:52:31.468 W/WindowManager(  652): mConfiguration={1.0 ?mcc?mnc en_US ldltr sw600dp w600dp h887dp 320dpi lrg port finger -keyb/v/h -nav/h s.5}
03-11 15:52:31.468 W/WindowManager(  652): mHasSurface=true mShownFrame=[0.0,0.0][1200.0,1824.0] isReadyForDisplay()=false
03-11 15:52:31.468 W/WindowManager(  652): mFrame=[0,0][1200,1824] last=[0,0][1200,1824]
03-11 15:52:31.468 W/WindowManager(  652): mSystemDecorRect=[0,0][1200,1824] last=[0,0][1200,1824]
03-11 15:52:31.468 W/WindowManager(  652): Frames: containing=[0,0][1200,1824] parent=[0,0][1200,1824]
03-11 15:52:31.468 W/WindowManager(  652):     display=[0,0][1200,1824] overscan=[0,0][1200,1920]
03-11 15:52:31.468 W/WindowManager(  652):     content=[0,50][1200,1824] visible=[0,50][1200,1824]
03-11 15:52:31.468 W/WindowManager(  652):     decor=[0,0][1200,1920]
03-11 15:52:31.468 W/WindowManager(  652): Cur insets: overscan=[0,0][0,0] content=[0,50][0,0] visible=[0,50][0,0]
03-11 15:52:31.468 W/WindowManager(  652): Lst insets: overscan=[0,0][0,0] content=[0,50][0,0] visible=[0,50][0,0]
03-11 15:52:31.468 W/WindowManager(  652): WindowStateAnimator{4281d660 com.android.helloworldlein/com.android.helloworldlein.HelloWorld}:
03-11 15:52:31.468 W/WindowManager(  652):   mSurface=Surface(name=com.android.helloworldlein/com.android.helloworldlein.HelloWorld)
03-11 15:52:31.468 W/WindowManager(  652):   mDrawState=HAS_DRAWN mLastHidden=true
03-11 15:52:31.468 W/WindowManager(  652):   Surface: shown=false layer=21010 alpha=0.0 rect=(0.0,0.0) 1200.0 x 1824.0
03-11 15:52:31.468 W/WindowManager(  652):   mShownAlpha=1.0 mAlpha=1.0 mLastAlpha=-1.0
03-11 15:52:31.468 W/WindowManager(  652): Current app token list:
03-11 15:52:31.468 V/WindowManager(  652):   Display 0
03-11 15:52:31.468 V/WindowManager(  652):   #0: Token{42625b48 ActivityRecord{426258b0 u0 com.android.launcher/com.android.launcher2.Launcher t1}}
03-11 15:52:31.468 W/WindowManager(  652): Final window list:
03-11 15:52:31.468 V/WindowManager(  652):   #0: Window{428820f8 u0 SearchPanel}
03-11 15:52:31.468 V/WindowManager(  652):   #1: Window{425facb8 u0 NavigationBar}
03-11 15:52:31.468 V/WindowManager(  652):   #2: Window{425b1700 u0 StatusBar}
03-11 15:52:31.468 V/WindowManager(  652):   #3: Window{424c4528 u0 Keyguard}
03-11 15:52:31.468 V/WindowManager(  652):   #4: Window{425b03d8 u0 KeyguardScrim}
03-11 15:52:31.468 V/WindowManager(  652):   #5: Window{42630808 u0 com.android.launcher/com.android.launcher2.Launcher}
03-11 15:52:31.468 V/WindowManager(  652):   #6: Window{42526be0 u0 com.android.systemui.ImageWallpaper}
03-11 15:52:31.478 W/InputDispatcher(  652): Attempted to unregister already unregistered input channel '42749188 com.android.helloworldlein/com.android.helloworldlein.HelloWorld (server)'
03-11 15:52:31.478 I/WindowState(  652): WIN DEATH: Window{42749188 u0 com.android.helloworldlein/com.android.helloworldlein.HelloWorld}
03-11 15:52:31.488 I/ActivityManager(  652): Start proc com.android.documentsui for broadcast com.android.documentsui/.PackageReceiver: pid=2241 uid=10101 gids={50101}
03-11 15:52:31.498 D/keystore(  190): calling clear_uid in state: 3
03-11 15:52:31.528 I/ActivityManager(  652): Start proc com.android.defcontainer for service com.android.defcontainer/.DefaultContainerService: pid=2254 uid=10014 gids={50014, 1028, 1015, 1023, 2001}
03-11 15:52:31.578 D/Documents( 2241): Loading roots for com.android.providers.downloads.documents
03-11 15:52:31.578 I/ActivityManager(  652): Killing 1825:com.laurencedawson.reddit_sync/u0a73 (adj 15): empty #17
03-11 15:52:31.588 D/PackageBroadcastService( 1018): Received broadcast action=android.intent.action.PACKAGE_DATA_CLEARED and uri=com.android.helloworldlein
03-11 15:52:31.588 D/Documents( 2241): Loading roots for com.android.externalstorage.documents
03-11 15:52:31.598 I/ActivityManager(  652): Start proc com.google.android.googlequicksearchbox:search for broadcast com.google.android.googlequicksearchbox/com.google.android.search.core.summons.icing.InternalIcingCorporaProvider$CorporaChangedReceiver: pid=2278 uid=10060 gids={50060, 3003, 1028, 3002, 1015}
03-11 15:52:31.608 D/AndroidRuntime( 2226): Shutting down VM
03-11 15:52:31.608 I/Icing   ( 1018): doRemovePackageData com.android.helloworldlein
03-11 15:52:31.608 D/dalvikvm( 2226): GC_CONCURRENT freed 94K, 15% free 558K/656K, paused 0ms+0ms, total 2ms
03-11 15:52:31.618 I/ActivityManager(  652): Start proc com.android.externalstorage for content provider com.android.externalstorage/.ExternalStorageProvider: pid=2290 uid=10096 gids={50096, 1028, 1015, 1023}
03-11 15:52:31.618 I/ActivityManager(  652): Killing 1521:com.google.android.email/u0a18 (adj 15): empty #17
03-11 15:52:31.628 I/ActivityManager(  652): Killing 1666:com.google.android.youtube/u0a66 (adj 15): empty #17
03-11 15:52:31.648 D/ExternalStorage( 2290): After updating volumes, found 1 active roots
03-11 15:52:31.648 D/Documents( 2241): Updating roots due to change at content://com.android.externalstorage.documents/root
03-11 15:52:31.648 D/Documents( 2241): Loading roots for com.android.providers.media.documents
03-11 15:52:31.668 D/Documents( 2241): Loading roots for com.google.android.apps.docs.storage
03-11 15:52:31.678 I/ActivityManager(  652): Start proc com.google.android.apps.docs for content provider com.google.android.apps.docs/com.google.android.gms.drive.external.StorageBackendContentProvider: pid=2302 uid=10017 gids={50017, 3003, 1028, 1015}
03-11 15:52:31.678 I/ActivityManager(  652): Killing 1924:com.google.android.apps.magazines/u0a40 (adj 15): empty #17
03-11 15:52:31.688 I/ActivityManager(  652): Killing 2004:com.yle.webtv/u0a116 (adj 15): empty #17
03-11 15:52:31.849 D/dalvikvm( 2302): GC_CONCURRENT freed 199K, 3% free 9250K/9484K, paused 2ms+2ms, total 24ms
03-11 15:52:31.929 E/dalvikvm( 2302): Could not find class 'com.google.trix.ritz.shared.messages.b', referenced from method bnz.<init>
03-11 15:52:31.929 W/dalvikvm( 2302): VFY: unable to resolve new-instance 7208 (Lcom/google/trix/ritz/shared/messages/b;) in Lbnz;
03-11 15:52:31.929 D/dalvikvm( 2302): VFY: replacing opcode 0x22 at 0x03bc
03-11 15:52:31.929 E/dalvikvm( 2302): Could not find class 'com.google.trix.ritz.shared.render.g', referenced from method bnz.<init>
03-11 15:52:31.929 W/dalvikvm( 2302): VFY: unable to resolve new-instance 7339 (Lcom/google/trix/ritz/shared/render/g;) in Lbnz;
03-11 15:52:31.929 D/dalvikvm( 2302): VFY: replacing opcode 0x22 at 0x03cb
03-11 15:52:31.929 E/dalvikvm( 2302): Could not find class 'com.google.trix.ritz.shared.behavior.validation.a', referenced from method bnz.<init>
03-11 15:52:31.929 W/dalvikvm( 2302): VFY: unable to resolve new-instance 7168 (Lcom/google/trix/ritz/shared/behavior/validation/a;) in Lbnz;
03-11 15:52:31.929 D/dalvikvm( 2302): VFY: replacing opcode 0x22 at 0x05d8
03-11 15:52:31.939 E/dalvikvm( 2302): Could not find class 'com.google.trix.ritz.shared.mutation.O', referenced from method bnz.<init>
03-11 15:52:31.939 W/dalvikvm( 2302): VFY: unable to resolve new-instance 7301 (Lcom/google/trix/ritz/shared/mutation/O;) in Lbnz;
03-11 15:52:31.939 D/dalvikvm( 2302): VFY: replacing opcode 0x22 at 0x07a9
03-11 15:52:31.939 D/dalvikvm( 2302): DexOpt: unable to opt direct call 0xb146 at 0x3be in Lbnz;.<init>
03-11 15:52:31.939 D/dalvikvm( 2302): DexOpt: unable to opt direct call 0xb292 at 0x3cd in Lbnz;.<init>
03-11 15:52:31.939 D/dalvikvm( 2302): DexOpt: unable to opt direct call 0xb108 at 0x5da in Lbnz;.<init>
03-11 15:52:31.939 D/dalvikvm( 2302): DexOpt: unable to opt direct call 0xb23b at 0x7ab in Lbnz;.<init>
03-11 15:52:31.969 D/dalvikvm( 2302): GC_CONCURRENT freed 375K, 5% free 9380K/9788K, paused 3ms+3ms, total 22ms
03-11 15:52:31.989 W/dalvikvm( 2302): method Lcom/google/android/apps/docs/editors/toolbar/PreHoneyCombActionBar;.a incorrectly overrides package-private method with same name in Lakm;
03-11 15:52:31.989 W/dalvikvm( 2302): method Lcom/google/android/apps/docs/editors/toolbar/PreHoneyCombActionBar;.b incorrectly overrides package-private method with same name in Lakm;
03-11 15:52:32.049 D/dalvikvm( 2302): GC_CONCURRENT freed 273K, 3% free 9549K/9804K, paused 2ms+1ms, total 27ms
03-11 15:52:32.059 W/dalvikvm( 2302): VFY: unable to resolve instance field 20115
03-11 15:52:32.059 D/dalvikvm( 2302): VFY: replacing opcode 0x54 at 0x001e
03-11 15:52:32.059 I/dalvikvm( 2302): DexOpt: unable to optimize instance field ref 0x4e93 at 0x28 in LbvF;.getInstance
03-11 15:52:32.129 D/dalvikvm( 2302): GC_CONCURRENT freed 423K, 5% free 9596K/10052K, paused 3ms+2ms, total 24ms
03-11 15:52:32.229 D/dalvikvm( 2302): GC_CONCURRENT freed 359K, 4% free 9722K/10116K, paused 1ms+4ms, total 25ms
03-11 15:52:32.279 W/ActiveOrDefaultContextProvider( 2302): Missing scope.enter somewhere. Returning default context
03-11 15:52:32.299 W/ActiveOrDefaultContextProvider( 2302): Missing scope.enter somewhere. Returning default context
03-11 15:52:32.339 D/dalvikvm( 2302): GC_CONCURRENT freed 310K, 4% free 9901K/10244K, paused 2ms+5ms, total 31ms
03-11 15:52:32.369 W/GAV2    ( 2302): Thread[main,5,main]: Need to call initialize() and be in fallback mode to start dispatch.
03-11 15:52:32.389 D/Documents( 2241): Update found 7 roots in 818ms
03-11 15:52:32.399 D/Documents( 2241): Used cached roots for com.android.providers.downloads.documents
03-11 15:52:32.399 D/Documents( 2241): Loading roots for com.android.externalstorage.documents
03-11 15:52:32.399 D/Documents( 2241): Used cached roots for com.android.providers.media.documents
03-11 15:52:32.399 D/Documents( 2241): Used cached roots for com.google.android.apps.docs.storage
03-11 15:52:32.399 D/Documents( 2241): Update found 7 roots in 7ms
03-11 15:52:33.170 D/AndroidRuntime( 2333): 
03-11 15:52:33.170 D/AndroidRuntime( 2333): >>>>>> AndroidRuntime START com.android.internal.os.RuntimeInit <<<<<<
03-11 15:52:33.170 D/AndroidRuntime( 2333): CheckJNI is OFF
03-11 15:52:33.190 D/dalvikvm( 2333): Trying to load lib libjavacore.so 0x0
03-11 15:52:33.190 D/dalvikvm( 2333): Added shared lib libjavacore.so 0x0
03-11 15:52:33.190 D/dalvikvm( 2333): Trying to load lib libnativehelper.so 0x0
03-11 15:52:33.190 D/dalvikvm( 2333): Added shared lib libnativehelper.so 0x0
03-11 15:52:33.190 D/dalvikvm( 2333): No JNI_OnLoad found in libnativehelper.so 0x0, skipping init
03-11 15:52:33.230 D/dalvikvm( 2333): Note: class Landroid/app/ActivityManagerNative; has 179 unimplemented (abstract) methods
03-11 15:52:33.420 D/AndroidRuntime( 2333): Calling main entry com.android.commands.am.Am
03-11 15:52:33.440 I/ActivityManager(  652): START u0 {flg=0x10000000 cmp=com.android.helloworldlein/.SplashActivity} from pid 2333
03-11 15:52:33.740 I/WindowManager(  652): Screenshot max retries 4 of Token{42625b48 ActivityRecord{426258b0 u0 com.android.launcher/com.android.launcher2.Launcher t1}} appWin=Window{42630808 u0 com.android.launcher/com.android.launcher2.Launcher} drawState=4
03-11 15:52:33.740 W/WindowManager(  652): Screenshot failure taking screenshot for (1200x1920) to layer 21000
03-11 15:52:33.770 D/AndroidRuntime( 2333): Shutting down VM
03-11 15:52:33.770 D/dalvikvm( 2333): GC_CONCURRENT freed 95K, 15% free 586K/684K, paused 1ms+0ms, total 5ms
03-11 15:52:33.790 I/ActivityManager(  652): Start proc com.android.helloworldlein for activity com.android.helloworldlein/.SplashActivity: pid=2350 uid=10123 gids={50123}
03-11 15:52:33.891 D/dalvikvm( 2350): GC_FOR_ALLOC freed 60K, 2% free 9017K/9112K, paused 23ms, total 23ms
03-11 15:52:33.891 I/dalvikvm-heap( 2350): Grow heap (frag case) to 9.445MB for 640016-byte allocation
03-11 15:52:33.901 D/dalvikvm( 2350): GC_FOR_ALLOC freed <1K, 1% free 9642K/9740K, paused 12ms, total 12ms
03-11 15:52:33.911 D/dalvikvm( 2350): GC_CONCURRENT freed <1K, 1% free 9644K/9740K, paused 2ms+1ms, total 13ms
03-11 15:52:33.911 D/dalvikvm( 2350): WAIT_FOR_CONCURRENT_GC blocked 1ms
03-11 15:52:33.921 I/dalvikvm-heap( 2350): Grow heap (frag case) to 10.057MB for 640016-byte allocation
03-11 15:52:33.931 D/dalvikvm( 2350): GC_CONCURRENT freed <1K, 1% free 10269K/10368K, paused 2ms+1ms, total 13ms
03-11 15:52:33.931 D/dalvikvm( 2350): WAIT_FOR_CONCURRENT_GC blocked 6ms
03-11 15:52:33.951 D/dalvikvm( 2350): GC_FOR_ALLOC freed <1K, 1% free 10270K/10368K, paused 11ms, total 12ms
03-11 15:52:33.951 I/dalvikvm-heap( 2350): Grow heap (frag case) to 10.668MB for 640016-byte allocation
03-11 15:52:33.961 D/dalvikvm( 2350): GC_CONCURRENT freed 0K, 1% free 10895K/10996K, paused 2ms+1ms, total 13ms
03-11 15:52:33.961 D/dalvikvm( 2350): WAIT_FOR_CONCURRENT_GC blocked 11ms
03-11 15:52:33.961 D/dalvikvm( 2350): WAIT_FOR_CONCURRENT_GC blocked 6ms
03-11 15:52:34.011 I/Adreno-EGL( 2350): <qeglDrvAPI_eglInitialize:320>: EGL 1.4 QUALCOMM Build: I0404c4692afb8623f95c43aeb6d5e13ed4b30ddbDate: 11/06/13
03-11 15:52:34.041 D/OpenGLRenderer( 2350): Enabling debug mode 0
03-11 15:52:34.081 D/dalvikvm( 2350): GC_CONCURRENT freed 235K, 3% free 11221K/11488K, paused 1ms+2ms, total 20ms
03-11 15:52:34.131 I/ActivityManager(  652): Displayed com.android.helloworldlein/.SplashActivity: +375ms
03-11 15:52:34.311 D/dalvikvm( 2350): GC_CONCURRENT freed 345K, 4% free 11564K/11940K, paused 1ms+3ms, total 23ms
03-11 15:52:34.621 D/dalvikvm( 2350): GC_CONCURRENT freed 452K, 4% free 11897K/12380K, paused 2ms+3ms, total 37ms
03-11 15:52:34.862 I/dalvikvm( 2350): Could not find method java.beans.Introspector.getBeanInfo, referenced from method clojure.core$bean.invoke
03-11 15:52:34.862 W/dalvikvm( 2350): VFY: unable to resolve static method 17499: Ljava/beans/Introspector;.getBeanInfo (Ljava/lang/Class;)Ljava/beans/BeanInfo;
03-11 15:52:34.862 D/dalvikvm( 2350): VFY: replacing opcode 0x71 at 0x0021
03-11 15:52:34.952 D/dalvikvm( 2350): GC_CONCURRENT freed 668K, 6% free 12181K/12884K, paused 2ms+2ms, total 36ms
03-11 15:52:35.182 D/dalvikvm( 2350): GC_CONCURRENT freed 849K, 7% free 12360K/13244K, paused 2ms+3ms, total 30ms
03-11 15:52:35.422 D/dalvikvm( 2350): GC_CONCURRENT freed 1035K, 8% free 12454K/13520K, paused 2ms+3ms, total 43ms
03-11 15:52:35.422 D/dalvikvm( 2350): WAIT_FOR_CONCURRENT_GC blocked 17ms
03-11 15:52:35.652 D/dalvikvm( 2350): GC_CONCURRENT freed 1060K, 8% free 12556K/13648K, paused 2ms+2ms, total 38ms
03-11 15:52:35.652 D/dalvikvm( 2350): WAIT_FOR_CONCURRENT_GC blocked 15ms
03-11 15:52:35.862 D/dalvikvm( 2350): GC_CONCURRENT freed 1053K, 8% free 12670K/13752K, paused 2ms+3ms, total 39ms
03-11 15:52:36.163 D/dalvikvm( 2350): GC_CONCURRENT freed 1024K, 8% free 12880K/13936K, paused 2ms+3ms, total 43ms
03-11 15:52:36.163 D/dalvikvm( 2350): WAIT_FOR_CONCURRENT_GC blocked 27ms
03-11 15:52:36.333 W/GAV2    ( 2302): Thread[main,5,main]: dispatch call queued.  Need to call GAServiceManager.getInstance().initialize().
03-11 15:52:36.343 D/dalvikvm( 2350): GC_CONCURRENT freed 1256K, 10% free 12928K/14216K, paused 2ms+2ms, total 38ms
03-11 15:52:36.343 D/dalvikvm( 2350): WAIT_FOR_CONCURRENT_GC blocked 23ms
03-11 15:52:36.513 D/dalvikvm( 2350): GC_CONCURRENT freed 1223K, 9% free 13048K/14276K, paused 2ms+3ms, total 44ms
03-11 15:52:36.683 D/dalvikvm( 2350): GC_CONCURRENT freed 1339K, 10% free 13070K/14440K, paused 1ms+2ms, total 35ms
03-11 15:52:36.683 D/dalvikvm( 2350): WAIT_FOR_CONCURRENT_GC blocked 19ms
03-11 15:52:36.873 D/dalvikvm( 2350): GC_CONCURRENT freed 1301K, 10% free 13136K/14468K, paused 2ms+2ms, total 41ms
03-11 15:52:36.873 D/dalvikvm( 2350): WAIT_FOR_CONCURRENT_GC blocked 25ms
03-11 15:52:37.064 D/dalvikvm( 2350): GC_CONCURRENT freed 1242K, 9% free 13283K/14556K, paused 2ms+2ms, total 39ms
03-11 15:52:37.064 D/dalvikvm( 2350): WAIT_FOR_CONCURRENT_GC blocked 23ms
03-11 15:52:37.254 D/dalvikvm( 2350): GC_CONCURRENT freed 1363K, 10% free 13358K/14752K, paused 1ms+1ms, total 41ms
03-11 15:52:37.254 D/dalvikvm( 2350): WAIT_FOR_CONCURRENT_GC blocked 25ms
03-11 15:52:37.304 W/GAV2    ( 2302): Thread[GAThread,5,main]: Service unavailable (code=1), will retry.
03-11 15:52:37.304 W/ActivityManager(  652): Unable to start service Intent { act=com.google.android.gms.analytics.service.START cmp=com.google.android.gms/.analytics.service.AnalyticsService (has extras) } U=0: not found
03-11 15:52:37.314 I/GAV2    ( 2302): Thread[GAThread,5,main]: No campaign data found.
03-11 15:52:37.464 D/dalvikvm( 2350): GC_CONCURRENT freed 1389K, 10% free 13432K/14852K, paused 2ms+2ms, total 44ms
03-11 15:52:37.464 D/dalvikvm( 2350): WAIT_FOR_CONCURRENT_GC blocked 28ms
03-11 15:52:37.654 D/dalvikvm( 2350): GC_CONCURRENT freed 1372K, 10% free 13549K/14952K, paused 2ms+2ms, total 41ms
03-11 15:52:37.654 D/dalvikvm( 2350): WAIT_FOR_CONCURRENT_GC blocked 15ms
03-11 15:52:37.864 D/dalvikvm( 2350): GC_CONCURRENT freed 1467K, 10% free 13610K/15108K, paused 1ms+2ms, total 47ms
03-11 15:52:37.864 D/dalvikvm( 2350): WAIT_FOR_CONCURRENT_GC blocked 30ms
03-11 15:52:38.085 I/ActivityManager(  652): START u0 {act=com.android.helloworldlein.MAIN cmp=com.android.helloworldlein/.HelloWorld} from pid 2350
03-11 15:52:38.165 D/dalvikvm( 2350): GC_CONCURRENT freed 1380K, 10% free 13738K/15156K, paused 3ms+2ms, total 46ms
03-11 15:52:38.165 D/dalvikvm( 2350): WAIT_FOR_CONCURRENT_GC blocked 12ms
03-11 15:52:38.235 I/ActivityManager(  652): Displayed com.android.helloworldlein/.HelloWorld: +140ms
03-11 15:52:42.309 W/GAV2    ( 2302): Thread[Service Reconnect,5,main]: Service unavailable (code=1), using local store.
03-11 15:52:42.309 W/ActivityManager(  652): Unable to start service Intent { act=com.google.android.gms.analytics.service.START cmp=com.google.android.gms/.analytics.service.AnalyticsService (has extras) } U=0: not found
03-11 15:52:42.379 D/dalvikvm( 2302): GC_CONCURRENT freed 218K, 3% free 10084K/10336K, paused 12ms+2ms, total 68ms
03-11 15:52:54.351 D/AndroidRuntime( 2385): 
03-11 15:52:54.351 D/AndroidRuntime( 2385): >>>>>> AndroidRuntime START com.android.internal.os.RuntimeInit <<<<<<
03-11 15:52:54.351 D/AndroidRuntime( 2385): CheckJNI is OFF
03-11 15:52:54.371 D/dalvikvm( 2385): Trying to load lib libjavacore.so 0x0
03-11 15:52:54.371 D/dalvikvm( 2385): Added shared lib libjavacore.so 0x0
03-11 15:52:54.381 D/dalvikvm( 2385): Trying to load lib libnativehelper.so 0x0
03-11 15:52:54.381 D/dalvikvm( 2385): Added shared lib libnativehelper.so 0x0
03-11 15:52:54.381 D/dalvikvm( 2385): No JNI_OnLoad found in libnativehelper.so 0x0, skipping init
03-11 15:52:54.411 D/dalvikvm( 2385): Note: class Landroid/app/ActivityManagerNative; has 179 unimplemented (abstract) methods
03-11 15:52:54.601 D/AndroidRuntime( 2385): Calling main entry com.android.commands.pm.Pm
03-11 15:52:54.611 I/ActivityManager(  652): Force stopping com.android.helloworldlein appid=10123 user=0: clear data
03-11 15:52:54.611 I/ActivityManager(  652): Killing 2350:com.android.helloworldlein/u0a123 (adj 0): stop com.android.helloworldlein
03-11 15:52:54.621 W/ActivityManager(  652): Force removing ActivityRecord{42757e80 u0 com.android.helloworldlein/.HelloWorld t3}: app died, no saved state
03-11 15:52:54.621 I/WindowState(  652): WIN DEATH: Window{42743b08 u0 com.android.helloworldlein/com.android.helloworldlein.HelloWorld}
03-11 15:52:54.651 D/Documents( 2241): Used cached roots for com.android.providers.downloads.documents
03-11 15:52:54.651 D/Documents( 2241): Used cached roots for com.android.externalstorage.documents
03-11 15:52:54.651 D/Documents( 2241): Used cached roots for com.android.providers.media.documents
03-11 15:52:54.651 D/Documents( 2241): Used cached roots for com.google.android.apps.docs.storage
03-11 15:52:54.651 D/Documents( 2241): Update found 7 roots in 2ms
03-11 15:52:54.651 D/keystore(  190): calling clear_uid in state: 3
03-11 15:52:54.661 D/PackageBroadcastService( 1018): Received broadcast action=android.intent.action.PACKAGE_DATA_CLEARED and uri=com.android.helloworldlein
03-11 15:52:54.671 I/Icing   ( 1018): doRemovePackageData com.android.helloworldlein
03-11 15:52:54.681 D/AndroidRuntime( 2385): Shutting down VM
03-11 15:52:54.691 D/dalvikvm( 2385): GC_CONCURRENT freed 94K, 15% free 558K/656K, paused 0ms+0ms, total 2ms
03-11 15:52:56.252 D/AndroidRuntime( 2406): 
03-11 15:52:56.252 D/AndroidRuntime( 2406): >>>>>> AndroidRuntime START com.android.internal.os.RuntimeInit <<<<<<
03-11 15:52:56.252 D/AndroidRuntime( 2406): CheckJNI is OFF
03-11 15:52:56.272 D/dalvikvm( 2406): Trying to load lib libjavacore.so 0x0
03-11 15:52:56.272 D/dalvikvm( 2406): Added shared lib libjavacore.so 0x0
03-11 15:52:56.272 D/dalvikvm( 2406): Trying to load lib libnativehelper.so 0x0
03-11 15:52:56.272 D/dalvikvm( 2406): Added shared lib libnativehelper.so 0x0
03-11 15:52:56.272 D/dalvikvm( 2406): No JNI_OnLoad found in libnativehelper.so 0x0, skipping init
03-11 15:52:56.312 D/dalvikvm( 2406): Note: class Landroid/app/ActivityManagerNative; has 179 unimplemented (abstract) methods
03-11 15:52:56.523 D/AndroidRuntime( 2406): Calling main entry com.android.commands.am.Am
03-11 15:52:56.533 I/ActivityManager(  652): START u0 {flg=0x10000000 cmp=com.android.helloworldlein/.SplashActivity} from pid 2406
03-11 15:52:56.843 I/WindowManager(  652): Screenshot max retries 4 of Token{42625b48 ActivityRecord{426258b0 u0 com.android.launcher/com.android.launcher2.Launcher t1}} appWin=Window{42630808 u0 com.android.launcher/com.android.launcher2.Launcher} drawState=4
03-11 15:52:56.843 W/WindowManager(  652): Screenshot failure taking screenshot for (1200x1920) to layer 21000
03-11 15:52:56.863 D/AndroidRuntime( 2406): Shutting down VM
03-11 15:52:56.863 D/dalvikvm( 2406): GC_CONCURRENT freed 95K, 15% free 586K/684K, paused 1ms+0ms, total 5ms
03-11 15:52:56.873 I/ActivityManager(  652): Start proc com.android.helloworldlein for activity com.android.helloworldlein/.SplashActivity: pid=2423 uid=10123 gids={50123}
03-11 15:52:56.983 D/dalvikvm( 2423): GC_FOR_ALLOC freed 63K, 2% free 9017K/9112K, paused 16ms, total 16ms
03-11 15:52:56.983 I/dalvikvm-heap( 2423): Grow heap (frag case) to 9.445MB for 640016-byte allocation
03-11 15:52:57.003 D/dalvikvm( 2423): GC_FOR_ALLOC freed <1K, 1% free 9642K/9740K, paused 13ms, total 13ms
03-11 15:52:57.013 D/dalvikvm( 2423): GC_CONCURRENT freed <1K, 1% free 9644K/9740K, paused 2ms+1ms, total 13ms
03-11 15:52:57.013 D/dalvikvm( 2423): WAIT_FOR_CONCURRENT_GC blocked 1ms
03-11 15:52:57.013 I/dalvikvm-heap( 2423): Grow heap (frag case) to 10.057MB for 640016-byte allocation
03-11 15:52:57.033 D/dalvikvm( 2423): GC_FOR_ALLOC freed <1K, 1% free 10269K/10368K, paused 13ms, total 13ms
03-11 15:52:57.043 D/dalvikvm( 2423): GC_CONCURRENT freed <1K, 1% free 10270K/10368K, paused 1ms+1ms, total 12ms
03-11 15:52:57.053 D/dalvikvm( 2423): GC_FOR_ALLOC freed <1K, 1% free 10270K/10368K, paused 13ms, total 13ms
03-11 15:52:57.053 I/dalvikvm-heap( 2423): Grow heap (frag case) to 10.668MB for 640016-byte allocation
03-11 15:52:57.073 D/dalvikvm( 2423): GC_CONCURRENT freed <1K, 1% free 10895K/10996K, paused 1ms+1ms, total 18ms
03-11 15:52:57.073 D/dalvikvm( 2423): WAIT_FOR_CONCURRENT_GC blocked 17ms
03-11 15:52:57.113 I/Adreno-EGL( 2423): <qeglDrvAPI_eglInitialize:320>: EGL 1.4 QUALCOMM Build: I0404c4692afb8623f95c43aeb6d5e13ed4b30ddbDate: 11/06/13
03-11 15:52:57.153 D/OpenGLRenderer( 2423): Enabling debug mode 0
03-11 15:52:57.203 D/dalvikvm( 2423): GC_CONCURRENT freed 218K, 3% free 11207K/11456K, paused 3ms+2ms, total 22ms
03-11 15:52:57.263 I/ActivityManager(  652): Displayed com.android.helloworldlein/.SplashActivity: +417ms
03-11 15:52:57.464 D/dalvikvm( 2423): GC_CONCURRENT freed 345K, 4% free 11542K/11920K, paused 2ms+1ms, total 26ms
03-11 15:52:57.734 D/dalvikvm( 2423): GC_CONCURRENT freed 431K, 4% free 11883K/12348K, paused 3ms+3ms, total 38ms
03-11 15:52:58.004 I/dalvikvm( 2423): Could not find method java.beans.Introspector.getBeanInfo, referenced from method clojure.core$bean.invoke
03-11 15:52:58.004 W/dalvikvm( 2423): VFY: unable to resolve static method 17499: Ljava/beans/Introspector;.getBeanInfo (Ljava/lang/Class;)Ljava/beans/BeanInfo;
03-11 15:52:58.004 D/dalvikvm( 2423): VFY: replacing opcode 0x71 at 0x0021
03-11 15:52:58.054 D/dalvikvm( 2423): GC_CONCURRENT freed 624K, 6% free 12138K/12796K, paused 3ms+3ms, total 33ms
03-11 15:52:58.314 D/dalvikvm( 2423): GC_CONCURRENT freed 848K, 7% free 12366K/13228K, paused 2ms+1ms, total 35ms
03-11 15:52:58.545 D/dalvikvm( 2423): GC_CONCURRENT freed 1034K, 8% free 12451K/13516K, paused 3ms+2ms, total 40ms
03-11 15:52:58.765 D/dalvikvm( 2423): GC_CONCURRENT freed 1062K, 9% free 12550K/13644K, paused 3ms+2ms, total 35ms
03-11 15:52:58.765 D/dalvikvm( 2423): WAIT_FOR_CONCURRENT_GC blocked 10ms
03-11 15:52:58.985 D/dalvikvm( 2423): GC_CONCURRENT freed 1081K, 9% free 12653K/13768K, paused 2ms+3ms, total 34ms
03-11 15:52:59.265 D/dalvikvm( 2423): GC_CONCURRENT freed 1006K, 8% free 12874K/13912K, paused 1ms+2ms, total 35ms
03-11 15:52:59.265 D/dalvikvm( 2423): WAIT_FOR_CONCURRENT_GC blocked 19ms
03-11 15:52:59.435 D/dalvikvm( 2423): GC_CONCURRENT freed 1252K, 10% free 12925K/14208K, paused 2ms+2ms, total 37ms
03-11 15:52:59.435 D/dalvikvm( 2423): WAIT_FOR_CONCURRENT_GC blocked 15ms
03-11 15:52:59.616 D/dalvikvm( 2423): GC_CONCURRENT freed 1235K, 9% free 13010K/14276K, paused 2ms+2ms, total 49ms
03-11 15:52:59.616 D/dalvikvm( 2423): WAIT_FOR_CONCURRENT_GC blocked 33ms
03-11 15:52:59.806 D/dalvikvm( 2423): GC_CONCURRENT freed 1295K, 10% free 13061K/14388K, paused 1ms+2ms, total 40ms
03-11 15:52:59.806 D/dalvikvm( 2423): WAIT_FOR_CONCURRENT_GC blocked 25ms
03-11 15:52:59.986 D/dalvikvm( 2423): GC_CONCURRENT freed 1294K, 10% free 13130K/14456K, paused 2ms+2ms, total 39ms
03-11 15:52:59.986 D/dalvikvm( 2423): WAIT_FOR_CONCURRENT_GC blocked 25ms
03-11 15:53:00.196 D/dalvikvm( 2423): GC_CONCURRENT freed 1243K, 9% free 13273K/14548K, paused 2ms+2ms, total 43ms
03-11 15:53:00.196 D/dalvikvm( 2423): WAIT_FOR_CONCURRENT_GC blocked 28ms
03-11 15:53:00.396 D/dalvikvm( 2423): GC_CONCURRENT freed 1356K, 10% free 13353K/14740K, paused 2ms+3ms, total 55ms
03-11 15:53:00.396 D/dalvikvm( 2423): WAIT_FOR_CONCURRENT_GC blocked 41ms
03-11 15:53:00.597 D/dalvikvm( 2423): GC_CONCURRENT freed 1386K, 10% free 13427K/14844K, paused 2ms+3ms, total 41ms
03-11 15:53:00.597 D/dalvikvm( 2423): WAIT_FOR_CONCURRENT_GC blocked 17ms
03-11 15:53:00.797 D/dalvikvm( 2423): GC_CONCURRENT freed 1391K, 10% free 13522K/14944K, paused 2ms+4ms, total 56ms
03-11 15:53:00.797 D/dalvikvm( 2423): WAIT_FOR_CONCURRENT_GC blocked 37ms
03-11 15:53:01.017 D/dalvikvm( 2423): GC_CONCURRENT freed 1440K, 10% free 13601K/15072K, paused 2ms+3ms, total 48ms
03-11 15:53:01.017 D/dalvikvm( 2423): WAIT_FOR_CONCURRENT_GC blocked 29ms
03-11 15:53:01.267 I/ActivityManager(  652): START u0 {act=com.android.helloworldlein.MAIN cmp=com.android.helloworldlein/.HelloWorld} from pid 2423
03-11 15:53:01.307 D/dalvikvm( 2423): GC_CONCURRENT freed 1476K, 10% free 13668K/15176K, paused 2ms+2ms, total 63ms
03-11 15:53:01.307 D/dalvikvm( 2423): WAIT_FOR_CONCURRENT_GC blocked 14ms
03-11 15:53:01.417 I/ActivityManager(  652): Displayed com.android.helloworldlein/.HelloWorld: +137ms
03-11 15:53:17.413 D/AndroidRuntime( 2452): 
03-11 15:53:17.413 D/AndroidRuntime( 2452): >>>>>> AndroidRuntime START com.android.internal.os.RuntimeInit <<<<<<
03-11 15:53:17.413 D/AndroidRuntime( 2452): CheckJNI is OFF
03-11 15:53:17.433 D/dalvikvm( 2452): Trying to load lib libjavacore.so 0x0
03-11 15:53:17.433 D/dalvikvm( 2452): Added shared lib libjavacore.so 0x0
03-11 15:53:17.443 D/dalvikvm( 2452): Trying to load lib libnativehelper.so 0x0
03-11 15:53:17.443 D/dalvikvm( 2452): Added shared lib libnativehelper.so 0x0
03-11 15:53:17.443 D/dalvikvm( 2452): No JNI_OnLoad found in libnativehelper.so 0x0, skipping init
03-11 15:53:17.473 D/dalvikvm( 2452): Note: class Landroid/app/ActivityManagerNative; has 179 unimplemented (abstract) methods
03-11 15:53:17.673 D/AndroidRuntime( 2452): Calling main entry com.android.commands.pm.Pm
03-11 15:53:17.673 I/ActivityManager(  652): Force stopping com.android.helloworldlein appid=10123 user=0: clear data
03-11 15:53:17.673 I/ActivityManager(  652): Killing 2423:com.android.helloworldlein/u0a123 (adj 0): stop com.android.helloworldlein
03-11 15:53:17.673 W/ActivityManager(  652): Force removing ActivityRecord{42850a28 u0 com.android.helloworldlein/.HelloWorld t4}: app died, no saved state
03-11 15:53:17.683 W/WindowManager(  652): Rebuild removed 2 windows but added 1
03-11 15:53:17.683 W/WindowManager(  652): java.lang.RuntimeException: here
03-11 15:53:17.683 W/WindowManager(  652): 	at com.android.server.wm.WindowManagerService.rebuildAppWindowListLocked(WindowManagerService.java:8011)
03-11 15:53:17.683 W/WindowManager(  652): 	at com.android.server.wm.WindowManagerService.rebuildAppWindowListLocked(WindowManagerService.java:7947)
03-11 15:53:17.683 W/WindowManager(  652): 	at com.android.server.wm.WindowManagerService.handleAppTransitionReadyLocked(WindowManagerService.java:8430)
03-11 15:53:17.683 W/WindowManager(  652): 	at com.android.server.wm.WindowManagerService.performLayoutAndPlaceSurfacesLockedInner(WindowManagerService.java:9193)
03-11 15:53:17.683 W/WindowManager(  652): 	at com.android.server.wm.WindowManagerService.performLayoutAndPlaceSurfacesLockedLoop(WindowManagerService.java:8163)
03-11 15:53:17.683 W/WindowManager(  652): 	at com.android.server.wm.WindowManagerService.performLayoutAndPlaceSurfacesLocked(WindowManagerService.java:8105)
03-11 15:53:17.683 W/WindowManager(  652): 	at com.android.server.wm.WindowManagerService.executeAppTransition(WindowManagerService.java:3918)
03-11 15:53:17.683 W/WindowManager(  652): 	at com.android.server.am.ActivityStackSupervisor.reportResumedActivityLocked(ActivityStackSupervisor.java:2241)
03-11 15:53:17.683 W/WindowManager(  652): 	at com.android.server.am.ActivityStack.completeResumeLocked(ActivityStack.java:968)
03-11 15:53:17.683 W/WindowManager(  652): 	at com.android.server.am.ActivityStack.resumeTopActivityLocked(ActivityStack.java:1631)
03-11 15:53:17.683 W/WindowManager(  652): 	at com.android.server.am.ActivityStackSupervisor.resumeTopActivitiesLocked(ActivityStackSupervisor.java:2022)
03-11 15:53:17.683 W/WindowManager(  652): 	at com.android.server.am.ActivityStackSupervisor.resumeTopActivitiesLocked(ActivityStackSupervisor.java:2009)
03-11 15:53:17.683 W/WindowManager(  652): 	at com.android.server.am.ActivityManagerService.forceStopPackageLocked(ActivityManagerService.java:4750)
03-11 15:53:17.683 W/WindowManager(  652): 	at com.android.server.am.ActivityManagerService.forceStopPackageLocked(ActivityManagerService.java:4496)
03-11 15:53:17.683 W/WindowManager(  652): 	at com.android.server.am.ActivityManagerService.clearApplicationUserData(ActivityManagerService.java:4176)
03-11 15:53:17.683 W/WindowManager(  652): 	at android.app.ActivityManagerNative.onTransact(ActivityManagerNative.java:1114)
03-11 15:53:17.683 W/WindowManager(  652): 	at com.android.server.am.ActivityManagerService.onTransact(ActivityManagerService.java:2071)
03-11 15:53:17.683 W/WindowManager(  652): 	at android.os.Binder.execTransact(Binder.java:404)
03-11 15:53:17.683 W/WindowManager(  652): 	at dalvik.system.NativeStart.run(Native Method)
03-11 15:53:17.683 W/WindowManager(  652): This window was lost: Window{42788b90 u0 com.android.helloworldlein/com.android.helloworldlein.HelloWorld}
03-11 15:53:17.683 W/WindowManager(  652): mDisplayId=0 mSession=Session{426607b0 2423:u0a10123} mClient=android.os.BinderProxy@42788920
03-11 15:53:17.683 W/WindowManager(  652): mOwnerUid=10123 mShowToOwnerOnly=true package=com.android.helloworldlein appop=NONE
03-11 15:53:17.683 W/WindowManager(  652): mAttrs=WM.LayoutParams{(0,0)(fillxfill) sim=#120 ty=1 fl=#1810100 pfl=0x8 wanim=0x10302f5}
03-11 15:53:17.683 W/WindowManager(  652): Requested w=1200 h=1824 mLayoutSeq=91
03-11 15:53:17.683 W/WindowManager(  652): mBaseLayer=21000 mSubLayer=0 mAnimLayer=21005+0=21005 mLastLayer=0
03-11 15:53:17.683 W/WindowManager(  652): mToken=AppWindowToken{427f5a10 token=Token{42850b88 ActivityRecord{42850a28 u0 com.android.helloworldlein/.HelloWorld t4}}}
03-11 15:53:17.683 W/WindowManager(  652): mRootToken=AppWindowToken{427f5a10 token=Token{42850b88 ActivityRecord{42850a28 u0 com.android.helloworldlein/.HelloWorld t4}}}
03-11 15:53:17.683 W/WindowManager(  652): mAppToken=AppWindowToken{427f5a10 token=Token{42850b88 ActivityRecord{42850a28 u0 com.android.helloworldlein/.HelloWorld t4}}}
03-11 15:53:17.683 W/WindowManager(  652): mViewVisibility=0x0 mHaveFrame=true mObscured=true
03-11 15:53:17.683 W/WindowManager(  652): mSeq=0 mSystemUiVisibility=0x0
03-11 15:53:17.683 W/WindowManager(  652): mPolicyVisibility=false mPolicyVisibilityAfterAnim=false mAppOpVisibility=true mAttachedHidden=false
03-11 15:53:17.683 W/WindowManager(  652): mGivenContentInsets=[0,0][0,0] mGivenVisibleInsets=[0,0][0,0]
03-11 15:53:17.683 W/WindowManager(  652): mConfiguration={1.0 ?mcc?mnc en_US ldltr sw600dp w600dp h887dp 320dpi lrg port finger -keyb/v/h -nav/h s.5}
03-11 15:53:17.683 W/WindowManager(  652): mHasSurface=true mShownFrame=[0.0,0.0][1200.0,1824.0] isReadyForDisplay()=false
03-11 15:53:17.683 W/WindowManager(  652): mFrame=[0,0][1200,1824] last=[0,0][1200,1824]
03-11 15:53:17.683 W/WindowManager(  652): mSystemDecorRect=[0,0][1200,1824] last=[0,0][1200,1824]
03-11 15:53:17.683 W/WindowManager(  652): Frames: containing=[0,0][1200,1824] parent=[0,0][1200,1824]
03-11 15:53:17.683 W/WindowManager(  652):     display=[0,0][1200,1824] overscan=[0,0][1200,1920]
03-11 15:53:17.683 W/WindowManager(  652):     content=[0,50][1200,1824] visible=[0,50][1200,1824]
03-11 15:53:17.683 W/WindowManager(  652):     decor=[0,0][1200,1920]
03-11 15:53:17.683 W/WindowManager(  652): Cur insets: overscan=[0,0][0,0] content=[0,50][0,0] visible=[0,50][0,0]
03-11 15:53:17.683 W/WindowManager(  652): Lst insets: overscan=[0,0][0,0] content=[0,50][0,0] visible=[0,50][0,0]
03-11 15:53:17.683 W/WindowManager(  652): WindowStateAnimator{42789120 com.android.helloworldlein/com.android.helloworldlein.HelloWorld}:
03-11 15:53:17.683 W/WindowManager(  652):   mSurface=Surface(name=com.android.helloworldlein/com.android.helloworldlein.HelloWorld)
03-11 15:53:17.683 W/WindowManager(  652):   mDrawState=HAS_DRAWN mLastHidden=true
03-11 15:53:17.683 W/WindowManager(  652):   Surface: shown=false layer=21010 alpha=0.0 rect=(0.0,0.0) 1200.0 x 1824.0
03-11 15:53:17.683 W/WindowManager(  652):   mShownAlpha=1.0 mAlpha=1.0 mLastAlpha=-1.0
03-11 15:53:17.683 W/WindowManager(  652): Current app token list:
03-11 15:53:17.683 V/WindowManager(  652):   Display 0
03-11 15:53:17.683 V/WindowManager(  652):   #0: Token{42625b48 ActivityRecord{426258b0 u0 com.android.launcher/com.android.launcher2.Launcher t1}}
03-11 15:53:17.683 W/WindowManager(  652): Final window list:
03-11 15:53:17.683 V/WindowManager(  652):   #0: Window{428820f8 u0 SearchPanel}
03-11 15:53:17.683 V/WindowManager(  652):   #1: Window{425facb8 u0 NavigationBar}
03-11 15:53:17.683 V/WindowManager(  652):   #2: Window{425b1700 u0 StatusBar}
03-11 15:53:17.683 V/WindowManager(  652):   #3: Window{424c4528 u0 Keyguard}
03-11 15:53:17.683 V/WindowManager(  652):   #4: Window{425b03d8 u0 KeyguardScrim}
03-11 15:53:17.683 V/WindowManager(  652):   #5: Window{42630808 u0 com.android.launcher/com.android.launcher2.Launcher}
03-11 15:53:17.683 V/WindowManager(  652):   #6: Window{42526be0 u0 com.android.systemui.ImageWallpaper}
03-11 15:53:17.703 D/keystore(  190): calling clear_uid in state: 3
03-11 15:53:17.713 I/WindowState(  652): WIN DEATH: Window{42788b90 u0 com.android.helloworldlein/com.android.helloworldlein.HelloWorld}
03-11 15:53:17.743 D/PackageBroadcastService( 1018): Received broadcast action=android.intent.action.PACKAGE_DATA_CLEARED and uri=com.android.helloworldlein
03-11 15:53:17.743 D/Documents( 2241): Used cached roots for com.android.providers.downloads.documents
03-11 15:53:17.743 I/Icing   ( 1018): doRemovePackageData com.android.helloworldlein
03-11 15:53:17.753 D/Documents( 2241): Used cached roots for com.android.externalstorage.documents
03-11 15:53:17.753 D/Documents( 2241): Used cached roots for com.android.providers.media.documents
03-11 15:53:17.753 D/Documents( 2241): Used cached roots for com.google.android.apps.docs.storage
03-11 15:53:17.753 D/Documents( 2241): Update found 7 roots in 28ms
03-11 15:53:17.763 D/AndroidRuntime( 2452): Shutting down VM
03-11 15:53:17.763 D/dalvikvm( 2452): GC_CONCURRENT freed 94K, 15% free 558K/656K, paused 1ms+0ms, total 3ms
03-11 15:53:19.325 D/AndroidRuntime( 2485): 
03-11 15:53:19.325 D/AndroidRuntime( 2485): >>>>>> AndroidRuntime START com.android.internal.os.RuntimeInit <<<<<<
03-11 15:53:19.325 D/AndroidRuntime( 2485): CheckJNI is OFF
03-11 15:53:19.335 D/dalvikvm( 2485): Trying to load lib libjavacore.so 0x0
03-11 15:53:19.345 D/dalvikvm( 2485): Added shared lib libjavacore.so 0x0
03-11 15:53:19.345 D/dalvikvm( 2485): Trying to load lib libnativehelper.so 0x0
03-11 15:53:19.345 D/dalvikvm( 2485): Added shared lib libnativehelper.so 0x0
03-11 15:53:19.345 D/dalvikvm( 2485): No JNI_OnLoad found in libnativehelper.so 0x0, skipping init
03-11 15:53:19.385 D/dalvikvm( 2485): Note: class Landroid/app/ActivityManagerNative; has 179 unimplemented (abstract) methods
03-11 15:53:19.585 D/AndroidRuntime( 2485): Calling main entry com.android.commands.am.Am
03-11 15:53:19.605 I/ActivityManager(  652): START u0 {flg=0x10000000 cmp=com.android.helloworldlein/.SplashActivity} from pid 2485
03-11 15:53:19.905 I/WindowManager(  652): Screenshot max retries 4 of Token{42625b48 ActivityRecord{426258b0 u0 com.android.launcher/com.android.launcher2.Launcher t1}} appWin=Window{42630808 u0 com.android.launcher/com.android.launcher2.Launcher} drawState=4
03-11 15:53:19.905 W/WindowManager(  652): Screenshot failure taking screenshot for (1200x1920) to layer 21000
03-11 15:53:19.925 D/AndroidRuntime( 2485): Shutting down VM
03-11 15:53:19.935 D/dalvikvm( 2485): GC_CONCURRENT freed 95K, 15% free 586K/684K, paused 1ms+1ms, total 7ms
03-11 15:53:19.945 I/ActivityManager(  652): Start proc com.android.helloworldlein for activity com.android.helloworldlein/.SplashActivity: pid=2502 uid=10123 gids={50123}
03-11 15:53:20.046 D/dalvikvm( 2502): GC_FOR_ALLOC freed 67K, 2% free 9017K/9116K, paused 17ms, total 17ms
03-11 15:53:20.046 I/dalvikvm-heap( 2502): Grow heap (frag case) to 9.445MB for 640016-byte allocation
03-11 15:53:20.066 D/dalvikvm( 2502): GC_FOR_ALLOC freed <1K, 2% free 9642K/9744K, paused 21ms, total 21ms
03-11 15:53:20.086 D/dalvikvm( 2502): GC_CONCURRENT freed <1K, 2% free 9644K/9744K, paused 5ms+1ms, total 17ms
03-11 15:53:20.086 D/dalvikvm( 2502): WAIT_FOR_CONCURRENT_GC blocked 5ms
03-11 15:53:20.086 I/dalvikvm-heap( 2502): Grow heap (frag case) to 10.057MB for 640016-byte allocation
03-11 15:53:20.106 D/dalvikvm( 2502): GC_CONCURRENT freed <1K, 1% free 10269K/10372K, paused 3ms+2ms, total 15ms
03-11 15:53:20.106 D/dalvikvm( 2502): WAIT_FOR_CONCURRENT_GC blocked 12ms
03-11 15:53:20.126 D/dalvikvm( 2502): GC_FOR_ALLOC freed <1K, 1% free 10270K/10372K, paused 13ms, total 13ms
03-11 15:53:20.126 I/dalvikvm-heap( 2502): Grow heap (frag case) to 10.668MB for 640016-byte allocation
03-11 15:53:20.146 D/dalvikvm( 2502): GC_FOR_ALLOC freed <1K, 1% free 10895K/11000K, paused 18ms, total 18ms
03-11 15:53:20.166 D/dalvikvm( 2502): GC_CONCURRENT freed 8K, 1% free 10909K/11000K, paused 2ms+3ms, total 14ms
03-11 15:53:20.196 I/Adreno-EGL( 2502): <qeglDrvAPI_eglInitialize:320>: EGL 1.4 QUALCOMM Build: I0404c4692afb8623f95c43aeb6d5e13ed4b30ddbDate: 11/06/13
03-11 15:53:20.236 D/OpenGLRenderer( 2502): Enabling debug mode 0
03-11 15:53:20.316 D/dalvikvm( 2502): GC_CONCURRENT freed 232K, 3% free 11237K/11496K, paused 2ms+15ms, total 40ms
03-11 15:53:20.336 I/ActivityManager(  652): Displayed com.android.helloworldlein/.SplashActivity: +428ms
03-11 15:53:20.546 D/dalvikvm( 2502): GC_CONCURRENT freed 350K, 4% free 11570K/11952K, paused 3ms+3ms, total 21ms
03-11 15:53:20.826 D/dalvikvm( 2502): GC_CONCURRENT freed 460K, 4% free 11906K/12400K, paused 3ms+3ms, total 40ms
03-11 15:53:21.067 I/dalvikvm( 2502): Could not find method java.beans.Introspector.getBeanInfo, referenced from method clojure.core$bean.invoke
03-11 15:53:21.067 W/dalvikvm( 2502): VFY: unable to resolve static method 17499: Ljava/beans/Introspector;.getBeanInfo (Ljava/lang/Class;)Ljava/beans/BeanInfo;
03-11 15:53:21.067 D/dalvikvm( 2502): VFY: replacing opcode 0x71 at 0x0021
03-11 15:53:21.167 D/dalvikvm( 2502): GC_CONCURRENT freed 676K, 6% free 12207K/12916K, paused 2ms+2ms, total 37ms
03-11 15:53:21.417 D/dalvikvm( 2502): GC_CONCURRENT freed 876K, 7% free 12346K/13256K, paused 3ms+3ms, total 41ms
03-11 15:53:21.637 D/dalvikvm( 2502): GC_CONCURRENT freed 1017K, 8% free 12456K/13504K, paused 3ms+1ms, total 37ms
03-11 15:53:21.637 D/dalvikvm( 2502): WAIT_FOR_CONCURRENT_GC blocked 11ms
03-11 15:53:21.867 D/dalvikvm( 2502): GC_CONCURRENT freed 1056K, 8% free 12560K/13648K, paused 2ms+2ms, total 34ms
03-11 15:53:21.867 D/dalvikvm( 2502): WAIT_FOR_CONCURRENT_GC blocked 11ms
03-11 15:53:22.098 D/dalvikvm( 2502): GC_CONCURRENT freed 1090K, 9% free 12661K/13776K, paused 2ms+3ms, total 55ms
03-11 15:53:22.348 D/dalvikvm( 2502): GC_CONCURRENT freed 1007K, 8% free 12885K/13924K, paused 2ms+2ms, total 36ms
03-11 15:53:22.348 D/dalvikvm( 2502): WAIT_FOR_CONCURRENT_GC blocked 19ms
03-11 15:53:22.528 D/dalvikvm( 2502): GC_CONCURRENT freed 1257K, 10% free 12932K/14220K, paused 1ms+2ms, total 37ms
03-11 15:53:22.528 D/dalvikvm( 2502): WAIT_FOR_CONCURRENT_GC blocked 22ms
03-11 15:53:22.708 D/dalvikvm( 2502): GC_CONCURRENT freed 1250K, 9% free 13003K/14284K, paused 2ms+2ms, total 41ms
03-11 15:53:22.708 D/dalvikvm( 2502): WAIT_FOR_CONCURRENT_GC blocked 20ms
03-11 15:53:22.888 D/dalvikvm( 2502): GC_CONCURRENT freed 1277K, 10% free 13071K/14380K, paused 1ms+2ms, total 39ms
03-11 15:53:22.888 D/dalvikvm( 2502): WAIT_FOR_CONCURRENT_GC blocked 23ms
03-11 15:53:23.069 D/dalvikvm( 2502): GC_CONCURRENT freed 1302K, 10% free 13139K/14472K, paused 3ms+3ms, total 40ms
03-11 15:53:23.069 D/dalvikvm( 2502): WAIT_FOR_CONCURRENT_GC blocked 20ms
03-11 15:53:23.259 D/dalvikvm( 2502): GC_CONCURRENT freed 1241K, 9% free 13287K/14560K, paused 2ms+2ms, total 41ms
03-11 15:53:23.259 D/dalvikvm( 2502): WAIT_FOR_CONCURRENT_GC blocked 25ms
03-11 15:53:23.459 D/dalvikvm( 2502): GC_CONCURRENT freed 1365K, 10% free 13360K/14756K, paused 2ms+3ms, total 56ms
03-11 15:53:23.459 D/dalvikvm( 2502): WAIT_FOR_CONCURRENT_GC blocked 40ms
03-11 15:53:23.659 D/dalvikvm( 2502): GC_CONCURRENT freed 1391K, 10% free 13434K/14856K, paused 1ms+2ms, total 45ms
03-11 15:53:23.659 D/dalvikvm( 2502): WAIT_FOR_CONCURRENT_GC blocked 30ms
03-11 15:53:23.869 D/dalvikvm( 2502): GC_CONCURRENT freed 1371K, 10% free 13550K/14952K, paused 2ms+3ms, total 55ms
03-11 15:53:23.869 D/dalvikvm( 2502): WAIT_FOR_CONCURRENT_GC blocked 26ms
03-11 15:53:24.090 D/dalvikvm( 2502): GC_CONCURRENT freed 1465K, 10% free 13612K/15108K, paused 2ms+2ms, total 52ms
03-11 15:53:24.090 D/dalvikvm( 2502): WAIT_FOR_CONCURRENT_GC blocked 35ms
03-11 15:53:24.320 I/ActivityManager(  652): START u0 {act=com.android.helloworldlein.MAIN cmp=com.android.helloworldlein/.HelloWorld} from pid 2502
03-11 15:53:24.440 D/dalvikvm( 2502): GC_CONCURRENT freed 1358K, 10% free 13783K/15188K, paused 5ms+3ms, total 80ms
03-11 15:53:24.500 I/ActivityManager(  652): Displayed com.android.helloworldlein/.HelloWorld: +165ms
03-11 15:53:40.486 D/AndroidRuntime( 2531): 
03-11 15:53:40.486 D/AndroidRuntime( 2531): >>>>>> AndroidRuntime START com.android.internal.os.RuntimeInit <<<<<<
03-11 15:53:40.486 D/AndroidRuntime( 2531): CheckJNI is OFF
03-11 15:53:40.506 D/dalvikvm( 2531): Trying to load lib libjavacore.so 0x0
03-11 15:53:40.506 D/dalvikvm( 2531): Added shared lib libjavacore.so 0x0
03-11 15:53:40.516 D/dalvikvm( 2531): Trying to load lib libnativehelper.so 0x0
03-11 15:53:40.516 D/dalvikvm( 2531): Added shared lib libnativehelper.so 0x0
03-11 15:53:40.516 D/dalvikvm( 2531): No JNI_OnLoad found in libnativehelper.so 0x0, skipping init
03-11 15:53:40.546 D/dalvikvm( 2531): Note: class Landroid/app/ActivityManagerNative; has 179 unimplemented (abstract) methods
03-11 15:53:40.746 D/AndroidRuntime( 2531): Calling main entry com.android.commands.pm.Pm
03-11 15:53:40.746 I/ActivityManager(  652): Force stopping com.android.helloworldlein appid=10123 user=0: clear data
03-11 15:53:40.746 I/ActivityManager(  652): Killing 2502:com.android.helloworldlein/u0a123 (adj 0): stop com.android.helloworldlein
03-11 15:53:40.756 W/ActivityManager(  652): Force removing ActivityRecord{4285bdc8 u0 com.android.helloworldlein/.HelloWorld t5}: app died, no saved state
03-11 15:53:40.766 I/WindowState(  652): WIN DEATH: Window{42611088 u0 com.android.helloworldlein/com.android.helloworldlein.HelloWorld}
03-11 15:53:40.776 D/keystore(  190): calling clear_uid in state: 3
03-11 15:53:40.786 D/Documents( 2241): Used cached roots for com.android.providers.downloads.documents
03-11 15:53:40.786 D/Documents( 2241): Used cached roots for com.android.externalstorage.documents
03-11 15:53:40.786 D/Documents( 2241): Used cached roots for com.android.providers.media.documents
03-11 15:53:40.786 D/Documents( 2241): Used cached roots for com.google.android.apps.docs.storage
03-11 15:53:40.786 D/Documents( 2241): Update found 7 roots in 2ms
03-11 15:53:40.806 D/AndroidRuntime( 2531): Shutting down VM
03-11 15:53:40.806 D/dalvikvm( 2531): GC_CONCURRENT freed 94K, 15% free 558K/656K, paused 0ms+0ms, total 2ms
