--------- beginning of /dev/log/main
03-11 15:50:07.542 I/bdAddrLoader(  199): option : f=/persist/bluetooth/.bdaddr
03-11 15:50:07.542 I/bdAddrLoader(  199): option : h
03-11 15:50:07.542 I/bdAddrLoader(  199): option : x
03-11 15:50:07.542 I/bdAddrLoader(  199): Read From /persist/bluetooth/.bdaddr by Path type(0x11), Data type (0x21)
03-11 15:50:07.552 I/installd(  188): installd firing up
03-11 15:50:07.582 I/irsc_util(  191): irsc tool created:0xb7c99020
03-11 15:50:07.582 I/irsc_util(  191): Starting irsc tool
03-11 15:50:07.582 I/irsc_util(  191): Trying to open sec config file
03-11 15:50:07.582 I/irsc_util(  191): file_parser Number of element :0
03-11 15:50:07.582 I/irsc_util(  191): file_parser Invalid Format or Comment - '/* IPC Security Config */
03-11 15:50:07.582 I/irsc_util(  191): '
03-11 15:50:07.582 I/irsc_util(  191): file_parser Number of element :0
03-11 15:50:07.582 I/irsc_util(  191): file_parser Invalid Format or Comment - '/* <GPS QMI Service ID - 16>:<GPS QMI Instance ID - all instances>:<Client Group ID> */
03-11 15:50:07.582 I/irsc_util(  191): '
03-11 15:50:07.582 I/irsc_util(  191): file_parser Number of element :3
03-11 15:50:07.582 I/irsc_util(  191): file_parser Number of element :0
03-11 15:50:07.582 I/irsc_util(  191): file_parser Invalid Format or Comment - '/* IPC Security Config */
03-11 15:50:07.582 I/irsc_util(  191): '
03-11 15:50:07.582 I/irsc_util(  191): file_parser Number of element :0
03-11 15:50:07.582 I/irsc_util(  191): file_parser Invalid Format or Comment - '/* <GPS QMI Service ID - 16>:<GPS QMI Instance ID - all instances>:<Client Group ID> */
03-11 15:50:07.582 I/irsc_util(  191): '
03-11 15:50:07.582 I/irsc_util(  191): file_parser Number of element :3
03-11 15:50:07.582 I/irsc_util(  191): Feed the sec config info to the router
03-11 15:50:07.582 I/irsc_util(  191): Num of entries:1
03-11 15:50:07.592 I/DEBUG   (  182): debuggerd: Dec  4 2013 23:13:03
03-11 15:50:07.602 I/bdAddrLoader(  199): Output Data type(0x22), bPrintout(1), bPath((null))
03-11 15:50:07.602 I/bdAddrLoader(  199): Loaded Data type(0x21)
03-11 15:50:07.602 I/bdAddrLoader(  199): hex_to_ascii() - converted Data (BCEE7B4CA772)
03-11 15:50:07.713 I/ANDR-PERF-LOCK(  197): Listener starting
03-11 15:50:07.713 I/MP-Decision(  197): MPDecision server starting
03-11 15:50:07.713 I/MP-Decision(  197): OPTION ENABLED: Control sleep modes
03-11 15:50:07.713 I/MP-Decision(  197): OPTION ENABLED: Adjusting average
03-11 15:50:07.713 I/MP-Decision(  197): Decision parameters CPU 0: Nw=0.000000, Tw=0, Ns=0.000000, Ts=0
03-11 15:50:07.713 I/MP-Decision(  197): util_h_and=0, util_h_or=0, util_low=0
03-11 15:50:07.713 I/MP-Decision(  197): Decision parameters CPU 1: Nw=1.900000, Tw=140, Ns=1.100000, Ts=190
03-11 15:50:07.713 I/MP-Decision(  197): util_h_and=35, util_h_or=75, util_low=20
03-11 15:50:07.713 I/MP-Decision(  197): Decision parameters CPU 2: Nw=2.700000, Tw=90, Ns=2.100000, Ts=240
03-11 15:50:07.713 I/MP-Decision(  197): util_h_and=0, util_h_or=400, util_low=0
03-11 15:50:07.713 I/MP-Decision(  197): Decision parameters CPU 3: Nw=3.500000, Tw=90, Ns=3.100000, Ts=240
03-11 15:50:07.713 I/MP-Decision(  197): util_h_and=0, util_h_or=400, util_low=0
03-11 15:50:07.713 I/MP-Decision(  197): Decision parameters: poll_ms: 9 decision_ms: 50
03-11 15:50:07.793 I/rmt_storage(  192): Target is APQ8064: -1225765942
03-11 15:50:07.833 E/WifiUtil(  206): nv bin : /system/etc/wifi/WCNSS_qcom_wlan_nv_deb.bin
03-11 15:50:07.833 D/ThermalDaemon(  196): Thermal daemon started
03-11 15:50:07.843 D/ThermalDaemon(  196): Number of gpus :1
03-11 15:50:07.843 D/ThermalDaemon(  196): adc_sensors_setup: Error opening /sys/devices/platform/msm_ssbi.0/pm8921-core/pm8xxx-adc/pa_therm0
03-11 15:50:07.863 I/rmt_storage(  192): No EBR found
03-11 15:50:07.863 I/rmt_storage(  192): Error (-1) parsing MBR partitions
03-11 15:50:07.863 I/rmt_storage(  192): Registering modemst1: 0x4a /boot/modem_fs1
03-11 15:50:07.863 I/rmt_storage(  192): Registering modemst2: 0x4b /boot/modem_fs2
03-11 15:50:07.863 I/rmt_storage(  192): Registering fsg: 0x58 /boot/modem_fsg
03-11 15:50:07.863 I/rmt_storage(  192): Registering ssd: 0x5d ssd
03-11 15:50:07.863 I/rmt_storage(  192): 4 GPT partitions found
03-11 15:50:07.883 I/WifiUtil(  206): Intf0MacAddress=000AF58989FF
03-11 15:50:07.883 E/WifiUtil(  206): Change Intf0MacAddress=BCEE7B4CA773
03-11 15:50:07.883 D/QSEECOMAPI: (  190): QSEECom_start_app sb_length = 0x2000
03-11 15:50:07.883 D/QSEECOMAPI: (  190): App is not loaded in QSEE
--------- beginning of /dev/log/system
03-11 15:50:07.883 I/Vold    (  179): Vold 2.1 (the revenge) firing up
03-11 15:50:07.893 D/ThermalDaemon(  196): Maximum CPU[3] frequency 1512000 KHz
03-11 15:50:07.893 D/QSEECOMD: (  252): qseecom listener services process entry PPID = 1
03-11 15:50:07.893 D/QSEECOMD: (  252): Parent qseecom daemon process paused!! 
03-11 15:50:07.893 D/QSEECOMD: (  297): QSEECOM DAEMON RUNNING 
03-11 15:50:07.893 D/QSEECOMD: (  297): qseecom listener service threads starting!!! 
03-11 15:50:07.893 D/QSEECOMD: (  297): Total listener services to start = 2
03-11 15:50:07.933 I/SurfaceFlinger(  184): SurfaceFlinger is starting
03-11 15:50:07.933 I/SurfaceFlinger(  184): SurfaceFlinger's main thread ready to run. Initializing graphics H/W...
03-11 15:50:07.933 D/QSEECOMAPI: (  190): Loaded image: APP id = 1
03-11 15:50:07.943 D/libEGL  (  184): loaded /system/lib/egl/libEGL_adreno.so
03-11 15:50:07.943 D/libEGL  (  184): loaded /system/lib/egl/libGLESv1_CM_adreno.so
03-11 15:50:07.943 E/mm-camera(  251): isp_util_gen_hws_caps: integrating kernel vfe is pending
03-11 15:50:07.953 E/mm-camera(  251): is_module_init: Enter
03-11 15:50:07.953 E/mm-camera(  251): cpp_hardware_find_subdev:805: no cpp device found.
03-11 15:50:07.953 E/mm-camera(  251): cpp_hardware_create:38: error: cannot find cpp subdev
03-11 15:50:07.953 E/mm-camera(  251): cpp_module_create_cpp_ctrl:163, failed, cannnot create cpp hardware instance
03-11 15:50:07.953 E/mm-camera(  251): cpp_module_init:53 failed
03-11 15:50:07.953 E/mm-camera(  251): module_cac_init:942] 
03-11 15:50:07.953 E/mm-camera(  251): module_cac_init:962] 
03-11 15:50:07.953 E/mm-camera-img(  251): img_core_get_comp:37] role 3 name qcom.cac
03-11 15:50:07.953 E/mm-camera-img(  251): img_core_get_comp:42] comp_index[0] role 0 name qcom.wavelet
03-11 15:50:07.953 E/mm-camera-img(  251): img_core_get_comp:42] comp_index[1] role 1 name qcom.hdr
03-11 15:50:07.953 E/Sensors (  249): sns_fsa_la.c(386):fsa: fflush failed, 9
03-11 15:50:07.953 E/mm-camera-img(  251): img_core_get_comp:42] comp_index[2] role 2 name qcom.faceproc
03-11 15:50:07.953 E/mm-camera-img(  251): img_core_get_comp:42] comp_index[3] role 3 name qcom.cac
03-11 15:50:07.953 E/mm-camera-img(  251): img_core_get_comp:47] find component role 3 name qcom.cac
03-11 15:50:07.953 E/mm-camera-img(  251): cac_comp_load:694] Error opening CAC library
03-11 15:50:07.953 E/mm-camera(  251): module_cac_init:972] Error rc -6
03-11 15:50:07.953 E/mm-camera(  251): module_cac_deinit:816 lib_ref_cnt 0
03-11 15:50:07.953 E/mm-camera(  251): pproc_module_init:1907] cac module create failed
03-11 15:50:07.953 E/Sensors (  249): sns_fsa_la.c(386):fsa: fflush failed, 9
03-11 15:50:07.953 E/mm-camera(  251): module_faceproc_init:1540] 
03-11 15:50:07.953 E/mm-camera(  251): module_faceproc_init:1559] 
03-11 15:50:07.953 E/mm-camera-img(  251): img_core_get_comp:37] role 2 name qcom.faceproc
03-11 15:50:07.953 E/mm-camera-img(  251): img_core_get_comp:42] comp_index[0] role 0 name qcom.wavelet
03-11 15:50:07.953 E/mm-camera-img(  251): img_core_get_comp:42] comp_index[1] role 1 name qcom.hdr
03-11 15:50:07.953 E/mm-camera-img(  251): img_core_get_comp:42] comp_index[2] role 2 name qcom.faceproc
03-11 15:50:07.953 E/mm-camera-img(  251): img_core_get_comp:47] find component role 2 name qcom.faceproc
03-11 15:50:07.963 I/Netd    (  181): Netd 1.0 starting
03-11 15:50:07.963 W/InterfaceController(  181): Warning (dlopen failed: library "/system/lib/libnetcmdiface.so" not found) while opening the net interface command library
03-11 15:50:08.003 I/kickstart-qcks(  287): PARAMETER VALUES
03-11 15:50:08.003 I/kickstart-qcks(  287): COMPORT_DLOAD=/dev/ttyHSL1
03-11 15:50:08.003 I/kickstart-qcks(  287): COMPORT_SAHARA=/dev/ks_hsic_bridge
03-11 15:50:08.003 I/kickstart-qcks(  287): PATHTOIMAGES=/firmware/image/
03-11 15:50:08.003 I/kickstart-qcks(  287): PATHFORRAMDUMP=/data/tombstones/mdm/
03-11 15:50:08.003 I/kickstart-qcks(  287): EFSRAW1=/dev/block/platform/msm_sdcc.1/by-name/m9kefs1
03-11 15:50:08.003 I/kickstart-qcks(  287): EFSRAW2=/dev/block/platform/msm_sdcc.1/by-name/m9kefs2
03-11 15:50:08.003 I/kickstart-qcks(  287): EFSRAW3=/dev/block/platform/msm_sdcc.1/by-name/m9kefs3
03-11 15:50:08.003 I/kickstart-qcks(  287): Header1=efs1.mbn
03-11 15:50:08.003 I/kickstart-qcks(  287): Header2=efs2.mbn
03-11 15:50:08.003 I/kickstart-qcks(  287): Header3=efs3.mbn
03-11 15:50:08.003 I/kickstart-qcks(  287): Testing if port "/dev/mdm" exists
03-11 15:50:08.003 I/kickstart-qcks(  287): Trying to bring MDM9K out of reset
03-11 15:50:08.013 D/QSEECOMD: (  297): Init dlopen(libdrmtime.so, RTLD_NOW) succeeds
03-11 15:50:08.013 D/QSEECOMD: (  297): Init::Init dlsym(g_FSHandle atime_start) succeeds
03-11 15:50:08.013 D/QSEECOMAPI: (  297): QSEECom_register_listener 11 sb_length = 0x5000
03-11 15:50:08.013 D/QSEECOMD: (  297): Init atime_start ret = 0
03-11 15:50:08.013 D/QSEECOMD: (  297): time services: Started
03-11 15:50:08.013 D/QSEECOMD: (  297): Init dlopen(libdrmfs.so, RTLD_NOW) succeeds
03-11 15:50:08.013 D/QSEECOMD: (  297): Init::Init dlsym(g_FSHandle fs_start) succeeds
03-11 15:50:08.013 D/QSEECOMAPI: (  297): QSEECom_register_listener 10 sb_length = 0x5000
03-11 15:50:08.013 D/QSEECOMD: (  297): Init fs_start ret = 0
03-11 15:50:08.013 D/QSEECOMD: (  297): file system services: Started
03-11 15:50:08.023 I/recovery(  325): Recovery image already installed 
03-11 15:50:08.043 W/linker  (  251): libmmcamera_faceproc.so has text relocations. This is wasting memory and is a security risk. Please fix.
03-11 15:50:08.043 E/mm-camera(  251): module_faceproc_init:1575] 
03-11 15:50:08.043 E/mm-camera(  251): module_faceproc_create_port:1428 portname faceproc_d2_i0
03-11 15:50:08.043 E/mm-camera(  251): module_faceproc_create_port:1456 
03-11 15:50:08.043 E/mm-camera(  251): module_faceproc_init:1594] 
03-11 15:50:08.053 W/Sensors (  249): sns_smr_la.c(446):smr_la: smr_apps_la_thread_main is starting, fd=15, sns_smr.en_rx_msg_ptr=b6f269d0
03-11 15:50:08.083 D/libEGL  (  184): loaded /system/lib/egl/libGLESv2_adreno.so
03-11 15:50:08.213 I/Adreno-EGL(  184): <qeglDrvAPI_eglInitialize:320>: EGL 1.4 QUALCOMM Build: I0404c4692afb8623f95c43aeb6d5e13ed4b30ddbDate: 11/06/13
03-11 15:50:08.293 I/mediaserver(  187): ServiceManager: 0xb8515460
03-11 15:50:08.293 I/AudioFlinger(  187): Using default 3000 mSec as standby time.
03-11 15:50:08.293 I/CameraService(  187): CameraService started (pid=187)
03-11 15:50:08.303 I/CameraService(  187): Loaded "QCamera Module" camera module
03-11 15:50:08.313 I/AudioPolicyManagerBase(  187): loadAudioPolicyConfig() loaded /system/etc/audio_policy.conf
03-11 15:50:08.313 D/audio_hw_primary(  187): adev_open: enter
03-11 15:50:08.323 I/qdgralloc(  184): using (fd=16)
03-11 15:50:08.323 I/qdgralloc(  184): id           = msmfb44_90701
03-11 15:50:08.323 I/qdgralloc(  184): xres         = 1200 px
03-11 15:50:08.323 I/qdgralloc(  184): yres         = 1920 px
03-11 15:50:08.323 I/qdgralloc(  184): xres_virtual = 1200 px
03-11 15:50:08.323 I/qdgralloc(  184): yres_virtual = 5760 px
03-11 15:50:08.323 I/qdgralloc(  184): bpp          = 32
03-11 15:50:08.323 I/qdgralloc(  184): r            = 24:8
03-11 15:50:08.323 I/qdgralloc(  184): g            = 16:8
03-11 15:50:08.323 I/qdgralloc(  184): b            =  8:8
03-11 15:50:08.323 I/qdgralloc(  184): width        = 95 mm (320.842102 dpi)
03-11 15:50:08.323 I/qdgralloc(  184): height       = 151 mm (322.966888 dpi)
03-11 15:50:08.323 I/qdgralloc(  184): refresh rate = 60.00 Hz
03-11 15:50:08.323 D/qdutils (  184): DEBUG_CALC_FPS: 0
03-11 15:50:08.323 D/qdutils (  184): period: 10
03-11 15:50:08.323 D/qdutils (  184): ignorethresh_us: 500000
03-11 15:50:08.323 D/qdutils (  184): DEBUG_CALC_FPS: 0
03-11 15:50:08.323 D/qdutils (  184): period: 10
03-11 15:50:08.323 D/qdutils (  184): ignorethresh_us: 500000
03-11 15:50:08.413 D/ACDB-LOADER(  187): ACDB -> ACDB_CMD_INITIALIZE
03-11 15:50:08.413 E/        (  187): [ACDB RTC]->rtc init done!->result [0]
03-11 15:50:08.413 D/Diag_Lib(  187): actp_diag_init: call diag init function with B603C209
03-11 15:50:08.413 E/Diag_Lib(  187):  Diag_LSM_Init: Failed to open handle to diag driver, error = 13
03-11 15:50:08.413 E/Diag_Lib(  187): actp_diag_init: diag init failed
03-11 15:50:08.413 E/        (  187): [ACDB ACPH]->actp diag init done!
03-11 15:50:08.413 D/ACDB-LOADER(  187): No existing ION info in ACDB driver
03-11 15:50:08.413 D/ACDB-LOADER(  187): ACDB -> ION_IOC_ALLOC
03-11 15:50:08.413 D/ACDB-LOADER(  187): ACDB -> ION_IOC_SHARE
03-11 15:50:08.413 D/ACDB-LOADER(  187): ACDB -> MMAP ADDR
03-11 15:50:08.413 D/ACDB-LOADER(  187): ACDB -> register MEM to ACDB driver: 0xb5e42000
03-11 15:50:08.413 D/ACDB-LOADER(  187): ACDB -> send_asm_topology
03-11 15:50:08.413 D/ACDB-LOADER(  187): ACDB -> ACDB_CMD_GET_AUDPROC_STREAM_TOPOLOGY_ID
03-11 15:50:08.413 D/ACDB-LOADER(  187): send mbhc data
03-11 15:50:08.493 D/qdoverlay(  184): initoverlay:: opening the device:: /dev/graphics/fb0
03-11 15:50:08.493 D/qdoverlay(  184): initoverlay:: opening the device:: /dev/graphics/fb1
03-11 15:50:08.493 D/qdoverlay(  184): initoverlay:: opening the device:: /dev/graphics/fb2
03-11 15:50:08.493 E/qdoverlay(  184): cannot open framebuffer(2)
03-11 15:50:08.493 D/qdoverlay(  184): initoverlay:: opening the device:: /dev/graphics/fb0
03-11 15:50:08.493 D/qdoverlay(  184): initoverlay:: opening the device:: /dev/graphics/fb1
03-11 15:50:08.493 D/qdoverlay(  184): initoverlay:: opening the device:: /dev/graphics/fb2
03-11 15:50:08.493 E/qdoverlay(  184): cannot open framebuffer(2)
03-11 15:50:08.503 I/qdhwcomposer(  184): Initializing Qualcomm Hardware Composer
03-11 15:50:08.503 I/qdhwcomposer(  184): MDP version: 440
03-11 15:50:08.503 D/qdhwcomposer(  184): connectPPDaemon: CABL is enabled
03-11 15:50:08.503 D/qdhwcomposer(  184): connectPPDaemon: CABL is in video only mode
03-11 15:50:08.503 E/qdhwcomposer(  184): setsockopt failed
03-11 15:50:08.503 I/SurfaceFlinger(  184): Using composer version 1.2
03-11 15:50:08.503 I/qdhwcomposer(  184): hwc_registerProcs
03-11 15:50:08.503 I/qdhwcomposer(  184): Initializing UEVENT Thread
03-11 15:50:08.503 I/qdhwcomposer(  184): Initializing VSYNC Thread
03-11 15:50:08.503 D/qdhwcomposer(  184): hwc_getDisplayAttributes disp = 0, width = 1200
03-11 15:50:08.503 D/qdhwcomposer(  184): hwc_getDisplayAttributes disp = 0, height = 1920
03-11 15:50:08.503 I/SurfaceFlinger(  184): EGL informations:
03-11 15:50:08.503 I/SurfaceFlinger(  184): vendor    : Android
03-11 15:50:08.503 I/SurfaceFlinger(  184): version   : 1.4 Android META-EGL
03-11 15:50:08.503 I/SurfaceFlinger(  184): extensions: EGL_KHR_get_all_proc_addresses EGL_ANDROID_presentation_time EGL_KHR_image EGL_KHR_image_base EGL_KHR_lock_surface EGL_KHR_gl_texture_2D_image EGL_KHR_gl_texture_cubemap_image EGL_KHR_gl_renderbuffer_image EGL_KHR_fence_sync EGL_KHR_create_context EGL_EXT_create_context_robustness EGL_ANDROID_image_native_buffer EGL_KHR_wait_sync EGL_ANDROID_recordable 
03-11 15:50:08.503 I/SurfaceFlinger(  184): Client API: OpenGL_ES
03-11 15:50:08.503 I/SurfaceFlinger(  184): EGLSurface: 8-8-8-8, config=0x5
03-11 15:50:08.683 V/NatController(  181): runCmd(/system/bin/iptables -F natctrl_FORWARD) res=0
03-11 15:50:08.693 V/NatController(  181): runCmd(/system/bin/iptables -A natctrl_FORWARD -j DROP) res=0
03-11 15:50:08.693 V/NatController(  181): runCmd(/system/bin/iptables -t nat -F natctrl_nat_POSTROUTING) res=0
03-11 15:50:08.723 D/ACDB-LOADER(  187): send tabla anc data
03-11 15:50:08.723 D/ACDB-LOADER(  187): ACDB -> ACDB_CMD_GET_ANC_SETTING
03-11 15:50:08.723 D/ACDB-LOADER(  187): done with conversion, anc config size is 148
03-11 15:50:08.723 D/ACDB-LOADER(  187): ACDB -> ACDB_CMD_GET_ANC_SETTING
03-11 15:50:08.723 D/ACDB-LOADER(  187): done with conversion, anc config size is 148
03-11 15:50:08.723 D/ACDB-LOADER(  187): ACDB -> ACDB_CMD_GET_ANC_SETTING
03-11 15:50:08.723 D/ACDB-LOADER(  187): done with conversion, anc config size is 148
03-11 15:50:08.723 D/ACDB-LOADER(  187): ACDB -> ACDB_CMD_GET_ANC_SETTING
03-11 15:50:08.723 D/ACDB-LOADER(  187): done with conversion, anc config size is 148
03-11 15:50:08.723 D/ACDB-LOADER(  187): ACDB -> ACDB_CMD_GET_ANC_SETTING
03-11 15:50:08.723 D/ACDB-LOADER(  187): done with conversion, anc config size is 74
03-11 15:50:08.723 D/ACDB-LOADER(  187): ACDB -> ACDB_CMD_GET_ANC_SETTING
03-11 15:50:08.723 D/ACDB-LOADER(  187): done with conversion, anc config size is 74
03-11 15:50:08.723 D/ACDB-LOADER(  187): ACDB -> init done!
03-11 15:50:08.733 D/        (  187): csd_client_init
03-11 15:50:08.733 E/        (  187): csd_client_service_init: Invalid rx device 0, setting to handset
03-11 15:50:08.733 E/        (  187): csd_client_service_init: Invalid tx device 0, setting to handset
03-11 15:50:08.733 E/Diag_Lib(  187):  Diag_LSM_Init: Failed to open handle to diag driver, error = 13
03-11 15:50:08.753 I/WifiUtil(  206): We don't need to write the default value for NvFilelds
03-11 15:50:08.783 I/SurfaceFlinger(  184): OpenGL ES informations:
03-11 15:50:08.783 I/SurfaceFlinger(  184): vendor    : Qualcomm
03-11 15:50:08.783 I/SurfaceFlinger(  184): renderer  : Adreno (TM) 320
03-11 15:50:08.783 I/SurfaceFlinger(  184): version   : OpenGL ES 3.0 V@53.0 AU@  (CL@)
03-11 15:50:08.783 I/SurfaceFlinger(  184): extensions: GL_AMD_compressed_ATC_texture GL_AMD_performance_monitor GL_AMD_program_binary_Z400 GL_EXT_debug_label GL_EXT_debug_marker GL_EXT_discard_framebuffer GL_EXT_robustness GL_EXT_texture_format_BGRA8888 GL_EXT_texture_type_2_10_10_10_REV GL_NV_fence GL_OES_compressed_ETC1_RGB8_texture GL_OES_depth_texture GL_OES_depth24 GL_OES_EGL_image GL_OES_EGL_image_external GL_OES_element_index_uint GL_OES_fbo_render_mipmap GL_OES_fragment_precision_high GL_OES_get_program_binary GL_OES_packed_depth_stencil GL_OES_depth_texture_cube_map GL_OES_rgb8_rgba8 GL_OES_standard_derivatives GL_OES_texture_3D GL_OES_texture_float GL_OES_texture_half_float GL_OES_texture_half_float_linear GL_OES_texture_npot GL_OES_vertex_half_float GL_OES_vertex_type_10_10_10_2 GL_OES_vertex_array_object GL_QCOM_alpha_test GL_QCOM_binning_control GL_QCOM_driver_control GL_QCOM_perfmon_global_mode GL_QCOM_extended_get GL_QCOM_extended_get2 GL_QCOM_tiled_rendering GL_QCOM_writeonly_rendering GL_EXT_sRGB GL_EXT_texture_filter_anisotropic GL_
03-11 15:50:08.783 I/SurfaceFlinger(  184): GL_MAX_TEXTURE_SIZE = 4096
03-11 15:50:08.783 I/SurfaceFlinger(  184): GL_MAX_VIEWPORT_DIMS = 4096
03-11 15:50:08.793 V/NatController(  181): runCmd(/system/bin/ip rule flush) res=0
03-11 15:50:08.793 V/NatController(  181): runCmd(/system/bin/ip -6 rule flush) res=0
03-11 15:50:08.803 D/SurfaceFlinger(  184): Screen acquired, type=0 flinger=0xb71e1450
03-11 15:50:08.823 V/NatController(  181): runCmd(/system/bin/ip rule add from all lookup default prio 32767) res=0
03-11 15:50:08.834 V/NatController(  181): runCmd(/system/bin/ip rule add from all lookup main prio 32766) res=0
03-11 15:50:08.844 V/NatController(  181): runCmd(/system/bin/ip -6 rule add from all lookup default prio 32767) res=0
03-11 15:50:08.854 V/NatController(  181): runCmd(/system/bin/ip -6 rule add from all lookup main prio 32766) res=0
03-11 15:50:08.864 V/NatController(  181): runCmd(/system/bin/ip route flush cache) res=0
03-11 15:50:08.884 V/NatController(  181): runCmd(/system/bin/iptables -F natctrl_tether_counters) res=1
03-11 15:50:08.894 D/ThermalDaemon(  196): Maximum CPU[2] frequency 1512000 KHz
03-11 15:50:08.894 V/NatController(  181): runCmd(/system/bin/iptables -X natctrl_tether_counters) res=1
03-11 15:50:08.904 V/NatController(  181): runCmd(/system/bin/iptables -N natctrl_tether_counters) res=0
03-11 15:50:08.914 D/libEGL  (  532): loaded /system/lib/egl/libEGL_adreno.so
03-11 15:50:08.914 D/libEGL  (  532): loaded /system/lib/egl/libGLESv1_CM_adreno.so
03-11 15:50:08.914 D/AndroidRuntime(  185): 
03-11 15:50:08.914 D/AndroidRuntime(  185): >>>>>> AndroidRuntime START com.android.internal.os.ZygoteInit <<<<<<
03-11 15:50:08.914 D/libEGL  (  532): loaded /system/lib/egl/libGLESv2_adreno.so
03-11 15:50:08.914 I/Adreno-EGL(  532): <qeglDrvAPI_eglInitialize:320>: EGL 1.4 QUALCOMM Build: I0404c4692afb8623f95c43aeb6d5e13ed4b30ddbDate: 11/06/13
03-11 15:50:08.924 D/AndroidRuntime(  185): CheckJNI is OFF
03-11 15:50:09.144 D/dalvikvm(  185): Trying to load lib libjavacore.so 0x0
03-11 15:50:09.144 D/MDnsDS  (  181): MDnsSdListener::Hander starting up
03-11 15:50:09.144 D/MDnsDS  (  181): MDnsSdListener starting to monitor
03-11 15:50:09.144 D/MDnsDS  (  181): Going to poll with pollCount 1
03-11 15:50:09.144 D/dalvikvm(  185): Added shared lib libjavacore.so 0x0
03-11 15:50:09.154 W/Sensors (  249): sns_sam_app.c(6827):sns_sam_reg_algo: Registering algo service 16, err 0
03-11 15:50:09.184 D/dalvikvm(  185): Trying to load lib libnativehelper.so 0x0
03-11 15:50:09.184 D/dalvikvm(  185): Added shared lib libnativehelper.so 0x0
03-11 15:50:09.184 D/dalvikvm(  185): No JNI_OnLoad found in libnativehelper.so 0x0, skipping init
03-11 15:50:09.184 E/Sensors (  249): sns_debug_main.c(565):Debug Config File missing in EFS!
03-11 15:50:09.344 D/dalvikvm(  185): Note: class Landroid/app/ActivityManagerNative; has 179 unimplemented (abstract) methods
03-11 15:50:09.584 I/SamplingProfilerIntegration(  185): Profiling disabled.
03-11 15:50:09.604 I/Zygote  (  185): Preloading classes...
03-11 15:50:09.604 D/dalvikvm(  185): GC_EXPLICIT freed 39K, 8% free 520K/564K, paused 0ms+0ms, total 2ms
03-11 15:50:09.624 D/dalvikvm(  185): GC_EXPLICIT freed 3K, 4% free 596K/616K, paused 0ms+0ms, total 2ms
03-11 15:50:09.684 D/dalvikvm(  185): GC_EXPLICIT freed 16K, 3% free 640K/660K, paused 1ms+0ms, total 3ms
03-11 15:50:09.744 D/dalvikvm(  185): GC_EXPLICIT freed 20K, 4% free 673K/696K, paused 0ms+0ms, total 3ms
03-11 15:50:09.794 D/dalvikvm(  185): GC_EXPLICIT freed 10K, 2% free 718K/732K, paused 1ms+0ms, total 3ms
03-11 15:50:09.824 D/dalvikvm(  185): GC_EXPLICIT freed 27K, 4% free 746K/776K, paused 0ms+1ms, total 3ms
03-11 15:50:09.995 D/dalvikvm(  185): GC_EXPLICIT freed 35K, 5% free 816K/856K, paused 0ms+0ms, total 4ms
03-11 15:50:09.995 I/kickstart-qcks(  287): EFS Prepend
03-11 15:50:09.995 I/kickstart-qcks(  287): File:'/firmware/image/efs1.mbn' is available for reading
03-11 15:50:09.995 I/kickstart-qcks(  287): File:'/firmware/image/efs2.mbn' is available for reading
03-11 15:50:09.995 I/kickstart-qcks(  287): File:'/dev/block/platform/msm_sdcc.1/by-name/m9kefs1' is available for reading
03-11 15:50:09.995 I/kickstart-qcks(  287): File:'/dev/block/platform/msm_sdcc.1/by-name/m9kefs2' is available for reading
03-11 15:50:09.995 I/kickstart-qcks(  287): File:'/firmware/image/acdb.mbn' is available for reading
03-11 15:50:09.995 I/kickstart-qcks(  287): File:'/firmware/image/mdm_acdb.img' is available for reading
03-11 15:50:09.995 I/kickstart-qcks(  287): Reading RAW EFS1 partition
03-11 15:50:09.995 I/kickstart-qcks(  287): Running dd if=/dev/block/platform/msm_sdcc.1/by-name/m9kefs1 of=/data/qcks/temp.dump bs=1024 count=3072
03-11 15:50:10.195 I/kickstart-qcks(  287): Combining Header1 with RAW EFS1 partition
03-11 15:50:10.195 I/kickstart-qcks(  287): Running cat /firmware/image/efs1.mbn /data/qcks/temp.dump > /data/qcks/efs1.bin
03-11 15:50:10.205 D/dalvikvm(  185): GC_EXPLICIT freed 29K, 4% free 843K/876K, paused 1ms+1ms, total 5ms
03-11 15:50:10.235 I/kickstart-qcks(  287): Reading RAW EFS2 partition
03-11 15:50:10.235 I/kickstart-qcks(  287): Running dd if=/dev/block/platform/msm_sdcc.1/by-name/m9kefs2 of=/data/qcks/temp.dump bs=1024 count=3072
03-11 15:50:10.295 I/kickstart-qcks(  287): Combining Header2 with RAW EFS2 partition
03-11 15:50:10.295 I/kickstart-qcks(  287): Running cat /firmware/image/efs2.mbn /data/qcks/temp.dump > /data/qcks/efs2.bin
03-11 15:50:10.335 D/TextLayoutCache(  185): Using debug level = 0 - Debug Enabled = 0
03-11 15:50:10.335 I/kickstart-qcks(  287): Reading RAW EFS3 partition
03-11 15:50:10.335 I/kickstart-qcks(  287): Running dd if=/dev/block/platform/msm_sdcc.1/by-name/m9kefs3 of=/data/qcks/temp.dump bs=1024 count=3072
03-11 15:50:10.345 D/dalvikvm(  185): GC_EXPLICIT freed 19K, 3% free 884K/908K, paused 0ms+0ms, total 4ms
03-11 15:50:10.395 I/kickstart-qcks(  287): Combining Header3 with RAW EFS3 partition
03-11 15:50:10.395 I/kickstart-qcks(  287): Running cat /firmware/image/efs3.mbn /data/qcks/temp.dump > /data/qcks/efs3.bin
03-11 15:50:10.415 I/dalvikvm(  185): threadid=1: recursive native library load attempt (/system/lib/libmedia_jni.so)
03-11 15:50:10.415 D/MtpDeviceJNI(  185): register_android_mtp_MtpDevice
03-11 15:50:10.415 I/dalvikvm(  185): threadid=1: recursive native library load attempt (/system/lib/libmedia_jni.so)
03-11 15:50:10.415 I/dalvikvm(  185): threadid=1: recursive native library load attempt (/system/lib/libmedia_jni.so)
03-11 15:50:10.415 I/dalvikvm(  185): threadid=1: recursive native library load attempt (/system/lib/libmedia_jni.so)
03-11 15:50:10.425 I/kickstart-qcks(  287): Combining ACDB Header with ACDB binary
03-11 15:50:10.425 I/kickstart-qcks(  287): Running cat /firmware/image/acdb.mbn /firmware/image/mdm_acdb.img > /data/qcks/acdb.bin
03-11 15:50:10.475 D/dalvikvm(  185): GC_EXPLICIT freed 19K, 3% free 919K/940K, paused 0ms+0ms, total 4ms
03-11 15:50:10.525 I/kickstart-qcks(  287): Loading Sahara images
03-11 15:50:10.525 I/kickstart-qcks(  287): Testing if port "/dev/ks_hsic_bridge" exists
03-11 15:50:10.525 E/kickstart-qcks(  287): RUNNING:	/system/bin/ks  -w /data/tombstones/mdm/ -p /dev/ks_hsic_bridge -r 21 -s 2:/firmware/image/amss.mbn -s 6:/firmware/image/apps.mbn -s 8:/firmware/image/dsp1.mbn -s 11:/firmware/image/osbl.mbn -s 12:/firmware/image/dsp2.mbn -s 21:/firmware/image/sbl1.mbn -s 22:/firmware/image/sbl2.mbn -s 23:/firmware/image/rpm.mbn -s 28:/firmware/image/dsp3.mbn -s 16:/data/qcks/efs1.bin -s 17:/data/qcks/efs2.bin -s 20:/data/qcks/efs3.bin -s 29:/data/qcks/acdb.bin
03-11 15:50:10.555 E/kickstart(  648): Wrote to /sys/power/wake_lock
03-11 15:50:10.565 E/kickstart(  648): Requested ID 21, file "/firmware/image/sbl1.mbn"
03-11 15:50:10.595 D/dalvikvm(  185): GC_EXPLICIT freed 21K, 3% free 955K/980K, paused 0ms+0ms, total 3ms
03-11 15:50:10.645 D/dalvikvm(  185): GC_EXPLICIT freed 14K, 2% free 994K/1012K, paused 0ms+1ms, total 4ms
03-11 15:50:10.675 D/dalvikvm(  185): GC_EXPLICIT freed 28K, 4% free 1020K/1052K, paused 0ms+0ms, total 4ms
03-11 15:50:10.685 D/dalvikvm(  185): GC_EXPLICIT freed 16K, 2% free 1074K/1092K, paused 0ms+0ms, total 4ms
03-11 15:50:10.705 E/EmojiFactory_jni(  185): Failed to load libemoji.so: dlopen failed: library "libemoji.so" not found
03-11 15:50:10.715 E/kickstart(  648): 91300 bytes transferred in 0.156s (0.56 MBps)
03-11 15:50:10.715 E/kickstart(  648): Wrote to /sys/power/wake_unlock
03-11 15:50:10.745 D/dalvikvm(  185): GC_EXPLICIT freed 30K, 3% free 1389K/1424K, paused 1ms+0ms, total 7ms
03-11 15:50:10.775 D/dalvikvm(  185): GC_EXPLICIT freed 35K, 3% free 1413K/1452K, paused 1ms+1ms, total 7ms
03-11 15:50:10.815 D/dalvikvm(  185): GC_EXPLICIT freed 30K, 3% free 1438K/1472K, paused 0ms+0ms, total 7ms
03-11 15:50:10.865 D/dalvikvm(  185): GC_EXPLICIT freed 37K, 3% free 1455K/1496K, paused 1ms+0ms, total 7ms
03-11 15:50:10.895 E/kickstart(  648): Wrote to /sys/power/wake_lock
03-11 15:50:10.895 I/LibraryLoader(  185): loading: webviewchromium
03-11 15:50:10.895 E/kickstart(  648): Requested ID 23, file "/firmware/image/rpm.mbn"
03-11 15:50:10.926 E/kickstart(  648): 105728 bytes transferred in 0.028s (3.61 MBps)
03-11 15:50:10.926 E/kickstart(  648): Wrote to /sys/power/wake_unlock
03-11 15:50:10.926 E/kickstart(  648): Wrote to /sys/power/wake_lock
03-11 15:50:10.936 E/kickstart(  648): Requested ID 22, file "/firmware/image/sbl2.mbn"
03-11 15:50:10.956 E/kickstart(  648): 264224 bytes transferred in 0.028s (9.03 MBps)
03-11 15:50:10.956 E/kickstart(  648): Wrote to /sys/power/wake_unlock
03-11 15:50:10.976 E/kickstart(  648): Wrote to /sys/power/wake_lock
03-11 15:50:10.976 E/kickstart(  648): Requested ID 16, file "/data/qcks/efs1.bin"
03-11 15:50:11.076 E/kickstart(  648): 786472 bytes transferred in 0.096s (7.82 MBps)
03-11 15:50:11.076 E/kickstart(  648): Wrote to /sys/power/wake_unlock
03-11 15:50:11.076 E/kickstart(  648): Wrote to /sys/power/wake_lock
03-11 15:50:11.076 E/kickstart(  648): Requested ID 17, file "/data/qcks/efs2.bin"
03-11 15:50:11.096 I/LibraryLoader(  185): loaded: webviewchromium
03-11 15:50:11.126 E/kickstart(  648): 786472 bytes transferred in 0.044s (17.07 MBps)
03-11 15:50:11.126 E/kickstart(  648): Wrote to /sys/power/wake_unlock
03-11 15:50:11.126 E/kickstart(  648): Wrote to /sys/power/wake_lock
03-11 15:50:11.126 E/kickstart(  648): Requested ID 20, file "/data/qcks/efs3.bin"
03-11 15:50:11.126 D/dalvikvm(  185): GC_EXPLICIT freed 16K, 2% free 1498K/1516K, paused 1ms+0ms, total 7ms
03-11 15:50:11.176 E/kickstart(  648): 786472 bytes transferred in 0.044s (17.07 MBps)
03-11 15:50:11.176 E/kickstart(  648): Wrote to /sys/power/wake_unlock
03-11 15:50:11.176 E/kickstart(  648): Wrote to /sys/power/wake_lock
03-11 15:50:11.176 E/kickstart(  648): Requested ID 29, file "/data/qcks/acdb.bin"
03-11 15:50:11.246 D/dalvikvm(  185): GC_EXPLICIT freed 24K, 2% free 1526K/1556K, paused 1ms+0ms, total 7ms
03-11 15:50:11.276 E/kickstart(  648): 2097192 bytes transferred in 0.104s (19.24 MBps)
03-11 15:50:11.276 E/kickstart(  648): Wrote to /sys/power/wake_unlock
03-11 15:50:11.276 E/kickstart(  648): Wrote to /sys/power/wake_lock
03-11 15:50:11.286 E/kickstart(  648): Requested ID 12, file "/firmware/image/dsp2.mbn"
03-11 15:50:11.306 D/dalvikvm(  185): GC_EXPLICIT freed 81K, 6% free 1572K/1656K, paused 1ms+0ms, total 9ms
03-11 15:50:11.356 D/dalvikvm(  185): GC_EXPLICIT freed 36K, 4% free 1591K/1656K, paused 0ms+1ms, total 8ms
03-11 15:50:11.386 D/dalvikvm(  185): GC_EXPLICIT freed 31K, 3% free 1616K/1656K, paused 1ms+1ms, total 8ms
03-11 15:50:11.406 D/dalvikvm(  185): GC_EXPLICIT freed 19K, 2% free 1679K/1700K, paused 1ms+1ms, total 8ms
03-11 15:50:11.446 D/dalvikvm(  185): GC_EXPLICIT freed 23K, 2% free 1710K/1740K, paused 1ms+1ms, total 10ms
03-11 15:50:11.466 D/dalvikvm(  185): GC_EXPLICIT freed 33K, 3% free 1730K/1768K, paused 0ms+1ms, total 8ms
03-11 15:50:11.526 D/dalvikvm(  185): GC_FOR_ALLOC freed 253K, 12% free 1988K/2244K, paused 12ms, total 12ms
03-11 15:50:11.586 D/dalvikvm(  185): GC_EXPLICIT freed 217K, 10% free 2117K/2340K, paused 2ms+1ms, total 15ms
03-11 15:50:11.606 D/dalvikvm(  185): GC_EXPLICIT freed 35K, 9% free 2136K/2340K, paused 1ms+1ms, total 11ms
03-11 15:50:11.626 D/dalvikvm(  185): GC_EXPLICIT freed 25K, 8% free 2169K/2348K, paused 1ms+2ms, total 12ms
03-11 15:50:11.626 W/Zygote  (  185): Class not found for preloading: java.lang.UnsafeByteSequence
03-11 15:50:11.646 D/dalvikvm(  185): GC_EXPLICIT freed 36K, 7% free 2189K/2348K, paused 1ms+1ms, total 14ms
03-11 15:50:11.666 D/dalvikvm(  185): GC_EXPLICIT freed 40K, 7% free 2206K/2348K, paused 1ms+1ms, total 12ms
03-11 15:50:11.686 D/dalvikvm(  185): GC_EXPLICIT freed 41K, 6% free 2219K/2348K, paused 1ms+1ms, total 13ms
03-11 15:50:11.786 I/System  (  185): Loaded time zone names for "" in 83ms (79ms in ICU)
03-11 15:50:11.846 I/System  (  185): Loaded time zone names for "en_US" in 54ms (49ms in ICU)
03-11 15:50:11.856 D/dalvikvm(  185): GC_EXPLICIT freed 203K, 9% free 2387K/2608K, paused 1ms+1ms, total 13ms
03-11 15:50:11.876 D/dalvikvm(  185): GC_EXPLICIT freed 14K, 7% free 2450K/2608K, paused 1ms+1ms, total 14ms
03-11 15:50:11.906 D/dalvikvm(  185): GC_EXPLICIT freed 30K, 6% free 2476K/2608K, paused 1ms+2ms, total 13ms
03-11 15:50:11.927 D/dalvikvm(  185): GC_EXPLICIT freed 34K, 5% free 2496K/2608K, paused 1ms+2ms, total 13ms
03-11 15:50:11.947 D/dalvikvm(  185): GC_EXPLICIT freed 32K, 4% free 2518K/2608K, paused 1ms+1ms, total 14ms
03-11 15:50:11.967 D/dalvikvm(  185): GC_EXPLICIT freed 29K, 3% free 2543K/2608K, paused 1ms+1ms, total 14ms
03-11 15:50:11.967 I/Zygote  (  185): ...preloaded 2777 classes in 2367ms.
03-11 15:50:12.267 D/dalvikvm(  185): GC_EXPLICIT freed 17K, 3% free 2546K/2608K, paused 1ms+1ms, total 13ms
03-11 15:50:12.267 I/Zygote  (  185): Preloading resources...
03-11 15:50:12.297 D/dalvikvm(  185): GC_EXPLICIT freed 1K, 3% free 2607K/2664K, paused 1ms+1ms, total 13ms
03-11 15:50:12.327 D/dalvikvm(  185): GC_EXPLICIT freed 1K, 3% free 2656K/2724K, paused 2ms+1ms, total 15ms
03-11 15:50:12.367 D/dalvikvm(  185): GC_EXPLICIT freed 1K, 3% free 2706K/2764K, paused 1ms+1ms, total 13ms
03-11 15:50:12.397 D/dalvikvm(  185): GC_EXPLICIT freed 1K, 2% free 2755K/2804K, paused 1ms+3ms, total 17ms
03-11 15:50:12.417 D/dalvikvm(  185): GC_EXPLICIT freed 1K, 3% free 2805K/2864K, paused 1ms+2ms, total 13ms
03-11 15:50:12.437 D/dalvikvm(  185): GC_EXPLICIT freed 1K, 2% free 2854K/2904K, paused 1ms+1ms, total 15ms
03-11 15:50:12.457 D/dalvikvm(  185): GC_EXPLICIT freed 1K, 3% free 2904K/2964K, paused 1ms+2ms, total 15ms
03-11 15:50:12.487 D/dalvikvm(  185): GC_EXPLICIT freed 2K, 2% free 2961K/3004K, paused 1ms+1ms, total 15ms
03-11 15:50:12.507 D/dalvikvm(  185): GC_EXPLICIT freed 1K, 2% free 3010K/3044K, paused 2ms+1ms, total 14ms
03-11 15:50:12.527 D/dalvikvm(  185): GC_EXPLICIT freed 2K, 2% free 3061K/3104K, paused 1ms+1ms, total 14ms
03-11 15:50:12.547 D/dalvikvm(  185): GC_EXPLICIT freed 1K, 2% free 3110K/3144K, paused 1ms+2ms, total 14ms
03-11 15:50:12.567 D/dalvikvm(  185): GC_EXPLICIT freed 1K, 2% free 3159K/3204K, paused 1ms+1ms, total 15ms
03-11 15:50:12.587 D/dalvikvm(  185): GC_EXPLICIT freed 1K, 2% free 3209K/3244K, paused 1ms+1ms, total 14ms
03-11 15:50:12.627 D/dalvikvm(  185): GC_EXPLICIT freed 1K, 1% free 3258K/3284K, paused 2ms+1ms, total 25ms
03-11 15:50:12.647 D/dalvikvm(  185): GC_EXPLICIT freed 1K, 2% free 3313K/3348K, paused 1ms+1ms, total 16ms
03-11 15:50:12.677 D/dalvikvm(  185): GC_EXPLICIT freed 1K, 1% free 3367K/3396K, paused 1ms+2ms, total 14ms
03-11 15:50:12.697 D/dalvikvm(  185): GC_EXPLICIT freed 2K, 1% free 3432K/3448K, paused 1ms+1ms, total 15ms
03-11 15:50:12.717 D/dalvikvm(  185): GC_EXPLICIT freed 1K, 1% free 3481K/3508K, paused 1ms+2ms, total 15ms
03-11 15:50:12.747 D/dalvikvm(  185): GC_EXPLICIT freed 3K, 1% free 3532K/3552K, paused 2ms+1ms, total 17ms
03-11 15:50:12.767 D/dalvikvm(  185): GC_EXPLICIT freed 1K, 1% free 3585K/3612K, paused 1ms+2ms, total 14ms
03-11 15:50:12.777 D/dalvikvm(  185): GC_EXPLICIT freed 1K, 1% free 3634K/3652K, paused 1ms+1ms, total 16ms
03-11 15:50:12.807 D/dalvikvm(  185): GC_EXPLICIT freed 1K, 1% free 3683K/3712K, paused 2ms+2ms, total 17ms
03-11 15:50:12.817 D/dalvikvm(  185): GC_EXPLICIT freed 1K, 1% free 3733K/3752K, paused 1ms+1ms, total 15ms
03-11 15:50:12.837 D/dalvikvm(  185): GC_EXPLICIT freed 2K, 1% free 3791K/3820K, paused 1ms+1ms, total 15ms
03-11 15:50:12.867 D/dalvikvm(  185): GC_EXPLICIT freed 2K, 1% free 3846K/3868K, paused 2ms+2ms, total 19ms
03-11 15:50:12.877 D/dalvikvm(  185): GC_EXPLICIT freed 1K, 1% free 3900K/3920K, paused 1ms+1ms, total 14ms
03-11 15:50:12.897 D/dalvikvm(  185): GC_EXPLICIT freed 1K, 1% free 3955K/3984K, paused 1ms+2ms, total 14ms
03-11 15:50:12.917 D/dalvikvm(  185): GC_EXPLICIT freed 1K, 1% free 4010K/4036K, paused 1ms+1ms, total 18ms
03-11 15:50:12.947 D/dalvikvm(  185): GC_EXPLICIT freed 4K, 1% free 4156K/4180K, paused 1ms+1ms, total 14ms
03-11 15:50:12.968 D/dalvikvm(  185): GC_EXPLICIT freed 4K, 1% free 4294K/4324K, paused 1ms+3ms, total 17ms
03-11 15:50:13.008 D/dalvikvm(  185): GC_EXPLICIT freed 2K, 1% free 4380K/4412K, paused 1ms+1ms, total 15ms
03-11 15:50:13.028 D/dalvikvm(  185): GC_EXPLICIT freed 5K, 1% free 4431K/4460K, paused 1ms+1ms, total 16ms
03-11 15:50:13.068 D/dalvikvm(  185): GC_EXPLICIT freed 1K, 1% free 4483K/4500K, paused 1ms+2ms, total 16ms
03-11 15:50:13.088 D/dalvikvm(  185): GC_EXPLICIT freed 4K, 1% free 4553K/4580K, paused 1ms+1ms, total 15ms
03-11 15:50:13.088 E/kickstart(  648): 29874990 bytes transferred in 1.804s (15.79 MBps)
03-11 15:50:13.088 E/kickstart(  648): Wrote to /sys/power/wake_unlock
03-11 15:50:13.108 E/kickstart(  648): Wrote to /sys/power/wake_lock
03-11 15:50:13.108 D/dalvikvm(  185): GC_EXPLICIT freed 2K, 1% free 4622K/4656K, paused 1ms+1ms, total 15ms
03-11 15:50:13.108 E/kickstart(  648): Requested ID 28, file "/firmware/image/dsp3.mbn"
03-11 15:50:13.128 D/dalvikvm(  185): GC_EXPLICIT freed <1K, 1% free 4687K/4728K, paused 1ms+1ms, total 17ms
03-11 15:50:13.158 D/dalvikvm(  185): GC_EXPLICIT freed 1K, 1% free 4821K/4864K, paused 1ms+2ms, total 16ms
03-11 15:50:13.198 D/dalvikvm(  185): GC_EXPLICIT freed 1K, 1% free 5921K/5968K, paused 2ms+1ms, total 17ms
03-11 15:50:13.218 D/dalvikvm(  185): GC_EXPLICIT freed 1K, 1% free 6003K/6048K, paused 1ms+1ms, total 15ms
03-11 15:50:13.238 D/dalvikvm(  185): GC_EXPLICIT freed <1K, 1% free 6094K/6140K, paused 1ms+2ms, total 14ms
03-11 15:50:13.258 D/dalvikvm(  185): GC_EXPLICIT freed <1K, 1% free 6184K/6232K, paused 1ms+2ms, total 19ms
03-11 15:50:13.288 D/dalvikvm(  185): GC_EXPLICIT freed 4K, 1% free 7425K/7448K, paused 2ms+2ms, total 16ms
03-11 15:50:13.318 D/dalvikvm(  185): GC_EXPLICIT freed 8K, 1% free 7500K/7524K, paused 1ms+2ms, total 18ms
03-11 15:50:13.338 D/dalvikvm(  185): GC_EXPLICIT freed 9K, 1% free 7542K/7572K, paused 1ms+2ms, total 15ms
03-11 15:50:13.358 D/dalvikvm(  185): GC_EXPLICIT freed 3K, 1% free 7589K/7620K, paused 1ms+2ms, total 17ms
03-11 15:50:13.378 D/dalvikvm(  185): GC_EXPLICIT freed 3K, 1% free 7636K/7656K, paused 2ms+2ms, total 17ms
03-11 15:50:13.398 D/dalvikvm(  185): GC_EXPLICIT freed 3K, 1% free 7683K/7712K, paused 1ms+2ms, total 16ms
03-11 15:50:13.418 D/dalvikvm(  185): GC_EXPLICIT freed 3K, 1% free 7735K/7756K, paused 1ms+2ms, total 15ms
03-11 15:50:13.438 D/dalvikvm(  185): GC_EXPLICIT freed 2K, 1% free 7783K/7816K, paused 1ms+1ms, total 16ms
03-11 15:50:13.458 D/dalvikvm(  185): GC_EXPLICIT freed 1K, 1% free 7834K/7856K, paused 1ms+2ms, total 17ms
03-11 15:50:13.478 D/dalvikvm(  185): GC_EXPLICIT freed 3K, 1% free 7886K/7916K, paused 1ms+2ms, total 15ms
03-11 15:50:13.508 D/dalvikvm(  185): GC_EXPLICIT freed 2K, 1% free 7953K/7976K, paused 2ms+2ms, total 16ms
03-11 15:50:13.538 E/kickstart(  648): 6914542 bytes transferred in 0.428s (15.41 MBps)
03-11 15:50:13.538 E/kickstart(  648): Wrote to /sys/power/wake_unlock
03-11 15:50:13.538 E/kickstart(  648): Wrote to /sys/power/wake_lock
03-11 15:50:13.538 D/dalvikvm(  185): GC_EXPLICIT freed 2K, 1% free 8001K/8020K, paused 1ms+2ms, total 16ms
03-11 15:50:13.538 E/kickstart(  648): Requested ID 8, file "/firmware/image/dsp1.mbn"
03-11 15:50:13.558 D/dalvikvm(  185): GC_EXPLICIT freed <1K, 1% free 8069K/8092K, paused 1ms+2ms, total 17ms
03-11 15:50:13.568 D/dalvikvm(  185): GC_EXPLICIT freed <1K, 1% free 8129K/8156K, paused 1ms+1ms, total 15ms
03-11 15:50:13.588 D/dalvikvm(  185): GC_EXPLICIT freed <1K, 1% free 8190K/8220K, paused 1ms+2ms, total 17ms
03-11 15:50:13.608 D/dalvikvm(  185): GC_EXPLICIT freed <1K, 1% free 8239K/8276K, paused 1ms+1ms, total 16ms
03-11 15:50:13.628 D/dalvikvm(  185): GC_EXPLICIT freed 6K, 1% free 8312K/8348K, paused 1ms+2ms, total 17ms
03-11 15:50:13.648 D/dalvikvm(  185): GC_EXPLICIT freed 1K, 1% free 8365K/8392K, paused 1ms+1ms, total 15ms
03-11 15:50:13.668 D/dalvikvm(  185): GC_EXPLICIT freed 2K, 1% free 8423K/8440K, paused 1ms+2ms, total 16ms
03-11 15:50:13.688 D/dalvikvm(  185): GC_EXPLICIT freed 2K, 1% free 8471K/8488K, paused 1ms+2ms, total 16ms
03-11 15:50:13.708 D/dalvikvm(  185): GC_EXPLICIT freed 1K, 1% free 8523K/8544K, paused 1ms+2ms, total 16ms
03-11 15:50:13.728 D/dalvikvm(  185): GC_EXPLICIT freed 1K, 1% free 8611K/8632K, paused 1ms+2ms, total 16ms
03-11 15:50:13.748 E/kickstart(  648): 2689311 bytes transferred in 0.208s (12.33 MBps)
03-11 15:50:13.748 E/kickstart(  648): Wrote to /sys/power/wake_unlock
03-11 15:50:13.748 E/kickstart(  648): Wrote to /sys/power/wake_lock
03-11 15:50:13.748 D/dalvikvm(  185): GC_EXPLICIT freed 1K, 1% free 8695K/8720K, paused 1ms+2ms, total 17ms
03-11 15:50:13.748 E/kickstart(  648): Requested ID 6, file "/firmware/image/apps.mbn"
03-11 15:50:13.768 D/dalvikvm(  185): GC_EXPLICIT freed 1K, 1% free 8783K/8808K, paused 1ms+2ms, total 15ms
03-11 15:50:13.788 D/dalvikvm(  185): GC_EXPLICIT freed 1K, 1% free 8867K/8896K, paused 1ms+2ms, total 17ms
03-11 15:50:13.808 D/dalvikvm(  185): GC_EXPLICIT freed 5K, 1% free 8936K/8960K, paused 1ms+2ms, total 16ms
03-11 15:50:13.818 I/Zygote  (  185): ...preloaded 274 resources in 1552ms.
03-11 15:50:13.858 D/dalvikvm(  185): GC_EXPLICIT freed 13K, 1% free 8976K/9000K, paused 1ms+2ms, total 17ms
03-11 15:50:13.858 I/Zygote  (  185): ...preloaded 31 resources in 40ms.
03-11 15:50:13.858 D/libEGL  (  185): loaded /system/lib/egl/libEGL_adreno.so
03-11 15:50:13.858 D/libEGL  (  185): loaded /system/lib/egl/libGLESv1_CM_adreno.so
03-11 15:50:13.868 D/libEGL  (  185): loaded /system/lib/egl/libGLESv2_adreno.so
03-11 15:50:13.878 D/dalvikvm(  185): GC_EXPLICIT freed 10K, 1% free 8971K/9000K, paused 1ms+2ms, total 16ms
03-11 15:50:13.898 D/dalvikvm(  185): GC_EXPLICIT freed 3K, 1% free 8968K/9000K, paused 1ms+2ms, total 15ms
03-11 15:50:13.918 D/dalvikvm(  185): GC_EXPLICIT freed <1K, 1% free 8968K/9000K, paused 1ms+2ms, total 16ms
03-11 15:50:13.928 I/dalvikvm(  185): System server process 652 has been created
03-11 15:50:13.928 I/Zygote  (  185): Accepting command socket connections
03-11 15:50:13.948 E/kickstart(  648): 2560424 bytes transferred in 0.200s (12.22 MBps)
03-11 15:50:13.948 E/kickstart(  648): Wrote to /sys/power/wake_unlock
03-11 15:50:13.948 E/kickstart(  648): Sahara protocol completed
03-11 15:50:13.948 E/kickstart(  648): Removing linked list of input files
03-11 15:50:13.948 E/kickstart(  648): Removing linked list of input files
03-11 15:50:13.948 I/kickstart-qcks(  287): RetCode = 0
03-11 15:50:13.948 E/kickstart-qcks(  287): Sahara transfer completed successfully
03-11 15:50:13.948 E/kickstart-qcks(  287): Spawning efsks
03-11 15:50:13.968 I/kickstart-efsks(  664): EFS_TTY='/dev/efs_hsic_bridge'
03-11 15:50:13.968 I/kickstart-efsks(  664): Parsing 'where to save memorydump' options
03-11 15:50:13.968 I/kickstart-efsks(  664): PathToSaveFiles='/dev/block/platform/msm_sdcc.1/by-name/'
03-11 15:50:13.968 I/kickstart-efsks(  664): EFSKS parameters
03-11 15:50:13.968 I/kickstart-efsks(  664): EFS_TTY='/dev/efs_hsic_bridge'
03-11 15:50:13.968 I/kickstart-efsks(  664): ks_path='/system/bin/ks'
03-11 15:50:13.968 I/kickstart-efsks(  664): PathToSaveFiles='/dev/block/platform/msm_sdcc.1/by-name/'
03-11 15:50:13.968 I/kickstart-efsks(  664): RX_Timeout=-1
03-11 15:50:13.968 E/kickstart-efsks(  664): File '/dev/efs_hsic_bridge' was not found
03-11 15:50:13.968 E/kickstart-efsks(  664): /dev/efs_hsic_bridge does not exist.
03-11 15:50:14.009 D/SensorService(  652): nuSensorService starting...
03-11 15:50:14.009 I/SystemServer(  652): Entered the Android system server!
03-11 15:50:14.019 I/SensorService(  652): MPL Accelerometer
03-11 15:50:14.019 I/SensorService(  652): AKM Magnetic Field
03-11 15:50:14.019 I/SensorService(  652): Orientation
03-11 15:50:14.019 I/SensorService(  652): Lite-On Ambient Light Sensor
03-11 15:50:14.019 I/SensorService(  652): MPL Gyroscope
03-11 15:50:14.019 I/SensorService(  652): AKM Magnetic Field
03-11 15:50:14.019 I/SensorService(  652): MPL Gyroscope
03-11 15:50:14.019 I/SensorService(  652): Gravity
03-11 15:50:14.019 I/SensorService(  652): Linear Acceleration
03-11 15:50:14.019 I/SensorService(  652): Rotation Vector
03-11 15:50:14.019 I/SensorService(  652): Significant Motion
03-11 15:50:14.019 I/SensorService(  652): Game Rotation Vector
03-11 15:50:14.019 D/SensorService(  652): Max socket buffer size 1048576
03-11 15:50:14.019 D/SensorService(  652): nuSensorService thread starting...
03-11 15:50:14.019 I/SystemServer(  652): Waiting for installd to be ready.
03-11 15:50:14.019 I/Installer(  652): connecting...
03-11 15:50:14.029 I/installd(  188): new connection
03-11 15:50:14.029 I/PowerHAL(  652): power_init
03-11 15:50:14.029 I/SystemServer(  652): Power Manager
03-11 15:50:14.029 I/SystemServer(  652): Activity Manager
03-11 15:50:14.039 I/ActivityManager(  652): Memory class: 192
03-11 15:50:14.079 D/dalvikvm(  652): GC_CONCURRENT freed 60K, 1% free 9412K/9500K, paused 1ms+2ms, total 20ms
03-11 15:50:14.099 W/UsageStats(  652): Usage stats version changed; dropping
03-11 15:50:14.179 D/dalvikvm(  652): GC_CONCURRENT freed 338K, 4% free 9550K/9916K, paused 2ms+2ms, total 22ms
03-11 15:50:14.199 I/IntentFirewall(  652): Read new rules (A:0 B:0 S:0)
03-11 15:50:14.209 I/SystemServer(  652): Display Manager
03-11 15:50:14.209 I/SystemServer(  652): Telephony Registry
03-11 15:50:14.209 I/SystemServer(  652): Scheduling Policy
03-11 15:50:14.209 I/DisplayManagerService(  652): Display device added: DisplayDeviceInfo{"Built-in Screen": 1200 x 1920, 60.0 fps, density 320, 320.842 x 322.966 dpi, touch INTERNAL, rotation 0, type BUILT_IN, FLAG_DEFAULT_DISPLAY, FLAG_ROTATES_WITH_CONTENT, FLAG_SECURE, FLAG_SUPPORTS_PROTECTED_BUFFERS}
03-11 15:50:14.209 I/SystemServer(  652): Package Manager
03-11 15:50:14.249 D/dalvikvm(  652): GC_CONCURRENT freed 383K, 5% free 9680K/10092K, paused 2ms+1ms, total 17ms
03-11 15:50:14.249 D/dalvikvm(  652): WAIT_FOR_CONCURRENT_GC blocked 8ms
03-11 15:50:14.289 D/dalvikvm(  652): GC_CONCURRENT freed 429K, 6% free 9684K/10216K, paused 1ms+3ms, total 19ms
03-11 15:50:14.289 D/dalvikvm(  652): WAIT_FOR_CONCURRENT_GC blocked 16ms
03-11 15:50:14.299 D/SELinuxMMAC(  652): Couldn't find install policy /data/security/mac_permissions.xml
03-11 15:50:14.299 D/SELinuxMMAC(  652): Using install policy file /system/etc/security/mac_permissions.xml
03-11 15:50:14.409 D/dalvikvm(  652): GC_CONCURRENT freed 216K, 3% free 9918K/10216K, paused 2ms+4ms, total 22ms
03-11 15:50:14.619 D/dalvikvm(  652): GC_CONCURRENT freed 300K, 4% free 10112K/10444K, paused 2ms+3ms, total 21ms
03-11 15:50:14.779 D/dalvikvm(  652): GC_CONCURRENT freed 210K, 3% free 10293K/10532K, paused 1ms+1ms, total 19ms
03-11 15:50:14.789 W/PackageParser(  652): No actions in intent filter at /system/priv-app/Contacts.apk Binary XML file line #375
03-11 15:50:14.959 W/ResourceType(  652): Failure getting entry for 0x7f050000 (t=4 e=0) in package 0 (error -75)
03-11 15:50:14.959 D/dalvikvm(  652): GC_CONCURRENT freed 180K, 2% free 10527K/10736K, paused 1ms+2ms, total 22ms
03-11 15:50:15.050 I/PackageManager(  652): Package com.android.vending at /system/priv-app/Phonesky.apk ignored: updated version 80250010 better than this 80240022
03-11 15:50:15.120 I/PackageManager(  652): Package com.google.android.gms at /system/priv-app/PrebuiltGmsCore.apk ignored: updated version 4243036 better than this 4033536
03-11 15:50:15.220 D/dalvikvm(  652): GC_CONCURRENT freed 197K, 3% free 10811K/11040K, paused 1ms+4ms, total 24ms
03-11 15:50:15.270 W/PackageParser(  652): No actions in intent filter at /system/priv-app/SetupWizard.apk Binary XML file line #117
03-11 15:50:15.440 I/PackageManager(  652): Package com.google.android.googlequicksearchbox at /system/priv-app/Velvet.apk ignored: updated version 300302170 better than this 300301080
03-11 15:50:15.460 D/dalvikvm(  652): GC_CONCURRENT freed 212K, 3% free 11021K/11264K, paused 2ms+2ms, total 26ms
03-11 15:50:15.490 I/PackageManager(  652): Package com.google.android.apps.cloudprint at /system/app/CloudPrint2.apk ignored: updated version 52 better than this 45
03-11 15:50:15.520 W/ResourceType(  652): Failure getting entry for 0x7f040012 (t=3 e=18) in package 0 (error -75)
03-11 15:50:15.520 W/ResourceType(  652): Failure getting entry for 0x7f040012 (t=3 e=18) in package 0 (error -75)
03-11 15:50:15.530 I/PackageManager(  652): Package com.google.android.tts at /system/app/GoogleTTS.apk ignored: updated version 210030010 better than this 210020403
03-11 15:50:15.560 W/PackageParser(  652): No actions in intent filter at /system/app/Bluetooth.apk Binary XML file line #210
03-11 15:50:15.590 W/Resources(  652): Converting to boolean: TypedValue{t=0x3/d=0x3e0 "true" a=2 r=0x7f090005}
03-11 15:50:15.590 I/PackageManager(  652): Package com.google.android.apps.books at /system/app/Books.apk ignored: updated version 30133 better than this 30015
03-11 15:50:15.620 I/PackageManager(  652): Package com.google.android.calendar at /system/app/CalendarGoogle.apk ignored: updated version 201308023 better than this 201308021
03-11 15:50:15.630 I/PackageManager(  652): Package com.hp.android.printservice at /system/app/HPPrintPlugin.apk ignored: updated version 43 better than this 39
03-11 15:50:15.670 I/PackageManager(  652): Package com.android.chrome at /system/app/Chrome.apk ignored: updated version 1750136 better than this 1599105
03-11 15:50:15.740 I/PackageManager(  652): Package com.quickoffice.android at /system/app/QuickOffice.apk ignored: updated version 140210 better than this 131106
03-11 15:50:15.760 D/dalvikvm(  652): GC_CONCURRENT freed 220K, 3% free 11211K/11464K, paused 2ms+2ms, total 37ms
03-11 15:50:15.770 I/PackageManager(  652): Package com.google.android.apps.currents at /system/app/Currents.apk ignored: updated version 140231633 better than this 131711853
03-11 15:50:15.850 I/PackageManager(  652): Package com.google.android.apps.docs at /system/app/Drive.apk ignored: updated version 1256331 better than this 1240310
