03-11 15:50:28.943 D/BrcmNfcJni(  931): RoutingManager::nfaEeCallback: NFA_EE_SET_PROTO_CFG_EVT; status=0x0
03-11 15:50:28.943 E/BrcmNfcNfa(  931): UICC[0x0] is not activated
03-11 15:50:28.943 E/BrcmNfcNfa(  931): UICC[0x0] is not activated
03-11 15:50:28.943 D/BrcmNfcJni(  931): RoutingManager::stackCallback: event=0x15
03-11 15:50:28.943 D/BrcmNfcJni(  931): RoutingManager::stackCallback: NFA_CE_REGISTERED_EVT; status=0x0; h=0x302
03-11 15:50:28.963 D/NdefPushServer(  931): start, thread = null
03-11 15:50:28.963 D/NdefPushServer(  931): starting new server thread
03-11 15:50:28.963 D/NdefPushServer(  931): about create LLCP service socket
03-11 15:50:28.963 D/NdefPushServer(  931): created LLCP service socket
03-11 15:50:28.963 D/NdefPushServer(  931): about to accept
03-11 15:50:28.963 D/NfcService(  931): NFC-EE OFF
03-11 15:50:28.963 E/BrcmNfcJni(  931): nfcManager_doDeselectSecureElement: already deselected
03-11 15:50:28.963 D/NfcService(  931): NFC-C OFF
03-11 15:50:28.983 I/NSApplication( 1165): Starting up...
03-11 15:50:29.003 V/ProvidersChangedReceiver( 1122): calling applySettings
03-11 15:50:29.063 D/dalvikvm( 1165): GC_CONCURRENT freed 289K, 4% free 9530K/9852K, paused 1ms+2ms, total 17ms
03-11 15:50:29.073 D/dalvikvm(  652): GC_EXPLICIT freed 2609K, 15% free 16472K/19308K, paused 2ms+6ms, total 75ms
03-11 15:50:29.093 I/MediaFocusControl(  652):  AudioFocus  abandonAudioFocus() from android.media.AudioManager@41f3d028com.google.apps.dots.android.newsstand.audio.AudioPlayerService$3@41f03ae8
03-11 15:50:29.103 I/GCoreUlr( 1122): Starting service, intent=Intent { cmp=com.google.android.gms/com.google.android.location.reporting.service.DispatchingService (has extras) }, extras=Bundle[{intentType=2, receiverAction=android.location.PROVIDERS_CHANGED}]
03-11 15:50:29.103 I/MediaFocusControl(  652):   Remote Control   unregisterMediaButtonIntent() for PendingIntent{425f9798: PendingIntentRecord{42894cd8 com.google.android.apps.magazines broadcastIntent}}
03-11 15:50:29.103 I/GCoreUlr( 1122): WorldUpdater received intent Intent { cmp=com.google.android.gms/com.google.android.location.reporting.service.DispatchingService (has extras) } with receiverAction android.location.PROVIDERS_CHANGED, forceUpdate false
03-11 15:50:29.113 D/BluetoothAdapter(  966): 1105892272: getState() :  mService = null. Returning STATE_OFF
03-11 15:50:29.123 I/ActivityManager(  652): Start proc com.google.android.partnersetup for broadcast com.google.android.partnersetup/.PhoneStateReceiver: pid=1246 uid=10028 gids={50028, 3003}
03-11 15:50:29.153 D/dalvikvm( 1078): GC_EXPLICIT freed 124K, 3% free 9259K/9484K, paused 2ms+3ms, total 25ms
03-11 15:50:29.193 I/MultiDex( 1078): load(/data/app/com.google.android.gms-2.apk, forceReload=false)
03-11 15:50:29.203 D/dalvikvm( 1018): GC_CONCURRENT freed 305K, 4% free 9439K/9780K, paused 2ms+4ms, total 16ms
03-11 15:50:29.233 I/MultiDex( 1078): Need extracted file /data/data/com.google.android.gms/files/secondary-dexes/com.google.android.gms-2.apk.classes2.zip
03-11 15:50:29.233 I/MultiDex( 1078): No extraction needed for /data/data/com.google.android.gms/files/secondary-dexes/com.google.android.gms-2.apk.classes2.zip of size 1430457
03-11 15:50:29.233 I/GCoreUlr( 1122): Ensuring that reporting is stopped because of reasons: {account#-17#=[InactiveReason{mVersionCode=0, mIdentifier=6, mName='ReportingNotSelected'}]}
03-11 15:50:29.233 D/GCoreFlp( 1122): Unknown pending intent to remove.
03-11 15:50:29.233 I/GCoreUlr( 1122): Unbound from all location providers
03-11 15:50:29.243 D/dalvikvm( 1078): GC_CONCURRENT freed 252K, 4% free 9505K/9856K, paused 2ms+3ms, total 17ms
03-11 15:50:29.243 D/GCM     ( 1078): COMPAT: Multi user ser=0 current=0
03-11 15:50:29.263 I/ActivityManager(  652): Start proc com.facebook.katana:dash_service for broadcast com.facebook.katana/com.facebook.keyguardservice.KeyguardServiceBooter: pid=1273 uid=10114 gids={50114, 1028, 1015, 3003}
03-11 15:50:29.303 W/GCM     ( 1078): Using fallback http
03-11 15:50:29.303 I/GoogleHttpClient( 1078): Falling back to old http client 0 java.lang.NoSuchMethodException: <init> [class android.content.Context, class java.lang.String, boolean]
03-11 15:50:29.434 D/CatchMeIfYouCan( 1273): Process (dash_service) ca: '/data/data/com.facebook.katana/app_cmiyc/FC3D6AF0DCAD751E9720A8A1538A89840AD3817701'
03-11 15:50:29.434 D/CatchMeIfYouCan( 1273): Process (dash_service) fc: '/data/data/com.facebook.katana/app_cmiyc/FC3D6AF0DCAD751E9720A8A1538A89840AD3817702'
03-11 15:50:29.434 D/CatchMeIfYouCan( 1273): Process (dash_service) cp: '('default', 3, 120000, silent [true], restart [false], logout [false])'
03-11 15:50:29.444 I/GCM     ( 1078): GCM config loaded
03-11 15:50:29.454 D/GCM     ( 1078): GcmService start Intent { act=com.google.android.gms.INITIALIZE flg=0x10 pkg=com.google.android.gms cmp=com.google.android.gms/.gcm.GcmService } com.google.android.gms.INITIALIZE
03-11 15:50:29.454 D/ACRA    ( 1273): ACRA is enabled for com.facebook.katana, intializing...
03-11 15:50:29.464 D/ACRA    ( 1273): Looking for error files in /data/data/com.facebook.katana/app_acra-reports
03-11 15:50:29.464 D/ACRA    ( 1273): Looking for error files in /data/data/com.facebook.katana/app_minidumps
03-11 15:50:29.474 D/dalvikvm( 1273): Trying to load lib /data/app-lib/com.facebook.katana-2/libfb_stl_shared.so 0x41e9e680
03-11 15:50:29.474 D/dalvikvm( 1273): Added shared lib /data/app-lib/com.facebook.katana-2/libfb_stl_shared.so 0x41e9e680
03-11 15:50:29.474 D/dalvikvm( 1273): No JNI_OnLoad found in /data/app-lib/com.facebook.katana-2/libfb_stl_shared.so 0x41e9e680, skipping init
03-11 15:50:29.484 D/dalvikvm( 1273): Trying to load lib /data/app-lib/com.facebook.katana-2/libfb_breakpad_client.so 0x41e9e680
03-11 15:50:29.484 D/dalvikvm( 1273): Added shared lib /data/app-lib/com.facebook.katana-2/libfb_breakpad_client.so 0x41e9e680
03-11 15:50:29.494 W/SystemClassLoaderAdder( 1273): Could not find zipFile entry corresponding to path /data/app/com.facebook.katana-2.apk
03-11 15:50:29.504 V/DexLibLoader( 1273): Preparing secondary program dexes.
03-11 15:50:29.504 V/DexLibLoader( 1273): Loaded 2 raw lines of metadata.
03-11 15:50:29.504 V/DexLibLoader( 1273): Secondary program dex metadata: secondary-1.dex.jar.xz 188f1cf98e7929d7457e2cdf72a0777981e1fc27 secondary.dex01.Canary
03-11 15:50:29.504 V/DexLibLoader( 1273): Secondary program dex metadata: secondary-2.dex.jar.xz 14314443648960c2f9d1e4924306d1af2de75315 secondary.dex02.Canary
03-11 15:50:29.504 W/DexLibLoader( 1273): Unexpected file in program dex directory: /data/data/com.facebook.katana/app_secondary_program_dex/temp_dex_lock
03-11 15:50:29.504 V/DexLibLoader( 1273): Preparing to extract secondary-1.dex.jar.xz to /data/data/com.facebook.katana/app_secondary_program_dex/program-188f1cf98e7929d7457e2cdf72a0777981e1fc2731a2345d.dex.jar
03-11 15:50:29.504 V/DexLibLoader( 1273): Dex already copied
03-11 15:50:29.504 D/OdexVerifier( 1273): Odex verification is skipped.
03-11 15:50:29.504 D/dalvikvm( 1078): GC_CONCURRENT freed 197K, 3% free 9706K/10004K, paused 2ms+2ms, total 19ms
03-11 15:50:29.504 V/DexLibLoader( 1273): Creating class loader
03-11 15:50:29.504 D/ConnectivityService(  652): handleInetConditionChange: no active default network - ignore
03-11 15:50:29.524 D/dalvikvm( 1273): GC_CONCURRENT freed 266K, 4% free 9140K/9440K, paused 1ms+3ms, total 21ms
03-11 15:50:29.524 V/DexLibLoader( 1273): Finished creating class loader
03-11 15:50:29.524 V/DexLibLoader( 1273): Preparing to extract secondary-2.dex.jar.xz to /data/data/com.facebook.katana/app_secondary_program_dex/program-14314443648960c2f9d1e4924306d1af2de7531531a2345d.dex.jar
03-11 15:50:29.524 V/DexLibLoader( 1273): Dex already copied
03-11 15:50:29.524 D/OdexVerifier( 1273): Odex verification is skipped.
03-11 15:50:29.524 V/DexLibLoader( 1273): Creating class loader
03-11 15:50:29.534 V/DexLibLoader( 1273): Finished creating class loader
03-11 15:50:29.534 V/DexLibLoader( 1273): Verifying classes from secondary dexes.
03-11 15:50:29.554 D/DexLibLoader( 1273): DexLibLoader.ensureDexLoaded took 67 ms
03-11 15:50:29.814 D/dalvikvm( 1273): GC_CONCURRENT freed 361K, 5% free 9211K/9608K, paused 2ms+1ms, total 16ms
03-11 15:50:29.904 D/dalvikvm( 1273): GC_CONCURRENT freed 296K, 4% free 9362K/9692K, paused 1ms+2ms, total 16ms
03-11 15:50:29.994 D/dalvikvm( 1273): GC_CONCURRENT freed 303K, 4% free 9529K/9864K, paused 2ms+2ms, total 21ms
03-11 15:50:30.074 D/dalvikvm( 1273): GC_CONCURRENT freed 293K, 4% free 9691K/10016K, paused 1ms+2ms, total 18ms
03-11 15:50:30.184 D/dalvikvm( 1273): GC_CONCURRENT freed 328K, 4% free 9876K/10236K, paused 1ms+3ms, total 24ms
03-11 15:50:30.184 D/dalvikvm( 1273): WAIT_FOR_CONCURRENT_GC blocked 5ms
03-11 15:50:30.284 D/dalvikvm( 1273): GC_CONCURRENT freed 306K, 4% free 10025K/10364K, paused 2ms+3ms, total 21ms
03-11 15:50:30.385 D/dalvikvm( 1273): GC_CONCURRENT freed 267K, 3% free 10145K/10448K, paused 3ms+3ms, total 24ms
03-11 15:50:30.445 D/WifiStateMachine(  652): VerifyingLinkState enter
03-11 15:50:30.455 W/ContextImpl(  652): Calling a method in the system process without a qualified user: android.app.ContextImpl.bindService:1543 android.bluetooth.BluetoothHeadset.doBind:283 android.bluetooth.BluetoothHeadset.<init>:276 android.bluetooth.BluetoothAdapter.getProfileProxy:1181 android.media.AudioService.getBluetoothHeadset:2245 
03-11 15:50:30.455 W/ContextImpl(  652): Calling a method in the system process without a qualified user: android.app.ContextImpl.bindService:1543 android.bluetooth.BluetoothA2dp.doBind:165 android.bluetooth.BluetoothA2dp.<init>:158 android.bluetooth.BluetoothAdapter.getProfileProxy:1184 android.media.AudioService$AudioServiceBroadcastReceiver.onReceive:4166 
03-11 15:50:30.465 D/BluetoothManagerService(  652): Message: 30
03-11 15:50:30.465 D/BluetoothManagerService(  652): Message: 30
03-11 15:50:30.465 D/WifiStateMachine(  652): VerifyingLinkState GOOD_LINK_DETECTED: transition to captive portal check
03-11 15:50:30.465 D/WifiStateMachine(  652): CaptivePortalCheckState enter
03-11 15:50:30.465 V/WiredAccessoryManager(  652): init()
03-11 15:50:30.465 I/PowerManagerService(  652): Boot animation finished.
03-11 15:50:30.475 D/WifiStateMachine(  652): CaptivePortalCheckState CMD_CAPTIVE_CHECK_COMPLETE
03-11 15:50:30.475 D/ConnectivityService(  652): Captive portal check NetworkInfo: type: WIFI[], state: CONNECTING/CAPTIVE_PORTAL_CHECK, reason: (unspecified), extra: "aalto open", roaming: false, failover: false, isAvailable: true, isConnectedToProvisioningNetwork: false
03-11 15:50:30.475 D/ConnectivityService(  652): handleCaptivePortalTrackerCheck: call captivePortalCheckComplete ni=NetworkInfo: type: WIFI[], state: CONNECTING/CAPTIVE_PORTAL_CHECK, reason: (unspecified), extra: "aalto open", roaming: false, failover: false, isAvailable: true, isConnectedToProvisioningNetwork: false
03-11 15:50:30.495 I/ActivityManager(  652): Start proc com.android.providers.calendar for broadcast com.android.providers.calendar/.CalendarReceiver: pid=1328 uid=10008 gids={50008, 3003, 1028, 1015}
03-11 15:50:30.495 D/ConnectivityService(  652): ConnectivityChange for WIFI: CONNECTED/CONNECTED
03-11 15:50:30.495 E/ConnectivityService(  652): Unexpected mtu value: android.net.wifi.WifiStateTracker@42547ff8
03-11 15:50:30.505 I/RecoverySystem(  652): No recovery log file
03-11 15:50:30.525 D/Nat464Xlat(  652): requiresClat: netType=1, hasIPv4Address=true
03-11 15:50:30.575 I/ActivityManager(  652): Start proc com.chrome.beta for service com.chrome.beta/com.google.android.apps.chrome.sync.ChromeBrowserSyncAdapterService: pid=1351 uid=10110 gids={50110, 3003, 1028, 1015}
03-11 15:50:30.585 I/ActivityManager(  652): Start proc com.facebook.katana for content provider com.facebook.katana/.provider.orca.FbSharedPreferencesContentProvider: pid=1359 uid=10114 gids={50114, 1028, 1015, 3003}
03-11 15:50:30.605 D/dalvikvm(  185): GC_EXPLICIT freed 42K, 1% free 8980K/9056K, paused 1ms+2ms, total 20ms
03-11 15:50:30.615 D/dalvikvm(  185): GC_EXPLICIT freed <1K, 1% free 8980K/9056K, paused 1ms+3ms, total 16ms
03-11 15:50:30.635 D/dalvikvm(  185): GC_EXPLICIT freed <1K, 1% free 8980K/9056K, paused 1ms+2ms, total 18ms
03-11 15:50:30.665 I/BootReceiver(  652): Copying /proc/last_kmsg to DropBox (SYSTEM_LAST_KMSG)
03-11 15:50:30.695 D/CatchMeIfYouCan( 1359): Process (<default>) ca: '/data/user/0/com.facebook.katana/app_cmiyc/A1657CCD543F12E66E587EE52ED9D802E22AAC4701'
03-11 15:50:30.695 D/CatchMeIfYouCan( 1359): Process (<default>) fc: '/data/user/0/com.facebook.katana/app_cmiyc/A1657CCD543F12E66E587EE52ED9D802E22AAC4702'
03-11 15:50:30.695 D/CatchMeIfYouCan( 1359): Process (<default>) cp: '('default', 3, 120000, silent [true], restart [false], logout [false])'
03-11 15:50:30.695 D/ACRA    ( 1359): ACRA is enabled for com.facebook.katana, intializing...
03-11 15:50:30.705 D/ACRA    ( 1359): Looking for error files in /data/user/0/com.facebook.katana/app_acra-reports
03-11 15:50:30.705 D/ACRA    ( 1359): Looking for error files in /data/user/0/com.facebook.katana/app_minidumps
03-11 15:50:30.715 D/dalvikvm( 1359): Trying to load lib /data/app-lib/com.facebook.katana-2/libfb_stl_shared.so 0x41eacef0
03-11 15:50:30.715 I/BootReceiver(  652): Copying audit failures to DropBox
03-11 15:50:30.735 D/dalvikvm( 1359): Added shared lib /data/app-lib/com.facebook.katana-2/libfb_stl_shared.so 0x41eacef0
03-11 15:50:30.735 D/dalvikvm( 1359): No JNI_OnLoad found in /data/app-lib/com.facebook.katana-2/libfb_stl_shared.so 0x41eacef0, skipping init
03-11 15:50:30.735 D/dalvikvm( 1359): Trying to load lib /data/app-lib/com.facebook.katana-2/libfb_breakpad_client.so 0x41eacef0
03-11 15:50:30.735 D/dalvikvm( 1359): Added shared lib /data/app-lib/com.facebook.katana-2/libfb_breakpad_client.so 0x41eacef0
03-11 15:50:30.735 I/BootReceiver(  652): Copied 1685 worth of audits to DropBox
03-11 15:50:30.745 D/dalvikvm( 1359): GC_CONCURRENT freed 230K, 3% free 9147K/9408K, paused 3ms+1ms, total 34ms
03-11 15:50:30.745 W/SystemClassLoaderAdder( 1359): Could not find zipFile entry corresponding to path /data/app/com.facebook.katana-2.apk
03-11 15:50:30.745 I/BootReceiver(  652): Checking for fsck errors
03-11 15:50:30.755 V/DexLibLoader( 1359): Preparing secondary program dexes.
03-11 15:50:30.755 V/DexLibLoader( 1359): Loaded 2 raw lines of metadata.
03-11 15:50:30.755 V/DexLibLoader( 1359): Secondary program dex metadata: secondary-1.dex.jar.xz 188f1cf98e7929d7457e2cdf72a0777981e1fc27 secondary.dex01.Canary
03-11 15:50:30.755 V/DexLibLoader( 1359): Secondary program dex metadata: secondary-2.dex.jar.xz 14314443648960c2f9d1e4924306d1af2de75315 secondary.dex02.Canary
03-11 15:50:30.755 W/DexLibLoader( 1359): Unexpected file in program dex directory: /data/user/0/com.facebook.katana/app_secondary_program_dex/temp_dex_lock
03-11 15:50:30.765 V/DexLibLoader( 1359): Preparing to extract secondary-1.dex.jar.xz to /data/user/0/com.facebook.katana/app_secondary_program_dex/program-188f1cf98e7929d7457e2cdf72a0777981e1fc2731a2345d.dex.jar
03-11 15:50:30.765 V/DexLibLoader( 1359): Dex already copied
03-11 15:50:30.765 D/OdexVerifier( 1359): Odex verification is skipped.
03-11 15:50:30.765 V/DexLibLoader( 1359): Creating class loader
03-11 15:50:30.765 V/DexLibLoader( 1359): Finished creating class loader
03-11 15:50:30.765 V/DexLibLoader( 1359): Preparing to extract secondary-2.dex.jar.xz to /data/user/0/com.facebook.katana/app_secondary_program_dex/program-14314443648960c2f9d1e4924306d1af2de7531531a2345d.dex.jar
03-11 15:50:30.765 V/DexLibLoader( 1359): Dex already copied
03-11 15:50:30.765 D/OdexVerifier( 1359): Odex verification is skipped.
03-11 15:50:30.765 V/DexLibLoader( 1359): Creating class loader
03-11 15:50:30.765 V/DexLibLoader( 1359): Finished creating class loader
03-11 15:50:30.765 V/DexLibLoader( 1359): Verifying classes from secondary dexes.
03-11 15:50:30.765 D/DexLibLoader( 1359): DexLibLoader.ensureDexLoaded took 22 ms
03-11 15:50:30.785 D/dalvikvm(  652): GC_CONCURRENT freed 1495K, 13% free 16856K/19308K, paused 4ms+4ms, total 66ms
03-11 15:50:30.785 D/dalvikvm(  652): WAIT_FOR_CONCURRENT_GC blocked 41ms
03-11 15:50:30.785 D/dalvikvm(  652): WAIT_FOR_CONCURRENT_GC blocked 14ms
03-11 15:50:30.785 D/dalvikvm(  652): WAIT_FOR_CONCURRENT_GC blocked 9ms
03-11 15:50:30.795 I/CalendarProvider2( 1328): Created com.android.providers.calendar.CalendarAlarmManager@41eb4500(com.android.providers.calendar.CalendarProvider2@41eac1d0)
03-11 15:50:30.795 D/DelayedSyncController( 1351): Delaying sync.
03-11 15:50:30.825 I/ActivityManager(  652): Delay finish: com.android.providers.calendar/.CalendarReceiver
03-11 15:50:30.855 D/dalvikvm( 1359): GC_CONCURRENT freed 280K, 4% free 9268K/9580K, paused 1ms+1ms, total 14ms
03-11 15:50:30.925 D/dalvikvm( 1359): GC_CONCURRENT freed 343K, 4% free 9390K/9768K, paused 1ms+1ms, total 15ms
03-11 15:50:31.005 D/dalvikvm( 1359): GC_CONCURRENT freed 307K, 4% free 9554K/9892K, paused 1ms+2ms, total 17ms
03-11 15:50:31.105 D/dalvikvm( 1359): GC_CONCURRENT freed 281K, 4% free 9743K/10060K, paused 4ms+3ms, total 21ms
03-11 15:50:31.205 D/dalvikvm( 1359): GC_CONCURRENT freed 332K, 4% free 9862K/10228K, paused 3ms+3ms, total 20ms
03-11 15:50:31.295 D/dalvikvm( 1359): GC_CONCURRENT freed 300K, 4% free 10046K/10380K, paused 2ms+2ms, total 21ms
03-11 15:50:31.375 D/dalvikvm( 1359): GC_CONCURRENT freed 311K, 4% free 10216K/10560K, paused 1ms+3ms, total 22ms
03-11 15:50:31.406 W/dalvikvm( 1359): method Lcom/facebook/reflex/view/AbstractListView;.invalidate incorrectly overrides package-private method with same name in Landroid/view/View;
03-11 15:50:31.406 W/dalvikvm( 1359): method Lcom/facebook/reflex/view/GalleryViewAutoReflex;.invalidate incorrectly overrides package-private method with same name in Landroid/view/View;
03-11 15:50:31.406 W/dalvikvm( 1359): method Lcom/facebook/reflex/view/HorizontalScrollViewAutoReflex;.invalidate incorrectly overrides package-private method with same name in Landroid/view/View;
03-11 15:50:31.416 W/dalvikvm( 1359): method Lcom/facebook/reflex/view/ImageViewAutoReflex;.invalidate incorrectly overrides package-private method with same name in Landroid/view/View;
03-11 15:50:31.416 W/dalvikvm( 1359): method Lcom/facebook/reflex/view/ScrollViewAutoReflex;.invalidate incorrectly overrides package-private method with same name in Landroid/view/View;
03-11 15:50:31.416 W/dalvikvm( 1359): method Lcom/facebook/reflex/view/ViewPagerAutoReflex;.invalidate incorrectly overrides package-private method with same name in Landroid/view/View;
03-11 15:50:31.486 D/dalvikvm( 1359): GC_CONCURRENT freed 326K, 4% free 10403K/10760K, paused 2ms+2ms, total 30ms
03-11 15:50:31.486 D/dalvikvm( 1359): WAIT_FOR_CONCURRENT_GC blocked 10ms
03-11 15:50:31.586 D/dalvikvm( 1359): GC_CONCURRENT freed 296K, 4% free 10590K/10920K, paused 3ms+3ms, total 27ms
03-11 15:50:31.666 D/dalvikvm( 1359): GC_CONCURRENT freed 272K, 3% free 10855K/11160K, paused 3ms+4ms, total 28ms
03-11 15:50:31.776 D/dalvikvm( 1359): GC_CONCURRENT freed 358K, 4% free 11071K/11460K, paused 3ms+3ms, total 30ms
03-11 15:50:31.826 I/CalendarProvider2( 1328): Sending notification intent: Intent { act=android.intent.action.PROVIDER_CHANGED dat=content://com.android.calendar }
03-11 15:50:31.826 W/ContentResolver( 1328): Failed to get type for: content://com.android.calendar (Unknown URL content://com.android.calendar)
03-11 15:50:31.826 I/ActivityManager(  652): Resuming delayed broadcast
03-11 15:50:31.836 I/ActivityManager(  652): Start proc com.google.android.configupdater for broadcast com.google.android.configupdater/.CertPin.CertPinUpdateRequestReceiver: pid=1410 uid=10011 gids={50011, 3003, 2001}
03-11 15:50:31.896 E/UpdateRequestReceiver( 1410): ignoring update request
03-11 15:50:31.906 E/UpdateRequestReceiver( 1410): ignoring update request
03-11 15:50:31.926 E/UpdateRequestReceiver( 1410): ignoring update request
03-11 15:50:31.936 E/UpdateRequestReceiver( 1410): ignoring update request
03-11 15:50:31.956 E/UpdateRequestReceiver( 1410): ignoring update request
03-11 15:50:31.986 D/dalvikvm( 1359): GC_CONCURRENT freed 472K, 5% free 11301K/11804K, paused 3ms+3ms, total 45ms
03-11 15:50:31.986 D/dalvikvm( 1359): WAIT_FOR_CONCURRENT_GC blocked 7ms
03-11 15:50:31.986 D/dalvikvm( 1410): GC_CONCURRENT freed 340K, 4% free 9030K/9404K, paused 2ms+1ms, total 27ms
03-11 15:50:31.986 E/UpdateRequestReceiver( 1410): ignoring update request
03-11 15:50:31.996 I/ActivityManager(  652): Delay finish: com.android.providers.downloads/.DownloadReceiver
03-11 15:50:32.016 I/ActivityManager(  652): Resuming delayed broadcast
03-11 15:50:32.026 W/dalvikvm( 1359): method Lcom/facebook/reflex/view/FrameLayoutAutoReflex;.invalidate incorrectly overrides package-private method with same name in Landroid/view/View;
03-11 15:50:32.026 I/ActivityManager(  652): Start proc com.google.android.onetimeinitializer for broadcast com.google.android.onetimeinitializer/.OneTimeInitializerReceiver: pid=1437 uid=10027 gids={50027}
03-11 15:50:32.046 V/OneTimeInitializerReceiver( 1437): OneTimeInitializerReceiver.onReceive
03-11 15:50:32.046 V/OneTimeService( 1437): OneTimeService.onHandleIntent
03-11 15:50:32.046 I/ActivityManager(  652): Delay finish: com.google.android.onetimeinitializer/.OneTimeInitializerReceiver
03-11 15:50:32.056 I/ActivityManager(  652): Resuming delayed broadcast
03-11 15:50:32.066 I/ActivityManager(  652): Delay finish: com.google.android.partnersetup/.GooglePartnerSetup
03-11 15:50:32.106 W/dalvikvm( 1359): method Lcom/facebook/messaging/reflex/SwipableOverlayLayoutAutoReflex;.invalidate incorrectly overrides package-private method with same name in Landroid/view/View;
03-11 15:50:32.176 D/dalvikvm( 1359): GC_CONCURRENT freed 488K, 5% free 11588K/12108K, paused 4ms+5ms, total 49ms
03-11 15:50:32.176 D/dalvikvm( 1359): WAIT_FOR_CONCURRENT_GC blocked 11ms
03-11 15:50:32.226 I/ActivityManager(  652): Resuming delayed broadcast
03-11 15:50:32.226 I/ActivityManager(  652): Delay finish: com.google.android.partnersetup/.RlzPingBroadcastReceiver
03-11 15:50:32.236 E/FbInjectorInitializer( 1359): Multi-binding Key[type=com.facebook.common.init.INeedInit, annotation=[none]] wasn't declared.
03-11 15:50:32.276 I/RlzPingService( 1246): Setting next ping for 1395150632292
03-11 15:50:32.286 I/ActivityManager(  652): Resuming delayed broadcast
03-11 15:50:32.296 D/dalvikvm( 1246): GC_CONCURRENT freed 281K, 4% free 9106K/9424K, paused 3ms+2ms, total 18ms
03-11 15:50:32.296 I/ActivityManager(  652): Delay finish: com.google.android.gsf/.checkin.CheckinService$Receiver
03-11 15:50:32.306 I/ActivityManager(  652): Resuming delayed broadcast
03-11 15:50:32.316 I/ActivityManager(  652): Delay finish: com.google.android.gsf/.update.SystemUpdateService$Receiver
03-11 15:50:32.326 D/dalvikvm( 1359): GC_CONCURRENT freed 565K, 5% free 11879K/12476K, paused 2ms+2ms, total 34ms
03-11 15:50:32.326 I/SystemUpdateService( 1078): cancelUpdate (empty URL)
03-11 15:50:32.346 I/SystemUpdateService( 1078): cancelUpdate (empty URL)
03-11 15:50:32.356 D/dalvikvm(  850): GC_CONCURRENT freed 201K, 3% free 9167K/9396K, paused 1ms+1ms, total 22ms
03-11 15:50:32.356 I/ActivityManager(  652): Resuming delayed broadcast
03-11 15:50:32.376 I/ActivityManager(  652): Delay finish: com.android.providers.media/.MediaScannerReceiver
03-11 15:50:32.447 D/ConnectivityService(  652): handleConnectivityChange: addresses changed linkProperty[1]: resetMask=0
03-11 15:50:32.447 D/ConnectivityService(  652):    car=removed=[] added=[fe80::beee:7bff:fe4c:a773/64,]
03-11 15:50:32.447 D/Nat464Xlat(  652): requiresClat: netType=1, hasIPv4Address=true
03-11 15:50:32.497 W/fb4a(:<default>):BaseAnalyticsConfig( 1359): willEventBeLogged() called before shared prefs were initialized! Defaulting to true.
03-11 15:50:32.497 W/fb4a(:<default>):BaseAnalyticsConfig( 1359): willEventBeLogged() called before shared prefs were initialized! Defaulting to true.
03-11 15:50:32.537 D/dalvikvm( 1359): GC_CONCURRENT freed 716K, 6% free 12131K/12880K, paused 3ms+3ms, total 38ms
03-11 15:50:32.537 D/dalvikvm( 1359): WAIT_FOR_CONCURRENT_GC blocked 24ms
03-11 15:50:32.537 D/dalvikvm( 1359): WAIT_FOR_CONCURRENT_GC blocked 24ms
03-11 15:50:32.537 D/dalvikvm( 1359): WAIT_FOR_CONCURRENT_GC blocked 24ms
03-11 15:50:32.787 D/dalvikvm(  850): GC_CONCURRENT freed 261K, 4% free 9305K/9596K, paused 1ms+4ms, total 17ms
03-11 15:50:32.867 V/MediaScanner(  850): pruneDeadThumbnailFiles... android.database.sqlite.SQLiteCursor@41f12998
03-11 15:50:32.867 V/MediaScanner(  850): /pruneDeadThumbnailFiles... android.database.sqlite.SQLiteCursor@41f12998
03-11 15:50:32.877 I/ActivityManager(  652): Resuming delayed broadcast
03-11 15:50:32.887 I/ActivityManager(  652): Start proc com.google.android.nfcprovision for broadcast com.google.android.nfcprovision/.BootReceiver: pid=1488 uid=10046 gids={50046, 1028, 3002, 3001, 3003}
03-11 15:50:32.897 D/MtpService(  850): updating state; isCurrentUser=true, mMtpLocked=false
03-11 15:50:32.937 I/ActivityManager(  652): Start proc com.google.android.deskclock for broadcast com.google.android.deskclock/com.android.deskclock.AlarmInitReceiver: pid=1501 uid=10015 gids={50015, 1028}
03-11 15:50:32.997 V/AlarmClock( 1501): AlarmInitReceiver android.intent.action.BOOT_COMPLETED
03-11 15:50:33.007 D/dalvikvm( 1273): GC_CONCURRENT freed 250K, 3% free 10296K/10576K, paused 3ms+2ms, total 25ms
03-11 15:50:33.027 V/AlarmClock( 1501): AlarmInitReceiver - Reset timers and clear stopwatch data
03-11 15:50:33.047 I/AlarmClock( 1501): Displaying next alarm time: ''
03-11 15:50:33.057 V/AlarmClock( 1501): AlarmInitReceiver finished
03-11 15:50:33.057 I/ActivityManager(  652): Start proc com.google.android.email for broadcast com.google.android.email/com.android.email.service.EmailBroadcastReceiver: pid=1521 uid=10018 gids={50018, 3003, 1028, 1015}
03-11 15:50:33.117 D/dalvikvm( 1273): GC_CONCURRENT freed 234K, 3% free 10471K/10740K, paused 2ms+3ms, total 24ms
03-11 15:50:33.207 E/dalvikvm( 1273): Could not find class 'org.apache.harmony.xnet.provider.jsse.OpenSSLSocketImpl', referenced from method com.facebook.ssl.openssl.check.CheckOpenSSLImplHasRequiredMethods.<clinit>
03-11 15:50:33.207 W/dalvikvm( 1273): VFY: unable to resolve const-class 13583 (Lorg/apache/harmony/xnet/provider/jsse/OpenSSLSocketImpl;) in Lcom/facebook/ssl/openssl/check/CheckOpenSSLImplHasRequiredMethods;
03-11 15:50:33.207 D/dalvikvm( 1273): VFY: replacing opcode 0x1c at 0x000d
03-11 15:50:33.207 E/dalvikvm( 1273): Could not find class 'org.apache.harmony.xnet.provider.jsse.OpenSSLSocketFactoryImpl', referenced from method com.facebook.ssl.openssl.reflect.SSLParametersGetter.<clinit>
03-11 15:50:33.207 W/dalvikvm( 1273): VFY: unable to resolve const-class 13582 (Lorg/apache/harmony/xnet/provider/jsse/OpenSSLSocketFactoryImpl;) in Lcom/facebook/ssl/openssl/reflect/SSLParametersGetter;
03-11 15:50:33.207 D/dalvikvm( 1273): VFY: replacing opcode 0x1c at 0x000d
03-11 15:50:33.207 D/ActivityThread( 1521): Loading provider com.google.android.email.provider;com.google.android.email.notifier: com.android.email.provider.EmailProvider
03-11 15:50:33.217 E/dalvikvm( 1273): Could not find class 'org.apache.harmony.xnet.provider.jsse.SSLParametersImpl', referenced from method com.facebook.ssl.openssl.reflect.SSLParametersGetter.a
03-11 15:50:33.217 W/dalvikvm( 1273): VFY: unable to resolve check-cast 13585 (Lorg/apache/harmony/xnet/provider/jsse/SSLParametersImpl;) in Lcom/facebook/ssl/openssl/reflect/SSLParametersGetter;
03-11 15:50:33.217 D/dalvikvm( 1273): VFY: replacing opcode 0x1f at 0x0006
03-11 15:50:33.217 E/dalvikvm( 1273): Could not find class 'org.apache.harmony.xnet.provider.jsse.SSLParametersImpl', referenced from method com.facebook.ssl.openssl.reflect.SSLSessionTimeoutSetter.<clinit>
03-11 15:50:33.217 W/dalvikvm( 1273): VFY: unable to resolve const-class 13585 (Lorg/apache/harmony/xnet/provider/jsse/SSLParametersImpl;) in Lcom/facebook/ssl/openssl/reflect/SSLSessionTimeoutSetter;
03-11 15:50:33.217 D/dalvikvm( 1273): VFY: replacing opcode 0x1c at 0x000d
03-11 15:50:33.217 W/dalvikvm( 1273): VFY: unable to find class referenced in signature (Lorg/apache/harmony/xnet/provider/jsse/SSLParametersImpl;)
03-11 15:50:33.217 E/dalvikvm( 1273): Could not find class 'org.apache.harmony.xnet.provider.jsse.ClientSessionContext', referenced from method com.facebook.ssl.openssl.reflect.SSLSessionTimeoutSetter.a
03-11 15:50:33.217 W/dalvikvm( 1273): VFY: unable to resolve check-cast 13581 (Lorg/apache/harmony/xnet/provider/jsse/ClientSessionContext;) in Lcom/facebook/ssl/openssl/reflect/SSLSessionTimeoutSetter;
03-11 15:50:33.217 D/dalvikvm( 1273): VFY: replacing opcode 0x1f at 0x0006
03-11 15:50:33.227 W/dalvikvm( 1273): VFY: unable to find class referenced in signature (Lorg/apache/harmony/xnet/provider/jsse/SSLParametersImpl;)
03-11 15:50:33.227 W/dalvikvm( 1273): Unable to resolve superclass of Lcom/facebook/ssl/openssl/TicketEnabledOpenSSLSocketImplWrapper; (13584)
03-11 15:50:33.227 W/dalvikvm( 1273): Link of class 'Lcom/facebook/ssl/openssl/TicketEnabledOpenSSLSocketImplWrapper;' failed
03-11 15:50:33.227 E/dalvikvm( 1273): Could not find class 'com.facebook.ssl.openssl.TicketEnabledOpenSSLSocketImplWrapper', referenced from method com.facebook.ssl.openssl.TicketEnabledOpenSSLSocketFactoryHelper.a
03-11 15:50:33.227 W/dalvikvm( 1273): VFY: unable to resolve new-instance 10322 (Lcom/facebook/ssl/openssl/TicketEnabledOpenSSLSocketImplWrapper;) in Lcom/facebook/ssl/openssl/TicketEnabledOpenSSLSocketFactoryHelper;
03-11 15:50:33.227 D/dalvikvm( 1273): VFY: replacing opcode 0x22 at 0x0000
03-11 15:50:33.237 D/dalvikvm( 1273): GC_CONCURRENT freed 393K, 4% free 10592K/11016K, paused 3ms+5ms, total 29ms
03-11 15:50:33.237 D/dalvikvm( 1273): WAIT_FOR_CONCURRENT_GC blocked 15ms
03-11 15:50:33.237 D/dalvikvm( 1273): WAIT_FOR_CONCURRENT_GC blocked 15ms
03-11 15:50:33.257 W/dalvikvm( 1273): Unable to resolve superclass of Lcom/facebook/ssl/openssl/TicketEnabledOpenSSLSocketImplWrapper; (13584)
03-11 15:50:33.257 W/dalvikvm( 1273): Link of class 'Lcom/facebook/ssl/openssl/TicketEnabledOpenSSLSocketImplWrapper;' failed
03-11 15:50:33.257 D/dalvikvm( 1273): DexOpt: unable to opt direct call 0xaa3b at 0x08 in Lcom/facebook/ssl/openssl/TicketEnabledOpenSSLSocketFactoryHelper;.a
03-11 15:50:33.277 D/dalvikvm( 1359): GC_CONCURRENT freed 544K, 5% free 12640K/13216K, paused 2ms+3ms, total 36ms
03-11 15:50:33.277 D/dalvikvm( 1359): WAIT_FOR_CONCURRENT_GC blocked 12ms
03-11 15:50:33.297 D/dalvikvm( 1521): GC_CONCURRENT freed 192K, 3% free 9188K/9412K, paused 4ms+1ms, total 18ms
03-11 15:50:33.297 D/dalvikvm(  652): GC_EXPLICIT freed 632K, 14% free 16716K/19308K, paused 2ms+5ms, total 69ms
03-11 15:50:33.307 I/ActivityManager(  652): Delay finish: com.google.android.syncadapters.contacts/.ContactsSyncAdapterBroadcastReceiver
03-11 15:50:33.347 I/LauncherIconVisibilityManager(  881): Boot has been completed
03-11 15:50:33.347 I/LauncherIconVisibilityManager(  881): Activity has already been disabled: ComponentInfo{com.google.android.inputmethod.latin/com.android.inputmethod.latin.setup.SetupActivity}
03-11 15:50:33.347 D/dalvikvm( 1078): GC_CONCURRENT freed 628K, 8% free 9469K/10196K, paused 2ms+3ms, total 17ms
03-11 15:50:33.347 I/ActivityManager(  652): Resuming delayed broadcast
03-11 15:50:33.364 W/BroadcastQueue(  652): Permission Denial: broadcasting Intent { act=android.net.conn.CONNECTIVITY_CHANGE flg=0x4000010 (has extras) } from null (pid=-1, uid=-1) requires com.facebook.permission.prod.FB_APP_COMMUNICATION due to registered receiver BroadcastFilter{427817a8 u0 ReceiverList{4249c068 1359 com.facebook.katana/10114/u0 remote:427815e8}}
03-11 15:50:33.364 W/BroadcastQueue(  652): Permission Denial: broadcasting Intent { act=android.net.conn.CONNECTIVITY_CHANGE flg=0x4000010 (has extras) } from null (pid=-1, uid=-1) requires com.facebook.permission.prod.FB_APP_COMMUNICATION due to registered receiver BroadcastFilter{42781dd0 u0 ReceiverList{42494560 1359 com.facebook.katana/10114/u0 remote:42781c10}}
03-11 15:50:33.377 E/dalvikvm( 1359): Could not find class 'org.apache.harmony.xnet.provider.jsse.OpenSSLSocketImpl', referenced from method com.facebook.ssl.openssl.check.CheckOpenSSLImplHasRequiredMethods.<clinit>
03-11 15:50:33.377 W/dalvikvm( 1359): VFY: unable to resolve const-class 13583 (Lorg/apache/harmony/xnet/provider/jsse/OpenSSLSocketImpl;) in Lcom/facebook/ssl/openssl/check/CheckOpenSSLImplHasRequiredMethods;
03-11 15:50:33.377 D/dalvikvm( 1359): VFY: replacing opcode 0x1c at 0x000d
03-11 15:50:33.377 E/dalvikvm( 1359): Could not find class 'org.apache.harmony.xnet.provider.jsse.OpenSSLSocketFactoryImpl', referenced from method com.facebook.ssl.openssl.reflect.SSLParametersGetter.<clinit>
03-11 15:50:33.377 W/dalvikvm( 1359): VFY: unable to resolve const-class 13582 (Lorg/apache/harmony/xnet/provider/jsse/OpenSSLSocketFactoryImpl;) in Lcom/facebook/ssl/openssl/reflect/SSLParametersGetter;
03-11 15:50:33.377 D/dalvikvm( 1359): VFY: replacing opcode 0x1c at 0x000d
03-11 15:50:33.377 I/ActivityManager(  652): Start proc com.android.vending for broadcast com.android.vending/com.google.android.finsky.receivers.BootCompletedReceiver: pid=1556 uid=10052 gids={50052, 3003, 1028, 1015}
03-11 15:50:33.387 E/dalvikvm( 1359): Could not find class 'org.apache.harmony.xnet.provider.jsse.SSLParametersImpl', referenced from method com.facebook.ssl.openssl.reflect.SSLParametersGetter.a
03-11 15:50:33.387 W/dalvikvm( 1359): VFY: unable to resolve check-cast 13585 (Lorg/apache/harmony/xnet/provider/jsse/SSLParametersImpl;) in Lcom/facebook/ssl/openssl/reflect/SSLParametersGetter;
03-11 15:50:33.387 D/dalvikvm( 1359): VFY: replacing opcode 0x1f at 0x0006
03-11 15:50:33.387 E/dalvikvm( 1359): Could not find class 'org.apache.harmony.xnet.provider.jsse.SSLParametersImpl', referenced from method com.facebook.ssl.openssl.reflect.SSLSessionTimeoutSetter.<clinit>
03-11 15:50:33.387 W/dalvikvm( 1359): VFY: unable to resolve const-class 13585 (Lorg/apache/harmony/xnet/provider/jsse/SSLParametersImpl;) in Lcom/facebook/ssl/openssl/reflect/SSLSessionTimeoutSetter;
03-11 15:50:33.387 D/dalvikvm( 1359): VFY: replacing opcode 0x1c at 0x000d
03-11 15:50:33.387 W/dalvikvm( 1359): VFY: unable to find class referenced in signature (Lorg/apache/harmony/xnet/provider/jsse/SSLParametersImpl;)
03-11 15:50:33.387 E/dalvikvm( 1359): Could not find class 'org.apache.harmony.xnet.provider.jsse.ClientSessionContext', referenced from method com.facebook.ssl.openssl.reflect.SSLSessionTimeoutSetter.a
03-11 15:50:33.387 W/dalvikvm( 1359): VFY: unable to resolve check-cast 13581 (Lorg/apache/harmony/xnet/provider/jsse/ClientSessionContext;) in Lcom/facebook/ssl/openssl/reflect/SSLSessionTimeoutSetter;
03-11 15:50:33.387 D/dalvikvm( 1359): VFY: replacing opcode 0x1f at 0x0006
03-11 15:50:33.387 W/dalvikvm( 1359): VFY: unable to find class referenced in signature (Lorg/apache/harmony/xnet/provider/jsse/SSLParametersImpl;)
03-11 15:50:33.387 W/dalvikvm( 1359): Unable to resolve superclass of Lcom/facebook/ssl/openssl/TicketEnabledOpenSSLSocketImplWrapper; (13584)
03-11 15:50:33.387 W/dalvikvm( 1359): Link of class 'Lcom/facebook/ssl/openssl/TicketEnabledOpenSSLSocketImplWrapper;' failed
03-11 15:50:33.387 E/dalvikvm( 1359): Could not find class 'com.facebook.ssl.openssl.TicketEnabledOpenSSLSocketImplWrapper', referenced from method com.facebook.ssl.openssl.TicketEnabledOpenSSLSocketFactoryHelper.a
03-11 15:50:33.387 W/dalvikvm( 1359): VFY: unable to resolve new-instance 10322 (Lcom/facebook/ssl/openssl/TicketEnabledOpenSSLSocketImplWrapper;) in Lcom/facebook/ssl/openssl/TicketEnabledOpenSSLSocketFactoryHelper;
03-11 15:50:33.387 D/dalvikvm( 1359): VFY: replacing opcode 0x22 at 0x0000
03-11 15:50:33.387 W/dalvikvm( 1359): Unable to resolve superclass of Lcom/facebook/ssl/openssl/TicketEnabledOpenSSLSocketImplWrapper; (13584)
03-11 15:50:33.387 W/dalvikvm( 1359): Link of class 'Lcom/facebook/ssl/openssl/TicketEnabledOpenSSLSocketImplWrapper;' failed
03-11 15:50:33.387 D/dalvikvm( 1359): DexOpt: unable to opt direct call 0xaa3b at 0x08 in Lcom/facebook/ssl/openssl/TicketEnabledOpenSSLSocketFactoryHelper;.a
03-11 15:50:33.397 D/dalvikvm( 1273): GC_CONCURRENT freed 226K, 3% free 10799K/11096K, paused 3ms+3ms, total 29ms
03-11 15:50:33.407 I/Email   ( 1521): Observing account changes for notifications
03-11 15:50:33.407 W/ActivityManager(  652): Unable to start service Intent { cmp=com.google.android.email/com.android.email.service.AttachmentDownloadService } U=0: not found
03-11 15:50:33.464 I/ActivityManager(  652): Delay finish: com.google.android.gms/.app.receiver.SystemBroadcastReceiver
03-11 15:50:33.464 I/ActivityManager(  652): Resuming delayed broadcast
03-11 15:50:33.468 D/dalvikvm( 1359): GC_CONCURRENT freed 844K, 7% free 13021K/13896K, paused 4ms+3ms, total 41ms
03-11 15:50:33.468 D/dalvikvm( 1359): WAIT_FOR_CONCURRENT_GC blocked 29ms
03-11 15:50:33.468 D/dalvikvm( 1359): WAIT_FOR_CONCURRENT_GC blocked 28ms
03-11 15:50:33.468 D/dalvikvm( 1359): WAIT_FOR_CONCURRENT_GC blocked 8ms
03-11 15:50:33.484 I/ActivityManager(  652): Start proc com.google.android.gms.ui for service com.google.android.gms/.auth.authzen.GcmReceiverService: pid=1618 uid=10023 gids={50023, 3003, 1007, 3002, 3001, 1028, 1015, 3007, 2001, 3006}
03-11 15:50:33.498 I/ActivityManager(  652): Start proc com.google.android.exchange for service com.google.android.exchange/com.android.exchange.service.EmailSyncAdapterService: pid=1573 uid=10019 gids={50019, 3003, 1028, 1015}
03-11 15:50:33.504 I/ActivityManager(  652): Start proc com.google.android.calendar for broadcast com.google.android.calendar/com.android.calendar.alerts.AlertReceiver: pid=1631 uid=10007 gids={50007, 3003}
03-11 15:50:33.508 W/ActivityManager(  652): Unable to start service Intent { cmp=com.google.android.email/com.android.email.service.AttachmentDownloadService } U=0: not found
03-11 15:50:33.524 W/ActivityManager(  652): Unable to start service Intent { act=com.google.android.gms.analytics.service.START cmp=com.google.android.gms/.analytics.service.AnalyticsService (has extras) } U=0: not found
03-11 15:50:33.528 D/Tethering(  652): MasterInitialState.processMessage what=3
03-11 15:50:33.528 D/CaptivePortalTracker(  652): NoActiveNetworkState{ when=-1ms what=1 obj=NetworkInfo: type: WIFI[], state: CONNECTED/CONNECTED, reason: (unspecified), extra: "aalto open", roaming: false, failover: false, isAvailable: true, isConnectedToProvisioningNetwork: false target=com.android.internal.util.StateMachine$SmHandler }
03-11 15:50:33.314 D/GpsLocationProvider(  652): NTP server returned: 1394545830287 (Tue Mar 11 15:50:30 EET 2014) reference: 29990 certainty: 4 system time offset: -3030
03-11 15:50:33.314 D/Finsky  ( 1556): [1] FinskyApp.onCreate: Initializing network with DFE https://android.clients.google.com/fdfe/
03-11 15:50:33.334 D/dalvikvm( 1556): GC_CONCURRENT freed 246K, 3% free 9165K/9444K, paused 2ms+3ms, total 21ms
03-11 15:50:33.394 D/Finsky  ( 1556): [1] DailyHygiene.goMakeHygieneIfDirty: No need to run daily hygiene.
03-11 15:50:33.404 W/Settings( 1556): Setting download_manager_max_bytes_over_mobile has moved from android.provider.Settings.Secure to android.provider.Settings.Global.
03-11 15:50:33.404 W/Settings( 1556): Setting download_manager_recommended_max_bytes_over_mobile has moved from android.provider.Settings.Secure to android.provider.Settings.Global.
03-11 15:50:33.444 D/dalvikvm( 1556): GC_CONCURRENT freed 255K, 3% free 9322K/9604K, paused 3ms+2ms, total 17ms
03-11 15:50:33.454 D/Volley  ( 1556): [97] DiskBasedCache.clear: Cache cleared.
03-11 15:50:33.454 D/Volley  ( 1556): [101] DiskBasedCache.clear: Cache cleared.
03-11 15:50:33.474 D/GCM     ( 1018): COMPAT: Multi user ser=0 current=0
03-11 15:50:33.474 D/GCM     ( 1078): GcmService start Intent { act=android.intent.action.BOOT_COMPLETED flg=0x8000010 cmp=com.google.android.gms/.gcm.GcmService (has extras) } android.intent.action.BOOT_COMPLETED
03-11 15:50:33.494 V/KeepAlert( 1054): Action android.intent.action.BOOT_COMPLETED
03-11 15:50:33.514 W/fb4a(:<default>):MqttPushService( 1359): Attempt to start service that is already started
03-11 15:50:33.524 I/GCoreUlr( 1018): Starting service, intent=Intent { cmp=com.google.android.gms/com.google.android.location.reporting.service.DispatchingService (has extras) }, extras=Bundle[{intentType=2, receiverAction=android.intent.action.BOOT_COMPLETED}]
03-11 15:50:33.528 D/        (  652): Setting time of day to sec=1394545833
03-11 15:50:33.534 I/MultiDex( 1618): load(/data/app/com.google.android.gms-2.apk, forceReload=false)
03-11 15:50:33.534 W/GAV2    ( 1165): Thread[GAThread,5,main]: Service unavailable (code=1), will retry.
03-11 15:50:33.534 D/Finsky  ( 1556): [1] GmsCoreHelper.cleanupNlp: result=false type=4
03-11 15:50:33.534 I/GCoreUlr( 1122): WorldUpdater received intent Intent { cmp=com.google.android.gms/com.google.android.location.reporting.service.DispatchingService (has extras) } with receiverAction android.intent.action.BOOT_COMPLETED, forceUpdate false
03-11 15:50:33.544 D/dalvikvm( 1018): Trying to load lib /data/app-lib/com.google.android.gms-2/libAppDataSearch.so 0x41e9c0e8
03-11 15:50:33.544 D/dalvikvm( 1018): Added shared lib /data/app-lib/com.google.android.gms-2/libAppDataSearch.so 0x41e9c0e8
03-11 15:50:33.544 D/dalvikvm( 1018): No JNI_OnLoad found in /data/app-lib/com.google.android.gms-2/libAppDataSearch.so 0x41e9c0e8, skipping init
03-11 15:50:33.544 I/GAV2    ( 1165): Thread[GAThread,5,main]: No campaign data found.
03-11 15:50:33.574 D/GCoreFlp( 1122): Unknown pending intent to remove.
03-11 15:50:33.584 D/dalvikvm( 1618): GC_CONCURRENT freed 167K, 3% free 9270K/9472K, paused 2ms+2ms, total 19ms
03-11 15:50:33.584 I/MultiDex( 1618): Need extracted file /data/data/com.google.android.gms/files/secondary-dexes/com.google.android.gms-2.apk.classes2.zip
03-11 15:50:33.584 I/MultiDex( 1618): No extraction needed for /data/data/com.google.android.gms/files/secondary-dexes/com.google.android.gms-2.apk.classes2.zip of size 1430457
03-11 15:50:33.594 V/AuthZen ( 1618): Received a GCM message.
03-11 15:50:33.604 V/AuthZen ( 1618): [DefaultAuthzenGcmReceiverDelegateService] Received an Authzen GCM message.
03-11 15:50:33.654 D/AlertReceiver( 1631): onReceive: a=android.intent.action.BOOT_COMPLETED Intent { act=android.intent.action.BOOT_COMPLETED flg=0x8000010 cmp=com.google.android.calendar/com.android.calendar.alerts.AlertReceiver (has extras) }
03-11 15:50:33.654 D/dalvikvm( 1556): GC_CONCURRENT freed 174K, 3% free 9550K/9756K, paused 2ms+8ms, total 24ms
03-11 15:50:33.654 I/ActivityManager(  652): Delay finish: com.google.android.calendar/com.android.calendar.alerts.AlertReceiver
03-11 15:50:33.674 D/AlertService( 1631): 0 Action = android.intent.action.BOOT_COMPLETED
03-11 15:50:33.674 D/dalvikvm( 1018): GC_CONCURRENT freed 596K, 7% free 9269K/9900K, paused 1ms+2ms, total 13ms
03-11 15:50:33.674 D/AlertService( 1631): Scheduling next alarm with AlarmScheduler. sEventReminderReceived: null
03-11 15:50:33.684 I/GCoreUlr( 1122): Ensuring that reporting is stopped because of reasons: {account#-17#=[InactiveReason{mVersionCode=0, mIdentifier=6, mName='ReportingNotSelected'}]}
03-11 15:50:33.694 D/GCoreFlp( 1122): Unknown pending intent to remove.
03-11 15:50:33.694 I/GCoreUlr( 1122): Unbound from all location providers
03-11 15:50:33.694 I/AuthZen ( 1618): Fetching signing key...
03-11 15:50:33.704 D/AlarmScheduler( 1631): Query result count for events starting within 1 week: 3
03-11 15:50:33.704 D/Finsky  ( 1556): [1] 2.run: Loaded library for account: [h8oDSybNDDZzpp4iys_x3qq36Xs]
03-11 15:50:33.704 D/Finsky  ( 1556): [1] 2.run: Finished loading 1 libraries.
03-11 15:50:33.704 D/Finsky  ( 1556): [1] RestoreTracker.stopServiceIfDone: Restore complete with 0 success and 0 failed.
03-11 15:50:33.734 I/AuthZen ( 1618): Signing key fetched successfuly!
03-11 15:50:33.734 I/ActivityManager(  652): Resuming delayed broadcast
03-11 15:50:33.754 I/ActivityManager(  652): Start proc com.google.android.youtube for broadcast com.google.android.youtube/com.google.android.apps.youtube.core.transfer.DownloadService$BootReceiver: pid=1666 uid=10066 gids={50066, 3003, 1028, 1015}
03-11 15:50:33.754 I/ActivityManager(  652): Killing 868:android.process.acore/u0a0 (adj 15): empty #17
03-11 15:50:33.904 D/YouTube ( 1666): apps.youtube.core.utils.bh.a:41 HttpClient.UserAgent: com.google.android.youtube/5.3.32(Linux; U; Android 4.4.2; en_US; Nexus 7 Build/KOT49H)
03-11 15:50:33.924 D/dalvikvm( 1359): GC_CONCURRENT freed 908K, 7% free 13465K/14404K, paused 4ms+4ms, total 45ms
03-11 15:50:33.924 D/dalvikvm( 1359): WAIT_FOR_CONCURRENT_GC blocked 23ms
03-11 15:50:33.924 D/dalvikvm( 1666): GC_CONCURRENT freed 294K, 4% free 9199K/9524K, paused 2ms+2ms, total 19ms
03-11 15:50:33.924 D/dalvikvm( 1666): WAIT_FOR_CONCURRENT_GC blocked 6ms
03-11 15:50:33.974 D/YouTube ( 1666): apps.youtube.core.utils.bh.a:41 HttpClient.UserAgent: com.google.android.youtube/5.3.32(Linux; U; Android 4.4.2; en_US; Nexus 7 Build/KOT49H)
03-11 15:50:34.064 D/YouTube ( 1666): apps.youtube.core.client.y.a:114 event [version=5.3.32-s2000, action=Startup, label=NORMAL_STARTUP, value=-1]
03-11 15:50:34.064 D/dalvikvm( 1666): GC_CONCURRENT freed 277K, 4% free 9346K/9656K, paused 3ms+2ms, total 14ms
03-11 15:50:34.104 D/dalvikvm( 1666): GC_CONCURRENT freed 268K, 4% free 9593K/9892K, paused 1ms+1ms, total 15ms
03-11 15:50:34.104 D/dalvikvm( 1666): WAIT_FOR_CONCURRENT_GC blocked 4ms
03-11 15:50:34.104 D/dalvikvm( 1666): WAIT_FOR_CONCURRENT_GC blocked 4ms
03-11 15:50:34.104 D/dalvikvm( 1666): WAIT_FOR_CONCURRENT_GC blocked 5ms
03-11 15:50:34.144 D/dalvikvm( 1666): GC_CONCURRENT freed 259K, 3% free 9846K/10136K, paused 1ms+2ms, total 17ms
03-11 15:50:34.144 D/dalvikvm( 1666): WAIT_FOR_CONCURRENT_GC blocked 11ms
03-11 15:50:34.144 D/dalvikvm( 1666): WAIT_FOR_CONCURRENT_GC blocked 11ms
03-11 15:50:34.144 D/dalvikvm( 1666): WAIT_FOR_CONCURRENT_GC blocked 11ms
03-11 15:50:34.144 D/dalvikvm( 1666): WAIT_FOR_CONCURRENT_GC blocked 11ms
03-11 15:50:34.144 D/dalvikvm( 1666): WAIT_FOR_CONCURRENT_GC blocked 11ms
03-11 15:50:34.184 D/dalvikvm( 1666): GC_CONCURRENT freed 332K, 4% free 10029K/10392K, paused 1ms+2ms, total 20ms
03-11 15:50:34.184 D/dalvikvm( 1666): WAIT_FOR_CONCURRENT_GC blocked 11ms
03-11 15:50:34.184 D/dalvikvm( 1666): WAIT_FOR_CONCURRENT_GC blocked 11ms
03-11 15:50:34.184 D/dalvikvm( 1666): WAIT_FOR_CONCURRENT_GC blocked 11ms
03-11 15:50:34.184 D/dalvikvm( 1666): WAIT_FOR_CONCURRENT_GC blocked 11ms
03-11 15:50:34.184 D/dalvikvm( 1666): WAIT_FOR_CONCURRENT_GC blocked 11ms
03-11 15:50:34.194 D/dalvikvm( 1666): DexOpt: --- BEGIN 'ads-196947634.jar' (bootstrap=0) ---
03-11 15:50:34.214 D/dalvikvm( 1666): GC_CONCURRENT freed 407K, 5% free 10134K/10572K, paused 3ms+2ms, total 20ms
03-11 15:50:34.214 D/dalvikvm( 1666): WAIT_FOR_CONCURRENT_GC blocked 11ms
03-11 15:50:34.214 D/dalvikvm( 1666): WAIT_FOR_CONCURRENT_GC blocked 11ms
03-11 15:50:34.214 D/dalvikvm( 1666): WAIT_FOR_CONCURRENT_GC blocked 11ms
03-11 15:50:34.224 D/dalvikvm( 1666): WAIT_FOR_CONCURRENT_GC blocked 12ms
03-11 15:50:34.224 D/dalvikvm( 1691): DexOpt: load 3ms, verify+opt 5ms, 158252 bytes
03-11 15:50:34.244 D/dalvikvm( 1666): DexOpt: --- END 'ads-196947634.jar' (success) ---
03-11 15:50:34.244 D/dalvikvm( 1666): DEX prep '/data/data/com.google.android.youtube/cache/ads-196947634.jar': unzip in 0ms, rewrite 58ms
03-11 15:50:34.264 D/dalvikvm( 1666): GC_CONCURRENT freed 417K, 5% free 10227K/10676K, paused 1ms+2ms, total 20ms
03-11 15:50:34.264 D/dalvikvm( 1666): WAIT_FOR_CONCURRENT_GC blocked 11ms
03-11 15:50:34.264 D/dalvikvm( 1666): WAIT_FOR_CONCURRENT_GC blocked 11ms
03-11 15:50:34.264 D/dalvikvm( 1666): WAIT_FOR_CONCURRENT_GC blocked 11ms
03-11 15:50:34.264 D/dalvikvm( 1666): WAIT_FOR_CONCURRENT_GC blocked 9ms
03-11 15:50:34.304 D/dalvikvm( 1666): GC_CONCURRENT freed 277K, 4% free 10438K/10772K, paused 2ms+2ms, total 21ms
03-11 15:50:34.304 D/dalvikvm( 1666): WAIT_FOR_CONCURRENT_GC blocked 15ms
03-11 15:50:34.304 D/dalvikvm( 1666): WAIT_FOR_CONCURRENT_GC blocked 15ms
03-11 15:50:34.304 D/dalvikvm( 1666): WAIT_FOR_CONCURRENT_GC blocked 15ms
03-11 15:50:34.314 D/dalvikvm( 1666): WAIT_FOR_CONCURRENT_GC blocked 16ms
03-11 15:50:34.314 D/dalvikvm( 1666): WAIT_FOR_CONCURRENT_GC blocked 16ms
03-11 15:50:34.314 D/dalvikvm( 1666): WAIT_FOR_CONCURRENT_GC blocked 16ms
03-11 15:50:34.354 D/dalvikvm( 1666): GC_CONCURRENT freed 479K, 5% free 10463K/10984K, paused 2ms+2ms, total 20ms
03-11 15:50:34.354 D/dalvikvm( 1666): WAIT_FOR_CONCURRENT_GC blocked 13ms
03-11 15:50:34.354 D/dalvikvm( 1666): WAIT_FOR_CONCURRENT_GC blocked 13ms
03-11 15:50:34.354 D/dalvikvm( 1666): WAIT_FOR_CONCURRENT_GC blocked 13ms
03-11 15:50:34.354 D/dalvikvm( 1666): WAIT_FOR_CONCURRENT_GC blocked 13ms
03-11 15:50:34.354 D/dalvikvm( 1666): WAIT_FOR_CONCURRENT_GC blocked 13ms
03-11 15:50:34.354 D/dalvikvm( 1666): WAIT_FOR_CONCURRENT_GC blocked 14ms
03-11 15:50:34.364 D/YouTube ( 1666): apps.youtube.core.cache.f.run:163 Cache is below limit, no need to shrink: [size=20959091, limit=20971520]
03-11 15:50:34.394 D/dalvikvm( 1666): GC_CONCURRENT freed 443K, 5% free 10464K/11008K, paused 2ms+3ms, total 26ms
03-11 15:50:34.394 D/dalvikvm( 1666): WAIT_FOR_CONCURRENT_GC blocked 22ms
03-11 15:50:34.394 D/dalvikvm( 1666): WAIT_FOR_CONCURRENT_GC blocked 22ms
03-11 15:50:34.394 D/dalvikvm( 1666): WAIT_FOR_CONCURRENT_GC blocked 22ms
03-11 15:50:34.394 D/dalvikvm( 1666): WAIT_FOR_CONCURRENT_GC blocked 22ms
