03-11 16:34:50.336 W/art     ( 1487): Before Android 4.1, method void com.facebook.reflex.view.ViewPagerAutoReflex.invalidate(boolean) would have incorrectly overridden the package-private method in android.view.View
03-11 16:34:50.346 W/art     ( 1487): Before Android 4.1, method void com.facebook.reflex.view.ViewPager.invalidate(boolean) would have incorrectly overridden the package-private method in android.view.View
03-11 16:34:50.356 V/MediaScanner(  862): pruneDeadThumbnailFiles... android.database.sqlite.SQLiteCursor@64ea1988
03-11 16:34:50.356 V/MediaScanner(  862): /pruneDeadThumbnailFiles... android.database.sqlite.SQLiteCursor@64ea1988
03-11 16:34:50.366 I/ActivityManager(  637): Resuming delayed broadcast
03-11 16:34:50.376 W/art     (  184): Could not get current activity
03-11 16:34:50.386 D/MtpService(  862): updating state; isCurrentUser=true, mMtpLocked=false
03-11 16:34:50.386 I/ActivityManager(  637): Start proc com.google.android.nfcprovision for broadcast com.google.android.nfcprovision/.BootReceiver: pid=1618 uid=10046 gids={50046, 1028, 3002, 3001, 3003}
03-11 16:34:50.416 W/art     ( 1618): Failed to find ELF magic in /system/priv-app/NfcProvision.odex: dey
03-11 16:34:50.456 I/ActivityManager(  637): Start proc com.google.android.deskclock for broadcast com.google.android.deskclock/com.android.deskclock.AlarmInitReceiver: pid=1636 uid=10015 gids={50015, 1028}
03-11 16:34:50.496 W/art     ( 1636): Failed to find ELF magic in /system/app/DeskClockGoogle.odex: dey
03-11 16:34:50.526 V/AlarmClock( 1636): AlarmInitReceiver android.intent.action.BOOT_COMPLETED
03-11 16:34:50.566 V/AlarmClock( 1636): AlarmInitReceiver - Reset timers and clear stopwatch data
03-11 16:34:50.586 I/AlarmClock( 1636): Displaying next alarm time: ''
03-11 16:34:50.596 V/AlarmClock( 1636): AlarmInitReceiver finished
03-11 16:34:50.616 I/ActivityManager(  637): Start proc com.google.android.email for broadcast com.google.android.email/com.android.email.service.EmailBroadcastReceiver: pid=1656 uid=10018 gids={50018, 3003, 1028, 1015}
03-11 16:34:50.646 W/art     ( 1656): Failed to find ELF magic in /system/app/EmailGoogle.odex: dey
03-11 16:34:50.796 D/ActivityThread( 1656): Loading provider com.google.android.email.provider;com.google.android.email.notifier: com.android.email.provider.EmailProvider
03-11 16:34:50.896 D/ActivityThread( 1656): Loading provider com.google.android.email.provider;com.google.android.email.notifier: com.android.email.provider.EmailProvider
03-11 16:34:50.947 I/ActivityManager(  637): Delay finish: com.google.android.email/com.android.email.service.EmailBroadcastReceiver
03-11 16:34:51.027 W/ActivityManager(  637): Unable to start service Intent { cmp=com.google.android.email/com.android.email.service.AttachmentDownloadService } U=0: not found
03-11 16:34:51.047 I/Email   ( 1656): Observing account changes for notifications
03-11 16:34:51.047 I/ActivityManager(  637): Delaying start of: ServiceRecord{65633178 u0 com.google.android.exchange/com.android.exchange.service.EmailSyncAdapterService}
03-11 16:34:51.077 I/ActivityManager(  637): Start proc com.google.android.exchange for service com.google.android.exchange/com.android.exchange.service.EmailSyncAdapterService: pid=1684 uid=10019 gids={50019, 3003, 1028, 1015}
03-11 16:34:51.077 W/ActivityManager(  637): Unable to start service Intent { cmp=com.google.android.email/com.android.email.service.AttachmentDownloadService } U=0: not found
03-11 16:34:51.077 W/ActivityManager(  637): Unable to start service Intent { cmp=com.google.android.email/com.android.email.service.AttachmentDownloadService } U=0: not found
03-11 16:34:51.117 W/art     ( 1684): Failed to find ELF magic in /system/app/Exchange2Google.odex: dey
03-11 16:34:51.237 I/ActivityManager(  637): Resuming delayed broadcast
03-11 16:34:51.237 I/ActivityManager(  637): Delay finish: com.google.android.syncadapters.contacts/.ContactsSyncAdapterBroadcastReceiver
03-11 16:34:51.267 I/LauncherIconVisibilityManager(  880): Boot has been completed
03-11 16:34:51.267 I/LauncherIconVisibilityManager(  880): Activity has already been disabled: ComponentInfo{com.google.android.inputmethod.latin/com.android.inputmethod.latin.setup.SetupActivity}
03-11 16:34:51.267 I/ActivityManager(  637): Resuming delayed broadcast
03-11 16:34:51.297 I/ActivityManager(  637): Start proc com.android.vending for broadcast com.android.vending/com.google.android.finsky.receivers.BootCompletedReceiver: pid=1708 uid=10052 gids={50052, 3003, 1028, 1015}
03-11 16:34:51.577 D/Finsky  ( 1708): [1] FinskyApp.onCreate: Initializing network with DFE https://android.clients.google.com/fdfe/
03-11 16:34:51.687 D/Finsky  ( 1708): [1] DailyHygiene.goMakeHygieneIfDirty: No need to run daily hygiene.
03-11 16:34:51.717 I/art     ( 1487): GcCauseBackground sticky partial concurrent mark sweep GC freed 26950(1992KB) AllocSpace objects, 0(0B) LOS objects, 11% free, 14MB/16MB, paused 6.805ms total 54.349ms
03-11 16:34:51.747 W/Settings( 1708): Setting download_manager_max_bytes_over_mobile has moved from android.provider.Settings.Secure to android.provider.Settings.Global.
03-11 16:34:51.747 W/Settings( 1708): Setting download_manager_recommended_max_bytes_over_mobile has moved from android.provider.Settings.Secure to android.provider.Settings.Global.
03-11 16:34:51.847 D/Volley  ( 1708): [156] DiskBasedCache.clear: Cache cleared.
03-11 16:34:51.847 D/Volley  ( 1708): [160] DiskBasedCache.clear: Cache cleared.
03-11 16:34:51.847 I/ActivityManager(  637): Delay finish: com.google.android.gms/.common.status.StatusServiceLauncherBroadcastReceiver
03-11 16:34:51.867 D/Finsky  ( 1708): [1] GmsCoreHelper.cleanupNlp: result=false type=4
03-11 16:34:51.917 D/Finsky  ( 1708): [1] 2.run: Loaded library for account: [h8oDSybNDDZzpp4iys_x3qq36Xs]
03-11 16:34:51.917 D/Finsky  ( 1708): [1] 2.run: Finished loading 1 libraries.
03-11 16:34:51.917 D/Finsky  ( 1708): [1] RestoreTracker.stopServiceIfDone: Restore complete with 0 success and 0 failed.
03-11 16:34:51.917 I/ActivityManager(  637): Resuming delayed broadcast
03-11 16:34:51.927 V/KeepAlert( 1061): Action android.intent.action.BOOT_COMPLETED
03-11 16:34:51.927 I/ActivityManager(  637): Delay finish: com.google.android.keep/.notification.AlertReceiver
03-11 16:34:51.967 D/GCM     ( 1081): COMPAT: Multi user ser=0 current=0
03-11 16:34:51.977 D/GCM     ( 1146): GcmService start Intent { act=android.intent.action.BOOT_COMPLETED flg=0x8000010 cmp=com.google.android.gms/.gcm.GcmService (has extras) } android.intent.action.BOOT_COMPLETED
03-11 16:34:51.977 I/ActivityManager(  637): Resuming delayed broadcast
03-11 16:34:52.007 I/ActivityManager(  637): Start proc com.google.android.gms.ui for service com.google.android.gms/.auth.authzen.GcmReceiverService: pid=1754 uid=10023 gids={50023, 3003, 1007, 3002, 3001, 1028, 1015, 3007, 2001, 3006}
03-11 16:34:52.037 I/ActivityManager(  637): Start proc com.google.android.calendar for broadcast com.google.android.calendar/com.android.calendar.alerts.AlertReceiver: pid=1772 uid=10007 gids={50007, 3003}
03-11 16:34:52.058 I/art     ( 1081): Heap trim of managed (duration=1.251194ms, advised=364KB) and native (duration=1.495329ms, advised=12KB) heaps. Managed heap utilization of 61%.
03-11 16:34:52.068 I/GCoreUlr( 1081): Starting service, intent=Intent { cmp=com.google.android.gms/com.google.android.location.reporting.service.DispatchingService (has extras) }, extras=Bundle[{intentType=2, receiverAction=android.intent.action.BOOT_COMPLETED}]
03-11 16:34:52.078 W/art     ( 1754): Failed to find ELF magic in /system/framework/com.android.location.provider.odex: dey
03-11 16:34:52.078 I/GCoreUlr( 1196): WorldUpdater received intent Intent { cmp=com.google.android.gms/com.google.android.location.reporting.service.DispatchingService (has extras) } with receiverAction android.intent.action.BOOT_COMPLETED, forceUpdate false
03-11 16:34:52.078 W/art     ( 1754): Failed to find ELF magic in /system/framework/com.android.media.remotedisplay.odex: dey
03-11 16:34:52.088 I/MultiDex( 1754): load(/data/app/com.google.android.gms-2.apk, forceReload=false)
03-11 16:34:52.118 I/MultiDex( 1754): Need extracted file /data/data/com.google.android.gms/files/secondary-dexes/com.google.android.gms-2.apk.classes2.zip
03-11 16:34:52.118 I/MultiDex( 1754): No extraction needed for /data/data/com.google.android.gms/files/secondary-dexes/com.google.android.gms-2.apk.classes2.zip of size 1430457
03-11 16:34:52.128 V/AuthZen ( 1754): Received a GCM message.
03-11 16:34:52.128 V/AuthZen ( 1754): [DefaultAuthzenGcmReceiverDelegateService] Received an Authzen GCM message.
03-11 16:34:52.198 W/art     ( 1487): Before Android 4.1, method void com.facebook.reflex.view.FrameLayoutAutoReflex.invalidate(boolean) would have incorrectly overridden the package-private method in android.view.View
03-11 16:34:52.208 W/art     ( 1487): Before Android 4.1, method void com.facebook.reflex.view.FrameLayout.invalidate(boolean) would have incorrectly overridden the package-private method in android.view.View
03-11 16:34:52.228 I/AuthZen ( 1754): Fetching signing key...
03-11 16:34:52.238 D/AlertReceiver( 1772): onReceive: a=android.intent.action.BOOT_COMPLETED Intent { act=android.intent.action.BOOT_COMPLETED flg=0x8000010 cmp=com.google.android.calendar/com.android.calendar.alerts.AlertReceiver (has extras) }
03-11 16:34:52.238 I/GCoreUlr( 1196): Ensuring that reporting is stopped because of reasons: {account#-17#=[InactiveReason{mVersionCode=0, mIdentifier=6, mName='ReportingNotSelected'}]}
03-11 16:34:52.238 D/GCoreFlp( 1196): Unknown pending intent to remove.
03-11 16:34:52.238 I/GCoreUlr( 1196): Unbound from all location providers
03-11 16:34:52.238 I/ActivityManager(  637): Delay finish: com.google.android.calendar/com.android.calendar.alerts.AlertReceiver
03-11 16:34:52.258 D/AlertService( 1772): 0 Action = android.intent.action.BOOT_COMPLETED
03-11 16:34:52.258 D/AlertService( 1772): Scheduling next alarm with AlarmScheduler. sEventReminderReceived: null
03-11 16:34:52.268 I/AuthZen ( 1754): Signing key fetched successfuly!
03-11 16:34:52.308 D/AlarmScheduler( 1772): Query result count for events starting within 1 week: 3
03-11 16:34:52.318 I/ActivityManager(  637): Resuming delayed broadcast
03-11 16:34:52.338 I/ActivityManager(  637): Start proc com.google.android.youtube for broadcast com.google.android.youtube/com.google.android.apps.youtube.core.transfer.DownloadService$BootReceiver: pid=1814 uid=10066 gids={50066, 3003, 1028, 1015}
03-11 16:34:52.408 W/art     ( 1487): Before Android 4.1, method void com.facebook.messaging.reflex.SwipableOverlayLayoutAutoReflex.invalidate(boolean) would have incorrectly overridden the package-private method in android.view.View
03-11 16:34:52.418 W/art     ( 1487): Before Android 4.1, method void com.facebook.messaging.reflex.SwipableOverlayLayout.invalidate(boolean) would have incorrectly overridden the package-private method in android.view.View
03-11 16:34:52.518 I/art     ( 1487): GcCauseBackground sticky partial concurrent mark sweep GC freed 12099(955KB) AllocSpace objects, 0(0B) LOS objects, 6% free, 15MB/16MB, paused 9.490ms total 44.768ms
03-11 16:34:52.558 I/art     ( 1146): Heap trim of managed (duration=3.540004ms, advised=40KB) and native (duration=1.373278ms, advised=0B) heaps. Managed heap utilization of 74%.
03-11 16:34:52.588 D/YouTube ( 1814): apps.youtube.core.utils.bh.a:41 HttpClient.UserAgent: com.google.android.youtube/5.3.32(Linux; U; Android 4.4.2; en_US; Nexus 7 Build/KOT49H)
03-11 16:34:52.618 D/YouTube ( 1814): apps.youtube.core.utils.bh.a:41 HttpClient.UserAgent: com.google.android.youtube/5.3.32(Linux; U; Android 4.4.2; en_US; Nexus 7 Build/KOT49H)
03-11 16:34:52.748 E/FbInjectorInitializer( 1487): Multi-binding Key[type=com.facebook.common.init.INeedInit, annotation=[none]] wasn't declared.
03-11 16:34:52.778 I/art     ( 1487): GcCauseBackground sticky partial concurrent mark sweep GC freed 10548(589KB) AllocSpace objects, 0(0B) LOS objects, 3% free, 16MB/16MB, paused 20.629ms total 43.853ms
03-11 16:34:52.828 D/YouTube ( 1814): apps.youtube.core.client.y.a:114 event [version=5.3.32-s2000, action=Startup, label=NORMAL_STARTUP, value=-1]
03-11 16:34:52.868 I/art     ( 1487): GcCauseBackground sticky partial concurrent mark sweep GC freed 6142(344KB) AllocSpace objects, 0(0B) LOS objects, 3% free, 16MB/16MB, paused 7.354ms total 24.200ms
03-11 16:34:52.998 I/art     ( 1487): GcCauseBackground partial concurrent mark sweep GC freed 1954(222KB) AllocSpace objects, 0(0B) LOS objects, 1% free, 16MB/16MB, paused 14.312ms total 75.988ms
03-11 16:34:53.028 I/art     ( 1814): Heap trim of managed (duration=2.349842ms, advised=96KB) and native (duration=1.434320ms, advised=4KB) heaps. Managed heap utilization of 64%.
03-11 16:34:53.149 D/YouTube ( 1814): apps.youtube.core.cache.f.run:163 Cache is below limit, no need to shrink: [size=20959091, limit=20971520]
03-11 16:34:53.169 I/dex2oat ( 1856): dex2oat: /data/data/com.google.android.youtube/cache/ads-1420734229.dex
03-11 16:34:53.249 W/fb4a(:<default>):BaseAnalyticsConfig( 1487): willEventBeLogged() called before shared prefs were initialized! Defaulting to true.
03-11 16:34:53.249 W/fb4a(:<default>):BaseAnalyticsConfig( 1487): willEventBeLogged() called before shared prefs were initialized! Defaulting to true.
03-11 16:34:53.469 I/GoogleConversionPing( 1814): Pinging: http://www.googleadservices.com/pagead/conversion/1001680686/?label=4dahCKKczAYQrt7R3QM&value=&muid=3d7Kar_rtkE_kqQoEbYVwg&bundleid=com.google.android.youtube&appversion=5.3.32&osversion=4.4.2&sdkversion=ct-sdk-a-v1.1.0&remarketing_only=1&timestamp=1394548493&data=screen_name%3D%3CAndroid_YT_Open_App%3E
03-11 16:34:53.549 I/GoogleConversionPing( 1814): Ping responded with response code 200
03-11 16:34:53.589 D/YouTube ( 1814): apps.youtube.core.transfer.DownloadService$BootReceiver.onReceive:97 boot completed, starting download service
03-11 16:34:53.589 D/YouTube ( 1814): apps.youtube.core.transfer.TransferService.onCreate:108 creating transfer service
03-11 16:34:53.609 D/YouTube ( 1814): apps.youtube.app.prefetch.PrefetchService$DeviceStateReceiver.onReceive:565 Got device state change intent: android.intent.action.BOOT_COMPLETED
03-11 16:34:53.609 I/ActivityManager(  637): Delay finish: com.google.android.youtube/com.google.android.apps.youtube.app.prefetch.PrefetchService$DeviceStateReceiver
03-11 16:34:53.619 D/YouTube ( 1814): apps.youtube.app.prefetch.PrefetchService.onStartCommand:167 PrefetchService started at 11 Mar 2014 14:34:53 GMT
03-11 16:34:53.619 D/YouTube ( 1814): apps.youtube.app.prefetch.PrefetchService.p_:245 Download snapshot restored
03-11 16:34:53.619 I/ActivityManager(  637): Resuming delayed broadcast
03-11 16:34:53.639 W/art     (  184): Could not get current activity
03-11 16:34:53.649 I/ActivityManager(  637): Start proc com.google.android.googlequicksearchbox:search for broadcast com.google.android.googlequicksearchbox/com.google.android.search.core.StartUpReceiver: pid=1887 uid=10060 gids={50060, 3003, 1028, 3002, 1015}
03-11 16:34:53.699 D/YouTube ( 1814): apps.youtube.app.prefetch.PrefetchService.onDestroy:215 PrefetchService destroyed at 11 Mar 2014 14:34:53 GMT
03-11 16:34:53.699 I/ActivityManager(  637): Killing 1012:android.process.acore/u0a0 (adj 15): empty #17
03-11 16:34:53.749 I/ActivityManager(  637): Killing 1258:com.google.android.apps.magazines/u0a40 (adj 15): empty #17
03-11 16:34:53.909 W/GLSUser ( 1146): GoogleAccountDataService.getToken()
03-11 16:34:53.939 I/GoogleHttpClient( 1146): Falling back to old http client 0 java.lang.NoSuchMethodException: <init> [class android.content.Context, class java.lang.String, boolean]
03-11 16:34:53.999 I/NotificationStore( 1146): file does not exist: /data/data/com.google.android.gms/files/notification_data.dat
03-11 16:34:54.029 W/BroadcastQueue(  637): Permission Denial: broadcasting Intent { act=android.net.conn.CONNECTIVITY_CHANGE flg=0x4000010 (has extras) } from null (pid=-1, uid=-1) requires com.facebook.permission.prod.FB_APP_COMMUNICATION due to registered receiver BroadcastFilter{65583378 u0 ReceiverList{6558e340 1377 com.facebook.katana:dash_service/10114/u0 remote:655ed720}}
03-11 16:34:54.029 W/BroadcastQueue(  637): Permission Denial: broadcasting Intent { act=android.net.conn.CONNECTIVITY_CHANGE flg=0x4000010 (has extras) } from null (pid=-1, uid=-1) requires com.facebook.permission.prod.FB_APP_COMMUNICATION due to registered receiver BroadcastFilter{653a3188 u0 ReceiverList{653b60c8 1377 com.facebook.katana:dash_service/10114/u0 remote:65543068}}
03-11 16:34:54.230 D/HandsFreeActivity( 1887): shouldBeEnabled: locale=en-US
03-11 16:34:54.230 D/HandsFreeActivity( 1887): Voice dialer enabled state: true
03-11 16:34:54.240 I/ActivityManager(  637): Killing 911:com.android.settings/1000 (adj 15): empty #17
03-11 16:34:54.280 I/ActivityManager(  637): Start proc com.dropbox.android for broadcast com.dropbox.android/.service.WakeupReceiver: pid=1938 uid=10075 gids={50075, 3003, 1028, 1015}
03-11 16:34:54.290 W/GAV2    ( 1887): Thread[Thread-178,5,main]: Need to call initialize() and be in fallback mode to start dispatch.
03-11 16:34:54.300 W/GAV2    ( 1887): Thread[Thread-178,5,main]: dispatch call queued.  Need to call GAServiceManager.getInstance().initialize().
03-11 16:34:54.300 I/ActivityManager(  637): Killing 1029:com.android.printspooler/u0a105 (adj 15): empty #17
03-11 16:34:54.410 W/BroadcastQueue(  637): Permission Denial: broadcasting Intent { act=android.net.conn.CONNECTIVITY_CHANGE flg=0x4000010 (has extras) } from null (pid=-1, uid=-1) requires com.facebook.permission.prod.FB_APP_COMMUNICATION due to registered receiver BroadcastFilter{655b2a58 u0 ReceiverList{655b29f8 1487 com.facebook.katana/10114/u0 remote:6577bbc0}}
03-11 16:34:54.420 W/BroadcastQueue(  637): Permission Denial: broadcasting Intent { act=android.net.conn.CONNECTIVITY_CHANGE flg=0x4000010 (has extras) } from null (pid=-1, uid=-1) requires com.facebook.permission.prod.FB_APP_COMMUNICATION due to registered receiver BroadcastFilter{6562b270 u0 ReceiverList{6562b210 1487 com.facebook.katana/10114/u0 remote:655b38a8}}
03-11 16:34:54.580 I/art     ( 1487): GcCauseBackground sticky partial concurrent mark sweep GC freed 53454(2MB) AllocSpace objects, 1(38KB) LOS objects, 13% free, 19MB/21MB, paused 19.317ms total 76.568ms
03-11 16:34:54.610 I/com.dropbox.android.service.DropboxNetworkReceiver( 1938): Setting receiver enabled: false
03-11 16:34:54.660 W/fb4a(:<default>):MqttPushService( 1487): Attempt to start service that is already started
03-11 16:34:54.690 D/GCoreFlp( 1196): Unknown pending intent to remove.
03-11 16:34:54.770 W/Settings( 1938): Setting airplane_mode_on has moved from android.provider.Settings.System to android.provider.Settings.Global, returning read-only value.
03-11 16:34:54.800 I/com.dropbox.sync.android.a( 1938): Prepared cache dir '/data/data/com.dropbox.android/app_DropboxSyncCache/hizqkiq3952astb'.
03-11 16:34:54.810 I/dbxyzptlk.db231210.k.c( 1938): Watching file: /8fb0427b/4fa4b1d1/30/2fe0ce4f/2eefaa/fe467c90/5ceba77/72d0b2fa/c74b192d/75bd7a7a
03-11 16:34:54.810 I/dbxyzptlk.db231210.k.c( 1938): Notifying of potential change to /8fb0427b/4fa4b1d1/30/2fe0ce4f/2eefaa/fe467c90/5ceba77/72d0b2fa/c74b192d/75bd7a7a
03-11 16:34:54.840 I/com.dropbox.sync.android.aa( 1938): Dropbox initialized for application: hizqkiq3952astb (com.dropbox.android/231210 DropboxSync/2.0.2 (Android; 4.4.2; asus Nexus 7 armeabi-v7a; en_US))
03-11 16:34:54.840 I/com.dropbox.sync.android.V( 1938): Dropbox user 11616711 linked.
03-11 16:34:54.950 W/ContextImpl( 1938): Implicit intents with startService are not safe: Intent { act=com.android.vending.billing.InAppBillingService.BIND } android.content.ContextWrapper.bindService:517 com.dropbox.android.payments.h.c:298 com.dropbox.android.payments.DbxSubscriptions.c:109 
03-11 16:34:54.960 I/ActivityManager(  637): Start proc org.mozilla.fennec for broadcast org.mozilla.fennec/org.mozilla.gecko.background.announcements.AnnouncementsBroadcastReceiver: pid=1981 uid=10111 gids={50111, 3003, 1028, 1015}
03-11 16:34:54.980 D/Finsky  ( 1708): [149] InAppBillingUtils.pickAccount: com.dropbox.android: Account determined from installer data - [h8oDSybNDDZzpp4iys_x3qq36Xs]
03-11 16:34:54.980 D/Finsky  ( 1708): [150] InAppBillingUtils.pickAccount: com.dropbox.android: Account determined from installer data - [h8oDSybNDDZzpp4iys_x3qq36Xs]
03-11 16:34:54.980 D/Finsky  ( 1708): [150] InAppBillingUtils.pickAccount: com.dropbox.android: Account determined from installer data - [h8oDSybNDDZzpp4iys_x3qq36Xs]
03-11 16:34:55.161 I/ActivityManager(  637): Delay finish: org.mozilla.fennec/org.mozilla.gecko.background.announcements.AnnouncementsBroadcastReceiver
03-11 16:34:55.201 I/art     ( 1487): GcCauseBackground sticky partial concurrent mark sweep GC freed 29116(2MB) AllocSpace objects, 0(0B) LOS objects, 9% free, 20MB/22MB, paused 11.169ms total 83.221ms
03-11 16:34:55.211 W/GeckoProfile( 1981): Requested profile directory missing.
03-11 16:34:55.211 D/GeckoProfile( 1981): Found profile dir.
03-11 16:34:55.221 I/ActivityManager(  637): Killing 1377:com.facebook.katana:dash_service/u0a114 (adj 15): empty #17
03-11 16:34:55.431 E/fb4a(:<default>):LocalFbBroadcastManager( 1487): Called registerBroadcastReceiver twice.
03-11 16:34:55.481 I/art     ( 1487): GcCauseBackground sticky partial concurrent mark sweep GC freed 31182(1490KB) AllocSpace objects, 0(0B) LOS objects, 8% free, 20MB/22MB, paused 13ms total 49.987ms
03-11 16:34:55.501 W/Settings( 1487): Setting wifi_sleep_policy has moved from android.provider.Settings.System to android.provider.Settings.Global, returning read-only value.
03-11 16:34:55.621 W/GeckoProfile( 1981): Requested profile directory missing.
03-11 16:34:55.621 I/ActivityManager(  637): Resuming delayed broadcast
03-11 16:34:55.621 I/ActivityManager(  637): Delay finish: org.mozilla.fennec/org.mozilla.gecko.background.healthreport.HealthReportBroadcastReceiver
03-11 16:34:55.631 W/GeckoProfile( 1981): Requested profile directory missing.
03-11 16:34:55.631 I/ActivityManager(  637): Resuming delayed broadcast
03-11 16:34:55.651 W/art     (  184): Could not get current activity
03-11 16:34:55.651 I/ActivityManager(  637): Start proc com.laurencedawson.reddit_sync:remote for broadcast com.laurencedawson.reddit_sync/.RedditMessageReceiver: pid=2020 uid=10073 gids={50073, 3003, 1028, 1015}
03-11 16:34:55.811 I/ActivityManager(  637): Start proc com.laurencedawson.reddit_sync for service com.laurencedawson.reddit_sync/.activities.MessagingService: pid=2049 uid=10073 gids={50073, 3003, 1028, 1015}
03-11 16:34:55.811 I/ActivityManager(  637): Delay finish: com.laurencedawson.reddit_sync/.RedditMessageReceiver
03-11 16:34:55.811 I/ActivityManager(  637): Killing 1466:com.chrome.beta/u0a110 (adj 15): empty #17
03-11 16:34:56.081 I/art     ( 1487): GcCauseBackground sticky partial concurrent mark sweep GC freed 19169(1042KB) AllocSpace objects, 0(0B) LOS objects, 5% free, 21MB/22MB, paused 10.192ms total 42.999ms
03-11 16:34:56.292 I/art     ( 1938): Heap trim of managed (duration=3.417969ms, advised=92KB) and native (duration=2.655029ms, advised=24KB) heaps. Managed heap utilization of 74%.
03-11 16:34:56.402 D/ThermalDaemon(  195): Maximum CPU[1] frequency 1512000 KHz
03-11 16:34:56.502 I/GCoreUlr( 1196): Starting service, intent=Intent { cmp=com.google.android.gms/com.google.android.location.reporting.service.DispatchingService (has extras) }, extras=Bundle[{intentType=2, receiverAction=com.google.android.location.internal.server.ACTION_RESTARTED}]
03-11 16:34:56.502 I/GCoreUlr( 1196): WorldUpdater received intent Intent { cmp=com.google.android.gms/com.google.android.location.reporting.service.DispatchingService (has extras) } with receiverAction com.google.android.location.internal.server.ACTION_RESTARTED, forceUpdate false
03-11 16:34:56.502 I/ActivityManager(  637): Resuming delayed broadcast
03-11 16:34:56.502 I/ActivityManager(  637): Killing 1530:com.google.android.configupdater/u0a11 (adj 15): empty #17
03-11 16:34:56.502 I/ActivityManager(  637): Delay finish: com.google.android.keep/.notification.AlertReceiver
03-11 16:34:56.522 V/KeepAlert( 1061): Action com.google.android.location.internal.server.ACTION_RESTARTED
03-11 16:34:56.602 I/ActivityManager(  637): Resuming delayed broadcast
03-11 16:34:56.612 D/GCM     ( 1146): GcmService start Intent { act=com.google.android.gms.INITIALIZE flg=0x10 pkg=com.google.android.gms cmp=com.google.android.gms/.gcm.GcmService } com.google.android.gms.INITIALIZE
03-11 16:34:56.672 D/AlertReceiver( 1772): onReceive: a=android.intent.action.PROVIDER_CHANGED Intent { act=android.intent.action.PROVIDER_CHANGED dat=content://com.android.calendar flg=0x10 cmp=com.google.android.calendar/com.android.calendar.alerts.AlertReceiver }
03-11 16:34:56.682 D/AlertService( 1772): 0 Action = android.intent.action.PROVIDER_CHANGED
03-11 16:34:56.682 I/ActivityManager(  637): Delay finish: com.google.android.calendar/com.android.calendar.alerts.AlertReceiver
03-11 16:34:56.702 I/GCoreUlr( 1196): Ensuring that reporting is stopped because of reasons: {account#-17#=[InactiveReason{mVersionCode=0, mIdentifier=6, mName='ReportingNotSelected'}]}
03-11 16:34:56.712 D/GCoreFlp( 1196): Unknown pending intent to remove.
03-11 16:34:56.712 I/GCoreUlr( 1196): Unbound from all location providers
03-11 16:34:56.962 W/ProcessCpuTracker(  637): Skipping unknown process pid 2079
03-11 16:34:56.962 W/ProcessCpuTracker(  637): Skipping unknown process pid 2081
03-11 16:34:59.305 W/GAV2    ( 1887): Thread[GAThread,5,main]: Service unavailable (code=1), will retry.
03-11 16:34:59.305 W/ActivityManager(  637): Unable to start service Intent { act=com.google.android.gms.analytics.service.START cmp=com.google.android.gms/.analytics.service.AnalyticsService (has extras) } U=0: not found
03-11 16:34:59.315 I/GAV2    ( 1887): Thread[GAThread,5,main]: No campaign data found.
03-11 16:34:59.375 D/CaptivePortalTracker(  637): DelayedCaptiveCheckState{ when=-8ms what=2 arg1=1 target=com.android.internal.util.StateMachine$SmHandler }
03-11 16:34:59.375 D/ConnectivityService(  637): setProvNotificationVisible: E visible=false networkType=1 extraInfo=null url=null
03-11 16:34:59.395 D/CaptivePortalTracker(  637): Checking http://173.194.32.37/generate_204
03-11 16:34:59.395 W/ActivityThread(  637): ClassLoader.loadClass: The class loader returned by Thread.getContextClassLoader() may fail for processes that host multiple applications. You should explicitly specify a context class loader. For example: Thread.setContextClassLoader(getClass().getClassLoader());
03-11 16:34:59.525 D/CaptivePortalTracker(  637): isCaptivePortal: ret=false rspCode=204
03-11 16:34:59.525 D/CaptivePortalTracker(  637): Not captive network NetworkInfo: type: WIFI[], state: CONNECTED/CONNECTED, reason: (unspecified), extra: "aalto open", roaming: false, failover: false, isAvailable: true, isConnectedToProvisioningNetwork: false
03-11 16:34:59.525 D/CaptivePortalTracker(  637): notifyPortalCheckCompleted: captive=false ni=NetworkInfo: type: WIFI[], state: CONNECTED/CONNECTED, reason: (unspecified), extra: "aalto open", roaming: false, failover: false, isAvailable: true, isConnectedToProvisioningNetwork: false
03-11 16:34:59.525 W/ContextImpl(  637): Calling a method in the system process without a qualified user: android.app.ContextImpl.sendBroadcast:1137 android.net.CaptivePortalTracker.sendNetworkConditionsBroadcast:507 android.net.CaptivePortalTracker.isCaptivePortal:399 android.net.CaptivePortalTracker.access$2600:60 android.net.CaptivePortalTracker$DelayedCaptiveCheckState.processMessage:283 
03-11 16:34:59.525 D/ConnectivityService(  637): captivePortalCheckCompleted: ni=NetworkInfo: type: WIFI[], state: CONNECTED/CONNECTED, reason: (unspecified), extra: "aalto open", roaming: false, failover: false, isAvailable: true, isConnectedToProvisioningNetwork: false captive=false
03-11 16:34:59.965 V/GCMRegistrar( 1938): Is registered on server: true
03-11 16:35:01.727 D/AlertService( 1772): Beginning updateAlertNotification
03-11 16:35:01.747 D/AlertService( 1772): No fired or scheduled alerts
03-11 16:35:01.767 D/AlertService( 1772): Scheduling next alarm with AlarmScheduler. sEventReminderReceived: null
03-11 16:35:01.767 D/AlarmScheduler( 1772): Query result count for events starting within 1 week: 3
03-11 16:35:01.777 I/ActivityManager(  637): Resuming delayed broadcast
03-11 16:35:01.837 D/GCM     ( 1146): GcmService start Intent { act=android.net.conn.CONNECTIVITY_CHANGE flg=0x4000010 cmp=com.google.android.gms/.gcm.GcmService (has extras) } android.net.conn.CONNECTIVITY_CHANGE
03-11 16:35:01.837 D/YouTube ( 1814): apps.youtube.app.prefetch.PrefetchService$DeviceStateReceiver.onReceive:565 Got device state change intent: android.net.conn.CONNECTIVITY_CHANGE
03-11 16:35:01.847 D/YouTube ( 1814): apps.youtube.app.prefetch.PrefetchService.onStartCommand:167 PrefetchService started at 11 Mar 2014 14:35:01 GMT
03-11 16:35:01.857 W/art     (  184): Could not get current activity
03-11 16:35:01.867 D/YouTube ( 1814): apps.youtube.app.prefetch.PrefetchService.p_:245 Download snapshot restored
03-11 16:35:01.867 I/ActivityManager(  637): Start proc com.google.android.apps.magazines for broadcast com.google.android.apps.magazines/com.google.apps.dots.android.newsstand.appwidget.NewsWidgetProvider: pid=2111 uid=10040 gids={50040, 3003, 1028, 1015}
03-11 16:35:01.877 D/YouTube ( 1814): apps.youtube.app.prefetch.PrefetchService.onDestroy:215 PrefetchService destroyed at 11 Mar 2014 14:35:01 GMT
03-11 16:35:01.967 V/WebViewChromium( 2111): Binding Chromium to the background looper Looper (main, tid 1) {64da7578}
03-11 16:35:01.977 I/chromium( 2111): [INFO:library_loader_hooks.cc(112)] Chromium logging enabled: level = 0, default verbosity = 0
03-11 16:35:01.977 I/BrowserProcessMain( 2111): Initializing chromium process, renderers=0
03-11 16:35:01.977 W/art     ( 2111): Attempt to remove local SIRT entry from IRT, ignoring
03-11 16:35:01.987 W/art     ( 2111): Thread[13,tid=2144,Native,Thread*=0x498d3c08,peer=0x64e542c0,"Thread-196"] attached without supplying a name
03-11 16:35:01.987 W/chromium( 2111): [WARNING:proxy_service.cc(888)] PAC support disabled because there is no system implementation
03-11 16:35:01.987 I/Adreno-EGL( 2111): <qeglDrvAPI_eglInitialize:320>: EGL 1.4 QUALCOMM Build: I0404c4692afb8623f95c43aeb6d5e13ed4b30ddbDate: 11/06/13
03-11 16:35:02.027 W/art     ( 2111): Thread[14,tid=2139,Native,Thread*=0x4a2c0508,peer=0x64e5cb58,"Thread-197"] attached without supplying a name
03-11 16:35:02.057 D/GCM     ( 1146): Connected
03-11 16:35:02.067 W/art     ( 2111): Attempt to remove local SIRT entry from IRT, ignoring
03-11 16:35:02.077 I/GCM     ( 1146): GCM message com.google.android.gsf.gtalkservice 
03-11 16:35:02.097 D/GCM     ( 1146): Message class hwi
03-11 16:35:02.127 W/GAV2    ( 2111): Thread[main,5,main]: Need to call initialize() and be in fallback mode to start dispatch.
03-11 16:35:02.308 I/NSApplication( 2111): Starting up...
03-11 16:35:02.378 I/ActivityManager(  637): Start proc com.google.android.apps.plus for broadcast com.google.android.apps.plus/.service.ConnectivityReceiver: pid=2167 uid=10054 gids={50054, 3003, 3002, 1028, 1015}
03-11 16:35:02.378 I/ActivityManager(  637): Killing 1566:com.google.android.onetimeinitializer/u0a27 (adj 15): empty #17
03-11 16:35:02.408 I/art     ( 2111): GcCauseBackground sticky partial concurrent mark sweep GC freed 13756(839KB) AllocSpace objects, 3(70KB) LOS objects, 8% free, 8MB/9MB, paused 13.885ms total 68.176ms
03-11 16:35:02.428 W/art     ( 2167): Failed to find ELF magic in /system/framework/com.google.android.maps.odex: dey
03-11 16:35:02.558 D/ConnectivityService(  637): handleInetConditionHoldEnd: net=1, condition=100, published condition=0
03-11 16:35:02.958 I/ImageResourceManager( 2167): ImageResourceManager: uninitalized
03-11 16:35:02.968 I/iu.Environment( 2167): update battery state; isPlugged? true*
03-11 16:35:02.988 I/iu.Environment( 2167): update connectivity state; isNetworkMetered? false, isRoaming? false, isBackgroundDataAllowed? true*
03-11 16:35:02.988 I/iu.Environment( 2167): update connectivity state; isNetworkMetered? false, isRoaming? false, isBackgroundDataAllowed? true
03-11 16:35:03.008 I/ActivityManager(  637): Start proc com.yle.webtv for broadcast com.yle.webtv/.net.ConnectionChangeReceiver: pid=2212 uid=10116 gids={50116, 3003}
03-11 16:35:03.008 I/ActivityManager(  637): Killing 1618:com.google.android.nfcprovision/u0a46 (adj 15): empty #17
03-11 16:35:03.018 I/art     ( 2212): Turning on JNI app bug workarounds for target SDK version 10...
03-11 16:35:03.058 I/art     ( 1487): GcCauseBackground sticky partial concurrent mark sweep GC freed 18382(936KB) AllocSpace objects, 0(0B) LOS objects, 5% free, 21MB/22MB, paused 9.155ms total 80.108ms
03-11 16:35:03.098 I/ActivityManager(  637): Start proc android.process.acore for content provider com.android.providers.contacts/.ContactsProvider2: pid=2237 uid=10000 gids={50000, 3003, 1028, 1015}
03-11 16:35:03.118 I/ActivityManager(  637): Killing 1684:com.google.android.exchange/u0a19 (adj 15): empty #17
03-11 16:35:03.128 W/art     ( 2237): Failed to find ELF magic in /system/priv-app/ContactsProvider.odex: dey
03-11 16:35:03.168 W/art     ( 2237): Failed to find ELF magic in /system/app/UserDictionaryProvider.odex: dey
03-11 16:35:03.268 I/iu.UploadsManager( 2167): #reloadSettings(); account: null; pageID: none; IU: disabled; IS: disabled; photoWiFi: true; videoWiFi: true; roam: false; battery: true; size: FULL; maxMobile: 157286400
03-11 16:35:03.318 I/iu.FingerprintManager( 2167): Start processing all media
03-11 16:35:03.318 I/iu.FingerprintManager( 2167): Start processing media store URI: content://media/external/images/media
03-11 16:35:03.318 I/ContactLocale( 2237): AddressBook Labels [en_US]: [, A, B, C, D, E, F, G, H, I, J, K, L, M, N, O, P, Q, R, S, T, U, V, W, X, Y, Z, , , , , , , , , , , , , , , , , , , , , , , , , , , , , , , , , , , , , , , , , , , , , , , , , , , , , , , , , , , , , , , , , , , , , , , , , , , , , , , , , , , , , , , , , , , , , , , , , , , , , , , , , , , , , , , , , , , , , , , , , , , , , , , , , , , , , , , , , , , , , , , , , , , , , , , , , , , , , , , , , , , , , , , , , , , , , , , , , , , , , , #, ]
03-11 16:35:03.328 I/iu.UploadsManager( 2167): End new media; added: 0, uploading: 0, time: 54 ms
03-11 16:35:03.328 I/iu.FingerprintManager( 2167): Start processing media store URI: content://media/external/video/media
03-11 16:35:03.328 I/iu.FingerprintManager( 2167): Start processing media store URI: content://media/phoneStorage/images/media
03-11 16:35:03.339 I/iu.FingerprintManager( 2167): Start processing media store URI: content://media/phoneStorage/video/media
03-11 16:35:03.339 I/iu.FingerprintManager( 2167): Finished generating fingerprints; 0.023 seconds
03-11 16:35:03.339 I/iu.FingerprintManager( 2167):   numSeen=0 numGenerated=0 numDeleted=0 numFailed=0
03-11 16:35:03.439 I/ActivityManager(  637): Start proc com.chrome.beta for broadcast com.chrome.beta/com.google.android.apps.chrome.precache.PrecacheServiceLauncher: pid=2261 uid=10110 gids={50110, 3003, 1028, 1015}
03-11 16:35:03.439 I/ActivityManager(  637): Killing 1656:com.google.android.email/u0a18 (adj 15): empty #17
03-11 16:35:03.559 I/ActivityManager(  637): Killing 1754:com.google.android.gms.ui/u0a23 (adj 15): empty #17
03-11 16:35:03.589 I/ActivityManager(  637): Start proc com.devhd.feedly for broadcast com.devhd.feedly/.widget.FeedlyWidgetProvider: pid=2279 uid=10083 gids={50083, 3003, 1028, 1015}
03-11 16:35:03.709 I/widget.provider( 2279): com.devhd.feedly.widget.FeedlyWidgetProvider onReceive: android.net.conn.CONNECTIVITY_CHANGE
03-11 16:35:03.719 W/widget.data( 2279): **** creating widget[0] data model object ****
03-11 16:35:03.719 I/ActivityManager(  637): Killing 1341:com.google.android.partnersetup/u0a28 (adj 15): empty #17
03-11 16:35:03.729 V/AlarmClock( 1636): AlarmInitReceiver android.intent.action.TIME_SET
03-11 16:35:03.739 I/AlarmClock( 1636): Displaying next alarm time: ''
03-11 16:35:03.739 V/AlarmClock( 1636): AlarmInitReceiver finished
03-11 16:35:03.759 V/KeepAlert( 1061): Action android.intent.action.TIME_SET
03-11 16:35:03.759 I/ActivityManager(  637): Delay finish: com.google.android.gsf/.settings.GoogleLocationSettings$LocationSettingsChangedListener
03-11 16:35:03.839 I/ActivityManager(  637): Resuming delayed broadcast
03-11 16:35:03.869 W/art     (  184): Could not get current activity
03-11 16:35:03.879 I/ActivityManager(  637): Start proc com.google.android.music:main for broadcast com.google.android.music/.store.MediaStoreImportService$Receiver: pid=2303 uid=10044 gids={50044, 3003, 1028, 1015}
03-11 16:35:04.149 I/MusicStore( 2303): Database version: 85
03-11 16:35:04.189 W/ContextImpl( 2303): Implicit intents with startService are not safe: Intent { act=com.google.android.music.PREFERENCE_SERVICE } android.content.ContextWrapper.bindService:517 com.google.android.music.utils.SafeServiceConnection$ServiceConnectionImp.bindService:98 com.google.android.music.utils.SafeServiceConnection.bindService:259 
03-11 16:35:04.249 W/ContextImpl( 2303): Implicit intents with startService are not safe: Intent { act=com.google.android.music.NETWORK_MONITOR_SERVICE } android.content.ContextWrapper.bindService:517 com.google.android.music.utils.SafeServiceConnection$ServiceConnectionImp.bindService:98 com.google.android.music.utils.SafeServiceConnection.bindService:259 
03-11 16:35:04.309 W/GAV2    ( 1887): Thread[Service Reconnect,5,main]: Service unavailable (code=1), using local store.
03-11 16:35:04.309 W/ActivityManager(  637): Unable to start service Intent { act=com.google.android.gms.analytics.service.START cmp=com.google.android.gms/.analytics.service.AnalyticsService (has extras) } U=0: not found
03-11 16:35:04.360 I/art     ( 1887): Heap trim of managed (duration=1.220703ms, advised=116KB) and native (duration=1.281738ms, advised=64KB) heaps. Managed heap utilization of 68%.
03-11 16:35:04.460 I/Icing   ( 1081): Storage manager: low false usage 1.17MB avail 20.60GB capacity 22.46GB
03-11 16:35:04.470 I/MediaRouter( 2303): Found default route: MediaRouter.RouteInfo{ uniqueId=android/.support.v7.media.SystemMediaRouteProvider:DEFAULT_ROUTE, name=Tablet, description=null, enabled=true, connecting=false, playbackType=0, playbackStream=3, volumeHandling=1, volume=0, volumeMax=15, presentationDisplayId=-1, extras=null, providerPackageName=android }
03-11 16:35:04.500 I/ActivityManager(  637): Delay finish: com.google.android.music/.store.MediaStoreImportService$Receiver
03-11 16:35:04.540 I/CastUtils( 2303): Removing provider: MediaRouter.RouteProviderInfo{ packageName=com.google.android.gms }
03-11 16:35:04.540 I/ActivityManager(  637): Resuming delayed broadcast
03-11 16:35:04.550 I/ActivityManager(  637): Delay finish: com.google.android.music/.store.MediaStoreImportService$Receiver
03-11 16:35:04.550 I/ActivityManager(  637): Resuming delayed broadcast
03-11 16:35:04.630 I/ActivityManager(  637): Delay finish: com.google.android.music/.store.MediaStoreImportService$Receiver
03-11 16:35:04.720 I/Icing   ( 1081): doRemovePackageData com.google.android.gm
03-11 16:35:04.730 I/MediaStoreImporter( 2303): Update: incremental Added music: 0 Updated music: 0 Deleted music: 0 Created playlists: 0 Updated playlists: 0 Deleted playlists: 0 Inserted playlist items: 0 Deleted playlist items: 0 Removed orphaned playlist items: 0
03-11 16:35:04.730 I/ActivityManager(  637): Resuming delayed broadcast
03-11 16:35:04.750 I/ActivityManager(  637): Start proc com.google.android.email for broadcast com.google.android.email/com.android.email.provider.WidgetProvider: pid=2351 uid=10018 gids={50018, 3003, 1028, 1015}
03-11 16:35:04.760 I/Icing   ( 1081): Internal init done: storage state 0
03-11 16:35:04.770 I/Icing   ( 1081): Post-init done
03-11 16:35:04.790 W/art     ( 2351): Failed to find ELF magic in /system/app/EmailGoogle.odex: dey
03-11 16:35:04.850 D/ActivityThread( 2351): Loading provider com.google.android.email.provider;com.google.android.email.notifier: com.android.email.provider.EmailProvider
03-11 16:35:04.900 D/ActivityThread( 2351): Loading provider com.google.android.email.provider;com.google.android.email.notifier: com.android.email.provider.EmailProvider
03-11 16:35:04.920 I/ActivityManager(  637): Killing 1887:com.google.android.googlequicksearchbox:search/u0a60 (adj 15): empty #17
03-11 16:35:04.950 D/GCM     ( 1146): GcmService start Intent { act=com.google.android.gms.INITIALIZE flg=0x10 pkg=com.google.android.gms cmp=com.google.android.gms/.gcm.GcmService } com.google.android.gms.INITIALIZE
03-11 16:35:04.950 I/ActivityManager(  637): Delay finish: com.android.providers.calendar/.CalendarProviderBroadcastReceiver
03-11 16:35:04.970 W/ActivityManager(  637): Unable to start service Intent { cmp=com.google.android.email/com.android.email.service.AttachmentDownloadService } U=0: not found
03-11 16:35:04.980 I/Email   ( 2351): Observing account changes for notifications
03-11 16:35:04.980 I/ActivityManager(  637): Resuming delayed broadcast
03-11 16:35:04.990 I/GeckoAnnounce( 1981): fennec :: AnnounceBrSvc :: Registering AnnouncementsService.
03-11 16:35:04.990 I/ActivityManager(  637): Delay finish: org.mozilla.fennec/org.mozilla.gecko.background.announcements.AnnouncementsBroadcastReceiver
03-11 16:35:05.000 I/GeckoAnnounce( 1981): fennec :: BackgroundService :: Setting inexact repeating alarm for interval 43200000
03-11 16:35:05.000 I/ActivityManager(  637): Resuming delayed broadcast
03-11 16:35:05.000 I/ActivityManager(  637): Delay finish: org.mozilla.fennec/org.mozilla.gecko.background.healthreport.HealthReportBroadcastReceiver
03-11 16:35:05.020 I/GeckoHealth( 1981): fennec :: HealthReportBroadcastService :: Registering HealthReportUploadService.
03-11 16:35:05.030 I/GeckoHealth( 1981): fennec :: BackgroundService :: Setting inexact repeating alarm for interval 3600000
03-11 16:35:05.030 I/GeckoHealth( 1981): fennec :: HealthReportBroadcastService :: Registering HealthReportPruneService.
03-11 16:35:05.030 I/GeckoHealth( 1981): fennec :: BackgroundService :: Setting inexact repeating alarm for interval 86400000
03-11 16:35:05.030 I/ActivityManager(  637): Resuming delayed broadcast
03-11 16:35:05.030 I/ActivityManager(  637): Delay finish: org.mozilla.fennec/org.mozilla.gecko.background.healthreport.HealthReportBroadcastReceiver
03-11 16:35:05.030 I/ActivityManager(  637): Resuming delayed broadcast
03-11 16:35:05.040 W/ActivityManager(  637): Unable to start service Intent { cmp=com.google.android.email/com.android.email.service.AttachmentDownloadService } U=0: not found
03-11 16:35:05.160 W/ActivityManager(  637): Unable to start service Intent { cmp=com.google.android.email/com.android.email.service.AttachmentDownloadService } U=0: not found
03-11 16:35:05.901 I/Icing   ( 1081): Indexing 89C722CAC15EF46A4C7BB4760D5543033178AD63 from com.google.android.music
03-11 16:35:05.991 I/Icing   ( 1081): Indexing done 89C722CAC15EF46A4C7BB4760D5543033178AD63
03-11 16:35:07.152 W/GAV2    ( 2111): Thread[GAThread,5,main]: Service unavailable (code=1), will retry.
03-11 16:35:07.152 W/ActivityManager(  637): Unable to start service Intent { act=com.google.android.gms.analytics.service.START cmp=com.google.android.gms/.analytics.service.AnalyticsService (has extras) } U=0: not found
03-11 16:35:07.182 I/GAV2    ( 2111): Thread[GAThread,5,main]: No campaign data found.
03-11 16:35:07.262 I/ActivityManager(  637): Waited long enough for: ServiceRecord{6564ab70 u0 com.google.android.calendar/com.android.calendar.alerts.InitAlarmsService}
03-11 16:35:07.833 W/GAV2    ( 2167): Thread[GAThread,5,main]: Service unavailable (code=1), will retry.
03-11 16:35:07.833 W/ActivityManager(  637): Unable to start service Intent { act=com.google.android.gms.analytics.service.START cmp=com.google.android.gms/.analytics.service.AnalyticsService (has extras) } U=0: not found
03-11 16:35:07.873 I/GAV2    ( 2167): Thread[GAThread,5,main]: No campaign data found.
03-11 16:35:08.764 I/ActivityManager(  637): Killing 1938:com.dropbox.android/u0a75 (adj 15): empty #17
03-11 16:35:09.535 W/ContextImpl( 2303): Implicit intents with startService are not safe: Intent { act=com.google.android.music.NETWORK_MONITOR_SERVICE } android.content.ContextWrapper.bindService:517 com.google.android.music.utils.SafeServiceConnection$ServiceConnectionImp.bindService:98 com.google.android.music.utils.SafeServiceConnection.bindService:259 
03-11 16:35:09.535 I/ActivityManager(  637): Waited long enough for: ServiceRecord{65576640 u0 com.facebook.katana/com.facebook.push.mqtt.MqttPushService}
03-11 16:35:09.545 W/ContextImpl( 2303): Implicit intents with startService are not safe: Intent { act=com.google.android.music.NETWORK_MONITOR_SERVICE } android.content.ContextWrapper.bindService:517 com.google.android.music.utils.SafeServiceConnection$ServiceConnectionImp.bindService:98 com.google.android.music.utils.SafeServiceConnection.bindService:259 
03-11 16:35:09.545 D/CacheService( 2303): onCreate
03-11 16:35:09.565 D/CacheService( 2303): onBind
03-11 16:35:09.605 I/MusicLeanback( 2303): Conditions not met for autocaching.
03-11 16:35:09.605 I/MusicLeanback( 2303): Stop autocaching.
03-11 16:35:09.605 D/CacheService( 2303): onDestroy
03-11 16:35:12.157 W/ActivityManager(  637): Unable to start service Intent { act=com.google.android.gms.analytics.service.START cmp=com.google.android.gms/.analytics.service.AnalyticsService (has extras) } U=0: not found
03-11 16:35:12.167 W/GAV2    ( 2111): Thread[Service Reconnect,5,main]: Service unavailable (code=1), using local store.
03-11 16:35:12.848 W/GAV2    ( 2167): Thread[Service Reconnect,5,main]: Service unavailable (code=1), using local store.
03-11 16:35:12.848 W/ActivityManager(  637): Unable to start service Intent { act=com.google.android.gms.analytics.service.START cmp=com.google.android.gms/.analytics.service.AnalyticsService (has extras) } U=0: not found
03-11 16:35:22.007 I/art     ( 1146): Heap trim of managed (duration=1.770020ms, advised=52KB) and native (duration=1.312256ms, advised=0B) heaps. Managed heap utilization of 68%.
03-11 16:35:22.007 W/art     ( 1146): Failed to find ELF magic in /system/priv-app/GoogleLoginService.odex: dey
03-11 16:35:22.077 W/GLSUser ( 1146): GoogleAccountDataService.getToken()
03-11 16:35:22.187 I/art     ( 1708): Heap trim of managed (duration=1.922608ms, advised=52KB) and native (duration=1.770019ms, advised=68KB) heaps. Managed heap utilization of 61%.
03-11 16:35:22.287 D/InitAlarmsService( 1772): Clearing and rescheduling alarms.
03-11 16:35:23.098 D/Finsky  ( 1708): [1] CheckWifiAndAutoUpdate.cancelCheck: Cancelling auto-update wifi check.
03-11 16:35:23.228 W/GLSUser ( 1146): GoogleAccountDataService.getToken()
03-11 16:35:23.398 I/qtaguid ( 1708): Failed write_ctrl(u 37) res=-1 errno=22
03-11 16:35:23.398 I/qtaguid ( 1708): Untagging socket 37 failed errno=-22
03-11 16:35:23.398 W/NetworkManagementSocketTagger( 1708): untagSocket(37) failed with errno -22
03-11 16:35:23.558 D/Finsky  ( 1708): [1] DailyHygiene.flushEventLogs: Flushing event logs for [h8oDSybNDDZzpp4iys_x3qq36Xs]
03-11 16:35:23.598 I/ActivityManager(  637): Killing 2020:com.laurencedawson.reddit_sync:remote/u0a73 (adj 15): empty #17
03-11 16:35:38.273 D/Finsky  ( 1708): [1] 5.onFinished: Installation state replication succeeded.
03-11 16:35:39.594 D/ConnectivityService(  637): Sampling interval elapsed, updating statistics ..
03-11 16:35:39.624 D/ConnectivityService(  637): Done.
03-11 16:35:39.624 D/ConnectivityService(  637): Setting timer for 720seconds
03-11 16:35:40.775 I/Icing   ( 1081): Indexing 89C722CAC15EF46A4C7BB4760D5543033178AD63 from com.google.android.music
03-11 16:35:40.955 I/Icing   ( 1081): Indexing done 89C722CAC15EF46A4C7BB4760D5543033178AD63
03-11 16:36:20.053 D/AndroidRuntime( 2443): 
03-11 16:36:20.053 D/AndroidRuntime( 2443): >>>>>> AndroidRuntime START com.android.internal.os.RuntimeInit <<<<<<
03-11 16:36:20.063 D/AndroidRuntime( 2443): CheckJNI is OFF
03-11 16:36:20.063 E/art     ( 2443): Unrecognized option -XX:mainThreadStackSize=24K
03-11 16:36:20.063 W/art     ( 2443): Ignoring unknown -Xgc option: precise
03-11 16:36:20.103 W/art     ( 2443): Failed to find ELF magic in /system/framework/am.odex: dey
03-11 16:36:20.163 W/art     ( 2443): JNI RegisterNativeMethods: attempt to register 0 native methods for android.content.res.Configuration
03-11 16:36:20.173 D/AndroidRuntime( 2443): Calling main entry com.android.commands.am.Am
03-11 16:36:20.183 I/ActivityManager(  637): START u0 {flg=0x10000000 cmp=com.android.helloworldjava/.HelloWorld} from pid 2443
03-11 16:36:20.484 I/WindowManager(  637): Screenshot max retries 4 of Token{65757d48 ActivityRecord{65756d70 u0 com.android.launcher/com.android.launcher2.Launcher t1}} appWin=Window{6546cc70 u0 com.android.launcher/com.android.launcher2.Launcher} drawState=4
03-11 16:36:20.484 W/WindowManager(  637): Screenshot failure taking screenshot for (1200x1920) to layer 21005
03-11 16:36:20.504 D/AndroidRuntime( 2443): Shutting down VM
03-11 16:36:20.504 W/art     (  184): Could not get current activity
03-11 16:36:20.514 I/ActivityManager(  637): Start proc com.android.helloworldjava for activity com.android.helloworldjava/.HelloWorld: pid=2463 uid=10121 gids={50121, 1028, 1015}
03-11 16:36:20.744 I/ActivityManager(  637): Displayed com.android.helloworldjava/.HelloWorld: +250ms
03-11 16:36:22.215 E/kickstart(  675): Wrote to /sys/power/wake_lock
03-11 16:36:22.336 E/kickstart(  675): Received file "/dev/block/platform/msm_sdcc.1/by-name/m9kefs1"
