03-11 16:34:41.426 D/NfcAdaptation(  966): NfcAdaptation::Initialize: enter
03-11 16:34:41.426 E/NfcAdaptation(  966): NfcAdaptation::Initialize: ver=NFCDROID_MI_422.10.0.15 nfa=NFA_MI_1.03.62+
03-11 16:34:41.426 D/NfcAdaptation(  966): const CNfcParam* CNfcConfig::find(const char*) const found NFA_STORAGE=/data/nfc
03-11 16:34:41.426 D/NfcAdaptation(  966): const CNfcParam* CNfcConfig::find(const char*) const found PROTOCOL_TRACE_LEVEL=(0x0)
03-11 16:34:41.426 D/NfcAdaptation(  966): const CNfcParam* CNfcConfig::find(const char*) const found APPL_TRACE_LEVEL=(0x1)
03-11 16:34:41.446 I/BrcmNfcNfa(  966): NFC_TASK started.
03-11 16:34:41.446 D/NfcNciHal(  966): nfc_open: enter; name=nci
03-11 16:34:41.446 D/NfcNciHal(  966): HaiInitializeLibrary: enter
03-11 16:34:41.446 E/NfcNciHal(  966): HaiInitializeLibrary: ver=NFCDROID_MI_422.10.0.15 nfa=NFA_MI_1.03.62+
03-11 16:34:41.446 D/NfcNciHal(  966): bool CNfcConfig::readConfig(const char*, bool) Opened base config /etc/libnfc-brcm.conf
03-11 16:34:41.456 D/NfcNciHal(  966): const CNfcParam* CNfcConfig::find(const char*) const found APPL_TRACE_LEVEL=(0x1)
03-11 16:34:41.516 I/USERIAL_LINUX(  966): USERIAL_Init
03-11 16:34:41.516 I/NfcNciHal(  966): HAL_NfcInitialize (): NFC_HAL_TASK id=0
03-11 16:34:41.516 I/NfcNciHal(  966): NFC_HAL_TASK started
03-11 16:34:41.516 I/BrcmNfcNfa(  966): nfa_dm_init ()
03-11 16:34:41.516 I/BrcmNfcNfa(  966): nfa_sys_register () id=1, enable_cplt_mask=0x0
03-11 16:34:41.516 I/BrcmNfcNfa(  966): nfa_sys_register () id=3, enable_cplt_mask=0x8
03-11 16:34:41.516 I/BrcmNfcNfa(  966): nfa_rw_init ()
03-11 16:34:41.516 I/BrcmNfcNfa(  966): nfa_sys_register () id=6, enable_cplt_mask=0x48
03-11 16:34:41.516 I/BrcmNfcNfa(  966): nfa_ce_init ()
03-11 16:34:41.516 I/BrcmNfcNfa(  966): nfa_sys_register () id=7, enable_cplt_mask=0xc8
03-11 16:34:41.516 I/BrcmNfcNfa(  966): nfa_ee_init ()
03-11 16:34:41.516 I/BrcmNfcNfa(  966): nfa_sys_register () id=2, enable_cplt_mask=0xcc
03-11 16:34:41.516 I/BrcmNfcNfa(  966): nfa_hci_init ()
03-11 16:34:41.516 I/BrcmNfcNfa(  966): nfa_sys_register () id=8, enable_cplt_mask=0x1cc
03-11 16:34:41.516 I/BrcmNfcNfa(  966): LLCP - llcp_init ()
03-11 16:34:41.516 I/BrcmNfcNfa(  966): num_rx_buff = 9, rx_congest_start = 6, rx_congest_end = 4, max_num_ll_rx_buff = 2
03-11 16:34:41.516 I/BrcmNfcNfa(  966): max_num_tx_buff = 21, max_num_ll_tx_buff = 6
03-11 16:34:41.516 I/BrcmNfcNfa(  966): LLCP_RegisterServer (): SAP:0x1, link_type:0x2, ServiceName:<urn:nfc:sn:sdp>
03-11 16:34:41.516 I/BrcmNfcNfa(  966): LLCP_RegisterServer (): Registered SAP = 0x01
03-11 16:34:41.516 I/BrcmNfcNfa(  966): NFA_Enable ()
03-11 16:34:41.516 I/BrcmNfcNfa(  966): NFC_SetTraceLevel () new_level = 1
03-11 16:34:41.516 I/BrcmNfcNfa(  966): NFC_SetTraceLevel () new_level = 1
03-11 16:34:41.516 I/BrcmNfcNfa(  966): nfa_dm_evt_hdlr event: NFA_DM_API_ENABLE_EVT (0x00)
03-11 16:34:41.516 I/USERIAL_LINUX(  966): USERIAL_Open(): enter
03-11 16:34:41.516 I/USERIAL_LINUX(  966): USERIAL_Open() device: /dev/bcm2079x-i2c port=5, uart_port=0 WAKE_DELAY(20) WRITE_DELAY(20) POWER_ON_DELAY(0) PRE_POWER_OFF_DELAY(10) POST_POWER_OFF_DELAY(0)
03-11 16:34:41.526 I/USERIAL_LINUX(  966): USERIAL_Open(): exit
03-11 16:34:41.546 I/MultiDex( 1081): load(/data/app/com.google.android.gms-2.apk, forceReload=false)
03-11 16:34:41.546 E/kickstart(  675): Wrote to /sys/power/wake_lock
03-11 16:34:41.576 I/MultiDex( 1081): Need extracted file /data/data/com.google.android.gms/files/secondary-dexes/com.google.android.gms-2.apk.classes2.zip
03-11 16:34:41.576 I/MultiDex( 1081): No extraction needed for /data/data/com.google.android.gms/files/secondary-dexes/com.google.android.gms-2.apk.classes2.zip of size 1430457
03-11 16:34:41.666 E/kickstart(  675): Received file "/dev/block/platform/msm_sdcc.1/by-name/m9kefs2"
03-11 16:34:41.666 E/kickstart(  675): 786432 bytes transferred in 0.122s (6.16 MBps)
03-11 16:34:41.666 E/kickstart(  675): Successfully downloaded files from target 
03-11 16:34:41.666 E/kickstart(  675): Wrote to /sys/power/wake_unlock
03-11 16:34:41.666 E/kickstart(  675): Sahara protocol completed
03-11 16:34:41.706 D/BluetoothManagerService(  637): Message: 20
03-11 16:34:41.706 D/BluetoothManagerService(  637): Added callback: android.bluetooth.IBluetoothManagerCallback$Stub$Proxy@657736d8:true
03-11 16:34:41.756 D/BluetoothManagerService(  637): Message: 30
03-11 16:34:41.816 D/PhoneStatusBar(  775): disable: < expand icons alerts ticker system_info back home RECENT* clock search >
03-11 16:34:41.866 D/CallNotifier(  945): CallNotifier: mSignalInfoToneGenerator created when toneplay
03-11 16:34:41.866 D/BluetoothManagerService(  637): Message: 30
03-11 16:34:41.876 V/KeyguardHostView(  775): Initial transport state: 1, pbstate=0
03-11 16:34:41.946 D/MobileDataStateTracker(  637): fota: Broadcast received: android.intent.action.ANY_DATA_STATE apnType=fota
03-11 16:34:41.946 D/MobileDataStateTracker(  637): fota: Received state=DISCONNECTED, old=DISCONNECTED, reason=radioTurnedOff
03-11 16:34:41.946 D/MobileDataStateTracker(  637): dun: Broadcast received: android.intent.action.ANY_DATA_STATE apnType=dun
03-11 16:34:41.946 D/MobileDataStateTracker(  637): dun: Received state=DISCONNECTED, old=DISCONNECTED, reason=radioTurnedOff
03-11 16:34:41.946 D/MobileDataStateTracker(  637): supl: Broadcast received: android.intent.action.ANY_DATA_STATE apnType=supl
03-11 16:34:41.946 D/MobileDataStateTracker(  637): supl: Received state=DISCONNECTED, old=DISCONNECTED, reason=radioTurnedOff
03-11 16:34:41.946 D/MobileDataStateTracker(  637): hipri: Broadcast received: android.intent.action.ANY_DATA_STATE apnType=hipri
03-11 16:34:41.956 D/MobileDataStateTracker(  637): hipri: Received state=DISCONNECTED, old=DISCONNECTED, reason=radioTurnedOff
03-11 16:34:41.956 D/MobileDataStateTracker(  637): ims: Broadcast received: android.intent.action.ANY_DATA_STATE apnType=ims
03-11 16:34:41.956 D/MobileDataStateTracker(  637): ims: Received state=DISCONNECTED, old=DISCONNECTED, reason=radioTurnedOff
03-11 16:34:41.956 D/MobileDataStateTracker(  637): default: Broadcast received: android.intent.action.ANY_DATA_STATE apnType=default
03-11 16:34:41.956 D/MobileDataStateTracker(  637): default: Received state=DISCONNECTED, old=DISCONNECTED, reason=radioTurnedOff
03-11 16:34:41.956 D/MobileDataStateTracker(  637): mms: Broadcast received: android.intent.action.ANY_DATA_STATE apnType=mms
03-11 16:34:41.956 D/MobileDataStateTracker(  637): mms: Received state=DISCONNECTED, old=DISCONNECTED, reason=radioTurnedOff
03-11 16:34:41.956 D/MobileDataStateTracker(  637): cbs: Broadcast received: android.intent.action.ANY_DATA_STATE apnType=cbs
03-11 16:34:41.956 D/MobileDataStateTracker(  637): cbs: Received state=DISCONNECTED, old=DISCONNECTED, reason=radioTurnedOff
03-11 16:34:41.956 D/MobileDataStateTracker(  637): fota: Broadcast received: android.intent.action.ANY_DATA_STATE apnType=fota
03-11 16:34:41.966 D/MobileDataStateTracker(  637): fota: Received state=DISCONNECTED, old=DISCONNECTED, reason=radioTurnedOff
03-11 16:34:41.966 D/MobileDataStateTracker(  637): dun: Broadcast received: android.intent.action.ANY_DATA_STATE apnType=dun
03-11 16:34:41.966 D/MobileDataStateTracker(  637): dun: Received state=DISCONNECTED, old=DISCONNECTED, reason=radioTurnedOff
03-11 16:34:41.966 D/MobileDataStateTracker(  637): supl: Broadcast received: android.intent.action.ANY_DATA_STATE apnType=supl
03-11 16:34:41.966 D/MobileDataStateTracker(  637): supl: Received state=DISCONNECTED, old=DISCONNECTED, reason=radioTurnedOff
03-11 16:34:41.966 D/MobileDataStateTracker(  637): hipri: Broadcast received: android.intent.action.ANY_DATA_STATE apnType=hipri
03-11 16:34:41.966 D/MobileDataStateTracker(  637): hipri: Received state=DISCONNECTED, old=DISCONNECTED, reason=radioTurnedOff
03-11 16:34:41.966 D/MobileDataStateTracker(  637): ims: Broadcast received: android.intent.action.ANY_DATA_STATE apnType=ims
03-11 16:34:41.966 D/MobileDataStateTracker(  637): ims: Received state=DISCONNECTED, old=DISCONNECTED, reason=radioTurnedOff
03-11 16:34:41.966 D/MobileDataStateTracker(  637): default: Broadcast received: android.intent.action.ANY_DATA_STATE apnType=default
03-11 16:34:41.966 D/MobileDataStateTracker(  637): default: Received state=DISCONNECTED, old=DISCONNECTED, reason=radioTurnedOff
03-11 16:34:41.966 D/MobileDataStateTracker(  637): mms: Broadcast received: android.intent.action.ANY_DATA_STATE apnType=mms
03-11 16:34:41.966 D/MobileDataStateTracker(  637): mms: Received state=DISCONNECTED, old=DISCONNECTED, reason=radioTurnedOff
03-11 16:34:41.966 D/MobileDataStateTracker(  637): cbs: Broadcast received: android.intent.action.ANY_DATA_STATE apnType=cbs
03-11 16:34:41.966 D/MobileDataStateTracker(  637): cbs: Received state=DISCONNECTED, old=DISCONNECTED, reason=radioTurnedOff
03-11 16:34:41.966 D/MobileDataStateTracker(  637): fota: Broadcast received: android.intent.action.ANY_DATA_STATE apnType=fota
03-11 16:34:41.976 D/MobileDataStateTracker(  637): fota: Received state=DISCONNECTED, old=DISCONNECTED, reason=dataDetached
03-11 16:34:41.976 D/MobileDataStateTracker(  637): dun: Broadcast received: android.intent.action.ANY_DATA_STATE apnType=dun
03-11 16:34:41.976 D/MobileDataStateTracker(  637): dun: Received state=DISCONNECTED, old=DISCONNECTED, reason=dataDetached
03-11 16:34:41.976 D/MobileDataStateTracker(  637): supl: Broadcast received: android.intent.action.ANY_DATA_STATE apnType=supl
03-11 16:34:41.976 D/MobileDataStateTracker(  637): supl: Received state=DISCONNECTED, old=DISCONNECTED, reason=dataDetached
03-11 16:34:41.976 D/MobileDataStateTracker(  637): hipri: Broadcast received: android.intent.action.ANY_DATA_STATE apnType=hipri
03-11 16:34:41.976 D/MobileDataStateTracker(  637): hipri: Received state=DISCONNECTED, old=DISCONNECTED, reason=dataDetached
03-11 16:34:41.976 D/MobileDataStateTracker(  637): ims: Broadcast received: android.intent.action.ANY_DATA_STATE apnType=ims
03-11 16:34:41.976 D/MobileDataStateTracker(  637): ims: Received state=DISCONNECTED, old=DISCONNECTED, reason=dataDetached
03-11 16:34:41.976 D/MobileDataStateTracker(  637): default: Broadcast received: android.intent.action.ANY_DATA_STATE apnType=default
03-11 16:34:41.976 D/MobileDataStateTracker(  637): default: Received state=DISCONNECTED, old=DISCONNECTED, reason=dataDetached
03-11 16:34:41.976 D/MobileDataStateTracker(  637): mms: Broadcast received: android.intent.action.ANY_DATA_STATE apnType=mms
03-11 16:34:41.976 D/MobileDataStateTracker(  637): mms: Received state=DISCONNECTED, old=DISCONNECTED, reason=dataDetached
03-11 16:34:41.976 D/MobileDataStateTracker(  637): cbs: Broadcast received: android.intent.action.ANY_DATA_STATE apnType=cbs
03-11 16:34:41.976 D/MobileDataStateTracker(  637): cbs: Received state=DISCONNECTED, old=DISCONNECTED, reason=dataDetached
03-11 16:34:41.976 D/MobileDataStateTracker(  637): fota: Broadcast received: android.intent.action.ANY_DATA_STATE apnType=fota
03-11 16:34:41.976 D/MobileDataStateTracker(  637): fota: Received state=DISCONNECTED, old=DISCONNECTED, reason=roamingOff
03-11 16:34:41.976 D/MobileDataStateTracker(  637): dun: Broadcast received: android.intent.action.ANY_DATA_STATE apnType=dun
03-11 16:34:41.976 D/MobileDataStateTracker(  637): dun: Received state=DISCONNECTED, old=DISCONNECTED, reason=roamingOff
03-11 16:34:41.986 D/MobileDataStateTracker(  637): supl: Broadcast received: android.intent.action.ANY_DATA_STATE apnType=supl
03-11 16:34:41.986 D/MobileDataStateTracker(  637): supl: Received state=DISCONNECTED, old=DISCONNECTED, reason=roamingOff
03-11 16:34:41.986 D/MobileDataStateTracker(  637): hipri: Broadcast received: android.intent.action.ANY_DATA_STATE apnType=hipri
03-11 16:34:41.986 D/MobileDataStateTracker(  637): hipri: Received state=DISCONNECTED, old=DISCONNECTED, reason=roamingOff
03-11 16:34:41.986 D/MobileDataStateTracker(  637): ims: Broadcast received: android.intent.action.ANY_DATA_STATE apnType=ims
03-11 16:34:41.986 D/MobileDataStateTracker(  637): ims: Received state=DISCONNECTED, old=DISCONNECTED, reason=roamingOff
03-11 16:34:41.986 D/MobileDataStateTracker(  637): default: Broadcast received: android.intent.action.ANY_DATA_STATE apnType=default
03-11 16:34:41.986 D/MobileDataStateTracker(  637): default: Received state=DISCONNECTED, old=DISCONNECTED, reason=roamingOff
03-11 16:34:41.986 D/MobileDataStateTracker(  637): mms: Broadcast received: android.intent.action.ANY_DATA_STATE apnType=mms
03-11 16:34:41.986 D/MobileDataStateTracker(  637): mms: Received state=DISCONNECTED, old=DISCONNECTED, reason=roamingOff
03-11 16:34:41.986 D/MobileDataStateTracker(  637): cbs: Broadcast received: android.intent.action.ANY_DATA_STATE apnType=cbs
03-11 16:34:41.986 D/MobileDataStateTracker(  637): cbs: Received state=DISCONNECTED, old=DISCONNECTED, reason=roamingOff
03-11 16:34:41.986 D/MobileDataStateTracker(  637): fota: Broadcast received: android.intent.action.ANY_DATA_STATE apnType=fota
03-11 16:34:41.996 D/MobileDataStateTracker(  637): fota: Received state=DISCONNECTED, old=DISCONNECTED, reason=roamingOff
03-11 16:34:41.996 D/MobileDataStateTracker(  637): dun: Broadcast received: android.intent.action.ANY_DATA_STATE apnType=dun
03-11 16:34:41.996 D/MobileDataStateTracker(  637): dun: Received state=DISCONNECTED, old=DISCONNECTED, reason=roamingOff
03-11 16:34:41.996 D/MobileDataStateTracker(  637): supl: Broadcast received: android.intent.action.ANY_DATA_STATE apnType=supl
03-11 16:34:41.996 D/MobileDataStateTracker(  637): supl: Received state=DISCONNECTED, old=DISCONNECTED, reason=roamingOff
03-11 16:34:41.996 D/MobileDataStateTracker(  637): hipri: Broadcast received: android.intent.action.ANY_DATA_STATE apnType=hipri
03-11 16:34:41.996 D/MobileDataStateTracker(  637): hipri: Received state=DISCONNECTED, old=DISCONNECTED, reason=roamingOff
03-11 16:34:41.996 D/MobileDataStateTracker(  637): ims: Broadcast received: android.intent.action.ANY_DATA_STATE apnType=ims
03-11 16:34:41.996 D/MobileDataStateTracker(  637): ims: Received state=DISCONNECTED, old=DISCONNECTED, reason=roamingOff
03-11 16:34:41.996 D/MobileDataStateTracker(  637): default: Broadcast received: android.intent.action.ANY_DATA_STATE apnType=default
03-11 16:34:41.996 D/MobileDataStateTracker(  637): default: Received state=DISCONNECTED, old=DISCONNECTED, reason=roamingOff
03-11 16:34:41.996 D/MobileDataStateTracker(  637): mms: Broadcast received: android.intent.action.ANY_DATA_STATE apnType=mms
03-11 16:34:41.996 D/MobileDataStateTracker(  637): mms: Received state=DISCONNECTED, old=DISCONNECTED, reason=roamingOff
03-11 16:34:41.996 D/MobileDataStateTracker(  637): cbs: Broadcast received: android.intent.action.ANY_DATA_STATE apnType=cbs
03-11 16:34:42.006 D/TelephonyDebugService(  945): TelephonyDebugService()
03-11 16:34:42.006 D/MobileDataStateTracker(  637): cbs: Received state=DISCONNECTED, old=DISCONNECTED, reason=roamingOff
03-11 16:34:42.016 W/art     (  184): Could not get current activity
03-11 16:34:42.026 I/ActivityManager(  637): Start proc com.google.process.gapps for content provider com.google.android.gsf/.gservices.GservicesProvider: pid=1146 uid=10023 gids={50023, 3003, 1007, 3002, 3001, 1028, 1015, 3007, 2001, 3006}
03-11 16:34:42.036 D/BluetoothManagerService(  637): Message: 30
03-11 16:34:42.036 E/BluetoothPhoneService(  945): Could not get a handle on Connection object for the call
03-11 16:34:42.046 W/CallNotifier(  945): Got onMwiChanged() on non-voice-capable device! Ignoring...
03-11 16:34:42.046 E/KeepSync( 1061): Try to add invalid account
03-11 16:34:42.046 E/KeepSync( 1061): Try to force sync on a null account
03-11 16:34:42.046 E/KeepSync( 1061): Try to add invalid account
03-11 16:34:42.046 E/KeepSync( 1061): Try to force sync on a null account
03-11 16:34:42.066 I/PhoneApp(  945): Headset phone created, binding local service.
03-11 16:34:42.076 D/CastDeviceScannerIntentService( 1081): Starting operation: >> ayx
03-11 16:34:42.076 D/CastDeviceScannerIntentService( 1081): Finished operation: << ayx (2ms elapsed)
03-11 16:34:42.076 D/CastDeviceScannerIntentService( 1081): Starting operation: >> ayv
03-11 16:34:42.086 W/art     ( 1146): Failed to find ELF magic in /system/priv-app/GoogleServicesFramework.odex: dey
03-11 16:34:42.126 W/MdnsDeviceScanner( 1081): No network interfaces to scan on!
03-11 16:34:42.126 D/CastDeviceScannerIntentService( 1081): Finished operation: << ayv (43ms elapsed)
03-11 16:34:42.146 E/NfcNciHal(  966): NVM patch version is 11.31
03-11 16:34:42.196 W/art     ( 1146): Failed to find ELF magic in /system/app/GoogleContactsSyncAdapter.odex: dey
03-11 16:34:42.246 I/GservicesProvider( 1146): Gservices pushing to system: true; secure/global: true
03-11 16:34:42.246 I/ContactLocale( 1012): AddressBook Labels [en_US]: [, A, B, C, D, E, F, G, H, I, J, K, L, M, N, O, P, Q, R, S, T, U, V, W, X, Y, Z, , , , , , , , , , , , , , , , , , , , , , , , , , , , , , , , , , , , , , , , , , , , , , , , , , , , , , , , , , , , , , , , , , , , , , , , , , , , , , , , , , , , , , , , , , , , , , , , , , , , , , , , , , , , , , , , , , , , , , , , , , , , , , , , , , , , , , , , , , , , , , , , , , , , , , , , , , , , , , , , , , , , , , , , , , , , , , , , , , , , , , #, ]
03-11 16:34:42.346 E/AppsCustomizePagedView(  987): Widget ComponentInfo{com.devhd.feedly/com.devhd.feedly.widget.FeedlyWidgetProvider_4_1} has invalid dimensions (0, 0)
03-11 16:34:42.617 V/KeepAlert( 1061): Action android.net.wifi.WIFI_STATE_CHANGED
03-11 16:34:42.627 I/ActivityManager(  637): Start proc com.google.process.location for broadcast com.google.android.gms/com.google.android.location.network.LocationProviderChangeReceiver: pid=1196 uid=10023 gids={50023, 3003, 1007, 3002, 3001, 1028, 1015, 3007, 2001, 3006}
03-11 16:34:42.707 I/Adreno-EGL(  987): <qeglDrvAPI_eglInitialize:320>: EGL 1.4 QUALCOMM Build: I0404c4692afb8623f95c43aeb6d5e13ed4b30ddbDate: 11/06/13
03-11 16:34:42.717 W/art     ( 1196): Failed to find ELF magic in /system/priv-app/GoogleBackupTransport.odex: dey
03-11 16:34:42.727 W/art     ( 1196): Failed to find ELF magic in /system/framework/com.android.location.provider.odex: dey
03-11 16:34:42.727 W/art     ( 1196): Failed to find ELF magic in /system/framework/com.android.media.remotedisplay.odex: dey
03-11 16:34:42.757 D/OpenGLRenderer(  987): Enabling debug mode 0
03-11 16:34:42.767 I/art     (  775): GcCauseBackground partial concurrent mark sweep GC freed 129(5KB) AllocSpace objects, 1(15MB) LOS objects, 1% free, 31MB/31MB, paused 7.110ms total 27.008ms
03-11 16:34:42.787 V/BackupManagerService(  637): Connected to transport ComponentInfo{com.google.android.backuptransport/com.google.android.backup.BackupTransportService}
03-11 16:34:42.797 V/BackupManagerService(  637): Registering transport com.google.android.backuptransport/com.google.android.backup.BackupTransportService::com.google.android.backup/.BackupTransportService = com.android.internal.backup.IBackupTransport$Stub$Proxy@656b9568
03-11 16:34:42.807 I/MultiDex( 1196): load(/data/app/com.google.android.gms-2.apk, forceReload=false)
03-11 16:34:42.847 I/MultiDex( 1196): Need extracted file /data/data/com.google.android.gms/files/secondary-dexes/com.google.android.gms-2.apk.classes2.zip
03-11 16:34:42.847 I/MultiDex( 1196): No extraction needed for /data/data/com.google.android.gms/files/secondary-dexes/com.google.android.gms-2.apk.classes2.zip of size 1430457
03-11 16:34:42.857 I/ActivityManager(  637): Displayed com.android.launcher/com.android.launcher2.Launcher: +2s177ms
03-11 16:34:42.867 I/Choreographer(  775): Skipped 96 frames!  The application may be doing too much work on its main thread.
03-11 16:34:42.927 V/GmsNetworkLocationProvi( 1196): onSetRequest: ProviderRequestUnbundled, reportLocation is true and interval is 86400000
03-11 16:34:42.947 V/KeyguardHostView(  775): music state changed: 0
03-11 16:34:42.997 D/CastDeviceScannerIntentService( 1081): Starting operation: >> ayx
03-11 16:34:42.997 D/CastDeviceScannerIntentService( 1081): Finished operation: << ayx (1ms elapsed)
03-11 16:34:43.007 V/KeyguardServiceDelegate(  637): **** SHOWN CALLED ****
03-11 16:34:43.047 E/LocationManagerHelper( 1196): Unable to assign LocationManager blame through WorkSource: java.lang.IllegalArgumentException: method android.location.LocationRequest.setWorkSource argument 1 has type android.os.WorkSource, got bmu, cause: null
03-11 16:34:43.077 D/Launcher.Model(  987): DbDebug    Modify item (HN) in db, id: 47 (48, 0, 0, 0) --> (48, 0, 0, 0)
03-11 16:34:43.087 D/Launcher.Model(  987): DbDebug    Modify item (reddit sync) in db, id: 49 (48, 0, 1, 0) --> (48, 0, 1, 0)
03-11 16:34:43.087 D/Launcher.Model(  987): DbDebug    Modify item (Google+) in db, id: 58 (48, 0, 2, 0) --> (48, 0, 2, 0)
03-11 16:34:43.087 D/Launcher.Model(  987): DbDebug    Modify item (feedly) in db, id: 57 (48, 0, 0, 1) --> (48, 0, 0, 1)
03-11 16:34:43.087 D/Launcher.Model(  987): DbDebug    Modify item (Moon+ Reader) in db, id: 63 (48, 0, 1, 1) --> (48, 0, 1, 1)
03-11 16:34:43.097 D/Launcher.Model(  987): DbDebug    Modify item (Dropbox) in db, id: 61 (62, 0, 0, 0) --> (62, 0, 0, 0)
03-11 16:34:43.097 D/Launcher.Model(  987): DbDebug    Modify item (Play Store) in db, id: 45 (62, 0, 1, 0) --> (62, 0, 1, 0)
03-11 16:34:43.107 D/Launcher.Model(  987): DbDebug    Modify item (Chrome) in db, id: 29 (50, 0, 0, 0) --> (50, 0, 0, 0)
03-11 16:34:43.107 D/Launcher.Model(  987): DbDebug    Modify item (Chrome Beta) in db, id: 51 (50, 0, 1, 0) --> (50, 0, 1, 0)
03-11 16:34:43.107 D/Launcher.Model(  987): DbDebug    Modify item (Nightly) in db, id: 53 (50, 0, 0, 1) --> (50, 0, 0, 1)
03-11 16:34:43.137 V/RenderScript(  987): Application requested CPU execution
03-11 16:34:43.137 D/PhoneStatusBar(  775): disable: < expand icons alerts ticker system_info BACK* HOME* RECENT clock search >
03-11 16:34:43.147 V/RenderScript(  987): 0x4bffe7e0 Launching thread(s), CPUs 4
03-11 16:34:43.227 D/Launcher.Model(  987): DbDebug    Modify item (Play Music) in db, id: 4 (2, 0, 0, 0) --> (2, 0, 0, 0)
03-11 16:34:43.227 D/Launcher.Model(  987): DbDebug    Modify item (Play Books) in db, id: 6 (2, 0, 1, 0) --> (2, 0, 1, 0)
03-11 16:34:43.227 D/Launcher.Model(  987): DbDebug    Modify item (Play Games) in db, id: 8 (2, 0, 2, 0) --> (2, 0, 2, 0)
03-11 16:34:43.237 D/Launcher.Model(  987): DbDebug    Modify item (Play Newsstand) in db, id: 10 (2, 0, 3, 0) --> (2, 0, 3, 0)
03-11 16:34:43.237 D/Launcher.Model(  987): DbDebug    Modify item (Google+) in db, id: 12 (2, 0, 0, 1) --> (2, 0, 0, 1)
03-11 16:34:43.237 D/Launcher.Model(  987): DbDebug    Modify item (Keep) in db, id: 14 (2, 0, 1, 1) --> (2, 0, 1, 1)
03-11 16:34:43.237 D/Launcher.Model(  987): DbDebug    Modify item (Drive) in db, id: 16 (2, 0, 2, 1) --> (2, 0, 2, 1)
03-11 16:34:43.237 D/Launcher.Model(  987): DbDebug    Modify item (Calendar) in db, id: 18 (2, 0, 3, 1) --> (2, 0, 3, 1)
03-11 16:34:43.237 D/Launcher.Model(  987): DbDebug    Modify item (Currents) in db, id: 20 (2, 0, 0, 2) --> (2, 0, 0, 2)
03-11 16:34:43.237 D/Launcher.Model(  987): DbDebug    Modify item (Gallery) in db, id: 22 (2, 0, 1, 2) --> (2, 0, 1, 2)
03-11 16:34:43.237 D/Launcher.Model(  987): DbDebug    Modify item (Earth) in db, id: 24 (2, 0, 2, 2) --> (2, 0, 2, 2)
03-11 16:34:43.237 D/PhoneStatusBar(  775): disable: < expand icons alerts ticker system_info BACK HOME RECENT CLOCK* search >
03-11 16:34:43.307 I/art     (  987): GcCauseBackground partial concurrent mark sweep GC freed 3149(171KB) AllocSpace objects, 8(654KB) LOS objects, 1% free, 14MB/14MB, paused 6.835ms total 17.913ms
03-11 16:34:43.327 V/ProvidersChangedReceiver( 1196): calling applySettings
03-11 16:34:43.347 V/GmsNetworkLocationProvi( 1196): ENABLE
03-11 16:34:43.347 V/GmsNetworkLocationProvi( 1196): SET-REQUEST
03-11 16:34:43.347 V/GmsNetworkLocationProvi( 1196): in Handler: ProviderRequestUnbundled, reportLocation is true and interval is 86400000
03-11 16:34:43.908 I/GCoreUlr( 1196): Starting service, intent=Intent { cmp=com.google.android.gms/com.google.android.location.reporting.service.DispatchingService (has extras) }, extras=Bundle[{intentType=2, receiverAction=android.location.PROVIDERS_CHANGED}]
03-11 16:34:43.948 D/BluetoothAdapter(  911): 1692282536: getState() :  mService = null. Returning STATE_OFF
03-11 16:34:43.948 I/wpa_supplicant(  769): wlan0: Trying to associate with SSID 'aalto open'
03-11 16:34:43.968 I/GCoreUlr( 1196): DispatchingService.onCreate()
03-11 16:34:43.978 W/Settings( 1196): Setting airplane_mode_on has moved from android.provider.Settings.System to android.provider.Settings.Global, returning read-only value.
03-11 16:34:44.008 I/wpa_supplicant(  769): wlan0: Associated with 08:1f:f3:b2:d0:ae
03-11 16:34:44.008 I/wpa_supplicant(  769): wlan0: CTRL-EVENT-CONNECTED - Connection to 08:1f:f3:b2:d0:ae completed (auth) [id=1 id_str=]
03-11 16:34:44.018 D/Tethering(  637): sendTetherStateChangedBroadcast 1, 0, 0
03-11 16:34:44.038 E/WifiStateMachine(  637): Unexpected BatchedScanResults :OK
03-11 16:34:44.098 D/BluetoothAdapter(  911): 1692282536: getState() :  mService = null. Returning STATE_OFF
03-11 16:34:44.108 V/KeepAlert( 1061): Action android.net.wifi.WIFI_STATE_CHANGED
03-11 16:34:44.108 D/BluetoothAdapter(  911): 1692282536: getState() :  mService = null. Returning STATE_OFF
03-11 16:34:44.128 W/art     (  184): Could not get current activity
03-11 16:34:44.138 I/ActivityManager(  637): Start proc com.google.android.apps.magazines for broadcast com.google.android.apps.magazines/com.google.apps.dots.android.newsstand.audio.MediaButtonIntentReceiver: pid=1258 uid=10040 gids={50040, 3003, 1028, 1015}
03-11 16:34:44.168 V/KeepAlert( 1061): Action android.net.wifi.WIFI_STATE_CHANGED
03-11 16:34:44.188 I/GCoreUlr( 1196): WorldUpdater received intent Intent { cmp=com.google.android.gms/com.google.android.location.reporting.service.DispatchingService (has extras) } with receiverAction android.location.PROVIDERS_CHANGED, forceUpdate false
03-11 16:34:44.258 D/BrcmNfcJni(  966): RoutingManager::initialize(): try ee register
03-11 16:34:44.258 D/BrcmNfcJni(  966): RoutingManager::nfaEeCallback: NFA_EE_REGISTER_EVT; status=0
03-11 16:34:44.258 D/BrcmNfcJni(  966): nfaEeCallback: NFA_EE_DISCOVER_REQ_EVT; status=0x0; num ee=0
03-11 16:34:44.258 D/BrcmNfcJni(  966): RoutingManager::initialize(): default route is 0x00
03-11 16:34:44.258 D/BrcmNfcJni(  966): RoutingManager::nfaEeCallback: NFA_EE_SET_TECH_CFG_EVT; status=0x0
03-11 16:34:44.258 D/BrcmNfcJni(  966): RoutingManager::nfaEeCallback: NFA_EE_SET_PROTO_CFG_EVT; status=0x0
03-11 16:34:44.258 E/BrcmNfcNfa(  966): UICC[0x0] is not activated
03-11 16:34:44.258 E/BrcmNfcNfa(  966): UICC[0x0] is not activated
03-11 16:34:44.258 D/BrcmNfcJni(  966): RoutingManager::stackCallback: event=0x15
03-11 16:34:44.258 D/BrcmNfcJni(  966): RoutingManager::stackCallback: NFA_CE_REGISTERED_EVT; status=0x0; h=0x302
03-11 16:34:44.278 D/GeofencerStateMachine( 1196): Creating GeofencerStateMachine
03-11 16:34:44.308 D/NdefPushServer(  966): start, thread = null
03-11 16:34:44.308 D/NdefPushServer(  966): starting new server thread
03-11 16:34:44.308 D/NdefPushServer(  966): about create LLCP service socket
03-11 16:34:44.308 D/NdefPushServer(  966): created LLCP service socket
03-11 16:34:44.308 D/NdefPushServer(  966): about to accept
03-11 16:34:44.308 V/BufferedAnalyticsState( 1196): Not ready for upload, 565 seconds left.
03-11 16:34:44.318 D/NfcService(  966): NFC-EE OFF
03-11 16:34:44.318 E/BrcmNfcJni(  966): nfcManager_doDeselectSecureElement: already deselected
03-11 16:34:44.318 D/NfcService(  966): NFC-C OFF
03-11 16:34:44.428 V/GeofencerHelper( 1196): Initializing geofence's system cache.
03-11 16:34:44.428 V/PlaceSubscriptionManager( 1196): Initializing PlaceSubscriptionManager's system cache.
03-11 16:34:44.448 D/GeofenceStateCache( 1196): Recovered 0 geofences.
03-11 16:34:44.458 V/WebViewChromium( 1258): Binding Chromium to the background looper Looper (main, tid 1) {64da7588}
03-11 16:34:44.468 I/chromium( 1258): [INFO:library_loader_hooks.cc(112)] Chromium logging enabled: level = 0, default verbosity = 0
03-11 16:34:44.509 I/BrowserProcessMain( 1258): Initializing chromium process, renderers=0
03-11 16:34:44.519 W/art     ( 1258): Attempt to remove local SIRT entry from IRT, ignoring
03-11 16:34:44.549 W/art     ( 1258): Thread[13,tid=1317,Native,Thread*=0x498d3750,peer=0x64e533c8,"Thread-91"] attached without supplying a name
03-11 16:34:44.559 W/chromium( 1258): [WARNING:proxy_service.cc(888)] PAC support disabled because there is no system implementation
03-11 16:34:44.559 I/art     ( 1146): Heap trim of managed (duration=671.387us, advised=8KB) and native (duration=1.464844ms, advised=0B) heaps. Managed heap utilization of 63%.
03-11 16:34:44.579 I/Adreno-EGL( 1258): <qeglDrvAPI_eglInitialize:320>: EGL 1.4 QUALCOMM Build: I0404c4692afb8623f95c43aeb6d5e13ed4b30ddbDate: 11/06/13
03-11 16:34:44.599 I/GCoreUlr( 1196): Ensuring that reporting is stopped because of reasons: {account#-17#=[InactiveReason{mVersionCode=0, mIdentifier=6, mName='ReportingNotSelected'}]}
03-11 16:34:44.599 D/GCoreFlp( 1196): Unknown pending intent to remove.
03-11 16:34:44.599 I/GCoreUlr( 1196): Unbound from all location providers
03-11 16:34:44.629 W/art     ( 1258): Thread[14,tid=1312,Native,Thread*=0x4a260c30,peer=0x64e65180,"Thread-93"] attached without supplying a name
03-11 16:34:44.669 W/art     ( 1258): Attempt to remove local SIRT entry from IRT, ignoring
03-11 16:34:44.769 W/GAV2    ( 1258): Thread[main,5,main]: Need to call initialize() and be in fallback mode to start dispatch.
03-11 16:34:45.009 I/NSApplication( 1258): Starting up...
03-11 16:34:45.089 V/ProvidersChangedReceiver( 1196): calling applySettings
03-11 16:34:45.099 I/GCoreUlr( 1196): Starting service, intent=Intent { cmp=com.google.android.gms/com.google.android.location.reporting.service.DispatchingService (has extras) }, extras=Bundle[{intentType=2, receiverAction=android.location.PROVIDERS_CHANGED}]
03-11 16:34:45.109 I/GCoreUlr( 1196): WorldUpdater received intent Intent { cmp=com.google.android.gms/com.google.android.location.reporting.service.DispatchingService (has extras) } with receiverAction android.location.PROVIDERS_CHANGED, forceUpdate false
03-11 16:34:45.109 D/BluetoothAdapter(  911): 1692282536: getState() :  mService = null. Returning STATE_OFF
03-11 16:34:45.129 I/ActivityManager(  637): Start proc com.google.android.partnersetup for broadcast com.google.android.partnersetup/.PhoneStateReceiver: pid=1341 uid=10028 gids={50028, 3003}
03-11 16:34:45.149 I/MediaFocusControl(  637):  AudioFocus  abandonAudioFocus() from android.media.AudioManager@64fc8ff0com.google.apps.dots.android.newsstand.audio.AudioPlayerService$3@64fc9de0
03-11 16:34:45.149 I/MediaFocusControl(  637):   Remote Control   unregisterMediaButtonIntent() for PendingIntent{651cb258: PendingIntentRecord{65489968 com.google.android.apps.magazines broadcastIntent}}
03-11 16:34:45.169 W/art     ( 1341): Failed to find ELF magic in /system/priv-app/GooglePartnerSetup.odex: dey
03-11 16:34:45.209 W/art     ( 1146): Failed to find ELF magic in /system/framework/com.android.location.provider.odex: dey
03-11 16:34:45.219 W/art     ( 1146): Failed to find ELF magic in /system/framework/com.android.media.remotedisplay.odex: dey
03-11 16:34:45.229 I/MultiDex( 1146): load(/data/app/com.google.android.gms-2.apk, forceReload=false)
03-11 16:34:45.249 I/MultiDex( 1146): Need extracted file /data/data/com.google.android.gms/files/secondary-dexes/com.google.android.gms-2.apk.classes2.zip
03-11 16:34:45.249 I/MultiDex( 1146): No extraction needed for /data/data/com.google.android.gms/files/secondary-dexes/com.google.android.gms-2.apk.classes2.zip of size 1430457
03-11 16:34:45.269 I/GCoreUlr( 1196): Ensuring that reporting is stopped because of reasons: {account#-17#=[InactiveReason{mVersionCode=0, mIdentifier=6, mName='ReportingNotSelected'}]}
03-11 16:34:45.269 D/GCoreFlp( 1196): Unknown pending intent to remove.
03-11 16:34:45.269 I/GCoreUlr( 1196): Unbound from all location providers
03-11 16:34:45.289 D/GCM     ( 1146): COMPAT: Multi user ser=0 current=0
03-11 16:34:45.389 W/GCM     ( 1146): Using fallback http
03-11 16:34:45.399 I/GoogleHttpClient( 1146): Falling back to old http client 0 java.lang.NoSuchMethodException: <init> [class android.content.Context, class java.lang.String, boolean]
03-11 16:34:45.409 I/GCM     ( 1146): GCM config loaded
03-11 16:34:45.409 D/GCM     ( 1146): GcmService start Intent { act=com.google.android.gms.INITIALIZE flg=0x10 pkg=com.google.android.gms cmp=com.google.android.gms/.gcm.GcmService } com.google.android.gms.INITIALIZE
03-11 16:34:45.409 D/GCM     ( 1146): GcmService start Intent { act=com.google.android.gms.INITIALIZE flg=0x10 pkg=com.google.android.gms cmp=com.google.android.gms/.gcm.GcmService } com.google.android.gms.INITIALIZE
03-11 16:34:45.439 D/ConnectivityService(  637): handleInetConditionChange: no active default network - ignore
03-11 16:34:45.449 I/ActivityManager(  637): Start proc com.facebook.katana:dash_service for broadcast com.facebook.katana/com.facebook.keyguardservice.KeyguardServiceBooter: pid=1377 uid=10114 gids={50114, 1028, 1015, 3003}
03-11 16:34:45.510 W/art     ( 1377): Failed to find ELF magic in /system/framework/com.google.android.maps.odex: dey
03-11 16:34:45.670 D/CatchMeIfYouCan( 1377): Process (dash_service) ca: '/data/data/com.facebook.katana/app_cmiyc/FC3D6AF0DCAD751E9720A8A1538A89840AD3817701'
03-11 16:34:45.670 D/CatchMeIfYouCan( 1377): Process (dash_service) fc: '/data/data/com.facebook.katana/app_cmiyc/FC3D6AF0DCAD751E9720A8A1538A89840AD3817702'
03-11 16:34:45.670 D/CatchMeIfYouCan( 1377): Process (dash_service) cp: '('default', 3, 120000, silent [true], restart [false], logout [false])'
03-11 16:34:45.700 D/ACRA    ( 1377): ACRA is enabled for com.facebook.katana, intializing...
03-11 16:34:45.710 D/ACRA    ( 1377): Looking for error files in /data/data/com.facebook.katana/app_acra-reports
03-11 16:34:45.710 D/ACRA    ( 1377): Looking for error files in /data/data/com.facebook.katana/app_minidumps
03-11 16:34:45.750 W/SystemClassLoaderAdder( 1377): Could not find zipFile entry corresponding to path /data/app/com.facebook.katana-2.apk
03-11 16:34:45.760 V/DexLibLoader( 1377): Preparing secondary program dexes.
03-11 16:34:45.760 V/DexLibLoader( 1377): Loaded 2 raw lines of metadata.
03-11 16:34:45.760 V/DexLibLoader( 1377): Secondary program dex metadata: secondary-1.dex.jar.xz 188f1cf98e7929d7457e2cdf72a0777981e1fc27 secondary.dex01.Canary
03-11 16:34:45.760 V/DexLibLoader( 1377): Secondary program dex metadata: secondary-2.dex.jar.xz 14314443648960c2f9d1e4924306d1af2de75315 secondary.dex02.Canary
03-11 16:34:45.760 W/DexLibLoader( 1377): Unexpected file in program dex directory: /data/data/com.facebook.katana/app_secondary_program_dex/temp_dex_lock
03-11 16:34:45.760 V/DexLibLoader( 1377): Preparing to extract secondary-1.dex.jar.xz to /data/data/com.facebook.katana/app_secondary_program_dex/program-188f1cf98e7929d7457e2cdf72a0777981e1fc2731a2345d.dex.jar
03-11 16:34:45.760 V/DexLibLoader( 1377): Dex already copied
03-11 16:34:45.770 D/OdexVerifier( 1377): Odex verification is skipped.
03-11 16:34:45.770 V/DexLibLoader( 1377): Creating class loader
03-11 16:34:45.780 V/DexLibLoader( 1377): Finished creating class loader
03-11 16:34:45.780 V/DexLibLoader( 1377): Preparing to extract secondary-2.dex.jar.xz to /data/data/com.facebook.katana/app_secondary_program_dex/program-14314443648960c2f9d1e4924306d1af2de7531531a2345d.dex.jar
03-11 16:34:45.780 V/DexLibLoader( 1377): Dex already copied
03-11 16:34:45.780 D/OdexVerifier( 1377): Odex verification is skipped.
03-11 16:34:45.780 V/DexLibLoader( 1377): Creating class loader
03-11 16:34:45.780 V/DexLibLoader( 1377): Finished creating class loader
03-11 16:34:45.780 V/DexLibLoader( 1377): Verifying classes from secondary dexes.
03-11 16:34:45.840 D/DexLibLoader( 1377): DexLibLoader.ensureDexLoaded took 99 ms
03-11 16:34:45.890 I/art     ( 1377): GcCauseBackground sticky partial concurrent mark sweep GC freed 5861(301KB) AllocSpace objects, 1(16KB) LOS objects, 3% free, 9MB/9MB, paused 12.634ms total 58.593ms
03-11 16:34:46.060 D/WifiStateMachine(  637): VerifyingLinkState enter
03-11 16:34:46.060 D/WifiStateMachine(  637): VerifyingLinkState GOOD_LINK_DETECTED: transition to captive portal check
03-11 16:34:46.060 D/WifiStateMachine(  637): CaptivePortalCheckState enter
03-11 16:34:46.070 D/WifiStateMachine(  637): CaptivePortalCheckState CMD_CAPTIVE_CHECK_COMPLETE
03-11 16:34:46.070 D/ConnectivityService(  637): Captive portal check NetworkInfo: type: WIFI[], state: CONNECTING/CAPTIVE_PORTAL_CHECK, reason: (unspecified), extra: "aalto open", roaming: false, failover: false, isAvailable: true, isConnectedToProvisioningNetwork: false
03-11 16:34:46.070 D/ConnectivityService(  637): handleCaptivePortalTrackerCheck: call captivePortalCheckComplete ni=NetworkInfo: type: WIFI[], state: CONNECTING/CAPTIVE_PORTAL_CHECK, reason: (unspecified), extra: "aalto open", roaming: false, failover: false, isAvailable: true, isConnectedToProvisioningNetwork: false
03-11 16:34:46.080 D/ConnectivityService(  637): ConnectivityChange for WIFI: CONNECTED/CONNECTED
03-11 16:34:46.080 E/ConnectivityService(  637): Unexpected mtu value: android.net.wifi.WifiStateTracker@65520810
03-11 16:34:46.090 D/Nat464Xlat(  637): requiresClat: netType=1, hasIPv4Address=true
03-11 16:34:46.250 W/art     ( 1377): Verification of void com.facebook.katana.app.module.FbandroidAppModule.a() took 231.628417ms
03-11 16:34:46.981 I/art     ( 1377): Heap trim of managed (duration=2.868652ms, advised=4KB) and native (duration=1.464844ms, advised=0B) heaps. Managed heap utilization of 68%.
03-11 16:34:47.291 D/ConnectivityService(  637): handleConnectivityChange: addresses changed linkProperty[1]: resetMask=0
03-11 16:34:47.291 D/ConnectivityService(  637):    car=removed=[] added=[fe80::beee:7bff:fe4c:a773/64,]
03-11 16:34:47.291 D/Nat464Xlat(  637): requiresClat: netType=1, hasIPv4Address=true
03-11 16:34:47.712 D/BluetoothManagerService(  637): Message: 30
03-11 16:34:47.722 D/BluetoothManagerService(  637): Message: 30
03-11 16:34:47.722 W/ContextImpl(  637): Calling a method in the system process without a qualified user: android.app.ContextImpl.bindService:1543 android.bluetooth.BluetoothHeadset.doBind:283 android.bluetooth.BluetoothHeadset.<init>:276 android.bluetooth.BluetoothAdapter.getProfileProxy:1181 android.media.AudioService.getBluetoothHeadset:2245 
03-11 16:34:47.722 W/ContextImpl(  637): Calling a method in the system process without a qualified user: android.app.ContextImpl.bindService:1543 android.bluetooth.BluetoothA2dp.doBind:165 android.bluetooth.BluetoothA2dp.<init>:158 android.bluetooth.BluetoothAdapter.getProfileProxy:1184 android.media.AudioService$AudioServiceBroadcastReceiver.onReceive:4166 
03-11 16:34:47.722 V/WiredAccessoryManager(  637): init()
03-11 16:34:47.732 I/PowerManagerService(  637): Boot animation finished.
03-11 16:34:47.742 I/RecoverySystem(  637): No recovery log file
03-11 16:34:47.742 W/art     (  184): Could not get current activity
03-11 16:34:47.782 I/ActivityManager(  637): Start proc com.android.providers.calendar for broadcast com.android.providers.calendar/.CalendarReceiver: pid=1436 uid=10008 gids={50008, 3003, 1028, 1015}
03-11 16:34:47.792 W/art     ( 1436): Failed to find ELF magic in /system/framework/android.test.runner.odex: dey
03-11 16:34:47.802 W/art     ( 1436): Failed to find ELF magic in /system/priv-app/CalendarProvider.odex: dey
03-11 16:34:47.822 I/BootReceiver(  637): Copying /proc/last_kmsg to DropBox (SYSTEM_LAST_KMSG)
03-11 16:34:47.842 I/ActivityManager(  637): Start proc com.chrome.beta for service com.chrome.beta/com.google.android.apps.chrome.sync.ChromeBrowserSyncAdapterService: pid=1466 uid=10110 gids={50110, 3003, 1028, 1015}
03-11 16:34:47.872 I/BootReceiver(  637): Copying audit failures to DropBox
03-11 16:34:47.882 I/BootReceiver(  637): Copied 959 worth of audits to DropBox
03-11 16:34:47.892 I/ActivityManager(  637): Start proc com.facebook.katana for content provider com.facebook.katana/.provider.orca.FbSharedPreferencesContentProvider: pid=1487 uid=10114 gids={50114, 1028, 1015, 3003}
03-11 16:34:47.892 I/BootReceiver(  637): Checking for fsck errors
03-11 16:34:47.902 I/BootReceiver(  637): Copying /data/tombstones/tombstone_01 to DropBox (SYSTEM_TOMBSTONE)
03-11 16:34:47.972 I/CalendarProvider2( 1436): Created com.android.providers.calendar.CalendarAlarmManager@64dd58f8(com.android.providers.calendar.CalendarProvider2@64dc6328)
03-11 16:34:47.992 W/art     ( 1487): Failed to find ELF magic in /system/framework/com.google.android.maps.odex: dey
03-11 16:34:48.012 I/ActivityManager(  637): Delay finish: com.android.providers.calendar/.CalendarReceiver
03-11 16:34:48.062 D/CatchMeIfYouCan( 1487): Process (<default>) ca: '/data/user/0/com.facebook.katana/app_cmiyc/A1657CCD543F12E66E587EE52ED9D802E22AAC4701'
03-11 16:34:48.062 D/CatchMeIfYouCan( 1487): Process (<default>) fc: '/data/user/0/com.facebook.katana/app_cmiyc/A1657CCD543F12E66E587EE52ED9D802E22AAC4702'
03-11 16:34:48.062 D/CatchMeIfYouCan( 1487): Process (<default>) cp: '('default', 3, 120000, silent [true], restart [false], logout [false])'
03-11 16:34:48.072 D/ACRA    ( 1487): ACRA is enabled for com.facebook.katana, intializing...
03-11 16:34:48.082 D/ACRA    ( 1487): Looking for error files in /data/user/0/com.facebook.katana/app_acra-reports
03-11 16:34:48.082 D/ACRA    ( 1487): Looking for error files in /data/user/0/com.facebook.katana/app_minidumps
03-11 16:34:48.112 W/SystemClassLoaderAdder( 1487): Could not find zipFile entry corresponding to path /data/app/com.facebook.katana-2.apk
03-11 16:34:48.112 V/DexLibLoader( 1487): Preparing secondary program dexes.
03-11 16:34:48.112 V/DexLibLoader( 1487): Loaded 2 raw lines of metadata.
03-11 16:34:48.112 V/DexLibLoader( 1487): Secondary program dex metadata: secondary-1.dex.jar.xz 188f1cf98e7929d7457e2cdf72a0777981e1fc27 secondary.dex01.Canary
03-11 16:34:48.112 V/DexLibLoader( 1487): Secondary program dex metadata: secondary-2.dex.jar.xz 14314443648960c2f9d1e4924306d1af2de75315 secondary.dex02.Canary
03-11 16:34:48.112 W/DexLibLoader( 1487): Unexpected file in program dex directory: /data/user/0/com.facebook.katana/app_secondary_program_dex/temp_dex_lock
03-11 16:34:48.122 V/DexLibLoader( 1487): Preparing to extract secondary-1.dex.jar.xz to /data/user/0/com.facebook.katana/app_secondary_program_dex/program-188f1cf98e7929d7457e2cdf72a0777981e1fc2731a2345d.dex.jar
03-11 16:34:48.122 V/DexLibLoader( 1487): Dex already copied
03-11 16:34:48.122 D/OdexVerifier( 1487): Odex verification is skipped.
03-11 16:34:48.122 V/DexLibLoader( 1487): Creating class loader
03-11 16:34:48.122 V/DexLibLoader( 1487): Finished creating class loader
03-11 16:34:48.122 V/DexLibLoader( 1487): Preparing to extract secondary-2.dex.jar.xz to /data/user/0/com.facebook.katana/app_secondary_program_dex/program-14314443648960c2f9d1e4924306d1af2de7531531a2345d.dex.jar
03-11 16:34:48.122 V/DexLibLoader( 1487): Dex already copied
03-11 16:34:48.122 D/OdexVerifier( 1487): Odex verification is skipped.
03-11 16:34:48.122 V/DexLibLoader( 1487): Creating class loader
03-11 16:34:48.122 V/DexLibLoader( 1487): Finished creating class loader
03-11 16:34:48.122 V/DexLibLoader( 1487): Verifying classes from secondary dexes.
03-11 16:34:48.132 D/DexLibLoader( 1487): DexLibLoader.ensureDexLoaded took 28 ms
03-11 16:34:48.182 D/DelayedSyncController( 1466): Delaying sync.
03-11 16:34:48.442 W/art     ( 1487): Verification of void com.facebook.katana.app.module.FbandroidAppModule.a() took 148.132325ms
03-11 16:34:49.013 I/CalendarProvider2( 1436): Sending notification intent: Intent { act=android.intent.action.PROVIDER_CHANGED dat=content://com.android.calendar }
03-11 16:34:49.013 W/ContentResolver( 1436): Failed to get type for: content://com.android.calendar (Unknown URL content://com.android.calendar)
03-11 16:34:49.013 I/ActivityManager(  637): Resuming delayed broadcast
03-11 16:34:49.033 I/ActivityManager(  637): Start proc com.google.android.configupdater for broadcast com.google.android.configupdater/.CertPin.CertPinUpdateRequestReceiver: pid=1530 uid=10011 gids={50011, 3003, 2001}
03-11 16:34:49.073 W/art     ( 1530): Failed to find ELF magic in /system/priv-app/ConfigUpdater.odex: dey
03-11 16:34:49.103 D/Tethering(  637): MasterInitialState.processMessage what=3
03-11 16:34:49.103 D/CaptivePortalTracker(  637): NoActiveNetworkState{ when=-1ms what=1 obj=NetworkInfo: type: WIFI[], state: CONNECTED/CONNECTED, reason: (unspecified), extra: "aalto open", roaming: false, failover: false, isAvailable: true, isConnectedToProvisioningNetwork: false target=com.android.internal.util.StateMachine$SmHandler }
03-11 16:34:49.103 D/        (  637): Setting time of day to sec=1394548489
03-11 16:34:49.406 E/UpdateRequestReceiver( 1530): ignoring update request
03-11 16:34:49.406 E/UpdateRequestReceiver( 1530): ignoring update request
03-11 16:34:49.426 E/UpdateRequestReceiver( 1530): ignoring update request
03-11 16:34:49.436 E/UpdateRequestReceiver( 1530): ignoring update request
03-11 16:34:49.436 E/UpdateRequestReceiver( 1530): ignoring update request
03-11 16:34:49.436 E/UpdateRequestReceiver( 1530): ignoring update request
03-11 16:34:49.446 D/GpsLocationProvider(  637): NTP server returned: 1394548486480 (Tue Mar 11 16:34:46 EET 2014) reference: 36128 certainty: 4 system time offset: -2971
03-11 16:34:49.446 I/ActivityManager(  637): Delay finish: com.android.providers.downloads/.DownloadReceiver
03-11 16:34:49.456 I/ActivityManager(  637): Resuming delayed broadcast
03-11 16:34:49.476 I/ActivityManager(  637): Start proc com.google.android.onetimeinitializer for broadcast com.google.android.onetimeinitializer/.OneTimeInitializerReceiver: pid=1566 uid=10027 gids={50027}
03-11 16:34:49.516 W/art     ( 1566): Failed to find ELF magic in /system/priv-app/GoogleOneTimeInitializer.odex: dey
03-11 16:34:49.516 V/OneTimeInitializerReceiver( 1566): OneTimeInitializerReceiver.onReceive
03-11 16:34:49.526 I/ActivityManager(  637): Delay finish: com.google.android.onetimeinitializer/.OneTimeInitializerReceiver
03-11 16:34:49.536 V/OneTimeService( 1566): OneTimeService.onHandleIntent
03-11 16:34:49.536 I/ActivityManager(  637): Resuming delayed broadcast
03-11 16:34:49.546 I/ActivityManager(  637): Delay finish: com.google.android.partnersetup/.GooglePartnerSetup
03-11 16:34:49.746 I/ActivityManager(  637): Resuming delayed broadcast
03-11 16:34:49.746 I/ActivityManager(  637): Delay finish: com.google.android.partnersetup/.RlzPingBroadcastReceiver
03-11 16:34:49.776 I/art     ( 1196): Heap trim of managed (duration=3.172892ms, advised=568KB) and native (duration=1.616954ms, advised=24KB) heaps. Managed heap utilization of 53%.
03-11 16:34:49.826 I/RlzPingService( 1341): Setting next ping for 1395153289840
03-11 16:34:49.836 I/ActivityManager(  637): Resuming delayed broadcast
03-11 16:34:49.846 I/ActivityManager(  637): Delay finish: com.google.android.gsf/.checkin.CheckinService$Receiver
03-11 16:34:49.866 I/ActivityManager(  637): Resuming delayed broadcast
03-11 16:34:49.876 I/ActivityManager(  637): Delay finish: com.google.android.gsf/.update.SystemUpdateService$Receiver
03-11 16:34:49.886 I/SystemUpdateService( 1146): cancelUpdate (empty URL)
03-11 16:34:49.906 I/SystemUpdateService( 1146): cancelUpdate (empty URL)
03-11 16:34:49.906 I/ActivityManager(  637): Resuming delayed broadcast
03-11 16:34:49.916 I/ActivityManager(  637): Delay finish: com.android.providers.media/.MediaScannerReceiver
03-11 16:34:50.046 W/GAV2    ( 1258): Thread[GAThread,5,main]: Service unavailable (code=1), will retry.
03-11 16:34:50.046 W/ActivityManager(  637): Unable to start service Intent { act=com.google.android.gms.analytics.service.START cmp=com.google.android.gms/.analytics.service.AnalyticsService (has extras) } U=0: not found
03-11 16:34:50.066 I/GAV2    ( 1258): Thread[GAThread,5,main]: No campaign data found.
03-11 16:34:50.236 W/art     ( 1487): Before Android 4.1, method void com.facebook.reflex.view.AbstractListView.invalidate(boolean) would have incorrectly overridden the package-private method in android.view.View
03-11 16:34:50.256 W/art     ( 1487): Before Android 4.1, method void com.facebook.reflex.view.GalleryViewAutoReflex.invalidate(boolean) would have incorrectly overridden the package-private method in android.view.View
03-11 16:34:50.256 W/art     ( 1487): Before Android 4.1, method void com.facebook.reflex.view.GalleryView.invalidate(boolean) would have incorrectly overridden the package-private method in android.view.View
03-11 16:34:50.266 W/art     ( 1487): Before Android 4.1, method void com.facebook.reflex.view.HorizontalScrollViewAutoReflex.invalidate(boolean) would have incorrectly overridden the package-private method in android.view.View
03-11 16:34:50.276 W/art     ( 1487): Before Android 4.1, method void com.facebook.reflex.view.HorizontalScrollView.invalidate(boolean) would have incorrectly overridden the package-private method in android.view.View
03-11 16:34:50.286 W/art     ( 1487): Before Android 4.1, method void com.facebook.reflex.view.ImageViewAutoReflex.invalidate(boolean) would have incorrectly overridden the package-private method in android.view.View
03-11 16:34:50.296 W/art     ( 1487): Before Android 4.1, method void com.facebook.reflex.view.ScrollViewAutoReflex.invalidate(boolean) would have incorrectly overridden the package-private method in android.view.View
03-11 16:34:50.306 W/art     ( 1487): Before Android 4.1, method void com.facebook.reflex.view.ScrollView.invalidate(boolean) would have incorrectly overridden the package-private method in android.view.View
