03-11 16:36:22.336 E/kickstart(  675): 786432 bytes transferred in 0.114s (6.59 MBps)
03-11 16:36:22.336 E/kickstart(  675): Successfully downloaded files from target 
03-11 16:36:22.336 E/kickstart(  675): Wrote to /sys/power/wake_unlock
03-11 16:36:22.346 E/kickstart(  675): Sahara protocol completed
03-11 16:36:41.094 D/AndroidRuntime( 2500): 
03-11 16:36:41.094 D/AndroidRuntime( 2500): >>>>>> AndroidRuntime START com.android.internal.os.RuntimeInit <<<<<<
03-11 16:36:41.104 D/AndroidRuntime( 2500): CheckJNI is OFF
03-11 16:36:41.104 E/art     ( 2500): Unrecognized option -XX:mainThreadStackSize=24K
03-11 16:36:41.104 W/art     ( 2500): Ignoring unknown -Xgc option: precise
03-11 16:36:41.144 W/art     ( 2500): Failed to find ELF magic in /system/framework/pm.odex: dey
03-11 16:36:41.204 W/art     ( 2500): JNI RegisterNativeMethods: attempt to register 0 native methods for android.content.res.Configuration
03-11 16:36:41.214 D/AndroidRuntime( 2500): Calling main entry com.android.commands.pm.Pm
03-11 16:36:41.224 I/ActivityManager(  637): Force stopping com.android.helloworldjava appid=10121 user=0: clear data
03-11 16:36:41.224 I/ActivityManager(  637): Killing 2463:com.android.helloworldjava/u0a121 (adj 0): stop com.android.helloworldjava
03-11 16:36:41.224 W/ActivityManager(  637): Force removing ActivityRecord{655d85b0 u0 com.android.helloworldjava/.HelloWorld t2}: app died, no saved state
03-11 16:36:41.234 W/InputDispatcher(  637): channel '6546e9e8 com.android.helloworldjava/com.android.helloworldjava.HelloWorld (server)' ~ Consumer closed input channel or an error occurred.  events=0x9
03-11 16:36:41.234 E/InputDispatcher(  637): channel '6546e9e8 com.android.helloworldjava/com.android.helloworldjava.HelloWorld (server)' ~ Channel is unrecoverably broken and will be disposed!
03-11 16:36:41.234 W/InputDispatcher(  637): Attempted to unregister already unregistered input channel '6546e9e8 com.android.helloworldjava/com.android.helloworldjava.HelloWorld (server)'
03-11 16:36:41.234 I/WindowState(  637): WIN DEATH: Window{6546e9e8 u0 com.android.helloworldjava/com.android.helloworldjava.HelloWorld}
03-11 16:36:41.254 W/art     (  184): Could not get current activity
03-11 16:36:41.264 D/keystore(  189): calling clear_uid in state: 3
03-11 16:36:41.264 I/ActivityManager(  637): Start proc com.android.documentsui for broadcast com.android.documentsui/.PackageReceiver: pid=2518 uid=10101 gids={50101}
03-11 16:36:41.304 I/ActivityManager(  637): Start proc com.android.defcontainer for service com.android.defcontainer/.DefaultContainerService: pid=2537 uid=10014 gids={50014, 1028, 1015, 1023, 2001}
03-11 16:36:41.354 W/art     ( 2518): Failed to find ELF magic in /system/app/DocumentsUI.odex: dey
03-11 16:36:41.364 W/art     ( 2537): Failed to find ELF magic in /system/priv-app/DefaultContainerService.odex: dey
03-11 16:36:41.374 D/AndroidRuntime( 2500): Shutting down VM
03-11 16:36:41.374 I/ActivityManager(  637): Killing 2049:com.laurencedawson.reddit_sync/u0a73 (adj 15): empty #17
03-11 16:36:41.404 D/Documents( 2518): Loading roots for com.android.providers.downloads.documents
03-11 16:36:41.404 I/ActivityManager(  637): Killing 1814:com.google.android.youtube/u0a66 (adj 15): empty #17
03-11 16:36:41.414 D/PackageBroadcastService( 1081): Received broadcast action=android.intent.action.PACKAGE_DATA_CLEARED and uri=com.android.helloworldjava
03-11 16:36:41.424 D/Documents( 2518): Loading roots for com.android.externalstorage.documents
03-11 16:36:41.434 I/Icing   ( 1081): doRemovePackageData com.android.helloworldjava
03-11 16:36:41.434 I/ActivityManager(  637): Start proc com.google.android.googlequicksearchbox:search for broadcast com.google.android.googlequicksearchbox/com.google.android.search.core.summons.icing.InternalIcingCorporaProvider$CorporaChangedReceiver: pid=2566 uid=10060 gids={50060, 3003, 1028, 3002, 1015}
03-11 16:36:41.454 I/ActivityManager(  637): Start proc com.android.externalstorage for content provider com.android.externalstorage/.ExternalStorageProvider: pid=2583 uid=10096 gids={50096, 1028, 1015, 1023}
03-11 16:36:41.484 I/ActivityManager(  637): Killing 2111:com.google.android.apps.magazines/u0a40 (adj 15): empty #17
03-11 16:36:41.494 W/art     ( 2583): Failed to find ELF magic in /system/priv-app/ExternalStorageProvider.odex: dey
03-11 16:36:41.504 D/ExternalStorage( 2583): After updating volumes, found 1 active roots
03-11 16:36:41.514 D/Documents( 2518): Updating roots due to change at content://com.android.externalstorage.documents/root
03-11 16:36:41.514 D/Documents( 2518): Loading roots for com.android.providers.media.documents
03-11 16:36:41.524 D/Documents( 2518): Loading roots for com.google.android.apps.docs.storage
03-11 16:36:41.544 I/ActivityManager(  637): Start proc com.google.android.apps.docs for content provider com.google.android.apps.docs/com.google.android.gms.drive.external.StorageBackendContentProvider: pid=2600 uid=10017 gids={50017, 3003, 1028, 1015}
03-11 16:36:41.554 I/ActivityManager(  637): Killing 2212:com.yle.webtv/u0a116 (adj 15): empty #17
03-11 16:36:41.574 I/ActivityManager(  637): Killing 2237:android.process.acore/u0a0 (adj 15): empty #17
03-11 16:36:42.185 W/art     ( 2600): Before Android 4.1, method void com.google.android.apps.docs.editors.toolbar.PreHoneyCombActionBar.a() would have incorrectly overridden the package-private method in akm
03-11 16:36:42.185 W/art     ( 2600): Before Android 4.1, method void com.google.android.apps.docs.editors.toolbar.PreHoneyCombActionBar.b() would have incorrectly overridden the package-private method in akm
03-11 16:36:42.886 D/AndroidRuntime( 2621): 
03-11 16:36:42.886 D/AndroidRuntime( 2621): >>>>>> AndroidRuntime START com.android.internal.os.RuntimeInit <<<<<<
03-11 16:36:42.886 D/AndroidRuntime( 2621): CheckJNI is OFF
03-11 16:36:42.886 E/art     ( 2621): Unrecognized option -XX:mainThreadStackSize=24K
03-11 16:36:42.886 W/art     ( 2621): Ignoring unknown -Xgc option: precise
03-11 16:36:42.936 W/art     ( 2621): Failed to find ELF magic in /system/framework/am.odex: dey
03-11 16:36:42.996 W/art     ( 2621): JNI RegisterNativeMethods: attempt to register 0 native methods for android.content.res.Configuration
03-11 16:36:43.016 D/AndroidRuntime( 2621): Calling main entry com.android.commands.am.Am
03-11 16:36:43.016 I/ActivityManager(  637): START u0 {flg=0x10000000 cmp=com.android.helloworldjava/.HelloWorld} from pid 2621
03-11 16:36:43.116 W/ActiveOrDefaultContextProvider( 2600): Missing scope.enter somewhere. Returning default context
03-11 16:36:43.156 W/ActiveOrDefaultContextProvider( 2600): Missing scope.enter somewhere. Returning default context
03-11 16:36:43.166 E/JavaBinder( 2600): *** Uncaught remote exception!  (Exceptions are not yet supported across processes.)
03-11 16:36:43.166 E/JavaBinder( 2600): java.lang.RuntimeException: Can't create handler inside thread that has not called Looper.prepare()
03-11 16:36:43.166 E/JavaBinder( 2600): 	at android.os.Handler.<init>(Handler.java:200)
03-11 16:36:43.166 E/JavaBinder( 2600): 	at android.os.Handler.<init>(Handler.java:114)
03-11 16:36:43.166 E/JavaBinder( 2600): 	at aOW.<init>(ToastErrorReporter.java:72)
03-11 16:36:43.166 E/JavaBinder( 2600): 	at com.google.android.apps.docs.utils.ToastErrorReporter.<init>(ToastErrorReporter.java:72)
03-11 16:36:43.166 E/JavaBinder( 2600): 	at aNE.getInstance(GellyInjectorStore.java:438)
03-11 16:36:43.166 E/JavaBinder( 2600): 	at bnB.a(ConstructorProvider.java:30)
03-11 16:36:43.166 E/JavaBinder( 2600): 	at boi.a(RuntimeProvider.java:96)
03-11 16:36:43.166 E/JavaBinder( 2600): 	at boi.a(RuntimeProvider.java:96)
03-11 16:36:43.166 E/JavaBinder( 2600): 	at Jh.a(GellyInjectorStore.java:294)
03-11 16:36:43.166 E/JavaBinder( 2600): 	at Jh.performStaticMembersInjection(GellyInjectorStore.java:361)
03-11 16:36:43.166 E/JavaBinder( 2600): 	at bnP.b(GellyInjectorBuilderBase.java:45)
03-11 16:36:43.166 E/JavaBinder( 2600): 	at bnX.b(GellyInjectorBuilderBase.java:146)
03-11 16:36:43.166 E/JavaBinder( 2600): 	at bnR.a(GellyInjectorBuilderBase.java:174)
03-11 16:36:43.166 E/JavaBinder( 2600): 	at bnP.a(GellyInjectorBuilderBase.java:267)
03-11 16:36:43.166 E/JavaBinder( 2600): 	at com.google.common.labs.inject.gelly.GellyStaticRuntime.a(GellyStaticRuntime.java:1516)
03-11 16:36:43.166 E/JavaBinder( 2600): 	at bnw.a(Gelly.java:53)
03-11 16:36:43.166 E/JavaBinder( 2600): 	at aLP.a(InjectorRegistry.java:67)
03-11 16:36:43.166 E/JavaBinder( 2600): 	at aLI.a(GuiceApplication.java:27)
03-11 16:36:43.166 E/JavaBinder( 2600): 	at aLN.b(GuiceUtils.java:90)
03-11 16:36:43.166 E/JavaBinder( 2600): 	at aLN.a(GuiceUtils.java:64)
03-11 16:36:43.166 E/JavaBinder( 2600): 	at aLu.b(ContextScopedInjectorFactory.java:60)
03-11 16:36:43.166 E/JavaBinder( 2600): 	at com.google.android.gms.drive.external.StorageBackendContentProvider.a(StorageBackendContentProvider.java:112)
03-11 16:36:43.166 E/JavaBinder( 2600): 	at com.google.android.gms.drive.external.StorageBackendContentProvider.a(StorageBackendContentProvider.java:133)
03-11 16:36:43.166 E/JavaBinder( 2600): 	at com.google.android.gms.drive.external.StorageBackendContentProvider.queryRoots(StorageBackendContentProvider.java:154)
03-11 16:36:43.166 E/JavaBinder( 2600): 	at android.provider.DocumentsProvider.query(DocumentsProvider.java:416)
03-11 16:36:43.166 E/JavaBinder( 2600): 	at android.content.ContentProvider.query(ContentProvider.java:857)
03-11 16:36:43.166 E/JavaBinder( 2600): 	at android.content.ContentProvider$Transport.query(ContentProvider.java:200)
03-11 16:36:43.166 E/JavaBinder( 2600): 	at android.content.ContentProviderNative.onTransact(ContentProviderNative.java:112)
03-11 16:36:43.166 E/JavaBinder( 2600): 	at android.os.Binder.execTransact(Binder.java:404)
03-11 16:36:43.166 W/Documents( 2518): Failed to load some roots from com.google.android.apps.docs.storage: java.lang.NullPointerException: Attempt to invoke interface method 'boolean android.database.Cursor.moveToNext()' on a null object reference
03-11 16:36:43.166 D/Documents( 2518): Update found 6 roots in 1765ms
03-11 16:36:43.176 D/Documents( 2518): Used cached roots for com.android.providers.downloads.documents
03-11 16:36:43.176 D/Documents( 2518): Loading roots for com.android.externalstorage.documents
03-11 16:36:43.316 D/AndroidRuntime( 2621): Shutting down VM
03-11 16:36:43.316 I/WindowManager(  637): Screenshot max retries 4 of Token{65757d48 ActivityRecord{65756d70 u0 com.android.launcher/com.android.launcher2.Launcher t1}} appWin=Window{6546cc70 u0 com.android.launcher/com.android.launcher2.Launcher} drawState=4
03-11 16:36:43.316 W/WindowManager(  637): Screenshot failure taking screenshot for (1200x1920) to layer 21000
03-11 16:36:43.326 D/Documents( 2518): Used cached roots for com.android.providers.media.documents
03-11 16:36:43.326 D/Documents( 2518): Loading roots for com.google.android.apps.docs.storage
03-11 16:36:43.346 W/art     (  184): Could not get current activity
03-11 16:36:43.356 I/ActivityManager(  637): Start proc com.android.helloworldjava for activity com.android.helloworldjava/.HelloWorld: pid=2643 uid=10121 gids={50121, 1028, 1015}
03-11 16:36:43.466 I/ActivityManager(  637): Displayed com.android.helloworldjava/.HelloWorld: +140ms
03-11 16:36:43.516 I/art     ( 2600): Heap trim of managed (duration=4.333497ms, advised=160KB) and native (duration=1.434326ms, advised=56KB) heaps. Managed heap utilization of 54%.
03-11 16:36:43.616 W/ActiveOrDefaultContextProvider( 2600): Missing scope.enter somewhere. Returning default context
03-11 16:36:43.616 W/ActiveOrDefaultContextProvider( 2600): Missing scope.enter somewhere. Returning default context
03-11 16:36:43.746 D/Documents( 2518): Update found 7 roots in 582ms
03-11 16:36:43.746 W/GAV2    ( 2600): Thread[main,5,main]: Need to call initialize() and be in fallback mode to start dispatch.
03-11 16:36:47.680 W/GAV2    ( 2600): Thread[main,5,main]: dispatch call queued.  Need to call GAServiceManager.getInstance().initialize().
03-11 16:36:48.171 W/GAV2    ( 2600): Thread[GAThread,5,main]: Service unavailable (code=1), will retry.
03-11 16:36:48.171 W/ActivityManager(  637): Unable to start service Intent { act=com.google.android.gms.analytics.service.START cmp=com.google.android.gms/.analytics.service.AnalyticsService (has extras) } U=0: not found
03-11 16:36:48.211 I/GAV2    ( 2600): Thread[GAThread,5,main]: No campaign data found.
03-11 16:36:53.176 W/GAV2    ( 2600): Thread[Service Reconnect,5,main]: Service unavailable (code=1), using local store.
03-11 16:36:53.176 W/ActivityManager(  637): Unable to start service Intent { act=com.google.android.gms.analytics.service.START cmp=com.google.android.gms/.analytics.service.AnalyticsService (has extras) } U=0: not found
03-11 16:37:03.876 D/AndroidRuntime( 2685): 
03-11 16:37:03.876 D/AndroidRuntime( 2685): >>>>>> AndroidRuntime START com.android.internal.os.RuntimeInit <<<<<<
03-11 16:37:03.876 D/AndroidRuntime( 2685): CheckJNI is OFF
03-11 16:37:03.876 E/art     ( 2685): Unrecognized option -XX:mainThreadStackSize=24K
03-11 16:37:03.876 W/art     ( 2685): Ignoring unknown -Xgc option: precise
03-11 16:37:03.916 W/art     ( 2685): Failed to find ELF magic in /system/framework/pm.odex: dey
03-11 16:37:03.986 W/art     ( 2685): JNI RegisterNativeMethods: attempt to register 0 native methods for android.content.res.Configuration
03-11 16:37:03.996 D/AndroidRuntime( 2685): Calling main entry com.android.commands.pm.Pm
03-11 16:37:03.996 I/ActivityManager(  637): Force stopping com.android.helloworldjava appid=10121 user=0: clear data
03-11 16:37:03.996 I/ActivityManager(  637): Killing 2643:com.android.helloworldjava/u0a121 (adj 0): stop com.android.helloworldjava
03-11 16:37:03.996 W/ActivityManager(  637): Force removing ActivityRecord{6543e5e8 u0 com.android.helloworldjava/.HelloWorld t3}: app died, no saved state
03-11 16:37:04.006 W/InputDispatcher(  637): channel '6545d8b0 com.android.helloworldjava/com.android.helloworldjava.HelloWorld (server)' ~ Consumer closed input channel or an error occurred.  events=0x9
03-11 16:37:04.006 E/InputDispatcher(  637): channel '6545d8b0 com.android.helloworldjava/com.android.helloworldjava.HelloWorld (server)' ~ Channel is unrecoverably broken and will be disposed!
03-11 16:37:04.006 W/InputDispatcher(  637): Attempted to unregister already unregistered input channel '6545d8b0 com.android.helloworldjava/com.android.helloworldjava.HelloWorld (server)'
03-11 16:37:04.006 I/WindowState(  637): WIN DEATH: Window{6545d8b0 u0 com.android.helloworldjava/com.android.helloworldjava.HelloWorld}
03-11 16:37:04.016 D/keystore(  189): calling clear_uid in state: 3
03-11 16:37:04.026 D/Documents( 2518): Used cached roots for com.android.providers.downloads.documents
03-11 16:37:04.026 D/Documents( 2518): Used cached roots for com.android.externalstorage.documents
03-11 16:37:04.026 D/Documents( 2518): Used cached roots for com.android.providers.media.documents
03-11 16:37:04.026 D/Documents( 2518): Used cached roots for com.google.android.apps.docs.storage
03-11 16:37:04.026 D/Documents( 2518): Update found 7 roots in 5ms
03-11 16:37:04.036 D/PackageBroadcastService( 1081): Received broadcast action=android.intent.action.PACKAGE_DATA_CLEARED and uri=com.android.helloworldjava
03-11 16:37:04.036 I/Icing   ( 1081): doRemovePackageData com.android.helloworldjava
03-11 16:37:04.046 D/AndroidRuntime( 2685): Shutting down VM
03-11 16:37:05.598 D/AndroidRuntime( 2709): 
03-11 16:37:05.598 D/AndroidRuntime( 2709): >>>>>> AndroidRuntime START com.android.internal.os.RuntimeInit <<<<<<
03-11 16:37:05.598 D/AndroidRuntime( 2709): CheckJNI is OFF
03-11 16:37:05.598 E/art     ( 2709): Unrecognized option -XX:mainThreadStackSize=24K
03-11 16:37:05.598 W/art     ( 2709): Ignoring unknown -Xgc option: precise
03-11 16:37:05.648 W/art     ( 2709): Failed to find ELF magic in /system/framework/am.odex: dey
03-11 16:37:05.708 W/art     ( 2709): JNI RegisterNativeMethods: attempt to register 0 native methods for android.content.res.Configuration
03-11 16:37:05.718 D/AndroidRuntime( 2709): Calling main entry com.android.commands.am.Am
03-11 16:37:05.718 I/ActivityManager(  637): START u0 {flg=0x10000000 cmp=com.android.helloworldjava/.HelloWorld} from pid 2709
03-11 16:37:06.028 I/WindowManager(  637): Screenshot max retries 4 of Token{65757d48 ActivityRecord{65756d70 u0 com.android.launcher/com.android.launcher2.Launcher t1}} appWin=Window{6546cc70 u0 com.android.launcher/com.android.launcher2.Launcher} drawState=4
03-11 16:37:06.028 W/WindowManager(  637): Screenshot failure taking screenshot for (1200x1920) to layer 21000
03-11 16:37:06.048 D/AndroidRuntime( 2709): Shutting down VM
03-11 16:37:06.058 W/art     (  184): Could not get current activity
03-11 16:37:06.068 I/ActivityManager(  637): Start proc com.android.helloworldjava for activity com.android.helloworldjava/.HelloWorld: pid=2729 uid=10121 gids={50121, 1028, 1015}
03-11 16:37:06.198 I/ActivityManager(  637): Displayed com.android.helloworldjava/.HelloWorld: +168ms
03-11 16:37:26.588 D/AndroidRuntime( 2764): 
03-11 16:37:26.588 D/AndroidRuntime( 2764): >>>>>> AndroidRuntime START com.android.internal.os.RuntimeInit <<<<<<
03-11 16:37:26.598 D/AndroidRuntime( 2764): CheckJNI is OFF
03-11 16:37:26.598 E/art     ( 2764): Unrecognized option -XX:mainThreadStackSize=24K
03-11 16:37:26.598 W/art     ( 2764): Ignoring unknown -Xgc option: precise
03-11 16:37:26.638 W/art     ( 2764): Failed to find ELF magic in /system/framework/pm.odex: dey
03-11 16:37:26.698 W/art     ( 2764): JNI RegisterNativeMethods: attempt to register 0 native methods for android.content.res.Configuration
03-11 16:37:26.708 D/AndroidRuntime( 2764): Calling main entry com.android.commands.pm.Pm
03-11 16:37:26.718 I/ActivityManager(  637): Force stopping com.android.helloworldjava appid=10121 user=0: clear data
03-11 16:37:26.718 I/ActivityManager(  637): Killing 2729:com.android.helloworldjava/u0a121 (adj 0): stop com.android.helloworldjava
03-11 16:37:26.728 W/InputDispatcher(  637): channel '65707930 com.android.helloworldjava/com.android.helloworldjava.HelloWorld (server)' ~ Consumer closed input channel or an error occurred.  events=0x9
03-11 16:37:26.728 E/InputDispatcher(  637): channel '65707930 com.android.helloworldjava/com.android.helloworldjava.HelloWorld (server)' ~ Channel is unrecoverably broken and will be disposed!
03-11 16:37:26.728 W/InputDispatcher(  637): Attempted to unregister already unregistered input channel '65707930 com.android.helloworldjava/com.android.helloworldjava.HelloWorld (server)'
03-11 16:37:26.728 W/ActivityManager(  637): Force removing ActivityRecord{6544f020 u0 com.android.helloworldjava/.HelloWorld t4}: app died, no saved state
03-11 16:37:26.728 I/WindowState(  637): WIN DEATH: Window{65707930 u0 com.android.helloworldjava/com.android.helloworldjava.HelloWorld}
03-11 16:37:26.738 D/keystore(  189): calling clear_uid in state: 3
03-11 16:37:26.748 D/PackageBroadcastService( 1081): Received broadcast action=android.intent.action.PACKAGE_DATA_CLEARED and uri=com.android.helloworldjava
03-11 16:37:26.748 I/Icing   ( 1081): doRemovePackageData com.android.helloworldjava
03-11 16:37:26.758 D/Documents( 2518): Used cached roots for com.android.providers.downloads.documents
03-11 16:37:26.758 D/Documents( 2518): Used cached roots for com.android.externalstorage.documents
03-11 16:37:26.758 D/Documents( 2518): Used cached roots for com.android.providers.media.documents
03-11 16:37:26.758 D/Documents( 2518): Used cached roots for com.google.android.apps.docs.storage
03-11 16:37:26.758 D/Documents( 2518): Update found 7 roots in 2ms
03-11 16:37:26.768 D/AndroidRuntime( 2764): Shutting down VM
03-11 16:37:28.310 D/AndroidRuntime( 2800): 
03-11 16:37:28.310 D/AndroidRuntime( 2800): >>>>>> AndroidRuntime START com.android.internal.os.RuntimeInit <<<<<<
03-11 16:37:28.310 D/AndroidRuntime( 2800): CheckJNI is OFF
03-11 16:37:28.310 E/art     ( 2800): Unrecognized option -XX:mainThreadStackSize=24K
03-11 16:37:28.310 W/art     ( 2800): Ignoring unknown -Xgc option: precise
03-11 16:37:28.360 W/art     ( 2800): Failed to find ELF magic in /system/framework/am.odex: dey
03-11 16:37:28.420 W/art     ( 2800): JNI RegisterNativeMethods: attempt to register 0 native methods for android.content.res.Configuration
03-11 16:37:28.430 D/AndroidRuntime( 2800): Calling main entry com.android.commands.am.Am
03-11 16:37:28.430 I/ActivityManager(  637): START u0 {flg=0x10000000 cmp=com.android.helloworldjava/.HelloWorld} from pid 2800
03-11 16:37:28.740 I/WindowManager(  637): Screenshot max retries 4 of Token{65757d48 ActivityRecord{65756d70 u0 com.android.launcher/com.android.launcher2.Launcher t1}} appWin=Window{6546cc70 u0 com.android.launcher/com.android.launcher2.Launcher} drawState=4
03-11 16:37:28.740 W/WindowManager(  637): Screenshot failure taking screenshot for (1200x1920) to layer 21000
03-11 16:37:28.750 D/AndroidRuntime( 2800): Shutting down VM
03-11 16:37:28.760 W/art     (  184): Could not get current activity
03-11 16:37:28.800 I/ActivityManager(  637): Start proc com.android.helloworldjava for activity com.android.helloworldjava/.HelloWorld: pid=2820 uid=10121 gids={50121, 1028, 1015}
03-11 16:37:28.941 I/ActivityManager(  637): Displayed com.android.helloworldjava/.HelloWorld: +199ms
03-11 16:37:49.310 D/AndroidRuntime( 2844): 
03-11 16:37:49.310 D/AndroidRuntime( 2844): >>>>>> AndroidRuntime START com.android.internal.os.RuntimeInit <<<<<<
03-11 16:37:49.310 D/AndroidRuntime( 2844): CheckJNI is OFF
03-11 16:37:49.310 E/art     ( 2844): Unrecognized option -XX:mainThreadStackSize=24K
03-11 16:37:49.310 W/art     ( 2844): Ignoring unknown -Xgc option: precise
03-11 16:37:49.350 W/art     ( 2844): Failed to find ELF magic in /system/framework/pm.odex: dey
03-11 16:37:49.411 W/art     ( 2844): JNI RegisterNativeMethods: attempt to register 0 native methods for android.content.res.Configuration
03-11 16:37:49.421 D/AndroidRuntime( 2844): Calling main entry com.android.commands.pm.Pm
03-11 16:37:49.431 W/InputDispatcher(  637): channel '6569a7f8 com.android.helloworldjava/com.android.helloworldjava.HelloWorld (server)' ~ Consumer closed input channel or an error occurred.  events=0x9
03-11 16:37:49.431 E/InputDispatcher(  637): channel '6569a7f8 com.android.helloworldjava/com.android.helloworldjava.HelloWorld (server)' ~ Channel is unrecoverably broken and will be disposed!
03-11 16:37:49.431 I/ActivityManager(  637): Force stopping com.android.helloworldjava appid=10121 user=0: clear data
03-11 16:37:49.431 I/ActivityManager(  637): Killing 2820:com.android.helloworldjava/u0a121 (adj 0): stop com.android.helloworldjava
03-11 16:37:49.431 W/ActivityManager(  637): Force removing ActivityRecord{6580df38 u0 com.android.helloworldjava/.HelloWorld t5}: app died, no saved state
03-11 16:37:49.441 W/InputDispatcher(  637): Attempted to unregister already unregistered input channel '6569a7f8 com.android.helloworldjava/com.android.helloworldjava.HelloWorld (server)'
03-11 16:37:49.441 I/WindowState(  637): WIN DEATH: Window{6569a7f8 u0 com.android.helloworldjava/com.android.helloworldjava.HelloWorld}
03-11 16:37:49.451 D/keystore(  189): calling clear_uid in state: 3
03-11 16:37:49.451 D/Documents( 2518): Used cached roots for com.android.providers.downloads.documents
03-11 16:37:49.451 D/Documents( 2518): Used cached roots for com.android.externalstorage.documents
03-11 16:37:49.451 D/Documents( 2518): Used cached roots for com.android.providers.media.documents
03-11 16:37:49.451 D/Documents( 2518): Used cached roots for com.google.android.apps.docs.storage
03-11 16:37:49.451 D/Documents( 2518): Update found 7 roots in 1ms
03-11 16:37:49.461 D/PackageBroadcastService( 1081): Received broadcast action=android.intent.action.PACKAGE_DATA_CLEARED and uri=com.android.helloworldjava
03-11 16:37:49.471 I/Icing   ( 1081): doRemovePackageData com.android.helloworldjava
03-11 16:37:49.481 D/AndroidRuntime( 2844): Shutting down VM
03-11 16:37:51.022 D/AndroidRuntime( 2868): 
03-11 16:37:51.022 D/AndroidRuntime( 2868): >>>>>> AndroidRuntime START com.android.internal.os.RuntimeInit <<<<<<
03-11 16:37:51.022 D/AndroidRuntime( 2868): CheckJNI is OFF
03-11 16:37:51.022 E/art     ( 2868): Unrecognized option -XX:mainThreadStackSize=24K
03-11 16:37:51.022 W/art     ( 2868): Ignoring unknown -Xgc option: precise
03-11 16:37:51.072 W/art     ( 2868): Failed to find ELF magic in /system/framework/am.odex: dey
03-11 16:37:51.132 W/art     ( 2868): JNI RegisterNativeMethods: attempt to register 0 native methods for android.content.res.Configuration
03-11 16:37:51.142 D/AndroidRuntime( 2868): Calling main entry com.android.commands.am.Am
03-11 16:37:51.152 I/ActivityManager(  637): START u0 {flg=0x10000000 cmp=com.android.helloworldjava/.HelloWorld} from pid 2868
03-11 16:37:51.453 D/AndroidRuntime( 2868): Shutting down VM
03-11 16:37:51.453 I/WindowManager(  637): Screenshot max retries 4 of Token{65757d48 ActivityRecord{65756d70 u0 com.android.launcher/com.android.launcher2.Launcher t1}} appWin=Window{6546cc70 u0 com.android.launcher/com.android.launcher2.Launcher} drawState=4
03-11 16:37:51.453 W/WindowManager(  637): Screenshot failure taking screenshot for (1200x1920) to layer 21000
03-11 16:37:51.463 W/art     (  184): Could not get current activity
03-11 16:37:51.463 I/ActivityManager(  637): Start proc com.android.helloworldjava for activity com.android.helloworldjava/.HelloWorld: pid=2886 uid=10121 gids={50121, 1028, 1015}
03-11 16:37:51.583 I/ActivityManager(  637): Displayed com.android.helloworldjava/.HelloWorld: +141ms
03-11 16:38:11.993 D/AndroidRuntime( 2906): 
03-11 16:38:11.993 D/AndroidRuntime( 2906): >>>>>> AndroidRuntime START com.android.internal.os.RuntimeInit <<<<<<
03-11 16:38:11.993 D/AndroidRuntime( 2906): CheckJNI is OFF
03-11 16:38:12.003 E/art     ( 2906): Unrecognized option -XX:mainThreadStackSize=24K
03-11 16:38:12.003 W/art     ( 2906): Ignoring unknown -Xgc option: precise
03-11 16:38:12.043 W/art     ( 2906): Failed to find ELF magic in /system/framework/pm.odex: dey
03-11 16:38:12.113 W/art     ( 2906): JNI RegisterNativeMethods: attempt to register 0 native methods for android.content.res.Configuration
03-11 16:38:12.123 D/AndroidRuntime( 2906): Calling main entry com.android.commands.pm.Pm
03-11 16:38:12.123 I/ActivityManager(  637): Force stopping com.android.helloworldjava appid=10121 user=0: clear data
03-11 16:38:12.123 I/ActivityManager(  637): Killing 2886:com.android.helloworldjava/u0a121 (adj 0): stop com.android.helloworldjava
03-11 16:38:12.123 W/ActivityManager(  637): Force removing ActivityRecord{6562da70 u0 com.android.helloworldjava/.HelloWorld t6}: app died, no saved state
03-11 16:38:12.133 W/InputDispatcher(  637): channel '65677700 com.android.helloworldjava/com.android.helloworldjava.HelloWorld (server)' ~ Consumer closed input channel or an error occurred.  events=0x9
03-11 16:38:12.133 E/InputDispatcher(  637): channel '65677700 com.android.helloworldjava/com.android.helloworldjava.HelloWorld (server)' ~ Channel is unrecoverably broken and will be disposed!
03-11 16:38:12.133 W/InputDispatcher(  637): Attempted to unregister already unregistered input channel '65677700 com.android.helloworldjava/com.android.helloworldjava.HelloWorld (server)'
03-11 16:38:12.133 I/WindowState(  637): WIN DEATH: Window{65677700 u0 com.android.helloworldjava/com.android.helloworldjava.HelloWorld}
03-11 16:38:12.153 D/keystore(  189): calling clear_uid in state: 3
03-11 16:38:12.153 D/Documents( 2518): Used cached roots for com.android.providers.downloads.documents
03-11 16:38:12.153 D/Documents( 2518): Used cached roots for com.android.externalstorage.documents
03-11 16:38:12.153 D/Documents( 2518): Used cached roots for com.android.providers.media.documents
03-11 16:38:12.153 D/Documents( 2518): Used cached roots for com.google.android.apps.docs.storage
03-11 16:38:12.153 D/Documents( 2518): Update found 7 roots in 3ms
03-11 16:38:12.163 D/PackageBroadcastService( 1081): Received broadcast action=android.intent.action.PACKAGE_DATA_CLEARED and uri=com.android.helloworldjava
03-11 16:38:12.163 I/Icing   ( 1081): doRemovePackageData com.android.helloworldjava
03-11 16:38:12.173 D/AndroidRuntime( 2906): Shutting down VM
03-11 16:38:13.724 D/AndroidRuntime( 2935): 
03-11 16:38:13.724 D/AndroidRuntime( 2935): >>>>>> AndroidRuntime START com.android.internal.os.RuntimeInit <<<<<<
03-11 16:38:13.724 D/AndroidRuntime( 2935): CheckJNI is OFF
03-11 16:38:13.734 E/art     ( 2935): Unrecognized option -XX:mainThreadStackSize=24K
03-11 16:38:13.734 W/art     ( 2935): Ignoring unknown -Xgc option: precise
03-11 16:38:13.774 W/art     ( 2935): Failed to find ELF magic in /system/framework/am.odex: dey
03-11 16:38:13.844 W/art     ( 2935): JNI RegisterNativeMethods: attempt to register 0 native methods for android.content.res.Configuration
03-11 16:38:13.854 D/AndroidRuntime( 2935): Calling main entry com.android.commands.am.Am
03-11 16:38:13.864 I/ActivityManager(  637): START u0 {flg=0x10000000 cmp=com.android.helloworldjava/.HelloWorld} from pid 2935
03-11 16:38:14.165 I/WindowManager(  637): Screenshot max retries 4 of Token{65757d48 ActivityRecord{65756d70 u0 com.android.launcher/com.android.launcher2.Launcher t1}} appWin=Window{6546cc70 u0 com.android.launcher/com.android.launcher2.Launcher} drawState=4
03-11 16:38:14.165 W/WindowManager(  637): Screenshot failure taking screenshot for (1200x1920) to layer 21000
03-11 16:38:14.185 D/AndroidRuntime( 2935): Shutting down VM
03-11 16:38:14.205 W/art     (  184): Could not get current activity
03-11 16:38:14.245 I/ActivityManager(  637): Start proc com.android.helloworldjava for activity com.android.helloworldjava/.HelloWorld: pid=2955 uid=10121 gids={50121, 1028, 1015}
03-11 16:38:14.335 I/ActivityManager(  637): Displayed com.android.helloworldjava/.HelloWorld: +163ms
03-11 16:38:34.735 D/AndroidRuntime( 2990): 
03-11 16:38:34.735 D/AndroidRuntime( 2990): >>>>>> AndroidRuntime START com.android.internal.os.RuntimeInit <<<<<<
03-11 16:38:34.745 D/AndroidRuntime( 2990): CheckJNI is OFF
03-11 16:38:34.745 E/art     ( 2990): Unrecognized option -XX:mainThreadStackSize=24K
03-11 16:38:34.745 W/art     ( 2990): Ignoring unknown -Xgc option: precise
03-11 16:38:34.785 W/art     ( 2990): Failed to find ELF magic in /system/framework/pm.odex: dey
03-11 16:38:34.845 W/art     ( 2990): JNI RegisterNativeMethods: attempt to register 0 native methods for android.content.res.Configuration
03-11 16:38:34.855 D/AndroidRuntime( 2990): Calling main entry com.android.commands.pm.Pm
03-11 16:38:34.865 I/ActivityManager(  637): Force stopping com.android.helloworldjava appid=10121 user=0: clear data
03-11 16:38:34.865 I/ActivityManager(  637): Killing 2955:com.android.helloworldjava/u0a121 (adj 0): stop com.android.helloworldjava
03-11 16:38:34.865 W/ActivityManager(  637): Force removing ActivityRecord{657eb868 u0 com.android.helloworldjava/.HelloWorld t7}: app died, no saved state
03-11 16:38:34.875 W/InputDispatcher(  637): channel '65824ba8 com.android.helloworldjava/com.android.helloworldjava.HelloWorld (server)' ~ Consumer closed input channel or an error occurred.  events=0x9
03-11 16:38:34.875 E/InputDispatcher(  637): channel '65824ba8 com.android.helloworldjava/com.android.helloworldjava.HelloWorld (server)' ~ Channel is unrecoverably broken and will be disposed!
03-11 16:38:34.875 W/InputDispatcher(  637): Attempted to unregister already unregistered input channel '65824ba8 com.android.helloworldjava/com.android.helloworldjava.HelloWorld (server)'
03-11 16:38:34.875 W/WindowManager(  637): Rebuild removed 2 windows but added 1
03-11 16:38:34.875 W/WindowManager(  637): java.lang.RuntimeException: here
03-11 16:38:34.875 W/WindowManager(  637): 	at com.android.server.wm.WindowManagerService.rebuildAppWindowListLocked(WindowManagerService.java:8011)
03-11 16:38:34.875 W/WindowManager(  637): 	at com.android.server.wm.WindowManagerService.rebuildAppWindowListLocked(WindowManagerService.java:7947)
03-11 16:38:34.875 W/WindowManager(  637): 	at com.android.server.wm.WindowManagerService.handleAppTransitionReadyLocked(WindowManagerService.java:8430)
03-11 16:38:34.875 W/WindowManager(  637): 	at com.android.server.wm.WindowManagerService.performLayoutAndPlaceSurfacesLockedInner(WindowManagerService.java:9193)
03-11 16:38:34.875 W/WindowManager(  637): 	at com.android.server.wm.WindowManagerService.performLayoutAndPlaceSurfacesLockedLoop(WindowManagerService.java:8163)
03-11 16:38:34.875 W/WindowManager(  637): 	at com.android.server.wm.WindowManagerService.performLayoutAndPlaceSurfacesLocked(WindowManagerService.java:8105)
03-11 16:38:34.875 W/WindowManager(  637): 	at com.android.server.wm.WindowManagerService.executeAppTransition(WindowManagerService.java:3918)
03-11 16:38:34.875 W/WindowManager(  637): 	at com.android.server.am.ActivityStackSupervisor.reportResumedActivityLocked(ActivityStackSupervisor.java:2241)
03-11 16:38:34.875 W/WindowManager(  637): 	at com.android.server.am.ActivityStack.completeResumeLocked(ActivityStack.java:968)
03-11 16:38:34.875 W/WindowManager(  637): 	at com.android.server.am.ActivityStack.resumeTopActivityLocked(ActivityStack.java:1631)
03-11 16:38:34.875 W/WindowManager(  637): 	at com.android.server.am.ActivityStackSupervisor.resumeTopActivitiesLocked(ActivityStackSupervisor.java:2022)
03-11 16:38:34.875 W/WindowManager(  637): 	at com.android.server.am.ActivityStackSupervisor.resumeTopActivitiesLocked(ActivityStackSupervisor.java:2009)
03-11 16:38:34.875 W/WindowManager(  637): 	at com.android.server.am.ActivityManagerService.forceStopPackageLocked(ActivityManagerService.java:4750)
03-11 16:38:34.875 W/WindowManager(  637): 	at com.android.server.am.ActivityManagerService.forceStopPackageLocked(ActivityManagerService.java:4496)
03-11 16:38:34.875 W/WindowManager(  637): 	at com.android.server.am.ActivityManagerService.clearApplicationUserData(ActivityManagerService.java:4176)
03-11 16:38:34.875 W/WindowManager(  637): 	at android.app.ActivityManagerNative.onTransact(ActivityManagerNative.java:1114)
03-11 16:38:34.875 W/WindowManager(  637): 	at com.android.server.am.ActivityManagerService.onTransact(ActivityManagerService.java:2071)
03-11 16:38:34.875 W/WindowManager(  637): 	at android.os.Binder.execTransact(Binder.java:404)
03-11 16:38:34.875 W/WindowManager(  637): This window was lost: Window{65824ba8 u0 com.android.helloworldjava/com.android.helloworldjava.HelloWorld}
03-11 16:38:34.875 W/WindowManager(  637): mDisplayId=0 mSession=Session{65824718 2955:u0a10121} mClient=android.os.BinderProxy@65824940
03-11 16:38:34.875 W/WindowManager(  637): mOwnerUid=10121 mShowToOwnerOnly=true package=com.android.helloworldjava appop=NONE
03-11 16:38:34.875 W/WindowManager(  637): mAttrs=WM.LayoutParams{(0,0)(fillxfill) sim=#120 ty=1 fl=#40010100 compatible=true pfl=0x88 wanim=0x1030001}
03-11 16:38:34.875 W/WindowManager(  637): Requested w=1200 h=1824 mLayoutSeq=157
03-11 16:38:34.875 W/WindowManager(  637): mBaseLayer=21000 mSubLayer=0 mAnimLayer=21005+0=21005 mLastLayer=0
03-11 16:38:34.875 W/WindowManager(  637): mToken=AppWindowToken{6582e6c8 token=Token{657eb9c8 ActivityRecord{657eb868 u0 com.android.helloworldjava/.HelloWorld t7}}}
03-11 16:38:34.875 W/WindowManager(  637): mRootToken=AppWindowToken{6582e6c8 token=Token{657eb9c8 ActivityRecord{657eb868 u0 com.android.helloworldjava/.HelloWorld t7}}}
03-11 16:38:34.875 W/WindowManager(  637): mAppToken=AppWindowToken{6582e6c8 token=Token{657eb9c8 ActivityRecord{657eb868 u0 com.android.helloworldjava/.HelloWorld t7}}}
03-11 16:38:34.875 W/WindowManager(  637): mViewVisibility=0x0 mHaveFrame=true mObscured=true
03-11 16:38:34.875 W/WindowManager(  637): mSeq=0 mSystemUiVisibility=0x0
03-11 16:38:34.875 W/WindowManager(  637): mPolicyVisibility=false mPolicyVisibilityAfterAnim=false mAppOpVisibility=true mAttachedHidden=false
03-11 16:38:34.875 W/WindowManager(  637): mGivenContentInsets=[0,0][0,0] mGivenVisibleInsets=[0,0][0,0]
03-11 16:38:34.875 W/WindowManager(  637): mConfiguration={1.0 ?mcc?mnc en_US ldltr sw600dp w600dp h887dp 320dpi lrg port finger -keyb/v/h -nav/h s.4}
03-11 16:38:34.875 W/WindowManager(  637): mHasSurface=true mShownFrame=[0.0,0.0][1200.0,1824.0] isReadyForDisplay()=false
03-11 16:38:34.875 W/WindowManager(  637): mFrame=[0,0][1200,1824] last=[0,0][1200,1824]
03-11 16:38:34.875 W/WindowManager(  637): mSystemDecorRect=[0,0][640,973] last=[0,0][640,973]
03-11 16:38:34.875 W/WindowManager(  637): mCompatFrame=[0,0][640,973]
03-11 16:38:34.875 W/WindowManager(  637): Frames: containing=[0,0][1200,1824] parent=[0,0][1200,1824]
03-11 16:38:34.875 W/WindowManager(  637):     display=[0,0][1200,1824] overscan=[0,0][1200,1920]
03-11 16:38:34.875 W/WindowManager(  637):     content=[0,50][1200,1824] visible=[0,50][1200,1824]
03-11 16:38:34.875 W/WindowManager(  637):     decor=[0,0][1200,1920]
03-11 16:38:34.875 W/WindowManager(  637): Cur insets: overscan=[0,0][0,0] content=[0,27][0,0] visible=[0,27][0,0]
03-11 16:38:34.875 W/WindowManager(  637): Lst insets: overscan=[0,0][0,0] content=[0,27][0,0] visible=[0,27][0,0]
03-11 16:38:34.875 W/WindowManager(  637): WindowStateAnimator{657feaf0 com.android.helloworldjava/com.android.helloworldjava.HelloWorld}:
03-11 16:38:34.875 W/WindowManager(  637):   mSurface=Surface(name=com.android.helloworldjava/com.android.helloworldjava.HelloWorld)
03-11 16:38:34.875 W/WindowManager(  637):   mDrawState=HAS_DRAWN mLastHidden=true
03-11 16:38:34.875 W/WindowManager(  637):   Surface: shown=false layer=21005 alpha=0.0 rect=(0.0,0.0) 640.0 x 973.0
03-11 16:38:34.875 W/WindowManager(  637):   mShownAlpha=1.0 mAlpha=1.0 mLastAlpha=-1.0
03-11 16:38:34.875 W/WindowManager(  637):   mGlobalScale=1.8746146 mDsDx=1.8746146 mDtDx=0.0 mDsDy=0.0 mDtDy=1.8746146
03-11 16:38:34.875 W/WindowManager(  637): Current app token list:
03-11 16:38:34.875 V/WindowManager(  637):   Display 0
03-11 16:38:34.875 V/WindowManager(  637):   #0: Token{65757d48 ActivityRecord{65756d70 u0 com.android.launcher/com.android.launcher2.Launcher t1}}
03-11 16:38:34.875 W/WindowManager(  637): Final window list:
03-11 16:38:34.875 V/WindowManager(  637):   #0: Window{6555c780 u0 SearchPanel}
03-11 16:38:34.875 V/WindowManager(  637):   #1: Window{655af210 u0 NavigationBar}
03-11 16:38:34.875 V/WindowManager(  637):   #2: Window{65558fa8 u0 StatusBar}
03-11 16:38:34.875 V/WindowManager(  637):   #3: Window{656ab828 u0 Keyguard}
03-11 16:38:34.875 V/WindowManager(  637):   #4: Window{655646b0 u0 KeyguardScrim}
03-11 16:38:34.875 V/WindowManager(  637):   #5: Window{6546cc70 u0 com.android.launcher/com.android.launcher2.Launcher}
03-11 16:38:34.875 V/WindowManager(  637):   #6: Window{656d2eb0 u0 com.android.systemui.ImageWallpaper}
03-11 16:38:34.875 I/WindowState(  637): WIN DEATH: Window{65824ba8 u0 com.android.helloworldjava/com.android.helloworldjava.HelloWorld}
03-11 16:38:34.895 D/Documents( 2518): Used cached roots for com.android.providers.downloads.documents
03-11 16:38:34.895 D/Documents( 2518): Used cached roots for com.android.externalstorage.documents
03-11 16:38:34.895 D/Documents( 2518): Used cached roots for com.android.providers.media.documents
03-11 16:38:34.895 D/Documents( 2518): Used cached roots for com.google.android.apps.docs.storage
03-11 16:38:34.895 D/Documents( 2518): Update found 7 roots in 5ms
03-11 16:38:34.895 D/PackageBroadcastService( 1081): Received broadcast action=android.intent.action.PACKAGE_DATA_CLEARED and uri=com.android.helloworldjava
03-11 16:38:34.895 I/Icing   ( 1081): doRemovePackageData com.android.helloworldjava
03-11 16:38:34.905 D/keystore(  189): calling clear_uid in state: 3
03-11 16:38:34.915 D/AndroidRuntime( 2990): Shutting down VM
03-11 16:38:36.466 D/AndroidRuntime( 3013): 
03-11 16:38:36.466 D/AndroidRuntime( 3013): >>>>>> AndroidRuntime START com.android.internal.os.RuntimeInit <<<<<<
03-11 16:38:36.466 D/AndroidRuntime( 3013): CheckJNI is OFF
03-11 16:38:36.466 E/art     ( 3013): Unrecognized option -XX:mainThreadStackSize=24K
03-11 16:38:36.466 W/art     ( 3013): Ignoring unknown -Xgc option: precise
03-11 16:38:36.516 W/art     ( 3013): Failed to find ELF magic in /system/framework/am.odex: dey
03-11 16:38:36.577 W/art     ( 3013): JNI RegisterNativeMethods: attempt to register 0 native methods for android.content.res.Configuration
03-11 16:38:36.587 D/AndroidRuntime( 3013): Calling main entry com.android.commands.am.Am
03-11 16:38:36.597 I/ActivityManager(  637): START u0 {flg=0x10000000 cmp=com.android.helloworldjava/.HelloWorld} from pid 3013
03-11 16:38:36.897 I/WindowManager(  637): Screenshot max retries 4 of Token{65757d48 ActivityRecord{65756d70 u0 com.android.launcher/com.android.launcher2.Launcher t1}} appWin=Window{6546cc70 u0 com.android.launcher/com.android.launcher2.Launcher} drawState=4
03-11 16:38:36.897 W/WindowManager(  637): Screenshot failure taking screenshot for (1200x1920) to layer 21000
03-11 16:38:36.917 D/AndroidRuntime( 3013): Shutting down VM
03-11 16:38:36.937 W/art     (  184): Could not get current activity
03-11 16:38:36.957 I/ActivityManager(  637): Start proc com.android.helloworldjava for activity com.android.helloworldjava/.HelloWorld: pid=3033 uid=10121 gids={50121, 1028, 1015}
03-11 16:38:37.077 I/ActivityManager(  637): Displayed com.android.helloworldjava/.HelloWorld: +170ms
03-11 16:38:57.467 D/AndroidRuntime( 3062): 
03-11 16:38:57.467 D/AndroidRuntime( 3062): >>>>>> AndroidRuntime START com.android.internal.os.RuntimeInit <<<<<<
03-11 16:38:57.467 D/AndroidRuntime( 3062): CheckJNI is OFF
03-11 16:38:57.477 E/art     ( 3062): Unrecognized option -XX:mainThreadStackSize=24K
03-11 16:38:57.477 W/art     ( 3062): Ignoring unknown -Xgc option: precise
03-11 16:38:57.517 W/art     ( 3062): Failed to find ELF magic in /system/framework/pm.odex: dey
03-11 16:38:57.577 W/art     ( 3062): JNI RegisterNativeMethods: attempt to register 0 native methods for android.content.res.Configuration
03-11 16:38:57.587 D/AndroidRuntime( 3062): Calling main entry com.android.commands.pm.Pm
03-11 16:38:57.597 I/ActivityManager(  637): Force stopping com.android.helloworldjava appid=10121 user=0: clear data
03-11 16:38:57.597 I/ActivityManager(  637): Killing 3033:com.android.helloworldjava/u0a121 (adj 0): stop com.android.helloworldjava
03-11 16:38:57.597 W/ActivityManager(  637): Force removing ActivityRecord{6566fdb0 u0 com.android.helloworldjava/.HelloWorld t8}: app died, no saved state
03-11 16:38:57.597 W/WindowManager(  637): Rebuild removed 2 windows but added 1
03-11 16:38:57.597 W/WindowManager(  637): java.lang.RuntimeException: here
03-11 16:38:57.597 W/WindowManager(  637): 	at com.android.server.wm.WindowManagerService.rebuildAppWindowListLocked(WindowManagerService.java:8011)
03-11 16:38:57.597 W/WindowManager(  637): 	at com.android.server.wm.WindowManagerService.rebuildAppWindowListLocked(WindowManagerService.java:7947)
03-11 16:38:57.597 W/WindowManager(  637): 	at com.android.server.wm.WindowManagerService.handleAppTransitionReadyLocked(WindowManagerService.java:8430)
03-11 16:38:57.597 W/WindowManager(  637): 	at com.android.server.wm.WindowManagerService.performLayoutAndPlaceSurfacesLockedInner(WindowManagerService.java:9193)
03-11 16:38:57.597 W/WindowManager(  637): 	at com.android.server.wm.WindowManagerService.performLayoutAndPlaceSurfacesLockedLoop(WindowManagerService.java:8163)
03-11 16:38:57.597 W/WindowManager(  637): 	at com.android.server.wm.WindowManagerService.performLayoutAndPlaceSurfacesLocked(WindowManagerService.java:8105)
03-11 16:38:57.597 W/WindowManager(  637): 	at com.android.server.wm.WindowManagerService.executeAppTransition(WindowManagerService.java:3918)
03-11 16:38:57.597 W/WindowManager(  637): 	at com.android.server.am.ActivityStackSupervisor.reportResumedActivityLocked(ActivityStackSupervisor.java:2241)
03-11 16:38:57.597 W/WindowManager(  637): 	at com.android.server.am.ActivityStack.completeResumeLocked(ActivityStack.java:968)
03-11 16:38:57.597 W/WindowManager(  637): 	at com.android.server.am.ActivityStack.resumeTopActivityLocked(ActivityStack.java:1631)
03-11 16:38:57.597 W/WindowManager(  637): 	at com.android.server.am.ActivityStackSupervisor.resumeTopActivitiesLocked(ActivityStackSupervisor.java:2022)
03-11 16:38:57.597 W/WindowManager(  637): 	at com.android.server.am.ActivityStackSupervisor.resumeTopActivitiesLocked(ActivityStackSupervisor.java:2009)
03-11 16:38:57.597 W/WindowManager(  637): 	at com.android.server.am.ActivityManagerService.forceStopPackageLocked(ActivityManagerService.java:4750)
03-11 16:38:57.597 W/WindowManager(  637): 	at com.android.server.am.ActivityManagerService.forceStopPackageLocked(ActivityManagerService.java:4496)
03-11 16:38:57.597 W/WindowManager(  637): 	at com.android.server.am.ActivityManagerService.clearApplicationUserData(ActivityManagerService.java:4176)
03-11 16:38:57.597 W/WindowManager(  637): 	at android.app.ActivityManagerNative.onTransact(ActivityManagerNative.java:1114)
03-11 16:38:57.597 W/WindowManager(  637): 	at com.android.server.am.ActivityManagerService.onTransact(ActivityManagerService.java:2071)
03-11 16:38:57.597 W/WindowManager(  637): 	at android.os.Binder.execTransact(Binder.java:404)
03-11 16:38:57.597 W/WindowManager(  637): This window was lost: Window{658337f0 u0 com.android.helloworldjava/com.android.helloworldjava.HelloWorld}
03-11 16:38:57.597 W/WindowManager(  637): mDisplayId=0 mSession=Session{6579def8 3033:u0a10121} mClient=android.os.BinderProxy@6579e120
03-11 16:38:57.597 W/WindowManager(  637): mOwnerUid=10121 mShowToOwnerOnly=true package=com.android.helloworldjava appop=NONE
03-11 16:38:57.597 W/WindowManager(  637): mAttrs=WM.LayoutParams{(0,0)(fillxfill) sim=#120 ty=1 fl=#40010100 compatible=true pfl=0x88 wanim=0x1030001}
03-11 16:38:57.597 W/WindowManager(  637): Requested w=1200 h=1824 mLayoutSeq=176
03-11 16:38:57.597 W/WindowManager(  637): mBaseLayer=21000 mSubLayer=0 mAnimLayer=21005+0=21005 mLastLayer=0
03-11 16:38:57.597 W/WindowManager(  637): mToken=AppWindowToken{6581aa20 token=Token{6566ff10 ActivityRecord{6566fdb0 u0 com.android.helloworldjava/.HelloWorld t8}}}
03-11 16:38:57.597 W/WindowManager(  637): mRootToken=AppWindowToken{6581aa20 token=Token{6566ff10 ActivityRecord{6566fdb0 u0 com.android.helloworldjava/.HelloWorld t8}}}
03-11 16:38:57.597 W/WindowManager(  637): mAppToken=AppWindowToken{6581aa20 token=Token{6566ff10 ActivityRecord{6566fdb0 u0 com.android.helloworldjava/.HelloWorld t8}}}
03-11 16:38:57.597 W/WindowManager(  637): mViewVisibility=0x0 mHaveFrame=true mObscured=true
03-11 16:38:57.597 W/WindowManager(  637): mSeq=0 mSystemUiVisibility=0x0
03-11 16:38:57.597 W/WindowManager(  637): mPolicyVisibility=false mPolicyVisibilityAfterAnim=false mAppOpVisibility=true mAttachedHidden=false
03-11 16:38:57.597 W/WindowManager(  637): mGivenContentInsets=[0,0][0,0] mGivenVisibleInsets=[0,0][0,0]
03-11 16:38:57.597 W/WindowManager(  637): mConfiguration={1.0 ?mcc?mnc en_US ldltr sw600dp w600dp h887dp 320dpi lrg port finger -keyb/v/h -nav/h s.4}
03-11 16:38:57.597 W/WindowManager(  637): mHasSurface=true mShownFrame=[0.0,0.0][1200.0,1824.0] isReadyForDisplay()=false
03-11 16:38:57.597 W/WindowManager(  637): mFrame=[0,0][1200,1824] last=[0,0][1200,1824]
03-11 16:38:57.597 W/WindowManager(  637): mSystemDecorRect=[0,0][640,973] last=[0,0][640,973]
03-11 16:38:57.597 W/WindowManager(  637): mCompatFrame=[0,0][640,973]
03-11 16:38:57.597 W/WindowManager(  637): Frames: containing=[0,0][1200,1824] parent=[0,0][1200,1824]
03-11 16:38:57.597 W/WindowManager(  637):     display=[0,0][1200,1824] overscan=[0,0][1200,1920]
03-11 16:38:57.597 W/WindowManager(  637):     content=[0,50][1200,1824] visible=[0,50][1200,1824]
03-11 16:38:57.597 W/WindowManager(  637):     decor=[0,0][1200,1920]
03-11 16:38:57.597 W/WindowManager(  637): Cur insets: overscan=[0,0][0,0] content=[0,27][0,0] visible=[0,27][0,0]
03-11 16:38:57.597 W/WindowManager(  637): Lst insets: overscan=[0,0][0,0] content=[0,27][0,0] visible=[0,27][0,0]
03-11 16:38:57.597 W/WindowManager(  637): WindowStateAnimator{65833d80 com.android.helloworldjava/com.android.helloworldjava.HelloWorld}:
03-11 16:38:57.597 W/WindowManager(  637):   mSurface=Surface(name=com.android.helloworldjava/com.android.helloworldjava.HelloWorld)
03-11 16:38:57.597 W/WindowManager(  637):   mDrawState=HAS_DRAWN mLastHidden=true
03-11 16:38:57.597 W/WindowManager(  637):   Surface: shown=false layer=21005 alpha=0.0 rect=(0.0,0.0) 640.0 x 973.0
03-11 16:38:57.597 W/WindowManager(  637):   mShownAlpha=1.0 mAlpha=1.0 mLastAlpha=-1.0
03-11 16:38:57.597 W/WindowManager(  637):   mGlobalScale=1.8746146 mDsDx=1.8746146 mDtDx=0.0 mDsDy=0.0 mDtDy=1.8746146
03-11 16:38:57.597 W/WindowManager(  637): Current app token list:
03-11 16:38:57.597 V/WindowManager(  637):   Display 0
03-11 16:38:57.597 V/WindowManager(  637):   #0: Token{65757d48 ActivityRecord{65756d70 u0 com.android.launcher/com.android.launcher2.Launcher t1}}
03-11 16:38:57.597 W/WindowManager(  637): Final window list:
03-11 16:38:57.597 V/WindowManager(  637):   #0: Window{6555c780 u0 SearchPanel}
03-11 16:38:57.597 V/WindowManager(  637):   #1: Window{655af210 u0 NavigationBar}
03-11 16:38:57.597 V/WindowManager(  637):   #2: Window{65558fa8 u0 StatusBar}
03-11 16:38:57.597 V/WindowManager(  637):   #3: Window{656ab828 u0 Keyguard}
03-11 16:38:57.607 V/WindowManager(  637):   #4: Window{655646b0 u0 KeyguardScrim}
03-11 16:38:57.607 V/WindowManager(  637):   #5: Window{6546cc70 u0 com.android.launcher/com.android.launcher2.Launcher}
03-11 16:38:57.607 V/WindowManager(  637):   #6: Window{656d2eb0 u0 com.android.systemui.ImageWallpaper}
03-11 16:38:57.607 I/WindowState(  637): WIN DEATH: Window{658337f0 u0 com.android.helloworldjava/com.android.helloworldjava.HelloWorld}
