03-11 16:38:57.617 D/keystore(  189): calling clear_uid in state: 3
03-11 16:38:57.617 D/Documents( 2518): Used cached roots for com.android.providers.downloads.documents
03-11 16:38:57.617 D/Documents( 2518): Used cached roots for com.android.externalstorage.documents
03-11 16:38:57.617 D/Documents( 2518): Used cached roots for com.android.providers.media.documents
03-11 16:38:57.617 D/Documents( 2518): Used cached roots for com.google.android.apps.docs.storage
03-11 16:38:57.617 D/Documents( 2518): Update found 7 roots in 3ms
03-11 16:38:57.627 D/PackageBroadcastService( 1081): Received broadcast action=android.intent.action.PACKAGE_DATA_CLEARED and uri=com.android.helloworldjava
03-11 16:38:57.637 D/AndroidRuntime( 3062): Shutting down VM
03-11 16:38:57.637 I/Icing   ( 1081): doRemovePackageData com.android.helloworldjava
03-11 16:38:59.179 D/AndroidRuntime( 3086): 
03-11 16:38:59.179 D/AndroidRuntime( 3086): >>>>>> AndroidRuntime START com.android.internal.os.RuntimeInit <<<<<<
03-11 16:38:59.179 D/AndroidRuntime( 3086): CheckJNI is OFF
03-11 16:38:59.179 E/art     ( 3086): Unrecognized option -XX:mainThreadStackSize=24K
03-11 16:38:59.179 W/art     ( 3086): Ignoring unknown -Xgc option: precise
03-11 16:38:59.229 W/art     ( 3086): Failed to find ELF magic in /system/framework/am.odex: dey
03-11 16:38:59.289 W/art     ( 3086): JNI RegisterNativeMethods: attempt to register 0 native methods for android.content.res.Configuration
03-11 16:38:59.299 D/AndroidRuntime( 3086): Calling main entry com.android.commands.am.Am
03-11 16:38:59.309 I/ActivityManager(  637): START u0 {flg=0x10000000 cmp=com.android.helloworldjava/.HelloWorld} from pid 3086
03-11 16:38:59.609 D/AndroidRuntime( 3086): Shutting down VM
03-11 16:38:59.609 I/WindowManager(  637): Screenshot max retries 4 of Token{65757d48 ActivityRecord{65756d70 u0 com.android.launcher/com.android.launcher2.Launcher t1}} appWin=Window{6546cc70 u0 com.android.launcher/com.android.launcher2.Launcher} drawState=4
03-11 16:38:59.609 W/WindowManager(  637): Screenshot failure taking screenshot for (1200x1920) to layer 21000
03-11 16:38:59.639 W/art     (  184): Could not get current activity
03-11 16:38:59.649 I/ActivityManager(  637): Start proc com.android.helloworldjava for activity com.android.helloworldjava/.HelloWorld: pid=3106 uid=10121 gids={50121, 1028, 1015}
03-11 16:38:59.869 I/ActivityManager(  637): Displayed com.android.helloworldjava/.HelloWorld: +249ms
03-11 16:39:20.149 D/AndroidRuntime( 3143): 
03-11 16:39:20.149 D/AndroidRuntime( 3143): >>>>>> AndroidRuntime START com.android.internal.os.RuntimeInit <<<<<<
03-11 16:39:20.149 D/AndroidRuntime( 3143): CheckJNI is OFF
03-11 16:39:20.149 E/art     ( 3143): Unrecognized option -XX:mainThreadStackSize=24K
03-11 16:39:20.149 W/art     ( 3143): Ignoring unknown -Xgc option: precise
03-11 16:39:20.199 W/art     ( 3143): Failed to find ELF magic in /system/framework/pm.odex: dey
03-11 16:39:20.269 W/art     ( 3143): JNI RegisterNativeMethods: attempt to register 0 native methods for android.content.res.Configuration
03-11 16:39:20.279 D/AndroidRuntime( 3143): Calling main entry com.android.commands.pm.Pm
03-11 16:39:20.289 W/InputDispatcher(  637): channel '65466ca8 com.android.helloworldjava/com.android.helloworldjava.HelloWorld (server)' ~ Consumer closed input channel or an error occurred.  events=0x9
03-11 16:39:20.289 E/InputDispatcher(  637): channel '65466ca8 com.android.helloworldjava/com.android.helloworldjava.HelloWorld (server)' ~ Channel is unrecoverably broken and will be disposed!
03-11 16:39:20.289 I/ActivityManager(  637): Force stopping com.android.helloworldjava appid=10121 user=0: clear data
03-11 16:39:20.289 I/ActivityManager(  637): Killing 3106:com.android.helloworldjava/u0a121 (adj 0): stop com.android.helloworldjava
03-11 16:39:20.289 W/ActivityManager(  637): Force removing ActivityRecord{657af710 u0 com.android.helloworldjava/.HelloWorld t9}: app died, no saved state
03-11 16:39:20.289 W/WindowManager(  637): Rebuild removed 2 windows but added 1
03-11 16:39:20.289 W/WindowManager(  637): java.lang.RuntimeException: here
03-11 16:39:20.289 W/WindowManager(  637): 	at com.android.server.wm.WindowManagerService.rebuildAppWindowListLocked(WindowManagerService.java:8011)
03-11 16:39:20.289 W/WindowManager(  637): 	at com.android.server.wm.WindowManagerService.rebuildAppWindowListLocked(WindowManagerService.java:7947)
03-11 16:39:20.289 W/WindowManager(  637): 	at com.android.server.wm.WindowManagerService.handleAppTransitionReadyLocked(WindowManagerService.java:8430)
03-11 16:39:20.289 W/WindowManager(  637): 	at com.android.server.wm.WindowManagerService.performLayoutAndPlaceSurfacesLockedInner(WindowManagerService.java:9193)
03-11 16:39:20.289 W/WindowManager(  637): 	at com.android.server.wm.WindowManagerService.performLayoutAndPlaceSurfacesLockedLoop(WindowManagerService.java:8163)
03-11 16:39:20.289 W/WindowManager(  637): 	at com.android.server.wm.WindowManagerService.performLayoutAndPlaceSurfacesLocked(WindowManagerService.java:8105)
03-11 16:39:20.289 W/WindowManager(  637): 	at com.android.server.wm.WindowManagerService.executeAppTransition(WindowManagerService.java:3918)
03-11 16:39:20.289 W/WindowManager(  637): 	at com.android.server.am.ActivityStackSupervisor.reportResumedActivityLocked(ActivityStackSupervisor.java:2241)
03-11 16:39:20.289 W/WindowManager(  637): 	at com.android.server.am.ActivityStack.completeResumeLocked(ActivityStack.java:968)
03-11 16:39:20.289 W/WindowManager(  637): 	at com.android.server.am.ActivityStack.resumeTopActivityLocked(ActivityStack.java:1631)
03-11 16:39:20.289 W/WindowManager(  637): 	at com.android.server.am.ActivityStackSupervisor.resumeTopActivitiesLocked(ActivityStackSupervisor.java:2022)
03-11 16:39:20.289 W/WindowManager(  637): 	at com.android.server.am.ActivityStackSupervisor.resumeTopActivitiesLocked(ActivityStackSupervisor.java:2009)
03-11 16:39:20.289 W/WindowManager(  637): 	at com.android.server.am.ActivityManagerService.forceStopPackageLocked(ActivityManagerService.java:4750)
03-11 16:39:20.289 W/WindowManager(  637): 	at com.android.server.am.ActivityManagerService.forceStopPackageLocked(ActivityManagerService.java:4496)
03-11 16:39:20.289 W/WindowManager(  637): 	at com.android.server.am.ActivityManagerService.clearApplicationUserData(ActivityManagerService.java:4176)
03-11 16:39:20.289 W/WindowManager(  637): 	at android.app.ActivityManagerNative.onTransact(ActivityManagerNative.java:1114)
03-11 16:39:20.289 W/WindowManager(  637): 	at com.android.server.am.ActivityManagerService.onTransact(ActivityManagerService.java:2071)
03-11 16:39:20.289 W/WindowManager(  637): 	at android.os.Binder.execTransact(Binder.java:404)
03-11 16:39:20.289 W/WindowManager(  637): This window was lost: Window{65466ca8 u0 com.android.helloworldjava/com.android.helloworldjava.HelloWorld}
03-11 16:39:20.289 W/WindowManager(  637): mDisplayId=0 mSession=Session{6583f538 3106:u0a10121} mClient=android.os.BinderProxy@65833060
03-11 16:39:20.289 W/WindowManager(  637): mOwnerUid=10121 mShowToOwnerOnly=true package=com.android.helloworldjava appop=NONE
03-11 16:39:20.289 W/WindowManager(  637): mAttrs=WM.LayoutParams{(0,0)(fillxfill) sim=#120 ty=1 fl=#40010100 compatible=true pfl=0x88 wanim=0x1030001}
03-11 16:39:20.289 W/WindowManager(  637): Requested w=1200 h=1824 mLayoutSeq=197
03-11 16:39:20.289 W/WindowManager(  637): mBaseLayer=21000 mSubLayer=0 mAnimLayer=21005+0=21005 mLastLayer=0
03-11 16:39:20.289 W/WindowManager(  637): mToken=AppWindowToken{657affd8 token=Token{657af870 ActivityRecord{657af710 u0 com.android.helloworldjava/.HelloWorld t9}}}
03-11 16:39:20.289 W/WindowManager(  637): mRootToken=AppWindowToken{657affd8 token=Token{657af870 ActivityRecord{657af710 u0 com.android.helloworldjava/.HelloWorld t9}}}
03-11 16:39:20.289 W/WindowManager(  637): mAppToken=AppWindowToken{657affd8 token=Token{657af870 ActivityRecord{657af710 u0 com.android.helloworldjava/.HelloWorld t9}}}
03-11 16:39:20.289 W/WindowManager(  637): mViewVisibility=0x0 mHaveFrame=true mObscured=true
03-11 16:39:20.289 W/WindowManager(  637): mSeq=0 mSystemUiVisibility=0x0
03-11 16:39:20.289 W/WindowManager(  637): mPolicyVisibility=false mPolicyVisibilityAfterAnim=false mAppOpVisibility=true mAttachedHidden=false
03-11 16:39:20.289 W/WindowManager(  637): mGivenContentInsets=[0,0][0,0] mGivenVisibleInsets=[0,0][0,0]
03-11 16:39:20.289 W/WindowManager(  637): mConfiguration={1.0 ?mcc?mnc en_US ldltr sw600dp w600dp h887dp 320dpi lrg port finger -keyb/v/h -nav/h s.4}
03-11 16:39:20.289 W/WindowManager(  637): mHasSurface=true mShownFrame=[0.0,0.0][1200.0,1824.0] isReadyForDisplay()=false
03-11 16:39:20.289 W/WindowManager(  637): mFrame=[0,0][1200,1824] last=[0,0][1200,1824]
03-11 16:39:20.289 W/WindowManager(  637): mSystemDecorRect=[0,0][640,973] last=[0,0][640,973]
03-11 16:39:20.289 W/WindowManager(  637): mCompatFrame=[0,0][640,973]
03-11 16:39:20.289 W/WindowManager(  637): Frames: containing=[0,0][1200,1824] parent=[0,0][1200,1824]
03-11 16:39:20.289 W/WindowManager(  637):     display=[0,0][1200,1824] overscan=[0,0][1200,1920]
03-11 16:39:20.289 W/WindowManager(  637):     content=[0,50][1200,1824] visible=[0,50][1200,1824]
03-11 16:39:20.289 W/WindowManager(  637):     decor=[0,0][1200,1920]
03-11 16:39:20.289 W/WindowManager(  637): Cur insets: overscan=[0,0][0,0] content=[0,27][0,0] visible=[0,27][0,0]
03-11 16:39:20.289 W/WindowManager(  637): Lst insets: overscan=[0,0][0,0] content=[0,27][0,0] visible=[0,27][0,0]
03-11 16:39:20.289 W/WindowManager(  637): WindowStateAnimator{65822ed8 com.android.helloworldjava/com.android.helloworldjava.HelloWorld}:
03-11 16:39:20.289 W/WindowManager(  637):   mSurface=Surface(name=com.android.helloworldjava/com.android.helloworldjava.HelloWorld)
03-11 16:39:20.289 W/WindowManager(  637):   mDrawState=HAS_DRAWN mLastHidden=true
03-11 16:39:20.289 W/WindowManager(  637):   Surface: shown=false layer=21005 alpha=0.0 rect=(0.0,0.0) 640.0 x 973.0
03-11 16:39:20.289 W/WindowManager(  637):   mShownAlpha=1.0 mAlpha=1.0 mLastAlpha=-1.0
03-11 16:39:20.289 W/WindowManager(  637):   mGlobalScale=1.8746146 mDsDx=1.8746146 mDtDx=0.0 mDsDy=0.0 mDtDy=1.8746146
03-11 16:39:20.289 W/WindowManager(  637): Current app token list:
03-11 16:39:20.289 V/WindowManager(  637):   Display 0
03-11 16:39:20.289 V/WindowManager(  637):   #0: Token{65757d48 ActivityRecord{65756d70 u0 com.android.launcher/com.android.launcher2.Launcher t1}}
03-11 16:39:20.289 W/WindowManager(  637): Final window list:
03-11 16:39:20.289 V/WindowManager(  637):   #0: Window{6555c780 u0 SearchPanel}
03-11 16:39:20.289 V/WindowManager(  637):   #1: Window{655af210 u0 NavigationBar}
03-11 16:39:20.289 V/WindowManager(  637):   #2: Window{65558fa8 u0 StatusBar}
03-11 16:39:20.289 V/WindowManager(  637):   #3: Window{656ab828 u0 Keyguard}
03-11 16:39:20.289 V/WindowManager(  637):   #4: Window{655646b0 u0 KeyguardScrim}
03-11 16:39:20.289 V/WindowManager(  637):   #5: Window{6546cc70 u0 com.android.launcher/com.android.launcher2.Launcher}
03-11 16:39:20.289 V/WindowManager(  637):   #6: Window{656d2eb0 u0 com.android.systemui.ImageWallpaper}
03-11 16:39:20.299 W/InputDispatcher(  637): Attempted to unregister already unregistered input channel '65466ca8 com.android.helloworldjava/com.android.helloworldjava.HelloWorld (server)'
03-11 16:39:20.299 I/WindowState(  637): WIN DEATH: Window{65466ca8 u0 com.android.helloworldjava/com.android.helloworldjava.HelloWorld}
03-11 16:39:20.309 D/keystore(  189): calling clear_uid in state: 3
03-11 16:39:20.309 D/Documents( 2518): Used cached roots for com.android.providers.downloads.documents
03-11 16:39:20.309 D/Documents( 2518): Used cached roots for com.android.externalstorage.documents
03-11 16:39:20.309 D/Documents( 2518): Used cached roots for com.android.providers.media.documents
03-11 16:39:20.309 D/Documents( 2518): Used cached roots for com.google.android.apps.docs.storage
03-11 16:39:20.309 D/Documents( 2518): Update found 7 roots in 4ms
03-11 16:39:20.319 D/PackageBroadcastService( 1081): Received broadcast action=android.intent.action.PACKAGE_DATA_CLEARED and uri=com.android.helloworldjava
03-11 16:39:20.319 I/Icing   ( 1081): doRemovePackageData com.android.helloworldjava
03-11 16:39:20.329 D/AndroidRuntime( 3143): Shutting down VM
03-11 16:39:21.861 D/AndroidRuntime( 3166): 
03-11 16:39:21.861 D/AndroidRuntime( 3166): >>>>>> AndroidRuntime START com.android.internal.os.RuntimeInit <<<<<<
03-11 16:39:21.861 D/AndroidRuntime( 3166): CheckJNI is OFF
03-11 16:39:21.861 E/art     ( 3166): Unrecognized option -XX:mainThreadStackSize=24K
03-11 16:39:21.861 W/art     ( 3166): Ignoring unknown -Xgc option: precise
03-11 16:39:21.901 W/art     ( 3166): Failed to find ELF magic in /system/framework/am.odex: dey
03-11 16:39:21.961 W/art     ( 3166): JNI RegisterNativeMethods: attempt to register 0 native methods for android.content.res.Configuration
03-11 16:39:21.971 D/AndroidRuntime( 3166): Calling main entry com.android.commands.am.Am
03-11 16:39:21.981 I/ActivityManager(  637): START u0 {flg=0x10000000 cmp=com.android.helloworldjava/.HelloWorld} from pid 3166
03-11 16:39:22.281 I/WindowManager(  637): Screenshot max retries 4 of Token{65757d48 ActivityRecord{65756d70 u0 com.android.launcher/com.android.launcher2.Launcher t1}} appWin=Window{6546cc70 u0 com.android.launcher/com.android.launcher2.Launcher} drawState=4
03-11 16:39:22.281 W/WindowManager(  637): Screenshot failure taking screenshot for (1200x1920) to layer 21000
03-11 16:39:22.301 D/AndroidRuntime( 3166): Shutting down VM
03-11 16:39:22.311 W/art     (  184): Could not get current activity
03-11 16:39:22.361 I/ActivityManager(  637): Start proc com.android.helloworldjava for activity com.android.helloworldjava/.HelloWorld: pid=3186 uid=10121 gids={50121, 1028, 1015}
03-11 16:39:22.471 I/ActivityManager(  637): Displayed com.android.helloworldjava/.HelloWorld: +188ms
03-11 16:39:42.841 D/AndroidRuntime( 3209): 
03-11 16:39:42.841 D/AndroidRuntime( 3209): >>>>>> AndroidRuntime START com.android.internal.os.RuntimeInit <<<<<<
03-11 16:39:42.841 D/AndroidRuntime( 3209): CheckJNI is OFF
03-11 16:39:42.841 E/art     ( 3209): Unrecognized option -XX:mainThreadStackSize=24K
03-11 16:39:42.841 W/art     ( 3209): Ignoring unknown -Xgc option: precise
03-11 16:39:42.891 W/art     ( 3209): Failed to find ELF magic in /system/framework/pm.odex: dey
03-11 16:39:42.951 W/art     ( 3209): JNI RegisterNativeMethods: attempt to register 0 native methods for android.content.res.Configuration
03-11 16:39:42.961 D/AndroidRuntime( 3209): Calling main entry com.android.commands.pm.Pm
03-11 16:39:42.961 I/ActivityManager(  637): Force stopping com.android.helloworldjava appid=10121 user=0: clear data
03-11 16:39:42.961 I/ActivityManager(  637): Killing 3186:com.android.helloworldjava/u0a121 (adj 0): stop com.android.helloworldjava
03-11 16:39:42.971 W/InputDispatcher(  637): channel '6554e790 com.android.helloworldjava/com.android.helloworldjava.HelloWorld (server)' ~ Consumer closed input channel or an error occurred.  events=0x9
03-11 16:39:42.971 E/InputDispatcher(  637): channel '6554e790 com.android.helloworldjava/com.android.helloworldjava.HelloWorld (server)' ~ Channel is unrecoverably broken and will be disposed!
03-11 16:39:42.971 W/ActivityManager(  637): Force removing ActivityRecord{6543e5e8 u0 com.android.helloworldjava/.HelloWorld t10}: app died, no saved state
03-11 16:39:42.981 W/InputDispatcher(  637): Attempted to unregister already unregistered input channel '6554e790 com.android.helloworldjava/com.android.helloworldjava.HelloWorld (server)'
03-11 16:39:42.981 D/keystore(  189): calling clear_uid in state: 3
03-11 16:39:42.981 I/WindowState(  637): WIN DEATH: Window{6554e790 u0 com.android.helloworldjava/com.android.helloworldjava.HelloWorld}
03-11 16:39:42.991 D/Documents( 2518): Used cached roots for com.android.providers.downloads.documents
03-11 16:39:42.991 D/Documents( 2518): Used cached roots for com.android.externalstorage.documents
03-11 16:39:42.991 D/Documents( 2518): Used cached roots for com.android.providers.media.documents
03-11 16:39:42.991 D/Documents( 2518): Used cached roots for com.google.android.apps.docs.storage
03-11 16:39:42.991 D/Documents( 2518): Update found 7 roots in 3ms
03-11 16:39:43.001 D/PackageBroadcastService( 1081): Received broadcast action=android.intent.action.PACKAGE_DATA_CLEARED and uri=com.android.helloworldjava
03-11 16:39:43.001 I/Icing   ( 1081): doRemovePackageData com.android.helloworldjava
03-11 16:39:43.011 D/AndroidRuntime( 3209): Shutting down VM
03-11 16:39:44.583 D/AndroidRuntime( 3232): 
03-11 16:39:44.583 D/AndroidRuntime( 3232): >>>>>> AndroidRuntime START com.android.internal.os.RuntimeInit <<<<<<
03-11 16:39:44.583 D/AndroidRuntime( 3232): CheckJNI is OFF
03-11 16:39:44.583 E/art     ( 3232): Unrecognized option -XX:mainThreadStackSize=24K
03-11 16:39:44.583 W/art     ( 3232): Ignoring unknown -Xgc option: precise
03-11 16:39:44.633 W/art     ( 3232): Failed to find ELF magic in /system/framework/am.odex: dey
03-11 16:39:44.693 W/art     ( 3232): JNI RegisterNativeMethods: attempt to register 0 native methods for android.content.res.Configuration
03-11 16:39:44.703 D/AndroidRuntime( 3232): Calling main entry com.android.commands.am.Am
03-11 16:39:44.703 I/ActivityManager(  637): START u0 {flg=0x10000000 cmp=com.android.helloworldjava/.HelloWorld} from pid 3232
03-11 16:39:45.013 I/WindowManager(  637): Screenshot max retries 4 of Token{65757d48 ActivityRecord{65756d70 u0 com.android.launcher/com.android.launcher2.Launcher t1}} appWin=Window{6546cc70 u0 com.android.launcher/com.android.launcher2.Launcher} drawState=4
03-11 16:39:45.013 W/WindowManager(  637): Screenshot failure taking screenshot for (1200x1920) to layer 21000
03-11 16:39:45.033 D/AndroidRuntime( 3232): Shutting down VM
03-11 16:39:45.043 W/art     (  184): Could not get current activity
03-11 16:39:45.063 I/ActivityManager(  637): Start proc com.android.helloworldjava for activity com.android.helloworldjava/.HelloWorld: pid=3252 uid=10121 gids={50121, 1028, 1015}
03-11 16:39:45.183 I/ActivityManager(  637): Displayed com.android.helloworldjava/.HelloWorld: +166ms
03-11 16:40:04.743 W/Uploader( 1081): No account for auth token provided
03-11 16:40:04.803 I/art     ( 1081): Heap trim of managed (duration=1.586914ms, advised=40KB) and native (duration=1.434326ms, advised=4KB) heaps. Managed heap utilization of 69%.
03-11 16:40:04.893 W/ActivityThread( 1081): ClassLoader.loadClass: The class loader returned by Thread.getContextClassLoader() may fail for processes that host multiple applications. You should explicitly specify a context class loader. For example: Thread.setContextClassLoader(getClass().getClassLoader());
03-11 16:40:05.013 W/ProcessCpuTracker(  637): Skipping unknown process pid 3295
03-11 16:40:05.013 W/ProcessCpuTracker(  637): Skipping unknown process pid 3297
03-11 16:40:05.513 D/AndroidRuntime( 3303): 
03-11 16:40:05.513 D/AndroidRuntime( 3303): >>>>>> AndroidRuntime START com.android.internal.os.RuntimeInit <<<<<<
03-11 16:40:05.513 D/AndroidRuntime( 3303): CheckJNI is OFF
03-11 16:40:05.513 E/art     ( 3303): Unrecognized option -XX:mainThreadStackSize=24K
03-11 16:40:05.513 W/art     ( 3303): Ignoring unknown -Xgc option: precise
03-11 16:40:05.563 W/art     ( 3303): Failed to find ELF magic in /system/framework/pm.odex: dey
03-11 16:40:05.623 W/art     ( 3303): JNI RegisterNativeMethods: attempt to register 0 native methods for android.content.res.Configuration
03-11 16:40:05.633 D/AndroidRuntime( 3303): Calling main entry com.android.commands.pm.Pm
03-11 16:40:05.633 I/ActivityManager(  637): Force stopping com.android.helloworldjava appid=10121 user=0: clear data
03-11 16:40:05.633 I/ActivityManager(  637): Killing 3252:com.android.helloworldjava/u0a121 (adj 0): stop com.android.helloworldjava
03-11 16:40:05.633 W/ActivityManager(  637): Force removing ActivityRecord{6544f020 u0 com.android.helloworldjava/.HelloWorld t11}: app died, no saved state
03-11 16:40:05.643 W/InputDispatcher(  637): channel '657333b8 com.android.helloworldjava/com.android.helloworldjava.HelloWorld (server)' ~ Consumer closed input channel or an error occurred.  events=0x9
03-11 16:40:05.643 E/InputDispatcher(  637): channel '657333b8 com.android.helloworldjava/com.android.helloworldjava.HelloWorld (server)' ~ Channel is unrecoverably broken and will be disposed!
03-11 16:40:05.643 W/InputDispatcher(  637): Attempted to unregister already unregistered input channel '657333b8 com.android.helloworldjava/com.android.helloworldjava.HelloWorld (server)'
03-11 16:40:05.643 W/WindowManager(  637): Rebuild removed 2 windows but added 1
03-11 16:40:05.643 W/WindowManager(  637): java.lang.RuntimeException: here
03-11 16:40:05.643 W/WindowManager(  637): 	at com.android.server.wm.WindowManagerService.rebuildAppWindowListLocked(WindowManagerService.java:8011)
03-11 16:40:05.643 W/WindowManager(  637): 	at com.android.server.wm.WindowManagerService.rebuildAppWindowListLocked(WindowManagerService.java:7947)
03-11 16:40:05.643 W/WindowManager(  637): 	at com.android.server.wm.WindowManagerService.handleAppTransitionReadyLocked(WindowManagerService.java:8430)
03-11 16:40:05.643 W/WindowManager(  637): 	at com.android.server.wm.WindowManagerService.performLayoutAndPlaceSurfacesLockedInner(WindowManagerService.java:9193)
03-11 16:40:05.643 W/WindowManager(  637): 	at com.android.server.wm.WindowManagerService.performLayoutAndPlaceSurfacesLockedLoop(WindowManagerService.java:8163)
03-11 16:40:05.643 W/WindowManager(  637): 	at com.android.server.wm.WindowManagerService.performLayoutAndPlaceSurfacesLocked(WindowManagerService.java:8105)
03-11 16:40:05.643 W/WindowManager(  637): 	at com.android.server.wm.WindowManagerService.executeAppTransition(WindowManagerService.java:3918)
03-11 16:40:05.643 W/WindowManager(  637): 	at com.android.server.am.ActivityStackSupervisor.reportResumedActivityLocked(ActivityStackSupervisor.java:2241)
03-11 16:40:05.643 W/WindowManager(  637): 	at com.android.server.am.ActivityStack.completeResumeLocked(ActivityStack.java:968)
03-11 16:40:05.643 W/WindowManager(  637): 	at com.android.server.am.ActivityStack.resumeTopActivityLocked(ActivityStack.java:1631)
03-11 16:40:05.643 W/WindowManager(  637): 	at com.android.server.am.ActivityStackSupervisor.resumeTopActivitiesLocked(ActivityStackSupervisor.java:2022)
03-11 16:40:05.643 W/WindowManager(  637): 	at com.android.server.am.ActivityStackSupervisor.resumeTopActivitiesLocked(ActivityStackSupervisor.java:2009)
03-11 16:40:05.643 W/WindowManager(  637): 	at com.android.server.am.ActivityManagerService.forceStopPackageLocked(ActivityManagerService.java:4750)
03-11 16:40:05.643 W/WindowManager(  637): 	at com.android.server.am.ActivityManagerService.forceStopPackageLocked(ActivityManagerService.java:4496)
03-11 16:40:05.643 W/WindowManager(  637): 	at com.android.server.am.ActivityManagerService.clearApplicationUserData(ActivityManagerService.java:4176)
03-11 16:40:05.643 W/WindowManager(  637): 	at android.app.ActivityManagerNative.onTransact(ActivityManagerNative.java:1114)
03-11 16:40:05.643 W/WindowManager(  637): 	at com.android.server.am.ActivityManagerService.onTransact(ActivityManagerService.java:2071)
03-11 16:40:05.643 W/WindowManager(  637): 	at android.os.Binder.execTransact(Binder.java:404)
03-11 16:40:05.643 W/WindowManager(  637): This window was lost: Window{657333b8 u0 com.android.helloworldjava/com.android.helloworldjava.HelloWorld}
03-11 16:40:05.643 W/WindowManager(  637): mDisplayId=0 mSession=Session{65463498 3252:u0a10121} mClient=android.os.BinderProxy@6544e5b8
03-11 16:40:05.643 W/WindowManager(  637): mOwnerUid=10121 mShowToOwnerOnly=true package=com.android.helloworldjava appop=NONE
03-11 16:40:05.643 W/WindowManager(  637): mAttrs=WM.LayoutParams{(0,0)(fillxfill) sim=#120 ty=1 fl=#40010100 compatible=true pfl=0x88 wanim=0x1030001}
03-11 16:40:05.643 W/WindowManager(  637): Requested w=1200 h=1824 mLayoutSeq=237
03-11 16:40:05.643 W/WindowManager(  637): mBaseLayer=21000 mSubLayer=0 mAnimLayer=21005+0=21005 mLastLayer=0
03-11 16:40:05.643 W/WindowManager(  637): mToken=AppWindowToken{658213b0 token=Token{64ec2d28 ActivityRecord{6544f020 u0 com.android.helloworldjava/.HelloWorld t11}}}
03-11 16:40:05.643 W/WindowManager(  637): mRootToken=AppWindowToken{658213b0 token=Token{64ec2d28 ActivityRecord{6544f020 u0 com.android.helloworldjava/.HelloWorld t11}}}
03-11 16:40:05.643 W/WindowManager(  637): mAppToken=AppWindowToken{658213b0 token=Token{64ec2d28 ActivityRecord{6544f020 u0 com.android.helloworldjava/.HelloWorld t11}}}
03-11 16:40:05.643 W/WindowManager(  637): mViewVisibility=0x0 mHaveFrame=true mObscured=true
03-11 16:40:05.643 W/WindowManager(  637): mSeq=0 mSystemUiVisibility=0x0
03-11 16:40:05.643 W/WindowManager(  637): mPolicyVisibility=false mPolicyVisibilityAfterAnim=false mAppOpVisibility=true mAttachedHidden=false
03-11 16:40:05.643 W/WindowManager(  637): mGivenContentInsets=[0,0][0,0] mGivenVisibleInsets=[0,0][0,0]
03-11 16:40:05.643 W/WindowManager(  637): mConfiguration={1.0 ?mcc?mnc en_US ldltr sw600dp w600dp h887dp 320dpi lrg port finger -keyb/v/h -nav/h s.4}
03-11 16:40:05.643 W/WindowManager(  637): mHasSurface=true mShownFrame=[0.0,0.0][1200.0,1824.0] isReadyForDisplay()=false
03-11 16:40:05.643 W/WindowManager(  637): mFrame=[0,0][1200,1824] last=[0,0][1200,1824]
03-11 16:40:05.643 W/WindowManager(  637): mSystemDecorRect=[0,0][640,973] last=[0,0][640,973]
03-11 16:40:05.643 W/WindowManager(  637): mCompatFrame=[0,0][640,973]
03-11 16:40:05.643 W/WindowManager(  637): Frames: containing=[0,0][1200,1824] parent=[0,0][1200,1824]
03-11 16:40:05.643 W/WindowManager(  637):     display=[0,0][1200,1824] overscan=[0,0][1200,1920]
03-11 16:40:05.643 W/WindowManager(  637):     content=[0,50][1200,1824] visible=[0,50][1200,1824]
03-11 16:40:05.643 W/WindowManager(  637):     decor=[0,0][1200,1920]
03-11 16:40:05.643 W/WindowManager(  637): Cur insets: overscan=[0,0][0,0] content=[0,27][0,0] visible=[0,27][0,0]
03-11 16:40:05.643 W/WindowManager(  637): Lst insets: overscan=[0,0][0,0] content=[0,27][0,0] visible=[0,27][0,0]
03-11 16:40:05.643 W/WindowManager(  637): WindowStateAnimator{656c3278 com.android.helloworldjava/com.android.helloworldjava.HelloWorld}:
03-11 16:40:05.643 W/WindowManager(  637):   mSurface=Surface(name=com.android.helloworldjava/com.android.helloworldjava.HelloWorld)
03-11 16:40:05.643 W/WindowManager(  637):   mDrawState=HAS_DRAWN mLastHidden=true
03-11 16:40:05.643 W/WindowManager(  637):   Surface: shown=false layer=21005 alpha=0.0 rect=(0.0,0.0) 640.0 x 973.0
03-11 16:40:05.643 W/WindowManager(  637):   mShownAlpha=1.0 mAlpha=1.0 mLastAlpha=-1.0
03-11 16:40:05.643 W/WindowManager(  637):   mGlobalScale=1.8746146 mDsDx=1.8746146 mDtDx=0.0 mDsDy=0.0 mDtDy=1.8746146
03-11 16:40:05.643 W/WindowManager(  637): Current app token list:
03-11 16:40:05.643 V/WindowManager(  637):   Display 0
03-11 16:40:05.643 V/WindowManager(  637):   #0: Token{65757d48 ActivityRecord{65756d70 u0 com.android.launcher/com.android.launcher2.Launcher t1}}
03-11 16:40:05.643 W/WindowManager(  637): Final window list:
03-11 16:40:05.643 V/WindowManager(  637):   #0: Window{6555c780 u0 SearchPanel}
03-11 16:40:05.643 V/WindowManager(  637):   #1: Window{655af210 u0 NavigationBar}
03-11 16:40:05.643 V/WindowManager(  637):   #2: Window{65558fa8 u0 StatusBar}
03-11 16:40:05.643 V/WindowManager(  637):   #3: Window{656ab828 u0 Keyguard}
03-11 16:40:05.643 V/WindowManager(  637):   #4: Window{655646b0 u0 KeyguardScrim}
03-11 16:40:05.643 V/WindowManager(  637):   #5: Window{6546cc70 u0 com.android.launcher/com.android.launcher2.Launcher}
03-11 16:40:05.643 V/WindowManager(  637):   #6: Window{656d2eb0 u0 com.android.systemui.ImageWallpaper}
03-11 16:40:05.643 I/WindowState(  637): WIN DEATH: Window{657333b8 u0 com.android.helloworldjava/com.android.helloworldjava.HelloWorld}
03-11 16:40:05.663 D/PackageBroadcastService( 1081): Received broadcast action=android.intent.action.PACKAGE_DATA_CLEARED and uri=com.android.helloworldjava
03-11 16:40:05.663 D/keystore(  189): calling clear_uid in state: 3
03-11 16:40:05.663 D/Documents( 2518): Used cached roots for com.android.providers.downloads.documents
03-11 16:40:05.663 D/Documents( 2518): Used cached roots for com.android.externalstorage.documents
03-11 16:40:05.663 D/Documents( 2518): Used cached roots for com.android.providers.media.documents
03-11 16:40:05.663 D/Documents( 2518): Used cached roots for com.google.android.apps.docs.storage
03-11 16:40:05.663 D/Documents( 2518): Update found 7 roots in 12ms
03-11 16:40:05.663 I/Icing   ( 1081): doRemovePackageData com.android.helloworldjava
03-11 16:40:05.683 D/AndroidRuntime( 3303): Shutting down VM
