03-11 15:12:52.114 D/AlertReceiver( 2223): onReceive: a=android.intent.action.PROVIDER_CHANGED Intent { act=android.intent.action.PROVIDER_CHANGED dat=content://com.android.calendar flg=0x10 cmp=com.google.android.calendar/com.android.calendar.alerts.AlertReceiver }
03-11 15:12:52.114 I/ActivityManager(  787): Killing 2394:com.laurencedawson.reddit_sync:remote/u0a80 (adj 15): empty #17
03-11 15:12:52.134 D/GCM     ( 1179): Message class hwi
03-11 15:12:52.134 I/ActivityManager(  787): Start proc org.mozilla.fennec for broadcast org.mozilla.fennec/org.mozilla.gecko.background.announcements.AnnouncementsBroadcastReceiver: pid=2795 uid=10075 gids={50075, 3003, 1028, 1015}
03-11 15:12:52.154 D/dalvikvm( 2291): GC_CONCURRENT freed 406K, 3% free 17410K/17888K, paused 1ms+1ms, total 13ms
03-11 15:12:52.154 I/NotifUtils( 2291): Validating Notification, mapSize: 0 getAttention: true ignoreUnobtrusive: false
03-11 15:12:52.164 I/NotifUtils( 2291): validateNotifications - cancelling account -2040901717 / folder 3019
03-11 15:12:52.174 D/dalvikvm( 2753): GC_CONCURRENT freed 114K, 1% free 17372K/17520K, paused 2ms+3ms, total 21ms
03-11 15:12:52.174 D/dalvikvm( 2753): WAIT_FOR_CONCURRENT_GC blocked 3ms
03-11 15:12:52.234 D/dalvikvm(  787): GC_EXPLICIT freed 500K, 10% free 24185K/26764K, paused 2ms+4ms, total 53ms
03-11 15:12:52.234 D/dalvikvm( 2795): Trying to load lib /data/app-lib/org.mozilla.fennec-1/libmozglue.so 0x42c07ef0
03-11 15:12:52.244 D/dalvikvm( 2795): Added shared lib /data/app-lib/org.mozilla.fennec-1/libmozglue.so 0x42c07ef0
03-11 15:12:52.244 D/dalvikvm( 2795): No JNI_OnLoad found in /data/app-lib/org.mozilla.fennec-1/libmozglue.so 0x42c07ef0, skipping init
03-11 15:12:52.254 I/GeckoAnnounce( 2795): fennec :: AnnounceBrSvc :: Registering AnnouncementsService.
03-11 15:12:52.254 I/ActivityManager(  787): Delay finish: org.mozilla.fennec/org.mozilla.gecko.background.announcements.AnnouncementsBroadcastReceiver
03-11 15:12:52.264 I/GeckoAnnounce( 2795): fennec :: BackgroundService :: Setting inexact repeating alarm for interval 43200000
03-11 15:12:52.264 I/ActivityManager(  787): Resuming delayed broadcast
03-11 15:12:52.264 I/ActivityManager(  787): Delay finish: org.mozilla.fennec/org.mozilla.gecko.background.healthreport.HealthReportBroadcastReceiver
03-11 15:12:52.274 I/GeckoHealth( 2795): fennec :: HealthReportBroadcastService :: Registering HealthReportUploadService.
03-11 15:12:52.274 I/GeckoHealth( 2795): fennec :: BackgroundService :: Setting inexact repeating alarm for interval 3600000
03-11 15:12:52.274 I/ActivityManager(  787): Resuming delayed broadcast
03-11 15:12:52.274 I/ActivityManager(  787): Delay finish: org.mozilla.fennec/org.mozilla.gecko.background.healthreport.HealthReportBroadcastReceiver
03-11 15:12:52.284 I/GeckoHealth( 2795): fennec :: HealthReportBroadcastService :: Registering HealthReportPruneService.
03-11 15:12:52.284 I/GeckoHealth( 2795): fennec :: BackgroundService :: Setting inexact repeating alarm for interval 86400000
03-11 15:12:52.284 I/ActivityManager(  787): Resuming delayed broadcast
03-11 15:12:52.294 D/GCM     ( 1179): GcmService start Intent { act=android.net.conn.CONNECTIVITY_CHANGE flg=0x4000010 cmp=com.google.android.gms/.gcm.GcmService (has extras) } android.net.conn.CONNECTIVITY_CHANGE
03-11 15:12:52.304 D/YouTube ( 2124): apps.youtube.app.prefetch.PrefetchService$DeviceStateReceiver.onReceive:565 Got device state change intent: android.net.conn.CONNECTIVITY_CHANGE
03-11 15:12:52.314 D/YouTube ( 2124): apps.youtube.app.prefetch.PrefetchService.onStartCommand:167 PrefetchService started at 11 Mar 2014 13:12:52 GMT
03-11 15:12:52.314 D/YouTube ( 2124): apps.youtube.app.prefetch.PrefetchService.p_:245 Download snapshot restored
03-11 15:12:52.314 I/iu.Environment( 2663): update connectivity state; isNetworkMetered? true, isRoaming? false, isBackgroundDataAllowed? true
03-11 15:12:52.314 I/widget.provider( 2690): com.devhd.feedly.widget.FeedlyWidgetProvider onReceive: android.net.conn.CONNECTIVITY_CHANGE
03-11 15:12:52.324 D/YouTube ( 2124): apps.youtube.app.prefetch.PrefetchService.onDestroy:215 PrefetchService destroyed at 11 Mar 2014 13:12:52 GMT
03-11 15:12:52.324 D/dalvikvm(  983): GC_CONCURRENT freed 358K, 3% free 17180K/17620K, paused 1ms+1ms, total 11ms
03-11 15:12:52.334 D/GCM     ( 1179): GcmService start Intent { act=android.net.conn.CONNECTIVITY_CHANGE flg=0x4000010 cmp=com.google.android.gms/.gcm.GcmService (has extras) } android.net.conn.CONNECTIVITY_CHANGE
03-11 15:12:52.344 D/YouTube ( 2124): apps.youtube.app.prefetch.PrefetchService$DeviceStateReceiver.onReceive:565 Got device state change intent: android.net.conn.CONNECTIVITY_CHANGE
03-11 15:12:52.344 D/YouTube ( 2124): apps.youtube.app.prefetch.PrefetchService.onStartCommand:167 PrefetchService started at 11 Mar 2014 13:12:52 GMT
03-11 15:12:52.354 I/iu.Environment( 2663): update connectivity state; isNetworkMetered? true, isRoaming? false, isBackgroundDataAllowed? true
03-11 15:12:52.354 D/YouTube ( 2124): apps.youtube.app.prefetch.PrefetchService.p_:245 Download snapshot restored
03-11 15:12:52.354 I/widget.provider( 2690): com.devhd.feedly.widget.FeedlyWidgetProvider onReceive: android.net.conn.CONNECTIVITY_CHANGE
03-11 15:12:52.354 D/YouTube ( 2124): apps.youtube.app.prefetch.PrefetchService.onDestroy:215 PrefetchService destroyed at 11 Mar 2014 13:12:52 GMT
03-11 15:12:52.354 I/ActivityManager(  787): Killing 2430:com.laurencedawson.reddit_sync/u0a80 (adj 15): empty #17
03-11 15:12:52.364 W/Uploader(  983): No account for auth token provided
03-11 15:12:52.424 D/dalvikvm( 2291): GC_CONCURRENT freed 402K, 3% free 17467K/17956K, paused 2ms+1ms, total 13ms
03-11 15:12:52.424 D/dalvikvm( 2291): WAIT_FOR_CONCURRENT_GC blocked 9ms
03-11 15:12:52.464 D/dalvikvm(  983): GC_CONCURRENT freed 374K, 3% free 17204K/17620K, paused 1ms+1ms, total 12ms
03-11 15:12:52.514 D/dalvikvm( 2291): GC_CONCURRENT freed 507K, 4% free 17396K/17956K, paused 1ms+1ms, total 12ms
03-11 15:12:52.514 D/dalvikvm( 2722): GC_CONCURRENT freed 284K, 3% free 17021K/17396K, paused 2ms+2ms, total 25ms
03-11 15:12:52.544 D/dalvikvm( 1031): GC_CONCURRENT freed 7617K, 21% free 29252K/36896K, paused 2ms+2ms, total 27ms
03-11 15:12:52.564 D/dalvikvm( 2753): GC_CONCURRENT freed 133K, 1% free 17746K/17912K, paused 2ms+4ms, total 22ms
03-11 15:12:52.604 I/ActivityManager(  787): Killing 2459:com.onelouder.baconreader/u0a81 (adj 15): empty #17
03-11 15:12:52.624 D/dalvikvm( 1179): GC_EXPLICIT freed 180K, 4% free 17332K/17900K, paused 2ms+3ms, total 17ms
03-11 15:12:52.754 W/GAV2    ( 2291): Thread[GAThread,5,main]: Service unavailable (code=1), will retry.
03-11 15:12:52.754 W/ActivityManager(  787): Unable to start service Intent { act=com.google.android.gms.analytics.service.START cmp=com.google.android.gms/.analytics.service.AnalyticsService (has extras) } U=0: not found
03-11 15:12:52.764 I/GAV2    ( 2291): Thread[GAThread,5,main]: No campaign data found.
03-11 15:12:52.764 D/dalvikvm(  983): GC_CONCURRENT freed 340K, 3% free 17345K/17740K, paused 2ms+3ms, total 21ms
03-11 15:12:52.774 D/dalvikvm( 2291): GC_CONCURRENT freed 400K, 4% free 17405K/17956K, paused 1ms+1ms, total 13ms
03-11 15:12:52.824 W/ActivityThread(  983): ClassLoader.loadClass: The class loader returned by Thread.getContextClassLoader() may fail for processes that host multiple applications. You should explicitly specify a context class loader. For example: Thread.setContextClassLoader(getClass().getClassLoader());
03-11 15:12:52.924 W/Uploader(  983): No account for auth token provided
03-11 15:12:53.604 I/Icing   (  983): Indexing 667B6FACEE5159635D04097E2A71E1797FB1DEAB from com.google.android.googlequicksearchbox
03-11 15:12:53.694 I/Icing   (  983): Indexing done 667B6FACEE5159635D04097E2A71E1797FB1DEAB
03-11 15:12:54.094 D/ConnectivityService(  787): handleInetConditionHoldEnd: net=0, condition=100, published condition=0
03-11 15:12:55.404 D/AlertService( 2223): Beginning updateAlertNotification
03-11 15:12:55.424 D/AlertService( 2223): No fired or scheduled alerts
03-11 15:12:55.434 D/AlertService( 2223): Scheduling next alarm with AlarmScheduler. sEventReminderReceived: null
03-11 15:12:55.444 D/AlarmScheduler( 2223): Query result count for events starting within 1 week: 3
03-11 15:12:55.444 D/AlertService( 2223): 0 Action = android.intent.action.PROVIDER_CHANGED
03-11 15:12:55.704 W/ContextImpl( 2546): Implicit intents with startService are not safe: Intent { act=com.google.android.music.NETWORK_MONITOR_SERVICE } android.content.ContextWrapper.bindService:517 com.google.android.music.utils.SafeServiceConnection$ServiceConnectionImp.bindService:98 com.google.android.music.utils.SafeServiceConnection.bindService:259 
03-11 15:12:55.714 W/ContextImpl( 2546): Implicit intents with startService are not safe: Intent { act=com.google.android.music.NETWORK_MONITOR_SERVICE } android.content.ContextWrapper.bindService:517 com.google.android.music.utils.SafeServiceConnection$ServiceConnectionImp.bindService:98 com.google.android.music.utils.SafeServiceConnection.bindService:259 
03-11 15:12:55.714 D/CacheService( 2546): onCreate
03-11 15:12:55.744 D/CacheService( 2546): onBind
03-11 15:12:55.784 I/MusicLeanback( 2546): Conditions not met for autocaching.
03-11 15:12:55.784 I/MusicLeanback( 2546): Stop autocaching.
03-11 15:12:55.784 D/CacheService( 2546): onDestroy
03-11 15:12:56.224 W/GAV2    ( 2620): Thread[GAThread,5,main]: Service unavailable (code=1), will retry.
03-11 15:12:56.224 I/GAV2    ( 2620): Thread[GAThread,5,main]: No campaign data found.
03-11 15:12:56.224 W/ActivityManager(  787): Unable to start service Intent { act=com.google.android.gms.analytics.service.START cmp=com.google.android.gms/.analytics.service.AnalyticsService (has extras) } U=0: not found
03-11 15:12:56.524 W/GAV2    ( 2663): Thread[GAThread,5,main]: Service unavailable (code=1), will retry.
03-11 15:12:56.524 W/ActivityManager(  787): Unable to start service Intent { act=com.google.android.gms.analytics.service.START cmp=com.google.android.gms/.analytics.service.AnalyticsService (has extras) } U=0: not found
03-11 15:12:56.564 I/GAV2    ( 2663): Thread[GAThread,5,main]: No campaign data found.
03-11 15:12:57.484 V/QcrilMsgTunnelSocket( 1737): After reading offset = 0 remaining = 4 countRead = 4
03-11 15:12:57.484 D/QcrilMsgTunnelSocket( 1737): messageLength extracted from first 4 inputStream reads = 29
03-11 15:12:57.484 V/QcrilMsgTunnelSocket( 1737): offset = 0 remaining = 29 countRead = 0
03-11 15:12:57.514 D/MobileDataStateTracker(  787): default: Broadcast received: android.intent.action.ANY_DATA_STATE apnType=default
03-11 15:12:57.514 D/MobileDataStateTracker(  787): default: Received state=CONNECTED, old=CONNECTED, reason=(unspecified)
03-11 15:12:57.564 V/QcrilMsgTunnelSocket( 1737): offset = 0 remaining = 29 countRead = 29
03-11 15:12:57.594 I/ActivityManager(  787): Killing 2475:org.thoughtcrime.securesms/u0a84 (adj 15): empty #17
03-11 15:12:57.604 D/QcrilMsgTunnelSocket( 1737): readRilMessage: Buffer = [B@42c0ee10 HexData = [0100000004040000110000005155414c434f4d4def0308000100000002]
03-11 15:12:57.604 V/QcrilMsgTunnelSocket( 1737): Read packet: 29 bytes. Data Available = 32 Position = 0
03-11 15:12:57.604 D/QcrilMsgTunnelSocket( 1737): processResponse. message type = 1. Data Available = 28
03-11 15:12:57.604 D/QcrilMsgTunnelSocket( 1737): ByteArray from parcel = 5155414c434f4d4def0308000100000002
03-11 15:12:57.604 D/QcrilMsgTunnelSocket( 1737): Received RIL_UNSOL_OEM_HOOK_RAW message
03-11 15:12:57.604 D/QcrilMsgTunnelSocket( 1737): Oem ID in RIL_UNSOL_OEM_HOOK_RAW is QUALCOMM
03-11 15:12:57.604 D/QcrilMsgTunnelSocket( 1737): OEM ID check Passed
03-11 15:12:57.604 D/QcrilMsgTunnelSocket( 1737): Response ID in RIL_UNSOL_OEM_HOOK_RAW is 525295
03-11 15:12:57.604 D/QcrilMsgTunnelSocket( 1737): Response ID 525295is not served in this process.
03-11 15:12:57.604 D/QcrilMsgTunnelSocket( 1737): To broadcast an Intent via the notifier to external apps
03-11 15:12:57.604 V/QcrilMsgTunnelSocket( 1737): Before reading offset = 0 remaining = 4 countRead = 0
03-11 15:12:57.604 D/QcrilMsgTunnelIfaceManager( 1737): handleMessage what=0
03-11 15:12:57.604 D/QcrilMsgTunnelIfaceManager( 1737): Broadcasting intent ACTION_UNSOL_RESPONSE_OEM_HOOK_RAW
03-11 15:12:57.604 V/QcrilMsgTunnelSocket( 1737): After reading offset = 0 remaining = 4 countRead = 4
03-11 15:12:57.604 D/QcrilMsgTunnelSocket( 1737): messageLength extracted from first 4 inputStream reads = 29
03-11 15:12:57.604 V/QcrilMsgTunnelSocket( 1737): offset = 0 remaining = 29 countRead = 0
03-11 15:12:57.604 V/QcrilMsgTunnelSocket( 1737): offset = 0 remaining = 29 countRead = 29
03-11 15:12:57.604 D/QcrilMsgTunnelSocket( 1737): readRilMessage: Buffer = [B@42c0ee10 HexData = [0100000004040000110000005155414c434f4d4def0308000100000002]
03-11 15:12:57.604 V/QcrilMsgTunnelSocket( 1737): Read packet: 29 bytes. Data Available = 32 Position = 0
03-11 15:12:57.604 D/QcrilMsgTunnelSocket( 1737): processResponse. message type = 1. Data Available = 28
03-11 15:12:57.604 D/QcrilMsgTunnelSocket( 1737): ByteArray from parcel = 5155414c434f4d4def0308000100000002
03-11 15:12:57.604 D/QcrilMsgTunnelSocket( 1737): Received RIL_UNSOL_OEM_HOOK_RAW message
03-11 15:12:57.604 D/QcrilMsgTunnelSocket( 1737): Oem ID in RIL_UNSOL_OEM_HOOK_RAW is QUALCOMM
03-11 15:12:57.604 D/QcrilMsgTunnelSocket( 1737): OEM ID check Passed
03-11 15:12:57.604 D/QcrilMsgTunnelSocket( 1737): Response ID in RIL_UNSOL_OEM_HOOK_RAW is 525295
03-11 15:12:57.604 D/QcrilMsgTunnelSocket( 1737): Response ID 525295is not served in this process.
03-11 15:12:57.604 D/QcrilMsgTunnelSocket( 1737): To broadcast an Intent via the notifier to external apps
03-11 15:12:57.604 V/QcrilMsgTunnelSocket( 1737): Before reading offset = 0 remaining = 4 countRead = 0
03-11 15:12:57.604 D/QcrilMsgTunnelIfaceManager( 1737): handleMessage what=0
03-11 15:12:57.604 D/QcrilMsgTunnelIfaceManager( 1737): Broadcasting intent ACTION_UNSOL_RESPONSE_OEM_HOOK_RAW
03-11 15:12:57.714 V/QcrilMsgTunnelSocket( 1737): After reading offset = 0 remaining = 4 countRead = 4
03-11 15:12:57.714 D/QcrilMsgTunnelSocket( 1737): messageLength extracted from first 4 inputStream reads = 29
03-11 15:12:57.714 V/QcrilMsgTunnelSocket( 1737): offset = 0 remaining = 29 countRead = 0
03-11 15:12:57.714 V/QcrilMsgTunnelSocket( 1737): offset = 0 remaining = 29 countRead = 29
03-11 15:12:57.714 D/QcrilMsgTunnelSocket( 1737): readRilMessage: Buffer = [B@42c0ee10 HexData = [0100000004040000110000005155414c434f4d4def0308000100000002]
03-11 15:12:57.714 V/QcrilMsgTunnelSocket( 1737): Read packet: 29 bytes. Data Available = 32 Position = 0
03-11 15:12:57.714 D/QcrilMsgTunnelSocket( 1737): processResponse. message type = 1. Data Available = 28
03-11 15:12:57.714 D/QcrilMsgTunnelSocket( 1737): ByteArray from parcel = 5155414c434f4d4def0308000100000002
03-11 15:12:57.714 D/QcrilMsgTunnelSocket( 1737): Received RIL_UNSOL_OEM_HOOK_RAW message
03-11 15:12:57.714 D/QcrilMsgTunnelSocket( 1737): Oem ID in RIL_UNSOL_OEM_HOOK_RAW is QUALCOMM
03-11 15:12:57.714 D/QcrilMsgTunnelSocket( 1737): OEM ID check Passed
03-11 15:12:57.714 D/QcrilMsgTunnelSocket( 1737): Response ID in RIL_UNSOL_OEM_HOOK_RAW is 525295
03-11 15:12:57.714 D/QcrilMsgTunnelSocket( 1737): Response ID 525295is not served in this process.
03-11 15:12:57.714 D/QcrilMsgTunnelSocket( 1737): To broadcast an Intent via the notifier to external apps
03-11 15:12:57.714 V/QcrilMsgTunnelSocket( 1737): Before reading offset = 0 remaining = 4 countRead = 0
03-11 15:12:57.714 D/QcrilMsgTunnelIfaceManager( 1737): handleMessage what=0
03-11 15:12:57.714 D/QcrilMsgTunnelIfaceManager( 1737): Broadcasting intent ACTION_UNSOL_RESPONSE_OEM_HOOK_RAW
03-11 15:12:57.764 W/GAV2    ( 2291): Thread[Service Reconnect,5,main]: Service unavailable (code=1), using local store.
03-11 15:12:57.764 W/ActivityManager(  787): Unable to start service Intent { act=com.google.android.gms.analytics.service.START cmp=com.google.android.gms/.analytics.service.AnalyticsService (has extras) } U=0: not found
03-11 15:13:00.444 D/AlertService( 2223): Beginning updateAlertNotification
03-11 15:13:00.474 D/AlertService( 2223): No fired or scheduled alerts
03-11 15:13:00.504 D/AlertService( 2223): Scheduling next alarm with AlarmScheduler. sEventReminderReceived: null
03-11 15:13:00.514 D/AlarmScheduler( 2223): Query result count for events starting within 1 week: 3
03-11 15:13:01.084 I/ActivityManager(  787): Start proc com.onelouder.baconreader for service com.onelouder.baconreader/.CheckMessageService: pid=2896 uid=10081 gids={50081, 3003, 1028, 1015}
03-11 15:13:01.124 I/ErrorAgent( 2896): Registering custom exceptions handler
03-11 15:13:01.144 D/ImageCache( 2896): enabled write through to /storage/emulated/0/Android/data/com.onelouder.baconreader/cache/cachefu/image_cache
03-11 15:13:01.144 D/ImageCache( 2896): sanitize DISK cache
03-11 15:13:01.224 W/GAV2    ( 2620): Thread[Service Reconnect,5,main]: Service unavailable (code=1), using local store.
03-11 15:13:01.224 W/ActivityManager(  787): Unable to start service Intent { act=com.google.android.gms.analytics.service.START cmp=com.google.android.gms/.analytics.service.AnalyticsService (has extras) } U=0: not found
03-11 15:13:01.444 I/ActivityManager(  787): Waited long enough for: ServiceRecord{43290670 u0 com.google.android.calendar/com.android.calendar.alerts.InitAlarmsService}
03-11 15:13:01.534 W/GAV2    ( 2663): Thread[Service Reconnect,5,main]: Service unavailable (code=1), using local store.
03-11 15:13:01.534 W/ActivityManager(  787): Unable to start service Intent { act=com.google.android.gms.analytics.service.START cmp=com.google.android.gms/.analytics.service.AnalyticsService (has extras) } U=0: not found
03-11 15:13:01.844 I/InputReader(  787): Reconfiguring input devices.  changes=0x00000010
03-11 15:13:01.854 D/Launcher.Model( 1031): 11683562 - loadWorkspaceScreensDb()
03-11 15:13:01.854 D/Launcher.Model( 1031): 11683562 -   screens: { 0: 0 }
03-11 15:13:01.854 D/Launcher.Model( 1031): 11683562 - updateWorkspaceScreenOrder()
03-11 15:13:01.854 D/Launcher.Model( 1031): 11683562 -   screens: 0
03-11 15:13:01.854 I/PackageManager(  787):   Action: "android.intent.action.SENDTO"
03-11 15:13:01.854 I/PackageManager(  787):   Category: "android.intent.category.DEFAULT"
03-11 15:13:01.854 I/PackageManager(  787):   Scheme: "sms"
03-11 15:13:01.854 I/PackageManager(  787): Adding preferred activity ComponentInfo{org.thoughtcrime.securesms/org.thoughtcrime.securesms.RoutingActivity} for user 0 :
03-11 15:13:01.864 D/dalvikvm( 1002): GC_CONCURRENT freed 378K, 3% free 17299K/17792K, paused 2ms+9ms, total 21ms
03-11 15:13:01.884 I/PackageManager(  787):   Action: "android.intent.action.SENDTO"
03-11 15:13:01.884 I/PackageManager(  787):   Category: "android.intent.category.DEFAULT"
03-11 15:13:01.884 I/PackageManager(  787):   Scheme: "smsto"
03-11 15:13:01.884 I/PackageManager(  787): Adding preferred activity ComponentInfo{org.thoughtcrime.securesms/org.thoughtcrime.securesms.RoutingActivity} for user 0 :
03-11 15:13:01.904 I/PackageManager(  787):   Action: "android.intent.action.SENDTO"
03-11 15:13:01.904 I/PackageManager(  787):   Category: "android.intent.category.DEFAULT"
03-11 15:13:01.904 I/PackageManager(  787):   Scheme: "mms"
03-11 15:13:01.904 I/PackageManager(  787): Adding preferred activity ComponentInfo{org.thoughtcrime.securesms/org.thoughtcrime.securesms.RoutingActivity} for user 0 :
03-11 15:13:02.004 I/PackageManager(  787):   Action: "android.intent.action.SENDTO"
03-11 15:13:02.004 I/PackageManager(  787):   Category: "android.intent.category.DEFAULT"
03-11 15:13:02.004 I/PackageManager(  787):   Scheme: "mmsto"
03-11 15:13:02.004 I/PackageManager(  787): Adding preferred activity ComponentInfo{org.thoughtcrime.securesms/org.thoughtcrime.securesms.RoutingActivity} for user 0 :
03-11 15:13:02.034 D/Launcher( 1031): 11683562 - bindAddScreens()
03-11 15:13:02.034 D/Launcher( 1031): 11683562 -   orderedScreenIds: 
03-11 15:13:02.034 D/Launcher.Workspace( 1031): 11683562 - removeExtraEmptyScreen()
03-11 15:13:02.034 D/Launcher.Workspace( 1031): 11683562 - convertFinalScreenToEmptyScreenIfNecessary()
03-11 15:13:02.044 D/PackageBroadcastService(  983): Received broadcast action=android.intent.action.PACKAGE_CHANGED and uri=com.android.stk
03-11 15:13:02.044 I/PackageManager(  787):   Action: "android.intent.action.SENDTO"
03-11 15:13:02.044 I/PackageManager(  787):   Category: "android.intent.category.DEFAULT"
03-11 15:13:02.044 I/PackageManager(  787):   Scheme: "sms"
03-11 15:13:02.044 I/PackageManager(  787): Adding preferred activity ComponentInfo{org.thoughtcrime.securesms/org.thoughtcrime.securesms.RoutingActivity} for user 0 :
03-11 15:13:02.064 I/PackageManager(  787):   Action: "android.intent.action.SENDTO"
03-11 15:13:02.064 I/PackageManager(  787):   Category: "android.intent.category.DEFAULT"
03-11 15:13:02.064 I/PackageManager(  787):   Scheme: "smsto"
03-11 15:13:02.064 I/PackageManager(  787): Adding preferred activity ComponentInfo{org.thoughtcrime.securesms/org.thoughtcrime.securesms.RoutingActivity} for user 0 :
03-11 15:13:02.084 D/dalvikvm(  983): GC_EXPLICIT freed 342K, 3% free 17265K/17728K, paused 1ms+2ms, total 19ms
03-11 15:13:02.084 I/PackageManager(  787):   Action: "android.intent.action.SENDTO"
03-11 15:13:02.084 I/PackageManager(  787):   Category: "android.intent.category.DEFAULT"
03-11 15:13:02.084 I/PackageManager(  787):   Scheme: "mms"
03-11 15:13:02.084 I/PackageManager(  787): Adding preferred activity ComponentInfo{org.thoughtcrime.securesms/org.thoughtcrime.securesms.RoutingActivity} for user 0 :
03-11 15:13:02.104 I/PackageManager(  787):   Action: "android.intent.action.SENDTO"
03-11 15:13:02.104 I/PackageManager(  787):   Category: "android.intent.category.DEFAULT"
03-11 15:13:02.104 I/PackageManager(  787):   Scheme: "mmsto"
03-11 15:13:02.104 I/PackageManager(  787): Adding preferred activity ComponentInfo{org.thoughtcrime.securesms/org.thoughtcrime.securesms.RoutingActivity} for user 0 :
03-11 15:13:02.124 I/PeopleContactsSync(  983): CP2 sync disabled
03-11 15:13:02.134 E/AppsCustomizePagedView( 1031): Widget ComponentInfo{com.devhd.feedly/com.devhd.feedly.widget.FeedlyWidgetProvider_4_1} has invalid dimensions (0, 0)
03-11 15:13:02.134 I/Icing.InternalIcingCorporaProvider( 2753): Updating corpora: A: com.android.stk, C: MAYBE
03-11 15:13:02.144 W/Launcher( 1031): setApplicationContext called twice! old=com.google.android.velvet.VelvetApplication@42c0cda0 new=com.google.android.velvet.VelvetApplication@42c0cda0
03-11 15:13:02.184 D/dalvikvm( 2753): GC_CONCURRENT freed 399K, 3% free 17762K/18196K, paused 3ms+5ms, total 21ms
03-11 15:13:03.234 I/Icing   (  983): Indexing 667B6FACEE5159635D04097E2A71E1797FB1DEAB from com.google.android.googlequicksearchbox
03-11 15:13:03.324 I/Icing   (  983): Indexing done 667B6FACEE5159635D04097E2A71E1797FB1DEAB
03-11 15:13:14.274 D/ConnectivityService(  787): handleInetConditionHoldEnd: net=0, condition=0, published condition=100
03-11 15:13:15.204 I/ActivityManager(  787): Killing 2526:com.qualcomm.timeservice/u0a68 (adj 15): empty #17
03-11 15:13:15.584 D/dalvikvm(  787): GC_EXPLICIT freed 1401K, 8% free 24274K/26156K, paused 7ms+5ms, total 88ms
03-11 15:13:15.614 W/GLSUser ( 1179): GoogleAccountDataService.getToken()
03-11 15:13:16.214 V/QcrilMsgTunnelSocket( 1737): After reading offset = 0 remaining = 4 countRead = 4
03-11 15:13:16.214 D/QcrilMsgTunnelSocket( 1737): messageLength extracted from first 4 inputStream reads = 29
03-11 15:13:16.214 V/QcrilMsgTunnelSocket( 1737): offset = 0 remaining = 29 countRead = 0
03-11 15:13:16.224 D/MobileDataStateTracker(  787): default: Broadcast received: android.intent.action.ANY_DATA_STATE apnType=default
03-11 15:13:16.234 D/MobileDataStateTracker(  787): default: Received state=CONNECTED, old=CONNECTED, reason=(unspecified)
03-11 15:13:16.254 V/QcrilMsgTunnelSocket( 1737): offset = 0 remaining = 29 countRead = 29
03-11 15:13:16.254 D/QcrilMsgTunnelSocket( 1737): readRilMessage: Buffer = [B@42c0ee10 HexData = [0100000004040000110000005155414c434f4d4def0308000100000001]
03-11 15:13:16.254 V/QcrilMsgTunnelSocket( 1737): Read packet: 29 bytes. Data Available = 32 Position = 0
03-11 15:13:16.254 D/QcrilMsgTunnelSocket( 1737): processResponse. message type = 1. Data Available = 28
03-11 15:13:16.254 D/QcrilMsgTunnelSocket( 1737): ByteArray from parcel = 5155414c434f4d4def0308000100000001
03-11 15:13:16.254 D/QcrilMsgTunnelSocket( 1737): Received RIL_UNSOL_OEM_HOOK_RAW message
03-11 15:13:16.264 D/QcrilMsgTunnelSocket( 1737): Oem ID in RIL_UNSOL_OEM_HOOK_RAW is QUALCOMM
03-11 15:13:16.264 D/QcrilMsgTunnelSocket( 1737): OEM ID check Passed
03-11 15:13:16.264 D/QcrilMsgTunnelSocket( 1737): Response ID in RIL_UNSOL_OEM_HOOK_RAW is 525295
03-11 15:13:16.264 D/QcrilMsgTunnelSocket( 1737): Response ID 525295is not served in this process.
03-11 15:13:16.264 D/QcrilMsgTunnelSocket( 1737): To broadcast an Intent via the notifier to external apps
03-11 15:13:16.264 V/QcrilMsgTunnelSocket( 1737): Before reading offset = 0 remaining = 4 countRead = 0
03-11 15:13:16.264 D/QcrilMsgTunnelIfaceManager( 1737): handleMessage what=0
03-11 15:13:16.264 D/QcrilMsgTunnelIfaceManager( 1737): Broadcasting intent ACTION_UNSOL_RESPONSE_OEM_HOOK_RAW
03-11 15:13:16.454 D/InitAlarmsService( 2223): Clearing and rescheduling alarms.
03-11 15:13:16.454 I/ActivityManager(  787): Killing 2771:com.google.android.partnersetup/u0a11 (adj 15): empty #17
03-11 15:13:16.454 I/ActivityManager(  787): Killing 1327:com.google.android.keep/u0a52 (adj 15): empty #18
03-11 15:13:17.154 I/qtaguid ( 1972): Failed write_ctrl(u 53) res=-1 errno=22
03-11 15:13:17.154 I/qtaguid ( 1972): Untagging socket 53 failed errno=-22
03-11 15:13:17.154 W/NetworkManagementSocketTagger( 1972): untagSocket(53) failed with errno -22
03-11 15:13:17.244 D/dalvikvm( 1972): GC_CONCURRENT freed 315K, 2% free 17553K/17908K, paused 2ms+3ms, total 14ms
03-11 15:13:17.294 D/dalvikvm( 1972): GC_CONCURRENT freed 129K, 1% free 17857K/18036K, paused 2ms+2ms, total 17ms
03-11 15:13:17.344 D/dalvikvm( 1972): GC_CONCURRENT freed 127K, 1% free 18126K/18308K, paused 2ms+2ms, total 17ms
03-11 15:13:17.374 D/dalvikvm( 1972): GC_FOR_ALLOC freed 219K, 2% free 18286K/18572K, paused 12ms, total 12ms
03-11 15:13:17.394 D/dalvikvm( 1972): GC_FOR_ALLOC freed 245K, 3% free 18412K/18828K, paused 12ms, total 12ms
03-11 15:13:17.404 D/dalvikvm( 1972): GC_FOR_ALLOC freed 241K, 3% free 18537K/18956K, paused 11ms, total 12ms
03-11 15:13:17.454 D/dalvikvm( 1972): GC_CONCURRENT freed 299K, 2% free 18849K/19188K, paused 1ms+1ms, total 15ms
03-11 15:13:17.454 D/dalvikvm( 1972): WAIT_FOR_CONCURRENT_GC blocked 6ms
03-11 15:13:17.524 D/dalvikvm( 1972): GC_CONCURRENT freed 219K, 2% free 19353K/19604K, paused 2ms+3ms, total 28ms
03-11 15:13:17.524 D/dalvikvm( 1972): WAIT_FOR_CONCURRENT_GC blocked 8ms
03-11 15:13:17.614 D/dalvikvm( 1972): GC_CONCURRENT freed 533K, 3% free 19708K/20276K, paused 2ms+1ms, total 30ms
03-11 15:13:17.614 D/dalvikvm( 1972): WAIT_FOR_CONCURRENT_GC blocked 20ms
03-11 15:13:17.654 D/Finsky  ( 1972): [1] CheckWifiAndAutoUpdate.cancelCheck: Cancelling auto-update wifi check.
03-11 15:13:17.754 W/GLSUser ( 1179): GoogleAccountDataService.getToken()
03-11 15:13:18.614 D/dalvikvm( 1972): GC_CONCURRENT freed 998K, 6% free 19603K/20652K, paused 7ms+1ms, total 63ms
03-11 15:13:19.204 I/qtaguid ( 1972): Failed write_ctrl(u 53) res=-1 errno=22
03-11 15:13:19.204 I/qtaguid ( 1972): Untagging socket 53 failed errno=-22
03-11 15:13:19.204 W/NetworkManagementSocketTagger( 1972): untagSocket(53) failed with errno -22
03-11 15:13:19.364 D/Finsky  ( 1972): [1] CheckWifiAndAutoUpdate.scheduleCheck: Scheduling auto-update wifi check.
03-11 15:13:19.394 D/Finsky  ( 1972): [1] DailyHygiene.flushEventLogs: Flushing event logs for [h8oDSybNDDZzpp4iys_x3qq36Xs]
03-11 15:13:20.934 D/GCM     ( 1179): Connected
03-11 15:13:20.984 I/GCM     ( 1179): GCM message com.google.android.gsf.gtalkservice 
03-11 15:13:21.004 D/GCM     ( 1179): Message class hwi
03-11 15:13:21.444 D/ConnectivityService(  787): handleInetConditionHoldEnd: net=0, condition=100, published condition=0
03-11 15:13:25.414 V/QcrilMsgTunnelSocket( 1737): After reading offset = 0 remaining = 4 countRead = 4
03-11 15:13:25.414 D/QcrilMsgTunnelSocket( 1737): messageLength extracted from first 4 inputStream reads = 29
03-11 15:13:25.414 V/QcrilMsgTunnelSocket( 1737): offset = 0 remaining = 29 countRead = 0
03-11 15:13:25.434 V/QcrilMsgTunnelSocket( 1737): offset = 0 remaining = 29 countRead = 29
03-11 15:13:25.434 D/QcrilMsgTunnelSocket( 1737): readRilMessage: Buffer = [B@42c0ee10 HexData = [0100000004040000110000005155414c434f4d4def0308000100000002]
03-11 15:13:25.434 V/QcrilMsgTunnelSocket( 1737): Read packet: 29 bytes. Data Available = 32 Position = 0
03-11 15:13:25.434 D/QcrilMsgTunnelSocket( 1737): processResponse. message type = 1. Data Available = 28
03-11 15:13:25.434 D/QcrilMsgTunnelSocket( 1737): ByteArray from parcel = 5155414c434f4d4def0308000100000002
03-11 15:13:25.434 D/QcrilMsgTunnelSocket( 1737): Received RIL_UNSOL_OEM_HOOK_RAW message
03-11 15:13:25.434 D/QcrilMsgTunnelSocket( 1737): Oem ID in RIL_UNSOL_OEM_HOOK_RAW is QUALCOMM
03-11 15:13:25.434 D/QcrilMsgTunnelSocket( 1737): OEM ID check Passed
03-11 15:13:25.464 D/MobileDataStateTracker(  787): default: Broadcast received: android.intent.action.ANY_DATA_STATE apnType=default
03-11 15:13:25.464 D/MobileDataStateTracker(  787): default: Received state=CONNECTED, old=CONNECTED, reason=(unspecified)
03-11 15:13:25.514 D/dalvikvm( 1002): GC_CONCURRENT freed 506K, 4% free 17294K/17832K, paused 2ms+1ms, total 79ms
03-11 15:13:25.514 D/QcrilMsgTunnelSocket( 1737): Response ID in RIL_UNSOL_OEM_HOOK_RAW is 525295
03-11 15:13:25.514 D/QcrilMsgTunnelSocket( 1737): Response ID 525295is not served in this process.
03-11 15:13:25.514 D/QcrilMsgTunnelSocket( 1737): To broadcast an Intent via the notifier to external apps
03-11 15:13:25.514 V/QcrilMsgTunnelSocket( 1737): Before reading offset = 0 remaining = 4 countRead = 0
03-11 15:13:25.514 V/QcrilMsgTunnelSocket( 1737): After reading offset = 0 remaining = 4 countRead = 4
03-11 15:13:25.514 D/QcrilMsgTunnelSocket( 1737): messageLength extracted from first 4 inputStream reads = 29
03-11 15:13:25.514 V/QcrilMsgTunnelSocket( 1737): offset = 0 remaining = 29 countRead = 0
03-11 15:13:25.514 D/QcrilMsgTunnelIfaceManager( 1737): handleMessage what=0
03-11 15:13:25.514 D/QcrilMsgTunnelIfaceManager( 1737): Broadcasting intent ACTION_UNSOL_RESPONSE_OEM_HOOK_RAW
03-11 15:13:25.514 V/QcrilMsgTunnelSocket( 1737): offset = 0 remaining = 29 countRead = 29
03-11 15:13:25.514 D/QcrilMsgTunnelSocket( 1737): readRilMessage: Buffer = [B@42c0ee10 HexData = [0100000004040000110000005155414c434f4d4def0308000100000002]
03-11 15:13:25.514 V/QcrilMsgTunnelSocket( 1737): Read packet: 29 bytes. Data Available = 32 Position = 0
03-11 15:13:25.514 D/QcrilMsgTunnelSocket( 1737): processResponse. message type = 1. Data Available = 28
03-11 15:13:25.514 D/QcrilMsgTunnelSocket( 1737): ByteArray from parcel = 5155414c434f4d4def0308000100000002
03-11 15:13:25.514 D/QcrilMsgTunnelSocket( 1737): Received RIL_UNSOL_OEM_HOOK_RAW message
03-11 15:13:25.514 D/QcrilMsgTunnelSocket( 1737): Oem ID in RIL_UNSOL_OEM_HOOK_RAW is QUALCOMM
03-11 15:13:25.514 D/QcrilMsgTunnelSocket( 1737): OEM ID check Passed
03-11 15:13:25.514 D/QcrilMsgTunnelSocket( 1737): Response ID in RIL_UNSOL_OEM_HOOK_RAW is 525295
03-11 15:13:25.514 D/QcrilMsgTunnelSocket( 1737): Response ID 525295is not served in this process.
03-11 15:13:25.514 D/QcrilMsgTunnelSocket( 1737): To broadcast an Intent via the notifier to external apps
03-11 15:13:25.514 V/QcrilMsgTunnelSocket( 1737): Before reading offset = 0 remaining = 4 countRead = 0
03-11 15:13:25.514 D/QcrilMsgTunnelIfaceManager( 1737): handleMessage what=0
03-11 15:13:25.514 D/QcrilMsgTunnelIfaceManager( 1737): Broadcasting intent ACTION_UNSOL_RESPONSE_OEM_HOOK_RAW
03-11 15:13:25.934 V/QcrilMsgTunnelSocket( 1737): After reading offset = 0 remaining = 4 countRead = 4
03-11 15:13:25.934 D/QcrilMsgTunnelSocket( 1737): messageLength extracted from first 4 inputStream reads = 29
03-11 15:13:25.934 V/QcrilMsgTunnelSocket( 1737): offset = 0 remaining = 29 countRead = 0
03-11 15:13:25.934 V/QcrilMsgTunnelSocket( 1737): offset = 0 remaining = 29 countRead = 29
03-11 15:13:25.934 D/QcrilMsgTunnelSocket( 1737): readRilMessage: Buffer = [B@42c0ee10 HexData = [0100000004040000110000005155414c434f4d4def0308000100000002]
03-11 15:13:25.934 V/QcrilMsgTunnelSocket( 1737): Read packet: 29 bytes. Data Available = 32 Position = 0
03-11 15:13:25.934 D/QcrilMsgTunnelSocket( 1737): processResponse. message type = 1. Data Available = 28
03-11 15:13:25.934 D/QcrilMsgTunnelSocket( 1737): ByteArray from parcel = 5155414c434f4d4def0308000100000002
03-11 15:13:25.934 D/QcrilMsgTunnelSocket( 1737): Received RIL_UNSOL_OEM_HOOK_RAW message
03-11 15:13:25.934 D/QcrilMsgTunnelSocket( 1737): Oem ID in RIL_UNSOL_OEM_HOOK_RAW is QUALCOMM
03-11 15:13:25.934 D/QcrilMsgTunnelSocket( 1737): OEM ID check Passed
03-11 15:13:25.934 D/QcrilMsgTunnelSocket( 1737): Response ID in RIL_UNSOL_OEM_HOOK_RAW is 525295
03-11 15:13:25.934 D/QcrilMsgTunnelSocket( 1737): Response ID 525295is not served in this process.
03-11 15:13:25.934 D/QcrilMsgTunnelSocket( 1737): To broadcast an Intent via the notifier to external apps
03-11 15:13:25.934 V/QcrilMsgTunnelSocket( 1737): Before reading offset = 0 remaining = 4 countRead = 0
03-11 15:13:25.934 D/QcrilMsgTunnelIfaceManager( 1737): handleMessage what=0
03-11 15:13:25.934 D/QcrilMsgTunnelIfaceManager( 1737): Broadcasting intent ACTION_UNSOL_RESPONSE_OEM_HOOK_RAW
03-11 15:13:25.994 D/dalvikvm( 2546): GC_CONCURRENT freed 346K, 3% free 17402K/17784K, paused 3ms+1ms, total 14ms
03-11 15:13:27.014 I/Icing   (  983): Indexing DFBA040CFE63555BF40C028A21AB1505A9843DE0 from com.google.android.music
03-11 15:13:27.114 I/Icing   (  983): Indexing done DFBA040CFE63555BF40C028A21AB1505A9843DE0
03-11 15:13:28.514 D/ConnectivityService(  787): Sampling interval elapsed, updating statistics ..
03-11 15:13:28.564 D/ConnectivityService(  787): Done.
03-11 15:13:28.564 D/ConnectivityService(  787): Setting timer for 720seconds
03-11 15:13:32.754 D/dalvikvm( 1972): GC_CONCURRENT freed 679K, 5% free 19770K/20644K, paused 2ms+11ms, total 31ms
03-11 15:13:32.834 D/Finsky  ( 1972): [1] 5.onFinished: Installation state replication succeeded.
03-11 15:13:36.514 E/ThermalEngine(  194): TM Id 'SKIN_THERMAL_management_1' Sensor 'xo_therm_pu2' - alarm cleared 1 at 38.0 degC
03-11 15:13:36.514 E/ThermalEngine(  194): ACTION: LCD - Setting max LCD brightness to 255
03-11 15:13:49.675 I/ActivityManager(  787): Killing 2593:android.process.media/u0a5 (adj 15): empty #17
03-11 15:14:02.154 I/rmt_storage(  176): rmt_storage_connect_cb: clnt_h=0x7 conn_h=0xb84ba160
03-11 15:14:02.154 I/rmt_storage(  176): rmt_storage_rw_iovec_cb: /boot/modem_fs2: clnt_h=0x2: req_h=0xb msg_id=3: R/W request received
03-11 15:14:02.154 I/rmt_storage(  176): wakelock acquired: 1, error no: 2
03-11 15:14:02.154 I/rmt_storage(  176): rmt_storage_client_thread: /boot/modem_fs2: clnt_h=0x2 Unblock worker thread (th_id: -1203002848)
03-11 15:14:02.264 I/rmt_storage(  176): rmt_storage_client_thread: /boot/modem_fs2: clnt_h=0x2: req_h=0xb msg_id=3: Bytes written = 1572864
03-11 15:14:02.264 I/rmt_storage(  176): rmt_storage_client_thread: /boot/modem_fs2: clnt_h=0x2: req_h=0xb msg_id=3: Send response: res=0 err=0
03-11 15:14:02.264 I/rmt_storage(  176): rmt_storage_client_thread: /boot/modem_fs2: clnt_h=0x2 About to block rmt_storage client thread (th_id: -1203002848) wakelock released: 1, error no: 0
03-11 15:14:02.264 I/rmt_storage(  176): 
03-11 15:14:02.264 I/rmt_storage(  176): rmt_storage_disconnect_cb: clnt_h=0x0x7 conn_h=0x0xb84ba160
03-11 15:14:11.604 V/QcrilMsgTunnelSocket( 1737): After reading offset = 0 remaining = 4 countRead = 4
03-11 15:14:11.604 D/QcrilMsgTunnelSocket( 1737): messageLength extracted from first 4 inputStream reads = 29
03-11 15:14:11.604 V/QcrilMsgTunnelSocket( 1737): offset = 0 remaining = 29 countRead = 0
03-11 15:14:11.604 V/QcrilMsgTunnelSocket( 1737): offset = 0 remaining = 29 countRead = 29
03-11 15:14:11.604 D/QcrilMsgTunnelSocket( 1737): readRilMessage: Buffer = [B@42c0ee10 HexData = [0100000004040000110000005155414c434f4d4def0308000100000001]
03-11 15:14:11.604 V/QcrilMsgTunnelSocket( 1737): Read packet: 29 bytes. Data Available = 32 Position = 0
03-11 15:14:11.604 D/QcrilMsgTunnelSocket( 1737): processResponse. message type = 1. Data Available = 28
03-11 15:14:11.604 D/QcrilMsgTunnelSocket( 1737): ByteArray from parcel = 5155414c434f4d4def0308000100000001
03-11 15:14:11.604 D/QcrilMsgTunnelSocket( 1737): Received RIL_UNSOL_OEM_HOOK_RAW message
03-11 15:14:11.604 D/QcrilMsgTunnelSocket( 1737): Oem ID in RIL_UNSOL_OEM_HOOK_RAW is QUALCOMM
03-11 15:14:11.604 D/QcrilMsgTunnelSocket( 1737): OEM ID check Passed
03-11 15:14:11.604 D/QcrilMsgTunnelSocket( 1737): Response ID in RIL_UNSOL_OEM_HOOK_RAW is 525295
03-11 15:14:11.604 D/QcrilMsgTunnelSocket( 1737): Response ID 525295is not served in this process.
03-11 15:14:11.604 D/QcrilMsgTunnelSocket( 1737): To broadcast an Intent via the notifier to external apps
03-11 15:14:11.604 V/QcrilMsgTunnelSocket( 1737): Before reading offset = 0 remaining = 4 countRead = 0
03-11 15:14:11.604 V/QcrilMsgTunnelSocket( 1737): After reading offset = 0 remaining = 4 countRead = 4
03-11 15:14:11.604 D/QcrilMsgTunnelSocket( 1737): messageLength extracted from first 4 inputStream reads = 29
03-11 15:14:11.604 V/QcrilMsgTunnelSocket( 1737): offset = 0 remaining = 29 countRead = 0
03-11 15:14:11.604 D/QcrilMsgTunnelIfaceManager( 1737): handleMessage what=0
03-11 15:14:11.604 D/QcrilMsgTunnelIfaceManager( 1737): Broadcasting intent ACTION_UNSOL_RESPONSE_OEM_HOOK_RAW
03-11 15:14:11.614 V/QcrilMsgTunnelSocket( 1737): offset = 0 remaining = 29 countRead = 29
03-11 15:14:11.614 D/QcrilMsgTunnelSocket( 1737): readRilMessage: Buffer = [B@42c0ee10 HexData = [0100000004040000110000005155414c434f4d4def0308000100000001]
03-11 15:14:11.614 V/QcrilMsgTunnelSocket( 1737): Read packet: 29 bytes. Data Available = 32 Position = 0
03-11 15:14:11.614 D/QcrilMsgTunnelSocket( 1737): processResponse. message type = 1. Data Available = 28
03-11 15:14:11.614 D/QcrilMsgTunnelSocket( 1737): ByteArray from parcel = 5155414c434f4d4def0308000100000001
03-11 15:14:11.614 D/QcrilMsgTunnelSocket( 1737): Received RIL_UNSOL_OEM_HOOK_RAW message
03-11 15:14:11.614 D/QcrilMsgTunnelSocket( 1737): Oem ID in RIL_UNSOL_OEM_HOOK_RAW is QUALCOMM
03-11 15:14:11.614 D/QcrilMsgTunnelSocket( 1737): OEM ID check Passed
03-11 15:14:11.614 D/QcrilMsgTunnelSocket( 1737): Response ID in RIL_UNSOL_OEM_HOOK_RAW is 525295
03-11 15:14:11.614 D/QcrilMsgTunnelSocket( 1737): Response ID 525295is not served in this process.
03-11 15:14:11.614 D/QcrilMsgTunnelSocket( 1737): To broadcast an Intent via the notifier to external apps
03-11 15:14:11.614 V/QcrilMsgTunnelSocket( 1737): Before reading offset = 0 remaining = 4 countRead = 0
03-11 15:14:11.614 D/QcrilMsgTunnelIfaceManager( 1737): handleMessage what=0
03-11 15:14:11.614 D/QcrilMsgTunnelIfaceManager( 1737): Broadcasting intent ACTION_UNSOL_RESPONSE_OEM_HOOK_RAW
03-11 15:14:11.624 D/dalvikvm( 1002): GC_CONCURRENT freed 388K, 3% free 17308K/17792K, paused 1ms+1ms, total 14ms
03-11 15:14:11.634 D/MobileDataStateTracker(  787): default: Broadcast received: android.intent.action.ANY_DATA_STATE apnType=default
03-11 15:14:11.634 D/MobileDataStateTracker(  787): default: Received state=CONNECTED, old=CONNECTED, reason=(unspecified)
03-11 15:14:11.814 I/GCM     ( 1179): GCM message com.google.android.talk 0:1394543650886097%5a539273f9fd7ecd
03-11 15:14:11.944 V/QcrilMsgTunnelSocket( 1737): After reading offset = 0 remaining = 4 countRead = 4
03-11 15:14:11.944 D/QcrilMsgTunnelSocket( 1737): messageLength extracted from first 4 inputStream reads = 29
03-11 15:14:11.944 V/QcrilMsgTunnelSocket( 1737): offset = 0 remaining = 29 countRead = 0
03-11 15:14:11.944 V/QcrilMsgTunnelSocket( 1737): offset = 0 remaining = 29 countRead = 29
03-11 15:14:11.944 D/QcrilMsgTunnelSocket( 1737): readRilMessage: Buffer = [B@42c0ee10 HexData = [0100000004040000110000005155414c434f4d4def0308000100000001]
03-11 15:14:11.944 V/QcrilMsgTunnelSocket( 1737): Read packet: 29 bytes. Data Available = 32 Position = 0
03-11 15:14:11.944 D/QcrilMsgTunnelSocket( 1737): processResponse. message type = 1. Data Available = 28
03-11 15:14:11.944 D/QcrilMsgTunnelSocket( 1737): ByteArray from parcel = 5155414c434f4d4def0308000100000001
03-11 15:14:11.944 D/QcrilMsgTunnelSocket( 1737): Received RIL_UNSOL_OEM_HOOK_RAW message
03-11 15:14:11.944 D/QcrilMsgTunnelSocket( 1737): Oem ID in RIL_UNSOL_OEM_HOOK_RAW is QUALCOMM
03-11 15:14:11.944 D/QcrilMsgTunnelSocket( 1737): OEM ID check Passed
03-11 15:14:11.944 D/QcrilMsgTunnelSocket( 1737): Response ID in RIL_UNSOL_OEM_HOOK_RAW is 525295
03-11 15:14:11.944 D/QcrilMsgTunnelSocket( 1737): Response ID 525295is not served in this process.
03-11 15:14:11.944 D/QcrilMsgTunnelSocket( 1737): To broadcast an Intent via the notifier to external apps
03-11 15:14:11.944 V/QcrilMsgTunnelSocket( 1737): Before reading offset = 0 remaining = 4 countRead = 0
03-11 15:14:11.944 D/QcrilMsgTunnelIfaceManager( 1737): handleMessage what=0
03-11 15:14:11.944 D/QcrilMsgTunnelIfaceManager( 1737): Broadcasting intent ACTION_UNSOL_RESPONSE_OEM_HOOK_RAW
03-11 15:14:11.984 D/dalvikvm( 2722): GC_CONCURRENT freed 369K, 3% free 17054K/17456K, paused 4ms+2ms, total 34ms
03-11 15:14:12.134 D/dalvikvm( 2722): GC_CONCURRENT freed 354K, 3% free 17096K/17484K, paused 2ms+1ms, total 11ms
03-11 15:14:12.164 D/dalvikvm( 2722): GC_FOR_ALLOC freed 55K, 3% free 17218K/17632K, paused 11ms, total 11ms
03-11 15:14:12.164 I/dalvikvm-heap( 2722): Grow heap (frag case) to 16.985MB for 147472-byte allocation
03-11 15:14:12.174 D/dalvikvm( 2722): GC_FOR_ALLOC freed <1K, 3% free 17362K/17780K, paused 7ms, total 7ms
03-11 15:14:12.184 D/dalvikvm( 2722): GC_FOR_ALLOC freed <1K, 3% free 17362K/17780K, paused 8ms, total 8ms
03-11 15:14:12.184 I/dalvikvm-heap( 2722): Grow heap (frag case) to 17.125MB for 147472-byte allocation
03-11 15:14:12.184 D/dalvikvm( 2722): GC_FOR_ALLOC freed <1K, 3% free 17505K/17928K, paused 8ms, total 8ms
03-11 15:14:12.194 D/dalvikvm( 2722): GC_FOR_ALLOC freed <1K, 3% free 17505K/17928K, paused 9ms, total 9ms
03-11 15:14:12.194 I/dalvikvm-heap( 2722): Grow heap (frag case) to 17.265MB for 147472-byte allocation
03-11 15:14:12.204 D/dalvikvm( 2722): GC_FOR_ALLOC freed <1K, 3% free 17649K/18076K, paused 9ms, total 9ms
03-11 15:14:12.214 D/dalvikvm( 2722): GC_FOR_ALLOC freed <1K, 3% free 17649K/18076K, paused 9ms, total 9ms
03-11 15:14:12.214 I/dalvikvm-heap( 2722): Grow heap (frag case) to 17.406MB for 147472-byte allocation
03-11 15:14:12.224 D/dalvikvm( 2722): GC_FOR_ALLOC freed <1K, 3% free 17793K/18224K, paused 10ms, total 10ms
03-11 15:14:12.234 D/dalvikvm( 2722): GC_FOR_ALLOC freed <1K, 3% free 17793K/18224K, paused 8ms, total 8ms
03-11 15:14:12.234 I/dalvikvm-heap( 2722): Grow heap (frag case) to 17.546MB for 147472-byte allocation
03-11 15:14:12.244 D/dalvikvm( 2722): GC_FOR_ALLOC freed <1K, 3% free 17937K/18372K, paused 12ms, total 12ms
03-11 15:14:12.254 D/dalvikvm( 2722): GC_FOR_ALLOC freed <1K, 3% free 17938K/18372K, paused 9ms, total 9ms
03-11 15:14:12.254 I/dalvikvm-heap( 2722): Grow heap (frag case) to 17.688MB for 147472-byte allocation
03-11 15:14:12.264 D/dalvikvm( 2722): GC_FOR_ALLOC freed <1K, 3% free 18082K/18520K, paused 14ms, total 14ms
03-11 15:14:12.274 D/dalvikvm( 2722): GC_FOR_ALLOC freed <1K, 3% free 18082K/18520K, paused 10ms, total 10ms
03-11 15:14:12.274 I/dalvikvm-heap( 2722): Grow heap (frag case) to 17.829MB for 147472-byte allocation
03-11 15:14:12.294 D/dalvikvm( 2722): GC_FOR_ALLOC freed <1K, 3% free 18226K/18668K, paused 16ms, total 16ms
03-11 15:14:12.304 D/dalvikvm( 2722): GC_FOR_ALLOC freed <1K, 3% free 18226K/18668K, paused 11ms, total 11ms
03-11 15:14:12.304 I/dalvikvm-heap( 2722): Grow heap (frag case) to 17.969MB for 147472-byte allocation
03-11 15:14:12.314 D/dalvikvm( 2722): GC_FOR_ALLOC freed <1K, 3% free 18370K/18816K, paused 14ms, total 14ms
03-11 15:14:12.314 D/ConnectivityService(  787): handleInetConditionHoldEnd: net=0, condition=100, published condition=100
03-11 15:14:12.334 D/dalvikvm( 2722): GC_FOR_ALLOC freed <1K, 3% free 18514K/18964K, paused 16ms, total 16ms
03-11 15:14:12.354 D/dalvikvm( 2722): GC_FOR_ALLOC freed <1K, 3% free 18658K/19112K, paused 16ms, total 16ms
03-11 15:14:12.364 D/dalvikvm( 2722): GC_FOR_ALLOC freed <1K, 3% free 18803K/19260K, paused 11ms, total 11ms
03-11 15:14:12.374 D/dalvikvm( 2722): GC_FOR_ALLOC freed <1K, 3% free 18947K/19408K, paused 7ms, total 7ms
03-11 15:14:12.384 D/dalvikvm( 2722): GC_FOR_ALLOC freed <1K, 3% free 19235K/19704K, paused 8ms, total 8ms
03-11 15:14:12.394 D/dalvikvm( 2722): GC_FOR_ALLOC freed <1K, 3% free 19523K/20000K, paused 9ms, total 9ms
03-11 15:14:12.404 D/dalvikvm( 2722): GC_FOR_ALLOC freed <1K, 3% free 19956K/20444K, paused 9ms, total 9ms
03-11 15:14:12.414 D/dalvikvm( 2722): GC_FOR_ALLOC freed <1K, 3% free 20532K/21036K, paused 9ms, total 9ms
03-11 15:14:12.414 D/dalvikvm( 2722): GC_FOR_ALLOC freed <1K, 3% free 21253K/21776K, paused 8ms, total 8ms
03-11 15:14:12.484 D/dalvikvm(  787): GC_FOR_ALLOC freed 1259K, 8% free 24226K/26156K, paused 44ms, total 44ms
03-11 15:14:12.484 I/dalvikvm-heap(  787): Grow heap (frag case) to 23.834MB for 147472-byte allocation
03-11 15:14:12.524 D/dalvikvm(  787): GC_FOR_ALLOC freed <1K, 8% free 24370K/26304K, paused 33ms, total 33ms
03-11 15:14:12.554 D/dalvikvm(  787): GC_FOR_ALLOC freed 8K, 8% free 24363K/26304K, paused 34ms, total 34ms
03-11 15:14:12.554 I/dalvikvm-heap(  787): Grow heap (frag case) to 23.968MB for 147472-byte allocation
03-11 15:14:12.594 D/dalvikvm(  787): GC_FOR_ALLOC freed 16K, 8% free 24491K/26452K, paused 34ms, total 34ms
03-11 15:14:12.624 D/dalvikvm(  787): GC_FOR_ALLOC freed 2K, 8% free 24490K/26452K, paused 35ms, total 35ms
03-11 15:14:12.624 I/dalvikvm-heap(  787): Grow heap (frag case) to 24.092MB for 147472-byte allocation
03-11 15:14:12.664 D/dalvikvm(  787): GC_FOR_ALLOC freed 5K, 8% free 24629K/26600K, paused 34ms, total 34ms
03-11 15:14:12.694 D/dalvikvm(  787): GC_FOR_ALLOC freed <1K, 8% free 24628K/26600K, paused 34ms, total 34ms
03-11 15:14:12.694 I/dalvikvm-heap(  787): Grow heap (frag case) to 24.227MB for 147472-byte allocation
03-11 15:14:12.734 D/dalvikvm(  787): GC_FOR_ALLOC freed 5K, 8% free 24767K/26748K, paused 40ms, total 40ms
03-11 15:14:12.774 D/dalvikvm(  787): GC_FOR_ALLOC freed 3K, 8% free 24769K/26748K, paused 35ms, total 35ms
03-11 15:14:12.774 I/dalvikvm-heap(  787): Grow heap (frag case) to 24.365MB for 147472-byte allocation
03-11 15:14:12.804 D/dalvikvm(  787): GC_FOR_ALLOC freed <1K, 8% free 24913K/26896K, paused 34ms, total 34ms
03-11 15:14:12.874 D/dalvikvm(  787): GC_FOR_ALLOC freed 73K, 8% free 24841K/26896K, paused 36ms, total 36ms
03-11 15:14:12.874 I/dalvikvm-heap(  787): Grow heap (frag case) to 24.435MB for 147472-byte allocation
03-11 15:14:12.914 D/dalvikvm(  787): GC_FOR_ALLOC freed 0K, 8% free 24985K/27044K, paused 36ms, total 36ms
03-11 15:14:12.964 D/dalvikvm(  787): GC_FOR_ALLOC freed <1K, 8% free 24988K/27044K, paused 53ms, total 53ms
03-11 15:14:12.964 I/dalvikvm-heap(  787): Grow heap (frag case) to 24.579MB for 147472-byte allocation
03-11 15:14:13.004 D/dalvikvm(  787): GC_FOR_ALLOC freed <1K, 8% free 25132K/27192K, paused 35ms, total 35ms
03-11 15:14:13.034 D/dalvikvm(  787): GC_FOR_ALLOC freed <1K, 8% free 25135K/27192K, paused 34ms, total 34ms
03-11 15:14:13.034 I/dalvikvm-heap(  787): Grow heap (frag case) to 24.721MB for 147472-byte allocation
03-11 15:14:13.084 D/dalvikvm(  787): GC_FOR_ALLOC freed <1K, 8% free 25279K/27340K, paused 44ms, total 44ms
03-11 15:14:13.114 D/dalvikvm(  787): GC_FOR_ALLOC freed <1K, 8% free 25280K/27340K, paused 34ms, total 34ms
03-11 15:14:13.114 I/dalvikvm-heap(  787): Grow heap (frag case) to 24.864MB for 147472-byte allocation
03-11 15:14:13.174 D/dalvikvm(  787): GC_FOR_ALLOC freed 0K, 8% free 25425K/27488K, paused 53ms, total 53ms
03-11 15:14:16.264 V/QcrilMsgTunnelSocket( 1737): After reading offset = 0 remaining = 4 countRead = 4
03-11 15:14:16.264 D/QcrilMsgTunnelSocket( 1737): messageLength extracted from first 4 inputStream reads = 29
03-11 15:14:16.264 V/QcrilMsgTunnelSocket( 1737): offset = 0 remaining = 29 countRead = 0
03-11 15:14:16.324 D/MobileDataStateTracker(  787): default: Broadcast received: android.intent.action.ANY_DATA_STATE apnType=default
03-11 15:14:16.334 D/MobileDataStateTracker(  787): default: Received state=CONNECTED, old=CONNECTED, reason=(unspecified)
03-11 15:14:16.364 V/QcrilMsgTunnelSocket( 1737): offset = 0 remaining = 29 countRead = 29
03-11 15:14:16.364 D/QcrilMsgTunnelSocket( 1737): readRilMessage: Buffer = [B@42c0ee10 HexData = [0100000004040000110000005155414c434f4d4def0308000100000002]
03-11 15:14:16.364 V/QcrilMsgTunnelSocket( 1737): Read packet: 29 bytes. Data Available = 32 Position = 0
03-11 15:14:16.364 D/QcrilMsgTunnelSocket( 1737): processResponse. message type = 1. Data Available = 28
03-11 15:14:16.364 D/QcrilMsgTunnelSocket( 1737): ByteArray from parcel = 5155414c434f4d4def0308000100000002
03-11 15:14:16.364 D/QcrilMsgTunnelSocket( 1737): Received RIL_UNSOL_OEM_HOOK_RAW message
03-11 15:14:16.364 D/QcrilMsgTunnelSocket( 1737): Oem ID in RIL_UNSOL_OEM_HOOK_RAW is QUALCOMM
03-11 15:14:16.364 D/QcrilMsgTunnelSocket( 1737): OEM ID check Passed
03-11 15:14:16.364 D/QcrilMsgTunnelSocket( 1737): Response ID in RIL_UNSOL_OEM_HOOK_RAW is 525295
03-11 15:14:16.364 D/QcrilMsgTunnelSocket( 1737): Response ID 525295is not served in this process.
