03-11 15:16:32.614 W/WindowManager(  787):     display=[0,0][1080,1776] overscan=[0,0][1080,1920]
03-11 15:16:32.614 W/WindowManager(  787):     content=[0,75][1080,1776] visible=[0,75][1080,1776]
03-11 15:16:32.614 W/WindowManager(  787):     decor=[0,0][1080,1920]
03-11 15:16:32.614 W/WindowManager(  787): Cur insets: overscan=[0,0][0,0] content=[0,67][0,0] visible=[0,67][0,0]
03-11 15:16:32.614 W/WindowManager(  787): Lst insets: overscan=[0,0][0,0] content=[0,67][0,0] visible=[0,67][0,0]
03-11 15:16:32.614 W/WindowManager(  787): WindowStateAnimator{43422a90 com.android.helloworldjava/com.android.helloworldjava.HelloWorld}:
03-11 15:16:32.614 W/WindowManager(  787):   mSurface=Surface(name=com.android.helloworldjava/com.android.helloworldjava.HelloWorld)
03-11 15:16:32.614 W/WindowManager(  787):   mDrawState=HAS_DRAWN mLastHidden=true
03-11 15:16:32.614 W/WindowManager(  787):   Surface: shown=false layer=21005 alpha=0.0 rect=(0.0,0.0) 960.0 x 1579.0
03-11 15:16:32.614 W/WindowManager(  787):   mShownAlpha=1.0 mAlpha=1.0 mLastAlpha=-1.0
03-11 15:16:32.614 W/WindowManager(  787):   mGlobalScale=1.1247625 mDsDx=1.1247625 mDtDx=0.0 mDsDy=0.0 mDtDy=1.1247625
03-11 15:16:32.614 W/WindowManager(  787): Current app token list:
03-11 15:16:32.614 V/WindowManager(  787):   Display 0
03-11 15:16:32.614 V/WindowManager(  787):   #0: Token{431c70b8 ActivityRecord{431c6e40 u0 com.google.android.googlequicksearchbox/com.google.android.launcher.GEL t1}}
03-11 15:16:32.614 W/WindowManager(  787): Final window list:
03-11 15:16:32.614 V/WindowManager(  787):   #0: Window{4310ebb0 u0 SearchPanel}
03-11 15:16:32.614 V/WindowManager(  787):   #1: Window{431530f0 u0 NavigationBar}
03-11 15:16:32.614 V/WindowManager(  787):   #2: Window{431761b0 u0 StatusBar}
03-11 15:16:32.614 V/WindowManager(  787):   #3: Window{43487448 u0 Keyguard}
03-11 15:16:32.624 V/WindowManager(  787):   #4: Window{431d6288 u0 KeyguardScrim}
03-11 15:16:32.624 V/WindowManager(  787):   #5: Window{434772f8 u0 com.google.android.googlequicksearchbox/com.google.android.launcher.GEL}
03-11 15:16:32.624 V/WindowManager(  787):   #6: Window{434973c8 u0 com.android.systemui.ImageWallpaper}
03-11 15:16:32.634 W/InputDispatcher(  787): channel '4320bc90 com.android.helloworldjava/com.android.helloworldjava.HelloWorld (server)' ~ Consumer closed input channel or an error occurred.  events=0x9
03-11 15:16:32.634 E/InputDispatcher(  787): channel '4320bc90 com.android.helloworldjava/com.android.helloworldjava.HelloWorld (server)' ~ Channel is unrecoverably broken and will be disposed!
03-11 15:16:32.644 W/InputDispatcher(  787): Attempted to unregister already unregistered input channel '4320bc90 com.android.helloworldjava/com.android.helloworldjava.HelloWorld (server)'
03-11 15:16:32.644 I/WindowState(  787): WIN DEATH: Window{4320bc90 u0 com.android.helloworldjava/com.android.helloworldjava.HelloWorld}
03-11 15:16:32.664 D/Documents( 3205): Used cached roots for com.android.providers.downloads.documents
03-11 15:16:32.664 D/Documents( 3205): Used cached roots for com.android.externalstorage.documents
03-11 15:16:32.664 D/Documents( 3205): Used cached roots for com.android.providers.media.documents
03-11 15:16:32.664 D/Documents( 3205): Used cached roots for com.google.android.apps.docs.storage
03-11 15:16:32.664 D/Documents( 3205): Update found 7 roots in 29ms
03-11 15:16:32.664 D/keystore(  186): calling clear_uid in state: 3
03-11 15:16:32.674 D/PackageBroadcastService(  983): Received broadcast action=android.intent.action.PACKAGE_DATA_CLEARED and uri=com.android.helloworldjava
03-11 15:16:32.684 I/Icing   (  983): doRemovePackageData com.android.helloworldjava
03-11 15:16:32.684 D/AndroidRuntime( 3693): Shutting down VM
03-11 15:16:32.684 D/dalvikvm( 3693): GC_CONCURRENT freed 94K, 15% free 558K/656K, paused 1ms+0ms, total 2ms
03-11 15:16:34.164 D/AndroidRuntime( 3718): 
03-11 15:16:34.164 D/AndroidRuntime( 3718): >>>>>> AndroidRuntime START com.android.internal.os.RuntimeInit <<<<<<
03-11 15:16:34.164 D/AndroidRuntime( 3718): CheckJNI is OFF
03-11 15:16:34.174 D/dalvikvm( 3718): Trying to load lib libjavacore.so 0x0
03-11 15:16:34.174 D/dalvikvm( 3718): Added shared lib libjavacore.so 0x0
03-11 15:16:34.174 D/dalvikvm( 3718): Trying to load lib libnativehelper.so 0x0
03-11 15:16:34.174 D/dalvikvm( 3718): Added shared lib libnativehelper.so 0x0
03-11 15:16:34.174 D/dalvikvm( 3718): No JNI_OnLoad found in libnativehelper.so 0x0, skipping init
03-11 15:16:34.194 D/dalvikvm( 3718): Note: class Landroid/app/ActivityManagerNative; has 179 unimplemented (abstract) methods
03-11 15:16:34.324 D/AndroidRuntime( 3718): Calling main entry com.android.commands.am.Am
03-11 15:16:34.334 I/ActivityManager(  787): START u0 {flg=0x10000000 cmp=com.android.helloworldjava/.HelloWorld} from pid 3718
03-11 15:16:34.634 D/AndroidRuntime( 3718): Shutting down VM
03-11 15:16:34.634 D/dalvikvm( 3718): GC_CONCURRENT freed 95K, 15% free 586K/684K, paused 0ms+0ms, total 1ms
03-11 15:16:34.634 I/WindowManager(  787): Screenshot max retries 4 of Token{431c70b8 ActivityRecord{431c6e40 u0 com.google.android.googlequicksearchbox/com.google.android.launcher.GEL t1}} appWin=Window{434772f8 u0 com.google.android.googlequicksearchbox/com.google.android.launcher.GEL} drawState=4
03-11 15:16:34.634 W/WindowManager(  787): Screenshot failure taking screenshot for (1080x1920) to layer 21000
03-11 15:16:34.644 I/ActivityManager(  787): Start proc com.android.helloworldjava for activity com.android.helloworldjava/.HelloWorld: pid=3736 uid=10082 gids={50082, 1028, 1015}
03-11 15:16:34.744 I/ActivityManager(  787): Displayed com.android.helloworldjava/.HelloWorld: +104ms
03-11 15:16:53.764 D/dalvikvm( 1002): GC_CONCURRENT freed 430K, 3% free 17349K/17812K, paused 13ms+7ms, total 85ms
03-11 15:16:55.034 D/AndroidRuntime( 3753): 
03-11 15:16:55.034 D/AndroidRuntime( 3753): >>>>>> AndroidRuntime START com.android.internal.os.RuntimeInit <<<<<<
03-11 15:16:55.034 D/AndroidRuntime( 3753): CheckJNI is OFF
03-11 15:16:55.044 D/dalvikvm( 3753): Trying to load lib libjavacore.so 0x0
03-11 15:16:55.044 D/dalvikvm( 3753): Added shared lib libjavacore.so 0x0
03-11 15:16:55.054 D/dalvikvm( 3753): Trying to load lib libnativehelper.so 0x0
03-11 15:16:55.054 D/dalvikvm( 3753): Added shared lib libnativehelper.so 0x0
03-11 15:16:55.054 D/dalvikvm( 3753): No JNI_OnLoad found in libnativehelper.so 0x0, skipping init
03-11 15:16:55.074 D/dalvikvm( 3753): Note: class Landroid/app/ActivityManagerNative; has 179 unimplemented (abstract) methods
03-11 15:16:55.204 D/AndroidRuntime( 3753): Calling main entry com.android.commands.pm.Pm
03-11 15:16:55.204 I/ActivityManager(  787): Force stopping com.android.helloworldjava appid=10082 user=0: clear data
03-11 15:16:55.204 I/ActivityManager(  787): Killing 3736:com.android.helloworldjava/u0a82 (adj 0): stop com.android.helloworldjava
03-11 15:16:55.204 W/ActivityManager(  787): Force removing ActivityRecord{431b70b8 u0 com.android.helloworldjava/.HelloWorld t8}: app died, no saved state
03-11 15:16:55.214 W/InputDispatcher(  787): channel '43224598 com.android.helloworldjava/com.android.helloworldjava.HelloWorld (server)' ~ Consumer closed input channel or an error occurred.  events=0x9
03-11 15:16:55.214 E/InputDispatcher(  787): channel '43224598 com.android.helloworldjava/com.android.helloworldjava.HelloWorld (server)' ~ Channel is unrecoverably broken and will be disposed!
03-11 15:16:55.214 W/InputDispatcher(  787): Attempted to unregister already unregistered input channel '43224598 com.android.helloworldjava/com.android.helloworldjava.HelloWorld (server)'
03-11 15:16:55.214 W/WindowManager(  787): Rebuild removed 2 windows but added 1
03-11 15:16:55.214 W/WindowManager(  787): java.lang.RuntimeException: here
03-11 15:16:55.214 W/WindowManager(  787): 	at com.android.server.wm.WindowManagerService.rebuildAppWindowListLocked(WindowManagerService.java:8011)
03-11 15:16:55.214 W/WindowManager(  787): 	at com.android.server.wm.WindowManagerService.rebuildAppWindowListLocked(WindowManagerService.java:7947)
03-11 15:16:55.214 W/WindowManager(  787): 	at com.android.server.wm.WindowManagerService.handleAppTransitionReadyLocked(WindowManagerService.java:8430)
03-11 15:16:55.214 W/WindowManager(  787): 	at com.android.server.wm.WindowManagerService.performLayoutAndPlaceSurfacesLockedInner(WindowManagerService.java:9193)
03-11 15:16:55.214 W/WindowManager(  787): 	at com.android.server.wm.WindowManagerService.performLayoutAndPlaceSurfacesLockedLoop(WindowManagerService.java:8163)
03-11 15:16:55.214 W/WindowManager(  787): 	at com.android.server.wm.WindowManagerService.performLayoutAndPlaceSurfacesLocked(WindowManagerService.java:8105)
03-11 15:16:55.214 W/WindowManager(  787): 	at com.android.server.wm.WindowManagerService.executeAppTransition(WindowManagerService.java:3918)
03-11 15:16:55.214 W/WindowManager(  787): 	at com.android.server.am.ActivityStackSupervisor.reportResumedActivityLocked(ActivityStackSupervisor.java:2241)
03-11 15:16:55.214 W/WindowManager(  787): 	at com.android.server.am.ActivityStack.completeResumeLocked(ActivityStack.java:968)
03-11 15:16:55.214 W/WindowManager(  787): 	at com.android.server.am.ActivityStack.resumeTopActivityLocked(ActivityStack.java:1631)
03-11 15:16:55.214 W/WindowManager(  787): 	at com.android.server.am.ActivityStackSupervisor.resumeTopActivitiesLocked(ActivityStackSupervisor.java:2022)
03-11 15:16:55.214 W/WindowManager(  787): 	at com.android.server.am.ActivityStackSupervisor.resumeTopActivitiesLocked(ActivityStackSupervisor.java:2009)
03-11 15:16:55.214 W/WindowManager(  787): 	at com.android.server.am.ActivityManagerService.forceStopPackageLocked(ActivityManagerService.java:4750)
03-11 15:16:55.214 W/WindowManager(  787): 	at com.android.server.am.ActivityManagerService.forceStopPackageLocked(ActivityManagerService.java:4496)
03-11 15:16:55.214 W/WindowManager(  787): 	at com.android.server.am.ActivityManagerService.clearApplicationUserData(ActivityManagerService.java:4176)
03-11 15:16:55.214 W/WindowManager(  787): 	at android.app.ActivityManagerNative.onTransact(ActivityManagerNative.java:1114)
03-11 15:16:55.214 W/WindowManager(  787): 	at com.android.server.am.ActivityManagerService.onTransact(ActivityManagerService.java:2071)
03-11 15:16:55.214 W/WindowManager(  787): 	at android.os.Binder.execTransact(Binder.java:404)
03-11 15:16:55.214 W/WindowManager(  787): 	at dalvik.system.NativeStart.run(Native Method)
03-11 15:16:55.214 W/WindowManager(  787): This window was lost: Window{43224598 u0 com.android.helloworldjava/com.android.helloworldjava.HelloWorld}
03-11 15:16:55.214 W/WindowManager(  787): mDisplayId=0 mSession=Session{434208d8 3736:u0a10082} mClient=android.os.BinderProxy@4345d8f0
03-11 15:16:55.214 W/WindowManager(  787): mOwnerUid=10082 mShowToOwnerOnly=true package=com.android.helloworldjava appop=NONE
03-11 15:16:55.214 W/WindowManager(  787): mAttrs=WM.LayoutParams{(0,0)(fillxfill) sim=#120 ty=1 fl=#40010100 compatible=true pfl=0x88 wanim=0x1030001}
03-11 15:16:55.214 W/WindowManager(  787): Requested w=1080 h=1776 mLayoutSeq=185
03-11 15:16:55.214 W/WindowManager(  787): mBaseLayer=21000 mSubLayer=0 mAnimLayer=21005+0=21005 mLastLayer=0
03-11 15:16:55.214 W/WindowManager(  787): mToken=AppWindowToken{434750f0 token=Token{4347fb78 ActivityRecord{431b70b8 u0 com.android.helloworldjava/.HelloWorld t8}}}
03-11 15:16:55.214 W/WindowManager(  787): mRootToken=AppWindowToken{434750f0 token=Token{4347fb78 ActivityRecord{431b70b8 u0 com.android.helloworldjava/.HelloWorld t8}}}
03-11 15:16:55.214 W/WindowManager(  787): mAppToken=AppWindowToken{434750f0 token=Token{4347fb78 ActivityRecord{431b70b8 u0 com.android.helloworldjava/.HelloWorld t8}}}
03-11 15:16:55.214 W/WindowManager(  787): mViewVisibility=0x0 mHaveFrame=true mObscured=true
03-11 15:16:55.214 W/WindowManager(  787): mSeq=0 mSystemUiVisibility=0x0
03-11 15:16:55.214 W/WindowManager(  787): mPolicyVisibility=false mPolicyVisibilityAfterAnim=false mAppOpVisibility=true mAttachedHidden=false
03-11 15:16:55.214 W/WindowManager(  787): mGivenContentInsets=[0,0][0,0] mGivenVisibleInsets=[0,0][0,0]
03-11 15:16:55.214 W/WindowManager(  787): mConfiguration={1.0 244mcc21mnc en_US ldltr sw360dp w360dp h567dp 480dpi nrml port finger -keyb/v/h -nav/h s.5}
03-11 15:16:55.214 W/WindowManager(  787): mHasSurface=true mShownFrame=[0.0,0.0][1080.0,1776.0] isReadyForDisplay()=false
03-11 15:16:55.214 W/WindowManager(  787): mFrame=[0,0][1080,1776] last=[0,0][1080,1776]
03-11 15:16:55.214 W/WindowManager(  787): mSystemDecorRect=[0,0][960,1579] last=[0,0][960,1579]
03-11 15:16:55.214 W/WindowManager(  787): mCompatFrame=[0,0][960,1579]
03-11 15:16:55.214 W/WindowManager(  787): Frames: containing=[0,0][1080,1776] parent=[0,0][1080,1776]
03-11 15:16:55.214 W/WindowManager(  787):     display=[0,0][1080,1776] overscan=[0,0][1080,1920]
03-11 15:16:55.214 W/WindowManager(  787):     content=[0,75][1080,1776] visible=[0,75][1080,1776]
03-11 15:16:55.214 W/WindowManager(  787):     decor=[0,0][1080,1920]
03-11 15:16:55.214 W/WindowManager(  787): Cur insets: overscan=[0,0][0,0] content=[0,67][0,0] visible=[0,67][0,0]
03-11 15:16:55.214 W/WindowManager(  787): Lst insets: overscan=[0,0][0,0] content=[0,67][0,0] visible=[0,67][0,0]
03-11 15:16:55.214 W/WindowManager(  787): WindowStateAnimator{431e5098 com.android.helloworldjava/com.android.helloworldjava.HelloWorld}:
03-11 15:16:55.214 W/WindowManager(  787):   mSurface=Surface(name=com.android.helloworldjava/com.android.helloworldjava.HelloWorld)
03-11 15:16:55.214 W/WindowManager(  787):   mDrawState=HAS_DRAWN mLastHidden=true
03-11 15:16:55.214 W/WindowManager(  787):   Surface: shown=false layer=21005 alpha=0.0 rect=(0.0,0.0) 960.0 x 1579.0
03-11 15:16:55.214 W/WindowManager(  787):   mShownAlpha=1.0 mAlpha=1.0 mLastAlpha=-1.0
03-11 15:16:55.214 W/WindowManager(  787):   mGlobalScale=1.1247625 mDsDx=1.1247625 mDtDx=0.0 mDsDy=0.0 mDtDy=1.1247625
03-11 15:16:55.214 W/WindowManager(  787): Current app token list:
03-11 15:16:55.214 V/WindowManager(  787):   Display 0
03-11 15:16:55.214 V/WindowManager(  787):   #0: Token{431c70b8 ActivityRecord{431c6e40 u0 com.google.android.googlequicksearchbox/com.google.android.launcher.GEL t1}}
03-11 15:16:55.214 W/WindowManager(  787): Final window list:
03-11 15:16:55.214 V/WindowManager(  787):   #0: Window{4310ebb0 u0 SearchPanel}
03-11 15:16:55.214 V/WindowManager(  787):   #1: Window{431530f0 u0 NavigationBar}
03-11 15:16:55.214 V/WindowManager(  787):   #2: Window{431761b0 u0 StatusBar}
03-11 15:16:55.214 V/WindowManager(  787):   #3: Window{43487448 u0 Keyguard}
03-11 15:16:55.214 V/WindowManager(  787):   #4: Window{431d6288 u0 KeyguardScrim}
03-11 15:16:55.214 V/WindowManager(  787):   #5: Window{434772f8 u0 com.google.android.googlequicksearchbox/com.google.android.launcher.GEL}
03-11 15:16:55.214 V/WindowManager(  787):   #6: Window{434973c8 u0 com.android.systemui.ImageWallpaper}
03-11 15:16:55.214 I/WindowState(  787): WIN DEATH: Window{43224598 u0 com.android.helloworldjava/com.android.helloworldjava.HelloWorld}
03-11 15:16:55.234 D/keystore(  186): calling clear_uid in state: 3
03-11 15:16:55.234 D/Documents( 3205): Used cached roots for com.android.providers.downloads.documents
03-11 15:16:55.234 D/Documents( 3205): Used cached roots for com.android.externalstorage.documents
03-11 15:16:55.234 D/Documents( 3205): Used cached roots for com.android.providers.media.documents
03-11 15:16:55.234 D/Documents( 3205): Used cached roots for com.google.android.apps.docs.storage
03-11 15:16:55.234 D/Documents( 3205): Update found 7 roots in 5ms
03-11 15:16:55.234 D/PackageBroadcastService(  983): Received broadcast action=android.intent.action.PACKAGE_DATA_CLEARED and uri=com.android.helloworldjava
03-11 15:16:55.244 I/Icing   (  983): doRemovePackageData com.android.helloworldjava
03-11 15:16:55.244 D/AndroidRuntime( 3753): Shutting down VM
03-11 15:16:55.254 D/dalvikvm( 3753): GC_CONCURRENT freed 94K, 15% free 558K/656K, paused 0ms+0ms, total 2ms
03-11 15:16:56.744 D/AndroidRuntime( 3777): 
03-11 15:16:56.744 D/AndroidRuntime( 3777): >>>>>> AndroidRuntime START com.android.internal.os.RuntimeInit <<<<<<
03-11 15:16:56.744 D/AndroidRuntime( 3777): CheckJNI is OFF
03-11 15:16:56.754 D/dalvikvm( 3777): Trying to load lib libjavacore.so 0x0
03-11 15:16:56.754 D/dalvikvm( 3777): Added shared lib libjavacore.so 0x0
03-11 15:16:56.764 D/dalvikvm( 3777): Trying to load lib libnativehelper.so 0x0
03-11 15:16:56.764 D/dalvikvm( 3777): Added shared lib libnativehelper.so 0x0
03-11 15:16:56.764 D/dalvikvm( 3777): No JNI_OnLoad found in libnativehelper.so 0x0, skipping init
03-11 15:16:56.784 D/dalvikvm( 3777): Note: class Landroid/app/ActivityManagerNative; has 179 unimplemented (abstract) methods
03-11 15:16:56.904 D/AndroidRuntime( 3777): Calling main entry com.android.commands.am.Am
03-11 15:16:56.914 I/ActivityManager(  787): START u0 {flg=0x10000000 cmp=com.android.helloworldjava/.HelloWorld} from pid 3777
03-11 15:16:57.224 I/WindowManager(  787): Screenshot max retries 4 of Token{431c70b8 ActivityRecord{431c6e40 u0 com.google.android.googlequicksearchbox/com.google.android.launcher.GEL t1}} appWin=Window{434772f8 u0 com.google.android.googlequicksearchbox/com.google.android.launcher.GEL} drawState=4
03-11 15:16:57.224 W/WindowManager(  787): Screenshot failure taking screenshot for (1080x1920) to layer 21000
03-11 15:16:57.224 D/AndroidRuntime( 3777): Shutting down VM
03-11 15:16:57.224 D/dalvikvm( 3777): GC_CONCURRENT freed 95K, 15% free 586K/684K, paused 0ms+1ms, total 2ms
03-11 15:16:57.224 I/ActivityManager(  787): Start proc com.android.helloworldjava for activity com.android.helloworldjava/.HelloWorld: pid=3795 uid=10082 gids={50082, 1028, 1015}
03-11 15:16:57.304 I/ActivityManager(  787): Displayed com.android.helloworldjava/.HelloWorld: +85ms
03-11 15:17:17.674 D/AndroidRuntime( 3824): 
03-11 15:17:17.674 D/AndroidRuntime( 3824): >>>>>> AndroidRuntime START com.android.internal.os.RuntimeInit <<<<<<
03-11 15:17:17.674 D/AndroidRuntime( 3824): CheckJNI is OFF
03-11 15:17:17.684 D/dalvikvm( 3824): Trying to load lib libjavacore.so 0x0
03-11 15:17:17.684 D/dalvikvm( 3824): Added shared lib libjavacore.so 0x0
03-11 15:17:17.694 D/dalvikvm( 3824): Trying to load lib libnativehelper.so 0x0
03-11 15:17:17.694 D/dalvikvm( 3824): Added shared lib libnativehelper.so 0x0
03-11 15:17:17.694 D/dalvikvm( 3824): No JNI_OnLoad found in libnativehelper.so 0x0, skipping init
03-11 15:17:17.714 D/dalvikvm( 3824): Note: class Landroid/app/ActivityManagerNative; has 179 unimplemented (abstract) methods
03-11 15:17:17.834 D/AndroidRuntime( 3824): Calling main entry com.android.commands.pm.Pm
03-11 15:17:17.834 I/ActivityManager(  787): Force stopping com.android.helloworldjava appid=10082 user=0: clear data
03-11 15:17:17.834 I/ActivityManager(  787): Killing 3795:com.android.helloworldjava/u0a82 (adj 0): stop com.android.helloworldjava
03-11 15:17:17.834 W/ActivityManager(  787): Force removing ActivityRecord{43433b60 u0 com.android.helloworldjava/.HelloWorld t9}: app died, no saved state
03-11 15:17:17.844 W/InputDispatcher(  787): channel '4327c068 com.android.helloworldjava/com.android.helloworldjava.HelloWorld (server)' ~ Consumer closed input channel or an error occurred.  events=0x9
03-11 15:17:17.844 E/InputDispatcher(  787): channel '4327c068 com.android.helloworldjava/com.android.helloworldjava.HelloWorld (server)' ~ Channel is unrecoverably broken and will be disposed!
03-11 15:17:17.844 W/InputDispatcher(  787): Attempted to unregister already unregistered input channel '4327c068 com.android.helloworldjava/com.android.helloworldjava.HelloWorld (server)'
03-11 15:17:17.844 W/WindowManager(  787): Rebuild removed 2 windows but added 1
03-11 15:17:17.844 W/WindowManager(  787): java.lang.RuntimeException: here
03-11 15:17:17.844 W/WindowManager(  787): 	at com.android.server.wm.WindowManagerService.rebuildAppWindowListLocked(WindowManagerService.java:8011)
03-11 15:17:17.844 W/WindowManager(  787): 	at com.android.server.wm.WindowManagerService.rebuildAppWindowListLocked(WindowManagerService.java:7947)
03-11 15:17:17.844 W/WindowManager(  787): 	at com.android.server.wm.WindowManagerService.handleAppTransitionReadyLocked(WindowManagerService.java:8430)
03-11 15:17:17.844 W/WindowManager(  787): 	at com.android.server.wm.WindowManagerService.performLayoutAndPlaceSurfacesLockedInner(WindowManagerService.java:9193)
03-11 15:17:17.844 W/WindowManager(  787): 	at com.android.server.wm.WindowManagerService.performLayoutAndPlaceSurfacesLockedLoop(WindowManagerService.java:8163)
03-11 15:17:17.844 W/WindowManager(  787): 	at com.android.server.wm.WindowManagerService.performLayoutAndPlaceSurfacesLocked(WindowManagerService.java:8105)
03-11 15:17:17.844 W/WindowManager(  787): 	at com.android.server.wm.WindowManagerService.executeAppTransition(WindowManagerService.java:3918)
03-11 15:17:17.844 W/WindowManager(  787): 	at com.android.server.am.ActivityStackSupervisor.reportResumedActivityLocked(ActivityStackSupervisor.java:2241)
03-11 15:17:17.844 W/WindowManager(  787): 	at com.android.server.am.ActivityStack.completeResumeLocked(ActivityStack.java:968)
03-11 15:17:17.844 W/WindowManager(  787): 	at com.android.server.am.ActivityStack.resumeTopActivityLocked(ActivityStack.java:1631)
03-11 15:17:17.844 W/WindowManager(  787): 	at com.android.server.am.ActivityStackSupervisor.resumeTopActivitiesLocked(ActivityStackSupervisor.java:2022)
03-11 15:17:17.844 W/WindowManager(  787): 	at com.android.server.am.ActivityStackSupervisor.resumeTopActivitiesLocked(ActivityStackSupervisor.java:2009)
03-11 15:17:17.844 W/WindowManager(  787): 	at com.android.server.am.ActivityManagerService.forceStopPackageLocked(ActivityManagerService.java:4750)
03-11 15:17:17.844 W/WindowManager(  787): 	at com.android.server.am.ActivityManagerService.forceStopPackageLocked(ActivityManagerService.java:4496)
03-11 15:17:17.844 W/WindowManager(  787): 	at com.android.server.am.ActivityManagerService.clearApplicationUserData(ActivityManagerService.java:4176)
03-11 15:17:17.844 W/WindowManager(  787): 	at android.app.ActivityManagerNative.onTransact(ActivityManagerNative.java:1114)
03-11 15:17:17.844 W/WindowManager(  787): 	at com.android.server.am.ActivityManagerService.onTransact(ActivityManagerService.java:2071)
03-11 15:17:17.844 W/WindowManager(  787): 	at android.os.Binder.execTransact(Binder.java:404)
03-11 15:17:17.844 W/WindowManager(  787): 	at dalvik.system.NativeStart.run(Native Method)
03-11 15:17:17.844 W/WindowManager(  787): This window was lost: Window{4327c068 u0 com.android.helloworldjava/com.android.helloworldjava.HelloWorld}
03-11 15:17:17.844 W/WindowManager(  787): mDisplayId=0 mSession=Session{4336ca48 3795:u0a10082} mClient=android.os.BinderProxy@4320b5d8
03-11 15:17:17.844 W/WindowManager(  787): mOwnerUid=10082 mShowToOwnerOnly=true package=com.android.helloworldjava appop=NONE
03-11 15:17:17.844 W/WindowManager(  787): mAttrs=WM.LayoutParams{(0,0)(fillxfill) sim=#120 ty=1 fl=#40010100 compatible=true pfl=0x88 wanim=0x1030001}
03-11 15:17:17.844 W/WindowManager(  787): Requested w=1080 h=1776 mLayoutSeq=205
03-11 15:17:17.844 W/WindowManager(  787): mBaseLayer=21000 mSubLayer=0 mAnimLayer=21005+0=21005 mLastLayer=0
03-11 15:17:17.844 W/WindowManager(  787): mToken=AppWindowToken{43356308 token=Token{43320c88 ActivityRecord{43433b60 u0 com.android.helloworldjava/.HelloWorld t9}}}
03-11 15:17:17.844 W/WindowManager(  787): mRootToken=AppWindowToken{43356308 token=Token{43320c88 ActivityRecord{43433b60 u0 com.android.helloworldjava/.HelloWorld t9}}}
03-11 15:17:17.844 W/WindowManager(  787): mAppToken=AppWindowToken{43356308 token=Token{43320c88 ActivityRecord{43433b60 u0 com.android.helloworldjava/.HelloWorld t9}}}
03-11 15:17:17.844 W/WindowManager(  787): mViewVisibility=0x0 mHaveFrame=true mObscured=true
03-11 15:17:17.844 W/WindowManager(  787): mSeq=0 mSystemUiVisibility=0x0
03-11 15:17:17.844 W/WindowManager(  787): mPolicyVisibility=false mPolicyVisibilityAfterAnim=false mAppOpVisibility=true mAttachedHidden=false
03-11 15:17:17.844 W/WindowManager(  787): mGivenContentInsets=[0,0][0,0] mGivenVisibleInsets=[0,0][0,0]
03-11 15:17:17.844 W/WindowManager(  787): mConfiguration={1.0 244mcc21mnc en_US ldltr sw360dp w360dp h567dp 480dpi nrml port finger -keyb/v/h -nav/h s.5}
03-11 15:17:17.844 W/WindowManager(  787): mHasSurface=true mShownFrame=[0.0,0.0][1080.0,1776.0] isReadyForDisplay()=false
03-11 15:17:17.844 W/WindowManager(  787): mFrame=[0,0][1080,1776] last=[0,0][1080,1776]
03-11 15:17:17.844 W/WindowManager(  787): mSystemDecorRect=[0,0][960,1579] last=[0,0][960,1579]
03-11 15:17:17.844 W/WindowManager(  787): mCompatFrame=[0,0][960,1579]
03-11 15:17:17.844 W/WindowManager(  787): Frames: containing=[0,0][1080,1776] parent=[0,0][1080,1776]
03-11 15:17:17.844 W/WindowManager(  787):     display=[0,0][1080,1776] overscan=[0,0][1080,1920]
03-11 15:17:17.844 W/WindowManager(  787):     content=[0,75][1080,1776] visible=[0,75][1080,1776]
03-11 15:17:17.844 W/WindowManager(  787):     decor=[0,0][1080,1920]
03-11 15:17:17.844 W/WindowManager(  787): Cur insets: overscan=[0,0][0,0] content=[0,67][0,0] visible=[0,67][0,0]
03-11 15:17:17.844 W/WindowManager(  787): Lst insets: overscan=[0,0][0,0] content=[0,67][0,0] visible=[0,67][0,0]
03-11 15:17:17.844 W/WindowManager(  787): WindowStateAnimator{43302160 com.android.helloworldjava/com.android.helloworldjava.HelloWorld}:
03-11 15:17:17.844 W/WindowManager(  787):   mSurface=Surface(name=com.android.helloworldjava/com.android.helloworldjava.HelloWorld)
03-11 15:17:17.844 W/WindowManager(  787):   mDrawState=HAS_DRAWN mLastHidden=true
03-11 15:17:17.844 W/WindowManager(  787):   Surface: shown=false layer=21005 alpha=0.0 rect=(0.0,0.0) 960.0 x 1579.0
03-11 15:17:17.844 W/WindowManager(  787):   mShownAlpha=1.0 mAlpha=1.0 mLastAlpha=-1.0
03-11 15:17:17.844 W/WindowManager(  787):   mGlobalScale=1.1247625 mDsDx=1.1247625 mDtDx=0.0 mDsDy=0.0 mDtDy=1.1247625
03-11 15:17:17.844 W/WindowManager(  787): Current app token list:
03-11 15:17:17.844 V/WindowManager(  787):   Display 0
03-11 15:17:17.844 V/WindowManager(  787):   #0: Token{431c70b8 ActivityRecord{431c6e40 u0 com.google.android.googlequicksearchbox/com.google.android.launcher.GEL t1}}
03-11 15:17:17.844 W/WindowManager(  787): Final window list:
03-11 15:17:17.844 V/WindowManager(  787):   #0: Window{4310ebb0 u0 SearchPanel}
03-11 15:17:17.844 V/WindowManager(  787):   #1: Window{431530f0 u0 NavigationBar}
03-11 15:17:17.844 V/WindowManager(  787):   #2: Window{431761b0 u0 StatusBar}
03-11 15:17:17.844 V/WindowManager(  787):   #3: Window{43487448 u0 Keyguard}
03-11 15:17:17.844 V/WindowManager(  787):   #4: Window{431d6288 u0 KeyguardScrim}
03-11 15:17:17.844 V/WindowManager(  787):   #5: Window{434772f8 u0 com.google.android.googlequicksearchbox/com.google.android.launcher.GEL}
03-11 15:17:17.844 V/WindowManager(  787):   #6: Window{434973c8 u0 com.android.systemui.ImageWallpaper}
03-11 15:17:17.844 I/WindowState(  787): WIN DEATH: Window{4327c068 u0 com.android.helloworldjava/com.android.helloworldjava.HelloWorld}
03-11 15:17:17.874 D/Documents( 3205): Used cached roots for com.android.providers.downloads.documents
03-11 15:17:17.874 D/Documents( 3205): Used cached roots for com.android.externalstorage.documents
03-11 15:17:17.874 D/Documents( 3205): Used cached roots for com.android.providers.media.documents
03-11 15:17:17.874 D/Documents( 3205): Used cached roots for com.google.android.apps.docs.storage
03-11 15:17:17.874 D/keystore(  186): calling clear_uid in state: 3
03-11 15:17:17.874 D/Documents( 3205): Update found 7 roots in 17ms
03-11 15:17:17.874 D/PackageBroadcastService(  983): Received broadcast action=android.intent.action.PACKAGE_DATA_CLEARED and uri=com.android.helloworldjava
03-11 15:17:17.874 I/Icing   (  983): doRemovePackageData com.android.helloworldjava
03-11 15:17:17.884 D/AndroidRuntime( 3824): Shutting down VM
03-11 15:17:17.894 D/dalvikvm( 3824): GC_CONCURRENT freed 94K, 15% free 558K/656K, paused 0ms+0ms, total 2ms
03-11 15:17:19.364 D/AndroidRuntime( 3848): 
03-11 15:17:19.364 D/AndroidRuntime( 3848): >>>>>> AndroidRuntime START com.android.internal.os.RuntimeInit <<<<<<
03-11 15:17:19.364 D/AndroidRuntime( 3848): CheckJNI is OFF
03-11 15:17:19.374 D/dalvikvm( 3848): Trying to load lib libjavacore.so 0x0
03-11 15:17:19.374 D/dalvikvm( 3848): Added shared lib libjavacore.so 0x0
03-11 15:17:19.374 D/dalvikvm( 3848): Trying to load lib libnativehelper.so 0x0
03-11 15:17:19.374 D/dalvikvm( 3848): Added shared lib libnativehelper.so 0x0
03-11 15:17:19.374 D/dalvikvm( 3848): No JNI_OnLoad found in libnativehelper.so 0x0, skipping init
03-11 15:17:19.404 D/dalvikvm( 3848): Note: class Landroid/app/ActivityManagerNative; has 179 unimplemented (abstract) methods
03-11 15:17:19.524 D/AndroidRuntime( 3848): Calling main entry com.android.commands.am.Am
03-11 15:17:19.534 I/ActivityManager(  787): START u0 {flg=0x10000000 cmp=com.android.helloworldjava/.HelloWorld} from pid 3848
03-11 15:17:19.844 D/AndroidRuntime( 3848): Shutting down VM
03-11 15:17:19.844 D/dalvikvm( 3848): GC_CONCURRENT freed 95K, 15% free 586K/684K, paused 4ms+0ms, total 5ms
03-11 15:17:19.844 I/WindowManager(  787): Screenshot max retries 4 of Token{431c70b8 ActivityRecord{431c6e40 u0 com.google.android.googlequicksearchbox/com.google.android.launcher.GEL t1}} appWin=Window{434772f8 u0 com.google.android.googlequicksearchbox/com.google.android.launcher.GEL} drawState=4
03-11 15:17:19.844 W/WindowManager(  787): Screenshot failure taking screenshot for (1080x1920) to layer 21000
03-11 15:17:19.854 I/ActivityManager(  787): Start proc com.android.helloworldjava for activity com.android.helloworldjava/.HelloWorld: pid=3866 uid=10082 gids={50082, 1028, 1015}
03-11 15:17:19.934 I/ActivityManager(  787): Displayed com.android.helloworldjava/.HelloWorld: +95ms
03-11 15:17:35.714 D/dalvikvm( 1129): GC_CONCURRENT freed 482K, 3% free 17969K/18484K, paused 9ms+1ms, total 35ms
03-11 15:17:35.714 D/dalvikvm( 1129): WAIT_FOR_CONCURRENT_GC blocked 19ms
03-11 15:17:35.734 V/BufferedAnalyticsState( 1129): Not ready for upload, 275 seconds left.
03-11 15:17:40.274 I/ActivityManager(  787): Start proc com.facebook.katana for service com.facebook.katana/com.facebook.ui.media.cache.MediaCacheCleanupService: pid=3886 uid=10077 gids={50077, 1028, 1015, 3003}
03-11 15:17:40.354 D/AndroidRuntime( 3884): 
03-11 15:17:40.354 D/AndroidRuntime( 3884): >>>>>> AndroidRuntime START com.android.internal.os.RuntimeInit <<<<<<
03-11 15:17:40.354 D/AndroidRuntime( 3884): CheckJNI is OFF
03-11 15:17:40.354 D/CatchMeIfYouCan( 3886): Process (<default>) ca: '/data/data/com.facebook.katana/app_cmiyc/A1657CCD543F12E66E587EE52ED9D802E22AAC4701'
03-11 15:17:40.354 D/CatchMeIfYouCan( 3886): Process (<default>) fc: '/data/data/com.facebook.katana/app_cmiyc/A1657CCD543F12E66E587EE52ED9D802E22AAC4702'
03-11 15:17:40.354 D/CatchMeIfYouCan( 3886): Process (<default>) cp: '('default', 3, 120000, silent [true], restart [false], logout [false])'
03-11 15:17:40.364 D/ACRA    ( 3886): ACRA is enabled for com.facebook.katana, intializing...
03-11 15:17:40.364 D/dalvikvm( 3884): Trying to load lib libjavacore.so 0x0
03-11 15:17:40.364 D/ACRA    ( 3886): Looking for error files in /data/data/com.facebook.katana/app_acra-reports
03-11 15:17:40.364 D/ACRA    ( 3886): Looking for error files in /data/data/com.facebook.katana/app_minidumps
03-11 15:17:40.364 D/dalvikvm( 3884): Added shared lib libjavacore.so 0x0
03-11 15:17:40.364 D/dalvikvm( 3884): Trying to load lib libnativehelper.so 0x0
03-11 15:17:40.364 D/dalvikvm( 3884): Added shared lib libnativehelper.so 0x0
03-11 15:17:40.364 D/dalvikvm( 3884): No JNI_OnLoad found in libnativehelper.so 0x0, skipping init
03-11 15:17:40.374 D/dalvikvm( 3886): GC_CONCURRENT freed 218K, 2% free 16858K/17112K, paused 2ms+1ms, total 12ms
03-11 15:17:40.374 D/dalvikvm( 3886): Trying to load lib /data/app-lib/com.facebook.katana-1/libfb_stl_shared.so 0x42c173e8
03-11 15:17:40.384 D/dalvikvm( 3886): Added shared lib /data/app-lib/com.facebook.katana-1/libfb_stl_shared.so 0x42c173e8
03-11 15:17:40.384 D/dalvikvm( 3886): No JNI_OnLoad found in /data/app-lib/com.facebook.katana-1/libfb_stl_shared.so 0x42c173e8, skipping init
03-11 15:17:40.384 D/dalvikvm( 3886): Trying to load lib /data/app-lib/com.facebook.katana-1/libfb_breakpad_client.so 0x42c173e8
03-11 15:17:40.384 D/dalvikvm( 3886): Added shared lib /data/app-lib/com.facebook.katana-1/libfb_breakpad_client.so 0x42c173e8
03-11 15:17:40.384 W/SystemClassLoaderAdder( 3886): Could not find zipFile entry corresponding to path /data/app/com.facebook.katana-1.apk
03-11 15:17:40.384 V/DexLibLoader( 3886): Preparing secondary program dexes.
03-11 15:17:40.384 V/DexLibLoader( 3886): Loaded 2 raw lines of metadata.
03-11 15:17:40.384 V/DexLibLoader( 3886): Secondary program dex metadata: secondary-1.dex.jar.xz 188f1cf98e7929d7457e2cdf72a0777981e1fc27 secondary.dex01.Canary
03-11 15:17:40.384 V/DexLibLoader( 3886): Secondary program dex metadata: secondary-2.dex.jar.xz 14314443648960c2f9d1e4924306d1af2de75315 secondary.dex02.Canary
03-11 15:17:40.384 W/DexLibLoader( 3886): Unexpected file in program dex directory: /data/data/com.facebook.katana/app_secondary_program_dex/temp_dex_lock
03-11 15:17:40.384 V/DexLibLoader( 3886): Preparing to extract secondary-1.dex.jar.xz to /data/data/com.facebook.katana/app_secondary_program_dex/program-188f1cf98e7929d7457e2cdf72a0777981e1fc2731a2345d.dex.jar
03-11 15:17:40.384 V/DexLibLoader( 3886): Dex already copied
03-11 15:17:40.384 D/OdexVerifier( 3886): Odex verification is skipped.
03-11 15:17:40.384 V/DexLibLoader( 3886): Creating class loader
03-11 15:17:40.394 V/DexLibLoader( 3886): Finished creating class loader
03-11 15:17:40.394 V/DexLibLoader( 3886): Preparing to extract secondary-2.dex.jar.xz to /data/data/com.facebook.katana/app_secondary_program_dex/program-14314443648960c2f9d1e4924306d1af2de7531531a2345d.dex.jar
03-11 15:17:40.394 V/DexLibLoader( 3886): Dex already copied
03-11 15:17:40.394 D/OdexVerifier( 3886): Odex verification is skipped.
03-11 15:17:40.394 V/DexLibLoader( 3886): Creating class loader
03-11 15:17:40.394 V/DexLibLoader( 3886): Finished creating class loader
03-11 15:17:40.394 V/DexLibLoader( 3886): Verifying classes from secondary dexes.
03-11 15:17:40.394 D/dalvikvm( 3884): Note: class Landroid/app/ActivityManagerNative; has 179 unimplemented (abstract) methods
03-11 15:17:40.394 D/DexLibLoader( 3886): DexLibLoader.ensureDexLoaded took 10 ms
03-11 15:17:40.454 D/dalvikvm( 3886): GC_CONCURRENT freed 276K, 2% free 16978K/17280K, paused 2ms+0ms, total 12ms
03-11 15:17:40.504 D/dalvikvm( 3886): GC_CONCURRENT freed 297K, 2% free 17067K/17400K, paused 1ms+1ms, total 9ms
03-11 15:17:40.534 D/AndroidRuntime( 3884): Calling main entry com.android.commands.pm.Pm
03-11 15:17:40.534 I/ActivityManager(  787): Force stopping com.android.helloworldjava appid=10082 user=0: clear data
03-11 15:17:40.534 I/ActivityManager(  787): Killing 3866:com.android.helloworldjava/u0a82 (adj 0): stop com.android.helloworldjava
03-11 15:17:40.534 W/ActivityManager(  787): Force removing ActivityRecord{433f6248 u0 com.android.helloworldjava/.HelloWorld t10}: app died, no saved state
03-11 15:17:40.544 W/WindowManager(  787): Rebuild removed 2 windows but added 1
03-11 15:17:40.544 W/WindowManager(  787): java.lang.RuntimeException: here
03-11 15:17:40.544 W/WindowManager(  787): 	at com.android.server.wm.WindowManagerService.rebuildAppWindowListLocked(WindowManagerService.java:8011)
03-11 15:17:40.544 W/WindowManager(  787): 	at com.android.server.wm.WindowManagerService.rebuildAppWindowListLocked(WindowManagerService.java:7947)
03-11 15:17:40.544 W/WindowManager(  787): 	at com.android.server.wm.WindowManagerService.handleAppTransitionReadyLocked(WindowManagerService.java:8430)
03-11 15:17:40.544 W/WindowManager(  787): 	at com.android.server.wm.WindowManagerService.performLayoutAndPlaceSurfacesLockedInner(WindowManagerService.java:9193)
03-11 15:17:40.544 W/WindowManager(  787): 	at com.android.server.wm.WindowManagerService.performLayoutAndPlaceSurfacesLockedLoop(WindowManagerService.java:8163)
03-11 15:17:40.544 W/WindowManager(  787): 	at com.android.server.wm.WindowManagerService.performLayoutAndPlaceSurfacesLocked(WindowManagerService.java:8105)
03-11 15:17:40.544 W/WindowManager(  787): 	at com.android.server.wm.WindowManagerService.executeAppTransition(WindowManagerService.java:3918)
03-11 15:17:40.544 W/WindowManager(  787): 	at com.android.server.am.ActivityStackSupervisor.reportResumedActivityLocked(ActivityStackSupervisor.java:2241)
03-11 15:17:40.544 W/WindowManager(  787): 	at com.android.server.am.ActivityStack.completeResumeLocked(ActivityStack.java:968)
03-11 15:17:40.544 W/WindowManager(  787): 	at com.android.server.am.ActivityStack.resumeTopActivityLocked(ActivityStack.java:1631)
03-11 15:17:40.544 W/WindowManager(  787): 	at com.android.server.am.ActivityStackSupervisor.resumeTopActivitiesLocked(ActivityStackSupervisor.java:2022)
03-11 15:17:40.544 W/WindowManager(  787): 	at com.android.server.am.ActivityStackSupervisor.resumeTopActivitiesLocked(ActivityStackSupervisor.java:2009)
03-11 15:17:40.544 W/WindowManager(  787): 	at com.android.server.am.ActivityManagerService.forceStopPackageLocked(ActivityManagerService.java:4750)
03-11 15:17:40.544 W/WindowManager(  787): 	at com.android.server.am.ActivityManagerService.forceStopPackageLocked(ActivityManagerService.java:4496)
03-11 15:17:40.544 W/WindowManager(  787): 	at com.android.server.am.ActivityManagerService.clearApplicationUserData(ActivityManagerService.java:4176)
03-11 15:17:40.544 W/WindowManager(  787): 	at android.app.ActivityManagerNative.onTransact(ActivityManagerNative.java:1114)
03-11 15:17:40.544 W/WindowManager(  787): 	at com.android.server.am.ActivityManagerService.onTransact(ActivityManagerService.java:2071)
03-11 15:17:40.544 W/WindowManager(  787): 	at android.os.Binder.execTransact(Binder.java:404)
03-11 15:17:40.544 W/WindowManager(  787): 	at dalvik.system.NativeStart.run(Native Method)
03-11 15:17:40.544 W/WindowManager(  787): This window was lost: Window{4337cb90 u0 com.android.helloworldjava/com.android.helloworldjava.HelloWorld}
03-11 15:17:40.544 W/WindowManager(  787): mDisplayId=0 mSession=Session{432fbe40 3866:u0a10082} mClient=android.os.BinderProxy@432fc078
03-11 15:17:40.544 W/WindowManager(  787): mOwnerUid=10082 mShowToOwnerOnly=true package=com.android.helloworldjava appop=NONE
03-11 15:17:40.544 W/WindowManager(  787): mAttrs=WM.LayoutParams{(0,0)(fillxfill) sim=#120 ty=1 fl=#40010100 compatible=true pfl=0x88 wanim=0x1030001}
03-11 15:17:40.544 W/WindowManager(  787): Requested w=1080 h=1776 mLayoutSeq=224
03-11 15:17:40.544 W/WindowManager(  787): mBaseLayer=21000 mSubLayer=0 mAnimLayer=21005+0=21005 mLastLayer=0
03-11 15:17:40.544 W/WindowManager(  787): mToken=AppWindowToken{432f8ec0 token=Token{433f63a8 ActivityRecord{433f6248 u0 com.android.helloworldjava/.HelloWorld t10}}}
03-11 15:17:40.544 W/WindowManager(  787): mRootToken=AppWindowToken{432f8ec0 token=Token{433f63a8 ActivityRecord{433f6248 u0 com.android.helloworldjava/.HelloWorld t10}}}
03-11 15:17:40.544 W/WindowManager(  787): mAppToken=AppWindowToken{432f8ec0 token=Token{433f63a8 ActivityRecord{433f6248 u0 com.android.helloworldjava/.HelloWorld t10}}}
03-11 15:17:40.544 W/WindowManager(  787): mViewVisibility=0x0 mHaveFrame=true mObscured=true
03-11 15:17:40.544 W/WindowManager(  787): mSeq=0 mSystemUiVisibility=0x0
03-11 15:17:40.544 W/WindowManager(  787): mPolicyVisibility=false mPolicyVisibilityAfterAnim=false mAppOpVisibility=true mAttachedHidden=false
03-11 15:17:40.544 W/WindowManager(  787): mGivenContentInsets=[0,0][0,0] mGivenVisibleInsets=[0,0][0,0]
03-11 15:17:40.544 W/WindowManager(  787): mConfiguration={1.0 244mcc21mnc en_US ldltr sw360dp w360dp h567dp 480dpi nrml port finger -keyb/v/h -nav/h s.5}
03-11 15:17:40.544 W/WindowManager(  787): mHasSurface=true mShownFrame=[0.0,0.0][1080.0,1776.0] isReadyForDisplay()=false
03-11 15:17:40.544 W/WindowManager(  787): mFrame=[0,0][1080,1776] last=[0,0][1080,1776]
03-11 15:17:40.544 W/WindowManager(  787): mSystemDecorRect=[0,0][960,1579] last=[0,0][960,1579]
03-11 15:17:40.544 W/WindowManager(  787): mCompatFrame=[0,0][960,1579]
03-11 15:17:40.544 W/WindowManager(  787): Frames: containing=[0,0][1080,1776] parent=[0,0][1080,1776]
03-11 15:17:40.544 W/WindowManager(  787):     display=[0,0][1080,1776] overscan=[0,0][1080,1920]
03-11 15:17:40.544 W/WindowManager(  787):     content=[0,75][1080,1776] visible=[0,75][1080,1776]
03-11 15:17:40.544 W/WindowManager(  787):     decor=[0,0][1080,1920]
03-11 15:17:40.544 W/WindowManager(  787): Cur insets: overscan=[0,0][0,0] content=[0,67][0,0] visible=[0,67][0,0]
03-11 15:17:40.544 W/WindowManager(  787): Lst insets: overscan=[0,0][0,0] content=[0,67][0,0] visible=[0,67][0,0]
03-11 15:17:40.544 W/WindowManager(  787): WindowStateAnimator{4337d120 com.android.helloworldjava/com.android.helloworldjava.HelloWorld}:
03-11 15:17:40.544 W/WindowManager(  787):   mSurface=Surface(name=com.android.helloworldjava/com.android.helloworldjava.HelloWorld)
03-11 15:17:40.544 W/WindowManager(  787):   mDrawState=HAS_DRAWN mLastHidden=true
03-11 15:17:40.544 W/WindowManager(  787):   Surface: shown=false layer=21005 alpha=0.0 rect=(0.0,0.0) 960.0 x 1579.0
03-11 15:17:40.544 W/WindowManager(  787):   mShownAlpha=1.0 mAlpha=1.0 mLastAlpha=-1.0
03-11 15:17:40.544 W/WindowManager(  787):   mGlobalScale=1.1247625 mDsDx=1.1247625 mDtDx=0.0 mDsDy=0.0 mDtDy=1.1247625
03-11 15:17:40.554 W/InputDispatcher(  787): channel '4337cb90 com.android.helloworldjava/com.android.helloworldjava.HelloWorld (server)' ~ Consumer closed input channel or an error occurred.  events=0x9
03-11 15:17:40.554 E/InputDispatcher(  787): channel '4337cb90 com.android.helloworldjava/com.android.helloworldjava.HelloWorld (server)' ~ Channel is unrecoverably broken and will be disposed!
03-11 15:17:40.554 W/WindowManager(  787): Current app token list:
03-11 15:17:40.554 V/WindowManager(  787):   Display 0
03-11 15:17:40.554 V/WindowManager(  787):   #0: Token{431c70b8 ActivityRecord{431c6e40 u0 com.google.android.googlequicksearchbox/com.google.android.launcher.GEL t1}}
03-11 15:17:40.554 W/WindowManager(  787): Final window list:
03-11 15:17:40.554 V/WindowManager(  787):   #0: Window{4310ebb0 u0 SearchPanel}
03-11 15:17:40.554 V/WindowManager(  787):   #1: Window{431530f0 u0 NavigationBar}
03-11 15:17:40.554 V/WindowManager(  787):   #2: Window{431761b0 u0 StatusBar}
03-11 15:17:40.554 V/WindowManager(  787):   #3: Window{43487448 u0 Keyguard}
03-11 15:17:40.554 V/WindowManager(  787):   #4: Window{431d6288 u0 KeyguardScrim}
03-11 15:17:40.554 V/WindowManager(  787):   #5: Window{434772f8 u0 com.google.android.googlequicksearchbox/com.google.android.launcher.GEL}
03-11 15:17:40.554 V/WindowManager(  787):   #6: Window{434973c8 u0 com.android.systemui.ImageWallpaper}
03-11 15:17:40.564 W/InputDispatcher(  787): Attempted to unregister already unregistered input channel '4337cb90 com.android.helloworldjava/com.android.helloworldjava.HelloWorld (server)'
03-11 15:17:40.564 I/WindowState(  787): WIN DEATH: Window{4337cb90 u0 com.android.helloworldjava/com.android.helloworldjava.HelloWorld}
03-11 15:17:40.574 D/Documents( 3205): Used cached roots for com.android.providers.downloads.documents
03-11 15:17:40.574 D/dalvikvm( 3886): GC_CONCURRENT freed 285K, 2% free 17214K/17532K, paused 2ms+0ms, total 29ms
03-11 15:17:40.574 D/Documents( 3205): Used cached roots for com.android.externalstorage.documents
03-11 15:17:40.574 D/Documents( 3205): Used cached roots for com.android.providers.media.documents
03-11 15:17:40.574 D/Documents( 3205): Used cached roots for com.google.android.apps.docs.storage
03-11 15:17:40.574 D/Documents( 3205): Update found 7 roots in 6ms
03-11 15:17:40.594 D/keystore(  186): calling clear_uid in state: 3
03-11 15:17:40.604 D/PackageBroadcastService(  983): Received broadcast action=android.intent.action.PACKAGE_DATA_CLEARED and uri=com.android.helloworldjava
03-11 15:17:40.614 I/Icing   (  983): doRemovePackageData com.android.helloworldjava
03-11 15:17:40.634 D/AndroidRuntime( 3884): Shutting down VM
03-11 15:17:40.634 D/dalvikvm( 3884): GC_CONCURRENT freed 94K, 15% free 558K/656K, paused 1ms+0ms, total 2ms
03-11 15:17:40.654 D/dalvikvm( 1002): GC_CONCURRENT freed 386K, 3% free 17351K/17812K, paused 1ms+1ms, total 10ms
03-11 15:17:40.664 D/dalvikvm( 3886): GC_CONCURRENT freed 250K, 2% free 17460K/17712K, paused 2ms+2ms, total 32ms
03-11 15:17:40.674 V/BufferedAnalyticsState( 1129): Not ready for upload, 270 seconds left.
03-11 15:17:40.684 D/dalvikvm( 1129): GC_CONCURRENT freed 517K, 4% free 17872K/18484K, paused 1ms+1ms, total 19ms
03-11 15:17:40.714 D/dalvikvm( 3886): GC_CONCURRENT freed 342K, 3% free 17540K/17916K, paused 2ms+2ms, total 13ms
03-11 15:17:40.774 D/dalvikvm( 3886): GC_CONCURRENT freed 311K, 2% free 17703K/18048K, paused 1ms+2ms, total 15ms
03-11 15:17:40.844 D/dalvikvm( 3886): GC_CONCURRENT freed 330K, 2% free 17885K/18248K, paused 1ms+2ms, total 23ms
03-11 15:17:40.844 D/dalvikvm( 3886): WAIT_FOR_CONCURRENT_GC blocked 9ms
03-11 15:17:40.874 W/dalvikvm( 3886): method Lcom/facebook/reflex/view/AbstractListView;.invalidate incorrectly overrides package-private method with same name in Landroid/view/View;
03-11 15:17:40.874 W/dalvikvm( 3886): method Lcom/facebook/reflex/view/GalleryViewAutoReflex;.invalidate incorrectly overrides package-private method with same name in Landroid/view/View;
03-11 15:17:40.874 W/dalvikvm( 3886): method Lcom/facebook/reflex/view/HorizontalScrollViewAutoReflex;.invalidate incorrectly overrides package-private method with same name in Landroid/view/View;
03-11 15:17:40.874 W/dalvikvm( 3886): method Lcom/facebook/reflex/view/ImageViewAutoReflex;.invalidate incorrectly overrides package-private method with same name in Landroid/view/View;
03-11 15:17:40.874 W/dalvikvm( 3886): method Lcom/facebook/reflex/view/ScrollViewAutoReflex;.invalidate incorrectly overrides package-private method with same name in Landroid/view/View;
03-11 15:17:40.884 W/dalvikvm( 3886): method Lcom/facebook/reflex/view/ViewPagerAutoReflex;.invalidate incorrectly overrides package-private method with same name in Landroid/view/View;
03-11 15:17:40.904 D/dalvikvm( 3886): GC_CONCURRENT freed 293K, 2% free 18036K/18364K, paused 2ms+2ms, total 16ms
03-11 15:17:40.964 D/dalvikvm( 3886): GC_CONCURRENT freed 309K, 2% free 18239K/18580K, paused 1ms+1ms, total 22ms
03-11 15:17:40.964 D/dalvikvm( 3886): WAIT_FOR_CONCURRENT_GC blocked 5ms
03-11 15:17:41.014 D/dalvikvm( 3886): GC_CONCURRENT freed 263K, 2% free 18497K/18792K, paused 1ms+1ms, total 15ms
03-11 15:17:41.014 D/dalvikvm( 3886): WAIT_FOR_CONCURRENT_GC blocked 3ms
03-11 15:17:41.104 D/dalvikvm( 3886): GC_CONCURRENT freed 361K, 3% free 18731K/19124K, paused 2ms+2ms, total 28ms
03-11 15:17:41.214 D/dalvikvm( 3886): GC_CONCURRENT freed 449K, 3% free 18947K/19428K, paused 2ms+2ms, total 20ms
03-11 15:17:41.254 W/dalvikvm( 3886): method Lcom/facebook/reflex/view/FrameLayoutAutoReflex;.invalidate incorrectly overrides package-private method with same name in Landroid/view/View;
03-11 15:17:41.294 W/dalvikvm( 3886): method Lcom/facebook/messaging/reflex/SwipableOverlayLayoutAutoReflex;.invalidate incorrectly overrides package-private method with same name in Landroid/view/View;
03-11 15:17:41.314 D/dalvikvm( 3886): GC_CONCURRENT freed 485K, 3% free 19218K/19736K, paused 2ms+3ms, total 34ms
03-11 15:17:41.314 D/dalvikvm( 3886): WAIT_FOR_CONCURRENT_GC blocked 18ms
03-11 15:17:41.384 E/FbInjectorInitializer( 3886): Multi-binding Key[type=com.facebook.common.init.INeedInit, annotation=[none]] wasn't declared.
03-11 15:17:41.434 D/dalvikvm( 3886): GC_CONCURRENT freed 541K, 3% free 19522K/20096K, paused 3ms+1ms, total 30ms
03-11 15:17:41.434 D/dalvikvm( 3886): WAIT_FOR_CONCURRENT_GC blocked 15ms
03-11 15:17:41.554 D/dalvikvm( 3886): GC_CONCURRENT freed 678K, 4% free 19785K/20500K, paused 2ms+1ms, total 34ms
03-11 15:17:41.554 D/dalvikvm( 3886): WAIT_FOR_CONCURRENT_GC blocked 5ms
03-11 15:17:41.574 W/fb4a(:<default>):BaseAnalyticsConfig( 3886): willEventBeLogged() called before shared prefs were initialized! Defaulting to true.
03-11 15:17:41.574 W/fb4a(:<default>):BaseAnalyticsConfig( 3886): willEventBeLogged() called before shared prefs were initialized! Defaulting to true.
03-11 15:17:41.654 W/fb4a(:<default>):UserScope( 3886): Called user scoped provider with no viewer. ViewerContextManager was created with no ViewerContext. Using EmptyViewerContextManager to return fake logged in instance.
03-11 15:17:41.654 W/fb4a(:<default>):ViewerContextManagerForUserScope( 3886): User no longer logged in. Original uid: 0, viewer context: null, is_logged_in: false. Returning original viewer context.
03-11 15:17:41.654 W/fb4a(:<default>):UserScope( 3886): Called user scoped provider with no viewer. ViewerContextManager was created with no ViewerContext. Using EmptyViewerContextManager to return fake logged in instance.
03-11 15:17:41.714 E/dalvikvm( 3886): Could not find class 'org.apache.harmony.xnet.provider.jsse.OpenSSLSocketImpl', referenced from method com.facebook.ssl.openssl.check.CheckOpenSSLImplHasRequiredMethods.<clinit>
03-11 15:17:41.714 W/dalvikvm( 3886): VFY: unable to resolve const-class 13583 (Lorg/apache/harmony/xnet/provider/jsse/OpenSSLSocketImpl;) in Lcom/facebook/ssl/openssl/check/CheckOpenSSLImplHasRequiredMethods;
03-11 15:17:41.714 D/dalvikvm( 3886): VFY: replacing opcode 0x1c at 0x000d
