03-11 15:12:31.139 D/Launcher.Model( 1031): 11683562 - loadWorkspaceScreensDb()
03-11 15:12:31.139 D/Launcher.Model( 1031): 11683562 -   screens: { 0: 0 }
03-11 15:12:31.139 D/Launcher.Model( 1031): 11683562 -   sBgWorkspaceScreens: 0
03-11 15:12:31.139 V/GmsNetworkLocationProvi( 1129): ENABLE
03-11 15:12:31.139 V/GmsNetworkLocationProvi( 1129): SET-REQUEST
03-11 15:12:31.139 V/GmsNetworkLocationProvi( 1129): in Handler: ProviderRequestUnbundled, reportLocation is true and interval is 86400000
03-11 15:12:31.139 D/Launcher( 1031): 11683562 - bindAddScreens()
03-11 15:12:31.139 D/Launcher( 1031): 11683562 -   orderedScreenIds: 0
03-11 15:12:31.139 D/Launcher.Workspace( 1031): 11683562 - insertNewWorkspaceScreen(): 0 at index: 0
03-11 15:12:31.159 D/dalvikvm( 1129): GC_FOR_ALLOC freed 124K, 3% free 17089K/17552K, paused 10ms, total 11ms
03-11 15:12:31.199 D/dalvikvm(  983): GC_CONCURRENT freed 246K, 2% free 17148K/17432K, paused 1ms+3ms, total 11ms
03-11 15:12:31.199 V/KeyguardHostView(  862): Initial transport state: 1, pbstate=0
03-11 15:12:31.219 D/dalvikvm( 1031): GC_FOR_ALLOC freed 523K, 4% free 24101K/24980K, paused 11ms, total 11ms
03-11 15:12:31.229 D/dalvikvm( 1129): GC_FOR_ALLOC freed 118K, 3% free 17253K/17616K, paused 8ms, total 8ms
03-11 15:12:31.239 V/KeyguardHostView(  862): music state changed: 0
03-11 15:12:31.239 D/dalvikvm( 1129): GC_FOR_ALLOC freed 113K, 3% free 17331K/17784K, paused 8ms, total 8ms
03-11 15:12:31.249 I/dalvikvm-heap( 1129): Grow heap (frag case) to 17.132MB for 186718-byte allocation
03-11 15:12:31.259 D/dalvikvm( 1129): GC_FOR_ALLOC freed <1K, 3% free 17513K/17968K, paused 10ms, total 10ms
03-11 15:12:31.259 D/MccTable( 1002): updateMccMncConfiguration: mcc=244, mnc=21
03-11 15:12:31.259 D/MccTable( 1002): getLocaleFromMcc to null_fi mcc=244
03-11 15:12:31.259 D/MccTable( 1002): getLocaleForLanguageCountry: skipping no language
03-11 15:12:31.259 D/MccTable( 1002): WIFI_COUNTRY_CODE set to fi
03-11 15:12:31.259 I/WifiService(  787): WifiService trying to set country code to fi with persist set to true
03-11 15:12:31.259 D/MccTable( 1002): updateMccMncConfiguration updateConfig config={1.0 244mcc21mnc ?locale ?layoutDir ?swdp ?wdp ?hdp ?density ?lsize ?long ?orien ?uimode ?night ?touch ?keyb/?/? ?nav/?}
03-11 15:12:31.259 I/ActivityManager(  787): Config changes=3 {1.0 244mcc21mnc en_US ldltr sw360dp w360dp h567dp 480dpi nrml port finger -keyb/v/h -nav/h s.5}
03-11 15:12:31.269 D/PermissionCache(  180): checking android.permission.READ_FRAME_BUFFER for uid=1000 => granted (108 us)
03-11 15:12:31.329 D/dalvikvm( 1129): GC_CONCURRENT freed 486K, 3% free 17482K/18008K, paused 2ms+6ms, total 20ms
03-11 15:12:31.369 D/PhoneStatusBar(  862): mSettingsPanelGravity = 55
03-11 15:12:31.399 D/dalvikvm( 1129): GC_CONCURRENT freed 642K, 5% free 17269K/18008K, paused 1ms+2ms, total 16ms
03-11 15:12:31.429 V/KeyguardHostView(  862): Initial transport state: 1, pbstate=0
03-11 15:12:31.459 V/KeyguardHostView(  862): music state changed: 0
03-11 15:12:31.469 D/PhoneStatusBar(  862): disable: < expand icons alerts ticker system_info BACK HOME RECENT CLOCK* search >
03-11 15:12:31.499 D/dalvikvm( 1129): GC_FOR_ALLOC freed 128K, 4% free 17384K/18008K, paused 17ms, total 17ms
03-11 15:12:31.509 W/Launcher( 1031): setApplicationContext called twice! old=com.google.android.velvet.VelvetApplication@42c0cda0 new=com.google.android.velvet.VelvetApplication@42c0cda0
03-11 15:12:31.519 D/dalvikvm( 1031): GC_CONCURRENT freed 813K, 4% free 25689K/26536K, paused 2ms+5ms, total 30ms
03-11 15:12:31.519 D/dalvikvm( 1031): WAIT_FOR_CONCURRENT_GC blocked 17ms
03-11 15:12:31.519 I/BrcmNfcNfa( 1021): GKI TASK_DEAD received. exit thread 3...
03-11 15:12:31.529 D/dalvikvm( 1129): GC_FOR_ALLOC freed 90K, 4% free 17396K/18008K, paused 11ms, total 11ms
03-11 15:12:31.539 D/dalvikvm( 1002): GC_CONCURRENT freed 313K, 2% free 17074K/17420K, paused 1ms+1ms, total 13ms
03-11 15:12:31.539 D/dalvikvm( 1129): GC_FOR_ALLOC freed <1K, 4% free 17434K/18008K, paused 12ms, total 12ms
03-11 15:12:31.539 I/dalvikvm-heap( 1129): Grow heap (frag case) to 17.067MB for 12848-byte allocation
03-11 15:12:31.559 D/dalvikvm( 1129): GC_FOR_ALLOC freed 37K, 4% free 17409K/18024K, paused 12ms, total 12ms
03-11 15:12:31.569 D/dalvikvm( 1129): GC_FOR_ALLOC freed 65K, 4% free 17448K/18024K, paused 12ms, total 12ms
03-11 15:12:31.579 D/dalvikvm( 1129): GC_FOR_ALLOC freed 28K, 4% free 17460K/18024K, paused 9ms, total 9ms
03-11 15:12:31.599 D/dalvikvm( 1031): GC_FOR_ALLOC freed 873K, 4% free 27152K/28188K, paused 12ms, total 12ms
03-11 15:12:31.629 D/dalvikvm( 1031): GC_FOR_ALLOC freed 181K, 4% free 29528K/30580K, paused 16ms, total 16ms
03-11 15:12:31.659 D/dalvikvm( 1129): GC_CONCURRENT freed 239K, 2% free 17663K/18024K, paused 1ms+2ms, total 16ms
03-11 15:12:31.669 W/Settings( 1129): Setting airplane_mode_on has moved from android.provider.Settings.System to android.provider.Settings.Global, returning read-only value.
03-11 15:12:31.699 I/GCoreUlr( 1129): Starting service, intent=Intent { cmp=com.google.android.gms/com.google.android.location.reporting.service.DispatchingService (has extras) }, extras=Bundle[{intentType=2, receiverAction=android.location.PROVIDERS_CHANGED}]
03-11 15:12:31.719 I/GEL     ( 1031): handleIntent(Intent { act=android.intent.action.MAIN cat=[android.intent.category.HOME] flg=0x10000000 cmp=com.google.android.googlequicksearchbox/com.google.android.launcher.GEL })
03-11 15:12:31.719 I/ActivityManager(  787): Start proc com.android.settings for broadcast com.android.settings/.widget.SettingsAppWidgetProvider: pid=1264 uid=1000 gids={41000, 1028, 1015, 3002, 3001, 3003}
03-11 15:12:31.739 I/GCoreUlr( 1129): DispatchingService.onCreate()
03-11 15:12:31.739 D/Launcher.Model( 1031): Reload apps on config change. curr_mcc:244 prevmcc:0
03-11 15:12:31.749 D/dalvikvm(  787): GC_EXPLICIT freed 2771K, 12% free 22685K/25584K, paused 1ms+4ms, total 46ms
03-11 15:12:31.809 I/WindowManager(  787): Screen frozen for +544ms due to AppWindowToken{431c8880 token=Token{431c70b8 ActivityRecord{431c6e40 u0 com.google.android.googlequicksearchbox/com.google.android.launcher.GEL t1}}}
03-11 15:12:31.829 D/dalvikvm( 1129): GC_CONCURRENT freed 389K, 3% free 17698K/18128K, paused 2ms+1ms, total 22ms
03-11 15:12:31.849 I/GCoreUlr( 1129): WorldUpdater received intent Intent { cmp=com.google.android.gms/com.google.android.location.reporting.service.DispatchingService (has extras) } with receiverAction android.location.PROVIDERS_CHANGED, forceUpdate false
03-11 15:12:31.859 D/GeofencerStateMachine( 1129): Creating GeofencerStateMachine
03-11 15:12:31.859 D/BluetoothManagerService(  787): Message: 20
03-11 15:12:31.859 D/BluetoothManagerService(  787): Added callback: android.bluetooth.IBluetoothManagerCallback$Stub$Proxy@4302b948:true
03-11 15:12:31.859 D/BluetoothAdapter( 1264): 1119951896: getState() :  mService = null. Returning STATE_OFF
03-11 15:12:31.859 D/BluetoothManagerService(  787): Message: 30
03-11 15:12:31.869 D/BluetoothManagerService(  787): Message: 30
03-11 15:12:31.869 D/LocalBluetoothProfileManager( 1264): Adding local MAP profile
03-11 15:12:31.869 D/BluetoothMap( 1264): Create BluetoothMap proxy object
03-11 15:12:31.869 D/BluetoothManagerService(  787): Message: 30
03-11 15:12:31.869 W/ContextImpl( 1264): Calling a method in the system process without a qualified user: android.app.ContextImpl.bindService:1543 android.content.ContextWrapper.bindService:517 android.bluetooth.BluetoothInputDevice.doBind:245 android.bluetooth.BluetoothInputDevice.<init>:238 android.bluetooth.BluetoothAdapter.getProfileProxy:1187 
03-11 15:12:31.869 W/ContextImpl( 1264): Calling a method in the system process without a qualified user: android.app.ContextImpl.bindService:1543 android.content.ContextWrapper.bindService:517 android.bluetooth.BluetoothPan.doBind:149 android.bluetooth.BluetoothPan.<init>:141 android.bluetooth.BluetoothAdapter.getProfileProxy:1190 
03-11 15:12:31.879 D/BluetoothManagerService(  787): Message: 30
03-11 15:12:31.879 D/LocalBluetoothProfileManager( 1264): LocalBluetoothProfileManager construction complete
03-11 15:12:31.879 D/BluetoothAdapter( 1264): 1119951896: getState() :  mService = null. Returning STATE_OFF
03-11 15:12:31.879 D/BluetoothAdapter( 1264): 1119951896: getState() :  mService = null. Returning STATE_OFF
03-11 15:12:31.879 W/ContextImpl( 1264): Calling a method in the system process without a qualified user: android.app.ContextImpl.bindService:1543 android.content.ContextWrapper.bindService:517 android.bluetooth.BluetoothMap.doBind:109 android.bluetooth.BluetoothMap.<init>:102 android.bluetooth.BluetoothAdapter.getProfileProxy:1196 
03-11 15:12:31.879 W/ContextImpl( 1264): Calling a method in the system process without a qualified user: android.app.ContextImpl.bindService:1543 android.content.ContextWrapper.bindService:517 android.bluetooth.BluetoothPbap.doBind:164 android.bluetooth.BluetoothPbap.<init>:157 com.android.settings.bluetooth.PbapServerProfile.<init>:68 
03-11 15:12:31.889 D/dalvikvm( 1031): GC_CONCURRENT freed 3884K, 12% free 29876K/33796K, paused 1ms+2ms, total 19ms
03-11 15:12:31.919 D/AlarmManagerService(  787): Kernel timezone updated to -120 minutes west of GMT
03-11 15:12:31.919 D/AlarmManagerService(  787): Kernel timezone updated to -120 minutes west of GMT
03-11 15:12:31.939 V/GeofencerHelper( 1129): Initializing geofence's system cache.
03-11 15:12:31.939 V/PlaceSubscriptionManager( 1129): Initializing PlaceSubscriptionManager's system cache.
03-11 15:12:31.949 D/GeofenceStateCache( 1129): Recovered 0 geofences.
03-11 15:12:31.969 I/Launcher.Model( 1031): not binding apps: no Launcher activity
03-11 15:12:31.989 I/ActivityManager(  787): Start proc com.google.android.apps.magazines for broadcast com.google.android.apps.magazines/com.google.apps.dots.android.newsstand.audio.MediaButtonIntentReceiver: pid=1285 uid=10056 gids={50056, 3003, 1028, 1015}
03-11 15:12:32.069 I/GCoreUlr( 1129): Ensuring that reporting is stopped because of reasons: {account#-17#=[InactiveReason{mVersionCode=0, mIdentifier=6, mName='ReportingNotSelected'}]}
03-11 15:12:32.069 D/GCoreFlp( 1129): Unknown pending intent to remove.
03-11 15:12:32.069 I/GCoreUlr( 1129): Unbound from all location providers
03-11 15:12:32.079 D/dalvikvm( 1129): GC_CONCURRENT freed 298K, 2% free 17805K/18148K, paused 2ms+1ms, total 14ms
03-11 15:12:32.149 V/WebViewChromium( 1285): Binding Chromium to the background looper Looper (main, tid 1) {42c01ea0}
03-11 15:12:32.149 I/chromium( 1285): [INFO:library_loader_hooks.cc(112)] Chromium logging enabled: level = 0, default verbosity = 0
03-11 15:12:32.149 I/BrowserProcessMain( 1285): Initializing chromium process, renderers=0
03-11 15:12:32.189 W/chromium( 1285): [WARNING:proxy_service.cc(888)] PAC support disabled because there is no system implementation
03-11 15:12:32.199 I/Adreno-EGL( 1285): <qeglDrvAPI_eglInitialize:320>: EGL 1.4 QUALCOMM Build: I0404c4692afb8623f95c43aeb6d5e13ed4b30ddbDate: 11/06/13
03-11 15:12:32.289 W/GAV2    ( 1285): Thread[main,5,main]: Need to call initialize() and be in fallback mode to start dispatch.
03-11 15:12:32.299 D/dalvikvm( 1285): GC_CONCURRENT freed 271K, 2% free 16868K/17172K, paused 2ms+2ms, total 19ms
03-11 15:12:32.329 D/MobileDataStateTracker(  787): fota: Broadcast received: android.intent.action.ANY_DATA_STATE apnType=fota
03-11 15:12:32.329 D/MobileDataStateTracker(  787): fota: Received state=DISCONNECTED, old=DISCONNECTED, reason=simLoaded
03-11 15:12:32.329 D/MobileDataStateTracker(  787): dun: Broadcast received: android.intent.action.ANY_DATA_STATE apnType=dun
03-11 15:12:32.329 D/MobileDataStateTracker(  787): dun: Received state=DISCONNECTED, old=DISCONNECTED, reason=simLoaded
03-11 15:12:32.329 D/MobileDataStateTracker(  787): ia: Broadcast received: android.intent.action.ANY_DATA_STATE apnType=ia
03-11 15:12:32.339 D/MobileDataStateTracker(  787): ia: Received state=DISCONNECTED, old=DISCONNECTED, reason=simLoaded
03-11 15:12:32.339 D/MobileDataStateTracker(  787): supl: Broadcast received: android.intent.action.ANY_DATA_STATE apnType=supl
03-11 15:12:32.339 D/MobileDataStateTracker(  787): supl: Received state=DISCONNECTED, old=DISCONNECTED, reason=simLoaded
03-11 15:12:32.339 D/MobileDataStateTracker(  787): hipri: Broadcast received: android.intent.action.ANY_DATA_STATE apnType=hipri
03-11 15:12:32.339 D/MobileDataStateTracker(  787): hipri: Received state=DISCONNECTED, old=DISCONNECTED, reason=simLoaded
03-11 15:12:32.339 D/MobileDataStateTracker(  787): ims: Broadcast received: android.intent.action.ANY_DATA_STATE apnType=ims
03-11 15:12:32.339 D/MobileDataStateTracker(  787): ims: Received state=DISCONNECTED, old=DISCONNECTED, reason=simLoaded
03-11 15:12:32.339 D/MobileDataStateTracker(  787): default: Broadcast received: android.intent.action.ANY_DATA_STATE apnType=default
03-11 15:12:32.339 D/MobileDataStateTracker(  787): default: Received state=DISCONNECTED, old=DISCONNECTED, reason=simLoaded
03-11 15:12:32.339 D/MobileDataStateTracker(  787): mms: Broadcast received: android.intent.action.ANY_DATA_STATE apnType=mms
03-11 15:12:32.349 D/MobileDataStateTracker(  787): mms: Received state=DISCONNECTED, old=DISCONNECTED, reason=simLoaded
03-11 15:12:32.349 D/MobileDataStateTracker(  787): cbs: Broadcast received: android.intent.action.ANY_DATA_STATE apnType=cbs
03-11 15:12:32.349 D/MobileDataStateTracker(  787): cbs: Received state=DISCONNECTED, old=DISCONNECTED, reason=simLoaded
03-11 15:12:32.359 D/dalvikvm( 1002): GC_CONCURRENT freed 280K, 2% free 17205K/17516K, paused 3ms+1ms, total 13ms
03-11 15:12:32.359 D/MobileDataStateTracker(  787): fota: Broadcast received: android.intent.action.ANY_DATA_STATE apnType=fota
03-11 15:12:32.359 D/MobileDataStateTracker(  787): fota: Received state=DISCONNECTED, old=DISCONNECTED, reason=simLoaded
03-11 15:12:32.359 D/MobileDataStateTracker(  787): dun: Broadcast received: android.intent.action.ANY_DATA_STATE apnType=dun
03-11 15:12:32.359 D/MobileDataStateTracker(  787): dun: Received state=DISCONNECTED, old=DISCONNECTED, reason=simLoaded
03-11 15:12:32.359 D/MobileDataStateTracker(  787): ia: Broadcast received: android.intent.action.ANY_DATA_STATE apnType=ia
03-11 15:12:32.359 D/MobileDataStateTracker(  787): ia: Received state=DISCONNECTED, old=DISCONNECTED, reason=simLoaded
03-11 15:12:32.359 D/MobileDataStateTracker(  787): supl: Broadcast received: android.intent.action.ANY_DATA_STATE apnType=supl
03-11 15:12:32.359 D/MobileDataStateTracker(  787): supl: Received state=DISCONNECTED, old=DISCONNECTED, reason=simLoaded
03-11 15:12:32.359 D/MobileDataStateTracker(  787): hipri: Broadcast received: android.intent.action.ANY_DATA_STATE apnType=hipri
03-11 15:12:32.369 D/MobileDataStateTracker(  787): hipri: Received state=DISCONNECTED, old=DISCONNECTED, reason=simLoaded
03-11 15:12:32.369 D/MobileDataStateTracker(  787): ims: Broadcast received: android.intent.action.ANY_DATA_STATE apnType=ims
03-11 15:12:32.369 D/MobileDataStateTracker(  787): ims: Received state=DISCONNECTED, old=DISCONNECTED, reason=simLoaded
03-11 15:12:32.369 D/MobileDataStateTracker(  787): default: Broadcast received: android.intent.action.ANY_DATA_STATE apnType=default
03-11 15:12:32.369 D/MobileDataStateTracker(  787): default: Received state=DISCONNECTED, old=DISCONNECTED, reason=simLoaded
03-11 15:12:32.369 D/MobileDataStateTracker(  787): mms: Broadcast received: android.intent.action.ANY_DATA_STATE apnType=mms
03-11 15:12:32.369 D/MobileDataStateTracker(  787): mms: Received state=DISCONNECTED, old=DISCONNECTED, reason=simLoaded
03-11 15:12:32.369 D/MobileDataStateTracker(  787): cbs: Broadcast received: android.intent.action.ANY_DATA_STATE apnType=cbs
03-11 15:12:32.369 D/MobileDataStateTracker(  787): cbs: Received state=DISCONNECTED, old=DISCONNECTED, reason=simLoaded
03-11 15:12:32.399 D/dalvikvm( 1285): GC_CONCURRENT freed 201K, 2% free 17093K/17328K, paused 1ms+1ms, total 11ms
03-11 15:12:32.419 I/NSApplication( 1285): Starting up...
03-11 15:12:32.429 V/ProvidersChangedReceiver( 1129): calling applySettings
03-11 15:12:32.449 I/GCoreUlr( 1129): Starting service, intent=Intent { cmp=com.google.android.gms/com.google.android.location.reporting.service.DispatchingService (has extras) }, extras=Bundle[{intentType=2, receiverAction=android.location.PROVIDERS_CHANGED}]
03-11 15:12:32.449 I/MediaFocusControl(  787):  AudioFocus  abandonAudioFocus() from android.media.AudioManager@42caa7f8com.google.apps.dots.android.newsstand.audio.AudioPlayerService$3@42c471f8
03-11 15:12:32.449 I/MediaFocusControl(  787):   Remote Control   unregisterMediaButtonIntent() for PendingIntent{431d1d10: PendingIntentRecord{42faa580 com.google.android.apps.magazines broadcastIntent}}
03-11 15:12:32.459 I/GCoreUlr( 1129): WorldUpdater received intent Intent { cmp=com.google.android.gms/com.google.android.location.reporting.service.DispatchingService (has extras) } with receiverAction android.location.PROVIDERS_CHANGED, forceUpdate false
03-11 15:12:32.459 D/BluetoothAdapter( 1264): 1119951896: getState() :  mService = null. Returning STATE_OFF
03-11 15:12:32.469 D/BluetoothAdapter( 1264): 1119951896: getState() :  mService = null. Returning STATE_OFF
03-11 15:12:32.479 D/Launcher.Model( 1031): 11683562 - loadWorkspace()
03-11 15:12:32.479 D/Launcher.Model( 1031): 11683562 -   loadedOldDb: false
03-11 15:12:32.479 I/ActivityManager(  787): Start proc com.google.android.keep for broadcast com.google.android.keep/.notification.AlertReceiver: pid=1327 uid=10052 gids={50052, 3003, 1028, 1015}
03-11 15:12:32.489 D/Launcher.Model( 1031): 11683562 - loadWorkspace()
03-11 15:12:32.489 D/Launcher.Model( 1031): 11683562 -   loadedOldDb: false
03-11 15:12:32.499 D/dalvikvm( 1285): GC_CONCURRENT freed 259K, 2% free 17237K/17532K, paused 3ms+10ms, total 38ms
03-11 15:12:32.569 E/KeepSync( 1327): Try to add invalid account
03-11 15:12:32.569 E/KeepSync( 1327): Try to force sync on a null account
03-11 15:12:32.569 I/GCoreUlr( 1129): Ensuring that reporting is stopped because of reasons: {account#-17#=[InactiveReason{mVersionCode=0, mIdentifier=6, mName='ReportingNotSelected'}]}
03-11 15:12:32.569 D/GCoreFlp( 1129): Unknown pending intent to remove.
03-11 15:12:32.569 I/GCoreUlr( 1129): Unbound from all location providers
03-11 15:12:32.649 D/dalvikvm( 1179): GC_EXPLICIT freed 141K, 2% free 16969K/17144K, paused 1ms+3ms, total 20ms
03-11 15:12:32.669 D/BluetoothAdapter( 1264): 1119951896: getState() :  mService = null. Returning STATE_OFF
03-11 15:12:32.679 V/KeepAlert( 1327): Action android.net.wifi.WIFI_STATE_CHANGED
03-11 15:12:32.679 D/dalvikvm( 1327): GC_CONCURRENT freed 236K, 2% free 16899K/17168K, paused 3ms+3ms, total 25ms
03-11 15:12:32.689 V/KeepAlert( 1327): Action android.net.wifi.WIFI_STATE_CHANGED
03-11 15:12:32.689 D/BluetoothAdapter( 1264): 1119951896: getState() :  mService = null. Returning STATE_OFF
03-11 15:12:32.689 V/KeepAlert( 1327): Action android.net.wifi.WIFI_STATE_CHANGED
03-11 15:12:32.709 I/MultiDex( 1179): load(/data/app/com.google.android.gms-1.apk, forceReload=false)
03-11 15:12:32.729 D/dalvikvm( 1031): GC_FOR_ALLOC freed 2240K, 7% free 31906K/34220K, paused 19ms, total 19ms
03-11 15:12:32.729 D/Launcher.Model( 1031): 11683562 - loadWorkspaceScreensDb()
03-11 15:12:32.729 D/Launcher.Model( 1031): 11683562 -   screens: { 0: 0 }
03-11 15:12:32.729 D/Launcher.Model( 1031): 11683562 -   sBgWorkspaceScreens: 0
03-11 15:12:32.749 D/Launcher( 1031): 11683562 - bindAddScreens()
03-11 15:12:32.749 D/Launcher( 1031): 11683562 -   orderedScreenIds: 0
03-11 15:12:32.749 D/Launcher.Workspace( 1031): 11683562 - insertNewWorkspaceScreen(): 0 at index: 0
03-11 15:12:32.749 D/dalvikvm( 1179): GC_CONCURRENT freed 235K, 2% free 17210K/17552K, paused 1ms+3ms, total 14ms
03-11 15:12:32.749 I/MultiDex( 1179): Need extracted file /data/data/com.google.android.gms/files/secondary-dexes/com.google.android.gms-1.apk.classes2.zip
03-11 15:12:32.749 I/MultiDex( 1179): No extraction needed for /data/data/com.google.android.gms/files/secondary-dexes/com.google.android.gms-1.apk.classes2.zip of size 1430457
03-11 15:12:32.809 W/GCM     ( 1179): Using fallback http
03-11 15:12:32.809 I/GoogleHttpClient( 1179): Falling back to old http client 0 java.lang.NoSuchMethodException: <init> [class android.content.Context, class java.lang.String, boolean]
03-11 15:12:32.819 I/GCM     ( 1179): GCM config loaded
03-11 15:12:32.829 D/GCM     ( 1179): GcmService start Intent { act=com.google.android.gms.INITIALIZE flg=0x10 pkg=com.google.android.gms cmp=com.google.android.gms/.gcm.GcmService } com.google.android.gms.INITIALIZE
03-11 15:12:32.829 D/GCM     ( 1179): GcmService start Intent { act=com.google.android.gms.INITIALIZE flg=0x10 pkg=com.google.android.gms cmp=com.google.android.gms/.gcm.GcmService } com.google.android.gms.INITIALIZE
03-11 15:12:32.849 I/ActivityManager(  787): Start proc com.facebook.katana:dash_service for broadcast com.facebook.katana/com.facebook.keyguardservice.KeyguardServiceBooter: pid=1363 uid=10077 gids={50077, 1028, 1015, 3003}
03-11 15:12:32.889 D/dalvikvm( 1179): GC_CONCURRENT freed 209K, 2% free 17409K/17720K, paused 1ms+2ms, total 15ms
03-11 15:12:32.899 D/ConnectivityService(  787): handleInetConditionChange: no active default network - ignore
03-11 15:12:33.019 E/AppsCustomizePagedView( 1031): Widget ComponentInfo{com.devhd.feedly/com.devhd.feedly.widget.FeedlyWidgetProvider_4_1} has invalid dimensions (0, 0)
03-11 15:12:33.039 D/CatchMeIfYouCan( 1363): Process (dash_service) ca: '/data/data/com.facebook.katana/app_cmiyc/FC3D6AF0DCAD751E9720A8A1538A89840AD3817701'
03-11 15:12:33.039 D/CatchMeIfYouCan( 1363): Process (dash_service) fc: '/data/data/com.facebook.katana/app_cmiyc/FC3D6AF0DCAD751E9720A8A1538A89840AD3817702'
03-11 15:12:33.039 D/CatchMeIfYouCan( 1363): Process (dash_service) cp: '('default', 3, 120000, silent [true], restart [false], logout [false])'
03-11 15:12:33.059 D/ACRA    ( 1363): ACRA is enabled for com.facebook.katana, intializing...
03-11 15:12:33.069 D/ACRA    ( 1363): Looking for error files in /data/data/com.facebook.katana/app_acra-reports
03-11 15:12:33.069 D/ACRA    ( 1363): Looking for error files in /data/data/com.facebook.katana/app_minidumps
03-11 15:12:33.079 D/dalvikvm( 1363): Trying to load lib /data/app-lib/com.facebook.katana-1/libfb_stl_shared.so 0x42c08710
03-11 15:12:33.089 D/dalvikvm( 1363): Added shared lib /data/app-lib/com.facebook.katana-1/libfb_stl_shared.so 0x42c08710
03-11 15:12:33.089 D/dalvikvm( 1363): No JNI_OnLoad found in /data/app-lib/com.facebook.katana-1/libfb_stl_shared.so 0x42c08710, skipping init
03-11 15:12:33.089 D/dalvikvm( 1363): Trying to load lib /data/app-lib/com.facebook.katana-1/libfb_breakpad_client.so 0x42c08710
03-11 15:12:33.089 D/dalvikvm( 1363): Added shared lib /data/app-lib/com.facebook.katana-1/libfb_breakpad_client.so 0x42c08710
03-11 15:12:33.099 W/SystemClassLoaderAdder( 1363): Could not find zipFile entry corresponding to path /data/app/com.facebook.katana-1.apk
03-11 15:12:33.099 V/DexLibLoader( 1363): Preparing secondary program dexes.
03-11 15:12:33.119 V/DexLibLoader( 1363): Loaded 2 raw lines of metadata.
03-11 15:12:33.119 D/dalvikvm( 1363): GC_CONCURRENT freed 240K, 2% free 16842K/17124K, paused 2ms+1ms, total 12ms
03-11 15:12:33.119 V/DexLibLoader( 1363): Secondary program dex metadata: secondary-1.dex.jar.xz 188f1cf98e7929d7457e2cdf72a0777981e1fc27 secondary.dex01.Canary
03-11 15:12:33.119 V/DexLibLoader( 1363): Secondary program dex metadata: secondary-2.dex.jar.xz 14314443648960c2f9d1e4924306d1af2de75315 secondary.dex02.Canary
03-11 15:12:33.119 W/DexLibLoader( 1363): Unexpected file in program dex directory: /data/data/com.facebook.katana/app_secondary_program_dex/temp_dex_lock
03-11 15:12:33.119 V/DexLibLoader( 1363): Preparing to extract secondary-1.dex.jar.xz to /data/data/com.facebook.katana/app_secondary_program_dex/program-188f1cf98e7929d7457e2cdf72a0777981e1fc2731a2345d.dex.jar
03-11 15:12:33.119 V/DexLibLoader( 1363): Dex already copied
03-11 15:12:33.119 D/OdexVerifier( 1363): Odex verification is skipped.
03-11 15:12:33.119 V/DexLibLoader( 1363): Creating class loader
03-11 15:12:33.139 V/DexLibLoader( 1363): Finished creating class loader
03-11 15:12:33.139 V/DexLibLoader( 1363): Preparing to extract secondary-2.dex.jar.xz to /data/data/com.facebook.katana/app_secondary_program_dex/program-14314443648960c2f9d1e4924306d1af2de7531531a2345d.dex.jar
03-11 15:12:33.139 V/DexLibLoader( 1363): Dex already copied
03-11 15:12:33.139 D/OdexVerifier( 1363): Odex verification is skipped.
03-11 15:12:33.139 V/DexLibLoader( 1363): Creating class loader
03-11 15:12:33.149 V/DexLibLoader( 1363): Finished creating class loader
03-11 15:12:33.149 V/DexLibLoader( 1363): Verifying classes from secondary dexes.
03-11 15:12:33.179 D/DexLibLoader( 1363): DexLibLoader.ensureDexLoaded took 84 ms
03-11 15:12:33.489 D/dalvikvm( 1363): GC_CONCURRENT freed 341K, 3% free 16912K/17288K, paused 3ms+4ms, total 15ms
03-11 15:12:33.549 D/dalvikvm( 1363): GC_CONCURRENT freed 279K, 2% free 17041K/17352K, paused 2ms+4ms, total 14ms
03-11 15:12:33.609 D/dalvikvm( 1363): GC_CONCURRENT freed 299K, 2% free 17211K/17544K, paused 2ms+1ms, total 13ms
03-11 15:12:33.669 D/dalvikvm( 1363): GC_CONCURRENT freed 287K, 2% free 17368K/17688K, paused 2ms+2ms, total 15ms
03-11 15:12:33.739 D/dalvikvm( 1363): GC_CONCURRENT freed 334K, 3% free 17551K/17912K, paused 3ms+2ms, total 23ms
03-11 15:12:33.799 D/dalvikvm( 1363): GC_CONCURRENT freed 265K, 2% free 17696K/17996K, paused 2ms+2ms, total 15ms
03-11 15:12:33.849 D/dalvikvm(  787): GC_EXPLICIT freed 737K, 12% free 22693K/25584K, paused 1ms+4ms, total 42ms
03-11 15:12:33.869 D/dalvikvm( 1363): GC_CONCURRENT freed 282K, 2% free 17811K/18132K, paused 2ms+1ms, total 17ms
03-11 15:12:33.919 I/ActivityManager(  787): Start proc com.google.android.dialer for broadcast com.google.android.dialer/com.android.dialer.calllog.CallLogReceiver: pid=1395 uid=10008 gids={50008, 3003, 1028, 1015}
03-11 15:12:33.949 D/dalvikvm( 1363): GC_CONCURRENT freed 310K, 2% free 17891K/18236K, paused 2ms+2ms, total 16ms
03-11 15:12:33.959 I/ActivityManager(  787): Start proc com.facebook.katana for content provider com.facebook.katana/.provider.orca.FbSharedPreferencesContentProvider: pid=1407 uid=10077 gids={50077, 1028, 1015, 3003}
03-11 15:12:33.989 I/ActivityManager(  787): Delay finish: com.google.android.dialer/com.android.dialer.calllog.CallLogReceiver
03-11 15:12:33.999 I/ActivityManager(  787): Resuming delayed broadcast
03-11 15:12:34.009 D/BluetoothManagerService(  787): Message: 30
03-11 15:12:34.019 W/ContextImpl(  787): Calling a method in the system process without a qualified user: android.app.ContextImpl.bindService:1543 android.bluetooth.BluetoothHeadset.doBind:283 android.bluetooth.BluetoothHeadset.<init>:276 android.bluetooth.BluetoothAdapter.getProfileProxy:1181 android.media.AudioService.getBluetoothHeadset:2245 
03-11 15:12:34.029 D/BluetoothManagerService(  787): Message: 30
03-11 15:12:34.029 W/ContextImpl(  787): Calling a method in the system process without a qualified user: android.app.ContextImpl.bindService:1543 android.bluetooth.BluetoothA2dp.doBind:165 android.bluetooth.BluetoothA2dp.<init>:158 android.bluetooth.BluetoothAdapter.getProfileProxy:1184 android.media.AudioService$AudioServiceBroadcastReceiver.onReceive:4166 
03-11 15:12:34.039 D/CatchMeIfYouCan( 1407): Process (<default>) ca: '/data/user/0/com.facebook.katana/app_cmiyc/A1657CCD543F12E66E587EE52ED9D802E22AAC4701'
03-11 15:12:34.039 D/CatchMeIfYouCan( 1407): Process (<default>) fc: '/data/user/0/com.facebook.katana/app_cmiyc/A1657CCD543F12E66E587EE52ED9D802E22AAC4702'
03-11 15:12:34.039 D/CatchMeIfYouCan( 1407): Process (<default>) cp: '('default', 3, 120000, silent [true], restart [false], logout [false])'
03-11 15:12:34.039 D/ACRA    ( 1407): ACRA is enabled for com.facebook.katana, intializing...
03-11 15:12:34.039 E/WiredAccessoryManager(  787): No state change.
03-11 15:12:34.039 V/WiredAccessoryManager(  787): notifyWiredAccessoryChanged: when=0 bits= mask=14
03-11 15:12:34.039 V/WiredAccessoryManager(  787): newName=h2w newState=0 headsetState=0 prev headsetState=0
03-11 15:12:34.039 V/WiredAccessoryManager(  787): init()
03-11 15:12:34.039 I/PowerManagerService(  787): Boot animation finished.
03-11 15:12:34.049 I/RecoverySystem(  787): No recovery log file
03-11 15:12:34.069 I/ActivityManager(  787): Start proc com.android.providers.calendar for broadcast com.android.providers.calendar/.CalendarReceiver: pid=1432 uid=10001 gids={50001, 3003, 1028, 1015}
03-11 15:12:34.089 D/ACRA    ( 1407): Looking for error files in /data/user/0/com.facebook.katana/app_acra-reports
03-11 15:12:34.089 D/ACRA    ( 1407): Looking for error files in /data/user/0/com.facebook.katana/app_minidumps
03-11 15:12:34.099 D/dalvikvm( 1407): Trying to load lib /data/app-lib/com.facebook.katana-1/libfb_stl_shared.so 0x42c16120
03-11 15:12:34.099 D/dalvikvm( 1407): Added shared lib /data/app-lib/com.facebook.katana-1/libfb_stl_shared.so 0x42c16120
03-11 15:12:34.099 D/dalvikvm( 1407): No JNI_OnLoad found in /data/app-lib/com.facebook.katana-1/libfb_stl_shared.so 0x42c16120, skipping init
03-11 15:12:34.109 D/dalvikvm( 1407): Trying to load lib /data/app-lib/com.facebook.katana-1/libfb_breakpad_client.so 0x42c16120
03-11 15:12:34.109 I/BootReceiver(  787): Copying /proc/last_kmsg to DropBox (SYSTEM_LAST_KMSG)
03-11 15:12:34.119 D/dalvikvm( 1407): Added shared lib /data/app-lib/com.facebook.katana-1/libfb_breakpad_client.so 0x42c16120
03-11 15:12:34.129 D/dalvikvm( 1407): GC_CONCURRENT freed 232K, 2% free 16858K/17124K, paused 10ms+0ms, total 37ms
03-11 15:12:34.139 I/BootReceiver(  787): Copying audit failures to DropBox
03-11 15:12:34.149 W/SystemClassLoaderAdder( 1407): Could not find zipFile entry corresponding to path /data/app/com.facebook.katana-1.apk
03-11 15:12:34.149 V/DexLibLoader( 1407): Preparing secondary program dexes.
03-11 15:12:34.149 V/DexLibLoader( 1407): Loaded 2 raw lines of metadata.
03-11 15:12:34.149 V/DexLibLoader( 1407): Secondary program dex metadata: secondary-1.dex.jar.xz 188f1cf98e7929d7457e2cdf72a0777981e1fc27 secondary.dex01.Canary
03-11 15:12:34.149 V/DexLibLoader( 1407): Secondary program dex metadata: secondary-2.dex.jar.xz 14314443648960c2f9d1e4924306d1af2de75315 secondary.dex02.Canary
03-11 15:12:34.159 W/DexLibLoader( 1407): Unexpected file in program dex directory: /data/user/0/com.facebook.katana/app_secondary_program_dex/temp_dex_lock
03-11 15:12:34.159 V/DexLibLoader( 1407): Preparing to extract secondary-1.dex.jar.xz to /data/user/0/com.facebook.katana/app_secondary_program_dex/program-188f1cf98e7929d7457e2cdf72a0777981e1fc2731a2345d.dex.jar
03-11 15:12:34.159 V/DexLibLoader( 1407): Dex already copied
03-11 15:12:34.159 D/OdexVerifier( 1407): Odex verification is skipped.
03-11 15:12:34.159 V/DexLibLoader( 1407): Creating class loader
03-11 15:12:34.159 V/DexLibLoader( 1407): Finished creating class loader
03-11 15:12:34.159 V/DexLibLoader( 1407): Preparing to extract secondary-2.dex.jar.xz to /data/user/0/com.facebook.katana/app_secondary_program_dex/program-14314443648960c2f9d1e4924306d1af2de7531531a2345d.dex.jar
03-11 15:12:34.159 V/DexLibLoader( 1407): Dex already copied
03-11 15:12:34.159 D/OdexVerifier( 1407): Odex verification is skipped.
03-11 15:12:34.159 V/DexLibLoader( 1407): Creating class loader
03-11 15:12:34.159 V/DexLibLoader( 1407): Finished creating class loader
03-11 15:12:34.159 V/DexLibLoader( 1407): Verifying classes from secondary dexes.
03-11 15:12:34.159 D/DexLibLoader( 1407): DexLibLoader.ensureDexLoaded took 27 ms
03-11 15:12:34.179 D/dalvikvm( 1129): GC_CONCURRENT freed 388K, 3% free 17827K/18248K, paused 1ms+1ms, total 15ms
03-11 15:12:34.199 D/dalvikvm(  787): GC_CONCURRENT freed 1133K, 10% free 23048K/25584K, paused 4ms+2ms, total 56ms
03-11 15:12:34.199 D/dalvikvm(  787): WAIT_FOR_CONCURRENT_GC blocked 53ms
03-11 15:12:34.199 I/BootReceiver(  787): Copied 3323 worth of audits to DropBox
03-11 15:12:34.209 V/BufferedAnalyticsState( 1129): Not ready for upload, 577 seconds left.
03-11 15:12:34.209 I/BootReceiver(  787): Checking for fsck errors
03-11 15:12:34.219 I/CalendarProvider2( 1432): Created com.android.providers.calendar.CalendarAlarmManager@42c204a8(com.android.providers.calendar.CalendarProvider2@42c18178)
03-11 15:12:34.249 I/ActivityManager(  787): Delay finish: com.android.providers.calendar/.CalendarReceiver
03-11 15:12:34.269 D/AlarmManagerService(  787): Kernel timezone updated to -120 minutes west of GMT
03-11 15:12:34.269 D/dalvikvm( 1407): GC_CONCURRENT freed 268K, 2% free 16978K/17284K, paused 2ms+1ms, total 10ms
03-11 15:12:34.005 W/        ( 1002): Unable to set rtc to 1394543554: Invalid argument
03-11 15:12:34.055 D/dalvikvm( 1407): GC_CONCURRENT freed 343K, 3% free 17100K/17476K, paused 2ms+1ms, total 11ms
03-11 15:12:34.105 D/dalvikvm( 1407): GC_CONCURRENT freed 301K, 2% free 17260K/17596K, paused 1ms+2ms, total 12ms
03-11 15:12:34.155 D/dalvikvm( 1407): GC_CONCURRENT freed 264K, 2% free 17417K/17716K, paused 2ms+0ms, total 12ms
03-11 15:12:34.225 D/dalvikvm( 1407): GC_CONCURRENT freed 338K, 3% free 17569K/17940K, paused 2ms+3ms, total 21ms
03-11 15:12:34.269 D/        ( 1002): Setting time of day to sec=1394543554
03-11 15:12:34.285 D/dalvikvm( 1407): GC_CONCURRENT freed 324K, 2% free 17759K/18116K, paused 3ms+2ms, total 23ms
03-11 15:12:34.285 D/dalvikvm( 1407): WAIT_FOR_CONCURRENT_GC blocked 5ms
03-11 15:12:34.345 D/dalvikvm( 1407): GC_CONCURRENT freed 271K, 2% free 17912K/18216K, paused 2ms+1ms, total 13ms
03-11 15:12:34.375 W/dalvikvm( 1407): method Lcom/facebook/reflex/view/AbstractListView;.invalidate incorrectly overrides package-private method with same name in Landroid/view/View;
03-11 15:12:34.375 W/dalvikvm( 1407): method Lcom/facebook/reflex/view/GalleryViewAutoReflex;.invalidate incorrectly overrides package-private method with same name in Landroid/view/View;
03-11 15:12:34.375 W/dalvikvm( 1407): method Lcom/facebook/reflex/view/HorizontalScrollViewAutoReflex;.invalidate incorrectly overrides package-private method with same name in Landroid/view/View;
03-11 15:12:34.375 W/dalvikvm( 1407): method Lcom/facebook/reflex/view/ImageViewAutoReflex;.invalidate incorrectly overrides package-private method with same name in Landroid/view/View;
03-11 15:12:34.385 W/dalvikvm( 1407): method Lcom/facebook/reflex/view/ScrollViewAutoReflex;.invalidate incorrectly overrides package-private method with same name in Landroid/view/View;
03-11 15:12:34.385 W/dalvikvm( 1407): method Lcom/facebook/reflex/view/ViewPagerAutoReflex;.invalidate incorrectly overrides package-private method with same name in Landroid/view/View;
03-11 15:12:34.425 D/dalvikvm( 1407): GC_CONCURRENT freed 302K, 2% free 18084K/18420K, paused 1ms+3ms, total 16ms
03-11 15:12:34.485 D/dalvikvm( 1407): GC_CONCURRENT freed 314K, 2% free 18281K/18628K, paused 3ms+2ms, total 24ms
03-11 15:12:34.485 D/dalvikvm( 1407): WAIT_FOR_CONCURRENT_GC blocked 4ms
03-11 15:12:34.545 D/dalvikvm( 1407): GC_CONCURRENT freed 234K, 2% free 18517K/18784K, paused 1ms+2ms, total 16ms
03-11 15:12:34.625 D/dalvikvm( 1407): GC_CONCURRENT freed 372K, 3% free 18755K/19160K, paused 1ms+2ms, total 20ms
03-11 15:12:34.625 D/dalvikvm( 1407): WAIT_FOR_CONCURRENT_GC blocked 4ms
03-11 15:12:34.735 D/dalvikvm( 1407): GC_CONCURRENT freed 477K, 3% free 18970K/19480K, paused 2ms+1ms, total 30ms
03-11 15:12:34.735 D/dalvikvm( 1407): WAIT_FOR_CONCURRENT_GC blocked 14ms
03-11 15:12:34.765 W/dalvikvm( 1407): method Lcom/facebook/reflex/view/FrameLayoutAutoReflex;.invalidate incorrectly overrides package-private method with same name in Landroid/view/View;
03-11 15:12:34.805 W/dalvikvm( 1407): method Lcom/facebook/messaging/reflex/SwipableOverlayLayoutAutoReflex;.invalidate incorrectly overrides package-private method with same name in Landroid/view/View;
03-11 15:12:34.845 D/dalvikvm( 1407): GC_CONCURRENT freed 478K, 3% free 19257K/19768K, paused 3ms+3ms, total 37ms
03-11 15:12:34.845 D/dalvikvm( 1407): WAIT_FOR_CONCURRENT_GC blocked 22ms
03-11 15:12:34.895 E/FbInjectorInitializer( 1407): Multi-binding Key[type=com.facebook.common.init.INeedInit, annotation=[none]] wasn't declared.
03-11 15:12:34.945 D/dalvikvm( 1407): GC_CONCURRENT freed 557K, 3% free 19559K/20148K, paused 3ms+2ms, total 31ms
03-11 15:12:34.945 D/dalvikvm( 1407): WAIT_FOR_CONCURRENT_GC blocked 9ms
03-11 15:12:34.945 D/dalvikvm( 1407): WAIT_FOR_CONCURRENT_GC blocked 9ms
03-11 15:12:34.975 I/CalendarProvider2( 1432): Sending notification intent: Intent { act=android.intent.action.PROVIDER_CHANGED dat=content://com.android.calendar }
03-11 15:12:34.975 W/ContentResolver( 1432): Failed to get type for: content://com.android.calendar (Unknown URL content://com.android.calendar)
03-11 15:12:34.975 I/ActivityManager(  787): Resuming delayed broadcast
03-11 15:12:34.985 I/ActivityManager(  787): Start proc com.google.android.configupdater for broadcast com.google.android.configupdater/.CertPin.CertPinUpdateRequestReceiver: pid=1499 uid=10002 gids={50002, 3003, 2001}
03-11 15:12:35.005 D/dalvikvm(  181): GC_EXPLICIT freed 43K, 1% free 16691K/16768K, paused 1ms+1ms, total 14ms
03-11 15:12:35.015 D/dalvikvm(  181): GC_EXPLICIT freed <1K, 1% free 16691K/16768K, paused 2ms+1ms, total 15ms
03-11 15:12:35.025 D/dalvikvm(  181): GC_EXPLICIT freed <1K, 1% free 16691K/16768K, paused 1ms+1ms, total 12ms
03-11 15:12:35.075 E/UpdateRequestReceiver( 1499): ignoring update request
03-11 15:12:35.075 E/UpdateRequestReceiver( 1499): ignoring update request
03-11 15:12:35.085 E/UpdateRequestReceiver( 1499): ignoring update request
03-11 15:12:35.085 E/UpdateRequestReceiver( 1499): ignoring update request
03-11 15:12:35.095 E/UpdateRequestReceiver( 1499): ignoring update request
03-11 15:12:35.095 E/UpdateRequestReceiver( 1499): ignoring update request
03-11 15:12:35.095 I/ActivityManager(  787): Delay finish: com.android.providers.downloads/.DownloadReceiver
03-11 15:12:35.105 D/dalvikvm( 1499): GC_CONCURRENT freed 293K, 2% free 16828K/17156K, paused 3ms+5ms, total 17ms
03-11 15:12:35.105 I/ActivityManager(  787): Resuming delayed broadcast
03-11 15:12:35.115 I/ActivityManager(  787): Start proc com.google.android.onetimeinitializer for broadcast com.google.android.onetimeinitializer/.OneTimeInitializerReceiver: pid=1550 uid=10010 gids={50010}
03-11 15:12:35.135 V/OneTimeInitializerReceiver( 1550): OneTimeInitializerReceiver.onReceive
03-11 15:12:35.135 V/OneTimeService( 1550): OneTimeService.onHandleIntent
03-11 15:12:35.135 I/ActivityManager(  787): Delay finish: com.google.android.onetimeinitializer/.OneTimeInitializerReceiver
03-11 15:12:35.145 I/ActivityManager(  787): Resuming delayed broadcast
03-11 15:12:35.165 W/fb4a(:dash_service):UserScope( 1363): Called user scoped provider with no viewer. ViewerContextManager was created with no ViewerContext. Using EmptyViewerContextManager to return fake logged in instance.
03-11 15:12:35.165 D/dalvikvm( 1407): GC_CONCURRENT freed 702K, 4% free 19815K/20552K, paused 2ms+2ms, total 46ms
03-11 15:12:35.165 D/dalvikvm( 1407): WAIT_FOR_CONCURRENT_GC blocked 8ms
03-11 15:12:35.165 W/fb4a(:dash_service):ViewerContextManagerForUserScope( 1363): User no longer logged in. Original uid: 0, viewer context: null, is_logged_in: false. Returning original viewer context.
03-11 15:12:35.165 I/ActivityManager(  787): Start proc com.google.android.partnersetup for broadcast com.google.android.partnersetup/.GooglePartnerSetup: pid=1567 uid=10011 gids={50011, 3003}
03-11 15:12:35.175 W/fb4a(:<default>):BaseAnalyticsConfig( 1407): willEventBeLogged() called before shared prefs were initialized! Defaulting to true.
03-11 15:12:35.175 W/fb4a(:<default>):BaseAnalyticsConfig( 1407): willEventBeLogged() called before shared prefs were initialized! Defaulting to true.
03-11 15:12:35.185 W/fb4a(:dash_service):UserScope( 1363): Called user scoped provider with no viewer. ViewerContextManager was created with no ViewerContext. Using EmptyViewerContextManager to return fake logged in instance.
03-11 15:12:35.195 I/ActivityManager(  787): Delay finish: com.google.android.partnersetup/.GooglePartnerSetup
03-11 15:12:35.225 D/dalvikvm( 1363): GC_CONCURRENT freed 231K, 2% free 18128K/18368K, paused 2ms+3ms, total 21ms
03-11 15:12:35.235 E/dalvikvm( 1363): Could not find class 'org.apache.harmony.xnet.provider.jsse.OpenSSLSocketImpl', referenced from method com.facebook.ssl.openssl.check.CheckOpenSSLImplHasRequiredMethods.<clinit>
03-11 15:12:35.235 W/dalvikvm( 1363): VFY: unable to resolve const-class 13583 (Lorg/apache/harmony/xnet/provider/jsse/OpenSSLSocketImpl;) in Lcom/facebook/ssl/openssl/check/CheckOpenSSLImplHasRequiredMethods;
03-11 15:12:35.235 D/dalvikvm( 1363): VFY: replacing opcode 0x1c at 0x000d
03-11 15:12:35.235 E/dalvikvm( 1363): Could not find class 'org.apache.harmony.xnet.provider.jsse.OpenSSLSocketFactoryImpl', referenced from method com.facebook.ssl.openssl.reflect.SSLParametersGetter.<clinit>
03-11 15:12:35.235 W/dalvikvm( 1363): VFY: unable to resolve const-class 13582 (Lorg/apache/harmony/xnet/provider/jsse/OpenSSLSocketFactoryImpl;) in Lcom/facebook/ssl/openssl/reflect/SSLParametersGetter;
03-11 15:12:35.235 D/dalvikvm( 1363): VFY: replacing opcode 0x1c at 0x000d
03-11 15:12:35.235 E/dalvikvm( 1363): Could not find class 'org.apache.harmony.xnet.provider.jsse.SSLParametersImpl', referenced from method com.facebook.ssl.openssl.reflect.SSLParametersGetter.a
03-11 15:12:35.235 W/dalvikvm( 1363): VFY: unable to resolve check-cast 13585 (Lorg/apache/harmony/xnet/provider/jsse/SSLParametersImpl;) in Lcom/facebook/ssl/openssl/reflect/SSLParametersGetter;
03-11 15:12:35.235 D/dalvikvm( 1363): VFY: replacing opcode 0x1f at 0x0006
03-11 15:12:35.235 E/dalvikvm( 1363): Could not find class 'org.apache.harmony.xnet.provider.jsse.SSLParametersImpl', referenced from method com.facebook.ssl.openssl.reflect.SSLSessionTimeoutSetter.<clinit>
03-11 15:12:35.235 W/dalvikvm( 1363): VFY: unable to resolve const-class 13585 (Lorg/apache/harmony/xnet/provider/jsse/SSLParametersImpl;) in Lcom/facebook/ssl/openssl/reflect/SSLSessionTimeoutSetter;
03-11 15:12:35.235 D/dalvikvm( 1363): VFY: replacing opcode 0x1c at 0x000d
03-11 15:12:35.235 W/dalvikvm( 1363): VFY: unable to find class referenced in signature (Lorg/apache/harmony/xnet/provider/jsse/SSLParametersImpl;)
03-11 15:12:35.235 E/dalvikvm( 1363): Could not find class 'org.apache.harmony.xnet.provider.jsse.ClientSessionContext', referenced from method com.facebook.ssl.openssl.reflect.SSLSessionTimeoutSetter.a
03-11 15:12:35.235 W/dalvikvm( 1363): VFY: unable to resolve check-cast 13581 (Lorg/apache/harmony/xnet/provider/jsse/ClientSessionContext;) in Lcom/facebook/ssl/openssl/reflect/SSLSessionTimeoutSetter;
03-11 15:12:35.235 D/dalvikvm( 1363): VFY: replacing opcode 0x1f at 0x0006
03-11 15:12:35.245 W/dalvikvm( 1363): VFY: unable to find class referenced in signature (Lorg/apache/harmony/xnet/provider/jsse/SSLParametersImpl;)
03-11 15:12:35.245 W/dalvikvm( 1363): Unable to resolve superclass of Lcom/facebook/ssl/openssl/TicketEnabledOpenSSLSocketImplWrapper; (13584)
03-11 15:12:35.245 W/dalvikvm( 1363): Link of class 'Lcom/facebook/ssl/openssl/TicketEnabledOpenSSLSocketImplWrapper;' failed
03-11 15:12:35.245 E/dalvikvm( 1363): Could not find class 'com.facebook.ssl.openssl.TicketEnabledOpenSSLSocketImplWrapper', referenced from method com.facebook.ssl.openssl.TicketEnabledOpenSSLSocketFactoryHelper.a
03-11 15:12:35.245 W/dalvikvm( 1363): VFY: unable to resolve new-instance 10322 (Lcom/facebook/ssl/openssl/TicketEnabledOpenSSLSocketImplWrapper;) in Lcom/facebook/ssl/openssl/TicketEnabledOpenSSLSocketFactoryHelper;
03-11 15:12:35.245 D/dalvikvm( 1363): VFY: replacing opcode 0x22 at 0x0000
03-11 15:12:35.245 W/dalvikvm( 1363): Unable to resolve superclass of Lcom/facebook/ssl/openssl/TicketEnabledOpenSSLSocketImplWrapper; (13584)
03-11 15:12:35.245 W/dalvikvm( 1363): Link of class 'Lcom/facebook/ssl/openssl/TicketEnabledOpenSSLSocketImplWrapper;' failed
03-11 15:12:35.245 D/dalvikvm( 1363): DexOpt: unable to opt direct call 0xaa3b at 0x08 in Lcom/facebook/ssl/openssl/TicketEnabledOpenSSLSocketFactoryHelper;.a
03-11 15:12:35.265 I/ActivityManager(  787): Resuming delayed broadcast
03-11 15:12:35.265 I/ActivityManager(  787): Delay finish: com.google.android.partnersetup/.RlzPingBroadcastReceiver
03-11 15:12:35.285 W/fb4a(:<default>):UserScope( 1407): Called user scoped provider with no viewer. ViewerContextManager was created with no ViewerContext. Using EmptyViewerContextManager to return fake logged in instance.
03-11 15:12:35.285 W/fb4a(:<default>):ViewerContextManagerForUserScope( 1407): User no longer logged in. Original uid: 0, viewer context: null, is_logged_in: false. Returning original viewer context.
03-11 15:12:35.285 W/fb4a(:<default>):UserScope( 1407): Called user scoped provider with no viewer. ViewerContextManager was created with no ViewerContext. Using EmptyViewerContextManager to return fake logged in instance.
03-11 15:12:35.285 D/dalvikvm( 1363): GC_CONCURRENT freed 307K, 2% free 18240K/18584K, paused 4ms+4ms, total 26ms
03-11 15:12:35.295 D/AlarmManagerService(  787): Kernel timezone updated to -120 minutes west of GMT
03-11 15:12:35.305 D/MobileDataStateTracker(  787): fota: Broadcast received: android.intent.action.ANY_DATA_STATE apnType=fota
03-11 15:12:35.305 D/MobileDataStateTracker(  787): fota: Received state=DISCONNECTED, old=DISCONNECTED, reason=dataAttached
03-11 15:12:35.305 D/MobileDataStateTracker(  787): dun: Broadcast received: android.intent.action.ANY_DATA_STATE apnType=dun
03-11 15:12:35.315 D/MobileDataStateTracker(  787): dun: Received state=DISCONNECTED, old=DISCONNECTED, reason=dataAttached
03-11 15:12:35.315 D/MobileDataStateTracker(  787): ia: Broadcast received: android.intent.action.ANY_DATA_STATE apnType=ia
03-11 15:12:35.315 D/MobileDataStateTracker(  787): ia: Received state=DISCONNECTED, old=DISCONNECTED, reason=dataAttached
03-11 15:12:35.315 D/MobileDataStateTracker(  787): supl: Broadcast received: android.intent.action.ANY_DATA_STATE apnType=supl
03-11 15:12:35.315 D/MobileDataStateTracker(  787): supl: Received state=DISCONNECTED, old=DISCONNECTED, reason=dataAttached
03-11 15:12:35.315 D/MobileDataStateTracker(  787): hipri: Broadcast received: android.intent.action.ANY_DATA_STATE apnType=hipri
03-11 15:12:35.325 D/MobileDataStateTracker(  787): hipri: Received state=DISCONNECTED, old=DISCONNECTED, reason=dataAttached
03-11 15:12:35.325 D/MobileDataStateTracker(  787): ims: Broadcast received: android.intent.action.ANY_DATA_STATE apnType=ims
03-11 15:12:35.325 D/MobileDataStateTracker(  787): ims: Received state=DISCONNECTED, old=DISCONNECTED, reason=dataAttached
03-11 15:12:35.325 D/MobileDataStateTracker(  787): mms: Broadcast received: android.intent.action.ANY_DATA_STATE apnType=mms
03-11 15:12:35.325 D/MobileDataStateTracker(  787): mms: Received state=DISCONNECTED, old=DISCONNECTED, reason=dataAttached
03-11 15:12:35.325 D/MobileDataStateTracker(  787): cbs: Broadcast received: android.intent.action.ANY_DATA_STATE apnType=cbs
03-11 15:12:35.325 D/MobileDataStateTracker(  787): cbs: Received state=DISCONNECTED, old=DISCONNECTED, reason=dataAttached
03-11 15:12:35.325 D/MobileDataStateTracker(  787): default: Broadcast received: android.intent.action.ANY_DATA_STATE apnType=default
03-11 15:12:35.335 D/MobileDataStateTracker(  787): default: Received state=CONNECTING, old=DISCONNECTED, reason=dataAttached
03-11 15:12:35.335 D/MobileDataStateTracker(  787): default: setDetailed state, old =IDLE and new state=CONNECTING
03-11 15:12:35.335 D/MobileDataStateTracker(  787): fota: Broadcast received: android.intent.action.ANY_DATA_STATE apnType=fota
03-11 15:12:35.335 D/MobileDataStateTracker(  787): fota: Received state=DISCONNECTED, old=DISCONNECTED, reason=dataAttached
03-11 15:12:35.335 D/MobileDataStateTracker(  787): dun: Broadcast received: android.intent.action.ANY_DATA_STATE apnType=dun
03-11 15:12:35.335 D/MobileDataStateTracker(  787): dun: Received state=DISCONNECTED, old=DISCONNECTED, reason=dataAttached
03-11 15:12:35.335 D/MobileDataStateTracker(  787): ia: Broadcast received: android.intent.action.ANY_DATA_STATE apnType=ia
03-11 15:12:35.345 I/RlzPingService( 1567): Setting next ping for 1395148355349
03-11 15:12:35.345 D/MobileDataStateTracker(  787): ia: Received state=DISCONNECTED, old=DISCONNECTED, reason=dataAttached
03-11 15:12:35.345 D/MobileDataStateTracker(  787): supl: Broadcast received: android.intent.action.ANY_DATA_STATE apnType=supl
03-11 15:12:35.345 D/MobileDataStateTracker(  787): supl: Received state=DISCONNECTED, old=DISCONNECTED, reason=dataAttached
03-11 15:12:35.345 D/MobileDataStateTracker(  787): hipri: Broadcast received: android.intent.action.ANY_DATA_STATE apnType=hipri
03-11 15:12:35.345 D/MobileDataStateTracker(  787): hipri: Received state=DISCONNECTED, old=DISCONNECTED, reason=dataAttached
03-11 15:12:35.345 D/MobileDataStateTracker(  787): ims: Broadcast received: android.intent.action.ANY_DATA_STATE apnType=ims
03-11 15:12:35.345 D/MobileDataStateTracker(  787): ims: Received state=DISCONNECTED, old=DISCONNECTED, reason=dataAttached
03-11 15:12:35.345 D/MobileDataStateTracker(  787): mms: Broadcast received: android.intent.action.ANY_DATA_STATE apnType=mms
03-11 15:12:35.345 D/MobileDataStateTracker(  787): mms: Received state=DISCONNECTED, old=DISCONNECTED, reason=dataAttached
03-11 15:12:35.345 D/MobileDataStateTracker(  787): cbs: Broadcast received: android.intent.action.ANY_DATA_STATE apnType=cbs
03-11 15:12:35.355 D/MobileDataStateTracker(  787): cbs: Received state=DISCONNECTED, old=DISCONNECTED, reason=dataAttached
03-11 15:12:35.365 I/ActivityManager(  787): Resuming delayed broadcast
