03-11 15:15:24.614 W/WindowManager(  787): 	at com.android.server.wm.WindowManagerService.handleAppTransitionReadyLocked(WindowManagerService.java:8430)
03-11 15:15:24.614 W/WindowManager(  787): 	at com.android.server.wm.WindowManagerService.performLayoutAndPlaceSurfacesLockedInner(WindowManagerService.java:9193)
03-11 15:15:24.614 W/WindowManager(  787): 	at com.android.server.wm.WindowManagerService.performLayoutAndPlaceSurfacesLockedLoop(WindowManagerService.java:8163)
03-11 15:15:24.614 W/WindowManager(  787): 	at com.android.server.wm.WindowManagerService.performLayoutAndPlaceSurfacesLocked(WindowManagerService.java:8105)
03-11 15:15:24.614 W/WindowManager(  787): 	at com.android.server.wm.WindowManagerService.executeAppTransition(WindowManagerService.java:3918)
03-11 15:15:24.614 W/WindowManager(  787): 	at com.android.server.am.ActivityStackSupervisor.reportResumedActivityLocked(ActivityStackSupervisor.java:2241)
03-11 15:15:24.614 W/WindowManager(  787): 	at com.android.server.am.ActivityStack.completeResumeLocked(ActivityStack.java:968)
03-11 15:15:24.614 W/WindowManager(  787): 	at com.android.server.am.ActivityStack.resumeTopActivityLocked(ActivityStack.java:1631)
03-11 15:15:24.614 W/WindowManager(  787): 	at com.android.server.am.ActivityStackSupervisor.resumeTopActivitiesLocked(ActivityStackSupervisor.java:2022)
03-11 15:15:24.614 W/WindowManager(  787): 	at com.android.server.am.ActivityStackSupervisor.resumeTopActivitiesLocked(ActivityStackSupervisor.java:2009)
03-11 15:15:24.614 W/WindowManager(  787): 	at com.android.server.am.ActivityManagerService.forceStopPackageLocked(ActivityManagerService.java:4750)
03-11 15:15:24.614 W/WindowManager(  787): 	at com.android.server.am.ActivityManagerService.forceStopPackageLocked(ActivityManagerService.java:4496)
03-11 15:15:24.614 W/WindowManager(  787): 	at com.android.server.am.ActivityManagerService.clearApplicationUserData(ActivityManagerService.java:4176)
03-11 15:15:24.614 W/WindowManager(  787): 	at android.app.ActivityManagerNative.onTransact(ActivityManagerNative.java:1114)
03-11 15:15:24.614 W/WindowManager(  787): 	at com.android.server.am.ActivityManagerService.onTransact(ActivityManagerService.java:2071)
03-11 15:15:24.614 W/WindowManager(  787): 	at android.os.Binder.execTransact(Binder.java:404)
03-11 15:15:24.614 W/WindowManager(  787): 	at dalvik.system.NativeStart.run(Native Method)
03-11 15:15:24.624 W/InputDispatcher(  787): channel '433827b0 com.android.helloworldjava/com.android.helloworldjava.HelloWorld (server)' ~ Consumer closed input channel or an error occurred.  events=0x9
03-11 15:15:24.624 E/InputDispatcher(  787): channel '433827b0 com.android.helloworldjava/com.android.helloworldjava.HelloWorld (server)' ~ Channel is unrecoverably broken and will be disposed!
03-11 15:15:24.624 W/InputDispatcher(  787): Attempted to unregister already unregistered input channel '433827b0 com.android.helloworldjava/com.android.helloworldjava.HelloWorld (server)'
03-11 15:15:24.624 W/WindowManager(  787): This window was lost: Window{433827b0 u0 com.android.helloworldjava/com.android.helloworldjava.HelloWorld}
03-11 15:15:24.624 W/WindowManager(  787): mDisplayId=0 mSession=Session{43357fe0 3425:u0a10082} mClient=android.os.BinderProxy@43358218
03-11 15:15:24.624 W/WindowManager(  787): mOwnerUid=10082 mShowToOwnerOnly=true package=com.android.helloworldjava appop=NONE
03-11 15:15:24.624 W/WindowManager(  787): mAttrs=WM.LayoutParams{(0,0)(fillxfill) sim=#120 ty=1 fl=#40010100 compatible=true pfl=0x88 wanim=0x1030001}
03-11 15:15:24.624 W/WindowManager(  787): Requested w=1080 h=1776 mLayoutSeq=106
03-11 15:15:24.624 W/WindowManager(  787): mBaseLayer=21000 mSubLayer=0 mAnimLayer=21005+0=21005 mLastLayer=0
03-11 15:15:24.624 W/WindowManager(  787): mToken=AppWindowToken{433775c8 token=Token{434432d0 ActivityRecord{43443170 u0 com.android.helloworldjava/.HelloWorld t4}}}
03-11 15:15:24.624 W/WindowManager(  787): mRootToken=AppWindowToken{433775c8 token=Token{434432d0 ActivityRecord{43443170 u0 com.android.helloworldjava/.HelloWorld t4}}}
03-11 15:15:24.624 W/WindowManager(  787): mAppToken=AppWindowToken{433775c8 token=Token{434432d0 ActivityRecord{43443170 u0 com.android.helloworldjava/.HelloWorld t4}}}
03-11 15:15:24.624 W/WindowManager(  787): mViewVisibility=0x0 mHaveFrame=true mObscured=true
03-11 15:15:24.624 W/WindowManager(  787): mSeq=0 mSystemUiVisibility=0x0
03-11 15:15:24.624 W/WindowManager(  787): mPolicyVisibility=false mPolicyVisibilityAfterAnim=false mAppOpVisibility=true mAttachedHidden=false
03-11 15:15:24.624 W/WindowManager(  787): mGivenContentInsets=[0,0][0,0] mGivenVisibleInsets=[0,0][0,0]
03-11 15:15:24.624 W/WindowManager(  787): mConfiguration={1.0 244mcc21mnc en_US ldltr sw360dp w360dp h567dp 480dpi nrml port finger -keyb/v/h -nav/h s.5}
03-11 15:15:24.624 W/WindowManager(  787): mHasSurface=true mShownFrame=[0.0,0.0][1080.0,1776.0] isReadyForDisplay()=false
03-11 15:15:24.624 W/WindowManager(  787): mFrame=[0,0][1080,1776] last=[0,0][1080,1776]
03-11 15:15:24.624 W/WindowManager(  787): mSystemDecorRect=[0,0][960,1579] last=[0,0][960,1579]
03-11 15:15:24.624 W/WindowManager(  787): mCompatFrame=[0,0][960,1579]
03-11 15:15:24.624 W/WindowManager(  787): Frames: containing=[0,0][1080,1776] parent=[0,0][1080,1776]
03-11 15:15:24.624 W/WindowManager(  787):     display=[0,0][1080,1776] overscan=[0,0][1080,1920]
03-11 15:15:24.624 W/WindowManager(  787):     content=[0,75][1080,1776] visible=[0,75][1080,1776]
03-11 15:15:24.624 W/WindowManager(  787):     decor=[0,0][1080,1920]
03-11 15:15:24.624 W/WindowManager(  787): Cur insets: overscan=[0,0][0,0] content=[0,67][0,0] visible=[0,67][0,0]
03-11 15:15:24.624 W/WindowManager(  787): Lst insets: overscan=[0,0][0,0] content=[0,67][0,0] visible=[0,67][0,0]
03-11 15:15:24.624 W/WindowManager(  787): WindowStateAnimator{4332b130 com.android.helloworldjava/com.android.helloworldjava.HelloWorld}:
03-11 15:15:24.624 W/WindowManager(  787):   mSurface=Surface(name=com.android.helloworldjava/com.android.helloworldjava.HelloWorld)
03-11 15:15:24.624 W/WindowManager(  787):   mDrawState=HAS_DRAWN mLastHidden=true
03-11 15:15:24.624 W/WindowManager(  787):   Surface: shown=false layer=21005 alpha=0.0 rect=(0.0,0.0) 960.0 x 1579.0
03-11 15:15:24.624 W/WindowManager(  787):   mShownAlpha=1.0 mAlpha=1.0 mLastAlpha=-1.0
03-11 15:15:24.624 W/WindowManager(  787):   mGlobalScale=1.1247625 mDsDx=1.1247625 mDtDx=0.0 mDsDy=0.0 mDtDy=1.1247625
03-11 15:15:24.624 W/WindowManager(  787): Current app token list:
03-11 15:15:24.624 V/WindowManager(  787):   Display 0
03-11 15:15:24.624 V/WindowManager(  787):   #0: Token{431c70b8 ActivityRecord{431c6e40 u0 com.google.android.googlequicksearchbox/com.google.android.launcher.GEL t1}}
03-11 15:15:24.624 W/WindowManager(  787): Final window list:
03-11 15:15:24.624 V/WindowManager(  787):   #0: Window{4310ebb0 u0 SearchPanel}
03-11 15:15:24.624 V/WindowManager(  787):   #1: Window{431530f0 u0 NavigationBar}
03-11 15:15:24.624 V/WindowManager(  787):   #2: Window{431761b0 u0 StatusBar}
03-11 15:15:24.624 V/WindowManager(  787):   #3: Window{43487448 u0 Keyguard}
03-11 15:15:24.624 V/WindowManager(  787):   #4: Window{431d6288 u0 KeyguardScrim}
03-11 15:15:24.624 V/WindowManager(  787):   #5: Window{434772f8 u0 com.google.android.googlequicksearchbox/com.google.android.launcher.GEL}
03-11 15:15:24.624 V/WindowManager(  787):   #6: Window{434973c8 u0 com.android.systemui.ImageWallpaper}
03-11 15:15:24.624 I/WindowState(  787): WIN DEATH: Window{433827b0 u0 com.android.helloworldjava/com.android.helloworldjava.HelloWorld}
03-11 15:15:24.644 D/keystore(  186): calling clear_uid in state: 3
03-11 15:15:24.644 D/Documents( 3205): Used cached roots for com.android.providers.downloads.documents
03-11 15:15:24.644 D/Documents( 3205): Used cached roots for com.android.externalstorage.documents
03-11 15:15:24.644 D/Documents( 3205): Used cached roots for com.android.providers.media.documents
03-11 15:15:24.644 D/Documents( 3205): Used cached roots for com.google.android.apps.docs.storage
03-11 15:15:24.644 D/Documents( 3205): Update found 7 roots in 6ms
03-11 15:15:24.664 D/PackageBroadcastService(  983): Received broadcast action=android.intent.action.PACKAGE_DATA_CLEARED and uri=com.android.helloworldjava
03-11 15:15:24.684 I/Icing   (  983): doRemovePackageData com.android.helloworldjava
03-11 15:15:24.684 D/AndroidRuntime( 3443): Shutting down VM
03-11 15:15:24.684 D/dalvikvm( 3443): GC_CONCURRENT freed 94K, 15% free 558K/656K, paused 0ms+0ms, total 2ms
03-11 15:15:26.174 D/AndroidRuntime( 3484): 
03-11 15:15:26.174 D/AndroidRuntime( 3484): >>>>>> AndroidRuntime START com.android.internal.os.RuntimeInit <<<<<<
03-11 15:15:26.174 D/AndroidRuntime( 3484): CheckJNI is OFF
03-11 15:15:26.184 D/dalvikvm( 3484): Trying to load lib libjavacore.so 0x0
03-11 15:15:26.184 D/dalvikvm( 3484): Added shared lib libjavacore.so 0x0
03-11 15:15:26.184 D/dalvikvm( 3484): Trying to load lib libnativehelper.so 0x0
03-11 15:15:26.184 D/dalvikvm( 3484): Added shared lib libnativehelper.so 0x0
03-11 15:15:26.184 D/dalvikvm( 3484): No JNI_OnLoad found in libnativehelper.so 0x0, skipping init
03-11 15:15:26.204 D/dalvikvm( 3484): Note: class Landroid/app/ActivityManagerNative; has 179 unimplemented (abstract) methods
03-11 15:15:26.324 D/AndroidRuntime( 3484): Calling main entry com.android.commands.am.Am
03-11 15:15:26.334 I/ActivityManager(  787): START u0 {flg=0x10000000 cmp=com.android.helloworldjava/.HelloWorld} from pid 3484
03-11 15:15:26.644 D/AndroidRuntime( 3484): Shutting down VM
03-11 15:15:26.644 D/dalvikvm( 3484): GC_CONCURRENT freed 95K, 15% free 586K/684K, paused 1ms+0ms, total 2ms
03-11 15:15:26.644 I/WindowManager(  787): Screenshot max retries 4 of Token{431c70b8 ActivityRecord{431c6e40 u0 com.google.android.googlequicksearchbox/com.google.android.launcher.GEL t1}} appWin=Window{434772f8 u0 com.google.android.googlequicksearchbox/com.google.android.launcher.GEL} drawState=4
03-11 15:15:26.644 W/WindowManager(  787): Screenshot failure taking screenshot for (1080x1920) to layer 21000
03-11 15:15:26.644 I/ActivityManager(  787): Start proc com.android.helloworldjava for activity com.android.helloworldjava/.HelloWorld: pid=3502 uid=10082 gids={50082, 1028, 1015}
03-11 15:15:26.734 I/ActivityManager(  787): Displayed com.android.helloworldjava/.HelloWorld: +90ms
03-11 15:15:47.104 D/AndroidRuntime( 3519): 
03-11 15:15:47.104 D/AndroidRuntime( 3519): >>>>>> AndroidRuntime START com.android.internal.os.RuntimeInit <<<<<<
03-11 15:15:47.104 D/AndroidRuntime( 3519): CheckJNI is OFF
03-11 15:15:47.114 D/dalvikvm( 3519): Trying to load lib libjavacore.so 0x0
03-11 15:15:47.114 D/dalvikvm( 3519): Added shared lib libjavacore.so 0x0
03-11 15:15:47.124 D/dalvikvm( 3519): Trying to load lib libnativehelper.so 0x0
03-11 15:15:47.124 D/dalvikvm( 3519): Added shared lib libnativehelper.so 0x0
03-11 15:15:47.124 D/dalvikvm( 3519): No JNI_OnLoad found in libnativehelper.so 0x0, skipping init
03-11 15:15:47.144 D/dalvikvm( 3519): Note: class Landroid/app/ActivityManagerNative; has 179 unimplemented (abstract) methods
03-11 15:15:47.294 D/AndroidRuntime( 3519): Calling main entry com.android.commands.pm.Pm
03-11 15:15:47.294 I/ActivityManager(  787): Force stopping com.android.helloworldjava appid=10082 user=0: clear data
03-11 15:15:47.294 I/ActivityManager(  787): Killing 3502:com.android.helloworldjava/u0a82 (adj 0): stop com.android.helloworldjava
03-11 15:15:47.294 W/ActivityManager(  787): Force removing ActivityRecord{4337dc58 u0 com.android.helloworldjava/.HelloWorld t5}: app died, no saved state
03-11 15:15:47.304 W/WindowManager(  787): Rebuild removed 2 windows but added 1
03-11 15:15:47.304 W/WindowManager(  787): java.lang.RuntimeException: here
03-11 15:15:47.304 W/WindowManager(  787): 	at com.android.server.wm.WindowManagerService.rebuildAppWindowListLocked(WindowManagerService.java:8011)
03-11 15:15:47.304 W/WindowManager(  787): 	at com.android.server.wm.WindowManagerService.rebuildAppWindowListLocked(WindowManagerService.java:7947)
03-11 15:15:47.304 W/WindowManager(  787): 	at com.android.server.wm.WindowManagerService.handleAppTransitionReadyLocked(WindowManagerService.java:8430)
03-11 15:15:47.304 W/WindowManager(  787): 	at com.android.server.wm.WindowManagerService.performLayoutAndPlaceSurfacesLockedInner(WindowManagerService.java:9193)
03-11 15:15:47.304 W/WindowManager(  787): 	at com.android.server.wm.WindowManagerService.performLayoutAndPlaceSurfacesLockedLoop(WindowManagerService.java:8163)
03-11 15:15:47.304 W/WindowManager(  787): 	at com.android.server.wm.WindowManagerService.performLayoutAndPlaceSurfacesLocked(WindowManagerService.java:8105)
03-11 15:15:47.304 W/WindowManager(  787): 	at com.android.server.wm.WindowManagerService.executeAppTransition(WindowManagerService.java:3918)
03-11 15:15:47.304 W/WindowManager(  787): 	at com.android.server.am.ActivityStackSupervisor.reportResumedActivityLocked(ActivityStackSupervisor.java:2241)
03-11 15:15:47.304 W/WindowManager(  787): 	at com.android.server.am.ActivityStack.completeResumeLocked(ActivityStack.java:968)
03-11 15:15:47.304 W/WindowManager(  787): 	at com.android.server.am.ActivityStack.resumeTopActivityLocked(ActivityStack.java:1631)
03-11 15:15:47.304 W/WindowManager(  787): 	at com.android.server.am.ActivityStackSupervisor.resumeTopActivitiesLocked(ActivityStackSupervisor.java:2022)
03-11 15:15:47.304 W/WindowManager(  787): 	at com.android.server.am.ActivityStackSupervisor.resumeTopActivitiesLocked(ActivityStackSupervisor.java:2009)
03-11 15:15:47.304 W/WindowManager(  787): 	at com.android.server.am.ActivityManagerService.forceStopPackageLocked(ActivityManagerService.java:4750)
03-11 15:15:47.304 W/WindowManager(  787): 	at com.android.server.am.ActivityManagerService.forceStopPackageLocked(ActivityManagerService.java:4496)
03-11 15:15:47.304 W/WindowManager(  787): 	at com.android.server.am.ActivityManagerService.clearApplicationUserData(ActivityManagerService.java:4176)
03-11 15:15:47.304 W/WindowManager(  787): 	at android.app.ActivityManagerNative.onTransact(ActivityManagerNative.java:1114)
03-11 15:15:47.304 W/WindowManager(  787): 	at com.android.server.am.ActivityManagerService.onTransact(ActivityManagerService.java:2071)
03-11 15:15:47.304 W/WindowManager(  787): 	at android.os.Binder.execTransact(Binder.java:404)
03-11 15:15:47.304 W/WindowManager(  787): 	at dalvik.system.NativeStart.run(Native Method)
03-11 15:15:47.304 W/WindowManager(  787): This window was lost: Window{433430b0 u0 com.android.helloworldjava/com.android.helloworldjava.HelloWorld}
03-11 15:15:47.304 W/WindowManager(  787): mDisplayId=0 mSession=Session{432eaa70 3502:u0a10082} mClient=android.os.BinderProxy@43342e40
03-11 15:15:47.304 W/WindowManager(  787): mOwnerUid=10082 mShowToOwnerOnly=true package=com.android.helloworldjava appop=NONE
03-11 15:15:47.304 W/WindowManager(  787): mAttrs=WM.LayoutParams{(0,0)(fillxfill) sim=#120 ty=1 fl=#40010100 compatible=true pfl=0x88 wanim=0x1030001}
03-11 15:15:47.304 W/WindowManager(  787): Requested w=1080 h=1776 mLayoutSeq=124
03-11 15:15:47.304 W/WindowManager(  787): mBaseLayer=21000 mSubLayer=0 mAnimLayer=21005+0=21005 mLastLayer=0
03-11 15:15:47.304 W/WindowManager(  787): mToken=AppWindowToken{4335ca88 token=Token{4337ddb8 ActivityRecord{4337dc58 u0 com.android.helloworldjava/.HelloWorld t5}}}
03-11 15:15:47.304 W/WindowManager(  787): mRootToken=AppWindowToken{4335ca88 token=Token{4337ddb8 ActivityRecord{4337dc58 u0 com.android.helloworldjava/.HelloWorld t5}}}
03-11 15:15:47.304 W/WindowManager(  787): mAppToken=AppWindowToken{4335ca88 token=Token{4337ddb8 ActivityRecord{4337dc58 u0 com.android.helloworldjava/.HelloWorld t5}}}
03-11 15:15:47.304 W/WindowManager(  787): mViewVisibility=0x0 mHaveFrame=true mObscured=true
03-11 15:15:47.304 W/WindowManager(  787): mSeq=0 mSystemUiVisibility=0x0
03-11 15:15:47.304 W/WindowManager(  787): mPolicyVisibility=false mPolicyVisibilityAfterAnim=false mAppOpVisibility=true mAttachedHidden=false
03-11 15:15:47.304 W/WindowManager(  787): mGivenContentInsets=[0,0][0,0] mGivenVisibleInsets=[0,0][0,0]
03-11 15:15:47.304 W/WindowManager(  787): mConfiguration={1.0 244mcc21mnc en_US ldltr sw360dp w360dp h567dp 480dpi nrml port finger -keyb/v/h -nav/h s.5}
03-11 15:15:47.304 W/WindowManager(  787): mHasSurface=true mShownFrame=[0.0,0.0][1080.0,1776.0] isReadyForDisplay()=false
03-11 15:15:47.304 W/WindowManager(  787): mFrame=[0,0][1080,1776] last=[0,0][1080,1776]
03-11 15:15:47.304 W/WindowManager(  787): mSystemDecorRect=[0,0][960,1579] last=[0,0][960,1579]
03-11 15:15:47.304 W/WindowManager(  787): mCompatFrame=[0,0][960,1579]
03-11 15:15:47.304 W/WindowManager(  787): Frames: containing=[0,0][1080,1776] parent=[0,0][1080,1776]
03-11 15:15:47.304 W/WindowManager(  787):     display=[0,0][1080,1776] overscan=[0,0][1080,1920]
03-11 15:15:47.304 W/WindowManager(  787):     content=[0,75][1080,1776] visible=[0,75][1080,1776]
03-11 15:15:47.304 W/WindowManager(  787):     decor=[0,0][1080,1920]
03-11 15:15:47.304 W/WindowManager(  787): Cur insets: overscan=[0,0][0,0] content=[0,67][0,0] visible=[0,67][0,0]
03-11 15:15:47.304 W/WindowManager(  787): Lst insets: overscan=[0,0][0,0] content=[0,67][0,0] visible=[0,67][0,0]
03-11 15:15:47.304 W/WindowManager(  787): WindowStateAnimator{43343640 com.android.helloworldjava/com.android.helloworldjava.HelloWorld}:
03-11 15:15:47.304 W/WindowManager(  787):   mSurface=Surface(name=com.android.helloworldjava/com.android.helloworldjava.HelloWorld)
03-11 15:15:47.304 W/WindowManager(  787):   mDrawState=HAS_DRAWN mLastHidden=true
03-11 15:15:47.304 W/WindowManager(  787):   Surface: shown=false layer=21005 alpha=0.0 rect=(0.0,0.0) 960.0 x 1579.0
03-11 15:15:47.304 W/WindowManager(  787):   mShownAlpha=1.0 mAlpha=1.0 mLastAlpha=-1.0
03-11 15:15:47.304 W/WindowManager(  787):   mGlobalScale=1.1247625 mDsDx=1.1247625 mDtDx=0.0 mDsDy=0.0 mDtDy=1.1247625
03-11 15:15:47.304 W/WindowManager(  787): Current app token list:
03-11 15:15:47.304 V/WindowManager(  787):   Display 0
03-11 15:15:47.304 V/WindowManager(  787):   #0: Token{431c70b8 ActivityRecord{431c6e40 u0 com.google.android.googlequicksearchbox/com.google.android.launcher.GEL t1}}
03-11 15:15:47.304 W/WindowManager(  787): Final window list:
03-11 15:15:47.304 V/WindowManager(  787):   #0: Window{4310ebb0 u0 SearchPanel}
03-11 15:15:47.304 V/WindowManager(  787):   #1: Window{431530f0 u0 NavigationBar}
03-11 15:15:47.304 V/WindowManager(  787):   #2: Window{431761b0 u0 StatusBar}
03-11 15:15:47.304 V/WindowManager(  787):   #3: Window{43487448 u0 Keyguard}
03-11 15:15:47.304 V/WindowManager(  787):   #4: Window{431d6288 u0 KeyguardScrim}
03-11 15:15:47.304 V/WindowManager(  787):   #5: Window{434772f8 u0 com.google.android.googlequicksearchbox/com.google.android.launcher.GEL}
03-11 15:15:47.304 V/WindowManager(  787):   #6: Window{434973c8 u0 com.android.systemui.ImageWallpaper}
03-11 15:15:47.314 W/InputDispatcher(  787): channel '433430b0 com.android.helloworldjava/com.android.helloworldjava.HelloWorld (server)' ~ Consumer closed input channel or an error occurred.  events=0x9
03-11 15:15:47.314 E/InputDispatcher(  787): channel '433430b0 com.android.helloworldjava/com.android.helloworldjava.HelloWorld (server)' ~ Channel is unrecoverably broken and will be disposed!
03-11 15:15:47.314 W/InputDispatcher(  787): Attempted to unregister already unregistered input channel '433430b0 com.android.helloworldjava/com.android.helloworldjava.HelloWorld (server)'
03-11 15:15:47.314 I/WindowState(  787): WIN DEATH: Window{433430b0 u0 com.android.helloworldjava/com.android.helloworldjava.HelloWorld}
03-11 15:15:47.334 D/PackageBroadcastService(  983): Received broadcast action=android.intent.action.PACKAGE_DATA_CLEARED and uri=com.android.helloworldjava
03-11 15:15:47.334 D/Documents( 3205): Used cached roots for com.android.providers.downloads.documents
03-11 15:15:47.334 D/Documents( 3205): Used cached roots for com.android.externalstorage.documents
03-11 15:15:47.334 D/Documents( 3205): Used cached roots for com.android.providers.media.documents
03-11 15:15:47.334 D/Documents( 3205): Used cached roots for com.google.android.apps.docs.storage
03-11 15:15:47.334 D/Documents( 3205): Update found 7 roots in 8ms
03-11 15:15:47.334 I/Icing   (  983): doRemovePackageData com.android.helloworldjava
03-11 15:15:47.334 D/keystore(  186): calling clear_uid in state: 3
03-11 15:15:47.354 D/AndroidRuntime( 3519): Shutting down VM
03-11 15:15:47.354 D/dalvikvm( 3519): GC_CONCURRENT freed 95K, 15% free 558K/656K, paused 1ms+0ms, total 3ms
03-11 15:15:48.814 D/AndroidRuntime( 3545): 
03-11 15:15:48.814 D/AndroidRuntime( 3545): >>>>>> AndroidRuntime START com.android.internal.os.RuntimeInit <<<<<<
03-11 15:15:48.814 D/AndroidRuntime( 3545): CheckJNI is OFF
03-11 15:15:48.824 D/dalvikvm( 3545): Trying to load lib libjavacore.so 0x0
03-11 15:15:48.824 D/dalvikvm( 3545): Added shared lib libjavacore.so 0x0
03-11 15:15:48.834 D/dalvikvm( 3545): Trying to load lib libnativehelper.so 0x0
03-11 15:15:48.834 D/dalvikvm( 3545): Added shared lib libnativehelper.so 0x0
03-11 15:15:48.834 D/dalvikvm( 3545): No JNI_OnLoad found in libnativehelper.so 0x0, skipping init
03-11 15:15:48.854 D/dalvikvm( 3545): Note: class Landroid/app/ActivityManagerNative; has 179 unimplemented (abstract) methods
03-11 15:15:49.004 D/AndroidRuntime( 3545): Calling main entry com.android.commands.am.Am
03-11 15:15:49.014 I/ActivityManager(  787): START u0 {flg=0x10000000 cmp=com.android.helloworldjava/.HelloWorld} from pid 3545
03-11 15:15:49.324 D/AndroidRuntime( 3545): Shutting down VM
03-11 15:15:49.324 D/dalvikvm( 3545): GC_CONCURRENT freed 95K, 15% free 586K/684K, paused 1ms+0ms, total 3ms
03-11 15:15:49.324 I/WindowManager(  787): Screenshot max retries 4 of Token{431c70b8 ActivityRecord{431c6e40 u0 com.google.android.googlequicksearchbox/com.google.android.launcher.GEL t1}} appWin=Window{434772f8 u0 com.google.android.googlequicksearchbox/com.google.android.launcher.GEL} drawState=4
03-11 15:15:49.324 W/WindowManager(  787): Screenshot failure taking screenshot for (1080x1920) to layer 21000
03-11 15:15:49.334 I/ActivityManager(  787): Start proc com.android.helloworldjava for activity com.android.helloworldjava/.HelloWorld: pid=3572 uid=10082 gids={50082, 1028, 1015}
03-11 15:15:49.444 I/ActivityManager(  787): Displayed com.android.helloworldjava/.HelloWorld: +126ms
03-11 15:15:59.334 D/dalvikvm( 1002): GC_CONCURRENT freed 402K, 3% free 17342K/17792K, paused 13ms+2ms, total 51ms
03-11 15:15:59.604 V/QcrilMsgTunnelSocket( 1737): After reading offset = 0 remaining = 4 countRead = 4
03-11 15:15:59.604 D/QcrilMsgTunnelSocket( 1737): messageLength extracted from first 4 inputStream reads = 29
03-11 15:15:59.604 V/QcrilMsgTunnelSocket( 1737): offset = 0 remaining = 29 countRead = 0
03-11 15:15:59.644 V/QcrilMsgTunnelSocket( 1737): offset = 0 remaining = 29 countRead = 29
03-11 15:15:59.644 D/QcrilMsgTunnelSocket( 1737): readRilMessage: Buffer = [B@42c0ee10 HexData = [0100000004040000110000005155414c434f4d4def0308000100000001]
03-11 15:15:59.644 V/QcrilMsgTunnelSocket( 1737): Read packet: 29 bytes. Data Available = 32 Position = 0
03-11 15:15:59.644 D/QcrilMsgTunnelSocket( 1737): processResponse. message type = 1. Data Available = 28
03-11 15:15:59.644 D/QcrilMsgTunnelSocket( 1737): ByteArray from parcel = 5155414c434f4d4def0308000100000001
03-11 15:15:59.644 D/QcrilMsgTunnelSocket( 1737): Received RIL_UNSOL_OEM_HOOK_RAW message
03-11 15:15:59.644 D/QcrilMsgTunnelSocket( 1737): Oem ID in RIL_UNSOL_OEM_HOOK_RAW is QUALCOMM
03-11 15:15:59.644 D/QcrilMsgTunnelSocket( 1737): OEM ID check Passed
03-11 15:15:59.644 D/QcrilMsgTunnelSocket( 1737): Response ID in RIL_UNSOL_OEM_HOOK_RAW is 525295
03-11 15:15:59.644 D/QcrilMsgTunnelSocket( 1737): Response ID 525295is not served in this process.
03-11 15:15:59.644 D/QcrilMsgTunnelSocket( 1737): To broadcast an Intent via the notifier to external apps
03-11 15:15:59.644 V/QcrilMsgTunnelSocket( 1737): Before reading offset = 0 remaining = 4 countRead = 0
03-11 15:15:59.664 D/MobileDataStateTracker(  787): default: Broadcast received: android.intent.action.ANY_DATA_STATE apnType=default
03-11 15:15:59.674 D/MobileDataStateTracker(  787): default: Received state=CONNECTED, old=CONNECTED, reason=(unspecified)
03-11 15:15:59.684 D/QcrilMsgTunnelIfaceManager( 1737): handleMessage what=0
03-11 15:15:59.684 D/QcrilMsgTunnelIfaceManager( 1737): Broadcasting intent ACTION_UNSOL_RESPONSE_OEM_HOOK_RAW
03-11 15:15:59.904 I/GCM     ( 1179): GCM message com.google.android.talk 0:1394543602441880%5a539273f9fd7ecd
03-11 15:16:00.014 D/dalvikvm(  787): GC_EXPLICIT freed 2352K, 9% free 25107K/27500K, paused 4ms+5ms, total 87ms
03-11 15:16:00.404 D/ConnectivityService(  787): handleInetConditionHoldEnd: net=0, condition=100, published condition=100
03-11 15:16:04.304 V/QcrilMsgTunnelSocket( 1737): After reading offset = 0 remaining = 4 countRead = 4
03-11 15:16:04.304 D/QcrilMsgTunnelSocket( 1737): messageLength extracted from first 4 inputStream reads = 29
03-11 15:16:04.304 V/QcrilMsgTunnelSocket( 1737): offset = 0 remaining = 29 countRead = 0
03-11 15:16:04.394 V/QcrilMsgTunnelSocket( 1737): offset = 0 remaining = 29 countRead = 29
03-11 15:16:04.394 D/QcrilMsgTunnelSocket( 1737): readRilMessage: Buffer = [B@42c0ee10 HexData = [0100000004040000110000005155414c434f4d4def0308000100000002]
03-11 15:16:04.394 V/QcrilMsgTunnelSocket( 1737): Read packet: 29 bytes. Data Available = 32 Position = 0
03-11 15:16:04.394 D/QcrilMsgTunnelSocket( 1737): processResponse. message type = 1. Data Available = 28
03-11 15:16:04.394 D/QcrilMsgTunnelSocket( 1737): ByteArray from parcel = 5155414c434f4d4def0308000100000002
03-11 15:16:04.394 D/QcrilMsgTunnelSocket( 1737): Received RIL_UNSOL_OEM_HOOK_RAW message
03-11 15:16:04.394 D/QcrilMsgTunnelSocket( 1737): Oem ID in RIL_UNSOL_OEM_HOOK_RAW is QUALCOMM
03-11 15:16:04.394 D/QcrilMsgTunnelSocket( 1737): OEM ID check Passed
03-11 15:16:04.394 D/QcrilMsgTunnelSocket( 1737): Response ID in RIL_UNSOL_OEM_HOOK_RAW is 525295
03-11 15:16:04.394 D/QcrilMsgTunnelSocket( 1737): Response ID 525295is not served in this process.
03-11 15:16:04.394 D/QcrilMsgTunnelSocket( 1737): To broadcast an Intent via the notifier to external apps
03-11 15:16:04.394 V/QcrilMsgTunnelSocket( 1737): Before reading offset = 0 remaining = 4 countRead = 0
03-11 15:16:04.394 D/QcrilMsgTunnelIfaceManager( 1737): handleMessage what=0
03-11 15:16:04.394 D/QcrilMsgTunnelIfaceManager( 1737): Broadcasting intent ACTION_UNSOL_RESPONSE_OEM_HOOK_RAW
03-11 15:16:04.404 D/MobileDataStateTracker(  787): default: Broadcast received: android.intent.action.ANY_DATA_STATE apnType=default
03-11 15:16:04.404 D/MobileDataStateTracker(  787): default: Received state=CONNECTED, old=CONNECTED, reason=(unspecified)
03-11 15:16:04.454 V/QcrilMsgTunnelSocket( 1737): After reading offset = 0 remaining = 4 countRead = 4
03-11 15:16:04.454 D/QcrilMsgTunnelSocket( 1737): messageLength extracted from first 4 inputStream reads = 29
03-11 15:16:04.454 V/QcrilMsgTunnelSocket( 1737): offset = 0 remaining = 29 countRead = 0
03-11 15:16:04.454 V/QcrilMsgTunnelSocket( 1737): offset = 0 remaining = 29 countRead = 29
03-11 15:16:04.454 D/QcrilMsgTunnelSocket( 1737): readRilMessage: Buffer = [B@42c0ee10 HexData = [0100000004040000110000005155414c434f4d4def0308000100000002]
03-11 15:16:04.454 V/QcrilMsgTunnelSocket( 1737): Read packet: 29 bytes. Data Available = 32 Position = 0
03-11 15:16:04.454 D/QcrilMsgTunnelSocket( 1737): processResponse. message type = 1. Data Available = 28
03-11 15:16:04.454 D/QcrilMsgTunnelSocket( 1737): ByteArray from parcel = 5155414c434f4d4def0308000100000002
03-11 15:16:04.454 D/QcrilMsgTunnelSocket( 1737): Received RIL_UNSOL_OEM_HOOK_RAW message
03-11 15:16:04.454 D/QcrilMsgTunnelSocket( 1737): Oem ID in RIL_UNSOL_OEM_HOOK_RAW is QUALCOMM
03-11 15:16:04.454 D/QcrilMsgTunnelSocket( 1737): OEM ID check Passed
03-11 15:16:04.454 D/QcrilMsgTunnelSocket( 1737): Response ID in RIL_UNSOL_OEM_HOOK_RAW is 525295
03-11 15:16:04.454 D/QcrilMsgTunnelSocket( 1737): Response ID 525295is not served in this process.
03-11 15:16:04.454 D/QcrilMsgTunnelSocket( 1737): To broadcast an Intent via the notifier to external apps
03-11 15:16:04.454 V/QcrilMsgTunnelSocket( 1737): Before reading offset = 0 remaining = 4 countRead = 0
03-11 15:16:04.454 D/QcrilMsgTunnelIfaceManager( 1737): handleMessage what=0
03-11 15:16:04.454 D/QcrilMsgTunnelIfaceManager( 1737): Broadcasting intent ACTION_UNSOL_RESPONSE_OEM_HOOK_RAW
03-11 15:16:04.644 V/QcrilMsgTunnelSocket( 1737): After reading offset = 0 remaining = 4 countRead = 4
03-11 15:16:04.644 D/QcrilMsgTunnelSocket( 1737): messageLength extracted from first 4 inputStream reads = 29
03-11 15:16:04.644 V/QcrilMsgTunnelSocket( 1737): offset = 0 remaining = 29 countRead = 0
03-11 15:16:04.644 V/QcrilMsgTunnelSocket( 1737): offset = 0 remaining = 29 countRead = 29
03-11 15:16:04.644 D/QcrilMsgTunnelSocket( 1737): readRilMessage: Buffer = [B@42c0ee10 HexData = [0100000004040000110000005155414c434f4d4def0308000100000002]
03-11 15:16:04.644 V/QcrilMsgTunnelSocket( 1737): Read packet: 29 bytes. Data Available = 32 Position = 0
03-11 15:16:04.644 D/QcrilMsgTunnelSocket( 1737): processResponse. message type = 1. Data Available = 28
03-11 15:16:04.644 D/QcrilMsgTunnelSocket( 1737): ByteArray from parcel = 5155414c434f4d4def0308000100000002
03-11 15:16:04.644 D/QcrilMsgTunnelSocket( 1737): Received RIL_UNSOL_OEM_HOOK_RAW message
03-11 15:16:04.644 D/QcrilMsgTunnelSocket( 1737): Oem ID in RIL_UNSOL_OEM_HOOK_RAW is QUALCOMM
03-11 15:16:04.644 D/QcrilMsgTunnelSocket( 1737): OEM ID check Passed
03-11 15:16:04.644 D/QcrilMsgTunnelSocket( 1737): Response ID in RIL_UNSOL_OEM_HOOK_RAW is 525295
03-11 15:16:04.644 D/QcrilMsgTunnelSocket( 1737): Response ID 525295is not served in this process.
03-11 15:16:04.644 D/QcrilMsgTunnelSocket( 1737): To broadcast an Intent via the notifier to external apps
03-11 15:16:04.644 D/QcrilMsgTunnelIfaceManager( 1737): handleMessage what=0
03-11 15:16:04.644 D/QcrilMsgTunnelIfaceManager( 1737): Broadcasting intent ACTION_UNSOL_RESPONSE_OEM_HOOK_RAW
03-11 15:16:04.654 V/QcrilMsgTunnelSocket( 1737): Before reading offset = 0 remaining = 4 countRead = 0
03-11 15:16:09.784 D/AndroidRuntime( 3625): 
03-11 15:16:09.784 D/AndroidRuntime( 3625): >>>>>> AndroidRuntime START com.android.internal.os.RuntimeInit <<<<<<
03-11 15:16:09.784 D/AndroidRuntime( 3625): CheckJNI is OFF
03-11 15:16:09.794 D/dalvikvm( 3625): Trying to load lib libjavacore.so 0x0
03-11 15:16:09.794 D/dalvikvm( 3625): Added shared lib libjavacore.so 0x0
03-11 15:16:09.804 D/dalvikvm( 3625): Trying to load lib libnativehelper.so 0x0
03-11 15:16:09.804 D/dalvikvm( 3625): Added shared lib libnativehelper.so 0x0
03-11 15:16:09.804 D/dalvikvm( 3625): No JNI_OnLoad found in libnativehelper.so 0x0, skipping init
03-11 15:16:09.824 D/dalvikvm( 3625): Note: class Landroid/app/ActivityManagerNative; has 179 unimplemented (abstract) methods
03-11 15:16:09.944 D/AndroidRuntime( 3625): Calling main entry com.android.commands.pm.Pm
03-11 15:16:09.944 I/ActivityManager(  787): Force stopping com.android.helloworldjava appid=10082 user=0: clear data
03-11 15:16:09.944 I/ActivityManager(  787): Killing 3572:com.android.helloworldjava/u0a82 (adj 0): stop com.android.helloworldjava
03-11 15:16:09.944 W/ActivityManager(  787): Force removing ActivityRecord{432c57c0 u0 com.android.helloworldjava/.HelloWorld t6}: app died, no saved state
03-11 15:16:09.954 W/InputDispatcher(  787): channel '433a43e0 com.android.helloworldjava/com.android.helloworldjava.HelloWorld (server)' ~ Consumer closed input channel or an error occurred.  events=0x9
03-11 15:16:09.954 E/InputDispatcher(  787): channel '433a43e0 com.android.helloworldjava/com.android.helloworldjava.HelloWorld (server)' ~ Channel is unrecoverably broken and will be disposed!
03-11 15:16:09.954 W/WindowManager(  787): Rebuild removed 2 windows but added 1
03-11 15:16:09.954 W/WindowManager(  787): java.lang.RuntimeException: here
03-11 15:16:09.954 W/WindowManager(  787): 	at com.android.server.wm.WindowManagerService.rebuildAppWindowListLocked(WindowManagerService.java:8011)
03-11 15:16:09.954 W/WindowManager(  787): 	at com.android.server.wm.WindowManagerService.rebuildAppWindowListLocked(WindowManagerService.java:7947)
03-11 15:16:09.954 W/WindowManager(  787): 	at com.android.server.wm.WindowManagerService.handleAppTransitionReadyLocked(WindowManagerService.java:8430)
03-11 15:16:09.954 W/WindowManager(  787): 	at com.android.server.wm.WindowManagerService.performLayoutAndPlaceSurfacesLockedInner(WindowManagerService.java:9193)
03-11 15:16:09.954 W/WindowManager(  787): 	at com.android.server.wm.WindowManagerService.performLayoutAndPlaceSurfacesLockedLoop(WindowManagerService.java:8163)
03-11 15:16:09.954 W/WindowManager(  787): 	at com.android.server.wm.WindowManagerService.performLayoutAndPlaceSurfacesLocked(WindowManagerService.java:8105)
03-11 15:16:09.954 W/WindowManager(  787): 	at com.android.server.wm.WindowManagerService.executeAppTransition(WindowManagerService.java:3918)
03-11 15:16:09.954 W/WindowManager(  787): 	at com.android.server.am.ActivityStackSupervisor.reportResumedActivityLocked(ActivityStackSupervisor.java:2241)
03-11 15:16:09.954 W/WindowManager(  787): 	at com.android.server.am.ActivityStack.completeResumeLocked(ActivityStack.java:968)
03-11 15:16:09.954 W/WindowManager(  787): 	at com.android.server.am.ActivityStack.resumeTopActivityLocked(ActivityStack.java:1631)
03-11 15:16:09.954 W/WindowManager(  787): 	at com.android.server.am.ActivityStackSupervisor.resumeTopActivitiesLocked(ActivityStackSupervisor.java:2022)
03-11 15:16:09.954 W/WindowManager(  787): 	at com.android.server.am.ActivityStackSupervisor.resumeTopActivitiesLocked(ActivityStackSupervisor.java:2009)
03-11 15:16:09.954 W/WindowManager(  787): 	at com.android.server.am.ActivityManagerService.forceStopPackageLocked(ActivityManagerService.java:4750)
03-11 15:16:09.954 W/WindowManager(  787): 	at com.android.server.am.ActivityManagerService.forceStopPackageLocked(ActivityManagerService.java:4496)
03-11 15:16:09.954 W/WindowManager(  787): 	at com.android.server.am.ActivityManagerService.clearApplicationUserData(ActivityManagerService.java:4176)
03-11 15:16:09.954 W/WindowManager(  787): 	at android.app.ActivityManagerNative.onTransact(ActivityManagerNative.java:1114)
03-11 15:16:09.954 W/WindowManager(  787): 	at com.android.server.am.ActivityManagerService.onTransact(ActivityManagerService.java:2071)
03-11 15:16:09.954 W/WindowManager(  787): 	at android.os.Binder.execTransact(Binder.java:404)
03-11 15:16:09.954 W/WindowManager(  787): 	at dalvik.system.NativeStart.run(Native Method)
03-11 15:16:09.954 W/WindowManager(  787): This window was lost: Window{433a43e0 u0 com.android.helloworldjava/com.android.helloworldjava.HelloWorld}
03-11 15:16:09.954 W/WindowManager(  787): mDisplayId=0 mSession=Session{433a3f38 3572:u0a10082} mClient=android.os.BinderProxy@433a4170
03-11 15:16:09.954 W/WindowManager(  787): mOwnerUid=10082 mShowToOwnerOnly=true package=com.android.helloworldjava appop=NONE
03-11 15:16:09.954 W/WindowManager(  787): mAttrs=WM.LayoutParams{(0,0)(fillxfill) sim=#120 ty=1 fl=#40010100 compatible=true pfl=0x88 wanim=0x1030001}
03-11 15:16:09.954 W/WindowManager(  787): Requested w=1080 h=1776 mLayoutSeq=145
03-11 15:16:09.954 W/WindowManager(  787): mBaseLayer=21000 mSubLayer=0 mAnimLayer=21005+0=21005 mLastLayer=0
03-11 15:16:09.954 W/WindowManager(  787): mToken=AppWindowToken{432c60c8 token=Token{432c5920 ActivityRecord{432c57c0 u0 com.android.helloworldjava/.HelloWorld t6}}}
03-11 15:16:09.954 W/WindowManager(  787): mRootToken=AppWindowToken{432c60c8 token=Token{432c5920 ActivityRecord{432c57c0 u0 com.android.helloworldjava/.HelloWorld t6}}}
03-11 15:16:09.954 W/WindowManager(  787): mAppToken=AppWindowToken{432c60c8 token=Token{432c5920 ActivityRecord{432c57c0 u0 com.android.helloworldjava/.HelloWorld t6}}}
03-11 15:16:09.954 W/WindowManager(  787): mViewVisibility=0x0 mHaveFrame=true mObscured=true
03-11 15:16:09.954 W/WindowManager(  787): mSeq=0 mSystemUiVisibility=0x0
03-11 15:16:09.954 W/WindowManager(  787): mPolicyVisibility=false mPolicyVisibilityAfterAnim=false mAppOpVisibility=true mAttachedHidden=false
03-11 15:16:09.954 W/WindowManager(  787): mGivenContentInsets=[0,0][0,0] mGivenVisibleInsets=[0,0][0,0]
03-11 15:16:09.954 W/WindowManager(  787): mConfiguration={1.0 244mcc21mnc en_US ldltr sw360dp w360dp h567dp 480dpi nrml port finger -keyb/v/h -nav/h s.5}
03-11 15:16:09.954 W/WindowManager(  787): mHasSurface=true mShownFrame=[0.0,0.0][1080.0,1776.0] isReadyForDisplay()=false
03-11 15:16:09.954 W/WindowManager(  787): mFrame=[0,0][1080,1776] last=[0,0][1080,1776]
03-11 15:16:09.954 W/WindowManager(  787): mSystemDecorRect=[0,0][960,1579] last=[0,0][960,1579]
03-11 15:16:09.954 W/WindowManager(  787): mCompatFrame=[0,0][960,1579]
03-11 15:16:09.954 W/WindowManager(  787): Frames: containing=[0,0][1080,1776] parent=[0,0][1080,1776]
03-11 15:16:09.954 W/WindowManager(  787):     display=[0,0][1080,1776] overscan=[0,0][1080,1920]
03-11 15:16:09.954 W/WindowManager(  787):     content=[0,75][1080,1776] visible=[0,75][1080,1776]
03-11 15:16:09.954 W/WindowManager(  787):     decor=[0,0][1080,1920]
03-11 15:16:09.954 W/WindowManager(  787): Cur insets: overscan=[0,0][0,0] content=[0,67][0,0] visible=[0,67][0,0]
03-11 15:16:09.954 W/WindowManager(  787): Lst insets: overscan=[0,0][0,0] content=[0,67][0,0] visible=[0,67][0,0]
03-11 15:16:09.954 W/WindowManager(  787): WindowStateAnimator{433a4970 com.android.helloworldjava/com.android.helloworldjava.HelloWorld}:
03-11 15:16:09.954 W/WindowManager(  787):   mSurface=Surface(name=com.android.helloworldjava/com.android.helloworldjava.HelloWorld)
03-11 15:16:09.954 W/WindowManager(  787):   mDrawState=HAS_DRAWN mLastHidden=true
03-11 15:16:09.954 W/WindowManager(  787):   Surface: shown=false layer=21005 alpha=0.0 rect=(0.0,0.0) 960.0 x 1579.0
03-11 15:16:09.954 W/WindowManager(  787):   mShownAlpha=1.0 mAlpha=1.0 mLastAlpha=-1.0
03-11 15:16:09.954 W/WindowManager(  787):   mGlobalScale=1.1247625 mDsDx=1.1247625 mDtDx=0.0 mDsDy=0.0 mDtDy=1.1247625
03-11 15:16:09.954 W/WindowManager(  787): Current app token list:
03-11 15:16:09.954 V/WindowManager(  787):   Display 0
03-11 15:16:09.954 V/WindowManager(  787):   #0: Token{431c70b8 ActivityRecord{431c6e40 u0 com.google.android.googlequicksearchbox/com.google.android.launcher.GEL t1}}
03-11 15:16:09.954 W/WindowManager(  787): Final window list:
03-11 15:16:09.954 V/WindowManager(  787):   #0: Window{4310ebb0 u0 SearchPanel}
03-11 15:16:09.954 V/WindowManager(  787):   #1: Window{431530f0 u0 NavigationBar}
03-11 15:16:09.954 V/WindowManager(  787):   #2: Window{431761b0 u0 StatusBar}
03-11 15:16:09.954 V/WindowManager(  787):   #3: Window{43487448 u0 Keyguard}
03-11 15:16:09.954 V/WindowManager(  787):   #4: Window{431d6288 u0 KeyguardScrim}
03-11 15:16:09.954 V/WindowManager(  787):   #5: Window{434772f8 u0 com.google.android.googlequicksearchbox/com.google.android.launcher.GEL}
03-11 15:16:09.954 V/WindowManager(  787):   #6: Window{434973c8 u0 com.android.systemui.ImageWallpaper}
03-11 15:16:09.964 W/InputDispatcher(  787): Attempted to unregister already unregistered input channel '433a43e0 com.android.helloworldjava/com.android.helloworldjava.HelloWorld (server)'
03-11 15:16:09.964 I/WindowState(  787): WIN DEATH: Window{433a43e0 u0 com.android.helloworldjava/com.android.helloworldjava.HelloWorld}
03-11 15:16:09.974 D/keystore(  186): calling clear_uid in state: 3
03-11 15:16:09.984 D/Documents( 3205): Used cached roots for com.android.providers.downloads.documents
03-11 15:16:09.984 D/Documents( 3205): Used cached roots for com.android.externalstorage.documents
03-11 15:16:09.984 D/Documents( 3205): Used cached roots for com.android.providers.media.documents
03-11 15:16:09.984 D/Documents( 3205): Used cached roots for com.google.android.apps.docs.storage
03-11 15:16:09.984 D/Documents( 3205): Update found 7 roots in 4ms
03-11 15:16:09.984 D/PackageBroadcastService(  983): Received broadcast action=android.intent.action.PACKAGE_DATA_CLEARED and uri=com.android.helloworldjava
03-11 15:16:09.984 I/Icing   (  983): doRemovePackageData com.android.helloworldjava
03-11 15:16:09.994 D/AndroidRuntime( 3625): Shutting down VM
03-11 15:16:09.994 D/dalvikvm( 3625): GC_CONCURRENT freed 94K, 15% free 558K/656K, paused 0ms+0ms, total 2ms
03-11 15:16:11.434 D/AndroidRuntime( 3649): 
03-11 15:16:11.434 D/AndroidRuntime( 3649): >>>>>> AndroidRuntime START com.android.internal.os.RuntimeInit <<<<<<
03-11 15:16:11.434 D/AndroidRuntime( 3649): CheckJNI is OFF
03-11 15:16:11.444 D/dalvikvm( 3649): Trying to load lib libjavacore.so 0x0
03-11 15:16:11.444 D/dalvikvm( 3649): Added shared lib libjavacore.so 0x0
03-11 15:16:11.444 D/dalvikvm( 3649): Trying to load lib libnativehelper.so 0x0
03-11 15:16:11.444 D/dalvikvm( 3649): Added shared lib libnativehelper.so 0x0
03-11 15:16:11.444 D/dalvikvm( 3649): No JNI_OnLoad found in libnativehelper.so 0x0, skipping init
03-11 15:16:11.474 D/dalvikvm( 3649): Note: class Landroid/app/ActivityManagerNative; has 179 unimplemented (abstract) methods
03-11 15:16:11.594 D/AndroidRuntime( 3649): Calling main entry com.android.commands.am.Am
03-11 15:16:11.624 I/ActivityManager(  787): START u0 {flg=0x10000000 cmp=com.android.helloworldjava/.HelloWorld} from pid 3649
03-11 15:16:11.944 D/AndroidRuntime( 3649): Shutting down VM
03-11 15:16:11.944 I/WindowManager(  787): Screenshot max retries 4 of Token{431c70b8 ActivityRecord{431c6e40 u0 com.google.android.googlequicksearchbox/com.google.android.launcher.GEL t1}} appWin=Window{434772f8 u0 com.google.android.googlequicksearchbox/com.google.android.launcher.GEL} drawState=4
03-11 15:16:11.944 W/WindowManager(  787): Screenshot failure taking screenshot for (1080x1920) to layer 21000
03-11 15:16:11.954 D/dalvikvm( 3649): GC_CONCURRENT freed 95K, 15% free 586K/684K, paused 0ms+1ms, total 7ms
03-11 15:16:11.984 I/ActivityManager(  787): Start proc com.android.helloworldjava for activity com.android.helloworldjava/.HelloWorld: pid=3679 uid=10082 gids={50082, 1028, 1015}
03-11 15:16:12.074 I/ActivityManager(  787): Displayed com.android.helloworldjava/.HelloWorld: +128ms
03-11 15:16:25.414 I/rmt_storage(  176): rmt_storage_connect_cb: clnt_h=0x8 conn_h=0xb84ba160
03-11 15:16:25.414 I/rmt_storage(  176): rmt_storage_rw_iovec_cb: /boot/modem_fs1: clnt_h=0x1: req_h=0xc msg_id=3: R/W request received
03-11 15:16:25.414 I/rmt_storage(  176): wakelock acquired: 1, error no: 2
03-11 15:16:25.414 I/rmt_storage(  176): rmt_storage_client_thread: /boot/modem_fs1: clnt_h=0x1 Unblock worker thread (th_id: -1203003696)
03-11 15:16:25.514 I/rmt_storage(  176): rmt_storage_client_thread: /boot/modem_fs1: clnt_h=0x1: req_h=0xc msg_id=3: Bytes written = 1572864
03-11 15:16:25.514 I/rmt_storage(  176): rmt_storage_client_thread: /boot/modem_fs1: clnt_h=0x1: req_h=0xc msg_id=3: Send response: res=0 err=0
03-11 15:16:25.514 I/rmt_storage(  176): rmt_storage_client_thread: /boot/modem_fs1: clnt_h=0x1 About to block rmt_storage client thread (th_id: -1203003696) wakelock released: 1, error no: 0
03-11 15:16:25.514 I/rmt_storage(  176): 
03-11 15:16:25.514 I/rmt_storage(  176): rmt_storage_disconnect_cb: clnt_h=0x0x8 conn_h=0x0xb84ba160
03-11 15:16:32.414 D/AndroidRuntime( 3693): 
03-11 15:16:32.414 D/AndroidRuntime( 3693): >>>>>> AndroidRuntime START com.android.internal.os.RuntimeInit <<<<<<
03-11 15:16:32.414 D/AndroidRuntime( 3693): CheckJNI is OFF
03-11 15:16:32.424 D/dalvikvm( 3693): Trying to load lib libjavacore.so 0x0
03-11 15:16:32.424 D/dalvikvm( 3693): Added shared lib libjavacore.so 0x0
03-11 15:16:32.434 D/dalvikvm( 3693): Trying to load lib libnativehelper.so 0x0
03-11 15:16:32.434 D/dalvikvm( 3693): Added shared lib libnativehelper.so 0x0
03-11 15:16:32.434 D/dalvikvm( 3693): No JNI_OnLoad found in libnativehelper.so 0x0, skipping init
03-11 15:16:32.454 D/dalvikvm( 3693): Note: class Landroid/app/ActivityManagerNative; has 179 unimplemented (abstract) methods
03-11 15:16:32.594 D/AndroidRuntime( 3693): Calling main entry com.android.commands.pm.Pm
03-11 15:16:32.604 I/ActivityManager(  787): Force stopping com.android.helloworldjava appid=10082 user=0: clear data
03-11 15:16:32.604 I/ActivityManager(  787): Killing 3679:com.android.helloworldjava/u0a82 (adj 0): stop com.android.helloworldjava
03-11 15:16:32.604 W/ActivityManager(  787): Force removing ActivityRecord{430fbd98 u0 com.android.helloworldjava/.HelloWorld t7}: app died, no saved state
03-11 15:16:32.614 W/WindowManager(  787): Rebuild removed 2 windows but added 1
03-11 15:16:32.614 W/WindowManager(  787): java.lang.RuntimeException: here
03-11 15:16:32.614 W/WindowManager(  787): 	at com.android.server.wm.WindowManagerService.rebuildAppWindowListLocked(WindowManagerService.java:8011)
03-11 15:16:32.614 W/WindowManager(  787): 	at com.android.server.wm.WindowManagerService.rebuildAppWindowListLocked(WindowManagerService.java:7947)
03-11 15:16:32.614 W/WindowManager(  787): 	at com.android.server.wm.WindowManagerService.handleAppTransitionReadyLocked(WindowManagerService.java:8430)
03-11 15:16:32.614 W/WindowManager(  787): 	at com.android.server.wm.WindowManagerService.performLayoutAndPlaceSurfacesLockedInner(WindowManagerService.java:9193)
03-11 15:16:32.614 W/WindowManager(  787): 	at com.android.server.wm.WindowManagerService.performLayoutAndPlaceSurfacesLockedLoop(WindowManagerService.java:8163)
03-11 15:16:32.614 W/WindowManager(  787): 	at com.android.server.wm.WindowManagerService.performLayoutAndPlaceSurfacesLocked(WindowManagerService.java:8105)
03-11 15:16:32.614 W/WindowManager(  787): 	at com.android.server.wm.WindowManagerService.executeAppTransition(WindowManagerService.java:3918)
03-11 15:16:32.614 W/WindowManager(  787): 	at com.android.server.am.ActivityStackSupervisor.reportResumedActivityLocked(ActivityStackSupervisor.java:2241)
03-11 15:16:32.614 W/WindowManager(  787): 	at com.android.server.am.ActivityStack.completeResumeLocked(ActivityStack.java:968)
03-11 15:16:32.614 W/WindowManager(  787): 	at com.android.server.am.ActivityStack.resumeTopActivityLocked(ActivityStack.java:1631)
03-11 15:16:32.614 W/WindowManager(  787): 	at com.android.server.am.ActivityStackSupervisor.resumeTopActivitiesLocked(ActivityStackSupervisor.java:2022)
03-11 15:16:32.614 W/WindowManager(  787): 	at com.android.server.am.ActivityStackSupervisor.resumeTopActivitiesLocked(ActivityStackSupervisor.java:2009)
03-11 15:16:32.614 W/WindowManager(  787): 	at com.android.server.am.ActivityManagerService.forceStopPackageLocked(ActivityManagerService.java:4750)
03-11 15:16:32.614 W/WindowManager(  787): 	at com.android.server.am.ActivityManagerService.forceStopPackageLocked(ActivityManagerService.java:4496)
03-11 15:16:32.614 W/WindowManager(  787): 	at com.android.server.am.ActivityManagerService.clearApplicationUserData(ActivityManagerService.java:4176)
03-11 15:16:32.614 W/WindowManager(  787): 	at android.app.ActivityManagerNative.onTransact(ActivityManagerNative.java:1114)
03-11 15:16:32.614 W/WindowManager(  787): 	at com.android.server.am.ActivityManagerService.onTransact(ActivityManagerService.java:2071)
03-11 15:16:32.614 W/WindowManager(  787): 	at android.os.Binder.execTransact(Binder.java:404)
03-11 15:16:32.614 W/WindowManager(  787): 	at dalvik.system.NativeStart.run(Native Method)
03-11 15:16:32.614 W/WindowManager(  787): This window was lost: Window{4320bc90 u0 com.android.helloworldjava/com.android.helloworldjava.HelloWorld}
03-11 15:16:32.614 W/WindowManager(  787): mDisplayId=0 mSession=Session{432e87a8 3679:u0a10082} mClient=android.os.BinderProxy@4318d1e8
03-11 15:16:32.614 W/WindowManager(  787): mOwnerUid=10082 mShowToOwnerOnly=true package=com.android.helloworldjava appop=NONE
03-11 15:16:32.614 W/WindowManager(  787): mAttrs=WM.LayoutParams{(0,0)(fillxfill) sim=#120 ty=1 fl=#40010100 compatible=true pfl=0x88 wanim=0x1030001}
03-11 15:16:32.614 W/WindowManager(  787): Requested w=1080 h=1776 mLayoutSeq=165
03-11 15:16:32.614 W/WindowManager(  787): mBaseLayer=21000 mSubLayer=0 mAnimLayer=21005+0=21005 mLastLayer=0
03-11 15:16:32.614 W/WindowManager(  787): mToken=AppWindowToken{434726f0 token=Token{43154e18 ActivityRecord{430fbd98 u0 com.android.helloworldjava/.HelloWorld t7}}}
03-11 15:16:32.614 W/WindowManager(  787): mRootToken=AppWindowToken{434726f0 token=Token{43154e18 ActivityRecord{430fbd98 u0 com.android.helloworldjava/.HelloWorld t7}}}
03-11 15:16:32.614 W/WindowManager(  787): mAppToken=AppWindowToken{434726f0 token=Token{43154e18 ActivityRecord{430fbd98 u0 com.android.helloworldjava/.HelloWorld t7}}}
03-11 15:16:32.614 W/WindowManager(  787): mViewVisibility=0x0 mHaveFrame=true mObscured=true
03-11 15:16:32.614 W/WindowManager(  787): mSeq=0 mSystemUiVisibility=0x0
03-11 15:16:32.614 W/WindowManager(  787): mPolicyVisibility=false mPolicyVisibilityAfterAnim=false mAppOpVisibility=true mAttachedHidden=false
03-11 15:16:32.614 W/WindowManager(  787): mGivenContentInsets=[0,0][0,0] mGivenVisibleInsets=[0,0][0,0]
03-11 15:16:32.614 W/WindowManager(  787): mConfiguration={1.0 244mcc21mnc en_US ldltr sw360dp w360dp h567dp 480dpi nrml port finger -keyb/v/h -nav/h s.5}
03-11 15:16:32.614 W/WindowManager(  787): mHasSurface=true mShownFrame=[0.0,0.0][1080.0,1776.0] isReadyForDisplay()=false
03-11 15:16:32.614 W/WindowManager(  787): mFrame=[0,0][1080,1776] last=[0,0][1080,1776]
03-11 15:16:32.614 W/WindowManager(  787): mSystemDecorRect=[0,0][960,1579] last=[0,0][960,1579]
03-11 15:16:32.614 W/WindowManager(  787): mCompatFrame=[0,0][960,1579]
03-11 15:16:32.614 W/WindowManager(  787): Frames: containing=[0,0][1080,1776] parent=[0,0][1080,1776]
