--------- beginning of /dev/log/main
03-11 15:43:52.552 I/irsc_util(  192): irsc tool created:0xb80bf020
03-11 15:43:52.552 I/irsc_util(  192): Starting irsc tool
03-11 15:43:52.552 I/irsc_util(  192): Trying to open sec config file
03-11 15:43:52.552 I/bdAddrLoader(  200): option : f=/persist/bluetooth/.bdaddr
03-11 15:43:52.552 I/bdAddrLoader(  200): option : h
03-11 15:43:52.552 I/bdAddrLoader(  200): option : x
03-11 15:43:52.552 I/bdAddrLoader(  200): Read From /persist/bluetooth/.bdaddr by Path type(0x11), Data type (0x21)
03-11 15:43:52.562 I/irsc_util(  192): file_parser Number of element :0
03-11 15:43:52.562 I/irsc_util(  192): file_parser Invalid Format or Comment - '/* IPC Security Config */
03-11 15:43:52.562 I/irsc_util(  192): '
03-11 15:43:52.562 I/irsc_util(  192): file_parser Number of element :0
03-11 15:43:52.562 I/irsc_util(  192): file_parser Invalid Format or Comment - '/* <GPS QMI Service ID - 16>:<GPS QMI Instance ID - all instances>:<Client Group ID> */
03-11 15:43:52.562 I/irsc_util(  192): '
03-11 15:43:52.562 I/irsc_util(  192): file_parser Number of element :3
03-11 15:43:52.562 I/irsc_util(  192): file_parser Number of element :0
03-11 15:43:52.562 I/irsc_util(  192): file_parser Invalid Format or Comment - '/* IPC Security Config */
03-11 15:43:52.562 I/irsc_util(  192): '
03-11 15:43:52.562 I/irsc_util(  192): file_parser Number of element :0
03-11 15:43:52.562 I/irsc_util(  192): file_parser Invalid Format or Comment - '/* <GPS QMI Service ID - 16>:<GPS QMI Instance ID - all instances>:<Client Group ID> */
03-11 15:43:52.562 I/irsc_util(  192): '
03-11 15:43:52.562 I/irsc_util(  192): file_parser Number of element :3
03-11 15:43:52.562 I/irsc_util(  192): Feed the sec config info to the router
03-11 15:43:52.562 I/irsc_util(  192): Num of entries:1
03-11 15:43:52.572 I/installd(  189): installd firing up
03-11 15:43:52.642 I/bdAddrLoader(  200): Output Data type(0x22), bPrintout(1), bPath((null))
03-11 15:43:52.642 I/bdAddrLoader(  200): Loaded Data type(0x21)
03-11 15:43:52.642 I/bdAddrLoader(  200): hex_to_ascii() - converted Data (BCEE7B4CA772)
03-11 15:43:52.723 E/WifiUtil(  207): nv bin : /system/etc/wifi/WCNSS_qcom_wlan_nv_deb.bin
03-11 15:43:52.723 I/WifiUtil(  207): Intf0MacAddress=000AF58989FF
03-11 15:43:52.723 E/WifiUtil(  207): Change Intf0MacAddress=BCEE7B4CA773
03-11 15:43:52.763 I/Netd    (  182): Netd 1.0 starting
03-11 15:43:52.763 W/InterfaceController(  182): Warning (dlopen failed: library "/system/lib/libnetcmdiface.so" not found) while opening the net interface command library
03-11 15:43:52.793 I/DEBUG   (  183): debuggerd: Dec  4 2013 23:13:03
--------- beginning of /dev/log/system
03-11 15:43:52.793 I/Vold    (  180): Vold 2.1 (the revenge) firing up
03-11 15:43:52.803 I/ANDR-PERF-LOCK(  198): Listener starting
03-11 15:43:52.803 I/MP-Decision(  198): MPDecision server starting
03-11 15:43:52.803 I/WifiUtil(  207): We don't need to write the default value for NvFilelds
03-11 15:43:52.803 I/MP-Decision(  198): OPTION ENABLED: Control sleep modes
03-11 15:43:52.803 I/MP-Decision(  198): OPTION ENABLED: Adjusting average
03-11 15:43:52.803 I/MP-Decision(  198): Decision parameters CPU 0: Nw=0.000000, Tw=0, Ns=0.000000, Ts=0
03-11 15:43:52.803 I/MP-Decision(  198): util_h_and=0, util_h_or=0, util_low=0
03-11 15:43:52.803 I/MP-Decision(  198): Decision parameters CPU 1: Nw=1.900000, Tw=140, Ns=1.100000, Ts=190
03-11 15:43:52.803 I/MP-Decision(  198): util_h_and=35, util_h_or=75, util_low=20
03-11 15:43:52.803 I/MP-Decision(  198): Decision parameters CPU 2: Nw=2.700000, Tw=90, Ns=2.100000, Ts=240
03-11 15:43:52.803 I/MP-Decision(  198): util_h_and=0, util_h_or=400, util_low=0
03-11 15:43:52.803 I/MP-Decision(  198): Decision parameters CPU 3: Nw=3.500000, Tw=90, Ns=3.100000, Ts=240
03-11 15:43:52.803 I/MP-Decision(  198): util_h_and=0, util_h_or=400, util_low=0
03-11 15:43:52.803 I/MP-Decision(  198): Decision parameters: poll_ms: 9 decision_ms: 50
03-11 15:43:52.803 I/rmt_storage(  193): Target is APQ8064: -1225090102
03-11 15:43:52.853 I/rmt_storage(  193): No EBR found
03-11 15:43:52.853 I/rmt_storage(  193): Error (-1) parsing MBR partitions
03-11 15:43:52.853 I/rmt_storage(  193): Registering modemst1: 0x4a /boot/modem_fs1
03-11 15:43:52.853 I/rmt_storage(  193): Registering modemst2: 0x4b /boot/modem_fs2
03-11 15:43:52.853 I/rmt_storage(  193): Registering fsg: 0x58 /boot/modem_fsg
03-11 15:43:52.853 I/rmt_storage(  193): Registering ssd: 0x5d ssd
03-11 15:43:52.853 I/rmt_storage(  193): 4 GPT partitions found
03-11 15:43:52.873 D/ThermalDaemon(  197): Thermal daemon started
03-11 15:43:52.893 D/QSEECOMAPI: (  191): QSEECom_start_app sb_length = 0x2000
03-11 15:43:52.893 D/QSEECOMAPI: (  191): App is not loaded in QSEE
03-11 15:43:52.903 D/ThermalDaemon(  197): Number of gpus :1
03-11 15:43:52.903 D/ThermalDaemon(  197): adc_sensors_setup: Error opening /sys/devices/platform/msm_ssbi.0/pm8921-core/pm8xxx-adc/pa_therm0
03-11 15:43:52.933 D/ThermalDaemon(  197): Maximum CPU[2] frequency 1512000 KHz
03-11 15:43:52.933 D/ThermalDaemon(  197): Maximum CPU[3] frequency 1512000 KHz
03-11 15:43:52.933 D/QSEECOMD: (  236): qseecom listener services process entry PPID = 1
03-11 15:43:52.933 D/QSEECOMD: (  236): Parent qseecom daemon process paused!! 
03-11 15:43:52.943 D/QSEECOMD: (  281): QSEECOM DAEMON RUNNING 
03-11 15:43:52.943 D/QSEECOMD: (  281): qseecom listener service threads starting!!! 
03-11 15:43:52.943 D/QSEECOMD: (  281): Total listener services to start = 2
03-11 15:43:52.953 E/Sensors (  233): sns_fsa_la.c(386):fsa: fflush failed, 9
03-11 15:43:52.953 E/Sensors (  233): sns_fsa_la.c(386):fsa: fflush failed, 9
03-11 15:43:52.963 D/QSEECOMD: (  281): Init dlopen(libdrmtime.so, RTLD_NOW) succeeds
03-11 15:43:52.963 D/QSEECOMD: (  281): Init::Init dlsym(g_FSHandle atime_start) succeeds
03-11 15:43:52.963 D/QSEECOMAPI: (  281): QSEECom_register_listener 11 sb_length = 0x5000
03-11 15:43:52.963 D/QSEECOMD: (  281): Init atime_start ret = 0
03-11 15:43:52.963 D/QSEECOMD: (  281): time services: Started
03-11 15:43:52.963 D/QSEECOMD: (  281): Init dlopen(libdrmfs.so, RTLD_NOW) succeeds
03-11 15:43:52.963 D/QSEECOMD: (  281): Init::Init dlsym(g_FSHandle fs_start) succeeds
03-11 15:43:52.963 D/QSEECOMAPI: (  281): QSEECom_register_listener 10 sb_length = 0x5000
03-11 15:43:52.963 D/QSEECOMD: (  281): Init fs_start ret = 0
03-11 15:43:52.963 D/QSEECOMD: (  281): file system services: Started
03-11 15:43:53.023 D/QSEECOMAPI: (  191): Loaded image: APP id = 1
03-11 15:43:53.043 I/SurfaceFlinger(  185): SurfaceFlinger is starting
03-11 15:43:53.043 I/SurfaceFlinger(  185): SurfaceFlinger's main thread ready to run. Initializing graphics H/W...
03-11 15:43:53.073 I/recovery(  342): Recovery image already installed 
03-11 15:43:53.083 D/libEGL  (  185): loaded /system/lib/egl/libEGL_adreno.so
03-11 15:43:53.093 D/libEGL  (  185): loaded /system/lib/egl/libGLESv1_CM_adreno.so
03-11 15:43:53.183 I/kickstart-qcks(  325): PARAMETER VALUES
03-11 15:43:53.183 I/kickstart-qcks(  325): COMPORT_DLOAD=/dev/ttyHSL1
03-11 15:43:53.183 I/kickstart-qcks(  325): COMPORT_SAHARA=/dev/ks_hsic_bridge
03-11 15:43:53.183 I/kickstart-qcks(  325): PATHTOIMAGES=/firmware/image/
03-11 15:43:53.183 I/kickstart-qcks(  325): PATHFORRAMDUMP=/data/tombstones/mdm/
03-11 15:43:53.183 I/kickstart-qcks(  325): EFSRAW1=/dev/block/platform/msm_sdcc.1/by-name/m9kefs1
03-11 15:43:53.183 I/kickstart-qcks(  325): EFSRAW2=/dev/block/platform/msm_sdcc.1/by-name/m9kefs2
03-11 15:43:53.183 I/kickstart-qcks(  325): EFSRAW3=/dev/block/platform/msm_sdcc.1/by-name/m9kefs3
03-11 15:43:53.183 I/kickstart-qcks(  325): Header1=efs1.mbn
03-11 15:43:53.183 I/kickstart-qcks(  325): Header2=efs2.mbn
03-11 15:43:53.183 I/kickstart-qcks(  325): Header3=efs3.mbn
03-11 15:43:53.183 I/kickstart-qcks(  325): Testing if port "/dev/mdm" exists
03-11 15:43:53.183 I/kickstart-qcks(  325): Trying to bring MDM9K out of reset
03-11 15:43:53.223 I/mediaserver(  188): ServiceManager: 0xb83ce460
03-11 15:43:53.223 I/AudioFlinger(  188): Using default 3000 mSec as standby time.
03-11 15:43:53.223 I/CameraService(  188): CameraService started (pid=188)
03-11 15:43:53.243 I/CameraService(  188): Loaded "QCamera Module" camera module
03-11 15:43:53.253 I/AudioPolicyManagerBase(  188): loadAudioPolicyConfig() loaded /system/etc/audio_policy.conf
03-11 15:43:53.253 D/audio_hw_primary(  188): adev_open: enter
03-11 15:43:53.263 E/mm-camera(  235): isp_util_gen_hws_caps: integrating kernel vfe is pending
03-11 15:43:53.273 D/libEGL  (  185): loaded /system/lib/egl/libGLESv2_adreno.so
03-11 15:43:53.273 E/mm-camera(  235): is_module_init: Enter
03-11 15:43:53.273 E/mm-camera(  235): cpp_hardware_find_subdev:805: no cpp device found.
03-11 15:43:53.273 E/mm-camera(  235): cpp_hardware_create:38: error: cannot find cpp subdev
03-11 15:43:53.273 E/mm-camera(  235): cpp_module_create_cpp_ctrl:163, failed, cannnot create cpp hardware instance
03-11 15:43:53.273 E/mm-camera(  235): cpp_module_init:53 failed
03-11 15:43:53.273 E/mm-camera(  235): module_cac_init:942] 
03-11 15:43:53.273 E/mm-camera(  235): module_cac_init:962] 
03-11 15:43:53.273 E/mm-camera-img(  235): img_core_get_comp:37] role 3 name qcom.cac
03-11 15:43:53.273 E/mm-camera-img(  235): img_core_get_comp:42] comp_index[0] role 0 name qcom.wavelet
03-11 15:43:53.273 E/mm-camera-img(  235): img_core_get_comp:42] comp_index[1] role 1 name qcom.hdr
03-11 15:43:53.273 E/mm-camera-img(  235): img_core_get_comp:42] comp_index[2] role 2 name qcom.faceproc
03-11 15:43:53.273 E/mm-camera-img(  235): img_core_get_comp:42] comp_index[3] role 3 name qcom.cac
03-11 15:43:53.273 E/mm-camera-img(  235): img_core_get_comp:47] find component role 3 name qcom.cac
03-11 15:43:53.273 E/mm-camera-img(  235): cac_comp_load:694] Error opening CAC library
03-11 15:43:53.273 E/mm-camera(  235): module_cac_init:972] Error rc -6
03-11 15:43:53.273 E/mm-camera(  235): module_cac_deinit:816 lib_ref_cnt 0
03-11 15:43:53.273 E/mm-camera(  235): pproc_module_init:1907] cac module create failed
03-11 15:43:53.273 E/mm-camera(  235): module_faceproc_init:1540] 
03-11 15:43:53.273 E/mm-camera(  235): module_faceproc_init:1559] 
03-11 15:43:53.273 E/mm-camera-img(  235): img_core_get_comp:37] role 2 name qcom.faceproc
03-11 15:43:53.273 E/mm-camera-img(  235): img_core_get_comp:42] comp_index[0] role 0 name qcom.wavelet
03-11 15:43:53.273 E/mm-camera-img(  235): img_core_get_comp:42] comp_index[1] role 1 name qcom.hdr
03-11 15:43:53.273 E/mm-camera-img(  235): img_core_get_comp:42] comp_index[2] role 2 name qcom.faceproc
03-11 15:43:53.273 E/mm-camera-img(  235): img_core_get_comp:47] find component role 2 name qcom.faceproc
03-11 15:43:53.283 W/linker  (  235): libmmcamera_faceproc.so has text relocations. This is wasting memory and is a security risk. Please fix.
03-11 15:43:53.283 E/mm-camera(  235): module_faceproc_init:1575] 
03-11 15:43:53.283 E/mm-camera(  235): module_faceproc_create_port:1428 portname faceproc_d2_i0
03-11 15:43:53.283 E/mm-camera(  235): module_faceproc_create_port:1456 
03-11 15:43:53.283 E/mm-camera(  235): module_faceproc_init:1594] 
03-11 15:43:53.343 D/ACDB-LOADER(  188): ACDB -> ACDB_CMD_INITIALIZE
03-11 15:43:53.343 E/        (  188): [ACDB RTC]->rtc init done!->result [0]
03-11 15:43:53.343 D/Diag_Lib(  188): actp_diag_init: call diag init function with B6042209
03-11 15:43:53.343 E/Diag_Lib(  188):  Diag_LSM_Init: Failed to open handle to diag driver, error = 13
03-11 15:43:53.343 E/Diag_Lib(  188): actp_diag_init: diag init failed
03-11 15:43:53.343 E/        (  188): [ACDB ACPH]->actp diag init done!
03-11 15:43:53.343 D/ACDB-LOADER(  188): No existing ION info in ACDB driver
03-11 15:43:53.343 D/ACDB-LOADER(  188): ACDB -> ION_IOC_ALLOC
03-11 15:43:53.343 D/ACDB-LOADER(  188): ACDB -> ION_IOC_SHARE
03-11 15:43:53.343 D/ACDB-LOADER(  188): ACDB -> MMAP ADDR
03-11 15:43:53.343 D/ACDB-LOADER(  188): ACDB -> register MEM to ACDB driver: 0xb5e48000
03-11 15:43:53.343 D/ACDB-LOADER(  188): ACDB -> send_asm_topology
03-11 15:43:53.343 D/ACDB-LOADER(  188): ACDB -> ACDB_CMD_GET_AUDPROC_STREAM_TOPOLOGY_ID
03-11 15:43:53.343 D/ACDB-LOADER(  188): send mbhc data
03-11 15:43:53.343 I/Adreno-EGL(  185): <qeglDrvAPI_eglInitialize:320>: EGL 1.4 QUALCOMM Build: I0404c4692afb8623f95c43aeb6d5e13ed4b30ddbDate: 11/06/13
03-11 15:43:53.353 D/ACDB-LOADER(  188): send tabla anc data
03-11 15:43:53.353 D/ACDB-LOADER(  188): ACDB -> ACDB_CMD_GET_ANC_SETTING
03-11 15:43:53.353 D/ACDB-LOADER(  188): done with conversion, anc config size is 148
03-11 15:43:53.353 D/ACDB-LOADER(  188): ACDB -> ACDB_CMD_GET_ANC_SETTING
03-11 15:43:53.353 D/ACDB-LOADER(  188): done with conversion, anc config size is 148
03-11 15:43:53.353 D/ACDB-LOADER(  188): ACDB -> ACDB_CMD_GET_ANC_SETTING
03-11 15:43:53.353 D/ACDB-LOADER(  188): done with conversion, anc config size is 148
03-11 15:43:53.353 D/ACDB-LOADER(  188): ACDB -> ACDB_CMD_GET_ANC_SETTING
03-11 15:43:53.353 D/ACDB-LOADER(  188): done with conversion, anc config size is 148
03-11 15:43:53.353 D/ACDB-LOADER(  188): ACDB -> ACDB_CMD_GET_ANC_SETTING
03-11 15:43:53.353 D/ACDB-LOADER(  188): done with conversion, anc config size is 74
03-11 15:43:53.353 D/ACDB-LOADER(  188): ACDB -> ACDB_CMD_GET_ANC_SETTING
03-11 15:43:53.353 D/ACDB-LOADER(  188): done with conversion, anc config size is 74
03-11 15:43:53.353 D/ACDB-LOADER(  188): ACDB -> init done!
03-11 15:43:53.363 D/        (  188): csd_client_init
03-11 15:43:53.363 E/        (  188): csd_client_service_init: Invalid rx device 0, setting to handset
03-11 15:43:53.363 E/        (  188): csd_client_service_init: Invalid tx device 0, setting to handset
03-11 15:43:53.363 E/Diag_Lib(  188):  Diag_LSM_Init: Failed to open handle to diag driver, error = 13
03-11 15:43:53.373 I/qdgralloc(  185): using (fd=16)
03-11 15:43:53.373 I/qdgralloc(  185): id           = msmfb44_90701
03-11 15:43:53.373 I/qdgralloc(  185): xres         = 1200 px
03-11 15:43:53.373 I/qdgralloc(  185): yres         = 1920 px
03-11 15:43:53.373 I/qdgralloc(  185): xres_virtual = 1200 px
03-11 15:43:53.373 I/qdgralloc(  185): yres_virtual = 5760 px
03-11 15:43:53.373 I/qdgralloc(  185): bpp          = 32
03-11 15:43:53.373 I/qdgralloc(  185): r            = 24:8
03-11 15:43:53.373 I/qdgralloc(  185): g            = 16:8
03-11 15:43:53.373 I/qdgralloc(  185): b            =  8:8
03-11 15:43:53.373 I/qdgralloc(  185): width        = 95 mm (320.842102 dpi)
03-11 15:43:53.373 I/qdgralloc(  185): height       = 151 mm (322.966888 dpi)
03-11 15:43:53.373 I/qdgralloc(  185): refresh rate = 60.00 Hz
03-11 15:43:53.373 D/qdutils (  185): DEBUG_CALC_FPS: 0
03-11 15:43:53.373 D/qdutils (  185): period: 10
03-11 15:43:53.373 D/qdutils (  185): ignorethresh_us: 500000
03-11 15:43:53.373 D/qdutils (  185): DEBUG_CALC_FPS: 0
03-11 15:43:53.373 D/qdutils (  185): period: 10
03-11 15:43:53.373 D/qdutils (  185): ignorethresh_us: 500000
03-11 15:43:53.443 W/Sensors (  233): sns_smr_la.c(446):smr_la: smr_apps_la_thread_main is starting, fd=15, sns_smr.en_rx_msg_ptr=b6fdf9d0
03-11 15:43:53.543 D/qdoverlay(  185): initoverlay:: opening the device:: /dev/graphics/fb0
03-11 15:43:53.543 D/qdoverlay(  185): initoverlay:: opening the device:: /dev/graphics/fb1
03-11 15:43:53.543 D/qdoverlay(  185): initoverlay:: opening the device:: /dev/graphics/fb2
03-11 15:43:53.543 E/qdoverlay(  185): cannot open framebuffer(2)
03-11 15:43:53.543 D/qdoverlay(  185): initoverlay:: opening the device:: /dev/graphics/fb0
03-11 15:43:53.543 D/qdoverlay(  185): initoverlay:: opening the device:: /dev/graphics/fb1
03-11 15:43:53.543 D/qdoverlay(  185): initoverlay:: opening the device:: /dev/graphics/fb2
03-11 15:43:53.543 E/qdoverlay(  185): cannot open framebuffer(2)
03-11 15:43:53.553 I/qdhwcomposer(  185): Initializing Qualcomm Hardware Composer
03-11 15:43:53.553 I/qdhwcomposer(  185): MDP version: 440
03-11 15:43:53.553 D/qdhwcomposer(  185): connectPPDaemon: CABL is enabled
03-11 15:43:53.553 D/qdhwcomposer(  185): connectPPDaemon: CABL is in video only mode
03-11 15:43:53.553 E/qdhwcomposer(  185): setsockopt failed
03-11 15:43:53.553 I/SurfaceFlinger(  185): Using composer version 1.2
03-11 15:43:53.553 I/qdhwcomposer(  185): hwc_registerProcs
03-11 15:43:53.553 I/qdhwcomposer(  185): Initializing UEVENT Thread
03-11 15:43:53.553 I/qdhwcomposer(  185): Initializing VSYNC Thread
03-11 15:43:53.553 D/qdhwcomposer(  185): hwc_getDisplayAttributes disp = 0, width = 1200
03-11 15:43:53.553 D/qdhwcomposer(  185): hwc_getDisplayAttributes disp = 0, height = 1920
03-11 15:43:53.553 I/SurfaceFlinger(  185): EGL informations:
03-11 15:43:53.553 I/SurfaceFlinger(  185): vendor    : Android
03-11 15:43:53.553 I/SurfaceFlinger(  185): version   : 1.4 Android META-EGL
03-11 15:43:53.553 I/SurfaceFlinger(  185): extensions: EGL_KHR_get_all_proc_addresses EGL_ANDROID_presentation_time EGL_KHR_image EGL_KHR_image_base EGL_KHR_lock_surface EGL_KHR_gl_texture_2D_image EGL_KHR_gl_texture_cubemap_image EGL_KHR_gl_renderbuffer_image EGL_KHR_fence_sync EGL_KHR_create_context EGL_EXT_create_context_robustness EGL_ANDROID_image_native_buffer EGL_KHR_wait_sync EGL_ANDROID_recordable 
03-11 15:43:53.553 I/SurfaceFlinger(  185): Client API: OpenGL_ES
03-11 15:43:53.553 I/SurfaceFlinger(  185): EGLSurface: 8-8-8-8, config=0x5
03-11 15:43:53.663 V/NatController(  182): runCmd(/system/bin/iptables -F natctrl_FORWARD) res=0
03-11 15:43:53.673 V/NatController(  182): runCmd(/system/bin/iptables -A natctrl_FORWARD -j DROP) res=0
03-11 15:43:53.673 V/NatController(  182): runCmd(/system/bin/iptables -t nat -F natctrl_nat_POSTROUTING) res=0
03-11 15:43:53.743 I/SurfaceFlinger(  185): OpenGL ES informations:
03-11 15:43:53.743 I/SurfaceFlinger(  185): vendor    : Qualcomm
03-11 15:43:53.743 I/SurfaceFlinger(  185): renderer  : Adreno (TM) 320
03-11 15:43:53.743 I/SurfaceFlinger(  185): version   : OpenGL ES 3.0 V@53.0 AU@  (CL@)
03-11 15:43:53.743 I/SurfaceFlinger(  185): extensions: GL_AMD_compressed_ATC_texture GL_AMD_performance_monitor GL_AMD_program_binary_Z400 GL_EXT_debug_label GL_EXT_debug_marker GL_EXT_discard_framebuffer GL_EXT_robustness GL_EXT_texture_format_BGRA8888 GL_EXT_texture_type_2_10_10_10_REV GL_NV_fence GL_OES_compressed_ETC1_RGB8_texture GL_OES_depth_texture GL_OES_depth24 GL_OES_EGL_image GL_OES_EGL_image_external GL_OES_element_index_uint GL_OES_fbo_render_mipmap GL_OES_fragment_precision_high GL_OES_get_program_binary GL_OES_packed_depth_stencil GL_OES_depth_texture_cube_map GL_OES_rgb8_rgba8 GL_OES_standard_derivatives GL_OES_texture_3D GL_OES_texture_float GL_OES_texture_half_float GL_OES_texture_half_float_linear GL_OES_texture_npot GL_OES_vertex_half_float GL_OES_vertex_type_10_10_10_2 GL_OES_vertex_array_object GL_QCOM_alpha_test GL_QCOM_binning_control GL_QCOM_driver_control GL_QCOM_perfmon_global_mode GL_QCOM_extended_get GL_QCOM_extended_get2 GL_QCOM_tiled_rendering GL_QCOM_writeonly_rendering GL_EXT_sRGB GL_EXT_texture_filter_anisotropic GL_
03-11 15:43:53.743 I/SurfaceFlinger(  185): GL_MAX_TEXTURE_SIZE = 4096
03-11 15:43:53.743 I/SurfaceFlinger(  185): GL_MAX_VIEWPORT_DIMS = 4096
03-11 15:43:53.743 V/NatController(  182): runCmd(/system/bin/ip rule flush) res=0
03-11 15:43:53.763 V/NatController(  182): runCmd(/system/bin/ip -6 rule flush) res=0
03-11 15:43:53.763 D/AndroidRuntime(  186): 
03-11 15:43:53.763 D/AndroidRuntime(  186): >>>>>> AndroidRuntime START com.android.internal.os.ZygoteInit <<<<<<
03-11 15:43:53.763 V/NatController(  182): runCmd(/system/bin/ip rule add from all lookup default prio 32767) res=0
03-11 15:43:53.773 D/AndroidRuntime(  186): CheckJNI is OFF
03-11 15:43:53.783 V/NatController(  182): runCmd(/system/bin/ip rule add from all lookup main prio 32766) res=0
03-11 15:43:53.783 D/SurfaceFlinger(  185): Screen acquired, type=0 flinger=0xb72c2450
03-11 15:43:53.793 V/NatController(  182): runCmd(/system/bin/ip -6 rule add from all lookup default prio 32767) res=0
03-11 15:43:53.793 V/NatController(  182): runCmd(/system/bin/ip -6 rule add from all lookup main prio 32766) res=0
03-11 15:43:53.803 V/NatController(  182): runCmd(/system/bin/ip route flush cache) res=0
03-11 15:43:53.803 V/NatController(  182): runCmd(/system/bin/iptables -F natctrl_tether_counters) res=1
03-11 15:43:53.803 V/NatController(  182): runCmd(/system/bin/iptables -X natctrl_tether_counters) res=1
03-11 15:43:53.823 V/NatController(  182): runCmd(/system/bin/iptables -N natctrl_tether_counters) res=0
03-11 15:43:53.894 D/libEGL  (  537): loaded /system/lib/egl/libEGL_adreno.so
03-11 15:43:53.894 D/libEGL  (  537): loaded /system/lib/egl/libGLESv1_CM_adreno.so
03-11 15:43:53.894 D/libEGL  (  537): loaded /system/lib/egl/libGLESv2_adreno.so
03-11 15:43:53.904 I/Adreno-EGL(  537): <qeglDrvAPI_eglInitialize:320>: EGL 1.4 QUALCOMM Build: I0404c4692afb8623f95c43aeb6d5e13ed4b30ddbDate: 11/06/13
03-11 15:43:54.014 D/dalvikvm(  186): Trying to load lib libjavacore.so 0x0
03-11 15:43:54.024 D/dalvikvm(  186): Added shared lib libjavacore.so 0x0
03-11 15:43:54.044 D/dalvikvm(  186): Trying to load lib libnativehelper.so 0x0
03-11 15:43:54.044 D/dalvikvm(  186): Added shared lib libnativehelper.so 0x0
03-11 15:43:54.044 D/dalvikvm(  186): No JNI_OnLoad found in libnativehelper.so 0x0, skipping init
03-11 15:43:54.144 D/MDnsDS  (  182): MDnsSdListener::Hander starting up
03-11 15:43:54.144 D/MDnsDS  (  182): MDnsSdListener starting to monitor
03-11 15:43:54.144 D/MDnsDS  (  182): Going to poll with pollCount 1
03-11 15:43:54.244 D/dalvikvm(  186): Note: class Landroid/app/ActivityManagerNative; has 179 unimplemented (abstract) methods
03-11 15:43:54.484 W/Sensors (  233): sns_sam_app.c(6827):sns_sam_reg_algo: Registering algo service 16, err 0
03-11 15:43:54.504 E/Sensors (  233): sns_debug_main.c(565):Debug Config File missing in EFS!
03-11 15:43:54.504 I/SamplingProfilerIntegration(  186): Profiling disabled.
03-11 15:43:54.514 I/Zygote  (  186): Preloading classes...
03-11 15:43:54.524 D/dalvikvm(  186): GC_EXPLICIT freed 39K, 8% free 520K/564K, paused 0ms+0ms, total 2ms
03-11 15:43:54.544 D/dalvikvm(  186): GC_EXPLICIT freed 3K, 4% free 596K/616K, paused 1ms+0ms, total 2ms
03-11 15:43:54.604 D/dalvikvm(  186): GC_EXPLICIT freed 16K, 3% free 640K/660K, paused 0ms+0ms, total 3ms
03-11 15:43:54.694 D/dalvikvm(  186): GC_EXPLICIT freed 20K, 4% free 673K/696K, paused 0ms+0ms, total 3ms
03-11 15:43:54.744 D/dalvikvm(  186): GC_EXPLICIT freed 10K, 2% free 718K/732K, paused 0ms+0ms, total 2ms
03-11 15:43:54.764 D/dalvikvm(  186): GC_EXPLICIT freed 27K, 4% free 746K/776K, paused 0ms+0ms, total 3ms
03-11 15:43:54.915 D/dalvikvm(  186): GC_EXPLICIT freed 35K, 5% free 816K/856K, paused 1ms+1ms, total 4ms
03-11 15:43:55.105 D/dalvikvm(  186): GC_EXPLICIT freed 29K, 4% free 843K/876K, paused 1ms+1ms, total 4ms
03-11 15:43:55.185 I/kickstart-qcks(  325): EFS Prepend
03-11 15:43:55.185 I/kickstart-qcks(  325): File:'/firmware/image/efs1.mbn' is available for reading
03-11 15:43:55.185 I/kickstart-qcks(  325): File:'/firmware/image/efs2.mbn' is available for reading
03-11 15:43:55.185 I/kickstart-qcks(  325): File:'/dev/block/platform/msm_sdcc.1/by-name/m9kefs1' is available for reading
03-11 15:43:55.185 I/kickstart-qcks(  325): File:'/dev/block/platform/msm_sdcc.1/by-name/m9kefs2' is available for reading
03-11 15:43:55.185 I/kickstart-qcks(  325): File:'/firmware/image/acdb.mbn' is available for reading
03-11 15:43:55.185 I/kickstart-qcks(  325): File:'/firmware/image/mdm_acdb.img' is available for reading
03-11 15:43:55.185 I/kickstart-qcks(  325): Reading RAW EFS1 partition
03-11 15:43:55.185 I/kickstart-qcks(  325): Running dd if=/dev/block/platform/msm_sdcc.1/by-name/m9kefs1 of=/data/qcks/temp.dump bs=1024 count=3072
03-11 15:43:55.195 D/TextLayoutCache(  186): Using debug level = 0 - Debug Enabled = 0
03-11 15:43:55.205 D/dalvikvm(  186): GC_EXPLICIT freed 19K, 3% free 884K/908K, paused 0ms+1ms, total 4ms
03-11 15:43:55.235 I/kickstart-qcks(  325): Combining Header1 with RAW EFS1 partition
03-11 15:43:55.235 I/kickstart-qcks(  325): Running cat /firmware/image/efs1.mbn /data/qcks/temp.dump > /data/qcks/efs1.bin
03-11 15:43:55.275 I/kickstart-qcks(  325): Reading RAW EFS2 partition
03-11 15:43:55.275 I/kickstart-qcks(  325): Running dd if=/dev/block/platform/msm_sdcc.1/by-name/m9kefs2 of=/data/qcks/temp.dump bs=1024 count=3072
03-11 15:43:55.305 I/dalvikvm(  186): threadid=1: recursive native library load attempt (/system/lib/libmedia_jni.so)
03-11 15:43:55.305 D/MtpDeviceJNI(  186): register_android_mtp_MtpDevice
03-11 15:43:55.315 I/dalvikvm(  186): threadid=1: recursive native library load attempt (/system/lib/libmedia_jni.so)
03-11 15:43:55.315 I/dalvikvm(  186): threadid=1: recursive native library load attempt (/system/lib/libmedia_jni.so)
03-11 15:43:55.315 I/dalvikvm(  186): threadid=1: recursive native library load attempt (/system/lib/libmedia_jni.so)
03-11 15:43:55.325 D/dalvikvm(  186): GC_EXPLICIT freed 19K, 3% free 919K/940K, paused 1ms+0ms, total 4ms
03-11 15:43:55.365 I/kickstart-qcks(  325): Combining Header2 with RAW EFS2 partition
03-11 15:43:55.365 I/kickstart-qcks(  325): Running cat /firmware/image/efs2.mbn /data/qcks/temp.dump > /data/qcks/efs2.bin
03-11 15:43:55.395 I/kickstart-qcks(  325): Reading RAW EFS3 partition
03-11 15:43:55.395 I/kickstart-qcks(  325): Running dd if=/dev/block/platform/msm_sdcc.1/by-name/m9kefs3 of=/data/qcks/temp.dump bs=1024 count=3072
03-11 15:43:55.425 D/dalvikvm(  186): GC_EXPLICIT freed 21K, 3% free 955K/980K, paused 0ms+0ms, total 4ms
03-11 15:43:55.455 I/kickstart-qcks(  325): Combining Header3 with RAW EFS3 partition
03-11 15:43:55.455 I/kickstart-qcks(  325): Running cat /firmware/image/efs3.mbn /data/qcks/temp.dump > /data/qcks/efs3.bin
03-11 15:43:55.495 D/dalvikvm(  186): GC_EXPLICIT freed 14K, 2% free 994K/1012K, paused 1ms+0ms, total 6ms
03-11 15:43:55.515 I/kickstart-qcks(  325): Combining ACDB Header with ACDB binary
03-11 15:43:55.515 I/kickstart-qcks(  325): Running cat /firmware/image/acdb.mbn /firmware/image/mdm_acdb.img > /data/qcks/acdb.bin
03-11 15:43:55.545 D/dalvikvm(  186): GC_EXPLICIT freed 28K, 4% free 1020K/1052K, paused 1ms+0ms, total 5ms
03-11 15:43:55.565 D/dalvikvm(  186): GC_EXPLICIT freed 16K, 2% free 1074K/1092K, paused 0ms+1ms, total 8ms
03-11 15:43:55.595 I/kickstart-qcks(  325): Loading Sahara images
03-11 15:43:55.595 I/kickstart-qcks(  325): Testing if port "/dev/ks_hsic_bridge" exists
03-11 15:43:55.595 E/kickstart-qcks(  325): RUNNING:	/system/bin/ks  -w /data/tombstones/mdm/ -p /dev/ks_hsic_bridge -r 21 -s 2:/firmware/image/amss.mbn -s 6:/firmware/image/apps.mbn -s 8:/firmware/image/dsp1.mbn -s 11:/firmware/image/osbl.mbn -s 12:/firmware/image/dsp2.mbn -s 21:/firmware/image/sbl1.mbn -s 22:/firmware/image/sbl2.mbn -s 23:/firmware/image/rpm.mbn -s 28:/firmware/image/dsp3.mbn -s 16:/data/qcks/efs1.bin -s 17:/data/qcks/efs2.bin -s 20:/data/qcks/efs3.bin -s 29:/data/qcks/acdb.bin
03-11 15:43:55.605 E/EmojiFactory_jni(  186): Failed to load libemoji.so: dlopen failed: library "libemoji.so" not found
03-11 15:43:55.645 E/kickstart(  642): Wrote to /sys/power/wake_lock
03-11 15:43:55.645 E/kickstart(  642): Requested ID 21, file "/firmware/image/sbl1.mbn"
03-11 15:43:55.655 D/dalvikvm(  186): GC_EXPLICIT freed 30K, 3% free 1389K/1424K, paused 0ms+1ms, total 6ms
03-11 15:43:55.685 D/dalvikvm(  186): GC_EXPLICIT freed 35K, 3% free 1413K/1452K, paused 1ms+1ms, total 7ms
03-11 15:43:55.725 D/dalvikvm(  186): GC_EXPLICIT freed 30K, 3% free 1438K/1472K, paused 0ms+0ms, total 7ms
03-11 15:43:55.765 E/kickstart(  642): 91300 bytes transferred in 0.124s (0.70 MBps)
03-11 15:43:55.765 E/kickstart(  642): Wrote to /sys/power/wake_unlock
03-11 15:43:55.775 D/dalvikvm(  186): GC_EXPLICIT freed 37K, 3% free 1455K/1496K, paused 1ms+0ms, total 7ms
03-11 15:43:55.805 I/LibraryLoader(  186): loading: webviewchromium
03-11 15:43:55.936 E/kickstart(  642): Wrote to /sys/power/wake_lock
03-11 15:43:55.936 E/kickstart(  642): Requested ID 23, file "/firmware/image/rpm.mbn"
03-11 15:43:55.986 I/LibraryLoader(  186): loaded: webviewchromium
03-11 15:43:55.996 E/kickstart(  642): 105728 bytes transferred in 0.056s (1.80 MBps)
03-11 15:43:55.996 E/kickstart(  642): Wrote to /sys/power/wake_unlock
03-11 15:43:55.996 E/kickstart(  642): Wrote to /sys/power/wake_lock
03-11 15:43:55.996 E/kickstart(  642): Requested ID 22, file "/firmware/image/sbl2.mbn"
03-11 15:43:56.026 E/kickstart(  642): 264224 bytes transferred in 0.024s (10.55 MBps)
03-11 15:43:56.026 E/kickstart(  642): Wrote to /sys/power/wake_unlock
03-11 15:43:56.026 D/dalvikvm(  186): GC_EXPLICIT freed 16K, 2% free 1498K/1516K, paused 1ms+0ms, total 7ms
03-11 15:43:56.046 E/kickstart(  642): Wrote to /sys/power/wake_lock
03-11 15:43:56.046 E/kickstart(  642): Requested ID 16, file "/data/qcks/efs1.bin"
03-11 15:43:56.136 E/kickstart(  642): 786472 bytes transferred in 0.092s (8.15 MBps)
03-11 15:43:56.136 E/kickstart(  642): Wrote to /sys/power/wake_unlock
03-11 15:43:56.136 E/kickstart(  642): Wrote to /sys/power/wake_lock
03-11 15:43:56.136 D/dalvikvm(  186): GC_EXPLICIT freed 24K, 2% free 1526K/1556K, paused 1ms+0ms, total 7ms
03-11 15:43:56.136 E/kickstart(  642): Requested ID 17, file "/data/qcks/efs2.bin"
03-11 15:43:56.186 E/kickstart(  642): 786472 bytes transferred in 0.044s (17.07 MBps)
03-11 15:43:56.186 E/kickstart(  642): Wrote to /sys/power/wake_unlock
03-11 15:43:56.186 E/kickstart(  642): Wrote to /sys/power/wake_lock
03-11 15:43:56.186 E/kickstart(  642): Requested ID 20, file "/data/qcks/efs3.bin"
03-11 15:43:56.196 D/dalvikvm(  186): GC_EXPLICIT freed 81K, 6% free 1572K/1656K, paused 1ms+1ms, total 8ms
03-11 15:43:56.226 D/dalvikvm(  186): GC_EXPLICIT freed 36K, 4% free 1591K/1656K, paused 0ms+1ms, total 7ms
03-11 15:43:56.236 E/kickstart(  642): 786472 bytes transferred in 0.044s (17.04 MBps)
03-11 15:43:56.236 E/kickstart(  642): Wrote to /sys/power/wake_unlock
03-11 15:43:56.236 E/kickstart(  642): Wrote to /sys/power/wake_lock
03-11 15:43:56.236 E/kickstart(  642): Requested ID 29, file "/data/qcks/acdb.bin"
03-11 15:43:56.256 D/dalvikvm(  186): GC_EXPLICIT freed 31K, 3% free 1616K/1656K, paused 1ms+1ms, total 8ms
03-11 15:43:56.276 D/dalvikvm(  186): GC_EXPLICIT freed 19K, 2% free 1679K/1700K, paused 1ms+1ms, total 9ms
03-11 15:43:56.316 D/dalvikvm(  186): GC_EXPLICIT freed 23K, 2% free 1710K/1740K, paused 1ms+1ms, total 9ms
03-11 15:43:56.336 E/kickstart(  642): 2097192 bytes transferred in 0.096s (20.84 MBps)
03-11 15:43:56.336 E/kickstart(  642): Wrote to /sys/power/wake_unlock
03-11 15:43:56.336 E/kickstart(  642): Wrote to /sys/power/wake_lock
03-11 15:43:56.336 D/dalvikvm(  186): GC_EXPLICIT freed 33K, 3% free 1730K/1768K, paused 1ms+1ms, total 9ms
03-11 15:43:56.336 E/kickstart(  642): Requested ID 12, file "/firmware/image/dsp2.mbn"
03-11 15:43:56.396 D/dalvikvm(  186): GC_FOR_ALLOC freed 253K, 12% free 1988K/2244K, paused 10ms, total 10ms
03-11 15:43:56.446 D/dalvikvm(  186): GC_EXPLICIT freed 217K, 10% free 2117K/2340K, paused 1ms+1ms, total 12ms
03-11 15:43:56.476 D/dalvikvm(  186): GC_EXPLICIT freed 35K, 9% free 2136K/2340K, paused 1ms+1ms, total 12ms
03-11 15:43:56.496 D/dalvikvm(  186): GC_EXPLICIT freed 25K, 8% free 2169K/2348K, paused 1ms+1ms, total 15ms
03-11 15:43:56.496 W/Zygote  (  186): Class not found for preloading: java.lang.UnsafeByteSequence
03-11 15:43:56.516 D/dalvikvm(  186): GC_EXPLICIT freed 36K, 7% free 2189K/2348K, paused 1ms+1ms, total 12ms
03-11 15:43:56.536 D/dalvikvm(  186): GC_EXPLICIT freed 40K, 7% free 2206K/2348K, paused 1ms+1ms, total 14ms
03-11 15:43:56.566 D/dalvikvm(  186): GC_EXPLICIT freed 42K, 6% free 2219K/2348K, paused 4ms+1ms, total 15ms
03-11 15:43:56.666 I/System  (  186): Loaded time zone names for "" in 85ms (80ms in ICU)
03-11 15:43:56.736 I/System  (  186): Loaded time zone names for "en_US" in 70ms (64ms in ICU)
03-11 15:43:56.746 D/dalvikvm(  186): GC_EXPLICIT freed 203K, 9% free 2387K/2608K, paused 1ms+1ms, total 13ms
03-11 15:43:56.766 D/dalvikvm(  186): GC_EXPLICIT freed 14K, 7% free 2450K/2608K, paused 1ms+1ms, total 13ms
03-11 15:43:56.786 D/dalvikvm(  186): GC_EXPLICIT freed 30K, 6% free 2476K/2608K, paused 1ms+1ms, total 13ms
03-11 15:43:56.806 D/dalvikvm(  186): GC_EXPLICIT freed 34K, 5% free 2496K/2608K, paused 1ms+2ms, total 14ms
03-11 15:43:56.826 D/dalvikvm(  186): GC_EXPLICIT freed 32K, 4% free 2518K/2608K, paused 1ms+1ms, total 13ms
03-11 15:43:56.846 D/dalvikvm(  186): GC_EXPLICIT freed 29K, 3% free 2543K/2608K, paused 1ms+1ms, total 13ms
03-11 15:43:56.856 I/Zygote  (  186): ...preloaded 2777 classes in 2343ms.
03-11 15:43:57.117 D/dalvikvm(  186): GC_EXPLICIT freed 17K, 3% free 2546K/2608K, paused 1ms+1ms, total 14ms
03-11 15:43:57.117 I/Zygote  (  186): Preloading resources...
03-11 15:43:57.147 D/dalvikvm(  186): GC_EXPLICIT freed 1K, 3% free 2607K/2664K, paused 2ms+1ms, total 14ms
03-11 15:43:57.167 D/dalvikvm(  186): GC_EXPLICIT freed 1K, 3% free 2656K/2724K, paused 2ms+2ms, total 14ms
03-11 15:43:57.197 D/dalvikvm(  186): GC_EXPLICIT freed 1K, 3% free 2706K/2764K, paused 1ms+3ms, total 18ms
03-11 15:43:57.217 D/dalvikvm(  186): GC_EXPLICIT freed 1K, 2% free 2755K/2804K, paused 1ms+2ms, total 14ms
03-11 15:43:57.237 D/dalvikvm(  186): GC_EXPLICIT freed 1K, 3% free 2805K/2864K, paused 1ms+1ms, total 13ms
03-11 15:43:57.247 D/dalvikvm(  186): GC_EXPLICIT freed 1K, 2% free 2854K/2904K, paused 1ms+1ms, total 13ms
03-11 15:43:57.267 D/dalvikvm(  186): GC_EXPLICIT freed 1K, 3% free 2904K/2964K, paused 1ms+2ms, total 14ms
03-11 15:43:57.297 D/dalvikvm(  186): GC_EXPLICIT freed 2K, 2% free 2961K/3004K, paused 1ms+1ms, total 16ms
03-11 15:43:57.317 D/dalvikvm(  186): GC_EXPLICIT freed 1K, 2% free 3010K/3044K, paused 2ms+1ms, total 14ms
03-11 15:43:57.337 D/dalvikvm(  186): GC_EXPLICIT freed 2K, 2% free 3060K/3104K, paused 1ms+2ms, total 14ms
03-11 15:43:57.357 D/dalvikvm(  186): GC_EXPLICIT freed 1K, 2% free 3110K/3144K, paused 1ms+2ms, total 16ms
03-11 15:43:57.387 D/dalvikvm(  186): GC_EXPLICIT freed 1K, 2% free 3159K/3204K, paused 1ms+1ms, total 14ms
03-11 15:43:57.407 D/dalvikvm(  186): GC_EXPLICIT freed 1K, 2% free 3209K/3244K, paused 1ms+1ms, total 14ms
03-11 15:43:57.427 D/dalvikvm(  186): GC_EXPLICIT freed 1K, 1% free 3258K/3284K, paused 1ms+1ms, total 16ms
03-11 15:43:57.457 D/dalvikvm(  186): GC_EXPLICIT freed 1K, 2% free 3313K/3348K, paused 1ms+1ms, total 14ms
03-11 15:43:57.477 D/dalvikvm(  186): GC_EXPLICIT freed 1K, 1% free 3367K/3396K, paused 1ms+1ms, total 14ms
03-11 15:43:57.517 D/dalvikvm(  186): GC_EXPLICIT freed 2K, 1% free 3431K/3448K, paused 1ms+1ms, total 15ms
03-11 15:43:57.537 D/dalvikvm(  186): GC_EXPLICIT freed 1K, 1% free 3481K/3508K, paused 1ms+1ms, total 13ms
03-11 15:43:57.557 D/dalvikvm(  186): GC_EXPLICIT freed 3K, 1% free 3532K/3552K, paused 1ms+1ms, total 14ms
03-11 15:43:57.577 D/dalvikvm(  186): GC_EXPLICIT freed 1K, 1% free 3585K/3612K, paused 1ms+1ms, total 14ms
03-11 15:43:57.597 D/dalvikvm(  186): GC_EXPLICIT freed 1K, 1% free 3634K/3652K, paused 1ms+2ms, total 14ms
03-11 15:43:57.617 D/dalvikvm(  186): GC_EXPLICIT freed 1K, 1% free 3683K/3712K, paused 1ms+2ms, total 14ms
03-11 15:43:57.627 D/dalvikvm(  186): GC_EXPLICIT freed 1K, 1% free 3733K/3752K, paused 1ms+2ms, total 14ms
03-11 15:43:57.647 D/dalvikvm(  186): GC_EXPLICIT freed 2K, 1% free 3791K/3816K, paused 1ms+1ms, total 14ms
03-11 15:43:57.667 D/dalvikvm(  186): GC_EXPLICIT freed 2K, 1% free 3845K/3864K, paused 1ms+1ms, total 14ms
03-11 15:43:57.687 D/dalvikvm(  186): GC_EXPLICIT freed 1K, 1% free 3900K/3928K, paused 1ms+1ms, total 14ms
03-11 15:43:57.697 D/dalvikvm(  186): GC_EXPLICIT freed 1K, 1% free 3955K/3976K, paused 2ms+1ms, total 15ms
03-11 15:43:57.717 D/dalvikvm(  186): GC_EXPLICIT freed 1K, 1% free 4010K/4040K, paused 1ms+2ms, total 14ms
03-11 15:43:57.747 D/dalvikvm(  186): GC_EXPLICIT freed 4K, 1% free 4156K/4176K, paused 1ms+1ms, total 17ms
03-11 15:43:57.767 D/dalvikvm(  186): GC_EXPLICIT freed 4K, 1% free 4294K/4324K, paused 1ms+2ms, total 15ms
03-11 15:43:57.787 D/dalvikvm(  186): GC_EXPLICIT freed 2K, 1% free 4380K/4412K, paused 1ms+1ms, total 16ms
03-11 15:43:57.807 D/dalvikvm(  186): GC_EXPLICIT freed 5K, 1% free 4431K/4460K, paused 2ms+2ms, total 15ms
03-11 15:43:57.847 D/dalvikvm(  186): GC_EXPLICIT freed 1K, 1% free 4483K/4500K, paused 1ms+2ms, total 14ms
03-11 15:43:57.867 D/dalvikvm(  186): GC_EXPLICIT freed 4K, 1% free 4553K/4580K, paused 1ms+2ms, total 15ms
03-11 15:43:57.877 D/dalvikvm(  186): GC_EXPLICIT freed 2K, 1% free 4622K/4656K, paused 1ms+2ms, total 14ms
03-11 15:43:57.897 D/dalvikvm(  186): GC_EXPLICIT freed <1K, 1% free 4687K/4728K, paused 2ms+1ms, total 16ms
03-11 15:43:57.917 D/dalvikvm(  186): GC_EXPLICIT freed 1K, 1% free 4820K/4864K, paused 1ms+1ms, total 15ms
03-11 15:43:57.958 D/dalvikvm(  186): GC_EXPLICIT freed 1K, 1% free 5921K/5968K, paused 1ms+2ms, total 15ms
03-11 15:43:57.978 D/dalvikvm(  186): GC_EXPLICIT freed 1K, 1% free 6003K/6048K, paused 1ms+1ms, total 15ms
03-11 15:43:57.988 D/dalvikvm(  186): GC_EXPLICIT freed <1K, 1% free 6094K/6140K, paused 1ms+2ms, total 15ms
03-11 15:43:58.008 D/dalvikvm(  186): GC_EXPLICIT freed <1K, 1% free 6184K/6232K, paused 1ms+2ms, total 16ms
03-11 15:43:58.038 D/dalvikvm(  186): GC_EXPLICIT freed 4K, 1% free 7425K/7448K, paused 1ms+1ms, total 16ms
03-11 15:43:58.068 D/dalvikvm(  186): GC_EXPLICIT freed 8K, 1% free 7500K/7524K, paused 2ms+2ms, total 16ms
03-11 15:43:58.098 D/dalvikvm(  186): GC_EXPLICIT freed 9K, 1% free 7542K/7572K, paused 1ms+1ms, total 16ms
03-11 15:43:58.108 D/dalvikvm(  186): GC_EXPLICIT freed 3K, 1% free 7589K/7620K, paused 1ms+2ms, total 16ms
03-11 15:43:58.128 D/dalvikvm(  186): GC_EXPLICIT freed 3K, 1% free 7636K/7656K, paused 1ms+2ms, total 16ms
03-11 15:43:58.158 D/dalvikvm(  186): GC_EXPLICIT freed 3K, 1% free 7683K/7712K, paused 2ms+2ms, total 19ms
03-11 15:43:58.188 D/dalvikvm(  186): GC_EXPLICIT freed 3K, 1% free 7735K/7756K, paused 1ms+2ms, total 17ms
03-11 15:43:58.198 E/kickstart(  642): 29874990 bytes transferred in 1.860s (15.32 MBps)
03-11 15:43:58.198 E/kickstart(  642): Wrote to /sys/power/wake_unlock
03-11 15:43:58.208 D/dalvikvm(  186): GC_EXPLICIT freed 2K, 1% free 7783K/7816K, paused 1ms+2ms, total 15ms
03-11 15:43:58.218 E/kickstart(  642): Wrote to /sys/power/wake_lock
03-11 15:43:58.218 E/kickstart(  642): Requested ID 28, file "/firmware/image/dsp3.mbn"
03-11 15:43:58.218 D/dalvikvm(  186): GC_EXPLICIT freed 1K, 1% free 7834K/7856K, paused 1ms+2ms, total 15ms
03-11 15:43:58.238 D/dalvikvm(  186): GC_EXPLICIT freed 3K, 1% free 7886K/7916K, paused 1ms+2ms, total 15ms
03-11 15:43:58.268 D/dalvikvm(  186): GC_EXPLICIT freed 2K, 1% free 7953K/7976K, paused 2ms+1ms, total 16ms
03-11 15:43:58.298 D/dalvikvm(  186): GC_EXPLICIT freed 2K, 1% free 8001K/8016K, paused 1ms+1ms, total 16ms
03-11 15:43:58.308 D/dalvikvm(  186): GC_EXPLICIT freed <1K, 1% free 8069K/8088K, paused 1ms+2ms, total 15ms
03-11 15:43:58.328 D/dalvikvm(  186): GC_EXPLICIT freed <1K, 1% free 8129K/8152K, paused 1ms+2ms, total 16ms
03-11 15:43:58.348 D/dalvikvm(  186): GC_EXPLICIT freed <1K, 1% free 8190K/8216K, paused 1ms+2ms, total 16ms
03-11 15:43:58.368 D/dalvikvm(  186): GC_EXPLICIT freed <1K, 1% free 8239K/8272K, paused 1ms+1ms, total 16ms
03-11 15:43:58.388 D/dalvikvm(  186): GC_EXPLICIT freed 6K, 1% free 8312K/8344K, paused 1ms+1ms, total 16ms
03-11 15:43:58.408 D/dalvikvm(  186): GC_EXPLICIT freed 1K, 1% free 8365K/8388K, paused 1ms+1ms, total 16ms
03-11 15:43:58.428 D/dalvikvm(  186): GC_EXPLICIT freed 2K, 1% free 8423K/8448K, paused 1ms+1ms, total 16ms
03-11 15:43:58.448 D/dalvikvm(  186): GC_EXPLICIT freed 2K, 1% free 8471K/8488K, paused 1ms+2ms, total 17ms
03-11 15:43:58.468 D/dalvikvm(  186): GC_EXPLICIT freed 1K, 1% free 8523K/8544K, paused 1ms+2ms, total 15ms
03-11 15:43:58.488 D/dalvikvm(  186): GC_EXPLICIT freed 1K, 1% free 8611K/8632K, paused 1ms+2ms, total 16ms
03-11 15:43:58.498 D/dalvikvm(  186): GC_EXPLICIT freed 1K, 1% free 8695K/8720K, paused 1ms+2ms, total 17ms
03-11 15:43:58.518 D/dalvikvm(  186): GC_EXPLICIT freed 1K, 1% free 8782K/8808K, paused 1ms+2ms, total 15ms
03-11 15:43:58.548 D/dalvikvm(  186): GC_EXPLICIT freed 1K, 1% free 8866K/8896K, paused 1ms+2ms, total 20ms
03-11 15:43:58.568 D/dalvikvm(  186): GC_EXPLICIT freed 5K, 1% free 8936K/8960K, paused 1ms+2ms, total 16ms
03-11 15:43:58.568 I/Zygote  (  186): ...preloaded 274 resources in 1450ms.
03-11 15:43:58.598 D/dalvikvm(  186): GC_EXPLICIT freed 13K, 1% free 8976K/9000K, paused 1ms+3ms, total 17ms
03-11 15:43:58.598 I/Zygote  (  186): ...preloaded 31 resources in 27ms.
03-11 15:43:58.598 D/libEGL  (  186): loaded /system/lib/egl/libEGL_adreno.so
03-11 15:43:58.598 D/libEGL  (  186): loaded /system/lib/egl/libGLESv1_CM_adreno.so
03-11 15:43:58.608 D/libEGL  (  186): loaded /system/lib/egl/libGLESv2_adreno.so
03-11 15:43:58.628 D/dalvikvm(  186): GC_EXPLICIT freed 10K, 1% free 8971K/9000K, paused 2ms+2ms, total 18ms
03-11 15:43:58.638 E/kickstart(  642): 6914542 bytes transferred in 0.424s (15.56 MBps)
03-11 15:43:58.638 E/kickstart(  642): Wrote to /sys/power/wake_unlock
03-11 15:43:58.638 E/kickstart(  642): Wrote to /sys/power/wake_lock
03-11 15:43:58.648 E/kickstart(  642): Requested ID 8, file "/firmware/image/dsp1.mbn"
03-11 15:43:58.648 D/dalvikvm(  186): GC_EXPLICIT freed 3K, 1% free 8968K/9000K, paused 2ms+3ms, total 22ms
03-11 15:43:58.668 D/dalvikvm(  186): GC_EXPLICIT freed <1K, 1% free 8968K/9000K, paused 1ms+3ms, total 23ms
03-11 15:43:58.678 I/dalvikvm(  186): System server process 646 has been created
03-11 15:43:58.678 I/Zygote  (  186): Accepting command socket connections
03-11 15:43:58.748 D/SensorService(  646): nuSensorService starting...
03-11 15:43:58.748 I/SystemServer(  646): Entered the Android system server!
03-11 15:43:58.758 I/SensorService(  646): MPL Accelerometer
03-11 15:43:58.758 I/SensorService(  646): AKM Magnetic Field
03-11 15:43:58.758 I/SensorService(  646): Orientation
03-11 15:43:58.758 I/SensorService(  646): Lite-On Ambient Light Sensor
03-11 15:43:58.758 I/SensorService(  646): MPL Gyroscope
03-11 15:43:58.758 I/SensorService(  646): AKM Magnetic Field
03-11 15:43:58.758 I/SensorService(  646): MPL Gyroscope
03-11 15:43:58.758 I/SensorService(  646): Gravity
03-11 15:43:58.758 I/SensorService(  646): Linear Acceleration
03-11 15:43:58.758 I/SensorService(  646): Rotation Vector
03-11 15:43:58.758 I/SensorService(  646): Significant Motion
03-11 15:43:58.758 I/SensorService(  646): Game Rotation Vector
03-11 15:43:58.758 D/SensorService(  646): Max socket buffer size 1048576
03-11 15:43:58.758 D/SensorService(  646): nuSensorService thread starting...
03-11 15:43:58.758 I/installd(  189): new connection
03-11 15:43:58.758 I/SystemServer(  646): Waiting for installd to be ready.
03-11 15:43:58.758 I/Installer(  646): connecting...
03-11 15:43:58.768 I/PowerHAL(  646): power_init
03-11 15:43:58.768 I/SystemServer(  646): Power Manager
03-11 15:43:58.768 I/SystemServer(  646): Activity Manager
03-11 15:43:58.778 I/ActivityManager(  646): Memory class: 192
03-11 15:43:58.818 D/dalvikvm(  646): GC_CONCURRENT freed 62K, 1% free 9415K/9508K, paused 2ms+3ms, total 23ms
03-11 15:43:58.858 E/kickstart(  642): 2689311 bytes transferred in 0.211s (12.13 MBps)
03-11 15:43:58.858 E/kickstart(  642): Wrote to /sys/power/wake_unlock
03-11 15:43:58.858 E/kickstart(  642): Wrote to /sys/power/wake_lock
03-11 15:43:58.858 E/kickstart(  642): Requested ID 6, file "/firmware/image/apps.mbn"
03-11 15:43:58.928 D/dalvikvm(  646): GC_CONCURRENT freed 344K, 4% free 9555K/9928K, paused 3ms+3ms, total 25ms
03-11 15:43:58.948 I/IntentFirewall(  646): Read new rules (A:0 B:0 S:0)
03-11 15:43:58.958 I/SystemServer(  646): Display Manager
03-11 15:43:58.958 I/SystemServer(  646): Telephony Registry
03-11 15:43:58.958 I/SystemServer(  646): Scheduling Policy
03-11 15:43:58.958 I/DisplayManagerService(  646): Display device added: DisplayDeviceInfo{"Built-in Screen": 1200 x 1920, 60.0 fps, density 320, 320.842 x 322.966 dpi, touch INTERNAL, rotation 0, type BUILT_IN, FLAG_DEFAULT_DISPLAY, FLAG_ROTATES_WITH_CONTENT, FLAG_SECURE, FLAG_SUPPORTS_PROTECTED_BUFFERS}
03-11 15:43:58.958 I/SystemServer(  646): Package Manager
03-11 15:43:58.999 D/dalvikvm(  646): GC_CONCURRENT freed 376K, 5% free 9687K/10096K, paused 3ms+2ms, total 16ms
03-11 15:43:58.999 D/dalvikvm(  646): WAIT_FOR_CONCURRENT_GC blocked 8ms
03-11 15:43:59.049 D/dalvikvm(  646): GC_CONCURRENT freed 428K, 6% free 9692K/10220K, paused 1ms+1ms, total 15ms
03-11 15:43:59.049 D/dalvikvm(  646): WAIT_FOR_CONCURRENT_GC blocked 13ms
03-11 15:43:59.049 D/SELinuxMMAC(  646): Couldn't find install policy /data/security/mac_permissions.xml
03-11 15:43:59.049 D/SELinuxMMAC(  646): Using install policy file /system/etc/security/mac_permissions.xml
03-11 15:43:59.079 E/kickstart(  642): 2560424 bytes transferred in 0.212s (11.52 MBps)
03-11 15:43:59.079 E/kickstart(  642): Wrote to /sys/power/wake_unlock
03-11 15:43:59.079 E/kickstart(  642): Sahara protocol completed
03-11 15:43:59.079 E/kickstart(  642): Removing linked list of input files
03-11 15:43:59.079 E/kickstart(  642): Removing linked list of input files
03-11 15:43:59.079 I/kickstart-qcks(  325): RetCode = 0
03-11 15:43:59.079 E/kickstart-qcks(  325): Sahara transfer completed successfully
03-11 15:43:59.079 E/kickstart-qcks(  325): Spawning efsks
03-11 15:43:59.089 I/kickstart-efsks(  671): EFS_TTY='/dev/efs_hsic_bridge'
03-11 15:43:59.089 I/kickstart-efsks(  671): Parsing 'where to save memorydump' options
03-11 15:43:59.089 I/kickstart-efsks(  671): PathToSaveFiles='/dev/block/platform/msm_sdcc.1/by-name/'
03-11 15:43:59.089 I/kickstart-efsks(  671): EFSKS parameters
03-11 15:43:59.089 I/kickstart-efsks(  671): EFS_TTY='/dev/efs_hsic_bridge'
03-11 15:43:59.089 I/kickstart-efsks(  671): ks_path='/system/bin/ks'
03-11 15:43:59.089 I/kickstart-efsks(  671): PathToSaveFiles='/dev/block/platform/msm_sdcc.1/by-name/'
03-11 15:43:59.089 I/kickstart-efsks(  671): RX_Timeout=-1
03-11 15:43:59.089 E/kickstart-efsks(  671): File '/dev/efs_hsic_bridge' was not found
03-11 15:43:59.089 E/kickstart-efsks(  671): /dev/efs_hsic_bridge does not exist.
03-11 15:43:59.169 D/dalvikvm(  646): GC_CONCURRENT freed 217K, 3% free 9924K/10220K, paused 2ms+2ms, total 19ms
03-11 15:43:59.369 D/dalvikvm(  646): GC_CONCURRENT freed 301K, 4% free 10132K/10464K, paused 2ms+3ms, total 26ms
03-11 15:43:59.529 W/PackageParser(  646): No actions in intent filter at /system/priv-app/Contacts.apk Binary XML file line #375
03-11 15:43:59.549 D/dalvikvm(  646): GC_CONCURRENT freed 236K, 3% free 10358K/10624K, paused 2ms+3ms, total 28ms
03-11 15:43:59.689 W/ResourceType(  646): Failure getting entry for 0x7f050000 (t=4 e=0) in package 0 (error -75)
03-11 15:43:59.759 D/dalvikvm(  646): GC_CONCURRENT freed 190K, 3% free 10579K/10800K, paused 2ms+2ms, total 24ms
03-11 15:43:59.789 I/PackageManager(  646): Package com.android.vending at /system/priv-app/Phonesky.apk ignored: updated version 80250010 better than this 80240022
03-11 15:43:59.859 I/PackageManager(  646): Package com.google.android.gms at /system/priv-app/PrebuiltGmsCore.apk ignored: updated version 4243036 better than this 4033536
03-11 15:43:59.989 D/dalvikvm(  646): GC_CONCURRENT freed 203K, 3% free 10869K/11104K, paused 2ms+4ms, total 32ms
03-11 15:44:00.010 W/PackageParser(  646): No actions in intent filter at /system/priv-app/SetupWizard.apk Binary XML file line #117
03-11 15:44:00.190 I/PackageManager(  646): Package com.google.android.googlequicksearchbox at /system/priv-app/Velvet.apk ignored: updated version 300302170 better than this 300301080
03-11 15:44:00.240 I/PackageManager(  646): Package com.google.android.apps.cloudprint at /system/app/CloudPrint2.apk ignored: updated version 52 better than this 45
03-11 15:44:00.270 D/dalvikvm(  646): GC_CONCURRENT freed 197K, 3% free 11069K/11300K, paused 3ms+2ms, total 27ms
03-11 15:44:00.270 W/ResourceType(  646): Failure getting entry for 0x7f040012 (t=3 e=18) in package 0 (error -75)
03-11 15:44:00.270 W/ResourceType(  646): Failure getting entry for 0x7f040012 (t=3 e=18) in package 0 (error -75)
03-11 15:44:00.280 I/PackageManager(  646): Package com.google.android.tts at /system/app/GoogleTTS.apk ignored: updated version 210030010 better than this 210020403
03-11 15:44:00.310 W/PackageParser(  646): No actions in intent filter at /system/app/Bluetooth.apk Binary XML file line #210
03-11 15:44:00.340 W/Resources(  646): Converting to boolean: TypedValue{t=0x3/d=0x3e0 "true" a=2 r=0x7f090005}
03-11 15:44:00.340 I/PackageManager(  646): Package com.google.android.apps.books at /system/app/Books.apk ignored: updated version 30133 better than this 30015
03-11 15:44:00.370 I/PackageManager(  646): Package com.google.android.calendar at /system/app/CalendarGoogle.apk ignored: updated version 201308023 better than this 201308021
03-11 15:44:00.380 I/PackageManager(  646): Package com.hp.android.printservice at /system/app/HPPrintPlugin.apk ignored: updated version 43 better than this 39
03-11 15:44:00.420 I/PackageManager(  646): Package com.android.chrome at /system/app/Chrome.apk ignored: updated version 1750136 better than this 1599105
03-11 15:44:00.470 I/PackageManager(  646): Package com.quickoffice.android at /system/app/QuickOffice.apk ignored: updated version 140210 better than this 131106
03-11 15:44:00.510 I/PackageManager(  646): Package com.google.android.apps.currents at /system/app/Currents.apk ignored: updated version 140231633 better than this 131711853
03-11 15:44:00.560 D/dalvikvm(  646): GC_CONCURRENT freed 247K, 3% free 11241K/11520K, paused 2ms+2ms, total 26ms
03-11 15:44:00.590 I/PackageManager(  646): Package com.google.android.apps.docs at /system/app/Drive.apk ignored: updated version 1256331 better than this 1240310
