03-11 15:44:13.563 D/BrcmNfcJni(  917): RoutingManager::nfaEeCallback: NFA_EE_SET_PROTO_CFG_EVT; status=0x0
03-11 15:44:13.563 E/BrcmNfcNfa(  917): UICC[0x0] is not activated
03-11 15:44:13.563 E/BrcmNfcNfa(  917): UICC[0x0] is not activated
03-11 15:44:13.563 D/BrcmNfcJni(  917): RoutingManager::stackCallback: event=0x15
03-11 15:44:13.563 D/BrcmNfcJni(  917): RoutingManager::stackCallback: NFA_CE_REGISTERED_EVT; status=0x0; h=0x302
03-11 15:44:13.573 D/NdefPushServer(  917): start, thread = null
03-11 15:44:13.573 D/NdefPushServer(  917): starting new server thread
03-11 15:44:13.573 D/NdefPushServer(  917): about create LLCP service socket
03-11 15:44:13.573 D/NdefPushServer(  917): created LLCP service socket
03-11 15:44:13.573 D/NdefPushServer(  917): about to accept
03-11 15:44:13.583 D/NfcService(  917): NFC-EE OFF
03-11 15:44:13.583 E/BrcmNfcJni(  917): nfcManager_doDeselectSecureElement: already deselected
03-11 15:44:13.583 D/NfcService(  917): NFC-C OFF
03-11 15:44:13.653 D/dalvikvm(  646): GC_EXPLICIT freed 2537K, 15% free 16474K/19192K, paused 2ms+6ms, total 79ms
03-11 15:44:13.753 D/dalvikvm( 1165): GC_CONCURRENT freed 242K, 3% free 9147K/9420K, paused 3ms+9ms, total 27ms
03-11 15:44:13.753 W/GAV2    ( 1165): Thread[main,5,main]: Need to call initialize() and be in fallback mode to start dispatch.
03-11 15:44:13.853 D/dalvikvm( 1165): GC_CONCURRENT freed 195K, 3% free 9365K/9592K, paused 3ms+2ms, total 22ms
03-11 15:44:13.893 I/NSApplication( 1165): Starting up...
03-11 15:44:13.913 I/ActivityManager(  646): Start proc com.google.android.partnersetup for broadcast com.google.android.partnersetup/.PhoneStateReceiver: pid=1247 uid=10028 gids={50028, 3003}
03-11 15:44:13.943 D/dalvikvm( 1165): GC_CONCURRENT freed 299K, 4% free 9502K/9828K, paused 3ms+3ms, total 21ms
03-11 15:44:13.943 I/MediaFocusControl(  646):  AudioFocus  abandonAudioFocus() from android.media.AudioManager@41f80598com.google.apps.dots.android.newsstand.audio.AudioPlayerService$3@41f077d0
03-11 15:44:13.943 I/MediaFocusControl(  646):   Remote Control   unregisterMediaButtonIntent() for PendingIntent{425f6f78: PendingIntentRecord{42686bf0 com.google.android.apps.magazines broadcastIntent}}
03-11 15:44:13.963 V/ProvidersChangedReceiver( 1112): calling applySettings
03-11 15:44:13.973 I/GCoreUlr( 1112): Starting service, intent=Intent { cmp=com.google.android.gms/com.google.android.location.reporting.service.DispatchingService (has extras) }, extras=Bundle[{intentType=2, receiverAction=android.location.PROVIDERS_CHANGED}]
03-11 15:44:13.973 I/GCoreUlr( 1112): WorldUpdater received intent Intent { cmp=com.google.android.gms/com.google.android.location.reporting.service.DispatchingService (has extras) } with receiverAction android.location.PROVIDERS_CHANGED, forceUpdate false
03-11 15:44:13.973 D/BluetoothAdapter(  770): 1106047896: getState() :  mService = null. Returning STATE_OFF
03-11 15:44:14.003 I/MultiDex(  966): load(/data/app/com.google.android.gms-2.apk, forceReload=false)
03-11 15:44:14.023 D/dalvikvm(  966): GC_EXPLICIT freed 174K, 3% free 9348K/9552K, paused 3ms+4ms, total 29ms
03-11 15:44:14.053 I/MultiDex(  966): Need extracted file /data/data/com.google.android.gms/files/secondary-dexes/com.google.android.gms-2.apk.classes2.zip
03-11 15:44:14.053 I/MultiDex(  966): No extraction needed for /data/data/com.google.android.gms/files/secondary-dexes/com.google.android.gms-2.apk.classes2.zip of size 1430457
03-11 15:44:14.063 D/GCM     (  966): COMPAT: Multi user ser=0 current=0
03-11 15:44:14.093 D/dalvikvm(  966): GC_CONCURRENT freed 223K, 4% free 9515K/9840K, paused 1ms+2ms, total 19ms
03-11 15:44:14.093 I/ActivityManager(  646): Start proc com.facebook.katana:dash_service for broadcast com.facebook.katana/com.facebook.keyguardservice.KeyguardServiceBooter: pid=1265 uid=10114 gids={50114, 1028, 1015, 3003}
03-11 15:44:14.123 I/GCoreUlr( 1112): Ensuring that reporting is stopped because of reasons: {account#-17#=[InactiveReason{mVersionCode=0, mIdentifier=6, mName='ReportingNotSelected'}]}
03-11 15:44:14.123 D/GCoreFlp( 1112): Unknown pending intent to remove.
03-11 15:44:14.123 I/GCoreUlr( 1112): Unbound from all location providers
03-11 15:44:14.243 D/CatchMeIfYouCan( 1265): Process (dash_service) ca: '/data/data/com.facebook.katana/app_cmiyc/FC3D6AF0DCAD751E9720A8A1538A89840AD3817701'
03-11 15:44:14.243 D/CatchMeIfYouCan( 1265): Process (dash_service) fc: '/data/data/com.facebook.katana/app_cmiyc/FC3D6AF0DCAD751E9720A8A1538A89840AD3817702'
03-11 15:44:14.243 D/CatchMeIfYouCan( 1265): Process (dash_service) cp: '('default', 3, 120000, silent [true], restart [false], logout [false])'
03-11 15:44:14.243 W/GCM     (  966): Using fallback http
03-11 15:44:14.253 I/GoogleHttpClient(  966): Falling back to old http client 0 java.lang.NoSuchMethodException: <init> [class android.content.Context, class java.lang.String, boolean]
03-11 15:44:14.263 I/GCM     (  966): GCM config loaded
03-11 15:44:14.263 D/ACRA    ( 1265): ACRA is enabled for com.facebook.katana, intializing...
03-11 15:44:14.273 D/GCM     (  966): GcmService start Intent { act=com.google.android.gms.INITIALIZE flg=0x10 pkg=com.google.android.gms cmp=com.google.android.gms/.gcm.GcmService } com.google.android.gms.INITIALIZE
03-11 15:44:14.273 D/ACRA    ( 1265): Looking for error files in /data/data/com.facebook.katana/app_acra-reports
03-11 15:44:14.273 D/ACRA    ( 1265): Looking for error files in /data/data/com.facebook.katana/app_minidumps
03-11 15:44:14.293 D/dalvikvm( 1265): Trying to load lib /data/app-lib/com.facebook.katana-2/libfb_stl_shared.so 0x41ecb6f0
03-11 15:44:14.293 D/dalvikvm( 1265): Added shared lib /data/app-lib/com.facebook.katana-2/libfb_stl_shared.so 0x41ecb6f0
03-11 15:44:14.293 D/dalvikvm( 1265): No JNI_OnLoad found in /data/app-lib/com.facebook.katana-2/libfb_stl_shared.so 0x41ecb6f0, skipping init
03-11 15:44:14.293 D/dalvikvm( 1265): Trying to load lib /data/app-lib/com.facebook.katana-2/libfb_breakpad_client.so 0x41ecb6f0
03-11 15:44:14.293 D/dalvikvm( 1265): Added shared lib /data/app-lib/com.facebook.katana-2/libfb_breakpad_client.so 0x41ecb6f0
03-11 15:44:14.303 W/SystemClassLoaderAdder( 1265): Could not find zipFile entry corresponding to path /data/app/com.facebook.katana-2.apk
03-11 15:44:14.303 V/DexLibLoader( 1265): Preparing secondary program dexes.
03-11 15:44:14.313 V/DexLibLoader( 1265): Loaded 2 raw lines of metadata.
03-11 15:44:14.313 V/DexLibLoader( 1265): Secondary program dex metadata: secondary-1.dex.jar.xz 188f1cf98e7929d7457e2cdf72a0777981e1fc27 secondary.dex01.Canary
03-11 15:44:14.313 V/DexLibLoader( 1265): Secondary program dex metadata: secondary-2.dex.jar.xz 14314443648960c2f9d1e4924306d1af2de75315 secondary.dex02.Canary
03-11 15:44:14.313 W/DexLibLoader( 1265): Unexpected file in program dex directory: /data/data/com.facebook.katana/app_secondary_program_dex/temp_dex_lock
03-11 15:44:14.313 V/DexLibLoader( 1265): Preparing to extract secondary-1.dex.jar.xz to /data/data/com.facebook.katana/app_secondary_program_dex/program-188f1cf98e7929d7457e2cdf72a0777981e1fc2731a2345d.dex.jar
03-11 15:44:14.313 V/DexLibLoader( 1265): Dex already copied
03-11 15:44:14.313 D/OdexVerifier( 1265): Odex verification is skipped. OS version not supported.
03-11 15:44:14.313 V/DexLibLoader( 1265): Creating class loader
03-11 15:44:14.323 D/dalvikvm( 1265): GC_CONCURRENT freed 266K, 4% free 9140K/9440K, paused 2ms+3ms, total 19ms
03-11 15:44:14.323 V/DexLibLoader( 1265): Finished creating class loader
03-11 15:44:14.323 D/ConnectivityService(  646): handleInetConditionChange: no active default network - ignore
03-11 15:44:14.333 V/DexLibLoader( 1265): Preparing to extract secondary-2.dex.jar.xz to /data/data/com.facebook.katana/app_secondary_program_dex/program-14314443648960c2f9d1e4924306d1af2de7531531a2345d.dex.jar
03-11 15:44:14.333 V/DexLibLoader( 1265): Dex already copied
03-11 15:44:14.333 D/OdexVerifier( 1265): Odex verification is skipped. OS version not supported.
03-11 15:44:14.333 V/DexLibLoader( 1265): Creating class loader
03-11 15:44:14.333 V/DexLibLoader( 1265): Finished creating class loader
03-11 15:44:14.333 V/DexLibLoader( 1265): Verifying classes from secondary dexes.
03-11 15:44:14.364 D/DexLibLoader( 1265): DexLibLoader.ensureDexLoaded took 63 ms
03-11 15:44:14.624 D/dalvikvm( 1265): GC_CONCURRENT freed 358K, 5% free 9210K/9604K, paused 1ms+2ms, total 15ms
03-11 15:44:14.724 D/dalvikvm( 1265): GC_CONCURRENT freed 317K, 4% free 9369K/9720K, paused 1ms+2ms, total 19ms
03-11 15:44:14.804 D/dalvikvm( 1265): GC_CONCURRENT freed 283K, 4% free 9529K/9844K, paused 2ms+2ms, total 19ms
03-11 15:44:14.904 D/dalvikvm( 1265): GC_CONCURRENT freed 314K, 4% free 9699K/10044K, paused 2ms+2ms, total 20ms
03-11 15:44:14.994 D/dalvikvm( 1265): GC_CONCURRENT freed 317K, 4% free 9883K/10232K, paused 2ms+4ms, total 30ms
03-11 15:44:15.094 D/dalvikvm( 1265): GC_CONCURRENT freed 300K, 4% free 10024K/10356K, paused 2ms+3ms, total 21ms
03-11 15:44:15.174 D/dalvikvm( 1265): GC_CONCURRENT freed 350K, 4% free 10168K/10552K, paused 3ms+3ms, total 23ms
03-11 15:44:15.204 D/BluetoothManagerService(  646): Message: 30
03-11 15:44:15.204 D/BluetoothManagerService(  646): Message: 30
03-11 15:44:15.204 W/ContextImpl(  646): Calling a method in the system process without a qualified user: android.app.ContextImpl.bindService:1543 android.bluetooth.BluetoothHeadset.doBind:283 android.bluetooth.BluetoothHeadset.<init>:276 android.bluetooth.BluetoothAdapter.getProfileProxy:1181 android.media.AudioService.getBluetoothHeadset:2245 
03-11 15:44:15.204 W/ContextImpl(  646): Calling a method in the system process without a qualified user: android.app.ContextImpl.bindService:1543 android.bluetooth.BluetoothA2dp.doBind:165 android.bluetooth.BluetoothA2dp.<init>:158 android.bluetooth.BluetoothAdapter.getProfileProxy:1184 android.media.AudioService$AudioServiceBroadcastReceiver.onReceive:4166 
03-11 15:44:15.204 V/WiredAccessoryManager(  646): init()
03-11 15:44:15.214 I/PowerManagerService(  646): Boot animation finished.
03-11 15:44:15.234 I/RecoverySystem(  646): No recovery log file
03-11 15:44:15.234 I/ActivityManager(  646): Start proc com.android.providers.calendar for broadcast com.android.providers.calendar/.CalendarReceiver: pid=1295 uid=10008 gids={50008, 3003, 1028, 1015}
03-11 15:44:15.354 I/BootReceiver(  646): Copying /proc/last_kmsg to DropBox (SYSTEM_LAST_KMSG)
03-11 15:44:15.364 I/ActivityManager(  646): Start proc com.facebook.katana for content provider com.facebook.katana/.provider.orca.FbSharedPreferencesContentProvider: pid=1341 uid=10114 gids={50114, 1028, 1015, 3003}
03-11 15:44:15.374 I/CalendarProvider2( 1295): Created com.android.providers.calendar.CalendarAlarmManager@41ee1580(com.android.providers.calendar.CalendarProvider2@41ed9250)
03-11 15:44:15.385 I/BootReceiver(  646): Copying audit failures to DropBox
03-11 15:44:15.425 I/ActivityManager(  646): Delay finish: com.android.providers.calendar/.CalendarReceiver
03-11 15:44:15.455 D/dalvikvm(  646): GC_CONCURRENT freed 1527K, 13% free 16754K/19192K, paused 3ms+5ms, total 65ms
03-11 15:44:15.455 D/dalvikvm(  646): WAIT_FOR_CONCURRENT_GC blocked 62ms
03-11 15:44:15.455 I/BootReceiver(  646): Copied 921 worth of audits to DropBox
03-11 15:44:15.465 D/CatchMeIfYouCan( 1341): Process (<default>) ca: '/data/user/0/com.facebook.katana/app_cmiyc/A1657CCD543F12E66E587EE52ED9D802E22AAC4701'
03-11 15:44:15.465 D/CatchMeIfYouCan( 1341): Process (<default>) fc: '/data/user/0/com.facebook.katana/app_cmiyc/A1657CCD543F12E66E587EE52ED9D802E22AAC4702'
03-11 15:44:15.465 D/CatchMeIfYouCan( 1341): Process (<default>) cp: '('default', 3, 120000, silent [true], restart [false], logout [false])'
03-11 15:44:15.465 D/ACRA    ( 1341): ACRA is enabled for com.facebook.katana, intializing...
03-11 15:44:15.465 I/BootReceiver(  646): Checking for fsck errors
03-11 15:44:15.475 D/ACRA    ( 1341): Looking for error files in /data/user/0/com.facebook.katana/app_acra-reports
03-11 15:44:15.475 D/ACRA    ( 1341): Looking for error files in /data/user/0/com.facebook.katana/app_minidumps
03-11 15:44:15.485 D/WifiStateMachine(  646): VerifyingLinkState enter
03-11 15:44:15.485 D/WifiStateMachine(  646): VerifyingLinkState GOOD_LINK_DETECTED: transition to captive portal check
03-11 15:44:15.485 D/WifiStateMachine(  646): CaptivePortalCheckState enter
03-11 15:44:15.485 D/WifiStateMachine(  646): CaptivePortalCheckState CMD_CAPTIVE_CHECK_COMPLETE
03-11 15:44:15.485 D/ConnectivityService(  646): Captive portal check NetworkInfo: type: WIFI[], state: CONNECTING/CAPTIVE_PORTAL_CHECK, reason: (unspecified), extra: "aalto open", roaming: false, failover: false, isAvailable: true, isConnectedToProvisioningNetwork: false
03-11 15:44:15.485 D/ConnectivityService(  646): handleCaptivePortalTrackerCheck: call captivePortalCheckComplete ni=NetworkInfo: type: WIFI[], state: CONNECTING/CAPTIVE_PORTAL_CHECK, reason: (unspecified), extra: "aalto open", roaming: false, failover: false, isAvailable: true, isConnectedToProvisioningNetwork: false
03-11 15:44:15.495 D/ConnectivityService(  646): ConnectivityChange for WIFI: CONNECTED/CONNECTED
03-11 15:44:15.495 E/ConnectivityService(  646): Unexpected mtu value: android.net.wifi.WifiStateTracker@42576440
03-11 15:44:15.505 D/dalvikvm( 1341): GC_CONCURRENT freed 219K, 3% free 9147K/9400K, paused 3ms+1ms, total 20ms
03-11 15:44:15.505 D/dalvikvm( 1341): Trying to load lib /data/app-lib/com.facebook.katana-2/libfb_stl_shared.so 0x41ed9058
03-11 15:44:15.505 D/dalvikvm( 1341): Added shared lib /data/app-lib/com.facebook.katana-2/libfb_stl_shared.so 0x41ed9058
03-11 15:44:15.505 D/dalvikvm( 1341): No JNI_OnLoad found in /data/app-lib/com.facebook.katana-2/libfb_stl_shared.so 0x41ed9058, skipping init
03-11 15:44:15.505 D/dalvikvm( 1341): Trying to load lib /data/app-lib/com.facebook.katana-2/libfb_breakpad_client.so 0x41ed9058
03-11 15:44:15.505 D/dalvikvm( 1341): Added shared lib /data/app-lib/com.facebook.katana-2/libfb_breakpad_client.so 0x41ed9058
03-11 15:44:15.515 W/SystemClassLoaderAdder( 1341): Could not find zipFile entry corresponding to path /data/app/com.facebook.katana-2.apk
03-11 15:44:15.515 V/DexLibLoader( 1341): Preparing secondary program dexes.
03-11 15:44:15.515 V/DexLibLoader( 1341): Loaded 2 raw lines of metadata.
03-11 15:44:15.515 V/DexLibLoader( 1341): Secondary program dex metadata: secondary-1.dex.jar.xz 188f1cf98e7929d7457e2cdf72a0777981e1fc27 secondary.dex01.Canary
03-11 15:44:15.515 V/DexLibLoader( 1341): Secondary program dex metadata: secondary-2.dex.jar.xz 14314443648960c2f9d1e4924306d1af2de75315 secondary.dex02.Canary
03-11 15:44:15.515 W/DexLibLoader( 1341): Unexpected file in program dex directory: /data/user/0/com.facebook.katana/app_secondary_program_dex/temp_dex_lock
03-11 15:44:15.515 V/DexLibLoader( 1341): Preparing to extract secondary-1.dex.jar.xz to /data/user/0/com.facebook.katana/app_secondary_program_dex/program-188f1cf98e7929d7457e2cdf72a0777981e1fc2731a2345d.dex.jar
03-11 15:44:15.515 V/DexLibLoader( 1341): Dex already copied
03-11 15:44:15.515 D/OdexVerifier( 1341): Odex verification is skipped.
03-11 15:44:15.515 V/DexLibLoader( 1341): Creating class loader
03-11 15:44:15.515 D/Nat464Xlat(  646): requiresClat: netType=1, hasIPv4Address=true
03-11 15:44:15.525 V/DexLibLoader( 1341): Finished creating class loader
03-11 15:44:15.525 V/DexLibLoader( 1341): Preparing to extract secondary-2.dex.jar.xz to /data/user/0/com.facebook.katana/app_secondary_program_dex/program-14314443648960c2f9d1e4924306d1af2de7531531a2345d.dex.jar
03-11 15:44:15.525 V/DexLibLoader( 1341): Dex already copied
03-11 15:44:15.525 D/OdexVerifier( 1341): Odex verification is skipped.
03-11 15:44:15.525 V/DexLibLoader( 1341): Creating class loader
03-11 15:44:15.525 V/DexLibLoader( 1341): Finished creating class loader
03-11 15:44:15.525 V/DexLibLoader( 1341): Verifying classes from secondary dexes.
03-11 15:44:15.525 D/DexLibLoader( 1341): DexLibLoader.ensureDexLoaded took 17 ms
03-11 15:44:15.605 D/dalvikvm( 1341): GC_CONCURRENT freed 285K, 4% free 9268K/9588K, paused 2ms+1ms, total 14ms
03-11 15:44:15.675 D/dalvikvm( 1341): GC_CONCURRENT freed 360K, 5% free 9396K/9788K, paused 3ms+2ms, total 19ms
03-11 15:44:15.755 D/dalvikvm( 1341): GC_CONCURRENT freed 312K, 4% free 9570K/9916K, paused 2ms+2ms, total 21ms
03-11 15:44:15.865 D/dalvikvm( 1341): GC_CONCURRENT freed 272K, 4% free 9748K/10052K, paused 1ms+2ms, total 17ms
03-11 15:44:15.955 D/dalvikvm( 1341): GC_CONCURRENT freed 328K, 4% free 9865K/10224K, paused 2ms+3ms, total 19ms
03-11 15:44:16.045 D/dalvikvm( 1341): GC_CONCURRENT freed 297K, 4% free 10049K/10380K, paused 1ms+3ms, total 21ms
03-11 15:44:16.125 D/dalvikvm( 1341): GC_CONCURRENT freed 314K, 4% free 10219K/10568K, paused 1ms+3ms, total 22ms
03-11 15:44:16.145 W/dalvikvm( 1341): method Lcom/facebook/reflex/view/AbstractListView;.invalidate incorrectly overrides package-private method with same name in Landroid/view/View;
03-11 15:44:16.155 W/dalvikvm( 1341): method Lcom/facebook/reflex/view/GalleryViewAutoReflex;.invalidate incorrectly overrides package-private method with same name in Landroid/view/View;
03-11 15:44:16.155 W/dalvikvm( 1341): method Lcom/facebook/reflex/view/HorizontalScrollViewAutoReflex;.invalidate incorrectly overrides package-private method with same name in Landroid/view/View;
03-11 15:44:16.155 W/dalvikvm( 1341): method Lcom/facebook/reflex/view/ImageViewAutoReflex;.invalidate incorrectly overrides package-private method with same name in Landroid/view/View;
03-11 15:44:16.165 W/dalvikvm( 1341): method Lcom/facebook/reflex/view/ScrollViewAutoReflex;.invalidate incorrectly overrides package-private method with same name in Landroid/view/View;
03-11 15:44:16.165 W/dalvikvm( 1341): method Lcom/facebook/reflex/view/ViewPagerAutoReflex;.invalidate incorrectly overrides package-private method with same name in Landroid/view/View;
03-11 15:44:16.235 D/dalvikvm( 1341): GC_CONCURRENT freed 326K, 4% free 10407K/10764K, paused 2ms+2ms, total 29ms
03-11 15:44:16.235 D/dalvikvm( 1341): WAIT_FOR_CONCURRENT_GC blocked 9ms
03-11 15:44:16.325 D/dalvikvm( 1341): GC_CONCURRENT freed 302K, 4% free 10597K/10932K, paused 2ms+4ms, total 26ms
03-11 15:44:16.325 D/dalvikvm( 1341): WAIT_FOR_CONCURRENT_GC blocked 10ms
03-11 15:44:16.395 D/dalvikvm( 1341): GC_CONCURRENT freed 276K, 3% free 10864K/11172K, paused 3ms+2ms, total 29ms
03-11 15:44:16.395 D/dalvikvm( 1341): WAIT_FOR_CONCURRENT_GC blocked 6ms
03-11 15:44:16.416 I/CalendarProvider2( 1295): Sending notification intent: Intent { act=android.intent.action.PROVIDER_CHANGED dat=content://com.android.calendar }
03-11 15:44:16.416 W/ContentResolver( 1295): Failed to get type for: content://com.android.calendar (Unknown URL content://com.android.calendar)
03-11 15:44:16.416 I/ActivityManager(  646): Resuming delayed broadcast
03-11 15:44:16.426 I/ActivityManager(  646): Start proc com.google.android.configupdater for broadcast com.google.android.configupdater/.CertPin.CertPinUpdateRequestReceiver: pid=1384 uid=10011 gids={50011, 3003, 2001}
03-11 15:44:16.456 D/dalvikvm(  186): GC_EXPLICIT freed 42K, 1% free 8980K/9056K, paused 1ms+2ms, total 23ms
03-11 15:44:16.466 D/dalvikvm(  186): GC_EXPLICIT freed <1K, 1% free 8980K/9056K, paused 1ms+2ms, total 21ms
03-11 15:44:16.486 D/dalvikvm(  186): GC_EXPLICIT freed <1K, 1% free 8980K/9056K, paused 1ms+2ms, total 19ms
03-11 15:44:16.506 E/UpdateRequestReceiver( 1384): ignoring update request
03-11 15:44:16.506 E/UpdateRequestReceiver( 1384): ignoring update request
03-11 15:44:16.516 E/UpdateRequestReceiver( 1384): ignoring update request
03-11 15:44:16.526 E/UpdateRequestReceiver( 1384): ignoring update request
03-11 15:44:16.536 E/UpdateRequestReceiver( 1384): ignoring update request
03-11 15:44:16.536 E/UpdateRequestReceiver( 1384): ignoring update request
03-11 15:44:16.546 D/dalvikvm( 1384): GC_CONCURRENT freed 294K, 4% free 9117K/9444K, paused 3ms+1ms, total 26ms
03-11 15:44:16.546 D/dalvikvm( 1341): GC_CONCURRENT freed 349K, 4% free 11073K/11456K, paused 3ms+3ms, total 30ms
03-11 15:44:16.546 I/ActivityManager(  646): Delay finish: com.android.providers.downloads/.DownloadReceiver
03-11 15:44:16.556 I/ActivityManager(  646): Resuming delayed broadcast
03-11 15:44:16.566 I/ActivityManager(  646): Start proc com.google.android.onetimeinitializer for broadcast com.google.android.onetimeinitializer/.OneTimeInitializerReceiver: pid=1415 uid=10027 gids={50027}
03-11 15:44:16.586 V/OneTimeInitializerReceiver( 1415): OneTimeInitializerReceiver.onReceive
03-11 15:44:16.586 I/ActivityManager(  646): Delay finish: com.google.android.onetimeinitializer/.OneTimeInitializerReceiver
03-11 15:44:16.596 V/OneTimeService( 1415): OneTimeService.onHandleIntent
03-11 15:44:16.596 I/ActivityManager(  646): Resuming delayed broadcast
03-11 15:44:16.606 I/ActivityManager(  646): Delay finish: com.google.android.partnersetup/.GooglePartnerSetup
03-11 15:44:16.676 D/dalvikvm(  966): GC_CONCURRENT freed 474K, 6% free 9434K/10008K, paused 1ms+3ms, total 16ms
03-11 15:44:16.736 D/dalvikvm( 1341): GC_CONCURRENT freed 465K, 5% free 11307K/11804K, paused 2ms+3ms, total 42ms
03-11 15:44:16.736 D/dalvikvm( 1341): WAIT_FOR_CONCURRENT_GC blocked 4ms
03-11 15:44:16.766 W/dalvikvm( 1341): method Lcom/facebook/reflex/view/FrameLayoutAutoReflex;.invalidate incorrectly overrides package-private method with same name in Landroid/view/View;
03-11 15:44:16.796 I/ActivityManager(  646): Resuming delayed broadcast
03-11 15:44:16.796 I/ActivityManager(  646): Delay finish: com.google.android.partnersetup/.RlzPingBroadcastReceiver
03-11 15:44:16.826 W/dalvikvm( 1341): method Lcom/facebook/messaging/reflex/SwipableOverlayLayoutAutoReflex;.invalidate incorrectly overrides package-private method with same name in Landroid/view/View;
03-11 15:44:16.846 I/RlzPingService( 1247): Setting next ping for 1395150256856
03-11 15:44:16.846 I/ActivityManager(  646): Resuming delayed broadcast
03-11 15:44:16.856 D/dalvikvm( 1247): GC_CONCURRENT freed 278K, 4% free 9106K/9420K, paused 1ms+3ms, total 17ms
03-11 15:44:16.856 I/ActivityManager(  646): Delay finish: com.google.android.gsf/.checkin.CheckinService$Receiver
03-11 15:44:16.866 I/ActivityManager(  646): Resuming delayed broadcast
03-11 15:44:16.886 D/dalvikvm( 1341): GC_CONCURRENT freed 488K, 5% free 11597K/12116K, paused 2ms+2ms, total 34ms
03-11 15:44:16.886 D/dalvikvm( 1341): WAIT_FOR_CONCURRENT_GC blocked 9ms
03-11 15:44:16.906 I/ActivityManager(  646): Delay finish: com.google.android.gsf/.update.SystemUpdateService$Receiver
03-11 15:44:16.926 D/dalvikvm(  966): GC_FOR_ALLOC freed 162K, 6% free 9484K/10028K, paused 13ms, total 13ms
03-11 15:44:16.926 I/SystemUpdateService(  966): cancelUpdate (empty URL)
03-11 15:44:16.936 I/SystemUpdateService(  966): cancelUpdate (empty URL)
03-11 15:44:16.946 E/FbInjectorInitializer( 1341): Multi-binding Key[type=com.facebook.common.init.INeedInit, annotation=[none]] wasn't declared.
03-11 15:44:16.956 D/dalvikvm( 1077): GC_CONCURRENT freed 213K, 3% free 9160K/9408K, paused 1ms+1ms, total 16ms
03-11 15:44:16.956 I/ActivityManager(  646): Resuming delayed broadcast
03-11 15:44:16.966 I/ActivityManager(  646): Delay finish: com.android.providers.media/.MediaScannerReceiver
03-11 15:44:17.056 D/dalvikvm( 1341): GC_CONCURRENT freed 584K, 5% free 11888K/12504K, paused 3ms+3ms, total 45ms
03-11 15:44:17.056 D/dalvikvm( 1341): WAIT_FOR_CONCURRENT_GC blocked 10ms
03-11 15:44:17.176 D/ConnectivityService(  646): handleConnectivityChange: addresses changed linkProperty[1]: resetMask=0
03-11 15:44:17.176 D/ConnectivityService(  646):    car=removed=[] added=[fe80::beee:7bff:fe4c:a773/64,]
03-11 15:44:17.176 D/Nat464Xlat(  646): requiresClat: netType=1, hasIPv4Address=true
03-11 15:44:17.226 W/fb4a(:<default>):BaseAnalyticsConfig( 1341): willEventBeLogged() called before shared prefs were initialized! Defaulting to true.
03-11 15:44:17.236 W/fb4a(:<default>):BaseAnalyticsConfig( 1341): willEventBeLogged() called before shared prefs were initialized! Defaulting to true.
03-11 15:44:17.296 D/dalvikvm( 1341): GC_CONCURRENT freed 721K, 6% free 12137K/12892K, paused 5ms+3ms, total 51ms
03-11 15:44:17.296 D/dalvikvm( 1341): WAIT_FOR_CONCURRENT_GC blocked 33ms
03-11 15:44:17.296 D/dalvikvm( 1341): WAIT_FOR_CONCURRENT_GC blocked 30ms
03-11 15:44:17.406 D/dalvikvm( 1077): GC_CONCURRENT freed 258K, 4% free 9297K/9588K, paused 1ms+2ms, total 15ms
03-11 15:44:17.477 V/MediaScanner( 1077): pruneDeadThumbnailFiles... android.database.sqlite.SQLiteCursor@41f2bab0
03-11 15:44:17.487 V/MediaScanner( 1077): /pruneDeadThumbnailFiles... android.database.sqlite.SQLiteCursor@41f2bab0
03-11 15:44:17.487 I/ActivityManager(  646): Resuming delayed broadcast
03-11 15:44:17.507 D/MtpService( 1077): updating state; isCurrentUser=true, mMtpLocked=false
03-11 15:44:17.507 I/ActivityManager(  646): Start proc com.google.android.nfcprovision for broadcast com.google.android.nfcprovision/.BootReceiver: pid=1462 uid=10046 gids={50046, 1028, 3002, 3001, 3003}
03-11 15:44:17.557 I/ActivityManager(  646): Start proc com.google.android.deskclock for broadcast com.google.android.deskclock/com.android.deskclock.AlarmInitReceiver: pid=1477 uid=10015 gids={50015, 1028}
03-11 15:44:17.597 V/AlarmClock( 1477): AlarmInitReceiver android.intent.action.BOOT_COMPLETED
03-11 15:44:17.617 V/AlarmClock( 1477): AlarmInitReceiver - Reset timers and clear stopwatch data
03-11 15:44:17.637 I/AlarmClock( 1477): Displaying next alarm time: ''
03-11 15:44:17.637 V/AlarmClock( 1477): AlarmInitReceiver finished
03-11 15:44:17.657 I/ActivityManager(  646): Start proc com.google.android.email for broadcast com.google.android.email/com.android.email.service.EmailBroadcastReceiver: pid=1492 uid=10018 gids={50018, 3003, 1028, 1015}
03-11 15:44:17.777 D/dalvikvm( 1265): GC_CONCURRENT freed 231K, 3% free 10393K/10656K, paused 2ms+3ms, total 35ms
03-11 15:44:17.817 D/ActivityThread( 1492): Loading provider com.google.android.email.provider;com.google.android.email.notifier: com.android.email.provider.EmailProvider
03-11 15:44:17.857 I/ActivityManager(  646): Delay finish: com.google.android.email/com.android.email.service.EmailBroadcastReceiver
03-11 15:44:17.897 I/ActivityManager(  646): Resuming delayed broadcast
03-11 15:44:17.897 I/ActivityManager(  646): Delay finish: com.google.android.syncadapters.contacts/.ContactsSyncAdapterBroadcastReceiver
03-11 15:44:17.907 D/dalvikvm( 1492): GC_CONCURRENT freed 207K, 3% free 9166K/9408K, paused 3ms+1ms, total 27ms
03-11 15:44:17.937 I/ActivityManager(  646): Resuming delayed broadcast
03-11 15:44:17.947 I/LauncherIconVisibilityManager(  863): Boot has been completed
03-11 15:44:17.947 I/LauncherIconVisibilityManager(  863): Activity has already been disabled: ComponentInfo{com.google.android.inputmethod.latin/com.android.inputmethod.latin.setup.SetupActivity}
03-11 15:44:17.967 I/ActivityManager(  646): Start proc com.android.vending for broadcast com.android.vending/com.google.android.finsky.receivers.BootCompletedReceiver: pid=1523 uid=10052 gids={50052, 3003, 1028, 1015}
03-11 15:44:17.977 D/dalvikvm( 1265): GC_CONCURRENT freed 331K, 4% free 10549K/10912K, paused 3ms+7ms, total 48ms
03-11 15:44:17.997 E/dalvikvm( 1265): Could not find class 'org.apache.harmony.xnet.provider.jsse.OpenSSLSocketImpl', referenced from method com.facebook.ssl.openssl.check.CheckOpenSSLImplHasRequiredMethods.<clinit>
03-11 15:44:17.997 W/dalvikvm( 1265): VFY: unable to resolve const-class 13583 (Lorg/apache/harmony/xnet/provider/jsse/OpenSSLSocketImpl;) in Lcom/facebook/ssl/openssl/check/CheckOpenSSLImplHasRequiredMethods;
03-11 15:44:17.997 D/dalvikvm( 1265): VFY: replacing opcode 0x1c at 0x000d
03-11 15:44:17.997 E/dalvikvm( 1265): Could not find class 'org.apache.harmony.xnet.provider.jsse.OpenSSLSocketFactoryImpl', referenced from method com.facebook.ssl.openssl.reflect.SSLParametersGetter.<clinit>
03-11 15:44:17.997 W/dalvikvm( 1265): VFY: unable to resolve const-class 13582 (Lorg/apache/harmony/xnet/provider/jsse/OpenSSLSocketFactoryImpl;) in Lcom/facebook/ssl/openssl/reflect/SSLParametersGetter;
03-11 15:44:17.997 D/dalvikvm( 1265): VFY: replacing opcode 0x1c at 0x000d
03-11 15:44:17.997 E/dalvikvm( 1265): Could not find class 'org.apache.harmony.xnet.provider.jsse.SSLParametersImpl', referenced from method com.facebook.ssl.openssl.reflect.SSLParametersGetter.a
03-11 15:44:17.997 W/dalvikvm( 1265): VFY: unable to resolve check-cast 13585 (Lorg/apache/harmony/xnet/provider/jsse/SSLParametersImpl;) in Lcom/facebook/ssl/openssl/reflect/SSLParametersGetter;
03-11 15:44:17.997 D/dalvikvm( 1265): VFY: replacing opcode 0x1f at 0x0006
03-11 15:44:17.997 E/dalvikvm( 1265): Could not find class 'org.apache.harmony.xnet.provider.jsse.SSLParametersImpl', referenced from method com.facebook.ssl.openssl.reflect.SSLSessionTimeoutSetter.<clinit>
03-11 15:44:17.997 W/dalvikvm( 1265): VFY: unable to resolve const-class 13585 (Lorg/apache/harmony/xnet/provider/jsse/SSLParametersImpl;) in Lcom/facebook/ssl/openssl/reflect/SSLSessionTimeoutSetter;
03-11 15:44:17.997 D/dalvikvm( 1265): VFY: replacing opcode 0x1c at 0x000d
03-11 15:44:17.997 W/dalvikvm( 1265): VFY: unable to find class referenced in signature (Lorg/apache/harmony/xnet/provider/jsse/SSLParametersImpl;)
03-11 15:44:17.997 E/dalvikvm( 1265): Could not find class 'org.apache.harmony.xnet.provider.jsse.ClientSessionContext', referenced from method com.facebook.ssl.openssl.reflect.SSLSessionTimeoutSetter.a
03-11 15:44:17.997 W/dalvikvm( 1265): VFY: unable to resolve check-cast 13581 (Lorg/apache/harmony/xnet/provider/jsse/ClientSessionContext;) in Lcom/facebook/ssl/openssl/reflect/SSLSessionTimeoutSetter;
03-11 15:44:17.997 D/dalvikvm( 1265): VFY: replacing opcode 0x1f at 0x0006
03-11 15:44:17.997 W/dalvikvm( 1265): VFY: unable to find class referenced in signature (Lorg/apache/harmony/xnet/provider/jsse/SSLParametersImpl;)
03-11 15:44:17.997 W/dalvikvm( 1265): Unable to resolve superclass of Lcom/facebook/ssl/openssl/TicketEnabledOpenSSLSocketImplWrapper; (13584)
03-11 15:44:17.997 W/dalvikvm( 1265): Link of class 'Lcom/facebook/ssl/openssl/TicketEnabledOpenSSLSocketImplWrapper;' failed
03-11 15:44:17.997 E/dalvikvm( 1265): Could not find class 'com.facebook.ssl.openssl.TicketEnabledOpenSSLSocketImplWrapper', referenced from method com.facebook.ssl.openssl.TicketEnabledOpenSSLSocketFactoryHelper.a
03-11 15:44:17.997 W/dalvikvm( 1265): VFY: unable to resolve new-instance 10322 (Lcom/facebook/ssl/openssl/TicketEnabledOpenSSLSocketImplWrapper;) in Lcom/facebook/ssl/openssl/TicketEnabledOpenSSLSocketFactoryHelper;
03-11 15:44:17.997 D/dalvikvm( 1265): VFY: replacing opcode 0x22 at 0x0000
03-11 15:44:18.007 W/dalvikvm( 1265): Unable to resolve superclass of Lcom/facebook/ssl/openssl/TicketEnabledOpenSSLSocketImplWrapper; (13584)
03-11 15:44:18.007 W/dalvikvm( 1265): Link of class 'Lcom/facebook/ssl/openssl/TicketEnabledOpenSSLSocketImplWrapper;' failed
03-11 15:44:18.007 D/dalvikvm( 1265): DexOpt: unable to opt direct call 0xaa3b at 0x08 in Lcom/facebook/ssl/openssl/TicketEnabledOpenSSLSocketFactoryHelper;.a
03-11 15:44:18.037 D/dalvikvm( 1265): GC_CONCURRENT freed 305K, 4% free 10681K/11032K, paused 3ms+3ms, total 23ms
03-11 15:44:18.067 D/dalvikvm(  646): GC_EXPLICIT freed 1044K, 13% free 16710K/19192K, paused 2ms+5ms, total 71ms
03-11 15:44:18.117 W/ActivityManager(  646): Unable to start service Intent { cmp=com.google.android.email/com.android.email.service.AttachmentDownloadService } U=0: not found
03-11 15:44:18.127 I/Email   ( 1492): Observing account changes for notifications
03-11 15:44:18.127 W/ActivityManager(  646): Unable to start service Intent { cmp=com.google.android.email/com.android.email.service.AttachmentDownloadService } U=0: not found
03-11 15:44:18.187 D/dalvikvm( 1341): GC_CONCURRENT freed 541K, 5% free 12651K/13224K, paused 3ms+3ms, total 49ms
03-11 15:44:18.187 D/dalvikvm( 1341): WAIT_FOR_CONCURRENT_GC blocked 23ms
03-11 15:44:18.187 D/dalvikvm( 1341): WAIT_FOR_CONCURRENT_GC blocked 18ms
03-11 15:44:18.187 D/dalvikvm( 1341): WAIT_FOR_CONCURRENT_GC blocked 24ms
03-11 15:44:18.187 D/dalvikvm( 1341): WAIT_FOR_CONCURRENT_GC blocked 24ms
03-11 15:44:18.187 D/Finsky  ( 1523): [1] FinskyApp.onCreate: Initializing network with DFE https://android.clients.google.com/fdfe/
03-11 15:44:18.187 I/ActivityManager(  646): Start proc com.google.android.exchange for service com.google.android.exchange/com.android.exchange.service.EmailSyncAdapterService: pid=1549 uid=10019 gids={50019, 3003, 1028, 1015}
03-11 15:44:18.207 D/dalvikvm( 1265): GC_CONCURRENT freed 347K, 4% free 10835K/11216K, paused 3ms+7ms, total 41ms
03-11 15:44:18.207 D/dalvikvm( 1523): GC_CONCURRENT freed 220K, 3% free 9153K/9408K, paused 2ms+2ms, total 18ms
03-11 15:44:18.287 D/Finsky  ( 1523): [1] DailyHygiene.goMakeHygieneIfDirty: No need to run daily hygiene.
03-11 15:44:18.297 E/dalvikvm( 1341): Could not find class 'org.apache.harmony.xnet.provider.jsse.OpenSSLSocketImpl', referenced from method com.facebook.ssl.openssl.check.CheckOpenSSLImplHasRequiredMethods.<clinit>
03-11 15:44:18.297 W/dalvikvm( 1341): VFY: unable to resolve const-class 13583 (Lorg/apache/harmony/xnet/provider/jsse/OpenSSLSocketImpl;) in Lcom/facebook/ssl/openssl/check/CheckOpenSSLImplHasRequiredMethods;
03-11 15:44:18.297 D/dalvikvm( 1341): VFY: replacing opcode 0x1c at 0x000d
03-11 15:44:18.297 E/dalvikvm( 1341): Could not find class 'org.apache.harmony.xnet.provider.jsse.OpenSSLSocketFactoryImpl', referenced from method com.facebook.ssl.openssl.reflect.SSLParametersGetter.<clinit>
03-11 15:44:18.297 W/dalvikvm( 1341): VFY: unable to resolve const-class 13582 (Lorg/apache/harmony/xnet/provider/jsse/OpenSSLSocketFactoryImpl;) in Lcom/facebook/ssl/openssl/reflect/SSLParametersGetter;
03-11 15:44:18.297 D/dalvikvm( 1341): VFY: replacing opcode 0x1c at 0x000d
03-11 15:44:18.297 E/dalvikvm( 1341): Could not find class 'org.apache.harmony.xnet.provider.jsse.SSLParametersImpl', referenced from method com.facebook.ssl.openssl.reflect.SSLParametersGetter.a
03-11 15:44:18.297 W/dalvikvm( 1341): VFY: unable to resolve check-cast 13585 (Lorg/apache/harmony/xnet/provider/jsse/SSLParametersImpl;) in Lcom/facebook/ssl/openssl/reflect/SSLParametersGetter;
03-11 15:44:18.297 D/dalvikvm( 1341): VFY: replacing opcode 0x1f at 0x0006
03-11 15:44:18.297 E/dalvikvm( 1341): Could not find class 'org.apache.harmony.xnet.provider.jsse.SSLParametersImpl', referenced from method com.facebook.ssl.openssl.reflect.SSLSessionTimeoutSetter.<clinit>
03-11 15:44:18.297 W/dalvikvm( 1341): VFY: unable to resolve const-class 13585 (Lorg/apache/harmony/xnet/provider/jsse/SSLParametersImpl;) in Lcom/facebook/ssl/openssl/reflect/SSLSessionTimeoutSetter;
03-11 15:44:18.297 D/dalvikvm( 1341): VFY: replacing opcode 0x1c at 0x000d
03-11 15:44:18.297 W/dalvikvm( 1341): VFY: unable to find class referenced in signature (Lorg/apache/harmony/xnet/provider/jsse/SSLParametersImpl;)
03-11 15:44:18.297 E/dalvikvm( 1341): Could not find class 'org.apache.harmony.xnet.provider.jsse.ClientSessionContext', referenced from method com.facebook.ssl.openssl.reflect.SSLSessionTimeoutSetter.a
03-11 15:44:18.297 W/dalvikvm( 1341): VFY: unable to resolve check-cast 13581 (Lorg/apache/harmony/xnet/provider/jsse/ClientSessionContext;) in Lcom/facebook/ssl/openssl/reflect/SSLSessionTimeoutSetter;
03-11 15:44:18.297 D/dalvikvm( 1341): VFY: replacing opcode 0x1f at 0x0006
03-11 15:44:18.297 W/dalvikvm( 1341): VFY: unable to find class referenced in signature (Lorg/apache/harmony/xnet/provider/jsse/SSLParametersImpl;)
03-11 15:44:18.297 W/dalvikvm( 1341): Unable to resolve superclass of Lcom/facebook/ssl/openssl/TicketEnabledOpenSSLSocketImplWrapper; (13584)
03-11 15:44:18.297 W/dalvikvm( 1341): Link of class 'Lcom/facebook/ssl/openssl/TicketEnabledOpenSSLSocketImplWrapper;' failed
03-11 15:44:18.297 E/dalvikvm( 1341): Could not find class 'com.facebook.ssl.openssl.TicketEnabledOpenSSLSocketImplWrapper', referenced from method com.facebook.ssl.openssl.TicketEnabledOpenSSLSocketFactoryHelper.a
03-11 15:44:18.297 W/dalvikvm( 1341): VFY: unable to resolve new-instance 10322 (Lcom/facebook/ssl/openssl/TicketEnabledOpenSSLSocketImplWrapper;) in Lcom/facebook/ssl/openssl/TicketEnabledOpenSSLSocketFactoryHelper;
03-11 15:44:18.297 D/dalvikvm( 1341): VFY: replacing opcode 0x22 at 0x0000
03-11 15:44:18.297 W/dalvikvm( 1341): Unable to resolve superclass of Lcom/facebook/ssl/openssl/TicketEnabledOpenSSLSocketImplWrapper; (13584)
03-11 15:44:18.297 W/dalvikvm( 1341): Link of class 'Lcom/facebook/ssl/openssl/TicketEnabledOpenSSLSocketImplWrapper;' failed
03-11 15:44:18.297 D/dalvikvm( 1341): DexOpt: unable to opt direct call 0xaa3b at 0x08 in Lcom/facebook/ssl/openssl/TicketEnabledOpenSSLSocketFactoryHelper;.a
03-11 15:44:18.307 W/Settings( 1523): Setting download_manager_max_bytes_over_mobile has moved from android.provider.Settings.Secure to android.provider.Settings.Global.
03-11 15:44:18.307 W/Settings( 1523): Setting download_manager_recommended_max_bytes_over_mobile has moved from android.provider.Settings.Secure to android.provider.Settings.Global.
03-11 15:44:18.311 W/BroadcastQueue(  646): Permission Denial: broadcasting Intent { act=android.net.conn.CONNECTIVITY_CHANGE flg=0x4000010 (has extras) } from null (pid=-1, uid=-1) requires com.facebook.permission.prod.FB_APP_COMMUNICATION due to registered receiver BroadcastFilter{427ef978 u0 ReceiverList{427ef918 1341 com.facebook.katana/10114/u0 remote:427ebc20}}
03-11 15:44:18.337 D/dalvikvm( 1523): GC_CONCURRENT freed 273K, 4% free 9306K/9612K, paused 2ms+5ms, total 17ms
03-11 15:44:18.341 I/ActivityManager(  646): Start proc com.chrome.beta for service com.chrome.beta/com.google.android.apps.chrome.sync.ChromeBrowserSyncAdapterService: pid=1625 uid=10110 gids={50110, 3003, 1028, 1015}
03-11 15:44:18.357 D/Volley  ( 1523): [94] DiskBasedCache.clear: Cache cleared.
03-11 15:44:18.357 D/dalvikvm( 1341): GC_CONCURRENT freed 868K, 7% free 12971K/13872K, paused 3ms+4ms, total 45ms
03-11 15:44:18.357 D/dalvikvm( 1341): WAIT_FOR_CONCURRENT_GC blocked 27ms
03-11 15:44:18.361 I/ActivityManager(  646): Start proc com.google.android.apps.plus for service com.google.android.apps.plus/.service.EsSyncAdapterService: pid=1639 uid=10054 gids={50054, 3003, 3002, 1028, 1015}
03-11 15:44:18.367 D/Volley  ( 1523): [98] DiskBasedCache.clear: Cache cleared.
03-11 15:44:18.371 I/ActivityManager(  646): Delay finish: com.google.android.calendar/com.android.calendar.alerts.AlertReceiver
03-11 15:44:18.377 D/GCM     ( 1023): COMPAT: Multi user ser=0 current=0
03-11 15:44:18.377 D/dalvikvm( 1023): GC_CONCURRENT freed 633K, 7% free 9175K/9844K, paused 2ms+1ms, total 14ms
03-11 15:44:18.387 D/GCM     (  966): GcmService start Intent { act=android.intent.action.BOOT_COMPLETED flg=0x8000010 cmp=com.google.android.gms/.gcm.GcmService (has extras) } android.intent.action.BOOT_COMPLETED
03-11 15:44:18.397 I/ActivityManager(  646): Start proc com.google.android.gms.ui for service com.google.android.gms/.auth.authzen.GcmReceiverService: pid=1588 uid=10023 gids={50023, 3003, 1007, 3002, 3001, 1028, 1015, 3007, 2001, 3006}
03-11 15:44:18.427 I/GCoreUlr( 1023): Starting service, intent=Intent { cmp=com.google.android.gms/com.google.android.location.reporting.service.DispatchingService (has extras) }, extras=Bundle[{intentType=2, receiverAction=android.intent.action.BOOT_COMPLETED}]
03-11 15:44:18.427 V/KeepAlert(  840): Action android.intent.action.BOOT_COMPLETED
03-11 15:44:18.427 I/MultiDex( 1588): load(/data/app/com.google.android.gms-2.apk, forceReload=false)
03-11 15:44:18.437 I/GCoreUlr( 1112): WorldUpdater received intent Intent { cmp=com.google.android.gms/com.google.android.location.reporting.service.DispatchingService (has extras) } with receiverAction android.intent.action.BOOT_COMPLETED, forceUpdate false
03-11 15:44:18.437 D/dalvikvm( 1023): Trying to load lib /data/app-lib/com.google.android.gms-2/libAppDataSearch.so 0x41eca138
03-11 15:44:18.441 I/ActivityManager(  646): Delaying start of: ServiceRecord{42669808 u0 com.facebook.katana/com.facebook.push.mqtt.MqttPushService}
03-11 15:44:18.447 D/dalvikvm( 1023): Added shared lib /data/app-lib/com.google.android.gms-2/libAppDataSearch.so 0x41eca138
03-11 15:44:18.447 D/dalvikvm( 1023): No JNI_OnLoad found in /data/app-lib/com.google.android.gms-2/libAppDataSearch.so 0x41eca138, skipping init
03-11 15:44:18.447 I/ActivityManager(  646): Start proc com.google.android.calendar for broadcast com.google.android.calendar/com.android.calendar.alerts.AlertReceiver: pid=1604 uid=10007 gids={50007, 3003}
03-11 15:44:18.468 D/dalvikvm( 1023): GC_FOR_ALLOC freed 165K, 7% free 9216K/9844K, paused 11ms, total 11ms
03-11 15:44:18.468 D/Finsky  ( 1523): [1] GmsCoreHelper.cleanupNlp: result=false type=4
03-11 15:44:18.488 D/dalvikvm( 1588): GC_CONCURRENT freed 173K, 3% free 9292K/9500K, paused 1ms+2ms, total 18ms
03-11 15:44:18.488 I/MultiDex( 1588): Need extracted file /data/data/com.google.android.gms/files/secondary-dexes/com.google.android.gms-2.apk.classes2.zip
03-11 15:44:18.488 I/MultiDex( 1588): No extraction needed for /data/data/com.google.android.gms/files/secondary-dexes/com.google.android.gms-2.apk.classes2.zip of size 1430457
03-11 15:44:18.498 V/AuthZen ( 1588): Received a GCM message.
03-11 15:44:18.508 D/dalvikvm( 1523): GC_CONCURRENT freed 172K, 3% free 9549K/9756K, paused 2ms+2ms, total 28ms
03-11 15:44:18.508 V/AuthZen ( 1588): [DefaultAuthzenGcmReceiverDelegateService] Received an Authzen GCM message.
03-11 15:44:18.508 D/Tethering(  646): MasterInitialState.processMessage what=3
03-11 15:44:18.508 D/CaptivePortalTracker(  646): NoActiveNetworkState{ when=-1ms what=1 obj=NetworkInfo: type: WIFI[], state: CONNECTED/CONNECTED, reason: (unspecified), extra: "aalto open", roaming: false, failover: false, isAvailable: true, isConnectedToProvisioningNetwork: false target=com.android.internal.util.StateMachine$SmHandler }
03-11 15:44:18.361 D/AlertReceiver( 1604): onReceive: a=android.intent.action.BOOT_COMPLETED Intent { act=android.intent.action.BOOT_COMPLETED flg=0x8000010 cmp=com.google.android.calendar/com.android.calendar.alerts.AlertReceiver (has extras) }
03-11 15:44:18.371 D/AlertService( 1604): 0 Action = android.intent.action.BOOT_COMPLETED
03-11 15:44:18.381 D/AlertService( 1604): Scheduling next alarm with AlarmScheduler. sEventReminderReceived: null
03-11 15:44:18.441 I/AuthZen ( 1588): Fetching signing key...
03-11 15:44:18.471 D/GCoreFlp( 1112): Unknown pending intent to remove.
03-11 15:44:18.501 D/Finsky  ( 1523): [1] 2.run: Loaded library for account: [h8oDSybNDDZzpp4iys_x3qq36Xs]
03-11 15:44:18.501 D/Finsky  ( 1523): [1] 2.run: Finished loading 1 libraries.
03-11 15:44:18.501 D/Finsky  ( 1523): [1] RestoreTracker.stopServiceIfDone: Restore complete with 0 success and 0 failed.
03-11 15:44:18.511 D/GpsLocationProvider(  646): NTP server returned: 1394545455317 (Tue Mar 11 15:44:15 EET 2014) reference: 30487 certainty: 3 system time offset: -3208
03-11 15:44:18.518 D/        (  646): Setting time of day to sec=1394545458
03-11 15:44:18.521 D/AlarmScheduler( 1604): Query result count for events starting within 1 week: 3
03-11 15:44:18.541 W/GAV2    ( 1165): Thread[GAThread,5,main]: Service unavailable (code=1), will retry.
03-11 15:44:18.541 W/ActivityManager(  646): Unable to start service Intent { act=com.google.android.gms.analytics.service.START cmp=com.google.android.gms/.analytics.service.AnalyticsService (has extras) } U=0: not found
03-11 15:44:18.561 I/GAV2    ( 1165): Thread[GAThread,5,main]: No campaign data found.
03-11 15:44:18.591 W/fb4a(:<default>):MqttPushService( 1341): Attempt to start service that is already started
03-11 15:44:18.591 I/AuthZen ( 1588): Signing key fetched successfuly!
03-11 15:44:18.601 I/ActivityManager(  646): Resuming delayed broadcast
03-11 15:44:18.611 I/ActivityManager(  646): Start proc com.google.android.youtube for broadcast com.google.android.youtube/com.google.android.apps.youtube.core.transfer.DownloadService$BootReceiver: pid=1662 uid=10066 gids={50066, 3003, 1028, 1015}
03-11 15:44:18.631 D/dalvikvm(  186): GC_EXPLICIT freed 42K, 1% free 8980K/9056K, paused 1ms+2ms, total 20ms
03-11 15:44:18.651 D/dalvikvm(  186): GC_EXPLICIT freed <1K, 1% free 8980K/9056K, paused 3ms+2ms, total 17ms
03-11 15:44:18.661 D/dalvikvm( 1639): Trying to load lib /data/app-lib/com.google.android.apps.plus-2/libcrashreporter.so 0x41ed16b8
03-11 15:44:18.661 D/dalvikvm( 1639): Added shared lib /data/app-lib/com.google.android.apps.plus-2/libcrashreporter.so 0x41ed16b8
03-11 15:44:18.661 D/dalvikvm( 1341): GC_CONCURRENT freed 830K, 7% free 13475K/14336K, paused 3ms+4ms, total 69ms
03-11 15:44:18.661 D/dalvikvm( 1341): WAIT_FOR_CONCURRENT_GC blocked 7ms
03-11 15:44:18.661 I/GCoreUlr( 1112): Ensuring that reporting is stopped because of reasons: {account#-17#=[InactiveReason{mVersionCode=0, mIdentifier=6, mName='ReportingNotSelected'}]}
03-11 15:44:18.671 D/dalvikvm(  186): GC_EXPLICIT freed <1K, 1% free 8980K/9056K, paused 2ms+2ms, total 16ms
03-11 15:44:18.671 D/GCoreFlp( 1112): Unknown pending intent to remove.
03-11 15:44:18.671 I/GCoreUlr( 1112): Unbound from all location providers
03-11 15:44:18.741 D/dalvikvm( 1639): GC_CONCURRENT freed 236K, 3% free 9133K/9404K, paused 1ms+2ms, total 17ms
03-11 15:44:18.791 D/YouTube ( 1662): apps.youtube.core.utils.bh.a:41 HttpClient.UserAgent: com.google.android.youtube/5.3.32(Linux; U; Android 4.4.2; en_US; Nexus 7 Build/KOT49H)
03-11 15:44:18.811 D/DelayedSyncController( 1625): Delaying sync.
03-11 15:44:18.811 D/dalvikvm( 1662): GC_CONCURRENT freed 259K, 4% free 9153K/9448K, paused 2ms+1ms, total 17ms
03-11 15:44:18.811 D/dalvikvm( 1662): WAIT_FOR_CONCURRENT_GC blocked 12ms
03-11 15:44:18.811 I/ActivityManager(  646): Killing 951:android.process.acore/u0a0 (adj 15): empty #17
03-11 15:44:18.851 D/YouTube ( 1662): apps.youtube.core.utils.bh.a:41 HttpClient.UserAgent: com.google.android.youtube/5.3.32(Linux; U; Android 4.4.2; en_US; Nexus 7 Build/KOT49H)
03-11 15:44:18.871 D/dalvikvm( 1639): GC_CONCURRENT freed 260K, 4% free 9276K/9568K, paused 1ms+3ms, total 14ms
03-11 15:44:18.941 I/ActivityManager(  646): Start proc android.process.acore for content provider com.android.providers.contacts/.ContactsProvider2: pid=1702 uid=10000 gids={50000, 3003, 1028, 1015}
03-11 15:44:18.971 I/iu.SyncService( 1639): Google+ Photos Sync started.
03-11 15:44:18.971 I/iu.SyncService( 1639): ====> Periodic up and down sync
03-11 15:44:18.981 D/dalvikvm( 1662): GC_CONCURRENT freed 242K, 3% free 9311K/9584K, paused 3ms+1ms, total 17ms
03-11 15:44:18.991 D/dalvikvm(  646): GC_EXPLICIT freed 574K, 13% free 16820K/19192K, paused 2ms+6ms, total 72ms
03-11 15:44:19.031 I/EsService( 1639): readResults: read results: 19, lastRequestId: 2819
03-11 15:44:19.031 D/dalvikvm( 1639): GC_CONCURRENT freed 208K, 3% free 9511K/9752K, paused 3ms+3ms, total 24ms
03-11 15:44:19.041 D/YouTube ( 1662): apps.youtube.core.client.y.a:114 event [version=5.3.32-s2000, action=Startup, label=NORMAL_STARTUP, value=-1]
03-11 15:44:19.051 I/EsSyncAdapterService( 1639): G+ sync (full, periodic) started.
03-11 15:44:19.061 D/dalvikvm( 1702): GC_CONCURRENT freed 192K, 3% free 9210K/9436K, paused 2ms+2ms, total 18ms
03-11 15:44:19.071 I/ActivityManager(  646): Killing 1165:com.google.android.apps.magazines/u0a40 (adj 15): empty #17
03-11 15:44:19.111 D/dalvikvm( 1662): GC_CONCURRENT freed 307K, 4% free 9518K/9856K, paused 1ms+1ms, total 24ms
03-11 15:44:19.111 D/dalvikvm( 1662): WAIT_FOR_CONCURRENT_GC blocked 13ms
03-11 15:44:19.111 D/dalvikvm( 1662): WAIT_FOR_CONCURRENT_GC blocked 1ms
03-11 15:44:19.121 I/iu.UploadsManager( 1639): #reloadSettings(); account: null; pageID: none; IU: disabled; IS: disabled; photoWiFi: true; videoWiFi: true; roam: false; battery: true; size: FULL; maxMobile: 157286400
03-11 15:44:19.151 D/dalvikvm( 1662): GC_CONCURRENT freed 195K, 3% free 9831K/10060K, paused 2ms+2ms, total 18ms
03-11 15:44:19.151 D/dalvikvm( 1662): WAIT_FOR_CONCURRENT_GC blocked 11ms
03-11 15:44:19.151 D/dalvikvm( 1662): WAIT_FOR_CONCURRENT_GC blocked 12ms
03-11 15:44:19.151 D/dalvikvm( 1662): WAIT_FOR_CONCURRENT_GC blocked 12ms
03-11 15:44:19.151 D/dalvikvm( 1662): WAIT_FOR_CONCURRENT_GC blocked 12ms
03-11 15:44:19.151 D/dalvikvm( 1662): DexOpt: --- BEGIN 'ads799323800.jar' (bootstrap=0) ---
03-11 15:44:19.161 I/ContactLocale( 1702): AddressBook Labels [en_US]: [, A, B, C, D, E, F, G, H, I, J, K, L, M, N, O, P, Q, R, S, T, U, V, W, X, Y, Z, , , , , , , , , , , , , , , , , , , , , , , , , , , , , , , , , , , , , , , , , , , , , , , , , , , , , , , , , , , , , , , , , , , , , , , , , , , , , , , , , , , , , , , , , , , , , , , , , , , , , , , , , , , , , , , , , , , , , , , , , , , , , , , , , , , , , , , , , , , , , , , , , , , , , , , , , , , , , , , , , , , , , , , , , , , , , , , , , , , , , , #, ]
03-11 15:44:19.161 I/iu.UploadsManager( 1639): End new media; added: 0, uploading: 0, time: 47 ms
03-11 15:44:19.171 I/iu.SyncManager( 1639): SYNC; picasa accounts
03-11 15:44:19.171 I/iu.SyncService( 1639): ----> Start up sync for account: nicholas.kariniemi@gmail.com
03-11 15:44:19.201 D/dalvikvm( 1662): GC_CONCURRENT freed 369K, 4% free 9975K/10376K, paused 3ms+1ms, total 19ms
03-11 15:44:19.201 D/dalvikvm( 1662): WAIT_FOR_CONCURRENT_GC blocked 14ms
03-11 15:44:19.211 I/iu.UploadsManager( 1639): End new media; added: 0, uploading: 0, time: 40 ms
03-11 15:44:19.221 D/dalvikvm( 1662): WAIT_FOR_CONCURRENT_GC blocked 24ms
03-11 15:44:19.221 D/dalvikvm( 1662): WAIT_FOR_CONCURRENT_GC blocked 24ms
03-11 15:44:19.221 D/dalvikvm( 1662): WAIT_FOR_CONCURRENT_GC blocked 24ms
03-11 15:44:19.241 D/dalvikvm( 1662): GC_CONCURRENT freed 364K, 4% free 10125K/10520K, paused 1ms+1ms, total 17ms
03-11 15:44:19.241 D/dalvikvm( 1662): WAIT_FOR_CONCURRENT_GC blocked 11ms
