03-11 15:47:25.082 W/WindowManager(  646): mToken=AppWindowToken{42873d60 token=Token{424ccb70 ActivityRecord{424fdf28 u0 com.android.helloworldjava/.HelloWorld t5}}}
03-11 15:47:25.082 W/WindowManager(  646): mRootToken=AppWindowToken{42873d60 token=Token{424ccb70 ActivityRecord{424fdf28 u0 com.android.helloworldjava/.HelloWorld t5}}}
03-11 15:47:25.082 W/WindowManager(  646): mAppToken=AppWindowToken{42873d60 token=Token{424ccb70 ActivityRecord{424fdf28 u0 com.android.helloworldjava/.HelloWorld t5}}}
03-11 15:47:25.082 W/WindowManager(  646): mViewVisibility=0x0 mHaveFrame=true mObscured=true
03-11 15:47:25.082 W/WindowManager(  646): mSeq=0 mSystemUiVisibility=0x0
03-11 15:47:25.082 W/WindowManager(  646): mPolicyVisibility=false mPolicyVisibilityAfterAnim=false mAppOpVisibility=true mAttachedHidden=false
03-11 15:47:25.082 W/WindowManager(  646): mGivenContentInsets=[0,0][0,0] mGivenVisibleInsets=[0,0][0,0]
03-11 15:47:25.082 W/WindowManager(  646): mConfiguration={1.0 ?mcc?mnc en_US ldltr sw600dp w600dp h887dp 320dpi lrg port finger -keyb/v/h -nav/h s.5}
03-11 15:47:25.082 W/WindowManager(  646): mHasSurface=true mShownFrame=[0.0,0.0][1200.0,1824.0] isReadyForDisplay()=false
03-11 15:47:25.082 W/WindowManager(  646): mFrame=[0,0][1200,1824] last=[0,0][1200,1824]
03-11 15:47:25.082 W/WindowManager(  646): mSystemDecorRect=[0,0][640,973] last=[0,0][640,973]
03-11 15:47:25.082 W/WindowManager(  646): mCompatFrame=[0,0][640,973]
03-11 15:47:25.082 W/WindowManager(  646): Frames: containing=[0,0][1200,1824] parent=[0,0][1200,1824]
03-11 15:47:25.082 W/WindowManager(  646):     display=[0,0][1200,1824] overscan=[0,0][1200,1920]
03-11 15:47:25.082 W/WindowManager(  646):     content=[0,50][1200,1824] visible=[0,50][1200,1824]
03-11 15:47:25.082 W/WindowManager(  646):     decor=[0,0][1200,1920]
03-11 15:47:25.082 W/WindowManager(  646): Cur insets: overscan=[0,0][0,0] content=[0,27][0,0] visible=[0,27][0,0]
03-11 15:47:25.082 W/WindowManager(  646): Lst insets: overscan=[0,0][0,0] content=[0,27][0,0] visible=[0,27][0,0]
03-11 15:47:25.082 W/WindowManager(  646): WindowStateAnimator{42855808 com.android.helloworldjava/com.android.helloworldjava.HelloWorld}:
03-11 15:47:25.082 W/WindowManager(  646):   mSurface=Surface(name=com.android.helloworldjava/com.android.helloworldjava.HelloWorld)
03-11 15:47:25.082 W/WindowManager(  646):   mDrawState=HAS_DRAWN mLastHidden=true
03-11 15:47:25.082 W/WindowManager(  646):   Surface: shown=false layer=21005 alpha=0.0 rect=(0.0,0.0) 640.0 x 973.0
03-11 15:47:25.082 W/WindowManager(  646):   mShownAlpha=1.0 mAlpha=1.0 mLastAlpha=-1.0
03-11 15:47:25.082 W/WindowManager(  646):   mGlobalScale=1.8746146 mDsDx=1.8746146 mDtDx=0.0 mDsDy=0.0 mDtDy=1.8746146
03-11 15:47:25.082 W/WindowManager(  646): Current app token list:
03-11 15:47:25.082 V/WindowManager(  646):   Display 0
03-11 15:47:25.082 V/WindowManager(  646):   #0: Token{42627728 ActivityRecord{426275c8 u0 com.android.launcher/com.android.launcher2.Launcher t1}}
03-11 15:47:25.082 W/WindowManager(  646): Final window list:
03-11 15:47:25.082 V/WindowManager(  646):   #0: Window{428aa800 u0 SearchPanel}
03-11 15:47:25.082 V/WindowManager(  646):   #1: Window{428825d0 u0 NavigationBar}
03-11 15:47:25.082 V/WindowManager(  646):   #2: Window{424ed320 u0 StatusBar}
03-11 15:47:25.082 V/WindowManager(  646):   #3: Window{424ab2e0 u0 Keyguard}
03-11 15:47:25.082 V/WindowManager(  646):   #4: Window{425dc6d0 u0 KeyguardScrim}
03-11 15:47:25.082 V/WindowManager(  646):   #5: Window{428a9750 u0 com.android.launcher/com.android.launcher2.Launcher}
03-11 15:47:25.082 V/WindowManager(  646):   #6: Window{4250d2a0 u0 com.android.systemui.ImageWallpaper}
03-11 15:47:25.082 I/WindowState(  646): WIN DEATH: Window{425b9dd8 u0 com.android.helloworldjava/com.android.helloworldjava.HelloWorld}
03-11 15:47:25.092 D/keystore(  191): calling clear_uid in state: 3
03-11 15:47:25.102 D/Documents( 2235): Used cached roots for com.android.providers.downloads.documents
03-11 15:47:25.102 D/Documents( 2235): Used cached roots for com.android.externalstorage.documents
03-11 15:47:25.102 D/Documents( 2235): Used cached roots for com.android.providers.media.documents
03-11 15:47:25.102 D/Documents( 2235): Used cached roots for com.google.android.apps.docs.storage
03-11 15:47:25.102 D/Documents( 2235): Update found 7 roots in 6ms
03-11 15:47:25.112 D/PackageBroadcastService( 1023): Received broadcast action=android.intent.action.PACKAGE_DATA_CLEARED and uri=com.android.helloworldjava
03-11 15:47:25.122 I/Icing   ( 1023): doRemovePackageData com.android.helloworldjava
03-11 15:47:25.122 D/AndroidRuntime( 2539): Shutting down VM
03-11 15:47:25.132 D/dalvikvm( 2539): GC_CONCURRENT freed 94K, 15% free 558K/656K, paused 0ms+0ms, total 2ms
03-11 15:47:26.684 D/AndroidRuntime( 2567): 
03-11 15:47:26.684 D/AndroidRuntime( 2567): >>>>>> AndroidRuntime START com.android.internal.os.RuntimeInit <<<<<<
03-11 15:47:26.684 D/AndroidRuntime( 2567): CheckJNI is OFF
03-11 15:47:26.704 D/dalvikvm( 2567): Trying to load lib libjavacore.so 0x0
03-11 15:47:26.704 D/dalvikvm( 2567): Added shared lib libjavacore.so 0x0
03-11 15:47:26.704 D/dalvikvm( 2567): Trying to load lib libnativehelper.so 0x0
03-11 15:47:26.704 D/dalvikvm( 2567): Added shared lib libnativehelper.so 0x0
03-11 15:47:26.704 D/dalvikvm( 2567): No JNI_OnLoad found in libnativehelper.so 0x0, skipping init
03-11 15:47:26.744 D/dalvikvm( 2567): Note: class Landroid/app/ActivityManagerNative; has 179 unimplemented (abstract) methods
03-11 15:47:26.934 D/AndroidRuntime( 2567): Calling main entry com.android.commands.am.Am
03-11 15:47:26.944 I/ActivityManager(  646): START u0 {flg=0x10000000 cmp=com.android.helloworldjava/.HelloWorld} from pid 2567
03-11 15:47:27.254 I/WindowManager(  646): Screenshot max retries 4 of Token{42627728 ActivityRecord{426275c8 u0 com.android.launcher/com.android.launcher2.Launcher t1}} appWin=Window{428a9750 u0 com.android.launcher/com.android.launcher2.Launcher} drawState=4
03-11 15:47:27.254 W/WindowManager(  646): Screenshot failure taking screenshot for (1200x1920) to layer 21000
03-11 15:47:27.264 D/AndroidRuntime( 2567): Shutting down VM
03-11 15:47:27.274 D/dalvikvm( 2567): GC_CONCURRENT freed 95K, 15% free 586K/684K, paused 1ms+0ms, total 5ms
03-11 15:47:27.284 I/ActivityManager(  646): Start proc com.android.helloworldjava for activity com.android.helloworldjava/.HelloWorld: pid=2584 uid=10121 gids={50121, 1028, 1015}
03-11 15:47:27.394 I/ActivityManager(  646): Displayed com.android.helloworldjava/.HelloWorld: +135ms
03-11 15:47:47.824 D/AndroidRuntime( 2617): 
03-11 15:47:47.824 D/AndroidRuntime( 2617): >>>>>> AndroidRuntime START com.android.internal.os.RuntimeInit <<<<<<
03-11 15:47:47.824 D/AndroidRuntime( 2617): CheckJNI is OFF
03-11 15:47:47.844 D/dalvikvm( 2617): Trying to load lib libjavacore.so 0x0
03-11 15:47:47.844 D/dalvikvm( 2617): Added shared lib libjavacore.so 0x0
03-11 15:47:47.844 D/dalvikvm( 2617): Trying to load lib libnativehelper.so 0x0
03-11 15:47:47.854 D/dalvikvm( 2617): Added shared lib libnativehelper.so 0x0
03-11 15:47:47.854 D/dalvikvm( 2617): No JNI_OnLoad found in libnativehelper.so 0x0, skipping init
03-11 15:47:47.884 D/dalvikvm( 2617): Note: class Landroid/app/ActivityManagerNative; has 179 unimplemented (abstract) methods
03-11 15:47:48.075 D/AndroidRuntime( 2617): Calling main entry com.android.commands.pm.Pm
03-11 15:47:48.085 I/ActivityManager(  646): Force stopping com.android.helloworldjava appid=10121 user=0: clear data
03-11 15:47:48.085 I/ActivityManager(  646): Killing 2584:com.android.helloworldjava/u0a121 (adj 0): stop com.android.helloworldjava
03-11 15:47:48.085 W/ActivityManager(  646): Force removing ActivityRecord{4258a2b0 u0 com.android.helloworldjava/.HelloWorld t6}: app died, no saved state
03-11 15:47:48.095 W/InputDispatcher(  646): channel '4261c8a0 com.android.helloworldjava/com.android.helloworldjava.HelloWorld (server)' ~ Consumer closed input channel or an error occurred.  events=0x9
03-11 15:47:48.095 E/InputDispatcher(  646): channel '4261c8a0 com.android.helloworldjava/com.android.helloworldjava.HelloWorld (server)' ~ Channel is unrecoverably broken and will be disposed!
03-11 15:47:48.095 W/InputDispatcher(  646): Attempted to unregister already unregistered input channel '4261c8a0 com.android.helloworldjava/com.android.helloworldjava.HelloWorld (server)'
03-11 15:47:48.095 W/WindowManager(  646): Rebuild removed 2 windows but added 1
03-11 15:47:48.095 W/WindowManager(  646): java.lang.RuntimeException: here
03-11 15:47:48.095 W/WindowManager(  646): 	at com.android.server.wm.WindowManagerService.rebuildAppWindowListLocked(WindowManagerService.java:8011)
03-11 15:47:48.095 W/WindowManager(  646): 	at com.android.server.wm.WindowManagerService.rebuildAppWindowListLocked(WindowManagerService.java:7947)
03-11 15:47:48.095 W/WindowManager(  646): 	at com.android.server.wm.WindowManagerService.handleAppTransitionReadyLocked(WindowManagerService.java:8430)
03-11 15:47:48.095 W/WindowManager(  646): 	at com.android.server.wm.WindowManagerService.performLayoutAndPlaceSurfacesLockedInner(WindowManagerService.java:9193)
03-11 15:47:48.095 W/WindowManager(  646): 	at com.android.server.wm.WindowManagerService.performLayoutAndPlaceSurfacesLockedLoop(WindowManagerService.java:8163)
03-11 15:47:48.095 W/WindowManager(  646): 	at com.android.server.wm.WindowManagerService.performLayoutAndPlaceSurfacesLocked(WindowManagerService.java:8105)
03-11 15:47:48.095 W/WindowManager(  646): 	at com.android.server.wm.WindowManagerService.executeAppTransition(WindowManagerService.java:3918)
03-11 15:47:48.095 W/WindowManager(  646): 	at com.android.server.am.ActivityStackSupervisor.reportResumedActivityLocked(ActivityStackSupervisor.java:2241)
03-11 15:47:48.095 W/WindowManager(  646): 	at com.android.server.am.ActivityStack.completeResumeLocked(ActivityStack.java:968)
03-11 15:47:48.095 W/WindowManager(  646): 	at com.android.server.am.ActivityStack.resumeTopActivityLocked(ActivityStack.java:1631)
03-11 15:47:48.095 W/WindowManager(  646): 	at com.android.server.am.ActivityStackSupervisor.resumeTopActivitiesLocked(ActivityStackSupervisor.java:2022)
03-11 15:47:48.095 W/WindowManager(  646): 	at com.android.server.am.ActivityStackSupervisor.resumeTopActivitiesLocked(ActivityStackSupervisor.java:2009)
03-11 15:47:48.095 W/WindowManager(  646): 	at com.android.server.am.ActivityManagerService.forceStopPackageLocked(ActivityManagerService.java:4750)
03-11 15:47:48.095 W/WindowManager(  646): 	at com.android.server.am.ActivityManagerService.forceStopPackageLocked(ActivityManagerService.java:4496)
03-11 15:47:48.095 W/WindowManager(  646): 	at com.android.server.am.ActivityManagerService.clearApplicationUserData(ActivityManagerService.java:4176)
03-11 15:47:48.095 W/WindowManager(  646): 	at android.app.ActivityManagerNative.onTransact(ActivityManagerNative.java:1114)
03-11 15:47:48.095 W/WindowManager(  646): 	at com.android.server.am.ActivityManagerService.onTransact(ActivityManagerService.java:2071)
03-11 15:47:48.095 W/WindowManager(  646): 	at android.os.Binder.execTransact(Binder.java:404)
03-11 15:47:48.095 W/WindowManager(  646): 	at dalvik.system.NativeStart.run(Native Method)
03-11 15:47:48.095 W/WindowManager(  646): This window was lost: Window{4261c8a0 u0 com.android.helloworldjava/com.android.helloworldjava.HelloWorld}
03-11 15:47:48.095 W/WindowManager(  646): mDisplayId=0 mSession=Session{4276f208 2584:u0a10121} mClient=android.os.BinderProxy@427462a8
03-11 15:47:48.095 W/WindowManager(  646): mOwnerUid=10121 mShowToOwnerOnly=true package=com.android.helloworldjava appop=NONE
03-11 15:47:48.095 W/WindowManager(  646): mAttrs=WM.LayoutParams{(0,0)(fillxfill) sim=#120 ty=1 fl=#40010100 compatible=true pfl=0x88 wanim=0x1030001}
03-11 15:47:48.095 W/WindowManager(  646): Requested w=1200 h=1824 mLayoutSeq=127
03-11 15:47:48.095 W/WindowManager(  646): mBaseLayer=21000 mSubLayer=0 mAnimLayer=21005+0=21005 mLastLayer=0
03-11 15:47:48.095 W/WindowManager(  646): mToken=AppWindowToken{42869370 token=Token{425ba610 ActivityRecord{4258a2b0 u0 com.android.helloworldjava/.HelloWorld t6}}}
03-11 15:47:48.095 W/WindowManager(  646): mRootToken=AppWindowToken{42869370 token=Token{425ba610 ActivityRecord{4258a2b0 u0 com.android.helloworldjava/.HelloWorld t6}}}
03-11 15:47:48.095 W/WindowManager(  646): mAppToken=AppWindowToken{42869370 token=Token{425ba610 ActivityRecord{4258a2b0 u0 com.android.helloworldjava/.HelloWorld t6}}}
03-11 15:47:48.095 W/WindowManager(  646): mViewVisibility=0x0 mHaveFrame=true mObscured=true
03-11 15:47:48.095 W/WindowManager(  646): mSeq=0 mSystemUiVisibility=0x0
03-11 15:47:48.095 W/WindowManager(  646): mPolicyVisibility=false mPolicyVisibilityAfterAnim=false mAppOpVisibility=true mAttachedHidden=false
03-11 15:47:48.095 W/WindowManager(  646): mGivenContentInsets=[0,0][0,0] mGivenVisibleInsets=[0,0][0,0]
03-11 15:47:48.095 W/WindowManager(  646): mConfiguration={1.0 ?mcc?mnc en_US ldltr sw600dp w600dp h887dp 320dpi lrg port finger -keyb/v/h -nav/h s.5}
03-11 15:47:48.095 W/WindowManager(  646): mHasSurface=true mShownFrame=[0.0,0.0][1200.0,1824.0] isReadyForDisplay()=false
03-11 15:47:48.095 W/WindowManager(  646): mFrame=[0,0][1200,1824] last=[0,0][1200,1824]
03-11 15:47:48.095 W/WindowManager(  646): mSystemDecorRect=[0,0][640,973] last=[0,0][640,973]
03-11 15:47:48.095 W/WindowManager(  646): mCompatFrame=[0,0][640,973]
03-11 15:47:48.095 W/WindowManager(  646): Frames: containing=[0,0][1200,1824] parent=[0,0][1200,1824]
03-11 15:47:48.095 W/WindowManager(  646):     display=[0,0][1200,1824] overscan=[0,0][1200,1920]
03-11 15:47:48.095 W/WindowManager(  646):     content=[0,50][1200,1824] visible=[0,50][1200,1824]
03-11 15:47:48.095 W/WindowManager(  646):     decor=[0,0][1200,1920]
03-11 15:47:48.095 W/WindowManager(  646): Cur insets: overscan=[0,0][0,0] content=[0,27][0,0] visible=[0,27][0,0]
03-11 15:47:48.095 W/WindowManager(  646): Lst insets: overscan=[0,0][0,0] content=[0,27][0,0] visible=[0,27][0,0]
03-11 15:47:48.095 W/WindowManager(  646): WindowStateAnimator{4280b3d0 com.android.helloworldjava/com.android.helloworldjava.HelloWorld}:
03-11 15:47:48.095 W/WindowManager(  646):   mSurface=Surface(name=com.android.helloworldjava/com.android.helloworldjava.HelloWorld)
03-11 15:47:48.095 W/WindowManager(  646):   mDrawState=HAS_DRAWN mLastHidden=true
03-11 15:47:48.095 W/WindowManager(  646):   Surface: shown=false layer=21005 alpha=0.0 rect=(0.0,0.0) 640.0 x 973.0
03-11 15:47:48.095 W/WindowManager(  646):   mShownAlpha=1.0 mAlpha=1.0 mLastAlpha=-1.0
03-11 15:47:48.095 W/WindowManager(  646):   mGlobalScale=1.8746146 mDsDx=1.8746146 mDtDx=0.0 mDsDy=0.0 mDtDy=1.8746146
03-11 15:47:48.095 W/WindowManager(  646): Current app token list:
03-11 15:47:48.095 V/WindowManager(  646):   Display 0
03-11 15:47:48.095 V/WindowManager(  646):   #0: Token{42627728 ActivityRecord{426275c8 u0 com.android.launcher/com.android.launcher2.Launcher t1}}
03-11 15:47:48.095 W/WindowManager(  646): Final window list:
03-11 15:47:48.095 V/WindowManager(  646):   #0: Window{428aa800 u0 SearchPanel}
03-11 15:47:48.095 V/WindowManager(  646):   #1: Window{428825d0 u0 NavigationBar}
03-11 15:47:48.095 V/WindowManager(  646):   #2: Window{424ed320 u0 StatusBar}
03-11 15:47:48.095 V/WindowManager(  646):   #3: Window{424ab2e0 u0 Keyguard}
03-11 15:47:48.095 V/WindowManager(  646):   #4: Window{425dc6d0 u0 KeyguardScrim}
03-11 15:47:48.095 V/WindowManager(  646):   #5: Window{428a9750 u0 com.android.launcher/com.android.launcher2.Launcher}
03-11 15:47:48.095 V/WindowManager(  646):   #6: Window{4250d2a0 u0 com.android.systemui.ImageWallpaper}
03-11 15:47:48.095 I/WindowState(  646): WIN DEATH: Window{4261c8a0 u0 com.android.helloworldjava/com.android.helloworldjava.HelloWorld}
03-11 15:47:48.105 D/keystore(  191): calling clear_uid in state: 3
03-11 15:47:48.115 D/Documents( 2235): Used cached roots for com.android.providers.downloads.documents
03-11 15:47:48.115 D/Documents( 2235): Used cached roots for com.android.externalstorage.documents
03-11 15:47:48.115 D/Documents( 2235): Used cached roots for com.android.providers.media.documents
03-11 15:47:48.115 D/Documents( 2235): Used cached roots for com.google.android.apps.docs.storage
03-11 15:47:48.115 D/Documents( 2235): Update found 7 roots in 9ms
03-11 15:47:48.125 D/PackageBroadcastService( 1023): Received broadcast action=android.intent.action.PACKAGE_DATA_CLEARED and uri=com.android.helloworldjava
03-11 15:47:48.135 I/Icing   ( 1023): doRemovePackageData com.android.helloworldjava
03-11 15:47:48.145 D/AndroidRuntime( 2617): Shutting down VM
03-11 15:47:48.145 D/dalvikvm( 2617): GC_CONCURRENT freed 94K, 15% free 558K/656K, paused 0ms+0ms, total 3ms
03-11 15:47:48.155 D/dalvikvm( 1023): GC_CONCURRENT freed 397K, 5% free 9440K/9908K, paused 2ms+2ms, total 29ms
03-11 15:47:49.696 D/AndroidRuntime( 2637): 
03-11 15:47:49.696 D/AndroidRuntime( 2637): >>>>>> AndroidRuntime START com.android.internal.os.RuntimeInit <<<<<<
03-11 15:47:49.696 D/AndroidRuntime( 2637): CheckJNI is OFF
03-11 15:47:49.716 D/dalvikvm( 2637): Trying to load lib libjavacore.so 0x0
03-11 15:47:49.716 D/dalvikvm( 2637): Added shared lib libjavacore.so 0x0
03-11 15:47:49.726 D/dalvikvm( 2637): Trying to load lib libnativehelper.so 0x0
03-11 15:47:49.726 D/dalvikvm( 2637): Added shared lib libnativehelper.so 0x0
03-11 15:47:49.726 D/dalvikvm( 2637): No JNI_OnLoad found in libnativehelper.so 0x0, skipping init
03-11 15:47:49.756 D/dalvikvm( 2637): Note: class Landroid/app/ActivityManagerNative; has 179 unimplemented (abstract) methods
03-11 15:47:49.956 D/AndroidRuntime( 2637): Calling main entry com.android.commands.am.Am
03-11 15:47:49.976 I/ActivityManager(  646): START u0 {flg=0x10000000 cmp=com.android.helloworldjava/.HelloWorld} from pid 2637
03-11 15:47:50.277 D/AndroidRuntime( 2637): Shutting down VM
03-11 15:47:50.277 D/dalvikvm( 2637): GC_CONCURRENT freed 95K, 15% free 586K/684K, paused 0ms+0ms, total 3ms
03-11 15:47:50.277 I/WindowManager(  646): Screenshot max retries 4 of Token{42627728 ActivityRecord{426275c8 u0 com.android.launcher/com.android.launcher2.Launcher t1}} appWin=Window{428a9750 u0 com.android.launcher/com.android.launcher2.Launcher} drawState=4
03-11 15:47:50.277 W/WindowManager(  646): Screenshot failure taking screenshot for (1200x1920) to layer 21000
03-11 15:47:50.287 I/ActivityManager(  646): Start proc com.android.helloworldjava for activity com.android.helloworldjava/.HelloWorld: pid=2652 uid=10121 gids={50121, 1028, 1015}
03-11 15:47:50.387 I/ActivityManager(  646): Displayed com.android.helloworldjava/.HelloWorld: +112ms
03-11 15:48:10.837 D/AndroidRuntime( 2669): 
03-11 15:48:10.837 D/AndroidRuntime( 2669): >>>>>> AndroidRuntime START com.android.internal.os.RuntimeInit <<<<<<
03-11 15:48:10.837 D/AndroidRuntime( 2669): CheckJNI is OFF
03-11 15:48:10.857 D/dalvikvm( 2669): Trying to load lib libjavacore.so 0x0
03-11 15:48:10.857 D/dalvikvm( 2669): Added shared lib libjavacore.so 0x0
03-11 15:48:10.867 D/dalvikvm( 2669): Trying to load lib libnativehelper.so 0x0
03-11 15:48:10.867 D/dalvikvm( 2669): Added shared lib libnativehelper.so 0x0
03-11 15:48:10.867 D/dalvikvm( 2669): No JNI_OnLoad found in libnativehelper.so 0x0, skipping init
03-11 15:48:10.897 D/dalvikvm( 2669): Note: class Landroid/app/ActivityManagerNative; has 179 unimplemented (abstract) methods
03-11 15:48:11.097 D/AndroidRuntime( 2669): Calling main entry com.android.commands.pm.Pm
03-11 15:48:11.097 I/ActivityManager(  646): Force stopping com.android.helloworldjava appid=10121 user=0: clear data
03-11 15:48:11.097 I/ActivityManager(  646): Killing 2652:com.android.helloworldjava/u0a121 (adj 0): stop com.android.helloworldjava
03-11 15:48:11.097 W/ActivityManager(  646): Force removing ActivityRecord{42591ae8 u0 com.android.helloworldjava/.HelloWorld t7}: app died, no saved state
03-11 15:48:11.107 E/InputDispatcher(  646): Received spurious receive callback for unknown input channel.  fd=192, events=0x9
03-11 15:48:11.107 I/WindowState(  646): WIN DEATH: Window{427968b0 u0 com.android.helloworldjava/com.android.helloworldjava.HelloWorld}
03-11 15:48:11.127 D/Documents( 2235): Used cached roots for com.android.providers.downloads.documents
03-11 15:48:11.127 D/Documents( 2235): Used cached roots for com.android.externalstorage.documents
03-11 15:48:11.127 D/Documents( 2235): Used cached roots for com.android.providers.media.documents
03-11 15:48:11.127 D/Documents( 2235): Used cached roots for com.google.android.apps.docs.storage
03-11 15:48:11.127 D/Documents( 2235): Update found 7 roots in 10ms
03-11 15:48:11.127 D/keystore(  191): calling clear_uid in state: 3
03-11 15:48:11.127 D/PackageBroadcastService( 1023): Received broadcast action=android.intent.action.PACKAGE_DATA_CLEARED and uri=com.android.helloworldjava
03-11 15:48:11.147 I/Icing   ( 1023): doRemovePackageData com.android.helloworldjava
03-11 15:48:11.157 D/AndroidRuntime( 2669): Shutting down VM
03-11 15:48:11.167 D/dalvikvm( 2669): GC_CONCURRENT freed 94K, 15% free 558K/656K, paused 8ms+0ms, total 11ms
03-11 15:48:12.699 D/AndroidRuntime( 2690): 
03-11 15:48:12.699 D/AndroidRuntime( 2690): >>>>>> AndroidRuntime START com.android.internal.os.RuntimeInit <<<<<<
03-11 15:48:12.699 D/AndroidRuntime( 2690): CheckJNI is OFF
03-11 15:48:12.719 D/dalvikvm( 2690): Trying to load lib libjavacore.so 0x0
03-11 15:48:12.719 D/dalvikvm( 2690): Added shared lib libjavacore.so 0x0
03-11 15:48:12.719 D/dalvikvm( 2690): Trying to load lib libnativehelper.so 0x0
03-11 15:48:12.719 D/dalvikvm( 2690): Added shared lib libnativehelper.so 0x0
03-11 15:48:12.719 D/dalvikvm( 2690): No JNI_OnLoad found in libnativehelper.so 0x0, skipping init
03-11 15:48:12.749 D/dalvikvm( 2690): Note: class Landroid/app/ActivityManagerNative; has 179 unimplemented (abstract) methods
03-11 15:48:12.939 D/AndroidRuntime( 2690): Calling main entry com.android.commands.am.Am
03-11 15:48:12.959 I/ActivityManager(  646): START u0 {flg=0x10000000 cmp=com.android.helloworldjava/.HelloWorld} from pid 2690
03-11 15:48:13.259 I/WindowManager(  646): Screenshot max retries 4 of Token{42627728 ActivityRecord{426275c8 u0 com.android.launcher/com.android.launcher2.Launcher t1}} appWin=Window{428a9750 u0 com.android.launcher/com.android.launcher2.Launcher} drawState=4
03-11 15:48:13.259 W/WindowManager(  646): Screenshot failure taking screenshot for (1200x1920) to layer 21000
03-11 15:48:13.279 D/AndroidRuntime( 2690): Shutting down VM
03-11 15:48:13.289 D/dalvikvm( 2690): GC_CONCURRENT freed 95K, 15% free 586K/684K, paused 0ms+1ms, total 4ms
03-11 15:48:13.319 I/ActivityManager(  646): Start proc com.android.helloworldjava for activity com.android.helloworldjava/.HelloWorld: pid=2707 uid=10121 gids={50121, 1028, 1015}
03-11 15:48:13.349 D/dalvikvm(  186): GC_EXPLICIT freed 41K, 1% free 8980K/9056K, paused 2ms+11ms, total 46ms
03-11 15:48:13.379 D/dalvikvm(  186): GC_EXPLICIT freed <1K, 1% free 8980K/9056K, paused 1ms+2ms, total 28ms
03-11 15:48:13.389 D/dalvikvm(  186): GC_EXPLICIT freed <1K, 1% free 8980K/9056K, paused 1ms+2ms, total 16ms
03-11 15:48:13.439 I/ActivityManager(  646): Displayed com.android.helloworldjava/.HelloWorld: +169ms
03-11 15:48:33.839 D/AndroidRuntime( 2739): 
03-11 15:48:33.839 D/AndroidRuntime( 2739): >>>>>> AndroidRuntime START com.android.internal.os.RuntimeInit <<<<<<
03-11 15:48:33.839 D/AndroidRuntime( 2739): CheckJNI is OFF
03-11 15:48:33.859 D/dalvikvm( 2739): Trying to load lib libjavacore.so 0x0
03-11 15:48:33.859 D/dalvikvm( 2739): Added shared lib libjavacore.so 0x0
03-11 15:48:33.859 D/dalvikvm( 2739): Trying to load lib libnativehelper.so 0x0
03-11 15:48:33.869 D/dalvikvm( 2739): Added shared lib libnativehelper.so 0x0
03-11 15:48:33.869 D/dalvikvm( 2739): No JNI_OnLoad found in libnativehelper.so 0x0, skipping init
03-11 15:48:33.899 D/dalvikvm( 2739): Note: class Landroid/app/ActivityManagerNative; has 179 unimplemented (abstract) methods
03-11 15:48:34.099 D/AndroidRuntime( 2739): Calling main entry com.android.commands.pm.Pm
03-11 15:48:34.099 I/ActivityManager(  646): Force stopping com.android.helloworldjava appid=10121 user=0: clear data
03-11 15:48:34.099 I/ActivityManager(  646): Killing 2707:com.android.helloworldjava/u0a121 (adj 0): stop com.android.helloworldjava
03-11 15:48:34.099 W/ActivityManager(  646): Force removing ActivityRecord{42592658 u0 com.android.helloworldjava/.HelloWorld t8}: app died, no saved state
03-11 15:48:34.109 E/JavaBinder(  646): !!! FAILED BINDER TRANSACTION !!!
03-11 15:48:34.109 I/WindowState(  646): WIN DEATH: Window{427d7050 u0 com.android.helloworldjava/com.android.helloworldjava.HelloWorld}
03-11 15:48:34.129 D/keystore(  191): calling clear_uid in state: 3
03-11 15:48:34.129 D/Documents( 2235): Used cached roots for com.android.providers.downloads.documents
03-11 15:48:34.129 D/Documents( 2235): Used cached roots for com.android.externalstorage.documents
03-11 15:48:34.129 D/Documents( 2235): Used cached roots for com.android.providers.media.documents
03-11 15:48:34.129 D/Documents( 2235): Used cached roots for com.google.android.apps.docs.storage
03-11 15:48:34.129 D/Documents( 2235): Update found 7 roots in 3ms
03-11 15:48:34.149 D/PackageBroadcastService( 1023): Received broadcast action=android.intent.action.PACKAGE_DATA_CLEARED and uri=com.android.helloworldjava
03-11 15:48:34.149 I/Icing   ( 1023): doRemovePackageData com.android.helloworldjava
03-11 15:48:34.170 D/AndroidRuntime( 2739): Shutting down VM
03-11 15:48:34.170 D/dalvikvm( 2739): GC_CONCURRENT freed 94K, 15% free 558K/656K, paused 1ms+1ms, total 3ms
03-11 15:48:35.711 D/AndroidRuntime( 2759): 
03-11 15:48:35.711 D/AndroidRuntime( 2759): >>>>>> AndroidRuntime START com.android.internal.os.RuntimeInit <<<<<<
03-11 15:48:35.711 D/AndroidRuntime( 2759): CheckJNI is OFF
03-11 15:48:35.731 D/dalvikvm( 2759): Trying to load lib libjavacore.so 0x0
03-11 15:48:35.731 D/dalvikvm( 2759): Added shared lib libjavacore.so 0x0
03-11 15:48:35.741 D/dalvikvm( 2759): Trying to load lib libnativehelper.so 0x0
03-11 15:48:35.741 D/dalvikvm( 2759): Added shared lib libnativehelper.so 0x0
03-11 15:48:35.741 D/dalvikvm( 2759): No JNI_OnLoad found in libnativehelper.so 0x0, skipping init
03-11 15:48:35.771 D/dalvikvm( 2759): Note: class Landroid/app/ActivityManagerNative; has 179 unimplemented (abstract) methods
03-11 15:48:35.971 D/AndroidRuntime( 2759): Calling main entry com.android.commands.am.Am
03-11 15:48:35.981 I/ActivityManager(  646): START u0 {flg=0x10000000 cmp=com.android.helloworldjava/.HelloWorld} from pid 2759
03-11 15:48:36.292 I/WindowManager(  646): Screenshot max retries 4 of Token{42627728 ActivityRecord{426275c8 u0 com.android.launcher/com.android.launcher2.Launcher t1}} appWin=Window{428a9750 u0 com.android.launcher/com.android.launcher2.Launcher} drawState=4
03-11 15:48:36.292 W/WindowManager(  646): Screenshot failure taking screenshot for (1200x1920) to layer 21000
03-11 15:48:36.302 D/AndroidRuntime( 2759): Shutting down VM
03-11 15:48:36.312 D/dalvikvm( 2759): GC_CONCURRENT freed 95K, 15% free 586K/684K, paused 0ms+0ms, total 5ms
03-11 15:48:36.322 I/ActivityManager(  646): Start proc com.android.helloworldjava for activity com.android.helloworldjava/.HelloWorld: pid=2776 uid=10121 gids={50121, 1028, 1015}
03-11 15:48:36.482 I/ActivityManager(  646): Displayed com.android.helloworldjava/.HelloWorld: +185ms
03-11 15:48:56.852 D/AndroidRuntime( 2821): 
03-11 15:48:56.852 D/AndroidRuntime( 2821): >>>>>> AndroidRuntime START com.android.internal.os.RuntimeInit <<<<<<
03-11 15:48:56.852 D/AndroidRuntime( 2821): CheckJNI is OFF
03-11 15:48:56.872 D/dalvikvm( 2821): Trying to load lib libjavacore.so 0x0
03-11 15:48:56.872 D/dalvikvm( 2821): Added shared lib libjavacore.so 0x0
03-11 15:48:56.872 D/dalvikvm( 2821): Trying to load lib libnativehelper.so 0x0
03-11 15:48:56.872 D/dalvikvm( 2821): Added shared lib libnativehelper.so 0x0
03-11 15:48:56.872 D/dalvikvm( 2821): No JNI_OnLoad found in libnativehelper.so 0x0, skipping init
03-11 15:48:56.912 D/dalvikvm( 2821): Note: class Landroid/app/ActivityManagerNative; has 179 unimplemented (abstract) methods
03-11 15:48:57.112 D/AndroidRuntime( 2821): Calling main entry com.android.commands.pm.Pm
03-11 15:48:57.112 I/ActivityManager(  646): Force stopping com.android.helloworldjava appid=10121 user=0: clear data
03-11 15:48:57.112 I/ActivityManager(  646): Killing 2776:com.android.helloworldjava/u0a121 (adj 0): stop com.android.helloworldjava
03-11 15:48:57.112 W/ActivityManager(  646): Force removing ActivityRecord{426d6480 u0 com.android.helloworldjava/.HelloWorld t9}: app died, no saved state
03-11 15:48:57.122 W/InputDispatcher(  646): channel '427fb288 com.android.helloworldjava/com.android.helloworldjava.HelloWorld (server)' ~ Consumer closed input channel or an error occurred.  events=0x9
03-11 15:48:57.122 E/InputDispatcher(  646): channel '427fb288 com.android.helloworldjava/com.android.helloworldjava.HelloWorld (server)' ~ Channel is unrecoverably broken and will be disposed!
03-11 15:48:57.122 W/WindowManager(  646): Rebuild removed 2 windows but added 1
03-11 15:48:57.122 W/WindowManager(  646): java.lang.RuntimeException: here
03-11 15:48:57.122 W/WindowManager(  646): 	at com.android.server.wm.WindowManagerService.rebuildAppWindowListLocked(WindowManagerService.java:8011)
03-11 15:48:57.122 W/WindowManager(  646): 	at com.android.server.wm.WindowManagerService.rebuildAppWindowListLocked(WindowManagerService.java:7947)
03-11 15:48:57.122 W/WindowManager(  646): 	at com.android.server.wm.WindowManagerService.handleAppTransitionReadyLocked(WindowManagerService.java:8430)
03-11 15:48:57.122 W/WindowManager(  646): 	at com.android.server.wm.WindowManagerService.performLayoutAndPlaceSurfacesLockedInner(WindowManagerService.java:9193)
03-11 15:48:57.122 W/WindowManager(  646): 	at com.android.server.wm.WindowManagerService.performLayoutAndPlaceSurfacesLockedLoop(WindowManagerService.java:8163)
03-11 15:48:57.122 W/WindowManager(  646): 	at com.android.server.wm.WindowManagerService.performLayoutAndPlaceSurfacesLocked(WindowManagerService.java:8105)
03-11 15:48:57.122 W/WindowManager(  646): 	at com.android.server.wm.WindowManagerService.executeAppTransition(WindowManagerService.java:3918)
03-11 15:48:57.122 W/WindowManager(  646): 	at com.android.server.am.ActivityStackSupervisor.reportResumedActivityLocked(ActivityStackSupervisor.java:2241)
03-11 15:48:57.122 W/WindowManager(  646): 	at com.android.server.am.ActivityStack.completeResumeLocked(ActivityStack.java:968)
03-11 15:48:57.122 W/WindowManager(  646): 	at com.android.server.am.ActivityStack.resumeTopActivityLocked(ActivityStack.java:1631)
03-11 15:48:57.122 W/WindowManager(  646): 	at com.android.server.am.ActivityStackSupervisor.resumeTopActivitiesLocked(ActivityStackSupervisor.java:2022)
03-11 15:48:57.122 W/WindowManager(  646): 	at com.android.server.am.ActivityStackSupervisor.resumeTopActivitiesLocked(ActivityStackSupervisor.java:2009)
03-11 15:48:57.122 W/WindowManager(  646): 	at com.android.server.am.ActivityManagerService.forceStopPackageLocked(ActivityManagerService.java:4750)
03-11 15:48:57.122 W/WindowManager(  646): 	at com.android.server.am.ActivityManagerService.forceStopPackageLocked(ActivityManagerService.java:4496)
03-11 15:48:57.122 W/WindowManager(  646): 	at com.android.server.am.ActivityManagerService.clearApplicationUserData(ActivityManagerService.java:4176)
03-11 15:48:57.122 W/WindowManager(  646): 	at android.app.ActivityManagerNative.onTransact(ActivityManagerNative.java:1114)
03-11 15:48:57.122 W/WindowManager(  646): 	at com.android.server.am.ActivityManagerService.onTransact(ActivityManagerService.java:2071)
03-11 15:48:57.122 W/WindowManager(  646): 	at android.os.Binder.execTransact(Binder.java:404)
03-11 15:48:57.122 W/WindowManager(  646): 	at dalvik.system.NativeStart.run(Native Method)
03-11 15:48:57.122 W/WindowManager(  646): This window was lost: Window{427fb288 u0 com.android.helloworldjava/com.android.helloworldjava.HelloWorld}
03-11 15:48:57.122 W/WindowManager(  646): mDisplayId=0 mSession=Session{42618998 2776:u0a10121} mClient=android.os.BinderProxy@427a1f88
03-11 15:48:57.122 W/WindowManager(  646): mOwnerUid=10121 mShowToOwnerOnly=true package=com.android.helloworldjava appop=NONE
03-11 15:48:57.122 W/WindowManager(  646): mAttrs=WM.LayoutParams{(0,0)(fillxfill) sim=#120 ty=1 fl=#40010100 compatible=true pfl=0x88 wanim=0x1030001}
03-11 15:48:57.122 W/WindowManager(  646): Requested w=1200 h=1824 mLayoutSeq=189
03-11 15:48:57.122 W/WindowManager(  646): mBaseLayer=21000 mSubLayer=0 mAnimLayer=21005+0=21005 mLastLayer=0
03-11 15:48:57.122 W/WindowManager(  646): mToken=AppWindowToken{42617840 token=Token{426cfaf8 ActivityRecord{426d6480 u0 com.android.helloworldjava/.HelloWorld t9}}}
03-11 15:48:57.122 W/WindowManager(  646): mRootToken=AppWindowToken{42617840 token=Token{426cfaf8 ActivityRecord{426d6480 u0 com.android.helloworldjava/.HelloWorld t9}}}
03-11 15:48:57.122 W/WindowManager(  646): mAppToken=AppWindowToken{42617840 token=Token{426cfaf8 ActivityRecord{426d6480 u0 com.android.helloworldjava/.HelloWorld t9}}}
03-11 15:48:57.122 W/WindowManager(  646): mViewVisibility=0x0 mHaveFrame=true mObscured=true
03-11 15:48:57.122 W/WindowManager(  646): mSeq=0 mSystemUiVisibility=0x0
03-11 15:48:57.122 W/WindowManager(  646): mPolicyVisibility=false mPolicyVisibilityAfterAnim=false mAppOpVisibility=true mAttachedHidden=false
03-11 15:48:57.122 W/WindowManager(  646): mGivenContentInsets=[0,0][0,0] mGivenVisibleInsets=[0,0][0,0]
03-11 15:48:57.122 W/WindowManager(  646): mConfiguration={1.0 ?mcc?mnc en_US ldltr sw600dp w600dp h887dp 320dpi lrg port finger -keyb/v/h -nav/h s.5}
03-11 15:48:57.122 W/WindowManager(  646): mHasSurface=true mShownFrame=[0.0,0.0][1200.0,1824.0] isReadyForDisplay()=false
03-11 15:48:57.122 W/WindowManager(  646): mFrame=[0,0][1200,1824] last=[0,0][1200,1824]
03-11 15:48:57.122 W/WindowManager(  646): mSystemDecorRect=[0,0][640,973] last=[0,0][640,973]
03-11 15:48:57.122 W/WindowManager(  646): mCompatFrame=[0,0][640,973]
03-11 15:48:57.122 W/WindowManager(  646): Frames: containing=[0,0][1200,1824] parent=[0,0][1200,1824]
03-11 15:48:57.122 W/WindowManager(  646):     display=[0,0][1200,1824] overscan=[0,0][1200,1920]
03-11 15:48:57.122 W/WindowManager(  646):     content=[0,50][1200,1824] visible=[0,50][1200,1824]
03-11 15:48:57.122 W/WindowManager(  646):     decor=[0,0][1200,1920]
03-11 15:48:57.122 W/WindowManager(  646): Cur insets: overscan=[0,0][0,0] content=[0,27][0,0] visible=[0,27][0,0]
03-11 15:48:57.122 W/WindowManager(  646): Lst insets: overscan=[0,0][0,0] content=[0,27][0,0] visible=[0,27][0,0]
03-11 15:48:57.122 W/WindowManager(  646): WindowStateAnimator{4264a238 com.android.helloworldjava/com.android.helloworldjava.HelloWorld}:
03-11 15:48:57.122 W/WindowManager(  646):   mSurface=Surface(name=com.android.helloworldjava/com.android.helloworldjava.HelloWorld)
03-11 15:48:57.122 W/WindowManager(  646):   mDrawState=HAS_DRAWN mLastHidden=true
03-11 15:48:57.122 W/WindowManager(  646):   Surface: shown=false layer=21005 alpha=0.0 rect=(0.0,0.0) 640.0 x 973.0
03-11 15:48:57.122 W/WindowManager(  646):   mShownAlpha=1.0 mAlpha=1.0 mLastAlpha=-1.0
03-11 15:48:57.122 W/WindowManager(  646):   mGlobalScale=1.8746146 mDsDx=1.8746146 mDtDx=0.0 mDsDy=0.0 mDtDy=1.8746146
03-11 15:48:57.122 W/WindowManager(  646): Current app token list:
03-11 15:48:57.122 V/WindowManager(  646):   Display 0
03-11 15:48:57.122 V/WindowManager(  646):   #0: Token{42627728 ActivityRecord{426275c8 u0 com.android.launcher/com.android.launcher2.Launcher t1}}
03-11 15:48:57.122 W/WindowManager(  646): Final window list:
03-11 15:48:57.122 V/WindowManager(  646):   #0: Window{428aa800 u0 SearchPanel}
03-11 15:48:57.122 V/WindowManager(  646):   #1: Window{428825d0 u0 NavigationBar}
03-11 15:48:57.122 V/WindowManager(  646):   #2: Window{424ed320 u0 StatusBar}
03-11 15:48:57.122 V/WindowManager(  646):   #3: Window{424ab2e0 u0 Keyguard}
03-11 15:48:57.122 V/WindowManager(  646):   #4: Window{425dc6d0 u0 KeyguardScrim}
03-11 15:48:57.122 V/WindowManager(  646):   #5: Window{428a9750 u0 com.android.launcher/com.android.launcher2.Launcher}
03-11 15:48:57.122 V/WindowManager(  646):   #6: Window{4250d2a0 u0 com.android.systemui.ImageWallpaper}
03-11 15:48:57.132 W/InputDispatcher(  646): Attempted to unregister already unregistered input channel '427fb288 com.android.helloworldjava/com.android.helloworldjava.HelloWorld (server)'
03-11 15:48:57.132 I/WindowState(  646): WIN DEATH: Window{427fb288 u0 com.android.helloworldjava/com.android.helloworldjava.HelloWorld}
03-11 15:48:57.142 D/keystore(  191): calling clear_uid in state: 3
03-11 15:48:57.142 D/Documents( 2235): Used cached roots for com.android.providers.downloads.documents
03-11 15:48:57.142 D/Documents( 2235): Used cached roots for com.android.externalstorage.documents
03-11 15:48:57.142 D/Documents( 2235): Used cached roots for com.android.providers.media.documents
03-11 15:48:57.142 D/Documents( 2235): Used cached roots for com.google.android.apps.docs.storage
03-11 15:48:57.142 D/Documents( 2235): Update found 7 roots in 7ms
03-11 15:48:57.152 D/PackageBroadcastService( 1023): Received broadcast action=android.intent.action.PACKAGE_DATA_CLEARED and uri=com.android.helloworldjava
03-11 15:48:57.162 I/Icing   ( 1023): doRemovePackageData com.android.helloworldjava
03-11 15:48:57.172 D/AndroidRuntime( 2821): Shutting down VM
03-11 15:48:57.182 D/dalvikvm( 2821): GC_CONCURRENT freed 94K, 15% free 558K/656K, paused 1ms+0ms, total 3ms
03-11 15:48:58.713 D/AndroidRuntime( 2841): 
03-11 15:48:58.713 D/AndroidRuntime( 2841): >>>>>> AndroidRuntime START com.android.internal.os.RuntimeInit <<<<<<
03-11 15:48:58.723 D/AndroidRuntime( 2841): CheckJNI is OFF
03-11 15:48:58.733 D/dalvikvm( 2841): Trying to load lib libjavacore.so 0x0
03-11 15:48:58.733 D/dalvikvm( 2841): Added shared lib libjavacore.so 0x0
03-11 15:48:58.743 D/dalvikvm( 2841): Trying to load lib libnativehelper.so 0x0
03-11 15:48:58.743 D/dalvikvm( 2841): Added shared lib libnativehelper.so 0x0
03-11 15:48:58.743 D/dalvikvm( 2841): No JNI_OnLoad found in libnativehelper.so 0x0, skipping init
03-11 15:48:58.774 D/dalvikvm( 2841): Note: class Landroid/app/ActivityManagerNative; has 179 unimplemented (abstract) methods
03-11 15:48:58.964 D/AndroidRuntime( 2841): Calling main entry com.android.commands.am.Am
03-11 15:48:58.984 I/ActivityManager(  646): START u0 {flg=0x10000000 cmp=com.android.helloworldjava/.HelloWorld} from pid 2841
03-11 15:48:59.284 I/WindowManager(  646): Screenshot max retries 4 of Token{42627728 ActivityRecord{426275c8 u0 com.android.launcher/com.android.launcher2.Launcher t1}} appWin=Window{428a9750 u0 com.android.launcher/com.android.launcher2.Launcher} drawState=4
03-11 15:48:59.284 W/WindowManager(  646): Screenshot failure taking screenshot for (1200x1920) to layer 21000
03-11 15:48:59.304 D/AndroidRuntime( 2841): Shutting down VM
03-11 15:48:59.314 D/dalvikvm( 2841): GC_CONCURRENT freed 95K, 15% free 586K/684K, paused 0ms+0ms, total 5ms
03-11 15:48:59.334 I/ActivityManager(  646): Start proc com.android.helloworldjava for activity com.android.helloworldjava/.HelloWorld: pid=2858 uid=10121 gids={50121, 1028, 1015}
03-11 15:48:59.464 I/ActivityManager(  646): Displayed com.android.helloworldjava/.HelloWorld: +166ms
03-11 15:49:19.864 D/AndroidRuntime( 2877): 
03-11 15:49:19.864 D/AndroidRuntime( 2877): >>>>>> AndroidRuntime START com.android.internal.os.RuntimeInit <<<<<<
03-11 15:49:19.864 D/AndroidRuntime( 2877): CheckJNI is OFF
03-11 15:49:19.884 D/dalvikvm( 2877): Trying to load lib libjavacore.so 0x0
03-11 15:49:19.884 D/dalvikvm( 2877): Added shared lib libjavacore.so 0x0
03-11 15:49:19.884 D/dalvikvm( 2877): Trying to load lib libnativehelper.so 0x0
03-11 15:49:19.884 D/dalvikvm( 2877): Added shared lib libnativehelper.so 0x0
03-11 15:49:19.884 D/dalvikvm( 2877): No JNI_OnLoad found in libnativehelper.so 0x0, skipping init
03-11 15:49:19.924 D/dalvikvm( 2877): Note: class Landroid/app/ActivityManagerNative; has 179 unimplemented (abstract) methods
03-11 15:49:20.124 D/AndroidRuntime( 2877): Calling main entry com.android.commands.pm.Pm
03-11 15:49:20.134 I/ActivityManager(  646): Force stopping com.android.helloworldjava appid=10121 user=0: clear data
03-11 15:49:20.134 I/ActivityManager(  646): Killing 2858:com.android.helloworldjava/u0a121 (adj 0): stop com.android.helloworldjava
03-11 15:49:20.144 W/InputDispatcher(  646): channel '4278a8f0 com.android.helloworldjava/com.android.helloworldjava.HelloWorld (server)' ~ Consumer closed input channel or an error occurred.  events=0x9
03-11 15:49:20.144 E/InputDispatcher(  646): channel '4278a8f0 com.android.helloworldjava/com.android.helloworldjava.HelloWorld (server)' ~ Channel is unrecoverably broken and will be disposed!
03-11 15:49:20.144 W/InputDispatcher(  646): Attempted to unregister already unregistered input channel '4278a8f0 com.android.helloworldjava/com.android.helloworldjava.HelloWorld (server)'
03-11 15:49:20.144 W/ActivityManager(  646): Force removing ActivityRecord{426c0da8 u0 com.android.helloworldjava/.HelloWorld t10}: app died, no saved state
03-11 15:49:20.144 I/WindowState(  646): WIN DEATH: Window{4278a8f0 u0 com.android.helloworldjava/com.android.helloworldjava.HelloWorld}
03-11 15:49:20.164 D/keystore(  191): calling clear_uid in state: 3
03-11 15:49:20.164 D/Documents( 2235): Used cached roots for com.android.providers.downloads.documents
03-11 15:49:20.164 D/Documents( 2235): Used cached roots for com.android.externalstorage.documents
03-11 15:49:20.164 D/Documents( 2235): Used cached roots for com.android.providers.media.documents
03-11 15:49:20.164 D/Documents( 2235): Used cached roots for com.google.android.apps.docs.storage
03-11 15:49:20.164 D/Documents( 2235): Update found 7 roots in 10ms
03-11 15:49:20.174 D/PackageBroadcastService( 1023): Received broadcast action=android.intent.action.PACKAGE_DATA_CLEARED and uri=com.android.helloworldjava
03-11 15:49:20.174 I/Icing   ( 1023): doRemovePackageData com.android.helloworldjava
03-11 15:49:20.194 D/AndroidRuntime( 2877): Shutting down VM
03-11 15:49:20.194 D/dalvikvm( 2877): GC_CONCURRENT freed 94K, 15% free 558K/656K, paused 0ms+0ms, total 3ms
03-11 15:49:21.736 D/AndroidRuntime( 2898): 
03-11 15:49:21.736 D/AndroidRuntime( 2898): >>>>>> AndroidRuntime START com.android.internal.os.RuntimeInit <<<<<<
03-11 15:49:21.736 D/AndroidRuntime( 2898): CheckJNI is OFF
03-11 15:49:21.746 D/dalvikvm( 2898): Trying to load lib libjavacore.so 0x0
03-11 15:49:21.756 D/dalvikvm( 2898): Added shared lib libjavacore.so 0x0
03-11 15:49:21.756 D/dalvikvm( 2898): Trying to load lib libnativehelper.so 0x0
03-11 15:49:21.756 D/dalvikvm( 2898): Added shared lib libnativehelper.so 0x0
03-11 15:49:21.756 D/dalvikvm( 2898): No JNI_OnLoad found in libnativehelper.so 0x0, skipping init
03-11 15:49:21.786 D/dalvikvm( 2898): Note: class Landroid/app/ActivityManagerNative; has 179 unimplemented (abstract) methods
03-11 15:49:21.976 D/AndroidRuntime( 2898): Calling main entry com.android.commands.am.Am
03-11 15:49:21.986 I/ActivityManager(  646): START u0 {flg=0x10000000 cmp=com.android.helloworldjava/.HelloWorld} from pid 2898
03-11 15:49:22.296 I/WindowManager(  646): Screenshot max retries 4 of Token{42627728 ActivityRecord{426275c8 u0 com.android.launcher/com.android.launcher2.Launcher t1}} appWin=Window{428a9750 u0 com.android.launcher/com.android.launcher2.Launcher} drawState=4
03-11 15:49:22.296 W/WindowManager(  646): Screenshot failure taking screenshot for (1200x1920) to layer 21000
03-11 15:49:22.306 D/AndroidRuntime( 2898): Shutting down VM
03-11 15:49:22.316 D/dalvikvm( 2898): GC_CONCURRENT freed 95K, 15% free 586K/684K, paused 0ms+0ms, total 4ms
03-11 15:49:22.336 I/ActivityManager(  646): Start proc com.android.helloworldjava for activity com.android.helloworldjava/.HelloWorld: pid=2915 uid=10121 gids={50121, 1028, 1015}
03-11 15:49:22.447 I/ActivityManager(  646): Displayed com.android.helloworldjava/.HelloWorld: +145ms
03-11 15:49:28.723 W/Uploader( 1023): No account for auth token provided
03-11 15:49:28.803 D/dalvikvm( 1023): GC_FOR_ALLOC freed 196K, 5% free 9524K/9948K, paused 13ms, total 13ms
03-11 15:49:28.803 D/dalvikvm( 1341): GC_CONCURRENT freed 1855K, 12% free 14433K/16320K, paused 7ms+3ms, total 58ms
03-11 15:49:28.803 D/dalvikvm( 1341): WAIT_FOR_CONCURRENT_GC blocked 27ms
03-11 15:49:28.913 D/dalvikvm( 1023): GC_CONCURRENT freed 295K, 5% free 9616K/10028K, paused 2ms+2ms, total 16ms
03-11 15:49:28.943 W/ActivityThread( 1023): ClassLoader.loadClass: The class loader returned by Thread.getContextClassLoader() may fail for processes that host multiple applications. You should explicitly specify a context class loader. For example: Thread.setContextClassLoader(getClass().getClassLoader());
03-11 15:49:29.073 D/dalvikvm( 1341): GC_CONCURRENT freed 1631K, 11% free 14622K/16320K, paused 4ms+7ms, total 72ms
03-11 15:49:29.073 D/dalvikvm( 1341): WAIT_FOR_CONCURRENT_GC blocked 61ms
03-11 15:49:29.323 D/dalvikvm( 1341): GC_CONCURRENT freed 1905K, 12% free 14599K/16536K, paused 5ms+3ms, total 87ms
03-11 15:49:29.323 D/dalvikvm( 1341): WAIT_FOR_CONCURRENT_GC blocked 70ms
03-11 15:49:42.867 D/AndroidRuntime( 2959): 
03-11 15:49:42.867 D/AndroidRuntime( 2959): >>>>>> AndroidRuntime START com.android.internal.os.RuntimeInit <<<<<<
03-11 15:49:42.867 D/AndroidRuntime( 2959): CheckJNI is OFF
03-11 15:49:42.887 D/dalvikvm( 2959): Trying to load lib libjavacore.so 0x0
03-11 15:49:42.887 D/dalvikvm( 2959): Added shared lib libjavacore.so 0x0
03-11 15:49:42.897 D/dalvikvm( 2959): Trying to load lib libnativehelper.so 0x0
03-11 15:49:42.897 D/dalvikvm( 2959): Added shared lib libnativehelper.so 0x0
03-11 15:49:42.897 D/dalvikvm( 2959): No JNI_OnLoad found in libnativehelper.so 0x0, skipping init
03-11 15:49:42.927 D/dalvikvm( 2959): Note: class Landroid/app/ActivityManagerNative; has 179 unimplemented (abstract) methods
03-11 15:49:43.117 D/AndroidRuntime( 2959): Calling main entry com.android.commands.pm.Pm
03-11 15:49:43.127 I/ActivityManager(  646): Force stopping com.android.helloworldjava appid=10121 user=0: clear data
03-11 15:49:43.127 I/ActivityManager(  646): Killing 2915:com.android.helloworldjava/u0a121 (adj 0): stop com.android.helloworldjava
03-11 15:49:43.127 W/ActivityManager(  646): Force removing ActivityRecord{425ae0c0 u0 com.android.helloworldjava/.HelloWorld t11}: app died, no saved state
03-11 15:49:43.137 W/InputDispatcher(  646): channel '427a2678 com.android.helloworldjava/com.android.helloworldjava.HelloWorld (server)' ~ Consumer closed input channel or an error occurred.  events=0x9
03-11 15:49:43.137 E/InputDispatcher(  646): channel '427a2678 com.android.helloworldjava/com.android.helloworldjava.HelloWorld (server)' ~ Channel is unrecoverably broken and will be disposed!
03-11 15:49:43.137 W/InputDispatcher(  646): Attempted to unregister already unregistered input channel '427a2678 com.android.helloworldjava/com.android.helloworldjava.HelloWorld (server)'
03-11 15:49:43.137 I/WindowState(  646): WIN DEATH: Window{427a2678 u0 com.android.helloworldjava/com.android.helloworldjava.HelloWorld}
03-11 15:49:43.147 D/keystore(  191): calling clear_uid in state: 3
03-11 15:49:43.167 D/Documents( 2235): Used cached roots for com.android.providers.downloads.documents
03-11 15:49:43.167 D/Documents( 2235): Used cached roots for com.android.externalstorage.documents
03-11 15:49:43.167 D/Documents( 2235): Used cached roots for com.android.providers.media.documents
03-11 15:49:43.167 D/Documents( 2235): Used cached roots for com.google.android.apps.docs.storage
03-11 15:49:43.167 D/Documents( 2235): Update found 7 roots in 7ms
03-11 15:49:43.177 D/PackageBroadcastService( 1023): Received broadcast action=android.intent.action.PACKAGE_DATA_CLEARED and uri=com.android.helloworldjava
03-11 15:49:43.187 D/AndroidRuntime( 2959): Shutting down VM
03-11 15:49:43.187 D/dalvikvm( 2959): GC_CONCURRENT freed 94K, 15% free 558K/656K, paused 1ms+0ms, total 3ms
03-11 15:49:43.197 I/Icing   ( 1023): doRemovePackageData com.android.helloworldjava
