03-11 15:44:00.690 W/PackageParser(  646): Unknown element under <application>: permission at /system/app/GalleryGoogle.apk Binary XML file line #255
03-11 15:44:00.690 W/PackageParser(  646): Unknown element under <application>: permission at /system/app/GalleryGoogle.apk Binary XML file line #258
03-11 15:44:00.770 W/PackageParser(  646): Unknown element under <manifest>: supports-gl-texture at /system/app/GoogleEarth.apk Binary XML file line #19
03-11 15:44:00.890 D/dalvikvm(  646): GC_CONCURRENT freed 206K, 3% free 11533K/11772K, paused 1ms+2ms, total 31ms
03-11 15:44:00.900 I/PackageManager(  646): Package com.google.android.keep at /system/app/Keep.apk ignored: updated version 2101 better than this 2051
03-11 15:44:00.970 I/PackageManager(  646): Package com.google.android.apps.magazines at /system/app/Magazines.apk ignored: updated version 140341352 better than this 131632251
03-11 15:44:01.071 I/PackageManager(  646): Package com.google.android.apps.maps at /system/app/Maps.apk ignored: updated version 706010123 better than this 704001123
03-11 15:44:01.091 E/kickstart-efsks(  671): RUNNING: '/system/bin/ks -m -w /dev/block/platform/msm_sdcc.1/by-name/ -p /dev/efs_hsic_bridge -t -1 -l'
03-11 15:44:01.101 E/kickstart(  676): Wrote to /sys/power/wake_lock
03-11 15:44:01.101 E/kickstart(  676): Wrote to /sys/power/wake_unlock
03-11 15:44:01.121 I/PackageManager(  646): Package com.google.android.music at /system/app/Music2.apk ignored: updated version 1413 better than this 1301
03-11 15:44:01.161 I/PackageManager(  646): Package com.google.android.play.games at /system/app/PlayGames.apk ignored: updated version 15080136 better than this 11040130
03-11 15:44:01.191 D/dalvikvm(  646): GC_CONCURRENT freed 197K, 2% free 11856K/12088K, paused 1ms+2ms, total 26ms
03-11 15:44:01.271 I/PackageManager(  646): Package com.google.android.apps.plus at /system/app/PlusOne.apk ignored: updated version 413065449 better than this 413004781
03-11 15:44:01.381 I/PackageManager(  646): Package com.google.android.youtube at /system/app/YouTube.apk ignored: updated version 5332 better than this 5227
03-11 15:44:01.421 D/PackageManager(  646): No files in app dir /vendor/app
03-11 15:44:01.921 W/PackageManager(  646): Package com.dropbox.android has activity com.dropbox.android.activity.SsoCallbackReceiver with priority > 0, forcing to 0
03-11 15:44:02.362 E/QMI_FW  (  188): QMUXD: Service_id=20 not found over conn_id=0
03-11 15:44:02.382 E/QMI_FW  (  188): QMUXD: Service_id=20 not found over conn_id=0
03-11 15:44:02.392 E/QMI_FW  (  188): QMUXD: Service_id=20 not found over conn_id=0
03-11 15:44:02.402 E/QMI_FW  (  188): QMUXD: Service_id=20 not found over conn_id=0
03-11 15:44:02.412 E/QMI_FW  (  188): QMUXD: Service_id=20 not found over conn_id=0
03-11 15:44:02.502 I/AudioFlinger(  188): loadHwModule() Loaded primary audio interface from QCOM Audio HAL (audio) handle 1
03-11 15:44:02.502 I/AudioFlinger(  188): HAL output buffer size 240 frames, normal mix buffer size 960 frames
03-11 15:44:02.512 I/AudioMixer(  188): found effect "Downmixer" from Fraunhofer IIS
03-11 15:44:02.512 E/MonoPipe(  188): Failed to fetch local time frequency when constructing a MonoPipe (res = -32).  getNextWriteTimestamp calls will be non-functional
03-11 15:44:02.512 I/AudioFlinger(  188): Using module 1 has the primary audio interface
03-11 15:44:02.512 I/AudioFlinger(  188): AudioFlinger's thread 0xb5bc9008 ready to run
03-11 15:44:02.512 D/audio_hw_primary(  188): out_set_parameters: enter: usecase(1: low-latency-playback) kvpairs: routing=2
03-11 15:44:02.522 I/AudioFlinger(  188): HAL output buffer size 960 frames, normal mix buffer size 960 frames
03-11 15:44:02.522 I/AudioMixer(  188): found effect "Downmixer" from Fraunhofer IIS
03-11 15:44:02.522 I/AudioFlinger(  188): AudioFlinger's thread 0xb5941008 ready to run
03-11 15:44:02.522 D/audio_hw_primary(  188): out_set_parameters: enter: usecase(0: deep-buffer-playback) kvpairs: routing=2
03-11 15:44:02.522 I/audio_a2dp_hw(  188): adev_open:  adev_open in A2dp_hw module
03-11 15:44:02.522 I/AudioFlinger(  188): loadHwModule() Loaded a2dp audio interface from A2DP Audio HW HAL (audio) handle 4
03-11 15:44:02.522 I/AudioFlinger(  188): loadHwModule() Loaded usb audio interface from USB audio HW HAL (audio) handle 5
03-11 15:44:02.522 I/r_submix(  188): adev_open(name=audio_hw_if)
03-11 15:44:02.522 I/r_submix(  188): adev_init_check()
03-11 15:44:02.522 I/AudioFlinger(  188): loadHwModule() Loaded r_submix audio interface from Wifi Display audio HAL (audio) handle 6
03-11 15:44:02.522 I/AudioPolicyService(  188): Loaded audio policy from LEGACY Audio Policy HAL (audio_policy)
03-11 15:44:02.602 W/Binder  (  646): Caught a RuntimeException from the binder stub implementation.
03-11 15:44:02.602 W/Binder  (  646): java.lang.NullPointerException
03-11 15:44:02.602 W/Binder  (  646): 	at com.android.server.power.PowerManagerService.updateWakeLockWorkSource(PowerManagerService.java:770)
03-11 15:44:02.602 W/Binder  (  646): 	at com.android.server.power.PowerManagerService.updateWakeLockUids(PowerManagerService.java:761)
03-11 15:44:02.602 W/Binder  (  646): 	at android.os.IPowerManager$Stub.onTransact(IPowerManager.java:103)
03-11 15:44:02.602 W/Binder  (  646): 	at android.os.Binder.execTransact(Binder.java:404)
03-11 15:44:02.602 W/Binder  (  646): 	at dalvik.system.NativeStart.run(Native Method)
03-11 15:44:02.602 W/Binder  (  646): Caught a RuntimeException from the binder stub implementation.
03-11 15:44:02.602 W/Binder  (  646): java.lang.NullPointerException
03-11 15:44:02.602 W/Binder  (  646): 	at com.android.server.power.PowerManagerService.updateWakeLockWorkSource(PowerManagerService.java:770)
03-11 15:44:02.602 W/Binder  (  646): 	at com.android.server.power.PowerManagerService.updateWakeLockUids(PowerManagerService.java:761)
03-11 15:44:02.602 W/Binder  (  646): 	at android.os.IPowerManager$Stub.onTransact(IPowerManager.java:103)
03-11 15:44:02.602 W/Binder  (  646): 	at android.os.Binder.execTransact(Binder.java:404)
03-11 15:44:02.602 W/Binder  (  646): 	at dalvik.system.NativeStart.run(Native Method)
03-11 15:44:02.662 D/dalvikvm(  646): GC_CONCURRENT freed 273K, 3% free 12222K/12532K, paused 1ms+3ms, total 33ms
03-11 15:44:02.862 W/PackageManager(  646): Package com.amazon.kindle desires unavailable shared library com.amazon.webview; ignoring!
03-11 15:44:02.862 W/PackageManager(  646): Package com.amazon.kindle desires unavailable shared library com.amazon.dcp.contracts; ignoring!
03-11 15:44:02.862 W/PackageManager(  646): Package com.amazon.kindle desires unavailable shared library com.amazon.dcp.contracts.framework; ignoring!
03-11 15:44:02.862 W/PackageManager(  646): Package com.amazon.kindle desires unavailable shared library com.amazon.client.metrics.api; ignoring!
03-11 15:44:02.902 E/QMI_FW  (  197): QMUXD: Service_id=23 not found over conn_id=0
03-11 15:44:02.902 E/QMI_FW  (  197): QMUXD: Service_id=24 not found over conn_id=0
03-11 15:44:02.902 E/QMI_FW  (  197): QMUXD: Service_id=24 not found over conn_id=0
03-11 15:44:02.912 D/ThermalDaemon(  197): qmi: Instance id 25 for fusion TS
03-11 15:44:02.922 E/QMI_FW  (  197): QMUXD: Service_id=23 not found over conn_id=0
03-11 15:44:02.922 E/QMI_FW  (  197): QMUXD: Service_id=24 not found over conn_id=0
03-11 15:44:02.932 D/ThermalDaemon(  197): qmi: Instance id 25 for fusion TMD
03-11 15:44:02.932 E/QMI_FW  (  197): QMUXD: Service_id=24 not found over conn_id=0
03-11 15:44:02.962 E/QMI_FW  (  197): QMUXD: Service_id=23 not found over conn_id=0
03-11 15:44:02.972 E/QMI_FW  (  197): QMUXD: Service_id=24 not found over conn_id=0
03-11 15:44:02.982 E/QMI_FW  (  197): QMUXD: Service_id=24 not found over conn_id=0
03-11 15:44:03.042 E/QMI_FW  (  197): QMUXD: Service_id=23 not found over conn_id=0
03-11 15:44:03.042 E/QMI_FW  (  197): QMUXD: Service_id=24 not found over conn_id=0
03-11 15:44:03.052 E/QMI_FW  (  197): QMUXD: Service_id=23 not found over conn_id=0
03-11 15:44:03.062 E/QMI_FW  (  197): QMUXD: Service_id=24 not found over conn_id=0
03-11 15:44:03.083 D/ThermalDaemon(  197): Modem thermal sensor service available.
03-11 15:44:03.093 D/ThermalDaemon(  197): Fusion modem thermal mitigation available.
03-11 15:44:03.423 D/dalvikvm(  646): GC_CONCURRENT freed 310K, 3% free 12636K/12984K, paused 3ms+3ms, total 39ms
03-11 15:44:04.063 W/PackageManager(  646): Permission com.google.android.apps.chrome.permission.CHILD_SERVICE from package com.chrome.beta ignored: original from com.android.chrome
03-11 15:44:04.063 W/PackageManager(  646): Permission com.android.chrome.TOS_ACKED from package com.chrome.beta ignored: original from com.android.chrome
03-11 15:44:04.063 W/PackageManager(  646): Permission com.android.chrome.PRERENDER_URL from package com.chrome.beta ignored: original from com.android.chrome
03-11 15:44:04.324 W/PackageParser(  646): Unknown element under <application>: enable-feature at /data/app/com.facebook.katana-2.apk Binary XML file line #142
03-11 15:44:05.535 W/PackageManager(  646): Package com.flyersoft.moonreader desires unavailable shared library com.sec.android.app.multiwindow; ignoring!
03-11 15:44:05.945 W/PackageManager(  646): Package com.adobe.reader desires unavailable shared library com.sec.android.app.multiwindow; ignoring!
03-11 15:44:06.035 I/PackageParser(  646): com.android.helloworldjava: compat added android.permission.WRITE_EXTERNAL_STORAGE android.permission.READ_PHONE_STATE
03-11 15:44:06.055 W/PackageManager(  646): Package com.sportstracklive.stopwatch desires unavailable shared library com.sec.android.app.multiwindow; ignoring!
03-11 15:44:06.115 D/dalvikvm(  646): GC_CONCURRENT freed 383K, 4% free 13085K/13508K, paused 3ms+4ms, total 52ms
03-11 15:44:06.836 D/dalvikvm(  646): GC_CONCURRENT freed 285K, 3% free 13818K/14144K, paused 1ms+5ms, total 67ms
03-11 15:44:06.836 D/dalvikvm(  646): WAIT_FOR_CONCURRENT_GC blocked 31ms
03-11 15:44:07.377 D/dalvikvm(  646): GC_CONCURRENT freed 263K, 3% free 14685K/14996K, paused 2ms+2ms, total 53ms
03-11 15:44:07.607 W/Resources(  646): Converting to boolean: TypedValue{t=0x3/d=0x57d "true" a=2 r=0x7f090005}
03-11 15:44:08.228 W/PackageManager(  646): Package com.sportstracklive.stopwatch desires unavailable shared library com.sec.android.app.multiwindow; ignoring!
03-11 15:44:08.228 W/PackageManager(  646): Package com.flyersoft.moonreader desires unavailable shared library com.sec.android.app.multiwindow; ignoring!
03-11 15:44:08.228 W/PackageManager(  646): Package com.amazon.kindle desires unavailable shared library com.amazon.webview; ignoring!
03-11 15:44:08.228 W/PackageManager(  646): Package com.amazon.kindle desires unavailable shared library com.amazon.dcp.contracts; ignoring!
03-11 15:44:08.228 W/PackageManager(  646): Package com.amazon.kindle desires unavailable shared library com.amazon.dcp.contracts.framework; ignoring!
03-11 15:44:08.228 W/PackageManager(  646): Package com.amazon.kindle desires unavailable shared library com.amazon.client.metrics.api; ignoring!
03-11 15:44:08.228 W/PackageManager(  646): Package com.adobe.reader desires unavailable shared library com.sec.android.app.multiwindow; ignoring!
03-11 15:44:08.228 W/PackageManager(  646): Package com.google.android.GoogleCamera desires unavailable shared library com.google.android.gestureservice; ignoring!
03-11 15:44:08.228 W/PackageManager(  646): Package com.google.android.GoogleCamera desires unavailable shared library com.google.android.camera2; ignoring!
03-11 15:44:08.228 I/PackageManager(  646): Time to scan packages: 8.842 seconds
03-11 15:44:08.228 W/PackageManager(  646): Unknown permission com.android.smspush.WAPPUSH_MANAGER_BIND in package com.android.phone
03-11 15:44:08.228 W/PackageManager(  646): Unknown permission com.android.vending.billing.IBillingAccountService.BIND2 in package com.google.android.gsf.login
03-11 15:44:08.228 W/PackageManager(  646): Unknown permission com.android.gallery3d.permission.GALLERY_PROVIDER in package com.android.bluetooth
03-11 15:44:08.228 W/PackageManager(  646): Unknown permission android.permission.MMS_SEND_OUTBOX_MSG in package com.android.bluetooth
03-11 15:44:08.228 W/PackageManager(  646): Unknown permission com.google.android.c2dm.permission.REGISTRATION in package com.rovio.angrybirdsfriends
03-11 15:44:08.238 W/PackageManager(  646): Unknown permission android.permission.READ_MEDIA_STORAGE in package com.keramidas.TitaniumBackup
03-11 15:44:08.238 W/PackageManager(  646): Not granting permission android.permission.WRITE_MEDIA_STORAGE to package com.keramidas.TitaniumBackup (protectionLevel=18 flags=0x8be44)
03-11 15:44:08.238 W/PackageManager(  646): Not granting permission com.android.voicemail.permission.READ_WRITE_ALL_VOICEMAIL to package com.keramidas.TitaniumBackup (protectionLevel=18 flags=0x8be44)
03-11 15:44:08.238 W/PackageManager(  646): Unknown permission android.permission.ACCESS_SUPERUSER in package com.keramidas.TitaniumBackup
03-11 15:44:08.238 W/PackageManager(  646): Not granting permission android.permission.BROADCAST_SMS to package com.keramidas.TitaniumBackup (protectionLevel=2 flags=0x8be44)
03-11 15:44:08.238 W/PackageManager(  646): Not granting permission android.permission.BROADCAST_WAP_PUSH to package com.keramidas.TitaniumBackup (protectionLevel=2 flags=0x8be44)
03-11 15:44:08.238 W/PackageManager(  646): Not granting permission android.permission.DEVICE_POWER to package com.google.android.deskclock (protectionLevel=2 flags=0x48be45)
03-11 15:44:08.238 W/PackageManager(  646): Unknown permission android.permission.ACCESS_SUPERUSER in package com.ttxapps.wifiadb
03-11 15:44:08.238 W/PackageManager(  646): Not granting permission android.permission.READ_FRAME_BUFFER to package com.google.android.gms (protectionLevel=18 flags=0x483ec5)
03-11 15:44:08.238 W/PackageManager(  646): Unknown permission android.permission.READ_OWNER_DATA in package com.google.android.setupwizard
03-11 15:44:08.238 W/PackageManager(  646): Unknown permission android.permission.WRITE_OWNER_DATA in package com.google.android.setupwizard
03-11 15:44:08.238 W/PackageManager(  646): Unknown permission android.permission.ACCESS_SUPERUSER in package com.s0up.goomanager
03-11 15:44:08.238 W/PackageManager(  646): Unknown permission com.amazon.dcp.sso.permission.AMAZON_ACCOUNT_PROPERTY in package com.amazon.kindle
03-11 15:44:08.238 W/PackageManager(  646): Unknown permission com.amazon.dcp.metrics.permission.METRICS_PERMISSION in package com.amazon.kindle
03-11 15:44:08.238 W/PackageManager(  646): Unknown permission com.amazon.dcp.config.permission.DYN_CONFIG_VALUES_UPDATED in package com.amazon.kindle
03-11 15:44:08.238 W/PackageManager(  646): Unknown permission com.amazon.dcp.settings.permission.READ_SETTINGS in package com.amazon.kindle
03-11 15:44:08.238 W/PackageManager(  646): Unknown permission com.amazon.identity.permission.GENERIC_IPC in package com.amazon.kindle
03-11 15:44:08.238 W/PackageManager(  646): Unknown permission com.amazon.dcp.sso.permission.USE_DEVICE_CREDENTIALS in package com.amazon.kindle
03-11 15:44:08.238 W/PackageManager(  646): Unknown permission com.amazon.dcp.sso.permission.EXPIRE_ACCESS_TOKEN in package com.amazon.kindle
03-11 15:44:08.238 W/PackageManager(  646): Unknown permission com.amazon.dcp.sso.permission.MANAGE_COR_PFM in package com.amazon.kindle
03-11 15:44:08.238 W/PackageManager(  646): Unknown permission com.amazon.dcp.sso.permission.CUSTOMER_ATTRIBUTE_SERVICE in package com.amazon.kindle
03-11 15:44:08.238 W/PackageManager(  646): Unknown permission amazon.permission.COLLECT_METRICS in package com.amazon.kindle
03-11 15:44:08.238 W/PackageManager(  646): Unknown permission android.permission.ACCESS_SUPERUSER in package jackpal.androidterm
03-11 15:44:08.238 W/PackageManager(  646): Unknown permission com.google.android.voicesearch.SHORTCUTS_ACCESS in package com.google.android.googlequicksearchbox
03-11 15:44:08.238 W/PackageManager(  646): Unknown permission com.google.android.voicesearch.ACCESS_SETTINGS in package com.google.android.googlequicksearchbox
03-11 15:44:08.238 W/PackageManager(  646): Unknown permission com.android.browser.permission.PRELOAD in package com.google.android.googlequicksearchbox
03-11 15:44:08.238 W/PackageManager(  646): Unknown permission com.google.android.apps.googlevoice.permission.AUTO_SEND in package com.google.android.googlequicksearchbox
03-11 15:44:08.238 W/PackageManager(  646): Unknown permission com.facebook.orca.provider.ACCESS in package com.facebook.katana
03-11 15:44:08.238 W/PackageManager(  646): Unknown permission com.amazon.device.messaging.permission.RECEIVE in package com.facebook.katana
03-11 15:44:08.238 W/PackageManager(  646): Not granting permission android.permission.BATTERY_STATS to package com.facebook.katana (protectionLevel=18 flags=0x8be44)
03-11 15:44:08.238 W/PackageManager(  646): Unknown permission com.sec.android.provider.badge.permission.READ in package com.facebook.katana
03-11 15:44:08.238 W/PackageManager(  646): Unknown permission com.sec.android.provider.badge.permission.WRITE in package com.facebook.katana
03-11 15:44:08.238 W/PackageManager(  646): Unknown permission com.htc.launcher.permission.READ_SETTINGS in package com.facebook.katana
03-11 15:44:08.238 W/PackageManager(  646): Unknown permission com.htc.launcher.permission.UPDATE_SHORTCUT in package com.facebook.katana
03-11 15:44:08.238 W/PackageManager(  646): Unknown permission com.sonyericsson.home.permission.BROADCAST_BADGE in package com.facebook.katana
03-11 15:44:08.238 W/PackageManager(  646): Unknown permission com.facebook.home.permission.WRITE_BADGES in package com.facebook.katana
03-11 15:44:08.238 W/PackageManager(  646): Unknown permission com.nokia.pushnotifications.permission.RECEIVE in package com.facebook.katana
03-11 15:44:08.238 W/PackageManager(  646): Unknown permission com.chrome.permission.DEVICE_EXTRAS in package com.chrome.beta
03-11 15:44:08.238 W/PackageManager(  646): Not granting permission com.android.chrome.TOS_ACKED to package com.chrome.beta (protectionLevel=18 flags=0x48be44)
03-11 15:44:08.238 W/PackageManager(  646): Unknown permission com.sec.enterprise.knox.MDM_CONTENT_PROVIDER in package com.chrome.beta
03-11 15:44:08.238 W/PackageManager(  646): Unknown permission android.permission.WRITE_SYNC_STATS in package com.google.android.apps.docs
03-11 15:44:08.248 W/PackageManager(  646): Unknown permission android.permission.ACCESS_SUPERUSER in package com.koushikdutta.rommanager
03-11 15:44:08.248 W/PackageManager(  646): Not granting permission android.permission.SEND_DOWNLOAD_COMPLETED_INTENTS to package com.android.vending (protectionLevel=2 flags=0xabec5)
03-11 15:44:08.248 W/PackageManager(  646): Unknown permission android.permission.SEND_SMS_NO_CONFIRMATION in package com.android.vending
03-11 15:44:08.248 W/PackageManager(  646): Not granting permission android.permission.BIND_WALLPAPER to package com.google.android.GoogleCamera (protectionLevel=18 flags=0x58bc45)
03-11 15:44:08.248 W/PackageManager(  646): Not granting permission android.permission.READ_DREAM_STATE to package com.google.android.gsf (protectionLevel=2 flags=0x40083e45)
03-11 15:44:08.348 W/PackageSettings(  646): Skipping PackageSetting{41fd8150 com.keramidas.TitaniumBackupPro/10081} due to missing metadata
03-11 15:44:08.348 W/PackageSettings(  646): Skipping PackageSetting{41f3e8b0 com.akiware.andropaspro/10089} due to missing metadata
03-11 15:44:08.438 D/dalvikvm(  646): GC_EXPLICIT freed 800K, 6% free 15002K/15832K, paused 2ms+4ms, total 68ms
03-11 15:44:08.438 I/SystemServer(  646): Entropy Mixer
03-11 15:44:08.438 I/EntropyMixer(  646): Writing entropy...
03-11 15:44:08.448 I/SystemServer(  646): User Service
03-11 15:44:08.448 I/SystemServer(  646): Account Manager
03-11 15:44:08.458 I/SystemServer(  646): Content Manager
03-11 15:44:08.458 I/SystemServer(  646): System Content Providers
03-11 15:44:08.498 I/SystemServer(  646): Lights Service
03-11 15:44:08.498 I/SystemServer(  646): Battery Service
03-11 15:44:08.508 E/ConsumerIrService(  646): Can't open consumer IR HW Module, error: -2
03-11 15:44:08.508 I/libsuspend(  646): Selected early suspend
03-11 15:44:08.508 I/libsuspend(  646): Starting early suspend unblocker thread
03-11 15:44:08.508 E/ANDR-PERF-LOCK(  198): Failed to reset optimization for resource: 4 level: 0
03-11 15:44:08.508 D/PermissionCache(  185): checking android.permission.ACCESS_SURFACE_FLINGER for uid=1000 => granted (396 us)
03-11 15:44:08.508 D/SurfaceFlinger(  185): Screen acquired, type=0 flinger=0xb72c2450
03-11 15:44:08.508 D/SurfaceFlinger(  185):  screen was previously acquired
03-11 15:44:08.508 D/AlarmManagerService(  646): Kernel timezone updated to -120 minutes west of GMT
03-11 15:44:08.508 I/SystemServer(  646): Vibrator Service
03-11 15:44:08.508 I/SystemServer(  646): Consumer IR Service
03-11 15:44:08.508 I/SystemServer(  646): Alarm Manager
03-11 15:44:08.518 I/SystemServer(  646): Init Watchdog
03-11 15:44:08.518 I/SystemServer(  646): Input Manager
03-11 15:44:08.518 I/InputManager(  646): Initializing input manager, mUseDevInputEventForAudioJack=false
03-11 15:44:08.518 I/SystemServer(  646): Window Manager
03-11 15:44:08.528 I/WindowManager(  646): No existing display settings /data/system/display_settings.xml; starting empty
03-11 15:44:08.548 D/BluetoothManagerService(  646): Loading stored name and address
03-11 15:44:08.548 D/BluetoothManagerService(  646): Stored bluetooth Name=Nexus 7,Address=BC:EE:7B:4C:A7:72
03-11 15:44:08.548 D/EventHub(  646): No input device configuration file found for device 'gpio-keys'.
03-11 15:44:08.548 I/WindowManager(  646): No keyguard interface!
03-11 15:44:08.548 I/InputManager(  646): Starting input manager
03-11 15:44:08.548 I/SystemServer(  646): Bluetooth Manager Service
03-11 15:44:08.548 I/SystemServer(  646): Input Method Service
03-11 15:44:08.548 W/InputMethodManagerService(  646): Couldn't create dir.: /data/system/inputmethod
03-11 15:44:08.568 W/EventHub(  646): Unable to disable kernel key repeat for /dev/input/event5: Function not implemented
03-11 15:44:08.568 I/EventHub(  646): New device: id=1, fd=96, path='/dev/input/event5', name='gpio-keys', classes=0x1, configuration='', keyLayout='/system/usr/keylayout/Generic.kl', keyCharacterMap='/system/usr/keychars/Generic.kcm', builtinKeyboard=false, usingSuspendBlockIoctl=true, usingClockIoctl=true
03-11 15:44:08.568 D/EventHub(  646): No input device configuration file found for device 'apq8064-tabla-snd-card Headset Jack'.
03-11 15:44:08.568 I/EventHub(  646): New device: id=2, fd=98, path='/dev/input/event3', name='apq8064-tabla-snd-card Headset Jack', classes=0x80, configuration='', keyLayout='', keyCharacterMap='', builtinKeyboard=false, usingSuspendBlockIoctl=true, usingClockIoctl=true
03-11 15:44:08.568 D/EventHub(  646): No input device configuration file found for device 'apq8064-tabla-snd-card Button Jack'.
03-11 15:44:08.568 W/EventHub(  646): Unable to disable kernel key repeat for /dev/input/event2: Function not implemented
03-11 15:44:08.568 I/EventHub(  646): New device: id=3, fd=99, path='/dev/input/event2', name='apq8064-tabla-snd-card Button Jack', classes=0x1, configuration='', keyLayout='/system/usr/keylayout/apq8064-tabla-snd-card_Button_Jack.kl', keyCharacterMap='/system/usr/keychars/apq8064-tabla-snd-card_Button_Jack.kcm', builtinKeyboard=false, usingSuspendBlockIoctl=true, usingClockIoctl=true
03-11 15:44:08.568 D/EventHub(  646): No input device configuration file found for device 'h2w button'.
03-11 15:44:08.568 W/EventHub(  646): Unable to disable kernel key repeat for /dev/input/event4: Function not implemented
03-11 15:44:08.568 I/EventHub(  646): New device: id=4, fd=100, path='/dev/input/event4', name='h2w button', classes=0x1, configuration='', keyLayout='/system/usr/keylayout/Generic.kl', keyCharacterMap='/system/usr/keychars/Generic.kcm', builtinKeyboard=false, usingSuspendBlockIoctl=true, usingClockIoctl=true
03-11 15:44:08.568 D/EventHub(  646): No input device configuration file found for device 'lid_input'.
03-11 15:44:08.568 I/EventHub(  646): New device: id=5, fd=101, path='/dev/input/event1', name='lid_input', classes=0x80, configuration='', keyLayout='', keyCharacterMap='', builtinKeyboard=false, usingSuspendBlockIoctl=true, usingClockIoctl=true
03-11 15:44:08.568 I/EventHub(  646): New device: id=6, fd=102, path='/dev/input/event0', name='elan-touchscreen', classes=0x14, configuration='/system/usr/idc/elan-touchscreen.idc', keyLayout='', keyCharacterMap='', builtinKeyboard=false, usingSuspendBlockIoctl=true, usingClockIoctl=true
03-11 15:44:08.568 E/EventHub(  646): could not get driver version for /dev/input/mice, Not a typewriter
03-11 15:44:08.598 I/SystemServer(  646): Accessibility Manager
03-11 15:44:08.608 I/ActivityManager(  646): Config changes=1df8 {1.0 ?mcc?mnc en_US ldltr sw600dp w600dp h960dp 320dpi lrg port ?uimode ?night -touch -keyb/v/h -nav/h s.2}
03-11 15:44:08.608 I/ActivityManager(  646): Config changes=400 {1.0 ?mcc?mnc en_US ldltr sw600dp w600dp h887dp 320dpi lrg port ?uimode ?night -touch -keyb/v/h -nav/h s.3}
03-11 15:44:08.608 I/SystemServer(  646): Mount Service
03-11 15:44:08.608 D/MountService(  646): got storage path: null description: Internal storage primary: false removable: false emulated: true mtpReserve: 100 allowMassStorage: false maxFileSize: 0
03-11 15:44:08.608 D/MountService(  646): addVolumeLocked() StorageVolume:
03-11 15:44:08.608 D/MountService(  646):     mStorageId=65537 mPath=/storage/emulated/0 mDescriptionId=17040662 
03-11 15:44:08.608 D/MountService(  646):     mPrimary=true mRemovable=false mEmulated=true mMtpReserveSpace=100 
03-11 15:44:08.608 D/MountService(  646):     mAllowMassStorage=false mMaxFileSize=0 mOwner=UserHandle{0} mUuid=null 
03-11 15:44:08.608 D/MountService(  646):     mUserLabel=null mState=null 
03-11 15:44:08.618 I/SystemServer(  646): LockSettingsService
03-11 15:44:08.618 I/SystemServer(  646): Device Policy
03-11 15:44:08.618 I/SystemServer(  646): Status Bar
03-11 15:44:08.618 I/SystemServer(  646): Clipboard Service
03-11 15:44:08.618 I/SystemServer(  646): NetworkManagement Service
03-11 15:44:08.618 I/SystemServer(  646): Text Service Manager Service
03-11 15:44:08.628 I/InputReader(  646): Device added: id=-1, name='Virtual', sources=0x00000301
03-11 15:44:08.628 I/InputReader(  646):   Touch device 'elan-touchscreen' could not query the properties of its associated display.  The device will be inoperable until the display size becomes available.
03-11 15:44:08.628 I/InputReader(  646): Device added: id=6, name='elan-touchscreen', sources=0x00001002
03-11 15:44:08.628 I/InputReader(  646): Device added: id=5, name='lid_input', sources=0x80000000
03-11 15:44:08.628 I/InputReader(  646): Device added: id=4, name='h2w button', sources=0x00000101
03-11 15:44:08.628 I/InputReader(  646): Device added: id=3, name='apq8064-tabla-snd-card Button Jack', sources=0x00000101
03-11 15:44:08.628 I/InputReader(  646): Device added: id=2, name='apq8064-tabla-snd-card Headset Jack', sources=0x80000000
03-11 15:44:08.628 I/InputReader(  646): Device added: id=1, name='gpio-keys', sources=0x00000101
03-11 15:44:08.628 I/InputReader(  646): Reconfiguring input devices.  changes=0x00000004
03-11 15:44:08.628 I/InputReader(  646): Device reconfigured: id=6, name='elan-touchscreen', size 1200x1920, orientation 0, mode 1, display id 0
03-11 15:44:08.628 I/ActivityManager(  646): Config changes=8 {1.0 ?mcc?mnc en_US ldltr sw600dp w600dp h887dp 320dpi lrg port ?uimode ?night finger -keyb/v/h -nav/h s.4}
03-11 15:44:08.628 I/SystemServer(  646): NetworkStats Service
03-11 15:44:08.638 I/SystemServer(  646): NetworkPolicy Service
03-11 15:44:08.638 I/SystemServer(  646): Wi-Fi P2pService
03-11 15:44:08.658 I/SystemServer(  646): Wi-Fi Service
03-11 15:44:08.718 I/SystemServer(  646): Connectivity Service
03-11 15:44:08.718 D/ConnectivityService(  646): ConnectivityService starting up
03-11 15:44:08.728 D/ConnectivityService(  646): wifiOnly=false
03-11 15:44:08.728 E/ConnectivityService(  646): Ignoring protectedNetwork 14
03-11 15:44:08.758 D/BluetoothTethering(  646): startMonitoring: target: Handler (com.android.server.ConnectivityService$NetworkStateTrackerHandler) {42565ad0}
03-11 15:44:08.758 D/BluetoothTethering(  646): startMonitoring: mCsHandler: Handler (com.android.server.ConnectivityService$NetworkStateTrackerHandler) {42565ad0}
03-11 15:44:08.758 D/BluetoothManagerService(  646): Message: 20
03-11 15:44:08.758 D/BluetoothManagerService(  646): Added callback: android.bluetooth.BluetoothAdapter$1@4256fa08:true
03-11 15:44:08.758 D/BluetoothManagerService(  646): Message: 30
03-11 15:44:08.758 W/ContextImpl(  646): Calling a method in the system process without a qualified user: android.app.ContextImpl.bindService:1543 android.bluetooth.BluetoothPan.doBind:149 android.bluetooth.BluetoothPan.<init>:141 android.bluetooth.BluetoothAdapter.getProfileProxy:1190 android.bluetooth.BluetoothTetheringDataTracker.startMonitoring:116 
03-11 15:44:08.768 E/MobileDataStateTracker(  646): default: Ignoring feature request because could not acquire PhoneService
03-11 15:44:08.768 E/MobileDataStateTracker(  646): default: Could not enable APN type "default"
03-11 15:44:08.768 I/WifiService(  646): WifiService starting up with Wi-Fi enabled
03-11 15:44:08.768 D/WifiService(  646): setWifiEnabled: true pid=646, uid=1000
03-11 15:44:08.778 D/WifiController(  646): WifiController msg { when=0 what=155656 target=com.android.internal.util.StateMachine$SmHandler } deferred for 449ms
03-11 15:44:08.778 I/SystemServer(  646): Network Service Discovery Service
03-11 15:44:08.778 D/NsdService(  646): Network service discovery enabled true
03-11 15:44:08.788 I/SystemServer(  646): UpdateLock Service
03-11 15:44:08.848 W/PackageManager(  646): Unknown permission com.android.smspush.WAPPUSH_MANAGER_BIND in package com.android.phone
03-11 15:44:08.848 W/PackageManager(  646): Unknown permission com.android.vending.billing.IBillingAccountService.BIND2 in package com.google.android.gsf.login
03-11 15:44:08.848 W/PackageManager(  646): Unknown permission com.android.gallery3d.permission.GALLERY_PROVIDER in package com.android.bluetooth
03-11 15:44:08.848 W/PackageManager(  646): Unknown permission android.permission.MMS_SEND_OUTBOX_MSG in package com.android.bluetooth
03-11 15:44:08.848 W/PackageManager(  646): Unknown permission com.google.android.c2dm.permission.REGISTRATION in package com.rovio.angrybirdsfriends
03-11 15:44:08.848 W/PackageManager(  646): Unknown permission android.permission.READ_MEDIA_STORAGE in package com.keramidas.TitaniumBackup
03-11 15:44:08.848 W/PackageManager(  646): Not granting permission android.permission.WRITE_MEDIA_STORAGE to package com.keramidas.TitaniumBackup (protectionLevel=18 flags=0x8be44)
03-11 15:44:08.848 W/PackageManager(  646): Not granting permission com.android.voicemail.permission.READ_WRITE_ALL_VOICEMAIL to package com.keramidas.TitaniumBackup (protectionLevel=18 flags=0x8be44)
03-11 15:44:08.848 W/PackageManager(  646): Unknown permission android.permission.ACCESS_SUPERUSER in package com.keramidas.TitaniumBackup
03-11 15:44:08.848 W/PackageManager(  646): Not granting permission android.permission.BROADCAST_SMS to package com.keramidas.TitaniumBackup (protectionLevel=2 flags=0x8be44)
03-11 15:44:08.848 W/PackageManager(  646): Not granting permission android.permission.BROADCAST_WAP_PUSH to package com.keramidas.TitaniumBackup (protectionLevel=2 flags=0x8be44)
03-11 15:44:08.848 W/PackageManager(  646): Not granting permission android.permission.DEVICE_POWER to package com.google.android.deskclock (protectionLevel=2 flags=0x48be45)
03-11 15:44:08.848 W/PackageManager(  646): Unknown permission android.permission.ACCESS_SUPERUSER in package com.ttxapps.wifiadb
03-11 15:44:08.848 W/PackageManager(  646): Not granting permission android.permission.READ_FRAME_BUFFER to package com.google.android.gms (protectionLevel=18 flags=0x483ec5)
03-11 15:44:08.848 W/PackageManager(  646): Unknown permission android.permission.READ_OWNER_DATA in package com.google.android.setupwizard
03-11 15:44:08.848 W/PackageManager(  646): Unknown permission android.permission.WRITE_OWNER_DATA in package com.google.android.setupwizard
03-11 15:44:08.848 W/PackageManager(  646): Unknown permission android.permission.ACCESS_SUPERUSER in package com.s0up.goomanager
03-11 15:44:08.848 W/PackageManager(  646): Unknown permission com.amazon.dcp.sso.permission.AMAZON_ACCOUNT_PROPERTY in package com.amazon.kindle
03-11 15:44:08.848 W/PackageManager(  646): Unknown permission com.amazon.dcp.metrics.permission.METRICS_PERMISSION in package com.amazon.kindle
03-11 15:44:08.848 W/PackageManager(  646): Unknown permission com.amazon.dcp.config.permission.DYN_CONFIG_VALUES_UPDATED in package com.amazon.kindle
03-11 15:44:08.848 W/PackageManager(  646): Unknown permission com.amazon.dcp.settings.permission.READ_SETTINGS in package com.amazon.kindle
03-11 15:44:08.848 W/PackageManager(  646): Unknown permission com.amazon.identity.permission.GENERIC_IPC in package com.amazon.kindle
03-11 15:44:08.848 W/PackageManager(  646): Unknown permission com.amazon.dcp.sso.permission.USE_DEVICE_CREDENTIALS in package com.amazon.kindle
03-11 15:44:08.848 W/PackageManager(  646): Unknown permission com.amazon.dcp.sso.permission.EXPIRE_ACCESS_TOKEN in package com.amazon.kindle
03-11 15:44:08.848 W/PackageManager(  646): Unknown permission com.amazon.dcp.sso.permission.MANAGE_COR_PFM in package com.amazon.kindle
03-11 15:44:08.848 W/PackageManager(  646): Unknown permission com.amazon.dcp.sso.permission.CUSTOMER_ATTRIBUTE_SERVICE in package com.amazon.kindle
03-11 15:44:08.848 W/PackageManager(  646): Unknown permission amazon.permission.COLLECT_METRICS in package com.amazon.kindle
03-11 15:44:08.848 W/PackageManager(  646): Unknown permission android.permission.ACCESS_SUPERUSER in package jackpal.androidterm
03-11 15:44:08.858 W/PackageManager(  646): Unknown permission com.google.android.voicesearch.SHORTCUTS_ACCESS in package com.google.android.googlequicksearchbox
03-11 15:44:08.858 W/PackageManager(  646): Unknown permission com.google.android.voicesearch.ACCESS_SETTINGS in package com.google.android.googlequicksearchbox
03-11 15:44:08.858 W/PackageManager(  646): Unknown permission com.android.browser.permission.PRELOAD in package com.google.android.googlequicksearchbox
03-11 15:44:08.858 W/PackageManager(  646): Unknown permission com.google.android.apps.googlevoice.permission.AUTO_SEND in package com.google.android.googlequicksearchbox
03-11 15:44:08.858 W/PackageManager(  646): Unknown permission com.facebook.orca.provider.ACCESS in package com.facebook.katana
03-11 15:44:08.858 W/PackageManager(  646): Unknown permission com.amazon.device.messaging.permission.RECEIVE in package com.facebook.katana
03-11 15:44:08.858 W/PackageManager(  646): Not granting permission android.permission.BATTERY_STATS to package com.facebook.katana (protectionLevel=18 flags=0x8be44)
03-11 15:44:08.858 W/PackageManager(  646): Unknown permission com.sec.android.provider.badge.permission.READ in package com.facebook.katana
03-11 15:44:08.858 W/PackageManager(  646): Unknown permission com.sec.android.provider.badge.permission.WRITE in package com.facebook.katana
03-11 15:44:08.858 W/PackageManager(  646): Unknown permission com.htc.launcher.permission.READ_SETTINGS in package com.facebook.katana
03-11 15:44:08.858 W/PackageManager(  646): Unknown permission com.htc.launcher.permission.UPDATE_SHORTCUT in package com.facebook.katana
03-11 15:44:08.858 W/PackageManager(  646): Unknown permission com.sonyericsson.home.permission.BROADCAST_BADGE in package com.facebook.katana
03-11 15:44:08.858 W/PackageManager(  646): Unknown permission com.facebook.home.permission.WRITE_BADGES in package com.facebook.katana
03-11 15:44:08.858 W/PackageManager(  646): Unknown permission com.nokia.pushnotifications.permission.RECEIVE in package com.facebook.katana
03-11 15:44:08.858 W/PackageManager(  646): Unknown permission com.chrome.permission.DEVICE_EXTRAS in package com.chrome.beta
03-11 15:44:08.858 W/PackageManager(  646): Not granting permission com.android.chrome.TOS_ACKED to package com.chrome.beta (protectionLevel=18 flags=0x48be44)
03-11 15:44:08.858 W/PackageManager(  646): Unknown permission com.sec.enterprise.knox.MDM_CONTENT_PROVIDER in package com.chrome.beta
03-11 15:44:08.858 W/PackageManager(  646): Unknown permission android.permission.WRITE_SYNC_STATS in package com.google.android.apps.docs
03-11 15:44:08.858 W/PackageManager(  646): Unknown permission android.permission.ACCESS_SUPERUSER in package com.koushikdutta.rommanager
03-11 15:44:08.858 W/PackageManager(  646): Not granting permission android.permission.SEND_DOWNLOAD_COMPLETED_INTENTS to package com.android.vending (protectionLevel=2 flags=0xabec5)
03-11 15:44:08.858 W/PackageManager(  646): Unknown permission android.permission.SEND_SMS_NO_CONFIRMATION in package com.android.vending
03-11 15:44:08.868 W/PackageManager(  646): Not granting permission android.permission.BIND_WALLPAPER to package com.google.android.GoogleCamera (protectionLevel=18 flags=0x58bc45)
03-11 15:44:08.868 W/PackageManager(  646): Not granting permission android.permission.READ_DREAM_STATE to package com.google.android.gsf (protectionLevel=2 flags=0x40083e45)
03-11 15:44:08.978 D/dalvikvm(  646): GC_CONCURRENT freed 1061K, 7% free 15453K/16540K, paused 2ms+3ms, total 63ms
03-11 15:44:08.978 D/dalvikvm(  646): WAIT_FOR_CONCURRENT_GC blocked 4ms
03-11 15:44:09.058 D/dalvikvm(  646): GC_EXPLICIT freed 215K, 7% free 15382K/16540K, paused 2ms+6ms, total 67ms
03-11 15:44:09.108 I/SystemServer(  646): Notification Manager
03-11 15:44:09.108 I/SystemServer(  646): Device Storage Monitor
03-11 15:44:09.108 I/SystemServer(  646): Location Manager
03-11 15:44:09.118 I/SystemServer(  646): Country Detector
03-11 15:44:09.118 I/SystemServer(  646): Search Service
03-11 15:44:09.118 I/SystemServer(  646): DropBox Service
03-11 15:44:09.118 I/SystemServer(  646): Wallpaper Service
03-11 15:44:09.118 I/SystemServer(  646): Audio Service
03-11 15:44:09.168 V/AudioService(  646): monitoring device rotation, initial=0
03-11 15:44:09.168 I/SystemServer(  646): Dock Observer
03-11 15:44:09.178 W/DockObserver(  646): This kernel does not have dock station support
03-11 15:44:09.178 I/SystemServer(  646): Wired Accessory Manager
03-11 15:44:09.178 I/SystemServer(  646): USB Service
03-11 15:44:09.178 I/SystemServer(  646): Serial Service
03-11 15:44:09.178 I/SystemServer(  646): Twilight Service
03-11 15:44:09.178 I/SystemServer(  646): UI Mode Manager Service
03-11 15:44:09.178 I/SystemServer(  646): Backup Service
03-11 15:44:09.188 V/BackupManagerService(  646): Initializing package tracking
03-11 15:44:09.229 D/WifiController(  646): DEFERRED_TOGGLE handled
03-11 15:44:09.229 D/SoftapController(  182): Softap fwReload - Ok
03-11 15:44:09.229 D/Tethering(  646): sendTetherStateChangedBroadcast 0, 0, 0
03-11 15:44:09.229 D/Tethering(  646): InitialState.processMessage what=4
03-11 15:44:09.229 D/Tethering(  646): sendTetherStateChangedBroadcast 0, 0, 0
03-11 15:44:09.239 D/CommandListener(  182): Setting iface cfg
03-11 15:44:09.239 D/CommandListener(  182): Trying to bring down wlan0
03-11 15:44:09.239 V/BackupManagerService(  646): addPackageParticipantsLocked: all
03-11 15:44:09.249 I/BackupManagerService(  646): Scheduling backup for new app org.connectbot
03-11 15:44:09.249 D/BackupManagerService(  646): Now staging backup of org.connectbot
03-11 15:44:09.249 I/BackupManagerService(  646): Scheduling backup for new app com.android.sharedstoragebackup
03-11 15:44:09.249 D/BackupManagerService(  646): Now staging backup of com.android.sharedstoragebackup
03-11 15:44:09.259 I/BackupManagerService(  646): Scheduling backup for new app com.google.android.marvin.talkback
03-11 15:44:09.259 D/BackupManagerService(  646): Now staging backup of com.google.android.marvin.talkback
03-11 15:44:09.259 I/BackupManagerService(  646): Scheduling backup for new app com.google.android.googlequicksearchbox
03-11 15:44:09.259 D/BackupManagerService(  646): Now staging backup of com.google.android.googlequicksearchbox
03-11 15:44:09.259 I/BackupManagerService(  646): Scheduling backup for new app com.google.android.inputmethod.latin
03-11 15:44:09.259 D/BackupManagerService(  646): Now staging backup of com.google.android.inputmethod.latin
03-11 15:44:09.269 I/BackupManagerService(  646): Scheduling backup for new app com.android.providers.settings
03-11 15:44:09.269 D/BackupManagerService(  646): Now staging backup of com.android.providers.settings
03-11 15:44:09.269 I/BackupManagerService(  646): Scheduling backup for new app com.google.android.talk
03-11 15:44:09.269 D/BackupManagerService(  646): Now staging backup of com.google.android.talk
03-11 15:44:09.269 I/BackupManagerService(  646): Scheduling backup for new app com.android.nfc
03-11 15:44:09.269 D/BackupManagerService(  646): Now staging backup of com.android.nfc
03-11 15:44:09.269 I/BackupManagerService(  646): Scheduling backup for new app com.android.providers.userdictionary
03-11 15:44:09.269 D/BackupManagerService(  646): Now staging backup of com.android.providers.userdictionary
03-11 15:44:09.279 I/BackupManagerService(  646): Scheduling backup for new app android
03-11 15:44:09.279 D/BackupManagerService(  646): Now staging backup of android
03-11 15:44:09.279 I/BackupManagerService(  646): Scheduling backup for new app com.android.vending
03-11 15:44:09.279 D/BackupManagerService(  646): Now staging backup of com.android.vending
03-11 15:44:09.279 I/BackupManagerService(  646): Scheduling backup for new app com.google.android.gm
03-11 15:44:09.279 D/BackupManagerService(  646): Now staging backup of com.google.android.gm
03-11 15:44:09.289 I/BackupManagerService(  646): Scheduling backup for new app com.google.android.calendar
03-11 15:44:09.289 D/BackupManagerService(  646): Now staging backup of com.google.android.calendar
03-11 15:44:09.289 V/BackupManagerService(  646): Starting with transport com.google.android.backup/.BackupTransportService
03-11 15:44:09.289 V/BackupManagerService(  646): Found transports: 2
03-11 15:44:09.289 I/BackupManagerService(  646): Binding to transport host ComponentInfo{android/com.android.internal.backup.LocalTransportService}
03-11 15:44:09.289 I/BackupManagerService(  646): Binding to transport host ComponentInfo{com.google.android.backuptransport/com.google.android.backup.BackupTransportService}
03-11 15:44:09.289 I/BackupManagerService(  646): Found stale backup journal, scheduling
03-11 15:44:09.289 I/BackupManagerService(  646):   android
03-11 15:44:09.289 I/BackupManagerService(  646): Backup enabled => true
03-11 15:44:09.289 I/SystemServer(  646): AppWidget Service
03-11 15:44:09.299 D/Atlas   (  646): Loaded configuration: SliceMinArea (1216x1408) flags=0x2 count=265
03-11 15:44:09.299 I/WindowManager(  646): SAFE MODE not enabled
03-11 15:44:09.299 I/SystemServer(  646): Recognition Service
03-11 15:44:09.299 I/SystemServer(  646): DiskStats Service
03-11 15:44:09.299 I/SystemServer(  646): SamplingProfiler Service
03-11 15:44:09.299 I/SystemServer(  646): NetworkTimeUpdateService
03-11 15:44:09.299 I/SystemServer(  646): CommonTimeManagementService
03-11 15:44:09.299 I/SystemServer(  646): CertBlacklister
03-11 15:44:09.299 I/SystemServer(  646): Dreams Service
03-11 15:44:09.299 I/SystemServer(  646): Assets Atlas Service
03-11 15:44:09.299 I/SystemServer(  646): IdleMaintenanceService
03-11 15:44:09.299 I/SystemServer(  646): Print Service
03-11 15:44:09.299 I/SystemServer(  646): Media Router Service
03-11 15:44:09.309 D/dalvikvm(  646): JIT started for system_server
03-11 15:44:09.369 I/Zygote  (  646): Process: zygote socket opened
03-11 15:44:09.379 I/wpa_supplicant(  752): Successfully initialized wpa_supplicant
03-11 15:44:09.379 I/wpa_supplicant(  752): rfkill: Cannot open RFKILL control device
03-11 15:44:09.399 V/KeyguardServiceDelegate(  646): *** Keyguard started
03-11 15:44:09.399 V/KeyguardServiceDelegate(  646): onSystemReady() called before keyguard service was ready
03-11 15:44:09.399 I/ActivityManager(  646): Start proc com.android.systemui for service com.android.keyguard/.KeyguardService: pid=753 uid=10097 gids={50097, 1028, 1015, 3002, 3001}
03-11 15:44:09.419 I/Adreno-EGL(  646): <qeglDrvAPI_eglInitialize:320>: EGL 1.4 QUALCOMM Build: I0404c4692afb8623f95c43aeb6d5e13ed4b30ddbDate: 11/06/13
03-11 15:44:09.429 I/AppOps  (  646): Pruning old package media/1013: new uid=-1
03-11 15:44:09.429 I/ActivityManager(  646): System now ready
03-11 15:44:09.429 I/SystemServer(  646): Making services ready
03-11 15:44:09.429 D/NetworkManagementService(  646): enabling bandwidth control
03-11 15:44:09.429 W/MountService(  646): Duplicate state transition (mounted -> mounted) for /storage/emulated/0
03-11 15:44:09.449 D/WifiMonitor(  646): startMonitoring(wlan0) with mConnected = false
03-11 15:44:09.479 I/ActivityManager(  646): Start proc com.android.settings for broadcast com.android.settings/.widget.SettingsAppWidgetProvider: pid=770 uid=1000 gids={41000, 1028, 1015, 3002, 3001, 3003}
03-11 15:44:09.499 D/Atlas   (  646): Rendered atlas in 160.34ms (80.99+79.35ms)
03-11 15:44:09.569 V/KeyguardService(  753): onCreate()
03-11 15:44:09.569 D/BluetoothManagerService(  646): Message: 20
03-11 15:44:09.569 D/BluetoothManagerService(  646): Added callback: android.bluetooth.IBluetoothManagerCallback$Stub$Proxy@420d5348:true
03-11 15:44:09.569 E/OMXMaster(  188): A component of name 'OMX.qcom.audio.decoder.aac' already exists, ignoring this one.
03-11 15:44:09.579 D/BluetoothAdapter(  770): 1106047896: getState() :  mService = null. Returning STATE_OFF
03-11 15:44:09.579 D/BluetoothManagerService(  646): Message: 30
03-11 15:44:09.599 D/BluetoothManagerService(  646): Message: 30
03-11 15:44:09.599 D/LocalBluetoothProfileManager(  770): Adding local MAP profile
03-11 15:44:09.599 D/BluetoothMap(  770): Create BluetoothMap proxy object
03-11 15:44:09.599 W/ContextImpl(  770): Calling a method in the system process without a qualified user: android.app.ContextImpl.bindService:1543 android.content.ContextWrapper.bindService:517 android.bluetooth.BluetoothInputDevice.doBind:245 android.bluetooth.BluetoothInputDevice.<init>:238 android.bluetooth.BluetoothAdapter.getProfileProxy:1187 
03-11 15:44:09.599 W/ContextImpl(  770): Calling a method in the system process without a qualified user: android.app.ContextImpl.bindService:1543 android.content.ContextWrapper.bindService:517 android.bluetooth.BluetoothPan.doBind:149 android.bluetooth.BluetoothPan.<init>:141 android.bluetooth.BluetoothAdapter.getProfileProxy:1190 
03-11 15:44:09.609 D/BluetoothManagerService(  646): Message: 30
03-11 15:44:09.609 D/BluetoothManagerService(  646): Message: 30
03-11 15:44:09.609 D/LocalBluetoothProfileManager(  770): LocalBluetoothProfileManager construction complete
03-11 15:44:09.609 D/BluetoothAdapter(  770): 1106047896: getState() :  mService = null. Returning STATE_OFF
03-11 15:44:09.609 D/BluetoothAdapter(  770): 1106047896: getState() :  mService = null. Returning STATE_OFF
03-11 15:44:09.609 W/ContextImpl(  770): Calling a method in the system process without a qualified user: android.app.ContextImpl.bindService:1543 android.content.ContextWrapper.bindService:517 android.bluetooth.BluetoothMap.doBind:109 android.bluetooth.BluetoothMap.<init>:102 android.bluetooth.BluetoothAdapter.getProfileProxy:1196 
03-11 15:44:09.609 W/ContextImpl(  770): Calling a method in the system process without a qualified user: android.app.ContextImpl.bindService:1543 android.content.ContextWrapper.bindService:517 android.bluetooth.BluetoothPbap.doBind:164 android.bluetooth.BluetoothPbap.<init>:157 com.android.settings.bluetooth.PbapServerProfile.<init>:68 
03-11 15:44:09.619 D/SystemUIService(  753): loading: class com.android.systemui.recent.Recents
03-11 15:44:09.619 D/SystemUIService(  753): running: com.android.systemui.recent.Recents@41ed7db0
03-11 15:44:09.619 D/SystemUIService(  753): loading: class com.android.systemui.statusbar.SystemBars
03-11 15:44:09.619 D/SystemUIService(  753): running: com.android.systemui.statusbar.SystemBars@41ed8398
03-11 15:44:09.619 D/SystemUIService(  753): loading: class com.android.systemui.usb.StorageNotification
03-11 15:44:09.619 D/SystemUIService(  753): running: com.android.systemui.usb.StorageNotification@41eda158
03-11 15:44:09.619 D/SystemUIService(  753): loading: class com.android.systemui.power.PowerUI
03-11 15:44:09.619 D/SystemUIService(  753): running: com.android.systemui.power.PowerUI@41edb7b8
03-11 15:44:09.619 D/SystemUIService(  753): loading: class com.android.systemui.media.RingtonePlayer
03-11 15:44:09.619 D/SystemUIService(  753): running: com.android.systemui.media.RingtonePlayer@41edc4b8
03-11 15:44:09.619 D/SystemUIService(  753): loading: class com.android.systemui.settings.SettingsUI
03-11 15:44:09.629 D/SystemUIService(  753): running: com.android.systemui.settings.SettingsUI@41edd7a0
03-11 15:44:09.649 D/PhoneStatusBar(  753): mSettingsPanelGravity = 8388661
03-11 15:44:09.649 I/StatusBarManagerService(  646): registerStatusBar bar=com.android.internal.statusbar.IStatusBar$Stub$Proxy@420a8250
03-11 15:44:09.739 D/dalvikvm(  753): GC_CONCURRENT freed 129K, 2% free 9284K/9444K, paused 3ms+10ms, total 31ms
03-11 15:44:09.789 D/dalvikvm(  753): GC_FOR_ALLOC freed 28K, 2% free 9612K/9740K, paused 10ms, total 11ms
