03-10 14:56:55.454 W/msgr(:<default>):i( 1636): 	at com.facebook.http.b.t.b(FbHttpRequestProcessor.java:173)
03-10 14:56:55.454 W/msgr(:<default>):i( 1636): 	at com.facebook.http.b.t.a(FbHttpRequestProcessor.java:148)
03-10 14:56:55.454 W/msgr(:<default>):i( 1636): 	at com.facebook.http.b.t.b(FbHttpRequestProcessor.java:103)
03-10 14:56:55.454 W/msgr(:<default>):i( 1636): 	at com.facebook.http.b.t.a(FbHttpRequestProcessor.java:241)
03-10 14:56:55.454 W/msgr(:<default>):i( 1636): 	at com.facebook.http.protocol.bs.a(SingleMethodRunnerImpl.java:391)
03-10 14:56:55.454 W/msgr(:<default>):i( 1636): 	at com.facebook.http.protocol.bs.b(SingleMethodRunnerImpl.java:164)
03-10 14:56:55.454 W/msgr(:<default>):i( 1636): 	at com.facebook.http.protocol.b.a(AbstractSingleMethodRunner.java:26)
03-10 14:56:55.454 W/msgr(:<default>):i( 1636): 	at com.facebook.http.protocol.l.a(ApiMethodRunnerImpl.java:43)
03-10 14:56:55.454 W/msgr(:<default>):i( 1636): 	at com.facebook.http.protocol.l.a(ApiMethodRunnerImpl.java:35)
03-10 14:56:55.454 W/msgr(:<default>):i( 1636): 	at com.facebook.orca.protocol.a.b(WebServiceHandler.java:174)
03-10 14:56:55.454 W/msgr(:<default>):i( 1636): 	at com.facebook.orca.server.a.a(AbstractBlueServiceHandlerFilter.java:31)
03-10 14:56:55.454 W/msgr(:<default>):i( 1636): 	at com.facebook.fbservice.service.u.a(FilterChainLink.java:20)
03-10 14:56:55.454 W/msgr(:<default>):i( 1636): 	at com.facebook.orca.database.ac.b(DbServiceHandler.java:259)
03-10 14:56:55.454 W/msgr(:<default>):i( 1636): 	at com.facebook.orca.server.a.a(AbstractBlueServiceHandlerFilter.java:31)
03-10 14:56:55.454 W/msgr(:<default>):i( 1636): 	at com.facebook.fbservice.service.u.a(FilterChainLink.java:20)
03-10 14:56:55.454 W/msgr(:<default>):i( 1636): 	at com.facebook.orca.g.k.b(CacheServiceHandler.java:138)
03-10 14:56:55.454 W/msgr(:<default>):i( 1636): 	at com.facebook.orca.server.a.a(AbstractBlueServiceHandlerFilter.java:31)
03-10 14:56:55.454 W/msgr(:<default>):i( 1636): 	at com.facebook.fbservice.service.u.a(FilterChainLink.java:20)
03-10 14:56:55.454 W/msgr(:<default>):i( 1636): 	at com.facebook.fbservice.service.i.e(BlueServiceQueue.java:302)
03-10 14:56:55.454 W/msgr(:<default>):i( 1636): 	at com.facebook.fbservice.service.i.d(BlueServiceQueue.java:54)
03-10 14:56:55.454 W/msgr(:<default>):i( 1636): 	at com.facebook.fbservice.service.l.run(BlueServiceQueue.java:232)
03-10 14:56:55.454 W/msgr(:<default>):i( 1636): 	at java.util.concurrent.Executors$RunnableAdapter.call(Executors.java:422)
03-10 14:56:55.454 W/msgr(:<default>):i( 1636): 	at java.util.concurrent.FutureTask.run(FutureTask.java:237)
03-10 14:56:55.454 W/msgr(:<default>):i( 1636): 	at com.facebook.common.executors.ak.run(ListenableScheduledFutureImpl.java:59)
03-10 14:56:55.454 W/msgr(:<default>):i( 1636): 	at android.os.Handler.handleCallback(Handler.java:733)
03-10 14:56:55.454 W/msgr(:<default>):i( 1636): 	at android.os.Handler.dispatchMessage(Handler.java:95)
03-10 14:56:55.454 W/msgr(:<default>):i( 1636): 	at android.os.Looper.loop(Looper.java:136)
03-10 14:56:55.454 W/msgr(:<default>):i( 1636): 	at android.os.HandlerThread.run(HandlerThread.java:61)
03-10 14:56:55.454 W/msgr(:<default>):i( 1636): Caused by: libcore.io.GaiException: getaddrinfo failed: EAI_NODATA (No address associated with hostname)
03-10 14:56:55.454 W/msgr(:<default>):i( 1636): 	at libcore.io.Posix.getaddrinfo(Native Method)
03-10 14:56:55.454 W/msgr(:<default>):i( 1636): 	at libcore.io.ForwardingOs.getaddrinfo(ForwardingOs.java:61)
03-10 14:56:55.454 W/msgr(:<default>):i( 1636): 	at java.net.InetAddress.lookupHostByName(InetAddress.java:405)
03-10 14:56:55.454 W/msgr(:<default>):i( 1636): 	... 41 more
03-10 14:56:55.734 W/art     ( 1654): Before Android 4.1, method void com.facebook.reflex.view.FrameLayoutAutoReflex.invalidate(boolean) would have incorrectly overridden the package-private method in android.view.View
03-10 14:56:55.744 W/art     ( 1654): Before Android 4.1, method void com.facebook.reflex.view.FrameLayout.invalidate(boolean) would have incorrectly overridden the package-private method in android.view.View
03-10 14:56:55.944 W/art     ( 1654): Before Android 4.1, method void com.facebook.messaging.reflex.SwipableOverlayLayoutAutoReflex.invalidate(boolean) would have incorrectly overridden the package-private method in android.view.View
03-10 14:56:55.954 W/art     ( 1654): Before Android 4.1, method void com.facebook.messaging.reflex.SwipableOverlayLayout.invalidate(boolean) would have incorrectly overridden the package-private method in android.view.View
03-10 14:56:55.974 I/art     ( 1654): Heap trim of managed (duration=8.782552ms, advised=4KB) and native (duration=1.977760ms, advised=256KB) heaps. Managed heap utilization of 72%.
03-10 14:56:56.154 D/MobileDataStateTracker(  627): default: Broadcast received: android.intent.action.ANY_DATA_STATE apnType=default
03-10 14:56:56.154 D/MobileDataStateTracker(  627): default: Received state=CONNECTED, old=CONNECTING, reason=connected
03-10 14:56:56.154 D/MobileDataStateTracker(  627): default: setDetailed state, old =CONNECTING and new state=CONNECTED
03-10 14:56:56.154 D/ConnectivityService(  627): ConnectivityChange for mobile: CONNECTED/CONNECTED
03-10 14:56:56.154 D/ConnectivityService(  627): ConnectivityChange checkMobileProvisioning for TYPE_MOBILE or ProvisioningNetwork
03-10 14:56:56.154 D/ConnectivityService(  627): checkMobileProvisioning: E suggestedTimeOutMs=60000
03-10 14:56:56.154 D/ConnectivityService(  627): setProvNotificationVisible: E visible=false networkType=5 extraInfo=null url=null
03-10 14:56:56.154 D/ConnectivityService(  627): checkMobileProvisioning: params={ url=http://clients3.google.com/generate_204 mTimeOutMs=60000 mCb=com.android.server.ConnectivityService$5@65de7ed8}
03-10 14:56:56.154 D/ConnectivityService(  627): checkMobileProvisioning: X
03-10 14:56:56.174 D/MobileDataStateTracker(  627): default: isProvisioningNetwork: retVal=false
03-10 14:56:56.174 D/ConnectivityService(  627): [CheckMp] isMobileOk: isDefaultProvisioning=false
03-10 14:56:56.174 D/MobileDataStateTracker(  627): hipri: isProvisioningNetwork: retVal=false
03-10 14:56:56.174 D/ConnectivityService(  627): [CheckMp] isMobileOk: isHipriProvisioning=false
03-10 14:56:56.174 D/ConnectivityService(  627): [CheckMp] isMobileOk: start hipri url=http://clients3.google.com/generate_204
03-10 14:56:56.184 D/Nat464Xlat(  627): requiresClat: netType=0, hasIPv4Address=true
03-10 14:56:56.194 D/ConnectivityService(  627): startUsingNetworkFeature reconnecting to 0: enableHIPRI
03-10 14:56:56.204 D/ConnectivityService(  627): startUsingNetworkFeature X: return APN_REQUEST_STARTED
03-10 14:56:56.204 D/ConnectivityService(  627): [CheckMp] isMobileOk: hipri started
03-10 14:56:56.204 D/ConnectivityService(  627): [CheckMp] isMobileOk: not connected ni=NetworkInfo: type: mobile_hipri[UMTS], state: DISCONNECTED/IDLE, reason: (unspecified), extra: (none), roaming: false, failover: false, isAvailable: true, isConnectedToProvisioningNetwork: false
03-10 14:56:56.204 D/MobileDataStateTracker(  627): hipri: Broadcast received: android.intent.action.ANY_DATA_STATE apnType=hipri
03-10 14:56:56.204 D/MobileDataStateTracker(  627): hipri: Received state=CONNECTING, old=DISCONNECTED, reason=dataEnabled
03-10 14:56:56.204 D/MobileDataStateTracker(  627): hipri: setDetailed state, old =IDLE and new state=CONNECTING
03-10 14:56:56.214 D/MobileDataStateTracker(  627): fota: Broadcast received: android.intent.action.ANY_DATA_STATE apnType=fota
03-10 14:56:56.214 D/MobileDataStateTracker(  627): fota: Received state=DISCONNECTED, old=DISCONNECTED, reason=dataEnabled
03-10 14:56:56.214 D/MobileDataStateTracker(  627): dun: Broadcast received: android.intent.action.ANY_DATA_STATE apnType=dun
03-10 14:56:56.214 D/MobileDataStateTracker(  627): dun: Received state=DISCONNECTED, old=DISCONNECTED, reason=dataEnabled
03-10 14:56:56.214 D/MobileDataStateTracker(  627): ia: Broadcast received: android.intent.action.ANY_DATA_STATE apnType=ia
03-10 14:56:56.214 D/MobileDataStateTracker(  627): ia: Received state=DISCONNECTED, old=DISCONNECTED, reason=dataEnabled
03-10 14:56:56.214 D/MobileDataStateTracker(  627): supl: Broadcast received: android.intent.action.ANY_DATA_STATE apnType=supl
03-10 14:56:56.214 D/MobileDataStateTracker(  627): supl: Received state=DISCONNECTED, old=DISCONNECTED, reason=dataEnabled
03-10 14:56:56.214 D/MobileDataStateTracker(  627): ims: Broadcast received: android.intent.action.ANY_DATA_STATE apnType=ims
03-10 14:56:56.214 D/MobileDataStateTracker(  627): ims: Received state=DISCONNECTED, old=DISCONNECTED, reason=dataEnabled
03-10 14:56:56.214 D/MobileDataStateTracker(  627): mms: Broadcast received: android.intent.action.ANY_DATA_STATE apnType=mms
03-10 14:56:56.224 D/MobileDataStateTracker(  627): mms: Received state=DISCONNECTED, old=DISCONNECTED, reason=dataEnabled
03-10 14:56:56.224 D/MobileDataStateTracker(  627): cbs: Broadcast received: android.intent.action.ANY_DATA_STATE apnType=cbs
03-10 14:56:56.224 D/MobileDataStateTracker(  627): cbs: Received state=DISCONNECTED, old=DISCONNECTED, reason=dataEnabled
03-10 14:56:56.224 D/MobileDataStateTracker(  627): hipri: Broadcast received: android.intent.action.ANY_DATA_STATE apnType=hipri
03-10 14:56:56.224 D/MobileDataStateTracker(  627): hipri: Received state=CONNECTED, old=CONNECTING, reason=dataEnabled
03-10 14:56:56.224 D/MobileDataStateTracker(  627): hipri: setDetailed state, old =CONNECTING and new state=CONNECTED
03-10 14:56:56.224 D/ConnectivityService(  627): ConnectivityChange for mobile_hipri: CONNECTED/CONNECTED
03-10 14:56:56.284 D/Nat464Xlat(  627): requiresClat: netType=5, hasIPv4Address=true
03-10 14:56:56.294 D/MobileDataStateTracker(  627): default: setPolicyDataEnable(enabled=true)
03-10 14:56:56.294 W/NetworkPolicy(  627): shared quota unsupported; generating rule for each iface
03-10 14:56:56.354 E/FbInjectorInitializer( 1654): Multi-binding Key[type=com.facebook.common.init.INeedInit, annotation=[none]] wasn't declared.
03-10 14:56:56.544 D/MobileDataStateTracker(  627): default: setPolicyDataEnable(enabled=true)
03-10 14:56:56.554 D/MobileDataStateTracker(  627): default: setPolicyDataEnable(enabled=true)
03-10 14:56:56.554 W/NetworkPolicy(  627): shared quota unsupported; generating rule for each iface
03-10 14:56:56.874 W/fb4a(:<default>):BaseAnalyticsConfig( 1654): willEventBeLogged() called before shared prefs were initialized! Defaulting to true.
03-10 14:56:56.874 W/fb4a(:<default>):BaseAnalyticsConfig( 1654): willEventBeLogged() called before shared prefs were initialized! Defaulting to true.
03-10 14:56:57.034 D/MobileDataStateTracker(  627): default: setPolicyDataEnable(enabled=true)
03-10 14:56:57.204 D/MobileDataStateTracker(  627): hipri: isProvisioningNetwork: retVal=false
03-10 14:56:57.204 D/ConnectivityService(  627): [CheckMp] isMobileOk: isProvisioningNetwork is false, continue
03-10 14:56:57.244 D/ConnectivityService(  627): [CheckMp] isMobileOk: addresses=clients3.google.com/193.229.108.103,clients3.google.com/193.229.108.88,clients3.google.com/193.229.108.99,clients3.google.com/193.229.108.89,clients3.google.com/193.229.108.109,clients3.google.com/193.229.108.123,clients3.google.com/193.229.108.108,clients3.google.com/193.229.108.98,clients3.google.com/193.229.108.93,clients3.google.com/193.229.108.119,clients3.google.com/193.229.108.114,clients3.google.com/193.229.108.94,clients3.google.com/193.229.108.104,clients3.google.com/193.229.108.113,clients3.google.com/193.229.108.118,clients3.google.com/193.229.108.84
03-10 14:56:57.244 D/ConnectivityService(  627): [CheckMp] isMobileOk: linkHasIpv4=true linkHasIpv6=false
03-10 14:56:57.264 D/ConnectivityService(  627): requestRouteToHostAddress ok=true
03-10 14:56:57.264 D/ConnectivityService(  627): [CheckMp] isMobileOk: wait to establish route to hostAddr=clients3.google.com/193.229.108.103
03-10 14:56:57.344 I/ActivityManager(  627): Resuming delayed broadcast
03-10 14:56:57.354 D/BluetoothManagerService(  627): Message: 30
03-10 14:56:57.364 D/BluetoothManagerService(  627): Message: 30
03-10 14:56:57.364 W/ContextImpl(  627): Calling a method in the system process without a qualified user: android.app.ContextImpl.bindService:1543 android.bluetooth.BluetoothHeadset.doBind:283 android.bluetooth.BluetoothHeadset.<init>:276 android.bluetooth.BluetoothAdapter.getProfileProxy:1181 android.media.AudioService.getBluetoothHeadset:2245 
03-10 14:56:57.364 W/ContextImpl(  627): Calling a method in the system process without a qualified user: android.app.ContextImpl.bindService:1543 android.bluetooth.BluetoothA2dp.doBind:165 android.bluetooth.BluetoothA2dp.<init>:158 android.bluetooth.BluetoothAdapter.getProfileProxy:1184 android.media.AudioService$AudioServiceBroadcastReceiver.onReceive:4166 
03-10 14:56:57.374 E/WiredAccessoryManager(  627): No state change.
03-10 14:56:57.374 V/WiredAccessoryManager(  627): notifyWiredAccessoryChanged: when=0 bits= mask=14
03-10 14:56:57.374 V/WiredAccessoryManager(  627): newName=h2w newState=0 headsetState=0 prev headsetState=0
03-10 14:56:57.374 V/WiredAccessoryManager(  627): init()
03-10 14:56:57.374 I/PowerManagerService(  627): Boot animation finished.
03-10 14:56:57.384 I/RecoverySystem(  627): No recovery log file
03-10 14:56:57.414 W/art     (  182): Could not get current activity
03-10 14:56:57.424 I/ActivityManager(  627): Start proc com.chrome.beta for service com.chrome.beta/com.google.android.apps.chrome.sync.ChromeBrowserSyncAdapterService: pid=1902 uid=10083 gids={50083, 3003, 1028, 1015}
03-10 14:56:57.474 I/ActivityManager(  627): Start proc com.google.android.configupdater for broadcast com.google.android.configupdater/.CertPin.CertPinUpdateRequestReceiver: pid=1920 uid=10002 gids={50002, 3003, 2001}
03-10 14:56:57.484 I/BootReceiver(  627): Copying /proc/last_kmsg to DropBox (SYSTEM_LAST_KMSG)
03-10 14:56:57.534 W/art     ( 1920): Failed to find ELF magic in /system/priv-app/ConfigUpdater.odex: dey
03-10 14:56:57.564 I/BootReceiver(  627): Copying audit failures to DropBox
03-10 14:56:57.574 I/BootReceiver(  627): Copied 3707 worth of audits to DropBox
03-10 14:56:57.594 I/BootReceiver(  627): Checking for fsck errors
03-10 14:56:57.594 I/BootReceiver(  627): Copying /data/tombstones/tombstone_04 to DropBox (SYSTEM_TOMBSTONE)
03-10 14:56:57.624 E/UpdateRequestReceiver( 1920): ignoring update request
03-10 14:56:57.634 E/UpdateRequestReceiver( 1920): ignoring update request
03-10 14:56:57.644 E/UpdateRequestReceiver( 1920): ignoring update request
03-10 14:56:57.654 E/UpdateRequestReceiver( 1920): ignoring update request
03-10 14:56:57.674 E/UpdateRequestReceiver( 1920): ignoring update request
03-10 14:56:57.684 E/UpdateRequestReceiver( 1920): ignoring update request
03-10 14:56:57.684 I/ActivityManager(  627): Delay finish: com.android.providers.downloads/.DownloadReceiver
03-10 14:56:57.724 I/ActivityManager(  627): Resuming delayed broadcast
03-10 14:56:57.764 I/ActivityManager(  627): Start proc com.google.android.onetimeinitializer for broadcast com.google.android.onetimeinitializer/.OneTimeInitializerReceiver: pid=1974 uid=10010 gids={50010}
03-10 14:56:57.814 D/DelayedSyncController( 1902): Delaying sync.
03-10 14:56:57.814 W/art     ( 1974): Failed to find ELF magic in /system/priv-app/GoogleOneTimeInitializer.odex: dey
03-10 14:56:57.824 V/OneTimeInitializerReceiver( 1974): OneTimeInitializerReceiver.onReceive
03-10 14:56:57.824 I/ActivityManager(  627): Delay finish: com.google.android.onetimeinitializer/.OneTimeInitializerReceiver
03-10 14:56:57.834 V/OneTimeService( 1974): OneTimeService.onHandleIntent
03-10 14:56:57.834 I/ActivityManager(  627): Resuming delayed broadcast
03-10 14:56:57.864 I/ActivityManager(  627): Start proc com.google.android.partnersetup for broadcast com.google.android.partnersetup/.GooglePartnerSetup: pid=2002 uid=10011 gids={50011, 3003}
03-10 14:56:58.004 W/art     ( 2002): Failed to find ELF magic in /system/priv-app/GooglePartnerSetup.odex: dey
03-10 14:56:58.054 I/ActivityManager(  627): Delay finish: com.google.android.partnersetup/.GooglePartnerSetup
03-10 14:56:58.214 I/ActivityManager(  627): Resuming delayed broadcast
03-10 14:56:58.224 I/ActivityManager(  627): Delay finish: com.google.android.partnersetup/.RlzPingBroadcastReceiver
03-10 14:56:58.264 I/RlzPingService( 2002): Setting next ping for 1395061018274
03-10 14:56:58.314 I/ActivityManager(  627): Resuming delayed broadcast
03-10 14:56:58.314 I/ActivityManager(  627): Delay finish: com.google.android.gsf/.checkin.CheckinService$Receiver
03-10 14:56:58.334 I/ActivityManager(  627): Resuming delayed broadcast
03-10 14:56:58.344 I/ActivityManager(  627): Delay finish: com.google.android.gsf/.update.SystemUpdateService$Receiver
03-10 14:56:58.364 I/SystemUpdateService( 1259): cancelUpdate (empty URL)
03-10 14:56:58.384 I/SystemUpdateService( 1259): cancelUpdate (empty URL)
03-10 14:56:58.394 I/ActivityManager(  627): Resuming delayed broadcast
03-10 14:56:58.404 I/ActivityManager(  627): Delay finish: com.android.providers.media/.MediaScannerReceiver
03-10 14:56:58.444 W/art     ( 1654): Verification of void com.google.android.gms.common.GooglePlayServicesUtil.b(android.content.Context) took 390.151302ms
03-10 14:56:58.514 W/GAV2    ( 1413): Thread[Service Reconnect,5,main]: Service unavailable (code=1), using local store.
03-10 14:56:58.514 W/ActivityManager(  627): Unable to start service Intent { act=com.google.android.gms.analytics.service.START cmp=com.google.android.gms/.analytics.service.AnalyticsService (has extras) } U=0: not found
03-10 14:56:58.884 W/fb4a(:<default>):MqttPushService( 1654): Attempt to start service that is already started
03-10 14:56:58.914 D/GCoreFlp( 1223): Unknown pending intent to remove.
03-10 14:56:59.194 D/Tethering(  627): MasterInitialState.processMessage what=3
03-10 14:56:59.194 D/CaptivePortalTracker(  627): NoActiveNetworkState{ when=0 what=1 obj=NetworkInfo: type: mobile[HSPA+], state: CONNECTED/CONNECTED, reason: connected, extra: internet.saunalahti, roaming: false, failover: false, isAvailable: true, isConnectedToProvisioningNetwork: false target=com.android.internal.util.StateMachine$SmHandler }
03-10 14:56:59.194 D/CaptivePortalTracker(  627): NoActiveNetworkState not a wifi connectivity change, ignore
03-10 14:56:59.224 D/GpsLocationProvider(  627): NTP server returned: 1394456216902 (Mon Mar 10 14:56:56 GMT+02:00 2014) reference: 38848 certainty: 29 system time offset: -2328
03-10 14:56:59.294 D/Tethering(  627): MasterInitialState.processMessage what=3
03-10 14:56:59.294 D/CaptivePortalTracker(  627): NoActiveNetworkState{ when=-1ms what=1 obj=NetworkInfo: type: mobile_hipri[HSPA+], state: CONNECTED/CONNECTED, reason: dataEnabled, extra: internet.saunalahti, roaming: false, failover: false, isAvailable: true, isConnectedToProvisioningNetwork: false target=com.android.internal.util.StateMachine$SmHandler }
03-10 14:56:59.294 D/CaptivePortalTracker(  627): NoActiveNetworkState not a wifi connectivity change, ignore
03-10 14:56:59.424 W/GAV2    ( 1520): Thread[Service Reconnect,5,main]: Service unavailable (code=1), using local store.
03-10 14:56:59.424 W/ActivityManager(  627): Unable to start service Intent { act=com.google.android.gms.analytics.service.START cmp=com.google.android.gms/.analytics.service.AnalyticsService (has extras) } U=0: not found
03-10 14:56:59.984 E/fb4a(:<default>):LocalFbBroadcastManager( 1654): Called registerBroadcastReceiver twice.
03-10 14:57:00.024 I/art     ( 1654): Heap trim of managed (duration=17.553594ms, advised=1124KB) and native (duration=3.197604ms, advised=0B) heaps. Managed heap utilization of 74%.
03-10 14:57:00.074 W/Settings( 1654): Setting wifi_sleep_policy has moved from android.provider.Settings.System to android.provider.Settings.Global, returning read-only value.
03-10 14:57:00.264 D/ConnectivityService(  627): [CheckMp] isMobileOk: newUrl=https://193.229.108.103/generate_204
03-10 14:57:00.274 W/ActivityThread(  627): ClassLoader.loadClass: The class loader returned by Thread.getContextClassLoader() may fail for processes that host multiple applications. You should explicitly specify a context class loader. For example: Thread.setContextClassLoader(getClass().getClassLoader());
03-10 14:57:00.924 D/ConnectivityService(  627): [CheckMp] isMobileOk: hostnameVerify retVal=true hostname=193.229.108.103 orgUriHost=clients3.google.com
03-10 14:57:00.994 D/ConnectivityService(  627): [CheckMp] isMobileOk: headers={null=[HTTP/1.1 204 No Content], Connection=[close], Content-Length=[0], Content-Type=[text/html; charset=UTF-8], Date=[Mon, 10 Mar 2014 12:57:01 GMT], Server=[GFE/2.0], X-Android-Received-Millis=[1394456220999], X-Android-Response-Source=[NETWORK 204], X-Android-Selected-Transport=[http/1.1], X-Android-Sent-Millis=[1394456220941]}
03-10 14:57:00.994 D/ConnectivityService(  627): [CheckMp] isMobileOk: X got expected responseCode=204 result=1
03-10 14:57:00.994 D/ConnectivityService(  627): [CheckMp] isMobileOk: F stop hipri
03-10 14:57:00.994 D/MobileDataStateTracker(  627): default: setEnableFailFastMobileData(enabled=0)
03-10 14:57:00.994 D/ConnectivityService(  627): stopUsingNetworkFeature: teardown net 0: enableHIPRI
03-10 14:57:01.004 D/MobileDataStateTracker(  627): hipri: Broadcast received: android.intent.action.ANY_DATA_STATE apnType=hipri
03-10 14:57:01.004 D/MobileDataStateTracker(  627): hipri: Received state=DISCONNECTED, old=CONNECTED, reason=dataDisabled
03-10 14:57:01.004 D/MobileDataStateTracker(  627): hipri: setDetailed state, old =CONNECTED and new state=DISCONNECTED
03-10 14:57:01.004 D/ConnectivityService(  627): ConnectivityChange for mobile_hipri: DISCONNECTED/DISCONNECTED
03-10 14:57:01.054 D/Nat464Xlat(  627): requiresClat: netType=5, hasIPv4Address=true
03-10 14:57:01.054 D/MobileDataStateTracker(  627): default: setPolicyDataEnable(enabled=true)
03-10 14:57:01.154 W/ProcessCpuTracker(  627): Skipping unknown process pid 2110
03-10 14:57:01.254 D/MobileDataStateTracker(  627): default: setPolicyDataEnable(enabled=true)
03-10 14:57:01.444 D/MobileDataStateTracker(  627): default: setPolicyDataEnable(enabled=true)
03-10 14:57:01.444 D/MobileDataStateTracker(  627): default: setPolicyDataEnable(enabled=true)
03-10 14:57:01.524 I/art     (  959): Heap trim of managed (duration=4.912345ms, advised=712KB) and native (duration=10.944687ms, advised=336KB) heaps. Managed heap utilization of 42%.
03-10 14:57:02.374 I/art     ( 1636): Heap trim of managed (duration=13.034115ms, advised=1348KB) and native (duration=2.226771ms, advised=4KB) heaps. Managed heap utilization of 61%.
03-10 14:57:02.574 I/art     (  627): Heap trim of managed (duration=18.102865ms, advised=4MB) and native (duration=3.153802ms, advised=1016KB) heaps. Managed heap utilization of 65%.
03-10 14:57:03.884 I/ActivityManager(  627): Waited long enough for: ServiceRecord{65d01be0 u0 com.google.android.gms/.gcm.GcmService}
03-10 14:57:03.884 I/ActivityManager(  627): Resuming delayed broadcast
03-10 14:57:03.904 W/art     (  182): Could not get current activity
03-10 14:57:03.914 D/MtpService(  959): updating state; isCurrentUser=true, mMtpLocked=false
03-10 14:57:03.914 I/ActivityManager(  627): Start proc com.android.cellbroadcastreceiver for broadcast com.android.cellbroadcastreceiver/.CellBroadcastReceiver: pid=2182 uid=10030 gids={50030}
03-10 14:57:03.964 W/art     ( 2182): Failed to find ELF magic in /system/app/CellBroadcastReceiver.odex: dey
03-10 14:57:03.994 D/CellBroadcastReceiver( 2182): onReceive Intent { act=android.intent.action.BOOT_COMPLETED flg=0x8000010 cmp=com.android.cellbroadcastreceiver/.CellBroadcastReceiver (has extras) }
03-10 14:57:03.994 D/CellBroadcastReceiver( 2182): Registering for ServiceState updates
03-10 14:57:03.994 D/CellBroadcastReceiver( 2182): Service state changed! 0 Full: 0 0 home Saunalahti Saunalahti 24405  UMTS HSPAP CSS not supported -1 -1 RoamInd=-1 DefRoamInd=-1 EmergOnly=false
03-10 14:57:04.024 I/ActivityManager(  627): Start proc com.google.android.deskclock for broadcast com.google.android.deskclock/com.android.deskclock.AlarmInitReceiver: pid=2200 uid=10034 gids={50034, 1028}
03-10 14:57:04.064 D/CellBroadcastConfigService( 2182): enabling emergency cell broadcast channels
03-10 14:57:04.064 D/Tethering(  627): MasterInitialState.processMessage what=3
03-10 14:57:04.064 D/CaptivePortalTracker(  627): NoActiveNetworkState{ when=0 what=1 obj=NetworkInfo: type: mobile_hipri[HSPA+], state: DISCONNECTED/DISCONNECTED, reason: dataDisabled, extra: internet.saunalahti, roaming: false, failover: false, isAvailable: true, isConnectedToProvisioningNetwork: false target=com.android.internal.util.StateMachine$SmHandler }
03-10 14:57:04.064 D/CaptivePortalTracker(  627): NoActiveNetworkState not a wifi connectivity change, ignore
03-10 14:57:04.064 D/Tethering(  627): MasterInitialState.processMessage what=3
03-10 14:57:04.064 D/CaptivePortalTracker(  627): NoActiveNetworkState{ when=0 what=1 obj=NetworkInfo: type: mobile[HSPA+], state: CONNECTED/CONNECTED, reason: connected, extra: internet.saunalahti, roaming: false, failover: false, isAvailable: true, isConnectedToProvisioningNetwork: false target=com.android.internal.util.StateMachine$SmHandler }
03-10 14:57:04.064 D/CaptivePortalTracker(  627): NoActiveNetworkState not a wifi connectivity change, ignore
03-10 14:57:04.084 D/IccSmsInterfaceManager( 1027): [IccSmsInterfaceManager] enableGsmBroadcastRange
03-10 14:57:04.084 D/IccSmsInterfaceManager( 1027): [IccSmsInterfaceManager] Calling setGsmBroadcastConfig with 1 configurations
03-10 14:57:04.184 W/art     ( 2200): Failed to find ELF magic in /system/app/DeskClockGoogle.odex: dey
03-10 14:57:04.234 V/AlarmClock( 2200): AlarmInitReceiver android.intent.action.BOOT_COMPLETED
03-10 14:57:04.254 V/AlarmClock( 2200): AlarmInitReceiver - Reset timers and clear stopwatch data
03-10 14:57:04.294 I/AlarmClock( 2200): Displaying next alarm time: ''
03-10 14:57:04.294 V/AlarmClock( 2200): AlarmInitReceiver finished
03-10 14:57:04.294 I/ActivityManager(  627): Delay finish: com.google.android.deskclock/com.android.deskclock.AlarmInitReceiver
03-10 14:57:04.374 D/IccSmsInterfaceManager( 1027): [IccSmsInterfaceManager] Added cell broadcast subscription for MID range 4352 to 4354 from client com.android.cellbroadcastreceiver
03-10 14:57:04.374 D/IccSmsInterfaceManager( 1027): [IccSmsInterfaceManager] Calling setCellBroadcastActivation(true)
03-10 14:57:04.374 D/IccSmsInterfaceManager( 1027): [IccSmsInterfaceManager] enableGsmBroadcastRange
03-10 14:57:04.374 D/IccSmsInterfaceManager( 1027): [IccSmsInterfaceManager] Calling setGsmBroadcastConfig with 2 configurations
03-10 14:57:04.634 D/IccSmsInterfaceManager( 1027): [IccSmsInterfaceManager] Added cell broadcast subscription for MID range 4356 to 4356 from client com.android.cellbroadcastreceiver
03-10 14:57:04.634 D/IccSmsInterfaceManager( 1027): [IccSmsInterfaceManager] Calling setCellBroadcastActivation(true)
03-10 14:57:04.634 D/IccSmsInterfaceManager( 1027): [IccSmsInterfaceManager] enableGsmBroadcastRange
03-10 14:57:04.634 D/IccSmsInterfaceManager( 1027): [IccSmsInterfaceManager] Calling setGsmBroadcastConfig with 3 configurations
03-10 14:57:04.804 I/art     (  627): Heap trim of managed (duration=16.731979ms, advised=4MB) and native (duration=2.259739ms, advised=1008KB) heaps. Managed heap utilization of 63%.
03-10 14:57:04.894 D/IccSmsInterfaceManager( 1027): [IccSmsInterfaceManager] Added cell broadcast subscription for MID range 4371 to 4372 from client com.android.cellbroadcastreceiver
03-10 14:57:04.894 D/IccSmsInterfaceManager( 1027): [IccSmsInterfaceManager] Calling setCellBroadcastActivation(true)
03-10 14:57:04.904 D/IccSmsInterfaceManager( 1027): [IccSmsInterfaceManager] enableGsmBroadcastRange
03-10 14:57:04.904 D/IccSmsInterfaceManager( 1027): [IccSmsInterfaceManager] Calling setGsmBroadcastConfig with 4 configurations
03-10 14:57:05.164 D/IccSmsInterfaceManager( 1027): [IccSmsInterfaceManager] Added cell broadcast subscription for MID range 4373 to 4378 from client com.android.cellbroadcastreceiver
03-10 14:57:05.164 D/IccSmsInterfaceManager( 1027): [IccSmsInterfaceManager] Calling setCellBroadcastActivation(true)
03-10 14:57:05.164 D/IccSmsInterfaceManager( 1027): [IccSmsInterfaceManager] enableGsmBroadcastRange
03-10 14:57:05.164 D/IccSmsInterfaceManager( 1027): [IccSmsInterfaceManager] Calling setGsmBroadcastConfig with 4 configurations
03-10 14:57:05.424 D/IccSmsInterfaceManager( 1027): [IccSmsInterfaceManager] Added cell broadcast subscription for MID range 4379 to 4379 from client com.android.cellbroadcastreceiver
03-10 14:57:05.424 D/IccSmsInterfaceManager( 1027): [IccSmsInterfaceManager] Calling setCellBroadcastActivation(true)
03-10 14:57:05.434 D/IccSmsInterfaceManager( 1027): [IccSmsInterfaceManager] enableGsmBroadcastRange
03-10 14:57:05.434 D/IccSmsInterfaceManager( 1027): [IccSmsInterfaceManager] Calling setGsmBroadcastConfig with 4 configurations
03-10 14:57:05.694 D/IccSmsInterfaceManager( 1027): [IccSmsInterfaceManager] Added cell broadcast subscription for MID range 4370 to 4370 from client com.android.cellbroadcastreceiver
03-10 14:57:05.694 D/IccSmsInterfaceManager( 1027): [IccSmsInterfaceManager] Calling setCellBroadcastActivation(true)
03-10 14:57:05.694 D/CellBroadcastConfigService( 2182): enabled emergency cell broadcast channels
03-10 14:57:05.694 D/CellBroadcastConfigService( 2182): disabling cell broadcast channel 50
03-10 14:57:05.694 D/IccSmsInterfaceManager( 1027): [IccSmsInterfaceManager] disableGsmBroadcastRange
03-10 14:57:05.694 D/IccSmsInterfaceManager( 1027): [IccSmsInterfaceManager] Failed to remove cell broadcast subscription for MID range 50 to 50 from client com.android.cellbroadcastreceiver
03-10 14:57:05.694 D/CellBroadcastConfigService( 2182): disabling channels 919-928
03-10 14:57:05.694 D/IccSmsInterfaceManager( 1027): [IccSmsInterfaceManager] disableGsmBroadcastRange
03-10 14:57:05.694 D/IccSmsInterfaceManager( 1027): [IccSmsInterfaceManager] Failed to remove cell broadcast subscription for MID range 919 to 928 from client com.android.cellbroadcastreceiver
03-10 14:57:05.694 D/CellBroadcastConfigService( 2182): disabling cell broadcast ETWS test messages
03-10 14:57:05.694 D/IccSmsInterfaceManager( 1027): [IccSmsInterfaceManager] disableGsmBroadcastRange
03-10 14:57:05.694 D/IccSmsInterfaceManager( 1027): [IccSmsInterfaceManager] Failed to remove cell broadcast subscription for MID range 4355 to 4355 from client com.android.cellbroadcastreceiver
03-10 14:57:05.694 D/CellBroadcastConfigService( 2182): disabling cell broadcast CMAS test messages
03-10 14:57:05.704 D/IccSmsInterfaceManager( 1027): [IccSmsInterfaceManager] disableGsmBroadcastRange
03-10 14:57:05.704 D/IccSmsInterfaceManager( 1027): [IccSmsInterfaceManager] Failed to remove cell broadcast subscription for MID range 4380 to 4382 from client com.android.cellbroadcastreceiver
03-10 14:57:05.704 I/ActivityManager(  627): Resuming delayed broadcast
03-10 14:57:05.724 I/ActivityManager(  627): Start proc com.google.android.email for broadcast com.google.android.email/com.android.email.service.EmailBroadcastReceiver: pid=2242 uid=10037 gids={50037, 3003, 1028, 1015}
03-10 14:57:05.774 W/art     ( 2242): Failed to find ELF magic in /system/app/EmailGoogle.odex: dey
03-10 14:57:05.894 D/ActivityThread( 2242): Loading provider com.google.android.email.provider;com.google.android.email.notifier: com.android.email.provider.EmailProvider
03-10 14:57:05.974 D/ActivityThread( 2242): Loading provider com.google.android.email.provider;com.google.android.email.notifier: com.android.email.provider.EmailProvider
03-10 14:57:05.994 I/ActivityManager(  627): Delay finish: com.google.android.email/com.android.email.service.EmailBroadcastReceiver
03-10 14:57:05.994 D/ConnectivityService(  627): [CheckMp] isMobileOk: X result=1
03-10 14:57:05.994 D/ConnectivityService(  627): [CheckMp] onPostExecute: result=1
03-10 14:57:05.994 D/ConnectivityService(  627): CheckMp.onComplete: result=1
03-10 14:57:05.994 D/ConnectivityService(  627): CheckMp.onComplete: ignore, connected or no connection
03-10 14:57:06.094 I/ActivityManager(  627): Delaying start of: ServiceRecord{66488b88 u0 com.google.android.exchange/com.android.exchange.service.EmailSyncAdapterService}
03-10 14:57:06.114 W/art     (  182): Could not get current activity
03-10 14:57:06.124 I/ActivityManager(  627): Start proc com.google.android.exchange for service com.google.android.exchange/com.android.exchange.service.EmailSyncAdapterService: pid=2267 uid=10038 gids={50038, 3003, 1028, 1015}
03-10 14:57:06.124 I/ActivityManager(  627): Killing 1006:android.process.acore/u0a3 (adj 15): empty #17
03-10 14:57:06.124 W/ActivityManager(  627): Unable to start service Intent { cmp=com.google.android.email/com.android.email.service.AttachmentDownloadService } U=0: not found
03-10 14:57:06.124 W/ActivityManager(  627): Unable to start service Intent { cmp=com.google.android.email/com.android.email.service.AttachmentDownloadService } U=0: not found
03-10 14:57:06.124 W/ActivityManager(  627): Unable to start service Intent { cmp=com.google.android.email/com.android.email.service.AttachmentDownloadService } U=0: not found
03-10 14:57:06.144 I/Email   ( 2242): Observing account changes for notifications
03-10 14:57:06.164 W/art     ( 2267): Failed to find ELF magic in /system/app/Exchange2Google.odex: dey
03-10 14:57:06.304 I/ActivityManager(  627): Resuming delayed broadcast
03-10 14:57:06.324 I/ActivityManager(  627): Start proc com.google.android.apps.genie.geniewidget for broadcast com.google.android.apps.genie.geniewidget/.miniwidget.MiniWidgetProvider: pid=2286 uid=10041 gids={50041, 3003, 1028, 1015}
03-10 14:57:06.334 I/ActivityManager(  627): Killing 1389:com.google.android.keep/u0a53 (adj 15): empty #17
03-10 14:57:06.374 W/art     ( 2286): Failed to find ELF magic in /system/app/GenieWidget.odex: dey
03-10 14:57:06.454 I/System.out( 2286): [INFO:14]: LogSource: Logging disabled
03-10 14:57:06.454 W/Genie   ( 2286): Cache file not found: java.io.FileNotFoundException: /data/data/com.google.android.apps.genie.geniewidget/cache/genie_masfcache: open failed: ENOENT (No such file or directory)
03-10 14:57:06.454 W/Genie   ( 2286): Cache file not found: java.io.FileNotFoundException: /data/data/com.google.android.apps.genie.geniewidget/cache/genie_iconcache: open failed: ENOENT (No such file or directory)
03-10 14:57:06.454 I/Genie   ( 2286): MiniWidgetModel()
03-10 14:57:06.514 V/Genie   ( 2286): onReceive: intent action=android.intent.action.BOOT_COMPLETED
03-10 14:57:06.514 I/Genie   ( 2286): ignoring BOOT_COMPLETE since app has never been started
03-10 14:57:06.514 I/ActivityManager(  627): Killing 1413:com.google.android.apps.magazines/u0a57 (adj 15): empty #17
03-10 14:57:06.514 I/ActivityManager(  627): Delay finish: com.google.android.syncadapters.contacts/.ContactsSyncAdapterBroadcastReceiver
03-10 14:57:06.554 I/ActivityManager(  627): Start proc android.process.acore for content provider com.android.providers.contacts/.ContactsProvider2: pid=2310 uid=10003 gids={50003, 3003, 1028, 1015}
03-10 14:57:06.614 W/art     ( 2310): Failed to find ELF magic in /system/priv-app/ContactsProvider.odex: dey
03-10 14:57:06.624 D/MobileDataStateTracker(  627): default: Broadcast received: android.intent.action.ANY_DATA_STATE apnType=default
03-10 14:57:06.634 D/MobileDataStateTracker(  627): default: Received state=CONNECTED, old=CONNECTED, reason=(unspecified)
03-10 14:57:06.684 W/art     ( 2310): Failed to find ELF magic in /system/app/UserDictionaryProvider.odex: dey
03-10 14:57:06.864 I/ContactLocale( 2310): AddressBook Labels [en_IN]: [, A, B, C, D, E, F, G, H, I, J, K, L, M, N, O, P, Q, R, S, T, U, V, W, X, Y, Z, , , , , , , , , , , , , , , , , , , , , , , , , , , , , , , , , , , , , , , , , , , , , , , , , , , , , , , , , , , , , , , , , , , , , , , , , , , , , , , , , , , , , , , , , , , , , , , , , , , , , , , , , , , , , , , , , , , , , , , , , , , , , , , , , , , , , , , , , , , , , , , , , , , , , , , , , , , , , , , , , , , , , , , , , , , , , , , , , , , , , , #, ]
03-10 14:57:06.954 I/ActivityManager(  627): Killing 1358:com.android.settings/1000 (adj 15): empty #17
03-10 14:57:06.994 I/LauncherIconVisibilityManager(  977): Boot has been completed
03-10 14:57:06.994 I/LauncherIconVisibilityManager(  977): Activity has already been disabled: ComponentInfo{com.google.android.inputmethod.latin/com.android.inputmethod.latin.setup.SetupActivity}
03-10 14:57:06.994 I/ActivityManager(  627): Resuming delayed broadcast
03-10 14:57:07.034 I/ActivityManager(  627): Start proc com.lge.SprintHiddenMenu for broadcast com.lge.SprintHiddenMenu/.sprintspec.data.UaproflieSettingReceiver: pid=2359 uid=1000 gids={41000, 1028, 1015, 3002, 3001, 3003}
03-10 14:57:07.074 W/art     ( 2359): Failed to find ELF magic in /system/framework/qcrilhook.odex: dey
03-10 14:57:07.084 I/ActivityManager(  627): Killing 1105:com.android.printspooler/u0a66 (adj 15): empty #17
03-10 14:57:07.094 W/art     ( 1027): Failed to find ELF magic in /system/app/Stk.odex: dey
03-10 14:57:07.124 I/ActivityManager(  627): Start proc com.qualcomm.qcrilmsgtunnel for broadcast com.qualcomm.qcrilmsgtunnel/.QcrilMsgTunnelAutoboot: pid=2377 uid=1001 gids={41001, 3002, 3001, 3003, 2001, 1028, 1015}
03-10 14:57:07.154 W/art     ( 2377): Failed to find ELF magic in /system/app/qcrilmsgtunnel.odex: dey
03-10 14:57:07.164 D/QcrilMsgTunnelAutoboot( 2377): ComponentInfo{com.qualcomm.qcrilmsgtunnel/com.qualcomm.qcrilmsgtunnel.QcrilMsgTunnelService} started successfully
03-10 14:57:07.164 D/QcrilMsgTunnelService( 2377): onCreate method
03-10 14:57:07.164 D/QcrilMsgTunnelIfaceManager( 2377): : Instantiated
03-10 14:57:07.164 I/ActivityManager(  627): Delay finish: com.qualcomm.qcrilmsgtunnel/.QcrilMsgTunnelAutoboot
03-10 14:57:07.174 V/QcrilMsgTunnelSocket( 2377): Starting QcRilReceiver
03-10 14:57:07.174 D/QcrilMsgTunnelIfaceManager( 2377):  Registered for UNSOL OEM HOOK Responses to deliver external apps
03-10 14:57:07.174 D/QcrilMsgTunnelSocket( 2377): Connecting to socket android.net.LocalSocket@6554bde0 impl:android.net.LocalSocketImpl@6554be08 fd:FileDescriptor[28]
03-10 14:57:07.174 I/QcrilMsgTunnelSocket( 2377): Connected to 'qmux_radio/rild_oem0' socket
03-10 14:57:07.174 V/QcrilMsgTunnelSocket( 2377): Before reading offset = 0 remaining = 4 countRead = 0
03-10 14:57:08.014 V/QcrilMsgTunnelSocket( 2377): After reading offset = 0 remaining = 4 countRead = 4
03-10 14:57:08.014 D/QcrilMsgTunnelSocket( 2377): messageLength extracted from first 4 inputStream reads = 29
03-10 14:57:08.014 V/QcrilMsgTunnelSocket( 2377): offset = 0 remaining = 29 countRead = 0
03-10 14:57:08.034 V/QcrilMsgTunnelSocket( 2377): offset = 0 remaining = 29 countRead = 29
03-10 14:57:08.034 D/QcrilMsgTunnelSocket( 2377): readRilMessage: Buffer = [B@65549b50 HexData = [0100000004040000110000005155414c434f4d4def0308000100000002]
03-10 14:57:08.034 V/QcrilMsgTunnelSocket( 2377): Read packet: 29 bytes. Data Available = 32 Position = 0
03-10 14:57:08.034 D/QcrilMsgTunnelSocket( 2377): processResponse. message type = 1. Data Available = 28
03-10 14:57:08.034 D/QcrilMsgTunnelSocket( 2377): ByteArray from parcel = 5155414c434f4d4def0308000100000002
03-10 14:57:08.034 D/QcrilMsgTunnelSocket( 2377): Received RIL_UNSOL_OEM_HOOK_RAW message
03-10 14:57:08.034 D/QcrilMsgTunnelSocket( 2377): Oem ID in RIL_UNSOL_OEM_HOOK_RAW is QUALCOMM
03-10 14:57:08.034 D/QcrilMsgTunnelSocket( 2377): OEM ID check Passed
03-10 14:57:08.034 D/QcrilMsgTunnelSocket( 2377): Response ID in RIL_UNSOL_OEM_HOOK_RAW is 525295
03-10 14:57:08.034 D/QcrilMsgTunnelSocket( 2377): Response ID 525295is not served in this process.
03-10 14:57:08.034 D/QcrilMsgTunnelSocket( 2377): To broadcast an Intent via the notifier to external apps
03-10 14:57:08.044 V/QcrilMsgTunnelSocket( 2377): Before reading offset = 0 remaining = 4 countRead = 0
03-10 14:57:08.044 D/QcrilMsgTunnelIfaceManager( 2377): handleMessage what=0
03-10 14:57:08.044 D/QcrilMsgTunnelIfaceManager( 2377): Broadcasting intent ACTION_UNSOL_RESPONSE_OEM_HOOK_RAW
03-10 14:57:09.654 I/ActivityManager(  627): Waited long enough for: ServiceRecord{659c3130 u0 com.facebook.orca/com.facebook.push.mqtt.MqttPushService}
03-10 14:57:09.654 I/ActivityManager(  627): Resuming delayed broadcast
03-10 14:57:09.694 W/art     (  182): Could not get current activity
03-10 14:57:09.704 I/ActivityManager(  627): Start proc com.android.vending for broadcast com.android.vending/com.google.android.finsky.receivers.BootCompletedReceiver: pid=2407 uid=10015 gids={50015, 3003, 1028, 1015}
03-10 14:57:09.974 D/Finsky  ( 2407): [1] FinskyApp.onCreate: Initializing network with DFE https://android.clients.google.com/fdfe/
03-10 14:57:10.054 D/Finsky  ( 2407): [1] DailyHygiene.goMakeHygieneIfDirty: No need to run daily hygiene.
03-10 14:57:10.084 W/Settings( 2407): Setting download_manager_max_bytes_over_mobile has moved from android.provider.Settings.Secure to android.provider.Settings.Global.
03-10 14:57:10.094 W/Settings( 2407): Setting download_manager_recommended_max_bytes_over_mobile has moved from android.provider.Settings.Secure to android.provider.Settings.Global.
03-10 14:57:10.154 D/Volley  ( 2407): [196] DiskBasedCache.clear: Cache cleared.
03-10 14:57:10.154 D/Volley  ( 2407): [200] DiskBasedCache.clear: Cache cleared.
03-10 14:57:10.164 I/ActivityManager(  627): Delay finish: com.android.vending/com.google.android.finsky.receivers.BootCompletedReceiver
03-10 14:57:10.164 I/ActivityManager(  627): Resuming delayed broadcast
03-10 14:57:10.204 I/ActivityManager(  627): Start proc com.google.android.keep for broadcast com.google.android.keep/.notification.AlertReceiver: pid=2445 uid=10053 gids={50053, 3003, 1028, 1015}
03-10 14:57:10.204 I/ActivityManager(  627): Killing 1557:com.facebook.katana:dash_service/u0a95 (adj 15): empty #17
03-10 14:57:10.234 D/Finsky  ( 2407): [1] GmsCoreHelper.cleanupNlp: result=false type=4
03-10 14:57:10.304 D/Finsky  ( 2407): [1] 2.run: Loaded library for account: [h8oDSybNDDZzpp4iys_x3qq36Xs]
03-10 14:57:10.304 D/Finsky  ( 2407): [1] 2.run: Finished loading 1 libraries.
03-10 14:57:10.314 D/Finsky  ( 2407): [1] RestoreTracker.stopServiceIfDone: Restore complete with 0 success and 0 failed.
03-10 14:57:10.324 E/KeepSync( 2445): Try to add invalid account
03-10 14:57:10.324 E/KeepSync( 2445): Try to force sync on a null account
03-10 14:57:10.324 E/KeepSync( 2445): Try to add invalid account
03-10 14:57:10.324 E/KeepSync( 2445): Try to force sync on a null account
03-10 14:57:10.324 E/KeepSync( 2445): Try to add invalid account
03-10 14:57:10.324 E/KeepSync( 2445): Try to force sync on a null account
03-10 14:57:10.424 I/ActivityManager(  627): Delay finish: com.google.android.keep/.notification.AlertReceiver
03-10 14:57:10.434 V/KeepAlert( 2445): Action android.intent.action.BOOT_COMPLETED
03-10 14:57:10.484 I/ActivityManager(  627): Resuming delayed broadcast
03-10 14:57:10.514 I/ActivityManager(  627): Start proc com.google.android.talk for broadcast com.google.android.talk/com.google.android.apps.babel.service.BootReceiver: pid=2492 uid=10052 gids={50052, 3003, 1028, 1015, 3002}
03-10 14:57:10.514 I/ActivityManager(  627): Killing 1479:com.google.android.calendar/u0a29 (adj 15): empty #17
03-10 14:57:10.564 W/art     ( 2492): Failed to find ELF magic in /system/framework/com.google.android.media.effects.odex: dey
03-10 14:57:10.804 I/MmsConfig( 2492): MmsConfig.init: mnc/mcc: 244/21
03-10 14:57:10.814 I/Babel   ( 2492): ### loadDeviceMmsSettings from API: mUserAgent=Nexus5, mUaProfUrl=http://gsm.lge.com/html/gsm/Nexus5-M3.xml
03-10 14:57:10.814 V/MmsConfig( 2492): tag: bool value: enabledMMS - true
03-10 14:57:10.814 V/MmsConfig( 2492): tag: int value: maxMessageSize - 307200
03-10 14:57:10.814 V/MmsConfig( 2492): tag: int value: maxImageHeight - 480
03-10 14:57:10.814 V/MmsConfig( 2492): tag: int value: maxImageWidth - 640
03-10 14:57:10.814 V/MmsConfig( 2492): tag: int value: recipientLimit - -1
03-10 14:57:10.814 V/MmsConfig( 2492): tag: bool value: enableMultipartSMS - true
03-10 14:57:10.814 V/MmsConfig( 2492): tag: int value: smsToMmsTextThreshold - -1
03-10 14:57:10.814 V/MmsConfig( 2492): tag: int value: maxMessageTextSize - -1
03-10 14:57:10.814 I/Babel   ( 2492): ### loadMmsSettings: mUserAgent=Nexus5, mUaProfUrl=http://gsm.lge.com/html/gsm/Nexus5-M3.xml
03-10 14:57:10.894 I/art     ( 1259): Heap trim of managed (duration=2.916718ms, advised=24KB) and native (duration=1.775469ms, advised=28KB) heaps. Managed heap utilization of 70%.
03-10 14:57:10.914 W/Settings( 2492): Setting airplane_mode_on has moved from android.provider.Settings.System to android.provider.Settings.Global, returning read-only value.
03-10 14:57:10.914 I/art     (  627): Heap trim of managed (duration=18.349167ms, advised=3MB) and native (duration=2.335416ms, advised=1000KB) heaps. Managed heap utilization of 61%.
03-10 14:57:10.974 V/Babel   ( 2492): babel boot account: SMS
03-10 14:57:10.974 V/Babel   ( 2492): babel boot account: nicholas.kariniemi@gmail.com
03-10 14:57:11.004 I/ActivityManager(  627): Start proc com.google.android.youtube for broadcast com.google.android.youtube/com.google.android.apps.youtube.core.transfer.DownloadService$BootReceiver: pid=2525 uid=10073 gids={50073, 3003, 1028, 1015}
03-10 14:57:11.004 I/ActivityManager(  627): Killing 1692:com.google.android.dialer/u0a8 (adj 15): empty #17
03-10 14:57:11.214 D/YouTube ( 2525): apps.youtube.core.utils.bh.a:41 HttpClient.UserAgent: com.google.android.youtube/5.3.32(Linux; U; Android 4.4.2; en_IN; Nexus 5 Build/KOT49H)
03-10 14:57:11.254 D/YouTube ( 2525): apps.youtube.core.utils.bh.a:41 HttpClient.UserAgent: com.google.android.youtube/5.3.32(Linux; U; Android 4.4.2; en_IN; Nexus 5 Build/KOT49H)
03-10 14:57:11.404 V/QcrilMsgTunnelSocket( 2377): After reading offset = 0 remaining = 4 countRead = 4
03-10 14:57:11.404 D/QcrilMsgTunnelSocket( 2377): messageLength extracted from first 4 inputStream reads = 29
03-10 14:57:11.404 V/QcrilMsgTunnelSocket( 2377): offset = 0 remaining = 29 countRead = 0
03-10 14:57:11.404 V/QcrilMsgTunnelSocket( 2377): offset = 0 remaining = 29 countRead = 29
03-10 14:57:11.404 D/QcrilMsgTunnelSocket( 2377): readRilMessage: Buffer = [B@65549b50 HexData = [0100000004040000110000005155414c434f4d4def0308000100000001]
03-10 14:57:11.404 V/QcrilMsgTunnelSocket( 2377): Read packet: 29 bytes. Data Available = 32 Position = 0
03-10 14:57:11.404 D/QcrilMsgTunnelSocket( 2377): processResponse. message type = 1. Data Available = 28
03-10 14:57:11.404 D/QcrilMsgTunnelSocket( 2377): ByteArray from parcel = 5155414c434f4d4def0308000100000001
03-10 14:57:11.404 D/QcrilMsgTunnelSocket( 2377): Received RIL_UNSOL_OEM_HOOK_RAW message
03-10 14:57:11.404 D/QcrilMsgTunnelSocket( 2377): Oem ID in RIL_UNSOL_OEM_HOOK_RAW is QUALCOMM
03-10 14:57:11.404 D/QcrilMsgTunnelSocket( 2377): OEM ID check Passed
03-10 14:57:11.404 D/QcrilMsgTunnelSocket( 2377): Response ID in RIL_UNSOL_OEM_HOOK_RAW is 525295
03-10 14:57:11.404 D/QcrilMsgTunnelSocket( 2377): Response ID 525295is not served in this process.
03-10 14:57:11.404 D/QcrilMsgTunnelSocket( 2377): To broadcast an Intent via the notifier to external apps
03-10 14:57:11.404 V/QcrilMsgTunnelSocket( 2377): Before reading offset = 0 remaining = 4 countRead = 0
03-10 14:57:11.404 V/QcrilMsgTunnelSocket( 2377): After reading offset = 0 remaining = 4 countRead = 4
03-10 14:57:11.404 D/QcrilMsgTunnelSocket( 2377): messageLength extracted from first 4 inputStream reads = 29
03-10 14:57:11.404 V/QcrilMsgTunnelSocket( 2377): offset = 0 remaining = 29 countRead = 0
03-10 14:57:11.404 D/QcrilMsgTunnelIfaceManager( 2377): handleMessage what=0
03-10 14:57:11.404 D/QcrilMsgTunnelIfaceManager( 2377): Broadcasting intent ACTION_UNSOL_RESPONSE_OEM_HOOK_RAW
03-10 14:57:11.404 V/QcrilMsgTunnelSocket( 2377): offset = 0 remaining = 29 countRead = 29
03-10 14:57:11.404 D/QcrilMsgTunnelSocket( 2377): readRilMessage: Buffer = [B@65549b50 HexData = [0100000004040000110000005155414c434f4d4def0308000100000001]
03-10 14:57:11.404 V/QcrilMsgTunnelSocket( 2377): Read packet: 29 bytes. Data Available = 32 Position = 0
03-10 14:57:11.404 D/QcrilMsgTunnelSocket( 2377): processResponse. message type = 1. Data Available = 28
03-10 14:57:11.404 D/QcrilMsgTunnelSocket( 2377): ByteArray from parcel = 5155414c434f4d4def0308000100000001
03-10 14:57:11.404 D/QcrilMsgTunnelSocket( 2377): Received RIL_UNSOL_OEM_HOOK_RAW message
03-10 14:57:11.404 D/QcrilMsgTunnelSocket( 2377): Oem ID in RIL_UNSOL_OEM_HOOK_RAW is QUALCOMM
03-10 14:57:11.404 D/QcrilMsgTunnelSocket( 2377): OEM ID check Passed
03-10 14:57:11.404 D/QcrilMsgTunnelSocket( 2377): Response ID in RIL_UNSOL_OEM_HOOK_RAW is 525295
03-10 14:57:11.404 D/QcrilMsgTunnelSocket( 2377): Response ID 525295is not served in this process.
03-10 14:57:11.404 D/QcrilMsgTunnelSocket( 2377): To broadcast an Intent via the notifier to external apps
03-10 14:57:11.404 V/QcrilMsgTunnelSocket( 2377): Before reading offset = 0 remaining = 4 countRead = 0
03-10 14:57:11.404 V/QcrilMsgTunnelSocket( 2377): After reading offset = 0 remaining = 4 countRead = 4
03-10 14:57:11.404 D/QcrilMsgTunnelSocket( 2377): messageLength extracted from first 4 inputStream reads = 29
03-10 14:57:11.404 V/QcrilMsgTunnelSocket( 2377): offset = 0 remaining = 29 countRead = 0
03-10 14:57:11.404 V/QcrilMsgTunnelSocket( 2377): offset = 0 remaining = 29 countRead = 29
03-10 14:57:11.404 D/QcrilMsgTunnelSocket( 2377): readRilMessage: Buffer = [B@65549b50 HexData = [0100000004040000110000005155414c434f4d4def0308000100000001]
03-10 14:57:11.404 V/QcrilMsgTunnelSocket( 2377): Read packet: 29 bytes. Data Available = 32 Position = 0
03-10 14:57:11.404 D/QcrilMsgTunnelSocket( 2377): processResponse. message type = 1. Data Available = 28
