03-10 14:58:45.904 D/QcrilMsgTunnelSocket( 2377): readRilMessage: Buffer = [B@65549b50 HexData = [0100000004040000110000005155414c434f4d4def0308000100000002]
03-10 14:58:45.904 V/QcrilMsgTunnelSocket( 2377): Read packet: 29 bytes. Data Available = 32 Position = 0
03-10 14:58:45.904 D/QcrilMsgTunnelSocket( 2377): processResponse. message type = 1. Data Available = 28
03-10 14:58:45.904 D/QcrilMsgTunnelSocket( 2377): ByteArray from parcel = 5155414c434f4d4def0308000100000002
03-10 14:58:45.904 D/QcrilMsgTunnelSocket( 2377): Received RIL_UNSOL_OEM_HOOK_RAW message
03-10 14:58:45.914 D/QcrilMsgTunnelSocket( 2377): Oem ID in RIL_UNSOL_OEM_HOOK_RAW is QUALCOMM
03-10 14:58:45.914 D/QcrilMsgTunnelSocket( 2377): OEM ID check Passed
03-10 14:58:45.914 D/QcrilMsgTunnelSocket( 2377): Response ID in RIL_UNSOL_OEM_HOOK_RAW is 525295
03-10 14:58:45.914 D/QcrilMsgTunnelSocket( 2377): Response ID 525295is not served in this process.
03-10 14:58:45.914 D/QcrilMsgTunnelSocket( 2377): To broadcast an Intent via the notifier to external apps
03-10 14:58:45.914 V/QcrilMsgTunnelSocket( 2377): Before reading offset = 0 remaining = 4 countRead = 0
03-10 14:58:45.914 D/QcrilMsgTunnelIfaceManager( 2377): handleMessage what=0
03-10 14:58:45.914 D/QcrilMsgTunnelIfaceManager( 2377): Broadcasting intent ACTION_UNSOL_RESPONSE_OEM_HOOK_RAW
03-10 14:58:46.514 D/MobileDataStateTracker(  627): default: Broadcast received: android.intent.action.ANY_DATA_STATE apnType=default
03-10 14:58:46.514 D/MobileDataStateTracker(  627): default: Received state=CONNECTED, old=CONNECTING, reason=connected
03-10 14:58:46.514 D/MobileDataStateTracker(  627): default: setDetailed state, old =CONNECTING and new state=CONNECTED
03-10 14:58:46.514 D/ConnectivityService(  627): ConnectivityChange for mobile: CONNECTED/CONNECTED
03-10 14:58:46.514 D/ConnectivityService(  627): ConnectivityChange checkMobileProvisioning for TYPE_MOBILE or ProvisioningNetwork
03-10 14:58:46.514 D/ConnectivityService(  627): checkMobileProvisioning: E suggestedTimeOutMs=60000
03-10 14:58:46.514 D/ConnectivityService(  627): setProvNotificationVisible: E visible=false networkType=5 extraInfo=null url=null
03-10 14:58:46.524 D/ConnectivityService(  627): checkMobileProvisioning: params={ url=http://clients3.google.com/generate_204 mTimeOutMs=60000 mCb=com.android.server.ConnectivityService$5@65e41860}
03-10 14:58:46.524 D/ConnectivityService(  627): checkMobileProvisioning: X
03-10 14:58:46.524 D/MobileDataStateTracker(  627): default: isProvisioningNetwork: retVal=false
03-10 14:58:46.524 D/ConnectivityService(  627): [CheckMp] isMobileOk: isDefaultProvisioning=false
03-10 14:58:46.534 D/Nat464Xlat(  627): requiresClat: netType=0, hasIPv4Address=true
03-10 14:58:46.534 D/MobileDataStateTracker(  627): hipri: isProvisioningNetwork: retVal=false
03-10 14:58:46.534 D/ConnectivityService(  627): [CheckMp] isMobileOk: isHipriProvisioning=false
03-10 14:58:46.534 D/ConnectivityService(  627): [CheckMp] isMobileOk: start hipri url=http://clients3.google.com/generate_204
03-10 14:58:46.544 D/ConnectivityService(  627): startUsingNetworkFeature reconnecting to 0: enableHIPRI
03-10 14:58:46.544 D/MobileDataStateTracker(  627): default: setPolicyDataEnable(enabled=true)
03-10 14:58:46.554 D/ConnectivityService(  627): startUsingNetworkFeature X: return APN_REQUEST_STARTED
03-10 14:58:46.554 D/ConnectivityService(  627): [CheckMp] isMobileOk: hipri started
03-10 14:58:46.554 D/ConnectivityService(  627): [CheckMp] isMobileOk: not connected ni=NetworkInfo: type: mobile_hipri[UMTS], state: DISCONNECTED/IDLE, reason: (unspecified), extra: (none), roaming: false, failover: false, isAvailable: true, isConnectedToProvisioningNetwork: false
03-10 14:58:46.564 D/MobileDataStateTracker(  627): hipri: Broadcast received: android.intent.action.ANY_DATA_STATE apnType=hipri
03-10 14:58:46.564 D/MobileDataStateTracker(  627): hipri: Received state=CONNECTING, old=DISCONNECTED, reason=dataEnabled
03-10 14:58:46.564 D/MobileDataStateTracker(  627): hipri: setDetailed state, old =IDLE and new state=CONNECTING
03-10 14:58:46.564 D/MobileDataStateTracker(  627): fota: Broadcast received: android.intent.action.ANY_DATA_STATE apnType=fota
03-10 14:58:46.584 D/MobileDataStateTracker(  627): fota: Received state=DISCONNECTED, old=DISCONNECTED, reason=dataEnabled
03-10 14:58:46.584 D/MobileDataStateTracker(  627): dun: Broadcast received: android.intent.action.ANY_DATA_STATE apnType=dun
03-10 14:58:46.584 D/MobileDataStateTracker(  627): dun: Received state=DISCONNECTED, old=DISCONNECTED, reason=dataEnabled
03-10 14:58:46.584 D/MobileDataStateTracker(  627): ia: Broadcast received: android.intent.action.ANY_DATA_STATE apnType=ia
03-10 14:58:46.594 D/MobileDataStateTracker(  627): ia: Received state=DISCONNECTED, old=DISCONNECTED, reason=dataEnabled
03-10 14:58:46.594 D/MobileDataStateTracker(  627): supl: Broadcast received: android.intent.action.ANY_DATA_STATE apnType=supl
03-10 14:58:46.604 D/MobileDataStateTracker(  627): supl: Received state=DISCONNECTED, old=DISCONNECTED, reason=dataEnabled
03-10 14:58:46.604 D/MobileDataStateTracker(  627): ims: Broadcast received: android.intent.action.ANY_DATA_STATE apnType=ims
03-10 14:58:46.614 D/MobileDataStateTracker(  627): ims: Received state=DISCONNECTED, old=DISCONNECTED, reason=dataEnabled
03-10 14:58:46.614 D/MobileDataStateTracker(  627): mms: Broadcast received: android.intent.action.ANY_DATA_STATE apnType=mms
03-10 14:58:46.614 D/MobileDataStateTracker(  627): mms: Received state=DISCONNECTED, old=DISCONNECTED, reason=dataEnabled
03-10 14:58:46.614 D/MobileDataStateTracker(  627): cbs: Broadcast received: android.intent.action.ANY_DATA_STATE apnType=cbs
03-10 14:58:46.614 D/MobileDataStateTracker(  627): cbs: Received state=DISCONNECTED, old=DISCONNECTED, reason=dataEnabled
03-10 14:58:46.614 D/MobileDataStateTracker(  627): hipri: Broadcast received: android.intent.action.ANY_DATA_STATE apnType=hipri
03-10 14:58:46.614 D/MobileDataStateTracker(  627): hipri: Received state=CONNECTED, old=CONNECTING, reason=dataEnabled
03-10 14:58:46.614 D/MobileDataStateTracker(  627): hipri: setDetailed state, old =CONNECTING and new state=CONNECTED
03-10 14:58:46.614 D/ConnectivityService(  627): ConnectivityChange for mobile_hipri: CONNECTED/CONNECTED
03-10 14:58:46.624 I/CheckinService( 1259): Preparing to send checkin request
03-10 14:58:46.624 I/EventLogService( 1259): Accumulating logs since 1394456242006
03-10 14:58:46.644 W/art     ( 4255): Thread[13,tid=4291,Native,Thread*=0x4aed8d10,peer=0x658c1d88,"Thread-456"] attached without supplying a name
03-10 14:58:46.644 W/art     ( 4255): Thread[13,tid=4291,Native,Thread*=0x4aee2860,peer=0x658c2028,"Thread-457"] attached without supplying a name
03-10 14:58:46.644 W/art     ( 4255): Thread[13,tid=4291,Native,Thread*=0x4aed8d10,peer=0x658c2288,"Thread-458"] attached without supplying a name
03-10 14:58:46.654 W/art     ( 4255): Thread[13,tid=4291,Native,Thread*=0x4aee2860,peer=0x658c24e8,"Thread-459"] attached without supplying a name
03-10 14:58:46.654 W/art     ( 4255): Thread[13,tid=4291,Native,Thread*=0x4aed8d10,peer=0x658c2748,"Thread-460"] attached without supplying a name
03-10 14:58:46.664 D/AndroidRuntime( 4619): 
03-10 14:58:46.664 D/AndroidRuntime( 4619): >>>>>> AndroidRuntime START com.android.internal.os.RuntimeInit <<<<<<
03-10 14:58:46.664 D/AndroidRuntime( 4619): CheckJNI is OFF
03-10 14:58:46.664 E/art     ( 4619): Unrecognized option -XX:mainThreadStackSize=24K
03-10 14:58:46.664 W/art     ( 4619): Ignoring unknown -Xgc option: precise
03-10 14:58:46.684 W/GLSUser ( 1259): GoogleAccountDataService.getToken()
03-10 14:58:46.704 W/art     ( 4619): Failed to find ELF magic in /system/framework/am.odex: dey
03-10 14:58:46.704 I/CheckinTask( 1259): Sending checkin request (2404 bytes)
03-10 14:58:46.714 D/Nat464Xlat(  627): requiresClat: netType=5, hasIPv4Address=true
03-10 14:58:46.714 D/MobileDataStateTracker(  627): default: setPolicyDataEnable(enabled=true)
03-10 14:58:46.714 D/MobileDataStateTracker(  627): default: setPolicyDataEnable(enabled=true)
03-10 14:58:46.724 W/NetworkPolicy(  627): shared quota unsupported; generating rule for each iface
03-10 14:58:46.754 W/art     ( 4619): JNI RegisterNativeMethods: attempt to register 0 native methods for android.content.res.Configuration
03-10 14:58:46.764 D/AndroidRuntime( 4619): Calling main entry com.android.commands.am.Am
03-10 14:58:46.764 I/ActivityManager(  627): START u0 {flg=0x10000000 cmp=com.android.helloworldminimal/.HelloWorld} from pid 4619
03-10 14:58:46.794 W/ProcessCpuTracker(  627): Skipping unknown process pid 4693
03-10 14:58:46.894 V/QcrilMsgTunnelSocket( 2377): After reading offset = 0 remaining = 4 countRead = 4
03-10 14:58:46.894 D/QcrilMsgTunnelSocket( 2377): messageLength extracted from first 4 inputStream reads = 29
03-10 14:58:46.894 V/QcrilMsgTunnelSocket( 2377): offset = 0 remaining = 29 countRead = 0
03-10 14:58:46.894 V/QcrilMsgTunnelSocket( 2377): offset = 0 remaining = 29 countRead = 29
03-10 14:58:46.894 D/QcrilMsgTunnelSocket( 2377): readRilMessage: Buffer = [B@65549b50 HexData = [0100000004040000110000005155414c434f4d4def0308000100000002]
03-10 14:58:46.894 V/QcrilMsgTunnelSocket( 2377): Read packet: 29 bytes. Data Available = 32 Position = 0
03-10 14:58:46.894 D/QcrilMsgTunnelSocket( 2377): processResponse. message type = 1. Data Available = 28
03-10 14:58:46.894 D/QcrilMsgTunnelSocket( 2377): ByteArray from parcel = 5155414c434f4d4def0308000100000002
03-10 14:58:46.894 D/QcrilMsgTunnelSocket( 2377): Received RIL_UNSOL_OEM_HOOK_RAW message
03-10 14:58:46.894 D/QcrilMsgTunnelSocket( 2377): Oem ID in RIL_UNSOL_OEM_HOOK_RAW is QUALCOMM
03-10 14:58:46.894 D/QcrilMsgTunnelSocket( 2377): OEM ID check Passed
03-10 14:58:46.894 D/QcrilMsgTunnelSocket( 2377): Response ID in RIL_UNSOL_OEM_HOOK_RAW is 525295
03-10 14:58:46.894 D/QcrilMsgTunnelSocket( 2377): Response ID 525295is not served in this process.
03-10 14:58:46.894 D/QcrilMsgTunnelSocket( 2377): To broadcast an Intent via the notifier to external apps
03-10 14:58:46.894 V/QcrilMsgTunnelSocket( 2377): Before reading offset = 0 remaining = 4 countRead = 0
03-10 14:58:46.894 D/QcrilMsgTunnelIfaceManager( 2377): handleMessage what=0
03-10 14:58:46.894 D/QcrilMsgTunnelIfaceManager( 2377): Broadcasting intent ACTION_UNSOL_RESPONSE_OEM_HOOK_RAW
03-10 14:58:46.944 D/MobileDataStateTracker(  627): default: setPolicyDataEnable(enabled=true)
03-10 14:58:47.064 D/AndroidRuntime( 4619): Shutting down VM
03-10 14:58:47.064 I/WindowManager(  627): Screenshot max retries 4 of Token{65a90480 ActivityRecord{65e053f0 u0 com.google.android.googlequicksearchbox/com.google.android.launcher.GEL t1}} appWin=Window{65d65bf8 u0 com.google.android.googlequicksearchbox/com.google.android.launcher.GEL} drawState=4
03-10 14:58:47.064 W/WindowManager(  627): Screenshot failure taking screenshot for (1080x1920) to layer 21000
03-10 14:58:47.094 W/art     (  182): Could not get current activity
03-10 14:58:47.104 I/ActivityManager(  627): Start proc com.android.helloworldminimal for activity com.android.helloworldminimal/.HelloWorld: pid=4744 uid=10101 gids={50101}
03-10 14:58:47.174 W/ActivityThread( 4143): ClassLoader.loadClass: The class loader returned by Thread.getContextClassLoader() may fail for processes that host multiple applications. You should explicitly specify a context class loader. For example: Thread.setContextClassLoader(getClass().getClassLoader());
03-10 14:58:47.234 I/art     ( 4143): Heap trim of managed (duration=2.341510ms, advised=372KB) and native (duration=1.188229ms, advised=56KB) heaps. Managed heap utilization of 50%.
03-10 14:58:47.244 W/GLSUser ( 1259): GoogleAccountDataService.getToken()
03-10 14:58:47.344 W/GLSUser ( 1259): GoogleAccountDataService.getToken()
03-10 14:58:47.354 I/CheckinTask( 1259): Checkin success: https://android.clients.google.com/checkin (1 requests sent)
03-10 14:58:47.554 D/MobileDataStateTracker(  627): hipri: isProvisioningNetwork: retVal=false
03-10 14:58:47.554 D/ConnectivityService(  627): [CheckMp] isMobileOk: isProvisioningNetwork is false, continue
03-10 14:58:47.664 W/art     ( 4255): Thread[13,tid=4291,Native,Thread*=0x4aed8f20,peer=0x658c29a8,"Thread-461"] attached without supplying a name
03-10 14:58:47.664 W/art     ( 4255): Thread[13,tid=4291,Native,Thread*=0x4aed8f20,peer=0x658c2c48,"Thread-462"] attached without supplying a name
03-10 14:58:47.664 D/ConnectivityService(  627): [CheckMp] isMobileOk: addresses=clients3.google.com/193.229.108.35,clients3.google.com/193.229.108.44,clients3.google.com/193.229.108.25,clients3.google.com/193.229.108.50,clients3.google.com/193.229.108.30,clients3.google.com/193.229.108.29,clients3.google.com/193.229.108.59,clients3.google.com/193.229.108.49,clients3.google.com/193.229.108.20,clients3.google.com/193.229.108.34,clients3.google.com/193.229.108.55,clients3.google.com/193.229.108.39,clients3.google.com/193.229.108.54,clients3.google.com/193.229.108.24,clients3.google.com/193.229.108.45,clients3.google.com/193.229.108.40
03-10 14:58:47.664 D/ConnectivityService(  627): [CheckMp] isMobileOk: linkHasIpv4=true linkHasIpv6=false
03-10 14:58:47.724 D/ConnectivityService(  627): requestRouteToHostAddress ok=true
03-10 14:58:47.724 D/ConnectivityService(  627): [CheckMp] isMobileOk: wait to establish route to hostAddr=clients3.google.com/193.229.108.25
03-10 14:58:49.314 I/Adreno-EGL( 4744): <qeglDrvAPI_eglInitialize:320>: EGL 1.4 QUALCOMM Build: I0404c4692afb8623f95c43aeb6d5e13ed4b30ddbDate: 11/06/13
03-10 14:58:49.344 D/OpenGLRenderer( 4744): Enabling debug mode 0
03-10 14:58:49.384 I/ActivityManager(  627): Displayed com.android.helloworldminimal/.HelloWorld: +2s313ms
03-10 14:58:49.544 D/Tethering(  627): MasterInitialState.processMessage what=3
03-10 14:58:49.544 D/CaptivePortalTracker(  627): NoActiveNetworkState{ when=0 what=1 obj=NetworkInfo: type: mobile[HSPA+], state: CONNECTED/CONNECTED, reason: connected, extra: internet.saunalahti, roaming: false, failover: false, isAvailable: true, isConnectedToProvisioningNetwork: false target=com.android.internal.util.StateMachine$SmHandler }
03-10 14:58:49.544 D/CaptivePortalTracker(  627): NoActiveNetworkState not a wifi connectivity change, ignore
03-10 14:58:49.584 D/MobileConnectivityChangeReceiver( 4009): onReceive Intent { act=android.net.conn.CONNECTIVITY_CHANGE flg=0x4000010 cmp=com.google.android.setupwizard/.MobileConnectivityChangeReceiver (has extras) }
03-10 14:58:49.584 D/MobileConnectivityChangeReceiver( 4009): onReceive CONNECTIVITY_CHANGE networkType=0
03-10 14:58:49.584 D/MobileConnectivityChangeReceiver( 4009): onReceive CONNECTIVITY_CHANGE: checkConnection
03-10 14:58:49.584 D/YouTube ( 4030): apps.youtube.app.prefetch.PrefetchService$DeviceStateReceiver.onReceive:565 Got device state change intent: android.net.conn.CONNECTIVITY_CHANGE
03-10 14:58:49.604 D/GCM     ( 1259): GcmService start Intent { act=android.net.conn.CONNECTIVITY_CHANGE flg=0x4000010 cmp=com.google.android.gms/.gcm.GcmService (has extras) } android.net.conn.CONNECTIVITY_CHANGE
03-10 14:58:49.604 D/YouTube ( 4030): apps.youtube.app.prefetch.PrefetchService.onStartCommand:167 PrefetchService started at 10 Mar 2014 12:58:49 GMT
03-10 14:58:49.604 D/CheckConnectionTask( 4009): doInBackground: url=http://clients3.google.com/generate_204
03-10 14:58:49.604 I/iu.Environment( 3328): update connectivity state; isNetworkMetered? true*, isRoaming? false, isBackgroundDataAllowed? true*
03-10 14:58:49.614 I/widget.provider( 4200): com.devhd.feedly.widget.FeedlyWidgetProvider onReceive: android.net.conn.CONNECTIVITY_CHANGE
03-10 14:58:49.614 D/YouTube ( 4030): apps.youtube.app.prefetch.PrefetchService.p_:245 Download snapshot restored
03-10 14:58:49.624 I/iu.UploadsManager( 3328): num queued entries: 0
03-10 14:58:49.624 D/YouTube ( 4030): apps.youtube.app.prefetch.PrefetchService.onDestroy:215 PrefetchService destroyed at 10 Mar 2014 12:58:49 GMT
03-10 14:58:49.634 I/iu.UploadsManager( 3328): num updated entries: 0
03-10 14:58:49.634 I/iu.SyncManager( 3328): NEXT; no task
03-10 14:58:49.714 D/Tethering(  627): MasterInitialState.processMessage what=3
03-10 14:58:49.714 D/CaptivePortalTracker(  627): NoActiveNetworkState{ when=-1ms what=1 obj=NetworkInfo: type: mobile_hipri[HSPA+], state: CONNECTED/CONNECTED, reason: dataEnabled, extra: internet.saunalahti, roaming: false, failover: false, isAvailable: true, isConnectedToProvisioningNetwork: false target=com.android.internal.util.StateMachine$SmHandler }
03-10 14:58:49.714 D/CaptivePortalTracker(  627): NoActiveNetworkState not a wifi connectivity change, ignore
03-10 14:58:49.734 D/MobileConnectivityChangeReceiver( 4009): onReceive Intent { act=android.net.conn.CONNECTIVITY_CHANGE flg=0x4000010 cmp=com.google.android.setupwizard/.MobileConnectivityChangeReceiver (has extras) }
03-10 14:58:49.734 D/MobileConnectivityChangeReceiver( 4009): onReceive CONNECTIVITY_CHANGE networkType=5
03-10 14:58:49.744 D/YouTube ( 4030): apps.youtube.app.prefetch.PrefetchService$DeviceStateReceiver.onReceive:565 Got device state change intent: android.net.conn.CONNECTIVITY_CHANGE
03-10 14:58:49.754 D/YouTube ( 4030): apps.youtube.app.prefetch.PrefetchService.onStartCommand:167 PrefetchService started at 10 Mar 2014 12:58:49 GMT
03-10 14:58:49.754 D/YouTube ( 4030): apps.youtube.app.prefetch.PrefetchService.p_:245 Download snapshot restored
03-10 14:58:49.754 D/GCM     ( 1259): GcmService start Intent { act=android.net.conn.CONNECTIVITY_CHANGE flg=0x4000010 cmp=com.google.android.gms/.gcm.GcmService (has extras) } android.net.conn.CONNECTIVITY_CHANGE
03-10 14:58:49.764 I/iu.Environment( 3328): update connectivity state; isNetworkMetered? true, isRoaming? false, isBackgroundDataAllowed? true
03-10 14:58:49.764 I/widget.provider( 4200): com.devhd.feedly.widget.FeedlyWidgetProvider onReceive: android.net.conn.CONNECTIVITY_CHANGE
03-10 14:58:49.764 D/YouTube ( 4030): apps.youtube.app.prefetch.PrefetchService.onDestroy:215 PrefetchService destroyed at 10 Mar 2014 12:58:49 GMT
03-10 14:58:49.814 D/CheckConnectionTask( 4009): doInBackground: resultCode=204 retVal=true
03-10 14:58:49.814 D/CheckConnectionTask( 4009): onPostExecute connected=true
03-10 14:58:49.814 D/CheckConnectionTask( 4009): onPostExecute set preference connected=true
03-10 14:58:50.724 D/ConnectivityService(  627): [CheckMp] isMobileOk: newUrl=https://193.229.108.25/generate_204
03-10 14:58:51.184 D/ConnectivityService(  627): [CheckMp] isMobileOk: hostnameVerify retVal=true hostname=193.229.108.25 orgUriHost=clients3.google.com
03-10 14:58:51.264 D/ConnectivityService(  627): [CheckMp] isMobileOk: headers={null=[HTTP/1.1 204 No Content], Connection=[close], Content-Length=[0], Content-Type=[text/html; charset=UTF-8], Date=[Mon, 10 Mar 2014 12:58:51 GMT], Server=[GFE/2.0], X-Android-Received-Millis=[1394456331270], X-Android-Response-Source=[NETWORK 204], X-Android-Selected-Transport=[http/1.1], X-Android-Sent-Millis=[1394456331203]}
03-10 14:58:51.264 D/ConnectivityService(  627): [CheckMp] isMobileOk: X got expected responseCode=204 result=1
03-10 14:58:51.264 D/ConnectivityService(  627): [CheckMp] isMobileOk: F stop hipri
03-10 14:58:51.264 D/MobileDataStateTracker(  627): default: setEnableFailFastMobileData(enabled=0)
03-10 14:58:51.274 D/ConnectivityService(  627): stopUsingNetworkFeature: teardown net 0: enableHIPRI
03-10 14:58:51.284 D/MobileDataStateTracker(  627): hipri: Broadcast received: android.intent.action.ANY_DATA_STATE apnType=hipri
03-10 14:58:51.284 D/MobileDataStateTracker(  627): hipri: Received state=DISCONNECTED, old=CONNECTED, reason=dataDisabled
03-10 14:58:51.284 D/MobileDataStateTracker(  627): hipri: setDetailed state, old =CONNECTED and new state=DISCONNECTED
03-10 14:58:51.284 D/ConnectivityService(  627): ConnectivityChange for mobile_hipri: DISCONNECTED/DISCONNECTED
03-10 14:58:51.394 D/Nat464Xlat(  627): requiresClat: netType=5, hasIPv4Address=true
03-10 14:58:51.404 D/MobileDataStateTracker(  627): default: setPolicyDataEnable(enabled=true)
03-10 14:58:51.594 D/MobileDataStateTracker(  627): default: setPolicyDataEnable(enabled=true)
03-10 14:58:51.734 D/MobileDataStateTracker(  627): default: setPolicyDataEnable(enabled=true)
03-10 14:58:51.734 D/MobileDataStateTracker(  627): default: setPolicyDataEnable(enabled=true)
03-10 14:58:51.784 I/art     (  627): Heap trim of managed (duration=12.162343ms, advised=4MB) and native (duration=1.993281ms, advised=1172KB) heaps. Managed heap utilization of 63%.
03-10 14:58:54.114 I/art     (  627): Heap trim of managed (duration=12.178438ms, advised=4MB) and native (duration=1.848541ms, advised=1188KB) heaps. Managed heap utilization of 64%.
03-10 14:58:54.404 D/Tethering(  627): MasterInitialState.processMessage what=3
03-10 14:58:54.404 D/CaptivePortalTracker(  627): NoActiveNetworkState{ when=0 what=1 obj=NetworkInfo: type: mobile_hipri[HSPA+], state: DISCONNECTED/DISCONNECTED, reason: dataDisabled, extra: internet.saunalahti, roaming: false, failover: false, isAvailable: true, isConnectedToProvisioningNetwork: false target=com.android.internal.util.StateMachine$SmHandler }
03-10 14:58:54.404 D/CaptivePortalTracker(  627): NoActiveNetworkState not a wifi connectivity change, ignore
03-10 14:58:54.414 D/Tethering(  627): MasterInitialState.processMessage what=3
03-10 14:58:54.414 D/CaptivePortalTracker(  627): NoActiveNetworkState{ when=0 what=1 obj=NetworkInfo: type: mobile[HSPA+], state: CONNECTED/CONNECTED, reason: connected, extra: internet.saunalahti, roaming: false, failover: false, isAvailable: true, isConnectedToProvisioningNetwork: false target=com.android.internal.util.StateMachine$SmHandler }
03-10 14:58:54.414 D/CaptivePortalTracker(  627): NoActiveNetworkState not a wifi connectivity change, ignore
03-10 14:58:54.444 D/MobileConnectivityChangeReceiver( 4009): onReceive Intent { act=android.net.conn.CONNECTIVITY_CHANGE flg=0x4000010 cmp=com.google.android.setupwizard/.MobileConnectivityChangeReceiver (has extras) }
03-10 14:58:54.444 D/MobileConnectivityChangeReceiver( 4009): onReceive CONNECTIVITY_CHANGE networkType=5
03-10 14:58:54.444 D/YouTube ( 4030): apps.youtube.app.prefetch.PrefetchService$DeviceStateReceiver.onReceive:565 Got device state change intent: android.net.conn.CONNECTIVITY_CHANGE
03-10 14:58:54.454 D/YouTube ( 4030): apps.youtube.app.prefetch.PrefetchService.onStartCommand:167 PrefetchService started at 10 Mar 2014 12:58:54 GMT
03-10 14:58:54.454 D/GCM     ( 1259): GcmService start Intent { act=android.net.conn.CONNECTIVITY_CHANGE flg=0x4000010 cmp=com.google.android.gms/.gcm.GcmService (has extras) } android.net.conn.CONNECTIVITY_CHANGE
03-10 14:58:54.464 D/YouTube ( 4030): apps.youtube.app.prefetch.PrefetchService.p_:245 Download snapshot restored
03-10 14:58:54.474 D/YouTube ( 4030): apps.youtube.app.prefetch.PrefetchService.onDestroy:215 PrefetchService destroyed at 10 Mar 2014 12:58:54 GMT
03-10 14:58:54.474 I/iu.Environment( 3328): update connectivity state; isNetworkMetered? true, isRoaming? false, isBackgroundDataAllowed? true
03-10 14:58:54.484 I/widget.provider( 4200): com.devhd.feedly.widget.FeedlyWidgetProvider onReceive: android.net.conn.CONNECTIVITY_CHANGE
03-10 14:58:54.534 D/MobileConnectivityChangeReceiver( 4009): onReceive Intent { act=android.net.conn.CONNECTIVITY_CHANGE flg=0x4000010 cmp=com.google.android.setupwizard/.MobileConnectivityChangeReceiver (has extras) }
03-10 14:58:54.534 D/MobileConnectivityChangeReceiver( 4009): onReceive CONNECTIVITY_CHANGE networkType=0
03-10 14:58:54.534 D/MobileConnectivityChangeReceiver( 4009): onReceive CONNECTIVITY_CHANGE: checkConnection
03-10 14:58:54.544 D/CheckConnectionTask( 4009): doInBackground: url=http://clients3.google.com/generate_204
03-10 14:58:54.544 D/YouTube ( 4030): apps.youtube.app.prefetch.PrefetchService$DeviceStateReceiver.onReceive:565 Got device state change intent: android.net.conn.CONNECTIVITY_CHANGE
03-10 14:58:54.544 D/YouTube ( 4030): apps.youtube.app.prefetch.PrefetchService.onStartCommand:167 PrefetchService started at 10 Mar 2014 12:58:54 GMT
03-10 14:58:54.544 D/GCM     ( 1259): GcmService start Intent { act=android.net.conn.CONNECTIVITY_CHANGE flg=0x4000010 cmp=com.google.android.gms/.gcm.GcmService (has extras) } android.net.conn.CONNECTIVITY_CHANGE
03-10 14:58:54.554 D/YouTube ( 4030): apps.youtube.app.prefetch.PrefetchService.p_:245 Download snapshot restored
03-10 14:58:54.554 I/iu.Environment( 3328): update connectivity state; isNetworkMetered? true, isRoaming? false, isBackgroundDataAllowed? true
03-10 14:58:54.554 D/YouTube ( 4030): apps.youtube.app.prefetch.PrefetchService.onDestroy:215 PrefetchService destroyed at 10 Mar 2014 12:58:54 GMT
03-10 14:58:54.554 I/widget.provider( 4200): com.devhd.feedly.widget.FeedlyWidgetProvider onReceive: android.net.conn.CONNECTIVITY_CHANGE
03-10 14:58:54.574 D/CheckConnectionTask( 4009): doInBackground: resultCode=204 retVal=true
03-10 14:58:54.574 D/CheckConnectionTask( 4009): onPostExecute connected=true
03-10 14:58:54.574 D/CheckConnectionTask( 4009): onPostExecute set preference connected=true
03-10 14:58:56.354 D/ConnectivityService(  627): [CheckMp] isMobileOk: X result=1
03-10 14:58:56.354 D/ConnectivityService(  627): [CheckMp] onPostExecute: result=1
03-10 14:58:56.354 D/ConnectivityService(  627): CheckMp.onComplete: result=1
03-10 14:58:56.354 D/ConnectivityService(  627): CheckMp.onComplete: ignore, connected or no connection
03-10 14:59:03.444 V/QcrilMsgTunnelSocket( 2377): After reading offset = 0 remaining = 4 countRead = 4
03-10 14:59:03.444 D/QcrilMsgTunnelSocket( 2377): messageLength extracted from first 4 inputStream reads = 29
03-10 14:59:03.444 V/QcrilMsgTunnelSocket( 2377): offset = 0 remaining = 29 countRead = 0
03-10 14:59:03.444 V/QcrilMsgTunnelSocket( 2377): offset = 0 remaining = 29 countRead = 29
03-10 14:59:03.444 D/QcrilMsgTunnelSocket( 2377): readRilMessage: Buffer = [B@65549b50 HexData = [0100000004040000110000005155414c434f4d4def0308000100000002]
03-10 14:59:03.444 V/QcrilMsgTunnelSocket( 2377): Read packet: 29 bytes. Data Available = 32 Position = 0
03-10 14:59:03.444 D/QcrilMsgTunnelSocket( 2377): processResponse. message type = 1. Data Available = 28
03-10 14:59:03.444 D/QcrilMsgTunnelSocket( 2377): ByteArray from parcel = 5155414c434f4d4def0308000100000002
03-10 14:59:03.444 D/QcrilMsgTunnelSocket( 2377): Received RIL_UNSOL_OEM_HOOK_RAW message
03-10 14:59:03.455 D/QcrilMsgTunnelSocket( 2377): Oem ID in RIL_UNSOL_OEM_HOOK_RAW is QUALCOMM
03-10 14:59:03.455 D/QcrilMsgTunnelSocket( 2377): OEM ID check Passed
03-10 14:59:03.455 D/QcrilMsgTunnelSocket( 2377): Response ID in RIL_UNSOL_OEM_HOOK_RAW is 525295
03-10 14:59:03.455 D/QcrilMsgTunnelSocket( 2377): Response ID 525295is not served in this process.
03-10 14:59:03.455 D/QcrilMsgTunnelSocket( 2377): To broadcast an Intent via the notifier to external apps
03-10 14:59:03.455 V/QcrilMsgTunnelSocket( 2377): Before reading offset = 0 remaining = 4 countRead = 0
03-10 14:59:03.455 D/QcrilMsgTunnelIfaceManager( 2377): handleMessage what=0
03-10 14:59:03.455 D/QcrilMsgTunnelIfaceManager( 2377): Broadcasting intent ACTION_UNSOL_RESPONSE_OEM_HOOK_RAW
03-10 14:59:03.455 D/AlarmManagerService(  627): Kernel timezone updated to -120 minutes west of GMT
03-10 14:59:03.475 D/MobileDataStateTracker(  627): default: Broadcast received: android.intent.action.ANY_DATA_STATE apnType=default
03-10 14:59:03.475 D/MobileDataStateTracker(  627): default: Received state=CONNECTED, old=CONNECTED, reason=(unspecified)
03-10 14:59:03.544 V/QcrilMsgTunnelSocket( 2377): After reading offset = 0 remaining = 4 countRead = 4
03-10 14:59:03.544 D/QcrilMsgTunnelSocket( 2377): messageLength extracted from first 4 inputStream reads = 29
03-10 14:59:03.544 V/QcrilMsgTunnelSocket( 2377): offset = 0 remaining = 29 countRead = 0
03-10 14:59:03.554 V/QcrilMsgTunnelSocket( 2377): offset = 0 remaining = 29 countRead = 29
03-10 14:59:03.554 D/QcrilMsgTunnelSocket( 2377): readRilMessage: Buffer = [B@65549b50 HexData = [0100000004040000110000005155414c434f4d4def0308000100000002]
03-10 14:59:03.554 V/QcrilMsgTunnelSocket( 2377): Read packet: 29 bytes. Data Available = 32 Position = 0
03-10 14:59:03.554 D/QcrilMsgTunnelSocket( 2377): processResponse. message type = 1. Data Available = 28
03-10 14:59:03.554 D/QcrilMsgTunnelSocket( 2377): ByteArray from parcel = 5155414c434f4d4def0308000100000002
03-10 14:59:03.554 D/QcrilMsgTunnelSocket( 2377): Received RIL_UNSOL_OEM_HOOK_RAW message
03-10 14:59:03.554 D/QcrilMsgTunnelSocket( 2377): Oem ID in RIL_UNSOL_OEM_HOOK_RAW is QUALCOMM
03-10 14:59:03.554 D/QcrilMsgTunnelSocket( 2377): OEM ID check Passed
03-10 14:59:03.554 D/QcrilMsgTunnelSocket( 2377): Response ID in RIL_UNSOL_OEM_HOOK_RAW is 525295
03-10 14:59:03.554 D/QcrilMsgTunnelSocket( 2377): Response ID 525295is not served in this process.
03-10 14:59:03.554 D/QcrilMsgTunnelSocket( 2377): To broadcast an Intent via the notifier to external apps
03-10 14:59:03.554 V/QcrilMsgTunnelSocket( 2377): Before reading offset = 0 remaining = 4 countRead = 0
03-10 14:59:03.574 D/QcrilMsgTunnelIfaceManager( 2377): handleMessage what=0
03-10 14:59:03.574 D/QcrilMsgTunnelIfaceManager( 2377): Broadcasting intent ACTION_UNSOL_RESPONSE_OEM_HOOK_RAW
03-10 14:59:03.574 I/art     (  627): Heap trim of managed (duration=12.264634ms, advised=4MB) and native (duration=3.388386ms, advised=1212KB) heaps. Managed heap utilization of 62%.
03-10 14:59:03.994 V/QcrilMsgTunnelSocket( 2377): After reading offset = 0 remaining = 4 countRead = 4
03-10 14:59:03.994 D/QcrilMsgTunnelSocket( 2377): messageLength extracted from first 4 inputStream reads = 29
03-10 14:59:03.994 V/QcrilMsgTunnelSocket( 2377): offset = 0 remaining = 29 countRead = 0
03-10 14:59:04.034 V/QcrilMsgTunnelSocket( 2377): offset = 0 remaining = 29 countRead = 29
03-10 14:59:04.034 D/QcrilMsgTunnelSocket( 2377): readRilMessage: Buffer = [B@65549b50 HexData = [0100000004040000110000005155414c434f4d4def0308000100000002]
03-10 14:59:04.034 V/QcrilMsgTunnelSocket( 2377): Read packet: 29 bytes. Data Available = 32 Position = 0
03-10 14:59:04.034 D/QcrilMsgTunnelSocket( 2377): processResponse. message type = 1. Data Available = 28
03-10 14:59:04.034 D/QcrilMsgTunnelSocket( 2377): ByteArray from parcel = 5155414c434f4d4def0308000100000002
03-10 14:59:04.034 D/QcrilMsgTunnelSocket( 2377): Received RIL_UNSOL_OEM_HOOK_RAW message
03-10 14:59:04.034 D/QcrilMsgTunnelSocket( 2377): Oem ID in RIL_UNSOL_OEM_HOOK_RAW is QUALCOMM
03-10 14:59:04.034 D/QcrilMsgTunnelSocket( 2377): OEM ID check Passed
03-10 14:59:04.034 D/QcrilMsgTunnelSocket( 2377): Response ID in RIL_UNSOL_OEM_HOOK_RAW is 525295
03-10 14:59:04.034 D/QcrilMsgTunnelSocket( 2377): Response ID 525295is not served in this process.
03-10 14:59:04.034 D/QcrilMsgTunnelSocket( 2377): To broadcast an Intent via the notifier to external apps
03-10 14:59:04.034 D/QcrilMsgTunnelIfaceManager( 2377): handleMessage what=0
03-10 14:59:04.034 D/QcrilMsgTunnelIfaceManager( 2377): Broadcasting intent ACTION_UNSOL_RESPONSE_OEM_HOOK_RAW
03-10 14:59:04.054 V/QcrilMsgTunnelSocket( 2377): Before reading offset = 0 remaining = 4 countRead = 0
03-10 14:59:07.554 D/AndroidRuntime( 4975): 
03-10 14:59:07.554 D/AndroidRuntime( 4975): >>>>>> AndroidRuntime START com.android.internal.os.RuntimeInit <<<<<<
03-10 14:59:07.564 D/AndroidRuntime( 4975): CheckJNI is OFF
03-10 14:59:07.564 E/art     ( 4975): Unrecognized option -XX:mainThreadStackSize=24K
03-10 14:59:07.564 W/art     ( 4975): Ignoring unknown -Xgc option: precise
03-10 14:59:07.594 W/art     ( 4975): Failed to find ELF magic in /system/framework/am.odex: dey
03-10 14:59:07.644 W/art     ( 4975): JNI RegisterNativeMethods: attempt to register 0 native methods for android.content.res.Configuration
03-10 14:59:07.654 D/AndroidRuntime( 4975): Calling main entry com.android.commands.am.Am
03-10 14:59:07.654 I/ActivityManager(  627): Force stopping com.android.helloworldminimal appid=10101 user=0: from pid 4975
03-10 14:59:07.654 I/ActivityManager(  627): Killing 4744:com.android.helloworldminimal/u0a101 (adj 0): stop com.android.helloworldminimal
03-10 14:59:07.654 W/ActivityManager(  627): Force removing ActivityRecord{65e863b0 u0 com.android.helloworldminimal/.HelloWorld t3}: app died, no saved state
03-10 14:59:07.674 W/WindowManager(  627): Rebuild removed 2 windows but added 1
03-10 14:59:07.674 W/WindowManager(  627): java.lang.RuntimeException: here
03-10 14:59:07.674 W/WindowManager(  627): 	at com.android.server.wm.WindowManagerService.rebuildAppWindowListLocked(WindowManagerService.java:8011)
03-10 14:59:07.674 W/WindowManager(  627): 	at com.android.server.wm.WindowManagerService.rebuildAppWindowListLocked(WindowManagerService.java:7947)
03-10 14:59:07.674 W/WindowManager(  627): 	at com.android.server.wm.WindowManagerService.handleAppTransitionReadyLocked(WindowManagerService.java:8430)
03-10 14:59:07.674 W/WindowManager(  627): 	at com.android.server.wm.WindowManagerService.performLayoutAndPlaceSurfacesLockedInner(WindowManagerService.java:9193)
03-10 14:59:07.674 W/WindowManager(  627): 	at com.android.server.wm.WindowManagerService.performLayoutAndPlaceSurfacesLockedLoop(WindowManagerService.java:8163)
03-10 14:59:07.674 W/WindowManager(  627): 	at com.android.server.wm.WindowManagerService.performLayoutAndPlaceSurfacesLocked(WindowManagerService.java:8105)
03-10 14:59:07.674 W/WindowManager(  627): 	at com.android.server.wm.WindowManagerService.executeAppTransition(WindowManagerService.java:3918)
03-10 14:59:07.674 W/WindowManager(  627): 	at com.android.server.am.ActivityStackSupervisor.reportResumedActivityLocked(ActivityStackSupervisor.java:2241)
03-10 14:59:07.674 W/WindowManager(  627): 	at com.android.server.am.ActivityStack.completeResumeLocked(ActivityStack.java:968)
03-10 14:59:07.674 W/WindowManager(  627): 	at com.android.server.am.ActivityStack.resumeTopActivityLocked(ActivityStack.java:1631)
03-10 14:59:07.674 W/WindowManager(  627): 	at com.android.server.am.ActivityStackSupervisor.resumeTopActivitiesLocked(ActivityStackSupervisor.java:2022)
03-10 14:59:07.674 W/WindowManager(  627): 	at com.android.server.am.ActivityStackSupervisor.resumeTopActivitiesLocked(ActivityStackSupervisor.java:2009)
03-10 14:59:07.674 W/WindowManager(  627): 	at com.android.server.am.ActivityManagerService.forceStopPackageLocked(ActivityManagerService.java:4750)
03-10 14:59:07.674 W/WindowManager(  627): 	at com.android.server.am.ActivityManagerService.forceStopPackageLocked(ActivityManagerService.java:4496)
03-10 14:59:07.674 W/WindowManager(  627): 	at com.android.server.am.ActivityManagerService.forceStopPackage(ActivityManagerService.java:4327)
03-10 14:59:07.674 W/WindowManager(  627): 	at android.app.ActivityManagerNative.onTransact(ActivityManagerNative.java:1365)
03-10 14:59:07.674 W/WindowManager(  627): 	at com.android.server.am.ActivityManagerService.onTransact(ActivityManagerService.java:2071)
03-10 14:59:07.674 W/WindowManager(  627): 	at android.os.Binder.execTransact(Binder.java:404)
03-10 14:59:07.674 W/WindowManager(  627): This window was lost: Window{66232a50 u0 com.android.helloworldminimal/com.android.helloworldminimal.HelloWorld}
03-10 14:59:07.674 W/WindowManager(  627): mDisplayId=0 mSession=Session{662584a8 4744:u0a10101} mClient=android.os.BinderProxy@662586d0
03-10 14:59:07.674 W/WindowManager(  627): mOwnerUid=10101 mShowToOwnerOnly=true package=com.android.helloworldminimal appop=NONE
03-10 14:59:07.674 W/WindowManager(  627): mAttrs=WM.LayoutParams{(0,0)(fillxfill) sim=#120 ty=1 fl=#1810100 pfl=0x8 wanim=0x10302f5}
03-10 14:59:07.674 W/WindowManager(  627): Requested w=1080 h=1776 mLayoutSeq=88
03-10 14:59:07.674 W/WindowManager(  627): mBaseLayer=21000 mSubLayer=0 mAnimLayer=21005+0=21005 mLastLayer=0
03-10 14:59:07.674 W/WindowManager(  627): mToken=AppWindowToken{664964d0 token=Token{65e86510 ActivityRecord{65e863b0 u0 com.android.helloworldminimal/.HelloWorld t3}}}
03-10 14:59:07.674 W/WindowManager(  627): mRootToken=AppWindowToken{664964d0 token=Token{65e86510 ActivityRecord{65e863b0 u0 com.android.helloworldminimal/.HelloWorld t3}}}
03-10 14:59:07.674 W/WindowManager(  627): mAppToken=AppWindowToken{664964d0 token=Token{65e86510 ActivityRecord{65e863b0 u0 com.android.helloworldminimal/.HelloWorld t3}}}
03-10 14:59:07.674 W/WindowManager(  627): mViewVisibility=0x0 mHaveFrame=true mObscured=true
03-10 14:59:07.674 W/WindowManager(  627): mSeq=0 mSystemUiVisibility=0x0
03-10 14:59:07.674 W/WindowManager(  627): mPolicyVisibility=false mPolicyVisibilityAfterAnim=false mAppOpVisibility=true mAttachedHidden=false
03-10 14:59:07.674 W/WindowManager(  627): mGivenContentInsets=[0,0][0,0] mGivenVisibleInsets=[0,0][0,0]
03-10 14:59:07.674 W/WindowManager(  627): mConfiguration={1.0 244mcc21mnc en_IN ldltr sw360dp w360dp h567dp 480dpi nrml port finger -keyb/v/h -nav/h s.5}
03-10 14:59:07.674 W/WindowManager(  627): mHasSurface=true mShownFrame=[0.0,0.0][1080.0,1776.0] isReadyForDisplay()=false
03-10 14:59:07.674 W/WindowManager(  627): mFrame=[0,0][1080,1776] last=[0,0][1080,1776]
03-10 14:59:07.674 W/WindowManager(  627): mSystemDecorRect=[0,0][1080,1776] last=[0,0][1080,1776]
03-10 14:59:07.674 W/WindowManager(  627): Frames: containing=[0,0][1080,1776] parent=[0,0][1080,1776]
03-10 14:59:07.674 W/WindowManager(  627):     display=[0,0][1080,1776] overscan=[0,0][1080,1920]
03-10 14:59:07.674 W/WindowManager(  627):     content=[0,75][1080,1776] visible=[0,75][1080,1776]
03-10 14:59:07.674 W/WindowManager(  627):     decor=[0,0][1080,1920]
03-10 14:59:07.674 W/WindowManager(  627): Cur insets: overscan=[0,0][0,0] content=[0,75][0,0] visible=[0,75][0,0]
03-10 14:59:07.674 W/WindowManager(  627): Lst insets: overscan=[0,0][0,0] content=[0,75][0,0] visible=[0,75][0,0]
03-10 14:59:07.674 W/WindowManager(  627): WindowStateAnimator{66232f38 com.android.helloworldminimal/com.android.helloworldminimal.HelloWorld}:
03-10 14:59:07.674 W/WindowManager(  627):   mSurface=Surface(name=com.android.helloworldminimal/com.android.helloworldminimal.HelloWorld)
03-10 14:59:07.674 W/WindowManager(  627):   mDrawState=HAS_DRAWN mLastHidden=true
03-10 14:59:07.674 W/WindowManager(  627):   Surface: shown=false layer=21005 alpha=0.0 rect=(0.0,0.0) 1080.0 x 1776.0
03-10 14:59:07.674 W/WindowManager(  627):   mShownAlpha=1.0 mAlpha=1.0 mLastAlpha=-1.0
03-10 14:59:07.674 W/WindowManager(  627): Current app token list:
03-10 14:59:07.674 V/WindowManager(  627):   Display 0
03-10 14:59:07.674 V/WindowManager(  627):   #0: Token{65a90480 ActivityRecord{65e053f0 u0 com.google.android.googlequicksearchbox/com.google.android.launcher.GEL t1}}
03-10 14:59:07.674 W/WindowManager(  627): Final window list:
03-10 14:59:07.674 V/WindowManager(  627):   #0: Window{65cee3f8 u0 SearchPanel}
03-10 14:59:07.674 V/WindowManager(  627):   #1: Window{65acd528 u0 NavigationBar}
03-10 14:59:07.674 V/WindowManager(  627):   #2: Window{65d4cb80 u0 StatusBar}
03-10 14:59:07.674 V/WindowManager(  627):   #3: Window{65ad2810 u0 Keyguard}
03-10 14:59:07.674 V/WindowManager(  627):   #4: Window{65ee94a0 u0 KeyguardScrim}
03-10 14:59:07.674 V/WindowManager(  627):   #5: Window{65d65bf8 u0 com.google.android.googlequicksearchbox/com.google.android.launcher.GEL}
03-10 14:59:07.674 V/WindowManager(  627):   #6: Window{65d3c178 u0 com.android.systemui.ImageWallpaper}
03-10 14:59:07.694 D/AndroidRuntime( 4975): Shutting down VM
03-10 14:59:07.704 I/WindowState(  627): WIN DEATH: Window{66232a50 u0 com.android.helloworldminimal/com.android.helloworldminimal.HelloWorld}
03-10 14:59:07.714 E/art     ( 4975): Thread attaching while runtime is shutting down: Binder_2
03-10 14:59:07.714 I/AndroidRuntime( 4975): NOTE: attach of thread 'Binder_2' failed
03-10 14:59:09.184 D/AndroidRuntime( 5006): 
03-10 14:59:09.184 D/AndroidRuntime( 5006): >>>>>> AndroidRuntime START com.android.internal.os.RuntimeInit <<<<<<
03-10 14:59:09.194 D/AndroidRuntime( 5006): CheckJNI is OFF
03-10 14:59:09.194 E/art     ( 5006): Unrecognized option -XX:mainThreadStackSize=24K
03-10 14:59:09.194 W/art     ( 5006): Ignoring unknown -Xgc option: precise
03-10 14:59:09.224 W/art     ( 5006): Failed to find ELF magic in /system/framework/am.odex: dey
03-10 14:59:09.274 W/art     ( 5006): JNI RegisterNativeMethods: attempt to register 0 native methods for android.content.res.Configuration
03-10 14:59:09.284 D/AndroidRuntime( 5006): Calling main entry com.android.commands.am.Am
03-10 14:59:09.284 I/ActivityManager(  627): START u0 {flg=0x10000000 cmp=com.android.helloworldminimal/.HelloWorld} from pid 5006
03-10 14:59:09.594 D/AndroidRuntime( 5006): Shutting down VM
03-10 14:59:09.594 I/WindowManager(  627): Screenshot max retries 4 of Token{65a90480 ActivityRecord{65e053f0 u0 com.google.android.googlequicksearchbox/com.google.android.launcher.GEL t1}} appWin=Window{65d65bf8 u0 com.google.android.googlequicksearchbox/com.google.android.launcher.GEL} drawState=4
03-10 14:59:09.594 W/WindowManager(  627): Screenshot failure taking screenshot for (1080x1920) to layer 21000
03-10 14:59:09.624 W/art     (  182): Could not get current activity
03-10 14:59:09.634 I/ActivityManager(  627): Start proc com.android.helloworldminimal for activity com.android.helloworldminimal/.HelloWorld: pid=5027 uid=10101 gids={50101}
03-10 14:59:11.804 I/Adreno-EGL( 5027): <qeglDrvAPI_eglInitialize:320>: EGL 1.4 QUALCOMM Build: I0404c4692afb8623f95c43aeb6d5e13ed4b30ddbDate: 11/06/13
03-10 14:59:11.834 D/OpenGLRenderer( 5027): Enabling debug mode 0
03-10 14:59:11.874 I/ActivityManager(  627): Displayed com.android.helloworldminimal/.HelloWorld: +2s280ms
03-10 14:59:15.374 V/QcrilMsgTunnelSocket( 2377): After reading offset = 0 remaining = 4 countRead = 4
03-10 14:59:15.374 D/QcrilMsgTunnelSocket( 2377): messageLength extracted from first 4 inputStream reads = 29
03-10 14:59:15.374 V/QcrilMsgTunnelSocket( 2377): offset = 0 remaining = 29 countRead = 0
03-10 14:59:15.374 V/QcrilMsgTunnelSocket( 2377): offset = 0 remaining = 29 countRead = 29
03-10 14:59:15.374 D/QcrilMsgTunnelSocket( 2377): readRilMessage: Buffer = [B@65549b50 HexData = [0100000004040000110000005155414c434f4d4def0308000100000003]
03-10 14:59:15.374 V/QcrilMsgTunnelSocket( 2377): Read packet: 29 bytes. Data Available = 32 Position = 0
03-10 14:59:15.374 D/QcrilMsgTunnelSocket( 2377): processResponse. message type = 1. Data Available = 28
03-10 14:59:15.374 D/QcrilMsgTunnelSocket( 2377): ByteArray from parcel = 5155414c434f4d4def0308000100000003
03-10 14:59:15.374 D/QcrilMsgTunnelSocket( 2377): Received RIL_UNSOL_OEM_HOOK_RAW message
03-10 14:59:15.374 D/QcrilMsgTunnelSocket( 2377): Oem ID in RIL_UNSOL_OEM_HOOK_RAW is QUALCOMM
03-10 14:59:15.374 D/QcrilMsgTunnelSocket( 2377): OEM ID check Passed
03-10 14:59:15.374 D/QcrilMsgTunnelSocket( 2377): Response ID in RIL_UNSOL_OEM_HOOK_RAW is 525295
03-10 14:59:15.374 D/QcrilMsgTunnelSocket( 2377): Response ID 525295is not served in this process.
03-10 14:59:15.374 D/QcrilMsgTunnelSocket( 2377): To broadcast an Intent via the notifier to external apps
03-10 14:59:15.374 V/QcrilMsgTunnelSocket( 2377): Before reading offset = 0 remaining = 4 countRead = 0
03-10 14:59:15.374 V/QcrilMsgTunnelSocket( 2377): After reading offset = 0 remaining = 4 countRead = 4
03-10 14:59:15.374 D/QcrilMsgTunnelSocket( 2377): messageLength extracted from first 4 inputStream reads = 29
03-10 14:59:15.374 V/QcrilMsgTunnelSocket( 2377): offset = 0 remaining = 29 countRead = 0
03-10 14:59:15.384 D/AlarmManagerService(  627): Kernel timezone updated to -120 minutes west of GMT
03-10 14:59:15.394 D/MobileDataStateTracker(  627): default: Broadcast received: android.intent.action.ANY_DATA_STATE apnType=default
03-10 14:59:15.394 D/MobileDataStateTracker(  627): default: Received state=CONNECTED, old=CONNECTED, reason=(unspecified)
03-10 14:59:15.404 D/QcrilMsgTunnelIfaceManager( 2377): handleMessage what=0
03-10 14:59:15.404 D/QcrilMsgTunnelIfaceManager( 2377): Broadcasting intent ACTION_UNSOL_RESPONSE_OEM_HOOK_RAW
03-10 14:59:15.424 V/QcrilMsgTunnelSocket( 2377): offset = 0 remaining = 29 countRead = 29
03-10 14:59:15.424 D/QcrilMsgTunnelSocket( 2377): readRilMessage: Buffer = [B@65549b50 HexData = [0100000004040000110000005155414c434f4d4def0308000100000003]
03-10 14:59:15.424 V/QcrilMsgTunnelSocket( 2377): Read packet: 29 bytes. Data Available = 32 Position = 0
03-10 14:59:15.424 D/QcrilMsgTunnelSocket( 2377): processResponse. message type = 1. Data Available = 28
03-10 14:59:15.424 D/QcrilMsgTunnelSocket( 2377): ByteArray from parcel = 5155414c434f4d4def0308000100000003
03-10 14:59:15.424 D/QcrilMsgTunnelSocket( 2377): Received RIL_UNSOL_OEM_HOOK_RAW message
03-10 14:59:15.424 D/QcrilMsgTunnelSocket( 2377): Oem ID in RIL_UNSOL_OEM_HOOK_RAW is QUALCOMM
03-10 14:59:15.424 D/QcrilMsgTunnelSocket( 2377): OEM ID check Passed
03-10 14:59:15.424 D/QcrilMsgTunnelSocket( 2377): Response ID in RIL_UNSOL_OEM_HOOK_RAW is 525295
03-10 14:59:15.424 D/QcrilMsgTunnelSocket( 2377): Response ID 525295is not served in this process.
03-10 14:59:15.424 D/QcrilMsgTunnelSocket( 2377): To broadcast an Intent via the notifier to external apps
03-10 14:59:15.424 V/QcrilMsgTunnelSocket( 2377): Before reading offset = 0 remaining = 4 countRead = 0
03-10 14:59:15.424 D/QcrilMsgTunnelIfaceManager( 2377): handleMessage what=0
03-10 14:59:15.424 D/QcrilMsgTunnelIfaceManager( 2377): Broadcasting intent ACTION_UNSOL_RESPONSE_OEM_HOOK_RAW
03-10 14:59:15.484 V/QcrilMsgTunnelSocket( 2377): After reading offset = 0 remaining = 4 countRead = 4
03-10 14:59:15.484 D/QcrilMsgTunnelSocket( 2377): messageLength extracted from first 4 inputStream reads = 29
03-10 14:59:15.484 V/QcrilMsgTunnelSocket( 2377): offset = 0 remaining = 29 countRead = 0
03-10 14:59:15.484 V/QcrilMsgTunnelSocket( 2377): offset = 0 remaining = 29 countRead = 29
03-10 14:59:15.484 D/QcrilMsgTunnelSocket( 2377): readRilMessage: Buffer = [B@65549b50 HexData = [0100000004040000110000005155414c434f4d4def0308000100000003]
03-10 14:59:15.484 V/QcrilMsgTunnelSocket( 2377): Read packet: 29 bytes. Data Available = 32 Position = 0
03-10 14:59:15.484 D/QcrilMsgTunnelSocket( 2377): processResponse. message type = 1. Data Available = 28
03-10 14:59:15.484 D/QcrilMsgTunnelSocket( 2377): ByteArray from parcel = 5155414c434f4d4def0308000100000003
03-10 14:59:15.484 D/QcrilMsgTunnelSocket( 2377): Received RIL_UNSOL_OEM_HOOK_RAW message
03-10 14:59:15.484 D/QcrilMsgTunnelSocket( 2377): Oem ID in RIL_UNSOL_OEM_HOOK_RAW is QUALCOMM
03-10 14:59:15.484 D/QcrilMsgTunnelSocket( 2377): OEM ID check Passed
03-10 14:59:15.484 D/QcrilMsgTunnelSocket( 2377): Response ID in RIL_UNSOL_OEM_HOOK_RAW is 525295
03-10 14:59:15.484 D/QcrilMsgTunnelSocket( 2377): Response ID 525295is not served in this process.
03-10 14:59:15.484 D/QcrilMsgTunnelSocket( 2377): To broadcast an Intent via the notifier to external apps
03-10 14:59:15.484 V/QcrilMsgTunnelSocket( 2377): Before reading offset = 0 remaining = 4 countRead = 0
03-10 14:59:15.484 D/QcrilMsgTunnelIfaceManager( 2377): handleMessage what=0
03-10 14:59:15.484 D/QcrilMsgTunnelIfaceManager( 2377): Broadcasting intent ACTION_UNSOL_RESPONSE_OEM_HOOK_RAW
03-10 14:59:16.164 D/GCM     ( 1259): Connected
03-10 14:59:16.204 I/GCM     ( 1259): GCM message com.google.android.gsf.gtalkservice 
03-10 14:59:16.224 D/GCM     ( 1259): Message class hwi
03-10 14:59:16.674 D/ConnectivityService(  627): handleInetConditionHoldEnd: net=0, condition=100, published condition=0
03-10 14:59:22.724 V/QcrilMsgTunnelSocket( 2377): After reading offset = 0 remaining = 4 countRead = 4
03-10 14:59:22.724 D/QcrilMsgTunnelSocket( 2377): messageLength extracted from first 4 inputStream reads = 29
03-10 14:59:22.724 V/QcrilMsgTunnelSocket( 2377): offset = 0 remaining = 29 countRead = 0
03-10 14:59:22.754 V/QcrilMsgTunnelSocket( 2377): offset = 0 remaining = 29 countRead = 29
03-10 14:59:22.754 D/QcrilMsgTunnelSocket( 2377): readRilMessage: Buffer = [B@65549b50 HexData = [0100000004040000110000005155414c434f4d4def0308000100000003]
03-10 14:59:22.754 V/QcrilMsgTunnelSocket( 2377): Read packet: 29 bytes. Data Available = 32 Position = 0
03-10 14:59:22.754 D/QcrilMsgTunnelSocket( 2377): processResponse. message type = 1. Data Available = 28
03-10 14:59:22.754 D/QcrilMsgTunnelSocket( 2377): ByteArray from parcel = 5155414c434f4d4def0308000100000003
03-10 14:59:22.754 D/QcrilMsgTunnelSocket( 2377): Received RIL_UNSOL_OEM_HOOK_RAW message
03-10 14:59:22.754 D/QcrilMsgTunnelSocket( 2377): Oem ID in RIL_UNSOL_OEM_HOOK_RAW is QUALCOMM
03-10 14:59:22.754 D/QcrilMsgTunnelSocket( 2377): OEM ID check Passed
03-10 14:59:22.754 D/QcrilMsgTunnelSocket( 2377): Response ID in RIL_UNSOL_OEM_HOOK_RAW is 525295
03-10 14:59:22.754 D/QcrilMsgTunnelSocket( 2377): Response ID 525295is not served in this process.
03-10 14:59:22.754 D/QcrilMsgTunnelSocket( 2377): To broadcast an Intent via the notifier to external apps
03-10 14:59:22.754 V/QcrilMsgTunnelSocket( 2377): Before reading offset = 0 remaining = 4 countRead = 0
03-10 14:59:22.754 D/QcrilMsgTunnelIfaceManager( 2377): handleMessage what=0
03-10 14:59:22.754 D/QcrilMsgTunnelIfaceManager( 2377): Broadcasting intent ACTION_UNSOL_RESPONSE_OEM_HOOK_RAW
03-10 14:59:22.754 D/AlarmManagerService(  627): Kernel timezone updated to -120 minutes west of GMT
03-10 14:59:22.764 D/MobileDataStateTracker(  627): default: Broadcast received: android.intent.action.ANY_DATA_STATE apnType=default
03-10 14:59:22.764 D/MobileDataStateTracker(  627): default: Received state=CONNECTED, old=CONNECTED, reason=(unspecified)
03-10 14:59:22.794 V/QcrilMsgTunnelSocket( 2377): After reading offset = 0 remaining = 4 countRead = 4
03-10 14:59:22.794 D/QcrilMsgTunnelSocket( 2377): messageLength extracted from first 4 inputStream reads = 29
03-10 14:59:22.794 V/QcrilMsgTunnelSocket( 2377): offset = 0 remaining = 29 countRead = 0
03-10 14:59:22.794 V/QcrilMsgTunnelSocket( 2377): offset = 0 remaining = 29 countRead = 29
