03-10 14:57:31.424 I/PackageManager(  627):   Category: "android.intent.category.DEFAULT"
03-10 14:57:31.424 I/PackageManager(  627):   Scheme: "mmsto"
03-10 14:57:31.424 I/PackageManager(  627): Adding preferred activity ComponentInfo{org.thoughtcrime.securesms/org.thoughtcrime.securesms.RoutingActivity} for user 0 :
03-10 14:57:31.444 D/AlertService( 2640): Scheduling next alarm with AlarmScheduler. sEventReminderReceived: null
03-10 14:57:31.454 D/AlarmScheduler( 2640): Query result count for events starting within 1 week: 3
03-10 14:57:31.454 E/AppsCustomizePagedView( 1088): Widget ComponentInfo{com.devhd.feedly/com.devhd.feedly.widget.FeedlyWidgetProvider_4_1} has invalid dimensions (0, 0)
03-10 14:57:31.484 W/Launcher( 1088): setApplicationContext called twice! old=com.google.android.velvet.VelvetApplication@655e5938 new=com.google.android.velvet.VelvetApplication@655e5938
03-10 14:57:31.554 V/QcrilMsgTunnelSocket( 2377): After reading offset = 0 remaining = 4 countRead = 4
03-10 14:57:31.554 D/QcrilMsgTunnelSocket( 2377): messageLength extracted from first 4 inputStream reads = 29
03-10 14:57:31.554 V/QcrilMsgTunnelSocket( 2377): offset = 0 remaining = 29 countRead = 0
03-10 14:57:31.554 V/QcrilMsgTunnelSocket( 2377): offset = 0 remaining = 29 countRead = 29
03-10 14:57:31.554 D/QcrilMsgTunnelSocket( 2377): readRilMessage: Buffer = [B@65549b50 HexData = [0100000004040000110000005155414c434f4d4def0308000100000002]
03-10 14:57:31.554 V/QcrilMsgTunnelSocket( 2377): Read packet: 29 bytes. Data Available = 32 Position = 0
03-10 14:57:31.554 D/QcrilMsgTunnelSocket( 2377): processResponse. message type = 1. Data Available = 28
03-10 14:57:31.554 D/QcrilMsgTunnelSocket( 2377): ByteArray from parcel = 5155414c434f4d4def0308000100000002
03-10 14:57:31.554 D/QcrilMsgTunnelSocket( 2377): Received RIL_UNSOL_OEM_HOOK_RAW message
03-10 14:57:31.554 D/QcrilMsgTunnelSocket( 2377): Oem ID in RIL_UNSOL_OEM_HOOK_RAW is QUALCOMM
03-10 14:57:31.554 D/QcrilMsgTunnelSocket( 2377): OEM ID check Passed
03-10 14:57:31.554 D/QcrilMsgTunnelSocket( 2377): Response ID in RIL_UNSOL_OEM_HOOK_RAW is 525295
03-10 14:57:31.554 D/QcrilMsgTunnelSocket( 2377): Response ID 525295is not served in this process.
03-10 14:57:31.554 D/QcrilMsgTunnelSocket( 2377): To broadcast an Intent via the notifier to external apps
03-10 14:57:31.554 V/QcrilMsgTunnelSocket( 2377): Before reading offset = 0 remaining = 4 countRead = 0
03-10 14:57:31.554 D/QcrilMsgTunnelIfaceManager( 2377): handleMessage what=0
03-10 14:57:31.554 D/QcrilMsgTunnelIfaceManager( 2377): Broadcasting intent ACTION_UNSOL_RESPONSE_OEM_HOOK_RAW
03-10 14:57:31.574 D/MobileDataStateTracker(  627): default: Broadcast received: android.intent.action.ANY_DATA_STATE apnType=default
03-10 14:57:31.574 D/MobileDataStateTracker(  627): default: Received state=CONNECTED, old=CONNECTED, reason=(unspecified)
03-10 14:57:31.714 V/QcrilMsgTunnelSocket( 2377): After reading offset = 0 remaining = 4 countRead = 4
03-10 14:57:31.714 D/QcrilMsgTunnelSocket( 2377): messageLength extracted from first 4 inputStream reads = 29
03-10 14:57:31.714 V/QcrilMsgTunnelSocket( 2377): offset = 0 remaining = 29 countRead = 0
03-10 14:57:31.714 V/QcrilMsgTunnelSocket( 2377): offset = 0 remaining = 29 countRead = 29
03-10 14:57:31.714 D/QcrilMsgTunnelSocket( 2377): readRilMessage: Buffer = [B@65549b50 HexData = [0100000004040000110000005155414c434f4d4def0308000100000002]
03-10 14:57:31.714 V/QcrilMsgTunnelSocket( 2377): Read packet: 29 bytes. Data Available = 32 Position = 0
03-10 14:57:31.714 D/QcrilMsgTunnelSocket( 2377): processResponse. message type = 1. Data Available = 28
03-10 14:57:31.714 D/QcrilMsgTunnelSocket( 2377): ByteArray from parcel = 5155414c434f4d4def0308000100000002
03-10 14:57:31.714 D/QcrilMsgTunnelSocket( 2377): Received RIL_UNSOL_OEM_HOOK_RAW message
03-10 14:57:31.714 D/QcrilMsgTunnelSocket( 2377): Oem ID in RIL_UNSOL_OEM_HOOK_RAW is QUALCOMM
03-10 14:57:31.714 D/QcrilMsgTunnelSocket( 2377): OEM ID check Passed
03-10 14:57:31.714 D/QcrilMsgTunnelSocket( 2377): Response ID in RIL_UNSOL_OEM_HOOK_RAW is 525295
03-10 14:57:31.714 D/QcrilMsgTunnelSocket( 2377): Response ID 525295is not served in this process.
03-10 14:57:31.714 D/QcrilMsgTunnelSocket( 2377): To broadcast an Intent via the notifier to external apps
03-10 14:57:31.714 V/QcrilMsgTunnelSocket( 2377): Before reading offset = 0 remaining = 4 countRead = 0
03-10 14:57:31.714 D/QcrilMsgTunnelIfaceManager( 2377): handleMessage what=0
03-10 14:57:31.714 D/QcrilMsgTunnelIfaceManager( 2377): Broadcasting intent ACTION_UNSOL_RESPONSE_OEM_HOOK_RAW
03-10 14:57:31.784 I/ActivityManager(  627): Killing 3275:com.google.android.apps.magazines/u0a57 (adj 15): empty #17
03-10 14:57:31.914 V/QcrilMsgTunnelSocket( 2377): After reading offset = 0 remaining = 4 countRead = 4
03-10 14:57:31.914 D/QcrilMsgTunnelSocket( 2377): messageLength extracted from first 4 inputStream reads = 29
03-10 14:57:31.914 V/QcrilMsgTunnelSocket( 2377): offset = 0 remaining = 29 countRead = 0
03-10 14:57:31.914 V/QcrilMsgTunnelSocket( 2377): offset = 0 remaining = 29 countRead = 29
03-10 14:57:31.914 D/QcrilMsgTunnelSocket( 2377): readRilMessage: Buffer = [B@65549b50 HexData = [0100000004040000110000005155414c434f4d4def0308000100000002]
03-10 14:57:31.914 V/QcrilMsgTunnelSocket( 2377): Read packet: 29 bytes. Data Available = 32 Position = 0
03-10 14:57:31.914 D/QcrilMsgTunnelSocket( 2377): processResponse. message type = 1. Data Available = 28
03-10 14:57:31.914 D/QcrilMsgTunnelSocket( 2377): ByteArray from parcel = 5155414c434f4d4def0308000100000002
03-10 14:57:31.914 D/QcrilMsgTunnelSocket( 2377): Received RIL_UNSOL_OEM_HOOK_RAW message
03-10 14:57:31.914 D/QcrilMsgTunnelSocket( 2377): Oem ID in RIL_UNSOL_OEM_HOOK_RAW is QUALCOMM
03-10 14:57:31.914 D/QcrilMsgTunnelSocket( 2377): OEM ID check Passed
03-10 14:57:31.914 D/QcrilMsgTunnelSocket( 2377): Response ID in RIL_UNSOL_OEM_HOOK_RAW is 525295
03-10 14:57:31.914 D/QcrilMsgTunnelSocket( 2377): Response ID 525295is not served in this process.
03-10 14:57:31.914 D/QcrilMsgTunnelSocket( 2377): To broadcast an Intent via the notifier to external apps
03-10 14:57:31.914 V/QcrilMsgTunnelSocket( 2377): Before reading offset = 0 remaining = 4 countRead = 0
03-10 14:57:31.914 D/QcrilMsgTunnelIfaceManager( 2377): handleMessage what=0
03-10 14:57:31.914 D/QcrilMsgTunnelIfaceManager( 2377): Broadcasting intent ACTION_UNSOL_RESPONSE_OEM_HOOK_RAW
03-10 14:57:32.474 I/Icing   ( 1125): Indexing 9E464DC2A102057D86495404FBBAAC90B8242C74 from com.google.android.googlequicksearchbox
03-10 14:57:32.544 I/Icing   ( 1125): Indexing done 9E464DC2A102057D86495404FBBAAC90B8242C74
03-10 14:57:33.004 W/GAV2    ( 3328): Thread[Service Reconnect,5,main]: Service unavailable (code=1), using local store.
03-10 14:57:33.004 W/ActivityManager(  627): Unable to start service Intent { act=com.google.android.gms.analytics.service.START cmp=com.google.android.gms/.analytics.service.AnalyticsService (has extras) } U=0: not found
03-10 14:57:40.264 I/art     ( 1125): Heap trim of managed (duration=3.462551ms, advised=904KB) and native (duration=1.616457ms, advised=48KB) heaps. Managed heap utilization of 43%.
03-10 14:57:40.274 W/GLSUser ( 1259): GoogleAccountDataService.getToken()
03-10 14:57:41.044 V/QcrilMsgTunnelSocket( 2377): After reading offset = 0 remaining = 4 countRead = 4
03-10 14:57:41.044 D/QcrilMsgTunnelSocket( 2377): messageLength extracted from first 4 inputStream reads = 29
03-10 14:57:41.044 V/QcrilMsgTunnelSocket( 2377): offset = 0 remaining = 29 countRead = 0
03-10 14:57:41.054 V/QcrilMsgTunnelSocket( 2377): offset = 0 remaining = 29 countRead = 29
03-10 14:57:41.054 D/QcrilMsgTunnelSocket( 2377): readRilMessage: Buffer = [B@65549b50 HexData = [0100000004040000110000005155414c434f4d4def0308000100000000]
03-10 14:57:41.054 V/QcrilMsgTunnelSocket( 2377): Read packet: 29 bytes. Data Available = 32 Position = 0
03-10 14:57:41.054 D/QcrilMsgTunnelSocket( 2377): processResponse. message type = 1. Data Available = 28
03-10 14:57:41.054 D/QcrilMsgTunnelSocket( 2377): ByteArray from parcel = 5155414c434f4d4def0308000100000000
03-10 14:57:41.054 D/QcrilMsgTunnelSocket( 2377): Received RIL_UNSOL_OEM_HOOK_RAW message
03-10 14:57:41.054 D/QcrilMsgTunnelSocket( 2377): Oem ID in RIL_UNSOL_OEM_HOOK_RAW is QUALCOMM
03-10 14:57:41.054 D/QcrilMsgTunnelSocket( 2377): OEM ID check Passed
03-10 14:57:41.054 D/QcrilMsgTunnelSocket( 2377): Response ID in RIL_UNSOL_OEM_HOOK_RAW is 525295
03-10 14:57:41.054 D/QcrilMsgTunnelSocket( 2377): Response ID 525295is not served in this process.
03-10 14:57:41.054 D/QcrilMsgTunnelSocket( 2377): To broadcast an Intent via the notifier to external apps
03-10 14:57:41.054 V/QcrilMsgTunnelSocket( 2377): Before reading offset = 0 remaining = 4 countRead = 0
03-10 14:57:41.074 D/MobileDataStateTracker(  627): default: Broadcast received: android.intent.action.ANY_DATA_STATE apnType=default
03-10 14:57:41.074 D/MobileDataStateTracker(  627): default: Received state=CONNECTED, old=CONNECTED, reason=(unspecified)
03-10 14:57:41.084 D/QcrilMsgTunnelIfaceManager( 2377): handleMessage what=0
03-10 14:57:41.084 D/QcrilMsgTunnelIfaceManager( 2377): Broadcasting intent ACTION_UNSOL_RESPONSE_OEM_HOOK_RAW
03-10 14:57:41.704 I/qtaguid ( 2407): Failed write_ctrl(u 37) res=-1 errno=22
03-10 14:57:41.704 I/qtaguid ( 2407): Untagging socket 37 failed errno=-22
03-10 14:57:41.704 W/NetworkManagementSocketTagger( 2407): untagSocket(37) failed with errno -22
03-10 14:57:41.934 I/art     ( 2407): Heap trim of managed (duration=4.608802ms, advised=436KB) and native (duration=1.721354ms, advised=56KB) heaps. Managed heap utilization of 52%.
03-10 14:57:42.134 D/Finsky  ( 2407): [1] CheckWifiAndAutoUpdate.cancelCheck: Cancelling auto-update wifi check.
03-10 14:57:42.294 W/GLSUser ( 1259): GoogleAccountDataService.getToken()
03-10 14:57:42.384 D/InitAlarmsService( 2640): Clearing and rescheduling alarms.
03-10 14:57:42.384 I/ActivityManager(  627): Killing 3372:com.google.android.apps.maps/u0a58 (adj 15): empty #17
03-10 14:57:42.384 I/ActivityManager(  627): Killing 3415:com.google.android.tts/u0a49 (adj 15): empty #18
03-10 14:57:43.054 D/ConnectivityService(  627): Sampling interval elapsed, updating statistics ..
03-10 14:57:43.084 D/ConnectivityService(  627): Done.
03-10 14:57:43.084 D/ConnectivityService(  627): Setting timer for 720seconds
03-10 14:57:43.924 I/qtaguid ( 2407): Failed write_ctrl(u 37) res=-1 errno=22
03-10 14:57:43.924 I/qtaguid ( 2407): Untagging socket 37 failed errno=-22
03-10 14:57:43.924 W/NetworkManagementSocketTagger( 2407): untagSocket(37) failed with errno -22
03-10 14:57:44.094 D/Finsky  ( 2407): [1] DailyHygiene.flushEventLogs: Flushing event logs for [h8oDSybNDDZzpp4iys_x3qq36Xs]
03-10 14:57:48.365 V/QcrilMsgTunnelSocket( 2377): After reading offset = 0 remaining = 4 countRead = 4
03-10 14:57:48.365 D/QcrilMsgTunnelSocket( 2377): messageLength extracted from first 4 inputStream reads = 29
03-10 14:57:48.365 V/QcrilMsgTunnelSocket( 2377): offset = 0 remaining = 29 countRead = 0
03-10 14:57:48.365 V/QcrilMsgTunnelSocket( 2377): offset = 0 remaining = 29 countRead = 29
03-10 14:57:48.365 D/QcrilMsgTunnelSocket( 2377): readRilMessage: Buffer = [B@65549b50 HexData = [0100000004040000110000005155414c434f4d4def0308000100000002]
03-10 14:57:48.365 V/QcrilMsgTunnelSocket( 2377): Read packet: 29 bytes. Data Available = 32 Position = 0
03-10 14:57:48.365 D/QcrilMsgTunnelSocket( 2377): processResponse. message type = 1. Data Available = 28
03-10 14:57:48.365 D/QcrilMsgTunnelSocket( 2377): ByteArray from parcel = 5155414c434f4d4def0308000100000002
03-10 14:57:48.365 D/QcrilMsgTunnelSocket( 2377): Received RIL_UNSOL_OEM_HOOK_RAW message
03-10 14:57:48.365 D/QcrilMsgTunnelSocket( 2377): Oem ID in RIL_UNSOL_OEM_HOOK_RAW is QUALCOMM
03-10 14:57:48.365 D/QcrilMsgTunnelSocket( 2377): OEM ID check Passed
03-10 14:57:48.365 D/QcrilMsgTunnelSocket( 2377): Response ID in RIL_UNSOL_OEM_HOOK_RAW is 525295
03-10 14:57:48.365 D/QcrilMsgTunnelSocket( 2377): Response ID 525295is not served in this process.
03-10 14:57:48.365 D/QcrilMsgTunnelSocket( 2377): To broadcast an Intent via the notifier to external apps
03-10 14:57:48.365 V/QcrilMsgTunnelSocket( 2377): Before reading offset = 0 remaining = 4 countRead = 0
03-10 14:57:48.384 D/MobileDataStateTracker(  627): default: Broadcast received: android.intent.action.ANY_DATA_STATE apnType=default
03-10 14:57:48.394 D/MobileDataStateTracker(  627): default: Received state=CONNECTED, old=CONNECTED, reason=(unspecified)
03-10 14:57:48.404 D/QcrilMsgTunnelIfaceManager( 2377): handleMessage what=0
03-10 14:57:48.404 D/QcrilMsgTunnelIfaceManager( 2377): Broadcasting intent ACTION_UNSOL_RESPONSE_OEM_HOOK_RAW
03-10 14:57:48.454 V/QcrilMsgTunnelSocket( 2377): After reading offset = 0 remaining = 4 countRead = 4
03-10 14:57:48.454 D/QcrilMsgTunnelSocket( 2377): messageLength extracted from first 4 inputStream reads = 29
03-10 14:57:48.454 V/QcrilMsgTunnelSocket( 2377): offset = 0 remaining = 29 countRead = 0
03-10 14:57:48.464 V/QcrilMsgTunnelSocket( 2377): offset = 0 remaining = 29 countRead = 29
03-10 14:57:48.464 D/QcrilMsgTunnelSocket( 2377): readRilMessage: Buffer = [B@65549b50 HexData = [0100000004040000110000005155414c434f4d4def0308000100000002]
03-10 14:57:48.474 V/QcrilMsgTunnelSocket( 2377): Read packet: 29 bytes. Data Available = 32 Position = 0
03-10 14:57:48.474 D/QcrilMsgTunnelSocket( 2377): processResponse. message type = 1. Data Available = 28
03-10 14:57:48.474 D/QcrilMsgTunnelSocket( 2377): ByteArray from parcel = 5155414c434f4d4def0308000100000002
03-10 14:57:48.474 D/QcrilMsgTunnelSocket( 2377): Received RIL_UNSOL_OEM_HOOK_RAW message
03-10 14:57:48.474 D/QcrilMsgTunnelSocket( 2377): Oem ID in RIL_UNSOL_OEM_HOOK_RAW is QUALCOMM
03-10 14:57:48.474 D/QcrilMsgTunnelSocket( 2377): OEM ID check Passed
03-10 14:57:48.474 D/QcrilMsgTunnelSocket( 2377): Response ID in RIL_UNSOL_OEM_HOOK_RAW is 525295
03-10 14:57:48.474 D/QcrilMsgTunnelSocket( 2377): Response ID 525295is not served in this process.
03-10 14:57:48.474 D/QcrilMsgTunnelSocket( 2377): To broadcast an Intent via the notifier to external apps
03-10 14:57:48.474 V/QcrilMsgTunnelSocket( 2377): Before reading offset = 0 remaining = 4 countRead = 0
03-10 14:57:48.474 D/QcrilMsgTunnelIfaceManager( 2377): handleMessage what=0
03-10 14:57:48.474 D/QcrilMsgTunnelIfaceManager( 2377): Broadcasting intent ACTION_UNSOL_RESPONSE_OEM_HOOK_RAW
03-10 14:57:49.254 V/QcrilMsgTunnelSocket( 2377): After reading offset = 0 remaining = 4 countRead = 4
03-10 14:57:49.254 D/QcrilMsgTunnelSocket( 2377): messageLength extracted from first 4 inputStream reads = 29
03-10 14:57:49.254 V/QcrilMsgTunnelSocket( 2377): offset = 0 remaining = 29 countRead = 0
03-10 14:57:49.284 V/QcrilMsgTunnelSocket( 2377): offset = 0 remaining = 29 countRead = 29
03-10 14:57:49.284 D/QcrilMsgTunnelSocket( 2377): readRilMessage: Buffer = [B@65549b50 HexData = [0100000004040000110000005155414c434f4d4def0308000100000002]
03-10 14:57:49.284 V/QcrilMsgTunnelSocket( 2377): Read packet: 29 bytes. Data Available = 32 Position = 0
03-10 14:57:49.284 D/QcrilMsgTunnelSocket( 2377): processResponse. message type = 1. Data Available = 28
03-10 14:57:49.284 D/QcrilMsgTunnelSocket( 2377): ByteArray from parcel = 5155414c434f4d4def0308000100000002
03-10 14:57:49.284 D/QcrilMsgTunnelSocket( 2377): Received RIL_UNSOL_OEM_HOOK_RAW message
03-10 14:57:49.284 D/QcrilMsgTunnelSocket( 2377): Oem ID in RIL_UNSOL_OEM_HOOK_RAW is QUALCOMM
03-10 14:57:49.284 D/QcrilMsgTunnelSocket( 2377): OEM ID check Passed
03-10 14:57:49.284 D/QcrilMsgTunnelSocket( 2377): Response ID in RIL_UNSOL_OEM_HOOK_RAW is 525295
03-10 14:57:49.284 D/QcrilMsgTunnelSocket( 2377): Response ID 525295is not served in this process.
03-10 14:57:49.284 D/QcrilMsgTunnelSocket( 2377): To broadcast an Intent via the notifier to external apps
03-10 14:57:49.284 V/QcrilMsgTunnelSocket( 2377): Before reading offset = 0 remaining = 4 countRead = 0
03-10 14:57:49.314 I/art     ( 1027): Heap trim of managed (duration=3.435781ms, advised=2MB) and native (duration=1.651510ms, advised=12KB) heaps. Managed heap utilization of 27%.
03-10 14:57:49.314 D/QcrilMsgTunnelIfaceManager( 2377): handleMessage what=0
03-10 14:57:49.314 D/QcrilMsgTunnelIfaceManager( 2377): Broadcasting intent ACTION_UNSOL_RESPONSE_OEM_HOOK_RAW
03-10 14:57:57.304 D/Finsky  ( 2407): [1] 5.onFinished: Installation state replication succeeded.
03-10 14:57:58.484 V/QcrilMsgTunnelSocket( 2377): After reading offset = 0 remaining = 4 countRead = 4
03-10 14:57:58.484 D/QcrilMsgTunnelSocket( 2377): messageLength extracted from first 4 inputStream reads = 29
03-10 14:57:58.484 V/QcrilMsgTunnelSocket( 2377): offset = 0 remaining = 29 countRead = 0
03-10 14:57:58.494 V/QcrilMsgTunnelSocket( 2377): offset = 0 remaining = 29 countRead = 29
03-10 14:57:58.494 D/QcrilMsgTunnelSocket( 2377): readRilMessage: Buffer = [B@65549b50 HexData = [0100000004040000110000005155414c434f4d4def0308000100000000]
03-10 14:57:58.504 V/QcrilMsgTunnelSocket( 2377): Read packet: 29 bytes. Data Available = 32 Position = 0
03-10 14:57:58.504 D/QcrilMsgTunnelSocket( 2377): processResponse. message type = 1. Data Available = 28
03-10 14:57:58.504 D/QcrilMsgTunnelSocket( 2377): ByteArray from parcel = 5155414c434f4d4def0308000100000000
03-10 14:57:58.504 D/QcrilMsgTunnelSocket( 2377): Received RIL_UNSOL_OEM_HOOK_RAW message
03-10 14:57:58.504 D/QcrilMsgTunnelSocket( 2377): Oem ID in RIL_UNSOL_OEM_HOOK_RAW is QUALCOMM
03-10 14:57:58.504 D/QcrilMsgTunnelSocket( 2377): OEM ID check Passed
03-10 14:57:58.504 D/QcrilMsgTunnelSocket( 2377): Response ID in RIL_UNSOL_OEM_HOOK_RAW is 525295
03-10 14:57:58.504 D/QcrilMsgTunnelSocket( 2377): Response ID 525295is not served in this process.
03-10 14:57:58.504 D/QcrilMsgTunnelSocket( 2377): To broadcast an Intent via the notifier to external apps
03-10 14:57:58.504 V/QcrilMsgTunnelSocket( 2377): Before reading offset = 0 remaining = 4 countRead = 0
03-10 14:57:58.514 D/QcrilMsgTunnelIfaceManager( 2377): handleMessage what=0
03-10 14:57:58.514 D/QcrilMsgTunnelIfaceManager( 2377): Broadcasting intent ACTION_UNSOL_RESPONSE_OEM_HOOK_RAW
03-10 14:58:02.355 E/ThermalEngine(  194): TM Id 'SKIN_THERMAL_management_1' Sensor 'xo_therm_pu2' - alarm cleared 3 at 42.0 degC
03-10 14:58:02.355 E/ThermalEngine(  194): ACTION: LCD - Setting max LCD brightness to 204
03-10 14:58:05.894 V/QcrilMsgTunnelSocket( 2377): After reading offset = 0 remaining = 4 countRead = 4
03-10 14:58:05.894 D/QcrilMsgTunnelSocket( 2377): messageLength extracted from first 4 inputStream reads = 29
03-10 14:58:05.894 V/QcrilMsgTunnelSocket( 2377): offset = 0 remaining = 29 countRead = 0
03-10 14:58:05.945 V/QcrilMsgTunnelSocket( 2377): offset = 0 remaining = 29 countRead = 29
03-10 14:58:05.945 D/QcrilMsgTunnelSocket( 2377): readRilMessage: Buffer = [B@65549b50 HexData = [0100000004040000110000005155414c434f4d4def0308000100000000]
03-10 14:58:05.945 V/QcrilMsgTunnelSocket( 2377): Read packet: 29 bytes. Data Available = 32 Position = 0
03-10 14:58:05.945 D/QcrilMsgTunnelSocket( 2377): processResponse. message type = 1. Data Available = 28
03-10 14:58:05.945 D/QcrilMsgTunnelSocket( 2377): ByteArray from parcel = 5155414c434f4d4def0308000100000000
03-10 14:58:05.945 D/QcrilMsgTunnelSocket( 2377): Received RIL_UNSOL_OEM_HOOK_RAW message
03-10 14:58:05.945 D/QcrilMsgTunnelSocket( 2377): Oem ID in RIL_UNSOL_OEM_HOOK_RAW is QUALCOMM
03-10 14:58:05.945 D/QcrilMsgTunnelSocket( 2377): OEM ID check Passed
03-10 14:58:05.945 D/QcrilMsgTunnelSocket( 2377): Response ID in RIL_UNSOL_OEM_HOOK_RAW is 525295
03-10 14:58:05.945 D/QcrilMsgTunnelSocket( 2377): Response ID 525295is not served in this process.
03-10 14:58:05.945 D/QcrilMsgTunnelSocket( 2377): To broadcast an Intent via the notifier to external apps
03-10 14:58:05.945 V/QcrilMsgTunnelSocket( 2377): Before reading offset = 0 remaining = 4 countRead = 0
03-10 14:58:05.945 D/QcrilMsgTunnelIfaceManager( 2377): handleMessage what=0
03-10 14:58:05.945 D/QcrilMsgTunnelIfaceManager( 2377): Broadcasting intent ACTION_UNSOL_RESPONSE_OEM_HOOK_RAW
03-10 14:58:10.334 D/MobileDataStateTracker(  627): default: Broadcast received: android.intent.action.ANY_DATA_STATE apnType=default
03-10 14:58:10.355 D/MobileDataStateTracker(  627): default: Received state=DISCONNECTED, old=CONNECTED, reason=(unspecified)
03-10 14:58:10.355 D/MobileDataStateTracker(  627): default: setDetailed state, old =CONNECTED and new state=DISCONNECTED
03-10 14:58:10.355 E/MobileDataStateTracker(  627): default: unknown network type: 0
03-10 14:58:10.355 D/ConnectivityService(  627): ConnectivityChange for mobile: DISCONNECTED/DISCONNECTED
03-10 14:58:10.355 D/ConnectivityService(  627): tryFailover: set mActiveDefaultNetwork=-1, prevNetType=0
03-10 14:58:10.355 D/ConnectivityService(  627): Attempting to switch to wifi
03-10 14:58:10.355 D/ConnectivityService(  627): Attempting to switch to BLUETOOTH_TETHER
03-10 14:58:10.365 D/NetUtils(  627): android_net_utils_resetConnections in env=0x4b15bc20 clazz=0x4b48596c iface=rmnet0 mask=0x3
03-10 14:58:10.365 D/ConnectivityService(  627): resetConnections(rmnet0, 3)
03-10 14:58:10.394 D/MobileDataStateTracker(  627): default: Broadcast received: android.intent.action.ANY_DATA_STATE apnType=default
03-10 14:58:10.394 D/MobileDataStateTracker(  627): default: Received state=DISCONNECTED, old=DISCONNECTED, reason=dataDetached
03-10 14:58:10.394 D/MobileDataStateTracker(  627): fota: Broadcast received: android.intent.action.ANY_DATA_STATE apnType=fota
03-10 14:58:10.394 D/MobileDataStateTracker(  627): fota: Received state=DISCONNECTED, old=DISCONNECTED, reason=dataDetached
03-10 14:58:10.394 D/MobileDataStateTracker(  627): dun: Broadcast received: android.intent.action.ANY_DATA_STATE apnType=dun
03-10 14:58:10.394 D/MobileDataStateTracker(  627): dun: Received state=DISCONNECTED, old=DISCONNECTED, reason=dataDetached
03-10 14:58:10.404 D/MobileDataStateTracker(  627): ia: Broadcast received: android.intent.action.ANY_DATA_STATE apnType=ia
03-10 14:58:10.404 D/MobileDataStateTracker(  627): ia: Received state=DISCONNECTED, old=DISCONNECTED, reason=dataDetached
03-10 14:58:10.404 D/MobileDataStateTracker(  627): supl: Broadcast received: android.intent.action.ANY_DATA_STATE apnType=supl
03-10 14:58:10.404 D/MobileDataStateTracker(  627): supl: Received state=DISCONNECTED, old=DISCONNECTED, reason=dataDetached
03-10 14:58:10.404 D/MobileDataStateTracker(  627): hipri: Broadcast received: android.intent.action.ANY_DATA_STATE apnType=hipri
03-10 14:58:10.404 D/MobileDataStateTracker(  627): hipri: Received state=DISCONNECTED, old=DISCONNECTED, reason=dataDetached
03-10 14:58:10.414 D/MobileDataStateTracker(  627): ims: Broadcast received: android.intent.action.ANY_DATA_STATE apnType=ims
03-10 14:58:10.414 D/MobileDataStateTracker(  627): ims: Received state=DISCONNECTED, old=DISCONNECTED, reason=dataDetached
03-10 14:58:10.414 D/MobileDataStateTracker(  627): mms: Broadcast received: android.intent.action.ANY_DATA_STATE apnType=mms
03-10 14:58:10.414 D/MobileDataStateTracker(  627): mms: Received state=DISCONNECTED, old=DISCONNECTED, reason=dataDetached
03-10 14:58:10.414 D/MobileDataStateTracker(  627): cbs: Broadcast received: android.intent.action.ANY_DATA_STATE apnType=cbs
03-10 14:58:10.424 D/MobileDataStateTracker(  627): cbs: Received state=DISCONNECTED, old=DISCONNECTED, reason=dataDetached
03-10 14:58:10.504 D/Nat464Xlat(  627): requiresClat: netType=0, hasIPv4Address=true
03-10 14:58:10.504 D/ConnectivityService(  627): handleInetConditionChange: no active default network - ignore
03-10 14:58:10.504 D/MobileDataStateTracker(  627): default: setPolicyDataEnable(enabled=true)
03-10 14:58:10.584 I/art     (  627): Heap trim of managed (duration=13.438178ms, advised=3MB) and native (duration=2.264843ms, advised=104KB) heaps. Managed heap utilization of 68%.
03-10 14:58:10.584 D/MobileDataStateTracker(  627): default: setPolicyDataEnable(enabled=true)
03-10 14:58:10.924 W/ProcessCpuTracker(  627): Skipping unknown process pid 3959
03-10 14:58:10.924 W/ProcessCpuTracker(  627): Skipping unknown process pid 3962
03-10 14:58:10.924 W/ProcessCpuTracker(  627): Skipping unknown process pid 3964
03-10 14:58:10.924 W/ProcessCpuTracker(  627): Skipping unknown process pid 3968
03-10 14:58:13.515 D/Tethering(  627): MasterInitialState.processMessage what=3
03-10 14:58:13.515 D/CaptivePortalTracker(  627): NoActiveNetworkState{ when=0 what=1 obj=NetworkInfo: type: mobile[UNKNOWN], state: DISCONNECTED/DISCONNECTED, reason: (unspecified), extra: internet.saunalahti, roaming: false, failover: false, isAvailable: true, isConnectedToProvisioningNetwork: false target=com.android.internal.util.StateMachine$SmHandler }
03-10 14:58:13.515 D/CaptivePortalTracker(  627): NoActiveNetworkState not a wifi connectivity change, ignore
03-10 14:58:13.594 I/art     ( 3328): Heap trim of managed (duration=1.170521ms, advised=4KB) and native (duration=1.829947ms, advised=24KB) heaps. Managed heap utilization of 68%.
03-10 14:58:13.624 W/art     (  182): Could not get current activity
03-10 14:58:13.634 I/ActivityManager(  627): Start proc com.google.android.setupwizard for broadcast com.google.android.setupwizard/.MobileConnectivityChangeReceiver: pid=4009 uid=10017 gids={50017, 3003}
03-10 14:58:13.664 W/art     ( 4009): Failed to find ELF magic in /system/priv-app/SetupWizard.odex: dey
03-10 14:58:13.674 D/MobileConnectivityChangeReceiver( 4009): onReceive Intent { act=android.net.conn.CONNECTIVITY_CHANGE flg=0x4000010 cmp=com.google.android.setupwizard/.MobileConnectivityChangeReceiver (has extras) }
03-10 14:58:13.674 D/MobileConnectivityChangeReceiver( 4009): onReceive CONNECTIVITY_CHANGE networkType=0
03-10 14:58:13.674 D/MobileConnectivityChangeReceiver( 4009): onReceive CONNECTIVITY_CHANGE: not connected|connecting, ignore
03-10 14:58:13.684 E/PhoneMonitor( 4009): onOtaspChanged old =0, new =3
03-10 14:58:13.684 V/PhoneMonitor( 4009): mOtaspPhoneStateListener#onOtaspChanged, mOtaspMode=3
03-10 14:58:13.704 I/ActivityManager(  627): Start proc com.google.android.youtube for broadcast com.google.android.youtube/com.google.android.apps.youtube.app.prefetch.PrefetchService$DeviceStateReceiver: pid=4030 uid=10073 gids={50073, 3003, 1028, 1015}
03-10 14:58:13.704 I/ActivityManager(  627): Killing 3436:com.devhd.feedly/u0a85 (adj 15): empty #17
03-10 14:58:13.814 D/YouTube ( 4030): apps.youtube.core.utils.bh.a:41 HttpClient.UserAgent: com.google.android.youtube/5.3.32(Linux; U; Android 4.4.2; en_IN; Nexus 5 Build/KOT49H)
03-10 14:58:13.834 D/YouTube ( 4030): apps.youtube.core.utils.bh.a:41 HttpClient.UserAgent: com.google.android.youtube/5.3.32(Linux; U; Android 4.4.2; en_IN; Nexus 5 Build/KOT49H)
03-10 14:58:13.944 D/YouTube ( 4030): apps.youtube.core.client.y.a:114 event [version=5.3.32-s2000, action=Startup, label=NORMAL_STARTUP, value=-1]
03-10 14:58:13.984 D/YouTube ( 4030): apps.youtube.core.cache.f.run:163 Cache is below limit, no need to shrink: [size=5201654, limit=20971520]
03-10 14:58:14.114 I/dex2oat ( 4066): dex2oat: /data/data/com.google.android.youtube/cache/ads1287720707.dex
03-10 14:58:14.314 I/GoogleConversionPing( 4030): Pinging: http://www.googleadservices.com/pagead/conversion/1001680686/?label=4dahCKKczAYQrt7R3QM&value=&muid=lOR1YT1J7380QCofupCa2g&bundleid=com.google.android.youtube&appversion=5.3.32&osversion=4.4.2&sdkversion=ct-sdk-a-v1.1.0&remarketing_only=1&timestamp=1394456294&data=screen_name%3D%3CAndroid_YT_Open_App%3E
03-10 14:58:14.324 E/GoogleConversionPing( 4030): Error sending ping
03-10 14:58:14.384 D/YouTube ( 4030): apps.youtube.app.prefetch.PrefetchService$DeviceStateReceiver.onReceive:565 Got device state change intent: android.net.conn.CONNECTIVITY_CHANGE
03-10 14:58:14.384 D/YouTube ( 4030): apps.youtube.core.transfer.TransferService.onCreate:108 creating transfer service
03-10 14:58:14.394 D/GCM     ( 1259): GcmService start Intent { act=android.net.conn.CONNECTIVITY_CHANGE flg=0x4000010 cmp=com.google.android.gms/.gcm.GcmService (has extras) } android.net.conn.CONNECTIVITY_CHANGE
03-10 14:58:14.404 I/ActivityManager(  627): Start proc com.google.android.apps.magazines for broadcast com.google.android.apps.magazines/com.google.apps.dots.android.newsstand.appwidget.NewsWidgetProvider: pid=4096 uid=10057 gids={50057, 3003, 1028, 1015}
03-10 14:58:14.444 D/YouTube ( 4030): apps.youtube.app.prefetch.PrefetchService.onStartCommand:167 PrefetchService started at 10 Mar 2014 12:58:14 GMT
03-10 14:58:14.444 D/YouTube ( 4030): apps.youtube.app.prefetch.PrefetchService.p_:245 Download snapshot restored
03-10 14:58:14.444 D/YouTube ( 4030): apps.youtube.app.prefetch.PrefetchService.onDestroy:215 PrefetchService destroyed at 10 Mar 2014 12:58:14 GMT
03-10 14:58:14.444 I/ActivityManager(  627): Killing 3469:com.chrome.beta/u0a83 (adj 15): empty #17
03-10 14:58:14.474 I/art     ( 1259): Heap trim of managed (duration=1.814583ms, advised=660KB) and native (duration=1.709375ms, advised=1116KB) heaps. Managed heap utilization of 59%.
03-10 14:58:14.484 W/GLSUser ( 1259): GoogleAccountDataService.getToken()
03-10 14:58:14.504 V/WebViewChromium( 4096): Binding Chromium to the background looper Looper (main, tid 1) {6553a588}
03-10 14:58:14.504 I/chromium( 4096): [INFO:library_loader_hooks.cc(112)] Chromium logging enabled: level = 0, default verbosity = 0
03-10 14:58:14.514 I/BrowserProcessMain( 4096): Initializing chromium process, renderers=0
03-10 14:58:14.514 W/art     ( 4096): Attempt to remove local SIRT entry from IRT, ignoring
03-10 14:58:14.514 W/art     ( 4096): Thread[13,tid=4123,Native,Thread*=0x4988a008,peer=0x655daf98,"Thread-371"] attached without supplying a name
03-10 14:58:14.514 W/art     ( 4096): Thread[14,tid=4122,Native,Thread*=0x4988b550,peer=0x655db5e0,"Thread-372"] attached without supplying a name
03-10 14:58:14.514 W/chromium( 4096): [WARNING:proxy_service.cc(888)] PAC support disabled because there is no system implementation
03-10 14:58:14.524 I/Adreno-EGL( 4096): <qeglDrvAPI_eglInitialize:320>: EGL 1.4 QUALCOMM Build: I0404c4692afb8623f95c43aeb6d5e13ed4b30ddbDate: 11/06/13
03-10 14:58:14.554 W/art     ( 4096): Thread[15,tid=4117,Native,Thread*=0x4a113418,peer=0x655e4318,"Thread-373"] attached without supplying a name
03-10 14:58:14.574 W/art     ( 4096): Attempt to remove local SIRT entry from IRT, ignoring
03-10 14:58:14.624 W/GAV2    ( 4096): Thread[main,5,main]: Need to call initialize() and be in fallback mode to start dispatch.
03-10 14:58:14.764 I/NSApplication( 4096): Starting up...
03-10 14:58:14.774 I/iu.Environment( 3328): update connectivity state; isNetworkMetered? false*, isRoaming? false, isBackgroundDataAllowed? false*
03-10 14:58:14.774 I/iu.SyncManager( 3328): SYNC; picasa accounts
03-10 14:58:14.784 I/iu.UploadsManager( 3328): num queued entries: 0
03-10 14:58:14.784 I/iu.UploadsManager( 3328): num updated entries: 0
03-10 14:58:14.784 I/iu.SyncManager( 3328): NEXT; no task
03-10 14:58:14.804 I/ActivityManager(  627): Start proc com.google.android.apps.maps for broadcast com.google.android.apps.maps/com.google.userfeedback.android.api.FeedbackConnectivityReceiver: pid=4143 uid=10058 gids={50058, 3003, 1028, 1015}
03-10 14:58:14.804 I/ActivityManager(  627): Killing 2905:com.skype.raider/u0a108 (adj 15): empty #17
03-10 14:58:14.814 I/Camera2Client(  184): Camera 1: Closed
03-10 14:58:14.814 I/Camera2ClientBase(  184): Closed Camera 1
03-10 14:58:14.954 I/Adreno-EGL( 4143): <qeglDrvAPI_eglInitialize:320>: EGL 1.4 QUALCOMM Build: I0404c4692afb8623f95c43aeb6d5e13ed4b30ddbDate: 11/06/13
03-10 14:58:15.334 I/TextToSpeech( 4143): Sucessfully bound to com.google.android.tts
03-10 14:58:15.334 I/ActivityManager(  627): Start proc com.google.android.tts for service com.google.android.tts/.service.GoogleTTSService: pid=4175 uid=10049 gids={50049, 3003, 1028, 1015}
03-10 14:58:15.354 D/StrictMode( 4143): StrictMode policy violation; ~duration=144 ms: android.os.StrictMode$StrictModeDiskReadViolation: policy=287 violation=2
03-10 14:58:15.354 D/StrictMode( 4143): 	at android.os.StrictMode$AndroidBlockGuardPolicy.onReadFromDisk(StrictMode.java:1135)
03-10 14:58:15.354 D/StrictMode( 4143): 	at android.database.sqlite.SQLiteConnection.applyBlockGuardPolicy(SQLiteConnection.java:1041)
03-10 14:58:15.354 D/StrictMode( 4143): 	at android.database.sqlite.SQLiteConnection.executeForCursorWindow(SQLiteConnection.java:842)
03-10 14:58:15.354 D/StrictMode( 4143): 	at android.database.sqlite.SQLiteSession.executeForCursorWindow(SQLiteSession.java:836)
03-10 14:58:15.354 D/StrictMode( 4143): 	at android.database.sqlite.SQLiteQuery.fillWindow(SQLiteQuery.java:62)
03-10 14:58:15.354 D/StrictMode( 4143): 	at android.database.sqlite.SQLiteCursor.fillWindow(SQLiteCursor.java:144)
03-10 14:58:15.354 D/StrictMode( 4143): 	at android.database.sqlite.SQLiteCursor.getCount(SQLiteCursor.java:133)
03-10 14:58:15.354 D/StrictMode( 4143): 	at android.database.CursorToBulkCursorAdaptor.getBulkCursorDescriptor(CursorToBulkCursorAdaptor.java:148)
03-10 14:58:15.354 D/StrictMode( 4143): 	at android.content.ContentProviderNative.onTransact(ContentProviderNative.java:118)
03-10 14:58:15.354 D/StrictMode( 4143): 	at android.os.Binder.execTransact(Binder.java:404)
03-10 14:58:15.354 D/StrictMode( 4143): # via Binder call with stack:
03-10 14:58:15.354 D/StrictMode( 4143): android.os.StrictMode$LogStackTrace
03-10 14:58:15.354 D/StrictMode( 4143): 	at android.os.StrictMode.readAndHandleBinderCallViolations(StrictMode.java:1705)
03-10 14:58:15.354 D/StrictMode( 4143): 	at android.os.Parcel.readExceptionCode(Parcel.java:1447)
03-10 14:58:15.354 D/StrictMode( 4143): 	at android.database.DatabaseUtils.readExceptionFromParcel(DatabaseUtils.java:134)
03-10 14:58:15.354 D/StrictMode( 4143): 	at android.content.ContentProviderProxy.query(ContentProviderNative.java:413)
03-10 14:58:15.354 D/StrictMode( 4143): 	at android.content.ContentResolver.query(ContentResolver.java:461)
03-10 14:58:15.354 D/StrictMode( 4143): 	at android.content.ContentResolver.query(ContentResolver.java:404)
03-10 14:58:15.354 D/StrictMode( 4143): 	at com.google.android.apps.gmm.map.n.b.j.b(SourceFile:67)
03-10 14:58:15.354 D/StrictMode( 4143): 	at com.google.android.apps.gmm.map.n.b.j.a(SourceFile:100)
03-10 14:58:15.354 D/StrictMode( 4143): 	at com.google.android.apps.gmm.map.n.b.d.a(SourceFile:197)
03-10 14:58:15.354 D/StrictMode( 4143): 	at com.google.android.apps.gmm.map.n.b.d.<init>(SourceFile:178)
03-10 14:58:15.354 D/StrictMode( 4143): 	at com.google.android.apps.gmm.base.app.GoogleMapsApplication.onCreate(SourceFile:195)
03-10 14:58:15.354 D/StrictMode( 4143): 	at android.app.Instrumentation.callApplicationOnCreate(Instrumentation.java:1007)
03-10 14:58:15.354 D/StrictMode( 4143): 	at android.app.ActivityThread.handleBindApplication(ActivityThread.java:4344)
03-10 14:58:15.354 D/StrictMode( 4143): 	at android.app.ActivityThread.access$1500(ActivityThread.java:135)
03-10 14:58:15.354 D/StrictMode( 4143): 	at android.app.ActivityThread$H.handleMessage(ActivityThread.java:1256)
03-10 14:58:15.354 D/StrictMode( 4143): 	at android.os.Handler.dispatchMessage(Handler.java:102)
03-10 14:58:15.354 D/StrictMode( 4143): 	at android.os.Looper.loop(Looper.java:136)
03-10 14:58:15.354 D/StrictMode( 4143): 	at android.app.ActivityThread.main(ActivityThread.java:5017)
03-10 14:58:15.354 D/StrictMode( 4143): 	at java.lang.reflect.Method.invoke(Native Method)
03-10 14:58:15.354 D/StrictMode( 4143): 	at com.android.internal.os.ZygoteInit$MethodAndArgsCaller.run(ZygoteInit.java:779)
03-10 14:58:15.354 D/StrictMode( 4143): 	at com.android.internal.os.ZygoteInit.main(ZygoteInit.java:595)
03-10 14:58:15.354 D/StrictMode( 4143): StrictMode policy violation; ~duration=133 ms: android.os.StrictMode$StrictModeDiskReadViolation: policy=287 violation=2
03-10 14:58:15.354 D/StrictMode( 4143): 	at android.os.StrictMode$AndroidBlockGuardPolicy.onReadFromDisk(StrictMode.java:1135)
03-10 14:58:15.354 D/StrictMode( 4143): 	at android.database.sqlite.SQLiteConnection.applyBlockGuardPolicy(SQLiteConnection.java:1041)
03-10 14:58:15.354 D/StrictMode( 4143): 	at android.database.sqlite.SQLiteConnection.executeForCursorWindow(SQLiteConnection.java:842)
03-10 14:58:15.354 D/StrictMode( 4143): 	at android.database.sqlite.SQLiteSession.executeForCursorWindow(SQLiteSession.java:836)
03-10 14:58:15.354 D/StrictMode( 4143): 	at android.database.sqlite.SQLiteQuery.fillWindow(SQLiteQuery.java:62)
03-10 14:58:15.354 D/StrictMode( 4143): 	at android.database.sqlite.SQLiteCursor.fillWindow(SQLiteCursor.java:144)
03-10 14:58:15.354 D/StrictMode( 4143): 	at android.database.sqlite.SQLiteCursor.getCount(SQLiteCursor.java:133)
03-10 14:58:15.354 D/StrictMode( 4143): 	at android.database.CursorToBulkCursorAdaptor.getBulkCursorDescriptor(CursorToBulkCursorAdaptor.java:148)
03-10 14:58:15.354 D/StrictMode( 4143): 	at android.content.ContentProviderNative.onTransact(ContentProviderNative.java:118)
03-10 14:58:15.354 D/StrictMode( 4143): 	at android.os.Binder.execTransact(Binder.java:404)
03-10 14:58:15.354 D/StrictMode( 4143): # via Binder call with stack:
03-10 14:58:15.354 D/StrictMode( 4143): android.os.StrictMode$LogStackTrace
03-10 14:58:15.354 D/StrictMode( 4143): 	at android.os.StrictMode.readAndHandleBinderCallViolations(StrictMode.java:1705)
03-10 14:58:15.354 D/StrictMode( 4143): 	at android.os.Parcel.readExceptionCode(Parcel.java:1447)
03-10 14:58:15.354 D/StrictMode( 4143): 	at android.database.DatabaseUtils.readExceptionFromParcel(DatabaseUtils.java:134)
03-10 14:58:15.354 D/StrictMode( 4143): 	at android.content.ContentProviderProxy.query(ContentProviderNative.java:413)
03-10 14:58:15.354 D/StrictMode( 4143): 	at android.content.ContentResolver.query(ContentResolver.java:461)
03-10 14:58:15.354 D/StrictMode( 4143): 	at android.content.ContentResolver.query(ContentResolver.java:404)
03-10 14:58:15.354 D/StrictMode( 4143): 	at com.google.android.apps.gmm.map.n.b.j.b(SourceFile:67)
03-10 14:58:15.354 D/StrictMode( 4143): 	at com.google.android.apps.gmm.map.n.b.j.a(SourceFile:100)
03-10 14:58:15.354 D/StrictMode( 4143): 	at com.google.android.apps.gmm.location.a.m.a(SourceFile:193)
03-10 14:58:15.354 D/StrictMode( 4143): 	at com.google.android.apps.gmm.location.a.m.<init>(SourceFile:174)
03-10 14:58:15.354 D/StrictMode( 4143): 	at com.google.android.apps.gmm.base.app.GoogleMapsApplication.onCreate(SourceFile:195)
03-10 14:58:15.354 D/StrictMode( 4143): 	at android.app.Instrumentation.callApplicationOnCreate(Instrumentation.java:1007)
03-10 14:58:15.354 D/StrictMode( 4143): 	at android.app.ActivityThread.handleBindApplication(ActivityThread.java:4344)
03-10 14:58:15.354 D/StrictMode( 4143): 	at android.app.ActivityThread.access$1500(ActivityThread.java:135)
03-10 14:58:15.354 D/StrictMode( 4143): 	at android.app.ActivityThread$H.handleMessage(ActivityThread.java:1256)
03-10 14:58:15.354 D/StrictMode( 4143): 	at android.os.Handler.dispatchMessage(Handler.java:102)
03-10 14:58:15.354 D/StrictMode( 4143): 	at android.os.Looper.loop(Looper.java:136)
03-10 14:58:15.354 D/StrictMode( 4143): 	at android.app.ActivityThread.main(ActivityThread.java:5017)
03-10 14:58:15.354 D/StrictMode( 4143): 	at java.lang.reflect.Method.invoke(Native Method)
03-10 14:58:15.354 D/StrictMode( 4143): 	at com.android.internal.os.ZygoteInit$MethodAndArgsCaller.run(ZygoteInit.java:779)
03-10 14:58:15.354 D/StrictMode( 4143): 	at com.android.internal.os.ZygoteInit.main(ZygoteInit.java:595)
03-10 14:58:15.354 D/StrictMode( 4143): StrictMode policy violation; ~duration=81 ms: android.os.StrictMode$StrictModeDiskReadViolation: policy=31 violation=2
03-10 14:58:15.354 D/StrictMode( 4143): 	at android.os.StrictMode$AndroidBlockGuardPolicy.onReadFromDisk(StrictMode.java:1135)
03-10 14:58:15.354 D/StrictMode( 4143): 	at android.app.SharedPreferencesImpl.awaitLoadedLocked(SharedPreferencesImpl.java:203)
03-10 14:58:15.354 D/StrictMode( 4143): 	at android.app.SharedPreferencesImpl.getString(SharedPreferencesImpl.java:223)
03-10 14:58:15.354 D/StrictMode( 4143): 	at com.google.android.apps.gmm.util.A.a(SourceFile:117)
03-10 14:58:15.354 D/StrictMode( 4143): 	at com.google.android.apps.gmm.navigation.a.N.b(SourceFile:252)
03-10 14:58:15.354 D/StrictMode( 4143): 	at com.google.android.apps.gmm.navigation.a.N.<init>(SourceFile:242)
03-10 14:58:15.354 D/StrictMode( 4143): 	at com.google.android.apps.gmm.base.app.GoogleMapsApplication.onCreate(SourceFile:211)
03-10 14:58:15.354 D/StrictMode( 4143): 	at android.app.Instrumentation.callApplicationOnCreate(Instrumentation.java:1007)
03-10 14:58:15.354 D/StrictMode( 4143): 	at android.app.ActivityThread.handleBindApplication(ActivityThread.java:4344)
03-10 14:58:15.354 D/StrictMode( 4143): 	at android.app.ActivityThread.access$1500(ActivityThread.java:135)
03-10 14:58:15.354 D/StrictMode( 4143): 	at android.app.ActivityThread$H.handleMessage(ActivityThread.java:1256)
03-10 14:58:15.354 D/StrictMode( 4143): 	at android.os.Handler.dispatchMessage(Handler.java:102)
03-10 14:58:15.354 D/StrictMode( 4143): 	at android.os.Looper.loop(Looper.java:136)
03-10 14:58:15.354 D/StrictMode( 4143): 	at android.app.ActivityThread.main(ActivityThread.java:5017)
03-10 14:58:15.354 D/StrictMode( 4143): 	at java.lang.reflect.Method.invoke(Native Method)
03-10 14:58:15.354 D/StrictMode( 4143): 	at com.android.internal.os.ZygoteInit$MethodAndArgsCaller.run(ZygoteInit.java:779)
03-10 14:58:15.354 D/StrictMode( 4143): 	at com.android.internal.os.ZygoteInit.main(ZygoteInit.java:595)
03-10 14:58:15.384 I/ActivityManager(  627): Start proc com.devhd.feedly for broadcast com.devhd.feedly/.widget.FeedlyWidgetProvider: pid=4200 uid=10085 gids={50085, 3003, 1028, 1015}
03-10 14:58:15.414 I/ActivityManager(  627): Killing 3498:com.ttxapps.wifiadb/u0a90 (adj 15): empty #17
03-10 14:58:15.464 I/widget.provider( 4200): com.devhd.feedly.widget.FeedlyWidgetProvider onReceive: android.net.conn.CONNECTIVITY_CHANGE
03-10 14:58:15.474 W/widget.data( 4200): **** creating widget[0] data model object ****
03-10 14:58:15.494 I/ActivityManager(  627): Start proc com.chrome.beta for broadcast com.chrome.beta/com.google.android.apps.chrome.precache.PrecacheServiceLauncher: pid=4227 uid=10083 gids={50083, 3003, 1028, 1015}
03-10 14:58:15.514 I/ActivityManager(  627): Killing 3528:com.ted.android/u0a88 (adj 15): empty #17
03-10 14:58:15.524 W/GLSUser ( 1259): GoogleAccountDataService.getToken()
03-10 14:58:15.544 I/GoogleTTSService( 4175): Creating Google TTS service, version 3.0.10.1047791
03-10 14:58:15.574 I/patts   ( 4175): [embedded_hmm_synthesizer.cc:21] Embedded HMM synthesizer initialized.
03-10 14:58:15.574 I/patts   ( 4175): [jni_loader.cc:74] Patts JNI loaded successfully.
03-10 14:58:15.574 I/TextToSpeech( 4143): Connected to ComponentInfo{com.google.android.tts/com.google.android.tts.service.GoogleTTSService}
03-10 14:58:15.574 I/ActivityManager(  627): Killing 3716:com.google.android.partnersetup/u0a11 (adj 15): empty #17
03-10 14:58:15.584 I/TextToSpeech( 4143): Set up connection to ComponentInfo{com.google.android.tts/com.google.android.tts.service.GoogleTTSService}
03-10 14:58:15.634 I/ActivityManager(  627): Start proc com.skype.raider for broadcast com.skype.raider/com.skype.android.app.calling.SeamlessCapabilityReceiver: pid=4255 uid=10108 gids={50108, 3003, 3002, 1028, 1015}
03-10 14:58:15.634 I/ActivityManager(  627): Killing 3131:com.google.android.deskclock/u0a34 (adj 15): empty #17
03-10 14:58:15.674 W/linker  ( 4255): libSkypeAndroid.so has text relocations. This is wasting memory and is a security risk. Please fix.
03-10 14:58:16.174 I/art     ( 4255): Heap trim of managed (duration=1.818177ms, advised=2MB) and native (duration=1.106771ms, advised=0B) heaps. Managed heap utilization of 19%.
03-10 14:58:16.304 I/ActivityManager(  627): Killing 3594:com.google.android.email/u0a37 (adj 15): empty #17
03-10 14:58:16.954 D//Ln.java:218( 4255): main Configuring Logging, minimum log level is INFO
03-10 14:58:16.974 W/linker  ( 4255): libsliq.so has text relocations. This is wasting memory and is a security risk. Please fix.
03-10 14:58:16.984 W/linker  ( 4255): libSkyLib.so has text relocations. This is wasting memory and is a security risk. Please fix.
03-10 14:58:17.004 V/skype_jni( 4255): jni_CallDevice::jni_CallDevice()
03-10 14:58:17.004 V/skype_jni( 4255): jni_CallDevice::Init()
03-10 14:58:17.004 E/skype_jni( 4255): g_jniCallback == 0
03-10 14:58:17.004 E/skype_jni( 4255): g_pcmInit == 0
03-10 14:58:17.064 V/skype_jni( 4255): JNI Init
03-10 14:58:17.064 V/skype_jni( 4255): jniSetup
03-10 14:58:17.104 I/rmt_storage(  177): rmt_storage_connect_cb: clnt_h=0x8 conn_h=0xb8706160
03-10 14:58:17.104 I/rmt_storage(  177): rmt_storage_rw_iovec_cb: /boot/modem_fs1: clnt_h=0x1: req_h=0xc msg_id=3: R/W request received
03-10 14:58:17.104 I/rmt_storage(  177): wakelock acquired: 1, error no: 2
03-10 14:58:17.104 I/rmt_storage(  177): rmt_storage_client_thread: /boot/modem_fs1: clnt_h=0x1 Unblock worker thread (th_id: -1200595248)
03-10 14:58:17.144 W/art     ( 4255): Thread[13,tid=4287,Native,Thread*=0x4aed7470,peer=0x657ef4e8,"Thread-399"] attached without supplying a name
03-10 14:58:17.144 W/art     ( 4255): Thread[13,tid=4291,Native,Thread*=0x4aee6a98,peer=0x657826e0,"Thread-400"] attached without supplying a name
03-10 14:58:17.144 W/art     ( 4255): Thread[13,tid=4291,Native,Thread*=0x4aee07b8,peer=0x65782948,"Thread-401"] attached without supplying a name
03-10 14:58:17.144 W/art     ( 4255): Thread[14,tid=4285,Native,Thread*=0x4afebe50,peer=0x65782c28,"Thread-402"] attached without supplying a name
03-10 14:58:17.154 W/art     ( 4255): Thread[13,tid=4291,Native,Thread*=0x4afff748,peer=0x6578ad50,"Thread-403"] attached without supplying a name
03-10 14:58:17.154 W/art     ( 4255): Thread[13,tid=4291,Native,Thread*=0x4afff748,peer=0x6578afb0,"Thread-404"] attached without supplying a name
03-10 14:58:17.154 I/AwesomePlayer(  184): setDataSource_l(URL suppressed)
03-10 14:58:17.174 W/art     ( 4255): Thread[13,tid=4292,Native,Thread*=0x4b1791e0,peer=0x6578b7a0,"Thread-405"] attached without supplying a name
03-10 14:58:17.174 W/art     ( 4255): Thread[13,tid=4292,Native,Thread*=0x4b1791e0,peer=0x6578ba00,"Thread-406"] attached without supplying a name
03-10 14:58:17.174 W/art     ( 4255): Thread[13,tid=4292,Native,Thread*=0x4b1791e0,peer=0x6578bc60,"Thread-407"] attached without supplying a name
03-10 14:58:17.174 W/art     ( 4255): Thread[13,tid=4292,Native,Thread*=0x4b1791e0,peer=0x659ea350,"Thread-408"] attached without supplying a name
03-10 14:58:17.174 W/art     ( 4255): Thread[13,tid=4292,Native,Thread*=0x4b1791e0,peer=0x659ea598,"Thread-409"] attached without supplying a name
03-10 14:58:17.174 I/rmt_storage(  177): rmt_storage_client_thread: /boot/modem_fs1: clnt_h=0x1: req_h=0xc msg_id=3: Bytes written = 1572864
03-10 14:58:17.174 I/rmt_storage(  177): rmt_storage_client_thread: /boot/modem_fs1: clnt_h=0x1: req_h=0xc msg_id=3: Send response: res=0 err=0
03-10 14:58:17.174 I/rmt_storage(  177): rmt_storage_client_thread: /boot/modem_fs1: clnt_h=0x1 About to block rmt_storage client thread (th_id: -1200595248) wakelock released: 1, error no: 0
03-10 14:58:17.174 I/rmt_storage(  177): 
03-10 14:58:17.174 I/rmt_storage(  177): rmt_storage_disconnect_cb: clnt_h=0x0x8 conn_h=0x0xb8706160
03-10 14:58:17.174 I/AwesomePlayer(  184): setDataSource_l(URL suppressed)
03-10 14:58:17.184 W/art     ( 4255): Thread[13,tid=4287,Native,Thread*=0x4b171698,peer=0x659ea7f8,"Thread-410"] attached without supplying a name
03-10 14:58:17.184 W/art     ( 4255): Thread[13,tid=4287,Native,Thread*=0x4b171698,peer=0x659eaa58,"Thread-411"] attached without supplying a name
03-10 14:58:17.184 W/art     ( 4255): Thread[13,tid=4287,Native,Thread*=0x4b171698,peer=0x659eacb8,"Thread-412"] attached without supplying a name
03-10 14:58:17.184 W/art     ( 4255): Thread[13,tid=4287,Native,Thread*=0x4b171698,peer=0x659eaf18,"Thread-413"] attached without supplying a name
03-10 14:58:17.184 W/art     ( 4255): Thread[13,tid=4287,Native,Thread*=0x4b171698,peer=0x659eb178,"Thread-414"] attached without supplying a name
03-10 14:58:17.184 W/art     ( 4255): Thread[13,tid=4287,Native,Thread*=0x4b171698,peer=0x659eb3d8,"Thread-415"] attached without supplying a name
03-10 14:58:17.184 W/art     ( 4255): Thread[13,tid=4287,Native,Thread*=0x4b171698,peer=0x65643408,"Thread-416"] attached without supplying a name
03-10 14:58:17.184 W/art     ( 4255): Thread[13,tid=4287,Native,Thread*=0x4b171698,peer=0x65643668,"Thread-417"] attached without supplying a name
03-10 14:58:17.184 W/art     ( 4255): Thread[13,tid=4287,Native,Thread*=0x4b171698,peer=0x656438c8,"Thread-418"] attached without supplying a name
03-10 14:58:17.184 W/art     ( 4255): Thread[13,tid=4287,Native,Thread*=0x4b171698,peer=0x65643b28,"Thread-419"] attached without supplying a name
03-10 14:58:17.184 W/art     ( 4255): Thread[13,tid=4287,Native,Thread*=0x4b171698,peer=0x65643d88,"Thread-420"] attached without supplying a name
03-10 14:58:17.184 W/art     ( 4255): Thread[13,tid=4287,Native,Thread*=0x4b171698,peer=0x65643fe8,"Thread-421"] attached without supplying a name
03-10 14:58:17.184 W/art     ( 4255): Thread[13,tid=4287,Native,Thread*=0x4b171698,peer=0x65644248,"Thread-422"] attached without supplying a name
03-10 14:58:17.184 W/art     ( 4255): Thread[13,tid=4287,Native,Thread*=0x4b171698,peer=0x656444a8,"Thread-423"] attached without supplying a name
03-10 14:58:17.184 W/art     ( 4255): Thread[13,tid=4287,Native,Thread*=0x4b171698,peer=0x6579f7f0,"Thread-424"] attached without supplying a name
03-10 14:58:17.184 W/art     ( 4255): Thread[13,tid=4287,Native,Thread*=0x4aed97d8,peer=0x6579fa50,"Thread-425"] attached without supplying a name
03-10 14:58:17.184 I/Camera2ClientBase(  184): Camera 0: Opened
