03-10 14:57:20.164 W/GeckoProfile( 3078): Requested profile directory missing.
03-10 14:57:20.164 I/ActivityManager(  627): Delay finish: org.mozilla.fennec/org.mozilla.gecko.background.healthreport.HealthReportBroadcastReceiver
03-10 14:57:20.164 I/ActivityManager(  627): Resuming delayed broadcast
03-10 14:57:20.184 I/ActivityManager(  627): Start proc com.onelouder.baconreader for broadcast com.onelouder.baconreader/.BootReceiver: pid=3103 uid=10106 gids={50106, 3003, 1028, 1015}
03-10 14:57:20.184 I/ActivityManager(  627): Killing 2286:com.google.android.apps.genie.geniewidget/u0a41 (adj 15): empty #17
03-10 14:57:20.334 I/ErrorAgent( 3103): Registering custom exceptions handler
03-10 14:57:20.374 D/ImageCache( 3103): enabled write through to /storage/emulated/0/Android/data/com.onelouder.baconreader/cache/cachefu/image_cache
03-10 14:57:20.374 D/ImageCache( 3103): sanitize DISK cache
03-10 14:57:20.454 D/Setting notifications for every ( 3103): 86400000
03-10 14:57:20.454 V/KeepAlert( 2445): Action com.google.android.location.internal.server.ACTION_RESTARTED
03-10 14:57:20.454 I/ActivityManager(  627): Delay finish: com.google.android.keep/.notification.AlertReceiver
03-10 14:57:20.464 I/GCoreUlr( 1223): Starting service, intent=Intent { cmp=com.google.android.gms/com.google.android.location.reporting.service.DispatchingService (has extras) }, extras=Bundle[{intentType=2, receiverAction=com.google.android.location.internal.server.ACTION_RESTARTED}]
03-10 14:57:20.464 I/GCoreUlr( 1223): WorldUpdater received intent Intent { cmp=com.google.android.gms/com.google.android.location.reporting.service.DispatchingService (has extras) } with receiverAction com.google.android.location.internal.server.ACTION_RESTARTED, forceUpdate false
03-10 14:57:20.464 I/ActivityManager(  627): Resuming delayed broadcast
03-10 14:57:20.464 I/ActivityManager(  627): Killing 2359:com.lge.SprintHiddenMenu/1000 (adj 15): empty #17
03-10 14:57:20.514 D/GCM     ( 1259): GcmService start Intent { act=com.google.android.gms.INITIALIZE flg=0x10 pkg=com.google.android.gms cmp=com.google.android.gms/.gcm.GcmService } com.google.android.gms.INITIALIZE
03-10 14:57:20.554 I/ActivityManager(  627): Start proc com.google.android.deskclock for broadcast com.google.android.deskclock/com.android.deskclock.AlarmInitReceiver: pid=3131 uid=10034 gids={50034, 1028}
03-10 14:57:20.594 I/GCoreUlr( 1223): Ensuring that reporting is active for [account#-17#]
03-10 14:57:20.604 W/art     ( 3131): Failed to find ELF magic in /system/app/DeskClockGoogle.odex: dey
03-10 14:57:20.624 V/AlarmClock( 3131): AlarmInitReceiver android.intent.action.TIME_SET
03-10 14:57:20.624 I/GCoreUlr( 1223): GMS FLP location updates requested: {"timestampMs":1394456240592,"description":"stationary","samplePeriodMs":1200000,"sampleSource":"internal","sampleReason":"stationary"}; triggerImmediate=false
03-10 14:57:20.654 I/AlarmClock( 3131): Displaying next alarm time: ''
03-10 14:57:20.654 V/AlarmClock( 3131): AlarmInitReceiver finished
03-10 14:57:20.694 I/ActivityManager(  627): Start proc com.qualcomm.timeservice for broadcast com.qualcomm.timeservice/.TimeServiceBroadcastReceiver: pid=3153 uid=10070 gids={50070}
03-10 14:57:20.694 I/ActivityManager(  627): Killing 2492:com.google.android.talk/u0a52 (adj 15): empty #17
03-10 14:57:20.814 I/art     (  627): Heap trim of managed (duration=15.059895ms, advised=3MB) and native (duration=2.414063ms, advised=28KB) heaps. Managed heap utilization of 66%.
03-10 14:57:20.844 W/art     ( 3153): Failed to find ELF magic in /system/app/TimeService.odex: dey
03-10 14:57:20.854 D/TimeService( 3153): Receivedandroid.intent.action.TIME_SET intent. Current Time is 1394456240858
03-10 14:57:20.854 D/        ( 3153): TimeServiceNative: User Time to be set is 1394456240858
03-10 14:57:20.854 D/QC-time-services( 3153): Lib:time_genoff_operation: pargs->base = 2
03-10 14:57:20.854 D/QC-time-services( 3153): Lib:time_genoff_operation: pargs->operation = 0
03-10 14:57:20.854 D/QC-time-services( 3153): Lib:time_genoff_operation: pargs->ts_val = 1394456240858
03-10 14:57:20.854 D/QC-time-services(  198): Daemon: Connection accepted:time_genoff
03-10 14:57:20.854 D/QC-time-services( 3153): Lib:time_genoff_operation: Send to server  passed!!
03-10 14:57:20.854 D/QC-time-services(  198): Daemon:Received base = 2, unit = 1, operation = 0,value = 1394456240858
03-10 14:57:20.854 D/QC-time-services(  198): Daemon:genoff_opr: Base = 2, val = 1394456240858, operation = 0
03-10 14:57:20.854 D/QC-time-services(  198): Daemon:rtc_get: Time read from RTC -- MM/DD/YY HH:MM:SS3/18/70 17:20:4
03-10 14:57:20.854 D/QC-time-services(  198): Daemon:Value read from RTC seconds = 9307204000
03-10 14:57:20.854 D/QC-time-services(  198): Daemon:new time 1394456240858 
03-10 14:57:20.854 D/QC-time-services(  198): Daemon: delta 1385149036858 genoff 1385149036858 
03-10 14:57:20.854 D/QC-time-services(  198): Daemon:genoff_persistent_update: Writing genoff = 1385149036858 to memory
03-10 14:57:20.854 D/QC-time-services(  198): Daemon:Opening File: /data/system/time/ats_2
03-10 14:57:20.854 D/QC-time-services(  198): Daemon:time_persistent_memory_opr:Genoff write operation 
03-10 14:57:20.854 D/QC-time-services(  198): Updating the TOD offset
03-10 14:57:20.854 D/QC-time-services(  198): Daemon:genoff_persistent_update: Writing genoff = 1385149036858 to memory
03-10 14:57:20.854 D/QC-time-services(  198): Daemon:Opening File: /data/system/time/ats_1
03-10 14:57:20.854 D/QC-time-services(  198): Daemon:time_persistent_memory_opr:Genoff write operation 
03-10 14:57:20.864 D/QC-time-services(  198): Daemon:Update to modem bit set
03-10 14:57:20.864 D/QC-time-services(  198): Daemon:genoff_send_modem: Sending data to MODEM !
03-10 14:57:20.864 E/QC-time-services( 3153): Receive Passed == base = 2, unit = 1, operation = 0, result = 0
03-10 14:57:20.864 D/QC-time-services(  198): Daemon: Base = 2, Value being sent to MODEM = 1078491440858
03-10 14:57:20.864 D/QC-time-services(  198): Daemon: Time-services: Waiting to acceptconnection
03-10 14:57:20.864 D/QC-time-services(  198): Daemon:tod_update_ind_cb: Got Update from modem msg_id 40
03-10 14:57:20.874 V/KeepAlert( 2445): Action android.intent.action.TIME_SET
03-10 14:57:20.924 I/ActivityManager(  627): Delay finish: com.google.android.gm/.MailIntentReceiver
03-10 14:57:20.934 I/ActivityManager(  627): Resuming delayed broadcast
03-10 14:57:21.014 D/AlertReceiver( 2640): onReceive: a=android.intent.action.PROVIDER_CHANGED Intent { act=android.intent.action.PROVIDER_CHANGED dat=content://com.android.calendar flg=0x10 cmp=com.google.android.calendar/com.android.calendar.alerts.AlertReceiver }
03-10 14:57:21.014 D/AlertService( 2640): 0 Action = android.intent.action.PROVIDER_CHANGED
03-10 14:57:21.154 I/art     ( 1520): Heap trim of managed (duration=4.554532ms, advised=1896KB) and native (duration=2.353020ms, advised=48KB) heaps. Managed heap utilization of 31%.
03-10 14:57:21.164 I/ActivityManager(  627): Start proc com.google.android.music:main for broadcast com.google.android.music/.store.MediaStoreImportService$Receiver: pid=3192 uid=10060 gids={50060, 3003, 1028, 1015}
03-10 14:57:21.404 I/MusicStore( 3192): Database version: 85
03-10 14:57:21.444 W/ContextImpl( 3192): Implicit intents with startService are not safe: Intent { act=com.google.android.music.PREFERENCE_SERVICE } android.content.ContextWrapper.bindService:517 com.google.android.music.utils.SafeServiceConnection$ServiceConnectionImp.bindService:98 com.google.android.music.utils.SafeServiceConnection.bindService:259 
03-10 14:57:21.494 W/ContextImpl( 3192): Implicit intents with startService are not safe: Intent { act=com.google.android.music.NETWORK_MONITOR_SERVICE } android.content.ContextWrapper.bindService:517 com.google.android.music.utils.SafeServiceConnection$ServiceConnectionImp.bindService:98 com.google.android.music.utils.SafeServiceConnection.bindService:259 
03-10 14:57:21.674 I/MediaRouter( 3192): Found default route: MediaRouter.RouteInfo{ uniqueId=android/.support.v7.media.SystemMediaRouteProvider:DEFAULT_ROUTE, name=Phone, description=null, enabled=true, connecting=false, playbackType=0, playbackStream=3, volumeHandling=1, volume=0, volumeMax=15, presentationDisplayId=-1, extras=null, providerPackageName=android }
03-10 14:57:21.704 I/ActivityManager(  627): Delay finish: com.google.android.music/.store.MediaStoreImportService$Receiver
03-10 14:57:21.764 I/CastUtils( 3192): Removing provider: MediaRouter.RouteProviderInfo{ packageName=com.google.android.gms }
03-10 14:57:21.764 I/ActivityManager(  627): Resuming delayed broadcast
03-10 14:57:21.764 I/ActivityManager(  627): Delay finish: com.google.android.music/.store.MediaStoreImportService$Receiver
03-10 14:57:21.774 I/ActivityManager(  627): Resuming delayed broadcast
03-10 14:57:21.814 W/art     (  182): Could not get current activity
03-10 14:57:21.824 I/ActivityManager(  627): Start proc com.google.android.setupwizard for broadcast com.google.android.setupwizard/.MobileConnectivityChangeReceiver: pid=3239 uid=10017 gids={50017, 3003}
03-10 14:57:21.874 W/art     ( 3239): Failed to find ELF magic in /system/priv-app/SetupWizard.odex: dey
03-10 14:57:21.904 D/MobileConnectivityChangeReceiver( 3239): onReceive Intent { act=android.net.conn.CONNECTIVITY_CHANGE flg=0x4000010 cmp=com.google.android.setupwizard/.MobileConnectivityChangeReceiver (has extras) }
03-10 14:57:21.904 D/MobileConnectivityChangeReceiver( 3239): onReceive CONNECTIVITY_CHANGE networkType=0
03-10 14:57:21.904 D/MobileConnectivityChangeReceiver( 3239): onReceive CONNECTIVITY_CHANGE: checkConnection
03-10 14:57:21.904 E/PhoneMonitor( 3239): onOtaspChanged old =0, new =3
03-10 14:57:21.904 V/PhoneMonitor( 3239): mOtaspPhoneStateListener#onOtaspChanged, mOtaspMode=3
03-10 14:57:21.914 D/YouTube ( 2525): apps.youtube.app.prefetch.PrefetchService$DeviceStateReceiver.onReceive:565 Got device state change intent: android.net.conn.CONNECTIVITY_CHANGE
03-10 14:57:21.914 D/CheckConnectionTask( 3239): doInBackground: url=http://clients3.google.com/generate_204
03-10 14:57:21.914 D/YouTube ( 2525): apps.youtube.app.prefetch.PrefetchService.onStartCommand:167 PrefetchService started at 10 Mar 2014 12:57:21 GMT
03-10 14:57:21.924 D/YouTube ( 2525): apps.youtube.app.prefetch.PrefetchService.p_:245 Download snapshot restored
03-10 14:57:21.924 D/YouTube ( 2525): apps.youtube.app.prefetch.PrefetchService.onDestroy:215 PrefetchService destroyed at 10 Mar 2014 12:57:21 GMT
03-10 14:57:21.924 I/ActivityManager(  627): Killing 2709:com.google.android.gms.ui/u0a7 (adj 15): empty #17
03-10 14:57:21.934 I/CheckinService( 1259): Preparing to send checkin request
03-10 14:57:21.934 I/EventLogService( 1259): Accumulating logs since 1394456147195
03-10 14:57:21.934 D/GCM     ( 1259): GcmService start Intent { act=android.net.conn.CONNECTIVITY_CHANGE flg=0x4000010 cmp=com.google.android.gms/.gcm.GcmService (has extras) } android.net.conn.CONNECTIVITY_CHANGE
03-10 14:57:21.964 I/ActivityManager(  627): Start proc com.google.android.apps.magazines for broadcast com.google.android.apps.magazines/com.google.apps.dots.android.newsstand.appwidget.NewsWidgetProvider: pid=3275 uid=10057 gids={50057, 3003, 1028, 1015}
03-10 14:57:21.994 W/EventLogAggregator( 1259): Unknown tag: SYSTEM_AUDIT
03-10 14:57:22.074 V/WebViewChromium( 3275): Binding Chromium to the background looper Looper (main, tid 1) {6553a580}
03-10 14:57:22.074 I/chromium( 3275): [INFO:library_loader_hooks.cc(112)] Chromium logging enabled: level = 0, default verbosity = 0
03-10 14:57:22.074 W/GLSUser ( 1259): GoogleAccountDataService.getToken()
03-10 14:57:22.084 I/BrowserProcessMain( 3275): Initializing chromium process, renderers=0
03-10 14:57:22.084 W/art     ( 3275): Attempt to remove local SIRT entry from IRT, ignoring
03-10 14:57:22.094 W/art     ( 3275): Thread[13,tid=3304,Native,Thread*=0x4988a008,peer=0x655db578,"Thread-291"] attached without supplying a name
03-10 14:57:22.094 W/art     ( 3275): Thread[14,tid=3303,Native,Thread*=0x4988b548,peer=0x655dbbc0,"Thread-292"] attached without supplying a name
03-10 14:57:22.094 W/chromium( 3275): [WARNING:proxy_service.cc(888)] PAC support disabled because there is no system implementation
03-10 14:57:22.104 I/Adreno-EGL( 3275): <qeglDrvAPI_eglInitialize:320>: EGL 1.4 QUALCOMM Build: I0404c4692afb8623f95c43aeb6d5e13ed4b30ddbDate: 11/06/13
03-10 14:57:22.144 W/art     ( 3275): Thread[15,tid=3298,Native,Thread*=0x4a224c28,peer=0x655deff0,"Thread-293"] attached without supplying a name
03-10 14:57:22.164 I/CheckinTask( 1259): Sending checkin request (21923 bytes)
03-10 14:57:22.164 D/CheckConnectionTask( 3239): doInBackground: resultCode=204 retVal=true
03-10 14:57:22.164 D/CheckConnectionTask( 3239): onPostExecute connected=true
03-10 14:57:22.164 D/CheckConnectionTask( 3239): onPostExecute set preference connected=true
03-10 14:57:22.164 I/ActivityManager(  627): Waited long enough for: ServiceRecord{66247800 u0 com.qualcomm.qcrilmsgtunnel/.QcrilMsgTunnelService}
03-10 14:57:22.174 W/art     ( 3275): Attempt to remove local SIRT entry from IRT, ignoring
03-10 14:57:22.254 W/GAV2    ( 3275): Thread[main,5,main]: Need to call initialize() and be in fallback mode to start dispatch.
03-10 14:57:22.434 W/ActivityThread( 1259): ClassLoader.loadClass: The class loader returned by Thread.getContextClassLoader() may fail for processes that host multiple applications. You should explicitly specify a context class loader. For example: Thread.setContextClassLoader(getClass().getClassLoader());
03-10 14:57:22.444 I/NSApplication( 3275): Starting up...
03-10 14:57:22.474 I/ActivityManager(  627): Start proc com.google.android.apps.plus for broadcast com.google.android.apps.plus/.service.ConnectivityReceiver: pid=3328 uid=10065 gids={50065, 3003, 3002, 1028, 1015}
03-10 14:57:22.474 I/ActivityManager(  627): Killing 2002:com.google.android.partnersetup/u0a11 (adj 15): empty #17
03-10 14:57:22.524 W/art     ( 3328): Failed to find ELF magic in /system/framework/com.google.android.maps.odex: dey
03-10 14:57:23.054 I/Icing   ( 1125): Indexing A0DFF7A479489E0E9E8CF33BD7C972B2FF32644C from com.google.android.music
03-10 14:57:23.114 I/ImageResourceManager( 3328): ImageResourceManager: uninitalized
03-10 14:57:23.224 I/art     (  627): Heap trim of managed (duration=20.080208ms, advised=3MB) and native (duration=3.907448ms, advised=1156KB) heaps. Managed heap utilization of 66%.
03-10 14:57:23.234 I/iu.Environment( 3328): update battery state; isPlugged? true*
03-10 14:57:23.244 I/iu.Environment( 3328): update connectivity state; isNetworkMetered? true*, isRoaming? false, isBackgroundDataAllowed? true*
03-10 14:57:23.244 I/iu.Environment( 3328): update connectivity state; isNetworkMetered? true, isRoaming? false, isBackgroundDataAllowed? true
03-10 14:57:23.264 I/Icing   ( 1125): Indexing done A0DFF7A479489E0E9E8CF33BD7C972B2FF32644C
03-10 14:57:23.284 W/GLSUser ( 1259): GoogleAccountDataService.getToken()
03-10 14:57:23.284 I/ActivityManager(  627): Start proc com.google.android.apps.maps for broadcast com.google.android.apps.maps/com.google.userfeedback.android.api.FeedbackConnectivityReceiver: pid=3372 uid=10058 gids={50058, 3003, 1028, 1015}
03-10 14:57:23.284 I/ActivityManager(  627): Killing 2692:com.google.android.googlequicksearchbox:search/u0a20 (adj 15): empty #17
03-10 14:57:23.314 I/CheckinTask( 1259): Checkin success: https://android.clients.google.com/checkin (1 requests sent)
03-10 14:57:23.314 I/iu.UploadsManager( 3328): #reloadSettings(); account: null; pageID: none; IU: disabled; IS: disabled; photoWiFi: true; videoWiFi: true; roam: false; battery: true; size: FULL; maxMobile: 157286400
03-10 14:57:23.354 I/iu.UploadsManager( 3328): End new media; added: 0, uploading: 0, time: 37 ms
03-10 14:57:23.394 I/iu.FingerprintManager( 3328): Start processing all media
03-10 14:57:23.404 I/iu.FingerprintManager( 3328): Start processing media store URI: content://media/external/images/media
03-10 14:57:23.434 I/iu.FingerprintManager( 3328): Start processing media store URI: content://media/external/video/media
03-10 14:57:23.444 I/iu.FingerprintManager( 3328): Start processing media store URI: content://media/phoneStorage/images/media
03-10 14:57:23.444 I/iu.FingerprintManager( 3328): Start processing media store URI: content://media/phoneStorage/video/media
03-10 14:57:23.454 I/iu.FingerprintManager( 3328): Finished generating fingerprints; 0.054 seconds
03-10 14:57:23.454 I/iu.FingerprintManager( 3328):   numSeen=342 numGenerated=0 numDeleted=0 numFailed=0
03-10 14:57:23.614 I/Adreno-EGL( 3372): <qeglDrvAPI_eglInitialize:320>: EGL 1.4 QUALCOMM Build: I0404c4692afb8623f95c43aeb6d5e13ed4b30ddbDate: 11/06/13
03-10 14:57:23.744 W/ActivityThread( 3372): ClassLoader.loadClass: The class loader returned by Thread.getContextClassLoader() may fail for processes that host multiple applications. You should explicitly specify a context class loader. For example: Thread.setContextClassLoader(getClass().getClassLoader());
03-10 14:57:24.194 W/art     (  182): Could not get current activity
03-10 14:57:24.204 I/TextToSpeech( 3372): Sucessfully bound to com.google.android.tts
03-10 14:57:24.204 I/ActivityManager(  627): Start proc com.google.android.tts for service com.google.android.tts/.service.GoogleTTSService: pid=3415 uid=10049 gids={50049, 3003, 1028, 1015}
03-10 14:57:24.234 D/StrictMode( 3372): StrictMode policy violation; ~duration=219 ms: android.os.StrictMode$StrictModeDiskReadViolation: policy=287 violation=2
03-10 14:57:24.234 D/StrictMode( 3372): 	at android.os.StrictMode$AndroidBlockGuardPolicy.onReadFromDisk(StrictMode.java:1135)
03-10 14:57:24.234 D/StrictMode( 3372): 	at android.database.sqlite.SQLiteConnection.applyBlockGuardPolicy(SQLiteConnection.java:1041)
03-10 14:57:24.234 D/StrictMode( 3372): 	at android.database.sqlite.SQLiteConnection.executeForCursorWindow(SQLiteConnection.java:842)
03-10 14:57:24.234 D/StrictMode( 3372): 	at android.database.sqlite.SQLiteSession.executeForCursorWindow(SQLiteSession.java:836)
03-10 14:57:24.234 D/StrictMode( 3372): 	at android.database.sqlite.SQLiteQuery.fillWindow(SQLiteQuery.java:62)
03-10 14:57:24.234 D/StrictMode( 3372): 	at android.database.sqlite.SQLiteCursor.fillWindow(SQLiteCursor.java:144)
03-10 14:57:24.234 D/StrictMode( 3372): 	at android.database.sqlite.SQLiteCursor.getCount(SQLiteCursor.java:133)
03-10 14:57:24.234 D/StrictMode( 3372): 	at android.database.CursorToBulkCursorAdaptor.getBulkCursorDescriptor(CursorToBulkCursorAdaptor.java:148)
03-10 14:57:24.234 D/StrictMode( 3372): 	at android.content.ContentProviderNative.onTransact(ContentProviderNative.java:118)
03-10 14:57:24.234 D/StrictMode( 3372): 	at android.os.Binder.execTransact(Binder.java:404)
03-10 14:57:24.234 D/StrictMode( 3372): # via Binder call with stack:
03-10 14:57:24.234 D/StrictMode( 3372): android.os.StrictMode$LogStackTrace
03-10 14:57:24.234 D/StrictMode( 3372): 	at android.os.StrictMode.readAndHandleBinderCallViolations(StrictMode.java:1705)
03-10 14:57:24.234 D/StrictMode( 3372): 	at android.os.Parcel.readExceptionCode(Parcel.java:1447)
03-10 14:57:24.234 D/StrictMode( 3372): 	at android.database.DatabaseUtils.readExceptionFromParcel(DatabaseUtils.java:134)
03-10 14:57:24.234 D/StrictMode( 3372): 	at android.content.ContentProviderProxy.query(ContentProviderNative.java:413)
03-10 14:57:24.234 D/StrictMode( 3372): 	at android.content.ContentResolver.query(ContentResolver.java:461)
03-10 14:57:24.234 D/StrictMode( 3372): 	at android.content.ContentResolver.query(ContentResolver.java:404)
03-10 14:57:24.234 D/StrictMode( 3372): 	at com.google.android.apps.gmm.map.n.b.j.b(SourceFile:67)
03-10 14:57:24.234 D/StrictMode( 3372): 	at com.google.android.apps.gmm.map.n.b.j.a(SourceFile:100)
03-10 14:57:24.234 D/StrictMode( 3372): 	at com.google.android.apps.gmm.map.n.b.d.a(SourceFile:197)
03-10 14:57:24.234 D/StrictMode( 3372): 	at com.google.android.apps.gmm.map.n.b.d.<init>(SourceFile:178)
03-10 14:57:24.234 D/StrictMode( 3372): 	at com.google.android.apps.gmm.base.app.GoogleMapsApplication.onCreate(SourceFile:195)
03-10 14:57:24.234 D/StrictMode( 3372): 	at android.app.Instrumentation.callApplicationOnCreate(Instrumentation.java:1007)
03-10 14:57:24.234 D/StrictMode( 3372): 	at android.app.ActivityThread.handleBindApplication(ActivityThread.java:4344)
03-10 14:57:24.234 D/StrictMode( 3372): 	at android.app.ActivityThread.access$1500(ActivityThread.java:135)
03-10 14:57:24.234 D/StrictMode( 3372): 	at android.app.ActivityThread$H.handleMessage(ActivityThread.java:1256)
03-10 14:57:24.234 D/StrictMode( 3372): 	at android.os.Handler.dispatchMessage(Handler.java:102)
03-10 14:57:24.234 D/StrictMode( 3372): 	at android.os.Looper.loop(Looper.java:136)
03-10 14:57:24.234 D/StrictMode( 3372): 	at android.app.ActivityThread.main(ActivityThread.java:5017)
03-10 14:57:24.234 D/StrictMode( 3372): 	at java.lang.reflect.Method.invoke(Native Method)
03-10 14:57:24.234 D/StrictMode( 3372): 	at com.android.internal.os.ZygoteInit$MethodAndArgsCaller.run(ZygoteInit.java:779)
03-10 14:57:24.234 D/StrictMode( 3372): 	at com.android.internal.os.ZygoteInit.main(ZygoteInit.java:595)
03-10 14:57:24.234 D/StrictMode( 3372): StrictMode policy violation; ~duration=192 ms: android.os.StrictMode$StrictModeDiskReadViolation: policy=287 violation=2
03-10 14:57:24.234 D/StrictMode( 3372): 	at android.os.StrictMode$AndroidBlockGuardPolicy.onReadFromDisk(StrictMode.java:1135)
03-10 14:57:24.234 D/StrictMode( 3372): 	at android.database.sqlite.SQLiteConnection.applyBlockGuardPolicy(SQLiteConnection.java:1041)
03-10 14:57:24.234 D/StrictMode( 3372): 	at android.database.sqlite.SQLiteConnection.executeForCursorWindow(SQLiteConnection.java:842)
03-10 14:57:24.234 D/StrictMode( 3372): 	at android.database.sqlite.SQLiteSession.executeForCursorWindow(SQLiteSession.java:836)
03-10 14:57:24.234 D/StrictMode( 3372): 	at android.database.sqlite.SQLiteQuery.fillWindow(SQLiteQuery.java:62)
03-10 14:57:24.234 D/StrictMode( 3372): 	at android.database.sqlite.SQLiteCursor.fillWindow(SQLiteCursor.java:144)
03-10 14:57:24.234 D/StrictMode( 3372): 	at android.database.sqlite.SQLiteCursor.getCount(SQLiteCursor.java:133)
03-10 14:57:24.234 D/StrictMode( 3372): 	at android.database.CursorToBulkCursorAdaptor.getBulkCursorDescriptor(CursorToBulkCursorAdaptor.java:148)
03-10 14:57:24.234 D/StrictMode( 3372): 	at android.content.ContentProviderNative.onTransact(ContentProviderNative.java:118)
03-10 14:57:24.234 D/StrictMode( 3372): 	at android.os.Binder.execTransact(Binder.java:404)
03-10 14:57:24.234 D/StrictMode( 3372): # via Binder call with stack:
03-10 14:57:24.234 D/StrictMode( 3372): android.os.StrictMode$LogStackTrace
03-10 14:57:24.234 D/StrictMode( 3372): 	at android.os.StrictMode.readAndHandleBinderCallViolations(StrictMode.java:1705)
03-10 14:57:24.234 D/StrictMode( 3372): 	at android.os.Parcel.readExceptionCode(Parcel.java:1447)
03-10 14:57:24.234 D/StrictMode( 3372): 	at android.database.DatabaseUtils.readExceptionFromParcel(DatabaseUtils.java:134)
03-10 14:57:24.234 D/StrictMode( 3372): 	at android.content.ContentProviderProxy.query(ContentProviderNative.java:413)
03-10 14:57:24.234 D/StrictMode( 3372): 	at android.content.ContentResolver.query(ContentResolver.java:461)
03-10 14:57:24.234 D/StrictMode( 3372): 	at android.content.ContentResolver.query(ContentResolver.java:404)
03-10 14:57:24.234 D/StrictMode( 3372): 	at com.google.android.apps.gmm.map.n.b.j.b(SourceFile:67)
03-10 14:57:24.234 D/StrictMode( 3372): 	at com.google.android.apps.gmm.map.n.b.j.a(SourceFile:100)
03-10 14:57:24.234 D/StrictMode( 3372): 	at com.google.android.apps.gmm.location.a.m.a(SourceFile:193)
03-10 14:57:24.234 D/StrictMode( 3372): 	at com.google.android.apps.gmm.location.a.m.<init>(SourceFile:174)
03-10 14:57:24.234 D/StrictMode( 3372): 	at com.google.android.apps.gmm.base.app.GoogleMapsApplication.onCreate(SourceFile:195)
03-10 14:57:24.234 D/StrictMode( 3372): 	at android.app.Instrumentation.callApplicationOnCreate(Instrumentation.java:1007)
03-10 14:57:24.234 D/StrictMode( 3372): 	at android.app.ActivityThread.handleBindApplication(ActivityThread.java:4344)
03-10 14:57:24.234 D/StrictMode( 3372): 	at android.app.ActivityThread.access$1500(ActivityThread.java:135)
03-10 14:57:24.234 D/StrictMode( 3372): 	at android.app.ActivityThread$H.handleMessage(ActivityThread.java:1256)
03-10 14:57:24.234 D/StrictMode( 3372): 	at android.os.Handler.dispatchMessage(Handler.java:102)
03-10 14:57:24.234 D/StrictMode( 3372): 	at android.os.Looper.loop(Looper.java:136)
03-10 14:57:24.234 D/StrictMode( 3372): 	at android.app.ActivityThread.main(ActivityThread.java:5017)
03-10 14:57:24.234 D/StrictMode( 3372): 	at java.lang.reflect.Method.invoke(Native Method)
03-10 14:57:24.234 D/StrictMode( 3372): 	at com.android.internal.os.ZygoteInit$MethodAndArgsCaller.run(ZygoteInit.java:779)
03-10 14:57:24.234 D/StrictMode( 3372): 	at com.android.internal.os.ZygoteInit.main(ZygoteInit.java:595)
03-10 14:57:24.234 D/StrictMode( 3372): StrictMode policy violation; ~duration=107 ms: android.os.StrictMode$StrictModeDiskReadViolation: policy=31 violation=2
03-10 14:57:24.234 D/StrictMode( 3372): 	at android.os.StrictMode$AndroidBlockGuardPolicy.onReadFromDisk(StrictMode.java:1135)
03-10 14:57:24.234 D/StrictMode( 3372): 	at android.app.SharedPreferencesImpl.awaitLoadedLocked(SharedPreferencesImpl.java:203)
03-10 14:57:24.234 D/StrictMode( 3372): 	at android.app.SharedPreferencesImpl.getString(SharedPreferencesImpl.java:223)
03-10 14:57:24.234 D/StrictMode( 3372): 	at com.google.android.apps.gmm.util.A.a(SourceFile:117)
03-10 14:57:24.234 D/StrictMode( 3372): 	at com.google.android.apps.gmm.navigation.a.N.b(SourceFile:252)
03-10 14:57:24.234 D/StrictMode( 3372): 	at com.google.android.apps.gmm.navigation.a.N.<init>(SourceFile:242)
03-10 14:57:24.234 D/StrictMode( 3372): 	at com.google.android.apps.gmm.base.app.GoogleMapsApplication.onCreate(SourceFile:211)
03-10 14:57:24.234 D/StrictMode( 3372): 	at android.app.Instrumentation.callApplicationOnCreate(Instrumentation.java:1007)
03-10 14:57:24.234 D/StrictMode( 3372): 	at android.app.ActivityThread.handleBindApplication(ActivityThread.java:4344)
03-10 14:57:24.234 D/StrictMode( 3372): 	at android.app.ActivityThread.access$1500(ActivityThread.java:135)
03-10 14:57:24.234 D/StrictMode( 3372): 	at android.app.ActivityThread$H.handleMessage(ActivityThread.java:1256)
03-10 14:57:24.234 D/StrictMode( 3372): 	at android.os.Handler.dispatchMessage(Handler.java:102)
03-10 14:57:24.234 D/StrictMode( 3372): 	at android.os.Looper.loop(Looper.java:136)
03-10 14:57:24.234 D/StrictMode( 3372): 	at android.app.ActivityThread.main(ActivityThread.java:5017)
03-10 14:57:24.234 D/StrictMode( 3372): 	at java.lang.reflect.Method.invoke(Native Method)
03-10 14:57:24.234 D/StrictMode( 3372): 	at com.android.internal.os.ZygoteInit$MethodAndArgsCaller.run(ZygoteInit.java:779)
03-10 14:57:24.234 D/StrictMode( 3372): 	at com.android.internal.os.ZygoteInit.main(ZygoteInit.java:595)
03-10 14:57:24.274 I/ActivityManager(  627): Start proc com.devhd.feedly for broadcast com.devhd.feedly/.widget.FeedlyWidgetProvider: pid=3436 uid=10085 gids={50085, 3003, 1028, 1015}
03-10 14:57:24.364 I/art     ( 3372): Heap trim of managed (duration=3.388281ms, advised=576KB) and native (duration=1.864271ms, advised=12KB) heaps. Managed heap utilization of 49%.
03-10 14:57:24.404 I/widget.provider( 3436): com.devhd.feedly.widget.FeedlyWidgetProvider onReceive: android.net.conn.CONNECTIVITY_CHANGE
03-10 14:57:24.404 W/widget.data( 3436): **** creating widget[0] data model object ****
03-10 14:57:24.404 I/ActivityManager(  627): Killing 2802:com.laurencedawson.reddit_sync:remote/u0a80 (adj 15): empty #17
03-10 14:57:24.434 I/ActivityManager(  627): Start proc com.chrome.beta for broadcast com.chrome.beta/com.google.android.apps.chrome.precache.PrecacheServiceLauncher: pid=3469 uid=10083 gids={50083, 3003, 1028, 1015}
03-10 14:57:24.474 I/ActivityManager(  627): Killing 2842:com.laurencedawson.reddit_sync/u0a80 (adj 15): empty #17
03-10 14:57:24.544 I/GoogleTTSService( 3415): Creating Google TTS service, version 3.0.10.1047791
03-10 14:57:24.584 W/GLSUser ( 1259): GoogleAccountDataService.getToken()
03-10 14:57:24.624 I/patts   ( 3415): [embedded_hmm_synthesizer.cc:21] Embedded HMM synthesizer initialized.
03-10 14:57:24.624 I/patts   ( 3415): [jni_loader.cc:74] Patts JNI loaded successfully.
03-10 14:57:24.624 I/TextToSpeech( 3372): Connected to ComponentInfo{com.google.android.tts/com.google.android.tts.service.GoogleTTSService}
03-10 14:57:24.624 I/ActivityManager(  627): Killing 2887:org.thoughtcrime.securesms/u0a59 (adj 15): empty #17
03-10 14:57:24.644 I/TextToSpeech( 3372): Set up connection to ComponentInfo{com.google.android.tts/com.google.android.tts.service.GoogleTTSService}
03-10 14:57:24.674 I/ActivityManager(  627): Start proc com.ttxapps.wifiadb for broadcast com.ttxapps.wifiadb/.NetworkStateReceiver: pid=3498 uid=10090 gids={50090, 3003}
03-10 14:57:24.674 I/ActivityManager(  627): Killing 3016:com.dropbox.android/u0a94 (adj 15): empty #17
03-10 14:57:24.794 D/ACRA    ( 3498): ACRA is enabled for com.ttxapps.wifiadb, intializing...
03-10 14:57:24.814 D/ACRA    ( 3498): Looking for error files in /data/data/com.ttxapps.wifiadb/files
03-10 14:57:24.944 I/WifiADB ( 3498): maxLogLevel is INFO
03-10 14:57:24.984 I/ActivityManager(  627): Start proc com.ted.android for broadcast com.ted.android/.service.DataUpdateCheckBroadcastReceiver: pid=3528 uid=10088 gids={50088, 3003, 1028, 1015}
03-10 14:57:24.984 I/ActivityManager(  627): Killing 3078:org.mozilla.fennec/u0a98 (adj 15): empty #17
03-10 14:57:25.074 I/Logging ( 3528): Testing for android stub library...
03-10 14:57:25.124 I/ActivityManager(  627): Killing 3103:com.onelouder.baconreader/u0a106 (adj 15): empty #17
03-10 14:57:25.134 D/MobileConnectivityChangeReceiver( 3239): onReceive Intent { act=android.net.conn.CONNECTIVITY_CHANGE flg=0x4000010 cmp=com.google.android.setupwizard/.MobileConnectivityChangeReceiver (has extras) }
03-10 14:57:25.134 D/MobileConnectivityChangeReceiver( 3239): onReceive CONNECTIVITY_CHANGE networkType=5
03-10 14:57:25.134 D/YouTube ( 2525): apps.youtube.app.prefetch.PrefetchService$DeviceStateReceiver.onReceive:565 Got device state change intent: android.net.conn.CONNECTIVITY_CHANGE
03-10 14:57:25.144 D/YouTube ( 2525): apps.youtube.app.prefetch.PrefetchService.onStartCommand:167 PrefetchService started at 10 Mar 2014 12:57:25 GMT
03-10 14:57:25.154 D/GCM     ( 1259): GcmService start Intent { act=android.net.conn.CONNECTIVITY_CHANGE flg=0x4000010 cmp=com.google.android.gms/.gcm.GcmService (has extras) } android.net.conn.CONNECTIVITY_CHANGE
03-10 14:57:25.154 D/YouTube ( 2525): apps.youtube.app.prefetch.PrefetchService.p_:245 Download snapshot restored
03-10 14:57:25.154 I/iu.Environment( 3328): update connectivity state; isNetworkMetered? true, isRoaming? false, isBackgroundDataAllowed? true
03-10 14:57:25.164 I/widget.provider( 3436): com.devhd.feedly.widget.FeedlyWidgetProvider onReceive: android.net.conn.CONNECTIVITY_CHANGE
03-10 14:57:25.174 D/YouTube ( 2525): apps.youtube.app.prefetch.PrefetchService.onDestroy:215 PrefetchService destroyed at 10 Mar 2014 12:57:25 GMT
03-10 14:57:25.224 D/MobileDataStateTracker(  627): default: setPolicyDataEnable(enabled=true)
03-10 14:57:25.294 D/MobileConnectivityChangeReceiver( 3239): onReceive Intent { act=android.net.conn.CONNECTIVITY_CHANGE flg=0x4000010 cmp=com.google.android.setupwizard/.MobileConnectivityChangeReceiver (has extras) }
03-10 14:57:25.304 D/MobileConnectivityChangeReceiver( 3239): onReceive CONNECTIVITY_CHANGE networkType=5
03-10 14:57:25.304 D/YouTube ( 2525): apps.youtube.app.prefetch.PrefetchService$DeviceStateReceiver.onReceive:565 Got device state change intent: android.net.conn.CONNECTIVITY_CHANGE
03-10 14:57:25.314 D/YouTube ( 2525): apps.youtube.app.prefetch.PrefetchService.onStartCommand:167 PrefetchService started at 10 Mar 2014 12:57:25 GMT
03-10 14:57:25.314 D/YouTube ( 2525): apps.youtube.app.prefetch.PrefetchService.p_:245 Download snapshot restored
03-10 14:57:25.324 D/GCM     ( 1259): GcmService start Intent { act=android.net.conn.CONNECTIVITY_CHANGE flg=0x4000010 cmp=com.google.android.gms/.gcm.GcmService (has extras) } android.net.conn.CONNECTIVITY_CHANGE
03-10 14:57:25.324 D/YouTube ( 2525): apps.youtube.app.prefetch.PrefetchService.onDestroy:215 PrefetchService destroyed at 10 Mar 2014 12:57:25 GMT
03-10 14:57:25.324 I/iu.Environment( 3328): update connectivity state; isNetworkMetered? true, isRoaming? false, isBackgroundDataAllowed? true
03-10 14:57:25.334 I/widget.provider( 3436): com.devhd.feedly.widget.FeedlyWidgetProvider onReceive: android.net.conn.CONNECTIVITY_CHANGE
03-10 14:57:25.434 I/art     (  627): Heap trim of managed (duration=15.023751ms, advised=3MB) and native (duration=2.700677ms, advised=1160KB) heaps. Managed heap utilization of 66%.
03-10 14:57:25.454 D/MobileConnectivityChangeReceiver( 3239): onReceive Intent { act=android.net.conn.CONNECTIVITY_CHANGE flg=0x4000010 cmp=com.google.android.setupwizard/.MobileConnectivityChangeReceiver (has extras) }
03-10 14:57:25.454 D/MobileConnectivityChangeReceiver( 3239): onReceive CONNECTIVITY_CHANGE networkType=0
03-10 14:57:25.464 D/MobileConnectivityChangeReceiver( 3239): onReceive CONNECTIVITY_CHANGE: checkConnection
03-10 14:57:25.464 D/CheckConnectionTask( 3239): doInBackground: url=http://clients3.google.com/generate_204
03-10 14:57:25.464 D/YouTube ( 2525): apps.youtube.app.prefetch.PrefetchService$DeviceStateReceiver.onReceive:565 Got device state change intent: android.net.conn.CONNECTIVITY_CHANGE
03-10 14:57:25.474 D/YouTube ( 2525): apps.youtube.app.prefetch.PrefetchService.onStartCommand:167 PrefetchService started at 10 Mar 2014 12:57:25 GMT
03-10 14:57:25.484 D/GCM     ( 1259): GcmService start Intent { act=android.net.conn.CONNECTIVITY_CHANGE flg=0x4000010 cmp=com.google.android.gms/.gcm.GcmService (has extras) } android.net.conn.CONNECTIVITY_CHANGE
03-10 14:57:25.484 D/YouTube ( 2525): apps.youtube.app.prefetch.PrefetchService.p_:245 Download snapshot restored
03-10 14:57:25.494 D/YouTube ( 2525): apps.youtube.app.prefetch.PrefetchService.onDestroy:215 PrefetchService destroyed at 10 Mar 2014 12:57:25 GMT
03-10 14:57:25.494 I/iu.Environment( 3328): update connectivity state; isNetworkMetered? true, isRoaming? false, isBackgroundDataAllowed? true
03-10 14:57:25.504 I/widget.provider( 3436): com.devhd.feedly.widget.FeedlyWidgetProvider onReceive: android.net.conn.CONNECTIVITY_CHANGE
03-10 14:57:25.514 D/CheckConnectionTask( 3239): doInBackground: resultCode=204 retVal=true
03-10 14:57:25.514 D/CheckConnectionTask( 3239): onPostExecute connected=true
03-10 14:57:25.514 D/CheckConnectionTask( 3239): onPostExecute set preference connected=true
03-10 14:57:25.534 I/MediaStoreImporter( 3192): Update: incremental Added music: 0 Updated music: 0 Deleted music: 0 Created playlists: 0 Updated playlists: 0 Deleted playlists: 0 Inserted playlist items: 0 Deleted playlist items: 0 Removed orphaned playlist items: 0
03-10 14:57:25.544 I/art     ( 2525): Heap trim of managed (duration=4.031146ms, advised=356KB) and native (duration=1.723073ms, advised=4KB) heaps. Managed heap utilization of 45%.
03-10 14:57:25.594 I/ActivityManager(  627): Start proc com.google.android.email for broadcast com.google.android.email/com.android.email.provider.WidgetProvider: pid=3594 uid=10037 gids={50037, 3003, 1028, 1015}
03-10 14:57:25.624 D/GCM     ( 1259): Connected
03-10 14:57:25.634 W/art     ( 3594): Failed to find ELF magic in /system/app/EmailGoogle.odex: dey
03-10 14:57:25.654 I/GCM     ( 1259): GCM message com.google.android.gsf.gtalkservice 
03-10 14:57:25.674 D/GCM     ( 1259): Message class hwi
03-10 14:57:25.704 D/ActivityThread( 3594): Loading provider com.google.android.email.provider;com.google.android.email.notifier: com.android.email.provider.EmailProvider
03-10 14:57:25.764 D/ActivityThread( 3594): Loading provider com.google.android.email.provider;com.google.android.email.notifier: com.android.email.provider.EmailProvider
03-10 14:57:25.764 D/ActivityThread( 3594): Loading provider com.google.android.email.provider;com.google.android.email.notifier: com.android.email.provider.EmailProvider
03-10 14:57:25.794 I/ActivityManager(  627): Killing 3153:com.qualcomm.timeservice/u0a70 (adj 15): empty #17
03-10 14:57:25.834 I/ActivityManager(  627): Start proc com.google.android.talk for broadcast com.google.android.talk/com.google.android.apps.babel.realtimechat.RealTimeChatService$AlarmReceiver: pid=3622 uid=10052 gids={50052, 3003, 1028, 1015, 3002}
03-10 14:57:25.864 W/ActivityManager(  627): Unable to start service Intent { cmp=com.google.android.email/com.android.email.service.AttachmentDownloadService } U=0: not found
03-10 14:57:25.874 I/Email   ( 3594): Observing account changes for notifications
03-10 14:57:25.874 W/art     ( 3622): Failed to find ELF magic in /system/framework/com.google.android.media.effects.odex: dey
03-10 14:57:25.914 W/ActivityManager(  627): Unable to start service Intent { cmp=com.google.android.email/com.android.email.service.AttachmentDownloadService } U=0: not found
03-10 14:57:25.914 W/ActivityManager(  627): Unable to start service Intent { cmp=com.google.android.email/com.android.email.service.AttachmentDownloadService } U=0: not found
03-10 14:57:25.924 W/ActivityManager(  627): Unable to start service Intent { cmp=com.google.android.email/com.android.email.service.AttachmentDownloadService } U=0: not found
03-10 14:57:25.984 I/MmsConfig( 3622): MmsConfig.init: mnc/mcc: 244/21
03-10 14:57:25.994 I/Babel   ( 3622): ### loadDeviceMmsSettings from API: mUserAgent=Nexus5, mUaProfUrl=http://gsm.lge.com/html/gsm/Nexus5-M3.xml
03-10 14:57:25.994 V/MmsConfig( 3622): tag: bool value: enabledMMS - true
03-10 14:57:25.994 V/MmsConfig( 3622): tag: int value: maxMessageSize - 307200
03-10 14:57:25.994 V/MmsConfig( 3622): tag: int value: maxImageHeight - 480
03-10 14:57:25.994 V/MmsConfig( 3622): tag: int value: maxImageWidth - 640
03-10 14:57:25.994 W/Settings( 3622): Setting airplane_mode_on has moved from android.provider.Settings.System to android.provider.Settings.Global, returning read-only value.
03-10 14:57:25.994 V/MmsConfig( 3622): tag: int value: recipientLimit - -1
03-10 14:57:25.994 V/MmsConfig( 3622): tag: bool value: enableMultipartSMS - true
03-10 14:57:25.994 V/MmsConfig( 3622): tag: int value: smsToMmsTextThreshold - -1
03-10 14:57:25.994 V/MmsConfig( 3622): tag: int value: maxMessageTextSize - -1
03-10 14:57:25.994 I/Babel   ( 3622): ### loadMmsSettings: mUserAgent=Nexus5, mUaProfUrl=http://gsm.lge.com/html/gsm/Nexus5-M3.xml
03-10 14:57:26.034 D/AlertService( 2640): Beginning updateAlertNotification
03-10 14:57:26.044 D/AlertService( 2640): No fired or scheduled alerts
03-10 14:57:26.054 D/AlertService( 2640): Scheduling next alarm with AlarmScheduler. sEventReminderReceived: null
03-10 14:57:26.064 D/AlarmScheduler( 2640): Query result count for events starting within 1 week: 3
03-10 14:57:26.074 I/art     ( 1259): Heap trim of managed (duration=2.347812ms, advised=436KB) and native (duration=3.881198ms, advised=228KB) heaps. Managed heap utilization of 62%.
03-10 14:57:26.084 D/AlertReceiver( 2640): onReceive: a=android.intent.action.PROVIDER_CHANGED Intent { act=android.intent.action.PROVIDER_CHANGED dat=content://com.android.calendar flg=0x10 cmp=com.google.android.calendar/com.android.calendar.alerts.AlertReceiver }
03-10 14:57:26.094 D/AlertService( 2640): 0 Action = android.intent.action.PROVIDER_CHANGED
03-10 14:57:26.114 D/GCM     ( 1259): GcmService start Intent { act=com.google.android.gms.INITIALIZE flg=0x10 pkg=com.google.android.gms cmp=com.google.android.gms/.gcm.GcmService } com.google.android.gms.INITIALIZE
03-10 14:57:26.124 I/NotifUtils( 1520): Validating Notification, mapSize: 0 getAttention: true ignoreUnobtrusive: false
03-10 14:57:26.124 I/NotifUtils( 1520): validateNotifications - cancelling account -2040901717 / folder 3019
03-10 14:57:26.134 D/ConnectivityService(  627): handleInetConditionHoldEnd: net=0, condition=100, published condition=0
03-10 14:57:26.184 D/PackageBroadcastService( 1125): Received broadcast action=android.intent.action.PACKAGE_CHANGED and uri=com.android.stk
03-10 14:57:26.194 I/ActivityManager(  627): Start proc com.google.android.googlequicksearchbox:search for broadcast com.google.android.googlequicksearchbox/com.google.android.search.core.summons.icing.InternalIcingCorporaProvider$CorporaChangedReceiver: pid=3673 uid=10020 gids={50020, 3003, 1028, 3002, 1015}
03-10 14:57:26.274 I/PeopleContactsSync( 1125): CP2 sync disabled
03-10 14:57:26.324 I/ActivityManager(  627): Killing 2445:com.google.android.keep/u0a53 (adj 15): empty #17
03-10 14:57:26.344 I/Icing.InternalIcingCorporaProvider( 3673): Updating corpora: A: com.android.stk, C: MAYBE
03-10 14:57:26.354 W/Launcher( 1088): setApplicationContext called twice! old=com.google.android.velvet.VelvetApplication@655e5938 new=com.google.android.velvet.VelvetApplication@655e5938
03-10 14:57:26.364 I/ActivityManager(  627): Delay finish: com.google.android.apps.plus/.service.PackagesMediaMonitor
03-10 14:57:26.364 I/ActivityManager(  627): Resuming delayed broadcast
03-10 14:57:26.394 W/art     (  182): Could not get current activity
03-10 14:57:26.404 I/ActivityManager(  627): Start proc org.mozilla.fennec for broadcast org.mozilla.fennec/org.mozilla.gecko.background.announcements.AnnouncementsBroadcastReceiver: pid=3699 uid=10098 gids={50098, 3003, 1028, 1015}
03-10 14:57:26.424 I/ActivityManager(  627): Start proc com.google.android.partnersetup for content provider com.google.android.partnersetup/.RlzAppProvider: pid=3716 uid=10011 gids={50011, 3003}
03-10 14:57:26.434 I/ActivityManager(  627): Killing 3192:com.google.android.music:main/u0a60 (adj 15): empty #17
03-10 14:57:26.484 W/art     ( 3716): Failed to find ELF magic in /system/priv-app/GooglePartnerSetup.odex: dey
03-10 14:57:26.564 I/ActivityManager(  627): Delay finish: org.mozilla.fennec/org.mozilla.gecko.background.announcements.AnnouncementsBroadcastReceiver
03-10 14:57:26.564 I/ActivityManager(  627): Killing 3239:com.google.android.setupwizard/u0a17 (adj 15): empty #17
03-10 14:57:26.584 I/GeckoAnnounce( 3699): fennec :: AnnounceBrSvc :: Registering AnnouncementsService.
03-10 14:57:26.594 I/GeckoAnnounce( 3699): fennec :: BackgroundService :: Setting inexact repeating alarm for interval 43200000
03-10 14:57:26.594 I/ActivityManager(  627): Resuming delayed broadcast
03-10 14:57:26.604 I/ActivityManager(  627): Delay finish: org.mozilla.fennec/org.mozilla.gecko.background.healthreport.HealthReportBroadcastReceiver
03-10 14:57:26.634 I/GeckoHealth( 3699): fennec :: HealthReportBroadcastService :: Registering HealthReportUploadService.
03-10 14:57:26.634 I/GeckoHealth( 3699): fennec :: BackgroundService :: Setting inexact repeating alarm for interval 3600000
03-10 14:57:26.634 I/ActivityManager(  627): Resuming delayed broadcast
03-10 14:57:26.634 I/ActivityManager(  627): Delay finish: org.mozilla.fennec/org.mozilla.gecko.background.healthreport.HealthReportBroadcastReceiver
03-10 14:57:26.654 I/GeckoHealth( 3699): fennec :: HealthReportBroadcastService :: Registering HealthReportPruneService.
03-10 14:57:26.654 I/GeckoHealth( 3699): fennec :: BackgroundService :: Setting inexact repeating alarm for interval 86400000
03-10 14:57:26.654 I/ActivityManager(  627): Resuming delayed broadcast
03-10 14:57:26.654 I/ActivityManager(  627): Killing 2525:com.google.android.youtube/u0a73 (adj 15): empty #17
03-10 14:57:26.854 I/art     ( 3622): Heap trim of managed (duration=1.301615ms, advised=264KB) and native (duration=3.518229ms, advised=120KB) heaps. Managed heap utilization of 58%.
03-10 14:57:26.854 I/ActivityManager(  627): Delay finish: com.google.android.email/com.android.email.provider.WidgetProvider
03-10 14:57:26.864 I/ActivityManager(  627): Resuming delayed broadcast
03-10 14:57:27.264 W/GAV2    ( 3275): Thread[GAThread,5,main]: Service unavailable (code=1), will retry.
03-10 14:57:27.264 W/ActivityManager(  627): Unable to start service Intent { act=com.google.android.gms.analytics.service.START cmp=com.google.android.gms/.analytics.service.AnalyticsService (has extras) } U=0: not found
03-10 14:57:27.274 I/GAV2    ( 3275): Thread[GAThread,5,main]: No campaign data found.
03-10 14:57:27.374 I/ActivityManager(  627): Waited long enough for: ServiceRecord{65f6f6e8 u0 com.google.android.calendar/com.android.calendar.alerts.InitAlarmsService}
03-10 14:57:27.464 I/ActivityManager(  627): Start proc com.onelouder.baconreader for service com.onelouder.baconreader/.CheckMessageService: pid=3759 uid=10106 gids={50106, 3003, 1028, 1015}
03-10 14:57:27.564 I/ErrorAgent( 3759): Registering custom exceptions handler
03-10 14:57:27.594 D/ImageCache( 3759): enabled write through to /storage/emulated/0/Android/data/com.onelouder.baconreader/cache/cachefu/image_cache
03-10 14:57:27.594 D/ImageCache( 3759): sanitize DISK cache
03-10 14:57:27.994 W/GAV2    ( 3328): Thread[GAThread,5,main]: Service unavailable (code=1), will retry.
03-10 14:57:27.994 W/ActivityManager(  627): Unable to start service Intent { act=com.google.android.gms.analytics.service.START cmp=com.google.android.gms/.analytics.service.AnalyticsService (has extras) } U=0: not found
03-10 14:57:28.014 I/GAV2    ( 3328): Thread[GAThread,5,main]: No campaign data found.
03-10 14:57:28.124 I/Icing   ( 1125): Indexing 9E464DC2A102057D86495404FBBAAC90B8242C74 from com.google.android.googlequicksearchbox
03-10 14:57:28.194 I/Icing   ( 1125): Indexing done 9E464DC2A102057D86495404FBBAAC90B8242C74
03-10 14:57:31.094 D/AlertService( 2640): Beginning updateAlertNotification
03-10 14:57:31.254 I/InputReader(  627): Reconfiguring input devices.  changes=0x00000010
03-10 14:57:31.264 I/PackageManager(  627):   Action: "android.intent.action.SENDTO"
03-10 14:57:31.264 I/PackageManager(  627):   Category: "android.intent.category.DEFAULT"
03-10 14:57:31.264 I/PackageManager(  627):   Scheme: "sms"
03-10 14:57:31.264 I/PackageManager(  627): Adding preferred activity ComponentInfo{org.thoughtcrime.securesms/org.thoughtcrime.securesms.RoutingActivity} for user 0 :
03-10 14:57:31.274 D/Launcher.Model( 1088): 11683562 - loadWorkspaceScreensDb()
03-10 14:57:31.274 D/Launcher.Model( 1088): 11683562 -   screens: { 0: 1 }, { 1: 7 }
03-10 14:57:31.274 D/Launcher.Model( 1088): 11683562 - updateWorkspaceScreenOrder()
03-10 14:57:31.274 D/Launcher.Model( 1088): 11683562 -   screens: 1, 7
03-10 14:57:31.294 D/AlertService( 2640): No fired or scheduled alerts
03-10 14:57:31.294 I/PackageManager(  627):   Action: "android.intent.action.SENDTO"
03-10 14:57:31.294 I/PackageManager(  627):   Category: "android.intent.category.DEFAULT"
03-10 14:57:31.294 I/PackageManager(  627):   Scheme: "smsto"
03-10 14:57:31.294 I/PackageManager(  627): Adding preferred activity ComponentInfo{org.thoughtcrime.securesms/org.thoughtcrime.securesms.RoutingActivity} for user 0 :
03-10 14:57:31.314 I/PackageManager(  627):   Action: "android.intent.action.SENDTO"
03-10 14:57:31.314 I/PackageManager(  627):   Category: "android.intent.category.DEFAULT"
03-10 14:57:31.314 I/PackageManager(  627):   Scheme: "mms"
03-10 14:57:31.314 D/Launcher( 1088): 11683562 - bindAddScreens()
03-10 14:57:31.314 D/Launcher( 1088): 11683562 -   orderedScreenIds: 
03-10 14:57:31.314 D/Launcher.Workspace( 1088): 11683562 - removeExtraEmptyScreen()
03-10 14:57:31.314 D/Launcher.Workspace( 1088): 11683562 - convertFinalScreenToEmptyScreenIfNecessary()
03-10 14:57:31.314 D/PackageBroadcastService( 1125): Received broadcast action=android.intent.action.PACKAGE_CHANGED and uri=com.android.stk
03-10 14:57:31.314 I/PackageManager(  627): Adding preferred activity ComponentInfo{org.thoughtcrime.securesms/org.thoughtcrime.securesms.RoutingActivity} for user 0 :
03-10 14:57:31.334 I/PackageManager(  627):   Action: "android.intent.action.SENDTO"
03-10 14:57:31.334 I/PackageManager(  627):   Category: "android.intent.category.DEFAULT"
03-10 14:57:31.334 I/PackageManager(  627):   Scheme: "mmsto"
03-10 14:57:31.334 I/Icing.InternalIcingCorporaProvider( 3673): Updating corpora: A: com.android.stk, C: MAYBE
03-10 14:57:31.334 I/PackageManager(  627): Adding preferred activity ComponentInfo{org.thoughtcrime.securesms/org.thoughtcrime.securesms.RoutingActivity} for user 0 :
03-10 14:57:31.354 I/PeopleContactsSync( 1125): CP2 sync disabled
03-10 14:57:31.354 I/PackageManager(  627):   Action: "android.intent.action.SENDTO"
03-10 14:57:31.354 I/PackageManager(  627):   Category: "android.intent.category.DEFAULT"
03-10 14:57:31.354 I/PackageManager(  627):   Scheme: "sms"
03-10 14:57:31.354 I/PackageManager(  627): Adding preferred activity ComponentInfo{org.thoughtcrime.securesms/org.thoughtcrime.securesms.RoutingActivity} for user 0 :
03-10 14:57:31.384 I/PackageManager(  627):   Action: "android.intent.action.SENDTO"
03-10 14:57:31.384 I/PackageManager(  627):   Category: "android.intent.category.DEFAULT"
03-10 14:57:31.384 I/PackageManager(  627):   Scheme: "smsto"
03-10 14:57:31.384 I/PackageManager(  627): Adding preferred activity ComponentInfo{org.thoughtcrime.securesms/org.thoughtcrime.securesms.RoutingActivity} for user 0 :
03-10 14:57:31.404 I/PackageManager(  627):   Action: "android.intent.action.SENDTO"
03-10 14:57:31.404 I/PackageManager(  627):   Category: "android.intent.category.DEFAULT"
03-10 14:57:31.404 I/PackageManager(  627):   Scheme: "mms"
03-10 14:57:31.404 I/PackageManager(  627): Adding preferred activity ComponentInfo{org.thoughtcrime.securesms/org.thoughtcrime.securesms.RoutingActivity} for user 0 :
03-10 14:57:31.424 I/PackageManager(  627):   Action: "android.intent.action.SENDTO"
