03-10 14:46:49.792 W/GAV2    ( 3628): Thread[Service Reconnect,5,main]: Service unavailable (code=1), using local store.
03-10 14:46:49.792 W/ActivityManager(  805): Unable to start service Intent { act=com.google.android.gms.analytics.service.START cmp=com.google.android.gms/.analytics.service.AnalyticsService (has extras) } U=0: not found
03-10 14:46:49.792 I/ActivityManager(  805): Killing 4115:com.google.android.music:main/u0a60 (adj 15): empty #17
03-10 14:46:49.822 I/Icing   ( 1357): Indexing done 9E464DC2A102057D86495404FBBAAC90B8242C74
03-10 14:46:49.942 I/Icing   ( 1357): Indexing 6C5EA06392271EDA9790634996C23EB11B529B3D from com.google.android.gm
03-10 14:46:49.972 I/InputReader(  805): Reconfiguring input devices.  changes=0x00000010
03-10 14:46:49.972 I/PackageManager(  805):   Action: "android.intent.action.SENDTO"
03-10 14:46:49.972 I/PackageManager(  805):   Category: "android.intent.category.DEFAULT"
03-10 14:46:49.972 I/PackageManager(  805):   Scheme: "sms"
03-10 14:46:49.972 I/PackageManager(  805): Adding preferred activity ComponentInfo{org.thoughtcrime.securesms/org.thoughtcrime.securesms.RoutingActivity} for user 0 :
03-10 14:46:49.982 I/ActivityManager(  805): Start proc android.process.acore for broadcast com.android.providers.contacts/.PackageIntentReceiver: pid=4522 uid=10003 gids={50003, 3003, 1028, 1015}
03-10 14:46:50.002 I/PackageManager(  805):   Action: "android.intent.action.SENDTO"
03-10 14:46:50.002 I/PackageManager(  805):   Category: "android.intent.category.DEFAULT"
03-10 14:46:50.002 I/PackageManager(  805):   Scheme: "smsto"
03-10 14:46:50.002 I/PackageManager(  805): Adding preferred activity ComponentInfo{org.thoughtcrime.securesms/org.thoughtcrime.securesms.RoutingActivity} for user 0 :
03-10 14:46:50.032 I/PackageManager(  805):   Action: "android.intent.action.SENDTO"
03-10 14:46:50.032 I/PackageManager(  805):   Category: "android.intent.category.DEFAULT"
03-10 14:46:50.032 I/PackageManager(  805):   Scheme: "mms"
03-10 14:46:50.032 I/PackageManager(  805): Adding preferred activity ComponentInfo{org.thoughtcrime.securesms/org.thoughtcrime.securesms.RoutingActivity} for user 0 :
03-10 14:46:50.062 W/art     ( 4522): Failed to find ELF magic in /system/priv-app/ContactsProvider.odex: dey
03-10 14:46:50.072 I/PackageManager(  805):   Action: "android.intent.action.SENDTO"
03-10 14:46:50.072 I/PackageManager(  805):   Category: "android.intent.category.DEFAULT"
03-10 14:46:50.072 I/PackageManager(  805):   Scheme: "mmsto"
03-10 14:46:50.072 D/Launcher.Model( 1051): 11683562 - loadWorkspaceScreensDb()
03-10 14:46:50.072 D/Launcher.Model( 1051): 11683562 -   screens: { 0: 1 }, { 1: 7 }
03-10 14:46:50.072 D/Launcher.Model( 1051): 11683562 - updateWorkspaceScreenOrder()
03-10 14:46:50.072 D/Launcher.Model( 1051): 11683562 -   screens: 1, 7
03-10 14:46:50.072 I/PackageManager(  805): Adding preferred activity ComponentInfo{org.thoughtcrime.securesms/org.thoughtcrime.securesms.RoutingActivity} for user 0 :
03-10 14:46:50.102 I/PackageManager(  805):   Action: "android.intent.action.SENDTO"
03-10 14:46:50.102 I/PackageManager(  805):   Category: "android.intent.category.DEFAULT"
03-10 14:46:50.102 I/PackageManager(  805):   Scheme: "sms"
03-10 14:46:50.102 I/PackageManager(  805): Adding preferred activity ComponentInfo{org.thoughtcrime.securesms/org.thoughtcrime.securesms.RoutingActivity} for user 0 :
03-10 14:46:50.122 I/PackageManager(  805):   Action: "android.intent.action.SENDTO"
03-10 14:46:50.122 I/PackageManager(  805):   Category: "android.intent.category.DEFAULT"
03-10 14:46:50.122 I/PackageManager(  805):   Scheme: "smsto"
03-10 14:46:50.122 I/PackageManager(  805): Adding preferred activity ComponentInfo{org.thoughtcrime.securesms/org.thoughtcrime.securesms.RoutingActivity} for user 0 :
03-10 14:46:50.142 I/Launcher( 1051): Deferring update until onResume
03-10 14:46:50.152 I/PackageManager(  805):   Action: "android.intent.action.SENDTO"
03-10 14:46:50.152 I/PackageManager(  805):   Category: "android.intent.category.DEFAULT"
03-10 14:46:50.152 I/PackageManager(  805):   Scheme: "mms"
03-10 14:46:50.152 I/PackageManager(  805): Adding preferred activity ComponentInfo{org.thoughtcrime.securesms/org.thoughtcrime.securesms.RoutingActivity} for user 0 :
03-10 14:46:50.172 I/PackageManager(  805):   Action: "android.intent.action.SENDTO"
03-10 14:46:50.172 I/PackageManager(  805):   Category: "android.intent.category.DEFAULT"
03-10 14:46:50.172 I/PackageManager(  805):   Scheme: "mmsto"
03-10 14:46:50.172 W/art     ( 4522): Failed to find ELF magic in /system/app/UserDictionaryProvider.odex: dey
03-10 14:46:50.172 I/PackageManager(  805): Adding preferred activity ComponentInfo{org.thoughtcrime.securesms/org.thoughtcrime.securesms.RoutingActivity} for user 0 :
03-10 14:46:50.182 I/Launcher( 1051): Deferring update until onResume
03-10 14:46:50.192 I/Icing   ( 1357): Indexing done 6C5EA06392271EDA9790634996C23EB11B529B3D
03-10 14:46:50.252 I/ActivityManager(  805): Killing 3671:com.google.android.setupwizard/u0a17 (adj 15): empty #17
03-10 14:46:50.262 D/PackageBroadcastService( 1357): Received broadcast action=android.intent.action.PACKAGE_CHANGED and uri=com.android.stk
03-10 14:46:50.272 I/PeopleContactsSync( 1357): CP2 sync disabled
03-10 14:46:50.272 I/Icing.InternalIcingCorporaProvider( 4491): Updating corpora: A: com.android.stk, C: MAYBE
03-10 14:46:50.272 W/Launcher( 1051): setApplicationContext called twice! old=com.google.android.velvet.VelvetApplication@655e4940 new=com.google.android.velvet.VelvetApplication@655e4940
03-10 14:46:50.422 I/ContactLocale( 4522): AddressBook Labels [en_IN]: [, A, B, C, D, E, F, G, H, I, J, K, L, M, N, O, P, Q, R, S, T, U, V, W, X, Y, Z, , , , , , , , , , , , , , , , , , , , , , , , , , , , , , , , , , , , , , , , , , , , , , , , , , , , , , , , , , , , , , , , , , , , , , , , , , , , , , , , , , , , , , , , , , , , , , , , , , , , , , , , , , , , , , , , , , , , , , , , , , , , , , , , , , , , , , , , , , , , , , , , , , , , , , , , , , , , , , , , , , , , , , , , , , , , , , , , , , , , , , #, ]
03-10 14:46:51.502 W/GAV2    ( 3786): Thread[Service Reconnect,5,main]: Service unavailable (code=1), using local store.
03-10 14:46:51.502 W/ActivityManager(  805): Unable to start service Intent { act=com.google.android.gms.analytics.service.START cmp=com.google.android.gms/.analytics.service.AnalyticsService (has extras) } U=0: not found
03-10 14:46:51.552 I/Icing   ( 1357): Indexing 9E464DC2A102057D86495404FBBAAC90B8242C74 from com.google.android.googlequicksearchbox
03-10 14:46:51.622 I/Icing   ( 1357): Indexing done 9E464DC2A102057D86495404FBBAAC90B8242C74
03-10 14:46:51.702 D/AlertService( 2961): Beginning updateAlertNotification
03-10 14:46:51.702 D/AlertService( 2961): No fired or scheduled alerts
03-10 14:46:51.702 D/AlertService( 2961): Scheduling next alarm with AlarmScheduler. sEventReminderReceived: null
03-10 14:46:51.712 D/AlarmScheduler( 2961): Query result count for events starting within 1 week: 3
03-10 14:46:52.092 W/GAV2    ( 3829): Thread[Service Reconnect,5,main]: Service unavailable (code=1), using local store.
03-10 14:46:52.092 W/ActivityManager(  805): Unable to start service Intent { act=com.google.android.gms.analytics.service.START cmp=com.google.android.gms/.analytics.service.AnalyticsService (has extras) } U=0: not found
03-10 14:46:54.692 V/QcrilMsgTunnelSocket( 2476): After reading offset = 0 remaining = 4 countRead = 4
03-10 14:46:54.692 D/QcrilMsgTunnelSocket( 2476): messageLength extracted from first 4 inputStream reads = 29
03-10 14:46:54.692 V/QcrilMsgTunnelSocket( 2476): offset = 0 remaining = 29 countRead = 0
03-10 14:46:54.702 V/QcrilMsgTunnelSocket( 2476): offset = 0 remaining = 29 countRead = 29
03-10 14:46:54.702 D/QcrilMsgTunnelSocket( 2476): readRilMessage: Buffer = [B@65548b40 HexData = [0100000004040000110000005155414c434f4d4def0308000100000002]
03-10 14:46:54.702 V/QcrilMsgTunnelSocket( 2476): Read packet: 29 bytes. Data Available = 32 Position = 0
03-10 14:46:54.702 D/QcrilMsgTunnelSocket( 2476): processResponse. message type = 1. Data Available = 28
03-10 14:46:54.702 D/QcrilMsgTunnelSocket( 2476): ByteArray from parcel = 5155414c434f4d4def0308000100000002
03-10 14:46:54.702 D/QcrilMsgTunnelSocket( 2476): Received RIL_UNSOL_OEM_HOOK_RAW message
03-10 14:46:54.702 D/QcrilMsgTunnelSocket( 2476): Oem ID in RIL_UNSOL_OEM_HOOK_RAW is QUALCOMM
03-10 14:46:54.702 D/QcrilMsgTunnelSocket( 2476): OEM ID check Passed
03-10 14:46:54.702 D/QcrilMsgTunnelSocket( 2476): Response ID in RIL_UNSOL_OEM_HOOK_RAW is 525295
03-10 14:46:54.702 D/QcrilMsgTunnelSocket( 2476): Response ID 525295is not served in this process.
03-10 14:46:54.702 D/QcrilMsgTunnelSocket( 2476): To broadcast an Intent via the notifier to external apps
03-10 14:46:54.702 V/QcrilMsgTunnelSocket( 2476): Before reading offset = 0 remaining = 4 countRead = 0
03-10 14:46:54.712 D/AlarmManagerService(  805): Kernel timezone updated to -120 minutes west of GMT
03-10 14:46:54.722 D/MobileDataStateTracker(  805): default: Broadcast received: android.intent.action.ANY_DATA_STATE apnType=default
03-10 14:46:54.732 D/MobileDataStateTracker(  805): default: Received state=CONNECTED, old=CONNECTED, reason=(unspecified)
03-10 14:46:54.742 D/QcrilMsgTunnelIfaceManager( 2476): handleMessage what=0
03-10 14:46:54.742 D/QcrilMsgTunnelIfaceManager( 2476): Broadcasting intent ACTION_UNSOL_RESPONSE_OEM_HOOK_RAW
03-10 14:46:54.792 V/QcrilMsgTunnelSocket( 2476): After reading offset = 0 remaining = 4 countRead = 4
03-10 14:46:54.792 D/QcrilMsgTunnelSocket( 2476): messageLength extracted from first 4 inputStream reads = 29
03-10 14:46:54.792 V/QcrilMsgTunnelSocket( 2476): offset = 0 remaining = 29 countRead = 0
03-10 14:46:54.792 V/QcrilMsgTunnelSocket( 2476): offset = 0 remaining = 29 countRead = 29
03-10 14:46:54.792 D/QcrilMsgTunnelSocket( 2476): readRilMessage: Buffer = [B@65548b40 HexData = [0100000004040000110000005155414c434f4d4def0308000100000002]
03-10 14:46:54.792 V/QcrilMsgTunnelSocket( 2476): Read packet: 29 bytes. Data Available = 32 Position = 0
03-10 14:46:54.792 D/QcrilMsgTunnelSocket( 2476): processResponse. message type = 1. Data Available = 28
03-10 14:46:54.792 D/QcrilMsgTunnelSocket( 2476): ByteArray from parcel = 5155414c434f4d4def0308000100000002
03-10 14:46:54.792 D/QcrilMsgTunnelSocket( 2476): Received RIL_UNSOL_OEM_HOOK_RAW message
03-10 14:46:54.792 D/QcrilMsgTunnelSocket( 2476): Oem ID in RIL_UNSOL_OEM_HOOK_RAW is QUALCOMM
03-10 14:46:54.792 D/QcrilMsgTunnelSocket( 2476): OEM ID check Passed
03-10 14:46:54.792 D/QcrilMsgTunnelSocket( 2476): Response ID in RIL_UNSOL_OEM_HOOK_RAW is 525295
03-10 14:46:54.792 D/QcrilMsgTunnelSocket( 2476): Response ID 525295is not served in this process.
03-10 14:46:54.792 D/QcrilMsgTunnelSocket( 2476): To broadcast an Intent via the notifier to external apps
03-10 14:46:54.792 V/QcrilMsgTunnelSocket( 2476): Before reading offset = 0 remaining = 4 countRead = 0
03-10 14:46:54.792 D/QcrilMsgTunnelIfaceManager( 2476): handleMessage what=0
03-10 14:46:54.792 D/QcrilMsgTunnelIfaceManager( 2476): Broadcasting intent ACTION_UNSOL_RESPONSE_OEM_HOOK_RAW
03-10 14:46:54.862 W/art     (  195): Could not get current activity
03-10 14:46:54.872 I/ActivityManager(  805): Start proc com.onelouder.baconreader for service com.onelouder.baconreader/.CheckMessageService: pid=4593 uid=10106 gids={50106, 3003, 1028, 1015}
03-10 14:46:54.882 I/GeckoAnnounce( 4402): fennec :: AnnounceFetch :: Fetching announcements from https://campaigns.services.mozilla.com/announce/1/android/nightly/30.0a1/armeabi-v7a?idle=2
03-10 14:46:54.912 I/ActivityManager(  805): Start proc com.google.android.talk for broadcast com.google.android.talk/com.google.android.apps.babel.realtimechat.RealTimeChatService$AlarmReceiver: pid=4612 uid=10052 gids={50052, 3003, 1028, 1015, 3002}
03-10 14:46:55.002 I/ErrorAgent( 4593): Registering custom exceptions handler
03-10 14:46:55.032 I/GeckoAnnounce( 4402): fennec :: AnnounceFetchRD :: If-Modified-Since: Mon, 10 Mar 2014 11:35:21 GMT
03-10 14:46:55.042 D/ImageCache( 4593): enabled write through to /storage/emulated/0/Android/data/com.onelouder.baconreader/cache/cachefu/image_cache
03-10 14:46:55.042 D/ImageCache( 4593): sanitize DISK cache
03-10 14:46:55.062 I/art     (  805): Heap trim of managed (duration=16.533125ms, advised=3MB) and native (duration=3.835104ms, advised=908KB) heaps. Managed heap utilization of 64%.
03-10 14:46:55.072 W/art     ( 4612): Failed to find ELF magic in /system/framework/com.google.android.media.effects.odex: dey
03-10 14:46:55.172 I/MmsConfig( 4612): MmsConfig.init: mnc/mcc: 244/21
03-10 14:46:55.172 W/Settings( 4612): Setting airplane_mode_on has moved from android.provider.Settings.System to android.provider.Settings.Global, returning read-only value.
03-10 14:46:55.182 I/Babel   ( 4612): ### loadDeviceMmsSettings from API: mUserAgent=Nexus5, mUaProfUrl=http://gsm.lge.com/html/gsm/Nexus5-M3.xml
03-10 14:46:55.182 V/MmsConfig( 4612): tag: bool value: enabledMMS - true
03-10 14:46:55.182 V/MmsConfig( 4612): tag: int value: maxMessageSize - 307200
03-10 14:46:55.182 V/MmsConfig( 4612): tag: int value: maxImageHeight - 480
03-10 14:46:55.182 V/MmsConfig( 4612): tag: int value: maxImageWidth - 640
03-10 14:46:55.182 V/MmsConfig( 4612): tag: int value: recipientLimit - -1
03-10 14:46:55.182 V/MmsConfig( 4612): tag: bool value: enableMultipartSMS - true
03-10 14:46:55.182 V/MmsConfig( 4612): tag: int value: smsToMmsTextThreshold - -1
03-10 14:46:55.192 V/MmsConfig( 4612): tag: int value: maxMessageTextSize - -1
03-10 14:46:55.192 I/Babel   ( 4612): ### loadMmsSettings: mUserAgent=Nexus5, mUaProfUrl=http://gsm.lge.com/html/gsm/Nexus5-M3.xml
03-10 14:46:55.282 I/art     ( 1292): Heap trim of managed (duration=2.894479ms, advised=412KB) and native (duration=1.590885ms, advised=708KB) heaps. Managed heap utilization of 60%.
03-10 14:46:55.622 V/QcrilMsgTunnelSocket( 2476): After reading offset = 0 remaining = 4 countRead = 4
03-10 14:46:55.622 D/QcrilMsgTunnelSocket( 2476): messageLength extracted from first 4 inputStream reads = 29
03-10 14:46:55.622 V/QcrilMsgTunnelSocket( 2476): offset = 0 remaining = 29 countRead = 0
03-10 14:46:55.622 V/QcrilMsgTunnelSocket( 2476): offset = 0 remaining = 29 countRead = 29
03-10 14:46:55.622 D/QcrilMsgTunnelSocket( 2476): readRilMessage: Buffer = [B@65548b40 HexData = [0100000004040000110000005155414c434f4d4def0308000100000002]
03-10 14:46:55.622 V/QcrilMsgTunnelSocket( 2476): Read packet: 29 bytes. Data Available = 32 Position = 0
03-10 14:46:55.622 D/QcrilMsgTunnelSocket( 2476): processResponse. message type = 1. Data Available = 28
03-10 14:46:55.622 D/QcrilMsgTunnelSocket( 2476): ByteArray from parcel = 5155414c434f4d4def0308000100000002
03-10 14:46:55.622 D/QcrilMsgTunnelSocket( 2476): Received RIL_UNSOL_OEM_HOOK_RAW message
03-10 14:46:55.622 D/QcrilMsgTunnelSocket( 2476): Oem ID in RIL_UNSOL_OEM_HOOK_RAW is QUALCOMM
03-10 14:46:55.622 D/QcrilMsgTunnelSocket( 2476): OEM ID check Passed
03-10 14:46:55.622 D/QcrilMsgTunnelSocket( 2476): Response ID in RIL_UNSOL_OEM_HOOK_RAW is 525295
03-10 14:46:55.622 D/QcrilMsgTunnelSocket( 2476): Response ID 525295is not served in this process.
03-10 14:46:55.622 D/QcrilMsgTunnelSocket( 2476): To broadcast an Intent via the notifier to external apps
03-10 14:46:55.622 V/QcrilMsgTunnelSocket( 2476): Before reading offset = 0 remaining = 4 countRead = 0
03-10 14:46:55.622 D/QcrilMsgTunnelIfaceManager( 2476): handleMessage what=0
03-10 14:46:55.622 D/QcrilMsgTunnelIfaceManager( 2476): Broadcasting intent ACTION_UNSOL_RESPONSE_OEM_HOOK_RAW
03-10 14:46:56.662 V/QcrilMsgTunnelSocket( 2476): After reading offset = 0 remaining = 4 countRead = 4
03-10 14:46:56.662 D/QcrilMsgTunnelSocket( 2476): messageLength extracted from first 4 inputStream reads = 29
03-10 14:46:56.662 V/QcrilMsgTunnelSocket( 2476): offset = 0 remaining = 29 countRead = 0
03-10 14:46:56.672 D/AlarmManagerService(  805): Kernel timezone updated to -120 minutes west of GMT
03-10 14:46:56.702 V/QcrilMsgTunnelSocket( 2476): offset = 0 remaining = 29 countRead = 29
03-10 14:46:56.702 D/QcrilMsgTunnelSocket( 2476): readRilMessage: Buffer = [B@65548b40 HexData = [0100000004040000110000005155414c434f4d4def0308000100000002]
03-10 14:46:56.702 V/QcrilMsgTunnelSocket( 2476): Read packet: 29 bytes. Data Available = 32 Position = 0
03-10 14:46:56.702 D/QcrilMsgTunnelSocket( 2476): processResponse. message type = 1. Data Available = 28
03-10 14:46:56.702 D/QcrilMsgTunnelSocket( 2476): ByteArray from parcel = 5155414c434f4d4def0308000100000002
03-10 14:46:56.702 D/QcrilMsgTunnelSocket( 2476): Received RIL_UNSOL_OEM_HOOK_RAW message
03-10 14:46:56.702 D/QcrilMsgTunnelSocket( 2476): Oem ID in RIL_UNSOL_OEM_HOOK_RAW is QUALCOMM
03-10 14:46:56.702 D/QcrilMsgTunnelSocket( 2476): OEM ID check Passed
03-10 14:46:56.702 D/QcrilMsgTunnelSocket( 2476): Response ID in RIL_UNSOL_OEM_HOOK_RAW is 525295
03-10 14:46:56.702 D/QcrilMsgTunnelSocket( 2476): Response ID 525295is not served in this process.
03-10 14:46:56.702 D/QcrilMsgTunnelSocket( 2476): To broadcast an Intent via the notifier to external apps
03-10 14:46:56.702 V/QcrilMsgTunnelSocket( 2476): Before reading offset = 0 remaining = 4 countRead = 0
03-10 14:46:56.702 D/MobileDataStateTracker(  805): default: Broadcast received: android.intent.action.ANY_DATA_STATE apnType=default
03-10 14:46:56.702 D/MobileDataStateTracker(  805): default: Received state=CONNECTED, old=CONNECTED, reason=(unspecified)
03-10 14:46:56.712 D/QcrilMsgTunnelIfaceManager( 2476): handleMessage what=0
03-10 14:46:56.712 D/QcrilMsgTunnelIfaceManager( 2476): Broadcasting intent ACTION_UNSOL_RESPONSE_OEM_HOOK_RAW
03-10 14:46:57.812 D/class ch.boye.httpclientandroidlib.impl.conn.DefaultClientConnection( 4402): Connection shut down
03-10 14:46:57.812 I/GeckoAnnounce( 4402): fennec :: AnnounceService :: No new announcements to display.
03-10 14:46:57.842 I/ActivityManager(  805): Killing 3698:com.google.android.youtube/u0a73 (adj 15): empty #17
03-10 14:46:57.882 W/GLSUser ( 1292): GoogleAccountDataService.getToken()
03-10 14:46:58.022 I/ActivityManager(  805): Killing 3786:com.google.android.apps.magazines/u0a57 (adj 15): empty #17
03-10 14:46:58.602 I/qtaguid ( 2653): Failed write_ctrl(u 37) res=-1 errno=22
03-10 14:46:58.602 I/qtaguid ( 2653): Untagging socket 37 failed errno=-22
03-10 14:46:58.602 W/NetworkManagementSocketTagger( 2653): untagSocket(37) failed with errno -22
03-10 14:46:58.852 I/art     ( 2653): Heap trim of managed (duration=3.996042ms, advised=416KB) and native (duration=2.609896ms, advised=80KB) heaps. Managed heap utilization of 52%.
03-10 14:46:59.052 D/Finsky  ( 2653): [1] CheckWifiAndAutoUpdate.cancelCheck: Cancelling auto-update wifi check.
03-10 14:46:59.222 W/GLSUser ( 1292): GoogleAccountDataService.getToken()
03-10 14:47:00.602 D/InitAlarmsService( 2961): Clearing and rescheduling alarms.
03-10 14:47:00.622 I/ActivityManager(  805): Killing 3859:com.google.android.apps.maps/u0a58 (adj 15): empty #17
03-10 14:47:00.622 I/ActivityManager(  805): Killing 3924:com.google.android.tts/u0a49 (adj 15): empty #18
03-10 14:47:00.652 I/qtaguid ( 2653): Failed write_ctrl(u 37) res=-1 errno=22
03-10 14:47:00.652 I/qtaguid ( 2653): Untagging socket 37 failed errno=-22
03-10 14:47:00.652 W/NetworkManagementSocketTagger( 2653): untagSocket(37) failed with errno -22
03-10 14:47:00.802 D/Finsky  ( 2653): [1] DailyHygiene.flushEventLogs: Flushing event logs for [h8oDSybNDDZzpp4iys_x3qq36Xs]
03-10 14:47:02.032 W/BroadcastQueue(  805): Skipping deliver [background] BroadcastRecord{65e224e0 u-1 android.net.wifi.SCAN_RESULTS} to ReceiverList{65eaafb0 1233 com.google.process.location/10007/u0 remote:6603b208}: process crashing
03-10 14:47:05.232 V/QcrilMsgTunnelSocket( 2476): After reading offset = 0 remaining = 4 countRead = 4
03-10 14:47:05.232 D/QcrilMsgTunnelSocket( 2476): messageLength extracted from first 4 inputStream reads = 29
03-10 14:47:05.232 V/QcrilMsgTunnelSocket( 2476): offset = 0 remaining = 29 countRead = 0
03-10 14:47:05.232 V/QcrilMsgTunnelSocket( 2476): offset = 0 remaining = 29 countRead = 29
03-10 14:47:05.232 D/QcrilMsgTunnelSocket( 2476): readRilMessage: Buffer = [B@65548b40 HexData = [0100000004040000110000005155414c434f4d4def0308000100000002]
03-10 14:47:05.232 V/QcrilMsgTunnelSocket( 2476): Read packet: 29 bytes. Data Available = 32 Position = 0
03-10 14:47:05.232 D/QcrilMsgTunnelSocket( 2476): processResponse. message type = 1. Data Available = 28
03-10 14:47:05.232 D/QcrilMsgTunnelSocket( 2476): ByteArray from parcel = 5155414c434f4d4def0308000100000002
03-10 14:47:05.232 D/QcrilMsgTunnelSocket( 2476): Received RIL_UNSOL_OEM_HOOK_RAW message
03-10 14:47:05.232 D/QcrilMsgTunnelSocket( 2476): Oem ID in RIL_UNSOL_OEM_HOOK_RAW is QUALCOMM
03-10 14:47:05.232 D/QcrilMsgTunnelSocket( 2476): OEM ID check Passed
03-10 14:47:05.232 D/QcrilMsgTunnelSocket( 2476): Response ID in RIL_UNSOL_OEM_HOOK_RAW is 525295
03-10 14:47:05.232 D/QcrilMsgTunnelSocket( 2476): Response ID 525295is not served in this process.
03-10 14:47:05.232 D/QcrilMsgTunnelSocket( 2476): To broadcast an Intent via the notifier to external apps
03-10 14:47:05.242 D/AlarmManagerService(  805): Kernel timezone updated to -120 minutes west of GMT
03-10 14:47:05.252 D/MobileDataStateTracker(  805): default: Broadcast received: android.intent.action.ANY_DATA_STATE apnType=default
03-10 14:47:05.252 D/MobileDataStateTracker(  805): default: Received state=CONNECTED, old=CONNECTED, reason=(unspecified)
03-10 14:47:05.292 V/QcrilMsgTunnelSocket( 2476): Before reading offset = 0 remaining = 4 countRead = 0
03-10 14:47:05.292 V/QcrilMsgTunnelSocket( 2476): After reading offset = 0 remaining = 4 countRead = 4
03-10 14:47:05.302 D/QcrilMsgTunnelSocket( 2476): messageLength extracted from first 4 inputStream reads = 29
03-10 14:47:05.302 V/QcrilMsgTunnelSocket( 2476): offset = 0 remaining = 29 countRead = 0
03-10 14:47:05.302 D/QcrilMsgTunnelIfaceManager( 2476): handleMessage what=0
03-10 14:47:05.302 D/QcrilMsgTunnelIfaceManager( 2476): Broadcasting intent ACTION_UNSOL_RESPONSE_OEM_HOOK_RAW
03-10 14:47:05.302 V/QcrilMsgTunnelSocket( 2476): offset = 0 remaining = 29 countRead = 29
03-10 14:47:05.302 D/QcrilMsgTunnelSocket( 2476): readRilMessage: Buffer = [B@65548b40 HexData = [0100000004040000110000005155414c434f4d4def0308000100000002]
03-10 14:47:05.302 V/QcrilMsgTunnelSocket( 2476): Read packet: 29 bytes. Data Available = 32 Position = 0
03-10 14:47:05.302 D/QcrilMsgTunnelSocket( 2476): processResponse. message type = 1. Data Available = 28
03-10 14:47:05.302 D/QcrilMsgTunnelSocket( 2476): ByteArray from parcel = 5155414c434f4d4def0308000100000002
03-10 14:47:05.302 D/QcrilMsgTunnelSocket( 2476): Received RIL_UNSOL_OEM_HOOK_RAW message
03-10 14:47:05.302 D/QcrilMsgTunnelSocket( 2476): Oem ID in RIL_UNSOL_OEM_HOOK_RAW is QUALCOMM
03-10 14:47:05.302 D/QcrilMsgTunnelSocket( 2476): OEM ID check Passed
03-10 14:47:05.302 D/QcrilMsgTunnelSocket( 2476): Response ID in RIL_UNSOL_OEM_HOOK_RAW is 525295
03-10 14:47:05.302 D/QcrilMsgTunnelSocket( 2476): Response ID 525295is not served in this process.
03-10 14:47:05.302 D/QcrilMsgTunnelSocket( 2476): To broadcast an Intent via the notifier to external apps
03-10 14:47:05.302 V/QcrilMsgTunnelSocket( 2476): Before reading offset = 0 remaining = 4 countRead = 0
03-10 14:47:05.302 D/QcrilMsgTunnelIfaceManager( 2476): handleMessage what=0
03-10 14:47:05.302 D/QcrilMsgTunnelIfaceManager( 2476): Broadcasting intent ACTION_UNSOL_RESPONSE_OEM_HOOK_RAW
03-10 14:47:05.482 V/QcrilMsgTunnelSocket( 2476): After reading offset = 0 remaining = 4 countRead = 4
03-10 14:47:05.482 D/QcrilMsgTunnelSocket( 2476): messageLength extracted from first 4 inputStream reads = 29
03-10 14:47:05.482 V/QcrilMsgTunnelSocket( 2476): offset = 0 remaining = 29 countRead = 0
03-10 14:47:05.482 V/QcrilMsgTunnelSocket( 2476): offset = 0 remaining = 29 countRead = 29
03-10 14:47:05.482 D/QcrilMsgTunnelSocket( 2476): readRilMessage: Buffer = [B@65548b40 HexData = [0100000004040000110000005155414c434f4d4def0308000100000002]
03-10 14:47:05.482 V/QcrilMsgTunnelSocket( 2476): Read packet: 29 bytes. Data Available = 32 Position = 0
03-10 14:47:05.482 D/QcrilMsgTunnelSocket( 2476): processResponse. message type = 1. Data Available = 28
03-10 14:47:05.482 D/QcrilMsgTunnelSocket( 2476): ByteArray from parcel = 5155414c434f4d4def0308000100000002
03-10 14:47:05.482 D/QcrilMsgTunnelSocket( 2476): Received RIL_UNSOL_OEM_HOOK_RAW message
03-10 14:47:05.482 D/QcrilMsgTunnelSocket( 2476): Oem ID in RIL_UNSOL_OEM_HOOK_RAW is QUALCOMM
03-10 14:47:05.482 D/QcrilMsgTunnelSocket( 2476): OEM ID check Passed
03-10 14:47:05.482 D/QcrilMsgTunnelSocket( 2476): Response ID in RIL_UNSOL_OEM_HOOK_RAW is 525295
03-10 14:47:05.482 D/QcrilMsgTunnelSocket( 2476): Response ID 525295is not served in this process.
03-10 14:47:05.482 D/QcrilMsgTunnelSocket( 2476): To broadcast an Intent via the notifier to external apps
03-10 14:47:05.482 V/QcrilMsgTunnelSocket( 2476): Before reading offset = 0 remaining = 4 countRead = 0
03-10 14:47:05.482 D/QcrilMsgTunnelIfaceManager( 2476): handleMessage what=0
03-10 14:47:05.482 D/QcrilMsgTunnelIfaceManager( 2476): Broadcasting intent ACTION_UNSOL_RESPONSE_OEM_HOOK_RAW
03-10 14:47:06.402 D/AndroidRuntime( 4747): 
03-10 14:47:06.402 D/AndroidRuntime( 4747): >>>>>> AndroidRuntime START com.android.internal.os.RuntimeInit <<<<<<
03-10 14:47:06.402 D/AndroidRuntime( 4747): CheckJNI is OFF
03-10 14:47:06.402 E/art     ( 4747): Unrecognized option -XX:mainThreadStackSize=24K
03-10 14:47:06.402 W/art     ( 4747): Ignoring unknown -Xgc option: precise
03-10 14:47:06.452 W/art     ( 4747): Failed to find ELF magic in /system/framework/am.odex: dey
03-10 14:47:06.512 W/art     ( 4747): JNI RegisterNativeMethods: attempt to register 0 native methods for android.content.res.Configuration
03-10 14:47:06.532 D/AndroidRuntime( 4747): Calling main entry com.android.commands.am.Am
03-10 14:47:06.532 I/ActivityManager(  805): Force stopping com.android.helloworldjava appid=10141 user=0: from pid 4747
03-10 14:47:06.532 I/ActivityManager(  805): Killing 4183:com.android.helloworldjava/u0a141 (adj 0): stop com.android.helloworldjava
03-10 14:47:06.532 W/ActivityManager(  805): Force removing ActivityRecord{6646e078 u0 com.android.helloworldjava/.HelloWorld t3}: app died, no saved state
03-10 14:47:06.552 W/WindowManager(  805): Rebuild removed 2 windows but added 1
03-10 14:47:06.552 W/WindowManager(  805): java.lang.RuntimeException: here
03-10 14:47:06.552 W/WindowManager(  805): 	at com.android.server.wm.WindowManagerService.rebuildAppWindowListLocked(WindowManagerService.java:8011)
03-10 14:47:06.552 W/WindowManager(  805): 	at com.android.server.wm.WindowManagerService.rebuildAppWindowListLocked(WindowManagerService.java:7947)
03-10 14:47:06.552 W/WindowManager(  805): 	at com.android.server.wm.WindowManagerService.handleAppTransitionReadyLocked(WindowManagerService.java:8430)
03-10 14:47:06.552 W/WindowManager(  805): 	at com.android.server.wm.WindowManagerService.performLayoutAndPlaceSurfacesLockedInner(WindowManagerService.java:9193)
03-10 14:47:06.552 W/WindowManager(  805): 	at com.android.server.wm.WindowManagerService.performLayoutAndPlaceSurfacesLockedLoop(WindowManagerService.java:8163)
03-10 14:47:06.552 W/WindowManager(  805): 	at com.android.server.wm.WindowManagerService.performLayoutAndPlaceSurfacesLocked(WindowManagerService.java:8105)
03-10 14:47:06.552 W/WindowManager(  805): 	at com.android.server.wm.WindowManagerService.executeAppTransition(WindowManagerService.java:3918)
03-10 14:47:06.552 W/WindowManager(  805): 	at com.android.server.am.ActivityStackSupervisor.reportResumedActivityLocked(ActivityStackSupervisor.java:2241)
03-10 14:47:06.552 W/WindowManager(  805): 	at com.android.server.am.ActivityStack.completeResumeLocked(ActivityStack.java:968)
03-10 14:47:06.552 W/WindowManager(  805): 	at com.android.server.am.ActivityStack.resumeTopActivityLocked(ActivityStack.java:1631)
03-10 14:47:06.552 W/WindowManager(  805): 	at com.android.server.am.ActivityStackSupervisor.resumeTopActivitiesLocked(ActivityStackSupervisor.java:2022)
03-10 14:47:06.552 W/WindowManager(  805): 	at com.android.server.am.ActivityStackSupervisor.resumeTopActivitiesLocked(ActivityStackSupervisor.java:2009)
03-10 14:47:06.552 W/WindowManager(  805): 	at com.android.server.am.ActivityManagerService.forceStopPackageLocked(ActivityManagerService.java:4750)
03-10 14:47:06.552 W/WindowManager(  805): 	at com.android.server.am.ActivityManagerService.forceStopPackageLocked(ActivityManagerService.java:4496)
03-10 14:47:06.552 W/WindowManager(  805): 	at com.android.server.am.ActivityManagerService.forceStopPackage(ActivityManagerService.java:4327)
03-10 14:47:06.552 W/WindowManager(  805): 	at android.app.ActivityManagerNative.onTransact(ActivityManagerNative.java:1365)
03-10 14:47:06.552 W/WindowManager(  805): 	at com.android.server.am.ActivityManagerService.onTransact(ActivityManagerService.java:2071)
03-10 14:47:06.552 W/WindowManager(  805): 	at android.os.Binder.execTransact(Binder.java:404)
03-10 14:47:06.552 W/WindowManager(  805): This window was lost: Window{657c4f30 u0 com.android.helloworldjava/com.android.helloworldjava.HelloWorld}
03-10 14:47:06.552 W/WindowManager(  805): mDisplayId=0 mSession=Session{664bd0f8 4183:u0a10141} mClient=android.os.BinderProxy@66466e68
03-10 14:47:06.552 W/WindowManager(  805): mOwnerUid=10141 mShowToOwnerOnly=true package=com.android.helloworldjava appop=NONE
03-10 14:47:06.552 W/WindowManager(  805): mAttrs=WM.LayoutParams{(0,0)(fillxfill) sim=#120 ty=1 fl=#40010100 compatible=true pfl=0x88 wanim=0x1030001}
03-10 14:47:06.552 W/WindowManager(  805): Requested w=1080 h=1776 mLayoutSeq=84
03-10 14:47:06.552 W/WindowManager(  805): mBaseLayer=21000 mSubLayer=0 mAnimLayer=21005+0=21005 mLastLayer=0
03-10 14:47:06.552 W/WindowManager(  805): mToken=AppWindowToken{661502d8 token=Token{6646f248 ActivityRecord{6646e078 u0 com.android.helloworldjava/.HelloWorld t3}}}
03-10 14:47:06.552 W/WindowManager(  805): mRootToken=AppWindowToken{661502d8 token=Token{6646f248 ActivityRecord{6646e078 u0 com.android.helloworldjava/.HelloWorld t3}}}
03-10 14:47:06.552 W/WindowManager(  805): mAppToken=AppWindowToken{661502d8 token=Token{6646f248 ActivityRecord{6646e078 u0 com.android.helloworldjava/.HelloWorld t3}}}
03-10 14:47:06.552 W/WindowManager(  805): mViewVisibility=0x0 mHaveFrame=true mObscured=true
03-10 14:47:06.552 W/WindowManager(  805): mSeq=0 mSystemUiVisibility=0x0
03-10 14:47:06.552 W/WindowManager(  805): mPolicyVisibility=false mPolicyVisibilityAfterAnim=false mAppOpVisibility=true mAttachedHidden=false
03-10 14:47:06.552 W/WindowManager(  805): mGivenContentInsets=[0,0][0,0] mGivenVisibleInsets=[0,0][0,0]
03-10 14:47:06.552 W/WindowManager(  805): mConfiguration={1.0 244mcc21mnc en_IN ldltr sw360dp w360dp h567dp 480dpi nrml port finger -keyb/v/h -nav/h s.5}
03-10 14:47:06.552 W/WindowManager(  805): mHasSurface=true mShownFrame=[0.0,0.0][1080.0,1776.0] isReadyForDisplay()=false
03-10 14:47:06.552 W/WindowManager(  805): mFrame=[0,0][1080,1776] last=[0,0][1080,1776]
03-10 14:47:06.552 W/WindowManager(  805): mSystemDecorRect=[0,0][960,1579] last=[0,0][960,1579]
03-10 14:47:06.552 W/WindowManager(  805): mCompatFrame=[0,0][960,1579]
03-10 14:47:06.552 W/WindowManager(  805): Frames: containing=[0,0][1080,1776] parent=[0,0][1080,1776]
03-10 14:47:06.552 W/WindowManager(  805):     display=[0,0][1080,1776] overscan=[0,0][1080,1920]
03-10 14:47:06.552 W/WindowManager(  805):     content=[0,75][1080,1776] visible=[0,75][1080,1776]
03-10 14:47:06.552 W/WindowManager(  805):     decor=[0,0][1080,1920]
03-10 14:47:06.552 W/WindowManager(  805): Cur insets: overscan=[0,0][0,0] content=[0,67][0,0] visible=[0,67][0,0]
03-10 14:47:06.552 W/WindowManager(  805): Lst insets: overscan=[0,0][0,0] content=[0,67][0,0] visible=[0,67][0,0]
03-10 14:47:06.552 W/WindowManager(  805): WindowStateAnimator{665f6c80 com.android.helloworldjava/com.android.helloworldjava.HelloWorld}:
03-10 14:47:06.552 W/WindowManager(  805):   mSurface=Surface(name=com.android.helloworldjava/com.android.helloworldjava.HelloWorld)
03-10 14:47:06.552 W/WindowManager(  805):   mDrawState=HAS_DRAWN mLastHidden=true
03-10 14:47:06.552 W/WindowManager(  805):   Surface: shown=false layer=21005 alpha=0.0 rect=(0.0,0.0) 960.0 x 1579.0
03-10 14:47:06.552 W/WindowManager(  805):   mShownAlpha=1.0 mAlpha=1.0 mLastAlpha=-1.0
03-10 14:47:06.552 W/WindowManager(  805):   mGlobalScale=1.1247625 mDsDx=1.1247625 mDtDx=0.0 mDsDy=0.0 mDtDy=1.1247625
03-10 14:47:06.552 W/WindowManager(  805): Current app token list:
03-10 14:47:06.552 V/WindowManager(  805):   Display 0
03-10 14:47:06.552 V/WindowManager(  805):   #0: Token{65e4aa40 ActivityRecord{65d2a730 u0 com.google.android.googlequicksearchbox/com.google.android.launcher.GEL t1}}
03-10 14:47:06.552 W/WindowManager(  805): Final window list:
03-10 14:47:06.552 V/WindowManager(  805):   #0: Window{65b259f0 u0 SearchPanel}
03-10 14:47:06.552 V/WindowManager(  805):   #1: Window{65aeca88 u0 NavigationBar}
03-10 14:47:06.552 V/WindowManager(  805):   #2: Window{658b8190 u0 StatusBar}
03-10 14:47:06.552 V/WindowManager(  805):   #3: Window{65f5a1c8 u0 Keyguard}
03-10 14:47:06.552 V/WindowManager(  805):   #4: Window{65ee7610 u0 KeyguardScrim}
03-10 14:47:06.552 V/WindowManager(  805):   #5: Window{65f49650 u0 com.android.systemui.ImageWallpaper}
03-10 14:47:06.552 V/WindowManager(  805):   #6: Window{65f35618 u0 Application Error: com.google.process.location}
03-10 14:47:06.552 V/WindowManager(  805):   #7: Window{65f30048 u0 com.google.android.googlequicksearchbox/com.google.android.launcher.GEL}
03-10 14:47:06.572 W/InputDispatcher(  805): channel '657c4f30 com.android.helloworldjava/com.android.helloworldjava.HelloWorld (server)' ~ Consumer closed input channel or an error occurred.  events=0x9
03-10 14:47:06.572 E/InputDispatcher(  805): channel '657c4f30 com.android.helloworldjava/com.android.helloworldjava.HelloWorld (server)' ~ Channel is unrecoverably broken and will be disposed!
03-10 14:47:06.582 W/InputDispatcher(  805): Attempted to unregister already unregistered input channel '657c4f30 com.android.helloworldjava/com.android.helloworldjava.HelloWorld (server)'
03-10 14:47:06.582 D/Launcher( 1051): 11683562 - bindAddScreens()
03-10 14:47:06.582 D/Launcher( 1051): 11683562 -   orderedScreenIds: 
03-10 14:47:06.582 D/Launcher.Workspace( 1051): 11683562 - removeExtraEmptyScreen()
03-10 14:47:06.582 D/Launcher.Workspace( 1051): 11683562 - convertFinalScreenToEmptyScreenIfNecessary()
03-10 14:47:06.582 I/WindowState(  805): WIN DEATH: Window{657c4f30 u0 com.android.helloworldjava/com.android.helloworldjava.HelloWorld}
03-10 14:47:06.602 D/AndroidRuntime( 4747): Shutting down VM
03-10 14:47:06.612 E/AppsCustomizePagedView( 1051): Widget ComponentInfo{com.devhd.feedly/com.devhd.feedly.widget.FeedlyWidgetProvider_4_1} has invalid dimensions (0, 0)
03-10 14:47:08.212 D/AndroidRuntime( 4782): 
03-10 14:47:08.212 D/AndroidRuntime( 4782): >>>>>> AndroidRuntime START com.android.internal.os.RuntimeInit <<<<<<
03-10 14:47:08.212 D/AndroidRuntime( 4782): CheckJNI is OFF
03-10 14:47:08.212 E/art     ( 4782): Unrecognized option -XX:mainThreadStackSize=24K
03-10 14:47:08.212 W/art     ( 4782): Ignoring unknown -Xgc option: precise
03-10 14:47:08.262 W/art     ( 4782): Failed to find ELF magic in /system/framework/am.odex: dey
03-10 14:47:08.322 W/art     ( 4782): JNI RegisterNativeMethods: attempt to register 0 native methods for android.content.res.Configuration
03-10 14:47:08.332 D/AndroidRuntime( 4782): Calling main entry com.android.commands.am.Am
03-10 14:47:08.342 I/ActivityManager(  805): START u0 {flg=0x10000000 cmp=com.android.helloworldjava/.HelloWorld} from pid 4782
03-10 14:47:08.652 D/AndroidRuntime( 4782): Shutting down VM
03-10 14:47:08.652 I/WindowManager(  805): Screenshot max retries 4 of Token{65e4aa40 ActivityRecord{65d2a730 u0 com.google.android.googlequicksearchbox/com.google.android.launcher.GEL t1}} appWin=Window{65f30048 u0 com.google.android.googlequicksearchbox/com.google.android.launcher.GEL} drawState=4
03-10 14:47:08.652 W/WindowManager(  805): Screenshot failure taking screenshot for (1080x1920) to layer 21000
03-10 14:47:08.662 W/art     (  195): Could not get current activity
03-10 14:47:08.672 I/ActivityManager(  805): Start proc com.android.helloworldjava for activity com.android.helloworldjava/.HelloWorld: pid=4803 uid=10141 gids={50141, 1028, 1015}
03-10 14:47:08.812 I/ActivityManager(  805): Displayed com.android.helloworldjava/.HelloWorld: +159ms
03-10 14:47:14.222 D/Finsky  ( 2653): [1] 5.onFinished: Installation state replication succeeded.
03-10 14:47:14.732 V/QcrilMsgTunnelSocket( 2476): After reading offset = 0 remaining = 4 countRead = 4
03-10 14:47:14.732 D/QcrilMsgTunnelSocket( 2476): messageLength extracted from first 4 inputStream reads = 29
03-10 14:47:14.732 V/QcrilMsgTunnelSocket( 2476): offset = 0 remaining = 29 countRead = 0
03-10 14:47:14.732 V/QcrilMsgTunnelSocket( 2476): offset = 0 remaining = 29 countRead = 29
03-10 14:47:14.732 D/QcrilMsgTunnelSocket( 2476): readRilMessage: Buffer = [B@65548b40 HexData = [0100000004040000110000005155414c434f4d4def0308000100000000]
03-10 14:47:14.732 V/QcrilMsgTunnelSocket( 2476): Read packet: 29 bytes. Data Available = 32 Position = 0
03-10 14:47:14.732 D/QcrilMsgTunnelSocket( 2476): processResponse. message type = 1. Data Available = 28
03-10 14:47:14.732 D/QcrilMsgTunnelSocket( 2476): ByteArray from parcel = 5155414c434f4d4def0308000100000000
03-10 14:47:14.732 D/QcrilMsgTunnelSocket( 2476): Received RIL_UNSOL_OEM_HOOK_RAW message
03-10 14:47:14.732 D/QcrilMsgTunnelSocket( 2476): Oem ID in RIL_UNSOL_OEM_HOOK_RAW is QUALCOMM
03-10 14:47:14.732 D/QcrilMsgTunnelSocket( 2476): OEM ID check Passed
03-10 14:47:14.742 D/QcrilMsgTunnelSocket( 2476): Response ID in RIL_UNSOL_OEM_HOOK_RAW is 525295
03-10 14:47:14.742 D/QcrilMsgTunnelSocket( 2476): Response ID 525295is not served in this process.
03-10 14:47:14.742 D/QcrilMsgTunnelSocket( 2476): To broadcast an Intent via the notifier to external apps
03-10 14:47:14.742 V/QcrilMsgTunnelSocket( 2476): Before reading offset = 0 remaining = 4 countRead = 0
03-10 14:47:14.742 D/QcrilMsgTunnelIfaceManager( 2476): handleMessage what=0
03-10 14:47:14.742 D/QcrilMsgTunnelIfaceManager( 2476): Broadcasting intent ACTION_UNSOL_RESPONSE_OEM_HOOK_RAW
03-10 14:47:19.633 W/BroadcastQueue(  805): Skipping deliver [background] BroadcastRecord{65f6aa70 u-1 android.net.wifi.SCAN_RESULTS} to ReceiverList{65eaafb0 1233 com.google.process.location/10007/u0 remote:6603b208}: process crashing
03-10 14:47:22.243 V/QcrilMsgTunnelSocket( 2476): After reading offset = 0 remaining = 4 countRead = 4
03-10 14:47:22.243 D/QcrilMsgTunnelSocket( 2476): messageLength extracted from first 4 inputStream reads = 29
03-10 14:47:22.243 V/QcrilMsgTunnelSocket( 2476): offset = 0 remaining = 29 countRead = 0
03-10 14:47:22.292 V/QcrilMsgTunnelSocket( 2476): offset = 0 remaining = 29 countRead = 29
03-10 14:47:22.292 D/QcrilMsgTunnelSocket( 2476): readRilMessage: Buffer = [B@65548b40 HexData = [0100000004040000110000005155414c434f4d4def0308000100000000]
03-10 14:47:22.292 V/QcrilMsgTunnelSocket( 2476): Read packet: 29 bytes. Data Available = 32 Position = 0
03-10 14:47:22.292 D/QcrilMsgTunnelSocket( 2476): processResponse. message type = 1. Data Available = 28
03-10 14:47:22.292 D/QcrilMsgTunnelSocket( 2476): ByteArray from parcel = 5155414c434f4d4def0308000100000000
03-10 14:47:22.292 D/QcrilMsgTunnelSocket( 2476): Received RIL_UNSOL_OEM_HOOK_RAW message
03-10 14:47:22.292 D/QcrilMsgTunnelSocket( 2476): Oem ID in RIL_UNSOL_OEM_HOOK_RAW is QUALCOMM
03-10 14:47:22.292 D/QcrilMsgTunnelSocket( 2476): OEM ID check Passed
03-10 14:47:22.292 D/QcrilMsgTunnelSocket( 2476): Response ID in RIL_UNSOL_OEM_HOOK_RAW is 525295
03-10 14:47:22.292 D/QcrilMsgTunnelSocket( 2476): Response ID 525295is not served in this process.
03-10 14:47:22.292 D/QcrilMsgTunnelSocket( 2476): To broadcast an Intent via the notifier to external apps
03-10 14:47:22.292 V/QcrilMsgTunnelSocket( 2476): Before reading offset = 0 remaining = 4 countRead = 0
03-10 14:47:22.292 D/QcrilMsgTunnelIfaceManager( 2476): handleMessage what=0
03-10 14:47:22.292 D/QcrilMsgTunnelIfaceManager( 2476): Broadcasting intent ACTION_UNSOL_RESPONSE_OEM_HOOK_RAW
03-10 14:47:22.302 D/AlarmManagerService(  805): Kernel timezone updated to -120 minutes west of GMT
03-10 14:47:22.312 D/MobileDataStateTracker(  805): default: Broadcast received: android.intent.action.ANY_DATA_STATE apnType=default
03-10 14:47:22.312 D/MobileDataStateTracker(  805): default: Received state=CONNECTED, old=CONNECTED, reason=(unspecified)
03-10 14:47:22.402 I/GCM     ( 1292): GCM message com.google.android.talk 0:1394455642369248%5a539273f9fd7ecd
03-10 14:47:22.542 V/QcrilMsgTunnelSocket( 2476): After reading offset = 0 remaining = 4 countRead = 4
03-10 14:47:22.542 D/QcrilMsgTunnelSocket( 2476): messageLength extracted from first 4 inputStream reads = 29
03-10 14:47:22.542 V/QcrilMsgTunnelSocket( 2476): offset = 0 remaining = 29 countRead = 0
03-10 14:47:22.542 V/QcrilMsgTunnelSocket( 2476): offset = 0 remaining = 29 countRead = 29
03-10 14:47:22.542 D/QcrilMsgTunnelSocket( 2476): readRilMessage: Buffer = [B@65548b40 HexData = [0100000004040000110000005155414c434f4d4def0308000100000000]
03-10 14:47:22.542 V/QcrilMsgTunnelSocket( 2476): Read packet: 29 bytes. Data Available = 32 Position = 0
03-10 14:47:22.542 D/QcrilMsgTunnelSocket( 2476): processResponse. message type = 1. Data Available = 28
03-10 14:47:22.542 D/QcrilMsgTunnelSocket( 2476): ByteArray from parcel = 5155414c434f4d4def0308000100000000
03-10 14:47:22.542 D/QcrilMsgTunnelSocket( 2476): Received RIL_UNSOL_OEM_HOOK_RAW message
03-10 14:47:22.542 D/QcrilMsgTunnelSocket( 2476): Oem ID in RIL_UNSOL_OEM_HOOK_RAW is QUALCOMM
03-10 14:47:22.542 D/QcrilMsgTunnelSocket( 2476): OEM ID check Passed
03-10 14:47:22.542 D/QcrilMsgTunnelSocket( 2476): Response ID in RIL_UNSOL_OEM_HOOK_RAW is 525295
03-10 14:47:22.542 D/QcrilMsgTunnelSocket( 2476): Response ID 525295is not served in this process.
03-10 14:47:22.542 D/QcrilMsgTunnelSocket( 2476): To broadcast an Intent via the notifier to external apps
03-10 14:47:22.542 V/QcrilMsgTunnelSocket( 2476): Before reading offset = 0 remaining = 4 countRead = 0
03-10 14:47:22.542 D/QcrilMsgTunnelIfaceManager( 2476): handleMessage what=0
03-10 14:47:22.542 D/QcrilMsgTunnelIfaceManager( 2476): Broadcasting intent ACTION_UNSOL_RESPONSE_OEM_HOOK_RAW
03-10 14:47:22.842 I/art     (  805): Heap trim of managed (duration=17.713125ms, advised=3MB) and native (duration=5.832448ms, advised=1904KB) heaps. Managed heap utilization of 64%.
03-10 14:47:22.852 W/GLSUser ( 1292): GoogleAccountDataService.getToken()
03-10 14:47:22.902 D/ConnectivityService(  805): handleInetConditionHoldEnd: net=0, condition=100, published condition=100
03-10 14:47:23.222 I/art     ( 4612): Heap trim of managed (duration=1.870104ms, advised=172KB) and native (duration=2.316615ms, advised=64KB) heaps. Managed heap utilization of 60%.
03-10 14:47:26.832 V/QcrilMsgTunnelSocket( 2476): After reading offset = 0 remaining = 4 countRead = 4
03-10 14:47:26.832 D/QcrilMsgTunnelSocket( 2476): messageLength extracted from first 4 inputStream reads = 29
03-10 14:47:26.832 V/QcrilMsgTunnelSocket( 2476): offset = 0 remaining = 29 countRead = 0
03-10 14:47:26.852 D/AlarmManagerService(  805): Kernel timezone updated to -120 minutes west of GMT
03-10 14:47:26.862 V/QcrilMsgTunnelSocket( 2476): offset = 0 remaining = 29 countRead = 29
03-10 14:47:26.862 D/QcrilMsgTunnelSocket( 2476): readRilMessage: Buffer = [B@65548b40 HexData = [0100000004040000110000005155414c434f4d4def0308000100000002]
03-10 14:47:26.862 V/QcrilMsgTunnelSocket( 2476): Read packet: 29 bytes. Data Available = 32 Position = 0
03-10 14:47:26.862 D/QcrilMsgTunnelSocket( 2476): processResponse. message type = 1. Data Available = 28
03-10 14:47:26.862 D/QcrilMsgTunnelSocket( 2476): ByteArray from parcel = 5155414c434f4d4def0308000100000002
03-10 14:47:26.862 D/QcrilMsgTunnelSocket( 2476): Received RIL_UNSOL_OEM_HOOK_RAW message
03-10 14:47:26.862 D/QcrilMsgTunnelSocket( 2476): Oem ID in RIL_UNSOL_OEM_HOOK_RAW is QUALCOMM
03-10 14:47:26.862 D/QcrilMsgTunnelSocket( 2476): OEM ID check Passed
03-10 14:47:26.862 D/QcrilMsgTunnelSocket( 2476): Response ID in RIL_UNSOL_OEM_HOOK_RAW is 525295
03-10 14:47:26.862 D/QcrilMsgTunnelSocket( 2476): Response ID 525295is not served in this process.
03-10 14:47:26.862 D/QcrilMsgTunnelSocket( 2476): To broadcast an Intent via the notifier to external apps
03-10 14:47:26.872 D/MobileDataStateTracker(  805): default: Broadcast received: android.intent.action.ANY_DATA_STATE apnType=default
03-10 14:47:26.872 D/MobileDataStateTracker(  805): default: Received state=CONNECTED, old=CONNECTED, reason=(unspecified)
03-10 14:47:26.892 D/QcrilMsgTunnelIfaceManager( 2476): handleMessage what=0
03-10 14:47:26.892 D/QcrilMsgTunnelIfaceManager( 2476): Broadcasting intent ACTION_UNSOL_RESPONSE_OEM_HOOK_RAW
03-10 14:47:26.892 V/QcrilMsgTunnelSocket( 2476): Before reading offset = 0 remaining = 4 countRead = 0
03-10 14:47:26.912 V/QcrilMsgTunnelSocket( 2476): After reading offset = 0 remaining = 4 countRead = 4
03-10 14:47:26.912 D/QcrilMsgTunnelSocket( 2476): messageLength extracted from first 4 inputStream reads = 29
03-10 14:47:26.912 V/QcrilMsgTunnelSocket( 2476): offset = 0 remaining = 29 countRead = 0
03-10 14:47:26.922 V/QcrilMsgTunnelSocket( 2476): offset = 0 remaining = 29 countRead = 29
03-10 14:47:26.932 D/QcrilMsgTunnelSocket( 2476): readRilMessage: Buffer = [B@65548b40 HexData = [0100000004040000110000005155414c434f4d4def0308000100000002]
03-10 14:47:26.932 V/QcrilMsgTunnelSocket( 2476): Read packet: 29 bytes. Data Available = 32 Position = 0
03-10 14:47:26.932 D/QcrilMsgTunnelSocket( 2476): processResponse. message type = 1. Data Available = 28
03-10 14:47:26.932 D/QcrilMsgTunnelSocket( 2476): ByteArray from parcel = 5155414c434f4d4def0308000100000002
03-10 14:47:26.932 D/QcrilMsgTunnelSocket( 2476): Received RIL_UNSOL_OEM_HOOK_RAW message
03-10 14:47:26.932 D/QcrilMsgTunnelSocket( 2476): Oem ID in RIL_UNSOL_OEM_HOOK_RAW is QUALCOMM
03-10 14:47:26.932 D/QcrilMsgTunnelSocket( 2476): OEM ID check Passed
03-10 14:47:26.932 D/QcrilMsgTunnelSocket( 2476): Response ID in RIL_UNSOL_OEM_HOOK_RAW is 525295
03-10 14:47:26.932 D/QcrilMsgTunnelSocket( 2476): Response ID 525295is not served in this process.
03-10 14:47:26.932 D/QcrilMsgTunnelSocket( 2476): To broadcast an Intent via the notifier to external apps
03-10 14:47:26.932 V/QcrilMsgTunnelSocket( 2476): Before reading offset = 0 remaining = 4 countRead = 0
03-10 14:47:26.932 D/QcrilMsgTunnelIfaceManager( 2476): handleMessage what=0
03-10 14:47:26.932 D/QcrilMsgTunnelIfaceManager( 2476): Broadcasting intent ACTION_UNSOL_RESPONSE_OEM_HOOK_RAW
03-10 14:47:27.062 V/QcrilMsgTunnelSocket( 2476): After reading offset = 0 remaining = 4 countRead = 4
03-10 14:47:27.062 D/QcrilMsgTunnelSocket( 2476): messageLength extracted from first 4 inputStream reads = 29
03-10 14:47:27.062 V/QcrilMsgTunnelSocket( 2476): offset = 0 remaining = 29 countRead = 0
03-10 14:47:27.082 V/QcrilMsgTunnelSocket( 2476): offset = 0 remaining = 29 countRead = 29
03-10 14:47:27.082 D/QcrilMsgTunnelSocket( 2476): readRilMessage: Buffer = [B@65548b40 HexData = [0100000004040000110000005155414c434f4d4def0308000100000002]
03-10 14:47:27.082 V/QcrilMsgTunnelSocket( 2476): Read packet: 29 bytes. Data Available = 32 Position = 0
03-10 14:47:27.082 D/QcrilMsgTunnelSocket( 2476): processResponse. message type = 1. Data Available = 28
03-10 14:47:27.082 D/QcrilMsgTunnelSocket( 2476): ByteArray from parcel = 5155414c434f4d4def0308000100000002
03-10 14:47:27.082 D/QcrilMsgTunnelSocket( 2476): Received RIL_UNSOL_OEM_HOOK_RAW message
03-10 14:47:27.082 D/QcrilMsgTunnelSocket( 2476): Oem ID in RIL_UNSOL_OEM_HOOK_RAW is QUALCOMM
03-10 14:47:27.082 D/QcrilMsgTunnelSocket( 2476): OEM ID check Passed
03-10 14:47:27.082 D/QcrilMsgTunnelSocket( 2476): Response ID in RIL_UNSOL_OEM_HOOK_RAW is 525295
03-10 14:47:27.082 D/QcrilMsgTunnelSocket( 2476): Response ID 525295is not served in this process.
03-10 14:47:27.082 D/QcrilMsgTunnelSocket( 2476): To broadcast an Intent via the notifier to external apps
03-10 14:47:27.082 V/QcrilMsgTunnelSocket( 2476): Before reading offset = 0 remaining = 4 countRead = 0
03-10 14:47:27.082 D/QcrilMsgTunnelIfaceManager( 2476): handleMessage what=0
03-10 14:47:27.082 D/QcrilMsgTunnelIfaceManager( 2476): Broadcasting intent ACTION_UNSOL_RESPONSE_OEM_HOOK_RAW
03-10 14:47:29.212 D/AndroidRuntime( 4897): 
03-10 14:47:29.212 D/AndroidRuntime( 4897): >>>>>> AndroidRuntime START com.android.internal.os.RuntimeInit <<<<<<
03-10 14:47:29.212 D/AndroidRuntime( 4897): CheckJNI is OFF
03-10 14:47:29.212 E/art     ( 4897): Unrecognized option -XX:mainThreadStackSize=24K
03-10 14:47:29.212 W/art     ( 4897): Ignoring unknown -Xgc option: precise
03-10 14:47:29.262 W/art     ( 4897): Failed to find ELF magic in /system/framework/am.odex: dey
03-10 14:47:29.322 W/art     ( 4897): JNI RegisterNativeMethods: attempt to register 0 native methods for android.content.res.Configuration
03-10 14:47:29.332 D/AndroidRuntime( 4897): Calling main entry com.android.commands.am.Am
03-10 14:47:29.332 I/ActivityManager(  805): Force stopping com.android.helloworldjava appid=10141 user=0: from pid 4897
03-10 14:47:29.342 E/JavaBinder(  805): !!! FAILED BINDER TRANSACTION !!!
03-10 14:47:29.342 I/ActivityManager(  805): Killing 4803:com.android.helloworldjava/u0a141 (adj 0): stop com.android.helloworldjava
