03-10 14:46:43.162 D/StrictMode( 3859): 	at android.app.ActivityThread.handleBindApplication(ActivityThread.java:4344)
03-10 14:46:43.162 D/StrictMode( 3859): 	at android.app.ActivityThread.access$1500(ActivityThread.java:135)
03-10 14:46:43.162 D/StrictMode( 3859): 	at android.app.ActivityThread$H.handleMessage(ActivityThread.java:1256)
03-10 14:46:43.162 D/StrictMode( 3859): 	at android.os.Handler.dispatchMessage(Handler.java:102)
03-10 14:46:43.162 D/StrictMode( 3859): 	at android.os.Looper.loop(Looper.java:136)
03-10 14:46:43.162 D/StrictMode( 3859): 	at android.app.ActivityThread.main(ActivityThread.java:5017)
03-10 14:46:43.162 D/StrictMode( 3859): 	at java.lang.reflect.Method.invoke(Native Method)
03-10 14:46:43.162 D/StrictMode( 3859): 	at com.android.internal.os.ZygoteInit$MethodAndArgsCaller.run(ZygoteInit.java:779)
03-10 14:46:43.162 D/StrictMode( 3859): 	at com.android.internal.os.ZygoteInit.main(ZygoteInit.java:595)
03-10 14:46:43.162 D/StrictMode( 3859): StrictMode policy violation; ~duration=127 ms: android.os.StrictMode$StrictModeDiskReadViolation: policy=31 violation=2
03-10 14:46:43.162 D/StrictMode( 3859): 	at android.os.StrictMode$AndroidBlockGuardPolicy.onReadFromDisk(StrictMode.java:1135)
03-10 14:46:43.162 D/StrictMode( 3859): 	at android.app.SharedPreferencesImpl.awaitLoadedLocked(SharedPreferencesImpl.java:203)
03-10 14:46:43.162 D/StrictMode( 3859): 	at android.app.SharedPreferencesImpl.getString(SharedPreferencesImpl.java:223)
03-10 14:46:43.162 D/StrictMode( 3859): 	at com.google.android.apps.gmm.util.A.a(SourceFile:117)
03-10 14:46:43.162 D/StrictMode( 3859): 	at com.google.android.apps.gmm.navigation.a.N.b(SourceFile:252)
03-10 14:46:43.162 D/StrictMode( 3859): 	at com.google.android.apps.gmm.navigation.a.N.<init>(SourceFile:242)
03-10 14:46:43.162 D/StrictMode( 3859): 	at com.google.android.apps.gmm.base.app.GoogleMapsApplication.onCreate(SourceFile:211)
03-10 14:46:43.162 D/StrictMode( 3859): 	at android.app.Instrumentation.callApplicationOnCreate(Instrumentation.java:1007)
03-10 14:46:43.162 D/StrictMode( 3859): 	at android.app.ActivityThread.handleBindApplication(ActivityThread.java:4344)
03-10 14:46:43.162 D/StrictMode( 3859): 	at android.app.ActivityThread.access$1500(ActivityThread.java:135)
03-10 14:46:43.162 D/StrictMode( 3859): 	at android.app.ActivityThread$H.handleMessage(ActivityThread.java:1256)
03-10 14:46:43.162 D/StrictMode( 3859): 	at android.os.Handler.dispatchMessage(Handler.java:102)
03-10 14:46:43.162 D/StrictMode( 3859): 	at android.os.Looper.loop(Looper.java:136)
03-10 14:46:43.162 D/StrictMode( 3859): 	at android.app.ActivityThread.main(ActivityThread.java:5017)
03-10 14:46:43.162 D/StrictMode( 3859): 	at java.lang.reflect.Method.invoke(Native Method)
03-10 14:46:43.162 D/StrictMode( 3859): 	at com.android.internal.os.ZygoteInit$MethodAndArgsCaller.run(ZygoteInit.java:779)
03-10 14:46:43.162 D/StrictMode( 3859): 	at com.android.internal.os.ZygoteInit.main(ZygoteInit.java:595)
03-10 14:46:43.182 I/ActivityManager(  805): Start proc com.devhd.feedly for broadcast com.devhd.feedly/.widget.FeedlyWidgetProvider: pid=3945 uid=10085 gids={50085, 3003, 1028, 1015}
03-10 14:46:43.292 I/ActivityManager(  805): Killing 3270:com.laurencedawson.reddit_sync/u0a80 (adj 15): empty #17
03-10 14:46:43.302 W/GCoreUlr( 1233): Could not determine own process name
03-10 14:46:43.302 W/GCoreUlr( 1233): Could not determine own process name
03-10 14:46:43.302 W/GCoreUlr( 1233): Could not determine own process name
03-10 14:46:43.312 W/GCoreUlr( 1233): Could not determine own process name
03-10 14:46:43.322 I/widget.provider( 3945): com.devhd.feedly.widget.FeedlyWidgetProvider onReceive: android.net.conn.CONNECTIVITY_CHANGE
03-10 14:46:43.322 W/widget.data( 3945): **** creating widget[0] data model object ****
03-10 14:46:43.332 I/ActivityManager(  805): Killing 3314:org.thoughtcrime.securesms/u0a59 (adj 15): empty #17
03-10 14:46:43.352 V/GCMRegistrar( 3422): Is registered on server: true
03-10 14:46:43.372 I/ActivityManager(  805): Start proc com.chrome.beta for broadcast com.chrome.beta/com.google.android.apps.chrome.precache.PrecacheServiceLauncher: pid=3973 uid=10083 gids={50083, 3003, 1028, 1015}
03-10 14:46:43.452 I/art     ( 3422): Heap trim of managed (duration=5.364792ms, advised=512KB) and native (duration=2.577292ms, advised=0B) heaps. Managed heap utilization of 43%.
03-10 14:46:43.502 I/GoogleTTSService( 3924): Creating Google TTS service, version 3.0.10.1047791
03-10 14:46:43.582 I/art     (  805): Heap trim of managed (duration=15.255364ms, advised=3MB) and native (duration=2.744844ms, advised=1052KB) heaps. Managed heap utilization of 63%.
03-10 14:46:43.582 W/GLSUser ( 1292): GoogleAccountDataService.getToken()
03-10 14:46:43.622 V/GLSUser ( 1292): DEBUG: loginOption to be added: androidPackageName
03-10 14:46:43.622 V/GLSUser ( 1292): DEBUG: loginOption to be added: clientPackageName
03-10 14:46:43.622 V/GLSUser ( 1292): DEBUG: loginOption to be added: handle_notification
03-10 14:46:43.672 D/AndroidRuntime( 3992): 
03-10 14:46:43.672 D/AndroidRuntime( 3992): >>>>>> AndroidRuntime START com.android.internal.os.RuntimeInit <<<<<<
03-10 14:46:43.682 D/AndroidRuntime( 3992): CheckJNI is OFF
03-10 14:46:43.682 E/art     ( 3992): Unrecognized option -XX:mainThreadStackSize=24K
03-10 14:46:43.682 W/art     ( 3992): Ignoring unknown -Xgc option: precise
03-10 14:46:43.682 I/patts   ( 3924): [embedded_hmm_synthesizer.cc:21] Embedded HMM synthesizer initialized.
03-10 14:46:43.682 I/patts   ( 3924): [jni_loader.cc:74] Patts JNI loaded successfully.
03-10 14:46:43.682 I/TextToSpeech( 3859): Connected to ComponentInfo{com.google.android.tts/com.google.android.tts.service.GoogleTTSService}
03-10 14:46:43.682 I/ActivityManager(  805): Killing 3422:com.dropbox.android/u0a94 (adj 15): empty #17
03-10 14:46:43.732 W/art     ( 3992): Failed to find ELF magic in /system/framework/am.odex: dey
03-10 14:46:43.732 I/ActivityManager(  805): Start proc com.ttxapps.wifiadb for broadcast com.ttxapps.wifiadb/.NetworkStateReceiver: pid=4012 uid=10090 gids={50090, 3003}
03-10 14:46:43.732 I/ActivityManager(  805): Killing 2830:org.mozilla.fennec/u0a98 (adj 15): empty #17
03-10 14:46:43.752 I/TextToSpeech( 3859): Set up connection to ComponentInfo{com.google.android.tts/com.google.android.tts.service.GoogleTTSService}
03-10 14:46:43.752 W/GLSUser ( 1292): [ank][ank] Permission for com.google.android.apps.maps to access oauth2:https://www.googleapis.com/auth/offers.lmp will be managed locally.
03-10 14:46:43.802 W/art     ( 3992): JNI RegisterNativeMethods: attempt to register 0 native methods for android.content.res.Configuration
03-10 14:46:43.812 D/AndroidRuntime( 3992): Calling main entry com.android.commands.am.Am
03-10 14:46:43.812 I/ActivityManager(  805): Force stopping com.android.helloworldjava appid=10141 user=0: from pid 3992
03-10 14:46:43.812 I/ActivityManager(  805): Killing 2461:com.android.helloworldjava/u0a141 (adj 0): stop com.android.helloworldjava
03-10 14:46:43.812 W/ActivityManager(  805): Force removing ActivityRecord{65ac74d8 u0 com.android.helloworldjava/.HelloWorld t2}: app died, no saved state
03-10 14:46:43.822 W/InputDispatcher(  805): channel '65adaa58 com.android.helloworldjava/com.android.helloworldjava.HelloWorld (server)' ~ Consumer closed input channel or an error occurred.  events=0x9
03-10 14:46:43.822 E/InputDispatcher(  805): channel '65adaa58 com.android.helloworldjava/com.android.helloworldjava.HelloWorld (server)' ~ Channel is unrecoverably broken and will be disposed!
03-10 14:46:43.832 W/InputDispatcher(  805): Attempted to unregister already unregistered input channel '65adaa58 com.android.helloworldjava/com.android.helloworldjava.HelloWorld (server)'
03-10 14:46:43.832 D/AndroidRuntime( 3992): Shutting down VM
03-10 14:46:43.832 W/WindowManager(  805): Rebuild removed 2 windows but added 1
03-10 14:46:43.832 W/WindowManager(  805): java.lang.RuntimeException: here
03-10 14:46:43.832 W/WindowManager(  805): 	at com.android.server.wm.WindowManagerService.rebuildAppWindowListLocked(WindowManagerService.java:8011)
03-10 14:46:43.832 W/WindowManager(  805): 	at com.android.server.wm.WindowManagerService.rebuildAppWindowListLocked(WindowManagerService.java:7947)
03-10 14:46:43.832 W/WindowManager(  805): 	at com.android.server.wm.WindowManagerService.handleAppTransitionReadyLocked(WindowManagerService.java:8430)
03-10 14:46:43.832 W/WindowManager(  805): 	at com.android.server.wm.WindowManagerService.performLayoutAndPlaceSurfacesLockedInner(WindowManagerService.java:9193)
03-10 14:46:43.832 W/WindowManager(  805): 	at com.android.server.wm.WindowManagerService.performLayoutAndPlaceSurfacesLockedLoop(WindowManagerService.java:8163)
03-10 14:46:43.832 W/WindowManager(  805): 	at com.android.server.wm.WindowManagerService.performLayoutAndPlaceSurfacesLocked(WindowManagerService.java:8105)
03-10 14:46:43.832 W/WindowManager(  805): 	at com.android.server.wm.WindowManagerService.executeAppTransition(WindowManagerService.java:3918)
03-10 14:46:43.832 W/WindowManager(  805): 	at com.android.server.am.ActivityStackSupervisor.reportResumedActivityLocked(ActivityStackSupervisor.java:2241)
03-10 14:46:43.832 W/WindowManager(  805): 	at com.android.server.am.ActivityStack.completeResumeLocked(ActivityStack.java:968)
03-10 14:46:43.832 W/WindowManager(  805): 	at com.android.server.am.ActivityStack.resumeTopActivityLocked(ActivityStack.java:1631)
03-10 14:46:43.832 W/WindowManager(  805): 	at com.android.server.am.ActivityStackSupervisor.resumeTopActivitiesLocked(ActivityStackSupervisor.java:2022)
03-10 14:46:43.832 W/WindowManager(  805): 	at com.android.server.am.ActivityStackSupervisor.resumeTopActivitiesLocked(ActivityStackSupervisor.java:2009)
03-10 14:46:43.832 W/WindowManager(  805): 	at com.android.server.am.ActivityManagerService.forceStopPackageLocked(ActivityManagerService.java:4750)
03-10 14:46:43.832 W/WindowManager(  805): 	at com.android.server.am.ActivityManagerService.forceStopPackageLocked(ActivityManagerService.java:4496)
03-10 14:46:43.832 W/WindowManager(  805): 	at com.android.server.am.ActivityManagerService.forceStopPackage(ActivityManagerService.java:4327)
03-10 14:46:43.832 W/WindowManager(  805): 	at android.app.ActivityManagerNative.onTransact(ActivityManagerNative.java:1365)
03-10 14:46:43.832 W/WindowManager(  805): 	at com.android.server.am.ActivityManagerService.onTransact(ActivityManagerService.java:2071)
03-10 14:46:43.832 W/WindowManager(  805): 	at android.os.Binder.execTransact(Binder.java:404)
03-10 14:46:43.832 W/WindowManager(  805): This window was lost: Window{65adaa58 u0 com.android.helloworldjava/com.android.helloworldjava.HelloWorld}
03-10 14:46:43.832 W/WindowManager(  805): mDisplayId=0 mSession=Session{65eb5f30 2461:u0a10141} mClient=android.os.BinderProxy@65dc4b10
03-10 14:46:43.832 W/WindowManager(  805): mOwnerUid=10141 mShowToOwnerOnly=true package=com.android.helloworldjava appop=NONE
03-10 14:46:43.832 W/WindowManager(  805): mAttrs=WM.LayoutParams{(0,0)(fillxfill) sim=#120 ty=1 fl=#40010100 compatible=true pfl=0x88 wanim=0x1030001}
03-10 14:46:43.832 W/WindowManager(  805): Requested w=1080 h=1776 mLayoutSeq=63
03-10 14:46:43.832 W/WindowManager(  805): mBaseLayer=21000 mSubLayer=0 mAnimLayer=21005+0=21005 mLastLayer=0
03-10 14:46:43.832 W/WindowManager(  805): mToken=AppWindowToken{66492748 token=Token{65ff6ed8 ActivityRecord{65ac74d8 u0 com.android.helloworldjava/.HelloWorld t2}}}
03-10 14:46:43.832 W/WindowManager(  805): mRootToken=AppWindowToken{66492748 token=Token{65ff6ed8 ActivityRecord{65ac74d8 u0 com.android.helloworldjava/.HelloWorld t2}}}
03-10 14:46:43.832 W/WindowManager(  805): mAppToken=AppWindowToken{66492748 token=Token{65ff6ed8 ActivityRecord{65ac74d8 u0 com.android.helloworldjava/.HelloWorld t2}}}
03-10 14:46:43.832 W/WindowManager(  805): mViewVisibility=0x0 mHaveFrame=true mObscured=true
03-10 14:46:43.832 W/WindowManager(  805): mSeq=0 mSystemUiVisibility=0x0
03-10 14:46:43.832 W/WindowManager(  805): mPolicyVisibility=false mPolicyVisibilityAfterAnim=false mAppOpVisibility=true mAttachedHidden=false
03-10 14:46:43.832 W/WindowManager(  805): mGivenContentInsets=[0,0][0,0] mGivenVisibleInsets=[0,0][0,0]
03-10 14:46:43.832 W/WindowManager(  805): mConfiguration={1.0 244mcc21mnc en_IN ldltr sw360dp w360dp h567dp 480dpi nrml port finger -keyb/v/h -nav/h s.5}
03-10 14:46:43.832 W/WindowManager(  805): mHasSurface=true mShownFrame=[0.0,0.0][1080.0,1776.0] isReadyForDisplay()=false
03-10 14:46:43.832 W/WindowManager(  805): mFrame=[0,0][1080,1776] last=[0,0][1080,1776]
03-10 14:46:43.832 W/WindowManager(  805): mSystemDecorRect=[0,0][960,1579] last=[0,0][960,1579]
03-10 14:46:43.832 W/WindowManager(  805): mCompatFrame=[0,0][960,1579]
03-10 14:46:43.832 W/WindowManager(  805): Frames: containing=[0,0][1080,1776] parent=[0,0][1080,1776]
03-10 14:46:43.832 W/WindowManager(  805):     display=[0,0][1080,1776] overscan=[0,0][1080,1920]
03-10 14:46:43.832 W/WindowManager(  805):     content=[0,75][1080,1776] visible=[0,75][1080,1776]
03-10 14:46:43.832 W/WindowManager(  805):     decor=[0,0][1080,1920]
03-10 14:46:43.832 W/WindowManager(  805): Cur insets: overscan=[0,0][0,0] content=[0,67][0,0] visible=[0,67][0,0]
03-10 14:46:43.832 W/WindowManager(  805): Lst insets: overscan=[0,0][0,0] content=[0,67][0,0] visible=[0,67][0,0]
03-10 14:46:43.832 W/WindowManager(  805): WindowStateAnimator{6646b650 com.android.helloworldjava/com.android.helloworldjava.HelloWorld}:
03-10 14:46:43.832 W/WindowManager(  805):   mSurface=Surface(name=com.android.helloworldjava/com.android.helloworldjava.HelloWorld)
03-10 14:46:43.832 W/WindowManager(  805):   mDrawState=HAS_DRAWN mLastHidden=true
03-10 14:46:43.832 W/WindowManager(  805):   Surface: shown=false layer=21005 alpha=0.0 rect=(0.0,0.0) 960.0 x 1579.0
03-10 14:46:43.832 W/WindowManager(  805):   mShownAlpha=1.0 mAlpha=1.0 mLastAlpha=-1.0
03-10 14:46:43.832 W/WindowManager(  805):   mGlobalScale=1.1247625 mDsDx=1.1247625 mDtDx=0.0 mDsDy=0.0 mDtDy=1.1247625
03-10 14:46:43.832 W/WindowManager(  805): Current app token list:
03-10 14:46:43.832 V/WindowManager(  805):   Display 0
03-10 14:46:43.832 V/WindowManager(  805):   #0: Token{65e4aa40 ActivityRecord{65d2a730 u0 com.google.android.googlequicksearchbox/com.google.android.launcher.GEL t1}}
03-10 14:46:43.832 W/WindowManager(  805): Final window list:
03-10 14:46:43.832 V/WindowManager(  805):   #0: Window{65b259f0 u0 SearchPanel}
03-10 14:46:43.832 V/WindowManager(  805):   #1: Window{65aeca88 u0 NavigationBar}
03-10 14:46:43.832 V/WindowManager(  805):   #2: Window{658b8190 u0 StatusBar}
03-10 14:46:43.832 V/WindowManager(  805):   #3: Window{65f5a1c8 u0 Keyguard}
03-10 14:46:43.832 V/WindowManager(  805):   #4: Window{65ee7610 u0 KeyguardScrim}
03-10 14:46:43.832 V/WindowManager(  805):   #5: Window{65f49650 u0 com.android.systemui.ImageWallpaper}
03-10 14:46:43.832 V/WindowManager(  805):   #6: Window{65f35618 u0 Application Error: com.google.process.location}
03-10 14:46:43.832 V/WindowManager(  805):   #7: Window{65f30048 u0 com.google.android.googlequicksearchbox/com.google.android.launcher.GEL}
03-10 14:46:43.832 I/WindowState(  805): WIN DEATH: Window{65adaa58 u0 com.android.helloworldjava/com.android.helloworldjava.HelloWorld}
03-10 14:46:43.842 D/Launcher.Workspace( 1051): 11683562 - stripEmptyScreens()
03-10 14:46:43.852 E/AppsCustomizePagedView( 1051): Widget ComponentInfo{com.devhd.feedly/com.devhd.feedly.widget.FeedlyWidgetProvider_4_1} has invalid dimensions (0, 0)
03-10 14:46:43.882 D/ACRA    ( 4012): ACRA is enabled for com.ttxapps.wifiadb, intializing...
03-10 14:46:43.902 D/ACRA    ( 4012): Looking for error files in /data/data/com.ttxapps.wifiadb/files
03-10 14:46:44.042 I/WifiADB ( 4012): maxLogLevel is INFO
03-10 14:46:44.092 I/ActivityManager(  805): Start proc com.ted.android for broadcast com.ted.android/.service.DataUpdateCheckBroadcastReceiver: pid=4049 uid=10088 gids={50088, 3003, 1028, 1015}
03-10 14:46:44.092 I/ActivityManager(  805): Killing 3497:com.onelouder.baconreader/u0a106 (adj 15): empty #17
03-10 14:46:44.182 I/Logging ( 4049): Testing for android stub library...
03-10 14:46:44.232 I/ActivityManager(  805): Killing 3530:com.android.settings/1000 (adj 15): empty #17
03-10 14:46:44.252 D/MobileConnectivityChangeReceiver( 3671): onReceive Intent { act=android.net.conn.CONNECTIVITY_CHANGE flg=0x4000010 cmp=com.google.android.setupwizard/.MobileConnectivityChangeReceiver (has extras) }
03-10 14:46:44.252 D/MobileConnectivityChangeReceiver( 3671): onReceive CONNECTIVITY_CHANGE networkType=5
03-10 14:46:44.252 D/YouTube ( 3698): apps.youtube.app.prefetch.PrefetchService$DeviceStateReceiver.onReceive:565 Got device state change intent: android.net.conn.CONNECTIVITY_CHANGE
03-10 14:46:44.262 D/YouTube ( 3698): apps.youtube.app.prefetch.PrefetchService.onStartCommand:167 PrefetchService started at 10 Mar 2014 12:46:44 GMT
03-10 14:46:44.262 D/YouTube ( 3698): apps.youtube.app.prefetch.PrefetchService.p_:245 Download snapshot restored
03-10 14:46:44.272 D/YouTube ( 3698): apps.youtube.app.prefetch.PrefetchService.onDestroy:215 PrefetchService destroyed at 10 Mar 2014 12:46:44 GMT
03-10 14:46:44.272 D/GCM     ( 1292): GcmService start Intent { act=android.net.conn.CONNECTIVITY_CHANGE flg=0x4000010 cmp=com.google.android.gms/.gcm.GcmService (has extras) } android.net.conn.CONNECTIVITY_CHANGE
03-10 14:46:44.272 I/GCM     ( 1292): requestRouteToHost: failed!
03-10 14:46:44.272 I/iu.Environment( 3829): update connectivity state; isNetworkMetered? true, isRoaming? false, isBackgroundDataAllowed? true
03-10 14:46:44.272 I/widget.provider( 3945): com.devhd.feedly.widget.FeedlyWidgetProvider onReceive: android.net.conn.CONNECTIVITY_CHANGE
03-10 14:46:44.342 D/MobileConnectivityChangeReceiver( 3671): onReceive Intent { act=android.net.conn.CONNECTIVITY_CHANGE flg=0x4000010 cmp=com.google.android.setupwizard/.MobileConnectivityChangeReceiver (has extras) }
03-10 14:46:44.342 D/MobileConnectivityChangeReceiver( 3671): onReceive CONNECTIVITY_CHANGE networkType=5
03-10 14:46:44.352 D/YouTube ( 3698): apps.youtube.app.prefetch.PrefetchService$DeviceStateReceiver.onReceive:565 Got device state change intent: android.net.conn.CONNECTIVITY_CHANGE
03-10 14:46:44.352 D/YouTube ( 3698): apps.youtube.app.prefetch.PrefetchService.onStartCommand:167 PrefetchService started at 10 Mar 2014 12:46:44 GMT
03-10 14:46:44.352 D/YouTube ( 3698): apps.youtube.app.prefetch.PrefetchService.p_:245 Download snapshot restored
03-10 14:46:44.362 D/GCM     ( 1292): GcmService start Intent { act=android.net.conn.CONNECTIVITY_CHANGE flg=0x4000010 cmp=com.google.android.gms/.gcm.GcmService (has extras) } android.net.conn.CONNECTIVITY_CHANGE
03-10 14:46:44.362 D/YouTube ( 3698): apps.youtube.app.prefetch.PrefetchService.onDestroy:215 PrefetchService destroyed at 10 Mar 2014 12:46:44 GMT
03-10 14:46:44.372 I/iu.Environment( 3829): update connectivity state; isNetworkMetered? true, isRoaming? false, isBackgroundDataAllowed? true
03-10 14:46:44.372 I/widget.provider( 3945): com.devhd.feedly.widget.FeedlyWidgetProvider onReceive: android.net.conn.CONNECTIVITY_CHANGE
03-10 14:46:44.442 W/BroadcastQueue(  805): Skipping deliver [background] BroadcastRecord{66421d30 u-1 android.net.wifi.SCAN_RESULTS} to ReceiverList{65eaafb0 1233 com.google.process.location/10007/u0 remote:6603b208}: process crashing
03-10 14:46:44.452 D/MobileConnectivityChangeReceiver( 3671): onReceive Intent { act=android.net.conn.CONNECTIVITY_CHANGE flg=0x4000010 cmp=com.google.android.setupwizard/.MobileConnectivityChangeReceiver (has extras) }
03-10 14:46:44.452 D/MobileConnectivityChangeReceiver( 3671): onReceive CONNECTIVITY_CHANGE networkType=0
03-10 14:46:44.452 D/MobileConnectivityChangeReceiver( 3671): onReceive CONNECTIVITY_CHANGE: checkConnection
03-10 14:46:44.452 D/CheckConnectionTask( 3671): doInBackground: url=http://clients3.google.com/generate_204
03-10 14:46:44.452 D/YouTube ( 3698): apps.youtube.app.prefetch.PrefetchService$DeviceStateReceiver.onReceive:565 Got device state change intent: android.net.conn.CONNECTIVITY_CHANGE
03-10 14:46:44.462 D/YouTube ( 3698): apps.youtube.app.prefetch.PrefetchService.onStartCommand:167 PrefetchService started at 10 Mar 2014 12:46:44 GMT
03-10 14:46:44.462 D/YouTube ( 3698): apps.youtube.app.prefetch.PrefetchService.p_:245 Download snapshot restored
03-10 14:46:44.462 D/GCM     ( 1292): GcmService start Intent { act=android.net.conn.CONNECTIVITY_CHANGE flg=0x4000010 cmp=com.google.android.gms/.gcm.GcmService (has extras) } android.net.conn.CONNECTIVITY_CHANGE
03-10 14:46:44.472 D/YouTube ( 3698): apps.youtube.app.prefetch.PrefetchService.onDestroy:215 PrefetchService destroyed at 10 Mar 2014 12:46:44 GMT
03-10 14:46:44.472 I/iu.Environment( 3829): update connectivity state; isNetworkMetered? true, isRoaming? false, isBackgroundDataAllowed? true
03-10 14:46:44.472 I/widget.provider( 3945): com.devhd.feedly.widget.FeedlyWidgetProvider onReceive: android.net.conn.CONNECTIVITY_CHANGE
03-10 14:46:44.542 D/CheckConnectionTask( 3671): doInBackground: resultCode=204 retVal=true
03-10 14:46:44.542 D/CheckConnectionTask( 3671): onPostExecute connected=true
03-10 14:46:44.542 D/CheckConnectionTask( 3671): onPostExecute set preference connected=true
03-10 14:46:44.552 D/MobileConnectivityChangeReceiver( 3671): onReceive Intent { act=android.net.conn.CONNECTIVITY_CHANGE flg=0x4000010 cmp=com.google.android.setupwizard/.MobileConnectivityChangeReceiver (has extras) }
03-10 14:46:44.552 D/MobileConnectivityChangeReceiver( 3671): onReceive CONNECTIVITY_CHANGE networkType=0
03-10 14:46:44.562 D/MobileConnectivityChangeReceiver( 3671): onReceive CONNECTIVITY_CHANGE: checkConnection
03-10 14:46:44.562 D/CheckConnectionTask( 3671): doInBackground: url=http://clients3.google.com/generate_204
03-10 14:46:44.562 D/YouTube ( 3698): apps.youtube.app.prefetch.PrefetchService$DeviceStateReceiver.onReceive:565 Got device state change intent: android.net.conn.CONNECTIVITY_CHANGE
03-10 14:46:44.562 D/YouTube ( 3698): apps.youtube.app.prefetch.PrefetchService.onStartCommand:167 PrefetchService started at 10 Mar 2014 12:46:44 GMT
03-10 14:46:44.562 D/YouTube ( 3698): apps.youtube.app.prefetch.PrefetchService.p_:245 Download snapshot restored
03-10 14:46:44.572 D/GCM     ( 1292): GcmService start Intent { act=android.net.conn.CONNECTIVITY_CHANGE flg=0x4000010 cmp=com.google.android.gms/.gcm.GcmService (has extras) } android.net.conn.CONNECTIVITY_CHANGE
03-10 14:46:44.572 D/YouTube ( 3698): apps.youtube.app.prefetch.PrefetchService.onDestroy:215 PrefetchService destroyed at 10 Mar 2014 12:46:44 GMT
03-10 14:46:44.572 I/iu.Environment( 3829): update connectivity state; isNetworkMetered? true, isRoaming? false, isBackgroundDataAllowed? true
03-10 14:46:44.582 I/widget.provider( 3945): com.devhd.feedly.widget.FeedlyWidgetProvider onReceive: android.net.conn.CONNECTIVITY_CHANGE
03-10 14:46:44.622 I/art     ( 3698): Heap trim of managed (duration=4.746353ms, advised=372KB) and native (duration=2.199688ms, advised=0B) heaps. Managed heap utilization of 45%.
03-10 14:46:44.632 D/ConnectivityService(  805): Sampling interval elapsed, updating statistics ..
03-10 14:46:44.642 D/CheckConnectionTask( 3671): doInBackground: resultCode=204 retVal=true
03-10 14:46:44.642 D/CheckConnectionTask( 3671): onPostExecute connected=true
03-10 14:46:44.642 D/CheckConnectionTask( 3671): onPostExecute set preference connected=true
03-10 14:46:44.652 D/ConnectivityService(  805): Done.
03-10 14:46:44.652 D/ConnectivityService(  805): Setting timer for 720seconds
03-10 14:46:44.732 W/art     (  195): Could not get current activity
03-10 14:46:44.742 I/ActivityManager(  805): Start proc com.google.android.music:main for broadcast com.google.android.music/.store.MediaStoreImportService$Receiver: pid=4115 uid=10060 gids={50060, 3003, 1028, 1015}
03-10 14:46:44.782 W/GAV2    ( 3628): Thread[GAThread,5,main]: Service unavailable (code=1), will retry.
03-10 14:46:44.782 W/ActivityManager(  805): Unable to start service Intent { act=com.google.android.gms.analytics.service.START cmp=com.google.android.gms/.analytics.service.AnalyticsService (has extras) } U=0: not found
03-10 14:46:44.802 I/GAV2    ( 3628): Thread[GAThread,5,main]: No campaign data found.
03-10 14:46:44.872 D/ConnectivityService(  805): handleInetConditionHoldEnd: net=0, condition=100, published condition=100
03-10 14:46:44.882 D/AlertService( 2961): Beginning updateAlertNotification
03-10 14:46:44.902 D/AlertService( 2961): No fired or scheduled alerts
03-10 14:46:44.912 D/AlertService( 2961): Scheduling next alarm with AlarmScheduler. sEventReminderReceived: null
03-10 14:46:44.922 D/AlarmScheduler( 2961): Query result count for events starting within 1 week: 3
03-10 14:46:45.042 I/MusicStore( 4115): Database version: 85
03-10 14:46:45.092 W/ContextImpl( 4115): Implicit intents with startService are not safe: Intent { act=com.google.android.music.PREFERENCE_SERVICE } android.content.ContextWrapper.bindService:517 com.google.android.music.utils.SafeServiceConnection$ServiceConnectionImp.bindService:98 com.google.android.music.utils.SafeServiceConnection.bindService:259 
03-10 14:46:45.142 W/ContextImpl( 4115): Implicit intents with startService are not safe: Intent { act=com.google.android.music.NETWORK_MONITOR_SERVICE } android.content.ContextWrapper.bindService:517 com.google.android.music.utils.SafeServiceConnection$ServiceConnectionImp.bindService:98 com.google.android.music.utils.SafeServiceConnection.bindService:259 
03-10 14:46:45.372 I/MediaRouter( 4115): Found default route: MediaRouter.RouteInfo{ uniqueId=android/.support.v7.media.SystemMediaRouteProvider:DEFAULT_ROUTE, name=Phone, description=null, enabled=true, connecting=false, playbackType=0, playbackStream=3, volumeHandling=1, volume=0, volumeMax=15, presentationDisplayId=-1, extras=null, providerPackageName=android }
03-10 14:46:45.372 D/AndroidRuntime( 4141): 
03-10 14:46:45.372 D/AndroidRuntime( 4141): >>>>>> AndroidRuntime START com.android.internal.os.RuntimeInit <<<<<<
03-10 14:46:45.372 D/AndroidRuntime( 4141): CheckJNI is OFF
03-10 14:46:45.372 E/art     ( 4141): Unrecognized option -XX:mainThreadStackSize=24K
03-10 14:46:45.372 W/art     ( 4141): Ignoring unknown -Xgc option: precise
03-10 14:46:45.422 I/art     ( 1292): Heap trim of managed (duration=2.310416ms, advised=388KB) and native (duration=1.915261ms, advised=652KB) heaps. Managed heap utilization of 60%.
03-10 14:46:45.422 W/art     ( 4141): Failed to find ELF magic in /system/framework/am.odex: dey
03-10 14:46:45.492 W/art     ( 4141): JNI RegisterNativeMethods: attempt to register 0 native methods for android.content.res.Configuration
03-10 14:46:45.502 I/CastUtils( 4115): Removing provider: MediaRouter.RouteProviderInfo{ packageName=com.google.android.gms }
03-10 14:46:45.502 D/AndroidRuntime( 4141): Calling main entry com.android.commands.am.Am
03-10 14:46:45.512 I/ActivityManager(  805): START u0 {flg=0x10000000 cmp=com.android.helloworldjava/.HelloWorld} from pid 4141
03-10 14:46:45.812 I/WindowManager(  805): Screenshot max retries 4 of Token{65e4aa40 ActivityRecord{65d2a730 u0 com.google.android.googlequicksearchbox/com.google.android.launcher.GEL t1}} appWin=Window{65f30048 u0 com.google.android.googlequicksearchbox/com.google.android.launcher.GEL} drawState=4
03-10 14:46:45.812 W/WindowManager(  805): Screenshot failure taking screenshot for (1080x1920) to layer 21000
03-10 14:46:45.822 D/AndroidRuntime( 4141): Shutting down VM
03-10 14:46:45.822 I/ActivityManager(  805): Waited long enough for: ServiceRecord{65d03ef0 u0 com.google.android.calendar/com.android.calendar.alerts.InitAlarmsService}
03-10 14:46:45.852 I/ActivityManager(  805): Start proc com.android.helloworldjava for activity com.android.helloworldjava/.HelloWorld: pid=4183 uid=10141 gids={50141, 1028, 1015}
03-10 14:46:45.902 I/ActivityManager(  805): Start proc com.google.android.email for broadcast com.google.android.email/com.android.email.provider.WidgetProvider: pid=4203 uid=10037 gids={50037, 3003, 1028, 1015}
03-10 14:46:45.972 W/art     ( 4203): Failed to find ELF magic in /system/app/EmailGoogle.odex: dey
03-10 14:46:46.062 I/art     (  805): Heap trim of managed (duration=15.827187ms, advised=3MB) and native (duration=2.881615ms, advised=956KB) heaps. Managed heap utilization of 64%.
03-10 14:46:46.062 D/ActivityThread( 4203): Loading provider com.google.android.email.provider;com.google.android.email.notifier: com.android.email.provider.EmailProvider
03-10 14:46:46.122 I/ActivityManager(  805): Displayed com.android.helloworldjava/.HelloWorld: +297ms
03-10 14:46:46.152 D/ActivityThread( 4203): Loading provider com.google.android.email.provider;com.google.android.email.notifier: com.android.email.provider.EmailProvider
03-10 14:46:46.152 D/ActivityThread( 4203): Loading provider com.google.android.email.provider;com.google.android.email.notifier: com.android.email.provider.EmailProvider
03-10 14:46:46.162 I/MediaStoreImporter( 4115): Update: incremental Added music: 0 Updated music: 0 Deleted music: 0 Created playlists: 0 Updated playlists: 0 Deleted playlists: 0 Inserted playlist items: 0 Deleted playlist items: 0 Removed orphaned playlist items: 0
03-10 14:46:46.182 I/ActivityManager(  805): Killing 3573:com.qualcomm.timeservice/u0a70 (adj 15): empty #17
03-10 14:46:46.222 D/MobileConnectivityChangeReceiver( 3671): onReceive Intent { act=android.net.conn.CONNECTIVITY_CHANGE flg=0x4000010 cmp=com.google.android.setupwizard/.MobileConnectivityChangeReceiver (has extras) }
03-10 14:46:46.222 D/MobileConnectivityChangeReceiver( 3671): onReceive CONNECTIVITY_CHANGE networkType=0
03-10 14:46:46.222 D/MobileConnectivityChangeReceiver( 3671): onReceive CONNECTIVITY_CHANGE: checkConnection
03-10 14:46:46.232 D/CheckConnectionTask( 3671): doInBackground: url=http://clients3.google.com/generate_204
03-10 14:46:46.232 D/YouTube ( 3698): apps.youtube.app.prefetch.PrefetchService$DeviceStateReceiver.onReceive:565 Got device state change intent: android.net.conn.CONNECTIVITY_CHANGE
03-10 14:46:46.232 D/YouTube ( 3698): apps.youtube.app.prefetch.PrefetchService.onStartCommand:167 PrefetchService started at 10 Mar 2014 12:46:46 GMT
03-10 14:46:46.242 D/YouTube ( 3698): apps.youtube.app.prefetch.PrefetchService.p_:245 Download snapshot restored
03-10 14:46:46.242 D/GCM     ( 1292): GcmService start Intent { act=android.net.conn.CONNECTIVITY_CHANGE flg=0x4000010 cmp=com.google.android.gms/.gcm.GcmService (has extras) } android.net.conn.CONNECTIVITY_CHANGE
03-10 14:46:46.242 D/YouTube ( 3698): apps.youtube.app.prefetch.PrefetchService.onDestroy:215 PrefetchService destroyed at 10 Mar 2014 12:46:46 GMT
03-10 14:46:46.242 I/iu.Environment( 3829): update connectivity state; isNetworkMetered? true, isRoaming? false, isBackgroundDataAllowed? true
03-10 14:46:46.252 I/widget.provider( 3945): com.devhd.feedly.widget.FeedlyWidgetProvider onReceive: android.net.conn.CONNECTIVITY_CHANGE
03-10 14:46:46.262 D/CheckConnectionTask( 3671): doInBackground: resultCode=204 retVal=true
03-10 14:46:46.262 D/CheckConnectionTask( 3671): onPostExecute connected=true
03-10 14:46:46.262 D/CheckConnectionTask( 3671): onPostExecute set preference connected=true
03-10 14:46:46.262 I/art     ( 3829): Heap trim of managed (duration=1.499427ms, advised=28KB) and native (duration=1.201458ms, advised=0B) heaps. Managed heap utilization of 69%.
03-10 14:46:46.292 W/ActivityManager(  805): Unable to start service Intent { cmp=com.google.android.email/com.android.email.service.AttachmentDownloadService } U=0: not found
03-10 14:46:46.292 W/ActivityManager(  805): Unable to start service Intent { cmp=com.google.android.email/com.android.email.service.AttachmentDownloadService } U=0: not found
03-10 14:46:46.292 W/ActivityManager(  805): Unable to start service Intent { cmp=com.google.android.email/com.android.email.service.AttachmentDownloadService } U=0: not found
03-10 14:46:46.302 I/Email   ( 4203): Observing account changes for notifications
03-10 14:46:46.302 W/ActivityManager(  805): Unable to start service Intent { cmp=com.google.android.email/com.android.email.service.AttachmentDownloadService } U=0: not found
03-10 14:46:46.322 D/MobileConnectivityChangeReceiver( 3671): onReceive Intent { act=android.net.conn.CONNECTIVITY_CHANGE flg=0x4000010 cmp=com.google.android.setupwizard/.MobileConnectivityChangeReceiver (has extras) }
03-10 14:46:46.322 D/MobileConnectivityChangeReceiver( 3671): onReceive CONNECTIVITY_CHANGE networkType=5
03-10 14:46:46.322 D/YouTube ( 3698): apps.youtube.app.prefetch.PrefetchService$DeviceStateReceiver.onReceive:565 Got device state change intent: android.net.conn.CONNECTIVITY_CHANGE
03-10 14:46:46.332 D/YouTube ( 3698): apps.youtube.app.prefetch.PrefetchService.onStartCommand:167 PrefetchService started at 10 Mar 2014 12:46:46 GMT
03-10 14:46:46.332 D/GCM     ( 1292): GcmService start Intent { act=android.net.conn.CONNECTIVITY_CHANGE flg=0x4000010 cmp=com.google.android.gms/.gcm.GcmService (has extras) } android.net.conn.CONNECTIVITY_CHANGE
03-10 14:46:46.332 D/YouTube ( 3698): apps.youtube.app.prefetch.PrefetchService.p_:245 Download snapshot restored
03-10 14:46:46.342 I/GCM     ( 1292): requestRouteToHost: failed!
03-10 14:46:46.342 I/iu.Environment( 3829): update connectivity state; isNetworkMetered? true, isRoaming? false, isBackgroundDataAllowed? true
03-10 14:46:46.342 D/YouTube ( 3698): apps.youtube.app.prefetch.PrefetchService.onDestroy:215 PrefetchService destroyed at 10 Mar 2014 12:46:46 GMT
03-10 14:46:46.352 I/widget.provider( 3945): com.devhd.feedly.widget.FeedlyWidgetProvider onReceive: android.net.conn.CONNECTIVITY_CHANGE
03-10 14:46:46.432 I/ActivityManager(  805): Start proc com.google.android.talk for broadcast com.google.android.talk/com.google.android.apps.babel.realtimechat.RealTimeChatService$AlarmReceiver: pid=4259 uid=10052 gids={50052, 3003, 1028, 1015, 3002}
03-10 14:46:46.472 W/art     ( 4259): Failed to find ELF magic in /system/framework/com.google.android.media.effects.odex: dey
03-10 14:46:46.502 W/GAV2    ( 3786): Thread[GAThread,5,main]: Service unavailable (code=1), will retry.
03-10 14:46:46.502 W/ActivityManager(  805): Unable to start service Intent { act=com.google.android.gms.analytics.service.START cmp=com.google.android.gms/.analytics.service.AnalyticsService (has extras) } U=0: not found
03-10 14:46:46.512 I/GAV2    ( 3786): Thread[GAThread,5,main]: No campaign data found.
03-10 14:46:46.572 I/MmsConfig( 4259): MmsConfig.init: mnc/mcc: 244/21
03-10 14:46:46.572 I/Babel   ( 4259): ### loadDeviceMmsSettings from API: mUserAgent=Nexus5, mUaProfUrl=http://gsm.lge.com/html/gsm/Nexus5-M3.xml
03-10 14:46:46.582 W/Settings( 4259): Setting airplane_mode_on has moved from android.provider.Settings.System to android.provider.Settings.Global, returning read-only value.
03-10 14:46:46.582 V/MmsConfig( 4259): tag: bool value: enabledMMS - true
03-10 14:46:46.582 V/MmsConfig( 4259): tag: int value: maxMessageSize - 307200
03-10 14:46:46.582 V/MmsConfig( 4259): tag: int value: maxImageHeight - 480
03-10 14:46:46.582 V/MmsConfig( 4259): tag: int value: maxImageWidth - 640
03-10 14:46:46.582 V/MmsConfig( 4259): tag: int value: recipientLimit - -1
03-10 14:46:46.582 V/MmsConfig( 4259): tag: bool value: enableMultipartSMS - true
03-10 14:46:46.582 V/MmsConfig( 4259): tag: int value: smsToMmsTextThreshold - -1
03-10 14:46:46.582 V/MmsConfig( 4259): tag: int value: maxMessageTextSize - -1
03-10 14:46:46.582 I/Babel   ( 4259): ### loadMmsSettings: mUserAgent=Nexus5, mUaProfUrl=http://gsm.lge.com/html/gsm/Nexus5-M3.xml
03-10 14:46:46.672 D/GCM     ( 1292): GcmService start Intent { act=com.google.android.gms.INITIALIZE flg=0x10 pkg=com.google.android.gms cmp=com.google.android.gms/.gcm.GcmService } com.google.android.gms.INITIALIZE
03-10 14:46:46.682 D/AlertReceiver( 2961): onReceive: a=android.intent.action.PROVIDER_CHANGED Intent { act=android.intent.action.PROVIDER_CHANGED dat=content://com.android.calendar flg=0x10 cmp=com.google.android.calendar/com.android.calendar.alerts.AlertReceiver }
03-10 14:46:46.692 D/AlertService( 2961): 0 Action = android.intent.action.PROVIDER_CHANGED
03-10 14:46:46.702 D/GCM     ( 1292): GcmService start Intent { act=com.google.android.gms.INITIALIZE flg=0x10 pkg=com.google.android.gms cmp=com.google.android.gms/.gcm.GcmService } com.google.android.gms.INITIALIZE
03-10 14:46:46.742 I/NotifUtils( 3628): Validating Notification, mapSize: 1 getAttention: true ignoreUnobtrusive: false
03-10 14:46:46.742 D/ConnectivityService(  805): handleInetConditionHoldEnd: net=0, condition=100, published condition=100
03-10 14:46:46.752 I/art     ( 3628): Heap trim of managed (duration=3.018491ms, advised=1908KB) and native (duration=1.805051ms, advised=0B) heaps. Managed heap utilization of 31%.
03-10 14:46:46.762 I/NotifUtils( 3628): Showing notification with unreadCount of 1 and unseenCount of 1
03-10 14:46:46.792 I/SubscribedFeeds( 1292): Received message
03-10 14:46:46.792 I/ActivityManager(  805): Delay finish: com.google.android.talk/com.google.android.apps.babel.realtimechat.MessagesAvailableReceiver
03-10 14:46:46.802 I/ActivityManager(  805): Resuming delayed broadcast
03-10 14:46:46.882 D/PackageBroadcastService( 1357): Received broadcast action=android.intent.action.PACKAGE_CHANGED and uri=com.android.stk
03-10 14:46:46.892 W/art     (  195): Could not get current activity
03-10 14:46:46.902 I/ActivityManager(  805): Start proc com.google.android.googlequicksearchbox:search for broadcast com.google.android.googlequicksearchbox/com.google.android.search.core.summons.icing.InternalIcingCorporaProvider$CorporaChangedReceiver: pid=4320 uid=10020 gids={50020, 3003, 1028, 3002, 1015}
03-10 14:46:46.992 I/PeopleContactsSync( 1357): CP2 sync disabled
03-10 14:46:47.012 I/Gmail   ( 3628): MainSyncRequestProto: lowestBkwdConvoId: 0, highestHandledServerOp: 1099269, normalSync: true
03-10 14:46:47.082 W/GAV2    ( 3829): Thread[GAThread,5,main]: Service unavailable (code=1), will retry.
03-10 14:46:47.082 W/ActivityManager(  805): Unable to start service Intent { act=com.google.android.gms.analytics.service.START cmp=com.google.android.gms/.analytics.service.AnalyticsService (has extras) } U=0: not found
03-10 14:46:47.102 I/GAV2    ( 3829): Thread[GAThread,5,main]: No campaign data found.
03-10 14:46:47.172 I/Icing.InternalIcingCorporaProvider( 4320): Updating corpora: A: com.android.stk, C: MAYBE
03-10 14:46:47.172 W/Launcher( 1051): setApplicationContext called twice! old=com.google.android.velvet.VelvetApplication@655e4940 new=com.google.android.velvet.VelvetApplication@655e4940
03-10 14:46:47.182 I/NotifUtils( 3628): Account: -2040901717 vibrate: false
03-10 14:46:47.182 I/NotifUtils( 3628): New email in -2040901717 vibrateWhen: false, playing notification: content://settings/system/notification_sound
03-10 14:46:47.192 I/ActivityManager(  805): Delay finish: com.google.android.apps.plus/.service.PackagesMediaMonitor
03-10 14:46:47.202 I/Icing   ( 1357): Indexing A0DFF7A479489E0E9E8CF33BD7C972B2FF32644C from com.google.android.music
03-10 14:46:47.202 W/GLSUser ( 1292): GoogleAccountDataService.getToken()
03-10 14:46:47.222 I/ActivityManager(  805): Resuming delayed broadcast
03-10 14:46:47.262 I/ActivityManager(  805): Start proc com.google.android.partnersetup for content provider com.google.android.partnersetup/.RlzAppProvider: pid=4360 uid=10011 gids={50011, 3003}
03-10 14:46:47.312 D/MobileConnectivityChangeReceiver( 3671): onReceive Intent { act=android.net.conn.CONNECTIVITY_CHANGE flg=0x4000010 cmp=com.google.android.setupwizard/.MobileConnectivityChangeReceiver (has extras) }
03-10 14:46:47.312 D/MobileConnectivityChangeReceiver( 3671): onReceive CONNECTIVITY_CHANGE networkType=5
03-10 14:46:47.312 D/YouTube ( 3698): apps.youtube.app.prefetch.PrefetchService$DeviceStateReceiver.onReceive:565 Got device state change intent: android.net.conn.CONNECTIVITY_CHANGE
03-10 14:46:47.352 D/YouTube ( 3698): apps.youtube.app.prefetch.PrefetchService.onStartCommand:167 PrefetchService started at 10 Mar 2014 12:46:47 GMT
03-10 14:46:47.352 D/YouTube ( 3698): apps.youtube.app.prefetch.PrefetchService.p_:245 Download snapshot restored
03-10 14:46:47.352 D/GCM     ( 1292): GcmService start Intent { act=android.net.conn.CONNECTIVITY_CHANGE flg=0x4000010 cmp=com.google.android.gms/.gcm.GcmService (has extras) } android.net.conn.CONNECTIVITY_CHANGE
03-10 14:46:47.362 D/YouTube ( 3698): apps.youtube.app.prefetch.PrefetchService.onDestroy:215 PrefetchService destroyed at 10 Mar 2014 12:46:47 GMT
03-10 14:46:47.372 W/art     ( 4360): Failed to find ELF magic in /system/priv-app/GooglePartnerSetup.odex: dey
03-10 14:46:47.392 I/iu.Environment( 3829): update connectivity state; isNetworkMetered? true, isRoaming? false, isBackgroundDataAllowed? true
03-10 14:46:47.402 W/GLSUser ( 1292): GoogleAccountDataService.getToken()
03-10 14:46:47.402 I/widget.provider( 3945): com.devhd.feedly.widget.FeedlyWidgetProvider onReceive: android.net.conn.CONNECTIVITY_CHANGE
03-10 14:46:47.542 D/MobileConnectivityChangeReceiver( 3671): onReceive Intent { act=android.net.conn.CONNECTIVITY_CHANGE flg=0x4000010 cmp=com.google.android.setupwizard/.MobileConnectivityChangeReceiver (has extras) }
03-10 14:46:47.542 D/MobileConnectivityChangeReceiver( 3671): onReceive CONNECTIVITY_CHANGE networkType=0
03-10 14:46:47.542 D/MobileConnectivityChangeReceiver( 3671): onReceive CONNECTIVITY_CHANGE: checkConnection
03-10 14:46:47.542 I/Icing   ( 1357): Indexing done A0DFF7A479489E0E9E8CF33BD7C972B2FF32644C
03-10 14:46:47.542 D/YouTube ( 3698): apps.youtube.app.prefetch.PrefetchService$DeviceStateReceiver.onReceive:565 Got device state change intent: android.net.conn.CONNECTIVITY_CHANGE
03-10 14:46:47.562 D/YouTube ( 3698): apps.youtube.app.prefetch.PrefetchService.onStartCommand:167 PrefetchService started at 10 Mar 2014 12:46:47 GMT
03-10 14:46:47.562 D/CheckConnectionTask( 3671): doInBackground: url=http://clients3.google.com/generate_204
03-10 14:46:47.562 D/YouTube ( 3698): apps.youtube.app.prefetch.PrefetchService.p_:245 Download snapshot restored
03-10 14:46:47.572 D/GCM     ( 1292): GcmService start Intent { act=android.net.conn.CONNECTIVITY_CHANGE flg=0x4000010 cmp=com.google.android.gms/.gcm.GcmService (has extras) } android.net.conn.CONNECTIVITY_CHANGE
03-10 14:46:47.572 D/YouTube ( 3698): apps.youtube.app.prefetch.PrefetchService.onDestroy:215 PrefetchService destroyed at 10 Mar 2014 12:46:47 GMT
03-10 14:46:47.592 D/CheckConnectionTask( 3671): doInBackground: resultCode=204 retVal=true
03-10 14:46:47.592 D/CheckConnectionTask( 3671): onPostExecute connected=true
03-10 14:46:47.592 D/CheckConnectionTask( 3671): onPostExecute set preference connected=true
03-10 14:46:47.592 I/iu.Environment( 3829): update connectivity state; isNetworkMetered? true, isRoaming? false, isBackgroundDataAllowed? true
03-10 14:46:47.602 I/widget.provider( 3945): com.devhd.feedly.widget.FeedlyWidgetProvider onReceive: android.net.conn.CONNECTIVITY_CHANGE
03-10 14:46:47.602 I/ActivityManager(  805): Killing 3592:com.google.android.keep/u0a53 (adj 15): empty #17
03-10 14:46:47.702 I/ActivityManager(  805): Start proc org.mozilla.fennec for broadcast org.mozilla.fennec/org.mozilla.gecko.background.announcements.AnnouncementsBroadcastReceiver: pid=4402 uid=10098 gids={50098, 3003, 1028, 1015}
03-10 14:46:47.802 I/art     ( 4259): Heap trim of managed (duration=2.341562ms, advised=308KB) and native (duration=2.072291ms, advised=120KB) heaps. Managed heap utilization of 52%.
03-10 14:46:47.812 I/ActivityManager(  805): Killing 3554:com.google.android.deskclock/u0a34 (adj 15): empty #17
03-10 14:46:47.852 I/GeckoAnnounce( 4402): fennec :: AnnounceBrSvc :: Registering AnnouncementsService.
03-10 14:46:47.862 I/ActivityManager(  805): Delay finish: org.mozilla.fennec/org.mozilla.gecko.background.healthreport.HealthReportBroadcastReceiver
03-10 14:46:47.862 D/ConnectivityService(  805): handleInetConditionHoldEnd: net=0, condition=100, published condition=100
03-10 14:46:47.872 I/GeckoAnnounce( 4402): fennec :: BackgroundService :: Setting inexact repeating alarm for interval 43200000
03-10 14:46:47.872 I/ActivityManager(  805): Resuming delayed broadcast
03-10 14:46:47.892 I/GeckoHealth( 4402): fennec :: HealthReportBroadcastService :: Registering HealthReportUploadService.
03-10 14:46:47.902 I/ActivityManager(  805): Start proc com.google.android.deskclock for broadcast com.google.android.deskclock/com.android.alarmclock.DigitalAppWidgetProvider: pid=4423 uid=10034 gids={50034, 1028}
03-10 14:46:47.912 I/GeckoHealth( 4402): fennec :: BackgroundService :: Setting inexact repeating alarm for interval 3600000
03-10 14:46:47.912 I/GeckoHealth( 4402): fennec :: HealthReportBroadcastService :: Registering HealthReportPruneService.
03-10 14:46:47.912 I/GeckoHealth( 4402): fennec :: BackgroundService :: Setting inexact repeating alarm for interval 86400000
03-10 14:46:47.912 I/ActivityManager(  805): Killing 4203:com.google.android.email/u0a37 (adj 15): empty #17
03-10 14:46:47.962 W/art     ( 4423): Failed to find ELF magic in /system/app/DeskClockGoogle.odex: dey
03-10 14:46:47.992 I/ActivityManager(  805): Killing 4259:com.google.android.talk/u0a52 (adj 15): empty #17
03-10 14:46:48.012 I/art     ( 1357): Heap trim of managed (duration=3.184635ms, advised=812KB) and native (duration=1.902812ms, advised=16KB) heaps. Managed heap utilization of 45%.
03-10 14:46:48.092 I/ActivityManager(  805): Start proc com.google.android.email for broadcast com.google.android.email/com.android.email.provider.WidgetProvider: pid=4442 uid=10037 gids={50037, 3003, 1028, 1015}
03-10 14:46:48.142 W/art     ( 4442): Failed to find ELF magic in /system/app/EmailGoogle.odex: dey
03-10 14:46:48.182 I/ActivityManager(  805): Killing 3882:android.process.acore/u0a3 (adj 15): empty #17
03-10 14:46:48.212 D/ActivityThread( 4442): Loading provider com.google.android.email.provider;com.google.android.email.notifier: com.android.email.provider.EmailProvider
03-10 14:46:48.272 D/ActivityThread( 4442): Loading provider com.google.android.email.provider;com.google.android.email.notifier: com.android.email.provider.EmailProvider
03-10 14:46:48.272 D/ActivityThread( 4442): Loading provider com.google.android.email.provider;com.google.android.email.notifier: com.android.email.provider.EmailProvider
03-10 14:46:48.332 I/ActivityManager(  805): Killing 4320:com.google.android.googlequicksearchbox:search/u0a20 (adj 15): empty #17
03-10 14:46:48.492 I/art     (  805): Heap trim of managed (duration=15.488386ms, advised=3MB) and native (duration=2.894479ms, advised=864KB) heaps. Managed heap utilization of 64%.
03-10 14:46:48.492 W/ActivityManager(  805): Unable to start service Intent { cmp=com.google.android.email/com.android.email.service.AttachmentDownloadService } U=0: not found
03-10 14:46:48.502 W/ActivityManager(  805): Unable to start service Intent { cmp=com.google.android.email/com.android.email.service.AttachmentDownloadService } U=0: not found
03-10 14:46:48.502 W/ActivityManager(  805): Unable to start service Intent { cmp=com.google.android.email/com.android.email.service.AttachmentDownloadService } U=0: not found
03-10 14:46:48.502 W/ActivityManager(  805): Unable to start service Intent { cmp=com.google.android.email/com.android.email.service.AttachmentDownloadService } U=0: not found
03-10 14:46:48.522 W/Uploader( 1357): No account for auth token provided
03-10 14:46:48.532 I/Email   ( 4442): Observing account changes for notifications
03-10 14:46:48.862 I/art     ( 3628): Heap trim of managed (duration=3.772187ms, advised=1212KB) and native (duration=1.995105ms, advised=100KB) heaps. Managed heap utilization of 45%.
03-10 14:46:48.862 W/ActivityThread( 1357): ClassLoader.loadClass: The class loader returned by Thread.getContextClassLoader() may fail for processes that host multiple applications. You should explicitly specify a context class loader. For example: Thread.setContextClassLoader(getClass().getClassLoader());
03-10 14:46:48.872 I/Gmail   ( 3628): MainSyncRequestProto: lowestBkwdConvoId: 0, highestHandledServerOp: 1099398, normalSync: true
03-10 14:46:48.872 I/Gmail   ( 3628): lowestBackward conversation id 0
03-10 14:46:48.942 W/Uploader( 1357): No account for auth token provided
03-10 14:46:48.982 I/Gmail   ( 3628): Sending provider changed intent: Intent { act=android.intent.action.PROVIDER_CHANGED dat=content://gmail-ls/unread/^i (has extras) }
03-10 14:46:49.022 I/NotifUtils( 3628): Validating Notification, mapSize: 0 getAttention: false ignoreUnobtrusive: false
03-10 14:46:49.042 I/NotifUtils( 3628): validateNotifications - cancelling account -2040901717 / folder 3019
03-10 14:46:49.042 W/Uploader( 1357): No account for auth token provided
03-10 14:46:49.142 W/Uploader( 1357): No account for auth token provided
03-10 14:46:49.192 I/Icing   ( 1357): Indexing 9E464DC2A102057D86495404FBBAAC90B8242C74 from com.google.android.googlequicksearchbox
03-10 14:46:49.222 W/art     (  195): Could not get current activity
03-10 14:46:49.232 I/ActivityManager(  805): Start proc com.google.android.googlequicksearchbox:search for content provider com.google.android.googlequicksearchbox/com.google.android.search.core.summons.icing.InternalIcingCorporaProvider: pid=4491 uid=10020 gids={50020, 3003, 1028, 3002, 1015}
03-10 14:46:49.252 W/Uploader( 1357): No account for auth token provided
03-10 14:46:49.342 W/Uploader( 1357): No account for auth token provided
03-10 14:46:49.462 W/Uploader( 1357): No account for auth token provided
03-10 14:46:49.572 W/Uploader( 1357): No account for auth token provided
03-10 14:46:49.662 W/Uploader( 1357): No account for auth token provided
