03-10 14:47:29.342 W/ActivityManager(  805): Force removing ActivityRecord{65e27fd0 u0 com.android.helloworldjava/.HelloWorld t4}: app died, no saved state
03-10 14:47:29.372 W/InputDispatcher(  805): channel '6618bee8 com.android.helloworldjava/com.android.helloworldjava.HelloWorld (server)' ~ Consumer closed input channel or an error occurred.  events=0x9
03-10 14:47:29.372 E/InputDispatcher(  805): channel '6618bee8 com.android.helloworldjava/com.android.helloworldjava.HelloWorld (server)' ~ Channel is unrecoverably broken and will be disposed!
03-10 14:47:29.372 W/WindowManager(  805): Rebuild removed 2 windows but added 1
03-10 14:47:29.372 W/WindowManager(  805): java.lang.RuntimeException: here
03-10 14:47:29.372 W/WindowManager(  805): 	at com.android.server.wm.WindowManagerService.rebuildAppWindowListLocked(WindowManagerService.java:8011)
03-10 14:47:29.372 W/WindowManager(  805): 	at com.android.server.wm.WindowManagerService.rebuildAppWindowListLocked(WindowManagerService.java:7947)
03-10 14:47:29.372 W/WindowManager(  805): 	at com.android.server.wm.WindowManagerService.handleAppTransitionReadyLocked(WindowManagerService.java:8430)
03-10 14:47:29.372 W/WindowManager(  805): 	at com.android.server.wm.WindowManagerService.performLayoutAndPlaceSurfacesLockedInner(WindowManagerService.java:9193)
03-10 14:47:29.372 W/WindowManager(  805): 	at com.android.server.wm.WindowManagerService.performLayoutAndPlaceSurfacesLockedLoop(WindowManagerService.java:8163)
03-10 14:47:29.372 W/WindowManager(  805): 	at com.android.server.wm.WindowManagerService.performLayoutAndPlaceSurfacesLocked(WindowManagerService.java:8105)
03-10 14:47:29.372 W/WindowManager(  805): 	at com.android.server.wm.WindowManagerService.executeAppTransition(WindowManagerService.java:3918)
03-10 14:47:29.372 W/WindowManager(  805): 	at com.android.server.am.ActivityStackSupervisor.reportResumedActivityLocked(ActivityStackSupervisor.java:2241)
03-10 14:47:29.372 W/WindowManager(  805): 	at com.android.server.am.ActivityStack.completeResumeLocked(ActivityStack.java:968)
03-10 14:47:29.372 W/WindowManager(  805): 	at com.android.server.am.ActivityStack.resumeTopActivityLocked(ActivityStack.java:1631)
03-10 14:47:29.372 W/WindowManager(  805): 	at com.android.server.am.ActivityStackSupervisor.resumeTopActivitiesLocked(ActivityStackSupervisor.java:2022)
03-10 14:47:29.372 W/WindowManager(  805): 	at com.android.server.am.ActivityStackSupervisor.resumeTopActivitiesLocked(ActivityStackSupervisor.java:2009)
03-10 14:47:29.372 W/WindowManager(  805): 	at com.android.server.am.ActivityManagerService.forceStopPackageLocked(ActivityManagerService.java:4750)
03-10 14:47:29.372 W/WindowManager(  805): 	at com.android.server.am.ActivityManagerService.forceStopPackageLocked(ActivityManagerService.java:4496)
03-10 14:47:29.372 W/WindowManager(  805): 	at com.android.server.am.ActivityManagerService.forceStopPackage(ActivityManagerService.java:4327)
03-10 14:47:29.372 W/WindowManager(  805): 	at android.app.ActivityManagerNative.onTransact(ActivityManagerNative.java:1365)
03-10 14:47:29.372 W/WindowManager(  805): 	at com.android.server.am.ActivityManagerService.onTransact(ActivityManagerService.java:2071)
03-10 14:47:29.372 W/WindowManager(  805): 	at android.os.Binder.execTransact(Binder.java:404)
03-10 14:47:29.372 W/WindowManager(  805): This window was lost: Window{6618bee8 u0 com.android.helloworldjava/com.android.helloworldjava.HelloWorld}
03-10 14:47:29.372 W/WindowManager(  805): mDisplayId=0 mSession=Session{664ae7d8 4803:u0a10141} mClient=android.os.BinderProxy@664b6838
03-10 14:47:29.372 W/WindowManager(  805): mOwnerUid=10141 mShowToOwnerOnly=true package=com.android.helloworldjava appop=NONE
03-10 14:47:29.372 W/WindowManager(  805): mAttrs=WM.LayoutParams{(0,0)(fillxfill) sim=#120 ty=1 fl=#40010100 compatible=true pfl=0x88 wanim=0x1030001}
03-10 14:47:29.372 W/WindowManager(  805): Requested w=1080 h=1776 mLayoutSeq=104
03-10 14:47:29.372 W/WindowManager(  805): mBaseLayer=21000 mSubLayer=0 mAnimLayer=21005+0=21005 mLastLayer=0
03-10 14:47:29.372 W/WindowManager(  805): mToken=AppWindowToken{660e2e98 token=Token{65f426a0 ActivityRecord{65e27fd0 u0 com.android.helloworldjava/.HelloWorld t4}}}
03-10 14:47:29.372 W/WindowManager(  805): mRootToken=AppWindowToken{660e2e98 token=Token{65f426a0 ActivityRecord{65e27fd0 u0 com.android.helloworldjava/.HelloWorld t4}}}
03-10 14:47:29.372 W/WindowManager(  805): mAppToken=AppWindowToken{660e2e98 token=Token{65f426a0 ActivityRecord{65e27fd0 u0 com.android.helloworldjava/.HelloWorld t4}}}
03-10 14:47:29.372 W/WindowManager(  805): mViewVisibility=0x0 mHaveFrame=true mObscured=true
03-10 14:47:29.372 W/WindowManager(  805): mSeq=0 mSystemUiVisibility=0x0
03-10 14:47:29.372 W/WindowManager(  805): mPolicyVisibility=false mPolicyVisibilityAfterAnim=false mAppOpVisibility=true mAttachedHidden=false
03-10 14:47:29.372 W/WindowManager(  805): mGivenContentInsets=[0,0][0,0] mGivenVisibleInsets=[0,0][0,0]
03-10 14:47:29.372 W/WindowManager(  805): mConfiguration={1.0 244mcc21mnc en_IN ldltr sw360dp w360dp h567dp 480dpi nrml port finger -keyb/v/h -nav/h s.5}
03-10 14:47:29.372 W/WindowManager(  805): mHasSurface=true mShownFrame=[0.0,0.0][1080.0,1776.0] isReadyForDisplay()=false
03-10 14:47:29.372 W/WindowManager(  805): mFrame=[0,0][1080,1776] last=[0,0][1080,1776]
03-10 14:47:29.372 W/WindowManager(  805): mSystemDecorRect=[0,0][960,1579] last=[0,0][960,1579]
03-10 14:47:29.372 W/WindowManager(  805): mCompatFrame=[0,0][960,1579]
03-10 14:47:29.372 W/WindowManager(  805): Frames: containing=[0,0][1080,1776] parent=[0,0][1080,1776]
03-10 14:47:29.372 W/WindowManager(  805):     display=[0,0][1080,1776] overscan=[0,0][1080,1920]
03-10 14:47:29.372 W/WindowManager(  805):     content=[0,75][1080,1776] visible=[0,75][1080,1776]
03-10 14:47:29.372 W/WindowManager(  805):     decor=[0,0][1080,1920]
03-10 14:47:29.372 W/WindowManager(  805): Cur insets: overscan=[0,0][0,0] content=[0,67][0,0] visible=[0,67][0,0]
03-10 14:47:29.372 W/WindowManager(  805): Lst insets: overscan=[0,0][0,0] content=[0,67][0,0] visible=[0,67][0,0]
03-10 14:47:29.372 W/WindowManager(  805): WindowStateAnimator{65ff45a8 com.android.helloworldjava/com.android.helloworldjava.HelloWorld}:
03-10 14:47:29.372 W/WindowManager(  805):   mSurface=Surface(name=com.android.helloworldjava/com.android.helloworldjava.HelloWorld)
03-10 14:47:29.372 W/WindowManager(  805):   mDrawState=HAS_DRAWN mLastHidden=true
03-10 14:47:29.372 W/WindowManager(  805):   Surface: shown=false layer=21005 alpha=0.0 rect=(0.0,0.0) 960.0 x 1579.0
03-10 14:47:29.372 W/WindowManager(  805):   mShownAlpha=1.0 mAlpha=1.0 mLastAlpha=-1.0
03-10 14:47:29.372 W/WindowManager(  805):   mGlobalScale=1.1247625 mDsDx=1.1247625 mDtDx=0.0 mDsDy=0.0 mDtDy=1.1247625
03-10 14:47:29.372 W/WindowManager(  805): Current app token list:
03-10 14:47:29.372 V/WindowManager(  805):   Display 0
03-10 14:47:29.372 V/WindowManager(  805):   #0: Token{65e4aa40 ActivityRecord{65d2a730 u0 com.google.android.googlequicksearchbox/com.google.android.launcher.GEL t1}}
03-10 14:47:29.372 W/WindowManager(  805): Final window list:
03-10 14:47:29.372 V/WindowManager(  805):   #0: Window{65b259f0 u0 SearchPanel}
03-10 14:47:29.372 V/WindowManager(  805):   #1: Window{65aeca88 u0 NavigationBar}
03-10 14:47:29.372 V/WindowManager(  805):   #2: Window{658b8190 u0 StatusBar}
03-10 14:47:29.372 V/WindowManager(  805):   #3: Window{65f5a1c8 u0 Keyguard}
03-10 14:47:29.372 V/WindowManager(  805):   #4: Window{65ee7610 u0 KeyguardScrim}
03-10 14:47:29.372 V/WindowManager(  805):   #5: Window{65f49650 u0 com.android.systemui.ImageWallpaper}
03-10 14:47:29.372 V/WindowManager(  805):   #6: Window{65f35618 u0 Application Error: com.google.process.location}
03-10 14:47:29.372 V/WindowManager(  805):   #7: Window{65f30048 u0 com.google.android.googlequicksearchbox/com.google.android.launcher.GEL}
03-10 14:47:29.382 W/InputDispatcher(  805): Attempted to unregister already unregistered input channel '6618bee8 com.android.helloworldjava/com.android.helloworldjava.HelloWorld (server)'
03-10 14:47:29.382 I/WindowState(  805): WIN DEATH: Window{6618bee8 u0 com.android.helloworldjava/com.android.helloworldjava.HelloWorld}
03-10 14:47:29.392 I/art     (  883): Heap trim of managed (duration=3.963228ms, advised=240KB) and native (duration=9.910990ms, advised=16KB) heaps. Managed heap utilization of 73%.
03-10 14:47:29.402 D/AndroidRuntime( 4897): Shutting down VM
03-10 14:47:30.772 V/QcrilMsgTunnelSocket( 2476): After reading offset = 0 remaining = 4 countRead = 4
03-10 14:47:30.772 D/QcrilMsgTunnelSocket( 2476): messageLength extracted from first 4 inputStream reads = 29
03-10 14:47:30.772 V/QcrilMsgTunnelSocket( 2476): offset = 0 remaining = 29 countRead = 0
03-10 14:47:30.782 V/QcrilMsgTunnelSocket( 2476): offset = 0 remaining = 29 countRead = 29
03-10 14:47:30.782 D/QcrilMsgTunnelSocket( 2476): readRilMessage: Buffer = [B@65548b40 HexData = [0100000004040000110000005155414c434f4d4def0308000100000002]
03-10 14:47:30.782 V/QcrilMsgTunnelSocket( 2476): Read packet: 29 bytes. Data Available = 32 Position = 0
03-10 14:47:30.782 D/QcrilMsgTunnelSocket( 2476): processResponse. message type = 1. Data Available = 28
03-10 14:47:30.782 D/QcrilMsgTunnelSocket( 2476): ByteArray from parcel = 5155414c434f4d4def0308000100000002
03-10 14:47:30.782 D/QcrilMsgTunnelSocket( 2476): Received RIL_UNSOL_OEM_HOOK_RAW message
03-10 14:47:30.782 D/QcrilMsgTunnelSocket( 2476): Oem ID in RIL_UNSOL_OEM_HOOK_RAW is QUALCOMM
03-10 14:47:30.782 D/QcrilMsgTunnelSocket( 2476): OEM ID check Passed
03-10 14:47:30.782 D/QcrilMsgTunnelSocket( 2476): Response ID in RIL_UNSOL_OEM_HOOK_RAW is 525295
03-10 14:47:30.782 D/QcrilMsgTunnelSocket( 2476): Response ID 525295is not served in this process.
03-10 14:47:30.782 D/QcrilMsgTunnelSocket( 2476): To broadcast an Intent via the notifier to external apps
03-10 14:47:30.782 V/QcrilMsgTunnelSocket( 2476): Before reading offset = 0 remaining = 4 countRead = 0
03-10 14:47:30.792 D/QcrilMsgTunnelIfaceManager( 2476): handleMessage what=0
03-10 14:47:30.792 D/QcrilMsgTunnelIfaceManager( 2476): Broadcasting intent ACTION_UNSOL_RESPONSE_OEM_HOOK_RAW
03-10 14:47:31.012 D/AndroidRuntime( 4937): 
03-10 14:47:31.012 D/AndroidRuntime( 4937): >>>>>> AndroidRuntime START com.android.internal.os.RuntimeInit <<<<<<
03-10 14:47:31.022 D/AndroidRuntime( 4937): CheckJNI is OFF
03-10 14:47:31.022 E/art     ( 4937): Unrecognized option -XX:mainThreadStackSize=24K
03-10 14:47:31.022 W/art     ( 4937): Ignoring unknown -Xgc option: precise
03-10 14:47:31.062 W/art     ( 4937): Failed to find ELF magic in /system/framework/am.odex: dey
03-10 14:47:31.132 W/art     ( 4937): JNI RegisterNativeMethods: attempt to register 0 native methods for android.content.res.Configuration
03-10 14:47:31.152 D/AndroidRuntime( 4937): Calling main entry com.android.commands.am.Am
03-10 14:47:31.152 I/ActivityManager(  805): START u0 {flg=0x10000000 cmp=com.android.helloworldjava/.HelloWorld} from pid 4937
03-10 14:47:31.462 D/AndroidRuntime( 4937): Shutting down VM
03-10 14:47:31.462 I/WindowManager(  805): Screenshot max retries 4 of Token{65e4aa40 ActivityRecord{65d2a730 u0 com.google.android.googlequicksearchbox/com.google.android.launcher.GEL t1}} appWin=Window{65f30048 u0 com.google.android.googlequicksearchbox/com.google.android.launcher.GEL} drawState=4
03-10 14:47:31.462 W/WindowManager(  805): Screenshot failure taking screenshot for (1080x1920) to layer 21000
03-10 14:47:31.472 W/art     (  195): Could not get current activity
03-10 14:47:31.482 I/ActivityManager(  805): Start proc com.android.helloworldjava for activity com.android.helloworldjava/.HelloWorld: pid=4972 uid=10141 gids={50141, 1028, 1015}
03-10 14:47:31.612 I/ActivityManager(  805): Displayed com.android.helloworldjava/.HelloWorld: +148ms
03-10 14:47:34.732 I/ActivityManager(  805): Killing 3945:com.devhd.feedly/u0a85 (adj 15): empty #17
03-10 14:47:35.322 I/FxAccounts( 4402): fennec :: FxAccountSyncAdapter :: Syncing FxAccount account named like XXXXXXXX.XXXXXXXXX@XXXXX.XXX for authority org.mozilla.fennec.db.browser with instance org.mozilla.gecko.fxa.sync.FxAccountSyncAdapter@656fc390.
03-10 14:47:35.402 I/FxAccounts( 4402): fennec :: FxAccountSyncAdapter :: handleFinal: in Married
03-10 14:47:37.222 W/BroadcastQueue(  805): Skipping deliver [background] BroadcastRecord{660a2e28 u-1 android.net.wifi.SCAN_RESULTS} to ReceiverList{65eaafb0 1233 com.google.process.location/10007/u0 remote:6603b208}: process crashing
03-10 14:47:37.862 V/QcrilMsgTunnelSocket( 2476): After reading offset = 0 remaining = 4 countRead = 4
03-10 14:47:37.862 D/QcrilMsgTunnelSocket( 2476): messageLength extracted from first 4 inputStream reads = 29
03-10 14:47:37.862 V/QcrilMsgTunnelSocket( 2476): offset = 0 remaining = 29 countRead = 0
03-10 14:47:37.862 V/QcrilMsgTunnelSocket( 2476): offset = 0 remaining = 29 countRead = 29
03-10 14:47:37.862 D/QcrilMsgTunnelSocket( 2476): readRilMessage: Buffer = [B@65548b40 HexData = [0100000004040000110000005155414c434f4d4def0308000100000001]
03-10 14:47:37.862 V/QcrilMsgTunnelSocket( 2476): Read packet: 29 bytes. Data Available = 32 Position = 0
03-10 14:47:37.862 D/QcrilMsgTunnelSocket( 2476): processResponse. message type = 1. Data Available = 28
03-10 14:47:37.922 D/QcrilMsgTunnelSocket( 2476): ByteArray from parcel = 5155414c434f4d4def0308000100000001
03-10 14:47:37.922 D/QcrilMsgTunnelSocket( 2476): Received RIL_UNSOL_OEM_HOOK_RAW message
03-10 14:47:37.922 D/QcrilMsgTunnelSocket( 2476): Oem ID in RIL_UNSOL_OEM_HOOK_RAW is QUALCOMM
03-10 14:47:37.922 D/QcrilMsgTunnelSocket( 2476): OEM ID check Passed
03-10 14:47:37.922 D/QcrilMsgTunnelSocket( 2476): Response ID in RIL_UNSOL_OEM_HOOK_RAW is 525295
03-10 14:47:37.922 D/QcrilMsgTunnelSocket( 2476): Response ID 525295is not served in this process.
03-10 14:47:37.922 D/QcrilMsgTunnelSocket( 2476): To broadcast an Intent via the notifier to external apps
03-10 14:47:37.922 V/QcrilMsgTunnelSocket( 2476): Before reading offset = 0 remaining = 4 countRead = 0
03-10 14:47:37.922 V/QcrilMsgTunnelSocket( 2476): After reading offset = 0 remaining = 4 countRead = 4
03-10 14:47:37.922 D/QcrilMsgTunnelSocket( 2476): messageLength extracted from first 4 inputStream reads = 29
03-10 14:47:37.922 V/QcrilMsgTunnelSocket( 2476): offset = 0 remaining = 29 countRead = 0
03-10 14:47:37.922 D/QcrilMsgTunnelIfaceManager( 2476): handleMessage what=0
03-10 14:47:37.922 D/QcrilMsgTunnelIfaceManager( 2476): Broadcasting intent ACTION_UNSOL_RESPONSE_OEM_HOOK_RAW
03-10 14:47:37.922 V/QcrilMsgTunnelSocket( 2476): offset = 0 remaining = 29 countRead = 29
03-10 14:47:37.922 D/QcrilMsgTunnelSocket( 2476): readRilMessage: Buffer = [B@65548b40 HexData = [0100000004040000110000005155414c434f4d4def0308000100000001]
03-10 14:47:37.922 V/QcrilMsgTunnelSocket( 2476): Read packet: 29 bytes. Data Available = 32 Position = 0
03-10 14:47:37.922 D/QcrilMsgTunnelSocket( 2476): processResponse. message type = 1. Data Available = 28
03-10 14:47:37.922 D/QcrilMsgTunnelSocket( 2476): ByteArray from parcel = 5155414c434f4d4def0308000100000001
03-10 14:47:37.922 D/QcrilMsgTunnelSocket( 2476): Received RIL_UNSOL_OEM_HOOK_RAW message
03-10 14:47:37.922 D/QcrilMsgTunnelSocket( 2476): Oem ID in RIL_UNSOL_OEM_HOOK_RAW is QUALCOMM
03-10 14:47:37.922 D/QcrilMsgTunnelSocket( 2476): OEM ID check Passed
03-10 14:47:37.922 D/QcrilMsgTunnelSocket( 2476): Response ID in RIL_UNSOL_OEM_HOOK_RAW is 525295
03-10 14:47:37.922 D/QcrilMsgTunnelSocket( 2476): Response ID 525295is not served in this process.
03-10 14:47:37.922 D/QcrilMsgTunnelSocket( 2476): To broadcast an Intent via the notifier to external apps
03-10 14:47:37.932 D/AlarmManagerService(  805): Kernel timezone updated to -120 minutes west of GMT
03-10 14:47:37.942 D/MobileDataStateTracker(  805): default: Broadcast received: android.intent.action.ANY_DATA_STATE apnType=default
03-10 14:47:37.942 D/MobileDataStateTracker(  805): default: Received state=CONNECTED, old=CONNECTED, reason=(unspecified)
03-10 14:47:37.982 D/QcrilMsgTunnelIfaceManager( 2476): handleMessage what=0
03-10 14:47:37.982 D/QcrilMsgTunnelIfaceManager( 2476): Broadcasting intent ACTION_UNSOL_RESPONSE_OEM_HOOK_RAW
03-10 14:47:37.982 V/QcrilMsgTunnelSocket( 2476): Before reading offset = 0 remaining = 4 countRead = 0
03-10 14:47:38.082 V/QcrilMsgTunnelSocket( 2476): After reading offset = 0 remaining = 4 countRead = 4
03-10 14:47:38.082 D/QcrilMsgTunnelSocket( 2476): messageLength extracted from first 4 inputStream reads = 29
03-10 14:47:38.082 V/QcrilMsgTunnelSocket( 2476): offset = 0 remaining = 29 countRead = 0
03-10 14:47:38.082 V/QcrilMsgTunnelSocket( 2476): offset = 0 remaining = 29 countRead = 29
03-10 14:47:38.082 D/QcrilMsgTunnelSocket( 2476): readRilMessage: Buffer = [B@65548b40 HexData = [0100000004040000110000005155414c434f4d4def0308000100000001]
03-10 14:47:38.082 V/QcrilMsgTunnelSocket( 2476): Read packet: 29 bytes. Data Available = 32 Position = 0
03-10 14:47:38.082 D/QcrilMsgTunnelSocket( 2476): processResponse. message type = 1. Data Available = 28
03-10 14:47:38.082 D/QcrilMsgTunnelSocket( 2476): ByteArray from parcel = 5155414c434f4d4def0308000100000001
03-10 14:47:38.082 D/QcrilMsgTunnelSocket( 2476): Received RIL_UNSOL_OEM_HOOK_RAW message
03-10 14:47:38.082 D/QcrilMsgTunnelSocket( 2476): Oem ID in RIL_UNSOL_OEM_HOOK_RAW is QUALCOMM
03-10 14:47:38.082 D/QcrilMsgTunnelSocket( 2476): OEM ID check Passed
03-10 14:47:38.082 D/QcrilMsgTunnelSocket( 2476): Response ID in RIL_UNSOL_OEM_HOOK_RAW is 525295
03-10 14:47:38.082 D/QcrilMsgTunnelSocket( 2476): Response ID 525295is not served in this process.
03-10 14:47:38.082 D/QcrilMsgTunnelSocket( 2476): To broadcast an Intent via the notifier to external apps
03-10 14:47:38.082 V/QcrilMsgTunnelSocket( 2476): Before reading offset = 0 remaining = 4 countRead = 0
03-10 14:47:38.082 D/QcrilMsgTunnelIfaceManager( 2476): handleMessage what=0
03-10 14:47:38.082 D/QcrilMsgTunnelIfaceManager( 2476): Broadcasting intent ACTION_UNSOL_RESPONSE_OEM_HOOK_RAW
03-10 14:47:39.032 I/FxAccounts( 4402): fennec :: GlobalSession :: Running next stage checkPreconditions (org.mozilla.gecko.sync.stage.CheckPreconditionsStage@657dda38)...
03-10 14:47:39.032 I/FxAccounts( 4402): fennec :: GlobalSession :: Running next stage ensureClusterURL (org.mozilla.gecko.sync.stage.CheckPreconditionsStage@657e84d0)...
03-10 14:47:39.032 I/FxAccounts( 4402): fennec :: GlobalSession :: Running next stage fetchInfoCollections (org.mozilla.gecko.sync.stage.FetchInfoCollectionsStage@657ded38)...
03-10 14:47:39.872 I/FxAccounts( 4402): fennec :: GlobalSession :: Running next stage fetchMetaGlobal (org.mozilla.gecko.sync.stage.FetchMetaGlobalStage@657df290)...
03-10 14:47:39.872 I/FxAccounts( 4402): fennec :: FetchMetaGlobalStage :: Trying to use persisted meta/global for this session.
03-10 14:47:39.892 I/FxAccounts( 4402): fennec :: FetchMetaGlobalStage :: Using persisted meta/global for this session.
03-10 14:47:39.892 I/FxAccounts( 4402): fennec :: GlobalSession :: Running next stage ensureKeysStage (org.mozilla.gecko.sync.stage.EnsureCrypto5KeysStage@657e0598)...
03-10 14:47:39.912 I/FxAccounts( 4402): fennec :: GlobalSession :: Running next stage syncClientsEngine (org.mozilla.gecko.sync.stage.SyncClientsEngineStage@657e1618)...
03-10 14:47:40.262 I/FxAccounts( 4402): fennec :: SyncClientsEngineStage :: Local client GUID exists on server and was downloaded.
03-10 14:47:40.302 I/FxAccounts( 4402): fennec :: GlobalSession :: Running next stage syncTabs (org.mozilla.gecko.sync.stage.FennecTabsServerSyncStage@657e5620)...
03-10 14:47:40.612 W/GeckoProfile( 4402): Requested profile directory missing.
03-10 14:47:40.612 D/GeckoProfile( 4402): Found profile dir.
03-10 14:47:40.682 I/FxAccounts( 4402): fennec :: ServerSyncStage :: Stage tabs received 0 and sent 0 records in 0.37 seconds.
03-10 14:47:40.682 I/FxAccounts( 4402): fennec :: ServerSyncStage :: Advancing session.
03-10 14:47:40.682 I/FxAccounts( 4402): fennec :: GlobalSession :: Running next stage syncPasswords (org.mozilla.gecko.sync.stage.PasswordsServerSyncStage@657e5d88)...
03-10 14:47:40.712 W/art     (  195): Could not get current activity
03-10 14:47:40.722 I/ActivityManager(  805): Start proc org.mozilla.fennec.PasswordsProvider for content provider org.mozilla.fennec/org.mozilla.gecko.db.PasswordsProvider: pid=5024 uid=10098 gids={50098, 3003, 1028, 1015}
03-10 14:47:41.062 W/GeckoProfile( 5024): Requested profile directory missing.
03-10 14:47:41.062 D/GeckoProfile( 5024): Found profile dir.
03-10 14:47:41.062 E/GeckoLibLoad( 5024): Load sqlite start
03-10 14:47:41.072 E/GeckoLinker( 5024): /data/app/org.mozilla.fennec-1.apk!/assets/libnss3.so: Warning: unhandled flags #8 not handled
03-10 14:47:41.072 E/GeckoLinker( 5024): /data/app/org.mozilla.fennec-1.apk!/assets/libnss3.so: Warning: relocation to NULL @0x0018fc24
03-10 14:47:41.082 E/GeckoLinker( 5024): /data/app/org.mozilla.fennec-1.apk!/assets/libnss3.so: Warning: relocation to NULL @0x0018ffdc for symbol "__cxa_begin_cleanup"
03-10 14:47:41.082 E/GeckoLinker( 5024): /data/app/org.mozilla.fennec-1.apk!/assets/libnss3.so: Warning: relocation to NULL @0x0018ffe0 for symbol "__cxa_type_match"
03-10 14:47:41.082 E/GeckoLibLoad( 5024): Load sqlite done
03-10 14:47:41.082 E/GeckoLibLoad( 5024): Load nss start
03-10 14:47:41.082 E/GeckoLibLoad( 5024): Load nss done
03-10 14:47:41.122 I/FxAccounts( 4402): fennec :: ServerSyncStage :: Stage passwords received 0 and sent 0 records in 0.42 seconds.
03-10 14:47:41.122 I/FxAccounts( 4402): fennec :: ServerSyncStage :: Advancing session.
03-10 14:47:41.122 I/FxAccounts( 4402): fennec :: GlobalSession :: Running next stage syncBookmarks (org.mozilla.gecko.sync.stage.AndroidBrowserBookmarksServerSyncStage@657e6630)...
03-10 14:47:41.412 I/FxAccounts( 4402): fennec :: ServerSyncStage :: Stage bookmarks received 0 and sent 0 records in 0.27 seconds.
03-10 14:47:41.412 I/FxAccounts( 4402): fennec :: ServerSyncStage :: Advancing session.
03-10 14:47:41.412 I/FxAccounts( 4402): fennec :: GlobalSession :: Running next stage syncHistory (org.mozilla.gecko.sync.stage.AndroidBrowserHistoryServerSyncStage@657e6e88)...
03-10 14:47:41.742 I/FxAccounts( 4402): fennec :: ServerSyncStage :: Stage history received 0 and sent 0 records in 0.32 seconds.
03-10 14:47:41.742 I/FxAccounts( 4402): fennec :: ServerSyncStage :: Advancing session.
03-10 14:47:41.742 I/FxAccounts( 4402): fennec :: GlobalSession :: Running next stage syncFormHistory (org.mozilla.gecko.sync.stage.FormHistoryServerSyncStage@657e7650)...
03-10 14:47:41.932 E/GeckoLibLoad( 4402): Load sqlite start
03-10 14:47:41.932 E/GeckoLinker( 4402): /data/app/org.mozilla.fennec-1.apk!/assets/libnss3.so: Warning: unhandled flags #8 not handled
03-10 14:47:41.942 E/GeckoLinker( 4402): /data/app/org.mozilla.fennec-1.apk!/assets/libnss3.so: Warning: relocation to NULL @0x0018fc24
03-10 14:47:41.942 E/GeckoLinker( 4402): /data/app/org.mozilla.fennec-1.apk!/assets/libnss3.so: Warning: relocation to NULL @0x0018ffdc for symbol "__cxa_begin_cleanup"
03-10 14:47:41.942 E/GeckoLinker( 4402): /data/app/org.mozilla.fennec-1.apk!/assets/libnss3.so: Warning: relocation to NULL @0x0018ffe0 for symbol "__cxa_type_match"
03-10 14:47:41.952 E/GeckoLibLoad( 4402): Load sqlite done
03-10 14:47:41.952 E/GeckoLibLoad( 4402): Load nss start
03-10 14:47:41.952 E/GeckoLibLoad( 4402): Load nss done
03-10 14:47:42.022 I/FxAccounts( 4402): fennec :: ServerSyncStage :: Stage forms received 0 and sent 0 records in 0.27 seconds.
03-10 14:47:42.022 I/FxAccounts( 4402): fennec :: ServerSyncStage :: Advancing session.
03-10 14:47:42.022 I/FxAccounts( 4402): fennec :: GlobalSession :: Running next stage uploadMetaGlobal (org.mozilla.gecko.sync.stage.UploadMetaGlobalStage@657e7bc0)...
03-10 14:47:42.022 I/FxAccounts( 4402): fennec :: GlobalSession :: Not uploading updated meta/global record since there are no engines requesting upload.
03-10 14:47:42.022 I/FxAccounts( 4402): fennec :: GlobalSession :: Running next stage completed (org.mozilla.gecko.sync.stage.CompletedStage@657e80f8)...
03-10 14:47:42.022 I/FxAccounts( 4402): fennec :: FxAccountSyncAdapter :: Global session succeeded.
03-10 14:47:42.022 I/FxAccounts( 4402): fennec :: FxAccountSchedulePolicy :: Scheduling periodic sync for 1800.
03-10 14:47:42.032 I/FxAccounts( 4402): fennec :: FxAccountSyncAdapter :: Sync succeeded.
03-10 14:47:42.032 I/FxAccounts( 4402): fennec :: FxAccountSyncAdapter :: Syncing done.
03-10 14:47:42.042 I/ActivityManager(  805): Killing 3973:com.chrome.beta/u0a83 (adj 15): empty #17
03-10 14:47:46.343 V/QcrilMsgTunnelSocket( 2476): After reading offset = 0 remaining = 4 countRead = 4
03-10 14:47:46.343 D/QcrilMsgTunnelSocket( 2476): messageLength extracted from first 4 inputStream reads = 29
03-10 14:47:46.343 V/QcrilMsgTunnelSocket( 2476): offset = 0 remaining = 29 countRead = 0
03-10 14:47:46.343 V/QcrilMsgTunnelSocket( 2476): offset = 0 remaining = 29 countRead = 29
03-10 14:47:46.343 D/QcrilMsgTunnelSocket( 2476): readRilMessage: Buffer = [B@65548b40 HexData = [0100000004040000110000005155414c434f4d4def0308000100000002]
03-10 14:47:46.343 V/QcrilMsgTunnelSocket( 2476): Read packet: 29 bytes. Data Available = 32 Position = 0
03-10 14:47:46.343 D/QcrilMsgTunnelSocket( 2476): processResponse. message type = 1. Data Available = 28
03-10 14:47:46.343 D/QcrilMsgTunnelSocket( 2476): ByteArray from parcel = 5155414c434f4d4def0308000100000002
03-10 14:47:46.343 D/QcrilMsgTunnelSocket( 2476): Received RIL_UNSOL_OEM_HOOK_RAW message
03-10 14:47:46.343 D/QcrilMsgTunnelSocket( 2476): Oem ID in RIL_UNSOL_OEM_HOOK_RAW is QUALCOMM
03-10 14:47:46.343 D/QcrilMsgTunnelSocket( 2476): OEM ID check Passed
03-10 14:47:46.343 D/QcrilMsgTunnelSocket( 2476): Response ID in RIL_UNSOL_OEM_HOOK_RAW is 525295
03-10 14:47:46.343 D/QcrilMsgTunnelSocket( 2476): Response ID 525295is not served in this process.
03-10 14:47:46.343 D/QcrilMsgTunnelSocket( 2476): To broadcast an Intent via the notifier to external apps
03-10 14:47:46.343 D/QcrilMsgTunnelIfaceManager( 2476): handleMessage what=0
03-10 14:47:46.343 D/QcrilMsgTunnelIfaceManager( 2476): Broadcasting intent ACTION_UNSOL_RESPONSE_OEM_HOOK_RAW
03-10 14:47:46.402 V/QcrilMsgTunnelSocket( 2476): Before reading offset = 0 remaining = 4 countRead = 0
03-10 14:47:46.412 D/AlarmManagerService(  805): Kernel timezone updated to -120 minutes west of GMT
03-10 14:47:46.422 D/MobileDataStateTracker(  805): default: Broadcast received: android.intent.action.ANY_DATA_STATE apnType=default
03-10 14:47:46.422 D/MobileDataStateTracker(  805): default: Received state=CONNECTED, old=CONNECTED, reason=(unspecified)
03-10 14:47:46.452 V/QcrilMsgTunnelSocket( 2476): After reading offset = 0 remaining = 4 countRead = 4
03-10 14:47:46.452 D/QcrilMsgTunnelSocket( 2476): messageLength extracted from first 4 inputStream reads = 29
03-10 14:47:46.452 V/QcrilMsgTunnelSocket( 2476): offset = 0 remaining = 29 countRead = 0
03-10 14:47:46.452 V/QcrilMsgTunnelSocket( 2476): offset = 0 remaining = 29 countRead = 29
03-10 14:47:46.452 D/QcrilMsgTunnelSocket( 2476): readRilMessage: Buffer = [B@65548b40 HexData = [0100000004040000110000005155414c434f4d4def0308000100000002]
03-10 14:47:46.452 V/QcrilMsgTunnelSocket( 2476): Read packet: 29 bytes. Data Available = 32 Position = 0
03-10 14:47:46.452 D/QcrilMsgTunnelSocket( 2476): processResponse. message type = 1. Data Available = 28
03-10 14:47:46.452 D/QcrilMsgTunnelSocket( 2476): ByteArray from parcel = 5155414c434f4d4def0308000100000002
03-10 14:47:46.452 D/QcrilMsgTunnelSocket( 2476): Received RIL_UNSOL_OEM_HOOK_RAW message
03-10 14:47:46.452 D/QcrilMsgTunnelSocket( 2476): Oem ID in RIL_UNSOL_OEM_HOOK_RAW is QUALCOMM
03-10 14:47:46.452 D/QcrilMsgTunnelSocket( 2476): OEM ID check Passed
03-10 14:47:46.452 D/QcrilMsgTunnelSocket( 2476): Response ID in RIL_UNSOL_OEM_HOOK_RAW is 525295
03-10 14:47:46.452 D/QcrilMsgTunnelSocket( 2476): Response ID 525295is not served in this process.
03-10 14:47:46.452 D/QcrilMsgTunnelSocket( 2476): To broadcast an Intent via the notifier to external apps
03-10 14:47:46.472 D/QcrilMsgTunnelIfaceManager( 2476): handleMessage what=0
03-10 14:47:46.472 D/QcrilMsgTunnelIfaceManager( 2476): Broadcasting intent ACTION_UNSOL_RESPONSE_OEM_HOOK_RAW
03-10 14:47:46.482 V/QcrilMsgTunnelSocket( 2476): Before reading offset = 0 remaining = 4 countRead = 0
03-10 14:47:47.092 V/QcrilMsgTunnelSocket( 2476): After reading offset = 0 remaining = 4 countRead = 4
03-10 14:47:47.092 D/QcrilMsgTunnelSocket( 2476): messageLength extracted from first 4 inputStream reads = 29
03-10 14:47:47.092 V/QcrilMsgTunnelSocket( 2476): offset = 0 remaining = 29 countRead = 0
03-10 14:47:47.122 V/QcrilMsgTunnelSocket( 2476): offset = 0 remaining = 29 countRead = 29
03-10 14:47:47.122 D/QcrilMsgTunnelSocket( 2476): readRilMessage: Buffer = [B@65548b40 HexData = [0100000004040000110000005155414c434f4d4def0308000100000002]
03-10 14:47:47.122 V/QcrilMsgTunnelSocket( 2476): Read packet: 29 bytes. Data Available = 32 Position = 0
03-10 14:47:47.122 D/QcrilMsgTunnelSocket( 2476): processResponse. message type = 1. Data Available = 28
03-10 14:47:47.122 D/QcrilMsgTunnelSocket( 2476): ByteArray from parcel = 5155414c434f4d4def0308000100000002
03-10 14:47:47.122 D/QcrilMsgTunnelSocket( 2476): Received RIL_UNSOL_OEM_HOOK_RAW message
03-10 14:47:47.122 D/QcrilMsgTunnelSocket( 2476): Oem ID in RIL_UNSOL_OEM_HOOK_RAW is QUALCOMM
03-10 14:47:47.122 D/QcrilMsgTunnelSocket( 2476): OEM ID check Passed
03-10 14:47:47.122 D/QcrilMsgTunnelSocket( 2476): Response ID in RIL_UNSOL_OEM_HOOK_RAW is 525295
03-10 14:47:47.122 D/QcrilMsgTunnelSocket( 2476): Response ID 525295is not served in this process.
03-10 14:47:47.122 D/QcrilMsgTunnelSocket( 2476): To broadcast an Intent via the notifier to external apps
03-10 14:47:47.132 D/QcrilMsgTunnelIfaceManager( 2476): handleMessage what=0
03-10 14:47:47.132 D/QcrilMsgTunnelIfaceManager( 2476): Broadcasting intent ACTION_UNSOL_RESPONSE_OEM_HOOK_RAW
03-10 14:47:47.142 V/QcrilMsgTunnelSocket( 2476): Before reading offset = 0 remaining = 4 countRead = 0
03-10 14:47:51.162 E/ThermalEngine(  207): enable_threshold: tsens_tz_sensor5 (/sys/devices/virtual/thermal/thermal_zone5/trip_point_0_type)
03-10 14:47:51.162 E/ThermalEngine(  207): enable_threshold: tsens_tz_sensor5 (/sys/devices/virtual/thermal/thermal_zone5/trip_point_1_type)
03-10 14:47:51.162 E/ThermalEngine(  207): enable_threshold: tsens_tz_sensor5 (/sys/devices/virtual/thermal/thermal_zone5/trip_point_0_type)
03-10 14:47:51.162 E/ThermalEngine(  207): enable_threshold: tsens_tz_sensor5 (/sys/devices/virtual/thermal/thermal_zone5/trip_point_1_type)
03-10 14:47:52.012 D/AndroidRuntime( 5098): 
03-10 14:47:52.012 D/AndroidRuntime( 5098): >>>>>> AndroidRuntime START com.android.internal.os.RuntimeInit <<<<<<
03-10 14:47:52.022 D/AndroidRuntime( 5098): CheckJNI is OFF
03-10 14:47:52.022 E/art     ( 5098): Unrecognized option -XX:mainThreadStackSize=24K
03-10 14:47:52.022 W/art     ( 5098): Ignoring unknown -Xgc option: precise
03-10 14:47:52.062 W/art     ( 5098): Failed to find ELF magic in /system/framework/am.odex: dey
03-10 14:47:52.132 W/art     ( 5098): JNI RegisterNativeMethods: attempt to register 0 native methods for android.content.res.Configuration
03-10 14:47:52.142 D/AndroidRuntime( 5098): Calling main entry com.android.commands.am.Am
03-10 14:47:52.142 I/ActivityManager(  805): Force stopping com.android.helloworldjava appid=10141 user=0: from pid 5098
03-10 14:47:52.142 I/ActivityManager(  805): Killing 4972:com.android.helloworldjava/u0a141 (adj 0): stop com.android.helloworldjava
03-10 14:47:52.142 W/ActivityManager(  805): Force removing ActivityRecord{65d18678 u0 com.android.helloworldjava/.HelloWorld t5}: app died, no saved state
03-10 14:47:52.152 W/WindowManager(  805): Rebuild removed 2 windows but added 1
03-10 14:47:52.152 W/WindowManager(  805): java.lang.RuntimeException: here
03-10 14:47:52.152 W/WindowManager(  805): 	at com.android.server.wm.WindowManagerService.rebuildAppWindowListLocked(WindowManagerService.java:8011)
03-10 14:47:52.152 W/WindowManager(  805): 	at com.android.server.wm.WindowManagerService.rebuildAppWindowListLocked(WindowManagerService.java:7947)
03-10 14:47:52.152 W/WindowManager(  805): 	at com.android.server.wm.WindowManagerService.handleAppTransitionReadyLocked(WindowManagerService.java:8430)
03-10 14:47:52.152 W/WindowManager(  805): 	at com.android.server.wm.WindowManagerService.performLayoutAndPlaceSurfacesLockedInner(WindowManagerService.java:9193)
03-10 14:47:52.152 W/WindowManager(  805): 	at com.android.server.wm.WindowManagerService.performLayoutAndPlaceSurfacesLockedLoop(WindowManagerService.java:8163)
03-10 14:47:52.152 W/WindowManager(  805): 	at com.android.server.wm.WindowManagerService.performLayoutAndPlaceSurfacesLocked(WindowManagerService.java:8105)
03-10 14:47:52.152 W/WindowManager(  805): 	at com.android.server.wm.WindowManagerService.executeAppTransition(WindowManagerService.java:3918)
03-10 14:47:52.152 W/WindowManager(  805): 	at com.android.server.am.ActivityStackSupervisor.reportResumedActivityLocked(ActivityStackSupervisor.java:2241)
03-10 14:47:52.152 W/WindowManager(  805): 	at com.android.server.am.ActivityStack.completeResumeLocked(ActivityStack.java:968)
03-10 14:47:52.152 W/WindowManager(  805): 	at com.android.server.am.ActivityStack.resumeTopActivityLocked(ActivityStack.java:1631)
03-10 14:47:52.152 W/WindowManager(  805): 	at com.android.server.am.ActivityStackSupervisor.resumeTopActivitiesLocked(ActivityStackSupervisor.java:2022)
03-10 14:47:52.152 W/WindowManager(  805): 	at com.android.server.am.ActivityStackSupervisor.resumeTopActivitiesLocked(ActivityStackSupervisor.java:2009)
03-10 14:47:52.152 W/WindowManager(  805): 	at com.android.server.am.ActivityManagerService.forceStopPackageLocked(ActivityManagerService.java:4750)
03-10 14:47:52.152 W/WindowManager(  805): 	at com.android.server.am.ActivityManagerService.forceStopPackageLocked(ActivityManagerService.java:4496)
03-10 14:47:52.152 W/WindowManager(  805): 	at com.android.server.am.ActivityManagerService.forceStopPackage(ActivityManagerService.java:4327)
03-10 14:47:52.152 W/WindowManager(  805): 	at android.app.ActivityManagerNative.onTransact(ActivityManagerNative.java:1365)
03-10 14:47:52.152 W/WindowManager(  805): 	at com.android.server.am.ActivityManagerService.onTransact(ActivityManagerService.java:2071)
03-10 14:47:52.152 W/WindowManager(  805): 	at android.os.Binder.execTransact(Binder.java:404)
03-10 14:47:52.172 W/WindowManager(  805): This window was lost: Window{65cddaa8 u0 com.android.helloworldjava/com.android.helloworldjava.HelloWorld}
03-10 14:47:52.172 W/WindowManager(  805): mDisplayId=0 mSession=Session{65cc63c0 4972:u0a10141} mClient=android.os.BinderProxy@65c7a5f0
03-10 14:47:52.172 W/WindowManager(  805): mOwnerUid=10141 mShowToOwnerOnly=true package=com.android.helloworldjava appop=NONE
03-10 14:47:52.172 W/WindowManager(  805): mAttrs=WM.LayoutParams{(0,0)(fillxfill) sim=#120 ty=1 fl=#40010100 compatible=true pfl=0x88 wanim=0x1030001}
03-10 14:47:52.172 W/WindowManager(  805): Requested w=1080 h=1776 mLayoutSeq=126
03-10 14:47:52.172 W/WindowManager(  805): mBaseLayer=21000 mSubLayer=0 mAnimLayer=21005+0=21005 mLastLayer=0
03-10 14:47:52.172 W/WindowManager(  805): mToken=AppWindowToken{664c5360 token=Token{65cf70c0 ActivityRecord{65d18678 u0 com.android.helloworldjava/.HelloWorld t5}}}
03-10 14:47:52.172 W/WindowManager(  805): mRootToken=AppWindowToken{664c5360 token=Token{65cf70c0 ActivityRecord{65d18678 u0 com.android.helloworldjava/.HelloWorld t5}}}
03-10 14:47:52.172 W/WindowManager(  805): mAppToken=AppWindowToken{664c5360 token=Token{65cf70c0 ActivityRecord{65d18678 u0 com.android.helloworldjava/.HelloWorld t5}}}
03-10 14:47:52.172 W/WindowManager(  805): mViewVisibility=0x0 mHaveFrame=true mObscured=true
03-10 14:47:52.172 W/WindowManager(  805): mSeq=0 mSystemUiVisibility=0x0
03-10 14:47:52.172 W/WindowManager(  805): mPolicyVisibility=false mPolicyVisibilityAfterAnim=false mAppOpVisibility=true mAttachedHidden=false
03-10 14:47:52.172 W/WindowManager(  805): mGivenContentInsets=[0,0][0,0] mGivenVisibleInsets=[0,0][0,0]
03-10 14:47:52.172 W/WindowManager(  805): mConfiguration={1.0 244mcc21mnc en_IN ldltr sw360dp w360dp h567dp 480dpi nrml port finger -keyb/v/h -nav/h s.5}
03-10 14:47:52.172 W/WindowManager(  805): mHasSurface=true mShownFrame=[0.0,0.0][1080.0,1776.0] isReadyForDisplay()=false
03-10 14:47:52.172 W/WindowManager(  805): mFrame=[0,0][1080,1776] last=[0,0][1080,1776]
03-10 14:47:52.172 W/WindowManager(  805): mSystemDecorRect=[0,0][960,1579] last=[0,0][960,1579]
03-10 14:47:52.172 W/WindowManager(  805): mCompatFrame=[0,0][960,1579]
03-10 14:47:52.172 W/WindowManager(  805): Frames: containing=[0,0][1080,1776] parent=[0,0][1080,1776]
03-10 14:47:52.172 W/WindowManager(  805):     display=[0,0][1080,1776] overscan=[0,0][1080,1920]
03-10 14:47:52.172 W/WindowManager(  805):     content=[0,75][1080,1776] visible=[0,75][1080,1776]
03-10 14:47:52.172 W/WindowManager(  805):     decor=[0,0][1080,1920]
03-10 14:47:52.172 W/WindowManager(  805): Cur insets: overscan=[0,0][0,0] content=[0,67][0,0] visible=[0,67][0,0]
03-10 14:47:52.172 W/WindowManager(  805): Lst insets: overscan=[0,0][0,0] content=[0,67][0,0] visible=[0,67][0,0]
03-10 14:47:52.172 W/WindowManager(  805): WindowStateAnimator{6628cc08 com.android.helloworldjava/com.android.helloworldjava.HelloWorld}:
03-10 14:47:52.172 W/WindowManager(  805):   mSurface=Surface(name=com.android.helloworldjava/com.android.helloworldjava.HelloWorld)
03-10 14:47:52.172 W/WindowManager(  805):   mDrawState=HAS_DRAWN mLastHidden=true
03-10 14:47:52.172 W/WindowManager(  805):   Surface: shown=false layer=21005 alpha=0.0 rect=(0.0,0.0) 960.0 x 1579.0
03-10 14:47:52.172 W/WindowManager(  805):   mShownAlpha=1.0 mAlpha=1.0 mLastAlpha=-1.0
03-10 14:47:52.172 W/WindowManager(  805):   mGlobalScale=1.1247625 mDsDx=1.1247625 mDtDx=0.0 mDsDy=0.0 mDtDy=1.1247625
03-10 14:47:52.172 W/WindowManager(  805): Current app token list:
03-10 14:47:52.172 V/WindowManager(  805):   Display 0
03-10 14:47:52.172 V/WindowManager(  805):   #0: Token{65e4aa40 ActivityRecord{65d2a730 u0 com.google.android.googlequicksearchbox/com.google.android.launcher.GEL t1}}
03-10 14:47:52.172 W/WindowManager(  805): Final window list:
03-10 14:47:52.172 V/WindowManager(  805):   #0: Window{65b259f0 u0 SearchPanel}
03-10 14:47:52.172 V/WindowManager(  805):   #1: Window{65aeca88 u0 NavigationBar}
03-10 14:47:52.172 V/WindowManager(  805):   #2: Window{658b8190 u0 StatusBar}
03-10 14:47:52.172 V/WindowManager(  805):   #3: Window{65f5a1c8 u0 Keyguard}
03-10 14:47:52.172 V/WindowManager(  805):   #4: Window{65ee7610 u0 KeyguardScrim}
03-10 14:47:52.172 V/WindowManager(  805):   #5: Window{65f49650 u0 com.android.systemui.ImageWallpaper}
03-10 14:47:52.172 V/WindowManager(  805):   #6: Window{65f35618 u0 Application Error: com.google.process.location}
03-10 14:47:52.172 V/WindowManager(  805):   #7: Window{65f30048 u0 com.google.android.googlequicksearchbox/com.google.android.launcher.GEL}
03-10 14:47:52.182 W/InputDispatcher(  805): channel '65cddaa8 com.android.helloworldjava/com.android.helloworldjava.HelloWorld (server)' ~ Consumer closed input channel or an error occurred.  events=0x9
03-10 14:47:52.182 E/InputDispatcher(  805): channel '65cddaa8 com.android.helloworldjava/com.android.helloworldjava.HelloWorld (server)' ~ Channel is unrecoverably broken and will be disposed!
03-10 14:47:52.182 W/InputDispatcher(  805): Attempted to unregister already unregistered input channel '65cddaa8 com.android.helloworldjava/com.android.helloworldjava.HelloWorld (server)'
03-10 14:47:52.182 I/WindowState(  805): WIN DEATH: Window{65cddaa8 u0 com.android.helloworldjava/com.android.helloworldjava.HelloWorld}
03-10 14:47:52.202 D/AndroidRuntime( 5098): Shutting down VM
03-10 14:47:53.782 D/AndroidRuntime( 5130): 
03-10 14:47:53.782 D/AndroidRuntime( 5130): >>>>>> AndroidRuntime START com.android.internal.os.RuntimeInit <<<<<<
03-10 14:47:53.782 D/AndroidRuntime( 5130): CheckJNI is OFF
03-10 14:47:53.782 E/art     ( 5130): Unrecognized option -XX:mainThreadStackSize=24K
03-10 14:47:53.782 W/art     ( 5130): Ignoring unknown -Xgc option: precise
03-10 14:47:53.832 W/art     ( 5130): Failed to find ELF magic in /system/framework/am.odex: dey
03-10 14:47:53.902 W/art     ( 5130): JNI RegisterNativeMethods: attempt to register 0 native methods for android.content.res.Configuration
03-10 14:47:53.922 D/AndroidRuntime( 5130): Calling main entry com.android.commands.am.Am
03-10 14:47:53.922 I/ActivityManager(  805): START u0 {flg=0x10000000 cmp=com.android.helloworldjava/.HelloWorld} from pid 5130
03-10 14:47:54.232 D/AndroidRuntime( 5130): Shutting down VM
03-10 14:47:54.232 I/WindowManager(  805): Screenshot max retries 4 of Token{65e4aa40 ActivityRecord{65d2a730 u0 com.google.android.googlequicksearchbox/com.google.android.launcher.GEL t1}} appWin=Window{65f30048 u0 com.google.android.googlequicksearchbox/com.google.android.launcher.GEL} drawState=4
03-10 14:47:54.232 W/WindowManager(  805): Screenshot failure taking screenshot for (1080x1920) to layer 21000
03-10 14:47:54.252 W/art     (  195): Could not get current activity
03-10 14:47:54.262 I/ActivityManager(  805): Start proc com.android.helloworldjava for activity com.android.helloworldjava/.HelloWorld: pid=5161 uid=10141 gids={50141, 1028, 1015}
03-10 14:47:54.402 I/ActivityManager(  805): Displayed com.android.helloworldjava/.HelloWorld: +173ms
03-10 14:47:54.792 W/BroadcastQueue(  805): Skipping deliver [background] BroadcastRecord{65d7e480 u-1 android.net.wifi.SCAN_RESULTS} to ReceiverList{65eaafb0 1233 com.google.process.location/10007/u0 remote:6603b208}: process crashing
03-10 14:47:55.672 V/QcrilMsgTunnelSocket( 2476): After reading offset = 0 remaining = 4 countRead = 4
03-10 14:47:55.672 D/QcrilMsgTunnelSocket( 2476): messageLength extracted from first 4 inputStream reads = 29
03-10 14:47:55.672 V/QcrilMsgTunnelSocket( 2476): offset = 0 remaining = 29 countRead = 0
03-10 14:47:55.672 V/QcrilMsgTunnelSocket( 2476): offset = 0 remaining = 29 countRead = 29
03-10 14:47:55.672 D/QcrilMsgTunnelSocket( 2476): readRilMessage: Buffer = [B@65548b40 HexData = [0100000004040000110000005155414c434f4d4def0308000100000001]
03-10 14:47:55.672 V/QcrilMsgTunnelSocket( 2476): Read packet: 29 bytes. Data Available = 32 Position = 0
03-10 14:47:55.672 D/QcrilMsgTunnelSocket( 2476): processResponse. message type = 1. Data Available = 28
03-10 14:47:55.672 D/QcrilMsgTunnelSocket( 2476): ByteArray from parcel = 5155414c434f4d4def0308000100000001
03-10 14:47:55.672 D/QcrilMsgTunnelSocket( 2476): Received RIL_UNSOL_OEM_HOOK_RAW message
03-10 14:47:55.672 D/QcrilMsgTunnelSocket( 2476): Oem ID in RIL_UNSOL_OEM_HOOK_RAW is QUALCOMM
03-10 14:47:55.672 D/QcrilMsgTunnelSocket( 2476): OEM ID check Passed
03-10 14:47:55.672 D/QcrilMsgTunnelSocket( 2476): Response ID in RIL_UNSOL_OEM_HOOK_RAW is 525295
03-10 14:47:55.682 D/QcrilMsgTunnelSocket( 2476): Response ID 525295is not served in this process.
03-10 14:47:55.682 D/QcrilMsgTunnelSocket( 2476): To broadcast an Intent via the notifier to external apps
03-10 14:47:55.682 V/QcrilMsgTunnelSocket( 2476): Before reading offset = 0 remaining = 4 countRead = 0
03-10 14:47:55.682 D/QcrilMsgTunnelIfaceManager( 2476): handleMessage what=0
03-10 14:47:55.682 D/AlarmManagerService(  805): Kernel timezone updated to -120 minutes west of GMT
03-10 14:47:55.692 D/MobileDataStateTracker(  805): default: Broadcast received: android.intent.action.ANY_DATA_STATE apnType=default
03-10 14:47:55.702 D/MobileDataStateTracker(  805): default: Received state=CONNECTED, old=CONNECTED, reason=(unspecified)
03-10 14:47:55.712 D/QcrilMsgTunnelIfaceManager( 2476): Broadcasting intent ACTION_UNSOL_RESPONSE_OEM_HOOK_RAW
03-10 14:47:55.762 I/GCM     ( 1292): GCM message com.google.android.talk 0:1394455674590116%5a539273f9fd7ecd
03-10 14:47:55.792 I/GCM     ( 1292): GCM message com.google.android.talk 0:1394455675262148%5a539273f9fd7ecd
03-10 14:47:56.272 D/ConnectivityService(  805): handleInetConditionHoldEnd: net=0, condition=100, published condition=100
03-10 14:47:56.562 V/QcrilMsgTunnelSocket( 2476): After reading offset = 0 remaining = 4 countRead = 4
03-10 14:47:56.562 D/QcrilMsgTunnelSocket( 2476): messageLength extracted from first 4 inputStream reads = 29
03-10 14:47:56.562 V/QcrilMsgTunnelSocket( 2476): offset = 0 remaining = 29 countRead = 0
03-10 14:47:56.562 V/QcrilMsgTunnelSocket( 2476): offset = 0 remaining = 29 countRead = 29
03-10 14:47:56.562 D/QcrilMsgTunnelSocket( 2476): readRilMessage: Buffer = [B@65548b40 HexData = [0100000004040000110000005155414c434f4d4def0308000100000001]
03-10 14:47:56.562 V/QcrilMsgTunnelSocket( 2476): Read packet: 29 bytes. Data Available = 32 Position = 0
03-10 14:47:56.562 D/QcrilMsgTunnelSocket( 2476): processResponse. message type = 1. Data Available = 28
03-10 14:47:56.562 D/QcrilMsgTunnelSocket( 2476): ByteArray from parcel = 5155414c434f4d4def0308000100000001
03-10 14:47:56.562 D/QcrilMsgTunnelSocket( 2476): Received RIL_UNSOL_OEM_HOOK_RAW message
03-10 14:47:56.562 D/QcrilMsgTunnelSocket( 2476): Oem ID in RIL_UNSOL_OEM_HOOK_RAW is QUALCOMM
03-10 14:47:56.562 D/QcrilMsgTunnelSocket( 2476): OEM ID check Passed
03-10 14:47:56.562 D/QcrilMsgTunnelSocket( 2476): Response ID in RIL_UNSOL_OEM_HOOK_RAW is 525295
03-10 14:47:56.562 D/QcrilMsgTunnelSocket( 2476): Response ID 525295is not served in this process.
03-10 14:47:56.562 D/QcrilMsgTunnelSocket( 2476): To broadcast an Intent via the notifier to external apps
03-10 14:47:56.562 V/QcrilMsgTunnelSocket( 2476): Before reading offset = 0 remaining = 4 countRead = 0
03-10 14:47:56.562 D/QcrilMsgTunnelIfaceManager( 2476): handleMessage what=0
03-10 14:47:56.562 D/QcrilMsgTunnelIfaceManager( 2476): Broadcasting intent ACTION_UNSOL_RESPONSE_OEM_HOOK_RAW
03-10 14:48:00.172 V/QcrilMsgTunnelSocket( 2476): After reading offset = 0 remaining = 4 countRead = 4
03-10 14:48:00.172 D/QcrilMsgTunnelSocket( 2476): messageLength extracted from first 4 inputStream reads = 29
03-10 14:48:00.172 V/QcrilMsgTunnelSocket( 2476): offset = 0 remaining = 29 countRead = 0
03-10 14:48:00.192 V/QcrilMsgTunnelSocket( 2476): offset = 0 remaining = 29 countRead = 29
03-10 14:48:00.192 D/QcrilMsgTunnelSocket( 2476): readRilMessage: Buffer = [B@65548b40 HexData = [0100000004040000110000005155414c434f4d4def0308000100000002]
03-10 14:48:00.192 V/QcrilMsgTunnelSocket( 2476): Read packet: 29 bytes. Data Available = 32 Position = 0
03-10 14:48:00.192 D/QcrilMsgTunnelSocket( 2476): processResponse. message type = 1. Data Available = 28
03-10 14:48:00.192 D/QcrilMsgTunnelSocket( 2476): ByteArray from parcel = 5155414c434f4d4def0308000100000002
03-10 14:48:00.192 D/QcrilMsgTunnelSocket( 2476): Received RIL_UNSOL_OEM_HOOK_RAW message
03-10 14:48:00.192 D/QcrilMsgTunnelSocket( 2476): Oem ID in RIL_UNSOL_OEM_HOOK_RAW is QUALCOMM
03-10 14:48:00.192 D/QcrilMsgTunnelSocket( 2476): OEM ID check Passed
03-10 14:48:00.192 D/QcrilMsgTunnelSocket( 2476): Response ID in RIL_UNSOL_OEM_HOOK_RAW is 525295
03-10 14:48:00.192 D/QcrilMsgTunnelSocket( 2476): Response ID 525295is not served in this process.
03-10 14:48:00.192 D/QcrilMsgTunnelSocket( 2476): To broadcast an Intent via the notifier to external apps
03-10 14:48:00.192 V/QcrilMsgTunnelSocket( 2476): Before reading offset = 0 remaining = 4 countRead = 0
03-10 14:48:00.192 D/QcrilMsgTunnelIfaceManager( 2476): handleMessage what=0
03-10 14:48:00.192 D/QcrilMsgTunnelIfaceManager( 2476): Broadcasting intent ACTION_UNSOL_RESPONSE_OEM_HOOK_RAW
03-10 14:48:00.212 D/AlarmManagerService(  805): Kernel timezone updated to -120 minutes west of GMT
03-10 14:48:00.222 D/MobileDataStateTracker(  805): default: Broadcast received: android.intent.action.ANY_DATA_STATE apnType=default
03-10 14:48:00.222 D/MobileDataStateTracker(  805): default: Received state=CONNECTED, old=CONNECTED, reason=(unspecified)
03-10 14:48:00.332 V/QcrilMsgTunnelSocket( 2476): After reading offset = 0 remaining = 4 countRead = 4
03-10 14:48:00.332 D/QcrilMsgTunnelSocket( 2476): messageLength extracted from first 4 inputStream reads = 29
03-10 14:48:00.332 V/QcrilMsgTunnelSocket( 2476): offset = 0 remaining = 29 countRead = 0
03-10 14:48:00.342 V/QcrilMsgTunnelSocket( 2476): offset = 0 remaining = 29 countRead = 29
03-10 14:48:00.342 D/QcrilMsgTunnelSocket( 2476): readRilMessage: Buffer = [B@65548b40 HexData = [0100000004040000110000005155414c434f4d4def0308000100000002]
03-10 14:48:00.342 V/QcrilMsgTunnelSocket( 2476): Read packet: 29 bytes. Data Available = 32 Position = 0
03-10 14:48:00.342 D/QcrilMsgTunnelSocket( 2476): processResponse. message type = 1. Data Available = 28
03-10 14:48:00.342 D/QcrilMsgTunnelSocket( 2476): ByteArray from parcel = 5155414c434f4d4def0308000100000002
03-10 14:48:00.342 D/QcrilMsgTunnelSocket( 2476): Received RIL_UNSOL_OEM_HOOK_RAW message
03-10 14:48:00.342 D/QcrilMsgTunnelSocket( 2476): Oem ID in RIL_UNSOL_OEM_HOOK_RAW is QUALCOMM
03-10 14:48:00.342 D/QcrilMsgTunnelSocket( 2476): OEM ID check Passed
03-10 14:48:00.342 D/QcrilMsgTunnelSocket( 2476): Response ID in RIL_UNSOL_OEM_HOOK_RAW is 525295
03-10 14:48:00.342 D/QcrilMsgTunnelSocket( 2476): Response ID 525295is not served in this process.
03-10 14:48:00.342 D/QcrilMsgTunnelSocket( 2476): To broadcast an Intent via the notifier to external apps
03-10 14:48:00.342 V/QcrilMsgTunnelSocket( 2476): Before reading offset = 0 remaining = 4 countRead = 0
03-10 14:48:00.342 D/QcrilMsgTunnelIfaceManager( 2476): handleMessage what=0
03-10 14:48:00.342 D/QcrilMsgTunnelIfaceManager( 2476): Broadcasting intent ACTION_UNSOL_RESPONSE_OEM_HOOK_RAW
03-10 14:48:01.742 V/QcrilMsgTunnelSocket( 2476): After reading offset = 0 remaining = 4 countRead = 4
