03-10 14:46:15.042 I/RecoverySystem(  805): No recovery log file
03-10 14:46:15.062 I/BootReceiver(  805): Copying /proc/last_kmsg to DropBox (SYSTEM_LAST_KMSG)
03-10 14:46:15.112 I/ActivityManager(  805): Start proc com.google.android.configupdater for broadcast com.google.android.configupdater/.CertPin.CertPinUpdateRequestReceiver: pid=2101 uid=10002 gids={50002, 3003, 2001}
03-10 14:46:15.122 I/BootReceiver(  805): Copying audit failures to DropBox
03-10 14:46:15.132 I/BootReceiver(  805): Copied 1877 worth of audits to DropBox
03-10 14:46:15.132 I/BootReceiver(  805): Checking for fsck errors
03-10 14:46:15.132 I/BootReceiver(  805): Copying /data/tombstones/tombstone_01 to DropBox (SYSTEM_TOMBSTONE)
03-10 14:46:15.172 W/art     ( 2101): Failed to find ELF magic in /system/priv-app/ConfigUpdater.odex: dey
03-10 14:46:15.172 I/BootReceiver(  805): Copying /data/tombstones/tombstone_02 to DropBox (SYSTEM_TOMBSTONE)
03-10 14:46:15.252 E/UpdateRequestReceiver( 2101): ignoring update request
03-10 14:46:15.262 E/UpdateRequestReceiver( 2101): ignoring update request
03-10 14:46:15.282 E/UpdateRequestReceiver( 2101): ignoring update request
03-10 14:46:15.292 E/UpdateRequestReceiver( 2101): ignoring update request
03-10 14:46:15.292 E/UpdateRequestReceiver( 2101): ignoring update request
03-10 14:46:15.302 E/UpdateRequestReceiver( 2101): ignoring update request
03-10 14:46:15.342 I/ActivityManager(  805): Start proc com.google.android.onetimeinitializer for broadcast com.google.android.onetimeinitializer/.OneTimeInitializerReceiver: pid=2152 uid=10010 gids={50010}
03-10 14:46:15.372 W/art     ( 2152): Failed to find ELF magic in /system/priv-app/GoogleOneTimeInitializer.odex: dey
03-10 14:46:15.372 W/BroadcastQueue(  805): Permission Denial: broadcasting Intent { act=android.net.conn.CONNECTIVITY_CHANGE flg=0x4000010 (has extras) } from null (pid=-1, uid=-1) requires com.facebook.permission.prod.FB_APP_COMMUNICATION due to registered receiver BroadcastFilter{65aaaee0 u0 ReceiverList{66406990 1916 com.facebook.orca/10091/u0 remote:66049d08}}
03-10 14:46:15.382 V/OneTimeInitializerReceiver( 2152): OneTimeInitializerReceiver.onReceive
03-10 14:46:15.382 W/BroadcastQueue(  805): Permission Denial: broadcasting Intent { act=android.net.conn.CONNECTIVITY_CHANGE flg=0x4000010 (has extras) } from null (pid=-1, uid=-1) requires com.facebook.permission.prod.FB_APP_COMMUNICATION due to registered receiver BroadcastFilter{66019bc0 u0 ReceiverList{65d432e8 1916 com.facebook.orca/10091/u0 remote:65eb1050}}
03-10 14:46:15.392 V/OneTimeService( 2152): OneTimeService.onHandleIntent
03-10 14:46:15.412 I/ActivityManager(  805): Start proc com.google.android.partnersetup for broadcast com.google.android.partnersetup/.GooglePartnerSetup: pid=2176 uid=10011 gids={50011, 3003}
03-10 14:46:15.442 W/art     ( 2176): Failed to find ELF magic in /system/priv-app/GooglePartnerSetup.odex: dey
03-10 14:46:15.482 I/ActivityManager(  805): Delay finish: com.google.android.partnersetup/.GooglePartnerSetup
03-10 14:46:15.572 W/msgr(:<default>):MqttPushService( 1916): Attempt to start service that is already started
03-10 14:46:15.582 I/art     ( 1233): Heap trim of managed (duration=4.829895ms, advised=324KB) and native (duration=1.377344ms, advised=44KB) heaps. Managed heap utilization of 64%.
03-10 14:46:15.672 I/ActivityManager(  805): Resuming delayed broadcast
03-10 14:46:15.672 I/ActivityManager(  805): Delay finish: com.google.android.partnersetup/.RlzPingBroadcastReceiver
03-10 14:46:15.722 I/RlzPingService( 2176): Setting next ping for 1395060375736
03-10 14:46:15.732 I/ActivityManager(  805): Resuming delayed broadcast
03-10 14:46:15.742 I/ActivityManager(  805): Delay finish: com.google.android.gsf/.checkin.CheckinService$Receiver
03-10 14:46:15.762 I/ActivityManager(  805): Resuming delayed broadcast
03-10 14:46:15.792 I/ActivityManager(  805): Delay finish: com.google.android.gsf/.update.SystemUpdateService$Receiver
03-10 14:46:15.802 I/SystemUpdateService( 1292): cancelUpdate (empty URL)
03-10 14:46:15.822 D/AlarmManagerService(  805): Kernel timezone updated to -120 minutes west of GMT
03-10 14:46:15.822 I/SystemUpdateService( 1292): cancelUpdate (empty URL)
03-10 14:46:15.832 D/MobileDataStateTracker(  805): fota: Broadcast received: android.intent.action.ANY_DATA_STATE apnType=fota
03-10 14:46:15.832 D/MobileDataStateTracker(  805): fota: Received state=DISCONNECTED, old=DISCONNECTED, reason=dataAttached
03-10 14:46:15.832 D/MobileDataStateTracker(  805): dun: Broadcast received: android.intent.action.ANY_DATA_STATE apnType=dun
03-10 14:46:15.832 D/MobileDataStateTracker(  805): dun: Received state=DISCONNECTED, old=DISCONNECTED, reason=dataAttached
03-10 14:46:15.832 D/MobileDataStateTracker(  805): ia: Broadcast received: android.intent.action.ANY_DATA_STATE apnType=ia
03-10 14:46:15.842 D/MobileDataStateTracker(  805): ia: Received state=DISCONNECTED, old=DISCONNECTED, reason=dataAttached
03-10 14:46:15.842 D/MobileDataStateTracker(  805): supl: Broadcast received: android.intent.action.ANY_DATA_STATE apnType=supl
03-10 14:46:15.842 D/MobileDataStateTracker(  805): supl: Received state=DISCONNECTED, old=DISCONNECTED, reason=dataAttached
03-10 14:46:15.842 D/MobileDataStateTracker(  805): hipri: Broadcast received: android.intent.action.ANY_DATA_STATE apnType=hipri
03-10 14:46:15.842 D/MobileDataStateTracker(  805): hipri: Received state=DISCONNECTED, old=DISCONNECTED, reason=dataAttached
03-10 14:46:15.842 D/MobileDataStateTracker(  805): ims: Broadcast received: android.intent.action.ANY_DATA_STATE apnType=ims
03-10 14:46:15.842 D/MobileDataStateTracker(  805): ims: Received state=DISCONNECTED, old=DISCONNECTED, reason=dataAttached
03-10 14:46:15.842 D/MobileDataStateTracker(  805): mms: Broadcast received: android.intent.action.ANY_DATA_STATE apnType=mms
03-10 14:46:15.852 D/MobileDataStateTracker(  805): mms: Received state=DISCONNECTED, old=DISCONNECTED, reason=dataAttached
03-10 14:46:15.852 D/MobileDataStateTracker(  805): cbs: Broadcast received: android.intent.action.ANY_DATA_STATE apnType=cbs
03-10 14:46:15.852 D/MobileDataStateTracker(  805): cbs: Received state=DISCONNECTED, old=DISCONNECTED, reason=dataAttached
03-10 14:46:15.852 D/MobileDataStateTracker(  805): default: Broadcast received: android.intent.action.ANY_DATA_STATE apnType=default
03-10 14:46:15.852 D/MobileDataStateTracker(  805): default: Received state=CONNECTING, old=DISCONNECTED, reason=dataAttached
03-10 14:46:15.852 D/MobileDataStateTracker(  805): default: setDetailed state, old =DISCONNECTED and new state=CONNECTING
03-10 14:46:15.852 D/MobileDataStateTracker(  805): fota: Broadcast received: android.intent.action.ANY_DATA_STATE apnType=fota
03-10 14:46:15.862 D/MobileDataStateTracker(  805): fota: Received state=DISCONNECTED, old=DISCONNECTED, reason=dataAttached
03-10 14:46:15.862 D/MobileDataStateTracker(  805): dun: Broadcast received: android.intent.action.ANY_DATA_STATE apnType=dun
03-10 14:46:15.862 I/ActivityManager(  805): Resuming delayed broadcast
03-10 14:46:15.862 D/MobileDataStateTracker(  805): dun: Received state=DISCONNECTED, old=DISCONNECTED, reason=dataAttached
03-10 14:46:15.862 D/MobileDataStateTracker(  805): ia: Broadcast received: android.intent.action.ANY_DATA_STATE apnType=ia
03-10 14:46:15.862 D/MobileDataStateTracker(  805): ia: Received state=DISCONNECTED, old=DISCONNECTED, reason=dataAttached
03-10 14:46:15.862 D/MobileDataStateTracker(  805): supl: Broadcast received: android.intent.action.ANY_DATA_STATE apnType=supl
03-10 14:46:15.862 D/MobileDataStateTracker(  805): supl: Received state=DISCONNECTED, old=DISCONNECTED, reason=dataAttached
03-10 14:46:15.862 D/MobileDataStateTracker(  805): hipri: Broadcast received: android.intent.action.ANY_DATA_STATE apnType=hipri
03-10 14:46:15.872 D/MobileDataStateTracker(  805): hipri: Received state=DISCONNECTED, old=DISCONNECTED, reason=dataAttached
03-10 14:46:15.872 D/MobileDataStateTracker(  805): ims: Broadcast received: android.intent.action.ANY_DATA_STATE apnType=ims
03-10 14:46:15.872 D/MobileDataStateTracker(  805): ims: Received state=DISCONNECTED, old=DISCONNECTED, reason=dataAttached
03-10 14:46:15.872 D/MobileDataStateTracker(  805): mms: Broadcast received: android.intent.action.ANY_DATA_STATE apnType=mms
03-10 14:46:15.872 D/MobileDataStateTracker(  805): mms: Received state=DISCONNECTED, old=DISCONNECTED, reason=dataAttached
03-10 14:46:15.872 D/MobileDataStateTracker(  805): cbs: Broadcast received: android.intent.action.ANY_DATA_STATE apnType=cbs
03-10 14:46:15.872 D/MobileDataStateTracker(  805): cbs: Received state=DISCONNECTED, old=DISCONNECTED, reason=dataAttached
03-10 14:46:15.882 I/ActivityManager(  805): Delay finish: com.android.providers.media/.MediaScannerReceiver
03-10 14:46:15.922 I/System.out( 1916): ~~~ loading file libphone_data/PhoneNumberMetadataProto_US
03-10 14:46:15.942 W/Settings( 1916): Setting wifi_sleep_policy has moved from android.provider.Settings.System to android.provider.Settings.Global, returning read-only value.
03-10 14:46:16.332 W/msgr(:<default>):i( 1916): Exception during service
03-10 14:46:16.332 W/msgr(:<default>):i( 1916): java.net.UnknownHostException: Unable to resolve host "graph.facebook.com": No address associated with hostname
03-10 14:46:16.332 W/msgr(:<default>):i( 1916): 	at java.net.InetAddress.lookupHostByName(InetAddress.java:424)
03-10 14:46:16.332 W/msgr(:<default>):i( 1916): 	at java.net.InetAddress.getAllByNameImpl(InetAddress.java:236)
03-10 14:46:16.332 W/msgr(:<default>):i( 1916): 	at java.net.InetAddress.getAllByName(InetAddress.java:214)
03-10 14:46:16.332 W/msgr(:<default>):i( 1916): 	at com.facebook.http.b.a.a.r.openConnection(FbHttpClientConnectionOperator.java:133)
03-10 14:46:16.332 W/msgr(:<default>):i( 1916): 	at org.apache.http.impl.conn.AbstractPoolEntry.open(AbstractPoolEntry.java:164)
03-10 14:46:16.332 W/msgr(:<default>):i( 1916): 	at org.apache.http.impl.conn.AbstractPooledConnAdapter.open(AbstractPooledConnAdapter.java:119)
03-10 14:46:16.332 W/msgr(:<default>):i( 1916): 	at org.apache.http.impl.client.DefaultRequestDirector.execute(DefaultRequestDirector.java:360)
03-10 14:46:16.332 W/msgr(:<default>):i( 1916): 	at org.apache.http.impl.client.AbstractHttpClient.execute(AbstractHttpClient.java:555)
03-10 14:46:16.332 W/msgr(:<default>):i( 1916): 	at com.facebook.http.b.a.a.s.execute(FbHttpClientImpl.java:160)
03-10 14:46:16.332 W/msgr(:<default>):i( 1916): 	at com.facebook.http.b.a.a.s.execute(FbHttpClientImpl.java:148)
03-10 14:46:16.332 W/msgr(:<default>):i( 1916): 	at com.facebook.http.b.a.a.v.a(FbHttpClientRequestExecutor.java:60)
03-10 14:46:16.332 W/msgr(:<default>):i( 1916): 	at com.facebook.http.executors.qebased.d.a(QeHttpRequestExecutor.java:61)
03-10 14:46:16.332 W/msgr(:<default>):i( 1916): 	at com.facebook.http.b.am.a(RequestFlowStateController.java:89)
03-10 14:46:16.332 W/msgr(:<default>):i( 1916): 	at com.facebook.http.b.v.a(FbRedirectController.java:93)
03-10 14:46:16.332 W/msgr(:<default>):i( 1916): 	at com.facebook.http.b.t.b(FbHttpRequestProcessor.java:173)
03-10 14:46:16.332 W/msgr(:<default>):i( 1916): 	at com.facebook.http.b.t.a(FbHttpRequestProcessor.java:148)
03-10 14:46:16.332 W/msgr(:<default>):i( 1916): 	at com.facebook.http.b.t.b(FbHttpRequestProcessor.java:103)
03-10 14:46:16.332 W/msgr(:<default>):i( 1916): 	at com.facebook.http.b.t.a(FbHttpRequestProcessor.java:241)
03-10 14:46:16.332 W/msgr(:<default>):i( 1916): 	at com.facebook.http.protocol.bs.a(SingleMethodRunnerImpl.java:391)
03-10 14:46:16.332 W/msgr(:<default>):i( 1916): 	at com.facebook.http.protocol.bs.b(SingleMethodRunnerImpl.java:164)
03-10 14:46:16.332 W/msgr(:<default>):i( 1916): 	at com.facebook.http.protocol.b.a(AbstractSingleMethodRunner.java:26)
03-10 14:46:16.332 W/msgr(:<default>):i( 1916): 	at com.facebook.http.protocol.l.a(ApiMethodRunnerImpl.java:43)
03-10 14:46:16.332 W/msgr(:<default>):i( 1916): 	at com.facebook.http.protocol.l.a(ApiMethodRunnerImpl.java:35)
03-10 14:46:16.332 W/msgr(:<default>):i( 1916): 	at com.facebook.orca.protocol.a.b(WebServiceHandler.java:174)
03-10 14:46:16.332 W/msgr(:<default>):i( 1916): 	at com.facebook.orca.server.a.a(AbstractBlueServiceHandlerFilter.java:31)
03-10 14:46:16.332 W/msgr(:<default>):i( 1916): 	at com.facebook.fbservice.service.u.a(FilterChainLink.java:20)
03-10 14:46:16.332 W/msgr(:<default>):i( 1916): 	at com.facebook.orca.database.ac.b(DbServiceHandler.java:259)
03-10 14:46:16.332 W/msgr(:<default>):i( 1916): 	at com.facebook.orca.server.a.a(AbstractBlueServiceHandlerFilter.java:31)
03-10 14:46:16.332 W/msgr(:<default>):i( 1916): 	at com.facebook.fbservice.service.u.a(FilterChainLink.java:20)
03-10 14:46:16.332 W/msgr(:<default>):i( 1916): 	at com.facebook.orca.g.k.b(CacheServiceHandler.java:138)
03-10 14:46:16.332 W/msgr(:<default>):i( 1916): 	at com.facebook.orca.server.a.a(AbstractBlueServiceHandlerFilter.java:31)
03-10 14:46:16.332 W/msgr(:<default>):i( 1916): 	at com.facebook.fbservice.service.u.a(FilterChainLink.java:20)
03-10 14:46:16.332 W/msgr(:<default>):i( 1916): 	at com.facebook.fbservice.service.i.e(BlueServiceQueue.java:302)
03-10 14:46:16.332 W/msgr(:<default>):i( 1916): 	at com.facebook.fbservice.service.i.d(BlueServiceQueue.java:54)
03-10 14:46:16.332 W/msgr(:<default>):i( 1916): 	at com.facebook.fbservice.service.l.run(BlueServiceQueue.java:232)
03-10 14:46:16.332 W/msgr(:<default>):i( 1916): 	at java.util.concurrent.Executors$RunnableAdapter.call(Executors.java:422)
03-10 14:46:16.332 W/msgr(:<default>):i( 1916): 	at java.util.concurrent.FutureTask.run(FutureTask.java:237)
03-10 14:46:16.332 W/msgr(:<default>):i( 1916): 	at com.facebook.common.executors.ak.run(ListenableScheduledFutureImpl.java:59)
03-10 14:46:16.332 W/msgr(:<default>):i( 1916): 	at android.os.Handler.handleCallback(Handler.java:733)
03-10 14:46:16.332 W/msgr(:<default>):i( 1916): 	at android.os.Handler.dispatchMessage(Handler.java:95)
03-10 14:46:16.332 W/msgr(:<default>):i( 1916): 	at android.os.Looper.loop(Looper.java:136)
03-10 14:46:16.332 W/msgr(:<default>):i( 1916): 	at android.os.HandlerThread.run(HandlerThread.java:61)
03-10 14:46:16.332 W/msgr(:<default>):i( 1916): Caused by: libcore.io.GaiException: getaddrinfo failed: EAI_NODATA (No address associated with hostname)
03-10 14:46:16.332 W/msgr(:<default>):i( 1916): 	at libcore.io.Posix.getaddrinfo(Native Method)
03-10 14:46:16.332 W/msgr(:<default>):i( 1916): 	at libcore.io.ForwardingOs.getaddrinfo(ForwardingOs.java:61)
03-10 14:46:16.332 W/msgr(:<default>):i( 1916): 	at java.net.InetAddress.lookupHostByName(InetAddress.java:405)
03-10 14:46:16.332 W/msgr(:<default>):i( 1916): 	... 41 more
03-10 14:46:16.412 W/msgr(:<default>):t( 1916): Got java.net.UnknownHostException: Unable to resolve host "graph.facebook.com": No address associated with hostname while executing handleFetchConfiguration, retrying on a safe network stack
03-10 14:46:16.412 W/msgr(:<default>):i( 1916): Exception during service
03-10 14:46:16.412 W/msgr(:<default>):i( 1916): java.net.UnknownHostException: Unable to resolve host "graph.facebook.com": No address associated with hostname
03-10 14:46:16.412 W/msgr(:<default>):i( 1916): 	at java.net.InetAddress.lookupHostByName(InetAddress.java:394)
03-10 14:46:16.412 W/msgr(:<default>):i( 1916): 	at java.net.InetAddress.getAllByNameImpl(InetAddress.java:236)
03-10 14:46:16.412 W/msgr(:<default>):i( 1916): 	at java.net.InetAddress.getAllByName(InetAddress.java:214)
03-10 14:46:16.412 W/msgr(:<default>):i( 1916): 	at org.apache.http.impl.conn.DefaultClientConnectionOperator.openConnection(DefaultClientConnectionOperator.java:137)
03-10 14:46:16.412 W/msgr(:<default>):i( 1916): 	at org.apache.http.impl.conn.AbstractPoolEntry.open(AbstractPoolEntry.java:164)
03-10 14:46:16.412 W/msgr(:<default>):i( 1916): 	at org.apache.http.impl.conn.AbstractPooledConnAdapter.open(AbstractPooledConnAdapter.java:119)
03-10 14:46:16.412 W/msgr(:<default>):i( 1916): 	at org.apache.http.impl.client.DefaultRequestDirector.execute(DefaultRequestDirector.java:360)
03-10 14:46:16.412 W/msgr(:<default>):i( 1916): 	at org.apache.http.impl.client.AbstractHttpClient.execute(AbstractHttpClient.java:555)
03-10 14:46:16.412 W/msgr(:<default>):i( 1916): 	at org.apache.http.impl.client.AbstractHttpClient.execute(AbstractHttpClient.java:487)
03-10 14:46:16.412 W/msgr(:<default>):i( 1916): 	at org.apache.http.impl.client.AbstractHttpClient.execute(AbstractHttpClient.java:465)
03-10 14:46:16.412 W/msgr(:<default>):i( 1916): 	at android.net.http.AndroidHttpClient.execute(AndroidHttpClient.java:252)
03-10 14:46:16.412 W/msgr(:<default>):i( 1916): 	at com.facebook.http.b.t.a(FbHttpRequestProcessor.java:223)
03-10 14:46:16.412 W/msgr(:<default>):i( 1916): 	at com.facebook.http.b.t.b(FbHttpRequestProcessor.java:179)
03-10 14:46:16.412 W/msgr(:<default>):i( 1916): 	at com.facebook.http.b.t.a(FbHttpRequestProcessor.java:148)
03-10 14:46:16.412 W/msgr(:<default>):i( 1916): 	at com.facebook.http.b.t.b(FbHttpRequestProcessor.java:103)
03-10 14:46:16.412 W/msgr(:<default>):i( 1916): 	at com.facebook.http.b.t.a(FbHttpRequestProcessor.java:241)
03-10 14:46:16.412 W/msgr(:<default>):i( 1916): 	at com.facebook.http.protocol.bm.a(MethodBatcherImpl.java:217)
03-10 14:46:16.412 W/msgr(:<default>):i( 1916): 	at com.facebook.http.protocol.ad.a(BatchComponentRunner.java:79)
03-10 14:46:16.412 W/msgr(:<default>):i( 1916): 	at com.facebook.config.background.e.a(ConfigBackgroundServiceHandler.java:90)
03-10 14:46:16.412 W/msgr(:<default>):i( 1916): 	at com.facebook.config.background.e.a(ConfigBackgroundServiceHandler.java:59)
03-10 14:46:16.412 W/msgr(:<default>):i( 1916): 	at com.facebook.fbservice.service.i.e(BlueServiceQueue.java:302)
03-10 14:46:16.412 W/msgr(:<default>):i( 1916): 	at com.facebook.fbservice.service.i.d(BlueServiceQueue.java:54)
03-10 14:46:16.412 W/msgr(:<default>):i( 1916): 	at com.facebook.fbservice.service.l.run(BlueServiceQueue.java:232)
03-10 14:46:16.412 W/msgr(:<default>):i( 1916): 	at java.util.concurrent.Executors$RunnableAdapter.call(Executors.java:422)
03-10 14:46:16.412 W/msgr(:<default>):i( 1916): 	at java.util.concurrent.FutureTask.run(FutureTask.java:237)
03-10 14:46:16.412 W/msgr(:<default>):i( 1916): 	at com.facebook.common.executors.ak.run(ListenableScheduledFutureImpl.java:59)
03-10 14:46:16.412 W/msgr(:<default>):i( 1916): 	at android.os.Handler.handleCallback(Handler.java:733)
03-10 14:46:16.412 W/msgr(:<default>):i( 1916): 	at android.os.Handler.dispatchMessage(Handler.java:95)
03-10 14:46:16.412 W/msgr(:<default>):i( 1916): 	at android.os.Looper.loop(Looper.java:136)
03-10 14:46:16.412 W/msgr(:<default>):i( 1916): 	at android.os.HandlerThread.run(HandlerThread.java:61)
03-10 14:46:16.492 I/art     ( 1005): Heap trim of managed (duration=3.846927ms, advised=2MB) and native (duration=2.340365ms, advised=20KB) heaps. Managed heap utilization of 27%.
03-10 14:46:16.502 I/art     ( 1916): Heap trim of managed (duration=14.255209ms, advised=1400KB) and native (duration=3.193177ms, advised=0B) heaps. Managed heap utilization of 61%.
03-10 14:46:18.592 I/art     ( 1323): Heap trim of managed (duration=4.224687ms, advised=716KB) and native (duration=1.866250ms, advised=336KB) heaps. Managed heap utilization of 42%.
03-10 14:46:19.702 I/ActivityManager(  805): Resuming delayed broadcast
03-10 14:46:19.712 D/MtpService( 1323): updating state; isCurrentUser=true, mMtpLocked=false
03-10 14:46:19.722 W/art     (  195): Could not get current activity
03-10 14:46:19.732 I/ActivityManager(  805): Start proc com.android.cellbroadcastreceiver for broadcast com.android.cellbroadcastreceiver/.CellBroadcastReceiver: pid=2265 uid=10030 gids={50030}
03-10 14:46:19.852 I/art     (  805): Heap trim of managed (duration=19.707395ms, advised=3MB) and native (duration=3.115781ms, advised=820KB) heaps. Managed heap utilization of 66%.
03-10 14:46:19.872 W/art     ( 2265): Failed to find ELF magic in /system/app/CellBroadcastReceiver.odex: dey
03-10 14:46:19.892 D/CellBroadcastReceiver( 2265): onReceive Intent { act=android.intent.action.BOOT_COMPLETED flg=0x8000010 cmp=com.android.cellbroadcastreceiver/.CellBroadcastReceiver (has extras) }
03-10 14:46:19.892 D/CellBroadcastReceiver( 2265): Registering for ServiceState updates
03-10 14:46:19.892 D/CellBroadcastReceiver( 2265): Service state changed! 0 Full: 0 0 home Saunalahti Saunalahti 24405  UMTS UMTS CSS not supported -1 -1 RoamInd=-1 DefRoamInd=-1 EmergOnly=false
03-10 14:46:19.922 I/ActivityManager(  805): Start proc com.google.android.deskclock for broadcast com.google.android.deskclock/com.android.deskclock.AlarmInitReceiver: pid=2283 uid=10034 gids={50034, 1028}
03-10 14:46:19.932 D/CellBroadcastConfigService( 2265): enabling emergency cell broadcast channels
03-10 14:46:19.942 D/IccSmsInterfaceManager( 1005): [IccSmsInterfaceManager] enableGsmBroadcastRange
03-10 14:46:19.942 D/IccSmsInterfaceManager( 1005): [IccSmsInterfaceManager] Calling setGsmBroadcastConfig with 1 configurations
03-10 14:46:19.972 W/art     ( 2283): Failed to find ELF magic in /system/app/DeskClockGoogle.odex: dey
03-10 14:46:20.002 V/AlarmClock( 2283): AlarmInitReceiver android.intent.action.BOOT_COMPLETED
03-10 14:46:20.022 V/AlarmClock( 2283): AlarmInitReceiver - Reset timers and clear stopwatch data
03-10 14:46:20.052 I/AlarmClock( 2283): Displaying next alarm time: ''
03-10 14:46:20.062 V/AlarmClock( 2283): AlarmInitReceiver finished
03-10 14:46:20.062 I/ActivityManager(  805): Delay finish: com.google.android.deskclock/com.android.deskclock.AlarmInitReceiver
03-10 14:46:20.072 D/IccSmsInterfaceManager( 1005): [IccSmsInterfaceManager] Added cell broadcast subscription for MID range 4352 to 4354 from client com.android.cellbroadcastreceiver
03-10 14:46:20.072 D/IccSmsInterfaceManager( 1005): [IccSmsInterfaceManager] Calling setCellBroadcastActivation(true)
03-10 14:46:20.072 D/IccSmsInterfaceManager( 1005): [IccSmsInterfaceManager] enableGsmBroadcastRange
03-10 14:46:20.072 D/IccSmsInterfaceManager( 1005): [IccSmsInterfaceManager] Calling setGsmBroadcastConfig with 2 configurations
03-10 14:46:20.342 D/IccSmsInterfaceManager( 1005): [IccSmsInterfaceManager] Added cell broadcast subscription for MID range 4356 to 4356 from client com.android.cellbroadcastreceiver
03-10 14:46:20.342 D/IccSmsInterfaceManager( 1005): [IccSmsInterfaceManager] Calling setCellBroadcastActivation(true)
03-10 14:46:20.342 D/IccSmsInterfaceManager( 1005): [IccSmsInterfaceManager] enableGsmBroadcastRange
03-10 14:46:20.342 D/IccSmsInterfaceManager( 1005): [IccSmsInterfaceManager] Calling setGsmBroadcastConfig with 3 configurations
03-10 14:46:20.602 D/IccSmsInterfaceManager( 1005): [IccSmsInterfaceManager] Added cell broadcast subscription for MID range 4371 to 4372 from client com.android.cellbroadcastreceiver
03-10 14:46:20.602 D/IccSmsInterfaceManager( 1005): [IccSmsInterfaceManager] Calling setCellBroadcastActivation(true)
03-10 14:46:20.602 D/IccSmsInterfaceManager( 1005): [IccSmsInterfaceManager] enableGsmBroadcastRange
03-10 14:46:20.602 D/IccSmsInterfaceManager( 1005): [IccSmsInterfaceManager] Calling setGsmBroadcastConfig with 4 configurations
03-10 14:46:20.872 D/IccSmsInterfaceManager( 1005): [IccSmsInterfaceManager] Added cell broadcast subscription for MID range 4373 to 4378 from client com.android.cellbroadcastreceiver
03-10 14:46:20.872 D/IccSmsInterfaceManager( 1005): [IccSmsInterfaceManager] Calling setCellBroadcastActivation(true)
03-10 14:46:20.872 D/IccSmsInterfaceManager( 1005): [IccSmsInterfaceManager] enableGsmBroadcastRange
03-10 14:46:20.872 D/IccSmsInterfaceManager( 1005): [IccSmsInterfaceManager] Calling setGsmBroadcastConfig with 4 configurations
03-10 14:46:21.132 D/IccSmsInterfaceManager( 1005): [IccSmsInterfaceManager] Added cell broadcast subscription for MID range 4379 to 4379 from client com.android.cellbroadcastreceiver
03-10 14:46:21.132 D/IccSmsInterfaceManager( 1005): [IccSmsInterfaceManager] Calling setCellBroadcastActivation(true)
03-10 14:46:21.142 D/IccSmsInterfaceManager( 1005): [IccSmsInterfaceManager] enableGsmBroadcastRange
03-10 14:46:21.142 D/IccSmsInterfaceManager( 1005): [IccSmsInterfaceManager] Calling setGsmBroadcastConfig with 4 configurations
03-10 14:46:21.412 D/IccSmsInterfaceManager( 1005): [IccSmsInterfaceManager] Added cell broadcast subscription for MID range 4370 to 4370 from client com.android.cellbroadcastreceiver
03-10 14:46:21.412 D/IccSmsInterfaceManager( 1005): [IccSmsInterfaceManager] Calling setCellBroadcastActivation(true)
03-10 14:46:21.412 D/CellBroadcastConfigService( 2265): enabled emergency cell broadcast channels
03-10 14:46:21.422 D/CellBroadcastConfigService( 2265): disabling cell broadcast channel 50
03-10 14:46:21.422 D/IccSmsInterfaceManager( 1005): [IccSmsInterfaceManager] disableGsmBroadcastRange
03-10 14:46:21.422 D/IccSmsInterfaceManager( 1005): [IccSmsInterfaceManager] Failed to remove cell broadcast subscription for MID range 50 to 50 from client com.android.cellbroadcastreceiver
03-10 14:46:21.422 D/CellBroadcastConfigService( 2265): disabling channels 919-928
03-10 14:46:21.422 D/IccSmsInterfaceManager( 1005): [IccSmsInterfaceManager] disableGsmBroadcastRange
03-10 14:46:21.422 D/IccSmsInterfaceManager( 1005): [IccSmsInterfaceManager] Failed to remove cell broadcast subscription for MID range 919 to 928 from client com.android.cellbroadcastreceiver
03-10 14:46:21.422 D/CellBroadcastConfigService( 2265): disabling cell broadcast ETWS test messages
03-10 14:46:21.422 D/IccSmsInterfaceManager( 1005): [IccSmsInterfaceManager] disableGsmBroadcastRange
03-10 14:46:21.432 D/IccSmsInterfaceManager( 1005): [IccSmsInterfaceManager] Failed to remove cell broadcast subscription for MID range 4355 to 4355 from client com.android.cellbroadcastreceiver
03-10 14:46:21.432 D/CellBroadcastConfigService( 2265): disabling cell broadcast CMAS test messages
03-10 14:46:21.432 D/IccSmsInterfaceManager( 1005): [IccSmsInterfaceManager] disableGsmBroadcastRange
03-10 14:46:21.432 D/IccSmsInterfaceManager( 1005): [IccSmsInterfaceManager] Failed to remove cell broadcast subscription for MID range 4380 to 4382 from client com.android.cellbroadcastreceiver
03-10 14:46:21.432 I/ActivityManager(  805): Resuming delayed broadcast
03-10 14:46:21.452 I/ActivityManager(  805): Start proc com.google.android.email for broadcast com.google.android.email/com.android.email.service.EmailBroadcastReceiver: pid=2309 uid=10037 gids={50037, 3003, 1028, 1015}
03-10 14:46:21.532 W/art     ( 2309): Failed to find ELF magic in /system/app/EmailGoogle.odex: dey
03-10 14:46:21.672 D/ActivityThread( 2309): Loading provider com.google.android.email.provider;com.google.android.email.notifier: com.android.email.provider.EmailProvider
03-10 14:46:21.742 D/ActivityThread( 2309): Loading provider com.google.android.email.provider;com.google.android.email.notifier: com.android.email.provider.EmailProvider
03-10 14:46:21.742 D/ActivityThread( 2309): Loading provider com.google.android.email.provider;com.google.android.email.notifier: com.android.email.provider.EmailProvider
03-10 14:46:21.762 I/ActivityManager(  805): Delay finish: com.google.android.email/com.android.email.service.EmailBroadcastReceiver
03-10 14:46:21.832 W/ActivityManager(  805): Unable to start service Intent { cmp=com.google.android.email/com.android.email.service.AttachmentDownloadService } U=0: not found
03-10 14:46:21.842 I/Email   ( 2309): Observing account changes for notifications
03-10 14:46:21.862 I/ActivityManager(  805): Delaying start of: ServiceRecord{66061770 u0 com.google.android.exchange/com.android.exchange.service.EmailSyncAdapterService}
03-10 14:46:21.882 W/art     (  195): Could not get current activity
03-10 14:46:21.892 I/ActivityManager(  805): Start proc com.google.android.exchange for service com.google.android.exchange/com.android.exchange.service.EmailSyncAdapterService: pid=2342 uid=10038 gids={50038, 3003, 1028, 1015}
03-10 14:46:21.892 I/ActivityManager(  805): Killing 1094:android.process.acore/u0a3 (adj 15): empty #17
03-10 14:46:21.902 W/ActivityManager(  805): Unable to start service Intent { cmp=com.google.android.email/com.android.email.service.AttachmentDownloadService } U=0: not found
03-10 14:46:21.902 W/ActivityManager(  805): Unable to start service Intent { cmp=com.google.android.email/com.android.email.service.AttachmentDownloadService } U=0: not found
03-10 14:46:21.912 W/ActivityManager(  805): Unable to start service Intent { cmp=com.google.android.email/com.android.email.service.AttachmentDownloadService } U=0: not found
03-10 14:46:21.932 W/art     ( 2342): Failed to find ELF magic in /system/app/Exchange2Google.odex: dey
03-10 14:46:22.022 I/ActivityManager(  805): Resuming delayed broadcast
03-10 14:46:22.042 I/ActivityManager(  805): Start proc com.google.android.apps.genie.geniewidget for broadcast com.google.android.apps.genie.geniewidget/.miniwidget.MiniWidgetProvider: pid=2361 uid=10041 gids={50041, 3003, 1028, 1015}
03-10 14:46:22.042 I/ActivityManager(  805): Killing 1215:com.google.android.keep/u0a53 (adj 15): empty #17
03-10 14:46:22.092 W/art     ( 2361): Failed to find ELF magic in /system/app/GenieWidget.odex: dey
03-10 14:46:22.172 I/System.out( 2361): [INFO:15]: LogSource: Logging disabled
03-10 14:46:22.172 W/Genie   ( 2361): Cache file not found: java.io.FileNotFoundException: /data/data/com.google.android.apps.genie.geniewidget/cache/genie_masfcache: open failed: ENOENT (No such file or directory)
03-10 14:46:22.182 W/Genie   ( 2361): Cache file not found: java.io.FileNotFoundException: /data/data/com.google.android.apps.genie.geniewidget/cache/genie_iconcache: open failed: ENOENT (No such file or directory)
03-10 14:46:22.182 I/Genie   ( 2361): MiniWidgetModel()
03-10 14:46:22.232 V/Genie   ( 2361): onReceive: intent action=android.intent.action.BOOT_COMPLETED
03-10 14:46:22.232 I/Genie   ( 2361): ignoring BOOT_COMPLETE since app has never been started
03-10 14:46:22.232 I/ActivityManager(  805): Delay finish: com.google.android.syncadapters.contacts/.ContactsSyncAdapterBroadcastReceiver
03-10 14:46:22.272 I/ActivityManager(  805): Start proc android.process.acore for content provider com.android.providers.contacts/.ContactsProvider2: pid=2385 uid=10003 gids={50003, 3003, 1028, 1015}
03-10 14:46:22.312 W/art     ( 2385): Failed to find ELF magic in /system/priv-app/ContactsProvider.odex: dey
03-10 14:46:22.352 W/art     ( 2385): Failed to find ELF magic in /system/app/UserDictionaryProvider.odex: dey
03-10 14:46:22.522 I/ContactLocale( 2385): AddressBook Labels [en_IN]: [, A, B, C, D, E, F, G, H, I, J, K, L, M, N, O, P, Q, R, S, T, U, V, W, X, Y, Z, , , , , , , , , , , , , , , , , , , , , , , , , , , , , , , , , , , , , , , , , , , , , , , , , , , , , , , , , , , , , , , , , , , , , , , , , , , , , , , , , , , , , , , , , , , , , , , , , , , , , , , , , , , , , , , , , , , , , , , , , , , , , , , , , , , , , , , , , , , , , , , , , , , , , , , , , , , , , , , , , , , , , , , , , , , , , , , , , , , , , , #, ]
03-10 14:46:22.662 I/art     ( 1292): Heap trim of managed (duration=1.161562ms, advised=40KB) and native (duration=1.098438ms, advised=0B) heaps. Managed heap utilization of 72%.
03-10 14:46:22.662 D/AndroidRuntime( 2402): 
03-10 14:46:22.662 D/AndroidRuntime( 2402): >>>>>> AndroidRuntime START com.android.internal.os.RuntimeInit <<<<<<
03-10 14:46:22.662 D/AndroidRuntime( 2402): CheckJNI is OFF
03-10 14:46:22.672 E/art     ( 2402): Unrecognized option -XX:mainThreadStackSize=24K
03-10 14:46:22.672 W/art     ( 2402): Ignoring unknown -Xgc option: precise
03-10 14:46:22.672 I/ActivityManager(  805): Killing 919:com.android.settings/1000 (adj 15): empty #17
03-10 14:46:22.682 I/LauncherIconVisibilityManager(  983): Boot has been completed
03-10 14:46:22.682 I/LauncherIconVisibilityManager(  983): Activity has already been disabled: ComponentInfo{com.google.android.inputmethod.latin/com.android.inputmethod.latin.setup.SetupActivity}
03-10 14:46:22.682 I/ActivityManager(  805): Resuming delayed broadcast
03-10 14:46:22.682 I/ActivityManager(  805): Killing 1412:com.google.android.apps.magazines/u0a57 (adj 15): empty #17
03-10 14:46:22.722 W/art     ( 2402): Failed to find ELF magic in /system/framework/am.odex: dey
03-10 14:46:22.742 I/ActivityManager(  805): Start proc com.lge.SprintHiddenMenu for broadcast com.lge.SprintHiddenMenu/.sprintspec.data.UaproflieSettingReceiver: pid=2430 uid=1000 gids={41000, 1028, 1015, 3002, 3001, 3003}
03-10 14:46:22.782 W/art     ( 2430): Failed to find ELF magic in /system/framework/qcrilhook.odex: dey
03-10 14:46:22.792 W/art     ( 2402): JNI RegisterNativeMethods: attempt to register 0 native methods for android.content.res.Configuration
03-10 14:46:22.802 W/art     ( 1005): Failed to find ELF magic in /system/app/Stk.odex: dey
03-10 14:46:22.802 D/AndroidRuntime( 2402): Calling main entry com.android.commands.am.Am
03-10 14:46:22.802 I/ActivityManager(  805): Killing 1198:com.android.printspooler/u0a66 (adj 15): empty #17
03-10 14:46:22.802 I/ActivityManager(  805): START u0 {flg=0x10000000 cmp=com.android.helloworldjava/.HelloWorld} from pid 2402
03-10 14:46:23.112 I/WindowManager(  805): Screenshot max retries 4 of Token{65e4aa40 ActivityRecord{65d2a730 u0 com.google.android.googlequicksearchbox/com.google.android.launcher.GEL t1}} appWin=Window{65f30048 u0 com.google.android.googlequicksearchbox/com.google.android.launcher.GEL} drawState=4
03-10 14:46:23.112 W/WindowManager(  805): Screenshot failure taking screenshot for (1080x1920) to layer 21005
03-10 14:46:23.122 D/AndroidRuntime( 2402): Shutting down VM
03-10 14:46:23.162 I/ActivityManager(  805): Start proc com.android.helloworldjava for activity com.android.helloworldjava/.HelloWorld: pid=2461 uid=10141 gids={50141, 1028, 1015}
03-10 14:46:23.212 D/LightsService(  805): Excessive delay setting light: 56ms
03-10 14:46:23.212 I/ActivityManager(  805): Start proc com.qualcomm.qcrilmsgtunnel for broadcast com.qualcomm.qcrilmsgtunnel/.QcrilMsgTunnelAutoboot: pid=2476 uid=1001 gids={41001, 3002, 3001, 3003, 2001, 1028, 1015}
03-10 14:46:23.292 W/art     ( 2476): Failed to find ELF magic in /system/app/qcrilmsgtunnel.odex: dey
03-10 14:46:23.302 D/QcrilMsgTunnelAutoboot( 2476): ComponentInfo{com.qualcomm.qcrilmsgtunnel/com.qualcomm.qcrilmsgtunnel.QcrilMsgTunnelService} started successfully
03-10 14:46:23.302 I/ActivityManager(  805): Delay finish: com.qualcomm.qcrilmsgtunnel/.QcrilMsgTunnelAutoboot
03-10 14:46:23.312 D/QcrilMsgTunnelService( 2476): onCreate method
03-10 14:46:23.312 D/QcrilMsgTunnelIfaceManager( 2476): : Instantiated
03-10 14:46:23.312 V/QcrilMsgTunnelSocket( 2476): Starting QcRilReceiver
03-10 14:46:23.312 D/QcrilMsgTunnelIfaceManager( 2476):  Registered for UNSOL OEM HOOK Responses to deliver external apps
03-10 14:46:23.312 D/QcrilMsgTunnelSocket( 2476): Connecting to socket android.net.LocalSocket@6554add0 impl:android.net.LocalSocketImpl@6554adf8 fd:FileDescriptor[28]
03-10 14:46:23.312 I/QcrilMsgTunnelSocket( 2476): Connected to 'qmux_radio/rild_oem0' socket
03-10 14:46:23.312 V/QcrilMsgTunnelSocket( 2476): Before reading offset = 0 remaining = 4 countRead = 0
03-10 14:46:23.392 I/ActivityManager(  805): Displayed com.android.helloworldjava/.HelloWorld: +269ms
03-10 14:46:24.942 V/QcrilMsgTunnelSocket( 2476): After reading offset = 0 remaining = 4 countRead = 4
03-10 14:46:24.942 D/QcrilMsgTunnelSocket( 2476): messageLength extracted from first 4 inputStream reads = 29
03-10 14:46:24.942 V/QcrilMsgTunnelSocket( 2476): offset = 0 remaining = 29 countRead = 0
03-10 14:46:24.942 V/QcrilMsgTunnelSocket( 2476): offset = 0 remaining = 29 countRead = 29
03-10 14:46:24.942 D/QcrilMsgTunnelSocket( 2476): readRilMessage: Buffer = [B@65548b40 HexData = [0100000004040000110000005155414c434f4d4def0308000100000002]
03-10 14:46:24.942 V/QcrilMsgTunnelSocket( 2476): Read packet: 29 bytes. Data Available = 32 Position = 0
03-10 14:46:24.942 D/QcrilMsgTunnelSocket( 2476): processResponse. message type = 1. Data Available = 28
03-10 14:46:24.942 D/QcrilMsgTunnelSocket( 2476): ByteArray from parcel = 5155414c434f4d4def0308000100000002
03-10 14:46:24.942 D/QcrilMsgTunnelSocket( 2476): Received RIL_UNSOL_OEM_HOOK_RAW message
03-10 14:46:24.942 D/QcrilMsgTunnelSocket( 2476): Oem ID in RIL_UNSOL_OEM_HOOK_RAW is QUALCOMM
03-10 14:46:24.942 D/QcrilMsgTunnelSocket( 2476): OEM ID check Passed
03-10 14:46:24.942 D/QcrilMsgTunnelSocket( 2476): Response ID in RIL_UNSOL_OEM_HOOK_RAW is 525295
03-10 14:46:24.942 D/QcrilMsgTunnelSocket( 2476): Response ID 525295is not served in this process.
03-10 14:46:24.952 D/AlarmManagerService(  805): Kernel timezone updated to -120 minutes west of GMT
03-10 14:46:24.962 D/MobileDataStateTracker(  805): default: Broadcast received: android.intent.action.ANY_DATA_STATE apnType=default
03-10 14:46:24.972 D/MobileDataStateTracker(  805): default: Received state=CONNECTING, old=CONNECTING, reason=(unspecified)
03-10 14:46:24.982 D/QcrilMsgTunnelSocket( 2476): To broadcast an Intent via the notifier to external apps
03-10 14:46:24.992 V/QcrilMsgTunnelSocket( 2476): Before reading offset = 0 remaining = 4 countRead = 0
03-10 14:46:24.992 D/QcrilMsgTunnelIfaceManager( 2476): handleMessage what=0
03-10 14:46:24.992 D/QcrilMsgTunnelIfaceManager( 2476): Broadcasting intent ACTION_UNSOL_RESPONSE_OEM_HOOK_RAW
03-10 14:46:25.122 V/QcrilMsgTunnelSocket( 2476): After reading offset = 0 remaining = 4 countRead = 4
03-10 14:46:25.122 D/QcrilMsgTunnelSocket( 2476): messageLength extracted from first 4 inputStream reads = 29
03-10 14:46:25.122 V/QcrilMsgTunnelSocket( 2476): offset = 0 remaining = 29 countRead = 0
03-10 14:46:25.142 V/QcrilMsgTunnelSocket( 2476): offset = 0 remaining = 29 countRead = 29
03-10 14:46:25.142 D/QcrilMsgTunnelSocket( 2476): readRilMessage: Buffer = [B@65548b40 HexData = [0100000004040000110000005155414c434f4d4def0308000100000002]
03-10 14:46:25.142 V/QcrilMsgTunnelSocket( 2476): Read packet: 29 bytes. Data Available = 32 Position = 0
03-10 14:46:25.142 D/QcrilMsgTunnelSocket( 2476): processResponse. message type = 1. Data Available = 28
03-10 14:46:25.142 D/QcrilMsgTunnelSocket( 2476): ByteArray from parcel = 5155414c434f4d4def0308000100000002
03-10 14:46:25.142 D/QcrilMsgTunnelSocket( 2476): Received RIL_UNSOL_OEM_HOOK_RAW message
03-10 14:46:25.142 D/QcrilMsgTunnelSocket( 2476): Oem ID in RIL_UNSOL_OEM_HOOK_RAW is QUALCOMM
03-10 14:46:25.142 D/QcrilMsgTunnelSocket( 2476): OEM ID check Passed
03-10 14:46:25.142 D/QcrilMsgTunnelSocket( 2476): Response ID in RIL_UNSOL_OEM_HOOK_RAW is 525295
03-10 14:46:25.142 D/QcrilMsgTunnelSocket( 2476): Response ID 525295is not served in this process.
03-10 14:46:25.142 D/QcrilMsgTunnelSocket( 2476): To broadcast an Intent via the notifier to external apps
03-10 14:46:25.142 V/QcrilMsgTunnelSocket( 2476): Before reading offset = 0 remaining = 4 countRead = 0
03-10 14:46:25.142 D/QcrilMsgTunnelIfaceManager( 2476): handleMessage what=0
03-10 14:46:25.142 D/QcrilMsgTunnelIfaceManager( 2476): Broadcasting intent ACTION_UNSOL_RESPONSE_OEM_HOOK_RAW
03-10 14:46:25.822 D/MobileDataStateTracker(  805): default: Broadcast received: android.intent.action.ANY_DATA_STATE apnType=default
03-10 14:46:25.832 D/MobileDataStateTracker(  805): default: Received state=CONNECTED, old=CONNECTING, reason=connected
03-10 14:46:25.832 D/MobileDataStateTracker(  805): default: setDetailed state, old =CONNECTING and new state=CONNECTED
03-10 14:46:25.832 D/ConnectivityService(  805): ConnectivityChange for mobile: CONNECTED/CONNECTED
03-10 14:46:25.832 D/ConnectivityService(  805): ConnectivityChange checkMobileProvisioning for TYPE_MOBILE or ProvisioningNetwork
03-10 14:46:25.832 D/ConnectivityService(  805): checkMobileProvisioning: E suggestedTimeOutMs=60000
03-10 14:46:25.832 D/ConnectivityService(  805): setProvNotificationVisible: E visible=false networkType=5 extraInfo=null url=null
03-10 14:46:25.832 D/ConnectivityService(  805): checkMobileProvisioning: params={ url=http://clients3.google.com/generate_204 mTimeOutMs=60000 mCb=com.android.server.ConnectivityService$5@66083ec0}
03-10 14:46:25.832 D/ConnectivityService(  805): checkMobileProvisioning: X
03-10 14:46:25.852 D/Nat464Xlat(  805): requiresClat: netType=0, hasIPv4Address=true
03-10 14:46:25.892 D/MobileDataStateTracker(  805): default: setPolicyDataEnable(enabled=true)
03-10 14:46:25.892 D/MobileDataStateTracker(  805): default: isProvisioningNetwork: retVal=false
03-10 14:46:25.892 D/ConnectivityService(  805): [CheckMp] isMobileOk: isDefaultProvisioning=false
03-10 14:46:25.902 D/MobileDataStateTracker(  805): hipri: isProvisioningNetwork: retVal=false
03-10 14:46:25.902 D/ConnectivityService(  805): [CheckMp] isMobileOk: isHipriProvisioning=false
03-10 14:46:25.902 D/ConnectivityService(  805): [CheckMp] isMobileOk: start hipri url=http://clients3.google.com/generate_204
03-10 14:46:25.992 D/MobileDataStateTracker(  805): default: setPolicyDataEnable(enabled=true)
03-10 14:46:26.052 D/ConnectivityService(  805): startUsingNetworkFeature X: return APN_REQUEST_STARTED
03-10 14:46:26.052 D/ConnectivityService(  805): [CheckMp] isMobileOk: hipri started
03-10 14:46:26.052 D/ConnectivityService(  805): [CheckMp] isMobileOk: not connected ni=NetworkInfo: type: mobile_hipri[UMTS], state: DISCONNECTED/IDLE, reason: (unspecified), extra: (none), roaming: false, failover: false, isAvailable: true, isConnectedToProvisioningNetwork: false
03-10 14:46:26.052 D/MobileDataStateTracker(  805): hipri: Broadcast received: android.intent.action.ANY_DATA_STATE apnType=hipri
03-10 14:46:26.052 D/MobileDataStateTracker(  805): hipri: Received state=CONNECTING, old=DISCONNECTED, reason=dataEnabled
03-10 14:46:26.052 D/MobileDataStateTracker(  805): hipri: setDetailed state, old =IDLE and new state=CONNECTING
03-10 14:46:26.052 D/MobileDataStateTracker(  805): fota: Broadcast received: android.intent.action.ANY_DATA_STATE apnType=fota
03-10 14:46:26.052 D/MobileDataStateTracker(  805): fota: Received state=DISCONNECTED, old=DISCONNECTED, reason=dataEnabled
03-10 14:46:26.052 D/ConnectivityService(  805): startUsingNetworkFeature reconnecting to 0: enableHIPRI
03-10 14:46:26.062 D/MobileDataStateTracker(  805): dun: Broadcast received: android.intent.action.ANY_DATA_STATE apnType=dun
03-10 14:46:26.062 D/MobileDataStateTracker(  805): dun: Received state=DISCONNECTED, old=DISCONNECTED, reason=dataEnabled
03-10 14:46:26.062 D/MobileDataStateTracker(  805): ia: Broadcast received: android.intent.action.ANY_DATA_STATE apnType=ia
03-10 14:46:26.062 D/MobileDataStateTracker(  805): ia: Received state=DISCONNECTED, old=DISCONNECTED, reason=dataEnabled
03-10 14:46:26.062 D/MobileDataStateTracker(  805): supl: Broadcast received: android.intent.action.ANY_DATA_STATE apnType=supl
03-10 14:46:26.062 D/MobileDataStateTracker(  805): supl: Received state=DISCONNECTED, old=DISCONNECTED, reason=dataEnabled
03-10 14:46:26.062 D/MobileDataStateTracker(  805): ims: Broadcast received: android.intent.action.ANY_DATA_STATE apnType=ims
03-10 14:46:26.062 D/MobileDataStateTracker(  805): ims: Received state=DISCONNECTED, old=DISCONNECTED, reason=dataEnabled
03-10 14:46:26.062 D/MobileDataStateTracker(  805): mms: Broadcast received: android.intent.action.ANY_DATA_STATE apnType=mms
03-10 14:46:26.062 D/MobileDataStateTracker(  805): mms: Received state=DISCONNECTED, old=DISCONNECTED, reason=dataEnabled
03-10 14:46:26.062 D/MobileDataStateTracker(  805): cbs: Broadcast received: android.intent.action.ANY_DATA_STATE apnType=cbs
03-10 14:46:26.062 D/MobileDataStateTracker(  805): cbs: Received state=DISCONNECTED, old=DISCONNECTED, reason=dataEnabled
03-10 14:46:26.072 D/MobileDataStateTracker(  805): hipri: Broadcast received: android.intent.action.ANY_DATA_STATE apnType=hipri
03-10 14:46:26.072 D/MobileDataStateTracker(  805): hipri: Received state=CONNECTED, old=CONNECTING, reason=dataEnabled
03-10 14:46:26.072 D/MobileDataStateTracker(  805): hipri: setDetailed state, old =CONNECTING and new state=CONNECTED
03-10 14:46:26.072 D/ConnectivityService(  805): ConnectivityChange for mobile_hipri: CONNECTED/CONNECTED
03-10 14:46:26.152 D/Nat464Xlat(  805): requiresClat: netType=5, hasIPv4Address=true
03-10 14:46:26.152 D/MobileDataStateTracker(  805): default: setPolicyDataEnable(enabled=true)
03-10 14:46:26.162 W/NetworkPolicy(  805): shared quota unsupported; generating rule for each iface
03-10 14:46:26.632 D/MobileDataStateTracker(  805): default: setPolicyDataEnable(enabled=true)
03-10 14:46:26.852 W/BroadcastQueue(  805): Skipping deliver [background] BroadcastRecord{664b5830 u-1 android.net.wifi.SCAN_RESULTS} to ReceiverList{65eaafb0 1233 com.google.process.location/10007/u0 remote:6603b208}: process crashing
03-10 14:46:27.052 D/MobileDataStateTracker(  805): hipri: isProvisioningNetwork: retVal=false
03-10 14:46:27.052 D/ConnectivityService(  805): [CheckMp] isMobileOk: isProvisioningNetwork is false, continue
03-10 14:46:27.092 D/ConnectivityService(  805): [CheckMp] isMobileOk: addresses=clients3.google.com/193.229.108.114,clients3.google.com/193.229.108.118,clients3.google.com/193.229.108.108,clients3.google.com/193.229.108.104,clients3.google.com/193.229.108.109,clients3.google.com/193.229.108.123,clients3.google.com/193.229.108.88,clients3.google.com/193.229.108.99,clients3.google.com/193.229.108.113,clients3.google.com/193.229.108.103,clients3.google.com/193.229.108.119,clients3.google.com/193.229.108.84,clients3.google.com/193.229.108.93,clients3.google.com/193.229.108.94,clients3.google.com/193.229.108.98,clients3.google.com/193.229.108.89
03-10 14:46:27.092 D/ConnectivityService(  805): [CheckMp] isMobileOk: linkHasIpv4=true linkHasIpv6=false
03-10 14:46:27.162 D/ConnectivityService(  805): requestRouteToHostAddress ok=true
03-10 14:46:27.162 D/ConnectivityService(  805): [CheckMp] isMobileOk: wait to establish route to hostAddr=clients3.google.com/193.229.108.103
03-10 14:46:27.332 I/ActivityManager(  805): Waited long enough for: ServiceRecord{664af9a8 u0 com.facebook.katana/com.facebook.push.mqtt.MqttPushService}
03-10 14:46:27.332 I/ActivityManager(  805): Resuming delayed broadcast
03-10 14:46:27.342 W/art     (  195): Could not get current activity
03-10 14:46:27.382 I/ActivityManager(  805): Start proc com.android.vending for broadcast com.android.vending/com.google.android.finsky.receivers.BootCompletedReceiver: pid=2653 uid=10015 gids={50015, 3003, 1028, 1015}
03-10 14:46:27.652 D/Finsky  ( 2653): [1] FinskyApp.onCreate: Initializing network with DFE https://android.clients.google.com/fdfe/
03-10 14:46:27.732 D/Finsky  ( 2653): [1] DailyHygiene.goMakeHygieneIfDirty: No need to run daily hygiene.
03-10 14:46:27.772 W/Settings( 2653): Setting download_manager_max_bytes_over_mobile has moved from android.provider.Settings.Secure to android.provider.Settings.Global.
03-10 14:46:27.772 W/Settings( 2653): Setting download_manager_recommended_max_bytes_over_mobile has moved from android.provider.Settings.Secure to android.provider.Settings.Global.
03-10 14:46:27.832 D/Volley  ( 2653): [196] DiskBasedCache.clear: Cache cleared.
03-10 14:46:27.832 D/Volley  ( 2653): [200] DiskBasedCache.clear: Cache cleared.
03-10 14:46:27.842 I/ActivityManager(  805): Delay finish: com.android.vending/com.google.android.finsky.receivers.BootCompletedReceiver
03-10 14:46:27.862 I/ActivityManager(  805): Resuming delayed broadcast
03-10 14:46:27.892 I/ActivityManager(  805): Start proc com.google.android.keep for broadcast com.google.android.keep/.notification.AlertReceiver: pid=2693 uid=10053 gids={50053, 3003, 1028, 1015}
03-10 14:46:27.892 I/ActivityManager(  805): Killing 1474:com.google.android.calendar/u0a29 (adj 15): empty #17
03-10 14:46:27.922 D/Finsky  ( 2653): [1] GmsCoreHelper.cleanupNlp: result=false type=4
03-10 14:46:27.962 D/Finsky  ( 2653): [1] 2.run: Loaded library for account: [h8oDSybNDDZzpp4iys_x3qq36Xs]
03-10 14:46:27.962 D/Finsky  ( 2653): [1] 2.run: Finished loading 1 libraries.
03-10 14:46:27.972 D/Finsky  ( 2653): [1] RestoreTracker.stopServiceIfDone: Restore complete with 0 success and 0 failed.
03-10 14:46:28.002 E/KeepSync( 2693): Try to add invalid account
03-10 14:46:28.002 E/KeepSync( 2693): Try to force sync on a null account
03-10 14:46:28.002 E/KeepSync( 2693): Try to add invalid account
03-10 14:46:28.002 E/KeepSync( 2693): Try to force sync on a null account
03-10 14:46:28.002 E/KeepSync( 2693): Try to add invalid account
03-10 14:46:28.002 E/KeepSync( 2693): Try to force sync on a null account
03-10 14:46:28.082 I/ActivityManager(  805): Delay finish: com.google.android.keep/.notification.AlertReceiver
03-10 14:46:28.092 V/KeepAlert( 2693): Action android.intent.action.BOOT_COMPLETED
03-10 14:46:28.132 I/ActivityManager(  805): Resuming delayed broadcast
03-10 14:46:28.172 I/ActivityManager(  805): Start proc com.google.android.talk for broadcast com.google.android.talk/com.google.android.apps.babel.service.BootReceiver: pid=2736 uid=10052 gids={50052, 3003, 1028, 1015, 3002}
03-10 14:46:28.172 I/ActivityManager(  805): Killing 1514:com.google.android.gm/u0a42 (adj 15): empty #17
03-10 14:46:28.222 W/art     ( 2736): Failed to find ELF magic in /system/framework/com.google.android.media.effects.odex: dey
03-10 14:46:28.462 I/MmsConfig( 2736): MmsConfig.init: mnc/mcc: 244/21
03-10 14:46:28.462 W/Settings( 2736): Setting airplane_mode_on has moved from android.provider.Settings.System to android.provider.Settings.Global, returning read-only value.
03-10 14:46:28.472 I/Babel   ( 2736): ### loadDeviceMmsSettings from API: mUserAgent=Nexus5, mUaProfUrl=http://gsm.lge.com/html/gsm/Nexus5-M3.xml
03-10 14:46:28.482 V/MmsConfig( 2736): tag: bool value: enabledMMS - true
03-10 14:46:28.482 V/MmsConfig( 2736): tag: int value: maxMessageSize - 307200
03-10 14:46:28.482 V/MmsConfig( 2736): tag: int value: maxImageHeight - 480
